[2020-08-12T20:11:51.401+0000][6][gc,heap] Heap region size: 1M
[2020-08-12T20:11:51.401+0000][6][gc,heap,coops] Heap address: 0x0000000080000000, size: 2048 MB, Compressed Oops mode: 32-bit
[2020-08-12T20:12:25.717+0000][6][gc           ] Using G1
[2020-08-12T20:12:30.065+0000][6][gc,cds       ] Mark closed archive regions in map: [0x00000000fff00000, 0x00000000fff7eff8]
[2020-08-12T20:12:30.096+0000][6][gc,cds       ] Mark open archive regions in map: [0x00000000ffe00000, 0x00000000ffe51ff8]
[2020-08-12T20:13:01.519+0000][6][gc           ] Periodic GC disabled
[2020-08-12T20:13:04.731+0000][6][safepoint    ] Safepoint "Cleanup", Time since last: 14048210383 ns, Reaching safepoint: 422978933 ns, At safepoint: 3858829 ns, Total: 426837762 ns
[2020-08-12T20:13:05.855+0000][6][safepoint    ] Safepoint "Cleanup", Time since last: 1109224346 ns, Reaching safepoint: 14648436 ns, At safepoint: 43862 ns, Total: 14692298 ns
[2020-08-12T20:13:08.193+0000][6][safepoint    ] Safepoint "Cleanup", Time since last: 2338030455 ns, Reaching safepoint: 250535 ns, At safepoint: 19213 ns, Total: 269748 ns
[2020-08-12T20:13:12.083+0000][6][safepoint    ] Safepoint "Cleanup", Time since last: 3889664603 ns, Reaching safepoint: 157724 ns, At safepoint: 14200 ns, Total: 171924 ns
[2020-08-12T20:13:17.098+0000][6][safepoint    ] Safepoint "Cleanup", Time since last: 5000981906 ns, Reaching safepoint: 13544245 ns, At safepoint: 42862 ns, Total: 13587107 ns
[2020-08-12T20:13:20.099+0000][6][safepoint    ] Safepoint "Cleanup", Time since last: 3000662686 ns, Reaching safepoint: 270847 ns, At safepoint: 26175 ns, Total: 297022 ns
[2020-08-12T20:13:22.100+0000][6][safepoint    ] Safepoint "Cleanup", Time since last: 2000622218 ns, Reaching safepoint: 383609 ns, At safepoint: 30250 ns, Total: 413859 ns
[2020-08-12T20:13:24.115+0000][6][safepoint    ] Safepoint "Cleanup", Time since last: 2000942403 ns, Reaching safepoint: 13937754 ns, At safepoint: 45575 ns, Total: 13983329 ns
[2020-08-12T20:13:25.176+0000][6][safepoint    ] Safepoint "Cleanup", Time since last: 1000388427 ns, Reaching safepoint: 60090379 ns, At safepoint: 266222 ns, Total: 60356601 ns
[2020-08-12T20:13:27.199+0000][6][safepoint    ] Safepoint "Cleanup", Time since last: 2000452120 ns, Reaching safepoint: 22555192 ns, At safepoint: 40074 ns, Total: 22595266 ns
[2020-08-12T20:13:28.259+0000][6][safepoint    ] Safepoint "Cleanup", Time since last: 1000351140 ns, Reaching safepoint: 59805519 ns, At safepoint: 58537 ns, Total: 59864056 ns
[2020-08-12T20:13:30.438+0000][6][safepoint    ] Safepoint "Cleanup", Time since last: 2178969635 ns, Reaching safepoint: 212810 ns, At safepoint: 25525 ns, Total: 238335 ns
[2020-08-12T20:13:31.443+0000][6][safepoint    ] Safepoint "Cleanup", Time since last: 1000282016 ns, Reaching safepoint: 4501623 ns, At safepoint: 28487 ns, Total: 4530110 ns
[2020-08-12T20:13:32.444+0000][6][safepoint    ] Safepoint "Cleanup", Time since last: 1000352503 ns, Reaching safepoint: 945329 ns, At safepoint: 18625 ns, Total: 963954 ns
[2020-08-12T20:13:33.446+0000][6][safepoint    ] Safepoint "Cleanup", Time since last: 1000198779 ns, Reaching safepoint: 1201089 ns, At safepoint: 20288 ns, Total: 1221377 ns
[2020-08-12T20:13:34.473+0000][6][safepoint    ] Safepoint "Cleanup", Time since last: 1000212691 ns, Reaching safepoint: 27597235 ns, At safepoint: 26475 ns, Total: 27623710 ns
[2020-08-12T20:13:35.474+0000][6][safepoint    ] Safepoint "Cleanup", Time since last: 1000218291 ns, Reaching safepoint: 267010 ns, At safepoint: 39425 ns, Total: 306435 ns
[2020-08-12T20:13:36.474+0000][6][safepoint    ] Safepoint "Cleanup", Time since last: 1000244078 ns, Reaching safepoint: 280898 ns, At safepoint: 32675 ns, Total: 313573 ns
[2020-08-12T20:13:37.574+0000][6][safepoint    ] Safepoint "Cleanup", Time since last: 1002103449 ns, Reaching safepoint: 97902539 ns, At safepoint: 45262 ns, Total: 97947801 ns
[2020-08-12T20:13:38.577+0000][6][safepoint    ] Safepoint "Cleanup", Time since last: 1002007688 ns, Reaching safepoint: 173674 ns, At safepoint: 9550 ns, Total: 183224 ns
[2020-08-12T20:13:41.887+0000][6][safepoint    ] Safepoint "Cleanup", Time since last: 3307558100 ns, Reaching safepoint: 2349279 ns, At safepoint: 26488 ns, Total: 2375767 ns
[2020-08-12T20:13:45.528+0000][6][safepoint    ] Safepoint "Cleanup", Time since last: 3583168823 ns, Reaching safepoint: 58397756 ns, At safepoint: 31400 ns, Total: 58429156 ns
[2020-08-12T20:13:46.556+0000][6][safepoint    ] Safepoint "Cleanup", Time since last: 1000270440 ns, Reaching safepoint: 27811047 ns, At safepoint: 51449 ns, Total: 27862496 ns
[2020-08-12T20:13:47.599+0000][6][safepoint    ] Safepoint "Cleanup", Time since last: 1000356928 ns, Reaching safepoint: 42713017 ns, At safepoint: 47312 ns, Total: 42760329 ns
[2020-08-12T20:13:49.266+0000][6][safepoint    ] Safepoint "Cleanup", Time since last: 1665674497 ns, Reaching safepoint: 518745 ns, At safepoint: 23250 ns, Total: 541995 ns
[2020-08-12T20:13:50.486+0000][6][safepoint    ] Safepoint "Cleanup", Time since last: 1000215003 ns, Reaching safepoint: 217147668 ns, At safepoint: 2448504 ns, Total: 219596172 ns
[2020-08-12T20:13:51.552+0000][6][safepoint    ] Safepoint "Cleanup", Time since last: 1000291603 ns, Reaching safepoint: 66666122 ns, At safepoint: 32899 ns, Total: 66699021 ns
[2020-08-12T20:13:52.584+0000][6][safepoint    ] Safepoint "Cleanup", Time since last: 1000261016 ns, Reaching safepoint: 31054231 ns, At safepoint: 45349 ns, Total: 31099580 ns
[2020-08-12T20:13:53.607+0000][6][safepoint    ] Safepoint "Cleanup", Time since last: 1000473877 ns, Reaching safepoint: 23066900 ns, At safepoint: 26600 ns, Total: 23093500 ns
[2020-08-12T20:13:54.620+0000][6][safepoint    ] Safepoint "Cleanup", Time since last: 1000256015 ns, Reaching safepoint: 12713628 ns, At safepoint: 54799 ns, Total: 12768427 ns
[2020-08-12T20:13:55.678+0000][6][safepoint    ] Safepoint "Cleanup", Time since last: 1057201747 ns, Reaching safepoint: 251623 ns, At safepoint: 26687 ns, Total: 278310 ns
[2020-08-12T20:13:56.794+0000][6][safepoint    ] Safepoint "Cleanup", Time since last: 1000274016 ns, Reaching safepoint: 116137068 ns, At safepoint: 48012 ns, Total: 116185080 ns
[2020-08-12T20:13:58.201+0000][6][safepoint    ] Safepoint "Cleanup", Time since last: 1406677805 ns, Reaching safepoint: 149123 ns, At safepoint: 48163 ns, Total: 197286 ns
[2020-08-12T20:13:59.208+0000][6][safepoint    ] Safepoint "Cleanup", Time since last: 1000206091 ns, Reaching safepoint: 6656542 ns, At safepoint: 17675 ns, Total: 6674217 ns
[2020-08-12T20:14:00.416+0000][6][safepoint    ] Safepoint "Cleanup", Time since last: 1000287278 ns, Reaching safepoint: 207864973 ns, At safepoint: 198510 ns, Total: 208063483 ns
[2020-08-12T20:14:01.451+0000][6][safepoint    ] Safepoint "Cleanup", Time since last: 1000230454 ns, Reaching safepoint: 34497601 ns, At safepoint: 17812 ns, Total: 34515413 ns
[2020-08-12T20:14:02.546+0000][6][safepoint    ] Safepoint "Cleanup", Time since last: 1000230141 ns, Reaching safepoint: 93830999 ns, At safepoint: 252073 ns, Total: 94083072 ns
[2020-08-12T20:14:03.546+0000][6][safepoint    ] Safepoint "Cleanup", Time since last: 1000258241 ns, Reaching safepoint: 414146 ns, At safepoint: 25912 ns, Total: 440058 ns
[2020-08-12T20:14:04.618+0000][6][safepoint    ] Safepoint "Cleanup", Time since last: 1071793796 ns, Reaching safepoint: 235460 ns, At safepoint: 14638 ns, Total: 250098 ns
[2020-08-12T20:14:05.619+0000][6][safepoint    ] Safepoint "Cleanup", Time since last: 1000199391 ns, Reaching safepoint: 228960 ns, At safepoint: 18188 ns, Total: 247148 ns
[2020-08-12T20:14:07.654+0000][6][safepoint    ] Safepoint "Cleanup", Time since last: 2000298971 ns, Reaching safepoint: 34546200 ns, At safepoint: 24687 ns, Total: 34570887 ns
[2020-08-12T20:14:09.244+0000][6][safepoint    ] Safepoint "Cleanup", Time since last: 1545324253 ns, Reaching safepoint: 45078147 ns, At safepoint: 23487 ns, Total: 45101634 ns
[2020-08-12T20:14:10.244+0000][6][safepoint    ] Safepoint "Cleanup", Time since last: 1000174754 ns, Reaching safepoint: 215686 ns, At safepoint: 18262 ns, Total: 233948 ns
[2020-08-12T20:14:11.245+0000][6][safepoint    ] Safepoint "Cleanup", Time since last: 1000171966 ns, Reaching safepoint: 153637 ns, At safepoint: 9050 ns, Total: 162687 ns
[2020-08-12T20:14:12.321+0000][6][safepoint    ] Safepoint "Cleanup", Time since last: 1008391982 ns, Reaching safepoint: 67458253 ns, At safepoint: 18600 ns, Total: 67476853 ns
[2020-08-12T20:14:13.328+0000][6][safepoint    ] Safepoint "Cleanup", Time since last: 1006930020 ns, Reaching safepoint: 608420 ns, At safepoint: 12975 ns, Total: 621395 ns
[2020-08-12T20:14:13.596+0000][6][gc,start     ] GC(0) Pause Young (Normal) (G1 Evacuation Pause)
[2020-08-12T20:14:13.623+0000][6][gc,task      ] GC(0) Using 2 workers of 2 for evacuation
[2020-08-12T20:14:13.650+0000][6][gc,age       ] GC(0) Desired survivor size 6815744 bytes, new threshold 15 (max threshold 15)
[2020-08-12T20:14:13.847+0000][6][gc,age       ] GC(0) Age table with threshold 15 (max threshold 15)
[2020-08-12T20:14:13.848+0000][6][gc,age       ] GC(0) - age   1:    7943304 bytes,    7943304 total
[2020-08-12T20:14:13.848+0000][6][gc,phases    ] GC(0)   Pre Evacuate Collection Set: 23.4ms
[2020-08-12T20:14:13.848+0000][6][gc,phases    ] GC(0)   Merge Heap Roots: 27.2ms
[2020-08-12T20:14:13.848+0000][6][gc,phases    ] GC(0)   Evacuate Collection Set: 80.2ms
[2020-08-12T20:14:13.848+0000][6][gc,phases    ] GC(0)   Post Evacuate Collection Set: 65.0ms
[2020-08-12T20:14:13.849+0000][6][gc,phases    ] GC(0)   Other: 229.6ms
[2020-08-12T20:14:13.849+0000][6][gc,heap      ] GC(0) Eden regions: 102->0(94)
[2020-08-12T20:14:13.849+0000][6][gc,heap      ] GC(0) Survivor regions: 0->8(13)
[2020-08-12T20:14:13.849+0000][6][gc,heap      ] GC(0) Old regions: 0->0
[2020-08-12T20:14:13.849+0000][6][gc,heap      ] GC(0) Archive regions: 2->2
[2020-08-12T20:14:13.849+0000][6][gc,heap      ] GC(0) Humongous regions: 1->1
[2020-08-12T20:14:13.849+0000][6][gc,metaspace ] GC(0) Metaspace: 14136K(14976K)->14136K(14976K) NonClass: 12444K(13056K)->12444K(13056K) Class: 1692K(1920K)->1692K(1920K)
[2020-08-12T20:14:13.917+0000][6][gc           ] GC(0) Pause Young (Normal) (G1 Evacuation Pause) 103M->9M(2048M) 253.357ms
[2020-08-12T20:14:13.917+0000][6][gc,cpu       ] GC(0) User=0.09s Sys=0.01s Real=0.32s
[2020-08-12T20:14:13.921+0000][6][safepoint    ] Safepoint "G1CollectForAllocation", Time since last: 83813586 ns, Reaching safepoint: 111474 ns, At safepoint: 508652827 ns, Total: 508764301 ns
[2020-08-12T20:14:13.991+0000][6][safepoint    ] Safepoint "BulkRevokeBias", Time since last: 69785845 ns, Reaching safepoint: 329772 ns, At safepoint: 220236 ns, Total: 550008 ns
[2020-08-12T20:14:15.189+0000][6][safepoint    ] Safepoint "Cleanup", Time since last: 1197696442 ns, Reaching safepoint: 194335 ns, At safepoint: 11938 ns, Total: 206273 ns
[2020-08-12T20:14:16.191+0000][6][safepoint    ] Safepoint "Cleanup", Time since last: 1001028734 ns, Reaching safepoint: 1437262 ns, At safepoint: 15225 ns, Total: 1452487 ns
[2020-08-12T20:14:17.192+0000][6][safepoint    ] Safepoint "Cleanup", Time since last: 1000193729 ns, Reaching safepoint: 200061 ns, At safepoint: 11075 ns, Total: 211136 ns
[2020-08-12T20:14:18.196+0000][6][safepoint    ] Safepoint "Cleanup", Time since last: 1000193479 ns, Reaching safepoint: 3894378 ns, At safepoint: 25487 ns, Total: 3919865 ns
[2020-08-12T20:14:19.198+0000][6][safepoint    ] Safepoint "Cleanup", Time since last: 1001924602 ns, Reaching safepoint: 557782 ns, At safepoint: 13663 ns, Total: 571445 ns
[2020-08-12T20:14:20.199+0000][6][safepoint    ] Safepoint "Cleanup", Time since last: 1000210091 ns, Reaching safepoint: 229773 ns, At safepoint: 9037 ns, Total: 238810 ns
[2020-08-12T20:14:20.241+0000][6][gc,start     ] GC(1) Pause Young (Normal) (G1 Evacuation Pause)
[2020-08-12T20:14:20.241+0000][6][gc,task      ] GC(1) Using 2 workers of 2 for evacuation
[2020-08-12T20:14:20.241+0000][6][gc,age       ] GC(1) Desired survivor size 6815744 bytes, new threshold 1 (max threshold 15)
[2020-08-12T20:14:20.850+0000][6][gc,age       ] GC(1) Age table with threshold 1 (max threshold 15)
[2020-08-12T20:14:20.850+0000][6][gc,age       ] GC(1) - age   1:    2919784 bytes,    2919784 total
[2020-08-12T20:14:20.851+0000][6][gc,mmu       ] GC(1) MMU target violated: 201.0ms (200.0ms/201.0ms)
[2020-08-12T20:14:20.851+0000][6][gc,phases    ] GC(1)   Pre Evacuate Collection Set: 0.8ms
[2020-08-12T20:14:20.851+0000][6][gc,phases    ] GC(1)   Merge Heap Roots: 0.2ms
[2020-08-12T20:14:20.851+0000][6][gc,phases    ] GC(1)   Evacuate Collection Set: 601.7ms
[2020-08-12T20:14:20.851+0000][6][gc,phases    ] GC(1)   Post Evacuate Collection Set: 6.2ms
[2020-08-12T20:14:20.851+0000][6][gc,phases    ] GC(1)   Other: 0.6ms
[2020-08-12T20:14:20.851+0000][6][gc,heap      ] GC(1) Eden regions: 94->0(99)
[2020-08-12T20:14:20.851+0000][6][gc,heap      ] GC(1) Survivor regions: 8->3(13)
[2020-08-12T20:14:20.851+0000][6][gc,heap      ] GC(1) Old regions: 0->7
[2020-08-12T20:14:20.851+0000][6][gc,heap      ] GC(1) Archive regions: 2->2
[2020-08-12T20:14:20.851+0000][6][gc,heap      ] GC(1) Humongous regions: 2->1
[2020-08-12T20:14:20.851+0000][6][gc,metaspace ] GC(1) Metaspace: 17119K(18048K)->17119K(18048K) NonClass: 15006K(15616K)->15006K(15616K) Class: 2112K(2432K)->2112K(2432K)
[2020-08-12T20:14:20.874+0000][6][gc           ] GC(1) Pause Young (Normal) (G1 Evacuation Pause) 104M->10M(2048M) 633.334ms
[2020-08-12T20:14:20.875+0000][6][gc,cpu       ] GC(1) User=0.09s Sys=0.03s Real=0.64s
[2020-08-12T20:14:20.875+0000][6][safepoint    ] Safepoint "G1CollectForAllocation", Time since last: 41948574 ns, Reaching safepoint: 152999 ns, At safepoint: 633668219 ns, Total: 633821218 ns
[2020-08-12T20:14:20.881+0000][6][safepoint    ] Safepoint "BulkRevokeBias", Time since last: 5562877 ns, Reaching safepoint: 227623 ns, At safepoint: 141848 ns, Total: 369471 ns
[2020-08-12T20:14:20.885+0000][6][safepoint    ] Safepoint "BulkRevokeBias", Time since last: 186474 ns, Reaching safepoint: 3805729 ns, At safepoint: 177611 ns, Total: 3983340 ns
[2020-08-12T20:14:21.892+0000][6][safepoint    ] Safepoint "Cleanup", Time since last: 1005113036 ns, Reaching safepoint: 2122719 ns, At safepoint: 18563 ns, Total: 2141282 ns
[2020-08-12T20:14:22.950+0000][6][safepoint    ] Safepoint "Cleanup", Time since last: 1057354758 ns, Reaching safepoint: 848668 ns, At safepoint: 10624 ns, Total: 859292 ns
[2020-08-12T20:14:23.723+0000][6][gc,start     ] GC(2) Pause Young (Normal) (G1 Evacuation Pause)
[2020-08-12T20:14:23.723+0000][6][gc,task      ] GC(2) Using 2 workers of 2 for evacuation
[2020-08-12T20:14:23.723+0000][6][gc,age       ] GC(2) Desired survivor size 6815744 bytes, new threshold 15 (max threshold 15)
[2020-08-12T20:14:23.746+0000][6][gc,age       ] GC(2) Age table with threshold 15 (max threshold 15)
[2020-08-12T20:14:23.746+0000][6][gc,age       ] GC(2) - age   1:    1426144 bytes,    1426144 total
[2020-08-12T20:14:23.746+0000][6][gc,age       ] GC(2) - age   2:    2704952 bytes,    4131096 total
[2020-08-12T20:14:23.747+0000][6][gc,phases    ] GC(2)   Pre Evacuate Collection Set: 0.9ms
[2020-08-12T20:14:23.747+0000][6][gc,phases    ] GC(2)   Merge Heap Roots: 0.3ms
[2020-08-12T20:14:23.747+0000][6][gc,phases    ] GC(2)   Evacuate Collection Set: 19.7ms
[2020-08-12T20:14:23.747+0000][6][gc,phases    ] GC(2)   Post Evacuate Collection Set: 2.4ms
[2020-08-12T20:14:23.747+0000][6][gc,phases    ] GC(2)   Other: 1.0ms
[2020-08-12T20:14:23.747+0000][6][gc,heap      ] GC(2) Eden regions: 99->0(97)
[2020-08-12T20:14:23.747+0000][6][gc,heap      ] GC(2) Survivor regions: 3->5(13)
[2020-08-12T20:14:23.747+0000][6][gc,heap      ] GC(2) Old regions: 7->7
[2020-08-12T20:14:23.747+0000][6][gc,heap      ] GC(2) Archive regions: 2->2
[2020-08-12T20:14:23.747+0000][6][gc,heap      ] GC(2) Humongous regions: 1->1
[2020-08-12T20:14:23.747+0000][6][gc,metaspace ] GC(2) Metaspace: 17280K(18304K)->17280K(18304K) NonClass: 15155K(15872K)->15155K(15872K) Class: 2124K(2432K)->2124K(2432K)
[2020-08-12T20:14:23.747+0000][6][gc           ] GC(2) Pause Young (Normal) (G1 Evacuation Pause) 109M->12M(2048M) 24.437ms
[2020-08-12T20:14:23.747+0000][6][gc,cpu       ] GC(2) User=0.02s Sys=0.01s Real=0.03s
[2020-08-12T20:14:23.748+0000][6][safepoint    ] Safepoint "G1CollectForAllocation", Time since last: 677443790 ns, Reaching safepoint: 95075301 ns, At safepoint: 24870484 ns, Total: 119945785 ns
[2020-08-12T20:14:23.752+0000][6][safepoint    ] Safepoint "BulkRevokeBias", Time since last: 628844 ns, Reaching safepoint: 3713593 ns, At safepoint: 156299 ns, Total: 3869892 ns
[2020-08-12T20:14:24.755+0000][6][safepoint    ] Safepoint "Cleanup", Time since last: 1002805794 ns, Reaching safepoint: 138573 ns, At safepoint: 8888 ns, Total: 147461 ns
[2020-08-12T20:14:25.756+0000][6][safepoint    ] Safepoint "Cleanup", Time since last: 1000166154 ns, Reaching safepoint: 258723 ns, At safepoint: 16137 ns, Total: 274860 ns
[2020-08-12T20:14:26.756+0000][6][safepoint    ] Safepoint "Cleanup", Time since last: 1000191016 ns, Reaching safepoint: 256048 ns, At safepoint: 9262 ns, Total: 265310 ns
[2020-08-12T20:14:26.892+0000][6][gc,start     ] GC(3) Pause Young (Normal) (G1 Evacuation Pause)
[2020-08-12T20:14:26.892+0000][6][gc,task      ] GC(3) Using 2 workers of 2 for evacuation
[2020-08-12T20:14:26.892+0000][6][gc,age       ] GC(3) Desired survivor size 6815744 bytes, new threshold 15 (max threshold 15)
[2020-08-12T20:14:26.914+0000][6][gc,age       ] GC(3) Age table with threshold 15 (max threshold 15)
[2020-08-12T20:14:26.914+0000][6][gc,age       ] GC(3) - age   1:    1326776 bytes,    1326776 total
[2020-08-12T20:14:26.914+0000][6][gc,age       ] GC(3) - age   2:     343400 bytes,    1670176 total
[2020-08-12T20:14:26.914+0000][6][gc,age       ] GC(3) - age   3:    2703504 bytes,    4373680 total
[2020-08-12T20:14:26.914+0000][6][gc,phases    ] GC(3)   Pre Evacuate Collection Set: 0.9ms
[2020-08-12T20:14:26.914+0000][6][gc,phases    ] GC(3)   Merge Heap Roots: 0.2ms
[2020-08-12T20:14:26.914+0000][6][gc,phases    ] GC(3)   Evacuate Collection Set: 19.8ms
[2020-08-12T20:14:26.914+0000][6][gc,phases    ] GC(3)   Post Evacuate Collection Set: 1.5ms
[2020-08-12T20:14:26.915+0000][6][gc,phases    ] GC(3)   Other: 0.5ms
[2020-08-12T20:14:26.915+0000][6][gc,heap      ] GC(3) Eden regions: 97->0(97)
[2020-08-12T20:14:26.915+0000][6][gc,heap      ] GC(3) Survivor regions: 5->5(13)
[2020-08-12T20:14:26.915+0000][6][gc,heap      ] GC(3) Old regions: 7->7
[2020-08-12T20:14:26.915+0000][6][gc,heap      ] GC(3) Archive regions: 2->2
[2020-08-12T20:14:26.915+0000][6][gc,heap      ] GC(3) Humongous regions: 1->1
[2020-08-12T20:14:26.915+0000][6][gc,metaspace ] GC(3) Metaspace: 17735K(18944K)->17735K(18944K) NonClass: 15553K(16384K)->15553K(16384K) Class: 2181K(2560K)->2181K(2560K)
[2020-08-12T20:14:26.949+0000][6][gc           ] GC(3) Pause Young (Normal) (G1 Evacuation Pause) 109M->12M(2048M) 57.717ms
[2020-08-12T20:14:26.949+0000][6][gc,cpu       ] GC(3) User=0.02s Sys=0.01s Real=0.06s
[2020-08-12T20:14:26.949+0000][6][safepoint    ] Safepoint "G1CollectForAllocation", Time since last: 135374102 ns, Reaching safepoint: 140261 ns, At safepoint: 57953723 ns, Total: 58093984 ns
[2020-08-12T20:14:28.497+0000][6][safepoint    ] Safepoint "Cleanup", Time since last: 1521173412 ns, Reaching safepoint: 25923275 ns, At safepoint: 22087 ns, Total: 25945362 ns
[2020-08-12T20:14:29.591+0000][6][safepoint    ] Safepoint "Cleanup", Time since last: 1094118915 ns, Reaching safepoint: 203536 ns, At safepoint: 9087 ns, Total: 212623 ns
[2020-08-12T20:14:29.774+0000][6][gc,start     ] GC(4) Pause Young (Normal) (G1 Evacuation Pause)
[2020-08-12T20:14:29.774+0000][6][gc,task      ] GC(4) Using 2 workers of 2 for evacuation
[2020-08-12T20:14:29.774+0000][6][gc,age       ] GC(4) Desired survivor size 6815744 bytes, new threshold 15 (max threshold 15)
[2020-08-12T20:14:29.819+0000][6][gc,age       ] GC(4) Age table with threshold 15 (max threshold 15)
[2020-08-12T20:14:29.820+0000][6][gc,age       ] GC(4) - age   1:    3715656 bytes,    3715656 total
[2020-08-12T20:14:29.820+0000][6][gc,age       ] GC(4) - age   2:    1308392 bytes,    5024048 total
[2020-08-12T20:14:29.820+0000][6][gc,age       ] GC(4) - age   3:     343400 bytes,    5367448 total
[2020-08-12T20:14:29.820+0000][6][gc,age       ] GC(4) - age   4:    2703368 bytes,    8070816 total
[2020-08-12T20:14:29.820+0000][6][gc,phases    ] GC(4)   Pre Evacuate Collection Set: 0.8ms
[2020-08-12T20:14:29.820+0000][6][gc,phases    ] GC(4)   Merge Heap Roots: 0.2ms
[2020-08-12T20:14:29.820+0000][6][gc,phases    ] GC(4)   Evacuate Collection Set: 42.9ms
[2020-08-12T20:14:29.820+0000][6][gc,phases    ] GC(4)   Post Evacuate Collection Set: 1.7ms
[2020-08-12T20:14:29.820+0000][6][gc,phases    ] GC(4)   Other: 0.5ms
[2020-08-12T20:14:29.820+0000][6][gc,heap      ] GC(4) Eden regions: 97->0(94)
[2020-08-12T20:14:29.820+0000][6][gc,heap      ] GC(4) Survivor regions: 5->8(13)
[2020-08-12T20:14:29.820+0000][6][gc,heap      ] GC(4) Old regions: 7->7
[2020-08-12T20:14:29.820+0000][6][gc,heap      ] GC(4) Archive regions: 2->2
[2020-08-12T20:14:29.820+0000][6][gc,heap      ] GC(4) Humongous regions: 1->1
[2020-08-12T20:14:29.820+0000][6][gc,metaspace ] GC(4) Metaspace: 18022K(19200K)->18022K(19200K) NonClass: 15800K(16640K)->15800K(16640K) Class: 2221K(2560K)->2221K(2560K)
[2020-08-12T20:14:29.820+0000][6][gc           ] GC(4) Pause Young (Normal) (G1 Evacuation Pause) 109M->15M(2048M) 46.375ms
[2020-08-12T20:14:29.820+0000][6][gc,cpu       ] GC(4) User=0.03s Sys=0.00s Real=0.05s
[2020-08-12T20:14:29.820+0000][6][safepoint    ] Safepoint "G1CollectForAllocation", Time since last: 182558917 ns, Reaching safepoint: 110624 ns, At safepoint: 46539922 ns, Total: 46650546 ns
[2020-08-12T20:14:30.871+0000][6][safepoint    ] Safepoint "Cleanup", Time since last: 1043171406 ns, Reaching safepoint: 7818082 ns, At safepoint: 25588 ns, Total: 7843670 ns
[2020-08-12T20:14:31.872+0000][6][safepoint    ] Safepoint "Cleanup", Time since last: 1000186091 ns, Reaching safepoint: 168973 ns, At safepoint: 8763 ns, Total: 177736 ns
[2020-08-12T20:14:32.503+0000][6][gc,start     ] GC(5) Pause Young (Normal) (G1 Evacuation Pause)
[2020-08-12T20:14:32.503+0000][6][gc,task      ] GC(5) Using 2 workers of 2 for evacuation
[2020-08-12T20:14:32.503+0000][6][gc,age       ] GC(5) Desired survivor size 6815744 bytes, new threshold 4 (max threshold 15)
[2020-08-12T20:14:32.653+0000][6][gc,age       ] GC(5) Age table with threshold 4 (max threshold 15)
[2020-08-12T20:14:32.653+0000][6][gc,age       ] GC(5) - age   1:    2864440 bytes,    2864440 total
[2020-08-12T20:14:32.653+0000][6][gc,age       ] GC(5) - age   2:    1546248 bytes,    4410688 total
[2020-08-12T20:14:32.653+0000][6][gc,age       ] GC(5) - age   3:    1307520 bytes,    5718208 total
[2020-08-12T20:14:32.653+0000][6][gc,age       ] GC(5) - age   4:     343368 bytes,    6061576 total
[2020-08-12T20:14:32.653+0000][6][gc,phases    ] GC(5)   Pre Evacuate Collection Set: 1.4ms
[2020-08-12T20:14:32.653+0000][6][gc,phases    ] GC(5)   Merge Heap Roots: 2.6ms
[2020-08-12T20:14:32.653+0000][6][gc,phases    ] GC(5)   Evacuate Collection Set: 142.5ms
[2020-08-12T20:14:32.653+0000][6][gc,phases    ] GC(5)   Post Evacuate Collection Set: 3.1ms
[2020-08-12T20:14:32.653+0000][6][gc,phases    ] GC(5)   Other: 0.6ms
[2020-08-12T20:14:32.653+0000][6][gc,heap      ] GC(5) Eden regions: 94->0(95)
[2020-08-12T20:14:32.653+0000][6][gc,heap      ] GC(5) Survivor regions: 8->7(13)
[2020-08-12T20:14:32.653+0000][6][gc,heap      ] GC(5) Old regions: 7->9
[2020-08-12T20:14:32.653+0000][6][gc,heap      ] GC(5) Archive regions: 2->2
[2020-08-12T20:14:32.653+0000][6][gc,heap      ] GC(5) Humongous regions: 1->1
[2020-08-12T20:14:32.653+0000][6][gc,metaspace ] GC(5) Metaspace: 18429K(19840K)->18429K(19840K) NonClass: 16132K(17152K)->16132K(17152K) Class: 2297K(2688K)->2297K(2688K)
[2020-08-12T20:14:32.654+0000][6][gc           ] GC(5) Pause Young (Normal) (G1 Evacuation Pause) 109M->17M(2048M) 150.407ms
[2020-08-12T20:14:32.654+0000][6][gc,cpu       ] GC(5) User=0.07s Sys=0.01s Real=0.15s
[2020-08-12T20:14:32.654+0000][6][safepoint    ] Safepoint "G1CollectForAllocation", Time since last: 631353164 ns, Reaching safepoint: 146211 ns, At safepoint: 150582394 ns, Total: 150728605 ns
[2020-08-12T20:14:33.696+0000][6][safepoint    ] Safepoint "Cleanup", Time since last: 1038911606 ns, Reaching safepoint: 3391071 ns, At safepoint: 17262 ns, Total: 3408333 ns
[2020-08-12T20:14:34.075+0000][6][gc,start     ] GC(6) Pause Young (Normal) (G1 Evacuation Pause)
[2020-08-12T20:14:34.075+0000][6][gc,task      ] GC(6) Using 2 workers of 2 for evacuation
[2020-08-12T20:14:34.075+0000][6][gc,age       ] GC(6) Desired survivor size 6815744 bytes, new threshold 15 (max threshold 15)
[2020-08-12T20:14:34.116+0000][6][gc,age       ] GC(6) Age table with threshold 15 (max threshold 15)
[2020-08-12T20:14:34.116+0000][6][gc,age       ] GC(6) - age   1:     772816 bytes,     772816 total
[2020-08-12T20:14:34.116+0000][6][gc,age       ] GC(6) - age   2:    1433208 bytes,    2206024 total
[2020-08-12T20:14:34.116+0000][6][gc,age       ] GC(6) - age   3:    1546248 bytes,    3752272 total
[2020-08-12T20:14:34.116+0000][6][gc,age       ] GC(6) - age   4:    1307520 bytes,    5059792 total
[2020-08-12T20:14:34.116+0000][6][gc,age       ] GC(6) - age   5:     343368 bytes,    5403160 total
[2020-08-12T20:14:34.117+0000][6][gc,phases    ] GC(6)   Pre Evacuate Collection Set: 0.8ms
[2020-08-12T20:14:34.117+0000][6][gc,phases    ] GC(6)   Merge Heap Roots: 0.2ms
[2020-08-12T20:14:34.117+0000][6][gc,phases    ] GC(6)   Evacuate Collection Set: 36.9ms
[2020-08-12T20:14:34.117+0000][6][gc,phases    ] GC(6)   Post Evacuate Collection Set: 3.0ms
[2020-08-12T20:14:34.117+0000][6][gc,phases    ] GC(6)   Other: 0.5ms
[2020-08-12T20:14:34.117+0000][6][gc,heap      ] GC(6) Eden regions: 95->0(109)
[2020-08-12T20:14:34.117+0000][6][gc,heap      ] GC(6) Survivor regions: 7->6(13)
[2020-08-12T20:14:34.117+0000][6][gc,heap      ] GC(6) Old regions: 9->9
[2020-08-12T20:14:34.117+0000][6][gc,heap      ] GC(6) Archive regions: 2->2
[2020-08-12T20:14:34.117+0000][6][gc,heap      ] GC(6) Humongous regions: 1->1
[2020-08-12T20:14:34.117+0000][6][gc,metaspace ] GC(6) Metaspace: 18624K(20096K)->18624K(20096K) NonClass: 16302K(17408K)->16302K(17408K) Class: 2322K(2688K)->2322K(2688K)
[2020-08-12T20:14:34.117+0000][6][gc           ] GC(6) Pause Young (Normal) (G1 Evacuation Pause) 112M->16M(2048M) 41.700ms
[2020-08-12T20:14:34.117+0000][6][gc,cpu       ] GC(6) User=0.03s Sys=0.00s Real=0.04s
[2020-08-12T20:14:34.117+0000][6][safepoint    ] Safepoint "G1CollectForAllocation", Time since last: 379067414 ns, Reaching safepoint: 145511 ns, At safepoint: 41859725 ns, Total: 42005236 ns
[2020-08-12T20:14:34.143+0000][6][safepoint    ] Safepoint "BulkRevokeBias", Time since last: 26233985 ns, Reaching safepoint: 100474 ns, At safepoint: 104661 ns, Total: 205135 ns
[2020-08-12T20:14:34.144+0000][6][safepoint    ] Safepoint "BulkRevokeBias", Time since last: 146962 ns, Reaching safepoint: 66336 ns, At safepoint: 81262 ns, Total: 147598 ns
[2020-08-12T20:14:35.150+0000][6][safepoint    ] Safepoint "Cleanup", Time since last: 1003177866 ns, Reaching safepoint: 3133960 ns, At safepoint: 15750 ns, Total: 3149710 ns
[2020-08-12T20:14:36.150+0000][6][safepoint    ] Safepoint "Cleanup", Time since last: 1000184804 ns, Reaching safepoint: 164998 ns, At safepoint: 8888 ns, Total: 173886 ns
[2020-08-12T20:14:36.511+0000][6][gc,start     ] GC(7) Pause Young (Normal) (G1 Evacuation Pause)
[2020-08-12T20:14:36.511+0000][6][gc,task      ] GC(7) Using 2 workers of 2 for evacuation
[2020-08-12T20:14:36.511+0000][6][gc,age       ] GC(7) Desired survivor size 7864320 bytes, new threshold 15 (max threshold 15)
[2020-08-12T20:14:36.557+0000][6][gc,age       ] GC(7) Age table with threshold 15 (max threshold 15)
[2020-08-12T20:14:36.557+0000][6][gc,age       ] GC(7) - age   1:    1398424 bytes,    1398424 total
[2020-08-12T20:14:36.557+0000][6][gc,age       ] GC(7) - age   2:     262832 bytes,    1661256 total
[2020-08-12T20:14:36.557+0000][6][gc,age       ] GC(7) - age   3:    1433104 bytes,    3094360 total
[2020-08-12T20:14:36.557+0000][6][gc,age       ] GC(7) - age   4:    1546224 bytes,    4640584 total
[2020-08-12T20:14:36.557+0000][6][gc,age       ] GC(7) - age   5:    1307520 bytes,    5948104 total
[2020-08-12T20:14:36.557+0000][6][gc,age       ] GC(7) - age   6:     343104 bytes,    6291208 total
[2020-08-12T20:14:36.557+0000][6][gc,phases    ] GC(7)   Pre Evacuate Collection Set: 0.8ms
[2020-08-12T20:14:36.557+0000][6][gc,phases    ] GC(7)   Merge Heap Roots: 0.2ms
[2020-08-12T20:14:36.557+0000][6][gc,phases    ] GC(7)   Evacuate Collection Set: 41.5ms
[2020-08-12T20:14:36.557+0000][6][gc,phases    ] GC(7)   Post Evacuate Collection Set: 2.8ms
[2020-08-12T20:14:36.557+0000][6][gc,phases    ] GC(7)   Other: 0.6ms
[2020-08-12T20:14:36.557+0000][6][gc,heap      ] GC(7) Eden regions: 109->0(1221)
[2020-08-12T20:14:36.557+0000][6][gc,heap      ] GC(7) Survivor regions: 6->7(15)
[2020-08-12T20:14:36.557+0000][6][gc,heap      ] GC(7) Old regions: 9->9
[2020-08-12T20:14:36.557+0000][6][gc,heap      ] GC(7) Archive regions: 2->2
[2020-08-12T20:14:36.557+0000][6][gc,heap      ] GC(7) Humongous regions: 1->1
[2020-08-12T20:14:36.557+0000][6][gc,metaspace ] GC(7) Metaspace: 19563K(20992K)->19563K(20992K) NonClass: 17156K(18176K)->17156K(18176K) Class: 2406K(2816K)->2406K(2816K)
[2020-08-12T20:14:36.557+0000][6][gc           ] GC(7) Pause Young (Normal) (G1 Evacuation Pause) 125M->17M(2048M) 46.150ms
[2020-08-12T20:14:36.557+0000][6][gc,cpu       ] GC(7) User=0.02s Sys=0.00s Real=0.05s
[2020-08-12T20:14:36.557+0000][6][safepoint    ] Safepoint "G1CollectForAllocation", Time since last: 360528712 ns, Reaching safepoint: 214785 ns, At safepoint: 46315749 ns, Total: 46530534 ns
[2020-08-12T20:14:37.558+0000][6][safepoint    ] Safepoint "Cleanup", Time since last: 1000136266 ns, Reaching safepoint: 194111 ns, At safepoint: 10700 ns, Total: 204811 ns
[2020-08-12T20:14:38.558+0000][6][safepoint    ] Safepoint "Cleanup", Time since last: 1000200629 ns, Reaching safepoint: 281635 ns, At safepoint: 40437 ns, Total: 322072 ns
[2020-08-12T20:14:39.559+0000][6][safepoint    ] Safepoint "Cleanup", Time since last: 1000300003 ns, Reaching safepoint: 150786 ns, At safepoint: 9625 ns, Total: 160411 ns
[2020-08-12T20:14:40.559+0000][6][safepoint    ] Safepoint "Cleanup", Time since last: 1000204879 ns, Reaching safepoint: 376484 ns, At safepoint: 74274 ns, Total: 450758 ns
[2020-08-12T20:14:41.149+0000][6][gc,start     ] GC(8) Pause Young (Concurrent Start) (Metadata GC Threshold)
[2020-08-12T20:14:41.149+0000][6][gc,task      ] GC(8) Using 2 workers of 2 for evacuation
[2020-08-12T20:14:41.149+0000][6][gc,age       ] GC(8) Desired survivor size 80740352 bytes, new threshold 15 (max threshold 15)
[2020-08-12T20:14:41.281+0000][6][gc,age       ] GC(8) Age table with threshold 15 (max threshold 15)
[2020-08-12T20:14:41.281+0000][6][gc,age       ] GC(8) - age   1:    1585312 bytes,    1585312 total
[2020-08-12T20:14:41.281+0000][6][gc,age       ] GC(8) - age   2:     879560 bytes,    2464872 total
[2020-08-12T20:14:41.281+0000][6][gc,age       ] GC(8) - age   3:     262832 bytes,    2727704 total
[2020-08-12T20:14:41.281+0000][6][gc,age       ] GC(8) - age   4:    1432400 bytes,    4160104 total
[2020-08-12T20:14:41.281+0000][6][gc,age       ] GC(8) - age   5:    1545936 bytes,    5706040 total
[2020-08-12T20:14:41.281+0000][6][gc,age       ] GC(8) - age   6:    1306480 bytes,    7012520 total
[2020-08-12T20:14:41.281+0000][6][gc,age       ] GC(8) - age   7:     343104 bytes,    7355624 total
[2020-08-12T20:14:41.281+0000][6][gc,phases    ] GC(8)   Pre Evacuate Collection Set: 0.6ms
[2020-08-12T20:14:41.281+0000][6][gc,phases    ] GC(8)   Merge Heap Roots: 0.5ms
[2020-08-12T20:14:41.281+0000][6][gc,phases    ] GC(8)   Evacuate Collection Set: 23.9ms
[2020-08-12T20:14:41.281+0000][6][gc,phases    ] GC(8)   Post Evacuate Collection Set: 5.4ms
[2020-08-12T20:14:41.281+0000][6][gc,phases    ] GC(8)   Other: 226.5ms
[2020-08-12T20:14:41.281+0000][6][gc,heap      ] GC(8) Eden regions: 269->0(132)
[2020-08-12T20:14:41.281+0000][6][gc,heap      ] GC(8) Survivor regions: 7->8(154)
[2020-08-12T20:14:41.281+0000][6][gc,heap      ] GC(8) Old regions: 9->9
[2020-08-12T20:14:41.281+0000][6][gc,heap      ] GC(8) Archive regions: 2->2
[2020-08-12T20:14:41.282+0000][6][gc,heap      ] GC(8) Humongous regions: 1->1
[2020-08-12T20:14:41.282+0000][6][gc,metaspace ] GC(8) Metaspace: 19807K(21248K)->19807K(21248K) NonClass: 17364K(18432K)->17364K(18432K) Class: 2442K(2816K)->2442K(2816K)
[2020-08-12T20:14:41.282+0000][6][gc           ] GC(8) Pause Young (Concurrent Start) (Metadata GC Threshold) 286M->18M(2048M) 133.070ms
[2020-08-12T20:14:41.282+0000][6][gc,cpu       ] GC(8) User=0.04s Sys=0.01s Real=0.13s
[2020-08-12T20:14:41.282+0000][6][gc           ] GC(9) Concurrent Cycle
[2020-08-12T20:14:41.282+0000][6][gc,marking   ] GC(9) Concurrent Clear Claimed Marks
[2020-08-12T20:14:41.282+0000][6][gc,marking   ] GC(9) Concurrent Clear Claimed Marks 0.152ms
[2020-08-12T20:14:41.282+0000][6][gc,marking   ] GC(9) Concurrent Scan Root Regions
[2020-08-12T20:14:41.289+0000][6][safepoint    ] Safepoint "CollectForMetadataAllocation", Time since last: 464464549 ns, Reaching safepoint: 208073 ns, At safepoint: 265159876 ns, Total: 265367949 ns
[2020-08-12T20:14:41.310+0000][6][gc,marking   ] GC(9) Concurrent Scan Root Regions 27.309ms
[2020-08-12T20:14:41.310+0000][6][gc,marking   ] GC(9) Concurrent Mark (169.958s)
[2020-08-12T20:14:41.310+0000][6][gc,marking   ] GC(9) Concurrent Mark From Roots
[2020-08-12T20:14:41.310+0000][6][gc,task      ] GC(9) Using 1 workers of 1 for marking
[2020-08-12T20:14:41.653+0000][6][gc,marking   ] GC(9) Concurrent Mark From Roots 343.716ms
[2020-08-12T20:14:41.654+0000][6][gc,marking   ] GC(9) Concurrent Preclean
[2020-08-12T20:14:41.654+0000][6][gc,marking   ] GC(9) Concurrent Preclean 0.283ms
[2020-08-12T20:14:41.656+0000][6][gc,marking   ] GC(9) Concurrent Mark (169.958s, 170.304s) 346.029ms
[2020-08-12T20:14:41.656+0000][6][gc,start     ] GC(9) Pause Remark
[2020-08-12T20:14:41.730+0000][6][gc           ] GC(9) Pause Remark 34M->34M(2048M) 73.046ms
[2020-08-12T20:14:41.730+0000][6][gc,cpu       ] GC(9) User=0.02s Sys=0.00s Real=0.07s
[2020-08-12T20:14:41.730+0000][6][safepoint    ] Safepoint "G1Concurrent", Time since last: 366920744 ns, Reaching safepoint: 217061 ns, At safepoint: 73245840 ns, Total: 73462901 ns
[2020-08-12T20:14:41.732+0000][6][gc,marking   ] GC(9) Concurrent Rebuild Remembered Sets
[2020-08-12T20:14:41.812+0000][6][gc,marking   ] GC(9) Concurrent Rebuild Remembered Sets 80.071ms
[2020-08-12T20:14:41.831+0000][6][gc,start     ] GC(9) Pause Cleanup
[2020-08-12T20:14:41.831+0000][6][gc           ] GC(9) Pause Cleanup 42M->42M(2048M) 0.793ms
[2020-08-12T20:14:41.832+0000][6][gc,cpu       ] GC(9) User=0.01s Sys=0.00s Real=0.00s
[2020-08-12T20:14:41.832+0000][6][safepoint    ] Safepoint "G1Concurrent", Time since last: 82975255 ns, Reaching safepoint: 17915932 ns, At safepoint: 991417 ns, Total: 18907349 ns
[2020-08-12T20:14:41.833+0000][6][gc,marking   ] GC(9) Concurrent Cleanup for Next Mark
[2020-08-12T20:14:41.857+0000][6][gc,marking   ] GC(9) Concurrent Cleanup for Next Mark 23.320ms
[2020-08-12T20:14:41.857+0000][6][gc           ] GC(9) Concurrent Cycle 574.998ms
[2020-08-12T20:14:42.832+0000][6][safepoint    ] Safepoint "Cleanup", Time since last: 1000153154 ns, Reaching safepoint: 237148 ns, At safepoint: 14537 ns, Total: 251685 ns
[2020-08-12T20:14:44.177+0000][6][gc,start     ] GC(10) Pause Young (Normal) (G1 Evacuation Pause)
[2020-08-12T20:14:44.177+0000][6][gc,task      ] GC(10) Using 2 workers of 2 for evacuation
[2020-08-12T20:14:44.177+0000][6][gc,age       ] GC(10) Desired survivor size 14155776 bytes, new threshold 15 (max threshold 15)
[2020-08-12T20:14:44.245+0000][6][gc,age       ] GC(10) Age table with threshold 15 (max threshold 15)
[2020-08-12T20:14:44.245+0000][6][gc,age       ] GC(10) - age   1:    2074760 bytes,    2074760 total
[2020-08-12T20:14:44.245+0000][6][gc,age       ] GC(10) - age   2:    1535800 bytes,    3610560 total
[2020-08-12T20:14:44.245+0000][6][gc,age       ] GC(10) - age   3:     879312 bytes,    4489872 total
[2020-08-12T20:14:44.245+0000][6][gc,age       ] GC(10) - age   4:     262808 bytes,    4752680 total
[2020-08-12T20:14:44.245+0000][6][gc,age       ] GC(10) - age   5:    1432376 bytes,    6185056 total
[2020-08-12T20:14:44.245+0000][6][gc,age       ] GC(10) - age   6:    1545936 bytes,    7730992 total
[2020-08-12T20:14:44.245+0000][6][gc,age       ] GC(10) - age   7:    1306480 bytes,    9037472 total
[2020-08-12T20:14:44.245+0000][6][gc,age       ] GC(10) - age   8:     343104 bytes,    9380576 total
[2020-08-12T20:14:44.245+0000][6][gc,phases    ] GC(10)   Pre Evacuate Collection Set: 0.8ms
[2020-08-12T20:14:44.245+0000][6][gc,phases    ] GC(10)   Merge Heap Roots: 0.2ms
[2020-08-12T20:14:44.245+0000][6][gc,phases    ] GC(10)   Evacuate Collection Set: 60.8ms
[2020-08-12T20:14:44.245+0000][6][gc,phases    ] GC(10)   Post Evacuate Collection Set: 5.9ms
[2020-08-12T20:14:44.246+0000][6][gc,phases    ] GC(10)   Other: 0.6ms
[2020-08-12T20:14:44.246+0000][6][gc,heap      ] GC(10) Eden regions: 204->0(431)
[2020-08-12T20:14:44.246+0000][6][gc,heap      ] GC(10) Survivor regions: 8->10(27)
[2020-08-12T20:14:44.246+0000][6][gc,heap      ] GC(10) Old regions: 9->9
[2020-08-12T20:14:44.246+0000][6][gc,heap      ] GC(10) Archive regions: 2->2
[2020-08-12T20:14:44.246+0000][6][gc,heap      ] GC(10) Humongous regions: 1->1
[2020-08-12T20:14:44.246+0000][6][gc,metaspace ] GC(10) Metaspace: 20145K(21888K)->20145K(21888K) NonClass: 17631K(18944K)->17631K(18944K) Class: 2513K(2944K)->2513K(2944K)
[2020-08-12T20:14:44.246+0000][6][gc           ] GC(10) Pause Young (Normal) (G1 Evacuation Pause) 222M->20M(2048M) 68.656ms
[2020-08-12T20:14:44.246+0000][6][gc,cpu       ] GC(10) User=0.03s Sys=0.00s Real=0.07s
[2020-08-12T20:14:44.246+0000][6][safepoint    ] Safepoint "G1CollectForAllocation", Time since last: 1342510524 ns, Reaching safepoint: 2514978 ns, At safepoint: 68913065 ns, Total: 71428043 ns
[2020-08-12T20:14:46.203+0000][6][safepoint    ] Safepoint "Cleanup", Time since last: 1955558971 ns, Reaching safepoint: 1627524 ns, At safepoint: 21412 ns, Total: 1648936 ns
[2020-08-12T20:14:47.546+0000][6][safepoint    ] Safepoint "Cleanup", Time since last: 1342864245 ns, Reaching safepoint: 196199 ns, At safepoint: 9625 ns, Total: 205824 ns
[2020-08-12T20:14:49.540+0000][6][safepoint    ] Safepoint "Cleanup", Time since last: 1993862451 ns, Reaching safepoint: 223386 ns, At safepoint: 11787 ns, Total: 235173 ns
[2020-08-12T20:14:50.544+0000][6][safepoint    ] Safepoint "Cleanup", Time since last: 1000184204 ns, Reaching safepoint: 3602344 ns, At safepoint: 17675 ns, Total: 3620019 ns
[2020-08-12T20:14:51.545+0000][6][safepoint    ] Safepoint "Cleanup", Time since last: 1000188541 ns, Reaching safepoint: 882355 ns, At safepoint: 17375 ns, Total: 899730 ns
[2020-08-12T20:14:52.550+0000][6][safepoint    ] Safepoint "Cleanup", Time since last: 1004756676 ns, Reaching safepoint: 189286 ns, At safepoint: 9175 ns, Total: 198461 ns
[2020-08-12T20:14:54.314+0000][6][safepoint    ] Safepoint "Cleanup", Time since last: 1754198605 ns, Reaching safepoint: 10098124 ns, At safepoint: 22488 ns, Total: 10120612 ns
[2020-08-12T20:14:55.683+0000][6][safepoint    ] Safepoint "Cleanup", Time since last: 1368288875 ns, Reaching safepoint: 251660 ns, At safepoint: 15300 ns, Total: 266960 ns
[2020-08-12T20:14:56.683+0000][6][safepoint    ] Safepoint "Cleanup", Time since last: 1000195691 ns, Reaching safepoint: 190536 ns, At safepoint: 16812 ns, Total: 207348 ns
[2020-08-12T20:14:57.690+0000][6][safepoint    ] Safepoint "Cleanup", Time since last: 1000502539 ns, Reaching safepoint: 6167922 ns, At safepoint: 18387 ns, Total: 6186309 ns
[2020-08-12T20:14:58.693+0000][6][safepoint    ] Safepoint "Cleanup", Time since last: 1000809898 ns, Reaching safepoint: 2122669 ns, At safepoint: 14300 ns, Total: 2136969 ns
[2020-08-12T20:14:59.702+0000][6][safepoint    ] Safepoint "Cleanup", Time since last: 1000197642 ns, Reaching safepoint: 8724449 ns, At safepoint: 17062 ns, Total: 8741511 ns
[2020-08-12T20:15:01.704+0000][6][safepoint    ] Safepoint "Cleanup", Time since last: 2001933994 ns, Reaching safepoint: 242398 ns, At safepoint: 12938 ns, Total: 255336 ns
[2020-08-12T20:15:02.707+0000][6][safepoint    ] Safepoint "Cleanup", Time since last: 1002742619 ns, Reaching safepoint: 295222 ns, At safepoint: 16275 ns, Total: 311497 ns
[2020-08-12T20:15:03.708+0000][6][safepoint    ] Safepoint "Cleanup", Time since last: 1000210741 ns, Reaching safepoint: 224386 ns, At safepoint: 14100 ns, Total: 238486 ns
[2020-08-12T20:15:05.104+0000][6][safepoint    ] Safepoint "Cleanup", Time since last: 1395227979 ns, Reaching safepoint: 1291701 ns, At safepoint: 14987 ns, Total: 1306688 ns
[2020-08-12T20:15:07.110+0000][6][safepoint    ] Safepoint "Cleanup", Time since last: 2000323521 ns, Reaching safepoint: 5469340 ns, At safepoint: 17562 ns, Total: 5486902 ns
[2020-08-12T20:15:09.251+0000][6][safepoint    ] Safepoint "Cleanup", Time since last: 2139954048 ns, Reaching safepoint: 1190464 ns, At safepoint: 13125 ns, Total: 1203589 ns
[2020-08-12T20:15:10.259+0000][6][safepoint    ] Safepoint "Cleanup", Time since last: 1000183744 ns, Reaching safepoint: 4669897 ns, At safepoint: 2857425 ns, Total: 7527322 ns
[2020-08-12T20:15:11.262+0000][6][safepoint    ] Safepoint "Cleanup", Time since last: 1000196419 ns, Reaching safepoint: 2965499 ns, At safepoint: 21025 ns, Total: 2986524 ns
[2020-08-12T20:15:12.262+0000][6][safepoint    ] Safepoint "Cleanup", Time since last: 1000184081 ns, Reaching safepoint: 161349 ns, At safepoint: 9612 ns, Total: 170961 ns
[2020-08-12T20:15:13.263+0000][6][safepoint    ] Safepoint "Cleanup", Time since last: 1000181819 ns, Reaching safepoint: 670769 ns, At safepoint: 12137 ns, Total: 682906 ns
[2020-08-12T20:15:13.932+0000][6][gc,start     ] GC(11) Pause Young (Normal) (G1 Evacuation Pause)
[2020-08-12T20:15:13.932+0000][6][gc,task      ] GC(11) Using 2 workers of 2 for evacuation
[2020-08-12T20:15:13.932+0000][6][gc,age       ] GC(11) Desired survivor size 23068672 bytes, new threshold 15 (max threshold 15)
[2020-08-12T20:15:14.215+0000][6][gc,age       ] GC(11) Age table with threshold 15 (max threshold 15)
[2020-08-12T20:15:14.215+0000][6][gc,age       ] GC(11) - age   1:   28283848 bytes,   28283848 total
[2020-08-12T20:15:14.215+0000][6][gc,age       ] GC(11) - age   2:     564624 bytes,   28848472 total
[2020-08-12T20:15:14.215+0000][6][gc,age       ] GC(11) - age   3:    1535120 bytes,   30383592 total
[2020-08-12T20:15:14.215+0000][6][gc,age       ] GC(11) - age   4:     875264 bytes,   31258856 total
[2020-08-12T20:15:14.215+0000][6][gc,age       ] GC(11) - age   5:     258808 bytes,   31517664 total
[2020-08-12T20:15:14.215+0000][6][gc,age       ] GC(11) - age   6:    1422904 bytes,   32940568 total
[2020-08-12T20:15:14.215+0000][6][gc,age       ] GC(11) - age   7:    1540400 bytes,   34480968 total
[2020-08-12T20:15:14.215+0000][6][gc,age       ] GC(11) - age   8:    1301976 bytes,   35782944 total
[2020-08-12T20:15:14.215+0000][6][gc,age       ] GC(11) - age   9:     342488 bytes,   36125432 total
[2020-08-12T20:15:14.216+0000][6][gc,mmu       ] GC(11) MMU target violated: 201.0ms (200.0ms/201.0ms)
[2020-08-12T20:15:14.216+0000][6][gc,phases    ] GC(11)   Pre Evacuate Collection Set: 0.9ms
[2020-08-12T20:15:14.216+0000][6][gc,phases    ] GC(11)   Merge Heap Roots: 0.3ms
[2020-08-12T20:15:14.216+0000][6][gc,phases    ] GC(11)   Evacuate Collection Set: 275.4ms
[2020-08-12T20:15:14.216+0000][6][gc,phases    ] GC(11)   Post Evacuate Collection Set: 6.5ms
[2020-08-12T20:15:14.216+0000][6][gc,phases    ] GC(11)   Other: 0.8ms
[2020-08-12T20:15:14.216+0000][6][gc,heap      ] GC(11) Eden regions: 337->0(83)
[2020-08-12T20:15:14.216+0000][6][gc,heap      ] GC(11) Survivor regions: 10->35(44)
[2020-08-12T20:15:14.216+0000][6][gc,heap      ] GC(11) Old regions: 9->9
[2020-08-12T20:15:14.216+0000][6][gc,heap      ] GC(11) Archive regions: 2->2
[2020-08-12T20:15:14.216+0000][6][gc,heap      ] GC(11) Humongous regions: 1->1
[2020-08-12T20:15:14.216+0000][6][gc,metaspace ] GC(11) Metaspace: 31407K(34688K)->31407K(34688K) NonClass: 27377K(29696K)->27377K(29696K) Class: 4029K(4992K)->4029K(4992K)
[2020-08-12T20:15:14.216+0000][6][gc           ] GC(11) Pause Young (Normal) (G1 Evacuation Pause) 357M->45M(2048M) 284.216ms
[2020-08-12T20:15:14.216+0000][6][gc,cpu       ] GC(11) User=0.20s Sys=0.00s Real=0.29s
[2020-08-12T20:15:14.216+0000][6][safepoint    ] Safepoint "G1CollectForAllocation", Time since last: 668277379 ns, Reaching safepoint: 174836 ns, At safepoint: 284442913 ns, Total: 284617749 ns
[2020-08-12T20:15:15.216+0000][6][safepoint    ] Safepoint "Cleanup", Time since last: 1000121744 ns, Reaching safepoint: 146262 ns, At safepoint: 8237 ns, Total: 154499 ns
[2020-08-12T20:15:15.553+0000][6][gc,start     ] GC(12) Pause Young (Concurrent Start) (Metadata GC Threshold)
[2020-08-12T20:15:15.554+0000][6][gc,task      ] GC(12) Using 2 workers of 2 for evacuation
[2020-08-12T20:15:15.554+0000][6][gc,age       ] GC(12) Desired survivor size 7864320 bytes, new threshold 1 (max threshold 15)
[2020-08-12T20:15:18.581+0000][6][gc,age       ] GC(12) Age table with threshold 1 (max threshold 15)
[2020-08-12T20:15:18.581+0000][6][gc,age       ] GC(12) - age   1:     777800 bytes,     777800 total
[2020-08-12T20:15:18.581+0000][6][gc,mmu       ] GC(12) MMU target violated: 201.0ms (200.0ms/201.0ms)
[2020-08-12T20:15:18.581+0000][6][gc,phases    ] GC(12)   Pre Evacuate Collection Set: 1.1ms
[2020-08-12T20:15:18.581+0000][6][gc,phases    ] GC(12)   Merge Heap Roots: 0.5ms
[2020-08-12T20:15:18.581+0000][6][gc,phases    ] GC(12)   Evacuate Collection Set: 3020.6ms
[2020-08-12T20:15:18.581+0000][6][gc,phases    ] GC(12)   Post Evacuate Collection Set: 5.0ms
[2020-08-12T20:15:18.582+0000][6][gc,phases    ] GC(12)   Other: 0.8ms
[2020-08-12T20:15:18.582+0000][6][gc,heap      ] GC(12) Eden regions: 18->0(100)
[2020-08-12T20:15:18.582+0000][6][gc,heap      ] GC(12) Survivor regions: 35->2(15)
[2020-08-12T20:15:18.582+0000][6][gc,heap      ] GC(12) Old regions: 9->44
[2020-08-12T20:15:18.582+0000][6][gc,heap      ] GC(12) Archive regions: 2->2
[2020-08-12T20:15:18.582+0000][6][gc,heap      ] GC(12) Humongous regions: 1->1
[2020-08-12T20:15:18.582+0000][6][gc,metaspace ] GC(12) Metaspace: 32709K(35840K)->32709K(35840K) NonClass: 28402K(30592K)->28402K(30592K) Class: 4307K(5248K)->4307K(5248K)
[2020-08-12T20:15:18.582+0000][6][gc           ] GC(12) Pause Young (Concurrent Start) (Metadata GC Threshold) 63M->47M(2048M) 3028.694ms
[2020-08-12T20:15:18.582+0000][6][gc,cpu       ] GC(12) User=0.37s Sys=0.24s Real=3.03s
[2020-08-12T20:15:18.584+0000][6][gc           ] GC(13) Concurrent Cycle
[2020-08-12T20:15:18.584+0000][6][gc,marking   ] GC(13) Concurrent Clear Claimed Marks
[2020-08-12T20:15:18.584+0000][6][gc,marking   ] GC(13) Concurrent Clear Claimed Marks 0.368ms
[2020-08-12T20:15:18.585+0000][6][gc,marking   ] GC(13) Concurrent Scan Root Regions
[2020-08-12T20:15:18.597+0000][6][safepoint    ] Safepoint "CollectForMetadataAllocation", Time since last: 336730311 ns, Reaching safepoint: 213823 ns, At safepoint: 3043260461 ns, Total: 3043474284 ns
[2020-08-12T20:15:18.745+0000][6][gc,marking   ] GC(13) Concurrent Scan Root Regions 160.225ms
[2020-08-12T20:15:18.745+0000][6][gc,marking   ] GC(13) Concurrent Mark (207.393s)
[2020-08-12T20:15:18.745+0000][6][gc,marking   ] GC(13) Concurrent Mark From Roots
[2020-08-12T20:15:18.745+0000][6][gc,task      ] GC(13) Using 1 workers of 1 for marking
[2020-08-12T20:15:19.006+0000][6][safepoint    ] Safepoint "CollectForMetadataAllocation", Time since last: 369660051 ns, Reaching safepoint: 39231910 ns, At safepoint: 355272 ns, Total: 39587182 ns
[2020-08-12T20:15:19.025+0000][6][gc,marking   ] GC(13) Concurrent Mark From Roots 279.700ms
[2020-08-12T20:15:19.025+0000][6][gc,marking   ] GC(13) Concurrent Preclean
[2020-08-12T20:15:19.025+0000][6][gc,marking   ] GC(13) Concurrent Preclean 0.370ms
[2020-08-12T20:15:19.025+0000][6][gc,marking   ] GC(13) Concurrent Mark (207.393s, 207.673s) 280.258ms
[2020-08-12T20:15:19.025+0000][6][gc,start     ] GC(13) Pause Remark
[2020-08-12T20:15:19.048+0000][6][gc           ] GC(13) Pause Remark 48M->48M(2048M) 22.277ms
[2020-08-12T20:15:19.048+0000][6][gc,cpu       ] GC(13) User=0.02s Sys=0.00s Real=0.02s
[2020-08-12T20:15:19.048+0000][6][safepoint    ] Safepoint "G1Concurrent", Time since last: 19345008 ns, Reaching safepoint: 166298 ns, At safepoint: 22493681 ns, Total: 22659979 ns
[2020-08-12T20:15:19.048+0000][6][gc,marking   ] GC(13) Concurrent Rebuild Remembered Sets
[2020-08-12T20:15:19.234+0000][6][gc,marking   ] GC(13) Concurrent Rebuild Remembered Sets 185.638ms
[2020-08-12T20:15:19.235+0000][6][gc,start     ] GC(13) Pause Cleanup
[2020-08-12T20:15:19.236+0000][6][gc           ] GC(13) Pause Cleanup 48M->48M(2048M) 1.120ms
[2020-08-12T20:15:19.236+0000][6][gc,cpu       ] GC(13) User=0.00s Sys=0.00s Real=0.00s
[2020-08-12T20:15:19.236+0000][6][safepoint    ] Safepoint "G1Concurrent", Time since last: 185885253 ns, Reaching safepoint: 910805 ns, At safepoint: 1315139 ns, Total: 2225944 ns
[2020-08-12T20:15:19.236+0000][6][gc,marking   ] GC(13) Concurrent Cleanup for Next Mark
[2020-08-12T20:15:19.248+0000][6][gc,marking   ] GC(13) Concurrent Cleanup for Next Mark 11.528ms
[2020-08-12T20:15:19.248+0000][6][gc           ] GC(13) Concurrent Cycle 663.777ms
[2020-08-12T20:15:20.238+0000][6][safepoint    ] Safepoint "Cleanup", Time since last: 1000139781 ns, Reaching safepoint: 2266631 ns, At safepoint: 18437 ns, Total: 2285068 ns
[2020-08-12T20:15:21.414+0000][6][safepoint    ] Safepoint "Cleanup", Time since last: 1000200656 ns, Reaching safepoint: 174837574 ns, At safepoint: 212148 ns, Total: 175049722 ns
[2020-08-12T20:15:22.414+0000][6][safepoint    ] Safepoint "Cleanup", Time since last: 1000211881 ns, Reaching safepoint: 243298 ns, At safepoint: 10738 ns, Total: 254036 ns
[2020-08-12T20:15:22.420+0000][6][gc,start     ] GC(14) Pause Young (Concurrent Start) (G1 Evacuation Pause)
[2020-08-12T20:15:22.421+0000][6][gc,task      ] GC(14) Using 2 workers of 2 for evacuation
[2020-08-12T20:15:22.421+0000][6][gc,age       ] GC(14) Desired survivor size 6815744 bytes, new threshold 15 (max threshold 15)
[2020-08-12T20:15:22.461+0000][6][gc,age       ] GC(14) Age table with threshold 15 (max threshold 15)
[2020-08-12T20:15:22.461+0000][6][gc,age       ] GC(14) - age   1:     592464 bytes,     592464 total
[2020-08-12T20:15:22.461+0000][6][gc,age       ] GC(14) - age   2:     726200 bytes,    1318664 total
[2020-08-12T20:15:22.461+0000][6][gc,phases    ] GC(14)   Pre Evacuate Collection Set: 11.2ms
[2020-08-12T20:15:22.461+0000][6][gc,phases    ] GC(14)   Merge Heap Roots: 0.5ms
[2020-08-12T20:15:22.461+0000][6][gc,phases    ] GC(14)   Evacuate Collection Set: 25.8ms
[2020-08-12T20:15:22.461+0000][6][gc,phases    ] GC(14)   Post Evacuate Collection Set: 2.7ms
[2020-08-12T20:15:22.461+0000][6][gc,phases    ] GC(14)   Other: 0.6ms
[2020-08-12T20:15:22.461+0000][6][gc,heap      ] GC(14) Eden regions: 100->0(100)
[2020-08-12T20:15:22.461+0000][6][gc,heap      ] GC(14) Survivor regions: 2->2(13)
[2020-08-12T20:15:22.461+0000][6][gc,heap      ] GC(14) Old regions: 44->44
[2020-08-12T20:15:22.461+0000][6][gc,heap      ] GC(14) Archive regions: 2->2
[2020-08-12T20:15:22.461+0000][6][gc,heap      ] GC(14) Humongous regions: 1->1
[2020-08-12T20:15:22.462+0000][6][gc,metaspace ] GC(14) Metaspace: 34666K(37964K)->34666K(37964K) NonClass: 30145K(32460K)->30145K(32460K) Class: 4520K(5504K)->4520K(5504K)
[2020-08-12T20:15:22.462+0000][6][gc           ] GC(14) Pause Young (Concurrent Start) (G1 Evacuation Pause) 147M->47M(2048M) 41.096ms
[2020-08-12T20:15:22.462+0000][6][gc,cpu       ] GC(14) User=0.01s Sys=0.00s Real=0.04s
[2020-08-12T20:15:22.462+0000][6][safepoint    ] Safepoint "G1CollectForAllocation", Time since last: 5883761 ns, Reaching safepoint: 353647 ns, At safepoint: 41293068 ns, Total: 41646715 ns
[2020-08-12T20:15:22.462+0000][6][gc           ] GC(15) Concurrent Cycle
[2020-08-12T20:15:22.462+0000][6][gc,marking   ] GC(15) Concurrent Clear Claimed Marks
[2020-08-12T20:15:22.462+0000][6][gc,marking   ] GC(15) Concurrent Clear Claimed Marks 0.304ms
[2020-08-12T20:15:22.462+0000][6][gc,marking   ] GC(15) Concurrent Scan Root Regions
[2020-08-12T20:15:22.466+0000][6][gc,marking   ] GC(15) Concurrent Scan Root Regions 4.150ms
[2020-08-12T20:15:22.466+0000][6][gc,marking   ] GC(15) Concurrent Mark (211.114s)
[2020-08-12T20:15:22.466+0000][6][gc,marking   ] GC(15) Concurrent Mark From Roots
[2020-08-12T20:15:22.466+0000][6][gc,task      ] GC(15) Using 1 workers of 1 for marking
[2020-08-12T20:15:23.052+0000][6][gc,marking   ] GC(15) Concurrent Mark From Roots 585.356ms
[2020-08-12T20:15:23.052+0000][6][gc,marking   ] GC(15) Concurrent Preclean
[2020-08-12T20:15:23.052+0000][6][gc,marking   ] GC(15) Concurrent Preclean 0.325ms
[2020-08-12T20:15:23.052+0000][6][gc,marking   ] GC(15) Concurrent Mark (211.114s, 211.700s) 585.846ms
[2020-08-12T20:15:23.052+0000][6][gc,start     ] GC(15) Pause Remark
[2020-08-12T20:15:23.063+0000][6][gc           ] GC(15) Pause Remark 54M->54M(2048M) 10.683ms
[2020-08-12T20:15:23.063+0000][6][gc,cpu       ] GC(15) User=0.01s Sys=0.00s Real=0.01s
[2020-08-12T20:15:23.063+0000][6][safepoint    ] Safepoint "G1Concurrent", Time since last: 590625751 ns, Reaching safepoint: 141598 ns, At safepoint: 10854981 ns, Total: 10996579 ns
[2020-08-12T20:15:23.063+0000][6][gc,marking   ] GC(15) Concurrent Rebuild Remembered Sets
[2020-08-12T20:15:23.185+0000][6][gc,marking   ] GC(15) Concurrent Rebuild Remembered Sets 121.481ms
[2020-08-12T20:15:23.186+0000][6][gc,start     ] GC(15) Pause Cleanup
[2020-08-12T20:15:23.187+0000][6][gc           ] GC(15) Pause Cleanup 54M->54M(2048M) 0.949ms
[2020-08-12T20:15:23.187+0000][6][gc,cpu       ] GC(15) User=0.00s Sys=0.00s Real=0.00s
[2020-08-12T20:15:23.187+0000][6][safepoint    ] Safepoint "G1Concurrent", Time since last: 121714459 ns, Reaching safepoint: 584545 ns, At safepoint: 1198165 ns, Total: 1782710 ns
[2020-08-12T20:15:23.187+0000][6][gc,marking   ] GC(15) Concurrent Cleanup for Next Mark
[2020-08-12T20:15:23.199+0000][6][gc,marking   ] GC(15) Concurrent Cleanup for Next Mark 11.749ms
[2020-08-12T20:15:23.199+0000][6][gc           ] GC(15) Concurrent Cycle 737.042ms
[2020-08-12T20:15:24.187+0000][6][safepoint    ] Safepoint "Cleanup", Time since last: 1000205019 ns, Reaching safepoint: 187873 ns, At safepoint: 10900 ns, Total: 198773 ns
[2020-08-12T20:15:25.194+0000][6][safepoint    ] Safepoint "Cleanup", Time since last: 1002497611 ns, Reaching safepoint: 3758980 ns, At safepoint: 19887 ns, Total: 3778867 ns
[2020-08-12T20:15:26.267+0000][6][safepoint    ] Safepoint "Cleanup", Time since last: 1000181969 ns, Reaching safepoint: 72986756 ns, At safepoint: 31449 ns, Total: 73018205 ns
[2020-08-12T20:15:27.267+0000][6][safepoint    ] Safepoint "Cleanup", Time since last: 1000201181 ns, Reaching safepoint: 307623 ns, At safepoint: 10400 ns, Total: 318023 ns
[2020-08-12T20:15:28.282+0000][6][safepoint    ] Safepoint "Cleanup", Time since last: 1009544825 ns, Reaching safepoint: 5052794 ns, At safepoint: 15400 ns, Total: 5068194 ns
[2020-08-12T20:15:29.440+0000][6][safepoint    ] Safepoint "Cleanup", Time since last: 1153936000 ns, Reaching safepoint: 4310813 ns, At safepoint: 11975 ns, Total: 4322788 ns
[2020-08-12T20:15:30.443+0000][6][safepoint    ] Safepoint "Cleanup", Time since last: 1002834158 ns, Reaching safepoint: 175498 ns, At safepoint: 8938 ns, Total: 184436 ns
[2020-08-12T20:15:32.444+0000][6][safepoint    ] Safepoint "Cleanup", Time since last: 2000295738 ns, Reaching safepoint: 149286 ns, At safepoint: 31062 ns, Total: 180348 ns
[2020-08-12T20:15:33.445+0000][6][safepoint    ] Safepoint "Cleanup", Time since last: 1000205269 ns, Reaching safepoint: 1177052 ns, At safepoint: 12837 ns, Total: 1189889 ns
[2020-08-12T20:15:34.451+0000][6][safepoint    ] Safepoint "Cleanup", Time since last: 1005916969 ns, Reaching safepoint: 167536 ns, At safepoint: 8813 ns, Total: 176349 ns
[2020-08-12T20:15:35.455+0000][6][safepoint    ] Safepoint "Cleanup", Time since last: 1000165606 ns, Reaching safepoint: 3830029 ns, At safepoint: 17175 ns, Total: 3847204 ns
[2020-08-12T20:15:36.459+0000][6][safepoint    ] Safepoint "Cleanup", Time since last: 1003649714 ns, Reaching safepoint: 207723 ns, At safepoint: 9013 ns, Total: 216736 ns
[2020-08-12T20:15:37.462+0000][6][safepoint    ] Safepoint "Cleanup", Time since last: 1002012865 ns, Reaching safepoint: 1442787 ns, At safepoint: 17838 ns, Total: 1460625 ns
[2020-08-12T20:15:38.477+0000][6][safepoint    ] Safepoint "Cleanup", Time since last: 1001557019 ns, Reaching safepoint: 13042900 ns, At safepoint: 13587 ns, Total: 13056487 ns
[2020-08-12T20:15:39.653+0000][6][gc,start     ] GC(16) Pause Young (Normal) (G1 Evacuation Pause)
[2020-08-12T20:15:39.653+0000][6][gc,task      ] GC(16) Using 2 workers of 2 for evacuation
[2020-08-12T20:15:39.653+0000][6][gc,age       ] GC(16) Desired survivor size 6815744 bytes, new threshold 15 (max threshold 15)
[2020-08-12T20:15:39.686+0000][6][gc,age       ] GC(16) Age table with threshold 15 (max threshold 15)
[2020-08-12T20:15:39.687+0000][6][gc,age       ] GC(16) - age   1:    6204640 bytes,    6204640 total
[2020-08-12T20:15:39.687+0000][6][gc,age       ] GC(16) - age   2:     539664 bytes,    6744304 total
[2020-08-12T20:15:39.687+0000][6][gc,age       ] GC(16) - age   3:     723496 bytes,    7467800 total
[2020-08-12T20:15:39.687+0000][6][gc,phases    ] GC(16)   Pre Evacuate Collection Set: 0.9ms
[2020-08-12T20:15:39.687+0000][6][gc,phases    ] GC(16)   Merge Heap Roots: 0.4ms
[2020-08-12T20:15:39.687+0000][6][gc,phases    ] GC(16)   Evacuate Collection Set: 29.2ms
[2020-08-12T20:15:39.687+0000][6][gc,phases    ] GC(16)   Post Evacuate Collection Set: 2.7ms
[2020-08-12T20:15:39.687+0000][6][gc,phases    ] GC(16)   Other: 0.5ms
[2020-08-12T20:15:39.687+0000][6][gc,heap      ] GC(16) Eden regions: 100->0(94)
[2020-08-12T20:15:39.687+0000][6][gc,heap      ] GC(16) Survivor regions: 2->8(13)
[2020-08-12T20:15:39.687+0000][6][gc,heap      ] GC(16) Old regions: 44->44
[2020-08-12T20:15:39.687+0000][6][gc,heap      ] GC(16) Archive regions: 2->2
[2020-08-12T20:15:39.687+0000][6][gc,heap      ] GC(16) Humongous regions: 1->1
[2020-08-12T20:15:39.687+0000][6][gc,metaspace ] GC(16) Metaspace: 49427K(54348K)->49427K(54348K) NonClass: 42714K(45772K)->42714K(45772K) Class: 6712K(8576K)->6712K(8576K)
[2020-08-12T20:15:39.687+0000][6][gc           ] GC(16) Pause Young (Normal) (G1 Evacuation Pause) 147M->53M(2048M) 33.946ms
[2020-08-12T20:15:39.687+0000][6][gc,cpu       ] GC(16) User=0.05s Sys=0.00s Real=0.04s
[2020-08-12T20:15:39.687+0000][6][safepoint    ] Safepoint "G1CollectForAllocation", Time since last: 1175749349 ns, Reaching safepoint: 242223 ns, At safepoint: 34127905 ns, Total: 34370128 ns
[2020-08-12T20:15:40.778+0000][6][safepoint    ] Safepoint "BulkRevokeBias", Time since last: 1090038366 ns, Reaching safepoint: 235760 ns, At safepoint: 282748 ns, Total: 518508 ns
[2020-08-12T20:15:41.951+0000][6][safepoint    ] Safepoint "Cleanup", Time since last: 1173213108 ns, Reaching safepoint: 244623 ns, At safepoint: 20025 ns, Total: 264648 ns
[2020-08-12T20:15:43.694+0000][6][safepoint    ] Safepoint "Cleanup", Time since last: 1735938651 ns, Reaching safepoint: 6666580 ns, At safepoint: 14975 ns, Total: 6681555 ns
[2020-08-12T20:15:44.935+0000][6][safepoint    ] Safepoint "Cleanup", Time since last: 1241161983 ns, Reaching safepoint: 172486 ns, At safepoint: 8862 ns, Total: 181348 ns
[2020-08-12T20:15:46.491+0000][6][safepoint    ] Safepoint "Cleanup", Time since last: 1416562078 ns, Reaching safepoint: 138721874 ns, At safepoint: 241561 ns, Total: 138963435 ns
[2020-08-12T20:15:48.177+0000][6][safepoint    ] Safepoint "Cleanup", Time since last: 1685695523 ns, Reaching safepoint: 1040741 ns, At safepoint: 15012 ns, Total: 1055753 ns
[2020-08-12T20:15:49.178+0000][6][safepoint    ] Safepoint "Cleanup", Time since last: 1000171369 ns, Reaching safepoint: 157811 ns, At safepoint: 9475 ns, Total: 167286 ns
[2020-08-12T20:15:50.260+0000][6][safepoint    ] Safepoint "Cleanup", Time since last: 1082329758 ns, Reaching safepoint: 175361 ns, At safepoint: 9249 ns, Total: 184610 ns
[2020-08-12T20:15:52.540+0000][6][safepoint    ] Safepoint "Cleanup", Time since last: 2279679220 ns, Reaching safepoint: 215274 ns, At safepoint: 13437 ns, Total: 228711 ns
[2020-08-12T20:15:52.793+0000][6][safepoint    ] Safepoint "BulkRevokeBias", Time since last: 252673163 ns, Reaching safepoint: 236286 ns, At safepoint: 192860 ns, Total: 429146 ns
[2020-08-12T20:15:53.034+0000][6][safepoint    ] Safepoint "BulkRevokeBias", Time since last: 240294383 ns, Reaching safepoint: 357335 ns, At safepoint: 235448 ns, Total: 592783 ns
[2020-08-12T20:15:53.128+0000][6][safepoint    ] Safepoint "BulkRevokeBias", Time since last: 94021548 ns, Reaching safepoint: 109612 ns, At safepoint: 168148 ns, Total: 277760 ns
[2020-08-12T20:15:54.320+0000][6][safepoint    ] Safepoint "Cleanup", Time since last: 1164724145 ns, Reaching safepoint: 26807456 ns, At safepoint: 44037 ns, Total: 26851493 ns
[2020-08-12T20:15:54.498+0000][6][gc,start     ] GC(17) Pause Young (Normal) (G1 Evacuation Pause)
[2020-08-12T20:15:54.498+0000][6][gc,task      ] GC(17) Using 2 workers of 2 for evacuation
[2020-08-12T20:15:54.498+0000][6][gc,age       ] GC(17) Desired survivor size 6815744 bytes, new threshold 3 (max threshold 15)
[2020-08-12T20:15:54.655+0000][6][gc,age       ] GC(17) Age table with threshold 3 (max threshold 15)
[2020-08-12T20:15:54.655+0000][6][gc,age       ] GC(17) - age   1:    3694720 bytes,    3694720 total
[2020-08-12T20:15:54.655+0000][6][gc,age       ] GC(17) - age   2:    6018584 bytes,    9713304 total
[2020-08-12T20:15:54.655+0000][6][gc,age       ] GC(17) - age   3:     531512 bytes,   10244816 total
[2020-08-12T20:15:54.655+0000][6][gc,phases    ] GC(17)   Pre Evacuate Collection Set: 1.0ms
[2020-08-12T20:15:54.655+0000][6][gc,phases    ] GC(17)   Merge Heap Roots: 0.5ms
[2020-08-12T20:15:54.655+0000][6][gc,phases    ] GC(17)   Evacuate Collection Set: 145.6ms
[2020-08-12T20:15:54.655+0000][6][gc,phases    ] GC(17)   Post Evacuate Collection Set: 3.2ms
[2020-08-12T20:15:54.655+0000][6][gc,phases    ] GC(17)   Other: 6.9ms
[2020-08-12T20:15:54.655+0000][6][gc,heap      ] GC(17) Eden regions: 94->0(92)
[2020-08-12T20:15:54.655+0000][6][gc,heap      ] GC(17) Survivor regions: 8->10(13)
[2020-08-12T20:15:54.655+0000][6][gc,heap      ] GC(17) Old regions: 44->45
[2020-08-12T20:15:54.656+0000][6][gc,heap      ] GC(17) Archive regions: 2->2
[2020-08-12T20:15:54.656+0000][6][gc,heap      ] GC(17) Humongous regions: 1->1
[2020-08-12T20:15:54.656+0000][6][gc,metaspace ] GC(17) Metaspace: 55605K(60876K)->55605K(60876K) NonClass: 48094K(51404K)->48094K(51404K) Class: 7511K(9472K)->7511K(9472K)
[2020-08-12T20:15:54.656+0000][6][gc           ] GC(17) Pause Young (Normal) (G1 Evacuation Pause) 147M->56M(2048M) 157.591ms
[2020-08-12T20:15:54.656+0000][6][gc,cpu       ] GC(17) User=0.09s Sys=0.01s Real=0.16s
[2020-08-12T20:15:54.656+0000][6][safepoint    ] Safepoint "G1CollectForAllocation", Time since last: 177593513 ns, Reaching safepoint: 332997 ns, At safepoint: 157847796 ns, Total: 158180793 ns
[2020-08-12T20:15:55.790+0000][6][safepoint    ] Safepoint "Cleanup", Time since last: 1125477472 ns, Reaching safepoint: 8808086 ns, At safepoint: 15613 ns, Total: 8823699 ns
[2020-08-12T20:15:56.648+0000][6][gc,start     ] GC(18) Pause Young (Concurrent Start) (Metadata GC Threshold)
[2020-08-12T20:15:56.648+0000][6][gc,task      ] GC(18) Using 2 workers of 2 for evacuation
[2020-08-12T20:15:56.648+0000][6][gc,age       ] GC(18) Desired survivor size 6815744 bytes, new threshold 2 (max threshold 15)
[2020-08-12T20:15:57.267+0000][6][gc,age       ] GC(18) Age table with threshold 2 (max threshold 15)
[2020-08-12T20:15:57.267+0000][6][gc,age       ] GC(18) - age   1:     694584 bytes,     694584 total
[2020-08-12T20:15:57.267+0000][6][gc,age       ] GC(18) - age   2:    3646728 bytes,    4341312 total
[2020-08-12T20:15:57.267+0000][6][gc,mmu       ] GC(18) MMU target violated: 201.0ms (200.0ms/201.0ms)
[2020-08-12T20:15:57.267+0000][6][gc,phases    ] GC(18)   Pre Evacuate Collection Set: 1.0ms
[2020-08-12T20:15:57.267+0000][6][gc,phases    ] GC(18)   Merge Heap Roots: 0.4ms
[2020-08-12T20:15:57.267+0000][6][gc,phases    ] GC(18)   Evacuate Collection Set: 613.4ms
[2020-08-12T20:15:57.267+0000][6][gc,phases    ] GC(18)   Post Evacuate Collection Set: 3.3ms
[2020-08-12T20:15:57.268+0000][6][gc,phases    ] GC(18)   Other: 1.3ms
[2020-08-12T20:15:57.268+0000][6][gc,heap      ] GC(18) Eden regions: 63->0(97)
[2020-08-12T20:15:57.268+0000][6][gc,heap      ] GC(18) Survivor regions: 10->5(13)
[2020-08-12T20:15:57.268+0000][6][gc,heap      ] GC(18) Old regions: 45->52
[2020-08-12T20:15:57.268+0000][6][gc,heap      ] GC(18) Archive regions: 2->2
[2020-08-12T20:15:57.268+0000][6][gc,heap      ] GC(18) Humongous regions: 1->1
[2020-08-12T20:15:57.268+0000][6][gc,metaspace ] GC(18) Metaspace: 57916K(63276K)->57916K(63276K) NonClass: 49921K(53164K)->49921K(53164K) Class: 7994K(10112K)->7994K(10112K)
[2020-08-12T20:15:57.268+0000][6][gc           ] GC(18) Pause Young (Concurrent Start) (Metadata GC Threshold) 119M->57M(2048M) 620.114ms
[2020-08-12T20:15:57.268+0000][6][gc,cpu       ] GC(18) User=0.09s Sys=0.03s Real=0.62s
[2020-08-12T20:15:57.269+0000][6][gc           ] GC(19) Concurrent Cycle
[2020-08-12T20:15:57.269+0000][6][gc,marking   ] GC(19) Concurrent Clear Claimed Marks
[2020-08-12T20:15:57.270+0000][6][gc,marking   ] GC(19) Concurrent Clear Claimed Marks 0.661ms
[2020-08-12T20:15:57.270+0000][6][gc,marking   ] GC(19) Concurrent Scan Root Regions
[2020-08-12T20:15:57.270+0000][6][safepoint    ] Safepoint "CollectForMetadataAllocation", Time since last: 856428562 ns, Reaching safepoint: 1255315 ns, At safepoint: 622113803 ns, Total: 623369118 ns
[2020-08-12T20:15:57.396+0000][6][gc,marking   ] GC(19) Concurrent Scan Root Regions 126.357ms
[2020-08-12T20:15:57.396+0000][6][gc,marking   ] GC(19) Concurrent Mark (246.044s)
[2020-08-12T20:15:57.396+0000][6][gc,marking   ] GC(19) Concurrent Mark From Roots
[2020-08-12T20:15:57.396+0000][6][gc,task      ] GC(19) Using 1 workers of 1 for marking
[2020-08-12T20:15:57.712+0000][6][gc,marking   ] GC(19) Concurrent Mark From Roots 315.889ms
[2020-08-12T20:15:57.712+0000][6][gc,marking   ] GC(19) Concurrent Preclean
[2020-08-12T20:15:57.713+0000][6][gc,marking   ] GC(19) Concurrent Preclean 0.534ms
[2020-08-12T20:15:57.713+0000][6][gc,marking   ] GC(19) Concurrent Mark (246.044s, 246.361s) 316.652ms
[2020-08-12T20:15:57.713+0000][6][gc,start     ] GC(19) Pause Remark
[2020-08-12T20:15:57.819+0000][6][gc           ] GC(19) Pause Remark 58M->58M(2048M) 105.876ms
[2020-08-12T20:15:57.819+0000][6][gc,cpu       ] GC(19) User=0.02s Sys=0.00s Real=0.11s
[2020-08-12T20:15:57.819+0000][6][safepoint    ] Safepoint "G1Concurrent", Time since last: 443134790 ns, Reaching safepoint: 168111 ns, At safepoint: 106074319 ns, Total: 106242430 ns
[2020-08-12T20:15:57.820+0000][6][gc,marking   ] GC(19) Concurrent Rebuild Remembered Sets
[2020-08-12T20:15:58.006+0000][6][gc,marking   ] GC(19) Concurrent Rebuild Remembered Sets 185.974ms
[2020-08-12T20:15:58.017+0000][6][gc,start     ] GC(19) Pause Cleanup
[2020-08-12T20:15:58.018+0000][6][gc           ] GC(19) Pause Cleanup 59M->59M(2048M) 1.020ms
[2020-08-12T20:15:58.018+0000][6][gc,cpu       ] GC(19) User=0.01s Sys=0.00s Real=0.00s
[2020-08-12T20:15:58.018+0000][6][safepoint    ] Safepoint "G1Concurrent", Time since last: 186741484 ns, Reaching safepoint: 10511359 ns, At safepoint: 1223914 ns, Total: 11735273 ns
[2020-08-12T20:15:58.018+0000][6][gc,marking   ] GC(19) Concurrent Cleanup for Next Mark
[2020-08-12T20:15:58.056+0000][6][gc,marking   ] GC(19) Concurrent Cleanup for Next Mark 38.576ms
[2020-08-12T20:15:58.057+0000][6][gc           ] GC(19) Concurrent Cycle 787.625ms
[2020-08-12T20:15:58.595+0000][6][safepoint    ] Safepoint "BulkRevokeBias", Time since last: 574098419 ns, Reaching safepoint: 2141319 ns, At safepoint: 1000291 ns, Total: 3141610 ns
[2020-08-12T20:15:59.595+0000][6][safepoint    ] Safepoint "Cleanup", Time since last: 1000198219 ns, Reaching safepoint: 149149 ns, At safepoint: 9250 ns, Total: 158399 ns
[2020-08-12T20:16:01.661+0000][6][safepoint    ] Safepoint "Cleanup", Time since last: 2000302812 ns, Reaching safepoint: 65424334 ns, At safepoint: 21325 ns, Total: 65445659 ns
[2020-08-12T20:16:02.666+0000][6][safepoint    ] Safepoint "Cleanup", Time since last: 1001760118 ns, Reaching safepoint: 3041873 ns, At safepoint: 22638 ns, Total: 3064511 ns
[2020-08-12T20:16:03.666+0000][6][safepoint    ] Safepoint "Cleanup", Time since last: 1000188518 ns, Reaching safepoint: 228486 ns, At safepoint: 9287 ns, Total: 237773 ns
[2020-08-12T20:16:04.667+0000][6][safepoint    ] Safepoint "Cleanup", Time since last: 1000207756 ns, Reaching safepoint: 276785 ns, At safepoint: 15175 ns, Total: 291960 ns
[2020-08-12T20:16:05.669+0000][6][safepoint    ] Safepoint "Cleanup", Time since last: 1000192556 ns, Reaching safepoint: 2337405 ns, At safepoint: 20400 ns, Total: 2357805 ns
[2020-08-12T20:16:06.918+0000][6][safepoint    ] Safepoint "Cleanup", Time since last: 1248595906 ns, Reaching safepoint: 198661 ns, At safepoint: 9412 ns, Total: 208073 ns
[2020-08-12T20:16:07.922+0000][6][safepoint    ] Safepoint "Cleanup", Time since last: 1000412442 ns, Reaching safepoint: 3161072 ns, At safepoint: 18038 ns, Total: 3179110 ns
[2020-08-12T20:16:08.212+0000][6][gc,start     ] GC(20) Pause Young (Normal) (G1 Evacuation Pause)
[2020-08-12T20:16:08.212+0000][6][gc,task      ] GC(20) Using 2 workers of 2 for evacuation
[2020-08-12T20:16:08.212+0000][6][gc,age       ] GC(20) Desired survivor size 6815744 bytes, new threshold 15 (max threshold 15)
[2020-08-12T20:16:08.355+0000][6][gc,age       ] GC(20) Age table with threshold 15 (max threshold 15)
[2020-08-12T20:16:08.355+0000][6][gc,age       ] GC(20) - age   1:    3434448 bytes,    3434448 total
[2020-08-12T20:16:08.356+0000][6][gc,age       ] GC(20) - age   2:     602944 bytes,    4037392 total
[2020-08-12T20:16:08.356+0000][6][gc,age       ] GC(20) - age   3:    3557416 bytes,    7594808 total
[2020-08-12T20:16:08.356+0000][6][gc,phases    ] GC(20)   Pre Evacuate Collection Set: 0.8ms
[2020-08-12T20:16:08.356+0000][6][gc,phases    ] GC(20)   Merge Heap Roots: 0.4ms
[2020-08-12T20:16:08.356+0000][6][gc,phases    ] GC(20)   Evacuate Collection Set: 138.3ms
[2020-08-12T20:16:08.356+0000][6][gc,phases    ] GC(20)   Post Evacuate Collection Set: 3.4ms
[2020-08-12T20:16:08.356+0000][6][gc,phases    ] GC(20)   Other: 0.5ms
[2020-08-12T20:16:08.356+0000][6][gc,heap      ] GC(20) Eden regions: 97->0(94)
[2020-08-12T20:16:08.356+0000][6][gc,heap      ] GC(20) Survivor regions: 5->8(13)
[2020-08-12T20:16:08.356+0000][6][gc,heap      ] GC(20) Old regions: 52->52
[2020-08-12T20:16:08.356+0000][6][gc,heap      ] GC(20) Archive regions: 2->2
[2020-08-12T20:16:08.356+0000][6][gc,heap      ] GC(20) Humongous regions: 1->1
[2020-08-12T20:16:08.356+0000][6][gc,metaspace ] GC(20) Metaspace: 68152K(74028K)->68152K(74028K) NonClass: 58848K(62380K)->58848K(62380K) Class: 9304K(11648K)->9304K(11648K)
[2020-08-12T20:16:08.356+0000][6][gc           ] GC(20) Pause Young (Normal) (G1 Evacuation Pause) 154M->60M(2048M) 143.652ms
[2020-08-12T20:16:08.356+0000][6][gc,cpu       ] GC(20) User=0.12s Sys=0.00s Real=0.15s
[2020-08-12T20:16:08.356+0000][6][safepoint    ] Safepoint "G1CollectForAllocation", Time since last: 287197077 ns, Reaching safepoint: 3219434 ns, At safepoint: 143846330 ns, Total: 147065764 ns
[2020-08-12T20:16:09.362+0000][6][safepoint    ] Safepoint "Cleanup", Time since last: 1000947975 ns, Reaching safepoint: 5354991 ns, At safepoint: 23337 ns, Total: 5378328 ns
[2020-08-12T20:16:10.472+0000][6][safepoint    ] Safepoint "Cleanup", Time since last: 1104568003 ns, Reaching safepoint: 5061681 ns, At safepoint: 21738 ns, Total: 5083419 ns
[2020-08-12T20:16:11.477+0000][6][safepoint    ] Safepoint "Cleanup", Time since last: 1004836891 ns, Reaching safepoint: 200748 ns, At safepoint: 9250 ns, Total: 209998 ns
[2020-08-12T20:16:12.483+0000][6][safepoint    ] Safepoint "Cleanup", Time since last: 1005784432 ns, Reaching safepoint: 172949 ns, At safepoint: 9312 ns, Total: 182261 ns
[2020-08-12T20:16:14.072+0000][6][safepoint    ] Safepoint "Cleanup", Time since last: 1588829862 ns, Reaching safepoint: 174861 ns, At safepoint: 9212 ns, Total: 184073 ns
[2020-08-12T20:16:15.072+0000][6][safepoint    ] Safepoint "Cleanup", Time since last: 1000167794 ns, Reaching safepoint: 152411 ns, At safepoint: 8463 ns, Total: 160874 ns
[2020-08-12T20:16:16.939+0000][6][safepoint    ] Safepoint "Cleanup", Time since last: 1853553020 ns, Reaching safepoint: 12631003 ns, At safepoint: 23275 ns, Total: 12654278 ns
[2020-08-12T20:16:18.460+0000][6][safepoint    ] Safepoint "Cleanup", Time since last: 1521261984 ns, Reaching safepoint: 400684 ns, At safepoint: 21275 ns, Total: 421959 ns
[2020-08-12T20:16:19.364+0000][6][gc,start     ] GC(21) Pause Young (Normal) (G1 Evacuation Pause)
[2020-08-12T20:16:19.364+0000][6][gc,task      ] GC(21) Using 2 workers of 2 for evacuation
[2020-08-12T20:16:19.364+0000][6][gc,age       ] GC(21) Desired survivor size 6815744 bytes, new threshold 3 (max threshold 15)
[2020-08-12T20:16:20.621+0000][6][gc,age       ] GC(21) Age table with threshold 3 (max threshold 15)
[2020-08-12T20:16:20.621+0000][6][gc,age       ] GC(21) - age   1:    3472368 bytes,    3472368 total
[2020-08-12T20:16:20.621+0000][6][gc,age       ] GC(21) - age   2:    3051224 bytes,    6523592 total
[2020-08-12T20:16:20.621+0000][6][gc,age       ] GC(21) - age   3:     594688 bytes,    7118280 total
[2020-08-12T20:16:20.621+0000][6][gc,mmu       ] GC(21) MMU target violated: 201.0ms (200.0ms/201.0ms)
[2020-08-12T20:16:20.621+0000][6][gc,phases    ] GC(21)   Pre Evacuate Collection Set: 0.5ms
[2020-08-12T20:16:20.621+0000][6][gc,phases    ] GC(21)   Merge Heap Roots: 0.3ms
[2020-08-12T20:16:20.621+0000][6][gc,phases    ] GC(21)   Evacuate Collection Set: 1247.8ms
[2020-08-12T20:16:20.621+0000][6][gc,phases    ] GC(21)   Post Evacuate Collection Set: 7.7ms
[2020-08-12T20:16:20.621+0000][6][gc,phases    ] GC(21)   Other: 0.8ms
[2020-08-12T20:16:20.621+0000][6][gc,heap      ] GC(21) Eden regions: 94->0(94)
[2020-08-12T20:16:20.621+0000][6][gc,heap      ] GC(21) Survivor regions: 8->8(13)
[2020-08-12T20:16:20.621+0000][6][gc,heap      ] GC(21) Old regions: 52->55
[2020-08-12T20:16:20.621+0000][6][gc,heap      ] GC(21) Archive regions: 2->2
[2020-08-12T20:16:20.621+0000][6][gc,heap      ] GC(21) Humongous regions: 1->1
[2020-08-12T20:16:20.622+0000][6][gc,metaspace ] GC(21) Metaspace: 77673K(84140K)->77673K(84140K) NonClass: 67057K(70828K)->67057K(70828K) Class: 10615K(13312K)->10615K(13312K)
[2020-08-12T20:16:20.622+0000][6][gc           ] GC(21) Pause Young (Normal) (G1 Evacuation Pause) 154M->63M(2048M) 1257.354ms
[2020-08-12T20:16:20.622+0000][6][gc,cpu       ] GC(21) User=0.11s Sys=0.02s Real=1.25s
[2020-08-12T20:16:20.622+0000][6][safepoint    ] Safepoint "G1CollectForAllocation", Time since last: 901016302 ns, Reaching safepoint: 2821725 ns, At safepoint: 1257573241 ns, Total: 1260394966 ns
[2020-08-12T20:16:21.401+0000][6][safepoint    ] Safepoint "BulkRevokeBias", Time since last: 766745114 ns, Reaching safepoint: 9472831 ns, At safepoint: 2603615 ns, Total: 12076446 ns
[2020-08-12T20:16:21.562+0000][6][safepoint    ] Safepoint "BulkRevokeBias", Time since last: 159924241 ns, Reaching safepoint: 1045991 ns, At safepoint: 899379 ns, Total: 1945370 ns
[2020-08-12T20:16:22.567+0000][6][safepoint    ] Safepoint "Cleanup", Time since last: 1003148731 ns, Reaching safepoint: 1417263 ns, At safepoint: 14275 ns, Total: 1431538 ns
[2020-08-12T20:16:23.661+0000][6][safepoint    ] Safepoint "Cleanup", Time since last: 1092624431 ns, Reaching safepoint: 1114453 ns, At safepoint: 19549 ns, Total: 1134002 ns
[2020-08-12T20:16:24.544+0000][6][safepoint    ] Safepoint "BulkRevokeBias", Time since last: 881401010 ns, Reaching safepoint: 1172589 ns, At safepoint: 925167 ns, Total: 2097756 ns
[2020-08-12T20:16:24.711+0000][6][safepoint    ] Safepoint "BulkRevokeBias", Time since last: 165667292 ns, Reaching safepoint: 435008 ns, At safepoint: 967467 ns, Total: 1402475 ns
[2020-08-12T20:16:25.727+0000][6][safepoint    ] Safepoint "Cleanup", Time since last: 1013928687 ns, Reaching safepoint: 1982021 ns, At safepoint: 20062 ns, Total: 2002083 ns
[2020-08-12T20:16:26.241+0000][6][safepoint    ] Safepoint "BulkRevokeBias", Time since last: 506035870 ns, Reaching safepoint: 5709976 ns, At safepoint: 2466441 ns, Total: 8176417 ns
[2020-08-12T20:16:27.443+0000][6][safepoint    ] Safepoint "Cleanup", Time since last: 1201046543 ns, Reaching safepoint: 346859 ns, At safepoint: 11663 ns, Total: 358522 ns
[2020-08-12T20:16:28.445+0000][6][safepoint    ] Safepoint "Cleanup", Time since last: 1000181093 ns, Reaching safepoint: 2150207 ns, At safepoint: 24224 ns, Total: 2174431 ns
[2020-08-12T20:16:28.906+0000][6][gc,start     ] GC(22) Pause Young (Normal) (G1 Evacuation Pause)
[2020-08-12T20:16:28.906+0000][6][gc,task      ] GC(22) Using 2 workers of 2 for evacuation
[2020-08-12T20:16:28.906+0000][6][gc,age       ] GC(22) Desired survivor size 6815744 bytes, new threshold 3 (max threshold 15)
[2020-08-12T20:16:29.090+0000][6][gc,age       ] GC(22) Age table with threshold 3 (max threshold 15)
[2020-08-12T20:16:29.090+0000][6][gc,age       ] GC(22) - age   1:    2468136 bytes,    2468136 total
[2020-08-12T20:16:29.090+0000][6][gc,age       ] GC(22) - age   2:    3318712 bytes,    5786848 total
[2020-08-12T20:16:29.090+0000][6][gc,age       ] GC(22) - age   3:    3047760 bytes,    8834608 total
[2020-08-12T20:16:29.090+0000][6][gc,phases    ] GC(22)   Pre Evacuate Collection Set: 0.9ms
[2020-08-12T20:16:29.090+0000][6][gc,phases    ] GC(22)   Merge Heap Roots: 0.5ms
[2020-08-12T20:16:29.090+0000][6][gc,phases    ] GC(22)   Evacuate Collection Set: 169.5ms
[2020-08-12T20:16:29.091+0000][6][gc,phases    ] GC(22)   Post Evacuate Collection Set: 4.3ms
[2020-08-12T20:16:29.091+0000][6][gc,phases    ] GC(22)   Other: 9.8ms
[2020-08-12T20:16:29.091+0000][6][gc,heap      ] GC(22) Eden regions: 94->0(93)
[2020-08-12T20:16:29.091+0000][6][gc,heap      ] GC(22) Survivor regions: 8->9(13)
[2020-08-12T20:16:29.091+0000][6][gc,heap      ] GC(22) Old regions: 55->56
[2020-08-12T20:16:29.091+0000][6][gc,heap      ] GC(22) Archive regions: 2->2
[2020-08-12T20:16:29.091+0000][6][gc,heap      ] GC(22) Humongous regions: 1->1
[2020-08-12T20:16:29.091+0000][6][gc,metaspace ] GC(22) Metaspace: 85005K(92204K)->85005K(92204K) NonClass: 73291K(77484K)->73291K(77484K) Class: 11714K(14720K)->11714K(14720K)
[2020-08-12T20:16:29.091+0000][6][gc           ] GC(22) Pause Young (Normal) (G1 Evacuation Pause) 157M->66M(2048M) 185.201ms
[2020-08-12T20:16:29.091+0000][6][gc,cpu       ] GC(22) User=0.07s Sys=0.00s Real=0.18s
[2020-08-12T20:16:29.091+0000][6][safepoint    ] Safepoint "G1CollectForAllocation", Time since last: 459126602 ns, Reaching safepoint: 1111065 ns, At safepoint: 185478057 ns, Total: 186589122 ns
[2020-08-12T20:16:33.685+0000][6][safepoint    ] Safepoint "Cleanup", Time since last: 1000148932 ns, Reaching safepoint: 3594011520 ns, At safepoint: 146198 ns, Total: 3594157718 ns
[2020-08-12T20:16:34.799+0000][6][safepoint    ] Safepoint "Cleanup", Time since last: 1112980643 ns, Reaching safepoint: 451296 ns, At safepoint: 21087 ns, Total: 472383 ns
[2020-08-12T20:16:36.706+0000][6][safepoint    ] Safepoint "Cleanup", Time since last: 1907068295 ns, Reaching safepoint: 466571 ns, At safepoint: 20037 ns, Total: 486608 ns
[2020-08-12T20:16:38.280+0000][6][safepoint    ] Safepoint "Cleanup", Time since last: 1573385396 ns, Reaching safepoint: 280122 ns, At safepoint: 11537 ns, Total: 291659 ns
[2020-08-12T20:16:39.281+0000][6][safepoint    ] Safepoint "Cleanup", Time since last: 1000175182 ns, Reaching safepoint: 531033 ns, At safepoint: 13600 ns, Total: 544633 ns
[2020-08-12T20:16:41.508+0000][6][safepoint    ] Safepoint "Cleanup", Time since last: 1144432370 ns, Reaching safepoint: 1079838692 ns, At safepoint: 3050598 ns, Total: 1082889290 ns
[2020-08-12T20:16:43.068+0000][6][safepoint    ] Safepoint "Cleanup", Time since last: 1555946846 ns, Reaching safepoint: 4248451 ns, At safepoint: 30250 ns, Total: 4278701 ns
[2020-08-12T20:16:43.206+0000][6][safepoint    ] Safepoint "BulkRevokeBias", Time since last: 136535381 ns, Reaching safepoint: 319134 ns, At safepoint: 776094 ns, Total: 1095228 ns
[2020-08-12T20:16:44.254+0000][6][safepoint    ] Safepoint "Cleanup", Time since last: 1029141868 ns, Reaching safepoint: 18859499 ns, At safepoint: 55474 ns, Total: 18914973 ns
[2020-08-12T20:16:45.284+0000][6][safepoint    ] Safepoint "Cleanup", Time since last: 1027577232 ns, Reaching safepoint: 2762401 ns, At safepoint: 24000 ns, Total: 2786401 ns
[2020-08-12T20:16:46.574+0000][6][safepoint    ] Safepoint "Cleanup", Time since last: 1289653676 ns, Reaching safepoint: 353872 ns, At safepoint: 11587 ns, Total: 365459 ns
[2020-08-12T20:16:47.638+0000][6][safepoint    ] Safepoint "Cleanup", Time since last: 1063611507 ns, Reaching safepoint: 323773 ns, At safepoint: 10862 ns, Total: 334635 ns
[2020-08-12T20:16:47.837+0000][6][gc,start     ] GC(23) Pause Young (Normal) (G1 Evacuation Pause)
[2020-08-12T20:16:47.838+0000][6][gc,task      ] GC(23) Using 2 workers of 2 for evacuation
[2020-08-12T20:16:47.838+0000][6][gc,age       ] GC(23) Desired survivor size 6815744 bytes, new threshold 3 (max threshold 15)
[2020-08-12T20:16:48.378+0000][6][gc,age       ] GC(23) Age table with threshold 3 (max threshold 15)
[2020-08-12T20:16:48.378+0000][6][gc,age       ] GC(23) - age   1:    9549688 bytes,    9549688 total
[2020-08-12T20:16:48.378+0000][6][gc,age       ] GC(23) - age   2:    1586064 bytes,   11135752 total
[2020-08-12T20:16:48.378+0000][6][gc,age       ] GC(23) - age   3:    2430336 bytes,   13566088 total
[2020-08-12T20:16:48.378+0000][6][gc,mmu       ] GC(23) MMU target violated: 201.0ms (200.0ms/201.0ms)
[2020-08-12T20:16:48.378+0000][6][gc,phases    ] GC(23)   Pre Evacuate Collection Set: 1.0ms
[2020-08-12T20:16:48.378+0000][6][gc,phases    ] GC(23)   Merge Heap Roots: 0.6ms
[2020-08-12T20:16:48.378+0000][6][gc,phases    ] GC(23)   Evacuate Collection Set: 535.0ms
[2020-08-12T20:16:48.378+0000][6][gc,phases    ] GC(23)   Post Evacuate Collection Set: 3.4ms
[2020-08-12T20:16:48.378+0000][6][gc,phases    ] GC(23)   Other: 0.7ms
[2020-08-12T20:16:48.378+0000][6][gc,heap      ] GC(23) Eden regions: 93->0(89)
[2020-08-12T20:16:48.378+0000][6][gc,heap      ] GC(23) Survivor regions: 9->13(13)
[2020-08-12T20:16:48.378+0000][6][gc,heap      ] GC(23) Old regions: 56->61
[2020-08-12T20:16:48.378+0000][6][gc,heap      ] GC(23) Archive regions: 2->2
[2020-08-12T20:16:48.378+0000][6][gc,heap      ] GC(23) Humongous regions: 75->75
[2020-08-12T20:16:48.378+0000][6][gc,metaspace ] GC(23) Metaspace: 89512K(96940K)->89512K(96940K) NonClass: 77215K(81580K)->77215K(81580K) Class: 12296K(15360K)->12296K(15360K)
[2020-08-12T20:16:48.378+0000][6][gc           ] GC(23) Pause Young (Normal) (G1 Evacuation Pause) 233M->149M(2048M) 540.969ms
[2020-08-12T20:16:48.378+0000][6][gc,cpu       ] GC(23) User=0.11s Sys=0.03s Real=0.54s
[2020-08-12T20:16:48.379+0000][6][safepoint    ] Safepoint "G1CollectForAllocation", Time since last: 198521769 ns, Reaching safepoint: 563270 ns, At safepoint: 541214816 ns, Total: 541778086 ns
[2020-08-12T20:16:49.288+0000][6][safepoint    ] Safepoint "BulkRevokeBias", Time since last: 908292339 ns, Reaching safepoint: 434984 ns, At safepoint: 884680 ns, Total: 1319664 ns
[2020-08-12T20:16:50.757+0000][6][safepoint    ] Safepoint "Cleanup", Time since last: 1468568965 ns, Reaching safepoint: 496095 ns, At safepoint: 15600 ns, Total: 511695 ns
[2020-08-12T20:16:51.758+0000][6][safepoint    ] Safepoint "Cleanup", Time since last: 1000184969 ns, Reaching safepoint: 430384 ns, At safepoint: 45199 ns, Total: 475583 ns
[2020-08-12T20:16:52.779+0000][6][safepoint    ] Safepoint "Cleanup", Time since last: 1000182019 ns, Reaching safepoint: 20541210 ns, At safepoint: 21812 ns, Total: 20563022 ns
[2020-08-12T20:16:53.749+0000][6][gc,start     ] GC(24) Pause Young (Normal) (G1 Evacuation Pause)
[2020-08-12T20:16:53.749+0000][6][gc,task      ] GC(24) Using 2 workers of 2 for evacuation
[2020-08-12T20:16:53.749+0000][6][gc,age       ] GC(24) Desired survivor size 6815744 bytes, new threshold 1 (max threshold 15)
[2020-08-12T20:16:54.499+0000][6][gc,age       ] GC(24) Age table with threshold 1 (max threshold 15)
[2020-08-12T20:16:54.500+0000][6][gc,age       ] GC(24) - age   1:    1110528 bytes,    1110528 total
[2020-08-12T20:16:54.500+0000][6][gc,mmu       ] GC(24) MMU target violated: 201.0ms (200.0ms/201.0ms)
[2020-08-12T20:16:54.500+0000][6][gc,phases    ] GC(24)   Pre Evacuate Collection Set: 0.8ms
[2020-08-12T20:16:54.500+0000][6][gc,phases    ] GC(24)   Merge Heap Roots: 0.3ms
[2020-08-12T20:16:54.500+0000][6][gc,phases    ] GC(24)   Evacuate Collection Set: 744.2ms
[2020-08-12T20:16:54.500+0000][6][gc,phases    ] GC(24)   Post Evacuate Collection Set: 4.7ms
[2020-08-12T20:16:54.500+0000][6][gc,phases    ] GC(24)   Other: 1.2ms
[2020-08-12T20:16:54.500+0000][6][gc,heap      ] GC(24) Eden regions: 89->0(100)
[2020-08-12T20:16:54.500+0000][6][gc,heap      ] GC(24) Survivor regions: 13->2(13)
[2020-08-12T20:16:54.500+0000][6][gc,heap      ] GC(24) Old regions: 61->69
[2020-08-12T20:16:54.501+0000][6][gc,heap      ] GC(24) Archive regions: 2->2
[2020-08-12T20:16:54.501+0000][6][gc,heap      ] GC(24) Humongous regions: 75->75
[2020-08-12T20:16:54.501+0000][6][gc,metaspace ] GC(24) Metaspace: 90648K(98092K)->90648K(98092K) NonClass: 78263K(82604K)->78263K(82604K) Class: 12385K(15488K)->12385K(15488K)
[2020-08-12T20:16:54.501+0000][6][gc           ] GC(24) Pause Young (Normal) (G1 Evacuation Pause) 238M->146M(2048M) 751.439ms
[2020-08-12T20:16:54.501+0000][6][gc,cpu       ] GC(24) User=0.09s Sys=0.03s Real=0.75s
[2020-08-12T20:16:54.501+0000][6][safepoint    ] Safepoint "G1CollectForAllocation", Time since last: 970003330 ns, Reaching safepoint: 469958 ns, At safepoint: 751705107 ns, Total: 752175065 ns
[2020-08-12T20:16:55.503+0000][6][safepoint    ] Safepoint "Cleanup", Time since last: 1000094957 ns, Reaching safepoint: 2031907 ns, At safepoint: 39738 ns, Total: 2071645 ns
[2020-08-12T20:16:56.523+0000][6][safepoint    ] Safepoint "Cleanup", Time since last: 1019850198 ns, Reaching safepoint: 417634 ns, At safepoint: 11462 ns, Total: 429096 ns
[2020-08-12T20:16:57.856+0000][6][safepoint    ] Safepoint "Cleanup", Time since last: 1332824565 ns, Reaching safepoint: 410821 ns, At safepoint: 11475 ns, Total: 422296 ns
[2020-08-12T20:16:58.857+0000][6][safepoint    ] Safepoint "Cleanup", Time since last: 1000192106 ns, Reaching safepoint: 281348 ns, At safepoint: 11800 ns, Total: 293148 ns
[2020-08-12T20:16:59.857+0000][6][safepoint    ] Safepoint "Cleanup", Time since last: 1000230743 ns, Reaching safepoint: 263335 ns, At safepoint: 11313 ns, Total: 274648 ns
[2020-08-12T20:17:00.858+0000][6][safepoint    ] Safepoint "Cleanup", Time since last: 1000201381 ns, Reaching safepoint: 335422 ns, At safepoint: 11850 ns, Total: 347272 ns
[2020-08-12T20:17:01.859+0000][6][safepoint    ] Safepoint "Cleanup", Time since last: 1000238380 ns, Reaching safepoint: 269586 ns, At safepoint: 11200 ns, Total: 280786 ns
[2020-08-12T20:17:02.859+0000][6][safepoint    ] Safepoint "Cleanup", Time since last: 1000182681 ns, Reaching safepoint: 276472 ns, At safepoint: 11938 ns, Total: 288410 ns
[2020-08-12T20:17:03.860+0000][6][safepoint    ] Safepoint "Cleanup", Time since last: 1000482841 ns, Reaching safepoint: 271322 ns, At safepoint: 10913 ns, Total: 282235 ns
[2020-08-12T20:17:04.762+0000][6][safepoint    ] Safepoint "BulkRevokeBias", Time since last: 886780087 ns, Reaching safepoint: 1508937 ns, At safepoint: 14034604 ns, Total: 15543541 ns
[2020-08-12T20:17:04.776+0000][6][safepoint    ] Safepoint "BulkRevokeBias", Time since last: 1223064 ns, Reaching safepoint: 1618861 ns, At safepoint: 11381989 ns, Total: 13000850 ns
[2020-08-12T20:17:05.870+0000][6][safepoint    ] Safepoint "Cleanup", Time since last: 1092849330 ns, Reaching safepoint: 530532 ns, At safepoint: 19513 ns, Total: 550045 ns
[2020-08-12T20:17:06.031+0000][6][gc,start     ] GC(25) Pause Young (Normal) (G1 Evacuation Pause)
[2020-08-12T20:17:06.031+0000][6][gc,task      ] GC(25) Using 2 workers of 2 for evacuation
[2020-08-12T20:17:06.032+0000][6][gc,age       ] GC(25) Desired survivor size 6815744 bytes, new threshold 15 (max threshold 15)
[2020-08-12T20:17:06.078+0000][6][gc,age       ] GC(25) Age table with threshold 15 (max threshold 15)
[2020-08-12T20:17:06.078+0000][6][gc,age       ] GC(25) - age   1:    2455352 bytes,    2455352 total
[2020-08-12T20:17:06.078+0000][6][gc,age       ] GC(25) - age   2:     454616 bytes,    2909968 total
[2020-08-12T20:17:06.078+0000][6][gc,phases    ] GC(25)   Pre Evacuate Collection Set: 0.8ms
[2020-08-12T20:17:06.078+0000][6][gc,phases    ] GC(25)   Merge Heap Roots: 0.3ms
[2020-08-12T20:17:06.078+0000][6][gc,phases    ] GC(25)   Evacuate Collection Set: 41.4ms
[2020-08-12T20:17:06.078+0000][6][gc,phases    ] GC(25)   Post Evacuate Collection Set: 3.6ms
[2020-08-12T20:17:06.078+0000][6][gc,phases    ] GC(25)   Other: 0.5ms
[2020-08-12T20:17:06.078+0000][6][gc,heap      ] GC(25) Eden regions: 100->0(98)
[2020-08-12T20:17:06.078+0000][6][gc,heap      ] GC(25) Survivor regions: 2->4(13)
[2020-08-12T20:17:06.078+0000][6][gc,heap      ] GC(25) Old regions: 69->69
[2020-08-12T20:17:06.078+0000][6][gc,heap      ] GC(25) Archive regions: 2->2
[2020-08-12T20:17:06.078+0000][6][gc,heap      ] GC(25) Humongous regions: 75->75
[2020-08-12T20:17:06.078+0000][6][gc,metaspace ] GC(25) Metaspace: 91840K(99500K)->91840K(99500K) NonClass: 79317K(83884K)->79317K(83884K) Class: 12522K(15616K)->12522K(15616K)
[2020-08-12T20:17:06.078+0000][6][gc           ] GC(25) Pause Young (Normal) (G1 Evacuation Pause) 246M->148M(2048M) 46.807ms
[2020-08-12T20:17:06.078+0000][6][gc,cpu       ] GC(25) User=0.04s Sys=0.00s Real=0.05s
[2020-08-12T20:17:06.078+0000][6][safepoint    ] Safepoint "G1CollectForAllocation", Time since last: 161224954 ns, Reaching safepoint: 363072 ns, At safepoint: 47028018 ns, Total: 47391090 ns
[2020-08-12T20:17:07.634+0000][6][safepoint    ] Safepoint "Cleanup", Time since last: 1511540343 ns, Reaching safepoint: 43609635 ns, At safepoint: 25963 ns, Total: 43635598 ns
[2020-08-12T20:17:09.477+0000][6][safepoint    ] Safepoint "Cleanup", Time since last: 1843115473 ns, Reaching safepoint: 313097 ns, At safepoint: 12063 ns, Total: 325160 ns
[2020-08-12T20:17:10.765+0000][6][safepoint    ] Safepoint "Cleanup", Time since last: 1287527481 ns, Reaching safepoint: 277085 ns, At safepoint: 11350 ns, Total: 288435 ns
[2020-08-12T20:17:11.765+0000][6][safepoint    ] Safepoint "Cleanup", Time since last: 1000237619 ns, Reaching safepoint: 266835 ns, At safepoint: 11525 ns, Total: 278360 ns
[2020-08-12T20:17:12.766+0000][6][safepoint    ] Safepoint "Cleanup", Time since last: 1000190968 ns, Reaching safepoint: 508296 ns, At safepoint: 24987 ns, Total: 533283 ns
[2020-08-12T20:17:13.767+0000][6][safepoint    ] Safepoint "Cleanup", Time since last: 1000273393 ns, Reaching safepoint: 671357 ns, At safepoint: 45925 ns, Total: 717282 ns
[2020-08-12T20:17:15.497+0000][6][safepoint    ] Safepoint "Cleanup", Time since last: 1729922940 ns, Reaching safepoint: 283335 ns, At safepoint: 19625 ns, Total: 302960 ns
[2020-08-12T20:17:16.498+0000][6][safepoint    ] Safepoint "Cleanup", Time since last: 1000234768 ns, Reaching safepoint: 276372 ns, At safepoint: 19888 ns, Total: 296260 ns
[2020-08-12T20:17:17.498+0000][6][safepoint    ] Safepoint "Cleanup", Time since last: 1000201931 ns, Reaching safepoint: 233798 ns, At safepoint: 12250 ns, Total: 246048 ns
[2020-08-12T20:17:18.499+0000][6][safepoint    ] Safepoint "Cleanup", Time since last: 1000189818 ns, Reaching safepoint: 421972 ns, At safepoint: 32287 ns, Total: 454259 ns
[2020-08-12T20:17:19.499+0000][6][safepoint    ] Safepoint "Cleanup", Time since last: 1000195581 ns, Reaching safepoint: 274923 ns, At safepoint: 11249 ns, Total: 286172 ns
[2020-08-12T20:17:20.748+0000][6][safepoint    ] Safepoint "Cleanup", Time since last: 1248230610 ns, Reaching safepoint: 301360 ns, At safepoint: 11950 ns, Total: 313310 ns
[2020-08-12T20:17:22.201+0000][6][safepoint    ] Safepoint "Cleanup", Time since last: 1452603865 ns, Reaching safepoint: 268560 ns, At safepoint: 11438 ns, Total: 279998 ns
[2020-08-12T20:17:23.201+0000][6][safepoint    ] Safepoint "Cleanup", Time since last: 1000198456 ns, Reaching safepoint: 264610 ns, At safepoint: 10887 ns, Total: 275497 ns
[2020-08-12T20:17:24.202+0000][6][safepoint    ] Safepoint "Cleanup", Time since last: 1000195031 ns, Reaching safepoint: 252998 ns, At safepoint: 10750 ns, Total: 263748 ns
[2020-08-12T20:17:26.056+0000][6][safepoint    ] Safepoint "Cleanup", Time since last: 1854423663 ns, Reaching safepoint: 293848 ns, At safepoint: 11012 ns, Total: 304860 ns
[2020-08-12T20:17:27.057+0000][6][safepoint    ] Safepoint "Cleanup", Time since last: 1000174256 ns, Reaching safepoint: 266923 ns, At safepoint: 10925 ns, Total: 277848 ns
[2020-08-12T20:17:28.057+0000][6][safepoint    ] Safepoint "Cleanup", Time since last: 1000189718 ns, Reaching safepoint: 248948 ns, At safepoint: 10638 ns, Total: 259586 ns
[2020-08-12T20:17:29.058+0000][6][safepoint    ] Safepoint "Cleanup", Time since last: 1000175306 ns, Reaching safepoint: 395821 ns, At safepoint: 20113 ns, Total: 415934 ns
[2020-08-12T20:17:30.754+0000][6][safepoint    ] Safepoint "Cleanup", Time since last: 1695109554 ns, Reaching safepoint: 539658 ns, At safepoint: 24875 ns, Total: 564533 ns
[2020-08-12T20:17:31.754+0000][6][safepoint    ] Safepoint "Cleanup", Time since last: 1000221606 ns, Reaching safepoint: 291997 ns, At safepoint: 11487 ns, Total: 303484 ns
[2020-08-12T20:17:32.755+0000][6][safepoint    ] Safepoint "Cleanup", Time since last: 1000178069 ns, Reaching safepoint: 252060 ns, At safepoint: 10963 ns, Total: 263023 ns
[2020-08-12T20:17:33.755+0000][6][safepoint    ] Safepoint "Cleanup", Time since last: 1000176069 ns, Reaching safepoint: 289410 ns, At safepoint: 11124 ns, Total: 300534 ns
[2020-08-12T20:17:34.756+0000][6][safepoint    ] Safepoint "Cleanup", Time since last: 1000165419 ns, Reaching safepoint: 413034 ns, At safepoint: 14963 ns, Total: 427997 ns
[2020-08-12T20:17:36.228+0000][6][safepoint    ] Safepoint "Cleanup", Time since last: 1471804286 ns, Reaching safepoint: 300885 ns, At safepoint: 11063 ns, Total: 311948 ns
[2020-08-12T20:17:37.231+0000][6][safepoint    ] Safepoint "Cleanup", Time since last: 1002161751 ns, Reaching safepoint: 1512012 ns, At safepoint: 26238 ns, Total: 1538250 ns
[2020-08-12T20:17:38.428+0000][6][safepoint    ] Safepoint "Cleanup", Time since last: 1195601939 ns, Reaching safepoint: 537158 ns, At safepoint: 27100 ns, Total: 564258 ns
[2020-08-12T20:17:39.428+0000][6][safepoint    ] Safepoint "Cleanup", Time since last: 1000284905 ns, Reaching safepoint: 349397 ns, At safepoint: 16638 ns, Total: 366035 ns
[2020-08-12T20:17:40.756+0000][6][safepoint    ] Safepoint "Cleanup", Time since last: 1327833183 ns, Reaching safepoint: 250147 ns, At safepoint: 11025 ns, Total: 261172 ns
[2020-08-12T20:17:41.757+0000][6][safepoint    ] Safepoint "Cleanup", Time since last: 1000186419 ns, Reaching safepoint: 360859 ns, At safepoint: 16225 ns, Total: 377084 ns
[2020-08-12T20:17:42.758+0000][6][safepoint    ] Safepoint "Cleanup", Time since last: 1000224806 ns, Reaching safepoint: 594807 ns, At safepoint: 32050 ns, Total: 626857 ns
[2020-08-12T20:17:43.758+0000][6][safepoint    ] Safepoint "Cleanup", Time since last: 1000322580 ns, Reaching safepoint: 262935 ns, At safepoint: 10850 ns, Total: 273785 ns
[2020-08-12T20:17:44.763+0000][6][safepoint    ] Safepoint "Cleanup", Time since last: 1000806001 ns, Reaching safepoint: 3843342 ns, At safepoint: 27387 ns, Total: 3870729 ns
[2020-08-12T20:17:46.145+0000][6][safepoint    ] Safepoint "Cleanup", Time since last: 1381197071 ns, Reaching safepoint: 283223 ns, At safepoint: 10737 ns, Total: 293960 ns
[2020-08-12T20:17:47.145+0000][6][safepoint    ] Safepoint "Cleanup", Time since last: 1000183656 ns, Reaching safepoint: 283948 ns, At safepoint: 11062 ns, Total: 295010 ns
[2020-08-12T20:17:48.146+0000][6][safepoint    ] Safepoint "Cleanup", Time since last: 1000205856 ns, Reaching safepoint: 271723 ns, At safepoint: 11650 ns, Total: 283373 ns
[2020-08-12T20:17:49.146+0000][6][safepoint    ] Safepoint "Cleanup", Time since last: 1000195581 ns, Reaching safepoint: 273010 ns, At safepoint: 11512 ns, Total: 284522 ns
[2020-08-12T20:17:50.146+0000][6][safepoint    ] Safepoint "Cleanup", Time since last: 1000171469 ns, Reaching safepoint: 261535 ns, At safepoint: 10550 ns, Total: 272085 ns
[2020-08-12T20:17:51.147+0000][6][safepoint    ] Safepoint "Cleanup", Time since last: 1000171169 ns, Reaching safepoint: 278522 ns, At safepoint: 11375 ns, Total: 289897 ns
[2020-08-12T20:17:52.147+0000][6][safepoint    ] Safepoint "Cleanup", Time since last: 1000202744 ns, Reaching safepoint: 352672 ns, At safepoint: 16962 ns, Total: 369634 ns
[2020-08-12T20:17:53.148+0000][6][safepoint    ] Safepoint "Cleanup", Time since last: 1000283305 ns, Reaching safepoint: 434622 ns, At safepoint: 28687 ns, Total: 463309 ns
[2020-08-12T20:17:54.149+0000][6][safepoint    ] Safepoint "Cleanup", Time since last: 1000227931 ns, Reaching safepoint: 374946 ns, At safepoint: 16313 ns, Total: 391259 ns
[2020-08-12T20:17:54.671+0000][6][gc,start     ] GC(26) Pause Young (Normal) (G1 Evacuation Pause)
[2020-08-12T20:17:54.671+0000][6][gc,task      ] GC(26) Using 2 workers of 2 for evacuation
[2020-08-12T20:17:54.671+0000][6][gc,age       ] GC(26) Desired survivor size 6815744 bytes, new threshold 15 (max threshold 15)
[2020-08-12T20:17:54.695+0000][6][gc,age       ] GC(26) Age table with threshold 15 (max threshold 15)
[2020-08-12T20:17:54.695+0000][6][gc,age       ] GC(26) - age   1:   10041800 bytes,   10041800 total
[2020-08-12T20:17:54.695+0000][6][gc,age       ] GC(26) - age   2:     627528 bytes,   10669328 total
[2020-08-12T20:17:54.695+0000][6][gc,age       ] GC(26) - age   3:     453656 bytes,   11122984 total
[2020-08-12T20:17:54.695+0000][6][gc,phases    ] GC(26)   Pre Evacuate Collection Set: 0.8ms
[2020-08-12T20:17:54.695+0000][6][gc,phases    ] GC(26)   Merge Heap Roots: 0.3ms
[2020-08-12T20:17:54.695+0000][6][gc,phases    ] GC(26)   Evacuate Collection Set: 20.9ms
[2020-08-12T20:17:54.695+0000][6][gc,phases    ] GC(26)   Post Evacuate Collection Set: 2.1ms
[2020-08-12T20:17:54.695+0000][6][gc,phases    ] GC(26)   Other: 0.5ms
[2020-08-12T20:17:54.695+0000][6][gc,heap      ] GC(26) Eden regions: 98->0(91)
[2020-08-12T20:17:54.695+0000][6][gc,heap      ] GC(26) Survivor regions: 4->11(13)
[2020-08-12T20:17:54.695+0000][6][gc,heap      ] GC(26) Old regions: 69->69
[2020-08-12T20:17:54.695+0000][6][gc,heap      ] GC(26) Archive regions: 2->2
[2020-08-12T20:17:54.695+0000][6][gc,heap      ] GC(26) Humongous regions: 75->75
[2020-08-12T20:17:54.695+0000][6][gc,metaspace ] GC(26) Metaspace: 92329K(100012K)->92329K(100012K) NonClass: 79779K(84396K)->79779K(84396K) Class: 12549K(15616K)->12549K(15616K)
[2020-08-12T20:17:54.695+0000][6][gc           ] GC(26) Pause Young (Normal) (G1 Evacuation Pause) 246M->155M(2048M) 24.898ms
[2020-08-12T20:17:54.696+0000][6][gc,cpu       ] GC(26) User=0.05s Sys=0.01s Real=0.03s
[2020-08-12T20:17:54.696+0000][6][safepoint    ] Safepoint "G1CollectForAllocation", Time since last: 521305001 ns, Reaching safepoint: 333222 ns, At safepoint: 25113107 ns, Total: 25446329 ns
[2020-08-12T20:17:55.824+0000][6][safepoint    ] Safepoint "Cleanup", Time since last: 1127451255 ns, Reaching safepoint: 440534 ns, At safepoint: 45262 ns, Total: 485796 ns
[2020-08-12T20:17:56.824+0000][6][safepoint    ] Safepoint "Cleanup", Time since last: 1000397179 ns, Reaching safepoint: 489108 ns, At safepoint: 36263 ns, Total: 525371 ns
[2020-08-12T20:17:57.825+0000][6][safepoint    ] Safepoint "Cleanup", Time since last: 1000258068 ns, Reaching safepoint: 475145 ns, At safepoint: 21625 ns, Total: 496770 ns
[2020-08-12T20:17:58.826+0000][6][safepoint    ] Safepoint "Cleanup", Time since last: 1000278481 ns, Reaching safepoint: 226348 ns, At safepoint: 11237 ns, Total: 237585 ns
[2020-08-12T20:18:00.762+0000][6][safepoint    ] Safepoint "Cleanup", Time since last: 1935549511 ns, Reaching safepoint: 465296 ns, At safepoint: 47762 ns, Total: 513058 ns
[2020-08-12T20:18:01.763+0000][6][safepoint    ] Safepoint "Cleanup", Time since last: 1000434841 ns, Reaching safepoint: 399984 ns, At safepoint: 44800 ns, Total: 444784 ns
[2020-08-12T20:18:02.763+0000][6][safepoint    ] Safepoint "Cleanup", Time since last: 1000406267 ns, Reaching safepoint: 355884 ns, At safepoint: 18025 ns, Total: 373909 ns
[2020-08-12T20:18:03.764+0000][6][safepoint    ] Safepoint "Cleanup", Time since last: 1000204319 ns, Reaching safepoint: 331884 ns, At safepoint: 34250 ns, Total: 366134 ns
[2020-08-12T20:18:04.780+0000][6][safepoint    ] Safepoint "Cleanup", Time since last: 1011106749 ns, Reaching safepoint: 4758584 ns, At safepoint: 35312 ns, Total: 4793896 ns
[2020-08-12T20:18:05.780+0000][6][safepoint    ] Safepoint "Cleanup", Time since last: 1000268281 ns, Reaching safepoint: 278235 ns, At safepoint: 25112 ns, Total: 303347 ns
[2020-08-12T20:18:06.781+0000][6][safepoint    ] Safepoint "Cleanup", Time since last: 1000207931 ns, Reaching safepoint: 323110 ns, At safepoint: 17762 ns, Total: 340872 ns
[2020-08-12T20:18:07.782+0000][6][safepoint    ] Safepoint "Cleanup", Time since last: 1000191143 ns, Reaching safepoint: 285410 ns, At safepoint: 25300 ns, Total: 310710 ns
[2020-08-12T20:18:08.782+0000][6][safepoint    ] Safepoint "Cleanup", Time since last: 1000206494 ns, Reaching safepoint: 338872 ns, At safepoint: 17475 ns, Total: 356347 ns
[2020-08-12T20:18:09.783+0000][6][safepoint    ] Safepoint "Cleanup", Time since last: 1000200843 ns, Reaching safepoint: 354610 ns, At safepoint: 15299 ns, Total: 369909 ns
[2020-08-12T20:18:10.783+0000][6][safepoint    ] Safepoint "Cleanup", Time since last: 1000224106 ns, Reaching safepoint: 264898 ns, At safepoint: 11037 ns, Total: 275935 ns
[2020-08-12T20:18:11.784+0000][6][safepoint    ] Safepoint "Cleanup", Time since last: 1000205656 ns, Reaching safepoint: 651320 ns, At safepoint: 29887 ns, Total: 681207 ns
[2020-08-12T20:18:12.785+0000][6][safepoint    ] Safepoint "Cleanup", Time since last: 1000242181 ns, Reaching safepoint: 263485 ns, At safepoint: 11225 ns, Total: 274710 ns
[2020-08-12T20:18:13.785+0000][6][safepoint    ] Safepoint "Cleanup", Time since last: 1000191343 ns, Reaching safepoint: 275585 ns, At safepoint: 10850 ns, Total: 286435 ns
[2020-08-12T20:18:14.848+0000][6][safepoint    ] Safepoint "Cleanup", Time since last: 1062814627 ns, Reaching safepoint: 299160 ns, At safepoint: 10962 ns, Total: 310122 ns
[2020-08-12T20:18:15.849+0000][6][safepoint    ] Safepoint "Cleanup", Time since last: 1000250831 ns, Reaching safepoint: 508670 ns, At safepoint: 18613 ns, Total: 527283 ns
[2020-08-12T20:18:16.850+0000][6][safepoint    ] Safepoint "Cleanup", Time since last: 1000195518 ns, Reaching safepoint: 565483 ns, At safepoint: 12562 ns, Total: 578045 ns
[2020-08-12T20:18:17.850+0000][6][safepoint    ] Safepoint "Cleanup", Time since last: 1000260156 ns, Reaching safepoint: 238260 ns, At safepoint: 10788 ns, Total: 249048 ns
[2020-08-12T20:18:18.851+0000][6][safepoint    ] Safepoint "Cleanup", Time since last: 1000170106 ns, Reaching safepoint: 247998 ns, At safepoint: 10612 ns, Total: 258610 ns
[2020-08-12T20:18:20.783+0000][6][safepoint    ] Safepoint "Cleanup", Time since last: 1931636970 ns, Reaching safepoint: 361947 ns, At safepoint: 17487 ns, Total: 379434 ns
[2020-08-12T20:18:21.783+0000][6][safepoint    ] Safepoint "Cleanup", Time since last: 1000205594 ns, Reaching safepoint: 370259 ns, At safepoint: 18750 ns, Total: 389009 ns
[2020-08-12T20:18:22.784+0000][6][safepoint    ] Safepoint "Cleanup", Time since last: 1000227293 ns, Reaching safepoint: 554945 ns, At safepoint: 25837 ns, Total: 580782 ns
[2020-08-12T20:18:23.785+0000][6][safepoint    ] Safepoint "Cleanup", Time since last: 1000224181 ns, Reaching safepoint: 343797 ns, At safepoint: 16500 ns, Total: 360297 ns
[2020-08-12T20:18:24.823+0000][6][safepoint    ] Safepoint "Cleanup", Time since last: 1020313532 ns, Reaching safepoint: 18343329 ns, At safepoint: 17637 ns, Total: 18360966 ns
[2020-08-12T20:18:25.824+0000][6][safepoint    ] Safepoint "Cleanup", Time since last: 1000277206 ns, Reaching safepoint: 656719 ns, At safepoint: 28375 ns, Total: 685094 ns
[2020-08-12T20:18:26.825+0000][6][safepoint    ] Safepoint "Cleanup", Time since last: 1000289630 ns, Reaching safepoint: 497071 ns, At safepoint: 33024 ns, Total: 530095 ns
[2020-08-12T20:18:27.826+0000][6][safepoint    ] Safepoint "Cleanup", Time since last: 1000272006 ns, Reaching safepoint: 430471 ns, At safepoint: 49850 ns, Total: 480321 ns
[2020-08-12T20:18:28.827+0000][6][safepoint    ] Safepoint "Cleanup", Time since last: 1000234380 ns, Reaching safepoint: 405697 ns, At safepoint: 20325 ns, Total: 426022 ns
[2020-08-12T20:18:29.827+0000][6][safepoint    ] Safepoint "Cleanup", Time since last: 1000266280 ns, Reaching safepoint: 448359 ns, At safepoint: 20937 ns, Total: 469296 ns
[2020-08-12T20:18:30.828+0000][6][safepoint    ] Safepoint "Cleanup", Time since last: 1000251280 ns, Reaching safepoint: 648132 ns, At safepoint: 30938 ns, Total: 679070 ns
[2020-08-12T20:18:31.829+0000][6][safepoint    ] Safepoint "Cleanup", Time since last: 1000246118 ns, Reaching safepoint: 261360 ns, At safepoint: 11375 ns, Total: 272735 ns
[2020-08-12T20:18:32.829+0000][6][safepoint    ] Safepoint "Cleanup", Time since last: 1000171381 ns, Reaching safepoint: 258673 ns, At safepoint: 10662 ns, Total: 269335 ns
[2020-08-12T20:18:33.830+0000][6][safepoint    ] Safepoint "Cleanup", Time since last: 1000176819 ns, Reaching safepoint: 258285 ns, At safepoint: 11113 ns, Total: 269398 ns
[2020-08-12T20:18:35.791+0000][6][safepoint    ] Safepoint "Cleanup", Time since last: 1961041377 ns, Reaching safepoint: 528096 ns, At safepoint: 18287 ns, Total: 546383 ns
[2020-08-12T20:18:36.792+0000][6][safepoint    ] Safepoint "Cleanup", Time since last: 1000190344 ns, Reaching safepoint: 336959 ns, At safepoint: 15313 ns, Total: 352272 ns
[2020-08-12T20:18:37.792+0000][6][safepoint    ] Safepoint "Cleanup", Time since last: 1000194056 ns, Reaching safepoint: 443108 ns, At safepoint: 22375 ns, Total: 465483 ns
[2020-08-12T20:18:38.793+0000][6][safepoint    ] Safepoint "Cleanup", Time since last: 1000186769 ns, Reaching safepoint: 413321 ns, At safepoint: 17600 ns, Total: 430921 ns
[2020-08-12T20:18:40.784+0000][6][safepoint    ] Safepoint "Cleanup", Time since last: 1990056327 ns, Reaching safepoint: 539695 ns, At safepoint: 45875 ns, Total: 585570 ns
[2020-08-12T20:18:41.785+0000][6][safepoint    ] Safepoint "Cleanup", Time since last: 1000453616 ns, Reaching safepoint: 573895 ns, At safepoint: 43700 ns, Total: 617595 ns
[2020-08-12T20:18:42.785+0000][6][safepoint    ] Safepoint "Cleanup", Time since last: 1000432166 ns, Reaching safepoint: 263023 ns, At safepoint: 10862 ns, Total: 273885 ns
[2020-08-12T20:18:43.786+0000][6][safepoint    ] Safepoint "Cleanup", Time since last: 1000188769 ns, Reaching safepoint: 722806 ns, At safepoint: 46925 ns, Total: 769731 ns
[2020-08-12T20:18:44.800+0000][6][safepoint    ] Safepoint "Cleanup", Time since last: 1000297192 ns, Reaching safepoint: 13335198 ns, At safepoint: 66636 ns, Total: 13401834 ns
[2020-08-12T20:18:45.801+0000][6][safepoint    ] Safepoint "Cleanup", Time since last: 1000242094 ns, Reaching safepoint: 261872 ns, At safepoint: 11088 ns, Total: 272960 ns
[2020-08-12T20:18:46.801+0000][6][safepoint    ] Safepoint "Cleanup", Time since last: 1000180131 ns, Reaching safepoint: 330860 ns, At safepoint: 18087 ns, Total: 348947 ns
[2020-08-12T20:18:47.802+0000][6][safepoint    ] Safepoint "Cleanup", Time since last: 1000290168 ns, Reaching safepoint: 504383 ns, At safepoint: 29587 ns, Total: 533970 ns
[2020-08-12T20:18:48.803+0000][6][safepoint    ] Safepoint "Cleanup", Time since last: 1000241668 ns, Reaching safepoint: 346722 ns, At safepoint: 24712 ns, Total: 371434 ns
[2020-08-12T20:18:49.803+0000][6][safepoint    ] Safepoint "Cleanup", Time since last: 1000219656 ns, Reaching safepoint: 282923 ns, At safepoint: 16150 ns, Total: 299073 ns
[2020-08-12T20:18:50.804+0000][6][safepoint    ] Safepoint "Cleanup", Time since last: 1000193418 ns, Reaching safepoint: 376910 ns, At safepoint: 47687 ns, Total: 424597 ns
[2020-08-12T20:18:51.804+0000][6][safepoint    ] Safepoint "Cleanup", Time since last: 1000389054 ns, Reaching safepoint: 268698 ns, At safepoint: 28237 ns, Total: 296935 ns
[2020-08-12T20:18:52.805+0000][6][safepoint    ] Safepoint "Cleanup", Time since last: 1000222706 ns, Reaching safepoint: 308322 ns, At safepoint: 22800 ns, Total: 331122 ns
[2020-08-12T20:18:53.805+0000][6][safepoint    ] Safepoint "Cleanup", Time since last: 1000197556 ns, Reaching safepoint: 274360 ns, At safepoint: 11262 ns, Total: 285622 ns
[2020-08-12T20:18:54.583+0000][6][gc,start     ] GC(27) Pause Young (Normal) (G1 Evacuation Pause)
[2020-08-12T20:18:54.584+0000][6][gc,task      ] GC(27) Using 2 workers of 2 for evacuation
[2020-08-12T20:18:54.584+0000][6][gc,age       ] GC(27) Desired survivor size 6815744 bytes, new threshold 1 (max threshold 15)
[2020-08-12T20:18:55.046+0000][6][gc,age       ] GC(27) Age table with threshold 1 (max threshold 15)
[2020-08-12T20:18:55.046+0000][6][gc,age       ] GC(27) - age   1:     169392 bytes,     169392 total
[2020-08-12T20:18:55.046+0000][6][gc,mmu       ] GC(27) MMU target violated: 201.0ms (200.0ms/201.0ms)
[2020-08-12T20:18:55.046+0000][6][gc,phases    ] GC(27)   Pre Evacuate Collection Set: 0.6ms
[2020-08-12T20:18:55.046+0000][6][gc,phases    ] GC(27)   Merge Heap Roots: 0.4ms
[2020-08-12T20:18:55.046+0000][6][gc,phases    ] GC(27)   Evacuate Collection Set: 458.2ms
[2020-08-12T20:18:55.046+0000][6][gc,phases    ] GC(27)   Post Evacuate Collection Set: 2.8ms
[2020-08-12T20:18:55.046+0000][6][gc,phases    ] GC(27)   Other: 0.6ms
[2020-08-12T20:18:55.046+0000][6][gc,heap      ] GC(27) Eden regions: 91->0(101)
[2020-08-12T20:18:55.046+0000][6][gc,heap      ] GC(27) Survivor regions: 11->1(13)
[2020-08-12T20:18:55.046+0000][6][gc,heap      ] GC(27) Old regions: 69->80
[2020-08-12T20:18:55.046+0000][6][gc,heap      ] GC(27) Archive regions: 2->2
[2020-08-12T20:18:55.046+0000][6][gc,heap      ] GC(27) Humongous regions: 75->75
[2020-08-12T20:18:55.046+0000][6][gc,metaspace ] GC(27) Metaspace: 92736K(100524K)->92736K(100524K) NonClass: 80180K(84908K)->80180K(84908K) Class: 12556K(15616K)->12556K(15616K)
[2020-08-12T20:18:55.046+0000][6][gc           ] GC(27) Pause Young (Normal) (G1 Evacuation Pause) 246M->156M(2048M) 462.866ms
[2020-08-12T20:18:55.046+0000][6][gc,cpu       ] GC(27) User=0.06s Sys=0.04s Real=0.47s
[2020-08-12T20:18:55.046+0000][6][safepoint    ] Safepoint "G1CollectForAllocation", Time since last: 776494768 ns, Reaching safepoint: 1432225 ns, At safepoint: 463109742 ns, Total: 464541967 ns
[2020-08-12T20:18:56.317+0000][6][safepoint    ] Safepoint "Cleanup", Time since last: 1270017645 ns, Reaching safepoint: 652420 ns, At safepoint: 35462 ns, Total: 687882 ns
[2020-08-12T20:18:57.318+0000][6][safepoint    ] Safepoint "Cleanup", Time since last: 1000303580 ns, Reaching safepoint: 866580 ns, At safepoint: 43062 ns, Total: 909642 ns
[2020-08-12T20:18:58.319+0000][6][safepoint    ] Safepoint "Cleanup", Time since last: 1000428204 ns, Reaching safepoint: 281673 ns, At safepoint: 10812 ns, Total: 292485 ns
[2020-08-12T20:18:59.320+0000][6][safepoint    ] Safepoint "Cleanup", Time since last: 1000184307 ns, Reaching safepoint: 367996 ns, At safepoint: 17775 ns, Total: 385771 ns
[2020-08-12T20:19:00.781+0000][6][safepoint    ] Safepoint "Cleanup", Time since last: 1460557459 ns, Reaching safepoint: 336635 ns, At safepoint: 14875 ns, Total: 351510 ns
[2020-08-12T20:19:01.781+0000][6][safepoint    ] Safepoint "Cleanup", Time since last: 1000198168 ns, Reaching safepoint: 438409 ns, At safepoint: 21650 ns, Total: 460059 ns
[2020-08-12T20:19:02.782+0000][6][safepoint    ] Safepoint "Cleanup", Time since last: 1000230568 ns, Reaching safepoint: 444121 ns, At safepoint: 18513 ns, Total: 462634 ns
[2020-08-12T20:19:03.783+0000][6][safepoint    ] Safepoint "Cleanup", Time since last: 1000216668 ns, Reaching safepoint: 412559 ns, At safepoint: 53287 ns, Total: 465846 ns
[2020-08-12T20:19:04.801+0000][6][safepoint    ] Safepoint "Cleanup", Time since last: 1017759729 ns, Reaching safepoint: 445259 ns, At safepoint: 41437 ns, Total: 486696 ns
[2020-08-12T20:19:05.802+0000][6][safepoint    ] Safepoint "Cleanup", Time since last: 1000346992 ns, Reaching safepoint: 627495 ns, At safepoint: 107149 ns, Total: 734644 ns
[2020-08-12T20:19:06.405+0000][6][safepoint    ] Safepoint "BulkRevokeBias", Time since last: 600857237 ns, Reaching safepoint: 515483 ns, At safepoint: 1354501 ns, Total: 1869984 ns
[2020-08-12T20:19:07.405+0000][6][safepoint    ] Safepoint "Cleanup", Time since last: 1000245193 ns, Reaching safepoint: 268085 ns, At safepoint: 11212 ns, Total: 279297 ns
[2020-08-12T20:19:09.142+0000][6][safepoint    ] Safepoint "Cleanup", Time since last: 1736326735 ns, Reaching safepoint: 275048 ns, At safepoint: 11187 ns, Total: 286235 ns
[2020-08-12T20:19:10.143+0000][6][safepoint    ] Safepoint "Cleanup", Time since last: 1000346193 ns, Reaching safepoint: 533533 ns, At safepoint: 44224 ns, Total: 577757 ns
[2020-08-12T20:19:11.144+0000][6][safepoint    ] Safepoint "Cleanup", Time since last: 1000473304 ns, Reaching safepoint: 919417 ns, At safepoint: 43212 ns, Total: 962629 ns
[2020-08-12T20:19:12.146+0000][6][safepoint    ] Safepoint "Cleanup", Time since last: 1000354042 ns, Reaching safepoint: 912680 ns, At safepoint: 43637 ns, Total: 956317 ns
[2020-08-12T20:19:13.146+0000][6][safepoint    ] Safepoint "Cleanup", Time since last: 1000301493 ns, Reaching safepoint: 646681 ns, At safepoint: 31425 ns, Total: 678106 ns
[2020-08-12T20:19:14.148+0000][6][safepoint    ] Safepoint "Cleanup", Time since last: 1000271143 ns, Reaching safepoint: 836055 ns, At safepoint: 43038 ns, Total: 879093 ns
[2020-08-12T20:19:14.784+0000][6][safepoint    ] Safepoint "BulkRevokeBias", Time since last: 632988696 ns, Reaching safepoint: 799493 ns, At safepoint: 2750064 ns, Total: 3549557 ns
[2020-08-12T20:19:15.865+0000][6][safepoint    ] Safepoint "Cleanup", Time since last: 1079934153 ns, Reaching safepoint: 482934 ns, At safepoint: 23324 ns, Total: 506258 ns
[2020-08-12T20:19:16.866+0000][6][safepoint    ] Safepoint "Cleanup", Time since last: 1000353930 ns, Reaching safepoint: 762769 ns, At safepoint: 44787 ns, Total: 807556 ns
[2020-08-12T20:19:17.867+0000][6][safepoint    ] Safepoint "Cleanup", Time since last: 1000393779 ns, Reaching safepoint: 658682 ns, At safepoint: 112824 ns, Total: 771506 ns
[2020-08-12T20:19:18.868+0000][6][safepoint    ] Safepoint "Cleanup", Time since last: 1000298430 ns, Reaching safepoint: 348697 ns, At safepoint: 18200 ns, Total: 366897 ns
[2020-08-12T20:19:20.791+0000][6][safepoint    ] Safepoint "Cleanup", Time since last: 1922922670 ns, Reaching safepoint: 270898 ns, At safepoint: 11887 ns, Total: 282785 ns
[2020-08-12T20:19:21.792+0000][6][safepoint    ] Safepoint "Cleanup", Time since last: 1000256993 ns, Reaching safepoint: 614220 ns, At safepoint: 52174 ns, Total: 666394 ns
[2020-08-12T20:19:22.793+0000][6][safepoint    ] Safepoint "Cleanup", Time since last: 1000401942 ns, Reaching safepoint: 591045 ns, At safepoint: 43700 ns, Total: 634745 ns
[2020-08-12T20:19:23.794+0000][6][safepoint    ] Safepoint "Cleanup", Time since last: 1000410704 ns, Reaching safepoint: 592895 ns, At safepoint: 43699 ns, Total: 636594 ns
[2020-08-12T20:19:24.896+0000][6][safepoint    ] Safepoint "Cleanup", Time since last: 1101886076 ns, Reaching safepoint: 387697 ns, At safepoint: 10837 ns, Total: 398534 ns
[2020-08-12T20:19:25.897+0000][6][safepoint    ] Safepoint "Cleanup", Time since last: 1000288555 ns, Reaching safepoint: 756331 ns, At safepoint: 45275 ns, Total: 801606 ns
[2020-08-12T20:19:26.898+0000][6][safepoint    ] Safepoint "Cleanup", Time since last: 1000348967 ns, Reaching safepoint: 593933 ns, At safepoint: 43249 ns, Total: 637182 ns
[2020-08-12T20:19:27.899+0000][6][safepoint    ] Safepoint "Cleanup", Time since last: 1000407717 ns, Reaching safepoint: 740681 ns, At safepoint: 51987 ns, Total: 792668 ns
[2020-08-12T20:19:28.900+0000][6][safepoint    ] Safepoint "Cleanup", Time since last: 1000310305 ns, Reaching safepoint: 636470 ns, At safepoint: 53174 ns, Total: 689644 ns
[2020-08-12T20:19:29.901+0000][6][safepoint    ] Safepoint "Cleanup", Time since last: 1000361767 ns, Reaching safepoint: 550871 ns, At safepoint: 43212 ns, Total: 594083 ns
[2020-08-12T20:19:30.902+0000][6][safepoint    ] Safepoint "Cleanup", Time since last: 1000342854 ns, Reaching safepoint: 541596 ns, At safepoint: 43162 ns, Total: 584758 ns
[2020-08-12T20:19:31.903+0000][6][safepoint    ] Safepoint "Cleanup", Time since last: 1000345430 ns, Reaching safepoint: 779268 ns, At safepoint: 45074 ns, Total: 824342 ns
[2020-08-12T20:19:32.904+0000][6][safepoint    ] Safepoint "Cleanup", Time since last: 1000329030 ns, Reaching safepoint: 401459 ns, At safepoint: 35350 ns, Total: 436809 ns
[2020-08-12T20:19:33.905+0000][6][safepoint    ] Safepoint "Cleanup", Time since last: 1000248656 ns, Reaching safepoint: 252073 ns, At safepoint: 11087 ns, Total: 263160 ns
[2020-08-12T20:19:35.773+0000][6][safepoint    ] Safepoint "Cleanup", Time since last: 1868311630 ns, Reaching safepoint: 310797 ns, At safepoint: 10788 ns, Total: 321585 ns
[2020-08-12T20:19:36.790+0000][6][safepoint    ] Safepoint "Cleanup", Time since last: 1015870020 ns, Reaching safepoint: 504408 ns, At safepoint: 38375 ns, Total: 542783 ns
[2020-08-12T20:19:37.791+0000][6][safepoint    ] Safepoint "Cleanup", Time since last: 1000398629 ns, Reaching safepoint: 452034 ns, At safepoint: 43525 ns, Total: 495559 ns
[2020-08-12T20:19:38.791+0000][6][safepoint    ] Safepoint "Cleanup", Time since last: 1000290430 ns, Reaching safepoint: 298960 ns, At safepoint: 14962 ns, Total: 313922 ns
[2020-08-12T20:19:40.791+0000][6][safepoint    ] Safepoint "Cleanup", Time since last: 1999022662 ns, Reaching safepoint: 924642 ns, At safepoint: 43087 ns, Total: 967729 ns
[2020-08-12T20:19:41.792+0000][6][safepoint    ] Safepoint "Cleanup", Time since last: 1000374179 ns, Reaching safepoint: 715944 ns, At safepoint: 44362 ns, Total: 760306 ns
[2020-08-12T20:19:42.793+0000][6][safepoint    ] Safepoint "Cleanup", Time since last: 1000346830 ns, Reaching safepoint: 571445 ns, At safepoint: 44525 ns, Total: 615970 ns
[2020-08-12T20:19:43.794+0000][6][safepoint    ] Safepoint "Cleanup", Time since last: 1000340505 ns, Reaching safepoint: 583582 ns, At safepoint: 43312 ns, Total: 626894 ns
[2020-08-12T20:19:44.880+0000][6][safepoint    ] Safepoint "BulkRevokeBias", Time since last: 1084930348 ns, Reaching safepoint: 319709 ns, At safepoint: 863605 ns, Total: 1183314 ns
[2020-08-12T20:19:45.881+0000][6][safepoint    ] Safepoint "Cleanup", Time since last: 1000213156 ns, Reaching safepoint: 540571 ns, At safepoint: 21150 ns, Total: 561721 ns
[2020-08-12T20:19:46.882+0000][6][safepoint    ] Safepoint "Cleanup", Time since last: 1000257417 ns, Reaching safepoint: 775519 ns, At safepoint: 55924 ns, Total: 831443 ns
[2020-08-12T20:19:47.883+0000][6][safepoint    ] Safepoint "Cleanup", Time since last: 1000336418 ns, Reaching safepoint: 524070 ns, At safepoint: 41612 ns, Total: 565682 ns
[2020-08-12T20:19:48.884+0000][6][safepoint    ] Safepoint "Cleanup", Time since last: 1000284468 ns, Reaching safepoint: 636045 ns, At safepoint: 24937 ns, Total: 660982 ns
[2020-08-12T20:19:49.886+0000][6][safepoint    ] Safepoint "Cleanup", Time since last: 1000276743 ns, Reaching safepoint: 1083365 ns, At safepoint: 43600 ns, Total: 1126965 ns
[2020-08-12T20:19:50.887+0000][6][safepoint    ] Safepoint "Cleanup", Time since last: 1000396117 ns, Reaching safepoint: 832868 ns, At safepoint: 43224 ns, Total: 876092 ns
[2020-08-12T20:19:51.888+0000][6][safepoint    ] Safepoint "Cleanup", Time since last: 1000397167 ns, Reaching safepoint: 870955 ns, At safepoint: 66550 ns, Total: 937505 ns
[2020-08-12T20:19:52.889+0000][6][safepoint    ] Safepoint "Cleanup", Time since last: 1000299042 ns, Reaching safepoint: 475609 ns, At safepoint: 55087 ns, Total: 530696 ns
[2020-08-12T20:19:53.890+0000][6][safepoint    ] Safepoint "Cleanup", Time since last: 1000351004 ns, Reaching safepoint: 601857 ns, At safepoint: 45588 ns, Total: 647445 ns
[2020-08-12T20:19:54.929+0000][6][safepoint    ] Safepoint "Cleanup", Time since last: 1016370378 ns, Reaching safepoint: 23103988 ns, At safepoint: 23124 ns, Total: 23127112 ns
[2020-08-12T20:19:55.059+0000][6][gc,start     ] GC(28) Pause Young (Normal) (G1 Evacuation Pause)
[2020-08-12T20:19:55.059+0000][6][gc,task      ] GC(28) Using 2 workers of 2 for evacuation
[2020-08-12T20:19:55.059+0000][6][gc,age       ] GC(28) Desired survivor size 6815744 bytes, new threshold 15 (max threshold 15)
[2020-08-12T20:19:55.071+0000][6][gc,age       ] GC(28) Age table with threshold 15 (max threshold 15)
[2020-08-12T20:19:55.071+0000][6][gc,age       ] GC(28) - age   1:     244840 bytes,     244840 total
[2020-08-12T20:19:55.071+0000][6][gc,age       ] GC(28) - age   2:     136248 bytes,     381088 total
[2020-08-12T20:19:55.071+0000][6][gc,phases    ] GC(28)   Pre Evacuate Collection Set: 0.9ms
[2020-08-12T20:19:55.071+0000][6][gc,phases    ] GC(28)   Merge Heap Roots: 0.3ms
[2020-08-12T20:19:55.071+0000][6][gc,phases    ] GC(28)   Evacuate Collection Set: 7.9ms
[2020-08-12T20:19:55.071+0000][6][gc,phases    ] GC(28)   Post Evacuate Collection Set: 2.6ms
[2020-08-12T20:19:55.071+0000][6][gc,phases    ] GC(28)   Other: 0.6ms
[2020-08-12T20:19:55.071+0000][6][gc,heap      ] GC(28) Eden regions: 101->0(101)
[2020-08-12T20:19:55.071+0000][6][gc,heap      ] GC(28) Survivor regions: 1->1(13)
[2020-08-12T20:19:55.071+0000][6][gc,heap      ] GC(28) Old regions: 80->80
[2020-08-12T20:19:55.071+0000][6][gc,heap      ] GC(28) Archive regions: 2->2
[2020-08-12T20:19:55.071+0000][6][gc,heap      ] GC(28) Humongous regions: 75->75
[2020-08-12T20:19:55.071+0000][6][gc,metaspace ] GC(28) Metaspace: 93147K(100780K)->93147K(100780K) NonClass: 80591K(85164K)->80591K(85164K) Class: 12556K(15616K)->12556K(15616K)
[2020-08-12T20:19:55.071+0000][6][gc           ] GC(28) Pause Young (Normal) (G1 Evacuation Pause) 257M->156M(2048M) 12.461ms
[2020-08-12T20:19:55.071+0000][6][gc,cpu       ] GC(28) User=0.01s Sys=0.00s Real=0.01s
[2020-08-12T20:19:55.071+0000][6][safepoint    ] Safepoint "G1CollectForAllocation", Time since last: 128958434 ns, Reaching safepoint: 382847 ns, At safepoint: 12686365 ns, Total: 13069212 ns
[2020-08-12T20:19:56.072+0000][6][safepoint    ] Safepoint "Cleanup", Time since last: 1000300155 ns, Reaching safepoint: 617970 ns, At safepoint: 29337 ns, Total: 647307 ns
[2020-08-12T20:19:57.073+0000][6][safepoint    ] Safepoint "Cleanup", Time since last: 1000235806 ns, Reaching safepoint: 573808 ns, At safepoint: 60012 ns, Total: 633820 ns
[2020-08-12T20:19:58.074+0000][6][safepoint    ] Safepoint "Cleanup", Time since last: 1000279967 ns, Reaching safepoint: 495209 ns, At safepoint: 56937 ns, Total: 552146 ns
[2020-08-12T20:19:59.075+0000][6][safepoint    ] Safepoint "Cleanup", Time since last: 1000274905 ns, Reaching safepoint: 409421 ns, At safepoint: 60550 ns, Total: 469971 ns
[2020-08-12T20:20:00.790+0000][6][safepoint    ] Safepoint "Cleanup", Time since last: 1714851183 ns, Reaching safepoint: 491033 ns, At safepoint: 52475 ns, Total: 543508 ns
[2020-08-12T20:20:01.791+0000][6][safepoint    ] Safepoint "Cleanup", Time since last: 1000330730 ns, Reaching safepoint: 651307 ns, At safepoint: 51012 ns, Total: 702319 ns
[2020-08-12T20:20:02.792+0000][6][safepoint    ] Safepoint "Cleanup", Time since last: 1000342005 ns, Reaching safepoint: 644607 ns, At safepoint: 43712 ns, Total: 688319 ns
[2020-08-12T20:20:03.793+0000][6][safepoint    ] Safepoint "Cleanup", Time since last: 1000365792 ns, Reaching safepoint: 695044 ns, At safepoint: 50374 ns, Total: 745418 ns
[2020-08-12T20:20:04.870+0000][6][safepoint    ] Safepoint "Cleanup", Time since last: 1075985613 ns, Reaching safepoint: 410984 ns, At safepoint: 37150 ns, Total: 448134 ns
[2020-08-12T20:20:05.891+0000][6][safepoint    ] Safepoint "Cleanup", Time since last: 1017339457 ns, Reaching safepoint: 3455558 ns, At safepoint: 23250 ns, Total: 3478808 ns
[2020-08-12T20:20:06.892+0000][6][safepoint    ] Safepoint "Cleanup", Time since last: 1000304642 ns, Reaching safepoint: 891318 ns, At safepoint: 46349 ns, Total: 937667 ns
[2020-08-12T20:20:07.893+0000][6][safepoint    ] Safepoint "Cleanup", Time since last: 1000297930 ns, Reaching safepoint: 426022 ns, At safepoint: 20212 ns, Total: 446234 ns
[2020-08-12T20:20:08.893+0000][6][safepoint    ] Safepoint "Cleanup", Time since last: 1000198393 ns, Reaching safepoint: 531333 ns, At safepoint: 19125 ns, Total: 550458 ns
[2020-08-12T20:20:09.895+0000][6][safepoint    ] Safepoint "Cleanup", Time since last: 1000245156 ns, Reaching safepoint: 857467 ns, At safepoint: 42600 ns, Total: 900067 ns
[2020-08-12T20:20:10.897+0000][6][safepoint    ] Safepoint "Cleanup", Time since last: 1000314368 ns, Reaching safepoint: 2087044 ns, At safepoint: 34237 ns, Total: 2121281 ns
[2020-08-12T20:20:11.900+0000][6][safepoint    ] Safepoint "Cleanup", Time since last: 1002088065 ns, Reaching safepoint: 846193 ns, At safepoint: 43762 ns, Total: 889955 ns
[2020-08-12T20:20:12.902+0000][6][safepoint    ] Safepoint "Cleanup", Time since last: 1000352879 ns, Reaching safepoint: 1706473 ns, At safepoint: 63250 ns, Total: 1769723 ns
[2020-08-12T20:20:14.254+0000][6][safepoint    ] Safepoint "Cleanup", Time since last: 1350823834 ns, Reaching safepoint: 658094 ns, At safepoint: 43462 ns, Total: 701556 ns
[2020-08-12T20:20:15.888+0000][6][safepoint    ] Safepoint "Cleanup", Time since last: 1633573562 ns, Reaching safepoint: 1051628 ns, At safepoint: 75937 ns, Total: 1127565 ns
[2020-08-12T20:20:16.889+0000][6][safepoint    ] Safepoint "Cleanup", Time since last: 1000322180 ns, Reaching safepoint: 709119 ns, At safepoint: 44362 ns, Total: 753481 ns
[2020-08-12T20:20:17.891+0000][6][safepoint    ] Safepoint "Cleanup", Time since last: 1000349505 ns, Reaching safepoint: 848580 ns, At safepoint: 42875 ns, Total: 891455 ns
[2020-08-12T20:20:18.892+0000][6][safepoint    ] Safepoint "Cleanup", Time since last: 1000358504 ns, Reaching safepoint: 625895 ns, At safepoint: 34037 ns, Total: 659932 ns
[2020-08-12T20:20:20.795+0000][6][safepoint    ] Safepoint "Cleanup", Time since last: 1902706770 ns, Reaching safepoint: 362109 ns, At safepoint: 28513 ns, Total: 390622 ns
[2020-08-12T20:20:21.796+0000][6][safepoint    ] Safepoint "Cleanup", Time since last: 1000369279 ns, Reaching safepoint: 664345 ns, At safepoint: 153623 ns, Total: 817968 ns
[2020-08-12T20:20:22.797+0000][6][safepoint    ] Safepoint "Cleanup", Time since last: 1000346055 ns, Reaching safepoint: 689744 ns, At safepoint: 43562 ns, Total: 733306 ns
[2020-08-12T20:20:23.798+0000][6][safepoint    ] Safepoint "Cleanup", Time since last: 1000339067 ns, Reaching safepoint: 791943 ns, At safepoint: 43750 ns, Total: 835693 ns
[2020-08-12T20:20:24.977+0000][6][safepoint    ] Safepoint "Cleanup", Time since last: 1178596550 ns, Reaching safepoint: 348322 ns, At safepoint: 19112 ns, Total: 367434 ns
[2020-08-12T20:20:25.978+0000][6][safepoint    ] Safepoint "Cleanup", Time since last: 1000288580 ns, Reaching safepoint: 308560 ns, At safepoint: 15250 ns, Total: 323810 ns
[2020-08-12T20:20:26.979+0000][6][safepoint    ] Safepoint "Cleanup", Time since last: 1000255468 ns, Reaching safepoint: 575345 ns, At safepoint: 42650 ns, Total: 617995 ns
[2020-08-12T20:20:27.980+0000][6][safepoint    ] Safepoint "Cleanup", Time since last: 1000381642 ns, Reaching safepoint: 917654 ns, At safepoint: 72699 ns, Total: 990353 ns
[2020-08-12T20:20:28.981+0000][6][safepoint    ] Safepoint "Cleanup", Time since last: 1000359843 ns, Reaching safepoint: 563145 ns, At safepoint: 43637 ns, Total: 606782 ns
[2020-08-12T20:20:29.982+0000][6][safepoint    ] Safepoint "Cleanup", Time since last: 1000344342 ns, Reaching safepoint: 622907 ns, At safepoint: 45387 ns, Total: 668294 ns
[2020-08-12T20:20:30.983+0000][6][safepoint    ] Safepoint "Cleanup", Time since last: 1000302281 ns, Reaching safepoint: 351659 ns, At safepoint: 22925 ns, Total: 374584 ns
[2020-08-12T20:20:31.984+0000][6][safepoint    ] Safepoint "Cleanup", Time since last: 1000268480 ns, Reaching safepoint: 842068 ns, At safepoint: 145749 ns, Total: 987817 ns
[2020-08-12T20:20:32.985+0000][6][safepoint    ] Safepoint "Cleanup", Time since last: 1000342967 ns, Reaching safepoint: 984604 ns, At safepoint: 43162 ns, Total: 1027766 ns
[2020-08-12T20:20:33.987+0000][6][safepoint    ] Safepoint "Cleanup", Time since last: 1000344267 ns, Reaching safepoint: 870830 ns, At safepoint: 41900 ns, Total: 912730 ns
[2020-08-12T20:20:35.622+0000][6][safepoint    ] Safepoint "Cleanup", Time since last: 1633772722 ns, Reaching safepoint: 1633274 ns, At safepoint: 79499 ns, Total: 1712773 ns
[2020-08-12T20:20:36.851+0000][6][safepoint    ] Safepoint "Cleanup", Time since last: 1228835615 ns, Reaching safepoint: 379784 ns, At safepoint: 16412 ns, Total: 396196 ns
[2020-08-12T20:20:37.852+0000][6][safepoint    ] Safepoint "Cleanup", Time since last: 1000214906 ns, Reaching safepoint: 548633 ns, At safepoint: 23612 ns, Total: 572245 ns
[2020-08-12T20:20:38.853+0000][6][safepoint    ] Safepoint "Cleanup", Time since last: 1000300893 ns, Reaching safepoint: 794943 ns, At safepoint: 43050 ns, Total: 837993 ns
[2020-08-12T20:20:40.796+0000][6][safepoint    ] Safepoint "Cleanup", Time since last: 1941798657 ns, Reaching safepoint: 659319 ns, At safepoint: 22175 ns, Total: 681494 ns
[2020-08-12T20:20:41.797+0000][6][safepoint    ] Safepoint "Cleanup", Time since last: 1000229180 ns, Reaching safepoint: 571645 ns, At safepoint: 43400 ns, Total: 615045 ns
[2020-08-12T20:20:42.797+0000][6][safepoint    ] Safepoint "Cleanup", Time since last: 1000352017 ns, Reaching safepoint: 463934 ns, At safepoint: 33287 ns, Total: 497221 ns
[2020-08-12T20:20:43.798+0000][6][safepoint    ] Safepoint "Cleanup", Time since last: 1000346280 ns, Reaching safepoint: 612244 ns, At safepoint: 42188 ns, Total: 654432 ns
[2020-08-12T20:20:44.893+0000][6][safepoint    ] Safepoint "Cleanup", Time since last: 1094180792 ns, Reaching safepoint: 355810 ns, At safepoint: 11375 ns, Total: 367185 ns
[2020-08-12T20:20:45.899+0000][6][safepoint    ] Safepoint "Cleanup", Time since last: 1005192537 ns, Reaching safepoint: 1028229 ns, At safepoint: 27000 ns, Total: 1055229 ns
[2020-08-12T20:20:46.900+0000][6][safepoint    ] Safepoint "Cleanup", Time since last: 1000242043 ns, Reaching safepoint: 653294 ns, At safepoint: 50225 ns, Total: 703519 ns
[2020-08-12T20:20:47.901+0000][6][safepoint    ] Safepoint "Cleanup", Time since last: 1000345430 ns, Reaching safepoint: 705543 ns, At safepoint: 44313 ns, Total: 749856 ns
[2020-08-12T20:20:48.902+0000][6][safepoint    ] Safepoint "Cleanup", Time since last: 1000351629 ns, Reaching safepoint: 664007 ns, At safepoint: 44437 ns, Total: 708444 ns
[2020-08-12T20:20:49.906+0000][6][safepoint    ] Safepoint "Cleanup", Time since last: 1002067815 ns, Reaching safepoint: 1303776 ns, At safepoint: 58675 ns, Total: 1362451 ns
[2020-08-12T20:20:50.906+0000][6][safepoint    ] Safepoint "Cleanup", Time since last: 1000331417 ns, Reaching safepoint: 281110 ns, At safepoint: 16725 ns, Total: 297835 ns
[2020-08-12T20:20:51.907+0000][6][safepoint    ] Safepoint "Cleanup", Time since last: 1000245781 ns, Reaching safepoint: 661494 ns, At safepoint: 42749 ns, Total: 704243 ns
[2020-08-12T20:20:52.908+0000][6][safepoint    ] Safepoint "Cleanup", Time since last: 1000335355 ns, Reaching safepoint: 672395 ns, At safepoint: 46087 ns, Total: 718482 ns
[2020-08-12T20:20:53.910+0000][6][safepoint    ] Safepoint "Cleanup", Time since last: 1000349267 ns, Reaching safepoint: 916467 ns, At safepoint: 44700 ns, Total: 961167 ns
[2020-08-12T20:20:54.910+0000][6][safepoint    ] Safepoint "Cleanup", Time since last: 1000334054 ns, Reaching safepoint: 461971 ns, At safepoint: 14775 ns, Total: 476746 ns
[2020-08-12T20:20:55.962+0000][6][safepoint    ] Safepoint "Cleanup", Time since last: 1050580545 ns, Reaching safepoint: 427997 ns, At safepoint: 18987 ns, Total: 446984 ns
[2020-08-12T20:20:56.963+0000][6][safepoint    ] Safepoint "Cleanup", Time since last: 1000251580 ns, Reaching safepoint: 695782 ns, At safepoint: 51837 ns, Total: 747619 ns
[2020-08-12T20:20:57.964+0000][6][safepoint    ] Safepoint "Cleanup", Time since last: 1000430242 ns, Reaching safepoint: 892429 ns, At safepoint: 186224 ns, Total: 1078653 ns
[2020-08-12T20:20:58.965+0000][6][safepoint    ] Safepoint "Cleanup", Time since last: 1000306842 ns, Reaching safepoint: 625720 ns, At safepoint: 34825 ns, Total: 660545 ns
[2020-08-12T20:20:59.836+0000][6][safepoint    ] Safepoint "BulkRevokeBias", Time since last: 867436230 ns, Reaching safepoint: 672494 ns, At safepoint: 3303696 ns, Total: 3976190 ns
[2020-08-12T20:21:00.845+0000][6][safepoint    ] Safepoint "Cleanup", Time since last: 1007719641 ns, Reaching safepoint: 367010 ns, At safepoint: 33987 ns, Total: 400997 ns
[2020-08-12T20:21:01.846+0000][6][safepoint    ] Safepoint "Cleanup", Time since last: 1000278443 ns, Reaching safepoint: 895517 ns, At safepoint: 67199 ns, Total: 962716 ns
[2020-08-12T20:21:02.847+0000][6][safepoint    ] Safepoint "Cleanup", Time since last: 1000404317 ns, Reaching safepoint: 581720 ns, At safepoint: 50212 ns, Total: 631932 ns
[2020-08-12T20:21:03.848+0000][6][safepoint    ] Safepoint "Cleanup", Time since last: 1000462466 ns, Reaching safepoint: 592958 ns, At safepoint: 162236 ns, Total: 755194 ns
[2020-08-12T20:21:04.727+0000][6][gc,start     ] GC(29) Pause Young (Normal) (G1 Evacuation Pause)
[2020-08-12T20:21:04.727+0000][6][gc,task      ] GC(29) Using 2 workers of 2 for evacuation
[2020-08-12T20:21:04.727+0000][6][gc,age       ] GC(29) Desired survivor size 6815744 bytes, new threshold 15 (max threshold 15)
[2020-08-12T20:21:04.739+0000][6][gc,age       ] GC(29) Age table with threshold 15 (max threshold 15)
[2020-08-12T20:21:04.739+0000][6][gc,age       ] GC(29) - age   1:     125968 bytes,     125968 total
[2020-08-12T20:21:04.739+0000][6][gc,age       ] GC(29) - age   2:     185632 bytes,     311600 total
[2020-08-12T20:21:04.739+0000][6][gc,age       ] GC(29) - age   3:     135552 bytes,     447152 total
[2020-08-12T20:21:04.739+0000][6][gc,phases    ] GC(29)   Pre Evacuate Collection Set: 0.7ms
[2020-08-12T20:21:04.739+0000][6][gc,phases    ] GC(29)   Merge Heap Roots: 0.4ms
[2020-08-12T20:21:04.739+0000][6][gc,phases    ] GC(29)   Evacuate Collection Set: 7.0ms
[2020-08-12T20:21:04.740+0000][6][gc,phases    ] GC(29)   Post Evacuate Collection Set: 3.7ms
[2020-08-12T20:21:04.740+0000][6][gc,phases    ] GC(29)   Other: 1.1ms
[2020-08-12T20:21:04.740+0000][6][gc,heap      ] GC(29) Eden regions: 101->0(266)
[2020-08-12T20:21:04.740+0000][6][gc,heap      ] GC(29) Survivor regions: 1->1(13)
[2020-08-12T20:21:04.740+0000][6][gc,heap      ] GC(29) Old regions: 80->80
[2020-08-12T20:21:04.741+0000][6][gc,heap      ] GC(29) Archive regions: 2->2
[2020-08-12T20:21:04.741+0000][6][gc,heap      ] GC(29) Humongous regions: 75->75
[2020-08-12T20:21:04.741+0000][6][gc,metaspace ] GC(29) Metaspace: 93534K(101292K)->93534K(101292K) NonClass: 80976K(85676K)->80976K(85676K) Class: 12557K(15616K)->12557K(15616K)
[2020-08-12T20:21:04.741+0000][6][gc           ] GC(29) Pause Young (Normal) (G1 Evacuation Pause) 257M->155M(2048M) 14.534ms
[2020-08-12T20:21:04.741+0000][6][gc,cpu       ] GC(29) User=0.02s Sys=0.00s Real=0.01s
[2020-08-12T20:21:04.741+0000][6][safepoint    ] Safepoint "G1CollectForAllocation", Time since last: 877670066 ns, Reaching safepoint: 709882 ns, At safepoint: 14898196 ns, Total: 15608078 ns
[2020-08-12T20:21:05.928+0000][6][safepoint    ] Safepoint "Cleanup", Time since last: 1142065965 ns, Reaching safepoint: 44849325 ns, At safepoint: 39462 ns, Total: 44888787 ns
[2020-08-12T20:21:06.932+0000][6][safepoint    ] Safepoint "Cleanup", Time since last: 1003252717 ns, Reaching safepoint: 779943 ns, At safepoint: 46325 ns, Total: 826268 ns
[2020-08-12T20:21:07.934+0000][6][safepoint    ] Safepoint "Cleanup", Time since last: 1000349779 ns, Reaching safepoint: 949730 ns, At safepoint: 46587 ns, Total: 996317 ns
[2020-08-12T20:21:08.935+0000][6][safepoint    ] Safepoint "Cleanup", Time since last: 1000413717 ns, Reaching safepoint: 887667 ns, At safepoint: 43074 ns, Total: 930741 ns
[2020-08-12T20:21:09.937+0000][6][safepoint    ] Safepoint "Cleanup", Time since last: 1000979937 ns, Reaching safepoint: 532833 ns, At safepoint: 43575 ns, Total: 576408 ns
[2020-08-12T20:21:10.937+0000][6][safepoint    ] Safepoint "Cleanup", Time since last: 1000297855 ns, Reaching safepoint: 294735 ns, At safepoint: 11825 ns, Total: 306560 ns
[2020-08-12T20:21:11.938+0000][6][safepoint    ] Safepoint "Cleanup", Time since last: 1000224118 ns, Reaching safepoint: 756031 ns, At safepoint: 43512 ns, Total: 799543 ns
[2020-08-12T20:21:12.939+0000][6][safepoint    ] Safepoint "Cleanup", Time since last: 1000344618 ns, Reaching safepoint: 878767 ns, At safepoint: 46312 ns, Total: 925079 ns
[2020-08-12T20:21:13.941+0000][6][safepoint    ] Safepoint "Cleanup", Time since last: 1000345892 ns, Reaching safepoint: 725706 ns, At safepoint: 46575 ns, Total: 772281 ns
[2020-08-12T20:21:14.972+0000][6][safepoint    ] Safepoint "Cleanup", Time since last: 1010564841 ns, Reaching safepoint: 20645722 ns, At safepoint: 44349 ns, Total: 20690071 ns
[2020-08-12T20:21:15.973+0000][6][safepoint    ] Safepoint "Cleanup", Time since last: 1000394205 ns, Reaching safepoint: 302222 ns, At safepoint: 16712 ns, Total: 318934 ns
[2020-08-12T20:21:16.973+0000][6][safepoint    ] Safepoint "Cleanup", Time since last: 1000254343 ns, Reaching safepoint: 639595 ns, At safepoint: 43474 ns, Total: 683069 ns
[2020-08-12T20:21:17.974+0000][6][safepoint    ] Safepoint "Cleanup", Time since last: 1000314093 ns, Reaching safepoint: 645657 ns, At safepoint: 46337 ns, Total: 691994 ns
[2020-08-12T20:21:18.976+0000][6][safepoint    ] Safepoint "Cleanup", Time since last: 1000293630 ns, Reaching safepoint: 722357 ns, At safepoint: 43912 ns, Total: 766269 ns
[2020-08-12T20:21:20.804+0000][6][safepoint    ] Safepoint "Cleanup", Time since last: 1822913573 ns, Reaching safepoint: 5874899 ns, At safepoint: 50362 ns, Total: 5925261 ns
[2020-08-12T20:21:21.806+0000][6][safepoint    ] Safepoint "Cleanup", Time since last: 1000254906 ns, Reaching safepoint: 885179 ns, At safepoint: 21875 ns, Total: 907054 ns
[2020-08-12T20:21:22.807+0000][6][safepoint    ] Safepoint "Cleanup", Time since last: 1000455816 ns, Reaching safepoint: 892968 ns, At safepoint: 49562 ns, Total: 942530 ns
[2020-08-12T20:21:23.808+0000][6][safepoint    ] Safepoint "Cleanup", Time since last: 1000362592 ns, Reaching safepoint: 946942 ns, At safepoint: 54412 ns, Total: 1001354 ns
[2020-08-12T20:21:24.814+0000][6][safepoint    ] Safepoint "Cleanup", Time since last: 1005647459 ns, Reaching safepoint: 409396 ns, At safepoint: 25487 ns, Total: 434883 ns
[2020-08-12T20:21:25.904+0000][6][safepoint    ] Safepoint "Cleanup", Time since last: 1089546421 ns, Reaching safepoint: 463833 ns, At safepoint: 25975 ns, Total: 489808 ns
[2020-08-12T20:21:26.905+0000][6][safepoint    ] Safepoint "Cleanup", Time since last: 1000271031 ns, Reaching safepoint: 569807 ns, At safepoint: 43587 ns, Total: 613394 ns
[2020-08-12T20:21:27.907+0000][6][safepoint    ] Safepoint "Cleanup", Time since last: 1000320530 ns, Reaching safepoint: 1006954 ns, At safepoint: 45862 ns, Total: 1052816 ns
[2020-08-12T20:21:28.908+0000][6][safepoint    ] Safepoint "Cleanup", Time since last: 1000367842 ns, Reaching safepoint: 628244 ns, At safepoint: 33075 ns, Total: 661319 ns
[2020-08-12T20:21:29.909+0000][6][safepoint    ] Safepoint "Cleanup", Time since last: 1000415417 ns, Reaching safepoint: 1028966 ns, At safepoint: 43987 ns, Total: 1072953 ns
[2020-08-12T20:21:30.910+0000][6][safepoint    ] Safepoint "Cleanup", Time since last: 1000275655 ns, Reaching safepoint: 346322 ns, At safepoint: 34875 ns, Total: 381197 ns
[2020-08-12T20:21:31.911+0000][6][safepoint    ] Safepoint "Cleanup", Time since last: 1000246381 ns, Reaching safepoint: 621082 ns, At safepoint: 51375 ns, Total: 672457 ns
[2020-08-12T20:21:32.912+0000][6][safepoint    ] Safepoint "Cleanup", Time since last: 1000375254 ns, Reaching safepoint: 350372 ns, At safepoint: 12737 ns, Total: 363109 ns
[2020-08-12T20:21:33.912+0000][6][safepoint    ] Safepoint "Cleanup", Time since last: 1000201144 ns, Reaching safepoint: 315922 ns, At safepoint: 12162 ns, Total: 328084 ns
[2020-08-12T20:21:35.618+0000][6][safepoint    ] Safepoint "Cleanup", Time since last: 1705914299 ns, Reaching safepoint: 432071 ns, At safepoint: 18062 ns, Total: 450133 ns
[2020-08-12T20:21:36.696+0000][6][safepoint    ] Safepoint "Cleanup", Time since last: 1077171465 ns, Reaching safepoint: 699969 ns, At safepoint: 49887 ns, Total: 749856 ns
[2020-08-12T20:21:37.697+0000][6][safepoint    ] Safepoint "Cleanup", Time since last: 1000339655 ns, Reaching safepoint: 511846 ns, At safepoint: 33987 ns, Total: 545833 ns
[2020-08-12T20:21:38.698+0000][6][safepoint    ] Safepoint "Cleanup", Time since last: 1000271393 ns, Reaching safepoint: 476183 ns, At safepoint: 53625 ns, Total: 529808 ns
[2020-08-12T20:21:39.700+0000][6][safepoint    ] Safepoint "Cleanup", Time since last: 1000247618 ns, Reaching safepoint: 1247576 ns, At safepoint: 40650 ns, Total: 1288226 ns
[2020-08-12T20:21:40.800+0000][6][safepoint    ] Safepoint "Cleanup", Time since last: 1099879756 ns, Reaching safepoint: 559095 ns, At safepoint: 21312 ns, Total: 580407 ns
[2020-08-12T20:21:41.801+0000][6][safepoint    ] Safepoint "Cleanup", Time since last: 1000248243 ns, Reaching safepoint: 745181 ns, At safepoint: 43300 ns, Total: 788481 ns
[2020-08-12T20:21:42.802+0000][6][safepoint    ] Safepoint "Cleanup", Time since last: 1000304043 ns, Reaching safepoint: 428871 ns, At safepoint: 29450 ns, Total: 458321 ns
[2020-08-12T20:21:43.803+0000][6][safepoint    ] Safepoint "Cleanup", Time since last: 1000235643 ns, Reaching safepoint: 441284 ns, At safepoint: 24949 ns, Total: 466233 ns
[2020-08-12T20:21:44.800+0000][6][safepoint    ] Safepoint "BulkRevokeBias", Time since last: 995041851 ns, Reaching safepoint: 930467 ns, At safepoint: 1226102 ns, Total: 2156569 ns
[2020-08-12T20:21:45.959+0000][6][safepoint    ] Safepoint "Cleanup", Time since last: 1159064381 ns, Reaching safepoint: 539820 ns, At safepoint: 44125 ns, Total: 583945 ns
[2020-08-12T20:21:46.960+0000][6][safepoint    ] Safepoint "Cleanup", Time since last: 1000341842 ns, Reaching safepoint: 719081 ns, At safepoint: 44650 ns, Total: 763731 ns
[2020-08-12T20:21:47.962+0000][6][safepoint    ] Safepoint "Cleanup", Time since last: 1000347767 ns, Reaching safepoint: 670482 ns, At safepoint: 43975 ns, Total: 714457 ns
[2020-08-12T20:21:48.963+0000][6][safepoint    ] Safepoint "Cleanup", Time since last: 1000409441 ns, Reaching safepoint: 608395 ns, At safepoint: 49925 ns, Total: 658320 ns
[2020-08-12T20:21:49.963+0000][6][safepoint    ] Safepoint "Cleanup", Time since last: 1000323592 ns, Reaching safepoint: 402472 ns, At safepoint: 26949 ns, Total: 429421 ns
[2020-08-12T20:21:50.964+0000][6][safepoint    ] Safepoint "Cleanup", Time since last: 1000227194 ns, Reaching safepoint: 485858 ns, At safepoint: 23112 ns, Total: 508970 ns
[2020-08-12T20:21:51.965+0000][6][safepoint    ] Safepoint "Cleanup", Time since last: 1000195569 ns, Reaching safepoint: 282685 ns, At safepoint: 10700 ns, Total: 293385 ns
[2020-08-12T20:21:52.966+0000][6][safepoint    ] Safepoint "Cleanup", Time since last: 1000262743 ns, Reaching safepoint: 891905 ns, At safepoint: 42887 ns, Total: 934792 ns
[2020-08-12T20:21:53.967+0000][6][safepoint    ] Safepoint "Cleanup", Time since last: 1000396717 ns, Reaching safepoint: 928204 ns, At safepoint: 45987 ns, Total: 974191 ns
[2020-08-12T20:21:55.870+0000][6][safepoint    ] Safepoint "Cleanup", Time since last: 1901590992 ns, Reaching safepoint: 985229 ns, At safepoint: 34250 ns, Total: 1019479 ns
[2020-08-12T20:21:56.871+0000][6][safepoint    ] Safepoint "Cleanup", Time since last: 1000263755 ns, Reaching safepoint: 811456 ns, At safepoint: 137961 ns, Total: 949417 ns
[2020-08-12T20:21:57.872+0000][6][safepoint    ] Safepoint "Cleanup", Time since last: 1000283368 ns, Reaching safepoint: 425234 ns, At safepoint: 56212 ns, Total: 481446 ns
[2020-08-12T20:21:58.873+0000][6][safepoint    ] Safepoint "Cleanup", Time since last: 1000512928 ns, Reaching safepoint: 719156 ns, At safepoint: 51650 ns, Total: 770806 ns
[2020-08-12T20:22:00.804+0000][6][safepoint    ] Safepoint "Cleanup", Time since last: 1930390130 ns, Reaching safepoint: 605333 ns, At safepoint: 52899 ns, Total: 658232 ns
[2020-08-12T20:22:01.805+0000][6][safepoint    ] Safepoint "Cleanup", Time since last: 1000251093 ns, Reaching safepoint: 383947 ns, At safepoint: 30750 ns, Total: 414697 ns
[2020-08-12T20:22:02.806+0000][6][safepoint    ] Safepoint "Cleanup", Time since last: 1000440941 ns, Reaching safepoint: 620707 ns, At safepoint: 157724 ns, Total: 778431 ns
[2020-08-12T20:22:03.807+0000][6][safepoint    ] Safepoint "Cleanup", Time since last: 1000347017 ns, Reaching safepoint: 683107 ns, At safepoint: 45600 ns, Total: 728707 ns
[2020-08-12T20:22:04.860+0000][6][safepoint    ] Safepoint "Cleanup", Time since last: 1052801638 ns, Reaching safepoint: 414784 ns, At safepoint: 15099 ns, Total: 429883 ns
[2020-08-12T20:22:06.693+0000][6][safepoint    ] Safepoint "Cleanup", Time since last: 1832134631 ns, Reaching safepoint: 850755 ns, At safepoint: 42950 ns, Total: 893705 ns
[2020-08-12T20:22:07.694+0000][6][safepoint    ] Safepoint "Cleanup", Time since last: 1000381204 ns, Reaching safepoint: 697569 ns, At safepoint: 42975 ns, Total: 740544 ns
[2020-08-12T20:22:08.695+0000][6][safepoint    ] Safepoint "Cleanup", Time since last: 1000293405 ns, Reaching safepoint: 521108 ns, At safepoint: 28263 ns, Total: 549371 ns
[2020-08-12T20:22:09.696+0000][6][safepoint    ] Safepoint "Cleanup", Time since last: 1000310505 ns, Reaching safepoint: 666019 ns, At safepoint: 51612 ns, Total: 717631 ns
[2020-08-12T20:22:10.697+0000][6][safepoint    ] Safepoint "Cleanup", Time since last: 1000346980 ns, Reaching safepoint: 420108 ns, At safepoint: 53800 ns, Total: 473908 ns
[2020-08-12T20:22:11.698+0000][6][safepoint    ] Safepoint "Cleanup", Time since last: 1000333055 ns, Reaching safepoint: 816280 ns, At safepoint: 52962 ns, Total: 869242 ns
[2020-08-12T20:22:12.700+0000][6][safepoint    ] Safepoint "Cleanup", Time since last: 1000322405 ns, Reaching safepoint: 978629 ns, At safepoint: 44225 ns, Total: 1022854 ns
[2020-08-12T20:22:13.700+0000][6][safepoint    ] Safepoint "Cleanup", Time since last: 1000328692 ns, Reaching safepoint: 410472 ns, At safepoint: 20512 ns, Total: 430984 ns
[2020-08-12T20:22:14.702+0000][6][safepoint    ] Safepoint "Cleanup", Time since last: 1000237906 ns, Reaching safepoint: 955592 ns, At safepoint: 36662 ns, Total: 992254 ns
[2020-08-12T20:22:15.961+0000][6][safepoint    ] Safepoint "Cleanup", Time since last: 1258457821 ns, Reaching safepoint: 920767 ns, At safepoint: 44587 ns, Total: 965354 ns
[2020-08-12T20:22:16.962+0000][6][safepoint    ] Safepoint "Cleanup", Time since last: 1000342442 ns, Reaching safepoint: 642257 ns, At safepoint: 43150 ns, Total: 685407 ns
[2020-08-12T20:22:17.963+0000][6][safepoint    ] Safepoint "Cleanup", Time since last: 1000328292 ns, Reaching safepoint: 620907 ns, At safepoint: 53700 ns, Total: 674607 ns
[2020-08-12T20:22:18.964+0000][6][safepoint    ] Safepoint "Cleanup", Time since last: 1000371442 ns, Reaching safepoint: 681719 ns, At safepoint: 45637 ns, Total: 727356 ns
[2020-08-12T20:22:20.804+0000][6][safepoint    ] Safepoint "Cleanup", Time since last: 1838219816 ns, Reaching safepoint: 1165715 ns, At safepoint: 105536 ns, Total: 1271251 ns
[2020-08-12T20:22:21.805+0000][6][safepoint    ] Safepoint "Cleanup", Time since last: 1000460529 ns, Reaching safepoint: 852268 ns, At safepoint: 45362 ns, Total: 897630 ns
[2020-08-12T20:22:22.806+0000][6][safepoint    ] Safepoint "Cleanup", Time since last: 1000358167 ns, Reaching safepoint: 584857 ns, At safepoint: 26662 ns, Total: 611519 ns
[2020-08-12T20:22:23.807+0000][6][safepoint    ] Safepoint "Cleanup", Time since last: 1000250106 ns, Reaching safepoint: 438196 ns, At safepoint: 21713 ns, Total: 459909 ns
[2020-08-12T20:22:24.932+0000][6][safepoint    ] Safepoint "Cleanup", Time since last: 1125183411 ns, Reaching safepoint: 530733 ns, At safepoint: 34275 ns, Total: 565008 ns
[2020-08-12T20:22:25.934+0000][6][safepoint    ] Safepoint "Cleanup", Time since last: 1000415567 ns, Reaching safepoint: 628632 ns, At safepoint: 24200 ns, Total: 652832 ns
[2020-08-12T20:22:26.935+0000][6][safepoint    ] Safepoint "Cleanup", Time since last: 1000248518 ns, Reaching safepoint: 903029 ns, At safepoint: 44862 ns, Total: 947891 ns
[2020-08-12T20:22:27.936+0000][6][safepoint    ] Safepoint "Cleanup", Time since last: 1000402092 ns, Reaching safepoint: 825368 ns, At safepoint: 54512 ns, Total: 879880 ns
[2020-08-12T20:22:28.937+0000][6][safepoint    ] Safepoint "Cleanup", Time since last: 1000341617 ns, Reaching safepoint: 813118 ns, At safepoint: 44937 ns, Total: 858055 ns
[2020-08-12T20:22:29.938+0000][6][safepoint    ] Safepoint "Cleanup", Time since last: 1000361268 ns, Reaching safepoint: 782905 ns, At safepoint: 44200 ns, Total: 827105 ns
[2020-08-12T20:22:30.939+0000][6][safepoint    ] Safepoint "Cleanup", Time since last: 1000268330 ns, Reaching safepoint: 409609 ns, At safepoint: 17538 ns, Total: 427147 ns
[2020-08-12T20:22:31.940+0000][6][safepoint    ] Safepoint "Cleanup", Time since last: 1000248705 ns, Reaching safepoint: 848255 ns, At safepoint: 42625 ns, Total: 890880 ns
[2020-08-12T20:22:32.942+0000][6][safepoint    ] Safepoint "Cleanup", Time since last: 1000360992 ns, Reaching safepoint: 870555 ns, At safepoint: 42712 ns, Total: 913267 ns
[2020-08-12T20:22:33.943+0000][6][safepoint    ] Safepoint "Cleanup", Time since last: 1000376905 ns, Reaching safepoint: 648119 ns, At safepoint: 33012 ns, Total: 681131 ns
[2020-08-12T20:22:35.005+0000][6][safepoint    ] Safepoint "Cleanup", Time since last: 1061909785 ns, Reaching safepoint: 461458 ns, At safepoint: 23575 ns, Total: 485033 ns
[2020-08-12T20:22:36.914+0000][6][safepoint    ] Safepoint "Cleanup", Time since last: 1908275409 ns, Reaching safepoint: 873018 ns, At safepoint: 33225 ns, Total: 906243 ns
[2020-08-12T20:22:37.915+0000][6][safepoint    ] Safepoint "Cleanup", Time since last: 1000247555 ns, Reaching safepoint: 435321 ns, At safepoint: 39675 ns, Total: 474996 ns
[2020-08-12T20:22:38.916+0000][6][safepoint    ] Safepoint "Cleanup", Time since last: 1000251968 ns, Reaching safepoint: 871168 ns, At safepoint: 42837 ns, Total: 914005 ns
[2020-08-12T20:22:40.809+0000][6][safepoint    ] Safepoint "Cleanup", Time since last: 1891849001 ns, Reaching safepoint: 667870 ns, At safepoint: 27437 ns, Total: 695307 ns
[2020-08-12T20:22:41.983+0000][6][safepoint    ] Safepoint "Cleanup", Time since last: 1173166771 ns, Reaching safepoint: 902242 ns, At safepoint: 42863 ns, Total: 945105 ns
[2020-08-12T20:22:42.984+0000][6][safepoint    ] Safepoint "Cleanup", Time since last: 1000398579 ns, Reaching safepoint: 884967 ns, At safepoint: 66925 ns, Total: 951892 ns
[2020-08-12T20:22:43.985+0000][6][safepoint    ] Safepoint "Cleanup", Time since last: 1000348829 ns, Reaching safepoint: 712307 ns, At safepoint: 42624 ns, Total: 754931 ns
[2020-08-12T20:22:45.011+0000][6][safepoint    ] Safepoint "Cleanup", Time since last: 1023014934 ns, Reaching safepoint: 2403154 ns, At safepoint: 25587 ns, Total: 2428741 ns
[2020-08-12T20:22:46.011+0000][6][safepoint    ] Safepoint "Cleanup", Time since last: 1000320430 ns, Reaching safepoint: 347372 ns, At safepoint: 16625 ns, Total: 363997 ns
[2020-08-12T20:22:47.012+0000][6][safepoint    ] Safepoint "Cleanup", Time since last: 1000245381 ns, Reaching safepoint: 759068 ns, At safepoint: 66400 ns, Total: 825468 ns
[2020-08-12T20:22:48.013+0000][6][safepoint    ] Safepoint "Cleanup", Time since last: 1000334855 ns, Reaching safepoint: 670131 ns, At safepoint: 50187 ns, Total: 720318 ns
[2020-08-12T20:22:49.014+0000][6][safepoint    ] Safepoint "Cleanup", Time since last: 1000352767 ns, Reaching safepoint: 682945 ns, At safepoint: 43799 ns, Total: 726744 ns
[2020-08-12T20:22:50.016+0000][6][safepoint    ] Safepoint "Cleanup", Time since last: 1000344505 ns, Reaching safepoint: 663469 ns, At safepoint: 50362 ns, Total: 713831 ns
[2020-08-12T20:22:51.016+0000][6][safepoint    ] Safepoint "Cleanup", Time since last: 1000288355 ns, Reaching safepoint: 416609 ns, At safepoint: 16813 ns, Total: 433422 ns
[2020-08-12T20:22:52.017+0000][6][safepoint    ] Safepoint "Cleanup", Time since last: 1000241368 ns, Reaching safepoint: 668294 ns, At safepoint: 50712 ns, Total: 719006 ns
[2020-08-12T20:22:53.018+0000][6][safepoint    ] Safepoint "Cleanup", Time since last: 1000363280 ns, Reaching safepoint: 596832 ns, At safepoint: 40862 ns, Total: 637694 ns
[2020-08-12T20:22:54.019+0000][6][safepoint    ] Safepoint "Cleanup", Time since last: 1000308305 ns, Reaching safepoint: 899330 ns, At safepoint: 46937 ns, Total: 946267 ns
[2020-08-12T20:22:54.828+0000][6][safepoint    ] Safepoint "BulkRevokeBias", Time since last: 795734426 ns, Reaching safepoint: 3798180 ns, At safepoint: 9144145 ns, Total: 12942325 ns
[2020-08-12T20:22:56.028+0000][6][safepoint    ] Safepoint "Cleanup", Time since last: 1199077223 ns, Reaching safepoint: 453971 ns, At safepoint: 16787 ns, Total: 470758 ns
[2020-08-12T20:22:57.028+0000][6][safepoint    ] Safepoint "Cleanup", Time since last: 1000209156 ns, Reaching safepoint: 476658 ns, At safepoint: 23238 ns, Total: 499896 ns
[2020-08-12T20:22:58.030+0000][6][safepoint    ] Safepoint "Cleanup", Time since last: 1000313467 ns, Reaching safepoint: 899305 ns, At safepoint: 42850 ns, Total: 942155 ns
[2020-08-12T20:22:59.031+0000][6][safepoint    ] Safepoint "Cleanup", Time since last: 1000395742 ns, Reaching safepoint: 912679 ns, At safepoint: 44925 ns, Total: 957604 ns
[2020-08-12T20:23:00.809+0000][6][safepoint    ] Safepoint "Cleanup", Time since last: 1777633152 ns, Reaching safepoint: 569608 ns, At safepoint: 23112 ns, Total: 592720 ns
[2020-08-12T20:23:01.810+0000][6][safepoint    ] Safepoint "Cleanup", Time since last: 1000214081 ns, Reaching safepoint: 518783 ns, At safepoint: 54262 ns, Total: 573045 ns
[2020-08-12T20:23:02.811+0000][6][safepoint    ] Safepoint "Cleanup", Time since last: 1000342330 ns, Reaching safepoint: 654332 ns, At safepoint: 45012 ns, Total: 699344 ns
[2020-08-12T20:23:03.812+0000][6][safepoint    ] Safepoint "Cleanup", Time since last: 1000342279 ns, Reaching safepoint: 642232 ns, At safepoint: 43713 ns, Total: 685945 ns
[2020-08-12T20:23:05.038+0000][6][safepoint    ] Safepoint "Cleanup", Time since last: 1194170127 ns, Reaching safepoint: 31712863 ns, At safepoint: 52437 ns, Total: 31765300 ns
[2020-08-12T20:23:06.898+0000][6][safepoint    ] Safepoint "Cleanup", Time since last: 1859481669 ns, Reaching safepoint: 394872 ns, At safepoint: 17812 ns, Total: 412684 ns
[2020-08-12T20:23:07.899+0000][6][safepoint    ] Safepoint "Cleanup", Time since last: 1000240068 ns, Reaching safepoint: 598858 ns, At safepoint: 42487 ns, Total: 641345 ns
[2020-08-12T20:23:08.900+0000][6][safepoint    ] Safepoint "Cleanup", Time since last: 1000409016 ns, Reaching safepoint: 592783 ns, At safepoint: 90261 ns, Total: 683044 ns
[2020-08-12T20:23:09.901+0000][6][safepoint    ] Safepoint "Cleanup", Time since last: 1000338218 ns, Reaching safepoint: 527670 ns, At safepoint: 42900 ns, Total: 570570 ns
[2020-08-12T20:23:10.902+0000][6][safepoint    ] Safepoint "Cleanup", Time since last: 1000345280 ns, Reaching safepoint: 533032 ns, At safepoint: 46000 ns, Total: 579032 ns
[2020-08-12T20:23:12.067+0000][6][safepoint    ] Safepoint "Cleanup", Time since last: 1164708170 ns, Reaching safepoint: 748093 ns, At safepoint: 44837 ns, Total: 792930 ns
[2020-08-12T20:23:13.069+0000][6][safepoint    ] Safepoint "Cleanup", Time since last: 1000325230 ns, Reaching safepoint: 1096378 ns, At safepoint: 55087 ns, Total: 1151465 ns
[2020-08-12T20:23:14.070+0000][6][safepoint    ] Safepoint "Cleanup", Time since last: 1000376980 ns, Reaching safepoint: 744606 ns, At safepoint: 103287 ns, Total: 847893 ns
[2020-08-12T20:23:15.929+0000][6][safepoint    ] Safepoint "Cleanup", Time since last: 1858492765 ns, Reaching safepoint: 509595 ns, At safepoint: 44013 ns, Total: 553608 ns
[2020-08-12T20:23:16.930+0000][6][safepoint    ] Safepoint "Cleanup", Time since last: 1000351604 ns, Reaching safepoint: 658607 ns, At safepoint: 43700 ns, Total: 702307 ns
[2020-08-12T20:23:17.931+0000][6][safepoint    ] Safepoint "Cleanup", Time since last: 1000340654 ns, Reaching safepoint: 666545 ns, At safepoint: 50187 ns, Total: 716732 ns
[2020-08-12T20:23:18.932+0000][6][safepoint    ] Safepoint "Cleanup", Time since last: 1000342854 ns, Reaching safepoint: 654057 ns, At safepoint: 43587 ns, Total: 697644 ns
[2020-08-12T20:23:20.811+0000][6][safepoint    ] Safepoint "Cleanup", Time since last: 1877991309 ns, Reaching safepoint: 700932 ns, At safepoint: 40487 ns, Total: 741419 ns
[2020-08-12T20:23:21.812+0000][6][safepoint    ] Safepoint "Cleanup", Time since last: 1000246343 ns, Reaching safepoint: 521271 ns, At safepoint: 43587 ns, Total: 564858 ns
[2020-08-12T20:23:22.813+0000][6][safepoint    ] Safepoint "Cleanup", Time since last: 1000414816 ns, Reaching safepoint: 649182 ns, At safepoint: 51987 ns, Total: 701169 ns
[2020-08-12T20:23:23.814+0000][6][safepoint    ] Safepoint "Cleanup", Time since last: 1000366605 ns, Reaching safepoint: 377972 ns, At safepoint: 17737 ns, Total: 395709 ns
[2020-08-12T20:23:24.952+0000][6][safepoint    ] Safepoint "BulkRevokeBias", Time since last: 1135374949 ns, Reaching safepoint: 766743 ns, At safepoint: 2774551 ns, Total: 3541294 ns
[2020-08-12T20:23:25.954+0000][6][safepoint    ] Safepoint "Cleanup", Time since last: 1000402417 ns, Reaching safepoint: 744856 ns, At safepoint: 36924 ns, Total: 781780 ns
[2020-08-12T20:23:26.955+0000][6][safepoint    ] Safepoint "Cleanup", Time since last: 1000469867 ns, Reaching safepoint: 879167 ns, At safepoint: 42587 ns, Total: 921754 ns
[2020-08-12T20:23:27.956+0000][6][safepoint    ] Safepoint "Cleanup", Time since last: 1000340767 ns, Reaching safepoint: 688532 ns, At safepoint: 52862 ns, Total: 741394 ns
[2020-08-12T20:23:28.957+0000][6][safepoint    ] Safepoint "Cleanup", Time since last: 1000388230 ns, Reaching safepoint: 750093 ns, At safepoint: 44500 ns, Total: 794593 ns
[2020-08-12T20:23:29.958+0000][6][safepoint    ] Safepoint "Cleanup", Time since last: 1000348367 ns, Reaching safepoint: 771668 ns, At safepoint: 43950 ns, Total: 815618 ns
[2020-08-12T20:23:30.959+0000][6][safepoint    ] Safepoint "Cleanup", Time since last: 1000271305 ns, Reaching safepoint: 460196 ns, At safepoint: 27762 ns, Total: 487958 ns
[2020-08-12T20:23:31.960+0000][6][safepoint    ] Safepoint "Cleanup", Time since last: 1000238794 ns, Reaching safepoint: 882067 ns, At safepoint: 46712 ns, Total: 928779 ns
[2020-08-12T20:23:32.961+0000][6][safepoint    ] Safepoint "Cleanup", Time since last: 1000335355 ns, Reaching safepoint: 544458 ns, At safepoint: 45712 ns, Total: 590170 ns
[2020-08-12T20:23:33.963+0000][6][safepoint    ] Safepoint "Cleanup", Time since last: 1000340142 ns, Reaching safepoint: 844530 ns, At safepoint: 43575 ns, Total: 888105 ns
[2020-08-12T20:23:35.642+0000][6][safepoint    ] Safepoint "Cleanup", Time since last: 1676389179 ns, Reaching safepoint: 3033923 ns, At safepoint: 62325 ns, Total: 3096248 ns
[2020-08-12T20:23:36.955+0000][6][safepoint    ] Safepoint "Cleanup", Time since last: 1312101519 ns, Reaching safepoint: 827655 ns, At safepoint: 59925 ns, Total: 887580 ns
[2020-08-12T20:23:37.956+0000][6][safepoint    ] Safepoint "Cleanup", Time since last: 1000326892 ns, Reaching safepoint: 933480 ns, At safepoint: 43362 ns, Total: 976842 ns
[2020-08-12T20:23:38.957+0000][6][safepoint    ] Safepoint "Cleanup", Time since last: 1000310142 ns, Reaching safepoint: 522308 ns, At safepoint: 23350 ns, Total: 545658 ns
[2020-08-12T20:23:40.811+0000][6][safepoint    ] Safepoint "Cleanup", Time since last: 1853468984 ns, Reaching safepoint: 622657 ns, At safepoint: 30187 ns, Total: 652844 ns
[2020-08-12T20:23:41.812+0000][6][safepoint    ] Safepoint "Cleanup", Time since last: 1000202669 ns, Reaching safepoint: 293297 ns, At safepoint: 24175 ns, Total: 317472 ns
[2020-08-12T20:23:42.812+0000][6][safepoint    ] Safepoint "Cleanup", Time since last: 1000211718 ns, Reaching safepoint: 385847 ns, At safepoint: 15200 ns, Total: 401047 ns
[2020-08-12T20:23:43.813+0000][6][safepoint    ] Safepoint "Cleanup", Time since last: 1000174456 ns, Reaching safepoint: 357372 ns, At safepoint: 11587 ns, Total: 368959 ns
[2020-08-12T20:23:45.816+0000][6][safepoint    ] Safepoint "Cleanup", Time since last: 1998680740 ns, Reaching safepoint: 4765596 ns, At safepoint: 25037 ns, Total: 4790633 ns
[2020-08-12T20:23:46.817+0000][6][safepoint    ] Safepoint "Cleanup", Time since last: 1000210131 ns, Reaching safepoint: 439209 ns, At safepoint: 18825 ns, Total: 458034 ns
[2020-08-12T20:23:47.818+0000][6][safepoint    ] Safepoint "Cleanup", Time since last: 1000190893 ns, Reaching safepoint: 420747 ns, At safepoint: 15337 ns, Total: 436084 ns
[2020-08-12T20:23:48.818+0000][6][safepoint    ] Safepoint "Cleanup", Time since last: 1000208044 ns, Reaching safepoint: 379046 ns, At safepoint: 15350 ns, Total: 394396 ns
[2020-08-12T20:23:49.819+0000][6][safepoint    ] Safepoint "Cleanup", Time since last: 1000170781 ns, Reaching safepoint: 295860 ns, At safepoint: 31175 ns, Total: 327035 ns
[2020-08-12T20:23:50.824+0000][6][safepoint    ] Safepoint "Cleanup", Time since last: 1005040052 ns, Reaching safepoint: 322109 ns, At safepoint: 11275 ns, Total: 333384 ns
[2020-08-12T20:23:51.595+0000][6][gc,start     ] GC(30) Pause Young (Normal) (G1 Evacuation Pause)
[2020-08-12T20:23:51.595+0000][6][gc,task      ] GC(30) Using 2 workers of 2 for evacuation
[2020-08-12T20:23:51.595+0000][6][gc,age       ] GC(30) Desired survivor size 17825792 bytes, new threshold 15 (max threshold 15)
[2020-08-12T20:23:51.611+0000][6][gc,age       ] GC(30) Age table with threshold 15 (max threshold 15)
[2020-08-12T20:23:51.612+0000][6][gc,age       ] GC(30) - age   1:     205616 bytes,     205616 total
[2020-08-12T20:23:51.612+0000][6][gc,age       ] GC(30) - age   2:      76288 bytes,     281904 total
[2020-08-12T20:23:51.612+0000][6][gc,age       ] GC(30) - age   3:     182168 bytes,     464072 total
[2020-08-12T20:23:51.612+0000][6][gc,age       ] GC(30) - age   4:     135168 bytes,     599240 total
[2020-08-12T20:23:51.612+0000][6][gc,phases    ] GC(30)   Pre Evacuate Collection Set: 0.9ms
[2020-08-12T20:23:51.612+0000][6][gc,phases    ] GC(30)   Merge Heap Roots: 0.4ms
[2020-08-12T20:23:51.612+0000][6][gc,phases    ] GC(30)   Evacuate Collection Set: 11.7ms
[2020-08-12T20:23:51.612+0000][6][gc,phases    ] GC(30)   Post Evacuate Collection Set: 3.5ms
[2020-08-12T20:23:51.612+0000][6][gc,phases    ] GC(30)   Other: 0.6ms
[2020-08-12T20:23:51.612+0000][6][gc,heap      ] GC(30) Eden regions: 266->0(504)
[2020-08-12T20:23:51.612+0000][6][gc,heap      ] GC(30) Survivor regions: 1->1(34)
[2020-08-12T20:23:51.612+0000][6][gc,heap      ] GC(30) Old regions: 80->80
[2020-08-12T20:23:51.612+0000][6][gc,heap      ] GC(30) Archive regions: 2->2
[2020-08-12T20:23:51.612+0000][6][gc,heap      ] GC(30) Humongous regions: 75->75
[2020-08-12T20:23:51.612+0000][6][gc,metaspace ] GC(30) Metaspace: 94401K(102060K)->94401K(102060K) NonClass: 81843K(86444K)->81843K(86444K) Class: 12557K(15616K)->12557K(15616K)
[2020-08-12T20:23:51.612+0000][6][gc           ] GC(30) Pause Young (Normal) (G1 Evacuation Pause) 421M->156M(2048M) 17.413ms
[2020-08-12T20:23:51.612+0000][6][gc,cpu       ] GC(30) User=0.02s Sys=0.00s Real=0.01s
[2020-08-12T20:23:51.612+0000][6][safepoint    ] Safepoint "G1CollectForAllocation", Time since last: 770010561 ns, Reaching safepoint: 338835 ns, At safepoint: 17639984 ns, Total: 17978819 ns
[2020-08-12T20:23:52.613+0000][6][safepoint    ] Safepoint "Cleanup", Time since last: 1000156469 ns, Reaching safepoint: 308773 ns, At safepoint: 11025 ns, Total: 319798 ns
[2020-08-12T20:23:53.613+0000][6][safepoint    ] Safepoint "Cleanup", Time since last: 1000173543 ns, Reaching safepoint: 402797 ns, At safepoint: 11737 ns, Total: 414534 ns
[2020-08-12T20:23:54.614+0000][6][safepoint    ] Safepoint "Cleanup", Time since last: 1000209744 ns, Reaching safepoint: 433459 ns, At safepoint: 18399 ns, Total: 451858 ns
[2020-08-12T20:23:55.815+0000][6][safepoint    ] Safepoint "Cleanup", Time since last: 1198103294 ns, Reaching safepoint: 2685289 ns, At safepoint: 17475 ns, Total: 2702764 ns
[2020-08-12T20:23:56.815+0000][6][safepoint    ] Safepoint "Cleanup", Time since last: 1000232255 ns, Reaching safepoint: 344897 ns, At safepoint: 11788 ns, Total: 356685 ns
[2020-08-12T20:23:57.816+0000][6][safepoint    ] Safepoint "Cleanup", Time since last: 1000197556 ns, Reaching safepoint: 424021 ns, At safepoint: 17450 ns, Total: 441471 ns
[2020-08-12T20:23:58.817+0000][6][safepoint    ] Safepoint "Cleanup", Time since last: 1000175219 ns, Reaching safepoint: 331247 ns, At safepoint: 11150 ns, Total: 342397 ns
[2020-08-12T20:24:00.813+0000][6][safepoint    ] Safepoint "Cleanup", Time since last: 1995640278 ns, Reaching safepoint: 1009291 ns, At safepoint: 27738 ns, Total: 1037029 ns
[2020-08-12T20:24:01.814+0000][6][safepoint    ] Safepoint "Cleanup", Time since last: 1000184118 ns, Reaching safepoint: 290248 ns, At safepoint: 18600 ns, Total: 308848 ns
[2020-08-12T20:24:02.814+0000][6][safepoint    ] Safepoint "Cleanup", Time since last: 1000185493 ns, Reaching safepoint: 340885 ns, At safepoint: 18837 ns, Total: 359722 ns
[2020-08-12T20:24:03.815+0000][6][safepoint    ] Safepoint "Cleanup", Time since last: 1000216218 ns, Reaching safepoint: 320198 ns, At safepoint: 10850 ns, Total: 331048 ns
[2020-08-12T20:24:05.874+0000][6][safepoint    ] Safepoint "Cleanup", Time since last: 1812267865 ns, Reaching safepoint: 245321552 ns, At safepoint: 1422337 ns, Total: 246743889 ns
[2020-08-12T20:24:07.036+0000][6][safepoint    ] Safepoint "Cleanup", Time since last: 1162279966 ns, Reaching safepoint: 365234 ns, At safepoint: 14613 ns, Total: 379847 ns
[2020-08-12T20:24:08.037+0000][6][safepoint    ] Safepoint "Cleanup", Time since last: 1000183068 ns, Reaching safepoint: 371997 ns, At safepoint: 21200 ns, Total: 393197 ns
[2020-08-12T20:24:09.038+0000][6][safepoint    ] Safepoint "Cleanup", Time since last: 1000184294 ns, Reaching safepoint: 308997 ns, At safepoint: 11212 ns, Total: 320209 ns
[2020-08-12T20:24:10.038+0000][6][safepoint    ] Safepoint "Cleanup", Time since last: 1000157944 ns, Reaching safepoint: 398559 ns, At safepoint: 15525 ns, Total: 414084 ns
[2020-08-12T20:24:11.039+0000][6][safepoint    ] Safepoint "Cleanup", Time since last: 1000163869 ns, Reaching safepoint: 291560 ns, At safepoint: 10925 ns, Total: 302485 ns
[2020-08-12T20:24:12.039+0000][6][safepoint    ] Safepoint "Cleanup", Time since last: 1000148631 ns, Reaching safepoint: 287523 ns, At safepoint: 11512 ns, Total: 299035 ns
[2020-08-12T20:24:13.039+0000][6][safepoint    ] Safepoint "Cleanup", Time since last: 1000150207 ns, Reaching safepoint: 273285 ns, At safepoint: 11625 ns, Total: 284910 ns
[2020-08-12T20:24:14.040+0000][6][safepoint    ] Safepoint "Cleanup", Time since last: 1000168531 ns, Reaching safepoint: 313385 ns, At safepoint: 11437 ns, Total: 324822 ns
[2020-08-12T20:24:15.833+0000][6][safepoint    ] Safepoint "Cleanup", Time since last: 1793068107 ns, Reaching safepoint: 391321 ns, At safepoint: 16100 ns, Total: 407421 ns
[2020-08-12T20:24:16.834+0000][6][safepoint    ] Safepoint "Cleanup", Time since last: 1000171632 ns, Reaching safepoint: 303997 ns, At safepoint: 12075 ns, Total: 316072 ns
[2020-08-12T20:24:17.834+0000][6][safepoint    ] Safepoint "Cleanup", Time since last: 1000165744 ns, Reaching safepoint: 322159 ns, At safepoint: 19588 ns, Total: 341747 ns
[2020-08-12T20:24:18.835+0000][6][safepoint    ] Safepoint "Cleanup", Time since last: 1000169718 ns, Reaching safepoint: 332710 ns, At safepoint: 12775 ns, Total: 345485 ns
[2020-08-12T20:24:19.814+0000][6][safepoint    ] Safepoint "BulkRevokeBias", Time since last: 977647264 ns, Reaching safepoint: 332534 ns, At safepoint: 1129066 ns, Total: 1461600 ns
[2020-08-12T20:24:20.818+0000][6][safepoint    ] Safepoint "Cleanup", Time since last: 1002982856 ns, Reaching safepoint: 435184 ns, At safepoint: 22237 ns, Total: 457421 ns
[2020-08-12T20:24:21.818+0000][6][safepoint    ] Safepoint "Cleanup", Time since last: 1000300831 ns, Reaching safepoint: 607869 ns, At safepoint: 15963 ns, Total: 623832 ns
[2020-08-12T20:24:22.819+0000][6][safepoint    ] Safepoint "Cleanup", Time since last: 1000224306 ns, Reaching safepoint: 323559 ns, At safepoint: 12450 ns, Total: 336009 ns
[2020-08-12T20:24:23.820+0000][6][safepoint    ] Safepoint "Cleanup", Time since last: 1000340292 ns, Reaching safepoint: 356735 ns, At safepoint: 11550 ns, Total: 368285 ns
[2020-08-12T20:24:25.814+0000][6][safepoint    ] Safepoint "Cleanup", Time since last: 1993596958 ns, Reaching safepoint: 430109 ns, At safepoint: 13075 ns, Total: 443184 ns
[2020-08-12T20:24:26.815+0000][6][safepoint    ] Safepoint "Cleanup", Time since last: 1000382779 ns, Reaching safepoint: 436946 ns, At safepoint: 12275 ns, Total: 449221 ns
[2020-08-12T20:24:27.815+0000][6][safepoint    ] Safepoint "Cleanup", Time since last: 1000183144 ns, Reaching safepoint: 367272 ns, At safepoint: 12125 ns, Total: 379397 ns
[2020-08-12T20:24:28.816+0000][6][safepoint    ] Safepoint "Cleanup", Time since last: 1000168744 ns, Reaching safepoint: 384796 ns, At safepoint: 11913 ns, Total: 396709 ns
[2020-08-12T20:24:29.816+0000][6][safepoint    ] Safepoint "Cleanup", Time since last: 1000296305 ns, Reaching safepoint: 464496 ns, At safepoint: 15225 ns, Total: 479721 ns
[2020-08-12T20:24:30.817+0000][6][safepoint    ] Safepoint "Cleanup", Time since last: 1000212281 ns, Reaching safepoint: 364221 ns, At safepoint: 20088 ns, Total: 384309 ns
[2020-08-12T20:24:31.818+0000][6][safepoint    ] Safepoint "Cleanup", Time since last: 1000165956 ns, Reaching safepoint: 314760 ns, At safepoint: 11112 ns, Total: 325872 ns
[2020-08-12T20:24:32.818+0000][6][safepoint    ] Safepoint "Cleanup", Time since last: 1000155369 ns, Reaching safepoint: 380584 ns, At safepoint: 20975 ns, Total: 401559 ns
[2020-08-12T20:24:33.819+0000][6][safepoint    ] Safepoint "Cleanup", Time since last: 1000168669 ns, Reaching safepoint: 350234 ns, At safepoint: 11313 ns, Total: 361547 ns
[2020-08-12T20:24:35.628+0000][6][safepoint    ] Safepoint "Cleanup", Time since last: 1809190942 ns, Reaching safepoint: 492633 ns, At safepoint: 20187 ns, Total: 512820 ns
[2020-08-12T20:24:36.783+0000][6][safepoint    ] Safepoint "Cleanup", Time since last: 1154424722 ns, Reaching safepoint: 425496 ns, At safepoint: 12975 ns, Total: 438471 ns
[2020-08-12T20:24:37.784+0000][6][safepoint    ] Safepoint "Cleanup", Time since last: 1000155456 ns, Reaching safepoint: 459609 ns, At safepoint: 22862 ns, Total: 482471 ns
[2020-08-12T20:24:38.784+0000][6][safepoint    ] Safepoint "Cleanup", Time since last: 1000199406 ns, Reaching safepoint: 324135 ns, At safepoint: 17200 ns, Total: 341335 ns
[2020-08-12T20:24:39.785+0000][6][safepoint    ] Safepoint "Cleanup", Time since last: 1000160606 ns, Reaching safepoint: 286010 ns, At safepoint: 29525 ns, Total: 315535 ns
[2020-08-12T20:24:40.816+0000][6][safepoint    ] Safepoint "Cleanup", Time since last: 1031139213 ns, Reaching safepoint: 357547 ns, At safepoint: 78637 ns, Total: 436184 ns
[2020-08-12T20:24:41.817+0000][6][safepoint    ] Safepoint "Cleanup", Time since last: 1000190518 ns, Reaching safepoint: 367497 ns, At safepoint: 42737 ns, Total: 410234 ns
[2020-08-12T20:24:42.817+0000][6][safepoint    ] Safepoint "Cleanup", Time since last: 1000156594 ns, Reaching safepoint: 282060 ns, At safepoint: 23800 ns, Total: 305860 ns
[2020-08-12T20:24:43.818+0000][6][safepoint    ] Safepoint "Cleanup", Time since last: 1000167956 ns, Reaching safepoint: 286735 ns, At safepoint: 18025 ns, Total: 304760 ns
[2020-08-12T20:24:44.825+0000][6][safepoint    ] Safepoint "Cleanup", Time since last: 1002963945 ns, Reaching safepoint: 4436024 ns, At safepoint: 33300 ns, Total: 4469324 ns
[2020-08-12T20:24:45.829+0000][6][safepoint    ] Safepoint "Cleanup", Time since last: 1003691975 ns, Reaching safepoint: 279873 ns, At safepoint: 18900 ns, Total: 298773 ns
[2020-08-12T20:24:46.830+0000][6][safepoint    ] Safepoint "Cleanup", Time since last: 1000171281 ns, Reaching safepoint: 394109 ns, At safepoint: 12375 ns, Total: 406484 ns
[2020-08-12T20:24:47.830+0000][6][safepoint    ] Safepoint "Cleanup", Time since last: 1000161281 ns, Reaching safepoint: 343660 ns, At safepoint: 12075 ns, Total: 355735 ns
[2020-08-12T20:24:48.831+0000][6][safepoint    ] Safepoint "Cleanup", Time since last: 1000244793 ns, Reaching safepoint: 380697 ns, At safepoint: 11937 ns, Total: 392634 ns
[2020-08-12T20:24:49.832+0000][6][safepoint    ] Safepoint "Cleanup", Time since last: 1000169156 ns, Reaching safepoint: 381872 ns, At safepoint: 11562 ns, Total: 393434 ns
[2020-08-12T20:24:50.922+0000][6][safepoint    ] Safepoint "Cleanup", Time since last: 1000157032 ns, Reaching safepoint: 89691861 ns, At safepoint: 235086 ns, Total: 89926947 ns
[2020-08-12T20:24:51.922+0000][6][safepoint    ] Safepoint "Cleanup", Time since last: 1000194843 ns, Reaching safepoint: 250585 ns, At safepoint: 12775 ns, Total: 263360 ns
[2020-08-12T20:24:52.923+0000][6][safepoint    ] Safepoint "Cleanup", Time since last: 1000165719 ns, Reaching safepoint: 290723 ns, At safepoint: 17449 ns, Total: 308172 ns
[2020-08-12T20:24:53.923+0000][6][safepoint    ] Safepoint "Cleanup", Time since last: 1000200556 ns, Reaching safepoint: 345435 ns, At safepoint: 26662 ns, Total: 372097 ns
[2020-08-12T20:24:54.859+0000][6][safepoint    ] Safepoint "BulkRevokeBias", Time since last: 890853578 ns, Reaching safepoint: 44188567 ns, At safepoint: 882918 ns, Total: 45071485 ns
[2020-08-12T20:24:55.871+0000][6][safepoint    ] Safepoint "Cleanup", Time since last: 1011339797 ns, Reaching safepoint: 363371 ns, At safepoint: 16013 ns, Total: 379384 ns
[2020-08-12T20:24:56.872+0000][6][safepoint    ] Safepoint "Cleanup", Time since last: 1000239506 ns, Reaching safepoint: 836692 ns, At safepoint: 44037 ns, Total: 880729 ns
[2020-08-12T20:24:57.873+0000][6][safepoint    ] Safepoint "Cleanup", Time since last: 1000301781 ns, Reaching safepoint: 371471 ns, At safepoint: 27138 ns, Total: 398609 ns
[2020-08-12T20:24:58.873+0000][6][safepoint    ] Safepoint "Cleanup", Time since last: 1000183718 ns, Reaching safepoint: 297023 ns, At safepoint: 11275 ns, Total: 308298 ns
[2020-08-12T20:25:00.816+0000][6][safepoint    ] Safepoint "Cleanup", Time since last: 1942205840 ns, Reaching safepoint: 492483 ns, At safepoint: 16288 ns, Total: 508771 ns
[2020-08-12T20:25:01.816+0000][6][safepoint    ] Safepoint "Cleanup", Time since last: 1000173619 ns, Reaching safepoint: 378134 ns, At safepoint: 11250 ns, Total: 389384 ns
[2020-08-12T20:25:02.817+0000][6][safepoint    ] Safepoint "Cleanup", Time since last: 1000178306 ns, Reaching safepoint: 404896 ns, At safepoint: 11750 ns, Total: 416646 ns
[2020-08-12T20:25:03.818+0000][6][safepoint    ] Safepoint "Cleanup", Time since last: 1000214831 ns, Reaching safepoint: 327485 ns, At safepoint: 33825 ns, Total: 361310 ns
[2020-08-12T20:25:04.825+0000][6][safepoint    ] Safepoint "Cleanup", Time since last: 1006337603 ns, Reaching safepoint: 722368 ns, At safepoint: 17550 ns, Total: 739918 ns
[2020-08-12T20:25:05.840+0000][6][safepoint    ] Safepoint "Cleanup", Time since last: 1008198799 ns, Reaching safepoint: 7486436 ns, At safepoint: 34624 ns, Total: 7521060 ns
[2020-08-12T20:25:06.848+0000][6][safepoint    ] Safepoint "Cleanup", Time since last: 1007141409 ns, Reaching safepoint: 489546 ns, At safepoint: 18587 ns, Total: 508133 ns
[2020-08-12T20:25:07.849+0000][6][safepoint    ] Safepoint "Cleanup", Time since last: 1000175281 ns, Reaching safepoint: 280798 ns, At safepoint: 11000 ns, Total: 291798 ns
[2020-08-12T20:25:08.849+0000][6][safepoint    ] Safepoint "Cleanup", Time since last: 1000168331 ns, Reaching safepoint: 284947 ns, At safepoint: 11500 ns, Total: 296447 ns
[2020-08-12T20:25:09.849+0000][6][safepoint    ] Safepoint "Cleanup", Time since last: 1000166769 ns, Reaching safepoint: 268885 ns, At safepoint: 11325 ns, Total: 280210 ns
[2020-08-12T20:25:10.850+0000][6][safepoint    ] Safepoint "Cleanup", Time since last: 1000161219 ns, Reaching safepoint: 334360 ns, At safepoint: 15825 ns, Total: 350185 ns
[2020-08-12T20:25:11.851+0000][6][safepoint    ] Safepoint "Cleanup", Time since last: 1000172656 ns, Reaching safepoint: 506995 ns, At safepoint: 17213 ns, Total: 524208 ns
[2020-08-12T20:25:12.851+0000][6][safepoint    ] Safepoint "Cleanup", Time since last: 1000164669 ns, Reaching safepoint: 260360 ns, At safepoint: 11025 ns, Total: 271385 ns
[2020-08-12T20:25:13.852+0000][6][safepoint    ] Safepoint "Cleanup", Time since last: 1000157894 ns, Reaching safepoint: 360159 ns, At safepoint: 16812 ns, Total: 376971 ns
[2020-08-12T20:25:15.825+0000][6][safepoint    ] Safepoint "Cleanup", Time since last: 1972885826 ns, Reaching safepoint: 477970 ns, At safepoint: 14300 ns, Total: 492270 ns
[2020-08-12T20:25:16.826+0000][6][safepoint    ] Safepoint "Cleanup", Time since last: 1000177144 ns, Reaching safepoint: 347097 ns, At safepoint: 16687 ns, Total: 363784 ns
[2020-08-12T20:25:17.826+0000][6][safepoint    ] Safepoint "Cleanup", Time since last: 1000179481 ns, Reaching safepoint: 324923 ns, At safepoint: 19025 ns, Total: 343948 ns
[2020-08-12T20:25:18.827+0000][6][safepoint    ] Safepoint "Cleanup", Time since last: 1000191056 ns, Reaching safepoint: 390309 ns, At safepoint: 11275 ns, Total: 401584 ns
[2020-08-12T20:25:20.823+0000][6][safepoint    ] Safepoint "Cleanup", Time since last: 1996017712 ns, Reaching safepoint: 397272 ns, At safepoint: 11725 ns, Total: 408997 ns
[2020-08-12T20:25:21.854+0000][6][safepoint    ] Safepoint "Cleanup", Time since last: 1000242830 ns, Reaching safepoint: 30771684 ns, At safepoint: 24237 ns, Total: 30795921 ns
[2020-08-12T20:25:22.855+0000][6][safepoint    ] Safepoint "Cleanup", Time since last: 1000171519 ns, Reaching safepoint: 363584 ns, At safepoint: 15500 ns, Total: 379084 ns
[2020-08-12T20:25:23.855+0000][6][safepoint    ] Safepoint "Cleanup", Time since last: 1000163169 ns, Reaching safepoint: 262410 ns, At safepoint: 10875 ns, Total: 273285 ns
[2020-08-12T20:25:25.849+0000][6][safepoint    ] Safepoint "Cleanup", Time since last: 1993557559 ns, Reaching safepoint: 486071 ns, At safepoint: 14287 ns, Total: 500358 ns
[2020-08-12T20:25:26.850+0000][6][safepoint    ] Safepoint "Cleanup", Time since last: 1000253681 ns, Reaching safepoint: 321909 ns, At safepoint: 11988 ns, Total: 333897 ns
[2020-08-12T20:25:27.850+0000][6][safepoint    ] Safepoint "Cleanup", Time since last: 1000242430 ns, Reaching safepoint: 324273 ns, At safepoint: 11187 ns, Total: 335460 ns
[2020-08-12T20:25:28.851+0000][6][safepoint    ] Safepoint "Cleanup", Time since last: 1000221081 ns, Reaching safepoint: 402209 ns, At safepoint: 21350 ns, Total: 423559 ns
[2020-08-12T20:25:29.854+0000][6][safepoint    ] Safepoint "Cleanup", Time since last: 1000164331 ns, Reaching safepoint: 2434179 ns, At safepoint: 26300 ns, Total: 2460479 ns
[2020-08-12T20:25:30.854+0000][6][safepoint    ] Safepoint "Cleanup", Time since last: 1000178843 ns, Reaching safepoint: 272486 ns, At safepoint: 11737 ns, Total: 284223 ns
[2020-08-12T20:25:31.855+0000][6][safepoint    ] Safepoint "Cleanup", Time since last: 1000145594 ns, Reaching safepoint: 278348 ns, At safepoint: 11124 ns, Total: 289472 ns
[2020-08-12T20:25:32.855+0000][6][safepoint    ] Safepoint "Cleanup", Time since last: 1000182944 ns, Reaching safepoint: 332472 ns, At safepoint: 11075 ns, Total: 343547 ns
[2020-08-12T20:25:33.856+0000][6][safepoint    ] Safepoint "Cleanup", Time since last: 1000187694 ns, Reaching safepoint: 262348 ns, At safepoint: 10637 ns, Total: 272985 ns
[2020-08-12T20:25:35.101+0000][6][safepoint    ] Safepoint "Cleanup", Time since last: 1245035249 ns, Reaching safepoint: 304998 ns, At safepoint: 11237 ns, Total: 316235 ns
[2020-08-12T20:25:36.803+0000][6][safepoint    ] Safepoint "Cleanup", Time since last: 1701630523 ns, Reaching safepoint: 382334 ns, At safepoint: 18237 ns, Total: 400571 ns
[2020-08-12T20:25:37.803+0000][6][safepoint    ] Safepoint "Cleanup", Time since last: 1000184132 ns, Reaching safepoint: 333497 ns, At safepoint: 16375 ns, Total: 349872 ns
[2020-08-12T20:25:38.804+0000][6][safepoint    ] Safepoint "Cleanup", Time since last: 1000177368 ns, Reaching safepoint: 427972 ns, At safepoint: 21187 ns, Total: 449159 ns
[2020-08-12T20:25:39.805+0000][6][safepoint    ] Safepoint "Cleanup", Time since last: 1000168481 ns, Reaching safepoint: 290273 ns, At safepoint: 25500 ns, Total: 315773 ns
[2020-08-12T20:25:40.827+0000][6][safepoint    ] Safepoint "Cleanup", Time since last: 1021708944 ns, Reaching safepoint: 754144 ns, At safepoint: 23725 ns, Total: 777869 ns
[2020-08-12T20:25:41.828+0000][6][safepoint    ] Safepoint "Cleanup", Time since last: 1000213518 ns, Reaching safepoint: 305860 ns, At safepoint: 11625 ns, Total: 317485 ns
[2020-08-12T20:25:42.828+0000][6][safepoint    ] Safepoint "Cleanup", Time since last: 1000240106 ns, Reaching safepoint: 410146 ns, At safepoint: 11475 ns, Total: 421621 ns
[2020-08-12T20:25:43.488+0000][6][safepoint    ] Safepoint "BulkRevokeBias", Time since last: 658443051 ns, Reaching safepoint: 260848 ns, At safepoint: 960867 ns, Total: 1221715 ns
[2020-08-12T20:25:44.504+0000][6][safepoint    ] Safepoint "Cleanup", Time since last: 1015859970 ns, Reaching safepoint: 326085 ns, At safepoint: 17650 ns, Total: 343735 ns
[2020-08-12T20:25:46.033+0000][6][safepoint    ] Safepoint "Cleanup", Time since last: 1528491421 ns, Reaching safepoint: 354159 ns, At safepoint: 19275 ns, Total: 373434 ns
[2020-08-12T20:25:47.034+0000][6][safepoint    ] Safepoint "Cleanup", Time since last: 1000199631 ns, Reaching safepoint: 324735 ns, At safepoint: 11975 ns, Total: 336710 ns
[2020-08-12T20:25:48.034+0000][6][safepoint    ] Safepoint "Cleanup", Time since last: 1000207443 ns, Reaching safepoint: 473834 ns, At safepoint: 12650 ns, Total: 486484 ns
[2020-08-12T20:25:49.035+0000][6][safepoint    ] Safepoint "Cleanup", Time since last: 1000167431 ns, Reaching safepoint: 365659 ns, At safepoint: 12438 ns, Total: 378097 ns
[2020-08-12T20:25:50.036+0000][6][safepoint    ] Safepoint "Cleanup", Time since last: 1000361342 ns, Reaching safepoint: 400534 ns, At safepoint: 11437 ns, Total: 411971 ns
[2020-08-12T20:25:51.036+0000][6][safepoint    ] Safepoint "Cleanup", Time since last: 1000164669 ns, Reaching safepoint: 401297 ns, At safepoint: 12037 ns, Total: 413334 ns
[2020-08-12T20:25:52.037+0000][6][safepoint    ] Safepoint "Cleanup", Time since last: 1000169306 ns, Reaching safepoint: 413634 ns, At safepoint: 12713 ns, Total: 426347 ns
[2020-08-12T20:25:53.037+0000][6][safepoint    ] Safepoint "Cleanup", Time since last: 1000171956 ns, Reaching safepoint: 347109 ns, At safepoint: 46337 ns, Total: 393446 ns
[2020-08-12T20:25:54.038+0000][6][safepoint    ] Safepoint "Cleanup", Time since last: 1000161907 ns, Reaching safepoint: 377796 ns, At safepoint: 11375 ns, Total: 389171 ns
[2020-08-12T20:25:55.089+0000][6][safepoint    ] Safepoint "Cleanup", Time since last: 1038967833 ns, Reaching safepoint: 12444268 ns, At safepoint: 26062 ns, Total: 12470330 ns
[2020-08-12T20:25:56.090+0000][6][safepoint    ] Safepoint "Cleanup", Time since last: 1000222418 ns, Reaching safepoint: 286248 ns, At safepoint: 20737 ns, Total: 306985 ns
[2020-08-12T20:25:57.090+0000][6][safepoint    ] Safepoint "Cleanup", Time since last: 1000208469 ns, Reaching safepoint: 301784 ns, At safepoint: 46188 ns, Total: 347972 ns
[2020-08-12T20:25:58.091+0000][6][safepoint    ] Safepoint "Cleanup", Time since last: 1000158431 ns, Reaching safepoint: 325297 ns, At safepoint: 11675 ns, Total: 336972 ns
[2020-08-12T20:25:59.091+0000][6][safepoint    ] Safepoint "Cleanup", Time since last: 1000231606 ns, Reaching safepoint: 343347 ns, At safepoint: 12337 ns, Total: 355684 ns
[2020-08-12T20:26:00.826+0000][6][safepoint    ] Safepoint "Cleanup", Time since last: 1734509751 ns, Reaching safepoint: 360422 ns, At safepoint: 11825 ns, Total: 372247 ns
[2020-08-12T20:26:01.827+0000][6][safepoint    ] Safepoint "Cleanup", Time since last: 1000148331 ns, Reaching safepoint: 420947 ns, At safepoint: 12662 ns, Total: 433609 ns
[2020-08-12T20:26:02.827+0000][6][safepoint    ] Safepoint "Cleanup", Time since last: 1000207431 ns, Reaching safepoint: 341434 ns, At safepoint: 11525 ns, Total: 352959 ns
[2020-08-12T20:26:03.828+0000][6][safepoint    ] Safepoint "Cleanup", Time since last: 1000223506 ns, Reaching safepoint: 404184 ns, At safepoint: 27450 ns, Total: 431634 ns
[2020-08-12T20:26:05.445+0000][6][safepoint    ] Safepoint "Cleanup", Time since last: 1604488526 ns, Reaching safepoint: 12566829 ns, At safepoint: 22049 ns, Total: 12588878 ns
[2020-08-12T20:26:07.018+0000][6][safepoint    ] Safepoint "Cleanup", Time since last: 1572307455 ns, Reaching safepoint: 847955 ns, At safepoint: 18200 ns, Total: 866155 ns
[2020-08-12T20:26:08.019+0000][6][safepoint    ] Safepoint "Cleanup", Time since last: 1000211168 ns, Reaching safepoint: 377710 ns, At safepoint: 12850 ns, Total: 390560 ns
[2020-08-12T20:26:09.019+0000][6][safepoint    ] Safepoint "Cleanup", Time since last: 1000167831 ns, Reaching safepoint: 351872 ns, At safepoint: 11325 ns, Total: 363197 ns
[2020-08-12T20:26:10.020+0000][6][safepoint    ] Safepoint "Cleanup", Time since last: 1000186468 ns, Reaching safepoint: 395697 ns, At safepoint: 11762 ns, Total: 407459 ns
[2020-08-12T20:26:11.021+0000][6][safepoint    ] Safepoint "Cleanup", Time since last: 1000168882 ns, Reaching safepoint: 450321 ns, At safepoint: 17062 ns, Total: 467383 ns
[2020-08-12T20:26:12.024+0000][6][safepoint    ] Safepoint "Cleanup", Time since last: 1002703934 ns, Reaching safepoint: 404472 ns, At safepoint: 12287 ns, Total: 416759 ns
[2020-08-12T20:26:13.024+0000][6][safepoint    ] Safepoint "Cleanup", Time since last: 1000207081 ns, Reaching safepoint: 369810 ns, At safepoint: 11462 ns, Total: 381272 ns
[2020-08-12T20:26:14.025+0000][6][safepoint    ] Safepoint "Cleanup", Time since last: 1000226293 ns, Reaching safepoint: 457446 ns, At safepoint: 42062 ns, Total: 499508 ns
[2020-08-12T20:26:15.831+0000][6][safepoint    ] Safepoint "Cleanup", Time since last: 1805762185 ns, Reaching safepoint: 411933 ns, At safepoint: 17088 ns, Total: 429021 ns
[2020-08-12T20:26:16.832+0000][6][safepoint    ] Safepoint "Cleanup", Time since last: 1000228106 ns, Reaching safepoint: 324909 ns, At safepoint: 20975 ns, Total: 345884 ns
[2020-08-12T20:26:17.833+0000][6][safepoint    ] Safepoint "Cleanup", Time since last: 1000170344 ns, Reaching safepoint: 438109 ns, At safepoint: 24524 ns, Total: 462633 ns
[2020-08-12T20:26:18.833+0000][6][safepoint    ] Safepoint "Cleanup", Time since last: 1000213606 ns, Reaching safepoint: 372947 ns, At safepoint: 15500 ns, Total: 388447 ns
[2020-08-12T20:26:20.828+0000][6][safepoint    ] Safepoint "Cleanup", Time since last: 1994260278 ns, Reaching safepoint: 275922 ns, At safepoint: 11313 ns, Total: 287235 ns
[2020-08-12T20:26:21.828+0000][6][safepoint    ] Safepoint "Cleanup", Time since last: 1000192843 ns, Reaching safepoint: 379397 ns, At safepoint: 15675 ns, Total: 395072 ns
[2020-08-12T20:26:22.829+0000][6][safepoint    ] Safepoint "Cleanup", Time since last: 1000174919 ns, Reaching safepoint: 362209 ns, At safepoint: 17450 ns, Total: 379659 ns
[2020-08-12T20:26:23.934+0000][6][safepoint    ] Safepoint "Cleanup", Time since last: 1000197718 ns, Reaching safepoint: 105225165 ns, At safepoint: 199923 ns, Total: 105425088 ns
[2020-08-12T20:26:25.845+0000][6][safepoint    ] Safepoint "Cleanup", Time since last: 1909691272 ns, Reaching safepoint: 564483 ns, At safepoint: 25524 ns, Total: 590007 ns
[2020-08-12T20:26:26.845+0000][6][safepoint    ] Safepoint "Cleanup", Time since last: 1000262268 ns, Reaching safepoint: 270561 ns, At safepoint: 12037 ns, Total: 282598 ns
[2020-08-12T20:26:27.846+0000][6][safepoint    ] Safepoint "Cleanup", Time since last: 1000214106 ns, Reaching safepoint: 331759 ns, At safepoint: 54400 ns, Total: 386159 ns
[2020-08-12T20:26:28.846+0000][6][safepoint    ] Safepoint "Cleanup", Time since last: 1000175231 ns, Reaching safepoint: 336197 ns, At safepoint: 20938 ns, Total: 357135 ns
[2020-08-12T20:26:29.889+0000][6][safepoint    ] Safepoint "Cleanup", Time since last: 1000198943 ns, Reaching safepoint: 41915612 ns, At safepoint: 35238 ns, Total: 41950850 ns
[2020-08-12T20:26:30.889+0000][6][safepoint    ] Safepoint "Cleanup", Time since last: 1000138669 ns, Reaching safepoint: 505008 ns, At safepoint: 21662 ns, Total: 526670 ns
[2020-08-12T20:26:31.890+0000][6][safepoint    ] Safepoint "Cleanup", Time since last: 1000155319 ns, Reaching safepoint: 395297 ns, At safepoint: 11737 ns, Total: 407034 ns
[2020-08-12T20:26:32.890+0000][6][safepoint    ] Safepoint "Cleanup", Time since last: 1000244881 ns, Reaching safepoint: 334997 ns, At safepoint: 11137 ns, Total: 346134 ns
[2020-08-12T20:26:33.891+0000][6][safepoint    ] Safepoint "Cleanup", Time since last: 1000154956 ns, Reaching safepoint: 459909 ns, At safepoint: 13037 ns, Total: 472946 ns
[2020-08-12T20:26:36.597+0000][6][safepoint    ] Safepoint "Cleanup", Time since last: 1969612066 ns, Reaching safepoint: 729506412 ns, At safepoint: 6743891 ns, Total: 736250303 ns
[2020-08-12T20:26:37.748+0000][6][safepoint    ] Safepoint "Cleanup", Time since last: 1150497343 ns, Reaching safepoint: 341060 ns, At safepoint: 15574 ns, Total: 356634 ns
[2020-08-12T20:26:39.452+0000][6][safepoint    ] Safepoint "Cleanup", Time since last: 1703547832 ns, Reaching safepoint: 284522 ns, At safepoint: 11400 ns, Total: 295922 ns
[2020-08-12T20:26:40.828+0000][6][safepoint    ] Safepoint "Cleanup", Time since last: 1376317788 ns, Reaching safepoint: 257936 ns, At safepoint: 11075 ns, Total: 269011 ns
[2020-08-12T20:26:41.829+0000][6][safepoint    ] Safepoint "Cleanup", Time since last: 1000168818 ns, Reaching safepoint: 265486 ns, At safepoint: 11375 ns, Total: 276861 ns
[2020-08-12T20:26:42.829+0000][6][safepoint    ] Safepoint "Cleanup", Time since last: 1000160668 ns, Reaching safepoint: 382272 ns, At safepoint: 15387 ns, Total: 397659 ns
[2020-08-12T20:26:43.830+0000][6][safepoint    ] Safepoint "Cleanup", Time since last: 1000155332 ns, Reaching safepoint: 285572 ns, At safepoint: 11525 ns, Total: 297097 ns
[2020-08-12T20:26:44.831+0000][6][safepoint    ] Safepoint "Cleanup", Time since last: 1000746252 ns, Reaching safepoint: 323397 ns, At safepoint: 13162 ns, Total: 336559 ns
[2020-08-12T20:26:46.191+0000][6][safepoint    ] Safepoint "Cleanup", Time since last: 1360123454 ns, Reaching safepoint: 310397 ns, At safepoint: 10875 ns, Total: 321272 ns
[2020-08-12T20:26:47.192+0000][6][safepoint    ] Safepoint "Cleanup", Time since last: 1000167544 ns, Reaching safepoint: 363434 ns, At safepoint: 17187 ns, Total: 380621 ns
[2020-08-12T20:26:48.192+0000][6][safepoint    ] Safepoint "Cleanup", Time since last: 1000178882 ns, Reaching safepoint: 264610 ns, At safepoint: 10987 ns, Total: 275597 ns
[2020-08-12T20:26:49.193+0000][6][safepoint    ] Safepoint "Cleanup", Time since last: 1000170206 ns, Reaching safepoint: 359772 ns, At safepoint: 17413 ns, Total: 377185 ns
[2020-08-12T20:26:50.193+0000][6][safepoint    ] Safepoint "Cleanup", Time since last: 1000197268 ns, Reaching safepoint: 362710 ns, At safepoint: 17049 ns, Total: 379759 ns
[2020-08-12T20:26:51.194+0000][6][safepoint    ] Safepoint "Cleanup", Time since last: 1000179519 ns, Reaching safepoint: 304272 ns, At safepoint: 60750 ns, Total: 365022 ns
[2020-08-12T20:26:52.194+0000][6][safepoint    ] Safepoint "Cleanup", Time since last: 1000206531 ns, Reaching safepoint: 328522 ns, At safepoint: 12038 ns, Total: 340560 ns
[2020-08-12T20:26:53.218+0000][6][safepoint    ] Safepoint "Cleanup", Time since last: 1001561619 ns, Reaching safepoint: 22430456 ns, At safepoint: 39024 ns, Total: 22469480 ns
[2020-08-12T20:26:54.219+0000][6][safepoint    ] Safepoint "Cleanup", Time since last: 1000152582 ns, Reaching safepoint: 381959 ns, At safepoint: 20300 ns, Total: 402259 ns
[2020-08-12T20:26:54.888+0000][6][safepoint    ] Safepoint "BulkRevokeBias", Time since last: 622938021 ns, Reaching safepoint: 44620801 ns, At safepoint: 1158378 ns, Total: 45779179 ns
[2020-08-12T20:26:54.890+0000][6][safepoint    ] Safepoint "BulkRevokeBias", Time since last: 693706 ns, Reaching safepoint: 399647 ns, At safepoint: 1155440 ns, Total: 1555087 ns
[2020-08-12T20:26:56.298+0000][6][safepoint    ] Safepoint "Cleanup", Time since last: 1407854503 ns, Reaching safepoint: 378034 ns, At safepoint: 17212 ns, Total: 395246 ns
[2020-08-12T20:26:57.555+0000][6][safepoint    ] Safepoint "Cleanup", Time since last: 1000142382 ns, Reaching safepoint: 256220770 ns, At safepoint: 488483 ns, Total: 256709253 ns
[2020-08-12T20:26:58.577+0000][6][safepoint    ] Safepoint "Cleanup", Time since last: 1000175319 ns, Reaching safepoint: 22182645 ns, At safepoint: 36887 ns, Total: 22219532 ns
[2020-08-12T20:26:59.578+0000][6][safepoint    ] Safepoint "Cleanup", Time since last: 1000160469 ns, Reaching safepoint: 463434 ns, At safepoint: 16025 ns, Total: 479459 ns
[2020-08-12T20:27:00.830+0000][6][safepoint    ] Safepoint "Cleanup", Time since last: 1251769191 ns, Reaching safepoint: 363347 ns, At safepoint: 43449 ns, Total: 406796 ns
[2020-08-12T20:27:01.831+0000][6][safepoint    ] Safepoint "Cleanup", Time since last: 1000172482 ns, Reaching safepoint: 336059 ns, At safepoint: 11762 ns, Total: 347821 ns
[2020-08-12T20:27:02.831+0000][6][safepoint    ] Safepoint "Cleanup", Time since last: 1000292606 ns, Reaching safepoint: 356572 ns, At safepoint: 11950 ns, Total: 368522 ns
[2020-08-12T20:27:03.832+0000][6][safepoint    ] Safepoint "Cleanup", Time since last: 1000170293 ns, Reaching safepoint: 330460 ns, At safepoint: 76949 ns, Total: 407409 ns
[2020-08-12T20:27:05.170+0000][6][safepoint    ] Safepoint "BulkRevokeBias", Time since last: 1301819858 ns, Reaching safepoint: 34613776 ns, At safepoint: 1275739 ns, Total: 35889515 ns
[2020-08-12T20:27:06.876+0000][6][safepoint    ] Safepoint "Cleanup", Time since last: 1705470927 ns, Reaching safepoint: 382446 ns, At safepoint: 11375 ns, Total: 393821 ns
[2020-08-12T20:27:07.974+0000][6][safepoint    ] Safepoint "Cleanup", Time since last: 1000157894 ns, Reaching safepoint: 98196013 ns, At safepoint: 30650 ns, Total: 98226663 ns
[2020-08-12T20:27:08.975+0000][6][safepoint    ] Safepoint "Cleanup", Time since last: 1000199268 ns, Reaching safepoint: 337397 ns, At safepoint: 11975 ns, Total: 349372 ns
[2020-08-12T20:27:09.975+0000][6][safepoint    ] Safepoint "Cleanup", Time since last: 1000204369 ns, Reaching safepoint: 317434 ns, At safepoint: 11888 ns, Total: 329322 ns
[2020-08-12T20:27:10.976+0000][6][safepoint    ] Safepoint "Cleanup", Time since last: 1000168369 ns, Reaching safepoint: 316509 ns, At safepoint: 21075 ns, Total: 337584 ns
[2020-08-12T20:27:11.977+0000][6][safepoint    ] Safepoint "Cleanup", Time since last: 1000684627 ns, Reaching safepoint: 293885 ns, At safepoint: 15162 ns, Total: 309047 ns
[2020-08-12T20:27:12.977+0000][6][safepoint    ] Safepoint "Cleanup", Time since last: 1000180894 ns, Reaching safepoint: 314947 ns, At safepoint: 18238 ns, Total: 333185 ns
[2020-08-12T20:27:13.977+0000][6][safepoint    ] Safepoint "Cleanup", Time since last: 1000175931 ns, Reaching safepoint: 245235 ns, At safepoint: 12050 ns, Total: 257285 ns
[2020-08-12T20:27:15.447+0000][6][safepoint    ] Safepoint "Cleanup", Time since last: 1465687253 ns, Reaching safepoint: 3526669 ns, At safepoint: 21587 ns, Total: 3548256 ns
[2020-08-12T20:27:16.447+0000][6][safepoint    ] Safepoint "Cleanup", Time since last: 1000246493 ns, Reaching safepoint: 313160 ns, At safepoint: 11075 ns, Total: 324235 ns
[2020-08-12T20:27:17.448+0000][6][safepoint    ] Safepoint "Cleanup", Time since last: 1000165881 ns, Reaching safepoint: 364635 ns, At safepoint: 15225 ns, Total: 379860 ns
[2020-08-12T20:27:18.562+0000][6][safepoint    ] Safepoint "Cleanup", Time since last: 1000206668 ns, Reaching safepoint: 114130150 ns, At safepoint: 24862 ns, Total: 114155012 ns
[2020-08-12T20:27:19.563+0000][6][safepoint    ] Safepoint "Cleanup", Time since last: 1000202894 ns, Reaching safepoint: 359796 ns, At safepoint: 11950 ns, Total: 371746 ns
[2020-08-12T20:27:20.852+0000][6][safepoint    ] Safepoint "Cleanup", Time since last: 1289121393 ns, Reaching safepoint: 337485 ns, At safepoint: 11575 ns, Total: 349060 ns
[2020-08-12T20:27:21.853+0000][6][safepoint    ] Safepoint "Cleanup", Time since last: 1000243568 ns, Reaching safepoint: 600870 ns, At safepoint: 41049 ns, Total: 641919 ns
[2020-08-12T20:27:22.854+0000][6][safepoint    ] Safepoint "Cleanup", Time since last: 1000232794 ns, Reaching safepoint: 258047 ns, At safepoint: 11725 ns, Total: 269772 ns
[2020-08-12T20:27:23.854+0000][6][safepoint    ] Safepoint "Cleanup", Time since last: 1000159907 ns, Reaching safepoint: 348972 ns, At safepoint: 41887 ns, Total: 390859 ns
[2020-08-12T20:27:25.094+0000][6][safepoint    ] Safepoint "Cleanup", Time since last: 1239741283 ns, Reaching safepoint: 280035 ns, At safepoint: 11537 ns, Total: 291572 ns
[2020-08-12T20:27:26.104+0000][6][safepoint    ] Safepoint "Cleanup", Time since last: 1000220293 ns, Reaching safepoint: 9643630 ns, At safepoint: 88474 ns, Total: 9732104 ns
[2020-08-12T20:27:27.105+0000][6][safepoint    ] Safepoint "Cleanup", Time since last: 1000176093 ns, Reaching safepoint: 372722 ns, At safepoint: 24763 ns, Total: 397485 ns
[2020-08-12T20:27:28.105+0000][6][safepoint    ] Safepoint "Cleanup", Time since last: 1000201681 ns, Reaching safepoint: 367509 ns, At safepoint: 15825 ns, Total: 383334 ns
[2020-08-12T20:27:29.144+0000][6][safepoint    ] Safepoint "Cleanup", Time since last: 1000172318 ns, Reaching safepoint: 38288407 ns, At safepoint: 28324 ns, Total: 38316731 ns
[2020-08-12T20:27:30.144+0000][6][safepoint    ] Safepoint "Cleanup", Time since last: 1000211681 ns, Reaching safepoint: 339110 ns, At safepoint: 15850 ns, Total: 354960 ns
[2020-08-12T20:27:31.145+0000][6][safepoint    ] Safepoint "Cleanup", Time since last: 1000193681 ns, Reaching safepoint: 377559 ns, At safepoint: 15012 ns, Total: 392571 ns
[2020-08-12T20:27:32.146+0000][6][safepoint    ] Safepoint "Cleanup", Time since last: 1000177657 ns, Reaching safepoint: 391209 ns, At safepoint: 19275 ns, Total: 410484 ns
[2020-08-12T20:27:33.146+0000][6][safepoint    ] Safepoint "Cleanup", Time since last: 1000194406 ns, Reaching safepoint: 285460 ns, At safepoint: 11375 ns, Total: 296835 ns
[2020-08-12T20:27:34.146+0000][6][safepoint    ] Safepoint "Cleanup", Time since last: 1000180781 ns, Reaching safepoint: 264647 ns, At safepoint: 11150 ns, Total: 275797 ns
[2020-08-12T20:27:35.535+0000][6][safepoint    ] Safepoint "Cleanup", Time since last: 1388206898 ns, Reaching safepoint: 358797 ns, At safepoint: 10900 ns, Total: 369697 ns
[2020-08-12T20:27:37.010+0000][6][safepoint    ] Safepoint "Cleanup", Time since last: 1470524411 ns, Reaching safepoint: 4676484 ns, At safepoint: 26100 ns, Total: 4702584 ns
[2020-08-12T20:27:38.011+0000][6][safepoint    ] Safepoint "Cleanup", Time since last: 1000180281 ns, Reaching safepoint: 286098 ns, At safepoint: 10899 ns, Total: 296997 ns
[2020-08-12T20:27:39.011+0000][6][safepoint    ] Safepoint "Cleanup", Time since last: 1000105670 ns, Reaching safepoint: 293422 ns, At safepoint: 13125 ns, Total: 306547 ns
[2020-08-12T20:27:40.950+0000][6][safepoint    ] Safepoint "Cleanup", Time since last: 1938826133 ns, Reaching safepoint: 365446 ns, At safepoint: 12900 ns, Total: 378346 ns
[2020-08-12T20:27:41.951+0000][6][safepoint    ] Safepoint "Cleanup", Time since last: 1000182182 ns, Reaching safepoint: 364909 ns, At safepoint: 17000 ns, Total: 381909 ns
[2020-08-12T20:27:42.951+0000][6][safepoint    ] Safepoint "Cleanup", Time since last: 1000171031 ns, Reaching safepoint: 302647 ns, At safepoint: 11575 ns, Total: 314222 ns
[2020-08-12T20:27:43.952+0000][6][safepoint    ] Safepoint "Cleanup", Time since last: 1000164032 ns, Reaching safepoint: 378521 ns, At safepoint: 17188 ns, Total: 395709 ns
[2020-08-12T20:27:45.759+0000][6][safepoint    ] Safepoint "Cleanup", Time since last: 1791352921 ns, Reaching safepoint: 15238456 ns, At safepoint: 27224 ns, Total: 15265680 ns
[2020-08-12T20:27:46.760+0000][6][safepoint    ] Safepoint "Cleanup", Time since last: 1000722289 ns, Reaching safepoint: 402009 ns, At safepoint: 19288 ns, Total: 421297 ns
[2020-08-12T20:27:47.761+0000][6][safepoint    ] Safepoint "Cleanup", Time since last: 1000225718 ns, Reaching safepoint: 511171 ns, At safepoint: 25387 ns, Total: 536558 ns
[2020-08-12T20:27:48.761+0000][6][safepoint    ] Safepoint "Cleanup", Time since last: 1000189443 ns, Reaching safepoint: 336673 ns, At safepoint: 15412 ns, Total: 352085 ns
[2020-08-12T20:27:49.762+0000][6][safepoint    ] Safepoint "Cleanup", Time since last: 1000153294 ns, Reaching safepoint: 273897 ns, At safepoint: 12838 ns, Total: 286735 ns
[2020-08-12T20:27:50.762+0000][6][safepoint    ] Safepoint "Cleanup", Time since last: 1000152619 ns, Reaching safepoint: 269835 ns, At safepoint: 12125 ns, Total: 281960 ns
[2020-08-12T20:27:51.762+0000][6][safepoint    ] Safepoint "Cleanup", Time since last: 1000155769 ns, Reaching safepoint: 262635 ns, At safepoint: 42625 ns, Total: 305260 ns
[2020-08-12T20:27:52.763+0000][6][safepoint    ] Safepoint "Cleanup", Time since last: 1000204418 ns, Reaching safepoint: 277010 ns, At safepoint: 11925 ns, Total: 288935 ns
[2020-08-12T20:27:53.763+0000][6][safepoint    ] Safepoint "Cleanup", Time since last: 1000218606 ns, Reaching safepoint: 289235 ns, At safepoint: 18687 ns, Total: 307922 ns
[2020-08-12T20:27:54.764+0000][6][safepoint    ] Safepoint "Cleanup", Time since last: 1000156119 ns, Reaching safepoint: 450471 ns, At safepoint: 15463 ns, Total: 465934 ns
[2020-08-12T20:27:56.076+0000][6][safepoint    ] Safepoint "Cleanup", Time since last: 1310043712 ns, Reaching safepoint: 2273192 ns, At safepoint: 62950 ns, Total: 2336142 ns
[2020-08-12T20:27:57.078+0000][6][safepoint    ] Safepoint "Cleanup", Time since last: 1000374292 ns, Reaching safepoint: 899280 ns, At safepoint: 43974 ns, Total: 943254 ns
[2020-08-12T20:27:58.079+0000][6][safepoint    ] Safepoint "Cleanup", Time since last: 1000375130 ns, Reaching safepoint: 426683 ns, At safepoint: 20963 ns, Total: 447646 ns
[2020-08-12T20:27:59.079+0000][6][safepoint    ] Safepoint "Cleanup", Time since last: 1000206156 ns, Reaching safepoint: 557782 ns, At safepoint: 26650 ns, Total: 584432 ns
[2020-08-12T20:28:00.842+0000][6][safepoint    ] Safepoint "Cleanup", Time since last: 1759819857 ns, Reaching safepoint: 2803576 ns, At safepoint: 48224 ns, Total: 2851800 ns
[2020-08-12T20:28:01.843+0000][6][safepoint    ] Safepoint "Cleanup", Time since last: 1000316280 ns, Reaching safepoint: 806668 ns, At safepoint: 55800 ns, Total: 862468 ns
[2020-08-12T20:28:02.844+0000][6][safepoint    ] Safepoint "Cleanup", Time since last: 1000338917 ns, Reaching safepoint: 741306 ns, At safepoint: 42850 ns, Total: 784156 ns
[2020-08-12T20:28:03.845+0000][6][safepoint    ] Safepoint "Cleanup", Time since last: 1000287143 ns, Reaching safepoint: 446908 ns, At safepoint: 54362 ns, Total: 501270 ns
[2020-08-12T20:28:05.205+0000][6][safepoint    ] Safepoint "Cleanup", Time since last: 1359401835 ns, Reaching safepoint: 447421 ns, At safepoint: 17612 ns, Total: 465033 ns
[2020-08-12T20:28:07.024+0000][6][safepoint    ] Safepoint "Cleanup", Time since last: 1817235448 ns, Reaching safepoint: 1220764 ns, At safepoint: 56662 ns, Total: 1277426 ns
[2020-08-12T20:28:08.024+0000][6][safepoint    ] Safepoint "Cleanup", Time since last: 1000274981 ns, Reaching safepoint: 376084 ns, At safepoint: 15537 ns, Total: 391621 ns
[2020-08-12T20:28:09.026+0000][6][safepoint    ] Safepoint "Cleanup", Time since last: 1000238356 ns, Reaching safepoint: 1309539 ns, At safepoint: 44749 ns, Total: 1354288 ns
[2020-08-12T20:28:10.027+0000][6][safepoint    ] Safepoint "Cleanup", Time since last: 1000393305 ns, Reaching safepoint: 570782 ns, At safepoint: 43300 ns, Total: 614082 ns
[2020-08-12T20:28:11.039+0000][6][safepoint    ] Safepoint "Cleanup", Time since last: 1000401116 ns, Reaching safepoint: 11391127 ns, At safepoint: 54899 ns, Total: 11446026 ns
[2020-08-12T20:28:12.040+0000][6][safepoint    ] Safepoint "Cleanup", Time since last: 1000309880 ns, Reaching safepoint: 706569 ns, At safepoint: 45875 ns, Total: 752444 ns
[2020-08-12T20:28:13.041+0000][6][safepoint    ] Safepoint "Cleanup", Time since last: 1000432854 ns, Reaching safepoint: 598657 ns, At safepoint: 43687 ns, Total: 642344 ns
[2020-08-12T20:28:14.042+0000][6][safepoint    ] Safepoint "Cleanup", Time since last: 1000403742 ns, Reaching safepoint: 483971 ns, At safepoint: 42875 ns, Total: 526846 ns
[2020-08-12T20:28:15.498+0000][6][safepoint    ] Safepoint "Cleanup", Time since last: 1455285079 ns, Reaching safepoint: 623570 ns, At safepoint: 20387 ns, Total: 643957 ns
[2020-08-12T20:28:16.498+0000][6][safepoint    ] Safepoint "Cleanup", Time since last: 1000267693 ns, Reaching safepoint: 283710 ns, At safepoint: 11575 ns, Total: 295285 ns
[2020-08-12T20:28:17.499+0000][6][safepoint    ] Safepoint "Cleanup", Time since last: 1000189106 ns, Reaching safepoint: 547983 ns, At safepoint: 54625 ns, Total: 602608 ns
[2020-08-12T20:28:18.500+0000][6][safepoint    ] Safepoint "Cleanup", Time since last: 1000308905 ns, Reaching safepoint: 753106 ns, At safepoint: 64349 ns, Total: 817455 ns
[2020-08-12T20:28:19.501+0000][6][safepoint    ] Safepoint "Cleanup", Time since last: 1000345967 ns, Reaching safepoint: 768481 ns, At safepoint: 45875 ns, Total: 814356 ns
[2020-08-12T20:28:20.845+0000][6][safepoint    ] Safepoint "Cleanup", Time since last: 1342696367 ns, Reaching safepoint: 585470 ns, At safepoint: 43599 ns, Total: 629069 ns
[2020-08-12T20:28:21.845+0000][6][safepoint    ] Safepoint "Cleanup", Time since last: 1000343130 ns, Reaching safepoint: 508333 ns, At safepoint: 43025 ns, Total: 551358 ns
[2020-08-12T20:28:22.847+0000][6][safepoint    ] Safepoint "Cleanup", Time since last: 1000335780 ns, Reaching safepoint: 882529 ns, At safepoint: 42975 ns, Total: 925504 ns
[2020-08-12T20:28:23.848+0000][6][safepoint    ] Safepoint "Cleanup", Time since last: 1000410192 ns, Reaching safepoint: 523670 ns, At safepoint: 43487 ns, Total: 567157 ns
[2020-08-12T20:28:25.362+0000][6][safepoint    ] Safepoint "Cleanup", Time since last: 1513443402 ns, Reaching safepoint: 443009 ns, At safepoint: 12649 ns, Total: 455658 ns
[2020-08-12T20:28:26.362+0000][6][safepoint    ] Safepoint "Cleanup", Time since last: 1000298943 ns, Reaching safepoint: 322485 ns, At safepoint: 15125 ns, Total: 337610 ns
[2020-08-12T20:28:27.364+0000][6][safepoint    ] Safepoint "Cleanup", Time since last: 1000238555 ns, Reaching safepoint: 1300427 ns, At safepoint: 48074 ns, Total: 1348501 ns
[2020-08-12T20:28:28.365+0000][6][safepoint    ] Safepoint "Cleanup", Time since last: 1000444079 ns, Reaching safepoint: 674269 ns, At safepoint: 46325 ns, Total: 720594 ns
[2020-08-12T20:28:29.366+0000][6][safepoint    ] Safepoint "Cleanup", Time since last: 1000306205 ns, Reaching safepoint: 308872 ns, At safepoint: 18425 ns, Total: 327297 ns
[2020-08-12T20:28:30.366+0000][6][safepoint    ] Safepoint "Cleanup", Time since last: 1000199831 ns, Reaching safepoint: 311747 ns, At safepoint: 15538 ns, Total: 327285 ns
[2020-08-12T20:28:31.367+0000][6][safepoint    ] Safepoint "Cleanup", Time since last: 1000196293 ns, Reaching safepoint: 406259 ns, At safepoint: 18338 ns, Total: 424597 ns
[2020-08-12T20:28:32.368+0000][6][safepoint    ] Safepoint "Cleanup", Time since last: 1000304805 ns, Reaching safepoint: 603970 ns, At safepoint: 43674 ns, Total: 647644 ns
[2020-08-12T20:28:33.369+0000][6][safepoint    ] Safepoint "Cleanup", Time since last: 1000397492 ns, Reaching safepoint: 596457 ns, At safepoint: 51387 ns, Total: 647844 ns
[2020-08-12T20:28:34.370+0000][6][safepoint    ] Safepoint "Cleanup", Time since last: 1000392142 ns, Reaching safepoint: 628470 ns, At safepoint: 43550 ns, Total: 672020 ns
[2020-08-12T20:28:35.836+0000][6][safepoint    ] Safepoint "Cleanup", Time since last: 1465290293 ns, Reaching safepoint: 609607 ns, At safepoint: 24862 ns, Total: 634469 ns
[2020-08-12T20:28:36.842+0000][6][safepoint    ] Safepoint "Cleanup", Time since last: 1005140164 ns, Reaching safepoint: 599269 ns, At safepoint: 32225 ns, Total: 631494 ns
[2020-08-12T20:28:37.843+0000][6][safepoint    ] Safepoint "Cleanup", Time since last: 1000305855 ns, Reaching safepoint: 837130 ns, At safepoint: 42950 ns, Total: 880080 ns
[2020-08-12T20:28:38.844+0000][6][safepoint    ] Safepoint "Cleanup", Time since last: 1000341730 ns, Reaching safepoint: 497808 ns, At safepoint: 27900 ns, Total: 525708 ns
[2020-08-12T20:28:39.845+0000][6][safepoint    ] Safepoint "Cleanup", Time since last: 1000164669 ns, Reaching safepoint: 1298163 ns, At safepoint: 55725 ns, Total: 1353888 ns
[2020-08-12T20:28:40.847+0000][6][safepoint    ] Safepoint "Cleanup", Time since last: 1000862200 ns, Reaching safepoint: 769493 ns, At safepoint: 39788 ns, Total: 809281 ns
[2020-08-12T20:28:41.848+0000][6][safepoint    ] Safepoint "Cleanup", Time since last: 1000272618 ns, Reaching safepoint: 919804 ns, At safepoint: 86062 ns, Total: 1005866 ns
[2020-08-12T20:28:42.849+0000][6][safepoint    ] Safepoint "Cleanup", Time since last: 1000309942 ns, Reaching safepoint: 702769 ns, At safepoint: 45075 ns, Total: 747844 ns
[2020-08-12T20:28:43.850+0000][6][safepoint    ] Safepoint "Cleanup", Time since last: 1000345505 ns, Reaching safepoint: 722781 ns, At safepoint: 44037 ns, Total: 766818 ns
[2020-08-12T20:28:45.375+0000][6][safepoint    ] Safepoint "Cleanup", Time since last: 1513949285 ns, Reaching safepoint: 10969105 ns, At safepoint: 23662 ns, Total: 10992767 ns
[2020-08-12T20:28:46.995+0000][6][safepoint    ] Safepoint "Cleanup", Time since last: 1618339856 ns, Reaching safepoint: 1142440 ns, At safepoint: 55925 ns, Total: 1198365 ns
[2020-08-12T20:28:47.996+0000][6][safepoint    ] Safepoint "Cleanup", Time since last: 1000373517 ns, Reaching safepoint: 834330 ns, At safepoint: 45375 ns, Total: 879705 ns
[2020-08-12T20:28:48.997+0000][6][safepoint    ] Safepoint "Cleanup", Time since last: 1000425429 ns, Reaching safepoint: 384247 ns, At safepoint: 19212 ns, Total: 403459 ns
[2020-08-12T20:28:49.998+0000][6][safepoint    ] Safepoint "Cleanup", Time since last: 1000286105 ns, Reaching safepoint: 893980 ns, At safepoint: 56349 ns, Total: 950329 ns
[2020-08-12T20:28:50.999+0000][6][safepoint    ] Safepoint "Cleanup", Time since last: 1000309143 ns, Reaching safepoint: 756156 ns, At safepoint: 63437 ns, Total: 819593 ns
[2020-08-12T20:28:52.000+0000][6][safepoint    ] Safepoint "Cleanup", Time since last: 1000355405 ns, Reaching safepoint: 634407 ns, At safepoint: 43562 ns, Total: 677969 ns
[2020-08-12T20:28:53.001+0000][6][safepoint    ] Safepoint "Cleanup", Time since last: 1000362042 ns, Reaching safepoint: 482646 ns, At safepoint: 43649 ns, Total: 526295 ns
[2020-08-12T20:28:54.002+0000][6][safepoint    ] Safepoint "Cleanup", Time since last: 1000341043 ns, Reaching safepoint: 554832 ns, At safepoint: 36625 ns, Total: 591457 ns
[2020-08-12T20:28:54.866+0000][6][safepoint    ] Safepoint "BulkRevokeBias", Time since last: 843366738 ns, Reaching safepoint: 1285964 ns, At safepoint: 18877224 ns, Total: 20163188 ns
[2020-08-12T20:28:56.563+0000][6][safepoint    ] Safepoint "Cleanup", Time since last: 1696675454 ns, Reaching safepoint: 390309 ns, At safepoint: 20362 ns, Total: 410671 ns
[2020-08-12T20:28:57.563+0000][6][safepoint    ] Safepoint "Cleanup", Time since last: 1000203106 ns, Reaching safepoint: 485596 ns, At safepoint: 22987 ns, Total: 508583 ns
[2020-08-12T20:28:58.564+0000][6][safepoint    ] Safepoint "Cleanup", Time since last: 1000227806 ns, Reaching safepoint: 783793 ns, At safepoint: 29437 ns, Total: 813230 ns
[2020-08-12T20:28:59.566+0000][6][safepoint    ] Safepoint "Cleanup", Time since last: 1000275756 ns, Reaching safepoint: 891729 ns, At safepoint: 43113 ns, Total: 934842 ns
[2020-08-12T20:29:00.848+0000][6][safepoint    ] Safepoint "Cleanup", Time since last: 1282142953 ns, Reaching safepoint: 698556 ns, At safepoint: 52187 ns, Total: 750743 ns
[2020-08-12T20:29:01.850+0000][6][safepoint    ] Safepoint "Cleanup", Time since last: 1000424679 ns, Reaching safepoint: 829206 ns, At safepoint: 43475 ns, Total: 872681 ns
[2020-08-12T20:29:02.851+0000][6][safepoint    ] Safepoint "Cleanup", Time since last: 1000403979 ns, Reaching safepoint: 846442 ns, At safepoint: 43687 ns, Total: 890129 ns
[2020-08-12T20:29:03.855+0000][6][safepoint    ] Safepoint "Cleanup", Time since last: 1002347563 ns, Reaching safepoint: 1858171 ns, At safepoint: 18338 ns, Total: 1876509 ns
[2020-08-12T20:29:05.377+0000][6][safepoint    ] Safepoint "Cleanup", Time since last: 1504203019 ns, Reaching safepoint: 17282650 ns, At safepoint: 53212 ns, Total: 17335862 ns
[2020-08-12T20:29:06.874+0000][6][safepoint    ] Safepoint "Cleanup", Time since last: 1496622622 ns, Reaching safepoint: 750981 ns, At safepoint: 43237 ns, Total: 794218 ns
[2020-08-12T20:29:07.875+0000][6][safepoint    ] Safepoint "Cleanup", Time since last: 1000300643 ns, Reaching safepoint: 489034 ns, At safepoint: 53437 ns, Total: 542471 ns
[2020-08-12T20:29:08.876+0000][6][safepoint    ] Safepoint "Cleanup", Time since last: 1000314154 ns, Reaching safepoint: 428647 ns, At safepoint: 51974 ns, Total: 480621 ns
[2020-08-12T20:29:09.885+0000][6][safepoint    ] Safepoint "Cleanup", Time since last: 1004214296 ns, Reaching safepoint: 4641035 ns, At safepoint: 32400 ns, Total: 4673435 ns
[2020-08-12T20:29:10.886+0000][6][safepoint    ] Safepoint "Cleanup", Time since last: 1000242218 ns, Reaching safepoint: 775194 ns, At safepoint: 42574 ns, Total: 817768 ns
[2020-08-12T20:29:11.887+0000][6][safepoint    ] Safepoint "Cleanup", Time since last: 1000605878 ns, Reaching safepoint: 636332 ns, At safepoint: 55187 ns, Total: 691519 ns
[2020-08-12T20:29:12.889+0000][6][safepoint    ] Safepoint "Cleanup", Time since last: 1000361567 ns, Reaching safepoint: 1004866 ns, At safepoint: 51462 ns, Total: 1056328 ns
[2020-08-12T20:29:13.889+0000][6][safepoint    ] Safepoint "Cleanup", Time since last: 1000247381 ns, Reaching safepoint: 454546 ns, At safepoint: 17962 ns, Total: 472508 ns
[2020-08-12T20:29:15.377+0000][6][safepoint    ] Safepoint "Cleanup", Time since last: 1486869819 ns, Reaching safepoint: 815968 ns, At safepoint: 46062 ns, Total: 862030 ns
[2020-08-12T20:29:16.634+0000][6][gc,start     ] GC(31) Pause Young (Normal) (G1 Evacuation Pause)
[2020-08-12T20:29:16.687+0000][6][gc,task      ] GC(31) Using 2 workers of 2 for evacuation
[2020-08-12T20:29:16.697+0000][6][gc,age       ] GC(31) Desired survivor size 33554432 bytes, new threshold 15 (max threshold 15)
[2020-08-12T20:29:18.337+0000][6][gc,age       ] GC(31) Age table with threshold 15 (max threshold 15)
[2020-08-12T20:29:18.337+0000][6][gc,age       ] GC(31) - age   1:     226168 bytes,     226168 total
[2020-08-12T20:29:18.338+0000][6][gc,age       ] GC(31) - age   2:     144168 bytes,     370336 total
[2020-08-12T20:29:18.338+0000][6][gc,age       ] GC(31) - age   3:      73160 bytes,     443496 total
[2020-08-12T20:29:18.338+0000][6][gc,age       ] GC(31) - age   4:     181608 bytes,     625104 total
[2020-08-12T20:29:18.338+0000][6][gc,age       ] GC(31) - age   5:     134768 bytes,     759872 total
[2020-08-12T20:29:18.338+0000][6][gc,mmu       ] GC(31) MMU target violated: 201.0ms (200.0ms/201.0ms)
[2020-08-12T20:29:18.339+0000][6][gc,phases    ] GC(31)   Pre Evacuate Collection Set: 234.1ms
[2020-08-12T20:29:18.339+0000][6][gc,phases    ] GC(31)   Merge Heap Roots: 66.5ms
[2020-08-12T20:29:18.339+0000][6][gc,phases    ] GC(31)   Evacuate Collection Set: 987.8ms
[2020-08-12T20:29:18.339+0000][6][gc,phases    ] GC(31)   Post Evacuate Collection Set: 306.3ms
[2020-08-12T20:29:18.339+0000][6][gc,phases    ] GC(31)   Other: 157.8ms
[2020-08-12T20:29:18.339+0000][6][gc,heap      ] GC(31) Eden regions: 504->0(101)
[2020-08-12T20:29:18.340+0000][6][gc,heap      ] GC(31) Survivor regions: 1->1(64)
[2020-08-12T20:29:18.340+0000][6][gc,heap      ] GC(31) Old regions: 80->80
[2020-08-12T20:29:18.340+0000][6][gc,heap      ] GC(31) Archive regions: 2->2
[2020-08-12T20:29:18.340+0000][6][gc,heap      ] GC(31) Humongous regions: 75->75
[2020-08-12T20:29:18.354+0000][6][gc,metaspace ] GC(31) Metaspace: 95279K(103084K)->95279K(103084K) NonClass: 82721K(87468K)->82721K(87468K) Class: 12557K(15616K)->12557K(15616K)
[2020-08-12T20:29:18.391+0000][6][gc           ] GC(31) Pause Young (Normal) (G1 Evacuation Pause) 660M->156M(2048M) 1732.072ms
[2020-08-12T20:29:18.392+0000][6][gc,cpu       ] GC(31) User=0.28s Sys=0.20s Real=1.76s
[2020-08-12T20:29:18.393+0000][6][safepoint    ] Safepoint "G1CollectForAllocation", Time since last: 1049078283 ns, Reaching safepoint: 1863184 ns, At safepoint: 1964877945 ns, Total: 1966741129 ns
[2020-08-12T20:29:19.429+0000][6][safepoint    ] Safepoint "Cleanup", Time since last: 1035325402 ns, Reaching safepoint: 548557 ns, At safepoint: 61925 ns, Total: 610482 ns
[2020-08-12T20:29:20.843+0000][6][safepoint    ] Safepoint "Cleanup", Time since last: 1413546516 ns, Reaching safepoint: 291497 ns, At safepoint: 10900 ns, Total: 302397 ns
[2020-08-12T20:29:21.844+0000][6][safepoint    ] Safepoint "Cleanup", Time since last: 1000224006 ns, Reaching safepoint: 711331 ns, At safepoint: 28788 ns, Total: 740119 ns
[2020-08-12T20:29:22.845+0000][6][safepoint    ] Safepoint "Cleanup", Time since last: 1000352742 ns, Reaching safepoint: 803368 ns, At safepoint: 43012 ns, Total: 846380 ns
[2020-08-12T20:29:23.846+0000][6][safepoint    ] Safepoint "Cleanup", Time since last: 1000412129 ns, Reaching safepoint: 331822 ns, At safepoint: 11950 ns, Total: 343772 ns
[2020-08-12T20:29:25.425+0000][6][safepoint    ] Safepoint "Cleanup", Time since last: 1550432182 ns, Reaching safepoint: 28493728 ns, At safepoint: 76974 ns, Total: 28570702 ns
[2020-08-12T20:29:26.810+0000][6][safepoint    ] Safepoint "Cleanup", Time since last: 1368058898 ns, Reaching safepoint: 17723284 ns, At safepoint: 107524 ns, Total: 17830808 ns
[2020-08-12T20:29:27.816+0000][6][safepoint    ] Safepoint "Cleanup", Time since last: 1003161393 ns, Reaching safepoint: 2812150 ns, At safepoint: 61637 ns, Total: 2873787 ns
[2020-08-12T20:29:28.831+0000][6][safepoint    ] Safepoint "Cleanup", Time since last: 1000320668 ns, Reaching safepoint: 14418363 ns, At safepoint: 35662 ns, Total: 14454025 ns
[2020-08-12T20:29:29.866+0000][6][safepoint    ] Safepoint "Cleanup", Time since last: 1000957249 ns, Reaching safepoint: 34180442 ns, At safepoint: 69787 ns, Total: 34250229 ns
[2020-08-12T20:29:30.886+0000][6][safepoint    ] Safepoint "Cleanup", Time since last: 1000321842 ns, Reaching safepoint: 19150485 ns, At safepoint: 52812 ns, Total: 19203297 ns
[2020-08-12T20:29:31.991+0000][6][safepoint    ] Safepoint "Cleanup", Time since last: 1000252930 ns, Reaching safepoint: 103960500 ns, At safepoint: 953417 ns, Total: 104913917 ns
[2020-08-12T20:29:33.032+0000][6][safepoint    ] Safepoint "Cleanup", Time since last: 1000227868 ns, Reaching safepoint: 40789697 ns, At safepoint: 26400 ns, Total: 40816097 ns
[2020-08-12T20:29:34.039+0000][6][safepoint    ] Safepoint "Cleanup", Time since last: 1000178956 ns, Reaching safepoint: 6697005 ns, At safepoint: 26400 ns, Total: 6723405 ns
[2020-08-12T20:29:34.898+0000][6][safepoint    ] Safepoint "BulkRevokeBias", Time since last: 831344117 ns, Reaching safepoint: 7830382 ns, At safepoint: 19384133 ns, Total: 27214515 ns
[2020-08-12T20:29:35.915+0000][6][safepoint    ] Safepoint "Cleanup", Time since last: 1000883912 ns, Reaching safepoint: 16301009 ns, At safepoint: 63737 ns, Total: 16364746 ns
[2020-08-12T20:29:37.155+0000][6][safepoint    ] Safepoint "Cleanup", Time since last: 1237030281 ns, Reaching safepoint: 3509445 ns, At safepoint: 30912 ns, Total: 3540357 ns
[2020-08-12T20:29:38.753+0000][6][safepoint    ] Safepoint "Cleanup", Time since last: 1396619363 ns, Reaching safepoint: 194434730 ns, At safepoint: 6276383 ns, Total: 200711113 ns
[2020-08-12T20:29:39.753+0000][6][safepoint    ] Safepoint "Cleanup", Time since last: 1000223006 ns, Reaching safepoint: 285872 ns, At safepoint: 11412 ns, Total: 297284 ns
[2020-08-12T20:29:40.851+0000][6][safepoint    ] Safepoint "Cleanup", Time since last: 1097183605 ns, Reaching safepoint: 266860 ns, At safepoint: 11250 ns, Total: 278110 ns
[2020-08-12T20:29:41.851+0000][6][safepoint    ] Safepoint "Cleanup", Time since last: 1000196006 ns, Reaching safepoint: 255735 ns, At safepoint: 11200 ns, Total: 266935 ns
[2020-08-12T20:29:42.852+0000][6][safepoint    ] Safepoint "Cleanup", Time since last: 1000177519 ns, Reaching safepoint: 270897 ns, At safepoint: 11350 ns, Total: 282247 ns
[2020-08-12T20:29:43.852+0000][6][safepoint    ] Safepoint "Cleanup", Time since last: 1000204344 ns, Reaching safepoint: 274872 ns, At safepoint: 11163 ns, Total: 286035 ns
[2020-08-12T20:29:44.970+0000][6][safepoint    ] Safepoint "Cleanup", Time since last: 1071350452 ns, Reaching safepoint: 46604122 ns, At safepoint: 32987 ns, Total: 46637109 ns
[2020-08-12T20:29:45.974+0000][6][safepoint    ] Safepoint "Cleanup", Time since last: 1000224231 ns, Reaching safepoint: 3870792 ns, At safepoint: 23662 ns, Total: 3894454 ns
[2020-08-12T20:29:46.975+0000][6][safepoint    ] Safepoint "Cleanup", Time since last: 1000187431 ns, Reaching safepoint: 277973 ns, At safepoint: 10625 ns, Total: 288598 ns
[2020-08-12T20:29:47.975+0000][6][safepoint    ] Safepoint "Cleanup", Time since last: 1000230568 ns, Reaching safepoint: 402334 ns, At safepoint: 15562 ns, Total: 417896 ns
[2020-08-12T20:29:48.976+0000][6][safepoint    ] Safepoint "Cleanup", Time since last: 1000178856 ns, Reaching safepoint: 279486 ns, At safepoint: 11224 ns, Total: 290710 ns
[2020-08-12T20:29:49.976+0000][6][safepoint    ] Safepoint "Cleanup", Time since last: 1000190344 ns, Reaching safepoint: 269835 ns, At safepoint: 11113 ns, Total: 280948 ns
[2020-08-12T20:29:50.977+0000][6][safepoint    ] Safepoint "Cleanup", Time since last: 1000171493 ns, Reaching safepoint: 409347 ns, At safepoint: 17900 ns, Total: 427247 ns
[2020-08-12T20:29:51.977+0000][6][safepoint    ] Safepoint "Cleanup", Time since last: 1000190918 ns, Reaching safepoint: 276135 ns, At safepoint: 11013 ns, Total: 287148 ns
[2020-08-12T20:29:52.978+0000][6][safepoint    ] Safepoint "Cleanup", Time since last: 1000248630 ns, Reaching safepoint: 287798 ns, At safepoint: 11550 ns, Total: 299348 ns
[2020-08-12T20:29:53.978+0000][6][safepoint    ] Safepoint "Cleanup", Time since last: 1000182518 ns, Reaching safepoint: 268048 ns, At safepoint: 11075 ns, Total: 279123 ns
[2020-08-12T20:29:55.906+0000][6][safepoint    ] Safepoint "Cleanup", Time since last: 1865446605 ns, Reaching safepoint: 62554921 ns, At safepoint: 54900 ns, Total: 62609821 ns
[2020-08-12T20:29:57.493+0000][6][safepoint    ] Safepoint "Cleanup", Time since last: 1170536494 ns, Reaching safepoint: 414308589 ns, At safepoint: 1679598 ns, Total: 415988187 ns
[2020-08-12T20:29:59.461+0000][6][safepoint    ] Safepoint "Cleanup", Time since last: 1967999180 ns, Reaching safepoint: 281335 ns, At safepoint: 10988 ns, Total: 292323 ns
[2020-08-12T20:30:00.854+0000][6][safepoint    ] Safepoint "Cleanup", Time since last: 1392567547 ns, Reaching safepoint: 262298 ns, At safepoint: 11212 ns, Total: 273510 ns
[2020-08-12T20:30:01.855+0000][6][safepoint    ] Safepoint "Cleanup", Time since last: 1000187619 ns, Reaching safepoint: 264485 ns, At safepoint: 11000 ns, Total: 275485 ns
[2020-08-12T20:30:02.855+0000][6][safepoint    ] Safepoint "Cleanup", Time since last: 1000179231 ns, Reaching safepoint: 277910 ns, At safepoint: 11213 ns, Total: 289123 ns
[2020-08-12T20:30:03.856+0000][6][safepoint    ] Safepoint "Cleanup", Time since last: 1000176406 ns, Reaching safepoint: 255235 ns, At safepoint: 10838 ns, Total: 266073 ns
[2020-08-12T20:30:04.976+0000][6][safepoint    ] Safepoint "Cleanup", Time since last: 1119406799 ns, Reaching safepoint: 799718 ns, At safepoint: 21488 ns, Total: 821206 ns
[2020-08-12T20:30:06.862+0000][6][safepoint    ] Safepoint "Cleanup", Time since last: 1886283962 ns, Reaching safepoint: 273960 ns, At safepoint: 10900 ns, Total: 284860 ns
[2020-08-12T20:30:07.863+0000][6][safepoint    ] Safepoint "Cleanup", Time since last: 1000182631 ns, Reaching safepoint: 462971 ns, At safepoint: 16775 ns, Total: 479746 ns
[2020-08-12T20:30:08.863+0000][6][safepoint    ] Safepoint "Cleanup", Time since last: 1000197656 ns, Reaching safepoint: 265185 ns, At safepoint: 11087 ns, Total: 276272 ns
[2020-08-12T20:30:09.872+0000][6][safepoint    ] Safepoint "Cleanup", Time since last: 1000197344 ns, Reaching safepoint: 7881207 ns, At safepoint: 24375 ns, Total: 7905582 ns
[2020-08-12T20:30:10.872+0000][6][safepoint    ] Safepoint "Cleanup", Time since last: 1000196681 ns, Reaching safepoint: 300734 ns, At safepoint: 11288 ns, Total: 312022 ns
[2020-08-12T20:30:11.873+0000][6][safepoint    ] Safepoint "Cleanup", Time since last: 1000197306 ns, Reaching safepoint: 286035 ns, At safepoint: 11162 ns, Total: 297197 ns
[2020-08-12T20:30:12.873+0000][6][safepoint    ] Safepoint "Cleanup", Time since last: 1000198994 ns, Reaching safepoint: 281310 ns, At safepoint: 11062 ns, Total: 292372 ns
[2020-08-12T20:30:13.874+0000][6][safepoint    ] Safepoint "Cleanup", Time since last: 1000189956 ns, Reaching safepoint: 275261 ns, At safepoint: 11275 ns, Total: 286536 ns
[2020-08-12T20:30:15.853+0000][6][safepoint    ] Safepoint "Cleanup", Time since last: 1979146658 ns, Reaching safepoint: 334847 ns, At safepoint: 11875 ns, Total: 346722 ns
[2020-08-12T20:30:16.854+0000][6][safepoint    ] Safepoint "Cleanup", Time since last: 1000192294 ns, Reaching safepoint: 451783 ns, At safepoint: 19237 ns, Total: 471020 ns
[2020-08-12T20:30:17.854+0000][6][safepoint    ] Safepoint "Cleanup", Time since last: 1000227369 ns, Reaching safepoint: 303972 ns, At safepoint: 10900 ns, Total: 314872 ns
[2020-08-12T20:30:18.856+0000][6][safepoint    ] Safepoint "Cleanup", Time since last: 1000670239 ns, Reaching safepoint: 697757 ns, At safepoint: 14275 ns, Total: 712032 ns
[2020-08-12T20:30:20.845+0000][6][safepoint    ] Safepoint "Cleanup", Time since last: 1989441182 ns, Reaching safepoint: 269610 ns, At safepoint: 11125 ns, Total: 280735 ns
[2020-08-12T20:30:21.846+0000][6][safepoint    ] Safepoint "Cleanup", Time since last: 1000171556 ns, Reaching safepoint: 266148 ns, At safepoint: 11225 ns, Total: 277373 ns
[2020-08-12T20:30:22.846+0000][6][safepoint    ] Safepoint "Cleanup", Time since last: 1000224593 ns, Reaching safepoint: 264098 ns, At safepoint: 10950 ns, Total: 275048 ns
[2020-08-12T20:30:23.847+0000][6][safepoint    ] Safepoint "Cleanup", Time since last: 1000177293 ns, Reaching safepoint: 255486 ns, At safepoint: 11112 ns, Total: 266598 ns
[2020-08-12T20:30:24.719+0000][6][gc,start     ] GC(32) Pause Young (Normal) (G1 Evacuation Pause)
[2020-08-12T20:30:24.720+0000][6][gc,task      ] GC(32) Using 2 workers of 2 for evacuation
[2020-08-12T20:30:24.720+0000][6][gc,age       ] GC(32) Desired survivor size 6815744 bytes, new threshold 15 (max threshold 15)
[2020-08-12T20:30:24.766+0000][6][gc,age       ] GC(32) Age table with threshold 15 (max threshold 15)
[2020-08-12T20:30:24.766+0000][6][gc,age       ] GC(32) - age   1:      98928 bytes,      98928 total
[2020-08-12T20:30:24.766+0000][6][gc,age       ] GC(32) - age   2:     143792 bytes,     242720 total
[2020-08-12T20:30:24.766+0000][6][gc,age       ] GC(32) - age   3:     144168 bytes,     386888 total
[2020-08-12T20:30:24.766+0000][6][gc,age       ] GC(32) - age   4:      73160 bytes,     460048 total
[2020-08-12T20:30:24.766+0000][6][gc,age       ] GC(32) - age   5:     181608 bytes,     641656 total
[2020-08-12T20:30:24.766+0000][6][gc,age       ] GC(32) - age   6:     134768 bytes,     776424 total
[2020-08-12T20:30:24.766+0000][6][gc,phases    ] GC(32)   Pre Evacuate Collection Set: 1.8ms
[2020-08-12T20:30:24.766+0000][6][gc,phases    ] GC(32)   Merge Heap Roots: 0.8ms
[2020-08-12T20:30:24.766+0000][6][gc,phases    ] GC(32)   Evacuate Collection Set: 37.6ms
[2020-08-12T20:30:24.766+0000][6][gc,phases    ] GC(32)   Post Evacuate Collection Set: 5.5ms
[2020-08-12T20:30:24.766+0000][6][gc,phases    ] GC(32)   Other: 1.3ms
[2020-08-12T20:30:24.767+0000][6][gc,heap      ] GC(32) Eden regions: 101->0(101)
[2020-08-12T20:30:24.767+0000][6][gc,heap      ] GC(32) Survivor regions: 1->1(13)
[2020-08-12T20:30:24.767+0000][6][gc,heap      ] GC(32) Old regions: 80->80
[2020-08-12T20:30:24.767+0000][6][gc,heap      ] GC(32) Archive regions: 2->2
[2020-08-12T20:30:24.767+0000][6][gc,heap      ] GC(32) Humongous regions: 75->75
[2020-08-12T20:30:24.767+0000][6][gc,metaspace ] GC(32) Metaspace: 95556K(103340K)->95556K(103340K) NonClass: 82999K(87724K)->82999K(87724K) Class: 12557K(15616K)->12557K(15616K)
[2020-08-12T20:30:24.767+0000][6][gc           ] GC(32) Pause Young (Normal) (G1 Evacuation Pause) 257M->156M(2048M) 47.670ms
[2020-08-12T20:30:24.767+0000][6][gc,cpu       ] GC(32) User=0.03s Sys=0.00s Real=0.05s
[2020-08-12T20:30:24.767+0000][6][safepoint    ] Safepoint "G1CollectForAllocation", Time since last: 871710318 ns, Reaching safepoint: 703019 ns, At safepoint: 48124958 ns, Total: 48827977 ns
[2020-08-12T20:30:25.993+0000][6][safepoint    ] Safepoint "Cleanup", Time since last: 1224983574 ns, Reaching safepoint: 690369 ns, At safepoint: 38762 ns, Total: 729131 ns
[2020-08-12T20:30:26.994+0000][6][safepoint    ] Safepoint "Cleanup", Time since last: 1000259618 ns, Reaching safepoint: 466908 ns, At safepoint: 38050 ns, Total: 504958 ns
[2020-08-12T20:30:27.995+0000][6][safepoint    ] Safepoint "Cleanup", Time since last: 1000328067 ns, Reaching safepoint: 895180 ns, At safepoint: 43737 ns, Total: 938917 ns
[2020-08-12T20:30:28.996+0000][6][safepoint    ] Safepoint "Cleanup", Time since last: 1000288330 ns, Reaching safepoint: 252786 ns, At safepoint: 10912 ns, Total: 263698 ns
[2020-08-12T20:30:29.996+0000][6][safepoint    ] Safepoint "Cleanup", Time since last: 1000190056 ns, Reaching safepoint: 422197 ns, At safepoint: 56149 ns, Total: 478346 ns
[2020-08-12T20:30:30.997+0000][6][safepoint    ] Safepoint "Cleanup", Time since last: 1000289643 ns, Reaching safepoint: 871905 ns, At safepoint: 25575 ns, Total: 897480 ns
[2020-08-12T20:30:31.999+0000][6][safepoint    ] Safepoint "Cleanup", Time since last: 1000170331 ns, Reaching safepoint: 849080 ns, At safepoint: 49225 ns, Total: 898305 ns
[2020-08-12T20:30:33.000+0000][6][safepoint    ] Safepoint "Cleanup", Time since last: 1000435116 ns, Reaching safepoint: 797843 ns, At safepoint: 43562 ns, Total: 841405 ns
[2020-08-12T20:30:34.001+0000][6][safepoint    ] Safepoint "Cleanup", Time since last: 1000384767 ns, Reaching safepoint: 444934 ns, At safepoint: 20812 ns, Total: 465746 ns
[2020-08-12T20:30:35.045+0000][6][safepoint    ] Safepoint "Cleanup", Time since last: 1044488735 ns, Reaching safepoint: 348010 ns, At safepoint: 12762 ns, Total: 360772 ns
[2020-08-12T20:30:36.821+0000][6][safepoint    ] Safepoint "Cleanup", Time since last: 1774812427 ns, Reaching safepoint: 882580 ns, At safepoint: 46262 ns, Total: 928842 ns
[2020-08-12T20:30:37.822+0000][6][safepoint    ] Safepoint "Cleanup", Time since last: 1000355730 ns, Reaching safepoint: 880992 ns, At safepoint: 42950 ns, Total: 923942 ns
[2020-08-12T20:30:38.823+0000][6][safepoint    ] Safepoint "Cleanup", Time since last: 1000293830 ns, Reaching safepoint: 680869 ns, At safepoint: 23962 ns, Total: 704831 ns
[2020-08-12T20:30:39.825+0000][6][safepoint    ] Safepoint "Cleanup", Time since last: 1000274331 ns, Reaching safepoint: 874742 ns, At safepoint: 43700 ns, Total: 918442 ns
[2020-08-12T20:30:40.855+0000][6][safepoint    ] Safepoint "Cleanup", Time since last: 1029674763 ns, Reaching safepoint: 772556 ns, At safepoint: 45887 ns, Total: 818443 ns
[2020-08-12T20:30:41.856+0000][6][safepoint    ] Safepoint "Cleanup", Time since last: 1000309180 ns, Reaching safepoint: 679194 ns, At safepoint: 43100 ns, Total: 722294 ns
[2020-08-12T20:30:42.857+0000][6][safepoint    ] Safepoint "Cleanup", Time since last: 1000277555 ns, Reaching safepoint: 537208 ns, At safepoint: 72962 ns, Total: 610170 ns
[2020-08-12T20:30:43.858+0000][6][safepoint    ] Safepoint "Cleanup", Time since last: 1000340730 ns, Reaching safepoint: 632507 ns, At safepoint: 54024 ns, Total: 686531 ns
[2020-08-12T20:30:44.962+0000][6][safepoint    ] Safepoint "BulkRevokeBias", Time since last: 1100167129 ns, Reaching safepoint: 1155602 ns, At safepoint: 2274343 ns, Total: 3429945 ns
[2020-08-12T20:30:45.963+0000][6][safepoint    ] Safepoint "Cleanup", Time since last: 1000448692 ns, Reaching safepoint: 632444 ns, At safepoint: 43375 ns, Total: 675819 ns
[2020-08-12T20:30:46.964+0000][6][safepoint    ] Safepoint "Cleanup", Time since last: 1000392891 ns, Reaching safepoint: 591558 ns, At safepoint: 118199 ns, Total: 709757 ns
[2020-08-12T20:30:47.965+0000][6][safepoint    ] Safepoint "Cleanup", Time since last: 1000307430 ns, Reaching safepoint: 506333 ns, At safepoint: 22575 ns, Total: 528908 ns
[2020-08-12T20:30:48.965+0000][6][safepoint    ] Safepoint "Cleanup", Time since last: 1000252331 ns, Reaching safepoint: 340409 ns, At safepoint: 17637 ns, Total: 358046 ns
[2020-08-12T20:30:49.966+0000][6][safepoint    ] Safepoint "Cleanup", Time since last: 1000260268 ns, Reaching safepoint: 702519 ns, At safepoint: 51825 ns, Total: 754344 ns
[2020-08-12T20:30:50.968+0000][6][safepoint    ] Safepoint "Cleanup", Time since last: 1000339842 ns, Reaching safepoint: 881592 ns, At safepoint: 43400 ns, Total: 924992 ns
[2020-08-12T20:30:51.969+0000][6][safepoint    ] Safepoint "Cleanup", Time since last: 1000398404 ns, Reaching safepoint: 823518 ns, At safepoint: 45787 ns, Total: 869305 ns
[2020-08-12T20:30:52.970+0000][6][safepoint    ] Safepoint "Cleanup", Time since last: 1000347780 ns, Reaching safepoint: 895067 ns, At safepoint: 43975 ns, Total: 939042 ns
[2020-08-12T20:30:53.971+0000][6][safepoint    ] Safepoint "Cleanup", Time since last: 1000348717 ns, Reaching safepoint: 587783 ns, At safepoint: 43399 ns, Total: 631182 ns
[2020-08-12T20:30:55.955+0000][6][safepoint    ] Safepoint "Cleanup", Time since last: 1982709315 ns, Reaching safepoint: 854680 ns, At safepoint: 42425 ns, Total: 897105 ns
[2020-08-12T20:30:56.956+0000][6][safepoint    ] Safepoint "Cleanup", Time since last: 1000409167 ns, Reaching safepoint: 887055 ns, At safepoint: 45424 ns, Total: 932479 ns
[2020-08-12T20:30:57.957+0000][6][safepoint    ] Safepoint "Cleanup", Time since last: 1000348292 ns, Reaching safepoint: 876805 ns, At safepoint: 43413 ns, Total: 920218 ns
[2020-08-12T20:30:58.958+0000][6][safepoint    ] Safepoint "Cleanup", Time since last: 1000374617 ns, Reaching safepoint: 387534 ns, At safepoint: 16862 ns, Total: 404396 ns
[2020-08-12T20:31:00.854+0000][6][safepoint    ] Safepoint "Cleanup", Time since last: 1895115186 ns, Reaching safepoint: 861855 ns, At safepoint: 64699 ns, Total: 926554 ns
[2020-08-12T20:31:01.855+0000][6][safepoint    ] Safepoint "Cleanup", Time since last: 1000349793 ns, Reaching safepoint: 674056 ns, At safepoint: 44100 ns, Total: 718156 ns
[2020-08-12T20:31:02.861+0000][6][safepoint    ] Safepoint "Cleanup", Time since last: 1001083823 ns, Reaching safepoint: 4790459 ns, At safepoint: 48212 ns, Total: 4838671 ns
[2020-08-12T20:31:03.862+0000][6][safepoint    ] Safepoint "Cleanup", Time since last: 1000276605 ns, Reaching safepoint: 250086 ns, At safepoint: 11037 ns, Total: 261123 ns
[2020-08-12T20:31:04.853+0000][6][safepoint    ] Safepoint "BulkRevokeBias", Time since last: 988467395 ns, Reaching safepoint: 1371676 ns, At safepoint: 1373100 ns, Total: 2744776 ns
[2020-08-12T20:31:05.978+0000][6][safepoint    ] Safepoint "Cleanup", Time since last: 1124097059 ns, Reaching safepoint: 969217 ns, At safepoint: 56112 ns, Total: 1025329 ns
[2020-08-12T20:31:07.000+0000][6][safepoint    ] Safepoint "Cleanup", Time since last: 1020785540 ns, Reaching safepoint: 819130 ns, At safepoint: 43487 ns, Total: 862617 ns
[2020-08-12T20:31:08.001+0000][6][safepoint    ] Safepoint "Cleanup", Time since last: 1000397930 ns, Reaching safepoint: 888117 ns, At safepoint: 43825 ns, Total: 931942 ns
[2020-08-12T20:31:09.002+0000][6][safepoint    ] Safepoint "Cleanup", Time since last: 1000354742 ns, Reaching safepoint: 674119 ns, At safepoint: 45237 ns, Total: 719356 ns
[2020-08-12T20:31:10.003+0000][6][safepoint    ] Safepoint "Cleanup", Time since last: 1000324718 ns, Reaching safepoint: 626482 ns, At safepoint: 24037 ns, Total: 650519 ns
[2020-08-12T20:31:11.005+0000][6][safepoint    ] Safepoint "Cleanup", Time since last: 1000843163 ns, Reaching safepoint: 739156 ns, At safepoint: 52687 ns, Total: 791843 ns
[2020-08-12T20:31:12.006+0000][6][safepoint    ] Safepoint "Cleanup", Time since last: 1000382642 ns, Reaching safepoint: 517745 ns, At safepoint: 37813 ns, Total: 555558 ns
[2020-08-12T20:31:13.007+0000][6][safepoint    ] Safepoint "Cleanup", Time since last: 1000398616 ns, Reaching safepoint: 587670 ns, At safepoint: 43562 ns, Total: 631232 ns
[2020-08-12T20:31:14.007+0000][6][safepoint    ] Safepoint "Cleanup", Time since last: 1000361580 ns, Reaching safepoint: 281773 ns, At safepoint: 16249 ns, Total: 298022 ns
[2020-08-12T20:31:15.028+0000][6][safepoint    ] Safepoint "Cleanup", Time since last: 1002149202 ns, Reaching safepoint: 18619452 ns, At safepoint: 33887 ns, Total: 18653339 ns
[2020-08-12T20:31:16.030+0000][6][safepoint    ] Safepoint "Cleanup", Time since last: 1000296780 ns, Reaching safepoint: 1030479 ns, At safepoint: 49512 ns, Total: 1079991 ns
[2020-08-12T20:31:17.031+0000][6][safepoint    ] Safepoint "Cleanup", Time since last: 1000349242 ns, Reaching safepoint: 719231 ns, At safepoint: 57912 ns, Total: 777143 ns
[2020-08-12T20:31:18.032+0000][6][safepoint    ] Safepoint "Cleanup", Time since last: 1000406704 ns, Reaching safepoint: 425522 ns, At safepoint: 42749 ns, Total: 468271 ns
[2020-08-12T20:31:19.032+0000][6][safepoint    ] Safepoint "Cleanup", Time since last: 1000333643 ns, Reaching safepoint: 437908 ns, At safepoint: 43637 ns, Total: 481545 ns
[2020-08-12T20:31:20.853+0000][6][safepoint    ] Safepoint "Cleanup", Time since last: 1820402270 ns, Reaching safepoint: 422134 ns, At safepoint: 21938 ns, Total: 444072 ns
[2020-08-12T20:31:21.854+0000][6][safepoint    ] Safepoint "Cleanup", Time since last: 1000241955 ns, Reaching safepoint: 589133 ns, At safepoint: 29987 ns, Total: 619120 ns
[2020-08-12T20:31:22.855+0000][6][safepoint    ] Safepoint "Cleanup", Time since last: 1000290255 ns, Reaching safepoint: 794418 ns, At safepoint: 45300 ns, Total: 839718 ns
[2020-08-12T20:31:24.714+0000][6][safepoint    ] Safepoint "Cleanup", Time since last: 1844978832 ns, Reaching safepoint: 13983704 ns, At safepoint: 59625 ns, Total: 14043329 ns
[2020-08-12T20:31:25.653+0000][6][gc,start     ] GC(33) Pause Young (Normal) (G1 Evacuation Pause)
[2020-08-12T20:31:25.653+0000][6][gc,task      ] GC(33) Using 2 workers of 2 for evacuation
[2020-08-12T20:31:25.653+0000][6][gc,age       ] GC(33) Desired survivor size 6815744 bytes, new threshold 15 (max threshold 15)
[2020-08-12T20:31:25.758+0000][6][gc,age       ] GC(33) Age table with threshold 15 (max threshold 15)
[2020-08-12T20:31:25.758+0000][6][gc,age       ] GC(33) - age   1:      52400 bytes,      52400 total
[2020-08-12T20:31:25.758+0000][6][gc,age       ] GC(33) - age   2:      73136 bytes,     125536 total
[2020-08-12T20:31:25.758+0000][6][gc,age       ] GC(33) - age   3:     128072 bytes,     253608 total
[2020-08-12T20:31:25.758+0000][6][gc,age       ] GC(33) - age   4:     144168 bytes,     397776 total
[2020-08-12T20:31:25.758+0000][6][gc,age       ] GC(33) - age   5:      73160 bytes,     470936 total
[2020-08-12T20:31:25.758+0000][6][gc,age       ] GC(33) - age   6:     181608 bytes,     652544 total
[2020-08-12T20:31:25.758+0000][6][gc,age       ] GC(33) - age   7:     134768 bytes,     787312 total
[2020-08-12T20:31:25.758+0000][6][gc,phases    ] GC(33)   Pre Evacuate Collection Set: 0.9ms
[2020-08-12T20:31:25.758+0000][6][gc,phases    ] GC(33)   Merge Heap Roots: 0.3ms
[2020-08-12T20:31:25.758+0000][6][gc,phases    ] GC(33)   Evacuate Collection Set: 98.5ms
[2020-08-12T20:31:25.758+0000][6][gc,phases    ] GC(33)   Post Evacuate Collection Set: 4.2ms
[2020-08-12T20:31:25.758+0000][6][gc,phases    ] GC(33)   Other: 1.0ms
[2020-08-12T20:31:25.758+0000][6][gc,heap      ] GC(33) Eden regions: 101->0(101)
[2020-08-12T20:31:25.758+0000][6][gc,heap      ] GC(33) Survivor regions: 1->1(13)
[2020-08-12T20:31:25.758+0000][6][gc,heap      ] GC(33) Old regions: 80->80
[2020-08-12T20:31:25.759+0000][6][gc,heap      ] GC(33) Archive regions: 2->2
[2020-08-12T20:31:25.759+0000][6][gc,heap      ] GC(33) Humongous regions: 75->75
[2020-08-12T20:31:25.759+0000][6][gc,metaspace ] GC(33) Metaspace: 95659K(103340K)->95659K(103340K) NonClass: 83099K(87724K)->83099K(87724K) Class: 12559K(15616K)->12559K(15616K)
[2020-08-12T20:31:25.759+0000][6][gc           ] GC(33) Pause Young (Normal) (G1 Evacuation Pause) 257M->156M(2048M) 105.444ms
[2020-08-12T20:31:25.759+0000][6][gc,cpu       ] GC(33) User=0.12s Sys=0.01s Real=0.11s
[2020-08-12T20:31:25.759+0000][6][safepoint    ] Safepoint "G1CollectForAllocation", Time since last: 856806184 ns, Reaching safepoint: 82081190 ns, At safepoint: 106054819 ns, Total: 188136009 ns
[2020-08-12T20:31:26.774+0000][6][safepoint    ] Safepoint "Cleanup", Time since last: 1003157568 ns, Reaching safepoint: 11865272 ns, At safepoint: 55700 ns, Total: 11920972 ns
[2020-08-12T20:31:27.775+0000][6][safepoint    ] Safepoint "Cleanup", Time since last: 1000279630 ns, Reaching safepoint: 602808 ns, At safepoint: 38499 ns, Total: 641307 ns
[2020-08-12T20:31:28.776+0000][6][safepoint    ] Safepoint "Cleanup", Time since last: 1000311668 ns, Reaching safepoint: 524120 ns, At safepoint: 33625 ns, Total: 557745 ns
[2020-08-12T20:31:29.777+0000][6][safepoint    ] Safepoint "Cleanup", Time since last: 1000248231 ns, Reaching safepoint: 673619 ns, At safepoint: 44324 ns, Total: 717943 ns
[2020-08-12T20:31:30.778+0000][6][safepoint    ] Safepoint "Cleanup", Time since last: 1000364230 ns, Reaching safepoint: 682619 ns, At safepoint: 65787 ns, Total: 748406 ns
[2020-08-12T20:31:31.779+0000][6][safepoint    ] Safepoint "Cleanup", Time since last: 1000340280 ns, Reaching safepoint: 627757 ns, At safepoint: 50537 ns, Total: 678294 ns
[2020-08-12T20:31:32.780+0000][6][safepoint    ] Safepoint "Cleanup", Time since last: 1000340380 ns, Reaching safepoint: 916179 ns, At safepoint: 44037 ns, Total: 960216 ns
[2020-08-12T20:31:33.781+0000][6][safepoint    ] Safepoint "Cleanup", Time since last: 1000266781 ns, Reaching safepoint: 522858 ns, At safepoint: 18875 ns, Total: 541733 ns
[2020-08-12T20:31:34.785+0000][6][safepoint    ] Safepoint "Cleanup", Time since last: 1002919032 ns, Reaching safepoint: 527371 ns, At safepoint: 29199 ns, Total: 556570 ns
[2020-08-12T20:31:35.864+0000][6][safepoint    ] Safepoint "Cleanup", Time since last: 1078580115 ns, Reaching safepoint: 661357 ns, At safepoint: 40012 ns, Total: 701369 ns
[2020-08-12T20:31:37.143+0000][6][safepoint    ] Safepoint "Cleanup", Time since last: 1278669696 ns, Reaching safepoint: 576808 ns, At safepoint: 43312 ns, Total: 620120 ns
[2020-08-12T20:31:38.144+0000][6][safepoint    ] Safepoint "Cleanup", Time since last: 1000260255 ns, Reaching safepoint: 708407 ns, At safepoint: 51824 ns, Total: 760231 ns
[2020-08-12T20:31:39.145+0000][6][safepoint    ] Safepoint "Cleanup", Time since last: 1000326018 ns, Reaching safepoint: 391559 ns, At safepoint: 18075 ns, Total: 409634 ns
[2020-08-12T20:31:40.858+0000][6][safepoint    ] Safepoint "Cleanup", Time since last: 1712739751 ns, Reaching safepoint: 577733 ns, At safepoint: 37750 ns, Total: 615483 ns
[2020-08-12T20:31:41.859+0000][6][safepoint    ] Safepoint "Cleanup", Time since last: 1000356542 ns, Reaching safepoint: 463771 ns, At safepoint: 23287 ns, Total: 487058 ns
[2020-08-12T20:31:42.860+0000][6][safepoint    ] Safepoint "Cleanup", Time since last: 1000276280 ns, Reaching safepoint: 832731 ns, At safepoint: 42649 ns, Total: 875380 ns
[2020-08-12T20:31:43.861+0000][6][safepoint    ] Safepoint "Cleanup", Time since last: 1000279456 ns, Reaching safepoint: 264085 ns, At safepoint: 10812 ns, Total: 274897 ns
[2020-08-12T20:31:45.036+0000][6][safepoint    ] Safepoint "Cleanup", Time since last: 1164933643 ns, Reaching safepoint: 9886265 ns, At safepoint: 23012 ns, Total: 9909277 ns
[2020-08-12T20:31:46.037+0000][6][safepoint    ] Safepoint "Cleanup", Time since last: 1000321630 ns, Reaching safepoint: 964541 ns, At safepoint: 47550 ns, Total: 1012091 ns
[2020-08-12T20:31:47.038+0000][6][safepoint    ] Safepoint "Cleanup", Time since last: 1000414154 ns, Reaching safepoint: 720031 ns, At safepoint: 43588 ns, Total: 763619 ns
[2020-08-12T20:31:48.040+0000][6][safepoint    ] Safepoint "Cleanup", Time since last: 1000370267 ns, Reaching safepoint: 865492 ns, At safepoint: 42675 ns, Total: 908167 ns
[2020-08-12T20:31:49.593+0000][6][safepoint    ] Safepoint "Cleanup", Time since last: 1552956984 ns, Reaching safepoint: 687019 ns, At safepoint: 33313 ns, Total: 720332 ns
[2020-08-12T20:31:50.594+0000][6][safepoint    ] Safepoint "Cleanup", Time since last: 1000307630 ns, Reaching safepoint: 682956 ns, At safepoint: 44962 ns, Total: 727918 ns
[2020-08-12T20:31:51.595+0000][6][safepoint    ] Safepoint "Cleanup", Time since last: 1000295406 ns, Reaching safepoint: 501708 ns, At safepoint: 52099 ns, Total: 553807 ns
[2020-08-12T20:31:52.596+0000][6][safepoint    ] Safepoint "Cleanup", Time since last: 1000349380 ns, Reaching safepoint: 658194 ns, At safepoint: 42800 ns, Total: 700994 ns
[2020-08-12T20:31:53.597+0000][6][safepoint    ] Safepoint "Cleanup", Time since last: 1000343230 ns, Reaching safepoint: 723343 ns, At safepoint: 78175 ns, Total: 801518 ns
[2020-08-12T20:31:54.598+0000][6][safepoint    ] Safepoint "Cleanup", Time since last: 1000345805 ns, Reaching safepoint: 591382 ns, At safepoint: 43350 ns, Total: 634732 ns
[2020-08-12T20:31:56.135+0000][6][safepoint    ] Safepoint "Cleanup", Time since last: 1536303716 ns, Reaching safepoint: 737581 ns, At safepoint: 53937 ns, Total: 791518 ns
[2020-08-12T20:31:57.137+0000][6][safepoint    ] Safepoint "Cleanup", Time since last: 1000351467 ns, Reaching safepoint: 873805 ns, At safepoint: 43362 ns, Total: 917167 ns
[2020-08-12T20:31:58.138+0000][6][safepoint    ] Safepoint "Cleanup", Time since last: 1000393554 ns, Reaching safepoint: 907230 ns, At safepoint: 46125 ns, Total: 953355 ns
[2020-08-12T20:31:59.139+0000][6][safepoint    ] Safepoint "Cleanup", Time since last: 1000312892 ns, Reaching safepoint: 934105 ns, At safepoint: 40762 ns, Total: 974867 ns
[2020-08-12T20:32:00.861+0000][6][safepoint    ] Safepoint "Cleanup", Time since last: 1720400623 ns, Reaching safepoint: 779031 ns, At safepoint: 44187 ns, Total: 823218 ns
[2020-08-12T20:32:01.861+0000][6][safepoint    ] Safepoint "Cleanup", Time since last: 1000306530 ns, Reaching safepoint: 464808 ns, At safepoint: 52725 ns, Total: 517533 ns
[2020-08-12T20:32:02.863+0000][6][safepoint    ] Safepoint "Cleanup", Time since last: 1000351392 ns, Reaching safepoint: 785568 ns, At safepoint: 51712 ns, Total: 837280 ns
[2020-08-12T20:32:03.864+0000][6][safepoint    ] Safepoint "Cleanup", Time since last: 1000350942 ns, Reaching safepoint: 1255677 ns, At safepoint: 64762 ns, Total: 1320439 ns
[2020-08-12T20:32:05.063+0000][6][safepoint    ] Safepoint "Cleanup", Time since last: 1197584985 ns, Reaching safepoint: 1082528 ns, At safepoint: 38163 ns, Total: 1120691 ns
[2020-08-12T20:32:07.048+0000][6][safepoint    ] Safepoint "Cleanup", Time since last: 1984046978 ns, Reaching safepoint: 605645 ns, At safepoint: 37699 ns, Total: 643344 ns
[2020-08-12T20:32:08.049+0000][6][safepoint    ] Safepoint "Cleanup", Time since last: 1000351868 ns, Reaching safepoint: 598469 ns, At safepoint: 43975 ns, Total: 642444 ns
[2020-08-12T20:32:09.050+0000][6][safepoint    ] Safepoint "Cleanup", Time since last: 1000372955 ns, Reaching safepoint: 922379 ns, At safepoint: 26350 ns, Total: 948729 ns
[2020-08-12T20:32:10.051+0000][6][safepoint    ] Safepoint "Cleanup", Time since last: 1000275255 ns, Reaching safepoint: 824981 ns, At safepoint: 45187 ns, Total: 870168 ns
[2020-08-12T20:32:11.052+0000][6][safepoint    ] Safepoint "Cleanup", Time since last: 1000310842 ns, Reaching safepoint: 737669 ns, At safepoint: 41712 ns, Total: 779381 ns
[2020-08-12T20:32:12.053+0000][6][safepoint    ] Safepoint "Cleanup", Time since last: 1000300093 ns, Reaching safepoint: 542295 ns, At safepoint: 43475 ns, Total: 585770 ns
[2020-08-12T20:32:13.054+0000][6][safepoint    ] Safepoint "Cleanup", Time since last: 1000341680 ns, Reaching safepoint: 846142 ns, At safepoint: 43587 ns, Total: 889729 ns
[2020-08-12T20:32:14.055+0000][6][safepoint    ] Safepoint "Cleanup", Time since last: 1000316055 ns, Reaching safepoint: 529083 ns, At safepoint: 51150 ns, Total: 580233 ns
[2020-08-12T20:32:14.859+0000][6][safepoint    ] Safepoint "BulkRevokeBias", Time since last: 801751411 ns, Reaching safepoint: 535308 ns, At safepoint: 1423700 ns, Total: 1959008 ns
[2020-08-12T20:32:15.982+0000][6][safepoint    ] Safepoint "Cleanup", Time since last: 1122499022 ns, Reaching safepoint: 687632 ns, At safepoint: 43925 ns, Total: 731557 ns
[2020-08-12T20:32:16.983+0000][6][safepoint    ] Safepoint "Cleanup", Time since last: 1000341267 ns, Reaching safepoint: 653619 ns, At safepoint: 43200 ns, Total: 696819 ns
[2020-08-12T20:32:17.984+0000][6][safepoint    ] Safepoint "Cleanup", Time since last: 1000348330 ns, Reaching safepoint: 660019 ns, At safepoint: 43537 ns, Total: 703556 ns
[2020-08-12T20:32:19.860+0000][6][safepoint    ] Safepoint "Cleanup", Time since last: 1874332378 ns, Reaching safepoint: 881742 ns, At safepoint: 73737 ns, Total: 955479 ns
[2020-08-12T20:32:20.862+0000][6][safepoint    ] Safepoint "Cleanup", Time since last: 1002045553 ns, Reaching safepoint: 666169 ns, At safepoint: 51762 ns, Total: 717931 ns
[2020-08-12T20:32:21.863+0000][6][safepoint    ] Safepoint "Cleanup", Time since last: 1000354955 ns, Reaching safepoint: 652432 ns, At safepoint: 51087 ns, Total: 703519 ns
[2020-08-12T20:32:22.864+0000][6][safepoint    ] Safepoint "Cleanup", Time since last: 1000339980 ns, Reaching safepoint: 636607 ns, At safepoint: 44137 ns, Total: 680744 ns
[2020-08-12T20:32:23.876+0000][6][safepoint    ] Safepoint "Cleanup", Time since last: 1000339055 ns, Reaching safepoint: 11538225 ns, At safepoint: 56199 ns, Total: 11594424 ns
[2020-08-12T20:32:24.900+0000][6][safepoint    ] Safepoint "Cleanup", Time since last: 1013774726 ns, Reaching safepoint: 9970626 ns, At safepoint: 26038 ns, Total: 9996664 ns
[2020-08-12T20:32:25.901+0000][6][safepoint    ] Safepoint "Cleanup", Time since last: 1000594602 ns, Reaching safepoint: 678369 ns, At safepoint: 52050 ns, Total: 730419 ns
[2020-08-12T20:32:26.118+0000][6][gc,start     ] GC(34) Pause Young (Normal) (G1 Evacuation Pause)
[2020-08-12T20:32:26.118+0000][6][gc,task      ] GC(34) Using 2 workers of 2 for evacuation
[2020-08-12T20:32:26.118+0000][6][gc,age       ] GC(34) Desired survivor size 6815744 bytes, new threshold 15 (max threshold 15)
[2020-08-12T20:32:26.171+0000][6][gc,age       ] GC(34) Age table with threshold 15 (max threshold 15)
[2020-08-12T20:32:26.172+0000][6][gc,age       ] GC(34) - age   1:     124048 bytes,     124048 total
[2020-08-12T20:32:26.172+0000][6][gc,age       ] GC(34) - age   2:      24792 bytes,     148840 total
[2020-08-12T20:32:26.172+0000][6][gc,age       ] GC(34) - age   3:       7512 bytes,     156352 total
[2020-08-12T20:32:26.172+0000][6][gc,age       ] GC(34) - age   4:     128072 bytes,     284424 total
[2020-08-12T20:32:26.172+0000][6][gc,age       ] GC(34) - age   5:     144168 bytes,     428592 total
[2020-08-12T20:32:26.172+0000][6][gc,age       ] GC(34) - age   6:      73160 bytes,     501752 total
[2020-08-12T20:32:26.172+0000][6][gc,age       ] GC(34) - age   7:     181608 bytes,     683360 total
[2020-08-12T20:32:26.172+0000][6][gc,age       ] GC(34) - age   8:     134768 bytes,     818128 total
[2020-08-12T20:32:26.173+0000][6][gc,phases    ] GC(34)   Pre Evacuate Collection Set: 1.3ms
[2020-08-12T20:32:26.173+0000][6][gc,phases    ] GC(34)   Merge Heap Roots: 0.8ms
[2020-08-12T20:32:26.173+0000][6][gc,phases    ] GC(34)   Evacuate Collection Set: 45.5ms
[2020-08-12T20:32:26.173+0000][6][gc,phases    ] GC(34)   Post Evacuate Collection Set: 5.5ms
[2020-08-12T20:32:26.173+0000][6][gc,phases    ] GC(34)   Other: 2.0ms
[2020-08-12T20:32:26.173+0000][6][gc,heap      ] GC(34) Eden regions: 101->0(101)
[2020-08-12T20:32:26.174+0000][6][gc,heap      ] GC(34) Survivor regions: 1->1(13)
[2020-08-12T20:32:26.174+0000][6][gc,heap      ] GC(34) Old regions: 80->80
[2020-08-12T20:32:26.174+0000][6][gc,heap      ] GC(34) Archive regions: 2->2
[2020-08-12T20:32:26.174+0000][6][gc,heap      ] GC(34) Humongous regions: 75->75
[2020-08-12T20:32:26.174+0000][6][gc,metaspace ] GC(34) Metaspace: 95755K(103340K)->95755K(103340K) NonClass: 83191K(87724K)->83191K(87724K) Class: 12563K(15616K)->12563K(15616K)
[2020-08-12T20:32:26.174+0000][6][gc           ] GC(34) Pause Young (Normal) (G1 Evacuation Pause) 257M->156M(2048M) 56.652ms
[2020-08-12T20:32:26.174+0000][6][gc,cpu       ] GC(34) User=0.05s Sys=0.01s Real=0.06s
[2020-08-12T20:32:26.175+0000][6][safepoint    ] Safepoint "G1CollectForAllocation", Time since last: 215101726 ns, Reaching safepoint: 959929 ns, At safepoint: 57540277 ns, Total: 58500206 ns
[2020-08-12T20:32:27.176+0000][6][safepoint    ] Safepoint "Cleanup", Time since last: 1000639795 ns, Reaching safepoint: 726568 ns, At safepoint: 43750 ns, Total: 770318 ns
[2020-08-12T20:32:28.177+0000][6][safepoint    ] Safepoint "Cleanup", Time since last: 1000345194 ns, Reaching safepoint: 627019 ns, At safepoint: 45875 ns, Total: 672894 ns
[2020-08-12T20:32:29.178+0000][6][safepoint    ] Safepoint "Cleanup", Time since last: 1000305894 ns, Reaching safepoint: 430584 ns, At safepoint: 27300 ns, Total: 457884 ns
[2020-08-12T20:32:30.179+0000][6][safepoint    ] Safepoint "Cleanup", Time since last: 1000306531 ns, Reaching safepoint: 781856 ns, At safepoint: 46812 ns, Total: 828668 ns
[2020-08-12T20:32:31.181+0000][6][safepoint    ] Safepoint "Cleanup", Time since last: 1000651879 ns, Reaching safepoint: 902979 ns, At safepoint: 68512 ns, Total: 971491 ns
[2020-08-12T20:32:32.182+0000][6][safepoint    ] Safepoint "Cleanup", Time since last: 1000344382 ns, Reaching safepoint: 625619 ns, At safepoint: 51975 ns, Total: 677594 ns
[2020-08-12T20:32:33.183+0000][6][safepoint    ] Safepoint "Cleanup", Time since last: 1000352631 ns, Reaching safepoint: 747506 ns, At safepoint: 51474 ns, Total: 798980 ns
[2020-08-12T20:32:34.184+0000][6][safepoint    ] Safepoint "Cleanup", Time since last: 1000319857 ns, Reaching safepoint: 498333 ns, At safepoint: 31225 ns, Total: 529558 ns
[2020-08-12T20:32:36.022+0000][6][safepoint    ] Safepoint "Cleanup", Time since last: 1837517903 ns, Reaching safepoint: 807968 ns, At safepoint: 66962 ns, Total: 874930 ns
[2020-08-12T20:32:37.093+0000][6][safepoint    ] Safepoint "Cleanup", Time since last: 1068865812 ns, Reaching safepoint: 1482175 ns, At safepoint: 41237 ns, Total: 1523412 ns
[2020-08-12T20:32:38.094+0000][6][safepoint    ] Safepoint "Cleanup", Time since last: 1000309069 ns, Reaching safepoint: 595907 ns, At safepoint: 43675 ns, Total: 639582 ns
[2020-08-12T20:32:39.095+0000][6][safepoint    ] Safepoint "Cleanup", Time since last: 1000398156 ns, Reaching safepoint: 437833 ns, At safepoint: 44200 ns, Total: 482033 ns
[2020-08-12T20:32:40.862+0000][6][safepoint    ] Safepoint "Cleanup", Time since last: 1766462508 ns, Reaching safepoint: 946892 ns, At safepoint: 44149 ns, Total: 991041 ns
[2020-08-12T20:32:41.863+0000][6][safepoint    ] Safepoint "Cleanup", Time since last: 1000346631 ns, Reaching safepoint: 713494 ns, At safepoint: 44050 ns, Total: 757544 ns
[2020-08-12T20:32:42.864+0000][6][safepoint    ] Safepoint "Cleanup", Time since last: 1000342868 ns, Reaching safepoint: 806468 ns, At safepoint: 55175 ns, Total: 861643 ns
[2020-08-12T20:32:43.866+0000][6][safepoint    ] Safepoint "Cleanup", Time since last: 1000287282 ns, Reaching safepoint: 1156227 ns, At safepoint: 182311 ns, Total: 1338538 ns
[2020-08-12T20:32:44.863+0000][6][safepoint    ] Safepoint "BulkRevokeBias", Time since last: 995557061 ns, Reaching safepoint: 588007 ns, At safepoint: 1265502 ns, Total: 1853509 ns
[2020-08-12T20:32:45.970+0000][6][safepoint    ] Safepoint "Cleanup", Time since last: 1105609492 ns, Reaching safepoint: 692719 ns, At safepoint: 52675 ns, Total: 745394 ns
[2020-08-12T20:32:46.971+0000][6][safepoint    ] Safepoint "Cleanup", Time since last: 1000453905 ns, Reaching safepoint: 583707 ns, At safepoint: 42650 ns, Total: 626357 ns
[2020-08-12T20:32:47.972+0000][6][safepoint    ] Safepoint "Cleanup", Time since last: 1000410343 ns, Reaching safepoint: 593820 ns, At safepoint: 110824 ns, Total: 704644 ns
[2020-08-12T20:32:48.973+0000][6][safepoint    ] Safepoint "Cleanup", Time since last: 1000402406 ns, Reaching safepoint: 396221 ns, At safepoint: 53900 ns, Total: 450121 ns
[2020-08-12T20:32:49.974+0000][6][safepoint    ] Safepoint "Cleanup", Time since last: 1000403306 ns, Reaching safepoint: 858205 ns, At safepoint: 44062 ns, Total: 902267 ns
[2020-08-12T20:32:50.975+0000][6][safepoint    ] Safepoint "Cleanup", Time since last: 1000350019 ns, Reaching safepoint: 885580 ns, At safepoint: 43399 ns, Total: 928979 ns
[2020-08-12T20:32:51.977+0000][6][safepoint    ] Safepoint "Cleanup", Time since last: 1000346481 ns, Reaching safepoint: 731982 ns, At safepoint: 45962 ns, Total: 777944 ns
[2020-08-12T20:32:52.978+0000][6][safepoint    ] Safepoint "Cleanup", Time since last: 1000341693 ns, Reaching safepoint: 779744 ns, At safepoint: 44599 ns, Total: 824343 ns
[2020-08-12T20:32:53.979+0000][6][safepoint    ] Safepoint "Cleanup", Time since last: 1000401644 ns, Reaching safepoint: 1083053 ns, At safepoint: 62749 ns, Total: 1145802 ns
[2020-08-12T20:32:55.063+0000][6][safepoint    ] Safepoint "Cleanup", Time since last: 1083336099 ns, Reaching safepoint: 669656 ns, At safepoint: 37225 ns, Total: 706881 ns
[2020-08-12T20:32:56.065+0000][6][safepoint    ] Safepoint "Cleanup", Time since last: 1000462305 ns, Reaching safepoint: 925255 ns, At safepoint: 43662 ns, Total: 968917 ns
[2020-08-12T20:32:57.066+0000][6][safepoint    ] Safepoint "Cleanup", Time since last: 1000343381 ns, Reaching safepoint: 790131 ns, At safepoint: 139036 ns, Total: 929167 ns
[2020-08-12T20:32:58.067+0000][6][safepoint    ] Safepoint "Cleanup", Time since last: 1000356606 ns, Reaching safepoint: 840706 ns, At safepoint: 44712 ns, Total: 885418 ns
[2020-08-12T20:32:59.068+0000][6][safepoint    ] Safepoint "Cleanup", Time since last: 1000337381 ns, Reaching safepoint: 527371 ns, At safepoint: 43874 ns, Total: 571245 ns
[2020-08-12T20:33:00.865+0000][6][safepoint    ] Safepoint "Cleanup", Time since last: 1795688167 ns, Reaching safepoint: 663194 ns, At safepoint: 50749 ns, Total: 713943 ns
[2020-08-12T20:33:01.866+0000][6][safepoint    ] Safepoint "Cleanup", Time since last: 1000399781 ns, Reaching safepoint: 794181 ns, At safepoint: 43274 ns, Total: 837455 ns
[2020-08-12T20:33:02.867+0000][6][safepoint    ] Safepoint "Cleanup", Time since last: 1000457931 ns, Reaching safepoint: 944092 ns, At safepoint: 45412 ns, Total: 989504 ns
[2020-08-12T20:33:03.868+0000][6][safepoint    ] Safepoint "Cleanup", Time since last: 1000274869 ns, Reaching safepoint: 497208 ns, At safepoint: 54787 ns, Total: 551995 ns
[2020-08-12T20:33:05.134+0000][6][safepoint    ] Safepoint "Cleanup", Time since last: 1266071113 ns, Reaching safepoint: 328697 ns, At safepoint: 21012 ns, Total: 349709 ns
[2020-08-12T20:33:07.096+0000][6][safepoint    ] Safepoint "Cleanup", Time since last: 1960762447 ns, Reaching safepoint: 791268 ns, At safepoint: 28400 ns, Total: 819668 ns
[2020-08-12T20:33:08.097+0000][6][safepoint    ] Safepoint "Cleanup", Time since last: 1000293132 ns, Reaching safepoint: 750931 ns, At safepoint: 43549 ns, Total: 794480 ns
[2020-08-12T20:33:09.098+0000][6][safepoint    ] Safepoint "Cleanup", Time since last: 1000371906 ns, Reaching safepoint: 506108 ns, At safepoint: 43950 ns, Total: 550058 ns
[2020-08-12T20:33:10.099+0000][6][safepoint    ] Safepoint "Cleanup", Time since last: 1000335906 ns, Reaching safepoint: 613170 ns, At safepoint: 73162 ns, Total: 686332 ns
[2020-08-12T20:33:11.100+0000][6][safepoint    ] Safepoint "Cleanup", Time since last: 1000327531 ns, Reaching safepoint: 625057 ns, At safepoint: 44537 ns, Total: 669594 ns
[2020-08-12T20:33:12.101+0000][6][safepoint    ] Safepoint "Cleanup", Time since last: 1000316632 ns, Reaching safepoint: 666294 ns, At safepoint: 45837 ns, Total: 712131 ns
[2020-08-12T20:33:13.102+0000][6][safepoint    ] Safepoint "Cleanup", Time since last: 1000351757 ns, Reaching safepoint: 658694 ns, At safepoint: 43174 ns, Total: 701868 ns
[2020-08-12T20:33:14.103+0000][6][safepoint    ] Safepoint "Cleanup", Time since last: 1000347107 ns, Reaching safepoint: 639469 ns, At safepoint: 43737 ns, Total: 683206 ns
[2020-08-12T20:33:15.996+0000][6][safepoint    ] Safepoint "Cleanup", Time since last: 1892175230 ns, Reaching safepoint: 828292 ns, At safepoint: 43800 ns, Total: 872092 ns
[2020-08-12T20:33:16.997+0000][6][safepoint    ] Safepoint "Cleanup", Time since last: 1000351781 ns, Reaching safepoint: 554670 ns, At safepoint: 43062 ns, Total: 597732 ns
[2020-08-12T20:33:17.998+0000][6][safepoint    ] Safepoint "Cleanup", Time since last: 1000350982 ns, Reaching safepoint: 654669 ns, At safepoint: 51062 ns, Total: 705731 ns
[2020-08-12T20:33:18.999+0000][6][safepoint    ] Safepoint "Cleanup", Time since last: 1000354519 ns, Reaching safepoint: 491058 ns, At safepoint: 44075 ns, Total: 535133 ns
[2020-08-12T20:33:20.865+0000][6][safepoint    ] Safepoint "Cleanup", Time since last: 1864874278 ns, Reaching safepoint: 783693 ns, At safepoint: 42938 ns, Total: 826631 ns
[2020-08-12T20:33:21.866+0000][6][safepoint    ] Safepoint "Cleanup", Time since last: 1000386168 ns, Reaching safepoint: 379984 ns, At safepoint: 18938 ns, Total: 398922 ns
[2020-08-12T20:33:22.867+0000][6][safepoint    ] Safepoint "Cleanup", Time since last: 1000328531 ns, Reaching safepoint: 772268 ns, At safepoint: 42662 ns, Total: 814930 ns
[2020-08-12T20:33:23.868+0000][6][safepoint    ] Safepoint "Cleanup", Time since last: 1000949764 ns, Reaching safepoint: 289535 ns, At safepoint: 10887 ns, Total: 300422 ns
[2020-08-12T20:33:24.998+0000][6][safepoint    ] Safepoint "Cleanup", Time since last: 1126061416 ns, Reaching safepoint: 3569456 ns, At safepoint: 24075 ns, Total: 3593531 ns
[2020-08-12T20:33:25.999+0000][6][safepoint    ] Safepoint "Cleanup", Time since last: 1000329856 ns, Reaching safepoint: 775469 ns, At safepoint: 43199 ns, Total: 818668 ns
[2020-08-12T20:33:27.000+0000][6][safepoint    ] Safepoint "Cleanup", Time since last: 1000422818 ns, Reaching safepoint: 890568 ns, At safepoint: 43599 ns, Total: 934167 ns
[2020-08-12T20:33:28.001+0000][6][safepoint    ] Safepoint "Cleanup", Time since last: 1000406756 ns, Reaching safepoint: 828755 ns, At safepoint: 43650 ns, Total: 872405 ns
[2020-08-12T20:33:29.003+0000][6][safepoint    ] Safepoint "Cleanup", Time since last: 1000354781 ns, Reaching safepoint: 874692 ns, At safepoint: 42488 ns, Total: 917180 ns
[2020-08-12T20:33:30.004+0000][6][safepoint    ] Safepoint "Cleanup", Time since last: 1000395518 ns, Reaching safepoint: 520495 ns, At safepoint: 35750 ns, Total: 556245 ns
[2020-08-12T20:33:31.005+0000][6][safepoint    ] Safepoint "Cleanup", Time since last: 1000309769 ns, Reaching safepoint: 578920 ns, At safepoint: 45075 ns, Total: 623995 ns
[2020-08-12T20:33:32.006+0000][6][safepoint    ] Safepoint "Cleanup", Time since last: 1000438955 ns, Reaching safepoint: 570920 ns, At safepoint: 43412 ns, Total: 614332 ns
[2020-08-12T20:33:33.006+0000][6][safepoint    ] Safepoint "Cleanup", Time since last: 1000298795 ns, Reaching safepoint: 398059 ns, At safepoint: 56724 ns, Total: 454783 ns
[2020-08-12T20:33:34.007+0000][6][safepoint    ] Safepoint "Cleanup", Time since last: 1000323444 ns, Reaching safepoint: 379322 ns, At safepoint: 27187 ns, Total: 406509 ns
[2020-08-12T20:33:34.932+0000][6][gc,start     ] GC(35) Pause Young (Normal) (G1 Evacuation Pause)
[2020-08-12T20:33:34.932+0000][6][gc,task      ] GC(35) Using 2 workers of 2 for evacuation
[2020-08-12T20:33:34.932+0000][6][gc,age       ] GC(35) Desired survivor size 6815744 bytes, new threshold 15 (max threshold 15)
[2020-08-12T20:33:34.954+0000][6][gc,age       ] GC(35) Age table with threshold 15 (max threshold 15)
[2020-08-12T20:33:34.954+0000][6][gc,age       ] GC(35) - age   1:     104824 bytes,     104824 total
[2020-08-12T20:33:34.954+0000][6][gc,age       ] GC(35) - age   2:     101048 bytes,     205872 total
[2020-08-12T20:33:34.954+0000][6][gc,age       ] GC(35) - age   3:      22400 bytes,     228272 total
[2020-08-12T20:33:34.954+0000][6][gc,age       ] GC(35) - age   4:       7512 bytes,     235784 total
[2020-08-12T20:33:34.954+0000][6][gc,age       ] GC(35) - age   5:     108496 bytes,     344280 total
[2020-08-12T20:33:34.954+0000][6][gc,age       ] GC(35) - age   6:     144168 bytes,     488448 total
[2020-08-12T20:33:34.954+0000][6][gc,age       ] GC(35) - age   7:      73160 bytes,     561608 total
[2020-08-12T20:33:34.954+0000][6][gc,age       ] GC(35) - age   8:     181608 bytes,     743216 total
[2020-08-12T20:33:34.954+0000][6][gc,age       ] GC(35) - age   9:     134768 bytes,     877984 total
[2020-08-12T20:33:34.954+0000][6][gc,phases    ] GC(35)   Pre Evacuate Collection Set: 1.0ms
[2020-08-12T20:33:34.954+0000][6][gc,phases    ] GC(35)   Merge Heap Roots: 0.3ms
[2020-08-12T20:33:34.954+0000][6][gc,phases    ] GC(35)   Evacuate Collection Set: 17.7ms
[2020-08-12T20:33:34.954+0000][6][gc,phases    ] GC(35)   Post Evacuate Collection Set: 2.6ms
[2020-08-12T20:33:34.954+0000][6][gc,phases    ] GC(35)   Other: 0.8ms
[2020-08-12T20:33:34.954+0000][6][gc,heap      ] GC(35) Eden regions: 101->0(101)
[2020-08-12T20:33:34.954+0000][6][gc,heap      ] GC(35) Survivor regions: 1->1(13)
[2020-08-12T20:33:34.954+0000][6][gc,heap      ] GC(35) Old regions: 80->80
[2020-08-12T20:33:34.954+0000][6][gc,heap      ] GC(35) Archive regions: 2->2
[2020-08-12T20:33:34.954+0000][6][gc,heap      ] GC(35) Humongous regions: 75->75
[2020-08-12T20:33:34.954+0000][6][gc,metaspace ] GC(35) Metaspace: 95807K(103340K)->95807K(103340K) NonClass: 83243K(87724K)->83243K(87724K) Class: 12564K(15616K)->12564K(15616K)
[2020-08-12T20:33:34.962+0000][6][gc           ] GC(35) Pause Young (Normal) (G1 Evacuation Pause) 257M->156M(2048M) 30.466ms
[2020-08-12T20:33:34.962+0000][6][gc,cpu       ] GC(35) User=0.02s Sys=0.00s Real=0.03s
[2020-08-12T20:33:34.962+0000][6][safepoint    ] Safepoint "G1CollectForAllocation", Time since last: 924148355 ns, Reaching safepoint: 425184 ns, At safepoint: 30703858 ns, Total: 31129042 ns
[2020-08-12T20:33:36.936+0000][6][safepoint    ] Safepoint "Cleanup", Time since last: 1972832992 ns, Reaching safepoint: 664269 ns, At safepoint: 52888 ns, Total: 717157 ns
[2020-08-12T20:33:37.937+0000][6][safepoint    ] Safepoint "Cleanup", Time since last: 1000383918 ns, Reaching safepoint: 837955 ns, At safepoint: 55225 ns, Total: 893180 ns
[2020-08-12T20:33:38.938+0000][6][safepoint    ] Safepoint "Cleanup", Time since last: 1000298719 ns, Reaching safepoint: 437546 ns, At safepoint: 12587 ns, Total: 450133 ns
[2020-08-12T20:33:40.869+0000][6][safepoint    ] Safepoint "Cleanup", Time since last: 1930078251 ns, Reaching safepoint: 608320 ns, At safepoint: 50787 ns, Total: 659107 ns
[2020-08-12T20:33:41.870+0000][6][safepoint    ] Safepoint "Cleanup", Time since last: 1000410093 ns, Reaching safepoint: 833305 ns, At safepoint: 43387 ns, Total: 876692 ns
[2020-08-12T20:33:42.871+0000][6][safepoint    ] Safepoint "Cleanup", Time since last: 1000311282 ns, Reaching safepoint: 858805 ns, At safepoint: 42812 ns, Total: 901617 ns
[2020-08-12T20:33:43.872+0000][6][safepoint    ] Safepoint "Cleanup", Time since last: 1000284519 ns, Reaching safepoint: 574020 ns, At safepoint: 21300 ns, Total: 595320 ns
[2020-08-12T20:33:44.933+0000][6][safepoint    ] Safepoint "Cleanup", Time since last: 1060707307 ns, Reaching safepoint: 483146 ns, At safepoint: 30362 ns, Total: 513508 ns
[2020-08-12T20:33:45.934+0000][6][safepoint    ] Safepoint "Cleanup", Time since last: 1000376794 ns, Reaching safepoint: 623370 ns, At safepoint: 50774 ns, Total: 674144 ns
[2020-08-12T20:33:46.936+0000][6][safepoint    ] Safepoint "Cleanup", Time since last: 1000682579 ns, Reaching safepoint: 613069 ns, At safepoint: 44237 ns, Total: 657306 ns
[2020-08-12T20:33:47.937+0000][6][safepoint    ] Safepoint "Cleanup", Time since last: 1000422819 ns, Reaching safepoint: 589982 ns, At safepoint: 50300 ns, Total: 640282 ns
[2020-08-12T20:33:48.938+0000][6][safepoint    ] Safepoint "Cleanup", Time since last: 1000431980 ns, Reaching safepoint: 579145 ns, At safepoint: 135599 ns, Total: 714744 ns
[2020-08-12T20:33:49.939+0000][6][safepoint    ] Safepoint "Cleanup", Time since last: 1000326881 ns, Reaching safepoint: 871430 ns, At safepoint: 42262 ns, Total: 913692 ns
[2020-08-12T20:33:50.940+0000][6][safepoint    ] Safepoint "Cleanup", Time since last: 1000308457 ns, Reaching safepoint: 823468 ns, At safepoint: 44649 ns, Total: 868117 ns
[2020-08-12T20:33:51.941+0000][6][safepoint    ] Safepoint "Cleanup", Time since last: 1000346919 ns, Reaching safepoint: 670369 ns, At safepoint: 51112 ns, Total: 721481 ns
[2020-08-12T20:33:52.943+0000][6][safepoint    ] Safepoint "Cleanup", Time since last: 1000344957 ns, Reaching safepoint: 828955 ns, At safepoint: 43775 ns, Total: 872730 ns
[2020-08-12T20:33:53.943+0000][6][safepoint    ] Safepoint "Cleanup", Time since last: 1000283956 ns, Reaching safepoint: 296435 ns, At safepoint: 11663 ns, Total: 308098 ns
[2020-08-12T20:33:54.993+0000][6][safepoint    ] Safepoint "Cleanup", Time since last: 1049013171 ns, Reaching safepoint: 344709 ns, At safepoint: 15300 ns, Total: 360009 ns
[2020-08-12T20:33:55.994+0000][6][safepoint    ] Safepoint "Cleanup", Time since last: 1000389281 ns, Reaching safepoint: 734981 ns, At safepoint: 46363 ns, Total: 781344 ns
[2020-08-12T20:33:56.995+0000][6][safepoint    ] Safepoint "Cleanup", Time since last: 1000396205 ns, Reaching safepoint: 629132 ns, At safepoint: 42837 ns, Total: 671969 ns
[2020-08-12T20:33:57.996+0000][6][safepoint    ] Safepoint "Cleanup", Time since last: 1000408006 ns, Reaching safepoint: 592520 ns, At safepoint: 108349 ns, Total: 700869 ns
[2020-08-12T20:33:58.997+0000][6][safepoint    ] Safepoint "Cleanup", Time since last: 1000345544 ns, Reaching safepoint: 526670 ns, At safepoint: 33687 ns, Total: 560357 ns
[2020-08-12T20:34:00.867+0000][6][safepoint    ] Safepoint "Cleanup", Time since last: 1869640625 ns, Reaching safepoint: 599720 ns, At safepoint: 52325 ns, Total: 652045 ns
[2020-08-12T20:34:01.868+0000][6][safepoint    ] Safepoint "Cleanup", Time since last: 1000352293 ns, Reaching safepoint: 494334 ns, At safepoint: 43562 ns, Total: 537896 ns
[2020-08-12T20:34:02.869+0000][6][safepoint    ] Safepoint "Cleanup", Time since last: 1000383456 ns, Reaching safepoint: 745131 ns, At safepoint: 44049 ns, Total: 789180 ns
[2020-08-12T20:34:03.871+0000][6][safepoint    ] Safepoint "Cleanup", Time since last: 1000332894 ns, Reaching safepoint: 1068591 ns, At safepoint: 61774 ns, Total: 1130365 ns
[2020-08-12T20:34:04.874+0000][6][safepoint    ] Safepoint "Cleanup", Time since last: 1001845969 ns, Reaching safepoint: 1125777 ns, At safepoint: 55750 ns, Total: 1181527 ns
[2020-08-12T20:34:06.064+0000][6][safepoint    ] Safepoint "Cleanup", Time since last: 1189080556 ns, Reaching safepoint: 1060965 ns, At safepoint: 140224 ns, Total: 1201189 ns
[2020-08-12T20:34:06.073+0000][6][safepoint    ] Safepoint "BulkRevokeBias", Time since last: 4353787 ns, Reaching safepoint: 1033804 ns, At safepoint: 3157048 ns, Total: 4190852 ns
[2020-08-12T20:34:07.210+0000][6][safepoint    ] Safepoint "Cleanup", Time since last: 1137185468 ns, Reaching safepoint: 471784 ns, At safepoint: 15875 ns, Total: 487659 ns
[2020-08-12T20:34:08.211+0000][6][safepoint    ] Safepoint "Cleanup", Time since last: 1000232707 ns, Reaching safepoint: 706481 ns, At safepoint: 43838 ns, Total: 750319 ns
[2020-08-12T20:34:09.212+0000][6][safepoint    ] Safepoint "Cleanup", Time since last: 1000348243 ns, Reaching safepoint: 490033 ns, At safepoint: 42688 ns, Total: 532721 ns
[2020-08-12T20:34:10.213+0000][6][safepoint    ] Safepoint "Cleanup", Time since last: 1000348968 ns, Reaching safepoint: 700482 ns, At safepoint: 43599 ns, Total: 744081 ns
[2020-08-12T20:34:11.215+0000][6][safepoint    ] Safepoint "Cleanup", Time since last: 1000352332 ns, Reaching safepoint: 1079290 ns, At safepoint: 61700 ns, Total: 1140990 ns
[2020-08-12T20:34:12.216+0000][6][safepoint    ] Safepoint "Cleanup", Time since last: 1000341531 ns, Reaching safepoint: 778043 ns, At safepoint: 42787 ns, Total: 820830 ns
[2020-08-12T20:34:13.217+0000][6][safepoint    ] Safepoint "Cleanup", Time since last: 1000400331 ns, Reaching safepoint: 805581 ns, At safepoint: 42974 ns, Total: 848555 ns
[2020-08-12T20:34:14.218+0000][6][safepoint    ] Safepoint "Cleanup", Time since last: 1000572492 ns, Reaching safepoint: 668732 ns, At safepoint: 51625 ns, Total: 720357 ns
[2020-08-12T20:34:16.026+0000][6][safepoint    ] Safepoint "Cleanup", Time since last: 1807396077 ns, Reaching safepoint: 662007 ns, At safepoint: 43949 ns, Total: 705956 ns
[2020-08-12T20:34:17.028+0000][6][safepoint    ] Safepoint "Cleanup", Time since last: 1000356981 ns, Reaching safepoint: 652145 ns, At safepoint: 43574 ns, Total: 695719 ns
[2020-08-12T20:34:18.029+0000][6][safepoint    ] Safepoint "Cleanup", Time since last: 1000444006 ns, Reaching safepoint: 562670 ns, At safepoint: 42575 ns, Total: 605245 ns
[2020-08-12T20:34:19.029+0000][6][safepoint    ] Safepoint "Cleanup", Time since last: 1000408793 ns, Reaching safepoint: 408121 ns, At safepoint: 23012 ns, Total: 431133 ns
[2020-08-12T20:34:20.876+0000][6][safepoint    ] Safepoint "Cleanup", Time since last: 1846042505 ns, Reaching safepoint: 856180 ns, At safepoint: 43525 ns, Total: 899705 ns
[2020-08-12T20:34:21.878+0000][6][safepoint    ] Safepoint "Cleanup", Time since last: 1000348893 ns, Reaching safepoint: 966592 ns, At safepoint: 51262 ns, Total: 1017854 ns
[2020-08-12T20:34:22.879+0000][6][safepoint    ] Safepoint "Cleanup", Time since last: 1000376706 ns, Reaching safepoint: 521571 ns, At safepoint: 38524 ns, Total: 560095 ns
[2020-08-12T20:34:23.880+0000][6][safepoint    ] Safepoint "Cleanup", Time since last: 1000261657 ns, Reaching safepoint: 599457 ns, At safepoint: 26913 ns, Total: 626370 ns
[2020-08-12T20:34:24.931+0000][6][safepoint    ] Safepoint "BulkRevokeBias", Time since last: 1050313160 ns, Reaching safepoint: 239035 ns, At safepoint: 767856 ns, Total: 1006891 ns
[2020-08-12T20:34:25.932+0000][6][safepoint    ] Safepoint "Cleanup", Time since last: 1000279745 ns, Reaching safepoint: 606369 ns, At safepoint: 43662 ns, Total: 650031 ns
[2020-08-12T20:34:26.933+0000][6][safepoint    ] Safepoint "Cleanup", Time since last: 1000453093 ns, Reaching safepoint: 560658 ns, At safepoint: 37775 ns, Total: 598433 ns
[2020-08-12T20:34:27.934+0000][6][safepoint    ] Safepoint "Cleanup", Time since last: 1000442830 ns, Reaching safepoint: 645557 ns, At safepoint: 53725 ns, Total: 699282 ns
[2020-08-12T20:34:28.935+0000][6][safepoint    ] Safepoint "Cleanup", Time since last: 1000382693 ns, Reaching safepoint: 819955 ns, At safepoint: 41025 ns, Total: 860980 ns
[2020-08-12T20:34:29.936+0000][6][safepoint    ] Safepoint "Cleanup", Time since last: 1000352756 ns, Reaching safepoint: 670269 ns, At safepoint: 43462 ns, Total: 713731 ns
[2020-08-12T20:34:30.937+0000][6][safepoint    ] Safepoint "Cleanup", Time since last: 1000310269 ns, Reaching safepoint: 441272 ns, At safepoint: 37049 ns, Total: 478321 ns
[2020-08-12T20:34:31.938+0000][6][safepoint    ] Safepoint "Cleanup", Time since last: 1000285995 ns, Reaching safepoint: 549307 ns, At safepoint: 40625 ns, Total: 589932 ns
[2020-08-12T20:34:32.939+0000][6][safepoint    ] Safepoint "Cleanup", Time since last: 1000311719 ns, Reaching safepoint: 664257 ns, At safepoint: 40212 ns, Total: 704469 ns
[2020-08-12T20:34:33.940+0000][6][safepoint    ] Safepoint "Cleanup", Time since last: 1000239007 ns, Reaching safepoint: 317872 ns, At safepoint: 12413 ns, Total: 330285 ns
[2020-08-12T20:34:34.974+0000][6][safepoint    ] Safepoint "Cleanup", Time since last: 1034517284 ns, Reaching safepoint: 365772 ns, At safepoint: 29838 ns, Total: 395610 ns
[2020-08-12T20:34:35.976+0000][6][safepoint    ] Safepoint "Cleanup", Time since last: 1000368881 ns, Reaching safepoint: 704943 ns, At safepoint: 37750 ns, Total: 742693 ns
[2020-08-12T20:34:36.862+0000][6][gc,start     ] GC(36) Pause Young (Normal) (G1 Evacuation Pause)
[2020-08-12T20:34:36.862+0000][6][gc,task      ] GC(36) Using 2 workers of 2 for evacuation
[2020-08-12T20:34:36.862+0000][6][gc,age       ] GC(36) Desired survivor size 6815744 bytes, new threshold 15 (max threshold 15)
[2020-08-12T20:34:36.891+0000][6][gc,age       ] GC(36) Age table with threshold 15 (max threshold 15)
[2020-08-12T20:34:36.891+0000][6][gc,age       ] GC(36) - age   1:     118888 bytes,     118888 total
[2020-08-12T20:34:36.891+0000][6][gc,age       ] GC(36) - age   2:      52736 bytes,     171624 total
[2020-08-12T20:34:36.891+0000][6][gc,age       ] GC(36) - age   3:      15592 bytes,     187216 total
[2020-08-12T20:34:36.891+0000][6][gc,age       ] GC(36) - age   4:      22400 bytes,     209616 total
[2020-08-12T20:34:36.891+0000][6][gc,age       ] GC(36) - age   5:       6656 bytes,     216272 total
[2020-08-12T20:34:36.891+0000][6][gc,age       ] GC(36) - age   6:     108352 bytes,     324624 total
[2020-08-12T20:34:36.891+0000][6][gc,age       ] GC(36) - age   7:     144168 bytes,     468792 total
[2020-08-12T20:34:36.892+0000][6][gc,age       ] GC(36) - age   8:      73160 bytes,     541952 total
[2020-08-12T20:34:36.892+0000][6][gc,age       ] GC(36) - age   9:     181608 bytes,     723560 total
[2020-08-12T20:34:36.892+0000][6][gc,age       ] GC(36) - age  10:     134768 bytes,     858328 total
[2020-08-12T20:34:36.892+0000][6][gc,phases    ] GC(36)   Pre Evacuate Collection Set: 1.0ms
[2020-08-12T20:34:36.892+0000][6][gc,phases    ] GC(36)   Merge Heap Roots: 0.7ms
[2020-08-12T20:34:36.892+0000][6][gc,phases    ] GC(36)   Evacuate Collection Set: 20.9ms
[2020-08-12T20:34:36.892+0000][6][gc,phases    ] GC(36)   Post Evacuate Collection Set: 5.5ms
[2020-08-12T20:34:36.893+0000][6][gc,phases    ] GC(36)   Other: 2.3ms
[2020-08-12T20:34:36.893+0000][6][gc,heap      ] GC(36) Eden regions: 101->0(779)
[2020-08-12T20:34:36.893+0000][6][gc,heap      ] GC(36) Survivor regions: 1->1(13)
[2020-08-12T20:34:36.893+0000][6][gc,heap      ] GC(36) Old regions: 80->80
[2020-08-12T20:34:36.893+0000][6][gc,heap      ] GC(36) Archive regions: 2->2
[2020-08-12T20:34:36.893+0000][6][gc,heap      ] GC(36) Humongous regions: 75->75
[2020-08-12T20:34:36.893+0000][6][gc,metaspace ] GC(36) Metaspace: 95876K(103596K)->95876K(103596K) NonClass: 83312K(87980K)->83312K(87980K) Class: 12564K(15616K)->12564K(15616K)
[2020-08-12T20:34:36.893+0000][6][gc           ] GC(36) Pause Young (Normal) (G1 Evacuation Pause) 257M->156M(2048M) 31.495ms
[2020-08-12T20:34:36.894+0000][6][gc,cpu       ] GC(36) User=0.05s Sys=0.00s Real=0.03s
[2020-08-12T20:34:36.894+0000][6][safepoint    ] Safepoint "G1CollectForAllocation", Time since last: 885553703 ns, Reaching safepoint: 556595 ns, At safepoint: 32092196 ns, Total: 32648791 ns
[2020-08-12T20:34:37.895+0000][6][safepoint    ] Safepoint "Cleanup", Time since last: 1000318982 ns, Reaching safepoint: 584982 ns, At safepoint: 45462 ns, Total: 630444 ns
[2020-08-12T20:34:38.896+0000][6][safepoint    ] Safepoint "Cleanup", Time since last: 1000402181 ns, Reaching safepoint: 637170 ns, At safepoint: 64137 ns, Total: 701307 ns
[2020-08-12T20:34:40.879+0000][6][safepoint    ] Safepoint "Cleanup", Time since last: 1982868942 ns, Reaching safepoint: 628770 ns, At safepoint: 50774 ns, Total: 679544 ns
[2020-08-12T20:34:41.881+0000][6][safepoint    ] Safepoint "Cleanup", Time since last: 1000343206 ns, Reaching safepoint: 856205 ns, At safepoint: 43000 ns, Total: 899205 ns
[2020-08-12T20:34:42.882+0000][6][safepoint    ] Safepoint "Cleanup", Time since last: 1000349919 ns, Reaching safepoint: 786618 ns, At safepoint: 44837 ns, Total: 831455 ns
[2020-08-12T20:34:43.883+0000][6][safepoint    ] Safepoint "Cleanup", Time since last: 1000418655 ns, Reaching safepoint: 1089954 ns, At safepoint: 63774 ns, Total: 1153728 ns
[2020-08-12T20:34:44.877+0000][6][safepoint    ] Safepoint "BulkRevokeBias", Time since last: 991631419 ns, Reaching safepoint: 545496 ns, At safepoint: 1222877 ns, Total: 1768373 ns
[2020-08-12T20:34:46.009+0000][6][safepoint    ] Safepoint "Cleanup", Time since last: 1131206520 ns, Reaching safepoint: 656544 ns, At safepoint: 43213 ns, Total: 699757 ns
[2020-08-12T20:34:47.010+0000][6][safepoint    ] Safepoint "Cleanup", Time since last: 1000454292 ns, Reaching safepoint: 577320 ns, At safepoint: 44363 ns, Total: 621683 ns
[2020-08-12T20:34:48.011+0000][6][safepoint    ] Safepoint "Cleanup", Time since last: 1000409080 ns, Reaching safepoint: 608395 ns, At safepoint: 49862 ns, Total: 658257 ns
[2020-08-12T20:34:49.012+0000][6][safepoint    ] Safepoint "Cleanup", Time since last: 1000339406 ns, Reaching safepoint: 390147 ns, At safepoint: 54999 ns, Total: 445146 ns
[2020-08-12T20:34:50.013+0000][6][safepoint    ] Safepoint "Cleanup", Time since last: 1000337957 ns, Reaching safepoint: 584095 ns, At safepoint: 43712 ns, Total: 627807 ns
[2020-08-12T20:34:51.013+0000][6][safepoint    ] Safepoint "Cleanup", Time since last: 1000388793 ns, Reaching safepoint: 436121 ns, At safepoint: 43162 ns, Total: 479283 ns
[2020-08-12T20:34:52.014+0000][6][safepoint    ] Safepoint "Cleanup", Time since last: 1000337844 ns, Reaching safepoint: 517171 ns, At safepoint: 43750 ns, Total: 560921 ns
[2020-08-12T20:34:53.015+0000][6][safepoint    ] Safepoint "Cleanup", Time since last: 1000327118 ns, Reaching safepoint: 619258 ns, At safepoint: 44699 ns, Total: 663957 ns
[2020-08-12T20:34:54.016+0000][6][safepoint    ] Safepoint "Cleanup", Time since last: 1000341019 ns, Reaching safepoint: 515645 ns, At safepoint: 42738 ns, Total: 558383 ns
[2020-08-12T20:34:54.879+0000][6][safepoint    ] Safepoint "BulkRevokeBias", Time since last: 859085719 ns, Reaching safepoint: 740606 ns, At safepoint: 2888800 ns, Total: 3629406 ns
[2020-08-12T20:34:55.938+0000][6][safepoint    ] Safepoint "Cleanup", Time since last: 1058522452 ns, Reaching safepoint: 658231 ns, At safepoint: 45050 ns, Total: 703281 ns
[2020-08-12T20:34:56.939+0000][6][safepoint    ] Safepoint "Cleanup", Time since last: 1000339069 ns, Reaching safepoint: 685219 ns, At safepoint: 50812 ns, Total: 736031 ns
[2020-08-12T20:34:57.940+0000][6][safepoint    ] Safepoint "Cleanup", Time since last: 1000347669 ns, Reaching safepoint: 653819 ns, At safepoint: 49875 ns, Total: 703694 ns
[2020-08-12T20:34:58.941+0000][6][safepoint    ] Safepoint "Cleanup", Time since last: 1000301569 ns, Reaching safepoint: 630294 ns, At safepoint: 23825 ns, Total: 654119 ns
[2020-08-12T20:35:00.877+0000][6][safepoint    ] Safepoint "Cleanup", Time since last: 1935475166 ns, Reaching safepoint: 561858 ns, At safepoint: 43299 ns, Total: 605157 ns
[2020-08-12T20:35:01.878+0000][6][safepoint    ] Safepoint "Cleanup", Time since last: 1000339232 ns, Reaching safepoint: 596544 ns, At safepoint: 43063 ns, Total: 639607 ns
[2020-08-12T20:35:02.879+0000][6][safepoint    ] Safepoint "Cleanup", Time since last: 1000339481 ns, Reaching safepoint: 719444 ns, At safepoint: 43374 ns, Total: 762818 ns
[2020-08-12T20:35:03.881+0000][6][safepoint    ] Safepoint "Cleanup", Time since last: 1000297245 ns, Reaching safepoint: 886592 ns, At safepoint: 46387 ns, Total: 932979 ns
[2020-08-12T20:35:04.927+0000][6][safepoint    ] Safepoint "Cleanup", Time since last: 1045633076 ns, Reaching safepoint: 1147640 ns, At safepoint: 38137 ns, Total: 1185777 ns
[2020-08-12T20:35:05.929+0000][6][safepoint    ] Safepoint "Cleanup", Time since last: 1000371593 ns, Reaching safepoint: 1092978 ns, At safepoint: 58275 ns, Total: 1151253 ns
[2020-08-12T20:35:07.040+0000][6][safepoint    ] Safepoint "Cleanup", Time since last: 1110118641 ns, Reaching safepoint: 929879 ns, At safepoint: 46575 ns, Total: 976454 ns
[2020-08-12T20:35:08.041+0000][6][safepoint    ] Safepoint "Cleanup", Time since last: 1000302769 ns, Reaching safepoint: 670432 ns, At safepoint: 43900 ns, Total: 714332 ns
[2020-08-12T20:35:09.042+0000][6][safepoint    ] Safepoint "Cleanup", Time since last: 1000280969 ns, Reaching safepoint: 336447 ns, At safepoint: 54775 ns, Total: 391222 ns
[2020-08-12T20:35:10.043+0000][6][safepoint    ] Safepoint "Cleanup", Time since last: 1000393180 ns, Reaching safepoint: 509571 ns, At safepoint: 33275 ns, Total: 542846 ns
[2020-08-12T20:35:11.044+0000][6][safepoint    ] Safepoint "Cleanup", Time since last: 1000344418 ns, Reaching safepoint: 778256 ns, At safepoint: 138774 ns, Total: 917030 ns
[2020-08-12T20:35:12.045+0000][6][safepoint    ] Safepoint "Cleanup", Time since last: 1000339694 ns, Reaching safepoint: 850180 ns, At safepoint: 45049 ns, Total: 895229 ns
[2020-08-12T20:35:13.046+0000][6][safepoint    ] Safepoint "Cleanup", Time since last: 1000304707 ns, Reaching safepoint: 672607 ns, At safepoint: 45974 ns, Total: 718581 ns
[2020-08-12T20:35:14.047+0000][6][safepoint    ] Safepoint "Cleanup", Time since last: 1000287732 ns, Reaching safepoint: 343310 ns, At safepoint: 75924 ns, Total: 419234 ns
[2020-08-12T20:35:15.968+0000][6][safepoint    ] Safepoint "Cleanup", Time since last: 1920603445 ns, Reaching safepoint: 774193 ns, At safepoint: 46812 ns, Total: 821005 ns
[2020-08-12T20:35:16.970+0000][6][safepoint    ] Safepoint "Cleanup", Time since last: 1000339357 ns, Reaching safepoint: 865305 ns, At safepoint: 45699 ns, Total: 911004 ns
[2020-08-12T20:35:17.971+0000][6][safepoint    ] Safepoint "Cleanup", Time since last: 1000359006 ns, Reaching safepoint: 874118 ns, At safepoint: 88474 ns, Total: 962592 ns
[2020-08-12T20:35:18.972+0000][6][safepoint    ] Safepoint "Cleanup", Time since last: 1000347681 ns, Reaching safepoint: 690632 ns, At safepoint: 67362 ns, Total: 757994 ns
[2020-08-12T20:35:20.881+0000][6][safepoint    ] Safepoint "Cleanup", Time since last: 1907881718 ns, Reaching safepoint: 840155 ns, At safepoint: 42812 ns, Total: 882967 ns
[2020-08-12T20:35:22.441+0000][6][safepoint    ] Safepoint "Cleanup", Time since last: 1559744489 ns, Reaching safepoint: 680794 ns, At safepoint: 44675 ns, Total: 725469 ns
[2020-08-12T20:35:23.442+0000][6][safepoint    ] Safepoint "Cleanup", Time since last: 1000345631 ns, Reaching safepoint: 668595 ns, At safepoint: 43837 ns, Total: 712432 ns
[2020-08-12T20:35:24.444+0000][6][safepoint    ] Safepoint "Cleanup", Time since last: 1000695240 ns, Reaching safepoint: 706457 ns, At safepoint: 44512 ns, Total: 750969 ns
[2020-08-12T20:35:26.025+0000][6][safepoint    ] Safepoint "Cleanup", Time since last: 1580371710 ns, Reaching safepoint: 621657 ns, At safepoint: 44562 ns, Total: 666219 ns
[2020-08-12T20:35:27.026+0000][6][safepoint    ] Safepoint "Cleanup", Time since last: 1000467268 ns, Reaching safepoint: 1039616 ns, At safepoint: 45199 ns, Total: 1084815 ns
[2020-08-12T20:35:28.028+0000][6][safepoint    ] Safepoint "Cleanup", Time since last: 1000389231 ns, Reaching safepoint: 935167 ns, At safepoint: 42987 ns, Total: 978154 ns
[2020-08-12T20:35:29.028+0000][6][safepoint    ] Safepoint "Cleanup", Time since last: 1000313782 ns, Reaching safepoint: 248973 ns, At safepoint: 11112 ns, Total: 260085 ns
[2020-08-12T20:35:30.029+0000][6][safepoint    ] Safepoint "Cleanup", Time since last: 1000217745 ns, Reaching safepoint: 688307 ns, At safepoint: 43124 ns, Total: 731431 ns
[2020-08-12T20:35:31.030+0000][6][safepoint    ] Safepoint "Cleanup", Time since last: 1000347969 ns, Reaching safepoint: 626920 ns, At safepoint: 42899 ns, Total: 669819 ns
[2020-08-12T20:35:32.031+0000][6][safepoint    ] Safepoint "Cleanup", Time since last: 1000342381 ns, Reaching safepoint: 670345 ns, At safepoint: 49674 ns, Total: 720019 ns
[2020-08-12T20:35:33.033+0000][6][safepoint    ] Safepoint "Cleanup", Time since last: 1000372969 ns, Reaching safepoint: 840517 ns, At safepoint: 43500 ns, Total: 884017 ns
[2020-08-12T20:35:34.033+0000][6][safepoint    ] Safepoint "Cleanup", Time since last: 1000343619 ns, Reaching safepoint: 549095 ns, At safepoint: 29837 ns, Total: 578932 ns
[2020-08-12T20:35:35.886+0000][6][safepoint    ] Safepoint "Cleanup", Time since last: 1850132069 ns, Reaching safepoint: 2469154 ns, At safepoint: 62999 ns, Total: 2532153 ns
[2020-08-12T20:35:36.945+0000][6][safepoint    ] Safepoint "Cleanup", Time since last: 1057417499 ns, Reaching safepoint: 929617 ns, At safepoint: 46337 ns, Total: 975954 ns
[2020-08-12T20:35:37.946+0000][6][safepoint    ] Safepoint "Cleanup", Time since last: 1000438443 ns, Reaching safepoint: 774193 ns, At safepoint: 42312 ns, Total: 816505 ns
[2020-08-12T20:35:38.947+0000][6][safepoint    ] Safepoint "Cleanup", Time since last: 1000365106 ns, Reaching safepoint: 541171 ns, At safepoint: 24337 ns, Total: 565508 ns
[2020-08-12T20:35:40.888+0000][6][safepoint    ] Safepoint "Cleanup", Time since last: 1940070064 ns, Reaching safepoint: 692806 ns, At safepoint: 49862 ns, Total: 742668 ns
[2020-08-12T20:35:41.889+0000][6][safepoint    ] Safepoint "Cleanup", Time since last: 1000428106 ns, Reaching safepoint: 770018 ns, At safepoint: 43012 ns, Total: 813030 ns
[2020-08-12T20:35:42.890+0000][6][safepoint    ] Safepoint "Cleanup", Time since last: 1000397281 ns, Reaching safepoint: 824093 ns, At safepoint: 43124 ns, Total: 867217 ns
[2020-08-12T20:35:43.892+0000][6][safepoint    ] Safepoint "Cleanup", Time since last: 1000343307 ns, Reaching safepoint: 1085778 ns, At safepoint: 55024 ns, Total: 1140802 ns
[2020-08-12T20:35:45.034+0000][6][safepoint    ] Safepoint "Cleanup", Time since last: 1141573056 ns, Reaching safepoint: 682144 ns, At safepoint: 23500 ns, Total: 705644 ns
[2020-08-12T20:35:46.035+0000][6][safepoint    ] Safepoint "Cleanup", Time since last: 1000416343 ns, Reaching safepoint: 917142 ns, At safepoint: 55350 ns, Total: 972492 ns
[2020-08-12T20:35:47.036+0000][6][safepoint    ] Safepoint "Cleanup", Time since last: 1000349381 ns, Reaching safepoint: 648869 ns, At safepoint: 51012 ns, Total: 699881 ns
[2020-08-12T20:35:48.037+0000][6][safepoint    ] Safepoint "Cleanup", Time since last: 1000355444 ns, Reaching safepoint: 732594 ns, At safepoint: 43949 ns, Total: 776543 ns
[2020-08-12T20:35:49.039+0000][6][safepoint    ] Safepoint "Cleanup", Time since last: 1000339819 ns, Reaching safepoint: 739719 ns, At safepoint: 62187 ns, Total: 801906 ns
[2020-08-12T20:35:50.040+0000][6][safepoint    ] Safepoint "Cleanup", Time since last: 1000414068 ns, Reaching safepoint: 776418 ns, At safepoint: 45587 ns, Total: 822005 ns
[2020-08-12T20:35:51.041+0000][6][safepoint    ] Safepoint "Cleanup", Time since last: 1000415656 ns, Reaching safepoint: 887042 ns, At safepoint: 43537 ns, Total: 930579 ns
[2020-08-12T20:35:52.546+0000][6][safepoint    ] Safepoint "Cleanup", Time since last: 1504010861 ns, Reaching safepoint: 602932 ns, At safepoint: 33862 ns, Total: 636794 ns
[2020-08-12T20:35:53.547+0000][6][safepoint    ] Safepoint "Cleanup", Time since last: 1000352206 ns, Reaching safepoint: 864693 ns, At safepoint: 44137 ns, Total: 908830 ns
[2020-08-12T20:35:54.548+0000][6][safepoint    ] Safepoint "Cleanup", Time since last: 1000348781 ns, Reaching safepoint: 789556 ns, At safepoint: 45099 ns, Total: 834655 ns
[2020-08-12T20:35:56.136+0000][6][safepoint    ] Safepoint "Cleanup", Time since last: 1586592294 ns, Reaching safepoint: 823518 ns, At safepoint: 54600 ns, Total: 878118 ns
[2020-08-12T20:35:57.137+0000][6][safepoint    ] Safepoint "Cleanup", Time since last: 1000391993 ns, Reaching safepoint: 565095 ns, At safepoint: 42624 ns, Total: 607719 ns
[2020-08-12T20:35:58.138+0000][6][safepoint    ] Safepoint "Cleanup", Time since last: 1000413619 ns, Reaching safepoint: 900267 ns, At safepoint: 43612 ns, Total: 943879 ns
[2020-08-12T20:35:59.139+0000][6][safepoint    ] Safepoint "Cleanup", Time since last: 1000279444 ns, Reaching safepoint: 343147 ns, At safepoint: 12200 ns, Total: 355347 ns
[2020-08-12T20:36:00.886+0000][6][safepoint    ] Safepoint "Cleanup", Time since last: 1747085614 ns, Reaching safepoint: 384822 ns, At safepoint: 41724 ns, Total: 426546 ns
[2020-08-12T20:36:01.887+0000][6][safepoint    ] Safepoint "Cleanup", Time since last: 1000296082 ns, Reaching safepoint: 752656 ns, At safepoint: 37712 ns, Total: 790368 ns
[2020-08-12T20:36:02.888+0000][6][safepoint    ] Safepoint "Cleanup", Time since last: 1000351181 ns, Reaching safepoint: 716044 ns, At safepoint: 45687 ns, Total: 761731 ns
[2020-08-12T20:36:03.890+0000][6][safepoint    ] Safepoint "Cleanup", Time since last: 1000302107 ns, Reaching safepoint: 996766 ns, At safepoint: 68837 ns, Total: 1065603 ns
[2020-08-12T20:36:04.893+0000][6][safepoint    ] Safepoint "Cleanup", Time since last: 1002171515 ns, Reaching safepoint: 614407 ns, At safepoint: 27750 ns, Total: 642157 ns
[2020-08-12T20:36:05.928+0000][6][safepoint    ] Safepoint "Cleanup", Time since last: 1034981743 ns, Reaching safepoint: 461721 ns, At safepoint: 15725 ns, Total: 477446 ns
[2020-08-12T20:36:06.941+0000][6][safepoint    ] Safepoint "Cleanup", Time since last: 1012467289 ns, Reaching safepoint: 513333 ns, At safepoint: 52524 ns, Total: 565857 ns
[2020-08-12T20:36:07.942+0000][6][safepoint    ] Safepoint "Cleanup", Time since last: 1000308857 ns, Reaching safepoint: 475446 ns, At safepoint: 58049 ns, Total: 533495 ns
[2020-08-12T20:36:08.943+0000][6][safepoint    ] Safepoint "Cleanup", Time since last: 1000209995 ns, Reaching safepoint: 411884 ns, At safepoint: 13575 ns, Total: 425459 ns
[2020-08-12T20:36:09.944+0000][6][safepoint    ] Safepoint "Cleanup", Time since last: 1000222170 ns, Reaching safepoint: 897242 ns, At safepoint: 43000 ns, Total: 940242 ns
[2020-08-12T20:36:10.945+0000][6][safepoint    ] Safepoint "Cleanup", Time since last: 1000459505 ns, Reaching safepoint: 871430 ns, At safepoint: 45350 ns, Total: 916780 ns
[2020-08-12T20:36:11.946+0000][6][safepoint    ] Safepoint "Cleanup", Time since last: 1000315131 ns, Reaching safepoint: 607695 ns, At safepoint: 30637 ns, Total: 638332 ns
[2020-08-12T20:36:12.947+0000][6][safepoint    ] Safepoint "Cleanup", Time since last: 1000244520 ns, Reaching safepoint: 630194 ns, At safepoint: 25600 ns, Total: 655794 ns
[2020-08-12T20:36:13.947+0000][6][safepoint    ] Safepoint "Cleanup", Time since last: 1000196858 ns, Reaching safepoint: 254160 ns, At safepoint: 11112 ns, Total: 265272 ns
[2020-08-12T20:36:15.110+0000][6][safepoint    ] Safepoint "Cleanup", Time since last: 1162093103 ns, Reaching safepoint: 456121 ns, At safepoint: 38512 ns, Total: 494633 ns
[2020-08-12T20:36:16.111+0000][6][safepoint    ] Safepoint "Cleanup", Time since last: 1000463805 ns, Reaching safepoint: 673244 ns, At safepoint: 43563 ns, Total: 716807 ns
[2020-08-12T20:36:17.112+0000][6][safepoint    ] Safepoint "Cleanup", Time since last: 1000349318 ns, Reaching safepoint: 849981 ns, At safepoint: 42699 ns, Total: 892680 ns
[2020-08-12T20:36:18.114+0000][6][safepoint    ] Safepoint "Cleanup", Time since last: 1000348656 ns, Reaching safepoint: 857068 ns, At safepoint: 44149 ns, Total: 901217 ns
[2020-08-12T20:36:19.116+0000][6][safepoint    ] Safepoint "Cleanup", Time since last: 1002266890 ns, Reaching safepoint: 424971 ns, At safepoint: 23100 ns, Total: 448071 ns
[2020-08-12T20:36:20.886+0000][6][safepoint    ] Safepoint "Cleanup", Time since last: 1768786113 ns, Reaching safepoint: 590045 ns, At safepoint: 42862 ns, Total: 632907 ns
[2020-08-12T20:36:21.887+0000][6][safepoint    ] Safepoint "Cleanup", Time since last: 1000414581 ns, Reaching safepoint: 324109 ns, At safepoint: 16650 ns, Total: 340759 ns
[2020-08-12T20:36:22.888+0000][6][safepoint    ] Safepoint "Cleanup", Time since last: 1000237682 ns, Reaching safepoint: 867205 ns, At safepoint: 47175 ns, Total: 914380 ns
[2020-08-12T20:36:23.889+0000][6][safepoint    ] Safepoint "Cleanup", Time since last: 1000399931 ns, Reaching safepoint: 574732 ns, At safepoint: 53775 ns, Total: 628507 ns
[2020-08-12T20:36:25.050+0000][6][safepoint    ] Safepoint "Cleanup", Time since last: 1157662003 ns, Reaching safepoint: 3549782 ns, At safepoint: 29125 ns, Total: 3578907 ns
[2020-08-12T20:36:26.051+0000][6][safepoint    ] Safepoint "Cleanup", Time since last: 1000359693 ns, Reaching safepoint: 621557 ns, At safepoint: 44562 ns, Total: 666119 ns
[2020-08-12T20:36:27.052+0000][6][safepoint    ] Safepoint "Cleanup", Time since last: 1000341819 ns, Reaching safepoint: 645495 ns, At safepoint: 49724 ns, Total: 695219 ns
[2020-08-12T20:36:28.053+0000][6][safepoint    ] Safepoint "Cleanup", Time since last: 1000351756 ns, Reaching safepoint: 780719 ns, At safepoint: 43987 ns, Total: 824706 ns
[2020-08-12T20:36:29.054+0000][6][safepoint    ] Safepoint "Cleanup", Time since last: 1000484955 ns, Reaching safepoint: 443434 ns, At safepoint: 17537 ns, Total: 460971 ns
[2020-08-12T20:36:30.055+0000][6][safepoint    ] Safepoint "Cleanup", Time since last: 1000237695 ns, Reaching safepoint: 828205 ns, At safepoint: 47625 ns, Total: 875830 ns
[2020-08-12T20:36:31.056+0000][6][safepoint    ] Safepoint "Cleanup", Time since last: 1000341318 ns, Reaching safepoint: 827506 ns, At safepoint: 55624 ns, Total: 883130 ns
[2020-08-12T20:36:32.058+0000][6][safepoint    ] Safepoint "Cleanup", Time since last: 1000352231 ns, Reaching safepoint: 789918 ns, At safepoint: 49037 ns, Total: 838955 ns
[2020-08-12T20:36:33.059+0000][6][safepoint    ] Safepoint "Cleanup", Time since last: 1000505993 ns, Reaching safepoint: 493858 ns, At safepoint: 37200 ns, Total: 531058 ns
[2020-08-12T20:36:34.060+0000][6][safepoint    ] Safepoint "Cleanup", Time since last: 1000783665 ns, Reaching safepoint: 680844 ns, At safepoint: 37637 ns, Total: 718481 ns
[2020-08-12T20:36:35.961+0000][6][safepoint    ] Safepoint "Cleanup", Time since last: 1900046836 ns, Reaching safepoint: 454183 ns, At safepoint: 54537 ns, Total: 508720 ns
[2020-08-12T20:36:37.005+0000][6][safepoint    ] Safepoint "Cleanup", Time since last: 1042847888 ns, Reaching safepoint: 1164552 ns, At safepoint: 44463 ns, Total: 1209015 ns
[2020-08-12T20:36:38.006+0000][6][safepoint    ] Safepoint "Cleanup", Time since last: 1000394605 ns, Reaching safepoint: 877993 ns, At safepoint: 44399 ns, Total: 922392 ns
[2020-08-12T20:36:39.007+0000][6][safepoint    ] Safepoint "Cleanup", Time since last: 1000344969 ns, Reaching safepoint: 884205 ns, At safepoint: 43174 ns, Total: 927379 ns
[2020-08-12T20:36:40.886+0000][6][safepoint    ] Safepoint "Cleanup", Time since last: 1878138089 ns, Reaching safepoint: 499846 ns, At safepoint: 44462 ns, Total: 544308 ns
[2020-08-12T20:36:41.887+0000][6][safepoint    ] Safepoint "Cleanup", Time since last: 1000345181 ns, Reaching safepoint: 839081 ns, At safepoint: 42762 ns, Total: 881843 ns
[2020-08-12T20:36:42.889+0000][6][safepoint    ] Safepoint "Cleanup", Time since last: 1000451342 ns, Reaching safepoint: 880893 ns, At safepoint: 43637 ns, Total: 924530 ns
[2020-08-12T20:36:43.890+0000][6][safepoint    ] Safepoint "Cleanup", Time since last: 1000382218 ns, Reaching safepoint: 1085216 ns, At safepoint: 65737 ns, Total: 1150953 ns
[2020-08-12T20:36:45.025+0000][6][safepoint    ] Safepoint "Cleanup", Time since last: 1130200642 ns, Reaching safepoint: 4699621 ns, At safepoint: 59587 ns, Total: 4759208 ns
[2020-08-12T20:36:46.026+0000][6][safepoint    ] Safepoint "Cleanup", Time since last: 1000473493 ns, Reaching safepoint: 647044 ns, At safepoint: 43588 ns, Total: 690632 ns
[2020-08-12T20:36:47.027+0000][6][safepoint    ] Safepoint "Cleanup", Time since last: 1000338543 ns, Reaching safepoint: 576520 ns, At safepoint: 44375 ns, Total: 620895 ns
[2020-08-12T20:36:48.028+0000][6][safepoint    ] Safepoint "Cleanup", Time since last: 1000345144 ns, Reaching safepoint: 634744 ns, At safepoint: 43412 ns, Total: 678156 ns
[2020-08-12T20:36:49.029+0000][6][safepoint    ] Safepoint "Cleanup", Time since last: 1000342644 ns, Reaching safepoint: 449721 ns, At safepoint: 44687 ns, Total: 494408 ns
[2020-08-12T20:36:50.030+0000][6][safepoint    ] Safepoint "Cleanup", Time since last: 1000342194 ns, Reaching safepoint: 658094 ns, At safepoint: 51925 ns, Total: 710019 ns
[2020-08-12T20:36:51.031+0000][6][safepoint    ] Safepoint "Cleanup", Time since last: 1000344244 ns, Reaching safepoint: 672844 ns, At safepoint: 50162 ns, Total: 723006 ns
[2020-08-12T20:36:52.033+0000][6][safepoint    ] Safepoint "Cleanup", Time since last: 1000339606 ns, Reaching safepoint: 942805 ns, At safepoint: 62412 ns, Total: 1005217 ns
[2020-08-12T20:36:53.034+0000][6][safepoint    ] Safepoint "Cleanup", Time since last: 1000364943 ns, Reaching safepoint: 576770 ns, At safepoint: 41187 ns, Total: 617957 ns
[2020-08-12T20:36:54.034+0000][6][safepoint    ] Safepoint "Cleanup", Time since last: 1000298282 ns, Reaching safepoint: 381259 ns, At safepoint: 54525 ns, Total: 435784 ns
[2020-08-12T20:36:54.934+0000][6][safepoint    ] Safepoint "BulkRevokeBias", Time since last: 857635744 ns, Reaching safepoint: 1315876 ns, At safepoint: 41026869 ns, Total: 42342745 ns
[2020-08-12T20:36:55.998+0000][6][safepoint    ] Safepoint "Cleanup", Time since last: 1062572254 ns, Reaching safepoint: 619870 ns, At safepoint: 46087 ns, Total: 665957 ns
[2020-08-12T20:36:56.999+0000][6][safepoint    ] Safepoint "Cleanup", Time since last: 1000375956 ns, Reaching safepoint: 548058 ns, At safepoint: 43425 ns, Total: 591483 ns
[2020-08-12T20:36:58.000+0000][6][safepoint    ] Safepoint "Cleanup", Time since last: 1000395105 ns, Reaching safepoint: 641395 ns, At safepoint: 43574 ns, Total: 684969 ns
[2020-08-12T20:36:59.001+0000][6][safepoint    ] Safepoint "Cleanup", Time since last: 1000365894 ns, Reaching safepoint: 808630 ns, At safepoint: 53862 ns, Total: 862492 ns
[2020-08-12T20:37:00.889+0000][6][safepoint    ] Safepoint "Cleanup", Time since last: 1887312034 ns, Reaching safepoint: 882630 ns, At safepoint: 45075 ns, Total: 927705 ns
[2020-08-12T20:37:01.890+0000][6][safepoint    ] Safepoint "Cleanup", Time since last: 1000298594 ns, Reaching safepoint: 330134 ns, At safepoint: 15825 ns, Total: 345959 ns
[2020-08-12T20:37:02.895+0000][6][safepoint    ] Safepoint "Cleanup", Time since last: 1000245520 ns, Reaching safepoint: 5114206 ns, At safepoint: 54837 ns, Total: 5169043 ns
[2020-08-12T20:37:03.897+0000][6][safepoint    ] Safepoint "Cleanup", Time since last: 1000380268 ns, Reaching safepoint: 1006791 ns, At safepoint: 63175 ns, Total: 1069966 ns
[2020-08-12T20:37:04.989+0000][6][safepoint    ] Safepoint "Cleanup", Time since last: 1076174998 ns, Reaching safepoint: 16343446 ns, At safepoint: 29537 ns, Total: 16372983 ns
[2020-08-12T20:37:05.998+0000][6][safepoint    ] Safepoint "Cleanup", Time since last: 1007837341 ns, Reaching safepoint: 860518 ns, At safepoint: 107549 ns, Total: 968067 ns
[2020-08-12T20:37:07.000+0000][6][safepoint    ] Safepoint "Cleanup", Time since last: 1000529730 ns, Reaching safepoint: 1150565 ns, At safepoint: 56312 ns, Total: 1206877 ns
[2020-08-12T20:37:08.001+0000][6][safepoint    ] Safepoint "Cleanup", Time since last: 1000396993 ns, Reaching safepoint: 488683 ns, At safepoint: 37112 ns, Total: 525795 ns
[2020-08-12T20:37:09.001+0000][6][safepoint    ] Safepoint "Cleanup", Time since last: 1000266595 ns, Reaching safepoint: 370797 ns, At safepoint: 13499 ns, Total: 384296 ns
[2020-08-12T20:37:10.004+0000][6][safepoint    ] Safepoint "Cleanup", Time since last: 1001530209 ns, Reaching safepoint: 868730 ns, At safepoint: 42887 ns, Total: 911617 ns
[2020-08-12T20:37:11.005+0000][6][safepoint    ] Safepoint "Cleanup", Time since last: 1000454230 ns, Reaching safepoint: 894930 ns, At safepoint: 65175 ns, Total: 960105 ns
[2020-08-12T20:37:12.006+0000][6][safepoint    ] Safepoint "Cleanup", Time since last: 1000356369 ns, Reaching safepoint: 666556 ns, At safepoint: 43038 ns, Total: 709594 ns
[2020-08-12T20:37:13.007+0000][6][safepoint    ] Safepoint "Cleanup", Time since last: 1000345281 ns, Reaching safepoint: 756731 ns, At safepoint: 56849 ns, Total: 813580 ns
[2020-08-12T20:37:14.008+0000][6][safepoint    ] Safepoint "Cleanup", Time since last: 1000349106 ns, Reaching safepoint: 402034 ns, At safepoint: 43025 ns, Total: 445059 ns
[2020-08-12T20:37:15.094+0000][6][safepoint    ] Safepoint "Cleanup", Time since last: 1084520613 ns, Reaching safepoint: 922667 ns, At safepoint: 28325 ns, Total: 950992 ns
[2020-08-12T20:37:16.095+0000][6][safepoint    ] Safepoint "Cleanup", Time since last: 1000495980 ns, Reaching safepoint: 565257 ns, At safepoint: 43350 ns, Total: 608607 ns
[2020-08-12T20:37:17.096+0000][6][safepoint    ] Safepoint "Cleanup", Time since last: 1000398206 ns, Reaching safepoint: 593557 ns, At safepoint: 50425 ns, Total: 643982 ns
[2020-08-12T20:37:18.097+0000][6][safepoint    ] Safepoint "Cleanup", Time since last: 1000412555 ns, Reaching safepoint: 837855 ns, At safepoint: 44425 ns, Total: 882280 ns
[2020-08-12T20:37:19.098+0000][6][safepoint    ] Safepoint "Cleanup", Time since last: 1000319182 ns, Reaching safepoint: 314084 ns, At safepoint: 12100 ns, Total: 326184 ns
[2020-08-12T20:37:19.900+0000][6][safepoint    ] Safepoint "BulkRevokeBias", Time since last: 792758658 ns, Reaching safepoint: 648994 ns, At safepoint: 8515264 ns, Total: 9164258 ns
[2020-08-12T20:37:20.904+0000][6][safepoint    ] Safepoint "Cleanup", Time since last: 1003544578 ns, Reaching safepoint: 838731 ns, At safepoint: 57024 ns, Total: 895755 ns
[2020-08-12T20:37:21.905+0000][6][safepoint    ] Safepoint "Cleanup", Time since last: 1000368769 ns, Reaching safepoint: 570070 ns, At safepoint: 44224 ns, Total: 614294 ns
[2020-08-12T20:37:22.906+0000][6][safepoint    ] Safepoint "Cleanup", Time since last: 1000348082 ns, Reaching safepoint: 584470 ns, At safepoint: 44674 ns, Total: 629144 ns
[2020-08-12T20:37:23.907+0000][6][safepoint    ] Safepoint "Cleanup", Time since last: 1000347656 ns, Reaching safepoint: 650682 ns, At safepoint: 28413 ns, Total: 679095 ns
[2020-08-12T20:37:25.049+0000][6][safepoint    ] Safepoint "Cleanup", Time since last: 1080628684 ns, Reaching safepoint: 61517329 ns, At safepoint: 103661 ns, Total: 61620990 ns
[2020-08-12T20:37:26.051+0000][6][safepoint    ] Safepoint "Cleanup", Time since last: 1000507768 ns, Reaching safepoint: 685869 ns, At safepoint: 43762 ns, Total: 729631 ns
[2020-08-12T20:37:27.052+0000][6][safepoint    ] Safepoint "Cleanup", Time since last: 1000319006 ns, Reaching safepoint: 611908 ns, At safepoint: 43499 ns, Total: 655407 ns
[2020-08-12T20:37:28.053+0000][6][safepoint    ] Safepoint "Cleanup", Time since last: 1000404106 ns, Reaching safepoint: 866530 ns, At safepoint: 42687 ns, Total: 909217 ns
[2020-08-12T20:37:29.054+0000][6][safepoint    ] Safepoint "Cleanup", Time since last: 1000338244 ns, Reaching safepoint: 468746 ns, At safepoint: 24837 ns, Total: 493583 ns
[2020-08-12T20:37:30.055+0000][6][safepoint    ] Safepoint "Cleanup", Time since last: 1000283120 ns, Reaching safepoint: 769293 ns, At safepoint: 42637 ns, Total: 811930 ns
[2020-08-12T20:37:31.056+0000][6][safepoint    ] Safepoint "Cleanup", Time since last: 1000396443 ns, Reaching safepoint: 832780 ns, At safepoint: 67087 ns, Total: 899867 ns
[2020-08-12T20:37:32.057+0000][6][safepoint    ] Safepoint "Cleanup", Time since last: 1000367094 ns, Reaching safepoint: 673319 ns, At safepoint: 43237 ns, Total: 716556 ns
[2020-08-12T20:37:33.058+0000][6][safepoint    ] Safepoint "Cleanup", Time since last: 1000383006 ns, Reaching safepoint: 485683 ns, At safepoint: 43988 ns, Total: 529671 ns
[2020-08-12T20:37:34.059+0000][6][safepoint    ] Safepoint "Cleanup", Time since last: 1000288444 ns, Reaching safepoint: 268360 ns, At safepoint: 11637 ns, Total: 279997 ns
[2020-08-12T20:37:35.944+0000][6][safepoint    ] Safepoint "Cleanup", Time since last: 1884868506 ns, Reaching safepoint: 804805 ns, At safepoint: 38950 ns, Total: 843755 ns
[2020-08-12T20:37:37.135+0000][6][safepoint    ] Safepoint "Cleanup", Time since last: 1189857761 ns, Reaching safepoint: 665645 ns, At safepoint: 129649 ns, Total: 795294 ns
[2020-08-12T20:37:38.136+0000][6][safepoint    ] Safepoint "Cleanup", Time since last: 1000346931 ns, Reaching safepoint: 871530 ns, At safepoint: 45712 ns, Total: 917242 ns
[2020-08-12T20:37:39.137+0000][6][safepoint    ] Safepoint "Cleanup", Time since last: 1000341969 ns, Reaching safepoint: 860692 ns, At safepoint: 43012 ns, Total: 903704 ns
[2020-08-12T20:37:40.892+0000][6][safepoint    ] Safepoint "Cleanup", Time since last: 1753701694 ns, Reaching safepoint: 666869 ns, At safepoint: 101274 ns, Total: 768143 ns
[2020-08-12T20:37:41.893+0000][6][safepoint    ] Safepoint "Cleanup", Time since last: 1000359456 ns, Reaching safepoint: 719806 ns, At safepoint: 43700 ns, Total: 763506 ns
[2020-08-12T20:37:42.894+0000][6][safepoint    ] Safepoint "Cleanup", Time since last: 1000345806 ns, Reaching safepoint: 643282 ns, At safepoint: 51325 ns, Total: 694607 ns
[2020-08-12T20:37:43.895+0000][6][safepoint    ] Safepoint "Cleanup", Time since last: 1000304344 ns, Reaching safepoint: 430946 ns, At safepoint: 46437 ns, Total: 477383 ns
[2020-08-12T20:37:45.003+0000][6][safepoint    ] Safepoint "Cleanup", Time since last: 1107400053 ns, Reaching safepoint: 526957 ns, At safepoint: 105662 ns, Total: 632619 ns
[2020-08-12T20:37:46.004+0000][6][safepoint    ] Safepoint "Cleanup", Time since last: 1000466030 ns, Reaching safepoint: 659782 ns, At safepoint: 45050 ns, Total: 704832 ns
[2020-08-12T20:37:47.005+0000][6][safepoint    ] Safepoint "Cleanup", Time since last: 1000343681 ns, Reaching safepoint: 688819 ns, At safepoint: 43287 ns, Total: 732106 ns
[2020-08-12T20:37:48.006+0000][6][safepoint    ] Safepoint "Cleanup", Time since last: 1000346569 ns, Reaching safepoint: 775831 ns, At safepoint: 45037 ns, Total: 820868 ns
[2020-08-12T20:37:49.007+0000][6][safepoint    ] Safepoint "Cleanup", Time since last: 1000291169 ns, Reaching safepoint: 767418 ns, At safepoint: 78725 ns, Total: 846143 ns
[2020-08-12T20:37:50.009+0000][6][safepoint    ] Safepoint "Cleanup", Time since last: 1000345593 ns, Reaching safepoint: 643982 ns, At safepoint: 43487 ns, Total: 687469 ns
[2020-08-12T20:37:51.010+0000][6][safepoint    ] Safepoint "Cleanup", Time since last: 1000391819 ns, Reaching safepoint: 770768 ns, At safepoint: 43312 ns, Total: 814080 ns
[2020-08-12T20:37:52.011+0000][6][safepoint    ] Safepoint "Cleanup", Time since last: 1000383994 ns, Reaching safepoint: 1031353 ns, At safepoint: 43300 ns, Total: 1074653 ns
[2020-08-12T20:37:53.044+0000][6][safepoint    ] Safepoint "Cleanup", Time since last: 1000298119 ns, Reaching safepoint: 32570330 ns, At safepoint: 28150 ns, Total: 32598480 ns
[2020-08-12T20:37:54.045+0000][6][safepoint    ] Safepoint "Cleanup", Time since last: 1000158145 ns, Reaching safepoint: 742569 ns, At safepoint: 23624 ns, Total: 766193 ns
[2020-08-12T20:37:55.124+0000][6][safepoint    ] Safepoint "Cleanup", Time since last: 1078139519 ns, Reaching safepoint: 585345 ns, At safepoint: 28112 ns, Total: 613457 ns
[2020-08-12T20:37:56.125+0000][6][safepoint    ] Safepoint "Cleanup", Time since last: 1000385031 ns, Reaching safepoint: 865755 ns, At safepoint: 43262 ns, Total: 909017 ns
[2020-08-12T20:37:57.126+0000][6][safepoint    ] Safepoint "Cleanup", Time since last: 1000297844 ns, Reaching safepoint: 360697 ns, At safepoint: 17350 ns, Total: 378047 ns
[2020-08-12T20:37:58.127+0000][6][safepoint    ] Safepoint "Cleanup", Time since last: 1000249782 ns, Reaching safepoint: 851493 ns, At safepoint: 112436 ns, Total: 963929 ns
[2020-08-12T20:37:59.128+0000][6][safepoint    ] Safepoint "Cleanup", Time since last: 1000390019 ns, Reaching safepoint: 664619 ns, At safepoint: 25475 ns, Total: 690094 ns
[2020-08-12T20:38:00.895+0000][6][safepoint    ] Safepoint "Cleanup", Time since last: 1765942499 ns, Reaching safepoint: 1449788 ns, At safepoint: 47224 ns, Total: 1497012 ns
[2020-08-12T20:38:01.897+0000][6][safepoint    ] Safepoint "Cleanup", Time since last: 1000342907 ns, Reaching safepoint: 771056 ns, At safepoint: 37462 ns, Total: 808518 ns
[2020-08-12T20:38:02.898+0000][6][safepoint    ] Safepoint "Cleanup", Time since last: 1000399131 ns, Reaching safepoint: 928454 ns, At safepoint: 44862 ns, Total: 973316 ns
[2020-08-12T20:38:03.899+0000][6][safepoint    ] Safepoint "Cleanup", Time since last: 1000339981 ns, Reaching safepoint: 1099316 ns, At safepoint: 54174 ns, Total: 1153490 ns
[2020-08-12T20:38:04.983+0000][6][safepoint    ] Safepoint "BulkRevokeBias", Time since last: 1076344997 ns, Reaching safepoint: 5726750 ns, At safepoint: 1174103 ns, Total: 6900853 ns
[2020-08-12T20:38:05.983+0000][6][safepoint    ] Safepoint "Cleanup", Time since last: 1000240382 ns, Reaching safepoint: 514233 ns, At safepoint: 19887 ns, Total: 534120 ns
[2020-08-12T20:38:07.046+0000][6][safepoint    ] Safepoint "Cleanup", Time since last: 1057047977 ns, Reaching safepoint: 5358991 ns, At safepoint: 47850 ns, Total: 5406841 ns
[2020-08-12T20:38:08.047+0000][6][safepoint    ] Safepoint "Cleanup", Time since last: 1000221507 ns, Reaching safepoint: 405446 ns, At safepoint: 21738 ns, Total: 427184 ns
[2020-08-12T20:38:09.048+0000][6][safepoint    ] Safepoint "Cleanup", Time since last: 1000353481 ns, Reaching safepoint: 1136527 ns, At safepoint: 65025 ns, Total: 1201552 ns
[2020-08-12T20:38:10.049+0000][6][safepoint    ] Safepoint "Cleanup", Time since last: 1000342981 ns, Reaching safepoint: 914105 ns, At safepoint: 43462 ns, Total: 957567 ns
[2020-08-12T20:38:11.051+0000][6][safepoint    ] Safepoint "Cleanup", Time since last: 1000348056 ns, Reaching safepoint: 871905 ns, At safepoint: 43575 ns, Total: 915480 ns
[2020-08-12T20:38:12.052+0000][6][safepoint    ] Safepoint "Cleanup", Time since last: 1000371156 ns, Reaching safepoint: 702081 ns, At safepoint: 56187 ns, Total: 758268 ns
[2020-08-12T20:38:13.053+0000][6][safepoint    ] Safepoint "Cleanup", Time since last: 1000404381 ns, Reaching safepoint: 839818 ns, At safepoint: 49662 ns, Total: 889480 ns
[2020-08-12T20:38:14.054+0000][6][safepoint    ] Safepoint "Cleanup", Time since last: 1000277807 ns, Reaching safepoint: 325797 ns, At safepoint: 11937 ns, Total: 337734 ns
[2020-08-12T20:38:15.082+0000][6][safepoint    ] Safepoint "Cleanup", Time since last: 1017325572 ns, Reaching safepoint: 10986542 ns, At safepoint: 30949 ns, Total: 11017491 ns
[2020-08-12T20:38:16.083+0000][6][safepoint    ] Safepoint "Cleanup", Time since last: 1000327857 ns, Reaching safepoint: 699106 ns, At safepoint: 43412 ns, Total: 742518 ns
[2020-08-12T20:38:17.084+0000][6][safepoint    ] Safepoint "Cleanup", Time since last: 1000322820 ns, Reaching safepoint: 720806 ns, At safepoint: 53874 ns, Total: 774680 ns
[2020-08-12T20:38:18.085+0000][6][safepoint    ] Safepoint "Cleanup", Time since last: 1000349994 ns, Reaching safepoint: 644219 ns, At safepoint: 45500 ns, Total: 689719 ns
[2020-08-12T20:38:19.086+0000][6][safepoint    ] Safepoint "Cleanup", Time since last: 1000361494 ns, Reaching safepoint: 488270 ns, At safepoint: 42662 ns, Total: 530932 ns
[2020-08-12T20:38:20.899+0000][6][safepoint    ] Safepoint "Cleanup", Time since last: 1812066525 ns, Reaching safepoint: 823630 ns, At safepoint: 46312 ns, Total: 869942 ns
[2020-08-12T20:38:21.900+0000][6][safepoint    ] Safepoint "Cleanup", Time since last: 1000373131 ns, Reaching safepoint: 540933 ns, At safepoint: 43037 ns, Total: 583970 ns
[2020-08-12T20:38:22.902+0000][6][safepoint    ] Safepoint "Cleanup", Time since last: 1000334119 ns, Reaching safepoint: 1029766 ns, At safepoint: 57862 ns, Total: 1087628 ns
[2020-08-12T20:38:23.903+0000][6][safepoint    ] Safepoint "Cleanup", Time since last: 1000430856 ns, Reaching safepoint: 645394 ns, At safepoint: 53850 ns, Total: 699244 ns
[2020-08-12T20:38:25.007+0000][6][safepoint    ] Safepoint "Cleanup", Time since last: 1103811383 ns, Reaching safepoint: 655319 ns, At safepoint: 37038 ns, Total: 692357 ns
[2020-08-12T20:38:26.008+0000][6][safepoint    ] Safepoint "Cleanup", Time since last: 1000596841 ns, Reaching safepoint: 545670 ns, At safepoint: 38175 ns, Total: 583845 ns
[2020-08-12T20:38:27.009+0000][6][safepoint    ] Safepoint "Cleanup", Time since last: 1000307032 ns, Reaching safepoint: 448859 ns, At safepoint: 33049 ns, Total: 481908 ns
[2020-08-12T20:38:28.010+0000][6][safepoint    ] Safepoint "Cleanup", Time since last: 1000322269 ns, Reaching safepoint: 683607 ns, At safepoint: 50499 ns, Total: 734106 ns
[2020-08-12T20:38:29.011+0000][6][safepoint    ] Safepoint "Cleanup", Time since last: 1000295444 ns, Reaching safepoint: 785481 ns, At safepoint: 43662 ns, Total: 829143 ns
[2020-08-12T20:38:30.012+0000][6][safepoint    ] Safepoint "Cleanup", Time since last: 1000311107 ns, Reaching safepoint: 577257 ns, At safepoint: 43900 ns, Total: 621157 ns
[2020-08-12T20:38:31.013+0000][6][safepoint    ] Safepoint "Cleanup", Time since last: 1000350969 ns, Reaching safepoint: 646719 ns, At safepoint: 50737 ns, Total: 697456 ns
[2020-08-12T20:38:32.014+0000][6][safepoint    ] Safepoint "Cleanup", Time since last: 1000318719 ns, Reaching safepoint: 535808 ns, At safepoint: 52449 ns, Total: 588257 ns
[2020-08-12T20:38:33.015+0000][6][safepoint    ] Safepoint "Cleanup", Time since last: 1000345232 ns, Reaching safepoint: 682519 ns, At safepoint: 44587 ns, Total: 727106 ns
[2020-08-12T20:38:34.016+0000][6][safepoint    ] Safepoint "Cleanup", Time since last: 1000286532 ns, Reaching safepoint: 625044 ns, At safepoint: 73362 ns, Total: 698406 ns
[2020-08-12T20:38:35.127+0000][6][safepoint    ] Safepoint "Cleanup", Time since last: 1110059629 ns, Reaching safepoint: 384984 ns, At safepoint: 16213 ns, Total: 401197 ns
[2020-08-12T20:38:37.038+0000][6][safepoint    ] Safepoint "Cleanup", Time since last: 1910072736 ns, Reaching safepoint: 724706 ns, At safepoint: 53525 ns, Total: 778231 ns
[2020-08-12T20:38:38.039+0000][6][safepoint    ] Safepoint "Cleanup", Time since last: 1000384669 ns, Reaching safepoint: 768830 ns, At safepoint: 42700 ns, Total: 811530 ns
[2020-08-12T20:38:39.040+0000][6][safepoint    ] Safepoint "Cleanup", Time since last: 1000389081 ns, Reaching safepoint: 1153765 ns, At safepoint: 57512 ns, Total: 1211277 ns
[2020-08-12T20:38:40.900+0000][6][safepoint    ] Safepoint "Cleanup", Time since last: 1859049829 ns, Reaching safepoint: 783568 ns, At safepoint: 56162 ns, Total: 839730 ns
[2020-08-12T20:38:41.901+0000][6][safepoint    ] Safepoint "Cleanup", Time since last: 1000331744 ns, Reaching safepoint: 543933 ns, At safepoint: 33537 ns, Total: 577470 ns
[2020-08-12T20:38:42.902+0000][6][safepoint    ] Safepoint "Cleanup", Time since last: 1000323832 ns, Reaching safepoint: 647394 ns, At safepoint: 50062 ns, Total: 697456 ns
[2020-08-12T20:38:43.903+0000][6][safepoint    ] Safepoint "Cleanup", Time since last: 1000350706 ns, Reaching safepoint: 664507 ns, At safepoint: 53749 ns, Total: 718256 ns
[2020-08-12T20:38:45.020+0000][6][safepoint    ] Safepoint "Cleanup", Time since last: 1116089902 ns, Reaching safepoint: 430747 ns, At safepoint: 18062 ns, Total: 448809 ns
[2020-08-12T20:38:46.021+0000][6][safepoint    ] Safepoint "Cleanup", Time since last: 1000437506 ns, Reaching safepoint: 536107 ns, At safepoint: 42937 ns, Total: 579044 ns
[2020-08-12T20:38:47.022+0000][6][safepoint    ] Safepoint "Cleanup", Time since last: 1000392356 ns, Reaching safepoint: 831655 ns, At safepoint: 43250 ns, Total: 874905 ns
[2020-08-12T20:38:48.023+0000][6][safepoint    ] Safepoint "Cleanup", Time since last: 1000309257 ns, Reaching safepoint: 469433 ns, At safepoint: 51600 ns, Total: 521033 ns
[2020-08-12T20:38:49.024+0000][6][safepoint    ] Safepoint "Cleanup", Time since last: 1000213495 ns, Reaching safepoint: 519082 ns, At safepoint: 19200 ns, Total: 538282 ns
[2020-08-12T20:38:50.025+0000][6][safepoint    ] Safepoint "Cleanup", Time since last: 1000322182 ns, Reaching safepoint: 767243 ns, At safepoint: 42737 ns, Total: 809980 ns
[2020-08-12T20:38:51.026+0000][6][safepoint    ] Safepoint "Cleanup", Time since last: 1000396994 ns, Reaching safepoint: 816805 ns, At safepoint: 44050 ns, Total: 860855 ns
[2020-08-12T20:38:52.027+0000][6][safepoint    ] Safepoint "Cleanup", Time since last: 1000340218 ns, Reaching safepoint: 729982 ns, At safepoint: 29437 ns, Total: 759419 ns
[2020-08-12T20:38:53.028+0000][6][safepoint    ] Safepoint "Cleanup", Time since last: 1000261669 ns, Reaching safepoint: 685832 ns, At safepoint: 51687 ns, Total: 737519 ns
[2020-08-12T20:38:54.846+0000][6][safepoint    ] Safepoint "Cleanup", Time since last: 1817088068 ns, Reaching safepoint: 722032 ns, At safepoint: 31937 ns, Total: 753969 ns
[2020-08-12T20:38:54.901+0000][6][safepoint    ] Safepoint "BulkRevokeBias", Time since last: 51971961 ns, Reaching safepoint: 707994 ns, At safepoint: 1922296 ns, Total: 2630290 ns
[2020-08-12T20:38:56.089+0000][6][safepoint    ] Safepoint "Cleanup", Time since last: 1187998003 ns, Reaching safepoint: 706231 ns, At safepoint: 44012 ns, Total: 750243 ns
[2020-08-12T20:38:57.090+0000][6][safepoint    ] Safepoint "Cleanup", Time since last: 1000347069 ns, Reaching safepoint: 612845 ns, At safepoint: 43074 ns, Total: 655919 ns
[2020-08-12T20:38:58.092+0000][6][safepoint    ] Safepoint "Cleanup", Time since last: 1000349419 ns, Reaching safepoint: 927492 ns, At safepoint: 43400 ns, Total: 970892 ns
[2020-08-12T20:38:59.092+0000][6][safepoint    ] Safepoint "Cleanup", Time since last: 1000279931 ns, Reaching safepoint: 316285 ns, At safepoint: 23662 ns, Total: 339947 ns
[2020-08-12T20:39:00.901+0000][6][safepoint    ] Safepoint "Cleanup", Time since last: 1808041122 ns, Reaching safepoint: 841480 ns, At safepoint: 43200 ns, Total: 884680 ns
[2020-08-12T20:39:01.902+0000][6][safepoint    ] Safepoint "Cleanup", Time since last: 1000318469 ns, Reaching safepoint: 601857 ns, At safepoint: 30150 ns, Total: 632007 ns
[2020-08-12T20:39:02.903+0000][6][safepoint    ] Safepoint "Cleanup", Time since last: 1000296019 ns, Reaching safepoint: 847693 ns, At safepoint: 42587 ns, Total: 890280 ns
[2020-08-12T20:39:03.904+0000][6][safepoint    ] Safepoint "Cleanup", Time since last: 1000300057 ns, Reaching safepoint: 672144 ns, At safepoint: 26250 ns, Total: 698394 ns
[2020-08-12T20:39:04.906+0000][6][safepoint    ] Safepoint "Cleanup", Time since last: 1000665953 ns, Reaching safepoint: 578745 ns, At safepoint: 29075 ns, Total: 607820 ns
[2020-08-12T20:39:06.001+0000][6][safepoint    ] Safepoint "Cleanup", Time since last: 1094936385 ns, Reaching safepoint: 373572 ns, At safepoint: 11238 ns, Total: 384810 ns
[2020-08-12T20:39:07.015+0000][6][safepoint    ] Safepoint "Cleanup", Time since last: 1012555162 ns, Reaching safepoint: 1323651 ns, At safepoint: 86262 ns, Total: 1409913 ns
[2020-08-12T20:39:08.016+0000][6][safepoint    ] Safepoint "Cleanup", Time since last: 1000337794 ns, Reaching safepoint: 848668 ns, At safepoint: 43262 ns, Total: 891930 ns
[2020-08-12T20:39:09.017+0000][6][safepoint    ] Safepoint "Cleanup", Time since last: 1000345693 ns, Reaching safepoint: 665095 ns, At safepoint: 55487 ns, Total: 720582 ns
[2020-08-12T20:39:10.018+0000][6][safepoint    ] Safepoint "Cleanup", Time since last: 1000293957 ns, Reaching safepoint: 818430 ns, At safepoint: 44587 ns, Total: 863017 ns
[2020-08-12T20:39:11.019+0000][6][safepoint    ] Safepoint "Cleanup", Time since last: 1000343344 ns, Reaching safepoint: 659094 ns, At safepoint: 45162 ns, Total: 704256 ns
[2020-08-12T20:39:12.021+0000][6][safepoint    ] Safepoint "Cleanup", Time since last: 1001131737 ns, Reaching safepoint: 656082 ns, At safepoint: 43650 ns, Total: 699732 ns
[2020-08-12T20:39:13.022+0000][6][safepoint    ] Safepoint "Cleanup", Time since last: 1000338481 ns, Reaching safepoint: 645819 ns, At safepoint: 51662 ns, Total: 697481 ns
[2020-08-12T20:39:14.023+0000][6][safepoint    ] Safepoint "Cleanup", Time since last: 1000331444 ns, Reaching safepoint: 592207 ns, At safepoint: 73450 ns, Total: 665657 ns
[2020-08-12T20:39:15.972+0000][6][safepoint    ] Safepoint "Cleanup", Time since last: 1947805371 ns, Reaching safepoint: 644345 ns, At safepoint: 51249 ns, Total: 695594 ns
[2020-08-12T20:39:16.973+0000][6][safepoint    ] Safepoint "Cleanup", Time since last: 1000547017 ns, Reaching safepoint: 501833 ns, At safepoint: 28100 ns, Total: 529933 ns
[2020-08-12T20:39:17.974+0000][6][safepoint    ] Safepoint "Cleanup", Time since last: 1000404318 ns, Reaching safepoint: 587333 ns, At safepoint: 96624 ns, Total: 683957 ns
[2020-08-12T20:39:18.975+0000][6][safepoint    ] Safepoint "Cleanup", Time since last: 1000306107 ns, Reaching safepoint: 608057 ns, At safepoint: 112474 ns, Total: 720531 ns
[2020-08-12T20:39:20.904+0000][6][safepoint    ] Safepoint "Cleanup", Time since last: 1928248379 ns, Reaching safepoint: 624344 ns, At safepoint: 117887 ns, Total: 742231 ns
[2020-08-12T20:39:21.905+0000][6][safepoint    ] Safepoint "Cleanup", Time since last: 1000348343 ns, Reaching safepoint: 437897 ns, At safepoint: 33024 ns, Total: 470921 ns
[2020-08-12T20:39:22.906+0000][6][safepoint    ] Safepoint "Cleanup", Time since last: 1000355457 ns, Reaching safepoint: 860867 ns, At safepoint: 45562 ns, Total: 906429 ns
[2020-08-12T20:39:23.907+0000][6][safepoint    ] Safepoint "Cleanup", Time since last: 1000314432 ns, Reaching safepoint: 783668 ns, At safepoint: 33225 ns, Total: 816893 ns
[2020-08-12T20:39:25.004+0000][6][safepoint    ] Safepoint "Cleanup", Time since last: 1096535871 ns, Reaching safepoint: 465971 ns, At safepoint: 23300 ns, Total: 489271 ns
[2020-08-12T20:39:26.005+0000][6][safepoint    ] Safepoint "Cleanup", Time since last: 1000334556 ns, Reaching safepoint: 819768 ns, At safepoint: 46337 ns, Total: 866105 ns
[2020-08-12T20:39:27.007+0000][6][safepoint    ] Safepoint "Cleanup", Time since last: 1000341669 ns, Reaching safepoint: 728344 ns, At safepoint: 73362 ns, Total: 801706 ns
[2020-08-12T20:39:28.008+0000][6][safepoint    ] Safepoint "Cleanup", Time since last: 1000448330 ns, Reaching safepoint: 557020 ns, At safepoint: 43512 ns, Total: 600532 ns
[2020-08-12T20:39:29.008+0000][6][safepoint    ] Safepoint "Cleanup", Time since last: 1000307232 ns, Reaching safepoint: 589345 ns, At safepoint: 24025 ns, Total: 613370 ns
[2020-08-12T20:39:30.009+0000][6][safepoint    ] Safepoint "Cleanup", Time since last: 1000233107 ns, Reaching safepoint: 644494 ns, At safepoint: 42687 ns, Total: 687181 ns
[2020-08-12T20:39:31.010+0000][6][safepoint    ] Safepoint "Cleanup", Time since last: 1000341044 ns, Reaching safepoint: 603557 ns, At safepoint: 43775 ns, Total: 647332 ns
[2020-08-12T20:39:32.011+0000][6][safepoint    ] Safepoint "Cleanup", Time since last: 1000335244 ns, Reaching safepoint: 516633 ns, At safepoint: 43474 ns, Total: 560107 ns
[2020-08-12T20:39:33.013+0000][6][safepoint    ] Safepoint "Cleanup", Time since last: 1000347932 ns, Reaching safepoint: 823393 ns, At safepoint: 42924 ns, Total: 866317 ns
[2020-08-12T20:39:34.013+0000][6][safepoint    ] Safepoint "Cleanup", Time since last: 1000291419 ns, Reaching safepoint: 351922 ns, At safepoint: 15988 ns, Total: 367910 ns
[2020-08-12T20:39:36.010+0000][6][safepoint    ] Safepoint "Cleanup", Time since last: 1995881592 ns, Reaching safepoint: 932916 ns, At safepoint: 28338 ns, Total: 961254 ns
[2020-08-12T20:39:37.024+0000][6][safepoint    ] Safepoint "Cleanup", Time since last: 1013567191 ns, Reaching safepoint: 857943 ns, At safepoint: 54649 ns, Total: 912592 ns
[2020-08-12T20:39:38.026+0000][6][safepoint    ] Safepoint "Cleanup", Time since last: 1000457181 ns, Reaching safepoint: 653956 ns, At safepoint: 44488 ns, Total: 698444 ns
[2020-08-12T20:39:39.026+0000][6][safepoint    ] Safepoint "Cleanup", Time since last: 1000327668 ns, Reaching safepoint: 415072 ns, At safepoint: 14350 ns, Total: 429422 ns
[2020-08-12T20:39:40.909+0000][6][safepoint    ] Safepoint "Cleanup", Time since last: 1881872894 ns, Reaching safepoint: 571732 ns, At safepoint: 145799 ns, Total: 717531 ns
[2020-08-12T20:39:41.910+0000][6][safepoint    ] Safepoint "Cleanup", Time since last: 1000389131 ns, Reaching safepoint: 714543 ns, At safepoint: 44975 ns, Total: 759518 ns
[2020-08-12T20:39:42.911+0000][6][safepoint    ] Safepoint "Cleanup", Time since last: 1000343494 ns, Reaching safepoint: 655994 ns, At safepoint: 52875 ns, Total: 708869 ns
[2020-08-12T20:39:43.912+0000][6][safepoint    ] Safepoint "Cleanup", Time since last: 1000296569 ns, Reaching safepoint: 630207 ns, At safepoint: 29462 ns, Total: 659669 ns
[2020-08-12T20:39:45.010+0000][6][safepoint    ] Safepoint "Cleanup", Time since last: 1097816023 ns, Reaching safepoint: 297422 ns, At safepoint: 19500 ns, Total: 316922 ns
[2020-08-12T20:39:46.011+0000][6][safepoint    ] Safepoint "Cleanup", Time since last: 1000333594 ns, Reaching safepoint: 638095 ns, At safepoint: 45512 ns, Total: 683607 ns
[2020-08-12T20:39:47.012+0000][6][safepoint    ] Safepoint "Cleanup", Time since last: 1000302756 ns, Reaching safepoint: 335447 ns, At safepoint: 22938 ns, Total: 358385 ns
[2020-08-12T20:39:48.013+0000][6][safepoint    ] Safepoint "Cleanup", Time since last: 1000278644 ns, Reaching safepoint: 677657 ns, At safepoint: 44974 ns, Total: 722631 ns
[2020-08-12T20:39:49.014+0000][6][safepoint    ] Safepoint "Cleanup", Time since last: 1000320144 ns, Reaching safepoint: 882168 ns, At safepoint: 47512 ns, Total: 929680 ns
[2020-08-12T20:39:50.015+0000][6][safepoint    ] Safepoint "Cleanup", Time since last: 1000323744 ns, Reaching safepoint: 640944 ns, At safepoint: 43838 ns, Total: 684782 ns
[2020-08-12T20:39:51.016+0000][6][safepoint    ] Safepoint "Cleanup", Time since last: 1000301681 ns, Reaching safepoint: 545645 ns, At safepoint: 35337 ns, Total: 580982 ns
[2020-08-12T20:39:52.017+0000][6][safepoint    ] Safepoint "Cleanup", Time since last: 1000299269 ns, Reaching safepoint: 650857 ns, At safepoint: 44712 ns, Total: 695569 ns
[2020-08-12T20:39:53.018+0000][6][safepoint    ] Safepoint "Cleanup", Time since last: 1000344794 ns, Reaching safepoint: 669182 ns, At safepoint: 44950 ns, Total: 714132 ns
[2020-08-12T20:39:54.019+0000][6][safepoint    ] Safepoint "Cleanup", Time since last: 1000286569 ns, Reaching safepoint: 666156 ns, At safepoint: 23313 ns, Total: 689469 ns
[2020-08-12T20:39:55.974+0000][6][safepoint    ] Safepoint "Cleanup", Time since last: 1953909631 ns, Reaching safepoint: 805455 ns, At safepoint: 93537 ns, Total: 898992 ns
[2020-08-12T20:39:56.975+0000][6][safepoint    ] Safepoint "Cleanup", Time since last: 1000301532 ns, Reaching safepoint: 356222 ns, At safepoint: 18324 ns, Total: 374546 ns
[2020-08-12T20:39:57.976+0000][6][safepoint    ] Safepoint "Cleanup", Time since last: 1000288782 ns, Reaching safepoint: 767944 ns, At safepoint: 42712 ns, Total: 810656 ns
[2020-08-12T20:39:58.977+0000][6][safepoint    ] Safepoint "Cleanup", Time since last: 1000382468 ns, Reaching safepoint: 1177365 ns, At safepoint: 54924 ns, Total: 1232289 ns
[2020-08-12T20:39:59.910+0000][6][safepoint    ] Safepoint "BulkRevokeBias", Time since last: 928911102 ns, Reaching safepoint: 821668 ns, At safepoint: 2461341 ns, Total: 3283009 ns
[2020-08-12T20:40:00.918+0000][6][safepoint    ] Safepoint "Cleanup", Time since last: 1007455419 ns, Reaching safepoint: 736531 ns, At safepoint: 43462 ns, Total: 779993 ns
[2020-08-12T20:40:01.919+0000][6][safepoint    ] Safepoint "Cleanup", Time since last: 1000404481 ns, Reaching safepoint: 802418 ns, At safepoint: 43087 ns, Total: 845505 ns
[2020-08-12T20:40:02.920+0000][6][safepoint    ] Safepoint "Cleanup", Time since last: 1000429368 ns, Reaching safepoint: 791119 ns, At safepoint: 43437 ns, Total: 834556 ns
[2020-08-12T20:40:03.921+0000][6][safepoint    ] Safepoint "Cleanup", Time since last: 1000309744 ns, Reaching safepoint: 796605 ns, At safepoint: 35138 ns, Total: 831743 ns
[2020-08-12T20:40:04.922+0000][6][safepoint    ] Safepoint "Cleanup", Time since last: 1000272994 ns, Reaching safepoint: 423534 ns, At safepoint: 27299 ns, Total: 450833 ns
[2020-08-12T20:40:06.066+0000][6][safepoint    ] Safepoint "Cleanup", Time since last: 1142941969 ns, Reaching safepoint: 525433 ns, At safepoint: 23325 ns, Total: 548758 ns
[2020-08-12T20:40:07.140+0000][6][safepoint    ] Safepoint "Cleanup", Time since last: 1073198012 ns, Reaching safepoint: 715756 ns, At safepoint: 32650 ns, Total: 748406 ns
[2020-08-12T20:40:08.141+0000][6][safepoint    ] Safepoint "Cleanup", Time since last: 1000222119 ns, Reaching safepoint: 721569 ns, At safepoint: 74149 ns, Total: 795718 ns
[2020-08-12T20:40:09.141+0000][6][safepoint    ] Safepoint "Cleanup", Time since last: 1000281370 ns, Reaching safepoint: 262010 ns, At safepoint: 11687 ns, Total: 273697 ns
[2020-08-12T20:40:10.142+0000][6][safepoint    ] Safepoint "Cleanup", Time since last: 1000223195 ns, Reaching safepoint: 661895 ns, At safepoint: 43849 ns, Total: 705744 ns
[2020-08-12T20:40:11.143+0000][6][safepoint    ] Safepoint "Cleanup", Time since last: 1000361106 ns, Reaching safepoint: 646432 ns, At safepoint: 43250 ns, Total: 689682 ns
[2020-08-12T20:40:12.144+0000][6][safepoint    ] Safepoint "Cleanup", Time since last: 1000310369 ns, Reaching safepoint: 409971 ns, At safepoint: 90437 ns, Total: 500408 ns
[2020-08-12T20:40:13.145+0000][6][safepoint    ] Safepoint "Cleanup", Time since last: 1000273357 ns, Reaching safepoint: 599557 ns, At safepoint: 100349 ns, Total: 699906 ns
[2020-08-12T20:40:14.146+0000][6][safepoint    ] Safepoint "Cleanup", Time since last: 1000281007 ns, Reaching safepoint: 436209 ns, At safepoint: 74112 ns, Total: 510321 ns
[2020-08-12T20:40:15.468+0000][6][safepoint    ] Safepoint "Cleanup", Time since last: 1322110614 ns, Reaching safepoint: 462046 ns, At safepoint: 17924 ns, Total: 479970 ns
[2020-08-12T20:40:16.489+0000][6][safepoint    ] Safepoint "Cleanup", Time since last: 1000320957 ns, Reaching safepoint: 20285861 ns, At safepoint: 48163 ns, Total: 20334024 ns
[2020-08-12T20:40:17.490+0000][6][safepoint    ] Safepoint "Cleanup", Time since last: 1000320518 ns, Reaching safepoint: 631682 ns, At safepoint: 46575 ns, Total: 678257 ns
[2020-08-12T20:40:18.491+0000][6][safepoint    ] Safepoint "Cleanup", Time since last: 1000426893 ns, Reaching safepoint: 681532 ns, At safepoint: 45462 ns, Total: 726994 ns
[2020-08-12T20:40:19.492+0000][6][safepoint    ] Safepoint "Cleanup", Time since last: 1000432768 ns, Reaching safepoint: 551958 ns, At safepoint: 44099 ns, Total: 596057 ns
[2020-08-12T20:40:20.915+0000][6][safepoint    ] Safepoint "Cleanup", Time since last: 1422757741 ns, Reaching safepoint: 464333 ns, At safepoint: 30187 ns, Total: 494520 ns
[2020-08-12T20:40:21.916+0000][6][safepoint    ] Safepoint "Cleanup", Time since last: 1000245757 ns, Reaching safepoint: 346397 ns, At safepoint: 19450 ns, Total: 365847 ns
[2020-08-12T20:40:22.917+0000][6][safepoint    ] Safepoint "Cleanup", Time since last: 1000256995 ns, Reaching safepoint: 554483 ns, At safepoint: 99786 ns, Total: 654269 ns
[2020-08-12T20:40:23.918+0000][6][safepoint    ] Safepoint "Cleanup", Time since last: 1000352644 ns, Reaching safepoint: 680932 ns, At safepoint: 56087 ns, Total: 737019 ns
[2020-08-12T20:40:25.551+0000][6][safepoint    ] Safepoint "Cleanup", Time since last: 1632427120 ns, Reaching safepoint: 381110 ns, At safepoint: 16462 ns, Total: 397572 ns
[2020-08-12T20:40:26.552+0000][6][safepoint    ] Safepoint "Cleanup", Time since last: 1000356644 ns, Reaching safepoint: 837880 ns, At safepoint: 70024 ns, Total: 907904 ns
[2020-08-12T20:40:27.553+0000][6][safepoint    ] Safepoint "Cleanup", Time since last: 1000348881 ns, Reaching safepoint: 669170 ns, At safepoint: 50099 ns, Total: 719269 ns
[2020-08-12T20:40:28.554+0000][6][safepoint    ] Safepoint "Cleanup", Time since last: 1000360294 ns, Reaching safepoint: 753193 ns, At safepoint: 51450 ns, Total: 804643 ns
[2020-08-12T20:40:29.555+0000][6][safepoint    ] Safepoint "Cleanup", Time since last: 1000373681 ns, Reaching safepoint: 526945 ns, At safepoint: 71975 ns, Total: 598920 ns
[2020-08-12T20:40:30.556+0000][6][safepoint    ] Safepoint "Cleanup", Time since last: 1000346506 ns, Reaching safepoint: 719506 ns, At safepoint: 43313 ns, Total: 762819 ns
[2020-08-12T20:40:31.557+0000][6][safepoint    ] Safepoint "Cleanup", Time since last: 1000339206 ns, Reaching safepoint: 632307 ns, At safepoint: 38049 ns, Total: 670356 ns
[2020-08-12T20:40:32.558+0000][6][safepoint    ] Safepoint "Cleanup", Time since last: 1000270457 ns, Reaching safepoint: 649870 ns, At safepoint: 64599 ns, Total: 714469 ns
[2020-08-12T20:40:33.560+0000][6][safepoint    ] Safepoint "Cleanup", Time since last: 1000338669 ns, Reaching safepoint: 730719 ns, At safepoint: 44074 ns, Total: 774793 ns
[2020-08-12T20:40:34.561+0000][6][safepoint    ] Safepoint "Cleanup", Time since last: 1000396956 ns, Reaching safepoint: 668419 ns, At safepoint: 45550 ns, Total: 713969 ns
[2020-08-12T20:40:36.022+0000][6][safepoint    ] Safepoint "Cleanup", Time since last: 1460509400 ns, Reaching safepoint: 1013166 ns, At safepoint: 43113 ns, Total: 1056279 ns
[2020-08-12T20:40:37.031+0000][6][safepoint    ] Safepoint "Cleanup", Time since last: 1008020089 ns, Reaching safepoint: 496783 ns, At safepoint: 27650 ns, Total: 524433 ns
[2020-08-12T20:40:38.032+0000][6][safepoint    ] Safepoint "Cleanup", Time since last: 1000295969 ns, Reaching safepoint: 628332 ns, At safepoint: 42950 ns, Total: 671282 ns
[2020-08-12T20:40:39.033+0000][6][safepoint    ] Safepoint "Cleanup", Time since last: 1000416093 ns, Reaching safepoint: 577770 ns, At safepoint: 54725 ns, Total: 632495 ns
[2020-08-12T20:40:40.916+0000][6][safepoint    ] Safepoint "Cleanup", Time since last: 1882728648 ns, Reaching safepoint: 744544 ns, At safepoint: 63274 ns, Total: 807818 ns
[2020-08-12T20:40:41.917+0000][6][safepoint    ] Safepoint "Cleanup", Time since last: 1000301957 ns, Reaching safepoint: 477908 ns, At safepoint: 22613 ns, Total: 500521 ns
[2020-08-12T20:40:42.918+0000][6][safepoint    ] Safepoint "Cleanup", Time since last: 1000259569 ns, Reaching safepoint: 727719 ns, At safepoint: 45737 ns, Total: 773456 ns
[2020-08-12T20:40:43.919+0000][6][safepoint    ] Safepoint "Cleanup", Time since last: 1000298719 ns, Reaching safepoint: 652707 ns, At safepoint: 31875 ns, Total: 684582 ns
[2020-08-12T20:40:45.549+0000][6][safepoint    ] Safepoint "Cleanup", Time since last: 1628901776 ns, Reaching safepoint: 460184 ns, At safepoint: 42874 ns, Total: 503058 ns
[2020-08-12T20:40:46.550+0000][6][safepoint    ] Safepoint "Cleanup", Time since last: 1000598617 ns, Reaching safepoint: 589707 ns, At safepoint: 52800 ns, Total: 642507 ns
[2020-08-12T20:40:47.551+0000][6][safepoint    ] Safepoint "Cleanup", Time since last: 1000392381 ns, Reaching safepoint: 578345 ns, At safepoint: 49937 ns, Total: 628282 ns
[2020-08-12T20:40:48.552+0000][6][safepoint    ] Safepoint "Cleanup", Time since last: 1000464692 ns, Reaching safepoint: 564658 ns, At safepoint: 44812 ns, Total: 609470 ns
[2020-08-12T20:40:49.553+0000][6][safepoint    ] Safepoint "Cleanup", Time since last: 1000372569 ns, Reaching safepoint: 474596 ns, At safepoint: 54674 ns, Total: 529270 ns
[2020-08-12T20:40:50.554+0000][6][safepoint    ] Safepoint "Cleanup", Time since last: 1000402544 ns, Reaching safepoint: 842980 ns, At safepoint: 100611 ns, Total: 943591 ns
[2020-08-12T20:40:51.555+0000][6][safepoint    ] Safepoint "Cleanup", Time since last: 1000287732 ns, Reaching safepoint: 1006804 ns, At safepoint: 19650 ns, Total: 1026454 ns
[2020-08-12T20:40:52.556+0000][6][safepoint    ] Safepoint "Cleanup", Time since last: 1000237632 ns, Reaching safepoint: 702256 ns, At safepoint: 46812 ns, Total: 749068 ns
[2020-08-12T20:40:53.557+0000][6][safepoint    ] Safepoint "Cleanup", Time since last: 1000344219 ns, Reaching safepoint: 697207 ns, At safepoint: 43562 ns, Total: 740769 ns
[2020-08-12T20:40:54.559+0000][6][safepoint    ] Safepoint "Cleanup", Time since last: 1000340469 ns, Reaching safepoint: 722443 ns, At safepoint: 43800 ns, Total: 766243 ns
[2020-08-12T20:40:55.565+0000][6][safepoint    ] Safepoint "Cleanup", Time since last: 1005871358 ns, Reaching safepoint: 366547 ns, At safepoint: 20550 ns, Total: 387097 ns
[2020-08-12T20:40:56.566+0000][6][safepoint    ] Safepoint "Cleanup", Time since last: 1000335869 ns, Reaching safepoint: 855467 ns, At safepoint: 42525 ns, Total: 897992 ns
[2020-08-12T20:40:57.567+0000][6][safepoint    ] Safepoint "Cleanup", Time since last: 1000308669 ns, Reaching safepoint: 624620 ns, At safepoint: 44812 ns, Total: 669432 ns
[2020-08-12T20:40:58.568+0000][6][safepoint    ] Safepoint "Cleanup", Time since last: 1000348431 ns, Reaching safepoint: 945804 ns, At safepoint: 43287 ns, Total: 989091 ns
[2020-08-12T20:40:59.569+0000][6][safepoint    ] Safepoint "Cleanup", Time since last: 1000270407 ns, Reaching safepoint: 400809 ns, At safepoint: 15675 ns, Total: 416484 ns
[2020-08-12T20:40:59.919+0000][6][safepoint    ] Safepoint "BulkRevokeBias", Time since last: 347321898 ns, Reaching safepoint: 676957 ns, At safepoint: 2373167 ns, Total: 3050124 ns
[2020-08-12T20:41:00.923+0000][6][safepoint    ] Safepoint "Cleanup", Time since last: 1002653099 ns, Reaching safepoint: 1023291 ns, At safepoint: 56199 ns, Total: 1079490 ns
[2020-08-12T20:41:01.924+0000][6][safepoint    ] Safepoint "Cleanup", Time since last: 1000342494 ns, Reaching safepoint: 605033 ns, At safepoint: 43074 ns, Total: 648107 ns
[2020-08-12T20:41:02.925+0000][6][safepoint    ] Safepoint "Cleanup", Time since last: 1000345931 ns, Reaching safepoint: 696694 ns, At safepoint: 51012 ns, Total: 747706 ns
[2020-08-12T20:41:03.926+0000][6][safepoint    ] Safepoint "Cleanup", Time since last: 1000311794 ns, Reaching safepoint: 745706 ns, At safepoint: 40050 ns, Total: 785756 ns
[2020-08-12T20:41:05.248+0000][6][safepoint    ] Safepoint "Cleanup", Time since last: 1321365495 ns, Reaching safepoint: 558121 ns, At safepoint: 33962 ns, Total: 592083 ns
[2020-08-12T20:41:06.898+0000][6][safepoint    ] Safepoint "Cleanup", Time since last: 1649317487 ns, Reaching safepoint: 615257 ns, At safepoint: 62212 ns, Total: 677469 ns
[2020-08-12T20:41:07.899+0000][6][safepoint    ] Safepoint "Cleanup", Time since last: 1000346419 ns, Reaching safepoint: 610832 ns, At safepoint: 42612 ns, Total: 653444 ns
[2020-08-12T20:41:08.901+0000][6][safepoint    ] Safepoint "Cleanup", Time since last: 1000356381 ns, Reaching safepoint: 1476775 ns, At safepoint: 64862 ns, Total: 1541637 ns
[2020-08-12T20:41:09.902+0000][6][safepoint    ] Safepoint "Cleanup", Time since last: 1000348218 ns, Reaching safepoint: 651382 ns, At safepoint: 50237 ns, Total: 701619 ns
[2020-08-12T20:41:10.903+0000][6][safepoint    ] Safepoint "Cleanup", Time since last: 1000347044 ns, Reaching safepoint: 668169 ns, At safepoint: 51262 ns, Total: 719431 ns
[2020-08-12T20:41:11.904+0000][6][safepoint    ] Safepoint "Cleanup", Time since last: 1000291632 ns, Reaching safepoint: 547470 ns, At safepoint: 53487 ns, Total: 600957 ns
[2020-08-12T20:41:12.905+0000][6][safepoint    ] Safepoint "Cleanup", Time since last: 1000347469 ns, Reaching safepoint: 672232 ns, At safepoint: 44112 ns, Total: 716344 ns
[2020-08-12T20:41:13.906+0000][6][safepoint    ] Safepoint "Cleanup", Time since last: 1000327544 ns, Reaching safepoint: 761256 ns, At safepoint: 38324 ns, Total: 799580 ns
[2020-08-12T20:41:14.909+0000][6][safepoint    ] Safepoint "Cleanup", Time since last: 1000284295 ns, Reaching safepoint: 2669539 ns, At safepoint: 53999 ns, Total: 2723538 ns
[2020-08-12T20:41:16.368+0000][6][safepoint    ] Safepoint "Cleanup", Time since last: 1457625888 ns, Reaching safepoint: 839118 ns, At safepoint: 44987 ns, Total: 884105 ns
[2020-08-12T20:41:17.369+0000][6][safepoint    ] Safepoint "Cleanup", Time since last: 1000491480 ns, Reaching safepoint: 682944 ns, At safepoint: 43712 ns, Total: 726656 ns
[2020-08-12T20:41:18.370+0000][6][safepoint    ] Safepoint "Cleanup", Time since last: 1000371907 ns, Reaching safepoint: 671306 ns, At safepoint: 51925 ns, Total: 723231 ns
[2020-08-12T20:41:19.371+0000][6][safepoint    ] Safepoint "Cleanup", Time since last: 1000296219 ns, Reaching safepoint: 339709 ns, At safepoint: 17700 ns, Total: 357409 ns
[2020-08-12T20:41:20.922+0000][6][safepoint    ] Safepoint "Cleanup", Time since last: 1550853529 ns, Reaching safepoint: 693707 ns, At safepoint: 45249 ns, Total: 738956 ns
[2020-08-12T20:41:21.924+0000][6][safepoint    ] Safepoint "Cleanup", Time since last: 1000437243 ns, Reaching safepoint: 590108 ns, At safepoint: 43537 ns, Total: 633645 ns
[2020-08-12T20:41:22.925+0000][6][safepoint    ] Safepoint "Cleanup", Time since last: 1000412080 ns, Reaching safepoint: 623270 ns, At safepoint: 52149 ns, Total: 675419 ns
[2020-08-12T20:41:23.926+0000][6][safepoint    ] Safepoint "Cleanup", Time since last: 1000470656 ns, Reaching safepoint: 939229 ns, At safepoint: 64000 ns, Total: 1003229 ns
[2020-08-12T20:41:25.404+0000][6][safepoint    ] Safepoint "Cleanup", Time since last: 1477544814 ns, Reaching safepoint: 537421 ns, At safepoint: 20150 ns, Total: 557571 ns
[2020-08-12T20:41:26.405+0000][6][safepoint    ] Safepoint "Cleanup", Time since last: 1000336906 ns, Reaching safepoint: 674132 ns, At safepoint: 65062 ns, Total: 739194 ns
[2020-08-12T20:41:27.406+0000][6][safepoint    ] Safepoint "Cleanup", Time since last: 1000346756 ns, Reaching safepoint: 668582 ns, At safepoint: 45862 ns, Total: 714444 ns
[2020-08-12T20:41:28.407+0000][6][safepoint    ] Safepoint "Cleanup", Time since last: 1000345031 ns, Reaching safepoint: 604920 ns, At safepoint: 43624 ns, Total: 648544 ns
[2020-08-12T20:41:29.408+0000][6][safepoint    ] Safepoint "Cleanup", Time since last: 1000304307 ns, Reaching safepoint: 406459 ns, At safepoint: 24587 ns, Total: 431046 ns
[2020-08-12T20:41:30.409+0000][6][safepoint    ] Safepoint "Cleanup", Time since last: 1000263570 ns, Reaching safepoint: 680381 ns, At safepoint: 43300 ns, Total: 723681 ns
[2020-08-12T20:41:31.410+0000][6][safepoint    ] Safepoint "Cleanup", Time since last: 1000351619 ns, Reaching safepoint: 751681 ns, At safepoint: 54549 ns, Total: 806230 ns
[2020-08-12T20:41:32.411+0000][6][safepoint    ] Safepoint "Cleanup", Time since last: 1000352181 ns, Reaching safepoint: 768469 ns, At safepoint: 70811 ns, Total: 839280 ns
[2020-08-12T20:41:33.412+0000][6][safepoint    ] Safepoint "Cleanup", Time since last: 1000305882 ns, Reaching safepoint: 358847 ns, At safepoint: 24037 ns, Total: 382884 ns
[2020-08-12T20:41:34.413+0000][6][safepoint    ] Safepoint "Cleanup", Time since last: 1000195095 ns, Reaching safepoint: 346347 ns, At safepoint: 16388 ns, Total: 362735 ns
[2020-08-12T20:41:35.898+0000][6][safepoint    ] Safepoint "BulkRevokeBias", Time since last: 1484260219 ns, Reaching safepoint: 360472 ns, At safepoint: 941204 ns, Total: 1301676 ns
[2020-08-12T20:41:36.903+0000][6][safepoint    ] Safepoint "Cleanup", Time since last: 1004158961 ns, Reaching safepoint: 372959 ns, At safepoint: 63825 ns, Total: 436784 ns
[2020-08-12T20:41:37.904+0000][6][safepoint    ] Safepoint "Cleanup", Time since last: 1000259057 ns, Reaching safepoint: 604694 ns, At safepoint: 32088 ns, Total: 636782 ns
[2020-08-12T20:41:38.905+0000][6][safepoint    ] Safepoint "Cleanup", Time since last: 1000407780 ns, Reaching safepoint: 875493 ns, At safepoint: 40499 ns, Total: 915992 ns
[2020-08-12T20:41:39.906+0000][6][safepoint    ] Safepoint "Cleanup", Time since last: 1000287982 ns, Reaching safepoint: 695307 ns, At safepoint: 42949 ns, Total: 738256 ns
[2020-08-12T20:41:40.945+0000][6][safepoint    ] Safepoint "Cleanup", Time since last: 1038408114 ns, Reaching safepoint: 493008 ns, At safepoint: 21862 ns, Total: 514870 ns
[2020-08-12T20:41:41.947+0000][6][safepoint    ] Safepoint "Cleanup", Time since last: 1000277532 ns, Reaching safepoint: 1241577 ns, At safepoint: 43687 ns, Total: 1285264 ns
[2020-08-12T20:41:42.948+0000][6][safepoint    ] Safepoint "Cleanup", Time since last: 1000386756 ns, Reaching safepoint: 804568 ns, At safepoint: 43024 ns, Total: 847592 ns
[2020-08-12T20:41:43.949+0000][6][safepoint    ] Safepoint "Cleanup", Time since last: 1000380319 ns, Reaching safepoint: 944092 ns, At safepoint: 48912 ns, Total: 993004 ns
[2020-08-12T20:41:45.592+0000][6][safepoint    ] Safepoint "BulkRevokeBias", Time since last: 1639040351 ns, Reaching safepoint: 459971 ns, At safepoint: 2965424 ns, Total: 3425395 ns
[2020-08-12T20:41:46.593+0000][6][safepoint    ] Safepoint "Cleanup", Time since last: 1000469130 ns, Reaching safepoint: 624845 ns, At safepoint: 82649 ns, Total: 707494 ns
[2020-08-12T20:41:47.594+0000][6][safepoint    ] Safepoint "Cleanup", Time since last: 1000407781 ns, Reaching safepoint: 558408 ns, At safepoint: 43112 ns, Total: 601520 ns
[2020-08-12T20:41:48.595+0000][6][safepoint    ] Safepoint "Cleanup", Time since last: 1000405230 ns, Reaching safepoint: 835006 ns, At safepoint: 64312 ns, Total: 899318 ns
[2020-08-12T20:41:49.596+0000][6][safepoint    ] Safepoint "Cleanup", Time since last: 1000317719 ns, Reaching safepoint: 645132 ns, At safepoint: 55774 ns, Total: 700906 ns
[2020-08-12T20:41:50.597+0000][6][safepoint    ] Safepoint "Cleanup", Time since last: 1000346394 ns, Reaching safepoint: 624545 ns, At safepoint: 45324 ns, Total: 669869 ns
[2020-08-12T20:41:51.598+0000][6][safepoint    ] Safepoint "Cleanup", Time since last: 1000307744 ns, Reaching safepoint: 687357 ns, At safepoint: 36337 ns, Total: 723694 ns
[2020-08-12T20:41:52.599+0000][6][safepoint    ] Safepoint "Cleanup", Time since last: 1000267682 ns, Reaching safepoint: 840655 ns, At safepoint: 43075 ns, Total: 883730 ns
[2020-08-12T20:41:53.600+0000][6][safepoint    ] Safepoint "Cleanup", Time since last: 1000345418 ns, Reaching safepoint: 687144 ns, At safepoint: 43050 ns, Total: 730194 ns
[2020-08-12T20:41:54.602+0000][6][safepoint    ] Safepoint "Cleanup", Time since last: 1000344219 ns, Reaching safepoint: 844830 ns, At safepoint: 42700 ns, Total: 887530 ns
[2020-08-12T20:41:56.430+0000][6][safepoint    ] Safepoint "Cleanup", Time since last: 1827814937 ns, Reaching safepoint: 666282 ns, At safepoint: 66374 ns, Total: 732656 ns
[2020-08-12T20:41:57.465+0000][6][safepoint    ] Safepoint "Cleanup", Time since last: 1000345394 ns, Reaching safepoint: 34237403 ns, At safepoint: 180686 ns, Total: 34418089 ns
[2020-08-12T20:41:58.466+0000][6][safepoint    ] Safepoint "Cleanup", Time since last: 1000344519 ns, Reaching safepoint: 535770 ns, At safepoint: 99325 ns, Total: 635095 ns
[2020-08-12T20:41:59.467+0000][6][safepoint    ] Safepoint "Cleanup", Time since last: 1000271194 ns, Reaching safepoint: 316385 ns, At safepoint: 16349 ns, Total: 332734 ns
[2020-08-12T20:42:00.924+0000][6][safepoint    ] Safepoint "Cleanup", Time since last: 1456378487 ns, Reaching safepoint: 568932 ns, At safepoint: 43762 ns, Total: 612694 ns
[2020-08-12T20:42:01.925+0000][6][safepoint    ] Safepoint "Cleanup", Time since last: 1000405981 ns, Reaching safepoint: 506658 ns, At safepoint: 42850 ns, Total: 549508 ns
[2020-08-12T20:42:02.926+0000][6][safepoint    ] Safepoint "Cleanup", Time since last: 1000343881 ns, Reaching safepoint: 651520 ns, At safepoint: 50912 ns, Total: 702432 ns
[2020-08-12T20:42:03.927+0000][6][safepoint    ] Safepoint "Cleanup", Time since last: 1000297506 ns, Reaching safepoint: 668169 ns, At safepoint: 28838 ns, Total: 697007 ns
[2020-08-12T20:42:05.399+0000][6][safepoint    ] Safepoint "Cleanup", Time since last: 1418394915 ns, Reaching safepoint: 54300304 ns, At safepoint: 36800 ns, Total: 54337104 ns
[2020-08-12T20:42:07.148+0000][6][safepoint    ] Safepoint "Cleanup", Time since last: 1748307978 ns, Reaching safepoint: 667731 ns, At safepoint: 30138 ns, Total: 697869 ns
[2020-08-12T20:42:08.149+0000][6][safepoint    ] Safepoint "Cleanup", Time since last: 1000227532 ns, Reaching safepoint: 418859 ns, At safepoint: 56137 ns, Total: 474996 ns
[2020-08-12T20:42:09.150+0000][6][safepoint    ] Safepoint "Cleanup", Time since last: 1000302269 ns, Reaching safepoint: 649482 ns, At safepoint: 28462 ns, Total: 677944 ns
[2020-08-12T20:42:10.151+0000][6][safepoint    ] Safepoint "Cleanup", Time since last: 1000250195 ns, Reaching safepoint: 865642 ns, At safepoint: 43700 ns, Total: 909342 ns
[2020-08-12T20:42:11.152+0000][6][safepoint    ] Safepoint "Cleanup", Time since last: 1000355931 ns, Reaching safepoint: 740993 ns, At safepoint: 45138 ns, Total: 786131 ns
[2020-08-12T20:42:12.154+0000][6][safepoint    ] Safepoint "Cleanup", Time since last: 1000384505 ns, Reaching safepoint: 832756 ns, At safepoint: 43274 ns, Total: 876030 ns
[2020-08-12T20:42:13.155+0000][6][safepoint    ] Safepoint "Cleanup", Time since last: 1000394481 ns, Reaching safepoint: 789018 ns, At safepoint: 44800 ns, Total: 833818 ns
[2020-08-12T20:42:14.156+0000][6][safepoint    ] Safepoint "Cleanup", Time since last: 1000389643 ns, Reaching safepoint: 952517 ns, At safepoint: 53825 ns, Total: 1006342 ns
[2020-08-12T20:42:15.460+0000][6][safepoint    ] Safepoint "Cleanup", Time since last: 1302778844 ns, Reaching safepoint: 806768 ns, At safepoint: 42999 ns, Total: 849767 ns
[2020-08-12T20:42:16.461+0000][6][safepoint    ] Safepoint "Cleanup", Time since last: 1000537455 ns, Reaching safepoint: 787293 ns, At safepoint: 42237 ns, Total: 829530 ns
[2020-08-12T20:42:17.462+0000][6][safepoint    ] Safepoint "Cleanup", Time since last: 1000268820 ns, Reaching safepoint: 499883 ns, At safepoint: 32050 ns, Total: 531933 ns
[2020-08-12T20:42:18.463+0000][6][safepoint    ] Safepoint "Cleanup", Time since last: 1000307369 ns, Reaching safepoint: 553508 ns, At safepoint: 42749 ns, Total: 596257 ns
[2020-08-12T20:42:19.464+0000][6][safepoint    ] Safepoint "Cleanup", Time since last: 1000400981 ns, Reaching safepoint: 482446 ns, At safepoint: 44299 ns, Total: 526745 ns
[2020-08-12T20:42:20.922+0000][6][safepoint    ] Safepoint "Cleanup", Time since last: 1457560576 ns, Reaching safepoint: 621457 ns, At safepoint: 44500 ns, Total: 665957 ns
[2020-08-12T20:42:21.923+0000][6][safepoint    ] Safepoint "Cleanup", Time since last: 1000347106 ns, Reaching safepoint: 442259 ns, At safepoint: 43475 ns, Total: 485734 ns
[2020-08-12T20:42:22.924+0000][6][safepoint    ] Safepoint "Cleanup", Time since last: 1000402243 ns, Reaching safepoint: 734169 ns, At safepoint: 46387 ns, Total: 780556 ns
[2020-08-12T20:42:23.925+0000][6][safepoint    ] Safepoint "Cleanup", Time since last: 1000312194 ns, Reaching safepoint: 859067 ns, At safepoint: 37225 ns, Total: 896292 ns
[2020-08-12T20:42:24.926+0000][6][safepoint    ] Safepoint "Cleanup", Time since last: 1000082733 ns, Reaching safepoint: 747006 ns, At safepoint: 65725 ns, Total: 812731 ns
[2020-08-12T20:42:26.624+0000][6][safepoint    ] Safepoint "Cleanup", Time since last: 1697067260 ns, Reaching safepoint: 629257 ns, At safepoint: 144649 ns, Total: 773906 ns
[2020-08-12T20:42:27.747+0000][6][safepoint    ] Safepoint "Cleanup", Time since last: 1121814314 ns, Reaching safepoint: 886630 ns, At safepoint: 43700 ns, Total: 930330 ns
[2020-08-12T20:42:28.748+0000][6][safepoint    ] Safepoint "Cleanup", Time since last: 1000393806 ns, Reaching safepoint: 1001241 ns, At safepoint: 43349 ns, Total: 1044590 ns
[2020-08-12T20:42:29.749+0000][6][safepoint    ] Safepoint "Cleanup", Time since last: 1000303032 ns, Reaching safepoint: 297097 ns, At safepoint: 32850 ns, Total: 329947 ns
[2020-08-12T20:42:30.750+0000][6][safepoint    ] Safepoint "Cleanup", Time since last: 1000315732 ns, Reaching safepoint: 564008 ns, At safepoint: 43399 ns, Total: 607407 ns
[2020-08-12T20:42:31.751+0000][6][safepoint    ] Safepoint "Cleanup", Time since last: 1000405556 ns, Reaching safepoint: 600282 ns, At safepoint: 28275 ns, Total: 628557 ns
[2020-08-12T20:42:32.752+0000][6][safepoint    ] Safepoint "Cleanup", Time since last: 1000300606 ns, Reaching safepoint: 779956 ns, At safepoint: 109037 ns, Total: 888993 ns
[2020-08-12T20:42:33.753+0000][6][safepoint    ] Safepoint "Cleanup", Time since last: 1000333519 ns, Reaching safepoint: 858630 ns, At safepoint: 48949 ns, Total: 907579 ns
[2020-08-12T20:42:34.776+0000][6][safepoint    ] Safepoint "Cleanup", Time since last: 1000315907 ns, Reaching safepoint: 22738227 ns, At safepoint: 92250 ns, Total: 22830477 ns
[2020-08-12T20:42:34.932+0000][6][safepoint    ] Safepoint "BulkRevokeBias", Time since last: 149284692 ns, Reaching safepoint: 847230 ns, At safepoint: 5608189 ns, Total: 6455419 ns
[2020-08-12T20:42:36.869+0000][6][safepoint    ] Safepoint "Cleanup", Time since last: 1937047139 ns, Reaching safepoint: 375797 ns, At safepoint: 18500 ns, Total: 394297 ns
[2020-08-12T20:42:37.870+0000][6][safepoint    ] Safepoint "Cleanup", Time since last: 1000224095 ns, Reaching safepoint: 474683 ns, At safepoint: 51675 ns, Total: 526358 ns
[2020-08-12T20:42:38.879+0000][6][safepoint    ] Safepoint "Cleanup", Time since last: 1000314381 ns, Reaching safepoint: 8028731 ns, At safepoint: 43599 ns, Total: 8072330 ns
[2020-08-12T20:42:39.915+0000][6][safepoint    ] Safepoint "Cleanup", Time since last: 1035444589 ns, Reaching safepoint: 592758 ns, At safepoint: 50074 ns, Total: 642832 ns
[2020-08-12T20:42:40.926+0000][6][safepoint    ] Safepoint "Cleanup", Time since last: 1010777154 ns, Reaching safepoint: 790130 ns, At safepoint: 46562 ns, Total: 836692 ns
[2020-08-12T20:42:41.927+0000][6][safepoint    ] Safepoint "Cleanup", Time since last: 1000344544 ns, Reaching safepoint: 633220 ns, At safepoint: 43724 ns, Total: 676944 ns
[2020-08-12T20:42:42.929+0000][6][safepoint    ] Safepoint "Cleanup", Time since last: 1000332231 ns, Reaching safepoint: 776719 ns, At safepoint: 43412 ns, Total: 820131 ns
[2020-08-12T20:42:43.945+0000][6][safepoint    ] Safepoint "Cleanup", Time since last: 1000330556 ns, Reaching safepoint: 16455445 ns, At safepoint: 76362 ns, Total: 16531807 ns
[2020-08-12T20:42:45.357+0000][6][safepoint    ] Safepoint "Cleanup", Time since last: 1411228315 ns, Reaching safepoint: 419597 ns, At safepoint: 18312 ns, Total: 437909 ns
[2020-08-12T20:42:46.359+0000][6][safepoint    ] Safepoint "Cleanup", Time since last: 1001124725 ns, Reaching safepoint: 899242 ns, At safepoint: 42624 ns, Total: 941866 ns
[2020-08-12T20:42:47.360+0000][6][safepoint    ] Safepoint "Cleanup", Time since last: 1000346744 ns, Reaching safepoint: 675282 ns, At safepoint: 43349 ns, Total: 718631 ns
[2020-08-12T20:42:48.361+0000][6][safepoint    ] Safepoint "Cleanup", Time since last: 1000344557 ns, Reaching safepoint: 663169 ns, At safepoint: 44100 ns, Total: 707269 ns
[2020-08-12T20:42:49.362+0000][6][safepoint    ] Safepoint "Cleanup", Time since last: 1000294706 ns, Reaching safepoint: 269348 ns, At safepoint: 16250 ns, Total: 285598 ns
[2020-08-12T20:42:50.363+0000][6][safepoint    ] Safepoint "Cleanup", Time since last: 1000293494 ns, Reaching safepoint: 585358 ns, At safepoint: 44487 ns, Total: 629845 ns
[2020-08-12T20:42:51.364+0000][6][safepoint    ] Safepoint "Cleanup", Time since last: 1000416493 ns, Reaching safepoint: 617144 ns, At safepoint: 42900 ns, Total: 660044 ns
[2020-08-12T20:42:52.365+0000][6][safepoint    ] Safepoint "Cleanup", Time since last: 1000459243 ns, Reaching safepoint: 578095 ns, At safepoint: 152099 ns, Total: 730194 ns
[2020-08-12T20:42:53.366+0000][6][safepoint    ] Safepoint "Cleanup", Time since last: 1000349156 ns, Reaching safepoint: 820343 ns, At safepoint: 56312 ns, Total: 876655 ns
[2020-08-12T20:42:54.367+0000][6][safepoint    ] Safepoint "Cleanup", Time since last: 1000290756 ns, Reaching safepoint: 405009 ns, At safepoint: 19075 ns, Total: 424084 ns
[2020-08-12T20:42:55.528+0000][6][safepoint    ] Safepoint "Cleanup", Time since last: 1160563891 ns, Reaching safepoint: 592170 ns, At safepoint: 32000 ns, Total: 624170 ns
[2020-08-12T20:42:55.543+0000][6][gc,start     ] GC(37) Pause Young (Normal) (G1 Evacuation Pause)
[2020-08-12T20:42:55.543+0000][6][gc,task      ] GC(37) Using 2 workers of 2 for evacuation
[2020-08-12T20:42:55.544+0000][6][gc,age       ] GC(37) Desired survivor size 51380224 bytes, new threshold 15 (max threshold 15)
[2020-08-12T20:42:55.717+0000][6][gc,age       ] GC(37) Age table with threshold 15 (max threshold 15)
[2020-08-12T20:42:55.717+0000][6][gc,age       ] GC(37) - age   1:     413192 bytes,     413192 total
[2020-08-12T20:42:55.717+0000][6][gc,age       ] GC(37) - age   2:       7384 bytes,     420576 total
[2020-08-12T20:42:55.717+0000][6][gc,age       ] GC(37) - age   3:      23920 bytes,     444496 total
[2020-08-12T20:42:55.717+0000][6][gc,age       ] GC(37) - age   4:      15024 bytes,     459520 total
[2020-08-12T20:42:55.717+0000][6][gc,age       ] GC(37) - age   5:      19872 bytes,     479392 total
[2020-08-12T20:42:55.717+0000][6][gc,age       ] GC(37) - age   6:       6256 bytes,     485648 total
[2020-08-12T20:42:55.717+0000][6][gc,age       ] GC(37) - age   7:     100216 bytes,     585864 total
[2020-08-12T20:42:55.717+0000][6][gc,age       ] GC(37) - age   8:     143240 bytes,     729104 total
[2020-08-12T20:42:55.718+0000][6][gc,age       ] GC(37) - age   9:      72872 bytes,     801976 total
[2020-08-12T20:42:55.718+0000][6][gc,age       ] GC(37) - age  10:     181448 bytes,     983424 total
[2020-08-12T20:42:55.718+0000][6][gc,age       ] GC(37) - age  11:     134640 bytes,    1118064 total
[2020-08-12T20:42:55.718+0000][6][gc,phases    ] GC(37)   Pre Evacuate Collection Set: 0.7ms
[2020-08-12T20:42:55.718+0000][6][gc,phases    ] GC(37)   Merge Heap Roots: 0.6ms
[2020-08-12T20:42:55.718+0000][6][gc,phases    ] GC(37)   Evacuate Collection Set: 117.5ms
[2020-08-12T20:42:55.718+0000][6][gc,phases    ] GC(37)   Post Evacuate Collection Set: 30.4ms
[2020-08-12T20:42:55.718+0000][6][gc,phases    ] GC(37)   Other: 25.4ms
[2020-08-12T20:42:55.718+0000][6][gc,heap      ] GC(37) Eden regions: 779->0(595)
[2020-08-12T20:42:55.718+0000][6][gc,heap      ] GC(37) Survivor regions: 1->2(98)
[2020-08-12T20:42:55.718+0000][6][gc,heap      ] GC(37) Old regions: 80->80
[2020-08-12T20:42:55.719+0000][6][gc,heap      ] GC(37) Archive regions: 2->2
[2020-08-12T20:42:55.719+0000][6][gc,heap      ] GC(37) Humongous regions: 75->75
[2020-08-12T20:42:55.719+0000][6][gc,metaspace ] GC(37) Metaspace: 96307K(104108K)->96307K(104108K) NonClass: 83743K(88492K)->83743K(88492K) Class: 12564K(15616K)->12564K(15616K)
[2020-08-12T20:42:55.726+0000][6][gc           ] GC(37) Pause Young (Normal) (G1 Evacuation Pause) 935M->156M(2048M) 182.855ms
[2020-08-12T20:42:55.726+0000][6][gc,cpu       ] GC(37) User=0.07s Sys=0.03s Real=0.19s
[2020-08-12T20:42:55.733+0000][6][safepoint    ] Safepoint "G1CollectForAllocation", Time since last: 14632073 ns, Reaching safepoint: 422333 ns, At safepoint: 189932802 ns, Total: 190355135 ns
[2020-08-12T20:42:56.738+0000][6][safepoint    ] Safepoint "Cleanup", Time since last: 1004209535 ns, Reaching safepoint: 687182 ns, At safepoint: 18887 ns, Total: 706069 ns
[2020-08-12T20:42:57.740+0000][6][safepoint    ] Safepoint "Cleanup", Time since last: 1000974401 ns, Reaching safepoint: 928092 ns, At safepoint: 47862 ns, Total: 975954 ns
[2020-08-12T20:42:58.741+0000][6][safepoint    ] Safepoint "Cleanup", Time since last: 1000361131 ns, Reaching safepoint: 815218 ns, At safepoint: 54225 ns, Total: 869443 ns
[2020-08-12T20:42:59.742+0000][6][safepoint    ] Safepoint "Cleanup", Time since last: 1000303881 ns, Reaching safepoint: 456946 ns, At safepoint: 28750 ns, Total: 485696 ns
[2020-08-12T20:43:00.927+0000][6][safepoint    ] Safepoint "Cleanup", Time since last: 1184670044 ns, Reaching safepoint: 629345 ns, At safepoint: 45487 ns, Total: 674832 ns
[2020-08-12T20:43:01.928+0000][6][safepoint    ] Safepoint "Cleanup", Time since last: 1000330594 ns, Reaching safepoint: 419309 ns, At safepoint: 17550 ns, Total: 436859 ns
[2020-08-12T20:43:02.929+0000][6][safepoint    ] Safepoint "Cleanup", Time since last: 1000243132 ns, Reaching safepoint: 628407 ns, At safepoint: 45799 ns, Total: 674206 ns
[2020-08-12T20:43:03.931+0000][6][safepoint    ] Safepoint "Cleanup", Time since last: 1000365906 ns, Reaching safepoint: 1155465 ns, At safepoint: 63450 ns, Total: 1218915 ns
[2020-08-12T20:43:04.930+0000][6][safepoint    ] Safepoint "BulkRevokeBias", Time since last: 996279141 ns, Reaching safepoint: 669932 ns, At safepoint: 2829988 ns, Total: 3499920 ns
[2020-08-12T20:43:05.981+0000][6][safepoint    ] Safepoint "Cleanup", Time since last: 1049019984 ns, Reaching safepoint: 1115190 ns, At safepoint: 66925 ns, Total: 1182115 ns
[2020-08-12T20:43:07.109+0000][6][safepoint    ] Safepoint "Cleanup", Time since last: 1127529477 ns, Reaching safepoint: 1048704 ns, At safepoint: 29162 ns, Total: 1077866 ns
[2020-08-12T20:43:08.110+0000][6][safepoint    ] Safepoint "Cleanup", Time since last: 1000269219 ns, Reaching safepoint: 670782 ns, At safepoint: 84562 ns, Total: 755344 ns
[2020-08-12T20:43:09.111+0000][6][safepoint    ] Safepoint "Cleanup", Time since last: 1000328594 ns, Reaching safepoint: 619769 ns, At safepoint: 24125 ns, Total: 643894 ns
[2020-08-12T20:43:10.112+0000][6][safepoint    ] Safepoint "Cleanup", Time since last: 1000237220 ns, Reaching safepoint: 674519 ns, At safepoint: 42699 ns, Total: 717218 ns
[2020-08-12T20:43:11.113+0000][6][safepoint    ] Safepoint "Cleanup", Time since last: 1000352132 ns, Reaching safepoint: 656682 ns, At safepoint: 42974 ns, Total: 699656 ns
[2020-08-12T20:43:12.114+0000][6][safepoint    ] Safepoint "Cleanup", Time since last: 1000370581 ns, Reaching safepoint: 585470 ns, At safepoint: 43075 ns, Total: 628545 ns
[2020-08-12T20:43:13.115+0000][6][safepoint    ] Safepoint "Cleanup", Time since last: 1000296481 ns, Reaching safepoint: 659957 ns, At safepoint: 42400 ns, Total: 702357 ns
[2020-08-12T20:43:14.116+0000][6][safepoint    ] Safepoint "Cleanup", Time since last: 1000231882 ns, Reaching safepoint: 607270 ns, At safepoint: 37812 ns, Total: 645082 ns
[2020-08-12T20:43:15.985+0000][6][safepoint    ] Safepoint "Cleanup", Time since last: 1867849503 ns, Reaching safepoint: 574458 ns, At safepoint: 42974 ns, Total: 617432 ns
[2020-08-12T20:43:16.985+0000][6][safepoint    ] Safepoint "Cleanup", Time since last: 1000300869 ns, Reaching safepoint: 472196 ns, At safepoint: 20300 ns, Total: 492496 ns
[2020-08-12T20:43:17.986+0000][6][safepoint    ] Safepoint "Cleanup", Time since last: 1000269995 ns, Reaching safepoint: 695731 ns, At safepoint: 42762 ns, Total: 738493 ns
[2020-08-12T20:43:18.987+0000][6][safepoint    ] Safepoint "Cleanup", Time since last: 1000302207 ns, Reaching safepoint: 640282 ns, At safepoint: 34424 ns, Total: 674706 ns
[2020-08-12T20:43:20.931+0000][6][safepoint    ] Safepoint "Cleanup", Time since last: 1942616004 ns, Reaching safepoint: 766931 ns, At safepoint: 42487 ns, Total: 809418 ns
[2020-08-12T20:43:21.932+0000][6][safepoint    ] Safepoint "Cleanup", Time since last: 1000396218 ns, Reaching safepoint: 809681 ns, At safepoint: 42875 ns, Total: 852556 ns
[2020-08-12T20:43:22.933+0000][6][safepoint    ] Safepoint "Cleanup", Time since last: 1000263357 ns, Reaching safepoint: 661431 ns, At safepoint: 67775 ns, Total: 729206 ns
[2020-08-12T20:43:23.934+0000][6][safepoint    ] Safepoint "Cleanup", Time since last: 1000350744 ns, Reaching safepoint: 855955 ns, At safepoint: 46774 ns, Total: 902729 ns
[2020-08-12T20:43:25.015+0000][6][safepoint    ] Safepoint "Cleanup", Time since last: 1080487548 ns, Reaching safepoint: 334273 ns, At safepoint: 17587 ns, Total: 351860 ns
[2020-08-12T20:43:26.016+0000][6][safepoint    ] Safepoint "Cleanup", Time since last: 1000317331 ns, Reaching safepoint: 697719 ns, At safepoint: 51687 ns, Total: 749406 ns
[2020-08-12T20:43:27.017+0000][6][safepoint    ] Safepoint "Cleanup", Time since last: 1000338769 ns, Reaching safepoint: 847568 ns, At safepoint: 42962 ns, Total: 890530 ns
[2020-08-12T20:43:28.018+0000][6][safepoint    ] Safepoint "Cleanup", Time since last: 1000344244 ns, Reaching safepoint: 635294 ns, At safepoint: 43125 ns, Total: 678419 ns
[2020-08-12T20:43:29.020+0000][6][safepoint    ] Safepoint "Cleanup", Time since last: 1000339631 ns, Reaching safepoint: 993367 ns, At safepoint: 54574 ns, Total: 1047941 ns
[2020-08-12T20:43:30.021+0000][6][safepoint    ] Safepoint "Cleanup", Time since last: 1000347531 ns, Reaching safepoint: 424647 ns, At safepoint: 21387 ns, Total: 446034 ns
[2020-08-12T20:43:31.022+0000][6][safepoint    ] Safepoint "Cleanup", Time since last: 1000259770 ns, Reaching safepoint: 815280 ns, At safepoint: 42387 ns, Total: 857667 ns
[2020-08-12T20:43:32.023+0000][6][safepoint    ] Safepoint "Cleanup", Time since last: 1000396131 ns, Reaching safepoint: 860905 ns, At safepoint: 42975 ns, Total: 903880 ns
[2020-08-12T20:43:33.024+0000][6][safepoint    ] Safepoint "Cleanup", Time since last: 1000259294 ns, Reaching safepoint: 480821 ns, At safepoint: 43937 ns, Total: 524758 ns
[2020-08-12T20:43:34.025+0000][6][safepoint    ] Safepoint "Cleanup", Time since last: 1000432105 ns, Reaching safepoint: 351110 ns, At safepoint: 14325 ns, Total: 365435 ns
[2020-08-12T20:43:35.839+0000][6][safepoint    ] Safepoint "Cleanup", Time since last: 1814116219 ns, Reaching safepoint: 604657 ns, At safepoint: 12188 ns, Total: 616845 ns
[2020-08-12T20:43:36.878+0000][6][safepoint    ] Safepoint "Cleanup", Time since last: 1037474059 ns, Reaching safepoint: 906767 ns, At safepoint: 43262 ns, Total: 950029 ns
[2020-08-12T20:43:37.879+0000][6][safepoint    ] Safepoint "Cleanup", Time since last: 1000390843 ns, Reaching safepoint: 811318 ns, At safepoint: 45025 ns, Total: 856343 ns
[2020-08-12T20:43:38.880+0000][6][safepoint    ] Safepoint "Cleanup", Time since last: 1000341131 ns, Reaching safepoint: 915280 ns, At safepoint: 46349 ns, Total: 961629 ns
[2020-08-12T20:43:39.881+0000][6][safepoint    ] Safepoint "Cleanup", Time since last: 1000321732 ns, Reaching safepoint: 618444 ns, At safepoint: 43488 ns, Total: 661932 ns
[2020-08-12T20:43:40.932+0000][6][safepoint    ] Safepoint "Cleanup", Time since last: 1050255785 ns, Reaching safepoint: 671257 ns, At safepoint: 51149 ns, Total: 722406 ns
[2020-08-12T20:43:41.933+0000][6][safepoint    ] Safepoint "Cleanup", Time since last: 1000302208 ns, Reaching safepoint: 400634 ns, At safepoint: 19549 ns, Total: 420183 ns
[2020-08-12T20:43:42.934+0000][6][safepoint    ] Safepoint "Cleanup", Time since last: 1000258682 ns, Reaching safepoint: 596232 ns, At safepoint: 107962 ns, Total: 704194 ns
[2020-08-12T20:43:43.935+0000][6][safepoint    ] Safepoint "Cleanup", Time since last: 1000314131 ns, Reaching safepoint: 981467 ns, At safepoint: 72899 ns, Total: 1054366 ns
[2020-08-12T20:43:45.092+0000][6][safepoint    ] Safepoint "Cleanup", Time since last: 1156148104 ns, Reaching safepoint: 655957 ns, At safepoint: 22563 ns, Total: 678520 ns
[2020-08-12T20:43:46.093+0000][6][safepoint    ] Safepoint "Cleanup", Time since last: 1000359556 ns, Reaching safepoint: 747881 ns, At safepoint: 43387 ns, Total: 791268 ns
[2020-08-12T20:43:47.094+0000][6][safepoint    ] Safepoint "Cleanup", Time since last: 1000335719 ns, Reaching safepoint: 517420 ns, At safepoint: 43712 ns, Total: 561132 ns
[2020-08-12T20:43:48.095+0000][6][safepoint    ] Safepoint "Cleanup", Time since last: 1000346007 ns, Reaching safepoint: 676106 ns, At safepoint: 52325 ns, Total: 728431 ns
[2020-08-12T20:43:49.097+0000][6][safepoint    ] Safepoint "Cleanup", Time since last: 1000342419 ns, Reaching safepoint: 1168127 ns, At safepoint: 53799 ns, Total: 1221926 ns
[2020-08-12T20:43:50.098+0000][6][safepoint    ] Safepoint "Cleanup", Time since last: 1000396369 ns, Reaching safepoint: 590095 ns, At safepoint: 45187 ns, Total: 635282 ns
[2020-08-12T20:43:51.099+0000][6][safepoint    ] Safepoint "Cleanup", Time since last: 1000438768 ns, Reaching safepoint: 677344 ns, At safepoint: 46037 ns, Total: 723381 ns
[2020-08-12T20:43:52.100+0000][6][safepoint    ] Safepoint "Cleanup", Time since last: 1000370531 ns, Reaching safepoint: 596482 ns, At safepoint: 33962 ns, Total: 630444 ns
[2020-08-12T20:43:53.101+0000][6][safepoint    ] Safepoint "Cleanup", Time since last: 1000347444 ns, Reaching safepoint: 584720 ns, At safepoint: 29312 ns, Total: 614032 ns
[2020-08-12T20:43:54.102+0000][6][safepoint    ] Safepoint "Cleanup", Time since last: 1000259782 ns, Reaching safepoint: 1076666 ns, At safepoint: 54312 ns, Total: 1130978 ns
[2020-08-12T20:43:55.996+0000][6][safepoint    ] Safepoint "Cleanup", Time since last: 1892619538 ns, Reaching safepoint: 809793 ns, At safepoint: 42812 ns, Total: 852605 ns
[2020-08-12T20:43:56.997+0000][6][safepoint    ] Safepoint "Cleanup", Time since last: 1000340544 ns, Reaching safepoint: 363322 ns, At safepoint: 17962 ns, Total: 381284 ns
[2020-08-12T20:43:57.998+0000][6][safepoint    ] Safepoint "Cleanup", Time since last: 1000247182 ns, Reaching safepoint: 948717 ns, At safepoint: 63087 ns, Total: 1011804 ns
[2020-08-12T20:43:58.999+0000][6][safepoint    ] Safepoint "Cleanup", Time since last: 1000382806 ns, Reaching safepoint: 1086541 ns, At safepoint: 54824 ns, Total: 1141365 ns
[2020-08-12T20:44:00.936+0000][6][safepoint    ] Safepoint "Cleanup", Time since last: 1935838050 ns, Reaching safepoint: 834706 ns, At safepoint: 44862 ns, Total: 879568 ns
[2020-08-12T20:44:01.937+0000][6][safepoint    ] Safepoint "Cleanup", Time since last: 1000333544 ns, Reaching safepoint: 450634 ns, At safepoint: 184498 ns, Total: 635132 ns
[2020-08-12T20:44:02.938+0000][6][safepoint    ] Safepoint "Cleanup", Time since last: 1000314394 ns, Reaching safepoint: 469871 ns, At safepoint: 25124 ns, Total: 494995 ns
[2020-08-12T20:44:03.939+0000][6][safepoint    ] Safepoint "Cleanup", Time since last: 1000381094 ns, Reaching safepoint: 1142390 ns, At safepoint: 55174 ns, Total: 1197564 ns
[2020-08-12T20:44:05.933+0000][6][safepoint    ] Safepoint "Cleanup", Time since last: 1992685457 ns, Reaching safepoint: 835968 ns, At safepoint: 28287 ns, Total: 864255 ns
[2020-08-12T20:44:07.041+0000][6][safepoint    ] Safepoint "Cleanup", Time since last: 1107046893 ns, Reaching safepoint: 728756 ns, At safepoint: 42900 ns, Total: 771656 ns
[2020-08-12T20:44:08.042+0000][6][safepoint    ] Safepoint "Cleanup", Time since last: 1000457655 ns, Reaching safepoint: 567620 ns, At safepoint: 43963 ns, Total: 611583 ns
[2020-08-12T20:44:09.043+0000][6][safepoint    ] Safepoint "Cleanup", Time since last: 1000397293 ns, Reaching safepoint: 713994 ns, At safepoint: 54624 ns, Total: 768618 ns
[2020-08-12T20:44:10.044+0000][6][safepoint    ] Safepoint "Cleanup", Time since last: 1000347369 ns, Reaching safepoint: 633994 ns, At safepoint: 44763 ns, Total: 678757 ns
[2020-08-12T20:44:11.045+0000][6][safepoint    ] Safepoint "Cleanup", Time since last: 1000349106 ns, Reaching safepoint: 646782 ns, At safepoint: 45487 ns, Total: 692269 ns
[2020-08-12T20:44:12.046+0000][6][safepoint    ] Safepoint "Cleanup", Time since last: 1000304144 ns, Reaching safepoint: 397309 ns, At safepoint: 23850 ns, Total: 421159 ns
[2020-08-12T20:44:13.047+0000][6][safepoint    ] Safepoint "Cleanup", Time since last: 1000372393 ns, Reaching safepoint: 591420 ns, At safepoint: 43900 ns, Total: 635320 ns
[2020-08-12T20:44:14.048+0000][6][safepoint    ] Safepoint "Cleanup", Time since last: 1000357006 ns, Reaching safepoint: 781843 ns, At safepoint: 37425 ns, Total: 819268 ns
[2020-08-12T20:44:16.031+0000][6][safepoint    ] Safepoint "Cleanup", Time since last: 1981791876 ns, Reaching safepoint: 690757 ns, At safepoint: 43699 ns, Total: 734456 ns
[2020-08-12T20:44:17.032+0000][6][safepoint    ] Safepoint "Cleanup", Time since last: 1000323032 ns, Reaching safepoint: 642857 ns, At safepoint: 33500 ns, Total: 676357 ns
[2020-08-12T20:44:18.033+0000][6][safepoint    ] Safepoint "Cleanup", Time since last: 1000306219 ns, Reaching safepoint: 711094 ns, At safepoint: 51724 ns, Total: 762818 ns
[2020-08-12T20:44:19.034+0000][6][safepoint    ] Safepoint "Cleanup", Time since last: 1000331294 ns, Reaching safepoint: 805243 ns, At safepoint: 42787 ns, Total: 848030 ns
[2020-08-12T20:44:20.937+0000][6][safepoint    ] Safepoint "Cleanup", Time since last: 1902807150 ns, Reaching safepoint: 632907 ns, At safepoint: 50037 ns, Total: 682944 ns
[2020-08-12T20:44:21.938+0000][6][safepoint    ] Safepoint "Cleanup", Time since last: 1000380368 ns, Reaching safepoint: 513096 ns, At safepoint: 44787 ns, Total: 557883 ns
[2020-08-12T20:44:22.939+0000][6][safepoint    ] Safepoint "Cleanup", Time since last: 1000340406 ns, Reaching safepoint: 719969 ns, At safepoint: 45987 ns, Total: 765956 ns
[2020-08-12T20:44:23.941+0000][6][safepoint    ] Safepoint "Cleanup", Time since last: 1000312207 ns, Reaching safepoint: 841905 ns, At safepoint: 57987 ns, Total: 899892 ns
[2020-08-12T20:44:24.987+0000][6][safepoint    ] Safepoint "Cleanup", Time since last: 1045642200 ns, Reaching safepoint: 461671 ns, At safepoint: 15488 ns, Total: 477159 ns
[2020-08-12T20:44:25.988+0000][6][safepoint    ] Safepoint "Cleanup", Time since last: 1000312594 ns, Reaching safepoint: 616082 ns, At safepoint: 45587 ns, Total: 661669 ns
[2020-08-12T20:44:26.989+0000][6][safepoint    ] Safepoint "Cleanup", Time since last: 1000409706 ns, Reaching safepoint: 516971 ns, At safepoint: 45787 ns, Total: 562758 ns
[2020-08-12T20:44:27.990+0000][6][safepoint    ] Safepoint "Cleanup", Time since last: 1000350806 ns, Reaching safepoint: 608332 ns, At safepoint: 51087 ns, Total: 659419 ns
[2020-08-12T20:44:28.991+0000][6][safepoint    ] Safepoint "Cleanup", Time since last: 1000305694 ns, Reaching safepoint: 623195 ns, At safepoint: 26137 ns, Total: 649332 ns
[2020-08-12T20:44:29.992+0000][6][safepoint    ] Safepoint "Cleanup", Time since last: 1000255320 ns, Reaching safepoint: 768293 ns, At safepoint: 43999 ns, Total: 812292 ns
[2020-08-12T20:44:30.993+0000][6][safepoint    ] Safepoint "Cleanup", Time since last: 1000344982 ns, Reaching safepoint: 773730 ns, At safepoint: 43475 ns, Total: 817205 ns
[2020-08-12T20:44:31.994+0000][6][safepoint    ] Safepoint "Cleanup", Time since last: 1000391193 ns, Reaching safepoint: 407997 ns, At safepoint: 27725 ns, Total: 435722 ns
[2020-08-12T20:44:32.995+0000][6][safepoint    ] Safepoint "Cleanup", Time since last: 1000382818 ns, Reaching safepoint: 771518 ns, At safepoint: 43062 ns, Total: 814580 ns
[2020-08-12T20:44:33.997+0000][6][safepoint    ] Safepoint "Cleanup", Time since last: 1000367944 ns, Reaching safepoint: 1646961 ns, At safepoint: 107874 ns, Total: 1754835 ns
[2020-08-12T20:44:35.024+0000][6][safepoint    ] Safepoint "Cleanup", Time since last: 1026758527 ns, Reaching safepoint: 454596 ns, At safepoint: 10812 ns, Total: 465408 ns
[2020-08-12T20:44:36.995+0000][6][safepoint    ] Safepoint "Cleanup", Time since last: 1969221211 ns, Reaching safepoint: 1104540 ns, At safepoint: 61012 ns, Total: 1165552 ns
[2020-08-12T20:44:37.996+0000][6][safepoint    ] Safepoint "Cleanup", Time since last: 1000410356 ns, Reaching safepoint: 796718 ns, At safepoint: 43625 ns, Total: 840343 ns
[2020-08-12T20:44:38.998+0000][6][safepoint    ] Safepoint "Cleanup", Time since last: 1000396244 ns, Reaching safepoint: 1312426 ns, At safepoint: 55312 ns, Total: 1367738 ns
[2020-08-12T20:44:40.941+0000][6][safepoint    ] Safepoint "Cleanup", Time since last: 1943144424 ns, Reaching safepoint: 519358 ns, At safepoint: 52762 ns, Total: 572120 ns
[2020-08-12T20:44:41.943+0000][6][safepoint    ] Safepoint "Cleanup", Time since last: 1000345543 ns, Reaching safepoint: 853443 ns, At safepoint: 44062 ns, Total: 897505 ns
[2020-08-12T20:44:42.944+0000][6][safepoint    ] Safepoint "Cleanup", Time since last: 1000398169 ns, Reaching safepoint: 773680 ns, At safepoint: 43112 ns, Total: 816792 ns
[2020-08-12T20:44:43.945+0000][6][safepoint    ] Safepoint "Cleanup", Time since last: 1000402131 ns, Reaching safepoint: 1130640 ns, At safepoint: 56387 ns, Total: 1187027 ns
[2020-08-12T20:44:45.093+0000][6][safepoint    ] Safepoint "Cleanup", Time since last: 1147351531 ns, Reaching safepoint: 489383 ns, At safepoint: 27275 ns, Total: 516658 ns
[2020-08-12T20:44:46.094+0000][6][safepoint    ] Safepoint "Cleanup", Time since last: 1000369731 ns, Reaching safepoint: 581270 ns, At safepoint: 53574 ns, Total: 634844 ns
[2020-08-12T20:44:47.095+0000][6][safepoint    ] Safepoint "Cleanup", Time since last: 1000333919 ns, Reaching safepoint: 547083 ns, At safepoint: 44175 ns, Total: 591258 ns
[2020-08-12T20:44:48.096+0000][6][safepoint    ] Safepoint "Cleanup", Time since last: 1000318781 ns, Reaching safepoint: 644857 ns, At safepoint: 50262 ns, Total: 695119 ns
[2020-08-12T20:44:49.098+0000][6][safepoint    ] Safepoint "Cleanup", Time since last: 1000363969 ns, Reaching safepoint: 1171727 ns, At safepoint: 54337 ns, Total: 1226064 ns
[2020-08-12T20:44:50.099+0000][6][safepoint    ] Safepoint "Cleanup", Time since last: 1000415343 ns, Reaching safepoint: 871680 ns, At safepoint: 70562 ns, Total: 942242 ns
[2020-08-12T20:44:51.100+0000][6][safepoint    ] Safepoint "Cleanup", Time since last: 1000357719 ns, Reaching safepoint: 716706 ns, At safepoint: 49300 ns, Total: 766006 ns
[2020-08-12T20:44:52.101+0000][6][safepoint    ] Safepoint "Cleanup", Time since last: 1000299756 ns, Reaching safepoint: 495659 ns, At safepoint: 23524 ns, Total: 519183 ns
[2020-08-12T20:44:53.102+0000][6][safepoint    ] Safepoint "Cleanup", Time since last: 1000284682 ns, Reaching safepoint: 779293 ns, At safepoint: 55537 ns, Total: 834830 ns
[2020-08-12T20:44:54.103+0000][6][safepoint    ] Safepoint "Cleanup", Time since last: 1000335844 ns, Reaching safepoint: 706857 ns, At safepoint: 34649 ns, Total: 741506 ns
[2020-08-12T20:44:56.024+0000][6][safepoint    ] Safepoint "Cleanup", Time since last: 1919718441 ns, Reaching safepoint: 762705 ns, At safepoint: 42700 ns, Total: 805405 ns
[2020-08-12T20:44:57.024+0000][6][safepoint    ] Safepoint "Cleanup", Time since last: 1000393793 ns, Reaching safepoint: 348697 ns, At safepoint: 16975 ns, Total: 365672 ns
[2020-08-12T20:44:58.025+0000][6][safepoint    ] Safepoint "Cleanup", Time since last: 1000231507 ns, Reaching safepoint: 600933 ns, At safepoint: 53037 ns, Total: 653970 ns
[2020-08-12T20:44:59.940+0000][6][safepoint    ] Safepoint "Cleanup", Time since last: 1914014190 ns, Reaching safepoint: 741256 ns, At safepoint: 46837 ns, Total: 788093 ns
[2020-08-12T20:45:00.943+0000][6][safepoint    ] Safepoint "Cleanup", Time since last: 1001585808 ns, Reaching safepoint: 809843 ns, At safepoint: 43699 ns, Total: 853542 ns
[2020-08-12T20:45:01.944+0000][6][safepoint    ] Safepoint "Cleanup", Time since last: 1000345794 ns, Reaching safepoint: 810218 ns, At safepoint: 42700 ns, Total: 852918 ns
[2020-08-12T20:45:02.945+0000][6][safepoint    ] Safepoint "Cleanup", Time since last: 1000474905 ns, Reaching safepoint: 802893 ns, At safepoint: 43237 ns, Total: 846130 ns
[2020-08-12T20:45:03.946+0000][6][safepoint    ] Safepoint "Cleanup", Time since last: 1000344006 ns, Reaching safepoint: 812118 ns, At safepoint: 67200 ns, Total: 879318 ns
[2020-08-12T20:45:05.244+0000][6][safepoint    ] Safepoint "Cleanup", Time since last: 1076858292 ns, Reaching safepoint: 216744581 ns, At safepoint: 3972641 ns, Total: 220717222 ns
[2020-08-12T20:45:06.058+0000][6][safepoint    ] Safepoint "BulkRevokeBias", Time since last: 802829945 ns, Reaching safepoint: 8373590 ns, At safepoint: 3208635 ns, Total: 11582225 ns
[2020-08-12T20:45:07.060+0000][6][safepoint    ] Safepoint "Cleanup", Time since last: 1000387843 ns, Reaching safepoint: 1180678 ns, At safepoint: 59812 ns, Total: 1240490 ns
[2020-08-12T20:45:08.061+0000][6][safepoint    ] Safepoint "Cleanup", Time since last: 1000336793 ns, Reaching safepoint: 851468 ns, At safepoint: 42549 ns, Total: 894017 ns
[2020-08-12T20:45:09.062+0000][6][safepoint    ] Safepoint "Cleanup", Time since last: 1000301120 ns, Reaching safepoint: 802468 ns, At safepoint: 35262 ns, Total: 837730 ns
[2020-08-12T20:45:10.064+0000][6][safepoint    ] Safepoint "Cleanup", Time since last: 1000275007 ns, Reaching safepoint: 846542 ns, At safepoint: 43325 ns, Total: 889867 ns
[2020-08-12T20:45:11.065+0000][6][safepoint    ] Safepoint "Cleanup", Time since last: 1000439518 ns, Reaching safepoint: 767181 ns, At safepoint: 43525 ns, Total: 810706 ns
[2020-08-12T20:45:12.066+0000][6][safepoint    ] Safepoint "Cleanup", Time since last: 1000350418 ns, Reaching safepoint: 397397 ns, At safepoint: 20525 ns, Total: 417922 ns
[2020-08-12T20:45:13.067+0000][6][safepoint    ] Safepoint "Cleanup", Time since last: 1000248882 ns, Reaching safepoint: 772118 ns, At safepoint: 37762 ns, Total: 809880 ns
[2020-08-12T20:45:14.068+0000][6][safepoint    ] Safepoint "Cleanup", Time since last: 1000302269 ns, Reaching safepoint: 630707 ns, At safepoint: 31325 ns, Total: 662032 ns
[2020-08-12T20:45:14.942+0000][6][safepoint    ] Safepoint "BulkRevokeBias", Time since last: 871959083 ns, Reaching safepoint: 968342 ns, At safepoint: 1993182 ns, Total: 2961524 ns
[2020-08-12T20:45:16.110+0000][6][safepoint    ] Safepoint "Cleanup", Time since last: 1167128834 ns, Reaching safepoint: 688607 ns, At safepoint: 50187 ns, Total: 738794 ns
[2020-08-12T20:45:17.789+0000][6][safepoint    ] Safepoint "Cleanup", Time since last: 1677874889 ns, Reaching safepoint: 948642 ns, At safepoint: 43687 ns, Total: 992329 ns
[2020-08-12T20:45:18.791+0000][6][safepoint    ] Safepoint "Cleanup", Time since last: 1000386681 ns, Reaching safepoint: 867542 ns, At safepoint: 42587 ns, Total: 910129 ns
[2020-08-12T20:45:19.792+0000][6][safepoint    ] Safepoint "Cleanup", Time since last: 1000409768 ns, Reaching safepoint: 815468 ns, At safepoint: 70012 ns, Total: 885480 ns
[2020-08-12T20:45:20.944+0000][6][safepoint    ] Safepoint "Cleanup", Time since last: 1151926054 ns, Reaching safepoint: 647894 ns, At safepoint: 42625 ns, Total: 690519 ns
[2020-08-12T20:45:21.945+0000][6][safepoint    ] Safepoint "Cleanup", Time since last: 1000344693 ns, Reaching safepoint: 559733 ns, At safepoint: 42500 ns, Total: 602233 ns
[2020-08-12T20:45:22.946+0000][6][safepoint    ] Safepoint "Cleanup", Time since last: 1000341781 ns, Reaching safepoint: 633857 ns, At safepoint: 52262 ns, Total: 686119 ns
[2020-08-12T20:45:23.948+0000][6][safepoint    ] Safepoint "Cleanup", Time since last: 1000338394 ns, Reaching safepoint: 1086690 ns, At safepoint: 96162 ns, Total: 1182852 ns
[2020-08-12T20:45:24.947+0000][6][safepoint    ] Safepoint "BulkRevokeBias", Time since last: 992404138 ns, Reaching safepoint: 4651447 ns, At safepoint: 2061344 ns, Total: 6712791 ns
[2020-08-12T20:45:25.948+0000][6][safepoint    ] Safepoint "Cleanup", Time since last: 1000686854 ns, Reaching safepoint: 596232 ns, At safepoint: 44187 ns, Total: 640419 ns
[2020-08-12T20:45:26.949+0000][6][safepoint    ] Safepoint "Cleanup", Time since last: 1000283682 ns, Reaching safepoint: 437184 ns, At safepoint: 19449 ns, Total: 456633 ns
[2020-08-12T20:45:27.950+0000][6][safepoint    ] Safepoint "Cleanup", Time since last: 1000247595 ns, Reaching safepoint: 858368 ns, At safepoint: 43412 ns, Total: 901780 ns
[2020-08-12T20:45:28.952+0000][6][safepoint    ] Safepoint "Cleanup", Time since last: 1000408055 ns, Reaching safepoint: 1188903 ns, At safepoint: 111124 ns, Total: 1300027 ns
[2020-08-12T20:45:30.371+0000][6][safepoint    ] Safepoint "Cleanup", Time since last: 1418527977 ns, Reaching safepoint: 881767 ns, At safepoint: 44362 ns, Total: 926129 ns
[2020-08-12T20:45:31.373+0000][6][safepoint    ] Safepoint "Cleanup", Time since last: 1000340569 ns, Reaching safepoint: 810768 ns, At safepoint: 42862 ns, Total: 853630 ns
[2020-08-12T20:45:32.374+0000][6][safepoint    ] Safepoint "Cleanup", Time since last: 1000415131 ns, Reaching safepoint: 781218 ns, At safepoint: 43725 ns, Total: 824943 ns
[2020-08-12T20:45:33.374+0000][6][safepoint    ] Safepoint "Cleanup", Time since last: 1000355693 ns, Reaching safepoint: 260236 ns, At safepoint: 10625 ns, Total: 270861 ns
[2020-08-12T20:45:34.375+0000][6][safepoint    ] Safepoint "Cleanup", Time since last: 1000191882 ns, Reaching safepoint: 287923 ns, At safepoint: 12150 ns, Total: 300073 ns
[2020-08-12T20:45:35.916+0000][6][safepoint    ] Safepoint "Cleanup", Time since last: 1540299283 ns, Reaching safepoint: 430671 ns, At safepoint: 11512 ns, Total: 442183 ns
[2020-08-12T20:45:36.930+0000][6][safepoint    ] Safepoint "Cleanup", Time since last: 1012924360 ns, Reaching safepoint: 862092 ns, At safepoint: 43062 ns, Total: 905154 ns
[2020-08-12T20:45:37.931+0000][6][safepoint    ] Safepoint "Cleanup", Time since last: 1000389119 ns, Reaching safepoint: 812555 ns, At safepoint: 42563 ns, Total: 855118 ns
[2020-08-12T20:45:38.933+0000][6][safepoint    ] Safepoint "Cleanup", Time since last: 1001170099 ns, Reaching safepoint: 553695 ns, At safepoint: 25424 ns, Total: 579119 ns
[2020-08-12T20:45:39.934+0000][6][safepoint    ] Safepoint "Cleanup", Time since last: 1000257008 ns, Reaching safepoint: 703243 ns, At safepoint: 43575 ns, Total: 746818 ns
[2020-08-12T20:45:40.945+0000][6][safepoint    ] Safepoint "Cleanup", Time since last: 1010696229 ns, Reaching safepoint: 556908 ns, At safepoint: 42887 ns, Total: 599795 ns
[2020-08-12T20:45:41.946+0000][6][safepoint    ] Safepoint "Cleanup", Time since last: 1000450068 ns, Reaching safepoint: 441296 ns, At safepoint: 42662 ns, Total: 483958 ns
[2020-08-12T20:45:42.947+0000][6][safepoint    ] Safepoint "Cleanup", Time since last: 1000450955 ns, Reaching safepoint: 593095 ns, At safepoint: 114049 ns, Total: 707144 ns
[2020-08-12T20:45:43.948+0000][6][safepoint    ] Safepoint "Cleanup", Time since last: 1000393944 ns, Reaching safepoint: 848767 ns, At safepoint: 55825 ns, Total: 904592 ns
[2020-08-12T20:45:45.041+0000][6][safepoint    ] Safepoint "Cleanup", Time since last: 1091312567 ns, Reaching safepoint: 1165714 ns, At safepoint: 57950 ns, Total: 1223664 ns
[2020-08-12T20:45:46.042+0000][6][safepoint    ] Safepoint "Cleanup", Time since last: 1000560955 ns, Reaching safepoint: 654581 ns, At safepoint: 51262 ns, Total: 705843 ns
[2020-08-12T20:45:47.043+0000][6][safepoint    ] Safepoint "Cleanup", Time since last: 1000347069 ns, Reaching safepoint: 439609 ns, At safepoint: 43062 ns, Total: 482671 ns
[2020-08-12T20:45:48.044+0000][6][safepoint    ] Safepoint "Cleanup", Time since last: 1000400468 ns, Reaching safepoint: 569733 ns, At safepoint: 137661 ns, Total: 707394 ns
[2020-08-12T20:45:49.049+0000][6][safepoint    ] Safepoint "Cleanup", Time since last: 1004368446 ns, Reaching safepoint: 847705 ns, At safepoint: 43325 ns, Total: 891030 ns
[2020-08-12T20:45:50.050+0000][6][safepoint    ] Safepoint "Cleanup", Time since last: 1000282157 ns, Reaching safepoint: 691856 ns, At safepoint: 49562 ns, Total: 741418 ns
[2020-08-12T20:45:51.051+0000][6][safepoint    ] Safepoint "Cleanup", Time since last: 1000344469 ns, Reaching safepoint: 692357 ns, At safepoint: 45474 ns, Total: 737831 ns
[2020-08-12T20:45:52.052+0000][6][safepoint    ] Safepoint "Cleanup", Time since last: 1000312369 ns, Reaching safepoint: 530221 ns, At safepoint: 31349 ns, Total: 561570 ns
[2020-08-12T20:45:53.053+0000][6][safepoint    ] Safepoint "Cleanup", Time since last: 1000294357 ns, Reaching safepoint: 736256 ns, At safepoint: 42950 ns, Total: 779206 ns
[2020-08-12T20:45:54.055+0000][6][safepoint    ] Safepoint "Cleanup", Time since last: 1000336094 ns, Reaching safepoint: 1061678 ns, At safepoint: 62737 ns, Total: 1124415 ns
[2020-08-12T20:45:55.976+0000][6][safepoint    ] Safepoint "Cleanup", Time since last: 1920708232 ns, Reaching safepoint: 769756 ns, At safepoint: 54437 ns, Total: 824193 ns
[2020-08-12T20:45:56.977+0000][6][safepoint    ] Safepoint "Cleanup", Time since last: 1000286456 ns, Reaching safepoint: 385134 ns, At safepoint: 12475 ns, Total: 397609 ns
[2020-08-12T20:45:57.978+0000][6][safepoint    ] Safepoint "Cleanup", Time since last: 1000279307 ns, Reaching safepoint: 834443 ns, At safepoint: 46075 ns, Total: 880518 ns
[2020-08-12T20:45:58.980+0000][6][safepoint    ] Safepoint "Cleanup", Time since last: 1000343418 ns, Reaching safepoint: 1036329 ns, At safepoint: 57324 ns, Total: 1093653 ns
[2020-08-12T20:46:00.946+0000][6][safepoint    ] Safepoint "Cleanup", Time since last: 1966067338 ns, Reaching safepoint: 715682 ns, At safepoint: 51037 ns, Total: 766719 ns
[2020-08-12T20:46:01.947+0000][6][safepoint    ] Safepoint "Cleanup", Time since last: 1000347981 ns, Reaching safepoint: 448434 ns, At safepoint: 43787 ns, Total: 492221 ns
[2020-08-12T20:46:02.948+0000][6][safepoint    ] Safepoint "Cleanup", Time since last: 1000341881 ns, Reaching safepoint: 701831 ns, At safepoint: 52112 ns, Total: 753943 ns
[2020-08-12T20:46:03.949+0000][6][safepoint    ] Safepoint "Cleanup", Time since last: 1000342282 ns, Reaching safepoint: 668019 ns, At safepoint: 45887 ns, Total: 713906 ns
[2020-08-12T20:46:05.117+0000][6][safepoint    ] Safepoint "Cleanup", Time since last: 1167482031 ns, Reaching safepoint: 383597 ns, At safepoint: 16337 ns, Total: 399934 ns
[2020-08-12T20:46:07.061+0000][6][safepoint    ] Safepoint "Cleanup", Time since last: 1942760190 ns, Reaching safepoint: 712006 ns, At safepoint: 39200 ns, Total: 751206 ns
[2020-08-12T20:46:08.062+0000][6][safepoint    ] Safepoint "Cleanup", Time since last: 1000379131 ns, Reaching safepoint: 462546 ns, At safepoint: 26950 ns, Total: 489496 ns
[2020-08-12T20:46:09.063+0000][6][safepoint    ] Safepoint "Cleanup", Time since last: 1000274682 ns, Reaching safepoint: 586720 ns, At safepoint: 41762 ns, Total: 628482 ns
[2020-08-12T20:46:10.064+0000][6][safepoint    ] Safepoint "Cleanup", Time since last: 1000375193 ns, Reaching safepoint: 608545 ns, At safepoint: 51487 ns, Total: 660032 ns
[2020-08-12T20:46:11.065+0000][6][safepoint    ] Safepoint "Cleanup", Time since last: 1000346444 ns, Reaching safepoint: 741543 ns, At safepoint: 43750 ns, Total: 785293 ns
[2020-08-12T20:46:12.066+0000][6][safepoint    ] Safepoint "Cleanup", Time since last: 1000431593 ns, Reaching safepoint: 462996 ns, At safepoint: 24650 ns, Total: 487646 ns
[2020-08-12T20:46:13.067+0000][6][safepoint    ] Safepoint "Cleanup", Time since last: 1000356031 ns, Reaching safepoint: 720881 ns, At safepoint: 44925 ns, Total: 765806 ns
[2020-08-12T20:46:14.068+0000][6][safepoint    ] Safepoint "Cleanup", Time since last: 1000367643 ns, Reaching safepoint: 662120 ns, At safepoint: 34512 ns, Total: 696632 ns
[2020-08-12T20:46:15.945+0000][6][safepoint    ] Safepoint "Cleanup", Time since last: 1876712663 ns, Reaching safepoint: 670782 ns, At safepoint: 43550 ns, Total: 714332 ns
[2020-08-12T20:46:16.946+0000][6][safepoint    ] Safepoint "Cleanup", Time since last: 1000292956 ns, Reaching safepoint: 451709 ns, At safepoint: 53575 ns, Total: 505284 ns
[2020-08-12T20:46:17.947+0000][6][safepoint    ] Safepoint "Cleanup", Time since last: 1000352131 ns, Reaching safepoint: 674106 ns, At safepoint: 51275 ns, Total: 725381 ns
[2020-08-12T20:46:18.948+0000][6][safepoint    ] Safepoint "Cleanup", Time since last: 1000335556 ns, Reaching safepoint: 802856 ns, At safepoint: 44537 ns, Total: 847393 ns
[2020-08-12T20:46:20.949+0000][6][safepoint    ] Safepoint "Cleanup", Time since last: 1999439286 ns, Reaching safepoint: 967691 ns, At safepoint: 55850 ns, Total: 1023541 ns
[2020-08-12T20:46:21.950+0000][6][safepoint    ] Safepoint "Cleanup", Time since last: 1000343181 ns, Reaching safepoint: 401409 ns, At safepoint: 18975 ns, Total: 420384 ns
[2020-08-12T20:46:22.951+0000][6][safepoint    ] Safepoint "Cleanup", Time since last: 1000255357 ns, Reaching safepoint: 813956 ns, At safepoint: 43912 ns, Total: 857868 ns
[2020-08-12T20:46:23.952+0000][6][safepoint    ] Safepoint "Cleanup", Time since last: 1000325381 ns, Reaching safepoint: 789893 ns, At safepoint: 43275 ns, Total: 833168 ns
[2020-08-12T20:46:25.951+0000][6][safepoint    ] Safepoint "Cleanup", Time since last: 1998296508 ns, Reaching safepoint: 660582 ns, At safepoint: 49462 ns, Total: 710044 ns
[2020-08-12T20:46:26.952+0000][6][safepoint    ] Safepoint "Cleanup", Time since last: 1000406693 ns, Reaching safepoint: 423834 ns, At safepoint: 43312 ns, Total: 467146 ns
[2020-08-12T20:46:27.953+0000][6][safepoint    ] Safepoint "Cleanup", Time since last: 1000401594 ns, Reaching safepoint: 559157 ns, At safepoint: 43675 ns, Total: 602832 ns
[2020-08-12T20:46:28.954+0000][6][safepoint    ] Safepoint "Cleanup", Time since last: 1000393631 ns, Reaching safepoint: 601407 ns, At safepoint: 51162 ns, Total: 652569 ns
[2020-08-12T20:46:29.955+0000][6][safepoint    ] Safepoint "Cleanup", Time since last: 1000414068 ns, Reaching safepoint: 897167 ns, At safepoint: 40250 ns, Total: 937417 ns
[2020-08-12T20:46:30.956+0000][6][safepoint    ] Safepoint "Cleanup", Time since last: 1000389569 ns, Reaching safepoint: 717456 ns, At safepoint: 43074 ns, Total: 760530 ns
[2020-08-12T20:46:31.957+0000][6][safepoint    ] Safepoint "Cleanup", Time since last: 1000279557 ns, Reaching safepoint: 291323 ns, At safepoint: 36499 ns, Total: 327822 ns
[2020-08-12T20:46:32.958+0000][6][safepoint    ] Safepoint "Cleanup", Time since last: 1000319169 ns, Reaching safepoint: 640970 ns, At safepoint: 45599 ns, Total: 686569 ns
[2020-08-12T20:46:33.959+0000][6][safepoint    ] Safepoint "Cleanup", Time since last: 1000403519 ns, Reaching safepoint: 736918 ns, At safepoint: 51350 ns, Total: 788268 ns
[2020-08-12T20:46:34.997+0000][6][safepoint    ] Safepoint "Cleanup", Time since last: 1034615871 ns, Reaching safepoint: 3497020 ns, At safepoint: 22625 ns, Total: 3519645 ns
[2020-08-12T20:46:35.999+0000][6][safepoint    ] Safepoint "Cleanup", Time since last: 1000307694 ns, Reaching safepoint: 1044678 ns, At safepoint: 54675 ns, Total: 1099353 ns
[2020-08-12T20:46:37.035+0000][6][safepoint    ] Safepoint "Cleanup", Time since last: 1035881023 ns, Reaching safepoint: 515783 ns, At safepoint: 52187 ns, Total: 567970 ns
[2020-08-12T20:46:38.036+0000][6][safepoint    ] Safepoint "Cleanup", Time since last: 1000314681 ns, Reaching safepoint: 809381 ns, At safepoint: 44687 ns, Total: 854068 ns
[2020-08-12T20:46:39.037+0000][6][safepoint    ] Safepoint "Cleanup", Time since last: 1000337768 ns, Reaching safepoint: 734369 ns, At safepoint: 55875 ns, Total: 790244 ns
[2020-08-12T20:46:40.950+0000][6][safepoint    ] Safepoint "Cleanup", Time since last: 1911614398 ns, Reaching safepoint: 683931 ns, At safepoint: 38787 ns, Total: 722718 ns
[2020-08-12T20:46:41.951+0000][6][safepoint    ] Safepoint "Cleanup", Time since last: 1000307607 ns, Reaching safepoint: 891155 ns, At safepoint: 88312 ns, Total: 979467 ns
[2020-08-12T20:46:42.952+0000][6][safepoint    ] Safepoint "Cleanup", Time since last: 1000338256 ns, Reaching safepoint: 803693 ns, At safepoint: 45574 ns, Total: 849267 ns
[2020-08-12T20:46:43.953+0000][6][safepoint    ] Safepoint "Cleanup", Time since last: 1000344232 ns, Reaching safepoint: 657957 ns, At safepoint: 51037 ns, Total: 708994 ns
[2020-08-12T20:46:45.126+0000][6][safepoint    ] Safepoint "Cleanup", Time since last: 1172152927 ns, Reaching safepoint: 616007 ns, At safepoint: 22300 ns, Total: 638307 ns
[2020-08-12T20:46:46.127+0000][6][safepoint    ] Safepoint "Cleanup", Time since last: 1000337357 ns, Reaching safepoint: 893542 ns, At safepoint: 43812 ns, Total: 937354 ns
[2020-08-12T20:46:47.128+0000][6][safepoint    ] Safepoint "Cleanup", Time since last: 1000344631 ns, Reaching safepoint: 852530 ns, At safepoint: 43538 ns, Total: 896068 ns
[2020-08-12T20:46:48.129+0000][6][safepoint    ] Safepoint "Cleanup", Time since last: 1000350843 ns, Reaching safepoint: 511171 ns, At safepoint: 25012 ns, Total: 536183 ns
[2020-08-12T20:46:49.130+0000][6][safepoint    ] Safepoint "Cleanup", Time since last: 1000255732 ns, Reaching safepoint: 551995 ns, At safepoint: 29688 ns, Total: 581683 ns
[2020-08-12T20:46:50.132+0000][6][safepoint    ] Safepoint "Cleanup", Time since last: 1000905326 ns, Reaching safepoint: 647694 ns, At safepoint: 46762 ns, Total: 694456 ns
[2020-08-12T20:46:51.133+0000][6][safepoint    ] Safepoint "Cleanup", Time since last: 1000399019 ns, Reaching safepoint: 809418 ns, At safepoint: 43199 ns, Total: 852617 ns
[2020-08-12T20:46:52.134+0000][6][safepoint    ] Safepoint "Cleanup", Time since last: 1000355057 ns, Reaching safepoint: 829480 ns, At safepoint: 42899 ns, Total: 872379 ns
[2020-08-12T20:46:53.135+0000][6][safepoint    ] Safepoint "Cleanup", Time since last: 1000348019 ns, Reaching safepoint: 641807 ns, At safepoint: 45050 ns, Total: 686857 ns
[2020-08-12T20:46:54.136+0000][6][safepoint    ] Safepoint "Cleanup", Time since last: 1000292919 ns, Reaching safepoint: 640407 ns, At safepoint: 31787 ns, Total: 672194 ns
[2020-08-12T20:46:56.002+0000][6][safepoint    ] Safepoint "Cleanup", Time since last: 1864888592 ns, Reaching safepoint: 602344 ns, At safepoint: 44950 ns, Total: 647294 ns
[2020-08-12T20:46:57.003+0000][6][safepoint    ] Safepoint "Cleanup", Time since last: 1000362893 ns, Reaching safepoint: 357635 ns, At safepoint: 25574 ns, Total: 383209 ns
[2020-08-12T20:46:58.004+0000][6][safepoint    ] Safepoint "Cleanup", Time since last: 1000269908 ns, Reaching safepoint: 635757 ns, At safepoint: 42824 ns, Total: 678581 ns
[2020-08-12T20:46:59.005+0000][6][safepoint    ] Safepoint "Cleanup", Time since last: 1000330494 ns, Reaching safepoint: 1104815 ns, At safepoint: 55987 ns, Total: 1160802 ns
[2020-08-12T20:47:00.955+0000][6][safepoint    ] Safepoint "Cleanup", Time since last: 1949405858 ns, Reaching safepoint: 580195 ns, At safepoint: 64637 ns, Total: 644832 ns
[2020-08-12T20:47:01.956+0000][6][safepoint    ] Safepoint "Cleanup", Time since last: 1000284619 ns, Reaching safepoint: 389472 ns, At safepoint: 54549 ns, Total: 444021 ns
[2020-08-12T20:47:02.957+0000][6][safepoint    ] Safepoint "Cleanup", Time since last: 1000443131 ns, Reaching safepoint: 551045 ns, At safepoint: 43175 ns, Total: 594220 ns
[2020-08-12T20:47:03.958+0000][6][safepoint    ] Safepoint "Cleanup", Time since last: 1000494742 ns, Reaching safepoint: 510283 ns, At safepoint: 83949 ns, Total: 594232 ns
[2020-08-12T20:47:04.959+0000][6][safepoint    ] Safepoint "Cleanup", Time since last: 1000263920 ns, Reaching safepoint: 1054228 ns, At safepoint: 33887 ns, Total: 1088115 ns
[2020-08-12T20:47:06.012+0000][6][safepoint    ] Safepoint "Cleanup", Time since last: 1052357093 ns, Reaching safepoint: 583170 ns, At safepoint: 74299 ns, Total: 657469 ns
[2020-08-12T20:47:07.100+0000][6][safepoint    ] Safepoint "Cleanup", Time since last: 1087021779 ns, Reaching safepoint: 446271 ns, At safepoint: 74825 ns, Total: 521096 ns
[2020-08-12T20:47:08.101+0000][6][safepoint    ] Safepoint "Cleanup", Time since last: 1000416193 ns, Reaching safepoint: 562883 ns, At safepoint: 44624 ns, Total: 607507 ns
[2020-08-12T20:47:09.105+0000][6][safepoint    ] Safepoint "Cleanup", Time since last: 1003178044 ns, Reaching safepoint: 693632 ns, At safepoint: 53074 ns, Total: 746706 ns
[2020-08-12T20:47:10.106+0000][6][safepoint    ] Safepoint "Cleanup", Time since last: 1000397693 ns, Reaching safepoint: 870293 ns, At safepoint: 43562 ns, Total: 913855 ns
[2020-08-12T20:47:11.107+0000][6][safepoint    ] Safepoint "Cleanup", Time since last: 1000352494 ns, Reaching safepoint: 788355 ns, At safepoint: 53350 ns, Total: 841705 ns
[2020-08-12T20:47:12.108+0000][6][safepoint    ] Safepoint "Cleanup", Time since last: 1000321331 ns, Reaching safepoint: 674895 ns, At safepoint: 33437 ns, Total: 708332 ns
[2020-08-12T20:47:13.109+0000][6][safepoint    ] Safepoint "Cleanup", Time since last: 1000283882 ns, Reaching safepoint: 666781 ns, At safepoint: 33050 ns, Total: 699831 ns
[2020-08-12T20:47:14.111+0000][6][safepoint    ] Safepoint "Cleanup", Time since last: 1000298907 ns, Reaching safepoint: 1091015 ns, At safepoint: 55312 ns, Total: 1146327 ns
[2020-08-12T20:47:14.957+0000][6][safepoint    ] Safepoint "BulkRevokeBias", Time since last: 841829720 ns, Reaching safepoint: 2495716 ns, At safepoint: 1632735 ns, Total: 4128451 ns
[2020-08-12T20:47:16.158+0000][6][safepoint    ] Safepoint "Cleanup", Time since last: 1200238297 ns, Reaching safepoint: 603857 ns, At safepoint: 42887 ns, Total: 646744 ns
[2020-08-12T20:47:17.159+0000][6][safepoint    ] Safepoint "Cleanup", Time since last: 1000431381 ns, Reaching safepoint: 832143 ns, At safepoint: 84524 ns, Total: 916667 ns
[2020-08-12T20:47:18.160+0000][6][safepoint    ] Safepoint "Cleanup", Time since last: 1000393806 ns, Reaching safepoint: 770180 ns, At safepoint: 37788 ns, Total: 807968 ns
[2020-08-12T20:47:19.161+0000][6][safepoint    ] Safepoint "Cleanup", Time since last: 1000287269 ns, Reaching safepoint: 773718 ns, At safepoint: 32850 ns, Total: 806568 ns
[2020-08-12T20:47:20.955+0000][6][safepoint    ] Safepoint "Cleanup", Time since last: 1793416774 ns, Reaching safepoint: 701994 ns, At safepoint: 43537 ns, Total: 745531 ns
[2020-08-12T20:47:21.956+0000][6][safepoint    ] Safepoint "Cleanup", Time since last: 1000300244 ns, Reaching safepoint: 285697 ns, At safepoint: 27613 ns, Total: 313310 ns
[2020-08-12T20:47:22.957+0000][6][safepoint    ] Safepoint "Cleanup", Time since last: 1000254744 ns, Reaching safepoint: 753594 ns, At safepoint: 46549 ns, Total: 800143 ns
[2020-08-12T20:47:23.958+0000][6][safepoint    ] Safepoint "Cleanup", Time since last: 1000349907 ns, Reaching safepoint: 603419 ns, At safepoint: 43338 ns, Total: 646757 ns
[2020-08-12T20:47:25.110+0000][6][safepoint    ] Safepoint "Cleanup", Time since last: 1151887903 ns, Reaching safepoint: 496346 ns, At safepoint: 23625 ns, Total: 519971 ns
[2020-08-12T20:47:26.111+0000][6][safepoint    ] Safepoint "Cleanup", Time since last: 1000363981 ns, Reaching safepoint: 616819 ns, At safepoint: 45812 ns, Total: 662631 ns
[2020-08-12T20:47:27.113+0000][6][safepoint    ] Safepoint "Cleanup", Time since last: 1000426081 ns, Reaching safepoint: 777194 ns, At safepoint: 43087 ns, Total: 820281 ns
[2020-08-12T20:47:28.114+0000][6][safepoint    ] Safepoint "Cleanup", Time since last: 1000431205 ns, Reaching safepoint: 882717 ns, At safepoint: 43700 ns, Total: 926417 ns
[2020-08-12T20:47:29.116+0000][6][safepoint    ] Safepoint "Cleanup", Time since last: 1000380093 ns, Reaching safepoint: 1080604 ns, At safepoint: 54012 ns, Total: 1134616 ns
[2020-08-12T20:47:30.117+0000][6][safepoint    ] Safepoint "Cleanup", Time since last: 1000344618 ns, Reaching safepoint: 774894 ns, At safepoint: 43499 ns, Total: 818393 ns
[2020-08-12T20:47:31.117+0000][6][safepoint    ] Safepoint "Cleanup", Time since last: 1000352006 ns, Reaching safepoint: 353697 ns, At safepoint: 17000 ns, Total: 370697 ns
[2020-08-12T20:47:32.118+0000][6][safepoint    ] Safepoint "Cleanup", Time since last: 1000205458 ns, Reaching safepoint: 430908 ns, At safepoint: 39438 ns, Total: 470346 ns
[2020-08-12T20:47:33.119+0000][6][safepoint    ] Safepoint "Cleanup", Time since last: 1000233782 ns, Reaching safepoint: 343997 ns, At safepoint: 12562 ns, Total: 356559 ns
[2020-08-12T20:47:34.120+0000][6][safepoint    ] Safepoint "Cleanup", Time since last: 1000143396 ns, Reaching safepoint: 612419 ns, At safepoint: 17925 ns, Total: 630344 ns
[2020-08-12T20:47:35.954+0000][6][safepoint    ] Safepoint "Cleanup", Time since last: 1834260157 ns, Reaching safepoint: 503371 ns, At safepoint: 31449 ns, Total: 534820 ns
[2020-08-12T20:47:37.089+0000][6][safepoint    ] Safepoint "Cleanup", Time since last: 1134340969 ns, Reaching safepoint: 472708 ns, At safepoint: 19163 ns, Total: 491871 ns
[2020-08-12T20:47:38.090+0000][6][safepoint    ] Safepoint "Cleanup", Time since last: 1000186132 ns, Reaching safepoint: 417122 ns, At safepoint: 53899 ns, Total: 471021 ns
[2020-08-12T20:47:39.091+0000][6][safepoint    ] Safepoint "Cleanup", Time since last: 1000398431 ns, Reaching safepoint: 839093 ns, At safepoint: 55174 ns, Total: 894267 ns
[2020-08-12T20:47:40.958+0000][6][safepoint    ] Safepoint "Cleanup", Time since last: 1865666372 ns, Reaching safepoint: 775406 ns, At safepoint: 45599 ns, Total: 821005 ns
[2020-08-12T20:47:41.967+0000][6][safepoint    ] Safepoint "Cleanup", Time since last: 1008304313 ns, Reaching safepoint: 1270564 ns, At safepoint: 52149 ns, Total: 1322713 ns
[2020-08-12T20:47:42.968+0000][6][safepoint    ] Safepoint "Cleanup", Time since last: 1000293007 ns, Reaching safepoint: 669532 ns, At safepoint: 43362 ns, Total: 712894 ns
[2020-08-12T20:47:43.969+0000][6][safepoint    ] Safepoint "Cleanup", Time since last: 1000361056 ns, Reaching safepoint: 629982 ns, At safepoint: 55787 ns, Total: 685769 ns
[2020-08-12T20:47:44.963+0000][6][safepoint    ] Safepoint "BulkRevokeBias", Time since last: 990382418 ns, Reaching safepoint: 577482 ns, At safepoint: 3169948 ns, Total: 3747430 ns
[2020-08-12T20:47:46.051+0000][6][safepoint    ] Safepoint "Cleanup", Time since last: 1087058291 ns, Reaching safepoint: 643757 ns, At safepoint: 43637 ns, Total: 687394 ns
[2020-08-12T20:47:47.052+0000][6][safepoint    ] Safepoint "Cleanup", Time since last: 1000302394 ns, Reaching safepoint: 519758 ns, At safepoint: 44062 ns, Total: 563820 ns
[2020-08-12T20:47:48.053+0000][6][safepoint    ] Safepoint "Cleanup", Time since last: 1000349369 ns, Reaching safepoint: 652432 ns, At safepoint: 50499 ns, Total: 702931 ns
[2020-08-12T20:47:49.055+0000][6][safepoint    ] Safepoint "Cleanup", Time since last: 1000326432 ns, Reaching safepoint: 1057978 ns, At safepoint: 51012 ns, Total: 1108990 ns
[2020-08-12T20:47:50.056+0000][6][safepoint    ] Safepoint "Cleanup", Time since last: 1000311219 ns, Reaching safepoint: 719731 ns, At safepoint: 37288 ns, Total: 757019 ns
[2020-08-12T20:47:51.057+0000][6][safepoint    ] Safepoint "Cleanup", Time since last: 1000358494 ns, Reaching safepoint: 804868 ns, At safepoint: 42262 ns, Total: 847130 ns
[2020-08-12T20:47:52.058+0000][6][safepoint    ] Safepoint "Cleanup", Time since last: 1000404930 ns, Reaching safepoint: 784581 ns, At safepoint: 37550 ns, Total: 822131 ns
[2020-08-12T20:47:53.059+0000][6][safepoint    ] Safepoint "Cleanup", Time since last: 1000267369 ns, Reaching safepoint: 648207 ns, At safepoint: 54049 ns, Total: 702256 ns
[2020-08-12T20:47:54.060+0000][6][safepoint    ] Safepoint "Cleanup", Time since last: 1000403056 ns, Reaching safepoint: 773018 ns, At safepoint: 68100 ns, Total: 841118 ns
[2020-08-12T20:47:55.071+0000][6][safepoint    ] Safepoint "Cleanup", Time since last: 1010373782 ns, Reaching safepoint: 405359 ns, At safepoint: 18687 ns, Total: 424046 ns
[2020-08-12T20:47:56.072+0000][6][safepoint    ] Safepoint "Cleanup", Time since last: 1000330319 ns, Reaching safepoint: 685156 ns, At safepoint: 45612 ns, Total: 730768 ns
[2020-08-12T20:47:57.073+0000][6][safepoint    ] Safepoint "Cleanup", Time since last: 1000302870 ns, Reaching safepoint: 421458 ns, At safepoint: 26000 ns, Total: 447458 ns
[2020-08-12T20:47:58.074+0000][6][safepoint    ] Safepoint "Cleanup", Time since last: 1000347894 ns, Reaching safepoint: 818018 ns, At safepoint: 68149 ns, Total: 886167 ns
[2020-08-12T20:47:59.075+0000][6][safepoint    ] Safepoint "Cleanup", Time since last: 1000363931 ns, Reaching safepoint: 852630 ns, At safepoint: 63625 ns, Total: 916255 ns
[2020-08-12T20:48:00.960+0000][6][safepoint    ] Safepoint "Cleanup", Time since last: 1884389747 ns, Reaching safepoint: 517720 ns, At safepoint: 24725 ns, Total: 542445 ns
[2020-08-12T20:48:01.961+0000][6][safepoint    ] Safepoint "Cleanup", Time since last: 1000196645 ns, Reaching safepoint: 355272 ns, At safepoint: 18175 ns, Total: 373447 ns
[2020-08-12T20:48:02.962+0000][6][safepoint    ] Safepoint "Cleanup", Time since last: 1000288794 ns, Reaching safepoint: 583020 ns, At safepoint: 43250 ns, Total: 626270 ns
[2020-08-12T20:48:03.963+0000][6][safepoint    ] Safepoint "Cleanup", Time since last: 1000410443 ns, Reaching safepoint: 593070 ns, At safepoint: 49812 ns, Total: 642882 ns
[2020-08-12T20:48:05.962+0000][6][safepoint    ] Safepoint "Cleanup", Time since last: 1998715092 ns, Reaching safepoint: 563808 ns, At safepoint: 43899 ns, Total: 607707 ns
[2020-08-12T20:48:07.051+0000][6][safepoint    ] Safepoint "Cleanup", Time since last: 1088448529 ns, Reaching safepoint: 479584 ns, At safepoint: 19050 ns, Total: 498634 ns
[2020-08-12T20:48:08.064+0000][6][safepoint    ] Safepoint "Cleanup", Time since last: 1011899793 ns, Reaching safepoint: 585570 ns, At safepoint: 44300 ns, Total: 629870 ns
[2020-08-12T20:48:09.065+0000][6][safepoint    ] Safepoint "Cleanup", Time since last: 1000340456 ns, Reaching safepoint: 1017704 ns, At safepoint: 59787 ns, Total: 1077491 ns
[2020-08-12T20:48:10.067+0000][6][safepoint    ] Safepoint "Cleanup", Time since last: 1000385580 ns, Reaching safepoint: 1500750 ns, At safepoint: 40550 ns, Total: 1541300 ns
[2020-08-12T20:48:11.068+0000][6][safepoint    ] Safepoint "Cleanup", Time since last: 1000301806 ns, Reaching safepoint: 866718 ns, At safepoint: 56062 ns, Total: 922780 ns
[2020-08-12T20:48:12.069+0000][6][safepoint    ] Safepoint "Cleanup", Time since last: 1000298469 ns, Reaching safepoint: 343247 ns, At safepoint: 15825 ns, Total: 359072 ns
[2020-08-12T20:48:13.070+0000][6][safepoint    ] Safepoint "Cleanup", Time since last: 1000257807 ns, Reaching safepoint: 818455 ns, At safepoint: 43937 ns, Total: 862392 ns
[2020-08-12T20:48:14.071+0000][6][safepoint    ] Safepoint "Cleanup", Time since last: 1000340819 ns, Reaching safepoint: 1075416 ns, At safepoint: 73299 ns, Total: 1148715 ns
[2020-08-12T20:48:16.028+0000][6][safepoint    ] Safepoint "Cleanup", Time since last: 1955805440 ns, Reaching safepoint: 817130 ns, At safepoint: 46162 ns, Total: 863292 ns
[2020-08-12T20:48:17.029+0000][6][safepoint    ] Safepoint "Cleanup", Time since last: 1000337719 ns, Reaching safepoint: 507696 ns, At safepoint: 42499 ns, Total: 550195 ns
[2020-08-12T20:48:18.030+0000][6][safepoint    ] Safepoint "Cleanup", Time since last: 1000333532 ns, Reaching safepoint: 609632 ns, At safepoint: 44075 ns, Total: 653707 ns
[2020-08-12T20:48:19.031+0000][6][safepoint    ] Safepoint "Cleanup", Time since last: 1000335256 ns, Reaching safepoint: 597920 ns, At safepoint: 45112 ns, Total: 643032 ns
[2020-08-12T20:48:20.964+0000][6][safepoint    ] Safepoint "Cleanup", Time since last: 1932354530 ns, Reaching safepoint: 768094 ns, At safepoint: 54424 ns, Total: 822518 ns
[2020-08-12T20:48:21.965+0000][6][safepoint    ] Safepoint "Cleanup", Time since last: 1000318344 ns, Reaching safepoint: 290248 ns, At safepoint: 23675 ns, Total: 313923 ns
[2020-08-12T20:48:22.966+0000][6][safepoint    ] Safepoint "Cleanup", Time since last: 1000292206 ns, Reaching safepoint: 568783 ns, At safepoint: 42262 ns, Total: 611045 ns
[2020-08-12T20:48:23.967+0000][6][safepoint    ] Safepoint "Cleanup", Time since last: 1000452030 ns, Reaching safepoint: 578833 ns, At safepoint: 44575 ns, Total: 623408 ns
[2020-08-12T20:48:25.078+0000][6][safepoint    ] Safepoint "Cleanup", Time since last: 1106804307 ns, Reaching safepoint: 4597135 ns, At safepoint: 22462 ns, Total: 4619597 ns
[2020-08-12T20:48:26.079+0000][6][safepoint    ] Safepoint "Cleanup", Time since last: 1000291394 ns, Reaching safepoint: 609058 ns, At safepoint: 37837 ns, Total: 646895 ns
[2020-08-12T20:48:27.080+0000][6][safepoint    ] Safepoint "Cleanup", Time since last: 1000320631 ns, Reaching safepoint: 853380 ns, At safepoint: 42713 ns, Total: 896093 ns
[2020-08-12T20:48:28.082+0000][6][safepoint    ] Safepoint "Cleanup", Time since last: 1000346768 ns, Reaching safepoint: 761844 ns, At safepoint: 46487 ns, Total: 808331 ns
[2020-08-12T20:48:29.083+0000][6][safepoint    ] Safepoint "Cleanup", Time since last: 1000323931 ns, Reaching safepoint: 935080 ns, At safepoint: 52212 ns, Total: 987292 ns
[2020-08-12T20:48:30.084+0000][6][safepoint    ] Safepoint "Cleanup", Time since last: 1000365318 ns, Reaching safepoint: 621382 ns, At safepoint: 45575 ns, Total: 666957 ns
[2020-08-12T20:48:31.085+0000][6][safepoint    ] Safepoint "Cleanup", Time since last: 1000448706 ns, Reaching safepoint: 527983 ns, At safepoint: 143036 ns, Total: 671019 ns
[2020-08-12T20:48:31.724+0000][6][safepoint    ] Safepoint "BulkRevokeBias", Time since last: 634456444 ns, Reaching safepoint: 504645 ns, At safepoint: 3574432 ns, Total: 4079077 ns
[2020-08-12T20:48:32.752+0000][6][safepoint    ] Safepoint "Cleanup", Time since last: 1028074141 ns, Reaching safepoint: 799843 ns, At safepoint: 43387 ns, Total: 843230 ns
[2020-08-12T20:48:33.753+0000][6][safepoint    ] Safepoint "Cleanup", Time since last: 1000329318 ns, Reaching safepoint: 679119 ns, At safepoint: 38025 ns, Total: 717144 ns
[2020-08-12T20:48:34.755+0000][6][safepoint    ] Safepoint "Cleanup", Time since last: 1000299594 ns, Reaching safepoint: 858293 ns, At safepoint: 48212 ns, Total: 906505 ns
[2020-08-12T20:48:35.987+0000][6][safepoint    ] Safepoint "Cleanup", Time since last: 1231533500 ns, Reaching safepoint: 628894 ns, At safepoint: 51013 ns, Total: 679907 ns
[2020-08-12T20:48:37.190+0000][6][safepoint    ] Safepoint "Cleanup", Time since last: 1202962097 ns, Reaching safepoint: 282111 ns, At safepoint: 10799 ns, Total: 292910 ns
[2020-08-12T20:48:38.191+0000][6][safepoint    ] Safepoint "Cleanup", Time since last: 1000226695 ns, Reaching safepoint: 866118 ns, At safepoint: 42762 ns, Total: 908880 ns
[2020-08-12T20:48:39.192+0000][6][safepoint    ] Safepoint "Cleanup", Time since last: 1000321794 ns, Reaching safepoint: 703369 ns, At safepoint: 31024 ns, Total: 734393 ns
[2020-08-12T20:48:40.963+0000][6][safepoint    ] Safepoint "Cleanup", Time since last: 1769659568 ns, Reaching safepoint: 800893 ns, At safepoint: 42125 ns, Total: 843018 ns
[2020-08-12T20:48:41.964+0000][6][safepoint    ] Safepoint "Cleanup", Time since last: 1000400668 ns, Reaching safepoint: 1048691 ns, At safepoint: 44837 ns, Total: 1093528 ns
[2020-08-12T20:48:42.965+0000][6][safepoint    ] Safepoint "Cleanup", Time since last: 1000352869 ns, Reaching safepoint: 708706 ns, At safepoint: 32637 ns, Total: 741343 ns
[2020-08-12T20:48:43.967+0000][6][safepoint    ] Safepoint "Cleanup", Time since last: 1000307607 ns, Reaching safepoint: 878842 ns, At safepoint: 42775 ns, Total: 921617 ns
[2020-08-12T20:48:45.961+0000][6][safepoint    ] Safepoint "Cleanup", Time since last: 1993176740 ns, Reaching safepoint: 957117 ns, At safepoint: 46724 ns, Total: 1003841 ns
[2020-08-12T20:48:46.962+0000][6][safepoint    ] Safepoint "Cleanup", Time since last: 1000354369 ns, Reaching safepoint: 639419 ns, At safepoint: 67950 ns, Total: 707369 ns
[2020-08-12T20:48:47.963+0000][6][safepoint    ] Safepoint "Cleanup", Time since last: 1000283357 ns, Reaching safepoint: 857455 ns, At safepoint: 45049 ns, Total: 902504 ns
[2020-08-12T20:48:48.964+0000][6][safepoint    ] Safepoint "Cleanup", Time since last: 1000344019 ns, Reaching safepoint: 677694 ns, At safepoint: 42612 ns, Total: 720306 ns
[2020-08-12T20:48:49.966+0000][6][safepoint    ] Safepoint "Cleanup", Time since last: 1000338832 ns, Reaching safepoint: 977041 ns, At safepoint: 50975 ns, Total: 1028016 ns
[2020-08-12T20:48:50.967+0000][6][safepoint    ] Safepoint "Cleanup", Time since last: 1000341156 ns, Reaching safepoint: 693932 ns, At safepoint: 51649 ns, Total: 745581 ns
[2020-08-12T20:48:51.967+0000][6][safepoint    ] Safepoint "Cleanup", Time since last: 1000303857 ns, Reaching safepoint: 330759 ns, At safepoint: 16650 ns, Total: 347409 ns
[2020-08-12T20:48:52.968+0000][6][safepoint    ] Safepoint "Cleanup", Time since last: 1000239045 ns, Reaching safepoint: 717744 ns, At safepoint: 43662 ns, Total: 761406 ns
[2020-08-12T20:48:53.969+0000][6][safepoint    ] Safepoint "Cleanup", Time since last: 1000337219 ns, Reaching safepoint: 819593 ns, At safepoint: 46824 ns, Total: 866417 ns
[2020-08-12T20:48:54.979+0000][6][safepoint    ] Safepoint "Cleanup", Time since last: 1003603403 ns, Reaching safepoint: 5566427 ns, At safepoint: 16575 ns, Total: 5583002 ns
[2020-08-12T20:48:55.985+0000][6][safepoint    ] Safepoint "Cleanup", Time since last: 1005204451 ns, Reaching safepoint: 701907 ns, At safepoint: 43799 ns, Total: 745706 ns
[2020-08-12T20:48:56.985+0000][6][safepoint    ] Safepoint "Cleanup", Time since last: 1000352019 ns, Reaching safepoint: 403034 ns, At safepoint: 43462 ns, Total: 446496 ns
[2020-08-12T20:48:57.986+0000][6][safepoint    ] Safepoint "Cleanup", Time since last: 1000328182 ns, Reaching safepoint: 398496 ns, At safepoint: 16662 ns, Total: 415158 ns
[2020-08-12T20:48:58.987+0000][6][safepoint    ] Safepoint "Cleanup", Time since last: 1000250758 ns, Reaching safepoint: 765818 ns, At safepoint: 43412 ns, Total: 809230 ns
[2020-08-12T20:49:00.967+0000][6][safepoint    ] Safepoint "Cleanup", Time since last: 1978775003 ns, Reaching safepoint: 651107 ns, At safepoint: 43299 ns, Total: 694406 ns
[2020-08-12T20:49:02.894+0000][6][safepoint    ] Safepoint "Cleanup", Time since last: 1926734792 ns, Reaching safepoint: 866380 ns, At safepoint: 43800 ns, Total: 910180 ns
[2020-08-12T20:49:03.896+0000][6][safepoint    ] Safepoint "Cleanup", Time since last: 1000343643 ns, Reaching safepoint: 817931 ns, At safepoint: 43450 ns, Total: 861381 ns
[2020-08-12T20:49:04.897+0000][6][safepoint    ] Safepoint "Cleanup", Time since last: 1000340306 ns, Reaching safepoint: 999816 ns, At safepoint: 113762 ns, Total: 1113578 ns
[2020-08-12T20:49:05.028+0000][6][safepoint    ] Safepoint "BulkRevokeBias", Time since last: 126794824 ns, Reaching safepoint: 656132 ns, At safepoint: 3543532 ns, Total: 4199664 ns
[2020-08-12T20:49:06.034+0000][6][safepoint    ] Safepoint "Cleanup", Time since last: 1000277669 ns, Reaching safepoint: 6101735 ns, At safepoint: 35187 ns, Total: 6136922 ns
[2020-08-12T20:49:06.152+0000][6][safepoint    ] Safepoint "BulkRevokeBias", Time since last: 109961446 ns, Reaching safepoint: 806805 ns, At safepoint: 6453432 ns, Total: 7260237 ns
[2020-08-12T20:49:07.153+0000][6][safepoint    ] Safepoint "Cleanup", Time since last: 1000218357 ns, Reaching safepoint: 748606 ns, At safepoint: 33200 ns, Total: 781806 ns
[2020-08-12T20:49:08.154+0000][6][safepoint    ] Safepoint "Cleanup", Time since last: 1000251244 ns, Reaching safepoint: 955130 ns, At safepoint: 54724 ns, Total: 1009854 ns
[2020-08-12T20:49:09.155+0000][6][safepoint    ] Safepoint "Cleanup", Time since last: 1000474193 ns, Reaching safepoint: 773793 ns, At safepoint: 47725 ns, Total: 821518 ns
[2020-08-12T20:49:10.156+0000][6][safepoint    ] Safepoint "Cleanup", Time since last: 1000285044 ns, Reaching safepoint: 675894 ns, At safepoint: 39425 ns, Total: 715319 ns
[2020-08-12T20:49:11.157+0000][6][safepoint    ] Safepoint "Cleanup", Time since last: 1000302944 ns, Reaching safepoint: 666731 ns, At safepoint: 50750 ns, Total: 717481 ns
[2020-08-12T20:49:12.158+0000][6][safepoint    ] Safepoint "Cleanup", Time since last: 1000349694 ns, Reaching safepoint: 505595 ns, At safepoint: 44500 ns, Total: 550095 ns
[2020-08-12T20:49:13.159+0000][6][safepoint    ] Safepoint "Cleanup", Time since last: 1000337794 ns, Reaching safepoint: 884005 ns, At safepoint: 42837 ns, Total: 926842 ns
[2020-08-12T20:49:14.161+0000][6][safepoint    ] Safepoint "Cleanup", Time since last: 1000348481 ns, Reaching safepoint: 1016392 ns, At safepoint: 62924 ns, Total: 1079316 ns
[2020-08-12T20:49:15.967+0000][6][safepoint    ] Safepoint "Cleanup", Time since last: 1805355770 ns, Reaching safepoint: 900943 ns, At safepoint: 44337 ns, Total: 945280 ns
[2020-08-12T20:49:16.968+0000][6][safepoint    ] Safepoint "Cleanup", Time since last: 1000352731 ns, Reaching safepoint: 978254 ns, At safepoint: 42662 ns, Total: 1020916 ns
[2020-08-12T20:49:17.970+0000][6][safepoint    ] Safepoint "Cleanup", Time since last: 1000350593 ns, Reaching safepoint: 834168 ns, At safepoint: 42437 ns, Total: 876605 ns
[2020-08-12T20:49:18.971+0000][6][safepoint    ] Safepoint "Cleanup", Time since last: 1000399631 ns, Reaching safepoint: 774456 ns, At safepoint: 126049 ns, Total: 900505 ns
[2020-08-12T20:49:19.975+0000][6][safepoint    ] Safepoint "Cleanup", Time since last: 1001264798 ns, Reaching safepoint: 3042486 ns, At safepoint: 50150 ns, Total: 3092636 ns
[2020-08-12T20:49:20.983+0000][6][safepoint    ] Safepoint "Cleanup", Time since last: 1006519265 ns, Reaching safepoint: 818043 ns, At safepoint: 42624 ns, Total: 860667 ns
[2020-08-12T20:49:21.337+0000][6][gc,start     ] GC(38) Pause Young (Normal) (G1 Evacuation Pause)
[2020-08-12T20:49:21.337+0000][6][gc,task      ] GC(38) Using 2 workers of 2 for evacuation
[2020-08-12T20:49:21.337+0000][6][gc,age       ] GC(38) Desired survivor size 39321600 bytes, new threshold 15 (max threshold 15)
[2020-08-12T20:49:21.447+0000][6][gc,age       ] GC(38) Age table with threshold 15 (max threshold 15)
[2020-08-12T20:49:21.448+0000][6][gc,age       ] GC(38) - age   1:     299040 bytes,     299040 total
[2020-08-12T20:49:21.448+0000][6][gc,age       ] GC(38) - age   2:     127368 bytes,     426408 total
[2020-08-12T20:49:21.448+0000][6][gc,age       ] GC(38) - age   3:       7112 bytes,     433520 total
[2020-08-12T20:49:21.448+0000][6][gc,age       ] GC(38) - age   4:      23920 bytes,     457440 total
[2020-08-12T20:49:21.448+0000][6][gc,age       ] GC(38) - age   5:      14824 bytes,     472264 total
[2020-08-12T20:49:21.448+0000][6][gc,age       ] GC(38) - age   6:      11664 bytes,     483928 total
[2020-08-12T20:49:21.448+0000][6][gc,age       ] GC(38) - age   7:       6256 bytes,     490184 total
[2020-08-12T20:49:21.448+0000][6][gc,age       ] GC(38) - age   8:     100216 bytes,     590400 total
[2020-08-12T20:49:21.448+0000][6][gc,age       ] GC(38) - age   9:     143240 bytes,     733640 total
[2020-08-12T20:49:21.448+0000][6][gc,age       ] GC(38) - age  10:      72872 bytes,     806512 total
[2020-08-12T20:49:21.449+0000][6][gc,age       ] GC(38) - age  11:     181448 bytes,     987960 total
[2020-08-12T20:49:21.449+0000][6][gc,age       ] GC(38) - age  12:     134640 bytes,    1122600 total
[2020-08-12T20:49:21.449+0000][6][gc,phases    ] GC(38)   Pre Evacuate Collection Set: 36.4ms
[2020-08-12T20:49:21.449+0000][6][gc,phases    ] GC(38)   Merge Heap Roots: 0.9ms
[2020-08-12T20:49:21.449+0000][6][gc,phases    ] GC(38)   Evacuate Collection Set: 57.4ms
[2020-08-12T20:49:21.449+0000][6][gc,phases    ] GC(38)   Post Evacuate Collection Set: 14.9ms
[2020-08-12T20:49:21.449+0000][6][gc,phases    ] GC(38)   Other: 2.7ms
[2020-08-12T20:49:21.450+0000][6][gc,heap      ] GC(38) Eden regions: 595->0(1226)
[2020-08-12T20:49:21.450+0000][6][gc,heap      ] GC(38) Survivor regions: 2->2(75)
[2020-08-12T20:49:21.450+0000][6][gc,heap      ] GC(38) Old regions: 80->80
[2020-08-12T20:49:21.450+0000][6][gc,heap      ] GC(38) Archive regions: 2->2
[2020-08-12T20:49:21.450+0000][6][gc,heap      ] GC(38) Humongous regions: 75->75
[2020-08-12T20:49:21.450+0000][6][gc,metaspace ] GC(38) Metaspace: 96510K(104108K)->96510K(104108K) NonClass: 83946K(88492K)->83946K(88492K) Class: 12564K(15616K)->12564K(15616K)
[2020-08-12T20:49:21.450+0000][6][gc           ] GC(38) Pause Young (Normal) (G1 Evacuation Pause) 751M->156M(2048M) 113.547ms
[2020-08-12T20:49:21.450+0000][6][gc,cpu       ] GC(38) User=0.07s Sys=0.01s Real=0.11s
[2020-08-12T20:49:21.451+0000][6][safepoint    ] Safepoint "G1CollectForAllocation", Time since last: 352856026 ns, Reaching safepoint: 968204 ns, At safepoint: 114299458 ns, Total: 115267662 ns
[2020-08-12T20:49:22.452+0000][6][safepoint    ] Safepoint "Cleanup", Time since last: 1000344719 ns, Reaching safepoint: 833842 ns, At safepoint: 44525 ns, Total: 878367 ns
[2020-08-12T20:49:23.453+0000][6][safepoint    ] Safepoint "Cleanup", Time since last: 1000347469 ns, Reaching safepoint: 791218 ns, At safepoint: 55600 ns, Total: 846818 ns
[2020-08-12T20:49:24.454+0000][6][safepoint    ] Safepoint "Cleanup", Time since last: 1000291081 ns, Reaching safepoint: 411084 ns, At safepoint: 16037 ns, Total: 427121 ns
[2020-08-12T20:49:25.992+0000][6][safepoint    ] Safepoint "Cleanup", Time since last: 1537763693 ns, Reaching safepoint: 699531 ns, At safepoint: 50437 ns, Total: 749968 ns
[2020-08-12T20:49:26.993+0000][6][safepoint    ] Safepoint "Cleanup", Time since last: 1000347432 ns, Reaching safepoint: 493170 ns, At safepoint: 42500 ns, Total: 535670 ns
[2020-08-12T20:49:27.994+0000][6][safepoint    ] Safepoint "Cleanup", Time since last: 1000347856 ns, Reaching safepoint: 618420 ns, At safepoint: 45612 ns, Total: 664032 ns
[2020-08-12T20:49:28.996+0000][6][safepoint    ] Safepoint "Cleanup", Time since last: 1000361656 ns, Reaching safepoint: 838193 ns, At safepoint: 42637 ns, Total: 880830 ns
[2020-08-12T20:49:29.997+0000][6][safepoint    ] Safepoint "Cleanup", Time since last: 1000339444 ns, Reaching safepoint: 1045828 ns, At safepoint: 43825 ns, Total: 1089653 ns
[2020-08-12T20:49:30.998+0000][6][safepoint    ] Safepoint "Cleanup", Time since last: 1000499330 ns, Reaching safepoint: 821968 ns, At safepoint: 47062 ns, Total: 869030 ns
[2020-08-12T20:49:31.999+0000][6][safepoint    ] Safepoint "Cleanup", Time since last: 1000292369 ns, Reaching safepoint: 495358 ns, At safepoint: 23137 ns, Total: 518495 ns
[2020-08-12T20:49:33.022+0000][6][safepoint    ] Safepoint "Cleanup", Time since last: 1022869574 ns, Reaching safepoint: 267147 ns, At safepoint: 11138 ns, Total: 278285 ns
[2020-08-12T20:49:34.023+0000][6][safepoint    ] Safepoint "Cleanup", Time since last: 1000229932 ns, Reaching safepoint: 518346 ns, At safepoint: 43987 ns, Total: 562333 ns
[2020-08-12T20:49:35.983+0000][6][safepoint    ] Safepoint "Cleanup", Time since last: 1958564903 ns, Reaching safepoint: 1179877 ns, At safepoint: 59287 ns, Total: 1239164 ns
[2020-08-12T20:49:37.101+0000][6][safepoint    ] Safepoint "Cleanup", Time since last: 1117478915 ns, Reaching safepoint: 955529 ns, At safepoint: 55262 ns, Total: 1010791 ns
[2020-08-12T20:49:38.103+0000][6][safepoint    ] Safepoint "Cleanup", Time since last: 1000350181 ns, Reaching safepoint: 861280 ns, At safepoint: 42325 ns, Total: 903605 ns
[2020-08-12T20:49:39.104+0000][6][safepoint    ] Safepoint "Cleanup", Time since last: 1000434068 ns, Reaching safepoint: 1057378 ns, At safepoint: 60937 ns, Total: 1118315 ns
[2020-08-12T20:49:40.972+0000][6][safepoint    ] Safepoint "Cleanup", Time since last: 1867431907 ns, Reaching safepoint: 608120 ns, At safepoint: 43112 ns, Total: 651232 ns
[2020-08-12T20:49:41.973+0000][6][safepoint    ] Safepoint "Cleanup", Time since last: 1000282056 ns, Reaching safepoint: 269160 ns, At safepoint: 10963 ns, Total: 280123 ns
[2020-08-12T20:49:42.974+0000][6][safepoint    ] Safepoint "Cleanup", Time since last: 1000249795 ns, Reaching safepoint: 883704 ns, At safepoint: 46175 ns, Total: 929879 ns
[2020-08-12T20:49:43.975+0000][6][safepoint    ] Safepoint "Cleanup", Time since last: 1000369631 ns, Reaching safepoint: 760181 ns, At safepoint: 51662 ns, Total: 811843 ns
[2020-08-12T20:49:45.969+0000][6][safepoint    ] Safepoint "Cleanup", Time since last: 1993293265 ns, Reaching safepoint: 704093 ns, At safepoint: 43588 ns, Total: 747681 ns
[2020-08-12T20:49:46.970+0000][6][safepoint    ] Safepoint "Cleanup", Time since last: 1000341706 ns, Reaching safepoint: 426333 ns, At safepoint: 43137 ns, Total: 469470 ns
[2020-08-12T20:49:47.971+0000][6][safepoint    ] Safepoint "Cleanup", Time since last: 1000341510 ns, Reaching safepoint: 757355 ns, At safepoint: 44975 ns, Total: 802330 ns
[2020-08-12T20:49:48.972+0000][6][safepoint    ] Safepoint "Cleanup", Time since last: 1000347742 ns, Reaching safepoint: 660907 ns, At safepoint: 50624 ns, Total: 711531 ns
[2020-08-12T20:49:49.975+0000][6][safepoint    ] Safepoint "Cleanup", Time since last: 1001532432 ns, Reaching safepoint: 690756 ns, At safepoint: 30412 ns, Total: 721168 ns
[2020-08-12T20:49:50.976+0000][6][safepoint    ] Safepoint "Cleanup", Time since last: 1000380255 ns, Reaching safepoint: 765155 ns, At safepoint: 42763 ns, Total: 807918 ns
[2020-08-12T20:49:51.977+0000][6][safepoint    ] Safepoint "Cleanup", Time since last: 1000400029 ns, Reaching safepoint: 788805 ns, At safepoint: 33650 ns, Total: 822455 ns
[2020-08-12T20:49:52.978+0000][6][safepoint    ] Safepoint "Cleanup", Time since last: 1000238506 ns, Reaching safepoint: 914267 ns, At safepoint: 56024 ns, Total: 970291 ns
[2020-08-12T20:49:53.979+0000][6][safepoint    ] Safepoint "Cleanup", Time since last: 1000338330 ns, Reaching safepoint: 663131 ns, At safepoint: 50062 ns, Total: 713193 ns
[2020-08-12T20:49:55.968+0000][6][safepoint    ] Safepoint "Cleanup", Time since last: 1988113701 ns, Reaching safepoint: 791005 ns, At safepoint: 46412 ns, Total: 837417 ns
[2020-08-12T20:49:56.969+0000][6][safepoint    ] Safepoint "Cleanup", Time since last: 1000268893 ns, Reaching safepoint: 323947 ns, At safepoint: 16262 ns, Total: 340209 ns
[2020-08-12T20:49:57.970+0000][6][safepoint    ] Safepoint "Cleanup", Time since last: 1000272019 ns, Reaching safepoint: 820942 ns, At safepoint: 46187 ns, Total: 867129 ns
[2020-08-12T20:49:58.971+0000][6][safepoint    ] Safepoint "Cleanup", Time since last: 1000347680 ns, Reaching safepoint: 804868 ns, At safepoint: 56799 ns, Total: 861667 ns
[2020-08-12T20:49:59.972+0000][6][safepoint    ] Safepoint "Cleanup", Time since last: 1000329855 ns, Reaching safepoint: 737294 ns, At safepoint: 44937 ns, Total: 782231 ns
[2020-08-12T20:50:00.974+0000][6][safepoint    ] Safepoint "Cleanup", Time since last: 1000536566 ns, Reaching safepoint: 665618 ns, At safepoint: 43713 ns, Total: 709331 ns
[2020-08-12T20:50:01.974+0000][6][safepoint    ] Safepoint "Cleanup", Time since last: 1000292942 ns, Reaching safepoint: 301223 ns, At safepoint: 16562 ns, Total: 317785 ns
[2020-08-12T20:50:02.975+0000][6][safepoint    ] Safepoint "Cleanup", Time since last: 1000263043 ns, Reaching safepoint: 688644 ns, At safepoint: 46024 ns, Total: 734668 ns
[2020-08-12T20:50:03.976+0000][6][safepoint    ] Safepoint "Cleanup", Time since last: 1000337480 ns, Reaching safepoint: 675807 ns, At safepoint: 43974 ns, Total: 719781 ns
[2020-08-12T20:50:05.039+0000][6][safepoint    ] Safepoint "Cleanup", Time since last: 1061879767 ns, Reaching safepoint: 697906 ns, At safepoint: 37075 ns, Total: 734981 ns
[2020-08-12T20:50:07.028+0000][6][safepoint    ] Safepoint "Cleanup", Time since last: 1989187340 ns, Reaching safepoint: 436883 ns, At safepoint: 73200 ns, Total: 510083 ns
[2020-08-12T20:50:08.090+0000][6][safepoint    ] Safepoint "Cleanup", Time since last: 1060710365 ns, Reaching safepoint: 586469 ns, At safepoint: 43525 ns, Total: 629994 ns
[2020-08-12T20:50:09.091+0000][6][safepoint    ] Safepoint "Cleanup", Time since last: 1000455129 ns, Reaching safepoint: 528758 ns, At safepoint: 88511 ns, Total: 617269 ns
[2020-08-12T20:50:10.092+0000][6][safepoint    ] Safepoint "Cleanup", Time since last: 1000335380 ns, Reaching safepoint: 543845 ns, At safepoint: 42800 ns, Total: 586645 ns
[2020-08-12T20:50:11.093+0000][6][safepoint    ] Safepoint "Cleanup", Time since last: 1000398592 ns, Reaching safepoint: 576295 ns, At safepoint: 43324 ns, Total: 619619 ns
[2020-08-12T20:50:12.094+0000][6][safepoint    ] Safepoint "Cleanup", Time since last: 1000378667 ns, Reaching safepoint: 578545 ns, At safepoint: 47887 ns, Total: 626432 ns
[2020-08-12T20:50:13.096+0000][6][safepoint    ] Safepoint "Cleanup", Time since last: 1001394408 ns, Reaching safepoint: 588920 ns, At safepoint: 97424 ns, Total: 686344 ns
[2020-08-12T20:50:14.097+0000][6][safepoint    ] Safepoint "Cleanup", Time since last: 1000350005 ns, Reaching safepoint: 505408 ns, At safepoint: 43162 ns, Total: 548570 ns
[2020-08-12T20:50:15.973+0000][6][safepoint    ] Safepoint "Cleanup", Time since last: 1875700029 ns, Reaching safepoint: 702981 ns, At safepoint: 50187 ns, Total: 753168 ns
[2020-08-12T20:50:16.974+0000][6][safepoint    ] Safepoint "Cleanup", Time since last: 1000350642 ns, Reaching safepoint: 523220 ns, At safepoint: 43388 ns, Total: 566608 ns
[2020-08-12T20:50:17.975+0000][6][safepoint    ] Safepoint "Cleanup", Time since last: 1000317705 ns, Reaching safepoint: 648281 ns, At safepoint: 42550 ns, Total: 690831 ns
[2020-08-12T20:50:18.976+0000][6][safepoint    ] Safepoint "Cleanup", Time since last: 1000339455 ns, Reaching safepoint: 630132 ns, At safepoint: 43237 ns, Total: 673369 ns
[2020-08-12T20:50:19.976+0000][6][safepoint    ] Safepoint "BulkRevokeBias", Time since last: 997027685 ns, Reaching safepoint: 570982 ns, At safepoint: 2478053 ns, Total: 3049035 ns
[2020-08-12T20:50:20.978+0000][6][safepoint    ] Safepoint "Cleanup", Time since last: 1001547769 ns, Reaching safepoint: 582082 ns, At safepoint: 43712 ns, Total: 625794 ns
[2020-08-12T20:50:21.979+0000][6][safepoint    ] Safepoint "Cleanup", Time since last: 1000297605 ns, Reaching safepoint: 633007 ns, At safepoint: 31262 ns, Total: 664269 ns
[2020-08-12T20:50:22.980+0000][6][safepoint    ] Safepoint "Cleanup", Time since last: 1000268506 ns, Reaching safepoint: 616044 ns, At safepoint: 44112 ns, Total: 660156 ns
[2020-08-12T20:50:23.981+0000][6][safepoint    ] Safepoint "Cleanup", Time since last: 1000328706 ns, Reaching safepoint: 598469 ns, At safepoint: 44737 ns, Total: 643206 ns
[2020-08-12T20:50:25.116+0000][6][safepoint    ] Safepoint "Cleanup", Time since last: 1109141609 ns, Reaching safepoint: 25973137 ns, At safepoint: 36575 ns, Total: 26009712 ns
[2020-08-12T20:50:26.118+0000][6][safepoint    ] Safepoint "Cleanup", Time since last: 1000278068 ns, Reaching safepoint: 683044 ns, At safepoint: 43087 ns, Total: 726131 ns
[2020-08-12T20:50:27.118+0000][6][safepoint    ] Safepoint "Cleanup", Time since last: 1000425442 ns, Reaching safepoint: 450046 ns, At safepoint: 42737 ns, Total: 492783 ns
[2020-08-12T20:50:28.119+0000][6][safepoint    ] Safepoint "Cleanup", Time since last: 1000342830 ns, Reaching safepoint: 630956 ns, At safepoint: 43112 ns, Total: 674068 ns
[2020-08-12T20:50:29.121+0000][6][safepoint    ] Safepoint "Cleanup", Time since last: 1000347793 ns, Reaching safepoint: 1020353 ns, At safepoint: 56200 ns, Total: 1076553 ns
[2020-08-12T20:50:30.122+0000][6][safepoint    ] Safepoint "Cleanup", Time since last: 1000902049 ns, Reaching safepoint: 568758 ns, At safepoint: 36437 ns, Total: 605195 ns
[2020-08-12T20:50:31.123+0000][6][safepoint    ] Safepoint "Cleanup", Time since last: 1000291555 ns, Reaching safepoint: 639257 ns, At safepoint: 113187 ns, Total: 752444 ns
[2020-08-12T20:50:32.125+0000][6][safepoint    ] Safepoint "Cleanup", Time since last: 1000339604 ns, Reaching safepoint: 850593 ns, At safepoint: 34262 ns, Total: 884855 ns
[2020-08-12T20:50:33.126+0000][6][safepoint    ] Safepoint "Cleanup", Time since last: 1000347630 ns, Reaching safepoint: 518383 ns, At safepoint: 37049 ns, Total: 555432 ns
[2020-08-12T20:50:34.127+0000][6][safepoint    ] Safepoint "Cleanup", Time since last: 1000387130 ns, Reaching safepoint: 1453849 ns, At safepoint: 90924 ns, Total: 1544773 ns
[2020-08-12T20:50:35.976+0000][6][safepoint    ] Safepoint "Cleanup", Time since last: 1847615936 ns, Reaching safepoint: 1039691 ns, At safepoint: 54899 ns, Total: 1094590 ns
[2020-08-12T20:50:37.015+0000][6][safepoint    ] Safepoint "Cleanup", Time since last: 1038192221 ns, Reaching safepoint: 431984 ns, At safepoint: 12287 ns, Total: 444271 ns
[2020-08-12T20:50:38.022+0000][6][safepoint    ] Safepoint "Cleanup", Time since last: 1005810605 ns, Reaching safepoint: 966166 ns, At safepoint: 49575 ns, Total: 1015741 ns
[2020-08-12T20:50:39.023+0000][6][safepoint    ] Safepoint "Cleanup", Time since last: 1000342842 ns, Reaching safepoint: 766931 ns, At safepoint: 42700 ns, Total: 809631 ns
[2020-08-12T20:50:40.978+0000][6][safepoint    ] Safepoint "Cleanup", Time since last: 1953844613 ns, Reaching safepoint: 876092 ns, At safepoint: 45412 ns, Total: 921504 ns
[2020-08-12T20:50:41.978+0000][6][safepoint    ] Safepoint "Cleanup", Time since last: 1000284556 ns, Reaching safepoint: 382309 ns, At safepoint: 13075 ns, Total: 395384 ns
[2020-08-12T20:50:42.979+0000][6][safepoint    ] Safepoint "Cleanup", Time since last: 1000223843 ns, Reaching safepoint: 866055 ns, At safepoint: 46625 ns, Total: 912680 ns
[2020-08-12T20:50:43.980+0000][6][safepoint    ] Safepoint "Cleanup", Time since last: 1000349029 ns, Reaching safepoint: 646444 ns, At safepoint: 50763 ns, Total: 697207 ns
[2020-08-12T20:50:45.976+0000][6][safepoint    ] Safepoint "Cleanup", Time since last: 1995291084 ns, Reaching safepoint: 602919 ns, At safepoint: 43437 ns, Total: 646356 ns
[2020-08-12T20:50:46.977+0000][6][safepoint    ] Safepoint "Cleanup", Time since last: 1000310456 ns, Reaching safepoint: 542895 ns, At safepoint: 41849 ns, Total: 584744 ns
[2020-08-12T20:50:47.978+0000][6][safepoint    ] Safepoint "Cleanup", Time since last: 1000302544 ns, Reaching safepoint: 687431 ns, At safepoint: 44824 ns, Total: 732255 ns
[2020-08-12T20:50:48.979+0000][6][safepoint    ] Safepoint "Cleanup", Time since last: 1000340618 ns, Reaching safepoint: 631119 ns, At safepoint: 51412 ns, Total: 682531 ns
[2020-08-12T20:50:49.981+0000][6][safepoint    ] Safepoint "Cleanup", Time since last: 1000492616 ns, Reaching safepoint: 1024316 ns, At safepoint: 136973 ns, Total: 1161289 ns
[2020-08-12T20:50:50.982+0000][6][safepoint    ] Safepoint "Cleanup", Time since last: 1000355693 ns, Reaching safepoint: 603994 ns, At safepoint: 46450 ns, Total: 650444 ns
[2020-08-12T20:50:51.983+0000][6][safepoint    ] Safepoint "Cleanup", Time since last: 1000283293 ns, Reaching safepoint: 458558 ns, At safepoint: 17800 ns, Total: 476358 ns
[2020-08-12T20:50:52.984+0000][6][safepoint    ] Safepoint "Cleanup", Time since last: 1000212144 ns, Reaching safepoint: 613856 ns, At safepoint: 52512 ns, Total: 666368 ns
[2020-08-12T20:50:53.985+0000][6][safepoint    ] Safepoint "Cleanup", Time since last: 1000337193 ns, Reaching safepoint: 610982 ns, At safepoint: 49862 ns, Total: 660844 ns
[2020-08-12T20:50:55.061+0000][6][safepoint    ] Safepoint "Cleanup", Time since last: 1075542754 ns, Reaching safepoint: 482983 ns, At safepoint: 32500 ns, Total: 515483 ns
[2020-08-12T20:50:56.062+0000][6][safepoint    ] Safepoint "Cleanup", Time since last: 1000471854 ns, Reaching safepoint: 652644 ns, At safepoint: 45612 ns, Total: 698256 ns
[2020-08-12T20:50:57.063+0000][6][safepoint    ] Safepoint "Cleanup", Time since last: 1000402554 ns, Reaching safepoint: 838030 ns, At safepoint: 44825 ns, Total: 882855 ns
[2020-08-12T20:50:58.064+0000][6][safepoint    ] Safepoint "Cleanup", Time since last: 1000368942 ns, Reaching safepoint: 726668 ns, At safepoint: 43362 ns, Total: 770030 ns
[2020-08-12T20:50:59.066+0000][6][safepoint    ] Safepoint "Cleanup", Time since last: 1000334268 ns, Reaching safepoint: 894579 ns, At safepoint: 43037 ns, Total: 937616 ns
[2020-08-12T20:50:59.979+0000][6][safepoint    ] Safepoint "BulkRevokeBias", Time since last: 910782450 ns, Reaching safepoint: 752493 ns, At safepoint: 2372928 ns, Total: 3125421 ns
[2020-08-12T20:51:00.985+0000][6][safepoint    ] Safepoint "Cleanup", Time since last: 1004699028 ns, Reaching safepoint: 836930 ns, At safepoint: 46637 ns, Total: 883567 ns
[2020-08-12T20:51:01.986+0000][6][safepoint    ] Safepoint "Cleanup", Time since last: 1000333893 ns, Reaching safepoint: 827992 ns, At safepoint: 43887 ns, Total: 871879 ns
[2020-08-12T20:51:02.987+0000][6][safepoint    ] Safepoint "Cleanup", Time since last: 1000327268 ns, Reaching safepoint: 627082 ns, At safepoint: 44074 ns, Total: 671156 ns
[2020-08-12T20:51:03.988+0000][6][safepoint    ] Safepoint "Cleanup", Time since last: 1000360630 ns, Reaching safepoint: 669419 ns, At safepoint: 43699 ns, Total: 713118 ns
[2020-08-12T20:51:05.989+0000][6][safepoint    ] Safepoint "Cleanup", Time since last: 1999776831 ns, Reaching safepoint: 657469 ns, At safepoint: 54225 ns, Total: 711694 ns
[2020-08-12T20:51:07.164+0000][6][safepoint    ] Safepoint "Cleanup", Time since last: 1174920444 ns, Reaching safepoint: 687756 ns, At safepoint: 13962 ns, Total: 701718 ns
[2020-08-12T20:51:08.165+0000][6][safepoint    ] Safepoint "Cleanup", Time since last: 1000227632 ns, Reaching safepoint: 679969 ns, At safepoint: 45037 ns, Total: 725006 ns
[2020-08-12T20:51:09.166+0000][6][safepoint    ] Safepoint "Cleanup", Time since last: 1000340492 ns, Reaching safepoint: 665856 ns, At safepoint: 44437 ns, Total: 710293 ns
[2020-08-12T20:51:10.167+0000][6][safepoint    ] Safepoint "Cleanup", Time since last: 1000303768 ns, Reaching safepoint: 617232 ns, At safepoint: 43575 ns, Total: 660807 ns
[2020-08-12T20:51:11.169+0000][6][safepoint    ] Safepoint "Cleanup", Time since last: 1000348480 ns, Reaching safepoint: 906991 ns, At safepoint: 42825 ns, Total: 949816 ns
[2020-08-12T20:51:12.170+0000][6][safepoint    ] Safepoint "Cleanup", Time since last: 1000367617 ns, Reaching safepoint: 556108 ns, At safepoint: 29487 ns, Total: 585595 ns
[2020-08-12T20:51:13.171+0000][6][safepoint    ] Safepoint "Cleanup", Time since last: 1000333905 ns, Reaching safepoint: 815342 ns, At safepoint: 46175 ns, Total: 861517 ns
[2020-08-12T20:51:14.172+0000][6][safepoint    ] Safepoint "Cleanup", Time since last: 1000399392 ns, Reaching safepoint: 1093453 ns, At safepoint: 63711 ns, Total: 1157164 ns
[2020-08-12T20:51:15.976+0000][6][safepoint    ] Safepoint "Cleanup", Time since last: 1803006357 ns, Reaching safepoint: 876942 ns, At safepoint: 54850 ns, Total: 931792 ns
[2020-08-12T20:51:16.977+0000][6][safepoint    ] Safepoint "Cleanup", Time since last: 1000341267 ns, Reaching safepoint: 795943 ns, At safepoint: 22512 ns, Total: 818455 ns
[2020-08-12T20:51:17.978+0000][6][safepoint    ] Safepoint "Cleanup", Time since last: 1000223032 ns, Reaching safepoint: 672518 ns, At safepoint: 50538 ns, Total: 723056 ns
[2020-08-12T20:51:18.980+0000][6][safepoint    ] Safepoint "Cleanup", Time since last: 1000337717 ns, Reaching safepoint: 823455 ns, At safepoint: 43075 ns, Total: 866530 ns
[2020-08-12T20:51:20.980+0000][6][safepoint    ] Safepoint "Cleanup", Time since last: 1999185223 ns, Reaching safepoint: 914167 ns, At safepoint: 42912 ns, Total: 957079 ns
[2020-08-12T20:51:21.980+0000][6][safepoint    ] Safepoint "Cleanup", Time since last: 1000299668 ns, Reaching safepoint: 331447 ns, At safepoint: 11675 ns, Total: 343122 ns
[2020-08-12T20:51:22.981+0000][6][safepoint    ] Safepoint "Cleanup", Time since last: 1000244681 ns, Reaching safepoint: 669056 ns, At safepoint: 44700 ns, Total: 713756 ns
[2020-08-12T20:51:23.982+0000][6][safepoint    ] Safepoint "Cleanup", Time since last: 1000338217 ns, Reaching safepoint: 651119 ns, At safepoint: 43825 ns, Total: 694944 ns
[2020-08-12T20:51:25.014+0000][6][safepoint    ] Safepoint "Cleanup", Time since last: 1031403870 ns, Reaching safepoint: 443759 ns, At safepoint: 16925 ns, Total: 460684 ns
[2020-08-12T20:51:26.015+0000][6][safepoint    ] Safepoint "Cleanup", Time since last: 1000325217 ns, Reaching safepoint: 639982 ns, At safepoint: 43312 ns, Total: 683294 ns
[2020-08-12T20:51:27.017+0000][6][safepoint    ] Safepoint "Cleanup", Time since last: 1000337080 ns, Reaching safepoint: 919042 ns, At safepoint: 46999 ns, Total: 966041 ns
[2020-08-12T20:51:28.018+0000][6][safepoint    ] Safepoint "Cleanup", Time since last: 1000344993 ns, Reaching safepoint: 762305 ns, At safepoint: 42162 ns, Total: 804467 ns
[2020-08-12T20:51:29.019+0000][6][safepoint    ] Safepoint "Cleanup", Time since last: 1000402705 ns, Reaching safepoint: 822667 ns, At safepoint: 43475 ns, Total: 866142 ns
[2020-08-12T20:51:30.020+0000][6][safepoint    ] Safepoint "Cleanup", Time since last: 1000341605 ns, Reaching safepoint: 779593 ns, At safepoint: 50249 ns, Total: 829842 ns
[2020-08-12T20:51:31.021+0000][6][safepoint    ] Safepoint "Cleanup", Time since last: 1000303518 ns, Reaching safepoint: 778530 ns, At safepoint: 37500 ns, Total: 816030 ns
[2020-08-12T20:51:32.022+0000][6][safepoint    ] Safepoint "Cleanup", Time since last: 1000312905 ns, Reaching safepoint: 568958 ns, At safepoint: 43512 ns, Total: 612470 ns
[2020-08-12T20:51:33.023+0000][6][safepoint    ] Safepoint "Cleanup", Time since last: 1000321855 ns, Reaching safepoint: 472383 ns, At safepoint: 29775 ns, Total: 502158 ns
[2020-08-12T20:51:34.024+0000][6][safepoint    ] Safepoint "Cleanup", Time since last: 1000222431 ns, Reaching safepoint: 389584 ns, At safepoint: 43474 ns, Total: 433058 ns
[2020-08-12T20:51:35.862+0000][6][safepoint    ] Safepoint "Cleanup", Time since last: 1837539879 ns, Reaching safepoint: 425296 ns, At safepoint: 12687 ns, Total: 437983 ns
[2020-08-12T20:51:36.867+0000][6][safepoint    ] Safepoint "Cleanup", Time since last: 1004505792 ns, Reaching safepoint: 1053691 ns, At safepoint: 30474 ns, Total: 1084165 ns
[2020-08-12T20:51:38.006+0000][6][safepoint    ] Safepoint "Cleanup", Time since last: 1137980170 ns, Reaching safepoint: 580245 ns, At safepoint: 149186 ns, Total: 729431 ns
[2020-08-12T20:51:39.007+0000][6][safepoint    ] Safepoint "Cleanup", Time since last: 1000347605 ns, Reaching safepoint: 870592 ns, At safepoint: 42975 ns, Total: 913567 ns
[2020-08-12T20:51:40.982+0000][6][safepoint    ] Safepoint "Cleanup", Time since last: 1974101341 ns, Reaching safepoint: 839017 ns, At safepoint: 43250 ns, Total: 882267 ns
[2020-08-12T20:51:41.984+0000][6][safepoint    ] Safepoint "Cleanup", Time since last: 1000358529 ns, Reaching safepoint: 935942 ns, At safepoint: 63574 ns, Total: 999516 ns
[2020-08-12T20:51:42.985+0000][6][safepoint    ] Safepoint "Cleanup", Time since last: 1000349418 ns, Reaching safepoint: 777155 ns, At safepoint: 42700 ns, Total: 819855 ns
[2020-08-12T20:51:43.986+0000][6][safepoint    ] Safepoint "Cleanup", Time since last: 1000412842 ns, Reaching safepoint: 855729 ns, At safepoint: 46150 ns, Total: 901879 ns
[2020-08-12T20:51:45.980+0000][6][safepoint    ] Safepoint "Cleanup", Time since last: 1993310927 ns, Reaching safepoint: 618582 ns, At safepoint: 45887 ns, Total: 664469 ns
[2020-08-12T20:51:46.981+0000][6][safepoint    ] Safepoint "Cleanup", Time since last: 1000298931 ns, Reaching safepoint: 1051240 ns, At safepoint: 36137 ns, Total: 1087377 ns
[2020-08-12T20:51:47.982+0000][6][safepoint    ] Safepoint "Cleanup", Time since last: 1000273093 ns, Reaching safepoint: 624157 ns, At safepoint: 44837 ns, Total: 668994 ns
[2020-08-12T20:51:48.983+0000][6][safepoint    ] Safepoint "Cleanup", Time since last: 1000333043 ns, Reaching safepoint: 622594 ns, At safepoint: 51212 ns, Total: 673806 ns
[2020-08-12T20:51:50.019+0000][6][safepoint    ] Safepoint "Cleanup", Time since last: 1000342843 ns, Reaching safepoint: 34960904 ns, At safepoint: 81000 ns, Total: 35041904 ns
[2020-08-12T20:51:51.020+0000][6][safepoint    ] Safepoint "Cleanup", Time since last: 1000390129 ns, Reaching safepoint: 608707 ns, At safepoint: 32575 ns, Total: 641282 ns
[2020-08-12T20:51:52.021+0000][6][safepoint    ] Safepoint "Cleanup", Time since last: 1000338342 ns, Reaching safepoint: 1088653 ns, At safepoint: 55824 ns, Total: 1144477 ns
[2020-08-12T20:51:53.022+0000][6][safepoint    ] Safepoint "Cleanup", Time since last: 1000349481 ns, Reaching safepoint: 491645 ns, At safepoint: 24900 ns, Total: 516545 ns
[2020-08-12T20:51:54.023+0000][6][safepoint    ] Safepoint "Cleanup", Time since last: 1000276105 ns, Reaching safepoint: 685306 ns, At safepoint: 43237 ns, Total: 728543 ns
[2020-08-12T20:51:55.981+0000][6][safepoint    ] Safepoint "Cleanup", Time since last: 1957426069 ns, Reaching safepoint: 857030 ns, At safepoint: 43012 ns, Total: 900042 ns
[2020-08-12T20:51:56.983+0000][6][safepoint    ] Safepoint "Cleanup", Time since last: 1000344880 ns, Reaching safepoint: 960928 ns, At safepoint: 55262 ns, Total: 1016190 ns
[2020-08-12T20:51:57.984+0000][6][safepoint    ] Safepoint "Cleanup", Time since last: 1000389880 ns, Reaching safepoint: 863217 ns, At safepoint: 43837 ns, Total: 907054 ns
[2020-08-12T20:51:58.985+0000][6][safepoint    ] Safepoint "Cleanup", Time since last: 1000348168 ns, Reaching safepoint: 898504 ns, At safepoint: 43700 ns, Total: 942204 ns
[2020-08-12T20:52:00.985+0000][6][safepoint    ] Safepoint "Cleanup", Time since last: 1999072599 ns, Reaching safepoint: 949567 ns, At safepoint: 42962 ns, Total: 992529 ns
[2020-08-12T20:52:01.986+0000][6][safepoint    ] Safepoint "Cleanup", Time since last: 1000273718 ns, Reaching safepoint: 467595 ns, At safepoint: 22450 ns, Total: 490045 ns
[2020-08-12T20:52:02.989+0000][6][safepoint    ] Safepoint "Cleanup", Time since last: 1000264906 ns, Reaching safepoint: 2480502 ns, At safepoint: 53612 ns, Total: 2534114 ns
[2020-08-12T20:52:03.990+0000][6][safepoint    ] Safepoint "Cleanup", Time since last: 1000345780 ns, Reaching safepoint: 661332 ns, At safepoint: 43574 ns, Total: 704906 ns
[2020-08-12T20:52:05.029+0000][6][safepoint    ] Safepoint "Cleanup", Time since last: 1038619680 ns, Reaching safepoint: 520308 ns, At safepoint: 15987 ns, Total: 536295 ns
[2020-08-12T20:52:06.031+0000][6][safepoint    ] Safepoint "Cleanup", Time since last: 1000245268 ns, Reaching safepoint: 978829 ns, At safepoint: 68937 ns, Total: 1047766 ns
[2020-08-12T20:52:07.037+0000][6][safepoint    ] Safepoint "Cleanup", Time since last: 1005537932 ns, Reaching safepoint: 499771 ns, At safepoint: 42749 ns, Total: 542520 ns
[2020-08-12T20:52:08.050+0000][6][safepoint    ] Safepoint "Cleanup", Time since last: 1012640905 ns, Reaching safepoint: 891292 ns, At safepoint: 44987 ns, Total: 936279 ns
[2020-08-12T20:52:09.051+0000][6][safepoint    ] Safepoint "Cleanup", Time since last: 1000342792 ns, Reaching safepoint: 840118 ns, At safepoint: 46599 ns, Total: 886717 ns
[2020-08-12T20:52:10.052+0000][6][safepoint    ] Safepoint "Cleanup", Time since last: 1000338605 ns, Reaching safepoint: 538908 ns, At safepoint: 43250 ns, Total: 582158 ns
[2020-08-12T20:52:11.053+0000][6][safepoint    ] Safepoint "Cleanup", Time since last: 1000342930 ns, Reaching safepoint: 721818 ns, At safepoint: 45925 ns, Total: 767743 ns
[2020-08-12T20:52:12.054+0000][6][safepoint    ] Safepoint "Cleanup", Time since last: 1000283480 ns, Reaching safepoint: 250310 ns, At safepoint: 12000 ns, Total: 262310 ns
[2020-08-12T20:52:13.055+0000][6][safepoint    ] Safepoint "Cleanup", Time since last: 1000220894 ns, Reaching safepoint: 744143 ns, At safepoint: 44687 ns, Total: 788830 ns
[2020-08-12T20:52:14.056+0000][6][safepoint    ] Safepoint "Cleanup", Time since last: 1000339943 ns, Reaching safepoint: 797392 ns, At safepoint: 56725 ns, Total: 854117 ns
[2020-08-12T20:52:15.983+0000][6][safepoint    ] Safepoint "Cleanup", Time since last: 1925562960 ns, Reaching safepoint: 712018 ns, At safepoint: 52150 ns, Total: 764168 ns
[2020-08-12T20:52:16.983+0000][6][safepoint    ] Safepoint "Cleanup", Time since last: 1000304168 ns, Reaching safepoint: 607894 ns, At safepoint: 31562 ns, Total: 639456 ns
[2020-08-12T20:52:17.985+0000][6][safepoint    ] Safepoint "Cleanup", Time since last: 1000268206 ns, Reaching safepoint: 948804 ns, At safepoint: 43237 ns, Total: 992041 ns
[2020-08-12T20:52:18.986+0000][6][safepoint    ] Safepoint "Cleanup", Time since last: 1000381142 ns, Reaching safepoint: 869455 ns, At safepoint: 44887 ns, Total: 914342 ns
[2020-08-12T20:52:19.990+0000][6][safepoint    ] Safepoint "Cleanup", Time since last: 1000990436 ns, Reaching safepoint: 2472065 ns, At safepoint: 46162 ns, Total: 2518227 ns
[2020-08-12T20:52:20.991+0000][6][safepoint    ] Safepoint "Cleanup", Time since last: 1000589003 ns, Reaching safepoint: 693169 ns, At safepoint: 121024 ns, Total: 814193 ns
[2020-08-12T20:52:21.992+0000][6][safepoint    ] Safepoint "Cleanup", Time since last: 1000308367 ns, Reaching safepoint: 398459 ns, At safepoint: 20438 ns, Total: 418897 ns
[2020-08-12T20:52:22.993+0000][6][safepoint    ] Safepoint "Cleanup", Time since last: 1000296455 ns, Reaching safepoint: 610969 ns, At safepoint: 51137 ns, Total: 662106 ns
[2020-08-12T20:52:23.994+0000][6][safepoint    ] Safepoint "Cleanup", Time since last: 1000340493 ns, Reaching safepoint: 780580 ns, At safepoint: 55600 ns, Total: 836180 ns
[2020-08-12T20:52:25.303+0000][6][safepoint    ] Safepoint "Cleanup", Time since last: 1014718998 ns, Reaching safepoint: 291571168 ns, At safepoint: 2893211 ns, Total: 294464379 ns
[2020-08-12T20:52:26.311+0000][6][safepoint    ] Safepoint "Cleanup", Time since last: 1006848858 ns, Reaching safepoint: 891155 ns, At safepoint: 42812 ns, Total: 933967 ns
[2020-08-12T20:52:27.312+0000][6][safepoint    ] Safepoint "Cleanup", Time since last: 1000404892 ns, Reaching safepoint: 865717 ns, At safepoint: 45287 ns, Total: 911004 ns
[2020-08-12T20:52:28.313+0000][6][safepoint    ] Safepoint "Cleanup", Time since last: 1000349305 ns, Reaching safepoint: 675756 ns, At safepoint: 44287 ns, Total: 720043 ns
[2020-08-12T20:52:29.316+0000][6][safepoint    ] Safepoint "Cleanup", Time since last: 1000331918 ns, Reaching safepoint: 2715300 ns, At safepoint: 47237 ns, Total: 2762537 ns
[2020-08-12T20:52:30.317+0000][6][safepoint    ] Safepoint "Cleanup", Time since last: 1000272656 ns, Reaching safepoint: 716856 ns, At safepoint: 44249 ns, Total: 761105 ns
[2020-08-12T20:52:31.318+0000][6][safepoint    ] Safepoint "Cleanup", Time since last: 1000349343 ns, Reaching safepoint: 673181 ns, At safepoint: 45224 ns, Total: 718405 ns
[2020-08-12T20:52:32.319+0000][6][safepoint    ] Safepoint "Cleanup", Time since last: 1000306831 ns, Reaching safepoint: 538295 ns, At safepoint: 35375 ns, Total: 573670 ns
[2020-08-12T20:52:33.320+0000][6][safepoint    ] Safepoint "Cleanup", Time since last: 1000276068 ns, Reaching safepoint: 676368 ns, At safepoint: 51800 ns, Total: 728168 ns
[2020-08-12T20:52:34.322+0000][6][safepoint    ] Safepoint "Cleanup", Time since last: 1000312568 ns, Reaching safepoint: 1174551 ns, At safepoint: 48025 ns, Total: 1222576 ns
[2020-08-12T20:52:35.986+0000][6][safepoint    ] Safepoint "Cleanup", Time since last: 1662951464 ns, Reaching safepoint: 1058266 ns, At safepoint: 55387 ns, Total: 1113653 ns
[2020-08-12T20:52:37.060+0000][6][safepoint    ] Safepoint "Cleanup", Time since last: 1073618734 ns, Reaching safepoint: 381046 ns, At safepoint: 125612 ns, Total: 506658 ns
[2020-08-12T20:52:38.086+0000][6][safepoint    ] Safepoint "Cleanup", Time since last: 1025264864 ns, Reaching safepoint: 601057 ns, At safepoint: 167099 ns, Total: 768156 ns
[2020-08-12T20:52:39.087+0000][6][safepoint    ] Safepoint "Cleanup", Time since last: 1000354679 ns, Reaching safepoint: 610832 ns, At safepoint: 43062 ns, Total: 653894 ns
[2020-08-12T20:52:40.988+0000][6][safepoint    ] Safepoint "Cleanup", Time since last: 1900206330 ns, Reaching safepoint: 780268 ns, At safepoint: 46312 ns, Total: 826580 ns
[2020-08-12T20:52:41.989+0000][6][safepoint    ] Safepoint "Cleanup", Time since last: 1000347130 ns, Reaching safepoint: 575207 ns, At safepoint: 42650 ns, Total: 617857 ns
[2020-08-12T20:52:42.990+0000][6][safepoint    ] Safepoint "Cleanup", Time since last: 1000313305 ns, Reaching safepoint: 625320 ns, At safepoint: 51424 ns, Total: 676744 ns
[2020-08-12T20:52:43.991+0000][6][safepoint    ] Safepoint "Cleanup", Time since last: 1000357905 ns, Reaching safepoint: 831942 ns, At safepoint: 45637 ns, Total: 877579 ns
[2020-08-12T20:52:45.026+0000][6][safepoint    ] Safepoint "BulkRevokeBias", Time since last: 1033131593 ns, Reaching safepoint: 389733 ns, At safepoint: 1057966 ns, Total: 1447699 ns
[2020-08-12T20:52:46.027+0000][6][safepoint    ] Safepoint "Cleanup", Time since last: 1000325055 ns, Reaching safepoint: 598157 ns, At safepoint: 43950 ns, Total: 642107 ns
[2020-08-12T20:52:47.027+0000][6][safepoint    ] Safepoint "Cleanup", Time since last: 1000387479 ns, Reaching safepoint: 272823 ns, At safepoint: 11662 ns, Total: 284485 ns
[2020-08-12T20:52:48.028+0000][6][safepoint    ] Safepoint "Cleanup", Time since last: 1000232481 ns, Reaching safepoint: 738943 ns, At safepoint: 45562 ns, Total: 784505 ns
[2020-08-12T20:52:49.030+0000][6][safepoint    ] Safepoint "Cleanup", Time since last: 1000328456 ns, Reaching safepoint: 817817 ns, At safepoint: 42862 ns, Total: 860679 ns
[2020-08-12T20:52:50.031+0000][6][safepoint    ] Safepoint "Cleanup", Time since last: 1000386267 ns, Reaching safepoint: 795518 ns, At safepoint: 87874 ns, Total: 883392 ns
[2020-08-12T20:52:51.032+0000][6][safepoint    ] Safepoint "Cleanup", Time since last: 1000349155 ns, Reaching safepoint: 831393 ns, At safepoint: 55312 ns, Total: 886705 ns
[2020-08-12T20:52:52.033+0000][6][safepoint    ] Safepoint "Cleanup", Time since last: 1000275730 ns, Reaching safepoint: 916217 ns, At safepoint: 14412 ns, Total: 930629 ns
[2020-08-12T20:52:53.034+0000][6][safepoint    ] Safepoint "Cleanup", Time since last: 1000222081 ns, Reaching safepoint: 687894 ns, At safepoint: 44024 ns, Total: 731918 ns
[2020-08-12T20:52:54.036+0000][6][safepoint    ] Safepoint "Cleanup", Time since last: 1000341655 ns, Reaching safepoint: 796681 ns, At safepoint: 46374 ns, Total: 843055 ns
[2020-08-12T20:52:55.070+0000][6][safepoint    ] Safepoint "Cleanup", Time since last: 1034419268 ns, Reaching safepoint: 507396 ns, At safepoint: 21987 ns, Total: 529383 ns
[2020-08-12T20:52:56.073+0000][6][safepoint    ] Safepoint "Cleanup", Time since last: 1001289071 ns, Reaching safepoint: 768406 ns, At safepoint: 45299 ns, Total: 813705 ns
[2020-08-12T20:52:57.073+0000][6][safepoint    ] Safepoint "Cleanup", Time since last: 1000326955 ns, Reaching safepoint: 429409 ns, At safepoint: 23275 ns, Total: 452684 ns
[2020-08-12T20:52:58.074+0000][6][safepoint    ] Safepoint "Cleanup", Time since last: 1000227956 ns, Reaching safepoint: 612932 ns, At safepoint: 35200 ns, Total: 648132 ns
[2020-08-12T20:52:59.075+0000][6][safepoint    ] Safepoint "Cleanup", Time since last: 1000303430 ns, Reaching safepoint: 625131 ns, At safepoint: 43887 ns, Total: 669018 ns
[2020-08-12T20:52:59.987+0000][6][safepoint    ] Safepoint "BulkRevokeBias", Time since last: 910360217 ns, Reaching safepoint: 448896 ns, At safepoint: 1264513 ns, Total: 1713409 ns
[2020-08-12T20:52:59.992+0000][6][safepoint    ] Safepoint "BulkRevokeBias", Time since last: 813155 ns, Reaching safepoint: 410759 ns, At safepoint: 3671904 ns, Total: 4082663 ns
[2020-08-12T20:53:00.993+0000][6][safepoint    ] Safepoint "Cleanup", Time since last: 1000413542 ns, Reaching safepoint: 607044 ns, At safepoint: 44287 ns, Total: 651331 ns
[2020-08-12T20:53:01.994+0000][6][safepoint    ] Safepoint "Cleanup", Time since last: 1000283468 ns, Reaching safepoint: 627757 ns, At safepoint: 21687 ns, Total: 649444 ns
[2020-08-12T20:53:02.995+0000][6][safepoint    ] Safepoint "Cleanup", Time since last: 1000242731 ns, Reaching safepoint: 696019 ns, At safepoint: 52937 ns, Total: 748956 ns
[2020-08-12T20:53:03.996+0000][6][safepoint    ] Safepoint "Cleanup", Time since last: 1000301793 ns, Reaching safepoint: 463758 ns, At safepoint: 28062 ns, Total: 491820 ns
[2020-08-12T20:53:05.987+0000][6][safepoint    ] Safepoint "Cleanup", Time since last: 1990067532 ns, Reaching safepoint: 1055641 ns, At safepoint: 54299 ns, Total: 1109940 ns
[2020-08-12T20:53:07.045+0000][6][safepoint    ] Safepoint "Cleanup", Time since last: 1056642790 ns, Reaching safepoint: 1219701 ns, At safepoint: 34250 ns, Total: 1253951 ns
[2020-08-12T20:53:08.190+0000][6][safepoint    ] Safepoint "Cleanup", Time since last: 1144482610 ns, Reaching safepoint: 656532 ns, At safepoint: 43737 ns, Total: 700269 ns
[2020-08-12T20:53:09.191+0000][6][safepoint    ] Safepoint "Cleanup", Time since last: 1000344917 ns, Reaching safepoint: 493871 ns, At safepoint: 28687 ns, Total: 522558 ns
[2020-08-12T20:53:10.401+0000][6][safepoint    ] Safepoint "Cleanup", Time since last: 1209013020 ns, Reaching safepoint: 1009053 ns, At safepoint: 56037 ns, Total: 1065090 ns
[2020-08-12T20:53:11.403+0000][6][safepoint    ] Safepoint "Cleanup", Time since last: 1001276184 ns, Reaching safepoint: 701356 ns, At safepoint: 43837 ns, Total: 745193 ns
[2020-08-12T20:53:12.404+0000][6][safepoint    ] Safepoint "Cleanup", Time since last: 1000295518 ns, Reaching safepoint: 507070 ns, At safepoint: 59325 ns, Total: 566395 ns
[2020-08-12T20:53:13.405+0000][6][safepoint    ] Safepoint "Cleanup", Time since last: 1000340330 ns, Reaching safepoint: 804542 ns, At safepoint: 55600 ns, Total: 860142 ns
[2020-08-12T20:53:14.406+0000][6][safepoint    ] Safepoint "Cleanup", Time since last: 1000285668 ns, Reaching safepoint: 590832 ns, At safepoint: 23687 ns, Total: 614519 ns
[2020-08-12T20:53:16.033+0000][6][safepoint    ] Safepoint "Cleanup", Time since last: 1626554598 ns, Reaching safepoint: 438558 ns, At safepoint: 18200 ns, Total: 456758 ns
[2020-08-12T20:53:17.036+0000][6][safepoint    ] Safepoint "Cleanup", Time since last: 1002217350 ns, Reaching safepoint: 453259 ns, At safepoint: 95186 ns, Total: 548445 ns
[2020-08-12T20:53:18.037+0000][6][safepoint    ] Safepoint "Cleanup", Time since last: 1000357080 ns, Reaching safepoint: 521471 ns, At safepoint: 43999 ns, Total: 565470 ns
[2020-08-12T20:53:19.038+0000][6][safepoint    ] Safepoint "Cleanup", Time since last: 1000648827 ns, Reaching safepoint: 857818 ns, At safepoint: 42812 ns, Total: 900630 ns
[2020-08-12T20:53:20.991+0000][6][safepoint    ] Safepoint "Cleanup", Time since last: 1951810319 ns, Reaching safepoint: 869842 ns, At safepoint: 63637 ns, Total: 933479 ns
[2020-08-12T20:53:21.993+0000][6][safepoint    ] Safepoint "Cleanup", Time since last: 1000676790 ns, Reaching safepoint: 1163652 ns, At safepoint: 54749 ns, Total: 1218401 ns
[2020-08-12T20:53:22.994+0000][6][safepoint    ] Safepoint "Cleanup", Time since last: 1000345780 ns, Reaching safepoint: 838217 ns, At safepoint: 45237 ns, Total: 883454 ns
[2020-08-12T20:53:23.995+0000][6][safepoint    ] Safepoint "Cleanup", Time since last: 1000331943 ns, Reaching safepoint: 569907 ns, At safepoint: 42875 ns, Total: 612782 ns
[2020-08-12T20:53:25.988+0000][6][safepoint    ] Safepoint "Cleanup", Time since last: 1992259300 ns, Reaching safepoint: 717668 ns, At safepoint: 43537 ns, Total: 761205 ns
[2020-08-12T20:53:26.989+0000][6][safepoint    ] Safepoint "Cleanup", Time since last: 1000280268 ns, Reaching safepoint: 594357 ns, At safepoint: 73775 ns, Total: 668132 ns
[2020-08-12T20:53:27.990+0000][6][safepoint    ] Safepoint "Cleanup", Time since last: 1000349517 ns, Reaching safepoint: 669331 ns, At safepoint: 51062 ns, Total: 720393 ns
[2020-08-12T20:53:28.992+0000][6][safepoint    ] Safepoint "Cleanup", Time since last: 1000349568 ns, Reaching safepoint: 1053003 ns, At safepoint: 43724 ns, Total: 1096727 ns
[2020-08-12T20:53:29.993+0000][6][safepoint    ] Safepoint "Cleanup", Time since last: 1000358718 ns, Reaching safepoint: 716855 ns, At safepoint: 34413 ns, Total: 751268 ns
[2020-08-12T20:53:30.994+0000][6][safepoint    ] Safepoint "Cleanup", Time since last: 1000330717 ns, Reaching safepoint: 877430 ns, At safepoint: 68787 ns, Total: 946217 ns
[2020-08-12T20:53:31.995+0000][6][safepoint    ] Safepoint "Cleanup", Time since last: 1000286068 ns, Reaching safepoint: 1037178 ns, At safepoint: 19687 ns, Total: 1056865 ns
[2020-08-12T20:53:32.996+0000][6][safepoint    ] Safepoint "Cleanup", Time since last: 1000222881 ns, Reaching safepoint: 470308 ns, At safepoint: 23563 ns, Total: 493871 ns
[2020-08-12T20:53:33.997+0000][6][safepoint    ] Safepoint "Cleanup", Time since last: 1000238843 ns, Reaching safepoint: 473858 ns, At safepoint: 24750 ns, Total: 498608 ns
[2020-08-12T20:53:35.898+0000][6][safepoint    ] Safepoint "BulkRevokeBias", Time since last: 1898894817 ns, Reaching safepoint: 1031390 ns, At safepoint: 933079 ns, Total: 1964469 ns
[2020-08-12T20:53:36.906+0000][6][safepoint    ] Safepoint "Cleanup", Time since last: 1007305954 ns, Reaching safepoint: 663131 ns, At safepoint: 71775 ns, Total: 734906 ns
[2020-08-12T20:53:37.907+0000][6][safepoint    ] Safepoint "Cleanup", Time since last: 1000430829 ns, Reaching safepoint: 438871 ns, At safepoint: 53462 ns, Total: 492333 ns
[2020-08-12T20:53:38.908+0000][6][safepoint    ] Safepoint "Cleanup", Time since last: 1000447504 ns, Reaching safepoint: 586170 ns, At safepoint: 45599 ns, Total: 631769 ns
[2020-08-12T20:53:39.909+0000][6][safepoint    ] Safepoint "Cleanup", Time since last: 1000448217 ns, Reaching safepoint: 579132 ns, At safepoint: 45124 ns, Total: 624256 ns
[2020-08-12T20:53:40.992+0000][6][safepoint    ] Safepoint "Cleanup", Time since last: 1082801763 ns, Reaching safepoint: 669282 ns, At safepoint: 54074 ns, Total: 723356 ns
[2020-08-12T20:53:41.994+0000][6][safepoint    ] Safepoint "Cleanup", Time since last: 1000332555 ns, Reaching safepoint: 912579 ns, At safepoint: 54012 ns, Total: 966591 ns
[2020-08-12T20:53:42.995+0000][6][safepoint    ] Safepoint "Cleanup", Time since last: 1000418542 ns, Reaching safepoint: 866680 ns, At safepoint: 46312 ns, Total: 912992 ns
[2020-08-12T20:53:43.996+0000][6][safepoint    ] Safepoint "Cleanup", Time since last: 1000344542 ns, Reaching safepoint: 874055 ns, At safepoint: 46199 ns, Total: 920254 ns
[2020-08-12T20:53:45.992+0000][6][safepoint    ] Safepoint "Cleanup", Time since last: 1994149433 ns, Reaching safepoint: 1090215 ns, At safepoint: 44087 ns, Total: 1134302 ns
[2020-08-12T20:53:46.993+0000][6][safepoint    ] Safepoint "Cleanup", Time since last: 1000394529 ns, Reaching safepoint: 1061765 ns, At safepoint: 67025 ns, Total: 1128790 ns
[2020-08-12T20:53:47.995+0000][6][safepoint    ] Safepoint "Cleanup", Time since last: 1000348055 ns, Reaching safepoint: 1614535 ns, At safepoint: 45375 ns, Total: 1659910 ns
[2020-08-12T20:53:48.997+0000][6][safepoint    ] Safepoint "Cleanup", Time since last: 1000321955 ns, Reaching safepoint: 1235188 ns, At safepoint: 42750 ns, Total: 1277938 ns
[2020-08-12T20:53:49.998+0000][6][safepoint    ] Safepoint "Cleanup", Time since last: 1000327680 ns, Reaching safepoint: 591132 ns, At safepoint: 42537 ns, Total: 633669 ns
[2020-08-12T20:53:50.999+0000][6][safepoint    ] Safepoint "Cleanup", Time since last: 1000357893 ns, Reaching safepoint: 590432 ns, At safepoint: 43824 ns, Total: 634256 ns
[2020-08-12T20:53:52.000+0000][6][safepoint    ] Safepoint "Cleanup", Time since last: 1000297881 ns, Reaching safepoint: 611707 ns, At safepoint: 24487 ns, Total: 636194 ns
[2020-08-12T20:53:53.001+0000][6][safepoint    ] Safepoint "Cleanup", Time since last: 1000294568 ns, Reaching safepoint: 751480 ns, At safepoint: 45975 ns, Total: 797455 ns
[2020-08-12T20:53:54.002+0000][6][safepoint    ] Safepoint "Cleanup", Time since last: 1000323430 ns, Reaching safepoint: 614445 ns, At safepoint: 42724 ns, Total: 657169 ns
[2020-08-12T20:53:55.997+0000][6][safepoint    ] Safepoint "Cleanup", Time since last: 1994922088 ns, Reaching safepoint: 848955 ns, At safepoint: 43724 ns, Total: 892679 ns
[2020-08-12T20:53:56.998+0000][6][safepoint    ] Safepoint "Cleanup", Time since last: 1000289168 ns, Reaching safepoint: 621257 ns, At safepoint: 24725 ns, Total: 645982 ns
[2020-08-12T20:53:58.000+0000][6][safepoint    ] Safepoint "Cleanup", Time since last: 1000248118 ns, Reaching safepoint: 834093 ns, At safepoint: 42574 ns, Total: 876667 ns
[2020-08-12T20:53:59.001+0000][6][safepoint    ] Safepoint "Cleanup", Time since last: 1000350618 ns, Reaching safepoint: 824542 ns, At safepoint: 43000 ns, Total: 867542 ns
[2020-08-12T20:54:00.993+0000][6][safepoint    ] Safepoint "Cleanup", Time since last: 1991274571 ns, Reaching safepoint: 629144 ns, At safepoint: 51274 ns, Total: 680418 ns
[2020-08-12T20:54:01.994+0000][6][safepoint    ] Safepoint "Cleanup", Time since last: 1000459267 ns, Reaching safepoint: 1003716 ns, At safepoint: 54337 ns, Total: 1058053 ns
[2020-08-12T20:54:02.995+0000][6][safepoint    ] Safepoint "Cleanup", Time since last: 1000347005 ns, Reaching safepoint: 874754 ns, At safepoint: 32812 ns, Total: 907566 ns
[2020-08-12T20:54:03.996+0000][6][safepoint    ] Safepoint "Cleanup", Time since last: 1000265531 ns, Reaching safepoint: 643132 ns, At safepoint: 42549 ns, Total: 685681 ns
[2020-08-12T20:54:05.991+0000][6][safepoint    ] Safepoint "Cleanup", Time since last: 1993881260 ns, Reaching safepoint: 770743 ns, At safepoint: 102174 ns, Total: 872917 ns
[2020-08-12T20:54:07.081+0000][6][safepoint    ] Safepoint "Cleanup", Time since last: 1089422765 ns, Reaching safepoint: 622819 ns, At safepoint: 36412 ns, Total: 659231 ns
[2020-08-12T20:54:08.198+0000][6][safepoint    ] Safepoint "Cleanup", Time since last: 1115731949 ns, Reaching safepoint: 824817 ns, At safepoint: 45262 ns, Total: 870079 ns
[2020-08-12T20:54:09.199+0000][6][safepoint    ] Safepoint "Cleanup", Time since last: 1000377367 ns, Reaching safepoint: 782118 ns, At safepoint: 31375 ns, Total: 813493 ns
[2020-08-12T20:54:10.200+0000][6][safepoint    ] Safepoint "Cleanup", Time since last: 1000292655 ns, Reaching safepoint: 653157 ns, At safepoint: 50074 ns, Total: 703231 ns
[2020-08-12T20:54:11.201+0000][6][safepoint    ] Safepoint "Cleanup", Time since last: 1000343268 ns, Reaching safepoint: 600969 ns, At safepoint: 43213 ns, Total: 644182 ns
[2020-08-12T20:54:12.202+0000][6][safepoint    ] Safepoint "Cleanup", Time since last: 1000289842 ns, Reaching safepoint: 296923 ns, At safepoint: 17187 ns, Total: 314110 ns
[2020-08-12T20:54:13.203+0000][6][safepoint    ] Safepoint "Cleanup", Time since last: 1000290306 ns, Reaching safepoint: 777755 ns, At safepoint: 41975 ns, Total: 819730 ns
[2020-08-12T20:54:14.204+0000][6][safepoint    ] Safepoint "Cleanup", Time since last: 1000370930 ns, Reaching safepoint: 730993 ns, At safepoint: 109799 ns, Total: 840792 ns
[2020-08-12T20:54:15.993+0000][6][safepoint    ] Safepoint "Cleanup", Time since last: 1788788337 ns, Reaching safepoint: 651794 ns, At safepoint: 44212 ns, Total: 696006 ns
[2020-08-12T20:54:16.994+0000][6][safepoint    ] Safepoint "Cleanup", Time since last: 1000283318 ns, Reaching safepoint: 631219 ns, At safepoint: 63600 ns, Total: 694819 ns
[2020-08-12T20:54:17.996+0000][6][safepoint    ] Safepoint "Cleanup", Time since last: 1000344130 ns, Reaching safepoint: 792067 ns, At safepoint: 45787 ns, Total: 837854 ns
[2020-08-12T20:54:18.997+0000][6][safepoint    ] Safepoint "Cleanup", Time since last: 1000549029 ns, Reaching safepoint: 814967 ns, At safepoint: 67937 ns, Total: 882904 ns
[2020-08-12T20:54:20.996+0000][6][safepoint    ] Safepoint "Cleanup", Time since last: 1997832474 ns, Reaching safepoint: 738605 ns, At safepoint: 43013 ns, Total: 781618 ns
[2020-08-12T20:54:21.997+0000][6][safepoint    ] Safepoint "Cleanup", Time since last: 1000342429 ns, Reaching safepoint: 1061966 ns, At safepoint: 63724 ns, Total: 1125690 ns
[2020-08-12T20:54:22.998+0000][6][safepoint    ] Safepoint "Cleanup", Time since last: 1000339568 ns, Reaching safepoint: 825005 ns, At safepoint: 45262 ns, Total: 870267 ns
[2020-08-12T20:54:23.999+0000][6][safepoint    ] Safepoint "Cleanup", Time since last: 1000336817 ns, Reaching safepoint: 618157 ns, At safepoint: 42587 ns, Total: 660744 ns
[2020-08-12T20:54:25.993+0000][6][safepoint    ] Safepoint "Cleanup", Time since last: 1993203754 ns, Reaching safepoint: 664019 ns, At safepoint: 43587 ns, Total: 707606 ns
[2020-08-12T20:54:26.994+0000][6][safepoint    ] Safepoint "Cleanup", Time since last: 1000303867 ns, Reaching safepoint: 696382 ns, At safepoint: 37499 ns, Total: 733881 ns
[2020-08-12T20:54:27.996+0000][6][safepoint    ] Safepoint "Cleanup", Time since last: 1000344630 ns, Reaching safepoint: 971079 ns, At safepoint: 43375 ns, Total: 1014454 ns
[2020-08-12T20:54:28.997+0000][6][safepoint    ] Safepoint "Cleanup", Time since last: 1000348342 ns, Reaching safepoint: 793730 ns, At safepoint: 43437 ns, Total: 837167 ns
[2020-08-12T20:54:29.998+0000][6][safepoint    ] Safepoint "Cleanup", Time since last: 1000530328 ns, Reaching safepoint: 980341 ns, At safepoint: 64112 ns, Total: 1044453 ns
[2020-08-12T20:54:30.999+0000][6][safepoint    ] Safepoint "Cleanup", Time since last: 1000338505 ns, Reaching safepoint: 668582 ns, At safepoint: 51762 ns, Total: 720344 ns
[2020-08-12T20:54:32.001+0000][6][safepoint    ] Safepoint "Cleanup", Time since last: 1000346267 ns, Reaching safepoint: 956142 ns, At safepoint: 62599 ns, Total: 1018741 ns
[2020-08-12T20:54:33.002+0000][6][safepoint    ] Safepoint "Cleanup", Time since last: 1000394479 ns, Reaching safepoint: 804518 ns, At safepoint: 67250 ns, Total: 871768 ns
[2020-08-12T20:54:34.003+0000][6][safepoint    ] Safepoint "Cleanup", Time since last: 1000354017 ns, Reaching safepoint: 778768 ns, At safepoint: 55537 ns, Total: 834305 ns
[2020-08-12T20:54:35.997+0000][6][safepoint    ] Safepoint "Cleanup", Time since last: 1992664171 ns, Reaching safepoint: 571957 ns, At safepoint: 27662 ns, Total: 599619 ns
[2020-08-12T20:54:37.081+0000][6][safepoint    ] Safepoint "Cleanup", Time since last: 1084179425 ns, Reaching safepoint: 566120 ns, At safepoint: 12287 ns, Total: 578407 ns
[2020-08-12T20:54:38.099+0000][6][safepoint    ] Safepoint "Cleanup", Time since last: 1016937654 ns, Reaching safepoint: 576757 ns, At safepoint: 43374 ns, Total: 620131 ns
[2020-08-12T20:54:39.100+0000][6][safepoint    ] Safepoint "Cleanup", Time since last: 1000418717 ns, Reaching safepoint: 579120 ns, At safepoint: 103774 ns, Total: 682894 ns
[2020-08-12T20:54:40.997+0000][6][safepoint    ] Safepoint "Cleanup", Time since last: 1896316215 ns, Reaching safepoint: 727056 ns, At safepoint: 45312 ns, Total: 772368 ns
[2020-08-12T20:54:41.998+0000][6][safepoint    ] Safepoint "Cleanup", Time since last: 1000301768 ns, Reaching safepoint: 736518 ns, At safepoint: 24300 ns, Total: 760818 ns
[2020-08-12T20:54:42.999+0000][6][safepoint    ] Safepoint "Cleanup", Time since last: 1000212356 ns, Reaching safepoint: 758306 ns, At safepoint: 33137 ns, Total: 791443 ns
[2020-08-12T20:54:44.001+0000][6][safepoint    ] Safepoint "Cleanup", Time since last: 1000768101 ns, Reaching safepoint: 1569823 ns, At safepoint: 55850 ns, Total: 1625673 ns
[2020-08-12T20:54:44.385+0000][6][safepoint    ] Safepoint "BulkRevokeBias", Time since last: 381069736 ns, Reaching safepoint: 589257 ns, At safepoint: 1434037 ns, Total: 2023294 ns
[2020-08-12T20:54:46.095+0000][6][safepoint    ] Safepoint "Cleanup", Time since last: 1709607762 ns, Reaching safepoint: 599582 ns, At safepoint: 43462 ns, Total: 643044 ns
[2020-08-12T20:54:47.096+0000][6][safepoint    ] Safepoint "Cleanup", Time since last: 1000333793 ns, Reaching safepoint: 589220 ns, At safepoint: 17574 ns, Total: 606794 ns
[2020-08-12T20:54:48.097+0000][6][safepoint    ] Safepoint "Cleanup", Time since last: 1000218994 ns, Reaching safepoint: 955066 ns, At safepoint: 35238 ns, Total: 990304 ns
[2020-08-12T20:54:49.098+0000][6][safepoint    ] Safepoint "Cleanup", Time since last: 1000182256 ns, Reaching safepoint: 643269 ns, At safepoint: 43250 ns, Total: 686519 ns
[2020-08-12T20:54:50.099+0000][6][safepoint    ] Safepoint "Cleanup", Time since last: 1000396642 ns, Reaching safepoint: 766230 ns, At safepoint: 47337 ns, Total: 813567 ns
[2020-08-12T20:54:51.101+0000][6][safepoint    ] Safepoint "Cleanup", Time since last: 1000928000 ns, Reaching safepoint: 595732 ns, At safepoint: 43599 ns, Total: 639331 ns
[2020-08-12T20:54:52.101+0000][6][safepoint    ] Safepoint "Cleanup", Time since last: 1000294481 ns, Reaching safepoint: 503608 ns, At safepoint: 11637 ns, Total: 515245 ns
[2020-08-12T20:54:53.103+0000][6][safepoint    ] Safepoint "Cleanup", Time since last: 1000254306 ns, Reaching safepoint: 839967 ns, At safepoint: 51087 ns, Total: 891054 ns
[2020-08-12T20:54:54.104+0000][6][safepoint    ] Safepoint "Cleanup", Time since last: 1000354855 ns, Reaching safepoint: 565995 ns, At safepoint: 44000 ns, Total: 609995 ns
[2020-08-12T20:54:55.997+0000][6][safepoint    ] Safepoint "Cleanup", Time since last: 1892392251 ns, Reaching safepoint: 827905 ns, At safepoint: 42487 ns, Total: 870392 ns
[2020-08-12T20:54:56.998+0000][6][safepoint    ] Safepoint "Cleanup", Time since last: 1000402492 ns, Reaching safepoint: 1014528 ns, At safepoint: 54425 ns, Total: 1068953 ns
[2020-08-12T20:54:57.999+0000][6][safepoint    ] Safepoint "Cleanup", Time since last: 1000338755 ns, Reaching safepoint: 672256 ns, At safepoint: 67875 ns, Total: 740131 ns
[2020-08-12T20:54:59.000+0000][6][safepoint    ] Safepoint "Cleanup", Time since last: 1000346892 ns, Reaching safepoint: 681506 ns, At safepoint: 50162 ns, Total: 731668 ns
[2020-08-12T20:55:00.997+0000][6][safepoint    ] Safepoint "Cleanup", Time since last: 1995903641 ns, Reaching safepoint: 636857 ns, At safepoint: 50562 ns, Total: 687419 ns
[2020-08-12T20:55:01.998+0000][6][safepoint    ] Safepoint "Cleanup", Time since last: 1000345118 ns, Reaching safepoint: 714480 ns, At safepoint: 63725 ns, Total: 778205 ns
[2020-08-12T20:55:02.999+0000][6][safepoint    ] Safepoint "Cleanup", Time since last: 1000337793 ns, Reaching safepoint: 751618 ns, At safepoint: 52799 ns, Total: 804417 ns
[2020-08-12T20:55:04.000+0000][6][safepoint    ] Safepoint "Cleanup", Time since last: 1000351780 ns, Reaching safepoint: 629732 ns, At safepoint: 50337 ns, Total: 680069 ns
[2020-08-12T20:55:05.011+0000][6][safepoint    ] Safepoint "Cleanup", Time since last: 1009704232 ns, Reaching safepoint: 510407 ns, At safepoint: 15500 ns, Total: 525907 ns
[2020-08-12T20:55:06.012+0000][6][safepoint    ] Safepoint "Cleanup", Time since last: 1000356755 ns, Reaching safepoint: 926854 ns, At safepoint: 102174 ns, Total: 1029028 ns
[2020-08-12T20:55:07.046+0000][6][safepoint    ] Safepoint "Cleanup", Time since last: 1032627372 ns, Reaching safepoint: 979454 ns, At safepoint: 44424 ns, Total: 1023878 ns
[2020-08-12T20:55:08.129+0000][6][safepoint    ] Safepoint "Cleanup", Time since last: 1082201681 ns, Reaching safepoint: 925554 ns, At safepoint: 55499 ns, Total: 981053 ns
[2020-08-12T20:55:09.130+0000][6][safepoint    ] Safepoint "Cleanup", Time since last: 1000413867 ns, Reaching safepoint: 520996 ns, At safepoint: 40149 ns, Total: 561145 ns
[2020-08-12T20:55:10.131+0000][6][safepoint    ] Safepoint "Cleanup", Time since last: 1000369055 ns, Reaching safepoint: 580032 ns, At safepoint: 43650 ns, Total: 623682 ns
[2020-08-12T20:55:11.132+0000][6][safepoint    ] Safepoint "Cleanup", Time since last: 1000406491 ns, Reaching safepoint: 854418 ns, At safepoint: 65324 ns, Total: 919742 ns
[2020-08-12T20:55:12.133+0000][6][safepoint    ] Safepoint "Cleanup", Time since last: 1000245581 ns, Reaching safepoint: 777593 ns, At safepoint: 46624 ns, Total: 824217 ns
[2020-08-12T20:55:13.134+0000][6][safepoint    ] Safepoint "Cleanup", Time since last: 1000346205 ns, Reaching safepoint: 748506 ns, At safepoint: 45550 ns, Total: 794056 ns
[2020-08-12T20:55:14.135+0000][6][safepoint    ] Safepoint "Cleanup", Time since last: 1000363167 ns, Reaching safepoint: 671869 ns, At safepoint: 44862 ns, Total: 716731 ns
[2020-08-12T20:55:16.097+0000][6][safepoint    ] Safepoint "Cleanup", Time since last: 1961254108 ns, Reaching safepoint: 660969 ns, At safepoint: 73662 ns, Total: 734631 ns
[2020-08-12T20:55:17.098+0000][6][safepoint    ] Safepoint "Cleanup", Time since last: 1000341730 ns, Reaching safepoint: 441321 ns, At safepoint: 62987 ns, Total: 504308 ns
[2020-08-12T20:55:18.099+0000][6][safepoint    ] Safepoint "Cleanup", Time since last: 1000345717 ns, Reaching safepoint: 637557 ns, At safepoint: 42975 ns, Total: 680532 ns
[2020-08-12T20:55:19.100+0000][6][safepoint    ] Safepoint "Cleanup", Time since last: 1000373467 ns, Reaching safepoint: 797443 ns, At safepoint: 42712 ns, Total: 840155 ns
[2020-08-12T20:55:21.002+0000][6][safepoint    ] Safepoint "Cleanup", Time since last: 1900265217 ns, Reaching safepoint: 921254 ns, At safepoint: 43337 ns, Total: 964591 ns
[2020-08-12T20:55:22.003+0000][6][safepoint    ] Safepoint "Cleanup", Time since last: 1000245993 ns, Reaching safepoint: 648369 ns, At safepoint: 27587 ns, Total: 675956 ns
[2020-08-12T20:55:23.004+0000][6][safepoint    ] Safepoint "Cleanup", Time since last: 1000337005 ns, Reaching safepoint: 769506 ns, At safepoint: 41837 ns, Total: 811343 ns
[2020-08-12T20:55:24.005+0000][6][safepoint    ] Safepoint "Cleanup", Time since last: 1000423142 ns, Reaching safepoint: 850454 ns, At safepoint: 68212 ns, Total: 918666 ns
[2020-08-12T20:55:25.020+0000][6][safepoint    ] Safepoint "Cleanup", Time since last: 1014112855 ns, Reaching safepoint: 462970 ns, At safepoint: 20863 ns, Total: 483833 ns
[2020-08-12T20:55:26.021+0000][6][safepoint    ] Safepoint "Cleanup", Time since last: 1000320042 ns, Reaching safepoint: 823905 ns, At safepoint: 43149 ns, Total: 867054 ns
[2020-08-12T20:55:27.022+0000][6][safepoint    ] Safepoint "Cleanup", Time since last: 1000388893 ns, Reaching safepoint: 1146589 ns, At safepoint: 55000 ns, Total: 1201589 ns
[2020-08-12T20:55:28.024+0000][6][safepoint    ] Safepoint "Cleanup", Time since last: 1000339517 ns, Reaching safepoint: 803293 ns, At safepoint: 43287 ns, Total: 846580 ns
[2020-08-12T20:55:29.025+0000][6][safepoint    ] Safepoint "Cleanup", Time since last: 1000335230 ns, Reaching safepoint: 800118 ns, At safepoint: 66224 ns, Total: 866342 ns
[2020-08-12T20:55:30.026+0000][6][safepoint    ] Safepoint "Cleanup", Time since last: 1000444017 ns, Reaching safepoint: 570382 ns, At safepoint: 178861 ns, Total: 749243 ns
[2020-08-12T20:55:31.027+0000][6][safepoint    ] Safepoint "Cleanup", Time since last: 1000335392 ns, Reaching safepoint: 789943 ns, At safepoint: 45687 ns, Total: 835630 ns
[2020-08-12T20:55:32.028+0000][6][safepoint    ] Safepoint "Cleanup", Time since last: 1000298080 ns, Reaching safepoint: 646045 ns, At safepoint: 34012 ns, Total: 680057 ns
[2020-08-12T20:55:33.029+0000][6][safepoint    ] Safepoint "Cleanup", Time since last: 1000257431 ns, Reaching safepoint: 821667 ns, At safepoint: 42687 ns, Total: 864354 ns
[2020-08-12T20:55:34.031+0000][6][safepoint    ] Safepoint "Cleanup", Time since last: 1000356792 ns, Reaching safepoint: 807656 ns, At safepoint: 43337 ns, Total: 850993 ns
[2020-08-12T20:55:35.010+0000][6][safepoint    ] Safepoint "BulkRevokeBias", Time since last: 973513325 ns, Reaching safepoint: 5215577 ns, At safepoint: 950067 ns, Total: 6165644 ns
[2020-08-12T20:55:36.933+0000][6][safepoint    ] Safepoint "Cleanup", Time since last: 1921935618 ns, Reaching safepoint: 1110915 ns, At safepoint: 55087 ns, Total: 1166002 ns
[2020-08-12T20:55:38.278+0000][6][safepoint    ] Safepoint "Cleanup", Time since last: 1344044421 ns, Reaching safepoint: 817255 ns, At safepoint: 45050 ns, Total: 862305 ns
[2020-08-12T20:55:39.279+0000][6][safepoint    ] Safepoint "Cleanup", Time since last: 1000346267 ns, Reaching safepoint: 578883 ns, At safepoint: 43849 ns, Total: 622732 ns
[2020-08-12T20:55:41.001+0000][6][safepoint    ] Safepoint "Cleanup", Time since last: 1720950296 ns, Reaching safepoint: 603982 ns, At safepoint: 51687 ns, Total: 655669 ns
[2020-08-12T20:55:42.002+0000][6][safepoint    ] Safepoint "Cleanup", Time since last: 1000486853 ns, Reaching safepoint: 589970 ns, At safepoint: 101474 ns, Total: 691444 ns
[2020-08-12T20:55:43.003+0000][6][safepoint    ] Safepoint "Cleanup", Time since last: 1000320643 ns, Reaching safepoint: 898029 ns, At safepoint: 43125 ns, Total: 941154 ns
[2020-08-12T20:55:44.004+0000][6][safepoint    ] Safepoint "Cleanup", Time since last: 1000337392 ns, Reaching safepoint: 889217 ns, At safepoint: 42462 ns, Total: 931679 ns
[2020-08-12T20:55:46.000+0000][6][safepoint    ] Safepoint "Cleanup", Time since last: 1994357831 ns, Reaching safepoint: 851429 ns, At safepoint: 42287 ns, Total: 893716 ns
[2020-08-12T20:55:47.001+0000][6][safepoint    ] Safepoint "Cleanup", Time since last: 1000335805 ns, Reaching safepoint: 603445 ns, At safepoint: 25337 ns, Total: 628782 ns
[2020-08-12T20:55:48.002+0000][6][safepoint    ] Safepoint "Cleanup", Time since last: 1000257718 ns, Reaching safepoint: 837843 ns, At safepoint: 43474 ns, Total: 881317 ns
[2020-08-12T20:55:49.003+0000][6][safepoint    ] Safepoint "Cleanup", Time since last: 1000450779 ns, Reaching safepoint: 835780 ns, At safepoint: 55762 ns, Total: 891542 ns
[2020-08-12T20:55:50.024+0000][6][safepoint    ] Safepoint "Cleanup", Time since last: 1000279731 ns, Reaching safepoint: 20486037 ns, At safepoint: 31587 ns, Total: 20517624 ns
[2020-08-12T20:55:51.025+0000][6][safepoint    ] Safepoint "Cleanup", Time since last: 1000246969 ns, Reaching safepoint: 700293 ns, At safepoint: 52537 ns, Total: 752830 ns
[2020-08-12T20:55:52.026+0000][6][safepoint    ] Safepoint "Cleanup", Time since last: 1000276656 ns, Reaching safepoint: 579682 ns, At safepoint: 124249 ns, Total: 703931 ns
[2020-08-12T20:55:53.027+0000][6][safepoint    ] Safepoint "Cleanup", Time since last: 1000342917 ns, Reaching safepoint: 833743 ns, At safepoint: 45674 ns, Total: 879417 ns
[2020-08-12T20:55:54.028+0000][6][safepoint    ] Safepoint "Cleanup", Time since last: 1000344443 ns, Reaching safepoint: 670944 ns, At safepoint: 43375 ns, Total: 714319 ns
[2020-08-12T20:55:56.000+0000][6][safepoint    ] Safepoint "Cleanup", Time since last: 1970597810 ns, Reaching safepoint: 853480 ns, At safepoint: 68174 ns, Total: 921654 ns
[2020-08-12T20:55:57.001+0000][6][safepoint    ] Safepoint "Cleanup", Time since last: 1000399454 ns, Reaching safepoint: 671857 ns, At safepoint: 98486 ns, Total: 770343 ns
[2020-08-12T20:55:58.002+0000][6][safepoint    ] Safepoint "Cleanup", Time since last: 1000355655 ns, Reaching safepoint: 570195 ns, At safepoint: 142549 ns, Total: 712744 ns
[2020-08-12T20:55:59.003+0000][6][safepoint    ] Safepoint "Cleanup", Time since last: 1000348505 ns, Reaching safepoint: 812080 ns, At safepoint: 56499 ns, Total: 868579 ns
[2020-08-12T20:56:00.005+0000][6][safepoint    ] Safepoint "Cleanup", Time since last: 1001026424 ns, Reaching safepoint: 528120 ns, At safepoint: 44400 ns, Total: 572520 ns
[2020-08-12T20:56:01.006+0000][6][safepoint    ] Safepoint "Cleanup", Time since last: 1000578065 ns, Reaching safepoint: 701681 ns, At safepoint: 43137 ns, Total: 744818 ns
[2020-08-12T20:56:02.008+0000][6][safepoint    ] Safepoint "Cleanup", Time since last: 1000334505 ns, Reaching safepoint: 1170877 ns, At safepoint: 62049 ns, Total: 1232926 ns
[2020-08-12T20:56:03.009+0000][6][safepoint    ] Safepoint "Cleanup", Time since last: 1000365005 ns, Reaching safepoint: 604707 ns, At safepoint: 32800 ns, Total: 637507 ns
[2020-08-12T20:56:04.010+0000][6][safepoint    ] Safepoint "Cleanup", Time since last: 1000423929 ns, Reaching safepoint: 840680 ns, At safepoint: 44687 ns, Total: 885367 ns
[2020-08-12T20:56:05.922+0000][6][safepoint    ] Safepoint "Cleanup", Time since last: 1912048209 ns, Reaching safepoint: 434621 ns, At safepoint: 16425 ns, Total: 451046 ns
[2020-08-12T20:56:06.943+0000][6][safepoint    ] Safepoint "Cleanup", Time since last: 1019533391 ns, Reaching safepoint: 592020 ns, At safepoint: 73024 ns, Total: 665044 ns
[2020-08-12T20:56:08.118+0000][6][safepoint    ] Safepoint "Cleanup", Time since last: 1174755296 ns, Reaching safepoint: 661782 ns, At safepoint: 44074 ns, Total: 705856 ns
[2020-08-12T20:56:09.119+0000][6][safepoint    ] Safepoint "Cleanup", Time since last: 1000345405 ns, Reaching safepoint: 650257 ns, At safepoint: 44587 ns, Total: 694844 ns
[2020-08-12T20:56:10.120+0000][6][safepoint    ] Safepoint "Cleanup", Time since last: 1000302343 ns, Reaching safepoint: 496033 ns, At safepoint: 28749 ns, Total: 524782 ns
[2020-08-12T20:56:11.121+0000][6][safepoint    ] Safepoint "Cleanup", Time since last: 1000274019 ns, Reaching safepoint: 670119 ns, At safepoint: 45962 ns, Total: 716081 ns
[2020-08-12T20:56:12.122+0000][6][safepoint    ] Safepoint "Cleanup", Time since last: 1000278655 ns, Reaching safepoint: 506533 ns, At safepoint: 20562 ns, Total: 527095 ns
[2020-08-12T20:56:13.123+0000][6][safepoint    ] Safepoint "Cleanup", Time since last: 1000262331 ns, Reaching safepoint: 584945 ns, At safepoint: 45162 ns, Total: 630107 ns
[2020-08-12T20:56:14.124+0000][6][safepoint    ] Safepoint "Cleanup", Time since last: 1000479191 ns, Reaching safepoint: 769605 ns, At safepoint: 46038 ns, Total: 815643 ns
[2020-08-12T20:56:16.004+0000][6][safepoint    ] Safepoint "Cleanup", Time since last: 1879533069 ns, Reaching safepoint: 672856 ns, At safepoint: 43387 ns, Total: 716243 ns
[2020-08-12T20:56:17.005+0000][6][safepoint    ] Safepoint "Cleanup", Time since last: 1000289068 ns, Reaching safepoint: 589920 ns, At safepoint: 24749 ns, Total: 614669 ns
[2020-08-12T20:56:18.006+0000][6][safepoint    ] Safepoint "Cleanup", Time since last: 1000263656 ns, Reaching safepoint: 855480 ns, At safepoint: 43724 ns, Total: 899204 ns
[2020-08-12T20:56:19.008+0000][6][safepoint    ] Safepoint "Cleanup", Time since last: 1000340718 ns, Reaching safepoint: 880792 ns, At safepoint: 43387 ns, Total: 924179 ns
[2020-08-12T20:56:21.006+0000][6][safepoint    ] Safepoint "Cleanup", Time since last: 1997362090 ns, Reaching safepoint: 877842 ns, At safepoint: 87424 ns, Total: 965266 ns
[2020-08-12T20:56:22.007+0000][6][safepoint    ] Safepoint "Cleanup", Time since last: 1000272444 ns, Reaching safepoint: 654781 ns, At safepoint: 51350 ns, Total: 706131 ns
[2020-08-12T20:56:23.007+0000][6][safepoint    ] Safepoint "Cleanup", Time since last: 1000194156 ns, Reaching safepoint: 250060 ns, At safepoint: 10963 ns, Total: 261023 ns
[2020-08-12T20:56:24.009+0000][6][safepoint    ] Safepoint "Cleanup", Time since last: 1000228318 ns, Reaching safepoint: 902604 ns, At safepoint: 42988 ns, Total: 945592 ns
[2020-08-12T20:56:24.948+0000][6][safepoint    ] Safepoint "BulkRevokeBias", Time since last: 915057573 ns, Reaching safepoint: 23594696 ns, At safepoint: 936379 ns, Total: 24531075 ns
[2020-08-12T20:56:26.006+0000][6][safepoint    ] Safepoint "Cleanup", Time since last: 1056945512 ns, Reaching safepoint: 781280 ns, At safepoint: 83400 ns, Total: 864680 ns
[2020-08-12T20:56:27.007+0000][6][safepoint    ] Safepoint "Cleanup", Time since last: 1000298417 ns, Reaching safepoint: 735444 ns, At safepoint: 73611 ns, Total: 809055 ns
[2020-08-12T20:56:28.008+0000][6][safepoint    ] Safepoint "Cleanup", Time since last: 1000332031 ns, Reaching safepoint: 440108 ns, At safepoint: 95437 ns, Total: 535545 ns
[2020-08-12T20:56:29.009+0000][6][safepoint    ] Safepoint "Cleanup", Time since last: 1000318930 ns, Reaching safepoint: 536007 ns, At safepoint: 39138 ns, Total: 575145 ns
[2020-08-12T20:56:30.011+0000][6][safepoint    ] Safepoint "Cleanup", Time since last: 1000464353 ns, Reaching safepoint: 1914745 ns, At safepoint: 31200 ns, Total: 1945945 ns
[2020-08-12T20:56:31.012+0000][6][safepoint    ] Safepoint "Cleanup", Time since last: 1000258343 ns, Reaching safepoint: 751444 ns, At safepoint: 42524 ns, Total: 793968 ns
[2020-08-12T20:56:32.013+0000][6][safepoint    ] Safepoint "Cleanup", Time since last: 1000301368 ns, Reaching safepoint: 678719 ns, At safepoint: 72024 ns, Total: 750743 ns
[2020-08-12T20:56:33.014+0000][6][safepoint    ] Safepoint "Cleanup", Time since last: 1000324318 ns, Reaching safepoint: 583994 ns, At safepoint: 34800 ns, Total: 618794 ns
[2020-08-12T20:56:34.015+0000][6][safepoint    ] Safepoint "Cleanup", Time since last: 1000299068 ns, Reaching safepoint: 679356 ns, At safepoint: 51750 ns, Total: 731106 ns
[2020-08-12T20:56:35.029+0000][6][safepoint    ] Safepoint "Cleanup", Time since last: 1013134525 ns, Reaching safepoint: 333122 ns, At safepoint: 15738 ns, Total: 348860 ns
[2020-08-12T20:56:36.067+0000][6][safepoint    ] Safepoint "Cleanup", Time since last: 1038140796 ns, Reaching safepoint: 282597 ns, At safepoint: 11113 ns, Total: 293710 ns
[2020-08-12T20:56:37.085+0000][6][safepoint    ] Safepoint "Cleanup", Time since last: 1016162897 ns, Reaching safepoint: 1151702 ns, At safepoint: 55425 ns, Total: 1207127 ns
[2020-08-12T20:56:37.188+0000][6][safepoint    ] Safepoint "BulkRevokeBias", Time since last: 102624235 ns, Reaching safepoint: 284235 ns, At safepoint: 872492 ns, Total: 1156727 ns
[2020-08-12T20:56:38.190+0000][6][safepoint    ] Safepoint "Cleanup", Time since last: 1000301268 ns, Reaching safepoint: 853380 ns, At safepoint: 81062 ns, Total: 934442 ns
[2020-08-12T20:56:39.191+0000][6][safepoint    ] Safepoint "Cleanup", Time since last: 1000373567 ns, Reaching safepoint: 534420 ns, At safepoint: 42775 ns, Total: 577195 ns
[2020-08-12T20:56:41.008+0000][6][safepoint    ] Safepoint "Cleanup", Time since last: 1816615907 ns, Reaching safepoint: 837542 ns, At safepoint: 64350 ns, Total: 901892 ns
[2020-08-12T20:56:42.009+0000][6][safepoint    ] Safepoint "Cleanup", Time since last: 1000407929 ns, Reaching safepoint: 630444 ns, At safepoint: 44075 ns, Total: 674519 ns
[2020-08-12T20:56:43.010+0000][6][safepoint    ] Safepoint "Cleanup", Time since last: 1000279893 ns, Reaching safepoint: 652757 ns, At safepoint: 44062 ns, Total: 696819 ns
[2020-08-12T20:56:44.011+0000][6][safepoint    ] Safepoint "Cleanup", Time since last: 1000339367 ns, Reaching safepoint: 645044 ns, At safepoint: 43525 ns, Total: 688569 ns
[2020-08-12T20:56:46.007+0000][6][safepoint    ] Safepoint "Cleanup", Time since last: 1995020312 ns, Reaching safepoint: 577257 ns, At safepoint: 43462 ns, Total: 620719 ns
[2020-08-12T20:56:47.008+0000][6][safepoint    ] Safepoint "Cleanup", Time since last: 1000435154 ns, Reaching safepoint: 632219 ns, At safepoint: 160462 ns, Total: 792681 ns
[2020-08-12T20:56:48.009+0000][6][safepoint    ] Safepoint "Cleanup", Time since last: 1000341467 ns, Reaching safepoint: 923579 ns, At safepoint: 67474 ns, Total: 991053 ns
[2020-08-12T20:56:49.010+0000][6][safepoint    ] Safepoint "Cleanup", Time since last: 1000341993 ns, Reaching safepoint: 621519 ns, At safepoint: 43000 ns, Total: 664519 ns
[2020-08-12T20:56:50.012+0000][6][safepoint    ] Safepoint "Cleanup", Time since last: 1000335792 ns, Reaching safepoint: 937854 ns, At safepoint: 76200 ns, Total: 1014054 ns
[2020-08-12T20:56:51.013+0000][6][safepoint    ] Safepoint "Cleanup", Time since last: 1000404004 ns, Reaching safepoint: 559870 ns, At safepoint: 42862 ns, Total: 602732 ns
[2020-08-12T20:56:52.014+0000][6][safepoint    ] Safepoint "Cleanup", Time since last: 1000393704 ns, Reaching safepoint: 664444 ns, At safepoint: 53387 ns, Total: 717831 ns
[2020-08-12T20:56:53.015+0000][6][safepoint    ] Safepoint "Cleanup", Time since last: 1000406867 ns, Reaching safepoint: 566733 ns, At safepoint: 43587 ns, Total: 610320 ns
[2020-08-12T20:56:54.016+0000][6][safepoint    ] Safepoint "Cleanup", Time since last: 1000400404 ns, Reaching safepoint: 585995 ns, At safepoint: 103074 ns, Total: 689069 ns
[2020-08-12T20:56:56.010+0000][6][safepoint    ] Safepoint "Cleanup", Time since last: 1993562688 ns, Reaching safepoint: 752755 ns, At safepoint: 43550 ns, Total: 796305 ns
[2020-08-12T20:56:57.011+0000][6][safepoint    ] Safepoint "Cleanup", Time since last: 1000330030 ns, Reaching safepoint: 663669 ns, At safepoint: 53474 ns, Total: 717143 ns
[2020-08-12T20:56:58.012+0000][6][safepoint    ] Safepoint "Cleanup", Time since last: 1000337318 ns, Reaching safepoint: 622482 ns, At safepoint: 45149 ns, Total: 667631 ns
[2020-08-12T20:56:59.014+0000][6][safepoint    ] Safepoint "Cleanup", Time since last: 1000327118 ns, Reaching safepoint: 868829 ns, At safepoint: 52287 ns, Total: 921116 ns
[2020-08-12T20:57:01.009+0000][6][safepoint    ] Safepoint "Cleanup", Time since last: 1995017252 ns, Reaching safepoint: 643544 ns, At safepoint: 42888 ns, Total: 686432 ns
[2020-08-12T20:57:02.010+0000][6][safepoint    ] Safepoint "Cleanup", Time since last: 1000340624 ns, Reaching safepoint: 631682 ns, At safepoint: 54487 ns, Total: 686169 ns
[2020-08-12T20:57:03.011+0000][6][safepoint    ] Safepoint "Cleanup", Time since last: 1000322900 ns, Reaching safepoint: 607544 ns, At safepoint: 38775 ns, Total: 646319 ns
[2020-08-12T20:57:04.012+0000][6][safepoint    ] Safepoint "Cleanup", Time since last: 1000318762 ns, Reaching safepoint: 807143 ns, At safepoint: 66875 ns, Total: 874018 ns
[2020-08-12T20:57:06.009+0000][6][safepoint    ] Safepoint "Cleanup", Time since last: 1995801691 ns, Reaching safepoint: 624794 ns, At safepoint: 67162 ns, Total: 691956 ns
[2020-08-12T20:57:07.100+0000][6][safepoint    ] Safepoint "Cleanup", Time since last: 1090078086 ns, Reaching safepoint: 554208 ns, At safepoint: 21025 ns, Total: 575233 ns
[2020-08-12T20:57:08.185+0000][6][safepoint    ] Safepoint "Cleanup", Time since last: 1084314735 ns, Reaching safepoint: 805943 ns, At safepoint: 43000 ns, Total: 848943 ns
[2020-08-12T20:57:09.186+0000][6][safepoint    ] Safepoint "Cleanup", Time since last: 1000449361 ns, Reaching safepoint: 479283 ns, At safepoint: 24775 ns, Total: 504058 ns
[2020-08-12T20:57:10.187+0000][6][safepoint    ] Safepoint "Cleanup", Time since last: 1000284638 ns, Reaching safepoint: 550920 ns, At safepoint: 28587 ns, Total: 579507 ns
[2020-08-12T20:57:11.188+0000][6][safepoint    ] Safepoint "Cleanup", Time since last: 1000350362 ns, Reaching safepoint: 938167 ns, At safepoint: 46324 ns, Total: 984491 ns
[2020-08-12T20:57:12.189+0000][6][safepoint    ] Safepoint "Cleanup", Time since last: 1000270025 ns, Reaching safepoint: 554633 ns, At safepoint: 15675 ns, Total: 570308 ns
[2020-08-12T20:57:13.190+0000][6][safepoint    ] Safepoint "Cleanup", Time since last: 1000304200 ns, Reaching safepoint: 878342 ns, At safepoint: 44600 ns, Total: 922942 ns
[2020-08-12T20:57:14.191+0000][6][safepoint    ] Safepoint "Cleanup", Time since last: 1000347462 ns, Reaching safepoint: 900579 ns, At safepoint: 45313 ns, Total: 945892 ns
[2020-08-12T20:57:16.009+0000][6][safepoint    ] Safepoint "Cleanup", Time since last: 1816976850 ns, Reaching safepoint: 888654 ns, At safepoint: 43362 ns, Total: 932016 ns
[2020-08-12T20:57:17.011+0000][6][safepoint    ] Safepoint "Cleanup", Time since last: 1000339437 ns, Reaching safepoint: 1073541 ns, At safepoint: 74287 ns, Total: 1147828 ns
[2020-08-12T20:57:18.012+0000][6][safepoint    ] Safepoint "Cleanup", Time since last: 1000371649 ns, Reaching safepoint: 577995 ns, At safepoint: 51425 ns, Total: 629420 ns
[2020-08-12T20:57:19.013+0000][6][safepoint    ] Safepoint "Cleanup", Time since last: 1000397211 ns, Reaching safepoint: 561333 ns, At safepoint: 43875 ns, Total: 605208 ns
[2020-08-12T20:57:21.012+0000][6][safepoint    ] Safepoint "Cleanup", Time since last: 1998446493 ns, Reaching safepoint: 829030 ns, At safepoint: 43137 ns, Total: 872167 ns
[2020-08-12T20:57:22.013+0000][6][safepoint    ] Safepoint "Cleanup", Time since last: 1000304300 ns, Reaching safepoint: 613457 ns, At safepoint: 28700 ns, Total: 642157 ns
[2020-08-12T20:57:23.305+0000][6][safepoint    ] Safepoint "Cleanup", Time since last: 1290957861 ns, Reaching safepoint: 527658 ns, At safepoint: 51062 ns, Total: 578720 ns
[2020-08-12T20:57:24.306+0000][6][safepoint    ] Safepoint "Cleanup", Time since last: 1000413099 ns, Reaching safepoint: 603570 ns, At safepoint: 51037 ns, Total: 654607 ns
[2020-08-12T20:57:26.179+0000][6][safepoint    ] Safepoint "Cleanup", Time since last: 1872363371 ns, Reaching safepoint: 863892 ns, At safepoint: 116424 ns, Total: 980316 ns
[2020-08-12T20:57:27.180+0000][6][safepoint    ] Safepoint "Cleanup", Time since last: 1000270963 ns, Reaching safepoint: 441346 ns, At safepoint: 18037 ns, Total: 459383 ns
[2020-08-12T20:57:28.181+0000][6][safepoint    ] Safepoint "Cleanup", Time since last: 1000264838 ns, Reaching safepoint: 770843 ns, At safepoint: 42700 ns, Total: 813543 ns
[2020-08-12T20:57:29.182+0000][6][safepoint    ] Safepoint "Cleanup", Time since last: 1000389399 ns, Reaching safepoint: 861368 ns, At safepoint: 44024 ns, Total: 905392 ns
[2020-08-12T20:57:30.183+0000][6][safepoint    ] Safepoint "Cleanup", Time since last: 1000314125 ns, Reaching safepoint: 562495 ns, At safepoint: 26825 ns, Total: 589320 ns
[2020-08-12T20:57:31.184+0000][6][safepoint    ] Safepoint "Cleanup", Time since last: 1000275825 ns, Reaching safepoint: 843655 ns, At safepoint: 43075 ns, Total: 886730 ns
[2020-08-12T20:57:32.186+0000][6][safepoint    ] Safepoint "Cleanup", Time since last: 1000341737 ns, Reaching safepoint: 1068453 ns, At safepoint: 52337 ns, Total: 1120790 ns
[2020-08-12T20:57:33.186+0000][6][safepoint    ] Safepoint "Cleanup", Time since last: 1000353912 ns, Reaching safepoint: 257360 ns, At safepoint: 11100 ns, Total: 268460 ns
[2020-08-12T20:57:34.187+0000][6][safepoint    ] Safepoint "Cleanup", Time since last: 1000199701 ns, Reaching safepoint: 377184 ns, At safepoint: 19200 ns, Total: 396384 ns
[2020-08-12T20:57:35.871+0000][6][safepoint    ] Safepoint "Cleanup", Time since last: 1684061762 ns, Reaching safepoint: 494970 ns, At safepoint: 44287 ns, Total: 539257 ns
[2020-08-12T20:57:36.877+0000][6][safepoint    ] Safepoint "Cleanup", Time since last: 1005217095 ns, Reaching safepoint: 692332 ns, At safepoint: 54324 ns, Total: 746656 ns
[2020-08-12T20:57:38.284+0000][6][safepoint    ] Safepoint "Cleanup", Time since last: 1405671270 ns, Reaching safepoint: 761655 ns, At safepoint: 43513 ns, Total: 805168 ns
[2020-08-12T20:57:39.285+0000][6][safepoint    ] Safepoint "Cleanup", Time since last: 1000451661 ns, Reaching safepoint: 480783 ns, At safepoint: 38312 ns, Total: 519095 ns
[2020-08-12T20:57:41.013+0000][6][safepoint    ] Safepoint "Cleanup", Time since last: 1727070540 ns, Reaching safepoint: 661019 ns, At safepoint: 43462 ns, Total: 704481 ns
[2020-08-12T20:57:42.014+0000][6][safepoint    ] Safepoint "Cleanup", Time since last: 1000430299 ns, Reaching safepoint: 600245 ns, At safepoint: 48137 ns, Total: 648382 ns
[2020-08-12T20:57:43.015+0000][6][safepoint    ] Safepoint "Cleanup", Time since last: 1000316000 ns, Reaching safepoint: 582107 ns, At safepoint: 42712 ns, Total: 624819 ns
[2020-08-12T20:57:44.016+0000][6][safepoint    ] Safepoint "Cleanup", Time since last: 1000363950 ns, Reaching safepoint: 736393 ns, At safepoint: 43175 ns, Total: 779568 ns
[2020-08-12T20:57:45.423+0000][6][safepoint    ] Safepoint "Cleanup", Time since last: 1406659748 ns, Reaching safepoint: 355684 ns, At safepoint: 17688 ns, Total: 373372 ns
[2020-08-12T20:57:46.423+0000][6][safepoint    ] Safepoint "Cleanup", Time since last: 1000292787 ns, Reaching safepoint: 366384 ns, At safepoint: 45338 ns, Total: 411722 ns
[2020-08-12T20:57:47.424+0000][6][safepoint    ] Safepoint "Cleanup", Time since last: 1000288387 ns, Reaching safepoint: 536470 ns, At safepoint: 51725 ns, Total: 588195 ns
[2020-08-12T20:57:48.425+0000][6][safepoint    ] Safepoint "Cleanup", Time since last: 1000347787 ns, Reaching safepoint: 663982 ns, At safepoint: 51812 ns, Total: 715794 ns
[2020-08-12T20:57:49.427+0000][6][safepoint    ] Safepoint "Cleanup", Time since last: 1000340962 ns, Reaching safepoint: 1058678 ns, At safepoint: 144036 ns, Total: 1202714 ns
[2020-08-12T20:57:50.428+0000][6][safepoint    ] Safepoint "Cleanup", Time since last: 1000340887 ns, Reaching safepoint: 875892 ns, At safepoint: 55438 ns, Total: 931330 ns
[2020-08-12T20:57:51.429+0000][6][safepoint    ] Safepoint "Cleanup", Time since last: 1000320337 ns, Reaching safepoint: 612032 ns, At safepoint: 72837 ns, Total: 684869 ns
[2020-08-12T20:57:52.430+0000][6][safepoint    ] Safepoint "Cleanup", Time since last: 1000345724 ns, Reaching safepoint: 587708 ns, At safepoint: 45362 ns, Total: 633070 ns
[2020-08-12T20:57:53.431+0000][6][safepoint    ] Safepoint "Cleanup", Time since last: 1000349237 ns, Reaching safepoint: 702256 ns, At safepoint: 42575 ns, Total: 744831 ns
[2020-08-12T20:57:54.432+0000][6][safepoint    ] Safepoint "Cleanup", Time since last: 1000405386 ns, Reaching safepoint: 699231 ns, At safepoint: 67100 ns, Total: 766331 ns
[2020-08-12T20:57:56.153+0000][6][safepoint    ] Safepoint "Cleanup", Time since last: 1719240608 ns, Reaching safepoint: 752531 ns, At safepoint: 43224 ns, Total: 795755 ns
[2020-08-12T20:57:57.153+0000][6][safepoint    ] Safepoint "Cleanup", Time since last: 1000263325 ns, Reaching safepoint: 512096 ns, At safepoint: 22425 ns, Total: 534521 ns
[2020-08-12T20:57:58.154+0000][6][safepoint    ] Safepoint "Cleanup", Time since last: 1000217400 ns, Reaching safepoint: 513758 ns, At safepoint: 53487 ns, Total: 567245 ns
[2020-08-12T20:57:59.155+0000][6][safepoint    ] Safepoint "Cleanup", Time since last: 1000391662 ns, Reaching safepoint: 593845 ns, At safepoint: 51899 ns, Total: 645744 ns
[2020-08-12T20:58:01.015+0000][6][safepoint    ] Safepoint "Cleanup", Time since last: 1859392809 ns, Reaching safepoint: 607244 ns, At safepoint: 50387 ns, Total: 657631 ns
[2020-08-12T20:58:02.017+0000][6][safepoint    ] Safepoint "Cleanup", Time since last: 1000382649 ns, Reaching safepoint: 1071454 ns, At safepoint: 62749 ns, Total: 1134203 ns
[2020-08-12T20:58:03.018+0000][6][safepoint    ] Safepoint "Cleanup", Time since last: 1000398561 ns, Reaching safepoint: 866205 ns, At safepoint: 48488 ns, Total: 914693 ns
[2020-08-12T20:58:04.019+0000][6][safepoint    ] Safepoint "Cleanup", Time since last: 1000338074 ns, Reaching safepoint: 834868 ns, At safepoint: 43212 ns, Total: 878080 ns
[2020-08-12T20:58:05.142+0000][6][safepoint    ] Safepoint "Cleanup", Time since last: 1121702312 ns, Reaching safepoint: 786768 ns, At safepoint: 33550 ns, Total: 820318 ns
[2020-08-12T20:58:06.143+0000][6][safepoint    ] Safepoint "Cleanup", Time since last: 1000417399 ns, Reaching safepoint: 478958 ns, At safepoint: 17200 ns, Total: 496158 ns
[2020-08-12T20:58:06.212+0000][6][safepoint    ] Safepoint "BulkRevokeBias", Time since last: 68246535 ns, Reaching safepoint: 331360 ns, At safepoint: 1215439 ns, Total: 1546799 ns
[2020-08-12T20:58:07.223+0000][6][safepoint    ] Safepoint "Cleanup", Time since last: 1009813180 ns, Reaching safepoint: 837818 ns, At safepoint: 31687 ns, Total: 869505 ns
[2020-08-12T20:58:08.224+0000][6][safepoint    ] Safepoint "Cleanup", Time since last: 1000295875 ns, Reaching safepoint: 691432 ns, At safepoint: 43424 ns, Total: 734856 ns
[2020-08-12T20:58:09.225+0000][6][safepoint    ] Safepoint "Cleanup", Time since last: 1000379524 ns, Reaching safepoint: 519758 ns, At safepoint: 25238 ns, Total: 544996 ns
[2020-08-12T20:58:10.226+0000][6][safepoint    ] Safepoint "Cleanup", Time since last: 1000371949 ns, Reaching safepoint: 361709 ns, At safepoint: 16325 ns, Total: 378034 ns
[2020-08-12T20:58:11.227+0000][6][safepoint    ] Safepoint "Cleanup", Time since last: 1000670034 ns, Reaching safepoint: 755481 ns, At safepoint: 42837 ns, Total: 798318 ns
[2020-08-12T20:58:12.228+0000][6][safepoint    ] Safepoint "Cleanup", Time since last: 1000278438 ns, Reaching safepoint: 368296 ns, At safepoint: 12213 ns, Total: 380509 ns
[2020-08-12T20:58:13.229+0000][6][safepoint    ] Safepoint "Cleanup", Time since last: 1000224838 ns, Reaching safepoint: 626282 ns, At safepoint: 107611 ns, Total: 733893 ns
[2020-08-12T20:58:14.230+0000][6][safepoint    ] Safepoint "Cleanup", Time since last: 1000334450 ns, Reaching safepoint: 569420 ns, At safepoint: 94012 ns, Total: 663432 ns
[2020-08-12T20:58:15.024+0000][6][safepoint    ] Safepoint "BulkRevokeBias", Time since last: 789524135 ns, Reaching safepoint: 993541 ns, At safepoint: 3078711 ns, Total: 4072252 ns
[2020-08-12T20:58:16.561+0000][6][safepoint    ] Safepoint "Cleanup", Time since last: 1536233665 ns, Reaching safepoint: 867468 ns, At safepoint: 43112 ns, Total: 910580 ns
[2020-08-12T20:58:17.297+0000][6][safepoint    ] Safepoint "BulkRevokeBias", Time since last: 732567840 ns, Reaching safepoint: 1001741 ns, At safepoint: 2827601 ns, Total: 3829342 ns
[2020-08-12T20:58:18.299+0000][6][safepoint    ] Safepoint "Cleanup", Time since last: 1000644834 ns, Reaching safepoint: 792593 ns, At safepoint: 42862 ns, Total: 835455 ns
[2020-08-12T20:58:19.299+0000][6][safepoint    ] Safepoint "Cleanup", Time since last: 1000314363 ns, Reaching safepoint: 552632 ns, At safepoint: 29938 ns, Total: 582570 ns
[2020-08-12T20:58:21.017+0000][6][safepoint    ] Safepoint "Cleanup", Time since last: 1716936890 ns, Reaching safepoint: 650781 ns, At safepoint: 43713 ns, Total: 694494 ns
[2020-08-12T20:58:22.018+0000][6][safepoint    ] Safepoint "Cleanup", Time since last: 1000301487 ns, Reaching safepoint: 859205 ns, At safepoint: 72362 ns, Total: 931567 ns
[2020-08-12T20:58:23.019+0000][6][safepoint    ] Safepoint "Cleanup", Time since last: 1000334874 ns, Reaching safepoint: 640045 ns, At safepoint: 43224 ns, Total: 683269 ns
[2020-08-12T20:58:24.020+0000][6][safepoint    ] Safepoint "Cleanup", Time since last: 1000339262 ns, Reaching safepoint: 759581 ns, At safepoint: 46000 ns, Total: 805581 ns
[2020-08-12T20:58:25.591+0000][6][safepoint    ] Safepoint "Cleanup", Time since last: 1570358120 ns, Reaching safepoint: 575270 ns, At safepoint: 20900 ns, Total: 596170 ns
[2020-08-12T20:58:26.592+0000][6][safepoint    ] Safepoint "Cleanup", Time since last: 1000344862 ns, Reaching safepoint: 626245 ns, At safepoint: 43199 ns, Total: 669444 ns
[2020-08-12T20:58:27.593+0000][6][safepoint    ] Safepoint "Cleanup", Time since last: 1000316175 ns, Reaching safepoint: 602670 ns, At safepoint: 30987 ns, Total: 633657 ns
[2020-08-12T20:58:28.595+0000][6][safepoint    ] Safepoint "Cleanup", Time since last: 1000325337 ns, Reaching safepoint: 912942 ns, At safepoint: 46537 ns, Total: 959479 ns
[2020-08-12T20:58:29.596+0000][6][safepoint    ] Safepoint "Cleanup", Time since last: 1000390062 ns, Reaching safepoint: 1115465 ns, At safepoint: 54387 ns, Total: 1169852 ns
[2020-08-12T20:58:30.598+0000][6][safepoint    ] Safepoint "Cleanup", Time since last: 1000320987 ns, Reaching safepoint: 1049041 ns, At safepoint: 42887 ns, Total: 1091928 ns
[2020-08-12T20:58:31.599+0000][6][safepoint    ] Safepoint "Cleanup", Time since last: 1000296700 ns, Reaching safepoint: 771706 ns, At safepoint: 42699 ns, Total: 814405 ns
[2020-08-12T20:58:32.599+0000][6][safepoint    ] Safepoint "Cleanup", Time since last: 1000348925 ns, Reaching safepoint: 373484 ns, At safepoint: 18050 ns, Total: 391534 ns
[2020-08-12T20:58:33.601+0000][6][safepoint    ] Safepoint "Cleanup", Time since last: 1000252363 ns, Reaching safepoint: 815380 ns, At safepoint: 43550 ns, Total: 858930 ns
[2020-08-12T20:58:34.602+0000][6][safepoint    ] Safepoint "Cleanup", Time since last: 1000301087 ns, Reaching safepoint: 778581 ns, At safepoint: 26437 ns, Total: 805018 ns
[2020-08-12T20:58:36.049+0000][6][safepoint    ] Safepoint "Cleanup", Time since last: 1447252647 ns, Reaching safepoint: 407872 ns, At safepoint: 11387 ns, Total: 419259 ns
[2020-08-12T20:58:37.061+0000][6][safepoint    ] Safepoint "Cleanup", Time since last: 1010567111 ns, Reaching safepoint: 839230 ns, At safepoint: 39788 ns, Total: 879018 ns
[2020-08-12T20:58:38.438+0000][6][safepoint    ] Safepoint "Cleanup", Time since last: 1375875214 ns, Reaching safepoint: 860368 ns, At safepoint: 43462 ns, Total: 903830 ns
[2020-08-12T20:58:39.439+0000][6][safepoint    ] Safepoint "Cleanup", Time since last: 1000339824 ns, Reaching safepoint: 1133740 ns, At safepoint: 49662 ns, Total: 1183402 ns
[2020-08-12T20:58:41.024+0000][6][safepoint    ] Safepoint "Cleanup", Time since last: 1583833379 ns, Reaching safepoint: 1047616 ns, At safepoint: 73887 ns, Total: 1121503 ns
[2020-08-12T20:58:42.025+0000][6][safepoint    ] Safepoint "Cleanup", Time since last: 1000321237 ns, Reaching safepoint: 751943 ns, At safepoint: 47550 ns, Total: 799493 ns
[2020-08-12T20:58:43.026+0000][6][safepoint    ] Safepoint "Cleanup", Time since last: 1000285525 ns, Reaching safepoint: 659494 ns, At safepoint: 50375 ns, Total: 709869 ns
[2020-08-12T20:58:44.027+0000][6][safepoint    ] Safepoint "Cleanup", Time since last: 1000336974 ns, Reaching safepoint: 707257 ns, At safepoint: 45962 ns, Total: 753219 ns
[2020-08-12T20:58:45.475+0000][6][safepoint    ] Safepoint "Cleanup", Time since last: 1446830576 ns, Reaching safepoint: 383846 ns, At safepoint: 29763 ns, Total: 413609 ns
[2020-08-12T20:58:46.476+0000][6][safepoint    ] Safepoint "Cleanup", Time since last: 1000467811 ns, Reaching safepoint: 705356 ns, At safepoint: 64199 ns, Total: 769555 ns
[2020-08-12T20:58:47.477+0000][6][safepoint    ] Safepoint "Cleanup", Time since last: 1000367587 ns, Reaching safepoint: 469671 ns, At safepoint: 65949 ns, Total: 535620 ns
[2020-08-12T20:58:48.478+0000][6][safepoint    ] Safepoint "Cleanup", Time since last: 1000464374 ns, Reaching safepoint: 679594 ns, At safepoint: 115111 ns, Total: 794705 ns
[2020-08-12T20:58:49.479+0000][6][safepoint    ] Safepoint "Cleanup", Time since last: 1000292575 ns, Reaching safepoint: 614857 ns, At safepoint: 62612 ns, Total: 677469 ns
[2020-08-12T20:58:50.480+0000][6][safepoint    ] Safepoint "Cleanup", Time since last: 1000316262 ns, Reaching safepoint: 773331 ns, At safepoint: 55650 ns, Total: 828981 ns
[2020-08-12T20:58:51.481+0000][6][safepoint    ] Safepoint "Cleanup", Time since last: 1000371837 ns, Reaching safepoint: 588607 ns, At safepoint: 49787 ns, Total: 638394 ns
[2020-08-12T20:58:52.482+0000][6][safepoint    ] Safepoint "Cleanup", Time since last: 1000322187 ns, Reaching safepoint: 601107 ns, At safepoint: 63112 ns, Total: 664219 ns
[2020-08-12T20:58:53.483+0000][6][safepoint    ] Safepoint "Cleanup", Time since last: 1000343362 ns, Reaching safepoint: 765044 ns, At safepoint: 55899 ns, Total: 820943 ns
[2020-08-12T20:58:54.485+0000][6][safepoint    ] Safepoint "Cleanup", Time since last: 1000341150 ns, Reaching safepoint: 1286001 ns, At safepoint: 108824 ns, Total: 1394825 ns
[2020-08-12T20:58:56.460+0000][6][safepoint    ] Safepoint "Cleanup", Time since last: 1974646412 ns, Reaching safepoint: 752231 ns, At safepoint: 63237 ns, Total: 815468 ns
[2020-08-12T20:58:57.461+0000][6][safepoint    ] Safepoint "Cleanup", Time since last: 1000335737 ns, Reaching safepoint: 558245 ns, At safepoint: 43624 ns, Total: 601869 ns
[2020-08-12T20:58:58.462+0000][6][safepoint    ] Safepoint "Cleanup", Time since last: 1000337687 ns, Reaching safepoint: 610358 ns, At safepoint: 45337 ns, Total: 655695 ns
[2020-08-12T20:58:59.464+0000][6][safepoint    ] Safepoint "Cleanup", Time since last: 1000596122 ns, Reaching safepoint: 878167 ns, At safepoint: 151537 ns, Total: 1029704 ns
[2020-08-12T20:59:01.023+0000][6][safepoint    ] Safepoint "Cleanup", Time since last: 1558341574 ns, Reaching safepoint: 876442 ns, At safepoint: 45900 ns, Total: 922342 ns
[2020-08-12T20:59:02.025+0000][6][safepoint    ] Safepoint "Cleanup", Time since last: 1000343186 ns, Reaching safepoint: 877018 ns, At safepoint: 56437 ns, Total: 933455 ns
[2020-08-12T20:59:03.026+0000][6][safepoint    ] Safepoint "Cleanup", Time since last: 1000335900 ns, Reaching safepoint: 876392 ns, At safepoint: 43037 ns, Total: 919429 ns
[2020-08-12T20:59:04.027+0000][6][safepoint    ] Safepoint "Cleanup", Time since last: 1000391449 ns, Reaching safepoint: 892267 ns, At safepoint: 62937 ns, Total: 955204 ns
[2020-08-12T20:59:05.198+0000][6][safepoint    ] Safepoint "Cleanup", Time since last: 1170823175 ns, Reaching safepoint: 404884 ns, At safepoint: 27738 ns, Total: 432622 ns
[2020-08-12T20:59:07.131+0000][6][safepoint    ] Safepoint "Cleanup", Time since last: 1932381302 ns, Reaching safepoint: 669394 ns, At safepoint: 71687 ns, Total: 741081 ns
[2020-08-12T20:59:08.473+0000][6][safepoint    ] Safepoint "Cleanup", Time since last: 1340413421 ns, Reaching safepoint: 576882 ns, At safepoint: 37375 ns, Total: 614257 ns
[2020-08-12T20:59:09.474+0000][6][safepoint    ] Safepoint "Cleanup", Time since last: 1000317187 ns, Reaching safepoint: 1163578 ns, At safepoint: 54749 ns, Total: 1218327 ns
[2020-08-12T20:59:10.475+0000][6][safepoint    ] Safepoint "Cleanup", Time since last: 1000345050 ns, Reaching safepoint: 846642 ns, At safepoint: 44225 ns, Total: 890867 ns
[2020-08-12T20:59:11.476+0000][6][safepoint    ] Safepoint "Cleanup", Time since last: 1000346874 ns, Reaching safepoint: 774056 ns, At safepoint: 46162 ns, Total: 820218 ns
[2020-08-12T20:59:12.478+0000][6][safepoint    ] Safepoint "Cleanup", Time since last: 1000573898 ns, Reaching safepoint: 737531 ns, At safepoint: 43149 ns, Total: 780680 ns
[2020-08-12T20:59:13.479+0000][6][safepoint    ] Safepoint "Cleanup", Time since last: 1000389487 ns, Reaching safepoint: 835293 ns, At safepoint: 44162 ns, Total: 879455 ns
[2020-08-12T20:59:14.481+0000][6][safepoint    ] Safepoint "Cleanup", Time since last: 1000324999 ns, Reaching safepoint: 1306439 ns, At safepoint: 50525 ns, Total: 1356964 ns
[2020-08-12T20:59:16.369+0000][6][safepoint    ] Safepoint "Cleanup", Time since last: 1887097056 ns, Reaching safepoint: 883830 ns, At safepoint: 42724 ns, Total: 926554 ns
[2020-08-12T20:59:17.370+0000][6][safepoint    ] Safepoint "Cleanup", Time since last: 1000398599 ns, Reaching safepoint: 862743 ns, At safepoint: 43774 ns, Total: 906517 ns
[2020-08-12T20:59:18.371+0000][6][safepoint    ] Safepoint "Cleanup", Time since last: 1000366162 ns, Reaching safepoint: 364660 ns, At safepoint: 17687 ns, Total: 382347 ns
[2020-08-12T20:59:19.372+0000][6][safepoint    ] Safepoint "Cleanup", Time since last: 1000313499 ns, Reaching safepoint: 855781 ns, At safepoint: 67074 ns, Total: 922855 ns
[2020-08-12T20:59:21.094+0000][6][safepoint    ] Safepoint "Cleanup", Time since last: 1686863375 ns, Reaching safepoint: 35038785 ns, At safepoint: 99199 ns, Total: 35137984 ns
[2020-08-12T20:59:22.095+0000][6][safepoint    ] Safepoint "Cleanup", Time since last: 1000303025 ns, Reaching safepoint: 737456 ns, At safepoint: 44362 ns, Total: 781818 ns
[2020-08-12T20:59:23.096+0000][6][safepoint    ] Safepoint "Cleanup", Time since last: 1000289112 ns, Reaching safepoint: 652270 ns, At safepoint: 43062 ns, Total: 695332 ns
[2020-08-12T20:59:24.097+0000][6][safepoint    ] Safepoint "Cleanup", Time since last: 1000332774 ns, Reaching safepoint: 732456 ns, At safepoint: 46037 ns, Total: 778493 ns
[2020-08-12T20:59:25.629+0000][6][safepoint    ] Safepoint "Cleanup", Time since last: 1512397309 ns, Reaching safepoint: 18883525 ns, At safepoint: 46349 ns, Total: 18929874 ns
[2020-08-12T20:59:26.630+0000][6][safepoint    ] Safepoint "Cleanup", Time since last: 1000408561 ns, Reaching safepoint: 714757 ns, At safepoint: 55937 ns, Total: 770694 ns
[2020-08-12T20:59:27.631+0000][6][safepoint    ] Safepoint "Cleanup", Time since last: 1000347462 ns, Reaching safepoint: 517345 ns, At safepoint: 33287 ns, Total: 550632 ns
[2020-08-12T20:59:28.632+0000][6][safepoint    ] Safepoint "Cleanup", Time since last: 1000325150 ns, Reaching safepoint: 574283 ns, At safepoint: 43887 ns, Total: 618170 ns
[2020-08-12T20:59:29.632+0000][6][safepoint    ] Safepoint "Cleanup", Time since last: 1000287287 ns, Reaching safepoint: 447784 ns, At safepoint: 76512 ns, Total: 524296 ns
[2020-08-12T20:59:30.634+0000][6][safepoint    ] Safepoint "Cleanup", Time since last: 1000343949 ns, Reaching safepoint: 888705 ns, At safepoint: 43212 ns, Total: 931917 ns
[2020-08-12T20:59:31.635+0000][6][safepoint    ] Safepoint "Cleanup", Time since last: 1000370912 ns, Reaching safepoint: 773005 ns, At safepoint: 89500 ns, Total: 862505 ns
[2020-08-12T20:59:32.636+0000][6][safepoint    ] Safepoint "Cleanup", Time since last: 1000333424 ns, Reaching safepoint: 831018 ns, At safepoint: 43362 ns, Total: 874380 ns
[2020-08-12T20:59:33.637+0000][6][safepoint    ] Safepoint "Cleanup", Time since last: 1000337012 ns, Reaching safepoint: 828030 ns, At safepoint: 43175 ns, Total: 871205 ns
[2020-08-12T20:59:34.638+0000][6][safepoint    ] Safepoint "Cleanup", Time since last: 1000311962 ns, Reaching safepoint: 277698 ns, At safepoint: 10975 ns, Total: 288673 ns
[2020-08-12T20:59:36.094+0000][6][safepoint    ] Safepoint "Cleanup", Time since last: 1455319427 ns, Reaching safepoint: 850430 ns, At safepoint: 33250 ns, Total: 883680 ns
[2020-08-12T20:59:37.105+0000][6][safepoint    ] Safepoint "Cleanup", Time since last: 1010434225 ns, Reaching safepoint: 858755 ns, At safepoint: 42687 ns, Total: 901442 ns
[2020-08-12T20:59:38.416+0000][6][safepoint    ] Safepoint "Cleanup", Time since last: 1309751749 ns, Reaching safepoint: 476521 ns, At safepoint: 25199 ns, Total: 501720 ns
[2020-08-12T20:59:39.417+0000][6][safepoint    ] Safepoint "Cleanup", Time since last: 1000316075 ns, Reaching safepoint: 775156 ns, At safepoint: 98424 ns, Total: 873580 ns
[2020-08-12T20:59:41.030+0000][6][safepoint    ] Safepoint "Cleanup", Time since last: 1611706675 ns, Reaching safepoint: 943067 ns, At safepoint: 44587 ns, Total: 987654 ns
[2020-08-12T20:59:42.030+0000][6][safepoint    ] Safepoint "Cleanup", Time since last: 1000325675 ns, Reaching safepoint: 482696 ns, At safepoint: 25974 ns, Total: 508670 ns
[2020-08-12T20:59:43.032+0000][6][safepoint    ] Safepoint "Cleanup", Time since last: 1000243463 ns, Reaching safepoint: 828843 ns, At safepoint: 42550 ns, Total: 871393 ns
[2020-08-12T20:59:44.032+0000][6][safepoint    ] Safepoint "Cleanup", Time since last: 1000333749 ns, Reaching safepoint: 447721 ns, At safepoint: 53000 ns, Total: 500721 ns
[2020-08-12T20:59:45.273+0000][6][safepoint    ] Safepoint "Cleanup", Time since last: 1240175975 ns, Reaching safepoint: 368584 ns, At safepoint: 11013 ns, Total: 379597 ns
[2020-08-12T20:59:46.274+0000][6][safepoint    ] Safepoint "Cleanup", Time since last: 1000292187 ns, Reaching safepoint: 860043 ns, At safepoint: 43037 ns, Total: 903080 ns
[2020-08-12T20:59:47.275+0000][6][safepoint    ] Safepoint "Cleanup", Time since last: 1000370487 ns, Reaching safepoint: 716181 ns, At safepoint: 55637 ns, Total: 771818 ns
[2020-08-12T20:59:48.276+0000][6][safepoint    ] Safepoint "Cleanup", Time since last: 1000350912 ns, Reaching safepoint: 736068 ns, At safepoint: 46463 ns, Total: 782531 ns
[2020-08-12T20:59:49.277+0000][6][safepoint    ] Safepoint "Cleanup", Time since last: 1000339086 ns, Reaching safepoint: 581645 ns, At safepoint: 33338 ns, Total: 614983 ns
[2020-08-12T20:59:50.278+0000][6][safepoint    ] Safepoint "Cleanup", Time since last: 1000275462 ns, Reaching safepoint: 786606 ns, At safepoint: 46512 ns, Total: 833118 ns
[2020-08-12T20:59:51.280+0000][6][safepoint    ] Safepoint "Cleanup", Time since last: 1000337937 ns, Reaching safepoint: 857943 ns, At safepoint: 43174 ns, Total: 901117 ns
[2020-08-12T20:59:52.280+0000][6][safepoint    ] Safepoint "Cleanup", Time since last: 1000356912 ns, Reaching safepoint: 394322 ns, At safepoint: 15024 ns, Total: 409346 ns
[2020-08-12T20:59:53.281+0000][6][safepoint    ] Safepoint "Cleanup", Time since last: 1000194726 ns, Reaching safepoint: 639557 ns, At safepoint: 43987 ns, Total: 683544 ns
[2020-08-12T20:59:54.282+0000][6][safepoint    ] Safepoint "Cleanup", Time since last: 1000345087 ns, Reaching safepoint: 567945 ns, At safepoint: 43400 ns, Total: 611345 ns
[2020-08-12T20:59:55.446+0000][6][safepoint    ] Safepoint "Cleanup", Time since last: 1162695508 ns, Reaching safepoint: 466146 ns, At safepoint: 33874 ns, Total: 500020 ns
[2020-08-12T20:59:56.447+0000][6][safepoint    ] Safepoint "Cleanup", Time since last: 1000648297 ns, Reaching safepoint: 603945 ns, At safepoint: 43237 ns, Total: 647182 ns
[2020-08-12T20:59:57.448+0000][6][safepoint    ] Safepoint "Cleanup", Time since last: 1000451049 ns, Reaching safepoint: 928517 ns, At safepoint: 44149 ns, Total: 972666 ns
[2020-08-12T20:59:58.450+0000][6][safepoint    ] Safepoint "Cleanup", Time since last: 1000349100 ns, Reaching safepoint: 870605 ns, At safepoint: 43762 ns, Total: 914367 ns
[2020-08-12T20:59:59.451+0000][6][safepoint    ] Safepoint "Cleanup", Time since last: 1000419398 ns, Reaching safepoint: 775744 ns, At safepoint: 42599 ns, Total: 818343 ns
[2020-08-12T21:00:01.030+0000][6][safepoint    ] Safepoint "Cleanup", Time since last: 1578047154 ns, Reaching safepoint: 1000016 ns, At safepoint: 43550 ns, Total: 1043566 ns
[2020-08-12T21:00:02.031+0000][6][safepoint    ] Safepoint "Cleanup", Time since last: 1000347199 ns, Reaching safepoint: 849093 ns, At safepoint: 38300 ns, Total: 887393 ns
[2020-08-12T21:00:03.032+0000][6][safepoint    ] Safepoint "Cleanup", Time since last: 1000294862 ns, Reaching safepoint: 615657 ns, At safepoint: 45225 ns, Total: 660882 ns
[2020-08-12T21:00:04.033+0000][6][safepoint    ] Safepoint "Cleanup", Time since last: 1000349099 ns, Reaching safepoint: 621295 ns, At safepoint: 95499 ns, Total: 716794 ns
[2020-08-12T21:00:05.229+0000][6][safepoint    ] Safepoint "BulkRevokeBias", Time since last: 1194868042 ns, Reaching safepoint: 384672 ns, At safepoint: 1061491 ns, Total: 1446163 ns
[2020-08-12T21:00:07.106+0000][6][safepoint    ] Safepoint "Cleanup", Time since last: 1875755779 ns, Reaching safepoint: 626170 ns, At safepoint: 31887 ns, Total: 658057 ns
[2020-08-12T21:00:07.392+0000][6][safepoint    ] Safepoint "BulkRevokeBias", Time since last: 284554814 ns, Reaching safepoint: 330872 ns, At safepoint: 1062179 ns, Total: 1393051 ns
[2020-08-12T21:00:08.393+0000][6][safepoint    ] Safepoint "Cleanup", Time since last: 1000481673 ns, Reaching safepoint: 1074328 ns, At safepoint: 57299 ns, Total: 1131627 ns
[2020-08-12T21:00:09.394+0000][6][safepoint    ] Safepoint "Cleanup", Time since last: 1000348862 ns, Reaching safepoint: 640407 ns, At safepoint: 43975 ns, Total: 684382 ns
[2020-08-12T21:00:10.395+0000][6][safepoint    ] Safepoint "Cleanup", Time since last: 1000309950 ns, Reaching safepoint: 601819 ns, At safepoint: 50463 ns, Total: 652282 ns
[2020-08-12T21:00:11.396+0000][6][safepoint    ] Safepoint "Cleanup", Time since last: 1000357874 ns, Reaching safepoint: 717931 ns, At safepoint: 46175 ns, Total: 764106 ns
[2020-08-12T21:00:12.397+0000][6][safepoint    ] Safepoint "Cleanup", Time since last: 1000308674 ns, Reaching safepoint: 280048 ns, At safepoint: 23587 ns, Total: 303635 ns
[2020-08-12T21:00:13.398+0000][6][safepoint    ] Safepoint "Cleanup", Time since last: 1000224213 ns, Reaching safepoint: 497071 ns, At safepoint: 75837 ns, Total: 572908 ns
[2020-08-12T21:00:14.399+0000][6][safepoint    ] Safepoint "Cleanup", Time since last: 1000296975 ns, Reaching safepoint: 596494 ns, At safepoint: 50762 ns, Total: 647256 ns
[2020-08-12T21:00:15.436+0000][6][safepoint    ] Safepoint "Cleanup", Time since last: 1036321139 ns, Reaching safepoint: 405659 ns, At safepoint: 17475 ns, Total: 423134 ns
[2020-08-12T21:00:16.437+0000][6][safepoint    ] Safepoint "Cleanup", Time since last: 1000360699 ns, Reaching safepoint: 776743 ns, At safepoint: 42600 ns, Total: 819343 ns
[2020-08-12T21:00:17.438+0000][6][safepoint    ] Safepoint "Cleanup", Time since last: 1000413799 ns, Reaching safepoint: 824480 ns, At safepoint: 43737 ns, Total: 868217 ns
[2020-08-12T21:00:18.439+0000][6][safepoint    ] Safepoint "Cleanup", Time since last: 1000341900 ns, Reaching safepoint: 575245 ns, At safepoint: 44612 ns, Total: 619857 ns
[2020-08-12T21:00:19.440+0000][6][safepoint    ] Safepoint "Cleanup", Time since last: 1000349587 ns, Reaching safepoint: 815205 ns, At safepoint: 55925 ns, Total: 871130 ns
[2020-08-12T21:00:21.035+0000][6][safepoint    ] Safepoint "Cleanup", Time since last: 1594482111 ns, Reaching safepoint: 634795 ns, At safepoint: 43337 ns, Total: 678132 ns
[2020-08-12T21:00:22.037+0000][6][safepoint    ] Safepoint "Cleanup", Time since last: 1000376011 ns, Reaching safepoint: 1184115 ns, At safepoint: 55512 ns, Total: 1239627 ns
[2020-08-12T21:00:23.038+0000][6][safepoint    ] Safepoint "Cleanup", Time since last: 1000387012 ns, Reaching safepoint: 808305 ns, At safepoint: 42962 ns, Total: 851267 ns
[2020-08-12T21:00:24.039+0000][6][safepoint    ] Safepoint "Cleanup", Time since last: 1000347337 ns, Reaching safepoint: 660982 ns, At safepoint: 50512 ns, Total: 711494 ns
[2020-08-12T21:00:25.086+0000][6][safepoint    ] Safepoint "Cleanup", Time since last: 1045896556 ns, Reaching safepoint: 396484 ns, At safepoint: 43437 ns, Total: 439921 ns
[2020-08-12T21:00:26.087+0000][6][safepoint    ] Safepoint "Cleanup", Time since last: 1000563222 ns, Reaching safepoint: 984042 ns, At safepoint: 45724 ns, Total: 1029766 ns
[2020-08-12T21:00:27.088+0000][6][safepoint    ] Safepoint "Cleanup", Time since last: 1000343687 ns, Reaching safepoint: 695757 ns, At safepoint: 55262 ns, Total: 751019 ns
[2020-08-12T21:00:28.089+0000][6][safepoint    ] Safepoint "Cleanup", Time since last: 1000349124 ns, Reaching safepoint: 624357 ns, At safepoint: 75687 ns, Total: 700044 ns
[2020-08-12T21:00:29.090+0000][6][safepoint    ] Safepoint "Cleanup", Time since last: 1000333487 ns, Reaching safepoint: 557208 ns, At safepoint: 42650 ns, Total: 599858 ns
[2020-08-12T21:00:30.091+0000][6][safepoint    ] Safepoint "Cleanup", Time since last: 1000338674 ns, Reaching safepoint: 595895 ns, At safepoint: 54912 ns, Total: 650807 ns
[2020-08-12T21:00:31.092+0000][6][safepoint    ] Safepoint "Cleanup", Time since last: 1000338262 ns, Reaching safepoint: 707619 ns, At safepoint: 50549 ns, Total: 758168 ns
[2020-08-12T21:00:32.094+0000][6][safepoint    ] Safepoint "Cleanup", Time since last: 1000310037 ns, Reaching safepoint: 803006 ns, At safepoint: 87324 ns, Total: 890330 ns
[2020-08-12T21:00:33.095+0000][6][safepoint    ] Safepoint "Cleanup", Time since last: 1000358075 ns, Reaching safepoint: 579032 ns, At safepoint: 51387 ns, Total: 630419 ns
[2020-08-12T21:00:34.096+0000][6][safepoint    ] Safepoint "Cleanup", Time since last: 1000373087 ns, Reaching safepoint: 773356 ns, At safepoint: 63362 ns, Total: 836718 ns
[2020-08-12T21:00:35.233+0000][6][safepoint    ] Safepoint "Cleanup", Time since last: 1136508096 ns, Reaching safepoint: 482446 ns, At safepoint: 20888 ns, Total: 503334 ns
[2020-08-12T21:00:37.100+0000][6][safepoint    ] Safepoint "Cleanup", Time since last: 1866794419 ns, Reaching safepoint: 791818 ns, At safepoint: 77124 ns, Total: 868942 ns
[2020-08-12T21:00:38.482+0000][6][safepoint    ] Safepoint "Cleanup", Time since last: 1380587311 ns, Reaching safepoint: 871255 ns, At safepoint: 45575 ns, Total: 916830 ns
[2020-08-12T21:00:39.483+0000][6][safepoint    ] Safepoint "Cleanup", Time since last: 1000307725 ns, Reaching safepoint: 694806 ns, At safepoint: 53075 ns, Total: 747881 ns
[2020-08-12T21:00:41.033+0000][6][safepoint    ] Safepoint "Cleanup", Time since last: 1548786707 ns, Reaching safepoint: 650044 ns, At safepoint: 50687 ns, Total: 700731 ns
[2020-08-12T21:00:42.034+0000][6][safepoint    ] Safepoint "Cleanup", Time since last: 1000400536 ns, Reaching safepoint: 1108091 ns, At safepoint: 54524 ns, Total: 1162615 ns
[2020-08-12T21:00:43.035+0000][6][safepoint    ] Safepoint "Cleanup", Time since last: 1000339550 ns, Reaching safepoint: 840293 ns, At safepoint: 43512 ns, Total: 883805 ns
[2020-08-12T21:00:44.036+0000][6][safepoint    ] Safepoint "Cleanup", Time since last: 1000344774 ns, Reaching safepoint: 776606 ns, At safepoint: 45999 ns, Total: 822605 ns
[2020-08-12T21:00:45.036+0000][6][safepoint    ] Safepoint "BulkRevokeBias", Time since last: 995484804 ns, Reaching safepoint: 621120 ns, At safepoint: 3086673 ns, Total: 3707793 ns
[2020-08-12T21:00:46.449+0000][6][safepoint    ] Safepoint "Cleanup", Time since last: 1411269184 ns, Reaching safepoint: 1662835 ns, At safepoint: 61062 ns, Total: 1723897 ns
[2020-08-12T21:00:47.450+0000][6][safepoint    ] Safepoint "Cleanup", Time since last: 1000349762 ns, Reaching safepoint: 530221 ns, At safepoint: 33349 ns, Total: 563570 ns
[2020-08-12T21:00:48.451+0000][6][safepoint    ] Safepoint "Cleanup", Time since last: 1000264000 ns, Reaching safepoint: 1000317 ns, At safepoint: 108849 ns, Total: 1109166 ns
[2020-08-12T21:00:49.452+0000][6][safepoint    ] Safepoint "Cleanup", Time since last: 1000381849 ns, Reaching safepoint: 831468 ns, At safepoint: 82462 ns, Total: 913930 ns
[2020-08-12T21:00:50.453+0000][6][safepoint    ] Safepoint "Cleanup", Time since last: 1000342861 ns, Reaching safepoint: 704969 ns, At safepoint: 45925 ns, Total: 750894 ns
[2020-08-12T21:00:51.455+0000][6][safepoint    ] Safepoint "Cleanup", Time since last: 1000341024 ns, Reaching safepoint: 834581 ns, At safepoint: 42737 ns, Total: 877318 ns
[2020-08-12T21:00:52.455+0000][6][safepoint    ] Safepoint "Cleanup", Time since last: 1000331324 ns, Reaching safepoint: 339860 ns, At safepoint: 16425 ns, Total: 356285 ns
[2020-08-12T21:00:53.456+0000][6][safepoint    ] Safepoint "Cleanup", Time since last: 1000230375 ns, Reaching safepoint: 692407 ns, At safepoint: 38474 ns, Total: 730881 ns
[2020-08-12T21:00:54.457+0000][6][safepoint    ] Safepoint "Cleanup", Time since last: 1000306138 ns, Reaching safepoint: 627519 ns, At safepoint: 33550 ns, Total: 661069 ns
[2020-08-12T21:00:56.129+0000][6][safepoint    ] Safepoint "Cleanup", Time since last: 1670961525 ns, Reaching safepoint: 604995 ns, At safepoint: 49687 ns, Total: 654682 ns
[2020-08-12T21:00:57.130+0000][6][safepoint    ] Safepoint "Cleanup", Time since last: 1000374387 ns, Reaching safepoint: 868405 ns, At safepoint: 50899 ns, Total: 919304 ns
[2020-08-12T21:00:58.131+0000][6][safepoint    ] Safepoint "Cleanup", Time since last: 1000330162 ns, Reaching safepoint: 655494 ns, At safepoint: 45163 ns, Total: 700657 ns
[2020-08-12T21:00:59.132+0000][6][safepoint    ] Safepoint "Cleanup", Time since last: 1000379036 ns, Reaching safepoint: 623632 ns, At safepoint: 38462 ns, Total: 662094 ns
[2020-08-12T21:01:01.035+0000][6][safepoint    ] Safepoint "Cleanup", Time since last: 1902488836 ns, Reaching safepoint: 771618 ns, At safepoint: 44050 ns, Total: 815668 ns
[2020-08-12T21:01:02.036+0000][6][safepoint    ] Safepoint "Cleanup", Time since last: 1000295962 ns, Reaching safepoint: 517358 ns, At safepoint: 24875 ns, Total: 542233 ns
[2020-08-12T21:01:03.037+0000][6][safepoint    ] Safepoint "Cleanup", Time since last: 1000268525 ns, Reaching safepoint: 559170 ns, At safepoint: 27363 ns, Total: 586533 ns
[2020-08-12T21:01:04.038+0000][6][safepoint    ] Safepoint "Cleanup", Time since last: 1000283312 ns, Reaching safepoint: 759531 ns, At safepoint: 45237 ns, Total: 804768 ns
[2020-08-12T21:01:05.233+0000][6][safepoint    ] Safepoint "Cleanup", Time since last: 1194123936 ns, Reaching safepoint: 422297 ns, At safepoint: 18637 ns, Total: 440934 ns
[2020-08-12T21:01:07.066+0000][6][safepoint    ] Safepoint "Cleanup", Time since last: 1832222456 ns, Reaching safepoint: 728706 ns, At safepoint: 39562 ns, Total: 768268 ns
[2020-08-12T21:01:08.360+0000][6][safepoint    ] Safepoint "Cleanup", Time since last: 1293629701 ns, Reaching safepoint: 644494 ns, At safepoint: 51450 ns, Total: 695944 ns
[2020-08-12T21:01:09.361+0000][6][safepoint    ] Safepoint "Cleanup", Time since last: 1000312399 ns, Reaching safepoint: 295510 ns, At safepoint: 22163 ns, Total: 317673 ns
[2020-08-12T21:01:10.362+0000][6][safepoint    ] Safepoint "Cleanup", Time since last: 1000266237 ns, Reaching safepoint: 584033 ns, At safepoint: 44574 ns, Total: 628607 ns
[2020-08-12T21:01:11.363+0000][6][safepoint    ] Safepoint "Cleanup", Time since last: 1000437924 ns, Reaching safepoint: 749843 ns, At safepoint: 97012 ns, Total: 846855 ns
[2020-08-12T21:01:12.364+0000][6][safepoint    ] Safepoint "Cleanup", Time since last: 1000285075 ns, Reaching safepoint: 518858 ns, At safepoint: 20250 ns, Total: 539108 ns
[2020-08-12T21:01:13.365+0000][6][safepoint    ] Safepoint "Cleanup", Time since last: 1000246375 ns, Reaching safepoint: 639794 ns, At safepoint: 52875 ns, Total: 692669 ns
[2020-08-12T21:01:14.366+0000][6][safepoint    ] Safepoint "Cleanup", Time since last: 1000423399 ns, Reaching safepoint: 530433 ns, At safepoint: 50512 ns, Total: 580945 ns
[2020-08-12T21:01:15.715+0000][6][safepoint    ] Safepoint "Cleanup", Time since last: 1348390614 ns, Reaching safepoint: 483346 ns, At safepoint: 43837 ns, Total: 527183 ns
[2020-08-12T21:01:16.716+0000][6][safepoint    ] Safepoint "Cleanup", Time since last: 1000614397 ns, Reaching safepoint: 764281 ns, At safepoint: 45887 ns, Total: 810168 ns
[2020-08-12T21:01:17.717+0000][6][safepoint    ] Safepoint "Cleanup", Time since last: 1000316975 ns, Reaching safepoint: 461759 ns, At safepoint: 30699 ns, Total: 492458 ns
[2020-08-12T21:01:18.718+0000][6][safepoint    ] Safepoint "Cleanup", Time since last: 1000346812 ns, Reaching safepoint: 606132 ns, At safepoint: 51388 ns, Total: 657520 ns
[2020-08-12T21:01:19.719+0000][6][safepoint    ] Safepoint "Cleanup", Time since last: 1000451335 ns, Reaching safepoint: 726719 ns, At safepoint: 52800 ns, Total: 779519 ns
[2020-08-12T21:01:21.039+0000][6][safepoint    ] Safepoint "Cleanup", Time since last: 1318857607 ns, Reaching safepoint: 563658 ns, At safepoint: 42375 ns, Total: 606033 ns
[2020-08-12T21:01:22.040+0000][6][safepoint    ] Safepoint "Cleanup", Time since last: 1000402048 ns, Reaching safepoint: 567770 ns, At safepoint: 42450 ns, Total: 610220 ns
[2020-08-12T21:01:23.041+0000][6][safepoint    ] Safepoint "Cleanup", Time since last: 1000437099 ns, Reaching safepoint: 811943 ns, At safepoint: 43987 ns, Total: 855930 ns
[2020-08-12T21:01:24.042+0000][6][safepoint    ] Safepoint "Cleanup", Time since last: 1000406436 ns, Reaching safepoint: 823543 ns, At safepoint: 44400 ns, Total: 867943 ns
[2020-08-12T21:01:25.225+0000][6][safepoint    ] Safepoint "Cleanup", Time since last: 1182321538 ns, Reaching safepoint: 638395 ns, At safepoint: 18637 ns, Total: 657032 ns
[2020-08-12T21:01:26.227+0000][6][safepoint    ] Safepoint "Cleanup", Time since last: 1000543460 ns, Reaching safepoint: 838668 ns, At safepoint: 37975 ns, Total: 876643 ns
[2020-08-12T21:01:27.228+0000][6][safepoint    ] Safepoint "Cleanup", Time since last: 1000318499 ns, Reaching safepoint: 668007 ns, At safepoint: 25987 ns, Total: 693994 ns
[2020-08-12T21:01:28.229+0000][6][safepoint    ] Safepoint "Cleanup", Time since last: 1000287450 ns, Reaching safepoint: 839068 ns, At safepoint: 43224 ns, Total: 882292 ns
[2020-08-12T21:01:29.230+0000][6][safepoint    ] Safepoint "Cleanup", Time since last: 1000391562 ns, Reaching safepoint: 607370 ns, At safepoint: 32649 ns, Total: 640019 ns
[2020-08-12T21:01:30.230+0000][6][safepoint    ] Safepoint "Cleanup", Time since last: 1000322562 ns, Reaching safepoint: 360147 ns, At safepoint: 18188 ns, Total: 378335 ns
[2020-08-12T21:01:31.231+0000][6][safepoint    ] Safepoint "Cleanup", Time since last: 1000254362 ns, Reaching safepoint: 680932 ns, At safepoint: 52700 ns, Total: 733632 ns
[2020-08-12T21:01:32.233+0000][6][safepoint    ] Safepoint "Cleanup", Time since last: 1000338949 ns, Reaching safepoint: 718369 ns, At safepoint: 52687 ns, Total: 771056 ns
[2020-08-12T21:01:33.233+0000][6][safepoint    ] Safepoint "Cleanup", Time since last: 1000311850 ns, Reaching safepoint: 284697 ns, At safepoint: 12137 ns, Total: 296834 ns
[2020-08-12T21:01:34.234+0000][6][safepoint    ] Safepoint "Cleanup", Time since last: 1000174451 ns, Reaching safepoint: 282298 ns, At safepoint: 12800 ns, Total: 295098 ns
[2020-08-12T21:01:36.156+0000][6][safepoint    ] Safepoint "Cleanup", Time since last: 1921490059 ns, Reaching safepoint: 606682 ns, At safepoint: 36712 ns, Total: 643394 ns
[2020-08-12T21:01:37.231+0000][6][safepoint    ] Safepoint "Cleanup", Time since last: 1073557016 ns, Reaching safepoint: 1253164 ns, At safepoint: 29825 ns, Total: 1282989 ns
[2020-08-12T21:01:38.362+0000][6][safepoint    ] Safepoint "Cleanup", Time since last: 1130678622 ns, Reaching safepoint: 568408 ns, At safepoint: 86262 ns, Total: 654670 ns
[2020-08-12T21:01:39.365+0000][6][safepoint    ] Safepoint "Cleanup", Time since last: 1002215583 ns, Reaching safepoint: 854918 ns, At safepoint: 60924 ns, Total: 915842 ns
[2020-08-12T21:01:41.040+0000][6][safepoint    ] Safepoint "Cleanup", Time since last: 1673555815 ns, Reaching safepoint: 938842 ns, At safepoint: 44575 ns, Total: 983417 ns
[2020-08-12T21:01:42.041+0000][6][safepoint    ] Safepoint "Cleanup", Time since last: 1000371549 ns, Reaching safepoint: 1053103 ns, At safepoint: 56037 ns, Total: 1109140 ns
[2020-08-12T21:01:43.042+0000][6][safepoint    ] Safepoint "Cleanup", Time since last: 1000343950 ns, Reaching safepoint: 627657 ns, At safepoint: 43200 ns, Total: 670857 ns
[2020-08-12T21:01:44.043+0000][6][safepoint    ] Safepoint "Cleanup", Time since last: 1000340874 ns, Reaching safepoint: 634170 ns, At safepoint: 45187 ns, Total: 679357 ns
[2020-08-12T21:01:45.503+0000][6][safepoint    ] Safepoint "Cleanup", Time since last: 1459878350 ns, Reaching safepoint: 446521 ns, At safepoint: 27038 ns, Total: 473559 ns
[2020-08-12T21:01:46.505+0000][6][safepoint    ] Safepoint "Cleanup", Time since last: 1000459773 ns, Reaching safepoint: 582370 ns, At safepoint: 50775 ns, Total: 633145 ns
[2020-08-12T21:01:47.506+0000][6][safepoint    ] Safepoint "Cleanup", Time since last: 1000436886 ns, Reaching safepoint: 718668 ns, At safepoint: 44025 ns, Total: 762693 ns
[2020-08-12T21:01:48.507+0000][6][safepoint    ] Safepoint "Cleanup", Time since last: 1000392999 ns, Reaching safepoint: 583645 ns, At safepoint: 50787 ns, Total: 634432 ns
[2020-08-12T21:01:49.508+0000][6][safepoint    ] Safepoint "Cleanup", Time since last: 1000414149 ns, Reaching safepoint: 931629 ns, At safepoint: 46475 ns, Total: 978104 ns
[2020-08-12T21:01:50.510+0000][6][safepoint    ] Safepoint "Cleanup", Time since last: 1000331912 ns, Reaching safepoint: 1047703 ns, At safepoint: 43987 ns, Total: 1091690 ns
[2020-08-12T21:01:51.510+0000][6][safepoint    ] Safepoint "Cleanup", Time since last: 1000314100 ns, Reaching safepoint: 553908 ns, At safepoint: 29500 ns, Total: 583408 ns
[2020-08-12T21:01:52.511+0000][6][safepoint    ] Safepoint "Cleanup", Time since last: 1000291949 ns, Reaching safepoint: 374947 ns, At safepoint: 18463 ns, Total: 393410 ns
[2020-08-12T21:01:53.512+0000][6][safepoint    ] Safepoint "Cleanup", Time since last: 1000253375 ns, Reaching safepoint: 783118 ns, At safepoint: 55475 ns, Total: 838593 ns
[2020-08-12T21:01:54.513+0000][6][safepoint    ] Safepoint "Cleanup", Time since last: 1000346374 ns, Reaching safepoint: 702769 ns, At safepoint: 51725 ns, Total: 754494 ns
[2020-08-12T21:01:55.053+0000][6][safepoint    ] Safepoint "BulkRevokeBias", Time since last: 528671790 ns, Reaching safepoint: 10130638 ns, At safepoint: 1079615 ns, Total: 11210253 ns
[2020-08-12T21:01:56.104+0000][6][safepoint    ] Safepoint "Cleanup", Time since last: 1050295243 ns, Reaching safepoint: 740268 ns, At safepoint: 43987 ns, Total: 784255 ns
[2020-08-12T21:01:57.106+0000][6][safepoint    ] Safepoint "Cleanup", Time since last: 1000334162 ns, Reaching safepoint: 1119241 ns, At safepoint: 62449 ns, Total: 1181690 ns
[2020-08-12T21:01:58.107+0000][6][safepoint    ] Safepoint "Cleanup", Time since last: 1000400299 ns, Reaching safepoint: 858105 ns, At safepoint: 45400 ns, Total: 903505 ns
[2020-08-12T21:01:59.108+0000][6][safepoint    ] Safepoint "Cleanup", Time since last: 1000385836 ns, Reaching safepoint: 729957 ns, At safepoint: 50574 ns, Total: 780531 ns
[2020-08-12T21:02:01.039+0000][6][safepoint    ] Safepoint "Cleanup", Time since last: 1930621155 ns, Reaching safepoint: 486521 ns, At safepoint: 52299 ns, Total: 538820 ns
[2020-08-12T21:02:02.041+0000][6][safepoint    ] Safepoint "Cleanup", Time since last: 1000366649 ns, Reaching safepoint: 1115828 ns, At safepoint: 55387 ns, Total: 1171215 ns
[2020-08-12T21:02:03.042+0000][6][safepoint    ] Safepoint "Cleanup", Time since last: 1000353625 ns, Reaching safepoint: 842442 ns, At safepoint: 42963 ns, Total: 885405 ns
[2020-08-12T21:02:04.043+0000][6][safepoint    ] Safepoint "Cleanup", Time since last: 1000344036 ns, Reaching safepoint: 749581 ns, At safepoint: 44300 ns, Total: 793881 ns
[2020-08-12T21:02:05.152+0000][6][safepoint    ] Safepoint "Cleanup", Time since last: 1108553164 ns, Reaching safepoint: 294947 ns, At safepoint: 17950 ns, Total: 312897 ns
[2020-08-12T21:02:07.108+0000][6][safepoint    ] Safepoint "Cleanup", Time since last: 1954555835 ns, Reaching safepoint: 868480 ns, At safepoint: 54912 ns, Total: 923392 ns
[2020-08-12T21:02:08.383+0000][6][safepoint    ] Safepoint "Cleanup", Time since last: 1274696740 ns, Reaching safepoint: 661219 ns, At safepoint: 51175 ns, Total: 712394 ns
[2020-08-12T21:02:09.384+0000][6][safepoint    ] Safepoint "Cleanup", Time since last: 1000350449 ns, Reaching safepoint: 708844 ns, At safepoint: 44099 ns, Total: 752943 ns
[2020-08-12T21:02:10.951+0000][6][safepoint    ] Safepoint "Cleanup", Time since last: 1565693011 ns, Reaching safepoint: 814518 ns, At safepoint: 43562 ns, Total: 858080 ns
[2020-08-12T21:02:11.952+0000][6][safepoint    ] Safepoint "Cleanup", Time since last: 1000402686 ns, Reaching safepoint: 839793 ns, At safepoint: 43500 ns, Total: 883293 ns
[2020-08-12T21:02:12.953+0000][6][safepoint    ] Safepoint "Cleanup", Time since last: 1000355824 ns, Reaching safepoint: 818568 ns, At safepoint: 45137 ns, Total: 863705 ns
[2020-08-12T21:02:13.954+0000][6][safepoint    ] Safepoint "Cleanup", Time since last: 1000349662 ns, Reaching safepoint: 670507 ns, At safepoint: 42849 ns, Total: 713356 ns
[2020-08-12T21:02:14.955+0000][6][safepoint    ] Safepoint "Cleanup", Time since last: 1000311975 ns, Reaching safepoint: 650682 ns, At safepoint: 40200 ns, Total: 690882 ns
[2020-08-12T21:02:16.558+0000][6][safepoint    ] Safepoint "Cleanup", Time since last: 1602254319 ns, Reaching safepoint: 712444 ns, At safepoint: 44175 ns, Total: 756619 ns
[2020-08-12T21:02:17.559+0000][6][safepoint    ] Safepoint "Cleanup", Time since last: 1000336624 ns, Reaching safepoint: 528920 ns, At safepoint: 44975 ns, Total: 573895 ns
[2020-08-12T21:02:18.560+0000][6][safepoint    ] Safepoint "Cleanup", Time since last: 1000331537 ns, Reaching safepoint: 698106 ns, At safepoint: 51162 ns, Total: 749268 ns
[2020-08-12T21:02:19.562+0000][6][safepoint    ] Safepoint "Cleanup", Time since last: 1000391024 ns, Reaching safepoint: 1026991 ns, At safepoint: 55513 ns, Total: 1082504 ns
[2020-08-12T21:02:21.040+0000][6][safepoint    ] Safepoint "Cleanup", Time since last: 1477353899 ns, Reaching safepoint: 756518 ns, At safepoint: 67975 ns, Total: 824493 ns
[2020-08-12T21:02:22.042+0000][6][safepoint    ] Safepoint "Cleanup", Time since last: 1000426174 ns, Reaching safepoint: 1125302 ns, At safepoint: 59075 ns, Total: 1184377 ns
[2020-08-12T21:02:23.043+0000][6][safepoint    ] Safepoint "Cleanup", Time since last: 1000336012 ns, Reaching safepoint: 510495 ns, At safepoint: 34263 ns, Total: 544758 ns
[2020-08-12T21:02:24.044+0000][6][safepoint    ] Safepoint "Cleanup", Time since last: 1000309749 ns, Reaching safepoint: 687644 ns, At safepoint: 43600 ns, Total: 731244 ns
[2020-08-12T21:02:25.184+0000][6][safepoint    ] Safepoint "Cleanup", Time since last: 1140353126 ns, Reaching safepoint: 258060 ns, At safepoint: 11438 ns, Total: 269498 ns
[2020-08-12T21:02:26.185+0000][6][safepoint    ] Safepoint "Cleanup", Time since last: 1000295162 ns, Reaching safepoint: 706307 ns, At safepoint: 43262 ns, Total: 749569 ns
[2020-08-12T21:02:27.188+0000][6][safepoint    ] Safepoint "Cleanup", Time since last: 1000435886 ns, Reaching safepoint: 2763576 ns, At safepoint: 60587 ns, Total: 2824163 ns
[2020-08-12T21:02:28.191+0000][6][safepoint    ] Safepoint "Cleanup", Time since last: 1001512952 ns, Reaching safepoint: 781230 ns, At safepoint: 43513 ns, Total: 824743 ns
[2020-08-12T21:02:29.192+0000][6][safepoint    ] Safepoint "Cleanup", Time since last: 1000382299 ns, Reaching safepoint: 511245 ns, At safepoint: 26487 ns, Total: 537732 ns
[2020-08-12T21:02:30.193+0000][6][safepoint    ] Safepoint "Cleanup", Time since last: 1000291313 ns, Reaching safepoint: 562408 ns, At safepoint: 31024 ns, Total: 593432 ns
[2020-08-12T21:02:31.194+0000][6][safepoint    ] Safepoint "Cleanup", Time since last: 1000293675 ns, Reaching safepoint: 602232 ns, At safepoint: 43600 ns, Total: 645832 ns
[2020-08-12T21:02:32.195+0000][6][safepoint    ] Safepoint "Cleanup", Time since last: 1000356212 ns, Reaching safepoint: 611657 ns, At safepoint: 53862 ns, Total: 665519 ns
[2020-08-12T21:02:33.196+0000][6][safepoint    ] Safepoint "Cleanup", Time since last: 1000349799 ns, Reaching safepoint: 591758 ns, At safepoint: 43874 ns, Total: 635632 ns
[2020-08-12T21:02:34.197+0000][6][safepoint    ] Safepoint "Cleanup", Time since last: 1000348625 ns, Reaching safepoint: 557045 ns, At safepoint: 44262 ns, Total: 601307 ns
[2020-08-12T21:02:35.291+0000][6][safepoint    ] Safepoint "Cleanup", Time since last: 1094167076 ns, Reaching safepoint: 433721 ns, At safepoint: 20850 ns, Total: 454571 ns
[2020-08-12T21:02:36.117+0000][6][safepoint    ] Safepoint "BulkRevokeBias", Time since last: 821967367 ns, Reaching safepoint: 431971 ns, At safepoint: 3101898 ns, Total: 3533869 ns
[2020-08-12T21:02:37.122+0000][6][safepoint    ] Safepoint "Cleanup", Time since last: 1004906198 ns, Reaching safepoint: 641194 ns, At safepoint: 32100 ns, Total: 673294 ns
[2020-08-12T21:02:38.364+0000][6][safepoint    ] Safepoint "Cleanup", Time since last: 1240993431 ns, Reaching safepoint: 621957 ns, At safepoint: 422496 ns, Total: 1044453 ns
[2020-08-12T21:02:39.365+0000][6][safepoint    ] Safepoint "Cleanup", Time since last: 1000326112 ns, Reaching safepoint: 533208 ns, At safepoint: 27550 ns, Total: 560758 ns
[2020-08-12T21:02:41.146+0000][6][safepoint    ] Safepoint "Cleanup", Time since last: 1780225880 ns, Reaching safepoint: 591157 ns, At safepoint: 48363 ns, Total: 639520 ns
[2020-08-12T21:02:42.147+0000][6][safepoint    ] Safepoint "Cleanup", Time since last: 1000332562 ns, Reaching safepoint: 712693 ns, At safepoint: 54675 ns, Total: 767368 ns
[2020-08-12T21:02:42.545+0000][6][gc,start     ] GC(39) Pause Young (Normal) (G1 Evacuation Pause)
[2020-08-12T21:02:42.545+0000][6][gc,task      ] GC(39) Using 2 workers of 2 for evacuation
[2020-08-12T21:02:42.545+0000][6][gc,age       ] GC(39) Desired survivor size 80740352 bytes, new threshold 15 (max threshold 15)
[2020-08-12T21:02:42.690+0000][6][gc,age       ] GC(39) Age table with threshold 15 (max threshold 15)
[2020-08-12T21:02:42.690+0000][6][gc,age       ] GC(39) - age   1:     471416 bytes,     471416 total
[2020-08-12T21:02:42.690+0000][6][gc,age       ] GC(39) - age   2:      53232 bytes,     524648 total
[2020-08-12T21:02:42.690+0000][6][gc,age       ] GC(39) - age   3:     111976 bytes,     636624 total
[2020-08-12T21:02:42.690+0000][6][gc,age       ] GC(39) - age   4:       6664 bytes,     643288 total
[2020-08-12T21:02:42.690+0000][6][gc,age       ] GC(39) - age   5:      23600 bytes,     666888 total
[2020-08-12T21:02:42.690+0000][6][gc,age       ] GC(39) - age   6:      14664 bytes,     681552 total
[2020-08-12T21:02:42.690+0000][6][gc,age       ] GC(39) - age   7:      11120 bytes,     692672 total
[2020-08-12T21:02:42.691+0000][6][gc,age       ] GC(39) - age   8:       6064 bytes,     698736 total
[2020-08-12T21:02:42.691+0000][6][gc,age       ] GC(39) - age   9:      98584 bytes,     797320 total
[2020-08-12T21:02:42.691+0000][6][gc,age       ] GC(39) - age  10:     142600 bytes,     939920 total
[2020-08-12T21:02:42.691+0000][6][gc,age       ] GC(39) - age  11:      72808 bytes,    1012728 total
[2020-08-12T21:02:42.691+0000][6][gc,age       ] GC(39) - age  12:     181352 bytes,    1194080 total
[2020-08-12T21:02:42.691+0000][6][gc,age       ] GC(39) - age  13:     134608 bytes,    1328688 total
[2020-08-12T21:02:42.691+0000][6][gc,phases    ] GC(39)   Pre Evacuate Collection Set: 1.1ms
[2020-08-12T21:02:42.692+0000][6][gc,phases    ] GC(39)   Merge Heap Roots: 0.7ms
[2020-08-12T21:02:42.692+0000][6][gc,phases    ] GC(39)   Evacuate Collection Set: 107.9ms
[2020-08-12T21:02:42.692+0000][6][gc,phases    ] GC(39)   Post Evacuate Collection Set: 33.3ms
[2020-08-12T21:02:42.692+0000][6][gc,phases    ] GC(39)   Other: 4.1ms
[2020-08-12T21:02:42.692+0000][6][gc,heap      ] GC(39) Eden regions: 1226->0(1226)
[2020-08-12T21:02:42.692+0000][6][gc,heap      ] GC(39) Survivor regions: 2->2(154)
[2020-08-12T21:02:42.692+0000][6][gc,heap      ] GC(39) Old regions: 80->80
[2020-08-12T21:02:42.693+0000][6][gc,heap      ] GC(39) Archive regions: 2->2
[2020-08-12T21:02:42.693+0000][6][gc,heap      ] GC(39) Humongous regions: 75->75
[2020-08-12T21:02:42.693+0000][6][gc,metaspace ] GC(39) Metaspace: 97111K(104876K)->97111K(104876K) NonClass: 84547K(89260K)->84547K(89260K) Class: 12564K(15616K)->12564K(15616K)
[2020-08-12T21:02:42.693+0000][6][gc           ] GC(39) Pause Young (Normal) (G1 Evacuation Pause) 1382M->156M(2048M) 148.551ms
[2020-08-12T21:02:42.693+0000][6][gc,cpu       ] GC(39) User=0.06s Sys=0.03s Real=0.14s
[2020-08-12T21:02:42.694+0000][6][safepoint    ] Safepoint "G1CollectForAllocation", Time since last: 396698519 ns, Reaching safepoint: 498284 ns, At safepoint: 149207709 ns, Total: 149705993 ns
[2020-08-12T21:02:43.695+0000][6][safepoint    ] Safepoint "Cleanup", Time since last: 1000304038 ns, Reaching safepoint: 847092 ns, At safepoint: 43513 ns, Total: 890605 ns
[2020-08-12T21:02:44.696+0000][6][safepoint    ] Safepoint "Cleanup", Time since last: 1000360974 ns, Reaching safepoint: 687756 ns, At safepoint: 42825 ns, Total: 730581 ns
[2020-08-12T21:02:46.047+0000][6][safepoint    ] Safepoint "Cleanup", Time since last: 1350148799 ns, Reaching safepoint: 772119 ns, At safepoint: 42899 ns, Total: 815018 ns
[2020-08-12T21:02:47.048+0000][6][safepoint    ] Safepoint "Cleanup", Time since last: 1000451474 ns, Reaching safepoint: 861292 ns, At safepoint: 42950 ns, Total: 904242 ns
[2020-08-12T21:02:48.049+0000][6][safepoint    ] Safepoint "Cleanup", Time since last: 1000349149 ns, Reaching safepoint: 695244 ns, At safepoint: 42650 ns, Total: 737894 ns
[2020-08-12T21:02:49.050+0000][6][safepoint    ] Safepoint "Cleanup", Time since last: 1000343874 ns, Reaching safepoint: 822293 ns, At safepoint: 46300 ns, Total: 868593 ns
[2020-08-12T21:02:50.051+0000][6][safepoint    ] Safepoint "Cleanup", Time since last: 1000378724 ns, Reaching safepoint: 586182 ns, At safepoint: 43500 ns, Total: 629682 ns
[2020-08-12T21:02:51.053+0000][6][safepoint    ] Safepoint "Cleanup", Time since last: 1000346899 ns, Reaching safepoint: 952917 ns, At safepoint: 43112 ns, Total: 996029 ns
[2020-08-12T21:02:52.054+0000][6][safepoint    ] Safepoint "Cleanup", Time since last: 1000376224 ns, Reaching safepoint: 879855 ns, At safepoint: 44000 ns, Total: 923855 ns
[2020-08-12T21:02:53.055+0000][6][safepoint    ] Safepoint "Cleanup", Time since last: 1000355862 ns, Reaching safepoint: 850005 ns, At safepoint: 44037 ns, Total: 894042 ns
[2020-08-12T21:02:54.056+0000][6][safepoint    ] Safepoint "Cleanup", Time since last: 1000403837 ns, Reaching safepoint: 665956 ns, At safepoint: 50750 ns, Total: 716706 ns
[2020-08-12T21:02:56.048+0000][6][safepoint    ] Safepoint "Cleanup", Time since last: 1990524499 ns, Reaching safepoint: 589820 ns, At safepoint: 43437 ns, Total: 633257 ns
[2020-08-12T21:02:57.049+0000][6][safepoint    ] Safepoint "Cleanup", Time since last: 1000378262 ns, Reaching safepoint: 562670 ns, At safepoint: 42587 ns, Total: 605257 ns
[2020-08-12T21:02:58.050+0000][6][safepoint    ] Safepoint "Cleanup", Time since last: 1000351462 ns, Reaching safepoint: 562207 ns, At safepoint: 43475 ns, Total: 605682 ns
[2020-08-12T21:02:59.051+0000][6][safepoint    ] Safepoint "Cleanup", Time since last: 1000437849 ns, Reaching safepoint: 775093 ns, At safepoint: 43087 ns, Total: 818180 ns
[2020-08-12T21:03:01.043+0000][6][safepoint    ] Safepoint "Cleanup", Time since last: 1991787363 ns, Reaching safepoint: 734056 ns, At safepoint: 44325 ns, Total: 778381 ns
[2020-08-12T21:03:02.045+0000][6][safepoint    ] Safepoint "Cleanup", Time since last: 1000349550 ns, Reaching safepoint: 881042 ns, At safepoint: 45587 ns, Total: 926629 ns
[2020-08-12T21:03:03.047+0000][6][safepoint    ] Safepoint "Cleanup", Time since last: 1000472098 ns, Reaching safepoint: 1450775 ns, At safepoint: 66212 ns, Total: 1516987 ns
[2020-08-12T21:03:04.048+0000][6][safepoint    ] Safepoint "Cleanup", Time since last: 1000339887 ns, Reaching safepoint: 578758 ns, At safepoint: 43037 ns, Total: 621795 ns
[2020-08-12T21:03:06.043+0000][6][safepoint    ] Safepoint "Cleanup", Time since last: 1994072293 ns, Reaching safepoint: 969529 ns, At safepoint: 64737 ns, Total: 1034266 ns
[2020-08-12T21:03:07.123+0000][6][safepoint    ] Safepoint "Cleanup", Time since last: 1078595573 ns, Reaching safepoint: 1218802 ns, At safepoint: 36237 ns, Total: 1255039 ns
[2020-08-12T21:03:08.458+0000][6][safepoint    ] Safepoint "Cleanup", Time since last: 1334084264 ns, Reaching safepoint: 1469512 ns, At safepoint: 48199 ns, Total: 1517711 ns
[2020-08-12T21:03:09.459+0000][6][safepoint    ] Safepoint "Cleanup", Time since last: 1000317088 ns, Reaching safepoint: 587232 ns, At safepoint: 27025 ns, Total: 614257 ns
[2020-08-12T21:03:10.460+0000][6][safepoint    ] Safepoint "Cleanup", Time since last: 1000221538 ns, Reaching safepoint: 522583 ns, At safepoint: 19862 ns, Total: 542445 ns
[2020-08-12T21:03:11.461+0000][6][safepoint    ] Safepoint "Cleanup", Time since last: 1000266400 ns, Reaching safepoint: 673082 ns, At safepoint: 43674 ns, Total: 716756 ns
[2020-08-12T21:03:12.462+0000][6][safepoint    ] Safepoint "Cleanup", Time since last: 1000442062 ns, Reaching safepoint: 460433 ns, At safepoint: 36950 ns, Total: 497383 ns
[2020-08-12T21:03:13.463+0000][6][safepoint    ] Safepoint "Cleanup", Time since last: 1000458973 ns, Reaching safepoint: 593370 ns, At safepoint: 104424 ns, Total: 697794 ns
[2020-08-12T21:03:14.464+0000][6][safepoint    ] Safepoint "Cleanup", Time since last: 1000353062 ns, Reaching safepoint: 855243 ns, At safepoint: 43987 ns, Total: 899230 ns
[2020-08-12T21:03:16.044+0000][6][safepoint    ] Safepoint "Cleanup", Time since last: 1578872934 ns, Reaching safepoint: 624094 ns, At safepoint: 52287 ns, Total: 676381 ns
[2020-08-12T21:03:17.045+0000][6][safepoint    ] Safepoint "Cleanup", Time since last: 1000406812 ns, Reaching safepoint: 563295 ns, At safepoint: 46649 ns, Total: 609944 ns
[2020-08-12T21:03:18.046+0000][6][safepoint    ] Safepoint "Cleanup", Time since last: 1000441199 ns, Reaching safepoint: 946092 ns, At safepoint: 68712 ns, Total: 1014804 ns
[2020-08-12T21:03:19.047+0000][6][safepoint    ] Safepoint "Cleanup", Time since last: 1000352599 ns, Reaching safepoint: 766568 ns, At safepoint: 52150 ns, Total: 818718 ns
[2020-08-12T21:03:20.045+0000][6][safepoint    ] Safepoint "BulkRevokeBias", Time since last: 996214398 ns, Reaching safepoint: 450746 ns, At safepoint: 1241489 ns, Total: 1692235 ns
[2020-08-12T21:03:21.047+0000][6][safepoint    ] Safepoint "Cleanup", Time since last: 1001130718 ns, Reaching safepoint: 731081 ns, At safepoint: 72099 ns, Total: 803180 ns
[2020-08-12T21:03:22.048+0000][6][safepoint    ] Safepoint "Cleanup", Time since last: 1000359000 ns, Reaching safepoint: 666156 ns, At safepoint: 50775 ns, Total: 716931 ns
[2020-08-12T21:03:23.050+0000][6][safepoint    ] Safepoint "Cleanup", Time since last: 1000347249 ns, Reaching safepoint: 836480 ns, At safepoint: 42575 ns, Total: 879055 ns
[2020-08-12T21:03:24.051+0000][6][safepoint    ] Safepoint "Cleanup", Time since last: 1000307662 ns, Reaching safepoint: 829368 ns, At safepoint: 42612 ns, Total: 871980 ns
[2020-08-12T21:03:25.097+0000][6][safepoint    ] Safepoint "Cleanup", Time since last: 1046068792 ns, Reaching safepoint: 428446 ns, At safepoint: 15937 ns, Total: 444383 ns
[2020-08-12T21:03:26.098+0000][6][safepoint    ] Safepoint "Cleanup", Time since last: 1000309100 ns, Reaching safepoint: 669507 ns, At safepoint: 51537 ns, Total: 721044 ns
[2020-08-12T21:03:27.100+0000][6][safepoint    ] Safepoint "Cleanup", Time since last: 1000362987 ns, Reaching safepoint: 1082365 ns, At safepoint: 72850 ns, Total: 1155215 ns
[2020-08-12T21:03:28.101+0000][6][safepoint    ] Safepoint "Cleanup", Time since last: 1000408274 ns, Reaching safepoint: 607369 ns, At safepoint: 52300 ns, Total: 659669 ns
[2020-08-12T21:03:29.102+0000][6][safepoint    ] Safepoint "Cleanup", Time since last: 1000439761 ns, Reaching safepoint: 572408 ns, At safepoint: 92374 ns, Total: 664782 ns
[2020-08-12T21:03:30.103+0000][6][safepoint    ] Safepoint "Cleanup", Time since last: 1000298812 ns, Reaching safepoint: 401847 ns, At safepoint: 18274 ns, Total: 420121 ns
[2020-08-12T21:03:31.104+0000][6][safepoint    ] Safepoint "Cleanup", Time since last: 1000286888 ns, Reaching safepoint: 621169 ns, At safepoint: 52325 ns, Total: 673494 ns
[2020-08-12T21:03:32.105+0000][6][safepoint    ] Safepoint "Cleanup", Time since last: 1000358499 ns, Reaching safepoint: 781119 ns, At safepoint: 63849 ns, Total: 844968 ns
[2020-08-12T21:03:33.106+0000][6][safepoint    ] Safepoint "Cleanup", Time since last: 1000372312 ns, Reaching safepoint: 330397 ns, At safepoint: 24325 ns, Total: 354722 ns
[2020-08-12T21:03:34.106+0000][6][safepoint    ] Safepoint "Cleanup", Time since last: 1000269537 ns, Reaching safepoint: 561370 ns, At safepoint: 45800 ns, Total: 607170 ns
[2020-08-12T21:03:36.043+0000][6][safepoint    ] Safepoint "Cleanup", Time since last: 1936354893 ns, Reaching safepoint: 430258 ns, At safepoint: 12975 ns, Total: 443233 ns
[2020-08-12T21:03:37.050+0000][6][safepoint    ] Safepoint "Cleanup", Time since last: 1005587192 ns, Reaching safepoint: 1440537 ns, At safepoint: 163411 ns, Total: 1603948 ns
[2020-08-12T21:03:38.472+0000][6][safepoint    ] Safepoint "Cleanup", Time since last: 1421227210 ns, Reaching safepoint: 811056 ns, At safepoint: 43324 ns, Total: 854380 ns
[2020-08-12T21:03:39.474+0000][6][safepoint    ] Safepoint "Cleanup", Time since last: 1000345275 ns, Reaching safepoint: 801830 ns, At safepoint: 54200 ns, Total: 856030 ns
[2020-08-12T21:03:41.075+0000][6][safepoint    ] Safepoint "Cleanup", Time since last: 1571882432 ns, Reaching safepoint: 29461857 ns, At safepoint: 33400 ns, Total: 29495257 ns
[2020-08-12T21:03:42.076+0000][6][safepoint    ] Safepoint "Cleanup", Time since last: 1000233951 ns, Reaching safepoint: 742931 ns, At safepoint: 46949 ns, Total: 789880 ns
[2020-08-12T21:03:42.283+0000][6][safepoint    ] Safepoint "BulkRevokeBias", Time since last: 205267825 ns, Reaching safepoint: 424109 ns, At safepoint: 1455487 ns, Total: 1879596 ns
[2020-08-12T21:03:43.284+0000][6][safepoint    ] Safepoint "Cleanup", Time since last: 1000399624 ns, Reaching safepoint: 665370 ns, At safepoint: 43287 ns, Total: 708657 ns
[2020-08-12T21:03:44.285+0000][6][safepoint    ] Safepoint "Cleanup", Time since last: 1000348624 ns, Reaching safepoint: 648669 ns, At safepoint: 43100 ns, Total: 691769 ns
[2020-08-12T21:03:45.101+0000][6][safepoint    ] Safepoint "BulkRevokeBias", Time since last: 814276809 ns, Reaching safepoint: 331097 ns, At safepoint: 805168 ns, Total: 1136265 ns
[2020-08-12T21:03:46.102+0000][6][safepoint    ] Safepoint "Cleanup", Time since last: 1000296037 ns, Reaching safepoint: 563158 ns, At safepoint: 42812 ns, Total: 605970 ns
[2020-08-12T21:03:47.103+0000][6][safepoint    ] Safepoint "Cleanup", Time since last: 1000463148 ns, Reaching safepoint: 580395 ns, At safepoint: 49787 ns, Total: 630182 ns
[2020-08-12T21:03:48.104+0000][6][safepoint    ] Safepoint "Cleanup", Time since last: 1000389162 ns, Reaching safepoint: 483321 ns, At safepoint: 37874 ns, Total: 521195 ns
[2020-08-12T21:03:49.105+0000][6][safepoint    ] Safepoint "Cleanup", Time since last: 1000525686 ns, Reaching safepoint: 445796 ns, At safepoint: 31037 ns, Total: 476833 ns
[2020-08-12T21:03:50.105+0000][6][safepoint    ] Safepoint "Cleanup", Time since last: 1000268663 ns, Reaching safepoint: 356947 ns, At safepoint: 17599 ns, Total: 374546 ns
[2020-08-12T21:03:51.106+0000][6][safepoint    ] Safepoint "Cleanup", Time since last: 1000202601 ns, Reaching safepoint: 518133 ns, At safepoint: 34500 ns, Total: 552633 ns
[2020-08-12T21:03:52.109+0000][6][safepoint    ] Safepoint "Cleanup", Time since last: 1001925310 ns, Reaching safepoint: 786481 ns, At safepoint: 84549 ns, Total: 871030 ns
[2020-08-12T21:03:53.110+0000][6][safepoint    ] Safepoint "Cleanup", Time since last: 1000349887 ns, Reaching safepoint: 997167 ns, At safepoint: 66324 ns, Total: 1063491 ns
[2020-08-12T21:03:54.111+0000][6][safepoint    ] Safepoint "Cleanup", Time since last: 1000321975 ns, Reaching safepoint: 688206 ns, At safepoint: 45575 ns, Total: 733781 ns
[2020-08-12T21:03:56.104+0000][6][safepoint    ] Safepoint "Cleanup", Time since last: 1991374142 ns, Reaching safepoint: 909679 ns, At safepoint: 45900 ns, Total: 955579 ns
[2020-08-12T21:03:57.105+0000][6][safepoint    ] Safepoint "Cleanup", Time since last: 1000430899 ns, Reaching safepoint: 642607 ns, At safepoint: 46524 ns, Total: 689131 ns
[2020-08-12T21:03:58.106+0000][6][safepoint    ] Safepoint "Cleanup", Time since last: 1000448049 ns, Reaching safepoint: 658132 ns, At safepoint: 53287 ns, Total: 711419 ns
[2020-08-12T21:03:59.107+0000][6][safepoint    ] Safepoint "Cleanup", Time since last: 1000365824 ns, Reaching safepoint: 628732 ns, At safepoint: 52362 ns, Total: 681094 ns
[2020-08-12T21:04:01.049+0000][6][safepoint    ] Safepoint "Cleanup", Time since last: 1941242950 ns, Reaching safepoint: 626082 ns, At safepoint: 47150 ns, Total: 673232 ns
[2020-08-12T21:04:02.050+0000][6][safepoint    ] Safepoint "Cleanup", Time since last: 1000358574 ns, Reaching safepoint: 710019 ns, At safepoint: 51337 ns, Total: 761356 ns
[2020-08-12T21:04:03.051+0000][6][safepoint    ] Safepoint "Cleanup", Time since last: 1000350125 ns, Reaching safepoint: 602419 ns, At safepoint: 39525 ns, Total: 641944 ns
[2020-08-12T21:04:04.052+0000][6][safepoint    ] Safepoint "Cleanup", Time since last: 1000329074 ns, Reaching safepoint: 840431 ns, At safepoint: 44999 ns, Total: 885430 ns
[2020-08-12T21:04:06.052+0000][6][safepoint    ] Safepoint "Cleanup", Time since last: 1998795641 ns, Reaching safepoint: 942941 ns, At safepoint: 14200 ns, Total: 957141 ns
[2020-08-12T21:04:07.082+0000][6][safepoint    ] Safepoint "Cleanup", Time since last: 1028791466 ns, Reaching safepoint: 844880 ns, At safepoint: 37375 ns, Total: 882255 ns
[2020-08-12T21:04:08.391+0000][6][safepoint    ] Safepoint "Cleanup", Time since last: 1308047164 ns, Reaching safepoint: 896979 ns, At safepoint: 43587 ns, Total: 940566 ns
[2020-08-12T21:04:09.392+0000][6][safepoint    ] Safepoint "Cleanup", Time since last: 1000424887 ns, Reaching safepoint: 503570 ns, At safepoint: 52175 ns, Total: 555745 ns
[2020-08-12T21:04:10.393+0000][6][safepoint    ] Safepoint "Cleanup", Time since last: 1000400199 ns, Reaching safepoint: 540883 ns, At safepoint: 43787 ns, Total: 584670 ns
[2020-08-12T21:04:11.393+0000][6][safepoint    ] Safepoint "Cleanup", Time since last: 1000373924 ns, Reaching safepoint: 356409 ns, At safepoint: 24738 ns, Total: 381147 ns
[2020-08-12T21:04:12.394+0000][6][safepoint    ] Safepoint "Cleanup", Time since last: 1000198263 ns, Reaching safepoint: 603682 ns, At safepoint: 26100 ns, Total: 629782 ns
[2020-08-12T21:04:13.395+0000][6][safepoint    ] Safepoint "Cleanup", Time since last: 1000198851 ns, Reaching safepoint: 840292 ns, At safepoint: 42825 ns, Total: 883117 ns
[2020-08-12T21:04:14.397+0000][6][safepoint    ] Safepoint "Cleanup", Time since last: 1000365137 ns, Reaching safepoint: 922154 ns, At safepoint: 47187 ns, Total: 969341 ns
[2020-08-12T21:04:16.089+0000][6][safepoint    ] Safepoint "Cleanup", Time since last: 1691147976 ns, Reaching safepoint: 783856 ns, At safepoint: 43487 ns, Total: 827343 ns
[2020-08-12T21:04:17.090+0000][6][safepoint    ] Safepoint "Cleanup", Time since last: 1000348162 ns, Reaching safepoint: 566882 ns, At safepoint: 42637 ns, Total: 609519 ns
[2020-08-12T21:04:18.090+0000][6][safepoint    ] Safepoint "Cleanup", Time since last: 1000300825 ns, Reaching safepoint: 405059 ns, At safepoint: 53375 ns, Total: 458434 ns
[2020-08-12T21:04:19.091+0000][6][safepoint    ] Safepoint "Cleanup", Time since last: 1000346537 ns, Reaching safepoint: 651869 ns, At safepoint: 43375 ns, Total: 695244 ns
[2020-08-12T21:04:21.050+0000][6][safepoint    ] Safepoint "Cleanup", Time since last: 1958038705 ns, Reaching safepoint: 714056 ns, At safepoint: 43362 ns, Total: 757418 ns
[2020-08-12T21:04:22.052+0000][6][safepoint    ] Safepoint "Cleanup", Time since last: 1000345562 ns, Reaching safepoint: 938454 ns, At safepoint: 41938 ns, Total: 980392 ns
[2020-08-12T21:04:23.053+0000][6][safepoint    ] Safepoint "Cleanup", Time since last: 1000324924 ns, Reaching safepoint: 825255 ns, At safepoint: 42238 ns, Total: 867493 ns
[2020-08-12T21:04:24.054+0000][6][safepoint    ] Safepoint "Cleanup", Time since last: 1000397361 ns, Reaching safepoint: 818556 ns, At safepoint: 45462 ns, Total: 864018 ns
[2020-08-12T21:04:25.088+0000][6][safepoint    ] Safepoint "Cleanup", Time since last: 1033580149 ns, Reaching safepoint: 411097 ns, At safepoint: 16324 ns, Total: 427421 ns
[2020-08-12T21:04:26.089+0000][6][safepoint    ] Safepoint "Cleanup", Time since last: 1000317925 ns, Reaching safepoint: 807756 ns, At safepoint: 44974 ns, Total: 852730 ns
[2020-08-12T21:04:27.090+0000][6][safepoint    ] Safepoint "Cleanup", Time since last: 1000343575 ns, Reaching safepoint: 670206 ns, At safepoint: 50875 ns, Total: 721081 ns
[2020-08-12T21:04:28.091+0000][6][safepoint    ] Safepoint "Cleanup", Time since last: 1000351224 ns, Reaching safepoint: 682232 ns, At safepoint: 50799 ns, Total: 733031 ns
[2020-08-12T21:04:29.092+0000][6][safepoint    ] Safepoint "Cleanup", Time since last: 1000349200 ns, Reaching safepoint: 669494 ns, At safepoint: 43362 ns, Total: 712856 ns
[2020-08-12T21:04:30.093+0000][6][safepoint    ] Safepoint "Cleanup", Time since last: 1000406011 ns, Reaching safepoint: 593683 ns, At safepoint: 43487 ns, Total: 637170 ns
[2020-08-12T21:04:31.094+0000][6][safepoint    ] Safepoint "Cleanup", Time since last: 1000353237 ns, Reaching safepoint: 614219 ns, At safepoint: 42863 ns, Total: 657082 ns
[2020-08-12T21:04:32.095+0000][6][safepoint    ] Safepoint "Cleanup", Time since last: 1000308012 ns, Reaching safepoint: 501046 ns, At safepoint: 53462 ns, Total: 554508 ns
[2020-08-12T21:04:33.096+0000][6][safepoint    ] Safepoint "Cleanup", Time since last: 1000338987 ns, Reaching safepoint: 527620 ns, At safepoint: 24525 ns, Total: 552145 ns
[2020-08-12T21:04:34.097+0000][6][safepoint    ] Safepoint "Cleanup", Time since last: 1000303300 ns, Reaching safepoint: 739281 ns, At safepoint: 45837 ns, Total: 785118 ns
[2020-08-12T21:04:36.052+0000][6][safepoint    ] Safepoint "Cleanup", Time since last: 1953696255 ns, Reaching safepoint: 517308 ns, At safepoint: 54562 ns, Total: 571870 ns
[2020-08-12T21:04:37.076+0000][6][safepoint    ] Safepoint "Cleanup", Time since last: 1023617911 ns, Reaching safepoint: 716943 ns, At safepoint: 73350 ns, Total: 790293 ns
[2020-08-12T21:04:38.416+0000][6][safepoint    ] Safepoint "Cleanup", Time since last: 1339078345 ns, Reaching safepoint: 583620 ns, At safepoint: 43550 ns, Total: 627170 ns
[2020-08-12T21:04:39.417+0000][6][safepoint    ] Safepoint "Cleanup", Time since last: 1000349174 ns, Reaching safepoint: 777456 ns, At safepoint: 43012 ns, Total: 820468 ns
[2020-08-12T21:04:41.051+0000][6][safepoint    ] Safepoint "Cleanup", Time since last: 1633897921 ns, Reaching safepoint: 688794 ns, At safepoint: 42662 ns, Total: 731456 ns
[2020-08-12T21:04:42.738+0000][6][safepoint    ] Safepoint "Cleanup", Time since last: 1686660877 ns, Reaching safepoint: 335422 ns, At safepoint: 26937 ns, Total: 362359 ns
[2020-08-12T21:04:43.739+0000][6][safepoint    ] Safepoint "Cleanup", Time since last: 1000262413 ns, Reaching safepoint: 631319 ns, At safepoint: 43387 ns, Total: 674706 ns
[2020-08-12T21:04:44.741+0000][6][safepoint    ] Safepoint "Cleanup", Time since last: 1000305163 ns, Reaching safepoint: 776518 ns, At safepoint: 35637 ns, Total: 812155 ns
[2020-08-12T21:04:46.089+0000][6][safepoint    ] Safepoint "Cleanup", Time since last: 1347626371 ns, Reaching safepoint: 592858 ns, At safepoint: 43687 ns, Total: 636545 ns
[2020-08-12T21:04:47.090+0000][6][safepoint    ] Safepoint "Cleanup", Time since last: 1000389399 ns, Reaching safepoint: 753131 ns, At safepoint: 47012 ns, Total: 800143 ns
[2020-08-12T21:04:48.091+0000][6][safepoint    ] Safepoint "Cleanup", Time since last: 1000344612 ns, Reaching safepoint: 597220 ns, At safepoint: 46349 ns, Total: 643569 ns
[2020-08-12T21:04:49.092+0000][6][safepoint    ] Safepoint "Cleanup", Time since last: 1000352500 ns, Reaching safepoint: 614444 ns, At safepoint: 45437 ns, Total: 659881 ns
[2020-08-12T21:04:50.093+0000][6][safepoint    ] Safepoint "Cleanup", Time since last: 1000287463 ns, Reaching safepoint: 398359 ns, At safepoint: 16600 ns, Total: 414959 ns
[2020-08-12T21:04:51.094+0000][6][safepoint    ] Safepoint "Cleanup", Time since last: 1000288325 ns, Reaching safepoint: 735243 ns, At safepoint: 44487 ns, Total: 779730 ns
[2020-08-12T21:04:52.095+0000][6][safepoint    ] Safepoint "Cleanup", Time since last: 1000360650 ns, Reaching safepoint: 571182 ns, At safepoint: 53400 ns, Total: 624582 ns
[2020-08-12T21:04:53.096+0000][6][safepoint    ] Safepoint "Cleanup", Time since last: 1000401749 ns, Reaching safepoint: 585120 ns, At safepoint: 50687 ns, Total: 635807 ns
[2020-08-12T21:04:54.097+0000][6][safepoint    ] Safepoint "Cleanup", Time since last: 1000392386 ns, Reaching safepoint: 509971 ns, At safepoint: 38249 ns, Total: 548220 ns
[2020-08-12T21:04:55.103+0000][6][safepoint    ] Safepoint "Cleanup", Time since last: 1006130250 ns, Reaching safepoint: 298347 ns, At safepoint: 16263 ns, Total: 314610 ns
[2020-08-12T21:04:56.104+0000][6][safepoint    ] Safepoint "Cleanup", Time since last: 1000319412 ns, Reaching safepoint: 687419 ns, At safepoint: 43012 ns, Total: 730431 ns
[2020-08-12T21:04:57.105+0000][6][safepoint    ] Safepoint "Cleanup", Time since last: 1000345374 ns, Reaching safepoint: 680919 ns, At safepoint: 51425 ns, Total: 732344 ns
[2020-08-12T21:04:58.106+0000][6][safepoint    ] Safepoint "Cleanup", Time since last: 1000359287 ns, Reaching safepoint: 680769 ns, At safepoint: 43074 ns, Total: 723843 ns
[2020-08-12T21:04:59.108+0000][6][safepoint    ] Safepoint "Cleanup", Time since last: 1000391087 ns, Reaching safepoint: 787543 ns, At safepoint: 42850 ns, Total: 830393 ns
[2020-08-12T21:05:01.098+0000][6][safepoint    ] Safepoint "Cleanup", Time since last: 1989470771 ns, Reaching safepoint: 956417 ns, At safepoint: 45962 ns, Total: 1002379 ns
[2020-08-12T21:05:02.099+0000][6][safepoint    ] Safepoint "Cleanup", Time since last: 1000386649 ns, Reaching safepoint: 882854 ns, At safepoint: 46137 ns, Total: 928991 ns
[2020-08-12T21:05:03.101+0000][6][safepoint    ] Safepoint "Cleanup", Time since last: 1000346912 ns, Reaching safepoint: 913192 ns, At safepoint: 46375 ns, Total: 959567 ns
[2020-08-12T21:05:04.102+0000][6][safepoint    ] Safepoint "Cleanup", Time since last: 1000396599 ns, Reaching safepoint: 831968 ns, At safepoint: 45912 ns, Total: 877880 ns
[2020-08-12T21:05:06.102+0000][6][safepoint    ] Safepoint "Cleanup", Time since last: 1999934618 ns, Reaching safepoint: 407034 ns, At safepoint: 23725 ns, Total: 430759 ns
[2020-08-12T21:05:07.150+0000][6][safepoint    ] Safepoint "Cleanup", Time since last: 1047295568 ns, Reaching safepoint: 780443 ns, At safepoint: 34812 ns, Total: 815255 ns
[2020-08-12T21:05:08.514+0000][6][safepoint    ] Safepoint "Cleanup", Time since last: 1362332395 ns, Reaching safepoint: 826455 ns, At safepoint: 42725 ns, Total: 869180 ns
[2020-08-12T21:05:09.515+0000][6][safepoint    ] Safepoint "Cleanup", Time since last: 1000347336 ns, Reaching safepoint: 772019 ns, At safepoint: 42999 ns, Total: 815018 ns
[2020-08-12T21:05:10.516+0000][6][safepoint    ] Safepoint "Cleanup", Time since last: 1000416262 ns, Reaching safepoint: 853867 ns, At safepoint: 43312 ns, Total: 897179 ns
[2020-08-12T21:05:11.517+0000][6][safepoint    ] Safepoint "Cleanup", Time since last: 1000350262 ns, Reaching safepoint: 849980 ns, At safepoint: 43713 ns, Total: 893693 ns
[2020-08-12T21:05:12.519+0000][6][safepoint    ] Safepoint "Cleanup", Time since last: 1000359561 ns, Reaching safepoint: 838006 ns, At safepoint: 65799 ns, Total: 903805 ns
[2020-08-12T21:05:13.520+0000][6][safepoint    ] Safepoint "Cleanup", Time since last: 1000342812 ns, Reaching safepoint: 769893 ns, At safepoint: 42762 ns, Total: 812655 ns
[2020-08-12T21:05:14.521+0000][6][safepoint    ] Safepoint "Cleanup", Time since last: 1000412824 ns, Reaching safepoint: 848218 ns, At safepoint: 43637 ns, Total: 891855 ns
[2020-08-12T21:05:16.091+0000][6][safepoint    ] Safepoint "Cleanup", Time since last: 1569231480 ns, Reaching safepoint: 890517 ns, At safepoint: 43350 ns, Total: 933867 ns
[2020-08-12T21:05:17.092+0000][6][safepoint    ] Safepoint "Cleanup", Time since last: 1000331099 ns, Reaching safepoint: 727044 ns, At safepoint: 73524 ns, Total: 800568 ns
[2020-08-12T21:05:18.093+0000][6][safepoint    ] Safepoint "Cleanup", Time since last: 1000355362 ns, Reaching safepoint: 591095 ns, At safepoint: 39650 ns, Total: 630745 ns
[2020-08-12T21:05:19.094+0000][6][safepoint    ] Safepoint "Cleanup", Time since last: 1000314675 ns, Reaching safepoint: 658669 ns, At safepoint: 50049 ns, Total: 708718 ns
[2020-08-12T21:05:21.054+0000][6][safepoint    ] Safepoint "Cleanup", Time since last: 1959273532 ns, Reaching safepoint: 672519 ns, At safepoint: 50725 ns, Total: 723244 ns
[2020-08-12T21:05:22.055+0000][6][safepoint    ] Safepoint "Cleanup", Time since last: 1000338725 ns, Reaching safepoint: 682544 ns, At safepoint: 43949 ns, Total: 726493 ns
[2020-08-12T21:05:23.057+0000][6][safepoint    ] Safepoint "Cleanup", Time since last: 1000337925 ns, Reaching safepoint: 822230 ns, At safepoint: 42025 ns, Total: 864255 ns
[2020-08-12T21:05:24.058+0000][6][safepoint    ] Safepoint "Cleanup", Time since last: 1000341387 ns, Reaching safepoint: 764606 ns, At safepoint: 42524 ns, Total: 807130 ns
[2020-08-12T21:05:25.106+0000][6][safepoint    ] Safepoint "Cleanup", Time since last: 1047581579 ns, Reaching safepoint: 369046 ns, At safepoint: 16688 ns, Total: 385734 ns
[2020-08-12T21:05:26.107+0000][6][safepoint    ] Safepoint "Cleanup", Time since last: 1000292100 ns, Reaching safepoint: 583082 ns, At safepoint: 23337 ns, Total: 606419 ns
[2020-08-12T21:05:27.108+0000][6][safepoint    ] Safepoint "Cleanup", Time since last: 1000342912 ns, Reaching safepoint: 630920 ns, At safepoint: 45062 ns, Total: 675982 ns
[2020-08-12T21:05:28.109+0000][6][safepoint    ] Safepoint "Cleanup", Time since last: 1000470711 ns, Reaching safepoint: 604557 ns, At safepoint: 50625 ns, Total: 655182 ns
[2020-08-12T21:05:29.110+0000][6][safepoint    ] Safepoint "Cleanup", Time since last: 1000473373 ns, Reaching safepoint: 693594 ns, At safepoint: 47649 ns, Total: 741243 ns
[2020-08-12T21:05:30.111+0000][6][safepoint    ] Safepoint "Cleanup", Time since last: 1000283013 ns, Reaching safepoint: 253210 ns, At safepoint: 11350 ns, Total: 264560 ns
[2020-08-12T21:05:31.112+0000][6][safepoint    ] Safepoint "Cleanup", Time since last: 1000221776 ns, Reaching safepoint: 873392 ns, At safepoint: 43350 ns, Total: 916742 ns
[2020-08-12T21:05:32.113+0000][6][safepoint    ] Safepoint "Cleanup", Time since last: 1000394811 ns, Reaching safepoint: 877118 ns, At safepoint: 47912 ns, Total: 925030 ns
[2020-08-12T21:05:33.114+0000][6][safepoint    ] Safepoint "Cleanup", Time since last: 1000297700 ns, Reaching safepoint: 385659 ns, At safepoint: 18037 ns, Total: 403696 ns
[2020-08-12T21:05:34.115+0000][6][safepoint    ] Safepoint "Cleanup", Time since last: 1000248538 ns, Reaching safepoint: 770781 ns, At safepoint: 42499 ns, Total: 813280 ns
[2020-08-12T21:05:35.979+0000][6][safepoint    ] Safepoint "Cleanup", Time since last: 1863901057 ns, Reaching safepoint: 401609 ns, At safepoint: 13137 ns, Total: 414746 ns
[2020-08-12T21:05:35.988+0000][6][safepoint    ] Safepoint "BulkRevokeBias", Time since last: 7405761 ns, Reaching safepoint: 803793 ns, At safepoint: 858105 ns, Total: 1661898 ns
[2020-08-12T21:05:36.991+0000][6][safepoint    ] Safepoint "Cleanup", Time since last: 1000882270 ns, Reaching safepoint: 1534062 ns, At safepoint: 70699 ns, Total: 1604761 ns
[2020-08-12T21:05:38.453+0000][6][safepoint    ] Safepoint "Cleanup", Time since last: 1461290364 ns, Reaching safepoint: 748918 ns, At safepoint: 45912 ns, Total: 794830 ns
[2020-08-12T21:05:39.454+0000][6][safepoint    ] Safepoint "Cleanup", Time since last: 1000393749 ns, Reaching safepoint: 579520 ns, At safepoint: 43625 ns, Total: 623145 ns
[2020-08-12T21:05:41.057+0000][6][safepoint    ] Safepoint "Cleanup", Time since last: 1602989600 ns, Reaching safepoint: 625920 ns, At safepoint: 43687 ns, Total: 669607 ns
[2020-08-12T21:05:42.058+0000][6][safepoint    ] Safepoint "Cleanup", Time since last: 1000339962 ns, Reaching safepoint: 618720 ns, At safepoint: 43037 ns, Total: 661757 ns
[2020-08-12T21:05:43.486+0000][6][safepoint    ] Safepoint "Cleanup", Time since last: 1426441702 ns, Reaching safepoint: 661244 ns, At safepoint: 52187 ns, Total: 713431 ns
[2020-08-12T21:05:44.487+0000][6][safepoint    ] Safepoint "Cleanup", Time since last: 1000408237 ns, Reaching safepoint: 772881 ns, At safepoint: 46312 ns, Total: 819193 ns
[2020-08-12T21:05:46.073+0000][6][safepoint    ] Safepoint "Cleanup", Time since last: 1585504189 ns, Reaching safepoint: 716831 ns, At safepoint: 51975 ns, Total: 768806 ns
[2020-08-12T21:05:47.074+0000][6][safepoint    ] Safepoint "Cleanup", Time since last: 1000348637 ns, Reaching safepoint: 642994 ns, At safepoint: 49700 ns, Total: 692694 ns
[2020-08-12T21:05:48.075+0000][6][safepoint    ] Safepoint "Cleanup", Time since last: 1000340649 ns, Reaching safepoint: 910105 ns, At safepoint: 43474 ns, Total: 953579 ns
[2020-08-12T21:05:49.076+0000][6][safepoint    ] Safepoint "Cleanup", Time since last: 1000334187 ns, Reaching safepoint: 615482 ns, At safepoint: 43275 ns, Total: 658757 ns
[2020-08-12T21:05:50.077+0000][6][safepoint    ] Safepoint "Cleanup", Time since last: 1000301800 ns, Reaching safepoint: 775906 ns, At safepoint: 31949 ns, Total: 807855 ns
[2020-08-12T21:05:51.079+0000][6][safepoint    ] Safepoint "Cleanup", Time since last: 1000265250 ns, Reaching safepoint: 778231 ns, At safepoint: 72587 ns, Total: 850818 ns
[2020-08-12T21:05:52.080+0000][6][safepoint    ] Safepoint "Cleanup", Time since last: 1000346462 ns, Reaching safepoint: 810393 ns, At safepoint: 46225 ns, Total: 856618 ns
[2020-08-12T21:05:53.081+0000][6][safepoint    ] Safepoint "Cleanup", Time since last: 1000354886 ns, Reaching safepoint: 583345 ns, At safepoint: 44162 ns, Total: 627507 ns
[2020-08-12T21:05:54.082+0000][6][safepoint    ] Safepoint "Cleanup", Time since last: 1000444349 ns, Reaching safepoint: 580070 ns, At safepoint: 88799 ns, Total: 668869 ns
[2020-08-12T21:05:55.067+0000][6][safepoint    ] Safepoint "BulkRevokeBias", Time since last: 974132926 ns, Reaching safepoint: 9014660 ns, At safepoint: 2063382 ns, Total: 11078042 ns
[2020-08-12T21:05:56.072+0000][6][safepoint    ] Safepoint "Cleanup", Time since last: 1004482139 ns, Reaching safepoint: 679844 ns, At safepoint: 74162 ns, Total: 754006 ns
[2020-08-12T21:05:57.073+0000][6][safepoint    ] Safepoint "Cleanup", Time since last: 1000349987 ns, Reaching safepoint: 589520 ns, At safepoint: 44849 ns, Total: 634369 ns
[2020-08-12T21:05:58.075+0000][6][safepoint    ] Safepoint "Cleanup", Time since last: 1000343912 ns, Reaching safepoint: 830318 ns, At safepoint: 43949 ns, Total: 874267 ns
[2020-08-12T21:05:59.076+0000][6][safepoint    ] Safepoint "Cleanup", Time since last: 1000374275 ns, Reaching safepoint: 842517 ns, At safepoint: 46462 ns, Total: 888979 ns
[2020-08-12T21:06:01.058+0000][6][safepoint    ] Safepoint "Cleanup", Time since last: 1981343729 ns, Reaching safepoint: 818205 ns, At safepoint: 65225 ns, Total: 883430 ns
[2020-08-12T21:06:02.059+0000][6][safepoint    ] Safepoint "Cleanup", Time since last: 1000328812 ns, Reaching safepoint: 865455 ns, At safepoint: 42937 ns, Total: 908392 ns
[2020-08-12T21:06:03.060+0000][6][safepoint    ] Safepoint "Cleanup", Time since last: 1000329762 ns, Reaching safepoint: 756531 ns, At safepoint: 37825 ns, Total: 794356 ns
[2020-08-12T21:06:04.062+0000][6][safepoint    ] Safepoint "Cleanup", Time since last: 1000352011 ns, Reaching safepoint: 841318 ns, At safepoint: 42875 ns, Total: 884193 ns
[2020-08-12T21:06:05.063+0000][6][safepoint    ] Safepoint "Cleanup", Time since last: 1000332249 ns, Reaching safepoint: 581633 ns, At safepoint: 32450 ns, Total: 614083 ns
[2020-08-12T21:06:06.114+0000][6][safepoint    ] Safepoint "Cleanup", Time since last: 1049934133 ns, Reaching safepoint: 1030941 ns, At safepoint: 43987 ns, Total: 1074928 ns
[2020-08-12T21:06:07.125+0000][6][safepoint    ] Safepoint "Cleanup", Time since last: 1010087953 ns, Reaching safepoint: 1101990 ns, At safepoint: 51500 ns, Total: 1153490 ns
[2020-08-12T21:06:08.542+0000][6][safepoint    ] Safepoint "Cleanup", Time since last: 1416129703 ns, Reaching safepoint: 765006 ns, At safepoint: 43325 ns, Total: 808331 ns
[2020-08-12T21:06:09.543+0000][6][safepoint    ] Safepoint "Cleanup", Time since last: 1000398186 ns, Reaching safepoint: 840431 ns, At safepoint: 42562 ns, Total: 882993 ns
[2020-08-12T21:06:10.544+0000][6][safepoint    ] Safepoint "Cleanup", Time since last: 1000345937 ns, Reaching safepoint: 833830 ns, At safepoint: 52937 ns, Total: 886767 ns
[2020-08-12T21:06:11.545+0000][6][safepoint    ] Safepoint "Cleanup", Time since last: 1000353087 ns, Reaching safepoint: 731193 ns, At safepoint: 44425 ns, Total: 775618 ns
[2020-08-12T21:06:12.546+0000][6][safepoint    ] Safepoint "Cleanup", Time since last: 1000296012 ns, Reaching safepoint: 661357 ns, At safepoint: 38087 ns, Total: 699444 ns
[2020-08-12T21:06:13.886+0000][6][safepoint    ] Safepoint "Cleanup", Time since last: 1339344818 ns, Reaching safepoint: 571320 ns, At safepoint: 43487 ns, Total: 614807 ns
[2020-08-12T21:06:14.888+0000][6][safepoint    ] Safepoint "Cleanup", Time since last: 1000416224 ns, Reaching safepoint: 948567 ns, At safepoint: 50450 ns, Total: 999017 ns
[2020-08-12T21:06:16.059+0000][6][safepoint    ] Safepoint "Cleanup", Time since last: 1170179318 ns, Reaching safepoint: 582095 ns, At safepoint: 51712 ns, Total: 633807 ns
[2020-08-12T21:06:17.060+0000][6][safepoint    ] Safepoint "Cleanup", Time since last: 1000345012 ns, Reaching safepoint: 561870 ns, At safepoint: 43287 ns, Total: 605157 ns
[2020-08-12T21:06:18.061+0000][6][safepoint    ] Safepoint "Cleanup", Time since last: 1000370937 ns, Reaching safepoint: 544708 ns, At safepoint: 42874 ns, Total: 587582 ns
[2020-08-12T21:06:19.062+0000][6][safepoint    ] Safepoint "Cleanup", Time since last: 1000405249 ns, Reaching safepoint: 808906 ns, At safepoint: 42612 ns, Total: 851518 ns
[2020-08-12T21:06:20.072+0000][6][safepoint    ] Safepoint "Cleanup", Time since last: 1004303365 ns, Reaching safepoint: 5921086 ns, At safepoint: 84887 ns, Total: 6005973 ns
[2020-08-12T21:06:21.087+0000][6][safepoint    ] Safepoint "Cleanup", Time since last: 1014442590 ns, Reaching safepoint: 873842 ns, At safepoint: 42700 ns, Total: 916542 ns
[2020-08-12T21:06:22.089+0000][6][safepoint    ] Safepoint "Cleanup", Time since last: 1000372649 ns, Reaching safepoint: 663807 ns, At safepoint: 50725 ns, Total: 714532 ns
[2020-08-12T21:06:23.090+0000][6][safepoint    ] Safepoint "Cleanup", Time since last: 1000390161 ns, Reaching safepoint: 581120 ns, At safepoint: 44212 ns, Total: 625332 ns
[2020-08-12T21:06:24.091+0000][6][safepoint    ] Safepoint "Cleanup", Time since last: 1000425286 ns, Reaching safepoint: 546133 ns, At safepoint: 44125 ns, Total: 590258 ns
[2020-08-12T21:06:25.091+0000][6][safepoint    ] Safepoint "Cleanup", Time since last: 1000273875 ns, Reaching safepoint: 363259 ns, At safepoint: 20425 ns, Total: 383684 ns
[2020-08-12T21:06:26.123+0000][6][safepoint    ] Safepoint "Cleanup", Time since last: 1030719174 ns, Reaching safepoint: 640470 ns, At safepoint: 51812 ns, Total: 692282 ns
[2020-08-12T21:06:27.124+0000][6][safepoint    ] Safepoint "Cleanup", Time since last: 1000413423 ns, Reaching safepoint: 559446 ns, At safepoint: 42749 ns, Total: 602195 ns
[2020-08-12T21:06:28.125+0000][6][safepoint    ] Safepoint "Cleanup", Time since last: 1000443499 ns, Reaching safepoint: 486371 ns, At safepoint: 32999 ns, Total: 519370 ns
[2020-08-12T21:06:29.126+0000][6][safepoint    ] Safepoint "Cleanup", Time since last: 1000365562 ns, Reaching safepoint: 552033 ns, At safepoint: 43349 ns, Total: 595382 ns
[2020-08-12T21:06:30.126+0000][6][safepoint    ] Safepoint "Cleanup", Time since last: 1000337250 ns, Reaching safepoint: 417896 ns, At safepoint: 21213 ns, Total: 439109 ns
[2020-08-12T21:06:31.127+0000][6][safepoint    ] Safepoint "Cleanup", Time since last: 1000233675 ns, Reaching safepoint: 695356 ns, At safepoint: 44313 ns, Total: 739669 ns
[2020-08-12T21:06:32.128+0000][6][safepoint    ] Safepoint "Cleanup", Time since last: 1000349412 ns, Reaching safepoint: 702693 ns, At safepoint: 43400 ns, Total: 746093 ns
[2020-08-12T21:06:33.129+0000][6][safepoint    ] Safepoint "Cleanup", Time since last: 1000331475 ns, Reaching safepoint: 658831 ns, At safepoint: 42475 ns, Total: 701306 ns
[2020-08-12T21:06:34.130+0000][6][safepoint    ] Safepoint "Cleanup", Time since last: 1000338049 ns, Reaching safepoint: 615983 ns, At safepoint: 42987 ns, Total: 658970 ns
[2020-08-12T21:06:36.099+0000][6][safepoint    ] Safepoint "Cleanup", Time since last: 1968296829 ns, Reaching safepoint: 449808 ns, At safepoint: 53862 ns, Total: 503670 ns
[2020-08-12T21:06:37.107+0000][6][safepoint    ] Safepoint "Cleanup", Time since last: 1006812119 ns, Reaching safepoint: 696044 ns, At safepoint: 71787 ns, Total: 767831 ns
[2020-08-12T21:06:37.458+0000][6][safepoint    ] Safepoint "BulkRevokeBias", Time since last: 347644006 ns, Reaching safepoint: 989691 ns, At safepoint: 2845863 ns, Total: 3835554 ns
[2020-08-12T21:06:38.469+0000][6][safepoint    ] Safepoint "Cleanup", Time since last: 1009963704 ns, Reaching safepoint: 766793 ns, At safepoint: 42775 ns, Total: 809568 ns
[2020-08-12T21:06:39.470+0000][6][safepoint    ] Safepoint "Cleanup", Time since last: 1000308787 ns, Reaching safepoint: 512346 ns, At safepoint: 54524 ns, Total: 566870 ns
[2020-08-12T21:06:41.083+0000][6][safepoint    ] Safepoint "Cleanup", Time since last: 1610877320 ns, Reaching safepoint: 1933383 ns, At safepoint: 39237 ns, Total: 1972620 ns
[2020-08-12T21:06:42.084+0000][6][safepoint    ] Safepoint "Cleanup", Time since last: 1000377387 ns, Reaching safepoint: 648994 ns, At safepoint: 154649 ns, Total: 803643 ns
[2020-08-12T21:06:43.085+0000][6][safepoint    ] Safepoint "Cleanup", Time since last: 1000279800 ns, Reaching safepoint: 657794 ns, At safepoint: 38925 ns, Total: 696719 ns
[2020-08-12T21:06:44.337+0000][6][safepoint    ] Safepoint "Cleanup", Time since last: 1251260755 ns, Reaching safepoint: 742056 ns, At safepoint: 46624 ns, Total: 788680 ns
[2020-08-12T21:06:46.129+0000][6][safepoint    ] Safepoint "Cleanup", Time since last: 1791264385 ns, Reaching safepoint: 550858 ns, At safepoint: 127974 ns, Total: 678832 ns
[2020-08-12T21:06:47.130+0000][6][safepoint    ] Safepoint "Cleanup", Time since last: 1000306075 ns, Reaching safepoint: 717268 ns, At safepoint: 36563 ns, Total: 753831 ns
[2020-08-12T21:06:48.131+0000][6][safepoint    ] Safepoint "Cleanup", Time since last: 1000296737 ns, Reaching safepoint: 513733 ns, At safepoint: 156086 ns, Total: 669819 ns
[2020-08-12T21:06:49.132+0000][6][safepoint    ] Safepoint "Cleanup", Time since last: 1000334450 ns, Reaching safepoint: 505370 ns, At safepoint: 77512 ns, Total: 582882 ns
[2020-08-12T21:06:50.133+0000][6][safepoint    ] Safepoint "Cleanup", Time since last: 1000404136 ns, Reaching safepoint: 619608 ns, At safepoint: 20874 ns, Total: 640482 ns
[2020-08-12T21:06:51.134+0000][6][safepoint    ] Safepoint "Cleanup", Time since last: 1000239601 ns, Reaching safepoint: 923067 ns, At safepoint: 42687 ns, Total: 965754 ns
[2020-08-12T21:06:52.135+0000][6][safepoint    ] Safepoint "Cleanup", Time since last: 1000350874 ns, Reaching safepoint: 750206 ns, At safepoint: 53375 ns, Total: 803581 ns
[2020-08-12T21:06:53.136+0000][6][safepoint    ] Safepoint "Cleanup", Time since last: 1000341337 ns, Reaching safepoint: 775418 ns, At safepoint: 46137 ns, Total: 821555 ns
[2020-08-12T21:06:54.158+0000][6][safepoint    ] Safepoint "Cleanup", Time since last: 1000376837 ns, Reaching safepoint: 21432089 ns, At safepoint: 83562 ns, Total: 21515651 ns
[2020-08-12T21:06:56.163+0000][6][safepoint    ] Safepoint "Cleanup", Time since last: 2003318126 ns, Reaching safepoint: 793831 ns, At safepoint: 44412 ns, Total: 838243 ns
[2020-08-12T21:06:57.164+0000][6][safepoint    ] Safepoint "Cleanup", Time since last: 1000388124 ns, Reaching safepoint: 781493 ns, At safepoint: 43450 ns, Total: 824943 ns
[2020-08-12T21:06:58.165+0000][6][safepoint    ] Safepoint "Cleanup", Time since last: 1000437012 ns, Reaching safepoint: 820168 ns, At safepoint: 46375 ns, Total: 866543 ns
[2020-08-12T21:06:59.166+0000][6][safepoint    ] Safepoint "Cleanup", Time since last: 1000280551 ns, Reaching safepoint: 921292 ns, At safepoint: 43525 ns, Total: 964817 ns
[2020-08-12T21:07:01.073+0000][6][safepoint    ] Safepoint "Cleanup", Time since last: 1905536024 ns, Reaching safepoint: 737406 ns, At safepoint: 44613 ns, Total: 782019 ns
[2020-08-12T21:07:02.074+0000][6][safepoint    ] Safepoint "Cleanup", Time since last: 1000347900 ns, Reaching safepoint: 874055 ns, At safepoint: 102112 ns, Total: 976167 ns
[2020-08-12T21:07:03.075+0000][6][safepoint    ] Safepoint "Cleanup", Time since last: 1000354063 ns, Reaching safepoint: 810843 ns, At safepoint: 45162 ns, Total: 856005 ns
[2020-08-12T21:07:04.076+0000][6][safepoint    ] Safepoint "Cleanup", Time since last: 1000349001 ns, Reaching safepoint: 680319 ns, At safepoint: 44550 ns, Total: 724869 ns
[2020-08-12T21:07:05.081+0000][6][safepoint    ] Safepoint "Cleanup", Time since last: 1000295126 ns, Reaching safepoint: 4806083 ns, At safepoint: 33475 ns, Total: 4839558 ns
[2020-08-12T21:07:06.108+0000][6][safepoint    ] Safepoint "Cleanup", Time since last: 1026380588 ns, Reaching safepoint: 596270 ns, At safepoint: 39600 ns, Total: 635870 ns
[2020-08-12T21:07:07.134+0000][6][safepoint    ] Safepoint "Cleanup", Time since last: 1024697828 ns, Reaching safepoint: 701919 ns, At safepoint: 74874 ns, Total: 776793 ns
[2020-08-12T21:07:08.478+0000][6][safepoint    ] Safepoint "Cleanup", Time since last: 1342840864 ns, Reaching safepoint: 903030 ns, At safepoint: 43487 ns, Total: 946517 ns
[2020-08-12T21:07:09.479+0000][6][safepoint    ] Safepoint "Cleanup", Time since last: 1000446300 ns, Reaching safepoint: 1065279 ns, At safepoint: 43637 ns, Total: 1108916 ns
[2020-08-12T21:07:10.480+0000][6][safepoint    ] Safepoint "Cleanup", Time since last: 1000363163 ns, Reaching safepoint: 707894 ns, At safepoint: 35999 ns, Total: 743893 ns
[2020-08-12T21:07:11.482+0000][6][safepoint    ] Safepoint "Cleanup", Time since last: 1000691698 ns, Reaching safepoint: 861368 ns, At safepoint: 83537 ns, Total: 944905 ns
[2020-08-12T21:07:12.483+0000][6][safepoint    ] Safepoint "Cleanup", Time since last: 1000298138 ns, Reaching safepoint: 583595 ns, At safepoint: 23113 ns, Total: 606708 ns
[2020-08-12T21:07:13.484+0000][6][safepoint    ] Safepoint "Cleanup", Time since last: 1000251551 ns, Reaching safepoint: 1068666 ns, At safepoint: 41775 ns, Total: 1110441 ns
[2020-08-12T21:07:14.485+0000][6][safepoint    ] Safepoint "Cleanup", Time since last: 1000252414 ns, Reaching safepoint: 512845 ns, At safepoint: 55900 ns, Total: 568745 ns
[2020-08-12T21:07:16.083+0000][6][safepoint    ] Safepoint "Cleanup", Time since last: 1596934055 ns, Reaching safepoint: 723931 ns, At safepoint: 53487 ns, Total: 777418 ns
[2020-08-12T21:07:17.084+0000][6][safepoint    ] Safepoint "Cleanup", Time since last: 1000406688 ns, Reaching safepoint: 600370 ns, At safepoint: 43037 ns, Total: 643407 ns
[2020-08-12T21:07:18.085+0000][6][safepoint    ] Safepoint "Cleanup", Time since last: 1000373488 ns, Reaching safepoint: 400797 ns, At safepoint: 20199 ns, Total: 420996 ns
[2020-08-12T21:07:19.086+0000][6][safepoint    ] Safepoint "Cleanup", Time since last: 1000246502 ns, Reaching safepoint: 734956 ns, At safepoint: 37350 ns, Total: 772306 ns
[2020-08-12T21:07:20.073+0000][6][safepoint    ] Safepoint "BulkRevokeBias", Time since last: 985966288 ns, Reaching safepoint: 237635 ns, At safepoint: 756506 ns, Total: 994141 ns
[2020-08-12T21:07:21.074+0000][6][safepoint    ] Safepoint "Cleanup", Time since last: 1000257964 ns, Reaching safepoint: 839843 ns, At safepoint: 44700 ns, Total: 884543 ns
[2020-08-12T21:07:22.075+0000][6][safepoint    ] Safepoint "Cleanup", Time since last: 1000392925 ns, Reaching safepoint: 736594 ns, At safepoint: 150223 ns, Total: 886817 ns
[2020-08-12T21:07:23.076+0000][6][safepoint    ] Safepoint "Cleanup", Time since last: 1000301802 ns, Reaching safepoint: 449821 ns, At safepoint: 53662 ns, Total: 503483 ns
[2020-08-12T21:07:24.077+0000][6][safepoint    ] Safepoint "Cleanup", Time since last: 1000403612 ns, Reaching safepoint: 829668 ns, At safepoint: 67762 ns, Total: 897430 ns
[2020-08-12T21:07:25.078+0000][6][safepoint    ] Safepoint "Cleanup", Time since last: 1000289927 ns, Reaching safepoint: 633119 ns, At safepoint: 26612 ns, Total: 659731 ns
[2020-08-12T21:07:25.093+0000][6][safepoint    ] Safepoint "BulkRevokeBias", Time since last: 11874835 ns, Reaching safepoint: 517546 ns, At safepoint: 2976436 ns, Total: 3493982 ns
[2020-08-12T21:07:26.168+0000][6][safepoint    ] Safepoint "Cleanup", Time since last: 1073400020 ns, Reaching safepoint: 824505 ns, At safepoint: 42737 ns, Total: 867242 ns
[2020-08-12T21:07:27.169+0000][6][safepoint    ] Safepoint "Cleanup", Time since last: 1000441163 ns, Reaching safepoint: 835217 ns, At safepoint: 44913 ns, Total: 880130 ns
[2020-08-12T21:07:28.170+0000][6][safepoint    ] Safepoint "Cleanup", Time since last: 1000328776 ns, Reaching safepoint: 511233 ns, At safepoint: 26799 ns, Total: 538032 ns
[2020-08-12T21:07:29.171+0000][6][safepoint    ] Safepoint "Cleanup", Time since last: 1000325351 ns, Reaching safepoint: 558771 ns, At safepoint: 27562 ns, Total: 586333 ns
[2020-08-12T21:07:30.172+0000][6][safepoint    ] Safepoint "Cleanup", Time since last: 1000267914 ns, Reaching safepoint: 496458 ns, At safepoint: 24850 ns, Total: 521308 ns
[2020-08-12T21:07:31.173+0000][6][safepoint    ] Safepoint "Cleanup", Time since last: 1000239227 ns, Reaching safepoint: 734506 ns, At safepoint: 37437 ns, Total: 771943 ns
[2020-08-12T21:07:32.174+0000][6][safepoint    ] Safepoint "Cleanup", Time since last: 1000403613 ns, Reaching safepoint: 774443 ns, At safepoint: 42712 ns, Total: 817155 ns
[2020-08-12T21:07:33.175+0000][6][safepoint    ] Safepoint "Cleanup", Time since last: 1000366401 ns, Reaching safepoint: 377234 ns, At safepoint: 13250 ns, Total: 390484 ns
[2020-08-12T21:07:34.175+0000][6][safepoint    ] Safepoint "Cleanup", Time since last: 1000187390 ns, Reaching safepoint: 482233 ns, At safepoint: 21612 ns, Total: 503845 ns
[2020-08-12T21:07:35.932+0000][6][safepoint    ] Safepoint "Cleanup", Time since last: 1756558313 ns, Reaching safepoint: 458708 ns, At safepoint: 43287 ns, Total: 501995 ns
[2020-08-12T21:07:36.938+0000][6][safepoint    ] Safepoint "Cleanup", Time since last: 1005296634 ns, Reaching safepoint: 625332 ns, At safepoint: 43299 ns, Total: 668631 ns
[2020-08-12T21:07:38.444+0000][6][safepoint    ] Safepoint "Cleanup", Time since last: 1504798027 ns, Reaching safepoint: 481646 ns, At safepoint: 34875 ns, Total: 516521 ns
[2020-08-12T21:07:39.445+0000][6][safepoint    ] Safepoint "Cleanup", Time since last: 1000403587 ns, Reaching safepoint: 540783 ns, At safepoint: 43437 ns, Total: 584220 ns
[2020-08-12T21:07:41.078+0000][6][safepoint    ] Safepoint "Cleanup", Time since last: 1632637334 ns, Reaching safepoint: 806956 ns, At safepoint: 43912 ns, Total: 850868 ns
[2020-08-12T21:07:42.079+0000][6][safepoint    ] Safepoint "Cleanup", Time since last: 1000342413 ns, Reaching safepoint: 689707 ns, At safepoint: 44087 ns, Total: 733794 ns
[2020-08-12T21:07:43.080+0000][6][safepoint    ] Safepoint "Cleanup", Time since last: 1000316201 ns, Reaching safepoint: 731881 ns, At safepoint: 38600 ns, Total: 770481 ns
[2020-08-12T21:07:44.081+0000][6][safepoint    ] Safepoint "Cleanup", Time since last: 1000259426 ns, Reaching safepoint: 545083 ns, At safepoint: 20100 ns, Total: 565183 ns
[2020-08-12T21:07:45.157+0000][6][safepoint    ] Safepoint "Cleanup", Time since last: 1075687099 ns, Reaching safepoint: 427109 ns, At safepoint: 12513 ns, Total: 439622 ns
[2020-08-12T21:07:46.159+0000][6][safepoint    ] Safepoint "Cleanup", Time since last: 1000656260 ns, Reaching safepoint: 829106 ns, At safepoint: 67024 ns, Total: 896130 ns
[2020-08-12T21:07:47.160+0000][6][safepoint    ] Safepoint "Cleanup", Time since last: 1000402775 ns, Reaching safepoint: 882930 ns, At safepoint: 65450 ns, Total: 948380 ns
[2020-08-12T21:07:48.161+0000][6][safepoint    ] Safepoint "Cleanup", Time since last: 1000335501 ns, Reaching safepoint: 535132 ns, At safepoint: 44450 ns, Total: 579582 ns
[2020-08-12T21:07:49.162+0000][6][safepoint    ] Safepoint "Cleanup", Time since last: 1000331901 ns, Reaching safepoint: 596207 ns, At safepoint: 46938 ns, Total: 643145 ns
[2020-08-12T21:07:50.163+0000][6][safepoint    ] Safepoint "Cleanup", Time since last: 1000294476 ns, Reaching safepoint: 582407 ns, At safepoint: 56750 ns, Total: 639157 ns
[2020-08-12T21:07:51.164+0000][6][safepoint    ] Safepoint "Cleanup", Time since last: 1000266364 ns, Reaching safepoint: 605620 ns, At safepoint: 51912 ns, Total: 657532 ns
[2020-08-12T21:07:52.165+0000][6][safepoint    ] Safepoint "Cleanup", Time since last: 1000404000 ns, Reaching safepoint: 510083 ns, At safepoint: 26475 ns, Total: 536558 ns
[2020-08-12T21:07:53.166+0000][6][safepoint    ] Safepoint "Cleanup", Time since last: 1000311776 ns, Reaching safepoint: 561495 ns, At safepoint: 29925 ns, Total: 591420 ns
[2020-08-12T21:07:54.167+0000][6][safepoint    ] Safepoint "Cleanup", Time since last: 1000306376 ns, Reaching safepoint: 773481 ns, At safepoint: 42749 ns, Total: 816230 ns
[2020-08-12T21:07:56.111+0000][6][safepoint    ] Safepoint "Cleanup", Time since last: 1943245399 ns, Reaching safepoint: 790405 ns, At safepoint: 42425 ns, Total: 832830 ns
[2020-08-12T21:07:57.112+0000][6][safepoint    ] Safepoint "Cleanup", Time since last: 1000414400 ns, Reaching safepoint: 875818 ns, At safepoint: 44849 ns, Total: 920667 ns
[2020-08-12T21:07:58.113+0000][6][safepoint    ] Safepoint "Cleanup", Time since last: 1000353776 ns, Reaching safepoint: 686232 ns, At safepoint: 51249 ns, Total: 737481 ns
[2020-08-12T21:07:59.114+0000][6][safepoint    ] Safepoint "Cleanup", Time since last: 1000392488 ns, Reaching safepoint: 632282 ns, At safepoint: 50750 ns, Total: 683032 ns
[2020-08-12T21:08:01.076+0000][6][safepoint    ] Safepoint "Cleanup", Time since last: 1961053594 ns, Reaching safepoint: 973379 ns, At safepoint: 43637 ns, Total: 1017016 ns
[2020-08-12T21:08:02.077+0000][6][safepoint    ] Safepoint "Cleanup", Time since last: 1000332151 ns, Reaching safepoint: 663070 ns, At safepoint: 33274 ns, Total: 696344 ns
[2020-08-12T21:08:03.078+0000][6][safepoint    ] Safepoint "Cleanup", Time since last: 1000281464 ns, Reaching safepoint: 553820 ns, At safepoint: 30938 ns, Total: 584758 ns
[2020-08-12T21:08:04.080+0000][6][safepoint    ] Safepoint "Cleanup", Time since last: 1000506412 ns, Reaching safepoint: 846330 ns, At safepoint: 43662 ns, Total: 889992 ns
[2020-08-12T21:08:05.081+0000][6][safepoint    ] Safepoint "Cleanup", Time since last: 1000324938 ns, Reaching safepoint: 584483 ns, At safepoint: 26400 ns, Total: 610883 ns
[2020-08-12T21:08:06.985+0000][6][safepoint    ] Safepoint "Cleanup", Time since last: 1903434955 ns, Reaching safepoint: 611070 ns, At safepoint: 32862 ns, Total: 643932 ns
[2020-08-12T21:08:07.986+0000][6][safepoint    ] Safepoint "Cleanup", Time since last: 1000416750 ns, Reaching safepoint: 881317 ns, At safepoint: 45312 ns, Total: 926629 ns
[2020-08-12T21:08:08.987+0000][6][safepoint    ] Safepoint "Cleanup", Time since last: 1000349414 ns, Reaching safepoint: 866317 ns, At safepoint: 45237 ns, Total: 911554 ns
[2020-08-12T21:08:09.988+0000][6][safepoint    ] Safepoint "Cleanup", Time since last: 1000302764 ns, Reaching safepoint: 681394 ns, At safepoint: 32925 ns, Total: 714319 ns
[2020-08-12T21:08:10.989+0000][6][safepoint    ] Safepoint "Cleanup", Time since last: 1000262039 ns, Reaching safepoint: 634707 ns, At safepoint: 44512 ns, Total: 679219 ns
[2020-08-12T21:08:11.991+0000][6][safepoint    ] Safepoint "Cleanup", Time since last: 1000379876 ns, Reaching safepoint: 987254 ns, At safepoint: 47224 ns, Total: 1034478 ns
[2020-08-12T21:08:12.992+0000][6][safepoint    ] Safepoint "Cleanup", Time since last: 1000400888 ns, Reaching safepoint: 475721 ns, At safepoint: 53675 ns, Total: 529396 ns
[2020-08-12T21:08:13.993+0000][6][safepoint    ] Safepoint "Cleanup", Time since last: 1000348363 ns, Reaching safepoint: 591407 ns, At safepoint: 51975 ns, Total: 643382 ns
[2020-08-12T21:08:14.993+0000][6][safepoint    ] Safepoint "Cleanup", Time since last: 1000263489 ns, Reaching safepoint: 505083 ns, At safepoint: 28350 ns, Total: 533433 ns
[2020-08-12T21:08:16.075+0000][6][safepoint    ] Safepoint "Cleanup", Time since last: 1080714281 ns, Reaching safepoint: 839730 ns, At safepoint: 43962 ns, Total: 883692 ns
[2020-08-12T21:08:17.076+0000][6][safepoint    ] Safepoint "Cleanup", Time since last: 1000347263 ns, Reaching safepoint: 791206 ns, At safepoint: 43324 ns, Total: 834530 ns
[2020-08-12T21:08:18.077+0000][6][safepoint    ] Safepoint "Cleanup", Time since last: 1000353576 ns, Reaching safepoint: 854480 ns, At safepoint: 42150 ns, Total: 896630 ns
[2020-08-12T21:08:19.079+0000][6][safepoint    ] Safepoint "Cleanup", Time since last: 1000341276 ns, Reaching safepoint: 702919 ns, At safepoint: 52749 ns, Total: 755668 ns
[2020-08-12T21:08:21.076+0000][6][safepoint    ] Safepoint "Cleanup", Time since last: 1996965297 ns, Reaching safepoint: 499058 ns, At safepoint: 52187 ns, Total: 551245 ns
[2020-08-12T21:08:22.077+0000][6][safepoint    ] Safepoint "Cleanup", Time since last: 1000495725 ns, Reaching safepoint: 831167 ns, At safepoint: 43175 ns, Total: 874342 ns
[2020-08-12T21:08:23.079+0000][6][safepoint    ] Safepoint "Cleanup", Time since last: 1000370226 ns, Reaching safepoint: 855842 ns, At safepoint: 42825 ns, Total: 898667 ns
[2020-08-12T21:08:24.080+0000][6][safepoint    ] Safepoint "Cleanup", Time since last: 1000411963 ns, Reaching safepoint: 875605 ns, At safepoint: 45637 ns, Total: 921242 ns
[2020-08-12T21:08:25.081+0000][6][safepoint    ] Safepoint "Cleanup", Time since last: 1000291326 ns, Reaching safepoint: 575345 ns, At safepoint: 24650 ns, Total: 599995 ns
[2020-08-12T21:08:25.183+0000][6][safepoint    ] Safepoint "BulkRevokeBias", Time since last: 99915023 ns, Reaching safepoint: 558933 ns, At safepoint: 1571449 ns, Total: 2130382 ns
[2020-08-12T21:08:26.185+0000][6][safepoint    ] Safepoint "Cleanup", Time since last: 1000841509 ns, Reaching safepoint: 847993 ns, At safepoint: 43237 ns, Total: 891230 ns
[2020-08-12T21:08:27.186+0000][6][safepoint    ] Safepoint "Cleanup", Time since last: 1000414825 ns, Reaching safepoint: 640070 ns, At safepoint: 43124 ns, Total: 683194 ns
[2020-08-12T21:08:28.187+0000][6][safepoint    ] Safepoint "Cleanup", Time since last: 1000391551 ns, Reaching safepoint: 911229 ns, At safepoint: 67225 ns, Total: 978454 ns
[2020-08-12T21:08:29.188+0000][6][safepoint    ] Safepoint "Cleanup", Time since last: 1000373500 ns, Reaching safepoint: 675044 ns, At safepoint: 32675 ns, Total: 707719 ns
[2020-08-12T21:08:30.189+0000][6][safepoint    ] Safepoint "Cleanup", Time since last: 1000287914 ns, Reaching safepoint: 628095 ns, At safepoint: 33874 ns, Total: 661969 ns
[2020-08-12T21:08:31.190+0000][6][safepoint    ] Safepoint "Cleanup", Time since last: 1000303476 ns, Reaching safepoint: 614195 ns, At safepoint: 44500 ns, Total: 658695 ns
[2020-08-12T21:08:32.191+0000][6][safepoint    ] Safepoint "Cleanup", Time since last: 1000351338 ns, Reaching safepoint: 673219 ns, At safepoint: 51250 ns, Total: 724469 ns
[2020-08-12T21:08:33.192+0000][6][safepoint    ] Safepoint "Cleanup", Time since last: 1000325326 ns, Reaching safepoint: 567307 ns, At safepoint: 34688 ns, Total: 601995 ns
[2020-08-12T21:08:34.193+0000][6][safepoint    ] Safepoint "Cleanup", Time since last: 1000299563 ns, Reaching safepoint: 681907 ns, At safepoint: 42987 ns, Total: 724894 ns
[2020-08-12T21:08:36.054+0000][6][safepoint    ] Safepoint "Cleanup", Time since last: 1860062980 ns, Reaching safepoint: 453584 ns, At safepoint: 14325 ns, Total: 467909 ns
[2020-08-12T21:08:37.061+0000][6][safepoint    ] Safepoint "Cleanup", Time since last: 1005799178 ns, Reaching safepoint: 1644861 ns, At safepoint: 58262 ns, Total: 1703123 ns
[2020-08-12T21:08:38.440+0000][6][safepoint    ] Safepoint "Cleanup", Time since last: 1378537831 ns, Reaching safepoint: 673494 ns, At safepoint: 43925 ns, Total: 717419 ns
[2020-08-12T21:08:39.442+0000][6][safepoint    ] Safepoint "Cleanup", Time since last: 1000346988 ns, Reaching safepoint: 717081 ns, At safepoint: 46237 ns, Total: 763318 ns
[2020-08-12T21:08:41.082+0000][6][safepoint    ] Safepoint "Cleanup", Time since last: 1639422188 ns, Reaching safepoint: 522546 ns, At safepoint: 51687 ns, Total: 574233 ns
[2020-08-12T21:08:42.082+0000][6][safepoint    ] Safepoint "Cleanup", Time since last: 1000350013 ns, Reaching safepoint: 471196 ns, At safepoint: 43012 ns, Total: 514208 ns
[2020-08-12T21:08:43.084+0000][6][safepoint    ] Safepoint "Cleanup", Time since last: 1000288389 ns, Reaching safepoint: 772381 ns, At safepoint: 42374 ns, Total: 814755 ns
[2020-08-12T21:08:44.085+0000][6][safepoint    ] Safepoint "Cleanup", Time since last: 1000388151 ns, Reaching safepoint: 781668 ns, At safepoint: 43062 ns, Total: 824730 ns
[2020-08-12T21:08:46.077+0000][6][safepoint    ] Safepoint "Cleanup", Time since last: 1991599143 ns, Reaching safepoint: 858730 ns, At safepoint: 41912 ns, Total: 900642 ns
[2020-08-12T21:08:47.079+0000][6][safepoint    ] Safepoint "Cleanup", Time since last: 1000348664 ns, Reaching safepoint: 937929 ns, At safepoint: 43575 ns, Total: 981504 ns
[2020-08-12T21:08:48.080+0000][6][safepoint    ] Safepoint "Cleanup", Time since last: 1000332526 ns, Reaching safepoint: 779593 ns, At safepoint: 42737 ns, Total: 822330 ns
[2020-08-12T21:08:49.081+0000][6][safepoint    ] Safepoint "Cleanup", Time since last: 1000387250 ns, Reaching safepoint: 826143 ns, At safepoint: 43650 ns, Total: 869793 ns
[2020-08-12T21:08:50.082+0000][6][safepoint    ] Safepoint "Cleanup", Time since last: 1000360676 ns, Reaching safepoint: 793218 ns, At safepoint: 29724 ns, Total: 822942 ns
[2020-08-12T21:08:51.083+0000][6][safepoint    ] Safepoint "Cleanup", Time since last: 1000197578 ns, Reaching safepoint: 370334 ns, At safepoint: 19412 ns, Total: 389746 ns
[2020-08-12T21:08:52.084+0000][6][safepoint    ] Safepoint "Cleanup", Time since last: 1000344789 ns, Reaching safepoint: 582345 ns, At safepoint: 44649 ns, Total: 626994 ns
[2020-08-12T21:08:53.085+0000][6][safepoint    ] Safepoint "Cleanup", Time since last: 1000454338 ns, Reaching safepoint: 865092 ns, At safepoint: 57000 ns, Total: 922092 ns
[2020-08-12T21:08:54.086+0000][6][safepoint    ] Safepoint "Cleanup", Time since last: 1000378963 ns, Reaching safepoint: 809755 ns, At safepoint: 46000 ns, Total: 855755 ns
[2020-08-12T21:08:55.116+0000][6][safepoint    ] Safepoint "Cleanup", Time since last: 1028974453 ns, Reaching safepoint: 456634 ns, At safepoint: 20487 ns, Total: 477121 ns
[2020-08-12T21:08:56.117+0000][6][safepoint    ] Safepoint "Cleanup", Time since last: 1000337751 ns, Reaching safepoint: 929092 ns, At safepoint: 44049 ns, Total: 973141 ns
[2020-08-12T21:08:57.118+0000][6][safepoint    ] Safepoint "Cleanup", Time since last: 1000355189 ns, Reaching safepoint: 744418 ns, At safepoint: 45162 ns, Total: 789580 ns
[2020-08-12T21:08:58.119+0000][6][safepoint    ] Safepoint "Cleanup", Time since last: 1000305889 ns, Reaching safepoint: 431621 ns, At safepoint: 23763 ns, Total: 455384 ns
[2020-08-12T21:08:59.120+0000][6][safepoint    ] Safepoint "Cleanup", Time since last: 1000268701 ns, Reaching safepoint: 840968 ns, At safepoint: 42549 ns, Total: 883517 ns
[2020-08-12T21:09:01.081+0000][6][safepoint    ] Safepoint "Cleanup", Time since last: 1959495846 ns, Reaching safepoint: 923179 ns, At safepoint: 46075 ns, Total: 969254 ns
[2020-08-12T21:09:02.082+0000][6][safepoint    ] Safepoint "Cleanup", Time since last: 1000397950 ns, Reaching safepoint: 546683 ns, At safepoint: 43137 ns, Total: 589820 ns
[2020-08-12T21:09:03.083+0000][6][safepoint    ] Safepoint "Cleanup", Time since last: 1000369388 ns, Reaching safepoint: 703219 ns, At safepoint: 38762 ns, Total: 741981 ns
[2020-08-12T21:09:04.084+0000][6][safepoint    ] Safepoint "Cleanup", Time since last: 1000314914 ns, Reaching safepoint: 574295 ns, At safepoint: 44275 ns, Total: 618570 ns
[2020-08-12T21:09:05.085+0000][6][safepoint    ] Safepoint "Cleanup", Time since last: 1000391900 ns, Reaching safepoint: 622382 ns, At safepoint: 27538 ns, Total: 649920 ns
[2020-08-12T21:09:07.071+0000][6][safepoint    ] Safepoint "Cleanup", Time since last: 1984937750 ns, Reaching safepoint: 1144852 ns, At safepoint: 77562 ns, Total: 1222414 ns
[2020-08-12T21:09:08.403+0000][6][safepoint    ] Safepoint "Cleanup", Time since last: 1331418889 ns, Reaching safepoint: 818630 ns, At safepoint: 56700 ns, Total: 875330 ns
[2020-08-12T21:09:09.404+0000][6][safepoint    ] Safepoint "Cleanup", Time since last: 1000366175 ns, Reaching safepoint: 711869 ns, At safepoint: 45687 ns, Total: 757556 ns
[2020-08-12T21:09:10.405+0000][6][safepoint    ] Safepoint "Cleanup", Time since last: 1000347139 ns, Reaching safepoint: 547982 ns, At safepoint: 43150 ns, Total: 591132 ns
[2020-08-12T21:09:11.407+0000][6][safepoint    ] Safepoint "Cleanup", Time since last: 1000354138 ns, Reaching safepoint: 866305 ns, At safepoint: 43425 ns, Total: 909730 ns
[2020-08-12T21:09:12.408+0000][6][safepoint    ] Safepoint "Cleanup", Time since last: 1000415425 ns, Reaching safepoint: 877592 ns, At safepoint: 126874 ns, Total: 1004466 ns
[2020-08-12T21:09:13.409+0000][6][safepoint    ] Safepoint "Cleanup", Time since last: 1000343401 ns, Reaching safepoint: 543258 ns, At safepoint: 84987 ns, Total: 628245 ns
[2020-08-12T21:09:14.410+0000][6][safepoint    ] Safepoint "Cleanup", Time since last: 1000351351 ns, Reaching safepoint: 532795 ns, At safepoint: 43637 ns, Total: 576432 ns
[2020-08-12T21:09:15.081+0000][6][safepoint    ] Safepoint "BulkRevokeBias", Time since last: 669251151 ns, Reaching safepoint: 496983 ns, At safepoint: 1822997 ns, Total: 2319980 ns
[2020-08-12T21:09:16.248+0000][6][safepoint    ] Safepoint "Cleanup", Time since last: 1166184067 ns, Reaching safepoint: 477783 ns, At safepoint: 23763 ns, Total: 501546 ns
[2020-08-12T21:09:17.249+0000][6][safepoint    ] Safepoint "Cleanup", Time since last: 1000291551 ns, Reaching safepoint: 792881 ns, At safepoint: 45024 ns, Total: 837905 ns
[2020-08-12T21:09:18.250+0000][6][safepoint    ] Safepoint "Cleanup", Time since last: 1000331464 ns, Reaching safepoint: 477871 ns, At safepoint: 24737 ns, Total: 502608 ns
[2020-08-12T21:09:19.251+0000][6][safepoint    ] Safepoint "Cleanup", Time since last: 1000263339 ns, Reaching safepoint: 478821 ns, At safepoint: 37637 ns, Total: 516458 ns
[2020-08-12T21:09:21.080+0000][6][safepoint    ] Safepoint "Cleanup", Time since last: 1828534040 ns, Reaching safepoint: 619995 ns, At safepoint: 43374 ns, Total: 663369 ns
[2020-08-12T21:09:22.081+0000][6][safepoint    ] Safepoint "Cleanup", Time since last: 1000350001 ns, Reaching safepoint: 633345 ns, At safepoint: 42974 ns, Total: 676319 ns
[2020-08-12T21:09:23.082+0000][6][safepoint    ] Safepoint "Cleanup", Time since last: 1000351301 ns, Reaching safepoint: 602307 ns, At safepoint: 44788 ns, Total: 647095 ns
[2020-08-12T21:09:24.083+0000][6][safepoint    ] Safepoint "Cleanup", Time since last: 1000351725 ns, Reaching safepoint: 630682 ns, At safepoint: 45025 ns, Total: 675707 ns
[2020-08-12T21:09:25.084+0000][6][safepoint    ] Safepoint "Cleanup", Time since last: 1000292964 ns, Reaching safepoint: 621582 ns, At safepoint: 31675 ns, Total: 653257 ns
[2020-08-12T21:09:26.243+0000][6][safepoint    ] Safepoint "Cleanup", Time since last: 1157815639 ns, Reaching safepoint: 901780 ns, At safepoint: 68124 ns, Total: 969904 ns
[2020-08-12T21:09:27.244+0000][6][safepoint    ] Safepoint "Cleanup", Time since last: 1000406250 ns, Reaching safepoint: 932555 ns, At safepoint: 43574 ns, Total: 976129 ns
[2020-08-12T21:09:28.246+0000][6][safepoint    ] Safepoint "Cleanup", Time since last: 1001071570 ns, Reaching safepoint: 505946 ns, At safepoint: 43349 ns, Total: 549295 ns
[2020-08-12T21:09:29.247+0000][6][safepoint    ] Safepoint "Cleanup", Time since last: 1000391626 ns, Reaching safepoint: 490583 ns, At safepoint: 43675 ns, Total: 534258 ns
[2020-08-12T21:09:30.248+0000][6][safepoint    ] Safepoint "Cleanup", Time since last: 1000442287 ns, Reaching safepoint: 530271 ns, At safepoint: 38262 ns, Total: 568533 ns
[2020-08-12T21:09:31.249+0000][6][safepoint    ] Safepoint "Cleanup", Time since last: 1000397338 ns, Reaching safepoint: 590482 ns, At safepoint: 44775 ns, Total: 635257 ns
[2020-08-12T21:09:32.250+0000][6][safepoint    ] Safepoint "Cleanup", Time since last: 1000393025 ns, Reaching safepoint: 590707 ns, At safepoint: 43288 ns, Total: 633995 ns
[2020-08-12T21:09:33.251+0000][6][safepoint    ] Safepoint "Cleanup", Time since last: 1000346588 ns, Reaching safepoint: 416421 ns, At safepoint: 21988 ns, Total: 438409 ns
[2020-08-12T21:09:34.252+0000][6][safepoint    ] Safepoint "Cleanup", Time since last: 1000299888 ns, Reaching safepoint: 805181 ns, At safepoint: 43599 ns, Total: 848780 ns
[2020-08-12T21:09:35.257+0000][6][safepoint    ] Safepoint "Cleanup", Time since last: 1004628414 ns, Reaching safepoint: 476884 ns, At safepoint: 36487 ns, Total: 513371 ns
[2020-08-12T21:09:36.932+0000][6][safepoint    ] Safepoint "Cleanup", Time since last: 1674099413 ns, Reaching safepoint: 821543 ns, At safepoint: 42112 ns, Total: 863655 ns
[2020-08-12T21:09:37.933+0000][6][safepoint    ] Safepoint "Cleanup", Time since last: 1000409500 ns, Reaching safepoint: 809431 ns, At safepoint: 43287 ns, Total: 852718 ns
[2020-08-12T21:09:38.934+0000][6][safepoint    ] Safepoint "Cleanup", Time since last: 1000350601 ns, Reaching safepoint: 643294 ns, At safepoint: 43850 ns, Total: 687144 ns
[2020-08-12T21:09:39.935+0000][6][safepoint    ] Safepoint "Cleanup", Time since last: 1000313351 ns, Reaching safepoint: 897217 ns, At safepoint: 43150 ns, Total: 940367 ns
[2020-08-12T21:09:41.082+0000][6][safepoint    ] Safepoint "Cleanup", Time since last: 1145553033 ns, Reaching safepoint: 594694 ns, At safepoint: 50012 ns, Total: 644706 ns
[2020-08-12T21:09:42.083+0000][6][safepoint    ] Safepoint "Cleanup", Time since last: 1000331389 ns, Reaching safepoint: 592120 ns, At safepoint: 35424 ns, Total: 627544 ns
[2020-08-12T21:09:43.083+0000][6][safepoint    ] Safepoint "Cleanup", Time since last: 1000325776 ns, Reaching safepoint: 453459 ns, At safepoint: 23300 ns, Total: 476759 ns
[2020-08-12T21:09:44.084+0000][6][safepoint    ] Safepoint "Cleanup", Time since last: 1000267851 ns, Reaching safepoint: 710832 ns, At safepoint: 52412 ns, Total: 763244 ns
[2020-08-12T21:09:45.085+0000][6][safepoint    ] Safepoint "Cleanup", Time since last: 1000292526 ns, Reaching safepoint: 452734 ns, At safepoint: 25449 ns, Total: 478183 ns
[2020-08-12T21:09:46.254+0000][6][safepoint    ] Safepoint "Cleanup", Time since last: 1168208400 ns, Reaching safepoint: 463683 ns, At safepoint: 340247 ns, Total: 803930 ns
[2020-08-12T21:09:47.255+0000][6][safepoint    ] Safepoint "Cleanup", Time since last: 1000346739 ns, Reaching safepoint: 745568 ns, At safepoint: 43437 ns, Total: 789005 ns
[2020-08-12T21:09:48.256+0000][6][safepoint    ] Safepoint "Cleanup", Time since last: 1000337101 ns, Reaching safepoint: 578758 ns, At safepoint: 43037 ns, Total: 621795 ns
[2020-08-12T21:09:49.257+0000][6][safepoint    ] Safepoint "Cleanup", Time since last: 1000343863 ns, Reaching safepoint: 624470 ns, At safepoint: 43162 ns, Total: 667632 ns
[2020-08-12T21:09:50.265+0000][6][safepoint    ] Safepoint "Cleanup", Time since last: 1004816825 ns, Reaching safepoint: 2837625 ns, At safepoint: 38562 ns, Total: 2876187 ns
[2020-08-12T21:09:51.266+0000][6][safepoint    ] Safepoint "Cleanup", Time since last: 1000270352 ns, Reaching safepoint: 1078928 ns, At safepoint: 44612 ns, Total: 1123540 ns
[2020-08-12T21:09:52.267+0000][6][safepoint    ] Safepoint "Cleanup", Time since last: 1000345338 ns, Reaching safepoint: 664370 ns, At safepoint: 43549 ns, Total: 707919 ns
[2020-08-12T21:09:53.268+0000][6][safepoint    ] Safepoint "Cleanup", Time since last: 1000318501 ns, Reaching safepoint: 621145 ns, At safepoint: 51012 ns, Total: 672157 ns
[2020-08-12T21:09:54.270+0000][6][safepoint    ] Safepoint "Cleanup", Time since last: 1000364488 ns, Reaching safepoint: 741581 ns, At safepoint: 35438 ns, Total: 777019 ns
[2020-08-12T21:09:56.083+0000][6][safepoint    ] Safepoint "Cleanup", Time since last: 1812262530 ns, Reaching safepoint: 989729 ns, At safepoint: 107262 ns, Total: 1096991 ns
[2020-08-12T21:09:57.084+0000][6][safepoint    ] Safepoint "Cleanup", Time since last: 1000390425 ns, Reaching safepoint: 821656 ns, At safepoint: 44812 ns, Total: 866468 ns
[2020-08-12T21:09:58.085+0000][6][safepoint    ] Safepoint "Cleanup", Time since last: 1000300376 ns, Reaching safepoint: 354685 ns, At safepoint: 18324 ns, Total: 373009 ns
[2020-08-12T21:09:59.086+0000][6][safepoint    ] Safepoint "Cleanup", Time since last: 1000322614 ns, Reaching safepoint: 665607 ns, At safepoint: 90561 ns, Total: 756168 ns
[2020-08-12T21:10:01.084+0000][6][safepoint    ] Safepoint "Cleanup", Time since last: 1997494617 ns, Reaching safepoint: 654770 ns, At safepoint: 43874 ns, Total: 698644 ns
[2020-08-12T21:10:02.085+0000][6][safepoint    ] Safepoint "Cleanup", Time since last: 1000343239 ns, Reaching safepoint: 676094 ns, At safepoint: 51837 ns, Total: 727931 ns
[2020-08-12T21:10:03.086+0000][6][safepoint    ] Safepoint "Cleanup", Time since last: 1000348688 ns, Reaching safepoint: 744669 ns, At safepoint: 43387 ns, Total: 788056 ns
[2020-08-12T21:10:04.088+0000][6][safepoint    ] Safepoint "Cleanup", Time since last: 1000347501 ns, Reaching safepoint: 876155 ns, At safepoint: 42974 ns, Total: 919129 ns
[2020-08-12T21:10:06.085+0000][6][safepoint    ] Safepoint "Cleanup", Time since last: 1995981867 ns, Reaching safepoint: 985867 ns, At safepoint: 65912 ns, Total: 1051779 ns
[2020-08-12T21:10:07.505+0000][6][safepoint    ] Safepoint "Cleanup", Time since last: 1419730750 ns, Reaching safepoint: 543333 ns, At safepoint: 46524 ns, Total: 589857 ns
[2020-08-12T21:10:08.506+0000][6][safepoint    ] Safepoint "Cleanup", Time since last: 1000351188 ns, Reaching safepoint: 641432 ns, At safepoint: 46962 ns, Total: 688394 ns
[2020-08-12T21:10:09.507+0000][6][safepoint    ] Safepoint "Cleanup", Time since last: 1000344539 ns, Reaching safepoint: 665819 ns, At safepoint: 46787 ns, Total: 712606 ns
[2020-08-12T21:10:10.508+0000][6][safepoint    ] Safepoint "Cleanup", Time since last: 1000389026 ns, Reaching safepoint: 637569 ns, At safepoint: 43562 ns, Total: 681131 ns
[2020-08-12T21:10:11.510+0000][6][safepoint    ] Safepoint "Cleanup", Time since last: 1000345564 ns, Reaching safepoint: 1103540 ns, At safepoint: 63174 ns, Total: 1166714 ns
[2020-08-12T21:10:12.511+0000][6][safepoint    ] Safepoint "Cleanup", Time since last: 1000341489 ns, Reaching safepoint: 762193 ns, At safepoint: 44812 ns, Total: 807005 ns
[2020-08-12T21:10:13.512+0000][6][safepoint    ] Safepoint "Cleanup", Time since last: 1000432700 ns, Reaching safepoint: 521221 ns, At safepoint: 44287 ns, Total: 565508 ns
[2020-08-12T21:10:14.514+0000][6][safepoint    ] Safepoint "Cleanup", Time since last: 1000341688 ns, Reaching safepoint: 1315614 ns, At safepoint: 68324 ns, Total: 1383938 ns
[2020-08-12T21:10:16.158+0000][6][safepoint    ] Safepoint "Cleanup", Time since last: 1643788250 ns, Reaching safepoint: 490646 ns, At safepoint: 25000 ns, Total: 515646 ns
[2020-08-12T21:10:17.158+0000][6][safepoint    ] Safepoint "Cleanup", Time since last: 1000273676 ns, Reaching safepoint: 405784 ns, At safepoint: 20038 ns, Total: 425822 ns
[2020-08-12T21:10:18.160+0000][6][safepoint    ] Safepoint "Cleanup", Time since last: 1000287389 ns, Reaching safepoint: 840055 ns, At safepoint: 42937 ns, Total: 882992 ns
[2020-08-12T21:10:19.161+0000][6][safepoint    ] Safepoint "Cleanup", Time since last: 1000522049 ns, Reaching safepoint: 637207 ns, At safepoint: 81487 ns, Total: 718694 ns
[2020-08-12T21:10:21.089+0000][6][safepoint    ] Safepoint "Cleanup", Time since last: 1926899952 ns, Reaching safepoint: 896668 ns, At safepoint: 43299 ns, Total: 939967 ns
[2020-08-12T21:10:22.090+0000][6][safepoint    ] Safepoint "Cleanup", Time since last: 1000441800 ns, Reaching safepoint: 854330 ns, At safepoint: 42987 ns, Total: 897317 ns
[2020-08-12T21:10:23.091+0000][6][safepoint    ] Safepoint "Cleanup", Time since last: 1000423976 ns, Reaching safepoint: 702781 ns, At safepoint: 43262 ns, Total: 746043 ns
[2020-08-12T21:10:24.092+0000][6][safepoint    ] Safepoint "Cleanup", Time since last: 1000339438 ns, Reaching safepoint: 723369 ns, At safepoint: 44137 ns, Total: 767506 ns
[2020-08-12T21:10:25.215+0000][6][safepoint    ] Safepoint "Cleanup", Time since last: 1122552757 ns, Reaching safepoint: 392722 ns, At safepoint: 33937 ns, Total: 426659 ns
[2020-08-12T21:10:26.217+0000][6][safepoint    ] Safepoint "Cleanup", Time since last: 1000436400 ns, Reaching safepoint: 685882 ns, At safepoint: 43862 ns, Total: 729744 ns
[2020-08-12T21:10:27.218+0000][6][safepoint    ] Safepoint "Cleanup", Time since last: 1000389975 ns, Reaching safepoint: 640020 ns, At safepoint: 50262 ns, Total: 690282 ns
[2020-08-12T21:10:28.219+0000][6][safepoint    ] Safepoint "Cleanup", Time since last: 1000343200 ns, Reaching safepoint: 536146 ns, At safepoint: 26550 ns, Total: 562696 ns
[2020-08-12T21:10:29.219+0000][6][safepoint    ] Safepoint "Cleanup", Time since last: 1000301351 ns, Reaching safepoint: 522320 ns, At safepoint: 25063 ns, Total: 547383 ns
[2020-08-12T21:10:30.221+0000][6][safepoint    ] Safepoint "Cleanup", Time since last: 1000276826 ns, Reaching safepoint: 936104 ns, At safepoint: 42763 ns, Total: 978867 ns
[2020-08-12T21:10:31.222+0000][6][safepoint    ] Safepoint "Cleanup", Time since last: 1000348801 ns, Reaching safepoint: 780468 ns, At safepoint: 181723 ns, Total: 962191 ns
[2020-08-12T21:10:32.223+0000][6][safepoint    ] Safepoint "Cleanup", Time since last: 1000351913 ns, Reaching safepoint: 903468 ns, At safepoint: 57237 ns, Total: 960705 ns
[2020-08-12T21:10:33.225+0000][6][safepoint    ] Safepoint "Cleanup", Time since last: 1000337338 ns, Reaching safepoint: 904517 ns, At safepoint: 44400 ns, Total: 948917 ns
[2020-08-12T21:10:34.226+0000][6][safepoint    ] Safepoint "Cleanup", Time since last: 1000416275 ns, Reaching safepoint: 729319 ns, At safepoint: 69499 ns, Total: 798818 ns
[2020-08-12T21:10:36.180+0000][6][safepoint    ] Safepoint "Cleanup", Time since last: 1953801745 ns, Reaching safepoint: 671256 ns, At safepoint: 43925 ns, Total: 715181 ns
[2020-08-12T21:10:37.181+0000][6][safepoint    ] Safepoint "Cleanup", Time since last: 1000311439 ns, Reaching safepoint: 566757 ns, At safepoint: 41887 ns, Total: 608644 ns
[2020-08-12T21:10:38.182+0000][6][safepoint    ] Safepoint "Cleanup", Time since last: 1000258765 ns, Reaching safepoint: 653131 ns, At safepoint: 43675 ns, Total: 696806 ns
[2020-08-12T21:10:39.183+0000][6][safepoint    ] Safepoint "Cleanup", Time since last: 1000469837 ns, Reaching safepoint: 711044 ns, At safepoint: 45600 ns, Total: 756644 ns
[2020-08-12T21:10:41.096+0000][6][safepoint    ] Safepoint "Cleanup", Time since last: 1911499485 ns, Reaching safepoint: 925492 ns, At safepoint: 42612 ns, Total: 968104 ns
[2020-08-12T21:10:42.097+0000][6][safepoint    ] Safepoint "Cleanup", Time since last: 1000388063 ns, Reaching safepoint: 1005666 ns, At safepoint: 43037 ns, Total: 1048703 ns
[2020-08-12T21:10:43.098+0000][6][safepoint    ] Safepoint "Cleanup", Time since last: 1000467425 ns, Reaching safepoint: 679582 ns, At safepoint: 43275 ns, Total: 722857 ns
[2020-08-12T21:10:44.100+0000][6][safepoint    ] Safepoint "Cleanup", Time since last: 1000348075 ns, Reaching safepoint: 687044 ns, At safepoint: 43625 ns, Total: 730669 ns
[2020-08-12T21:10:45.214+0000][6][safepoint    ] Safepoint "Cleanup", Time since last: 1107672373 ns, Reaching safepoint: 6905015 ns, At safepoint: 26262 ns, Total: 6931277 ns
[2020-08-12T21:10:46.215+0000][6][safepoint    ] Safepoint "Cleanup", Time since last: 1000264365 ns, Reaching safepoint: 401759 ns, At safepoint: 16112 ns, Total: 417871 ns
[2020-08-12T21:10:47.216+0000][6][safepoint    ] Safepoint "Cleanup", Time since last: 1000393000 ns, Reaching safepoint: 633657 ns, At safepoint: 149062 ns, Total: 782719 ns
[2020-08-12T21:10:48.217+0000][6][safepoint    ] Safepoint "Cleanup", Time since last: 1000340163 ns, Reaching safepoint: 578620 ns, At safepoint: 54237 ns, Total: 632857 ns
[2020-08-12T21:10:49.218+0000][6][safepoint    ] Safepoint "Cleanup", Time since last: 1000368238 ns, Reaching safepoint: 505621 ns, At safepoint: 102836 ns, Total: 608457 ns
[2020-08-12T21:10:50.219+0000][6][safepoint    ] Safepoint "Cleanup", Time since last: 1000342989 ns, Reaching safepoint: 620094 ns, At safepoint: 46813 ns, Total: 666907 ns
[2020-08-12T21:10:51.220+0000][6][safepoint    ] Safepoint "Cleanup", Time since last: 1000351175 ns, Reaching safepoint: 623532 ns, At safepoint: 45887 ns, Total: 669419 ns
[2020-08-12T21:10:52.221+0000][6][safepoint    ] Safepoint "Cleanup", Time since last: 1000395238 ns, Reaching safepoint: 595608 ns, At safepoint: 43649 ns, Total: 639257 ns
[2020-08-12T21:10:53.222+0000][6][safepoint    ] Safepoint "Cleanup", Time since last: 1000366588 ns, Reaching safepoint: 781981 ns, At safepoint: 47487 ns, Total: 829468 ns
[2020-08-12T21:10:54.223+0000][6][safepoint    ] Safepoint "Cleanup", Time since last: 1000347439 ns, Reaching safepoint: 730418 ns, At safepoint: 45175 ns, Total: 775593 ns
[2020-08-12T21:10:55.381+0000][6][safepoint    ] Safepoint "Cleanup", Time since last: 1157145245 ns, Reaching safepoint: 495108 ns, At safepoint: 23863 ns, Total: 518971 ns
[2020-08-12T21:10:56.386+0000][6][safepoint    ] Safepoint "Cleanup", Time since last: 1003955869 ns, Reaching safepoint: 599108 ns, At safepoint: 43287 ns, Total: 642395 ns
[2020-08-12T21:10:57.387+0000][6][safepoint    ] Safepoint "Cleanup", Time since last: 1000354013 ns, Reaching safepoint: 617032 ns, At safepoint: 52425 ns, Total: 669457 ns
[2020-08-12T21:10:58.388+0000][6][safepoint    ] Safepoint "Cleanup", Time since last: 1000343938 ns, Reaching safepoint: 1285751 ns, At safepoint: 64500 ns, Total: 1350251 ns
[2020-08-12T21:10:59.389+0000][6][safepoint    ] Safepoint "Cleanup", Time since last: 1000346213 ns, Reaching safepoint: 767156 ns, At safepoint: 45062 ns, Total: 812218 ns
[2020-08-12T21:11:00.099+0000][6][safepoint    ] Safepoint "BulkRevokeBias", Time since last: 706737765 ns, Reaching safepoint: 617494 ns, At safepoint: 2627378 ns, Total: 3244872 ns
[2020-08-12T21:11:01.102+0000][6][safepoint    ] Safepoint "Cleanup", Time since last: 1002276109 ns, Reaching safepoint: 438733 ns, At safepoint: 18100 ns, Total: 456833 ns
[2020-08-12T21:11:02.103+0000][6][safepoint    ] Safepoint "Cleanup", Time since last: 1000260452 ns, Reaching safepoint: 674219 ns, At safepoint: 51075 ns, Total: 725294 ns
[2020-08-12T21:11:03.105+0000][6][safepoint    ] Safepoint "Cleanup", Time since last: 1000412625 ns, Reaching safepoint: 910679 ns, At safepoint: 43075 ns, Total: 953754 ns
[2020-08-12T21:11:04.106+0000][6][safepoint    ] Safepoint "Cleanup", Time since last: 1000441475 ns, Reaching safepoint: 811031 ns, At safepoint: 43249 ns, Total: 854280 ns
[2020-08-12T21:11:05.139+0000][6][safepoint    ] Safepoint "BulkRevokeBias", Time since last: 1030656689 ns, Reaching safepoint: 762031 ns, At safepoint: 1272239 ns, Total: 2034270 ns
[2020-08-12T21:11:06.140+0000][6][safepoint    ] Safepoint "Cleanup", Time since last: 1000576086 ns, Reaching safepoint: 1025879 ns, At safepoint: 34787 ns, Total: 1060666 ns
[2020-08-12T21:11:07.141+0000][6][safepoint    ] Safepoint "Cleanup", Time since last: 1000241927 ns, Reaching safepoint: 873892 ns, At safepoint: 52312 ns, Total: 926204 ns
[2020-08-12T21:11:08.142+0000][6][safepoint    ] Safepoint "Cleanup", Time since last: 1000294339 ns, Reaching safepoint: 730494 ns, At safepoint: 43912 ns, Total: 774406 ns
[2020-08-12T21:11:09.143+0000][6][safepoint    ] Safepoint "Cleanup", Time since last: 1000317351 ns, Reaching safepoint: 540295 ns, At safepoint: 30462 ns, Total: 570757 ns
[2020-08-12T21:11:10.144+0000][6][safepoint    ] Safepoint "Cleanup", Time since last: 1000298477 ns, Reaching safepoint: 640732 ns, At safepoint: 38774 ns, Total: 679506 ns
[2020-08-12T21:11:11.145+0000][6][safepoint    ] Safepoint "Cleanup", Time since last: 1000254314 ns, Reaching safepoint: 454922 ns, At safepoint: 15549 ns, Total: 470471 ns
[2020-08-12T21:11:12.147+0000][6][safepoint    ] Safepoint "Cleanup", Time since last: 1000349301 ns, Reaching safepoint: 1439775 ns, At safepoint: 194936 ns, Total: 1634711 ns
[2020-08-12T21:11:13.148+0000][6][safepoint    ] Safepoint "Cleanup", Time since last: 1000375076 ns, Reaching safepoint: 861855 ns, At safepoint: 45862 ns, Total: 907717 ns
[2020-08-12T21:11:14.149+0000][6][safepoint    ] Safepoint "Cleanup", Time since last: 1000345401 ns, Reaching safepoint: 859367 ns, At safepoint: 42937 ns, Total: 902304 ns
[2020-08-12T21:11:15.161+0000][6][safepoint    ] Safepoint "Cleanup", Time since last: 1011661316 ns, Reaching safepoint: 287847 ns, At safepoint: 11100 ns, Total: 298947 ns
[2020-08-12T21:11:16.162+0000][6][safepoint    ] Safepoint "Cleanup", Time since last: 1000243377 ns, Reaching safepoint: 635894 ns, At safepoint: 23388 ns, Total: 659282 ns
[2020-08-12T21:11:17.386+0000][6][safepoint    ] Safepoint "Cleanup", Time since last: 1222560842 ns, Reaching safepoint: 562920 ns, At safepoint: 29637 ns, Total: 592557 ns
[2020-08-12T21:11:18.387+0000][6][safepoint    ] Safepoint "Cleanup", Time since last: 1000279314 ns, Reaching safepoint: 864605 ns, At safepoint: 43862 ns, Total: 908467 ns
[2020-08-12T21:11:19.389+0000][6][safepoint    ] Safepoint "Cleanup", Time since last: 1001276256 ns, Reaching safepoint: 619419 ns, At safepoint: 33262 ns, Total: 652681 ns
[2020-08-12T21:11:21.100+0000][6][safepoint    ] Safepoint "Cleanup", Time since last: 1710509236 ns, Reaching safepoint: 632557 ns, At safepoint: 51162 ns, Total: 683719 ns
[2020-08-12T21:11:22.101+0000][6][safepoint    ] Safepoint "Cleanup", Time since last: 1000413363 ns, Reaching safepoint: 581170 ns, At safepoint: 93049 ns, Total: 674219 ns
[2020-08-12T21:11:23.102+0000][6][safepoint    ] Safepoint "Cleanup", Time since last: 1000333076 ns, Reaching safepoint: 525620 ns, At safepoint: 37125 ns, Total: 562745 ns
[2020-08-12T21:11:24.102+0000][6][safepoint    ] Safepoint "Cleanup", Time since last: 1000331414 ns, Reaching safepoint: 336109 ns, At safepoint: 11863 ns, Total: 347972 ns
[2020-08-12T21:11:25.103+0000][6][safepoint    ] Safepoint "BulkRevokeBias", Time since last: 994754599 ns, Reaching safepoint: 2384854 ns, At safepoint: 3437308 ns, Total: 5822162 ns
[2020-08-12T21:11:27.832+0000][6][safepoint    ] Safepoint "Cleanup", Time since last: 1417586206 ns, Reaching safepoint: 1307897104 ns, At safepoint: 3406945 ns, Total: 1311304049 ns
[2020-08-12T21:11:29.109+0000][6][safepoint    ] Safepoint "Cleanup", Time since last: 1276504389 ns, Reaching safepoint: 735843 ns, At safepoint: 43212 ns, Total: 779055 ns
[2020-08-12T21:11:30.118+0000][6][safepoint    ] Safepoint "Cleanup", Time since last: 1000343726 ns, Reaching safepoint: 8468577 ns, At safepoint: 58562 ns, Total: 8527139 ns
[2020-08-12T21:11:31.119+0000][6][safepoint    ] Safepoint "Cleanup", Time since last: 1000314876 ns, Reaching safepoint: 465234 ns, At safepoint: 29599 ns, Total: 494833 ns
[2020-08-12T21:11:32.120+0000][6][safepoint    ] Safepoint "Cleanup", Time since last: 1000289064 ns, Reaching safepoint: 611620 ns, At safepoint: 108799 ns, Total: 720419 ns
[2020-08-12T21:11:33.121+0000][6][safepoint    ] Safepoint "Cleanup", Time since last: 1000289689 ns, Reaching safepoint: 354347 ns, At safepoint: 12687 ns, Total: 367034 ns
[2020-08-12T21:11:34.122+0000][6][safepoint    ] Safepoint "Cleanup", Time since last: 1000233214 ns, Reaching safepoint: 704607 ns, At safepoint: 12062 ns, Total: 716669 ns
[2020-08-12T21:11:36.097+0000][6][safepoint    ] Safepoint "Cleanup", Time since last: 1974599777 ns, Reaching safepoint: 503571 ns, At safepoint: 13662 ns, Total: 517233 ns
[2020-08-12T21:11:37.098+0000][6][safepoint    ] Safepoint "Cleanup", Time since last: 1000172315 ns, Reaching safepoint: 1328789 ns, At safepoint: 59012 ns, Total: 1387801 ns
[2020-08-12T21:11:38.204+0000][6][safepoint    ] Safepoint "Cleanup", Time since last: 1105356930 ns, Reaching safepoint: 680707 ns, At safepoint: 45149 ns, Total: 725856 ns
[2020-08-12T21:11:39.205+0000][6][safepoint    ] Safepoint "Cleanup", Time since last: 1000330751 ns, Reaching safepoint: 592658 ns, At safepoint: 44537 ns, Total: 637195 ns
[2020-08-12T21:11:41.103+0000][6][safepoint    ] Safepoint "Cleanup", Time since last: 1897103735 ns, Reaching safepoint: 833217 ns, At safepoint: 42513 ns, Total: 875730 ns
[2020-08-12T21:11:42.104+0000][6][safepoint    ] Safepoint "Cleanup", Time since last: 1000289301 ns, Reaching safepoint: 657319 ns, At safepoint: 21025 ns, Total: 678344 ns
[2020-08-12T21:11:43.105+0000][6][safepoint    ] Safepoint "Cleanup", Time since last: 1000231239 ns, Reaching safepoint: 909055 ns, At safepoint: 43312 ns, Total: 952367 ns
[2020-08-12T21:11:44.106+0000][6][safepoint    ] Safepoint "Cleanup", Time since last: 1000345588 ns, Reaching safepoint: 640607 ns, At safepoint: 42438 ns, Total: 683045 ns
[2020-08-12T21:11:45.187+0000][6][safepoint    ] Safepoint "Cleanup", Time since last: 1079801263 ns, Reaching safepoint: 436597 ns, At safepoint: 28349 ns, Total: 464946 ns
[2020-08-12T21:11:46.188+0000][6][safepoint    ] Safepoint "Cleanup", Time since last: 1000508062 ns, Reaching safepoint: 604420 ns, At safepoint: 43525 ns, Total: 647945 ns
[2020-08-12T21:11:47.887+0000][6][safepoint    ] Safepoint "Cleanup", Time since last: 1698300691 ns, Reaching safepoint: 610282 ns, At safepoint: 43562 ns, Total: 653844 ns
[2020-08-12T21:11:48.888+0000][6][safepoint    ] Safepoint "Cleanup", Time since last: 1000450513 ns, Reaching safepoint: 610257 ns, At safepoint: 150224 ns, Total: 760481 ns
[2020-08-12T21:11:49.889+0000][6][safepoint    ] Safepoint "Cleanup", Time since last: 1000330976 ns, Reaching safepoint: 472096 ns, At safepoint: 42899 ns, Total: 514995 ns
[2020-08-12T21:11:50.890+0000][6][safepoint    ] Safepoint "Cleanup", Time since last: 1000416350 ns, Reaching safepoint: 712582 ns, At safepoint: 43649 ns, Total: 756231 ns
[2020-08-12T21:11:51.891+0000][6][safepoint    ] Safepoint "Cleanup", Time since last: 1000331251 ns, Reaching safepoint: 1082341 ns, At safepoint: 47237 ns, Total: 1129578 ns
[2020-08-12T21:11:52.893+0000][6][safepoint    ] Safepoint "Cleanup", Time since last: 1000459475 ns, Reaching safepoint: 783356 ns, At safepoint: 43824 ns, Total: 827180 ns
[2020-08-12T21:11:53.894+0000][6][safepoint    ] Safepoint "Cleanup", Time since last: 1000525024 ns, Reaching safepoint: 972592 ns, At safepoint: 68087 ns, Total: 1040679 ns
[2020-08-12T21:11:54.895+0000][6][safepoint    ] Safepoint "Cleanup", Time since last: 1000423013 ns, Reaching safepoint: 547870 ns, At safepoint: 46575 ns, Total: 594445 ns
[2020-08-12T21:11:56.564+0000][6][safepoint    ] Safepoint "Cleanup", Time since last: 1667560307 ns, Reaching safepoint: 725843 ns, At safepoint: 54700 ns, Total: 780543 ns
[2020-08-12T21:11:57.565+0000][6][safepoint    ] Safepoint "Cleanup", Time since last: 1000652960 ns, Reaching safepoint: 830493 ns, At safepoint: 54212 ns, Total: 884705 ns
[2020-08-12T21:11:58.566+0000][6][safepoint    ] Safepoint "Cleanup", Time since last: 1000338764 ns, Reaching safepoint: 688731 ns, At safepoint: 50725 ns, Total: 739456 ns
[2020-08-12T21:11:59.568+0000][6][safepoint    ] Safepoint "Cleanup", Time since last: 1000293476 ns, Reaching safepoint: 1126915 ns, At safepoint: 23500 ns, Total: 1150415 ns
[2020-08-12T21:12:01.102+0000][6][safepoint    ] Safepoint "Cleanup", Time since last: 1533156844 ns, Reaching safepoint: 725019 ns, At safepoint: 46212 ns, Total: 771231 ns
[2020-08-12T21:12:02.103+0000][6][safepoint    ] Safepoint "Cleanup", Time since last: 1000698185 ns, Reaching safepoint: 517208 ns, At safepoint: 47863 ns, Total: 565071 ns
[2020-08-12T21:12:03.104+0000][6][safepoint    ] Safepoint "Cleanup", Time since last: 1000299513 ns, Reaching safepoint: 919467 ns, At safepoint: 44187 ns, Total: 963654 ns
[2020-08-12T21:12:04.105+0000][6][safepoint    ] Safepoint "Cleanup", Time since last: 1000345089 ns, Reaching safepoint: 889592 ns, At safepoint: 43262 ns, Total: 932854 ns
[2020-08-12T21:12:05.228+0000][6][safepoint    ] Safepoint "Cleanup", Time since last: 1122144435 ns, Reaching safepoint: 625070 ns, At safepoint: 38675 ns, Total: 663745 ns
[2020-08-12T21:12:06.260+0000][6][safepoint    ] Safepoint "Cleanup", Time since last: 1030902711 ns, Reaching safepoint: 837506 ns, At safepoint: 43324 ns, Total: 880830 ns
[2020-08-12T21:12:07.200+0000][6][safepoint    ] Safepoint "BulkRevokeBias", Time since last: 938628010 ns, Reaching safepoint: 396346 ns, At safepoint: 971092 ns, Total: 1367438 ns
[2020-08-12T21:12:08.206+0000][6][safepoint    ] Safepoint "Cleanup", Time since last: 1004656751 ns, Reaching safepoint: 761206 ns, At safepoint: 44599 ns, Total: 805805 ns
[2020-08-12T21:12:09.207+0000][6][safepoint    ] Safepoint "Cleanup", Time since last: 1000429826 ns, Reaching safepoint: 519070 ns, At safepoint: 43200 ns, Total: 562270 ns
[2020-08-12T21:12:10.208+0000][6][safepoint    ] Safepoint "Cleanup", Time since last: 1000447475 ns, Reaching safepoint: 573895 ns, At safepoint: 42849 ns, Total: 616744 ns
[2020-08-12T21:12:11.209+0000][6][safepoint    ] Safepoint "Cleanup", Time since last: 1000411888 ns, Reaching safepoint: 573008 ns, At safepoint: 42774 ns, Total: 615782 ns
[2020-08-12T21:12:12.210+0000][6][safepoint    ] Safepoint "Cleanup", Time since last: 1000320026 ns, Reaching safepoint: 840493 ns, At safepoint: 47275 ns, Total: 887768 ns
[2020-08-12T21:12:13.211+0000][6][safepoint    ] Safepoint "Cleanup", Time since last: 1000353888 ns, Reaching safepoint: 573595 ns, At safepoint: 43462 ns, Total: 617057 ns
[2020-08-12T21:12:14.212+0000][6][safepoint    ] Safepoint "Cleanup", Time since last: 1000406638 ns, Reaching safepoint: 576945 ns, At safepoint: 43387 ns, Total: 620332 ns
[2020-08-12T21:12:16.100+0000][6][safepoint    ] Safepoint "Cleanup", Time since last: 1887825090 ns, Reaching safepoint: 594282 ns, At safepoint: 43338 ns, Total: 637620 ns
[2020-08-12T21:12:17.101+0000][6][safepoint    ] Safepoint "Cleanup", Time since last: 1000363738 ns, Reaching safepoint: 710369 ns, At safepoint: 53599 ns, Total: 763968 ns
[2020-08-12T21:12:18.256+0000][6][safepoint    ] Safepoint "Cleanup", Time since last: 1154084497 ns, Reaching safepoint: 568870 ns, At safepoint: 43712 ns, Total: 612582 ns
[2020-08-12T21:12:19.257+0000][6][safepoint    ] Safepoint "Cleanup", Time since last: 1000353288 ns, Reaching safepoint: 370947 ns, At safepoint: 53012 ns, Total: 423959 ns
[2020-08-12T21:12:21.102+0000][6][safepoint    ] Safepoint "Cleanup", Time since last: 1844867237 ns, Reaching safepoint: 656456 ns, At safepoint: 45700 ns, Total: 702156 ns
[2020-08-12T21:12:23.060+0000][6][safepoint    ] Safepoint "Cleanup", Time since last: 1956749419 ns, Reaching safepoint: 982042 ns, At safepoint: 47899 ns, Total: 1029941 ns
[2020-08-12T21:12:24.061+0000][6][safepoint    ] Safepoint "Cleanup", Time since last: 1000362651 ns, Reaching safepoint: 650032 ns, At safepoint: 50412 ns, Total: 700444 ns
[2020-08-12T21:12:25.066+0000][6][safepoint    ] Safepoint "Cleanup", Time since last: 1000365963 ns, Reaching safepoint: 3836029 ns, At safepoint: 34250 ns, Total: 3870279 ns
[2020-08-12T21:12:26.517+0000][6][safepoint    ] Safepoint "Cleanup", Time since last: 1450089500 ns, Reaching safepoint: 844017 ns, At safepoint: 43450 ns, Total: 887467 ns
[2020-08-12T21:12:27.517+0000][6][safepoint    ] Safepoint "Cleanup", Time since last: 1000306126 ns, Reaching safepoint: 488296 ns, At safepoint: 52425 ns, Total: 540721 ns
[2020-08-12T21:12:28.518+0000][6][safepoint    ] Safepoint "Cleanup", Time since last: 1000348463 ns, Reaching safepoint: 723106 ns, At safepoint: 43437 ns, Total: 766543 ns
[2020-08-12T21:12:29.520+0000][6][safepoint    ] Safepoint "Cleanup", Time since last: 1000325064 ns, Reaching safepoint: 868517 ns, At safepoint: 47775 ns, Total: 916292 ns
[2020-08-12T21:12:30.521+0000][6][safepoint    ] Safepoint "Cleanup", Time since last: 1000358101 ns, Reaching safepoint: 895267 ns, At safepoint: 47912 ns, Total: 943179 ns
[2020-08-12T21:12:31.522+0000][6][safepoint    ] Safepoint "Cleanup", Time since last: 1000353588 ns, Reaching safepoint: 802493 ns, At safepoint: 56375 ns, Total: 858868 ns
[2020-08-12T21:12:32.523+0000][6][safepoint    ] Safepoint "Cleanup", Time since last: 1000353438 ns, Reaching safepoint: 618420 ns, At safepoint: 42862 ns, Total: 661282 ns
[2020-08-12T21:12:33.524+0000][6][safepoint    ] Safepoint "Cleanup", Time since last: 1000347238 ns, Reaching safepoint: 687807 ns, At safepoint: 43824 ns, Total: 731631 ns
[2020-08-12T21:12:34.525+0000][6][safepoint    ] Safepoint "Cleanup", Time since last: 1000345551 ns, Reaching safepoint: 614257 ns, At safepoint: 54850 ns, Total: 669107 ns
[2020-08-12T21:12:36.108+0000][6][safepoint    ] Safepoint "Cleanup", Time since last: 1582054621 ns, Reaching safepoint: 758306 ns, At safepoint: 65900 ns, Total: 824206 ns
[2020-08-12T21:12:37.110+0000][6][safepoint    ] Safepoint "Cleanup", Time since last: 1000345338 ns, Reaching safepoint: 1098253 ns, At safepoint: 58437 ns, Total: 1156690 ns
[2020-08-12T21:12:38.232+0000][6][safepoint    ] Safepoint "Cleanup", Time since last: 1121879300 ns, Reaching safepoint: 580457 ns, At safepoint: 45650 ns, Total: 626107 ns
[2020-08-12T21:12:39.233+0000][6][safepoint    ] Safepoint "Cleanup", Time since last: 1000343451 ns, Reaching safepoint: 563882 ns, At safepoint: 42900 ns, Total: 606782 ns
[2020-08-12T21:12:41.109+0000][6][safepoint    ] Safepoint "Cleanup", Time since last: 1875551521 ns, Reaching safepoint: 652757 ns, At safepoint: 42912 ns, Total: 695669 ns
[2020-08-12T21:12:42.112+0000][6][safepoint    ] Safepoint "Cleanup", Time since last: 1000533499 ns, Reaching safepoint: 1687648 ns, At safepoint: 58100 ns, Total: 1745748 ns
[2020-08-12T21:12:43.113+0000][6][safepoint    ] Safepoint "Cleanup", Time since last: 1000404950 ns, Reaching safepoint: 886555 ns, At safepoint: 65299 ns, Total: 951854 ns
[2020-08-12T21:12:44.114+0000][6][safepoint    ] Safepoint "Cleanup", Time since last: 1000375226 ns, Reaching safepoint: 847605 ns, At safepoint: 56037 ns, Total: 903642 ns
[2020-08-12T21:12:45.161+0000][6][safepoint    ] Safepoint "Cleanup", Time since last: 1046277641 ns, Reaching safepoint: 445809 ns, At safepoint: 20000 ns, Total: 465809 ns
[2020-08-12T21:12:46.162+0000][6][safepoint    ] Safepoint "Cleanup", Time since last: 1000361088 ns, Reaching safepoint: 781006 ns, At safepoint: 46487 ns, Total: 827493 ns
[2020-08-12T21:12:47.163+0000][6][safepoint    ] Safepoint "Cleanup", Time since last: 1000310464 ns, Reaching safepoint: 488008 ns, At safepoint: 32912 ns, Total: 520920 ns
[2020-08-12T21:12:48.164+0000][6][safepoint    ] Safepoint "Cleanup", Time since last: 1000270752 ns, Reaching safepoint: 924454 ns, At safepoint: 43337 ns, Total: 967791 ns
[2020-08-12T21:12:49.166+0000][6][safepoint    ] Safepoint "Cleanup", Time since last: 1000350214 ns, Reaching safepoint: 817155 ns, At safepoint: 43700 ns, Total: 860855 ns
[2020-08-12T21:12:50.167+0000][6][safepoint    ] Safepoint "Cleanup", Time since last: 1000392937 ns, Reaching safepoint: 697582 ns, At safepoint: 42925 ns, Total: 740507 ns
[2020-08-12T21:12:51.168+0000][6][safepoint    ] Safepoint "Cleanup", Time since last: 1000402175 ns, Reaching safepoint: 910067 ns, At safepoint: 65287 ns, Total: 975354 ns
[2020-08-12T21:12:52.169+0000][6][safepoint    ] Safepoint "Cleanup", Time since last: 1000319064 ns, Reaching safepoint: 637807 ns, At safepoint: 47099 ns, Total: 684906 ns
[2020-08-12T21:12:53.170+0000][6][safepoint    ] Safepoint "Cleanup", Time since last: 1000327964 ns, Reaching safepoint: 663131 ns, At safepoint: 43425 ns, Total: 706556 ns
[2020-08-12T21:12:54.171+0000][6][safepoint    ] Safepoint "Cleanup", Time since last: 1000341726 ns, Reaching safepoint: 880880 ns, At safepoint: 43049 ns, Total: 923929 ns
[2020-08-12T21:12:55.462+0000][6][safepoint    ] Safepoint "Cleanup", Time since last: 1289289466 ns, Reaching safepoint: 981954 ns, At safepoint: 44362 ns, Total: 1026316 ns
[2020-08-12T21:12:56.476+0000][6][safepoint    ] Safepoint "Cleanup", Time since last: 1013488062 ns, Reaching safepoint: 647619 ns, At safepoint: 409947 ns, Total: 1057566 ns
[2020-08-12T21:12:57.477+0000][6][safepoint    ] Safepoint "Cleanup", Time since last: 1000299876 ns, Reaching safepoint: 422559 ns, At safepoint: 20262 ns, Total: 442821 ns
[2020-08-12T21:12:58.478+0000][6][safepoint    ] Safepoint "Cleanup", Time since last: 1000252052 ns, Reaching safepoint: 602795 ns, At safepoint: 94899 ns, Total: 697694 ns
[2020-08-12T21:12:59.479+0000][6][safepoint    ] Safepoint "Cleanup", Time since last: 1000310426 ns, Reaching safepoint: 910355 ns, At safepoint: 73424 ns, Total: 983779 ns
[2020-08-12T21:13:01.113+0000][6][safepoint    ] Safepoint "Cleanup", Time since last: 1633275891 ns, Reaching safepoint: 645444 ns, At safepoint: 44787 ns, Total: 690231 ns
[2020-08-12T21:13:02.114+0000][6][safepoint    ] Safepoint "Cleanup", Time since last: 1000378188 ns, Reaching safepoint: 633645 ns, At safepoint: 28875 ns, Total: 662520 ns
[2020-08-12T21:13:03.115+0000][6][safepoint    ] Safepoint "Cleanup", Time since last: 1000271926 ns, Reaching safepoint: 760606 ns, At safepoint: 53362 ns, Total: 813968 ns
[2020-08-12T21:13:04.116+0000][6][safepoint    ] Safepoint "Cleanup", Time since last: 1000350463 ns, Reaching safepoint: 624320 ns, At safepoint: 43087 ns, Total: 667407 ns
[2020-08-12T21:13:05.139+0000][6][safepoint    ] Safepoint "Cleanup", Time since last: 1021935202 ns, Reaching safepoint: 491146 ns, At safepoint: 25087 ns, Total: 516233 ns
[2020-08-12T21:13:06.140+0000][6][safepoint    ] Safepoint "Cleanup", Time since last: 1000348626 ns, Reaching safepoint: 894429 ns, At safepoint: 43563 ns, Total: 937992 ns
[2020-08-12T21:13:07.142+0000][6][safepoint    ] Safepoint "Cleanup", Time since last: 1000338475 ns, Reaching safepoint: 1388413 ns, At safepoint: 55312 ns, Total: 1443725 ns
[2020-08-12T21:13:07.446+0000][6][safepoint    ] Safepoint "BulkRevokeBias", Time since last: 295748568 ns, Reaching safepoint: 7168988 ns, At safepoint: 1166165 ns, Total: 8335153 ns
[2020-08-12T21:13:08.447+0000][6][safepoint    ] Safepoint "Cleanup", Time since last: 1000262164 ns, Reaching safepoint: 785231 ns, At safepoint: 41475 ns, Total: 826706 ns
[2020-08-12T21:13:09.448+0000][6][safepoint    ] Safepoint "Cleanup", Time since last: 1000286789 ns, Reaching safepoint: 788668 ns, At safepoint: 41012 ns, Total: 829680 ns
[2020-08-12T21:13:10.449+0000][6][safepoint    ] Safepoint "Cleanup", Time since last: 1000328738 ns, Reaching safepoint: 641057 ns, At safepoint: 42812 ns, Total: 683869 ns
[2020-08-12T21:13:11.450+0000][6][safepoint    ] Safepoint "Cleanup", Time since last: 1000358226 ns, Reaching safepoint: 593845 ns, At safepoint: 42525 ns, Total: 636370 ns
[2020-08-12T21:13:12.451+0000][6][safepoint    ] Safepoint "Cleanup", Time since last: 1000292926 ns, Reaching safepoint: 353647 ns, At safepoint: 17037 ns, Total: 370684 ns
[2020-08-12T21:13:13.452+0000][6][safepoint    ] Safepoint "Cleanup", Time since last: 1000247627 ns, Reaching safepoint: 400621 ns, At safepoint: 52712 ns, Total: 453333 ns
[2020-08-12T21:13:14.453+0000][6][safepoint    ] Safepoint "Cleanup", Time since last: 1000337601 ns, Reaching safepoint: 758506 ns, At safepoint: 47887 ns, Total: 806393 ns
[2020-08-12T21:13:16.114+0000][6][safepoint    ] Safepoint "Cleanup", Time since last: 1660706142 ns, Reaching safepoint: 694656 ns, At safepoint: 44712 ns, Total: 739368 ns
[2020-08-12T21:13:17.115+0000][6][safepoint    ] Safepoint "Cleanup", Time since last: 1000331751 ns, Reaching safepoint: 865118 ns, At safepoint: 47774 ns, Total: 912892 ns
[2020-08-12T21:13:18.116+0000][6][safepoint    ] Safepoint "Cleanup", Time since last: 1000345951 ns, Reaching safepoint: 579883 ns, At safepoint: 40249 ns, Total: 620132 ns
[2020-08-12T21:13:19.117+0000][6][safepoint    ] Safepoint "Cleanup", Time since last: 1000320064 ns, Reaching safepoint: 496208 ns, At safepoint: 28300 ns, Total: 524508 ns
[2020-08-12T21:13:21.115+0000][6][safepoint    ] Safepoint "Cleanup", Time since last: 1997503442 ns, Reaching safepoint: 728106 ns, At safepoint: 50574 ns, Total: 778680 ns
[2020-08-12T21:13:22.123+0000][6][safepoint    ] Safepoint "Cleanup", Time since last: 1000280139 ns, Reaching safepoint: 7179138 ns, At safepoint: 19163 ns, Total: 7198301 ns
[2020-08-12T21:13:23.124+0000][6][safepoint    ] Safepoint "Cleanup", Time since last: 1000221851 ns, Reaching safepoint: 594833 ns, At safepoint: 67912 ns, Total: 662745 ns
[2020-08-12T21:13:24.125+0000][6][safepoint    ] Safepoint "Cleanup", Time since last: 1000468412 ns, Reaching safepoint: 723144 ns, At safepoint: 53849 ns, Total: 776993 ns
[2020-08-12T21:13:25.180+0000][6][safepoint    ] Safepoint "Cleanup", Time since last: 1054407171 ns, Reaching safepoint: 877430 ns, At safepoint: 17062 ns, Total: 894492 ns
[2020-08-12T21:13:26.427+0000][6][safepoint    ] Safepoint "Cleanup", Time since last: 1245639730 ns, Reaching safepoint: 609295 ns, At safepoint: 43762 ns, Total: 653057 ns
[2020-08-12T21:13:27.427+0000][6][safepoint    ] Safepoint "Cleanup", Time since last: 1000293952 ns, Reaching safepoint: 348472 ns, At safepoint: 18224 ns, Total: 366696 ns
[2020-08-12T21:13:28.428+0000][6][safepoint    ] Safepoint "Cleanup", Time since last: 1000248777 ns, Reaching safepoint: 652632 ns, At safepoint: 44600 ns, Total: 697232 ns
[2020-08-12T21:13:29.430+0000][6][safepoint    ] Safepoint "Cleanup", Time since last: 1000323988 ns, Reaching safepoint: 1131190 ns, At safepoint: 55550 ns, Total: 1186740 ns
[2020-08-12T21:13:30.431+0000][6][safepoint    ] Safepoint "Cleanup", Time since last: 1000295151 ns, Reaching safepoint: 680557 ns, At safepoint: 50974 ns, Total: 731531 ns
[2020-08-12T21:13:31.432+0000][6][safepoint    ] Safepoint "Cleanup", Time since last: 1000461713 ns, Reaching safepoint: 571257 ns, At safepoint: 145624 ns, Total: 716881 ns
[2020-08-12T21:13:32.433+0000][6][safepoint    ] Safepoint "Cleanup", Time since last: 1000299814 ns, Reaching safepoint: 350959 ns, At safepoint: 18275 ns, Total: 369234 ns
[2020-08-12T21:13:33.433+0000][6][safepoint    ] Safepoint "Cleanup", Time since last: 1000251339 ns, Reaching safepoint: 347610 ns, At safepoint: 55862 ns, Total: 403472 ns
[2020-08-12T21:13:34.434+0000][6][safepoint    ] Safepoint "Cleanup", Time since last: 1000378838 ns, Reaching safepoint: 520395 ns, At safepoint: 53475 ns, Total: 573870 ns
[2020-08-12T21:13:36.114+0000][6][safepoint    ] Safepoint "Cleanup", Time since last: 1678924171 ns, Reaching safepoint: 588595 ns, At safepoint: 43662 ns, Total: 632257 ns
[2020-08-12T21:13:37.115+0000][6][safepoint    ] Safepoint "Cleanup", Time since last: 1000363826 ns, Reaching safepoint: 933229 ns, At safepoint: 33762 ns, Total: 966991 ns
[2020-08-12T21:13:38.438+0000][6][safepoint    ] Safepoint "Cleanup", Time since last: 1321803184 ns, Reaching safepoint: 792018 ns, At safepoint: 43175 ns, Total: 835193 ns
[2020-08-12T21:13:39.494+0000][6][safepoint    ] Safepoint "Cleanup", Time since last: 1000402238 ns, Reaching safepoint: 55266172 ns, At safepoint: 181224 ns, Total: 55447396 ns
[2020-08-12T21:13:40.115+0000][6][safepoint    ] Safepoint "BulkRevokeBias", Time since last: 619594842 ns, Reaching safepoint: 435897 ns, At safepoint: 1186164 ns, Total: 1622061 ns
[2020-08-12T21:13:41.116+0000][6][safepoint    ] Safepoint "Cleanup", Time since last: 1000784735 ns, Reaching safepoint: 635394 ns, At safepoint: 43450 ns, Total: 678844 ns
[2020-08-12T21:13:42.117+0000][6][safepoint    ] Safepoint "Cleanup", Time since last: 1000335826 ns, Reaching safepoint: 728094 ns, At safepoint: 57912 ns, Total: 786006 ns
[2020-08-12T21:13:43.119+0000][6][safepoint    ] Safepoint "Cleanup", Time since last: 1000308301 ns, Reaching safepoint: 781993 ns, At safepoint: 45987 ns, Total: 827980 ns
[2020-08-12T21:13:44.119+0000][6][safepoint    ] Safepoint "Cleanup", Time since last: 1000288752 ns, Reaching safepoint: 315785 ns, At safepoint: 15975 ns, Total: 331760 ns
[2020-08-12T21:13:46.115+0000][6][safepoint    ] Safepoint "Cleanup", Time since last: 1994757527 ns, Reaching safepoint: 792031 ns, At safepoint: 43012 ns, Total: 835043 ns
[2020-08-12T21:13:47.116+0000][6][safepoint    ] Safepoint "Cleanup", Time since last: 1000382713 ns, Reaching safepoint: 794880 ns, At safepoint: 45750 ns, Total: 840630 ns
[2020-08-12T21:13:48.117+0000][6][safepoint    ] Safepoint "Cleanup", Time since last: 1000948446 ns, Reaching safepoint: 324784 ns, At safepoint: 15113 ns, Total: 339897 ns
[2020-08-12T21:13:49.118+0000][6][safepoint    ] Safepoint "Cleanup", Time since last: 1000289501 ns, Reaching safepoint: 839905 ns, At safepoint: 43275 ns, Total: 883180 ns
[2020-08-12T21:13:50.120+0000][6][safepoint    ] Safepoint "Cleanup", Time since last: 1000443125 ns, Reaching safepoint: 650082 ns, At safepoint: 29200 ns, Total: 679282 ns
[2020-08-12T21:13:51.121+0000][6][safepoint    ] Safepoint "Cleanup", Time since last: 1000258089 ns, Reaching safepoint: 930067 ns, At safepoint: 43199 ns, Total: 973266 ns
[2020-08-12T21:13:52.122+0000][6][safepoint    ] Safepoint "Cleanup", Time since last: 1000394863 ns, Reaching safepoint: 1152165 ns, At safepoint: 55587 ns, Total: 1207752 ns
[2020-08-12T21:13:53.124+0000][6][safepoint    ] Safepoint "Cleanup", Time since last: 1000344264 ns, Reaching safepoint: 839630 ns, At safepoint: 43675 ns, Total: 883305 ns
[2020-08-12T21:13:54.125+0000][6][safepoint    ] Safepoint "Cleanup", Time since last: 1000390275 ns, Reaching safepoint: 786831 ns, At safepoint: 43212 ns, Total: 830043 ns
[2020-08-12T21:13:55.446+0000][6][safepoint    ] Safepoint "Cleanup", Time since last: 1319728302 ns, Reaching safepoint: 1026041 ns, At safepoint: 43912 ns, Total: 1069953 ns
[2020-08-12T21:13:56.455+0000][6][safepoint    ] Safepoint "Cleanup", Time since last: 1009465884 ns, Reaching safepoint: 350010 ns, At safepoint: 16662 ns, Total: 366672 ns
[2020-08-12T21:13:57.456+0000][6][safepoint    ] Safepoint "Cleanup", Time since last: 1000202127 ns, Reaching safepoint: 480396 ns, At safepoint: 55012 ns, Total: 535408 ns
[2020-08-12T21:13:58.457+0000][6][safepoint    ] Safepoint "Cleanup", Time since last: 1000359801 ns, Reaching safepoint: 741118 ns, At safepoint: 45313 ns, Total: 786431 ns
[2020-08-12T21:13:59.459+0000][6][safepoint    ] Safepoint "Cleanup", Time since last: 1000356075 ns, Reaching safepoint: 803918 ns, At safepoint: 66725 ns, Total: 870643 ns
[2020-08-12T21:14:01.122+0000][6][safepoint    ] Safepoint "Cleanup", Time since last: 1662567125 ns, Reaching safepoint: 591332 ns, At safepoint: 43162 ns, Total: 634494 ns
[2020-08-12T21:14:02.123+0000][6][safepoint    ] Safepoint "Cleanup", Time since last: 1000447275 ns, Reaching safepoint: 684232 ns, At safepoint: 58075 ns, Total: 742307 ns
[2020-08-12T21:14:03.124+0000][6][safepoint    ] Safepoint "Cleanup", Time since last: 1000353088 ns, Reaching safepoint: 902430 ns, At safepoint: 55574 ns, Total: 958004 ns
[2020-08-12T21:14:04.125+0000][6][safepoint    ] Safepoint "Cleanup", Time since last: 1000348963 ns, Reaching safepoint: 726257 ns, At safepoint: 49762 ns, Total: 776019 ns
[2020-08-12T21:14:06.120+0000][6][safepoint    ] Safepoint "Cleanup", Time since last: 1993913772 ns, Reaching safepoint: 495046 ns, At safepoint: 87599 ns, Total: 582645 ns
[2020-08-12T21:14:07.121+0000][6][safepoint    ] Safepoint "Cleanup", Time since last: 1000331014 ns, Reaching safepoint: 544858 ns, At safepoint: 43987 ns, Total: 588845 ns
[2020-08-12T21:14:08.421+0000][6][safepoint    ] Safepoint "Cleanup", Time since last: 1299461839 ns, Reaching safepoint: 646157 ns, At safepoint: 51900 ns, Total: 698057 ns
[2020-08-12T21:14:09.422+0000][6][safepoint    ] Safepoint "Cleanup", Time since last: 1000352875 ns, Reaching safepoint: 811006 ns, At safepoint: 56175 ns, Total: 867181 ns
[2020-08-12T21:14:10.423+0000][6][safepoint    ] Safepoint "Cleanup", Time since last: 1000349088 ns, Reaching safepoint: 648194 ns, At safepoint: 43500 ns, Total: 691694 ns
[2020-08-12T21:14:11.424+0000][6][safepoint    ] Safepoint "Cleanup", Time since last: 1000357526 ns, Reaching safepoint: 658844 ns, At safepoint: 43712 ns, Total: 702556 ns
[2020-08-12T21:14:12.425+0000][6][safepoint    ] Safepoint "Cleanup", Time since last: 1000287376 ns, Reaching safepoint: 449996 ns, At safepoint: 18100 ns, Total: 468096 ns
[2020-08-12T21:14:13.426+0000][6][safepoint    ] Safepoint "Cleanup", Time since last: 1000225065 ns, Reaching safepoint: 719481 ns, At safepoint: 52062 ns, Total: 771543 ns
[2020-08-12T21:14:14.427+0000][6][safepoint    ] Safepoint "Cleanup", Time since last: 1000330964 ns, Reaching safepoint: 645357 ns, At safepoint: 42350 ns, Total: 687707 ns
[2020-08-12T21:14:16.121+0000][6][safepoint    ] Safepoint "Cleanup", Time since last: 1692715676 ns, Reaching safepoint: 844568 ns, At safepoint: 42687 ns, Total: 887255 ns
[2020-08-12T21:14:17.122+0000][6][safepoint    ] Safepoint "Cleanup", Time since last: 1000384250 ns, Reaching safepoint: 1210090 ns, At safepoint: 69187 ns, Total: 1279277 ns
[2020-08-12T21:14:18.123+0000][6][safepoint    ] Safepoint "Cleanup", Time since last: 1000304051 ns, Reaching safepoint: 812568 ns, At safepoint: 32737 ns, Total: 845305 ns
[2020-08-12T21:14:19.125+0000][6][safepoint    ] Safepoint "Cleanup", Time since last: 1000278714 ns, Reaching safepoint: 856368 ns, At safepoint: 43049 ns, Total: 899417 ns
[2020-08-12T21:14:21.121+0000][6][safepoint    ] Safepoint "Cleanup", Time since last: 1995282836 ns, Reaching safepoint: 810918 ns, At safepoint: 43125 ns, Total: 854043 ns
[2020-08-12T21:14:22.122+0000][6][safepoint    ] Safepoint "Cleanup", Time since last: 1000350738 ns, Reaching safepoint: 636145 ns, At safepoint: 26062 ns, Total: 662207 ns
[2020-08-12T21:14:23.123+0000][6][safepoint    ] Safepoint "Cleanup", Time since last: 1000302451 ns, Reaching safepoint: 866105 ns, At safepoint: 76975 ns, Total: 943080 ns
[2020-08-12T21:14:24.124+0000][6][safepoint    ] Safepoint "Cleanup", Time since last: 1000346063 ns, Reaching safepoint: 715581 ns, At safepoint: 51037 ns, Total: 766618 ns
[2020-08-12T21:14:25.473+0000][6][safepoint    ] Safepoint "Cleanup", Time since last: 1347988658 ns, Reaching safepoint: 1005641 ns, At safepoint: 48462 ns, Total: 1054103 ns
[2020-08-12T21:14:26.489+0000][6][safepoint    ] Safepoint "Cleanup", Time since last: 1014702214 ns, Reaching safepoint: 786406 ns, At safepoint: 43175 ns, Total: 829581 ns
[2020-08-12T21:14:27.490+0000][6][safepoint    ] Safepoint "Cleanup", Time since last: 1000350901 ns, Reaching safepoint: 561782 ns, At safepoint: 20913 ns, Total: 582695 ns
[2020-08-12T21:14:28.491+0000][6][safepoint    ] Safepoint "Cleanup", Time since last: 1000273026 ns, Reaching safepoint: 811530 ns, At safepoint: 42950 ns, Total: 854480 ns
[2020-08-12T21:14:29.492+0000][6][safepoint    ] Safepoint "Cleanup", Time since last: 1000377938 ns, Reaching safepoint: 970829 ns, At safepoint: 51987 ns, Total: 1022816 ns
[2020-08-12T21:14:30.493+0000][6][safepoint    ] Safepoint "Cleanup", Time since last: 1000327451 ns, Reaching safepoint: 653270 ns, At safepoint: 43337 ns, Total: 696607 ns
[2020-08-12T21:14:31.494+0000][6][safepoint    ] Safepoint "Cleanup", Time since last: 1000342301 ns, Reaching safepoint: 671494 ns, At safepoint: 50787 ns, Total: 722281 ns
[2020-08-12T21:14:32.495+0000][6][safepoint    ] Safepoint "Cleanup", Time since last: 1000290589 ns, Reaching safepoint: 449108 ns, At safepoint: 54312 ns, Total: 503420 ns
[2020-08-12T21:14:33.496+0000][6][safepoint    ] Safepoint "Cleanup", Time since last: 1000337176 ns, Reaching safepoint: 603320 ns, At safepoint: 43562 ns, Total: 646882 ns
[2020-08-12T21:14:34.498+0000][6][safepoint    ] Safepoint "Cleanup", Time since last: 1000345014 ns, Reaching safepoint: 1243626 ns, At safepoint: 54537 ns, Total: 1298163 ns
[2020-08-12T21:14:36.124+0000][6][safepoint    ] Safepoint "Cleanup", Time since last: 1625664970 ns, Reaching safepoint: 943467 ns, At safepoint: 43299 ns, Total: 986766 ns
[2020-08-12T21:14:37.125+0000][6][safepoint    ] Safepoint "Cleanup", Time since last: 1000297426 ns, Reaching safepoint: 698119 ns, At safepoint: 26812 ns, Total: 724931 ns
[2020-08-12T21:14:38.301+0000][6][safepoint    ] Safepoint "Cleanup", Time since last: 1175199677 ns, Reaching safepoint: 699856 ns, At safepoint: 43513 ns, Total: 743369 ns
[2020-08-12T21:14:39.302+0000][6][safepoint    ] Safepoint "Cleanup", Time since last: 1000478512 ns, Reaching safepoint: 578757 ns, At safepoint: 43112 ns, Total: 621869 ns
[2020-08-12T21:14:41.123+0000][6][safepoint    ] Safepoint "Cleanup", Time since last: 1819814166 ns, Reaching safepoint: 844430 ns, At safepoint: 217648 ns, Total: 1062078 ns
[2020-08-12T21:14:42.124+0000][6][safepoint    ] Safepoint "Cleanup", Time since last: 1000343839 ns, Reaching safepoint: 669881 ns, At safepoint: 53412 ns, Total: 723293 ns
[2020-08-12T21:14:43.126+0000][6][safepoint    ] Safepoint "Cleanup", Time since last: 1000341589 ns, Reaching safepoint: 744781 ns, At safepoint: 51024 ns, Total: 795805 ns
[2020-08-12T21:14:44.127+0000][6][safepoint    ] Safepoint "Cleanup", Time since last: 1000305677 ns, Reaching safepoint: 996741 ns, At safepoint: 125686 ns, Total: 1122427 ns
[2020-08-12T21:14:45.008+0000][6][safepoint    ] Safepoint "BulkRevokeBias", Time since last: 877429601 ns, Reaching safepoint: 859031 ns, At safepoint: 2405341 ns, Total: 3264372 ns
[2020-08-12T21:14:46.131+0000][6][safepoint    ] Safepoint "Cleanup", Time since last: 1122404571 ns, Reaching safepoint: 743893 ns, At safepoint: 42563 ns, Total: 786456 ns
[2020-08-12T21:14:47.132+0000][6][safepoint    ] Safepoint "Cleanup", Time since last: 1000408325 ns, Reaching safepoint: 835792 ns, At safepoint: 66962 ns, Total: 902754 ns
[2020-08-12T21:14:48.133+0000][6][safepoint    ] Safepoint "Cleanup", Time since last: 1000356001 ns, Reaching safepoint: 856618 ns, At safepoint: 46712 ns, Total: 903330 ns
[2020-08-12T21:14:49.134+0000][6][safepoint    ] Safepoint "Cleanup", Time since last: 1000340851 ns, Reaching safepoint: 567782 ns, At safepoint: 42787 ns, Total: 610569 ns
[2020-08-12T21:14:50.140+0000][6][safepoint    ] Safepoint "Cleanup", Time since last: 1000313489 ns, Reaching safepoint: 5732638 ns, At safepoint: 50800 ns, Total: 5783438 ns
[2020-08-12T21:14:51.141+0000][6][safepoint    ] Safepoint "Cleanup", Time since last: 1000269289 ns, Reaching safepoint: 666131 ns, At safepoint: 49212 ns, Total: 715343 ns
[2020-08-12T21:14:52.142+0000][6][safepoint    ] Safepoint "Cleanup", Time since last: 1000357064 ns, Reaching safepoint: 560157 ns, At safepoint: 54587 ns, Total: 614744 ns
[2020-08-12T21:14:53.144+0000][6][safepoint    ] Safepoint "Cleanup", Time since last: 1000355889 ns, Reaching safepoint: 706381 ns, At safepoint: 50237 ns, Total: 756618 ns
[2020-08-12T21:14:54.145+0000][6][safepoint    ] Safepoint "Cleanup", Time since last: 1000396313 ns, Reaching safepoint: 794993 ns, At safepoint: 42725 ns, Total: 837718 ns
[2020-08-12T21:14:55.556+0000][6][safepoint    ] Safepoint "Cleanup", Time since last: 1411048837 ns, Reaching safepoint: 377534 ns, At safepoint: 11713 ns, Total: 389247 ns
[2020-08-12T21:14:56.568+0000][6][safepoint    ] Safepoint "Cleanup", Time since last: 1010882597 ns, Reaching safepoint: 838080 ns, At safepoint: 45312 ns, Total: 883392 ns
[2020-08-12T21:14:57.569+0000][6][safepoint    ] Safepoint "Cleanup", Time since last: 1000308489 ns, Reaching safepoint: 636069 ns, At safepoint: 27838 ns, Total: 663907 ns
[2020-08-12T21:14:58.570+0000][6][safepoint    ] Safepoint "Cleanup", Time since last: 1000286801 ns, Reaching safepoint: 850630 ns, At safepoint: 42950 ns, Total: 893580 ns
[2020-08-12T21:14:59.583+0000][6][safepoint    ] Safepoint "Cleanup", Time since last: 1012209811 ns, Reaching safepoint: 936816 ns, At safepoint: 55500 ns, Total: 992316 ns
[2020-08-12T21:15:00.125+0000][6][safepoint    ] Safepoint "BulkRevokeBias", Time since last: 539189851 ns, Reaching safepoint: 483033 ns, At safepoint: 1684235 ns, Total: 2167268 ns
[2020-08-12T21:15:01.126+0000][6][safepoint    ] Safepoint "Cleanup", Time since last: 1000406476 ns, Reaching safepoint: 567858 ns, At safepoint: 42637 ns, Total: 610495 ns
[2020-08-12T21:15:02.127+0000][6][safepoint    ] Safepoint "Cleanup", Time since last: 1000378325 ns, Reaching safepoint: 1280989 ns, At safepoint: 67024 ns, Total: 1348013 ns
[2020-08-12T21:15:03.129+0000][6][safepoint    ] Safepoint "Cleanup", Time since last: 1000388726 ns, Reaching safepoint: 850792 ns, At safepoint: 42787 ns, Total: 893579 ns
[2020-08-12T21:15:04.130+0000][6][safepoint    ] Safepoint "Cleanup", Time since last: 1000377264 ns, Reaching safepoint: 641906 ns, At safepoint: 33088 ns, Total: 674994 ns
[2020-08-12T21:15:06.125+0000][6][safepoint    ] Safepoint "Cleanup", Time since last: 1993986059 ns, Reaching safepoint: 725244 ns, At safepoint: 49737 ns, Total: 774981 ns
[2020-08-12T21:15:07.125+0000][6][safepoint    ] Safepoint "Cleanup", Time since last: 1000323201 ns, Reaching safepoint: 497321 ns, At safepoint: 24375 ns, Total: 521696 ns
[2020-08-12T21:15:08.307+0000][6][safepoint    ] Safepoint "Cleanup", Time since last: 1181258549 ns, Reaching safepoint: 545595 ns, At safepoint: 54050 ns, Total: 599645 ns
[2020-08-12T21:15:09.308+0000][6][safepoint    ] Safepoint "Cleanup", Time since last: 1000320713 ns, Reaching safepoint: 646795 ns, At safepoint: 55162 ns, Total: 701957 ns
[2020-08-12T21:15:10.309+0000][6][safepoint    ] Safepoint "Cleanup", Time since last: 1000311701 ns, Reaching safepoint: 639707 ns, At safepoint: 25450 ns, Total: 665157 ns
[2020-08-12T21:15:11.310+0000][6][safepoint    ] Safepoint "Cleanup", Time since last: 1000242926 ns, Reaching safepoint: 539420 ns, At safepoint: 22463 ns, Total: 561883 ns
[2020-08-12T21:15:12.311+0000][6][safepoint    ] Safepoint "Cleanup", Time since last: 1000219927 ns, Reaching safepoint: 775231 ns, At safepoint: 29637 ns, Total: 804868 ns
[2020-08-12T21:15:13.312+0000][6][safepoint    ] Safepoint "Cleanup", Time since last: 1000254627 ns, Reaching safepoint: 754955 ns, At safepoint: 43725 ns, Total: 798680 ns
[2020-08-12T21:15:14.314+0000][6][safepoint    ] Safepoint "Cleanup", Time since last: 1000352976 ns, Reaching safepoint: 1025216 ns, At safepoint: 46975 ns, Total: 1072191 ns
[2020-08-12T21:15:16.124+0000][6][safepoint    ] Safepoint "Cleanup", Time since last: 1809217969 ns, Reaching safepoint: 852755 ns, At safepoint: 43225 ns, Total: 895980 ns
[2020-08-12T21:15:17.124+0000][6][safepoint    ] Safepoint "Cleanup", Time since last: 1000243914 ns, Reaching safepoint: 482509 ns, At safepoint: 15099 ns, Total: 497608 ns
[2020-08-12T21:15:18.168+0000][6][safepoint    ] Safepoint "Cleanup", Time since last: 1042819946 ns, Reaching safepoint: 1102953 ns, At safepoint: 47175 ns, Total: 1150128 ns
[2020-08-12T21:15:19.169+0000][6][safepoint    ] Safepoint "Cleanup", Time since last: 1000343801 ns, Reaching safepoint: 678757 ns, At safepoint: 27749 ns, Total: 706506 ns
[2020-08-12T21:15:21.127+0000][6][safepoint    ] Safepoint "Cleanup", Time since last: 1956891268 ns, Reaching safepoint: 756094 ns, At safepoint: 50862 ns, Total: 806956 ns
[2020-08-12T21:15:22.128+0000][6][safepoint    ] Safepoint "Cleanup", Time since last: 1000299988 ns, Reaching safepoint: 670032 ns, At safepoint: 30675 ns, Total: 700707 ns
[2020-08-12T21:15:23.130+0000][6][safepoint    ] Safepoint "Cleanup", Time since last: 1000258326 ns, Reaching safepoint: 1253977 ns, At safepoint: 48050 ns, Total: 1302027 ns
[2020-08-12T21:15:24.131+0000][6][safepoint    ] Safepoint "Cleanup", Time since last: 1001463353 ns, Reaching safepoint: 268311 ns, At safepoint: 11237 ns, Total: 279548 ns
[2020-08-12T21:15:25.456+0000][6][safepoint    ] Safepoint "Cleanup", Time since last: 1324245350 ns, Reaching safepoint: 309510 ns, At safepoint: 11788 ns, Total: 321298 ns
[2020-08-12T21:15:26.459+0000][6][safepoint    ] Safepoint "Cleanup", Time since last: 1002244384 ns, Reaching safepoint: 616507 ns, At safepoint: 105174 ns, Total: 721681 ns
[2020-08-12T21:15:27.460+0000][6][safepoint    ] Safepoint "Cleanup", Time since last: 1000351364 ns, Reaching safepoint: 830168 ns, At safepoint: 42824 ns, Total: 872992 ns
[2020-08-12T21:15:28.461+0000][6][safepoint    ] Safepoint "Cleanup", Time since last: 1000346626 ns, Reaching safepoint: 845130 ns, At safepoint: 67774 ns, Total: 912904 ns
[2020-08-12T21:15:29.463+0000][6][safepoint    ] Safepoint "Cleanup", Time since last: 1000345451 ns, Reaching safepoint: 837031 ns, At safepoint: 43999 ns, Total: 881030 ns
[2020-08-12T21:15:30.464+0000][6][safepoint    ] Safepoint "Cleanup", Time since last: 1000393176 ns, Reaching safepoint: 781205 ns, At safepoint: 150161 ns, Total: 931366 ns
[2020-08-12T21:15:31.465+0000][6][safepoint    ] Safepoint "Cleanup", Time since last: 1000343001 ns, Reaching safepoint: 839343 ns, At safepoint: 54275 ns, Total: 893618 ns
[2020-08-12T21:15:32.466+0000][6][safepoint    ] Safepoint "Cleanup", Time since last: 1000295101 ns, Reaching safepoint: 681531 ns, At safepoint: 28200 ns, Total: 709731 ns
[2020-08-12T21:15:33.467+0000][6][safepoint    ] Safepoint "Cleanup", Time since last: 1000226965 ns, Reaching safepoint: 265410 ns, At safepoint: 11150 ns, Total: 276560 ns
[2020-08-12T21:15:34.467+0000][6][safepoint    ] Safepoint "Cleanup", Time since last: 1000191489 ns, Reaching safepoint: 335098 ns, At safepoint: 15587 ns, Total: 350685 ns
[2020-08-12T21:15:36.202+0000][6][safepoint    ] Safepoint "Cleanup", Time since last: 1734158706 ns, Reaching safepoint: 837630 ns, At safepoint: 55800 ns, Total: 893430 ns
[2020-08-12T21:15:37.203+0000][6][safepoint    ] Safepoint "Cleanup", Time since last: 1000296964 ns, Reaching safepoint: 563445 ns, At safepoint: 26187 ns, Total: 589632 ns
[2020-08-12T21:15:38.349+0000][6][safepoint    ] Safepoint "Cleanup", Time since last: 1144962025 ns, Reaching safepoint: 875230 ns, At safepoint: 42975 ns, Total: 918205 ns
[2020-08-12T21:15:39.350+0000][6][safepoint    ] Safepoint "Cleanup", Time since last: 1000352851 ns, Reaching safepoint: 876455 ns, At safepoint: 42799 ns, Total: 919254 ns
[2020-08-12T21:15:41.128+0000][6][safepoint    ] Safepoint "Cleanup", Time since last: 1776715789 ns, Reaching safepoint: 778668 ns, At safepoint: 154624 ns, Total: 933292 ns
[2020-08-12T21:15:42.129+0000][6][safepoint    ] Safepoint "Cleanup", Time since last: 1000322713 ns, Reaching safepoint: 934217 ns, At safepoint: 54037 ns, Total: 988254 ns
[2020-08-12T21:15:43.130+0000][6][safepoint    ] Safepoint "Cleanup", Time since last: 1000291189 ns, Reaching safepoint: 665519 ns, At safepoint: 43900 ns, Total: 709419 ns
[2020-08-12T21:15:44.131+0000][6][safepoint    ] Safepoint "Cleanup", Time since last: 1000301613 ns, Reaching safepoint: 576295 ns, At safepoint: 51737 ns, Total: 628032 ns
[2020-08-12T21:15:46.127+0000][6][safepoint    ] Safepoint "Cleanup", Time since last: 1994737316 ns, Reaching safepoint: 609620 ns, At safepoint: 45712 ns, Total: 655332 ns
[2020-08-12T21:15:47.128+0000][6][safepoint    ] Safepoint "Cleanup", Time since last: 1000510187 ns, Reaching safepoint: 571095 ns, At safepoint: 46862 ns, Total: 617957 ns
[2020-08-12T21:15:48.129+0000][6][safepoint    ] Safepoint "Cleanup", Time since last: 1000372501 ns, Reaching safepoint: 572707 ns, At safepoint: 43250 ns, Total: 615957 ns
[2020-08-12T21:15:49.130+0000][6][safepoint    ] Safepoint "Cleanup", Time since last: 1000383213 ns, Reaching safepoint: 559720 ns, At safepoint: 43037 ns, Total: 602757 ns
[2020-08-12T21:15:50.740+0000][6][safepoint    ] Safepoint "Cleanup", Time since last: 1609328036 ns, Reaching safepoint: 597357 ns, At safepoint: 50549 ns, Total: 647906 ns
[2020-08-12T21:15:51.741+0000][6][safepoint    ] Safepoint "Cleanup", Time since last: 1000408301 ns, Reaching safepoint: 853567 ns, At safepoint: 44462 ns, Total: 898029 ns
[2020-08-12T21:15:52.742+0000][6][safepoint    ] Safepoint "Cleanup", Time since last: 1000347601 ns, Reaching safepoint: 804031 ns, At safepoint: 55287 ns, Total: 859318 ns
[2020-08-12T21:15:53.743+0000][6][safepoint    ] Safepoint "Cleanup", Time since last: 1000345613 ns, Reaching safepoint: 719469 ns, At safepoint: 44962 ns, Total: 764431 ns
[2020-08-12T21:15:54.745+0000][6][safepoint    ] Safepoint "Cleanup", Time since last: 1000310989 ns, Reaching safepoint: 934379 ns, At safepoint: 35275 ns, Total: 969654 ns
[2020-08-12T21:15:55.138+0000][6][gc,start     ] GC(40) Pause Young (Normal) (G1 Evacuation Pause)
[2020-08-12T21:15:55.138+0000][6][gc,task      ] GC(40) Using 2 workers of 2 for evacuation
[2020-08-12T21:15:55.138+0000][6][gc,age       ] GC(40) Desired survivor size 80740352 bytes, new threshold 15 (max threshold 15)
[2020-08-12T21:15:55.228+0000][6][gc,age       ] GC(40) Age table with threshold 15 (max threshold 15)
[2020-08-12T21:15:55.229+0000][6][gc,age       ] GC(40) - age   1:     671440 bytes,     671440 total
[2020-08-12T21:15:55.229+0000][6][gc,age       ] GC(40) - age   2:     130416 bytes,     801856 total
[2020-08-12T21:15:55.229+0000][6][gc,age       ] GC(40) - age   3:      36832 bytes,     838688 total
[2020-08-12T21:15:55.229+0000][6][gc,age       ] GC(40) - age   4:     111976 bytes,     950664 total
[2020-08-12T21:15:55.229+0000][6][gc,age       ] GC(40) - age   5:       6664 bytes,     957328 total
[2020-08-12T21:15:55.230+0000][6][gc,age       ] GC(40) - age   6:      23600 bytes,     980928 total
[2020-08-12T21:15:55.230+0000][6][gc,age       ] GC(40) - age   7:      14664 bytes,     995592 total
[2020-08-12T21:15:55.230+0000][6][gc,age       ] GC(40) - age   8:      11120 bytes,    1006712 total
[2020-08-12T21:15:55.230+0000][6][gc,age       ] GC(40) - age   9:       6064 bytes,    1012776 total
[2020-08-12T21:15:55.230+0000][6][gc,age       ] GC(40) - age  10:      98584 bytes,    1111360 total
[2020-08-12T21:15:55.230+0000][6][gc,age       ] GC(40) - age  11:     142600 bytes,    1253960 total
[2020-08-12T21:15:55.230+0000][6][gc,age       ] GC(40) - age  12:      71480 bytes,    1325440 total
[2020-08-12T21:15:55.230+0000][6][gc,age       ] GC(40) - age  13:     177904 bytes,    1503344 total
[2020-08-12T21:15:55.230+0000][6][gc,age       ] GC(40) - age  14:     133552 bytes,    1636896 total
[2020-08-12T21:15:55.230+0000][6][gc,phases    ] GC(40)   Pre Evacuate Collection Set: 0.8ms
[2020-08-12T21:15:55.230+0000][6][gc,phases    ] GC(40)   Merge Heap Roots: 0.5ms
[2020-08-12T21:15:55.230+0000][6][gc,phases    ] GC(40)   Evacuate Collection Set: 48.1ms
[2020-08-12T21:15:55.230+0000][6][gc,phases    ] GC(40)   Post Evacuate Collection Set: 40.7ms
[2020-08-12T21:15:55.231+0000][6][gc,phases    ] GC(40)   Other: 2.4ms
[2020-08-12T21:15:55.231+0000][6][gc,heap      ] GC(40) Eden regions: 1226->0(1226)
[2020-08-12T21:15:55.231+0000][6][gc,heap      ] GC(40) Survivor regions: 2->2(154)
[2020-08-12T21:15:55.231+0000][6][gc,heap      ] GC(40) Old regions: 80->80
[2020-08-12T21:15:55.231+0000][6][gc,heap      ] GC(40) Archive regions: 2->2
[2020-08-12T21:15:55.231+0000][6][gc,heap      ] GC(40) Humongous regions: 75->75
[2020-08-12T21:15:55.251+0000][6][gc,metaspace ] GC(40) Metaspace: 97213K(104876K)->97213K(104876K) NonClass: 84648K(89260K)->84648K(89260K) Class: 12565K(15616K)->12565K(15616K)
[2020-08-12T21:15:55.251+0000][6][gc           ] GC(40) Pause Young (Normal) (G1 Evacuation Pause) 1382M->157M(2048M) 113.376ms
[2020-08-12T21:15:55.251+0000][6][gc,cpu       ] GC(40) User=0.03s Sys=0.00s Real=0.11s
[2020-08-12T21:15:55.254+0000][6][safepoint    ] Safepoint "G1CollectForAllocation", Time since last: 392859266 ns, Reaching safepoint: 282860 ns, At safepoint: 116219270 ns, Total: 116502130 ns
[2020-08-12T21:15:56.440+0000][6][safepoint    ] Safepoint "Cleanup", Time since last: 1185362851 ns, Reaching safepoint: 850030 ns, At safepoint: 42687 ns, Total: 892717 ns
[2020-08-12T21:15:57.441+0000][6][safepoint    ] Safepoint "Cleanup", Time since last: 1000291426 ns, Reaching safepoint: 308510 ns, At safepoint: 29700 ns, Total: 338210 ns
[2020-08-12T21:15:58.442+0000][6][safepoint    ] Safepoint "Cleanup", Time since last: 1000245339 ns, Reaching safepoint: 869605 ns, At safepoint: 67050 ns, Total: 936655 ns
[2020-08-12T21:15:59.443+0000][6][safepoint    ] Safepoint "Cleanup", Time since last: 1000328301 ns, Reaching safepoint: 687719 ns, At safepoint: 43599 ns, Total: 731318 ns
[2020-08-12T21:16:01.128+0000][6][safepoint    ] Safepoint "Cleanup", Time since last: 1684312463 ns, Reaching safepoint: 495595 ns, At safepoint: 55600 ns, Total: 551195 ns
[2020-08-12T21:16:02.129+0000][6][safepoint    ] Safepoint "Cleanup", Time since last: 1000338551 ns, Reaching safepoint: 677231 ns, At safepoint: 53725 ns, Total: 730956 ns
[2020-08-12T21:16:03.130+0000][6][safepoint    ] Safepoint "Cleanup", Time since last: 1000301964 ns, Reaching safepoint: 355509 ns, At safepoint: 19075 ns, Total: 374584 ns
[2020-08-12T21:16:04.131+0000][6][safepoint    ] Safepoint "Cleanup", Time since last: 1000257689 ns, Reaching safepoint: 627995 ns, At safepoint: 50562 ns, Total: 678557 ns
[2020-08-12T21:16:05.182+0000][6][safepoint    ] Safepoint "Cleanup", Time since last: 1045955044 ns, Reaching safepoint: 5615614 ns, At safepoint: 27012 ns, Total: 5642626 ns
[2020-08-12T21:16:06.183+0000][6][safepoint    ] Safepoint "Cleanup", Time since last: 1000339026 ns, Reaching safepoint: 655731 ns, At safepoint: 43113 ns, Total: 698844 ns
[2020-08-12T21:16:07.184+0000][6][safepoint    ] Safepoint "Cleanup", Time since last: 1000328901 ns, Reaching safepoint: 641457 ns, At safepoint: 27037 ns, Total: 668494 ns
[2020-08-12T21:16:08.418+0000][6][safepoint    ] Safepoint "Cleanup", Time since last: 1233136175 ns, Reaching safepoint: 578145 ns, At safepoint: 35775 ns, Total: 613920 ns
[2020-08-12T21:16:09.419+0000][6][safepoint    ] Safepoint "Cleanup", Time since last: 1000310701 ns, Reaching safepoint: 658045 ns, At safepoint: 53499 ns, Total: 711544 ns
[2020-08-12T21:16:10.420+0000][6][safepoint    ] Safepoint "Cleanup", Time since last: 1000343713 ns, Reaching safepoint: 666120 ns, At safepoint: 73924 ns, Total: 740044 ns
[2020-08-12T21:16:11.421+0000][6][safepoint    ] Safepoint "Cleanup", Time since last: 1000351976 ns, Reaching safepoint: 747406 ns, At safepoint: 44974 ns, Total: 792380 ns
[2020-08-12T21:16:12.422+0000][6][safepoint    ] Safepoint "Cleanup", Time since last: 1000290964 ns, Reaching safepoint: 464021 ns, At safepoint: 54637 ns, Total: 518658 ns
[2020-08-12T21:16:13.423+0000][6][safepoint    ] Safepoint "Cleanup", Time since last: 1000341589 ns, Reaching safepoint: 664506 ns, At safepoint: 43138 ns, Total: 707644 ns
[2020-08-12T21:16:14.424+0000][6][safepoint    ] Safepoint "Cleanup", Time since last: 1000341326 ns, Reaching safepoint: 695331 ns, At safepoint: 50300 ns, Total: 745631 ns
[2020-08-12T21:16:15.139+0000][6][safepoint    ] Safepoint "BulkRevokeBias", Time since last: 703558779 ns, Reaching safepoint: 10024451 ns, At safepoint: 1395075 ns, Total: 11419526 ns
[2020-08-12T21:16:16.141+0000][6][safepoint    ] Safepoint "Cleanup", Time since last: 1000754697 ns, Reaching safepoint: 792419 ns, At safepoint: 43412 ns, Total: 835831 ns
[2020-08-12T21:16:17.142+0000][6][safepoint    ] Safepoint "Cleanup", Time since last: 1000398938 ns, Reaching safepoint: 1011666 ns, At safepoint: 83087 ns, Total: 1094753 ns
[2020-08-12T21:16:18.144+0000][6][safepoint    ] Safepoint "Cleanup", Time since last: 1001164043 ns, Reaching safepoint: 940705 ns, At safepoint: 43387 ns, Total: 984092 ns
[2020-08-12T21:16:19.146+0000][6][safepoint    ] Safepoint "Cleanup", Time since last: 1000342713 ns, Reaching safepoint: 777369 ns, At safepoint: 37862 ns, Total: 815231 ns
[2020-08-12T21:16:21.130+0000][6][safepoint    ] Safepoint "Cleanup", Time since last: 1983310964 ns, Reaching safepoint: 632932 ns, At safepoint: 50525 ns, Total: 683457 ns
[2020-08-12T21:16:22.131+0000][6][safepoint    ] Safepoint "Cleanup", Time since last: 1000301826 ns, Reaching safepoint: 675607 ns, At safepoint: 29537 ns, Total: 705144 ns
[2020-08-12T21:16:23.132+0000][6][safepoint    ] Safepoint "Cleanup", Time since last: 1000307589 ns, Reaching safepoint: 587545 ns, At safepoint: 43949 ns, Total: 631494 ns
[2020-08-12T21:16:24.133+0000][6][safepoint    ] Safepoint "Cleanup", Time since last: 1000404750 ns, Reaching safepoint: 788656 ns, At safepoint: 75512 ns, Total: 864168 ns
[2020-08-12T21:16:25.494+0000][6][safepoint    ] Safepoint "Cleanup", Time since last: 1360938721 ns, Reaching safepoint: 345747 ns, At safepoint: 11449 ns, Total: 357196 ns
[2020-08-12T21:16:26.501+0000][6][safepoint    ] Safepoint "Cleanup", Time since last: 1005873991 ns, Reaching safepoint: 608470 ns, At safepoint: 44074 ns, Total: 652544 ns
[2020-08-12T21:16:27.501+0000][6][safepoint    ] Safepoint "Cleanup", Time since last: 1000282389 ns, Reaching safepoint: 255098 ns, At safepoint: 11700 ns, Total: 266798 ns
[2020-08-12T21:16:28.502+0000][6][safepoint    ] Safepoint "Cleanup", Time since last: 1000242702 ns, Reaching safepoint: 935904 ns, At safepoint: 37162 ns, Total: 973066 ns
[2020-08-12T21:16:29.503+0000][6][safepoint    ] Safepoint "Cleanup", Time since last: 1000286502 ns, Reaching safepoint: 539707 ns, At safepoint: 52100 ns, Total: 591807 ns
[2020-08-12T21:16:30.504+0000][6][safepoint    ] Safepoint "Cleanup", Time since last: 1000347213 ns, Reaching safepoint: 701007 ns, At safepoint: 49524 ns, Total: 750531 ns
[2020-08-12T21:16:31.505+0000][6][safepoint    ] Safepoint "Cleanup", Time since last: 1000354413 ns, Reaching safepoint: 618670 ns, At safepoint: 43087 ns, Total: 661757 ns
[2020-08-12T21:16:32.506+0000][6][safepoint    ] Safepoint "Cleanup", Time since last: 1000354814 ns, Reaching safepoint: 495920 ns, At safepoint: 43737 ns, Total: 539657 ns
[2020-08-12T21:16:33.507+0000][6][safepoint    ] Safepoint "Cleanup", Time since last: 1000352901 ns, Reaching safepoint: 727094 ns, At safepoint: 50775 ns, Total: 777869 ns
[2020-08-12T21:16:34.508+0000][6][safepoint    ] Safepoint "Cleanup", Time since last: 1000335363 ns, Reaching safepoint: 639119 ns, At safepoint: 43162 ns, Total: 682281 ns
[2020-08-12T21:16:36.131+0000][6][safepoint    ] Safepoint "Cleanup", Time since last: 1622051226 ns, Reaching safepoint: 946204 ns, At safepoint: 42475 ns, Total: 988679 ns
[2020-08-12T21:16:37.133+0000][6][safepoint    ] Safepoint "Cleanup", Time since last: 1000304251 ns, Reaching safepoint: 788093 ns, At safepoint: 32500 ns, Total: 820593 ns
[2020-08-12T21:16:37.507+0000][6][safepoint    ] Safepoint "BulkRevokeBias", Time since last: 372608803 ns, Reaching safepoint: 472384 ns, At safepoint: 1481812 ns, Total: 1954196 ns
[2020-08-12T21:16:38.542+0000][6][safepoint    ] Safepoint "Cleanup", Time since last: 1034384657 ns, Reaching safepoint: 722618 ns, At safepoint: 37337 ns, Total: 759955 ns
[2020-08-12T21:16:39.544+0000][6][safepoint    ] Safepoint "Cleanup", Time since last: 1000302102 ns, Reaching safepoint: 1030141 ns, At safepoint: 51087 ns, Total: 1081228 ns
[2020-08-12T21:16:40.135+0000][6][safepoint    ] Safepoint "BulkRevokeBias", Time since last: 588432662 ns, Reaching safepoint: 477709 ns, At safepoint: 2727213 ns, Total: 3204922 ns
[2020-08-12T21:16:41.138+0000][6][safepoint    ] Safepoint "Cleanup", Time since last: 1001917075 ns, Reaching safepoint: 1003779 ns, At safepoint: 55412 ns, Total: 1059191 ns
[2020-08-12T21:16:42.139+0000][6][safepoint    ] Safepoint "Cleanup", Time since last: 1000348438 ns, Reaching safepoint: 668382 ns, At safepoint: 55812 ns, Total: 724194 ns
[2020-08-12T21:16:43.140+0000][6][safepoint    ] Safepoint "Cleanup", Time since last: 1000342826 ns, Reaching safepoint: 614807 ns, At safepoint: 75124 ns, Total: 689931 ns
[2020-08-12T21:16:44.141+0000][6][safepoint    ] Safepoint "Cleanup", Time since last: 1000307764 ns, Reaching safepoint: 490421 ns, At safepoint: 52699 ns, Total: 543120 ns
[2020-08-12T21:16:46.130+0000][6][safepoint    ] Safepoint "Cleanup", Time since last: 1987830101 ns, Reaching safepoint: 662157 ns, At safepoint: 52599 ns, Total: 714756 ns
[2020-08-12T21:16:47.131+0000][6][safepoint    ] Safepoint "Cleanup", Time since last: 1000563362 ns, Reaching safepoint: 662031 ns, At safepoint: 53887 ns, Total: 715918 ns
[2020-08-12T21:16:48.132+0000][6][safepoint    ] Safepoint "Cleanup", Time since last: 1000345864 ns, Reaching safepoint: 526420 ns, At safepoint: 43675 ns, Total: 570095 ns
[2020-08-12T21:16:49.133+0000][6][safepoint    ] Safepoint "Cleanup", Time since last: 1000339413 ns, Reaching safepoint: 640170 ns, At safepoint: 71937 ns, Total: 712107 ns
[2020-08-12T21:16:50.135+0000][6][safepoint    ] Safepoint "Cleanup", Time since last: 1000304338 ns, Reaching safepoint: 1246227 ns, At safepoint: 89087 ns, Total: 1335314 ns
[2020-08-12T21:16:51.136+0000][6][safepoint    ] Safepoint "Cleanup", Time since last: 1000364125 ns, Reaching safepoint: 563433 ns, At safepoint: 43412 ns, Total: 606845 ns
[2020-08-12T21:16:52.137+0000][6][safepoint    ] Safepoint "Cleanup", Time since last: 1000351351 ns, Reaching safepoint: 699131 ns, At safepoint: 70837 ns, Total: 769968 ns
[2020-08-12T21:16:53.138+0000][6][safepoint    ] Safepoint "Cleanup", Time since last: 1000430513 ns, Reaching safepoint: 597907 ns, At safepoint: 95274 ns, Total: 693181 ns
[2020-08-12T21:16:54.139+0000][6][safepoint    ] Safepoint "Cleanup", Time since last: 1000375276 ns, Reaching safepoint: 631545 ns, At safepoint: 51862 ns, Total: 683407 ns
[2020-08-12T21:16:55.474+0000][6][safepoint    ] Safepoint "Cleanup", Time since last: 1334665572 ns, Reaching safepoint: 474359 ns, At safepoint: 11737 ns, Total: 486096 ns
[2020-08-12T21:16:56.483+0000][6][safepoint    ] Safepoint "Cleanup", Time since last: 1008071659 ns, Reaching safepoint: 590120 ns, At safepoint: 42187 ns, Total: 632307 ns
[2020-08-12T21:16:57.484+0000][6][safepoint    ] Safepoint "Cleanup", Time since last: 1000392613 ns, Reaching safepoint: 436846 ns, At safepoint: 43162 ns, Total: 480008 ns
[2020-08-12T21:16:58.485+0000][6][safepoint    ] Safepoint "Cleanup", Time since last: 1000419701 ns, Reaching safepoint: 579132 ns, At safepoint: 44037 ns, Total: 623169 ns
[2020-08-12T21:16:59.486+0000][6][safepoint    ] Safepoint "Cleanup", Time since last: 1000397813 ns, Reaching safepoint: 858243 ns, At safepoint: 68074 ns, Total: 926317 ns
[2020-08-12T21:17:01.134+0000][6][safepoint    ] Safepoint "Cleanup", Time since last: 1647127109 ns, Reaching safepoint: 654169 ns, At safepoint: 97274 ns, Total: 751443 ns
[2020-08-12T21:17:02.135+0000][6][safepoint    ] Safepoint "Cleanup", Time since last: 1000297589 ns, Reaching safepoint: 719981 ns, At safepoint: 54312 ns, Total: 774293 ns
[2020-08-12T21:17:03.136+0000][6][safepoint    ] Safepoint "Cleanup", Time since last: 1000297727 ns, Reaching safepoint: 770855 ns, At safepoint: 63475 ns, Total: 834330 ns
[2020-08-12T21:17:04.137+0000][6][safepoint    ] Safepoint "Cleanup", Time since last: 1000349251 ns, Reaching safepoint: 663106 ns, At safepoint: 71787 ns, Total: 734893 ns
[2020-08-12T21:17:06.133+0000][6][safepoint    ] Safepoint "Cleanup", Time since last: 1994953627 ns, Reaching safepoint: 597694 ns, At safepoint: 43225 ns, Total: 640919 ns
[2020-08-12T21:17:07.134+0000][6][safepoint    ] Safepoint "Cleanup", Time since last: 1000438300 ns, Reaching safepoint: 705869 ns, At safepoint: 68862 ns, Total: 774731 ns
[2020-08-12T21:17:08.453+0000][6][safepoint    ] Safepoint "Cleanup", Time since last: 1318119728 ns, Reaching safepoint: 616345 ns, At safepoint: 43075 ns, Total: 659420 ns
[2020-08-12T21:17:09.454+0000][6][safepoint    ] Safepoint "Cleanup", Time since last: 1000471262 ns, Reaching safepoint: 892942 ns, At safepoint: 46100 ns, Total: 939042 ns
[2020-08-12T21:17:10.455+0000][6][safepoint    ] Safepoint "Cleanup", Time since last: 1000313676 ns, Reaching safepoint: 686681 ns, At safepoint: 29638 ns, Total: 716319 ns
[2020-08-12T21:17:11.456+0000][6][safepoint    ] Safepoint "Cleanup", Time since last: 1000332163 ns, Reaching safepoint: 703506 ns, At safepoint: 44200 ns, Total: 747706 ns
[2020-08-12T21:17:12.457+0000][6][safepoint    ] Safepoint "Cleanup", Time since last: 1000316364 ns, Reaching safepoint: 681869 ns, At safepoint: 30512 ns, Total: 712381 ns
[2020-08-12T21:17:13.458+0000][6][safepoint    ] Safepoint "Cleanup", Time since last: 1000252102 ns, Reaching safepoint: 691006 ns, At safepoint: 51750 ns, Total: 742756 ns
[2020-08-12T21:17:14.459+0000][6][safepoint    ] Safepoint "Cleanup", Time since last: 1000339926 ns, Reaching safepoint: 648144 ns, At safepoint: 45575 ns, Total: 693719 ns
[2020-08-12T21:17:16.134+0000][6][safepoint    ] Safepoint "Cleanup", Time since last: 1673573267 ns, Reaching safepoint: 592845 ns, At safepoint: 42850 ns, Total: 635695 ns
[2020-08-12T21:17:17.135+0000][6][safepoint    ] Safepoint "Cleanup", Time since last: 1000356625 ns, Reaching safepoint: 1170715 ns, At safepoint: 54100 ns, Total: 1224815 ns
[2020-08-12T21:17:18.136+0000][6][safepoint    ] Safepoint "Cleanup", Time since last: 1000339263 ns, Reaching safepoint: 841618 ns, At safepoint: 43012 ns, Total: 884630 ns
[2020-08-12T21:17:19.137+0000][6][safepoint    ] Safepoint "Cleanup", Time since last: 1000328439 ns, Reaching safepoint: 655944 ns, At safepoint: 33450 ns, Total: 689394 ns
[2020-08-12T21:17:21.136+0000][6][safepoint    ] Safepoint "Cleanup", Time since last: 1995969517 ns, Reaching safepoint: 2138519 ns, At safepoint: 25112 ns, Total: 2163631 ns
[2020-08-12T21:17:22.137+0000][6][safepoint    ] Safepoint "Cleanup", Time since last: 1000286527 ns, Reaching safepoint: 803668 ns, At safepoint: 38737 ns, Total: 842405 ns
[2020-08-12T21:17:23.138+0000][6][safepoint    ] Safepoint "Cleanup", Time since last: 1000296264 ns, Reaching safepoint: 793943 ns, At safepoint: 42924 ns, Total: 836867 ns
[2020-08-12T21:17:24.139+0000][6][safepoint    ] Safepoint "Cleanup", Time since last: 1000402263 ns, Reaching safepoint: 878980 ns, At safepoint: 45600 ns, Total: 924580 ns
[2020-08-12T21:17:25.455+0000][6][safepoint    ] Safepoint "Cleanup", Time since last: 1315841998 ns, Reaching safepoint: 374759 ns, At safepoint: 11125 ns, Total: 385884 ns
[2020-08-12T21:17:26.463+0000][6][safepoint    ] Safepoint "Cleanup", Time since last: 1007114230 ns, Reaching safepoint: 750006 ns, At safepoint: 43437 ns, Total: 793443 ns
[2020-08-12T21:17:27.464+0000][6][safepoint    ] Safepoint "Cleanup", Time since last: 1000282964 ns, Reaching safepoint: 271447 ns, At safepoint: 11938 ns, Total: 283385 ns
[2020-08-12T21:17:28.465+0000][6][safepoint    ] Safepoint "Cleanup", Time since last: 1000277389 ns, Reaching safepoint: 505820 ns, At safepoint: 34838 ns, Total: 540658 ns
[2020-08-12T21:17:29.465+0000][6][safepoint    ] Safepoint "Cleanup", Time since last: 1000257051 ns, Reaching safepoint: 319847 ns, At safepoint: 15138 ns, Total: 334985 ns
[2020-08-12T21:17:30.466+0000][6][safepoint    ] Safepoint "Cleanup", Time since last: 1000212127 ns, Reaching safepoint: 611020 ns, At safepoint: 26937 ns, Total: 637957 ns
[2020-08-12T21:17:31.467+0000][6][safepoint    ] Safepoint "Cleanup", Time since last: 1000280939 ns, Reaching safepoint: 804955 ns, At safepoint: 53950 ns, Total: 858905 ns
[2020-08-12T21:17:32.468+0000][6][safepoint    ] Safepoint "Cleanup", Time since last: 1000331276 ns, Reaching safepoint: 502595 ns, At safepoint: 43963 ns, Total: 546558 ns
[2020-08-12T21:17:33.469+0000][6][safepoint    ] Safepoint "Cleanup", Time since last: 1000389363 ns, Reaching safepoint: 846355 ns, At safepoint: 43199 ns, Total: 889554 ns
[2020-08-12T21:17:34.471+0000][6][safepoint    ] Safepoint "Cleanup", Time since last: 1000338714 ns, Reaching safepoint: 808855 ns, At safepoint: 43325 ns, Total: 852180 ns
[2020-08-12T21:17:36.134+0000][6][safepoint    ] Safepoint "Cleanup", Time since last: 1662335589 ns, Reaching safepoint: 708419 ns, At safepoint: 43225 ns, Total: 751644 ns
[2020-08-12T21:17:37.135+0000][6][safepoint    ] Safepoint "Cleanup", Time since last: 1000365038 ns, Reaching safepoint: 592195 ns, At safepoint: 31987 ns, Total: 624182 ns
[2020-08-12T21:17:38.424+0000][6][safepoint    ] Safepoint "Cleanup", Time since last: 1288444698 ns, Reaching safepoint: 878580 ns, At safepoint: 65974 ns, Total: 944554 ns
[2020-08-12T21:17:39.425+0000][6][safepoint    ] Safepoint "Cleanup", Time since last: 1000344851 ns, Reaching safepoint: 681119 ns, At safepoint: 43387 ns, Total: 724506 ns
[2020-08-12T21:17:41.136+0000][6][safepoint    ] Safepoint "Cleanup", Time since last: 1710175901 ns, Reaching safepoint: 670444 ns, At safepoint: 75475 ns, Total: 745919 ns
[2020-08-12T21:17:42.137+0000][6][safepoint    ] Safepoint "Cleanup", Time since last: 1000317176 ns, Reaching safepoint: 894854 ns, At safepoint: 43038 ns, Total: 937892 ns
[2020-08-12T21:17:43.138+0000][6][safepoint    ] Safepoint "Cleanup", Time since last: 1000293226 ns, Reaching safepoint: 679932 ns, At safepoint: 44837 ns, Total: 724769 ns
[2020-08-12T21:17:44.139+0000][6][safepoint    ] Safepoint "Cleanup", Time since last: 1000404500 ns, Reaching safepoint: 676957 ns, At safepoint: 50637 ns, Total: 727594 ns
[2020-08-12T21:17:46.135+0000][6][safepoint    ] Safepoint "Cleanup", Time since last: 1994906939 ns, Reaching safepoint: 742493 ns, At safepoint: 44175 ns, Total: 786668 ns
[2020-08-12T21:17:47.137+0000][6][safepoint    ] Safepoint "Cleanup", Time since last: 1000357938 ns, Reaching safepoint: 1136290 ns, At safepoint: 64050 ns, Total: 1200340 ns
[2020-08-12T21:17:48.138+0000][6][safepoint    ] Safepoint "Cleanup", Time since last: 1000391850 ns, Reaching safepoint: 866593 ns, At safepoint: 45512 ns, Total: 912105 ns
[2020-08-12T21:17:49.139+0000][6][safepoint    ] Safepoint "Cleanup", Time since last: 1000341363 ns, Reaching safepoint: 910942 ns, At safepoint: 43350 ns, Total: 954292 ns
[2020-08-12T21:17:50.141+0000][6][safepoint    ] Safepoint "Cleanup", Time since last: 1001100094 ns, Reaching safepoint: 853518 ns, At safepoint: 66199 ns, Total: 919717 ns
[2020-08-12T21:17:51.142+0000][6][safepoint    ] Safepoint "Cleanup", Time since last: 1000348126 ns, Reaching safepoint: 667257 ns, At safepoint: 55025 ns, Total: 722282 ns
[2020-08-12T21:17:52.143+0000][6][safepoint    ] Safepoint "Cleanup", Time since last: 1000383100 ns, Reaching safepoint: 627645 ns, At safepoint: 54012 ns, Total: 681657 ns
[2020-08-12T21:17:53.145+0000][6][safepoint    ] Safepoint "Cleanup", Time since last: 1000347875 ns, Reaching safepoint: 700407 ns, At safepoint: 50274 ns, Total: 750681 ns
[2020-08-12T21:17:54.146+0000][6][safepoint    ] Safepoint "Cleanup", Time since last: 1000400238 ns, Reaching safepoint: 592220 ns, At safepoint: 50487 ns, Total: 642707 ns
[2020-08-12T21:17:55.707+0000][6][safepoint    ] Safepoint "Cleanup", Time since last: 1560911954 ns, Reaching safepoint: 385272 ns, At safepoint: 20275 ns, Total: 405547 ns
[2020-08-12T21:17:56.713+0000][6][safepoint    ] Safepoint "Cleanup", Time since last: 1005467169 ns, Reaching safepoint: 855743 ns, At safepoint: 42899 ns, Total: 898642 ns
[2020-08-12T21:17:57.714+0000][6][safepoint    ] Safepoint "Cleanup", Time since last: 1000343639 ns, Reaching safepoint: 589594 ns, At safepoint: 44300 ns, Total: 633894 ns
[2020-08-12T21:17:58.715+0000][6][safepoint    ] Safepoint "Cleanup", Time since last: 1000339151 ns, Reaching safepoint: 650019 ns, At safepoint: 43325 ns, Total: 693344 ns
[2020-08-12T21:17:59.717+0000][6][safepoint    ] Safepoint "Cleanup", Time since last: 1000339338 ns, Reaching safepoint: 1146153 ns, At safepoint: 56774 ns, Total: 1202927 ns
[2020-08-12T21:18:01.136+0000][6][safepoint    ] Safepoint "Cleanup", Time since last: 1418412049 ns, Reaching safepoint: 564933 ns, At safepoint: 93274 ns, Total: 658207 ns
[2020-08-12T21:18:02.137+0000][6][safepoint    ] Safepoint "Cleanup", Time since last: 1000315188 ns, Reaching safepoint: 848406 ns, At safepoint: 72987 ns, Total: 921393 ns
[2020-08-12T21:18:03.138+0000][6][safepoint    ] Safepoint "Cleanup", Time since last: 1000358125 ns, Reaching safepoint: 574383 ns, At safepoint: 42987 ns, Total: 617370 ns
[2020-08-12T21:18:04.139+0000][6][safepoint    ] Safepoint "Cleanup", Time since last: 1000366401 ns, Reaching safepoint: 648094 ns, At safepoint: 49050 ns, Total: 697144 ns
[2020-08-12T21:18:05.172+0000][6][safepoint    ] Safepoint "Cleanup", Time since last: 1032730420 ns, Reaching safepoint: 450621 ns, At safepoint: 26625 ns, Total: 477246 ns
[2020-08-12T21:18:06.174+0000][6][safepoint    ] Safepoint "Cleanup", Time since last: 1000399488 ns, Reaching safepoint: 856518 ns, At safepoint: 42987 ns, Total: 899505 ns
[2020-08-12T21:18:07.175+0000][6][safepoint    ] Safepoint "Cleanup", Time since last: 1000348401 ns, Reaching safepoint: 706006 ns, At safepoint: 29500 ns, Total: 735506 ns
[2020-08-12T21:18:08.448+0000][6][safepoint    ] Safepoint "Cleanup", Time since last: 1272555472 ns, Reaching safepoint: 705169 ns, At safepoint: 43550 ns, Total: 748719 ns
[2020-08-12T21:18:09.449+0000][6][safepoint    ] Safepoint "Cleanup", Time since last: 1000341663 ns, Reaching safepoint: 652032 ns, At safepoint: 43037 ns, Total: 695069 ns
[2020-08-12T21:18:10.450+0000][6][safepoint    ] Safepoint "Cleanup", Time since last: 1000313314 ns, Reaching safepoint: 634394 ns, At safepoint: 43887 ns, Total: 678281 ns
[2020-08-12T21:18:11.451+0000][6][safepoint    ] Safepoint "Cleanup", Time since last: 1000349014 ns, Reaching safepoint: 643194 ns, At safepoint: 50950 ns, Total: 694144 ns
[2020-08-12T21:18:12.452+0000][6][safepoint    ] Safepoint "Cleanup", Time since last: 1000349413 ns, Reaching safepoint: 477771 ns, At safepoint: 43537 ns, Total: 521308 ns
[2020-08-12T21:18:13.453+0000][6][safepoint    ] Safepoint "Cleanup", Time since last: 1000310326 ns, Reaching safepoint: 668219 ns, At safepoint: 44212 ns, Total: 712431 ns
[2020-08-12T21:18:14.454+0000][6][safepoint    ] Safepoint "Cleanup", Time since last: 1000346051 ns, Reaching safepoint: 790056 ns, At safepoint: 45399 ns, Total: 835455 ns
[2020-08-12T21:18:16.138+0000][6][safepoint    ] Safepoint "Cleanup", Time since last: 1683353971 ns, Reaching safepoint: 721931 ns, At safepoint: 49937 ns, Total: 771868 ns
[2020-08-12T21:18:17.139+0000][6][safepoint    ] Safepoint "Cleanup", Time since last: 1000340339 ns, Reaching safepoint: 676269 ns, At safepoint: 67324 ns, Total: 743593 ns
[2020-08-12T21:18:18.140+0000][6][safepoint    ] Safepoint "Cleanup", Time since last: 1000365301 ns, Reaching safepoint: 610107 ns, At safepoint: 38162 ns, Total: 648269 ns
[2020-08-12T21:18:19.141+0000][6][safepoint    ] Safepoint "Cleanup", Time since last: 1000356013 ns, Reaching safepoint: 588645 ns, At safepoint: 39663 ns, Total: 628308 ns
[2020-08-12T21:18:21.140+0000][6][safepoint    ] Safepoint "Cleanup", Time since last: 1997200619 ns, Reaching safepoint: 853380 ns, At safepoint: 43300 ns, Total: 896680 ns
[2020-08-12T21:18:22.140+0000][6][safepoint    ] Safepoint "Cleanup", Time since last: 1000285101 ns, Reaching safepoint: 618795 ns, At safepoint: 22024 ns, Total: 640819 ns
[2020-08-12T21:18:23.142+0000][6][safepoint    ] Safepoint "Cleanup", Time since last: 1000243202 ns, Reaching safepoint: 871155 ns, At safepoint: 55587 ns, Total: 926742 ns
[2020-08-12T21:18:24.143+0000][6][safepoint    ] Safepoint "Cleanup", Time since last: 1000357326 ns, Reaching safepoint: 570545 ns, At safepoint: 43337 ns, Total: 613882 ns
[2020-08-12T21:18:25.052+0000][6][safepoint    ] Safepoint "BulkRevokeBias", Time since last: 907956037 ns, Reaching safepoint: 540396 ns, At safepoint: 1282963 ns, Total: 1823359 ns
[2020-08-12T21:18:26.437+0000][6][safepoint    ] Safepoint "Cleanup", Time since last: 1384162408 ns, Reaching safepoint: 634469 ns, At safepoint: 45475 ns, Total: 679944 ns
[2020-08-12T21:18:27.438+0000][6][safepoint    ] Safepoint "Cleanup", Time since last: 1000424725 ns, Reaching safepoint: 396284 ns, At safepoint: 33287 ns, Total: 429571 ns
[2020-08-12T21:18:28.439+0000][6][safepoint    ] Safepoint "Cleanup", Time since last: 1000285377 ns, Reaching safepoint: 609819 ns, At safepoint: 45150 ns, Total: 654969 ns
[2020-08-12T21:18:29.440+0000][6][safepoint    ] Safepoint "Cleanup", Time since last: 1000335138 ns, Reaching safepoint: 547871 ns, At safepoint: 45149 ns, Total: 593020 ns
[2020-08-12T21:18:30.441+0000][6][safepoint    ] Safepoint "Cleanup", Time since last: 1000335139 ns, Reaching safepoint: 610070 ns, At safepoint: 46124 ns, Total: 656194 ns
[2020-08-12T21:18:31.442+0000][6][safepoint    ] Safepoint "Cleanup", Time since last: 1000369526 ns, Reaching safepoint: 613807 ns, At safepoint: 45512 ns, Total: 659319 ns
[2020-08-12T21:18:32.443+0000][6][safepoint    ] Safepoint "Cleanup", Time since last: 1000354476 ns, Reaching safepoint: 878955 ns, At safepoint: 43912 ns, Total: 922867 ns
[2020-08-12T21:18:33.444+0000][6][safepoint    ] Safepoint "Cleanup", Time since last: 1000345501 ns, Reaching safepoint: 719318 ns, At safepoint: 46150 ns, Total: 765468 ns
[2020-08-12T21:18:34.446+0000][6][safepoint    ] Safepoint "Cleanup", Time since last: 1000344988 ns, Reaching safepoint: 915043 ns, At safepoint: 45137 ns, Total: 960180 ns
[2020-08-12T21:18:35.143+0000][6][safepoint    ] Safepoint "BulkRevokeBias", Time since last: 694852904 ns, Reaching safepoint: 398159 ns, At safepoint: 1667298 ns, Total: 2065457 ns
[2020-08-12T21:18:36.143+0000][6][safepoint    ] Safepoint "Cleanup", Time since last: 1000341689 ns, Reaching safepoint: 530270 ns, At safepoint: 38387 ns, Total: 568657 ns
[2020-08-12T21:18:37.146+0000][6][safepoint    ] Safepoint "Cleanup", Time since last: 1000472650 ns, Reaching safepoint: 1820359 ns, At safepoint: 68787 ns, Total: 1889146 ns
[2020-08-12T21:18:38.448+0000][6][safepoint    ] Safepoint "Cleanup", Time since last: 1301774670 ns, Reaching safepoint: 788031 ns, At safepoint: 48962 ns, Total: 836993 ns
[2020-08-12T21:18:39.450+0000][6][safepoint    ] Safepoint "Cleanup", Time since last: 1000357538 ns, Reaching safepoint: 642019 ns, At safepoint: 43937 ns, Total: 685956 ns
[2020-08-12T21:18:41.143+0000][6][safepoint    ] Safepoint "Cleanup", Time since last: 1692827039 ns, Reaching safepoint: 643145 ns, At safepoint: 44787 ns, Total: 687932 ns
[2020-08-12T21:18:42.145+0000][6][safepoint    ] Safepoint "Cleanup", Time since last: 1000359138 ns, Reaching safepoint: 1175127 ns, At safepoint: 139711 ns, Total: 1314838 ns
[2020-08-12T21:18:43.146+0000][6][safepoint    ] Safepoint "Cleanup", Time since last: 1000787935 ns, Reaching safepoint: 715281 ns, At safepoint: 50750 ns, Total: 766031 ns
[2020-08-12T21:18:44.147+0000][6][safepoint    ] Safepoint "Cleanup", Time since last: 1000354026 ns, Reaching safepoint: 718018 ns, At safepoint: 52012 ns, Total: 770030 ns
[2020-08-12T21:18:46.141+0000][6][safepoint    ] Safepoint "Cleanup", Time since last: 1992577622 ns, Reaching safepoint: 683332 ns, At safepoint: 50487 ns, Total: 733819 ns
[2020-08-12T21:18:47.142+0000][6][safepoint    ] Safepoint "Cleanup", Time since last: 1000366851 ns, Reaching safepoint: 930117 ns, At safepoint: 48262 ns, Total: 978379 ns
[2020-08-12T21:18:48.143+0000][6][safepoint    ] Safepoint "Cleanup", Time since last: 1000407675 ns, Reaching safepoint: 482483 ns, At safepoint: 46862 ns, Total: 529345 ns
[2020-08-12T21:18:49.144+0000][6][safepoint    ] Safepoint "Cleanup", Time since last: 1000350689 ns, Reaching safepoint: 931529 ns, At safepoint: 44412 ns, Total: 975941 ns
[2020-08-12T21:18:50.145+0000][6][safepoint    ] Safepoint "Cleanup", Time since last: 1000331964 ns, Reaching safepoint: 675619 ns, At safepoint: 90537 ns, Total: 766156 ns
[2020-08-12T21:18:51.146+0000][6][safepoint    ] Safepoint "Cleanup", Time since last: 1000360050 ns, Reaching safepoint: 674469 ns, At safepoint: 50300 ns, Total: 724769 ns
[2020-08-12T21:18:52.147+0000][6][safepoint    ] Safepoint "Cleanup", Time since last: 1000328588 ns, Reaching safepoint: 530433 ns, At safepoint: 22763 ns, Total: 553196 ns
[2020-08-12T21:18:53.276+0000][6][safepoint    ] Safepoint "Cleanup", Time since last: 1128052784 ns, Reaching safepoint: 658257 ns, At safepoint: 43449 ns, Total: 701706 ns
[2020-08-12T21:18:54.277+0000][6][safepoint    ] Safepoint "Cleanup", Time since last: 1000346201 ns, Reaching safepoint: 636395 ns, At safepoint: 45262 ns, Total: 681657 ns
[2020-08-12T21:18:55.142+0000][6][safepoint    ] Safepoint "BulkRevokeBias", Time since last: 863786406 ns, Reaching safepoint: 328897 ns, At safepoint: 1038666 ns, Total: 1367563 ns
[2020-08-12T21:18:56.434+0000][6][safepoint    ] Safepoint "Cleanup", Time since last: 1290671316 ns, Reaching safepoint: 745444 ns, At safepoint: 46074 ns, Total: 791518 ns
[2020-08-12T21:18:57.435+0000][6][safepoint    ] Safepoint "Cleanup", Time since last: 1000373788 ns, Reaching safepoint: 444334 ns, At safepoint: 67524 ns, Total: 511858 ns
[2020-08-12T21:18:58.436+0000][6][safepoint    ] Safepoint "Cleanup", Time since last: 1000287477 ns, Reaching safepoint: 575532 ns, At safepoint: 44725 ns, Total: 620257 ns
[2020-08-12T21:18:59.437+0000][6][safepoint    ] Safepoint "Cleanup", Time since last: 1000386338 ns, Reaching safepoint: 609045 ns, At safepoint: 53187 ns, Total: 662232 ns
[2020-08-12T21:19:01.142+0000][6][safepoint    ] Safepoint "Cleanup", Time since last: 1704521737 ns, Reaching safepoint: 573083 ns, At safepoint: 44112 ns, Total: 617195 ns
[2020-08-12T21:19:02.143+0000][6][safepoint    ] Safepoint "Cleanup", Time since last: 1000377488 ns, Reaching safepoint: 976379 ns, At safepoint: 48987 ns, Total: 1025366 ns
[2020-08-12T21:19:03.144+0000][6][safepoint    ] Safepoint "Cleanup", Time since last: 1000331576 ns, Reaching safepoint: 819580 ns, At safepoint: 54612 ns, Total: 874192 ns
[2020-08-12T21:19:04.145+0000][6][safepoint    ] Safepoint "Cleanup", Time since last: 1000327439 ns, Reaching safepoint: 647469 ns, At safepoint: 50600 ns, Total: 698069 ns
[2020-08-12T21:19:05.152+0000][6][safepoint    ] Safepoint "Cleanup", Time since last: 1005809166 ns, Reaching safepoint: 429046 ns, At safepoint: 21450 ns, Total: 450496 ns
[2020-08-12T21:19:06.153+0000][6][safepoint    ] Safepoint "Cleanup", Time since last: 1000356751 ns, Reaching safepoint: 824805 ns, At safepoint: 99662 ns, Total: 924467 ns
[2020-08-12T21:19:07.154+0000][6][safepoint    ] Safepoint "Cleanup", Time since last: 1000295038 ns, Reaching safepoint: 634195 ns, At safepoint: 48125 ns, Total: 682320 ns
[2020-08-12T21:19:08.329+0000][6][safepoint    ] Safepoint "Cleanup", Time since last: 1174655693 ns, Reaching safepoint: 683519 ns, At safepoint: 43050 ns, Total: 726569 ns
[2020-08-12T21:19:09.330+0000][6][safepoint    ] Safepoint "Cleanup", Time since last: 1000297939 ns, Reaching safepoint: 307097 ns, At safepoint: 18275 ns, Total: 325372 ns
[2020-08-12T21:19:10.331+0000][6][safepoint    ] Safepoint "Cleanup", Time since last: 1000219952 ns, Reaching safepoint: 520958 ns, At safepoint: 26787 ns, Total: 547745 ns
[2020-08-12T21:19:11.332+0000][6][safepoint    ] Safepoint "Cleanup", Time since last: 1000295701 ns, Reaching safepoint: 786569 ns, At safepoint: 42537 ns, Total: 829106 ns
[2020-08-12T21:19:12.333+0000][6][safepoint    ] Safepoint "Cleanup", Time since last: 1000350063 ns, Reaching safepoint: 595632 ns, At safepoint: 21963 ns, Total: 617595 ns
[2020-08-12T21:19:13.334+0000][6][safepoint    ] Safepoint "Cleanup", Time since last: 1000279851 ns, Reaching safepoint: 668894 ns, At safepoint: 42862 ns, Total: 711756 ns
[2020-08-12T21:19:14.335+0000][6][safepoint    ] Safepoint "Cleanup", Time since last: 1000411876 ns, Reaching safepoint: 556770 ns, At safepoint: 43700 ns, Total: 600470 ns
[2020-08-12T21:19:16.144+0000][6][safepoint    ] Safepoint "Cleanup", Time since last: 1808891435 ns, Reaching safepoint: 759656 ns, At safepoint: 51149 ns, Total: 810805 ns
[2020-08-12T21:19:17.146+0000][6][safepoint    ] Safepoint "Cleanup", Time since last: 1000389513 ns, Reaching safepoint: 829780 ns, At safepoint: 54875 ns, Total: 884655 ns
[2020-08-12T21:19:18.147+0000][6][safepoint    ] Safepoint "Cleanup", Time since last: 1000417075 ns, Reaching safepoint: 520183 ns, At safepoint: 38137 ns, Total: 558320 ns
[2020-08-12T21:19:19.148+0000][6][safepoint    ] Safepoint "Cleanup", Time since last: 1000387676 ns, Reaching safepoint: 494070 ns, At safepoint: 33313 ns, Total: 527383 ns
[2020-08-12T21:19:21.145+0000][6][safepoint    ] Safepoint "Cleanup", Time since last: 1997023571 ns, Reaching safepoint: 691544 ns, At safepoint: 44837 ns, Total: 736381 ns
[2020-08-12T21:19:22.147+0000][6][safepoint    ] Safepoint "Cleanup", Time since last: 1000394925 ns, Reaching safepoint: 716619 ns, At safepoint: 56749 ns, Total: 773368 ns
[2020-08-12T21:19:23.465+0000][6][safepoint    ] Safepoint "Cleanup", Time since last: 1317248249 ns, Reaching safepoint: 915617 ns, At safepoint: 44249 ns, Total: 959866 ns
[2020-08-12T21:19:24.466+0000][6][safepoint    ] Safepoint "Cleanup", Time since last: 1000405526 ns, Reaching safepoint: 609920 ns, At safepoint: 50149 ns, Total: 660069 ns
[2020-08-12T21:19:25.551+0000][6][safepoint    ] Safepoint "Cleanup", Time since last: 1084731159 ns, Reaching safepoint: 873455 ns, At safepoint: 33662 ns, Total: 907117 ns
[2020-08-12T21:19:26.564+0000][6][safepoint    ] Safepoint "Cleanup", Time since last: 1012044750 ns, Reaching safepoint: 752656 ns, At safepoint: 50887 ns, Total: 803543 ns
[2020-08-12T21:19:27.565+0000][6][safepoint    ] Safepoint "Cleanup", Time since last: 1000297976 ns, Reaching safepoint: 423546 ns, At safepoint: 19238 ns, Total: 442784 ns
[2020-08-12T21:19:28.566+0000][6][safepoint    ] Safepoint "Cleanup", Time since last: 1000244989 ns, Reaching safepoint: 653057 ns, At safepoint: 47724 ns, Total: 700781 ns
[2020-08-12T21:19:29.567+0000][6][safepoint    ] Safepoint "Cleanup", Time since last: 1000337576 ns, Reaching safepoint: 852793 ns, At safepoint: 62499 ns, Total: 915292 ns
[2020-08-12T21:19:30.568+0000][6][safepoint    ] Safepoint "Cleanup", Time since last: 1000340964 ns, Reaching safepoint: 692731 ns, At safepoint: 50225 ns, Total: 742956 ns
[2020-08-12T21:19:31.569+0000][6][safepoint    ] Safepoint "Cleanup", Time since last: 1000340488 ns, Reaching safepoint: 630382 ns, At safepoint: 42937 ns, Total: 673319 ns
[2020-08-12T21:19:32.570+0000][6][safepoint    ] Safepoint "Cleanup", Time since last: 1000340426 ns, Reaching safepoint: 515733 ns, At safepoint: 43400 ns, Total: 559133 ns
[2020-08-12T21:19:33.571+0000][6][safepoint    ] Safepoint "Cleanup", Time since last: 1000306263 ns, Reaching safepoint: 352597 ns, At safepoint: 20425 ns, Total: 373022 ns
[2020-08-12T21:19:34.572+0000][6][safepoint    ] Safepoint "Cleanup", Time since last: 1000217590 ns, Reaching safepoint: 337859 ns, At safepoint: 23388 ns, Total: 361247 ns
[2020-08-12T21:19:36.145+0000][6][safepoint    ] Safepoint "Cleanup", Time since last: 1572988574 ns, Reaching safepoint: 819181 ns, At safepoint: 43662 ns, Total: 862843 ns
[2020-08-12T21:19:37.146+0000][6][safepoint    ] Safepoint "Cleanup", Time since last: 1000302014 ns, Reaching safepoint: 607144 ns, At safepoint: 28700 ns, Total: 635844 ns
[2020-08-12T21:19:38.327+0000][6][safepoint    ] Safepoint "Cleanup", Time since last: 1180408669 ns, Reaching safepoint: 726394 ns, At safepoint: 45412 ns, Total: 771806 ns
[2020-08-12T21:19:39.328+0000][6][safepoint    ] Safepoint "Cleanup", Time since last: 1000314613 ns, Reaching safepoint: 642520 ns, At safepoint: 51012 ns, Total: 693532 ns
[2020-08-12T21:19:41.146+0000][6][safepoint    ] Safepoint "Cleanup", Time since last: 1817203776 ns, Reaching safepoint: 756081 ns, At safepoint: 45399 ns, Total: 801480 ns
[2020-08-12T21:19:42.148+0000][6][safepoint    ] Safepoint "Cleanup", Time since last: 1000350201 ns, Reaching safepoint: 1056328 ns, At safepoint: 130424 ns, Total: 1186752 ns
[2020-08-12T21:19:43.149+0000][6][safepoint    ] Safepoint "Cleanup", Time since last: 1000350801 ns, Reaching safepoint: 863967 ns, At safepoint: 43713 ns, Total: 907680 ns
[2020-08-12T21:19:44.151+0000][6][safepoint    ] Safepoint "Cleanup", Time since last: 1000374800 ns, Reaching safepoint: 870018 ns, At safepoint: 42662 ns, Total: 912680 ns
[2020-08-12T21:19:46.147+0000][6][safepoint    ] Safepoint "Cleanup", Time since last: 1995810456 ns, Reaching safepoint: 1043154 ns, At safepoint: 43724 ns, Total: 1086878 ns
[2020-08-12T21:19:47.149+0000][6][safepoint    ] Safepoint "Cleanup", Time since last: 1000315051 ns, Reaching safepoint: 1314164 ns, At safepoint: 57637 ns, Total: 1371801 ns
[2020-08-12T21:19:48.150+0000][6][safepoint    ] Safepoint "Cleanup", Time since last: 1000356951 ns, Reaching safepoint: 542483 ns, At safepoint: 35024 ns, Total: 577507 ns
[2020-08-12T21:19:49.151+0000][6][safepoint    ] Safepoint "Cleanup", Time since last: 1000310514 ns, Reaching safepoint: 514858 ns, At safepoint: 32025 ns, Total: 546883 ns
[2020-08-12T21:19:50.152+0000][6][safepoint    ] Safepoint "Cleanup", Time since last: 1000543499 ns, Reaching safepoint: 579170 ns, At safepoint: 57424 ns, Total: 636594 ns
[2020-08-12T21:19:51.153+0000][6][safepoint    ] Safepoint "Cleanup", Time since last: 1000343176 ns, Reaching safepoint: 727106 ns, At safepoint: 51538 ns, Total: 778644 ns
[2020-08-12T21:19:52.155+0000][6][safepoint    ] Safepoint "Cleanup", Time since last: 1000341325 ns, Reaching safepoint: 1496162 ns, At safepoint: 58962 ns, Total: 1555124 ns
[2020-08-12T21:19:53.156+0000][6][safepoint    ] Safepoint "Cleanup", Time since last: 1000347714 ns, Reaching safepoint: 707256 ns, At safepoint: 43512 ns, Total: 750768 ns
[2020-08-12T21:19:54.157+0000][6][safepoint    ] Safepoint "Cleanup", Time since last: 1000335439 ns, Reaching safepoint: 663369 ns, At safepoint: 43962 ns, Total: 707331 ns
[2020-08-12T21:19:55.163+0000][6][safepoint    ] Safepoint "Cleanup", Time since last: 1005375970 ns, Reaching safepoint: 466583 ns, At safepoint: 17125 ns, Total: 483708 ns
[2020-08-12T21:19:56.459+0000][6][safepoint    ] Safepoint "Cleanup", Time since last: 1294758206 ns, Reaching safepoint: 669319 ns, At safepoint: 53749 ns, Total: 723068 ns
[2020-08-12T21:19:57.459+0000][6][safepoint    ] Safepoint "Cleanup", Time since last: 1000244439 ns, Reaching safepoint: 517621 ns, At safepoint: 15987 ns, Total: 533608 ns
[2020-08-12T21:19:58.460+0000][6][safepoint    ] Safepoint "Cleanup", Time since last: 1000218015 ns, Reaching safepoint: 656794 ns, At safepoint: 50662 ns, Total: 707456 ns
[2020-08-12T21:19:59.461+0000][6][safepoint    ] Safepoint "Cleanup", Time since last: 1000348676 ns, Reaching safepoint: 627057 ns, At safepoint: 42512 ns, Total: 669569 ns
[2020-08-12T21:20:01.189+0000][6][safepoint    ] Safepoint "Cleanup", Time since last: 1727079168 ns, Reaching safepoint: 654219 ns, At safepoint: 42962 ns, Total: 697181 ns
[2020-08-12T21:20:02.190+0000][6][safepoint    ] Safepoint "Cleanup", Time since last: 1000337076 ns, Reaching safepoint: 859793 ns, At safepoint: 42812 ns, Total: 902605 ns
[2020-08-12T21:20:03.191+0000][6][safepoint    ] Safepoint "Cleanup", Time since last: 1000314863 ns, Reaching safepoint: 617495 ns, At safepoint: 43187 ns, Total: 660682 ns
[2020-08-12T21:20:04.192+0000][6][safepoint    ] Safepoint "Cleanup", Time since last: 1000335501 ns, Reaching safepoint: 623457 ns, At safepoint: 52012 ns, Total: 675469 ns
[2020-08-12T21:20:06.147+0000][6][safepoint    ] Safepoint "Cleanup", Time since last: 1953397386 ns, Reaching safepoint: 904067 ns, At safepoint: 42887 ns, Total: 946954 ns
[2020-08-12T21:20:07.148+0000][6][safepoint    ] Safepoint "Cleanup", Time since last: 1000353163 ns, Reaching safepoint: 714382 ns, At safepoint: 26937 ns, Total: 741319 ns
[2020-08-12T21:20:08.340+0000][6][safepoint    ] Safepoint "Cleanup", Time since last: 1190872678 ns, Reaching safepoint: 827418 ns, At safepoint: 42750 ns, Total: 870168 ns
[2020-08-12T21:20:09.341+0000][6][safepoint    ] Safepoint "Cleanup", Time since last: 1000398025 ns, Reaching safepoint: 686757 ns, At safepoint: 42937 ns, Total: 729694 ns
[2020-08-12T21:20:10.342+0000][6][safepoint    ] Safepoint "Cleanup", Time since last: 1000437550 ns, Reaching safepoint: 519971 ns, At safepoint: 45287 ns, Total: 565258 ns
[2020-08-12T21:20:11.343+0000][6][safepoint    ] Safepoint "Cleanup", Time since last: 1000407912 ns, Reaching safepoint: 841431 ns, At safepoint: 44612 ns, Total: 886043 ns
[2020-08-12T21:20:12.345+0000][6][safepoint    ] Safepoint "Cleanup", Time since last: 1000372938 ns, Reaching safepoint: 1441950 ns, At safepoint: 65974 ns, Total: 1507924 ns
[2020-08-12T21:20:13.346+0000][6][safepoint    ] Safepoint "Cleanup", Time since last: 1000444863 ns, Reaching safepoint: 871792 ns, At safepoint: 43312 ns, Total: 915104 ns
[2020-08-12T21:20:14.347+0000][6][safepoint    ] Safepoint "Cleanup", Time since last: 1000330389 ns, Reaching safepoint: 589157 ns, At safepoint: 50962 ns, Total: 640119 ns
[2020-08-12T21:20:16.147+0000][6][safepoint    ] Safepoint "Cleanup", Time since last: 1799467279 ns, Reaching safepoint: 674432 ns, At safepoint: 45225 ns, Total: 719657 ns
[2020-08-12T21:20:17.148+0000][6][safepoint    ] Safepoint "Cleanup", Time since last: 1000345050 ns, Reaching safepoint: 650070 ns, At safepoint: 43824 ns, Total: 693894 ns
[2020-08-12T21:20:18.150+0000][6][safepoint    ] Safepoint "Cleanup", Time since last: 1000332314 ns, Reaching safepoint: 838305 ns, At safepoint: 43000 ns, Total: 881305 ns
[2020-08-12T21:20:19.151+0000][6][safepoint    ] Safepoint "Cleanup", Time since last: 1000374650 ns, Reaching safepoint: 619820 ns, At safepoint: 32537 ns, Total: 652357 ns
[2020-08-12T21:20:21.150+0000][6][safepoint    ] Safepoint "Cleanup", Time since last: 1998656945 ns, Reaching safepoint: 465233 ns, At safepoint: 20550 ns, Total: 485783 ns
[2020-08-12T21:20:22.151+0000][6][safepoint    ] Safepoint "Cleanup", Time since last: 1000262651 ns, Reaching safepoint: 780094 ns, At safepoint: 96886 ns, Total: 876980 ns
[2020-08-12T21:20:23.152+0000][6][safepoint    ] Safepoint "Cleanup", Time since last: 1000300651 ns, Reaching safepoint: 441072 ns, At safepoint: 41049 ns, Total: 482121 ns
[2020-08-12T21:20:24.153+0000][6][safepoint    ] Safepoint "Cleanup", Time since last: 1000268064 ns, Reaching safepoint: 780694 ns, At safepoint: 42774 ns, Total: 823468 ns
[2020-08-12T21:20:25.150+0000][6][safepoint    ] Safepoint "BulkRevokeBias", Time since last: 994893436 ns, Reaching safepoint: 655044 ns, At safepoint: 1372788 ns, Total: 2027832 ns
[2020-08-12T21:20:26.416+0000][6][safepoint    ] Safepoint "Cleanup", Time since last: 1265109437 ns, Reaching safepoint: 878592 ns, At safepoint: 41812 ns, Total: 920404 ns
[2020-08-12T21:20:27.417+0000][6][safepoint    ] Safepoint "Cleanup", Time since last: 1000344164 ns, Reaching safepoint: 615219 ns, At safepoint: 24738 ns, Total: 639957 ns
[2020-08-12T21:20:28.418+0000][6][safepoint    ] Safepoint "Cleanup", Time since last: 1000254376 ns, Reaching safepoint: 798731 ns, At safepoint: 43500 ns, Total: 842231 ns
[2020-08-12T21:20:29.419+0000][6][safepoint    ] Safepoint "Cleanup", Time since last: 1000377238 ns, Reaching safepoint: 486495 ns, At safepoint: 24675 ns, Total: 511170 ns
[2020-08-12T21:20:30.420+0000][6][safepoint    ] Safepoint "Cleanup", Time since last: 1000298814 ns, Reaching safepoint: 772893 ns, At safepoint: 42562 ns, Total: 815455 ns
[2020-08-12T21:20:31.421+0000][6][safepoint    ] Safepoint "Cleanup", Time since last: 1000391038 ns, Reaching safepoint: 953005 ns, At safepoint: 64312 ns, Total: 1017317 ns
[2020-08-12T21:20:32.423+0000][6][safepoint    ] Safepoint "Cleanup", Time since last: 1000371213 ns, Reaching safepoint: 1083353 ns, At safepoint: 63024 ns, Total: 1146377 ns
[2020-08-12T21:20:33.424+0000][6][safepoint    ] Safepoint "Cleanup", Time since last: 1000401188 ns, Reaching safepoint: 829580 ns, At safepoint: 69012 ns, Total: 898592 ns
[2020-08-12T21:20:34.425+0000][6][safepoint    ] Safepoint "Cleanup", Time since last: 1000351426 ns, Reaching safepoint: 740444 ns, At safepoint: 43324 ns, Total: 783768 ns
[2020-08-12T21:20:36.150+0000][6][safepoint    ] Safepoint "Cleanup", Time since last: 1723593135 ns, Reaching safepoint: 765019 ns, At safepoint: 44512 ns, Total: 809531 ns
[2020-08-12T21:20:37.151+0000][6][safepoint    ] Safepoint "Cleanup", Time since last: 1000302451 ns, Reaching safepoint: 647332 ns, At safepoint: 29112 ns, Total: 676444 ns
[2020-08-12T21:20:38.351+0000][6][safepoint    ] Safepoint "Cleanup", Time since last: 1200068474 ns, Reaching safepoint: 371997 ns, At safepoint: 19350 ns, Total: 391347 ns
[2020-08-12T21:20:39.352+0000][6][safepoint    ] Safepoint "Cleanup", Time since last: 1000263226 ns, Reaching safepoint: 879605 ns, At safepoint: 43612 ns, Total: 923217 ns
[2020-08-12T21:20:41.150+0000][6][safepoint    ] Safepoint "Cleanup", Time since last: 1797201524 ns, Reaching safepoint: 898330 ns, At safepoint: 43574 ns, Total: 941904 ns
[2020-08-12T21:20:42.151+0000][6][safepoint    ] Safepoint "Cleanup", Time since last: 1000327589 ns, Reaching safepoint: 639444 ns, At safepoint: 53000 ns, Total: 692444 ns
[2020-08-12T21:20:43.152+0000][6][safepoint    ] Safepoint "Cleanup", Time since last: 1000340538 ns, Reaching safepoint: 617857 ns, At safepoint: 43400 ns, Total: 661257 ns
[2020-08-12T21:20:44.153+0000][6][safepoint    ] Safepoint "Cleanup", Time since last: 1000335188 ns, Reaching safepoint: 660807 ns, At safepoint: 44525 ns, Total: 705332 ns
[2020-08-12T21:20:45.302+0000][6][safepoint    ] Safepoint "Cleanup", Time since last: 1148372483 ns, Reaching safepoint: 353660 ns, At safepoint: 21037 ns, Total: 374697 ns
[2020-08-12T21:20:46.303+0000][6][safepoint    ] Safepoint "Cleanup", Time since last: 1000302789 ns, Reaching safepoint: 681444 ns, At safepoint: 43924 ns, Total: 725368 ns
[2020-08-12T21:20:47.304+0000][6][safepoint    ] Safepoint "Cleanup", Time since last: 1000341889 ns, Reaching safepoint: 711581 ns, At safepoint: 39500 ns, Total: 751081 ns
[2020-08-12T21:20:48.305+0000][6][safepoint    ] Safepoint "Cleanup", Time since last: 1000289501 ns, Reaching safepoint: 729844 ns, At safepoint: 51824 ns, Total: 781668 ns
[2020-08-12T21:20:49.306+0000][6][safepoint    ] Safepoint "Cleanup", Time since last: 1000344064 ns, Reaching safepoint: 508308 ns, At safepoint: 48737 ns, Total: 557045 ns
[2020-08-12T21:20:50.307+0000][6][safepoint    ] Safepoint "Cleanup", Time since last: 1000343901 ns, Reaching safepoint: 545458 ns, At safepoint: 42787 ns, Total: 588245 ns
[2020-08-12T21:20:51.309+0000][6][safepoint    ] Safepoint "Cleanup", Time since last: 1000342163 ns, Reaching safepoint: 1058566 ns, At safepoint: 43300 ns, Total: 1101866 ns
[2020-08-12T21:20:52.310+0000][6][safepoint    ] Safepoint "Cleanup", Time since last: 1000298363 ns, Reaching safepoint: 1302089 ns, At safepoint: 56225 ns, Total: 1358314 ns
[2020-08-12T21:20:53.312+0000][6][safepoint    ] Safepoint "Cleanup", Time since last: 1000621036 ns, Reaching safepoint: 1080503 ns, At safepoint: 55587 ns, Total: 1136090 ns
[2020-08-12T21:20:54.313+0000][6][safepoint    ] Safepoint "Cleanup", Time since last: 1000351563 ns, Reaching safepoint: 821955 ns, At safepoint: 42862 ns, Total: 864817 ns
[2020-08-12T21:20:55.430+0000][6][safepoint    ] Safepoint "Cleanup", Time since last: 1116053563 ns, Reaching safepoint: 322510 ns, At safepoint: 19425 ns, Total: 341935 ns
[2020-08-12T21:20:56.440+0000][6][safepoint    ] Safepoint "Cleanup", Time since last: 1009833806 ns, Reaching safepoint: 782431 ns, At safepoint: 47025 ns, Total: 829456 ns
[2020-08-12T21:20:57.441+0000][6][safepoint    ] Safepoint "Cleanup", Time since last: 1000289488 ns, Reaching safepoint: 640582 ns, At safepoint: 74650 ns, Total: 715232 ns
[2020-08-12T21:20:58.443+0000][6][safepoint    ] Safepoint "Cleanup", Time since last: 1000453937 ns, Reaching safepoint: 812768 ns, At safepoint: 45800 ns, Total: 858568 ns
[2020-08-12T21:20:59.444+0000][6][safepoint    ] Safepoint "Cleanup", Time since last: 1000418250 ns, Reaching safepoint: 595545 ns, At safepoint: 43899 ns, Total: 639444 ns
[2020-08-12T21:21:01.151+0000][6][safepoint    ] Safepoint "Cleanup", Time since last: 1706266823 ns, Reaching safepoint: 564895 ns, At safepoint: 44299 ns, Total: 609194 ns
[2020-08-12T21:21:02.152+0000][6][safepoint    ] Safepoint "Cleanup", Time since last: 1000383226 ns, Reaching safepoint: 591170 ns, At safepoint: 43024 ns, Total: 634194 ns
[2020-08-12T21:21:03.152+0000][6][safepoint    ] Safepoint "Cleanup", Time since last: 1000311327 ns, Reaching safepoint: 478308 ns, At safepoint: 24362 ns, Total: 502670 ns
[2020-08-12T21:21:04.153+0000][6][safepoint    ] Safepoint "Cleanup", Time since last: 1000266002 ns, Reaching safepoint: 629132 ns, At safepoint: 51187 ns, Total: 680319 ns
[2020-08-12T21:21:05.170+0000][6][safepoint    ] Safepoint "Cleanup", Time since last: 1016111589 ns, Reaching safepoint: 364022 ns, At safepoint: 15838 ns, Total: 379860 ns
[2020-08-12T21:21:06.171+0000][6][safepoint    ] Safepoint "Cleanup", Time since last: 1000340626 ns, Reaching safepoint: 776305 ns, At safepoint: 53900 ns, Total: 830205 ns
[2020-08-12T21:21:07.172+0000][6][safepoint    ] Safepoint "Cleanup", Time since last: 1000314276 ns, Reaching safepoint: 745131 ns, At safepoint: 45837 ns, Total: 790968 ns
[2020-08-12T21:21:07.460+0000][6][safepoint    ] Safepoint "BulkRevokeBias", Time since last: 286301000 ns, Reaching safepoint: 441946 ns, At safepoint: 1156815 ns, Total: 1598761 ns
[2020-08-12T21:21:08.467+0000][6][safepoint    ] Safepoint "Cleanup", Time since last: 1005922927 ns, Reaching safepoint: 619483 ns, At safepoint: 43337 ns, Total: 662820 ns
[2020-08-12T21:21:09.468+0000][6][safepoint    ] Safepoint "Cleanup", Time since last: 1000349588 ns, Reaching safepoint: 571833 ns, At safepoint: 43024 ns, Total: 614857 ns
[2020-08-12T21:21:10.469+0000][6][safepoint    ] Safepoint "Cleanup", Time since last: 1000428650 ns, Reaching safepoint: 575720 ns, At safepoint: 43838 ns, Total: 619558 ns
[2020-08-12T21:21:11.470+0000][6][safepoint    ] Safepoint "Cleanup", Time since last: 1000348100 ns, Reaching safepoint: 695407 ns, At safepoint: 46212 ns, Total: 741619 ns
[2020-08-12T21:21:12.471+0000][6][safepoint    ] Safepoint "Cleanup", Time since last: 1000333151 ns, Reaching safepoint: 612595 ns, At safepoint: 73186 ns, Total: 685781 ns
[2020-08-12T21:21:13.472+0000][6][safepoint    ] Safepoint "Cleanup", Time since last: 1000451363 ns, Reaching safepoint: 598307 ns, At safepoint: 50512 ns, Total: 648819 ns
[2020-08-12T21:21:14.473+0000][6][safepoint    ] Safepoint "Cleanup", Time since last: 1000406163 ns, Reaching safepoint: 583370 ns, At safepoint: 98012 ns, Total: 681382 ns
[2020-08-12T21:21:16.180+0000][6][safepoint    ] Safepoint "Cleanup", Time since last: 1706007187 ns, Reaching safepoint: 527495 ns, At safepoint: 44950 ns, Total: 572445 ns
[2020-08-12T21:21:17.181+0000][6][safepoint    ] Safepoint "Cleanup", Time since last: 1000412363 ns, Reaching safepoint: 791630 ns, At safepoint: 42750 ns, Total: 834380 ns
[2020-08-12T21:21:18.182+0000][6][safepoint    ] Safepoint "Cleanup", Time since last: 1000390538 ns, Reaching safepoint: 841518 ns, At safepoint: 43712 ns, Total: 885230 ns
[2020-08-12T21:21:19.185+0000][6][safepoint    ] Safepoint "Cleanup", Time since last: 1001968624 ns, Reaching safepoint: 1086966 ns, At safepoint: 55462 ns, Total: 1142428 ns
[2020-08-12T21:21:21.153+0000][6][safepoint    ] Safepoint "Cleanup", Time since last: 1967045230 ns, Reaching safepoint: 931254 ns, At safepoint: 55837 ns, Total: 987091 ns
[2020-08-12T21:21:22.154+0000][6][safepoint    ] Safepoint "Cleanup", Time since last: 1000342926 ns, Reaching safepoint: 648194 ns, At safepoint: 43213 ns, Total: 691407 ns
[2020-08-12T21:21:23.155+0000][6][safepoint    ] Safepoint "Cleanup", Time since last: 1000304213 ns, Reaching safepoint: 926717 ns, At safepoint: 47650 ns, Total: 974367 ns
[2020-08-12T21:21:24.157+0000][6][safepoint    ] Safepoint "Cleanup", Time since last: 1000347701 ns, Reaching safepoint: 839742 ns, At safepoint: 43362 ns, Total: 883104 ns
[2020-08-12T21:21:25.176+0000][6][safepoint    ] Safepoint "BulkRevokeBias", Time since last: 1016846109 ns, Reaching safepoint: 506933 ns, At safepoint: 2297005 ns, Total: 2803938 ns
[2020-08-12T21:21:26.411+0000][6][safepoint    ] Safepoint "Cleanup", Time since last: 1233915956 ns, Reaching safepoint: 937542 ns, At safepoint: 93024 ns, Total: 1030566 ns
[2020-08-12T21:21:27.412+0000][6][safepoint    ] Safepoint "Cleanup", Time since last: 1000315576 ns, Reaching safepoint: 630545 ns, At safepoint: 24637 ns, Total: 655182 ns
[2020-08-12T21:21:28.413+0000][6][safepoint    ] Safepoint "Cleanup", Time since last: 1000261439 ns, Reaching safepoint: 653045 ns, At safepoint: 44999 ns, Total: 698044 ns
[2020-08-12T21:21:29.414+0000][6][safepoint    ] Safepoint "Cleanup", Time since last: 1000352414 ns, Reaching safepoint: 594469 ns, At safepoint: 42713 ns, Total: 637182 ns
[2020-08-12T21:21:30.416+0000][6][safepoint    ] Safepoint "Cleanup", Time since last: 1000349101 ns, Reaching safepoint: 902404 ns, At safepoint: 43975 ns, Total: 946379 ns
[2020-08-12T21:21:31.417+0000][6][safepoint    ] Safepoint "Cleanup", Time since last: 1000408275 ns, Reaching safepoint: 590007 ns, At safepoint: 49250 ns, Total: 639257 ns
[2020-08-12T21:21:32.418+0000][6][safepoint    ] Safepoint "Cleanup", Time since last: 1000319489 ns, Reaching safepoint: 1179377 ns, At safepoint: 66337 ns, Total: 1245714 ns
[2020-08-12T21:21:33.419+0000][6][safepoint    ] Safepoint "Cleanup", Time since last: 1000313888 ns, Reaching safepoint: 362422 ns, At safepoint: 17413 ns, Total: 379835 ns
[2020-08-12T21:21:34.419+0000][6][safepoint    ] Safepoint "Cleanup", Time since last: 1000230151 ns, Reaching safepoint: 256248 ns, At safepoint: 11163 ns, Total: 267411 ns
[2020-08-12T21:21:36.150+0000][6][safepoint    ] Safepoint "Cleanup", Time since last: 1730606824 ns, Reaching safepoint: 481371 ns, At safepoint: 24687 ns, Total: 506058 ns
[2020-08-12T21:21:37.152+0000][6][safepoint    ] Safepoint "Cleanup", Time since last: 1000228389 ns, Reaching safepoint: 831618 ns, At safepoint: 31513 ns, Total: 863131 ns
[2020-08-12T21:21:38.475+0000][6][safepoint    ] Safepoint "Cleanup", Time since last: 1322413328 ns, Reaching safepoint: 655507 ns, At safepoint: 42575 ns, Total: 698082 ns
[2020-08-12T21:21:39.476+0000][6][safepoint    ] Safepoint "Cleanup", Time since last: 1000358488 ns, Reaching safepoint: 569245 ns, At safepoint: 43362 ns, Total: 612607 ns
[2020-08-12T21:21:41.153+0000][6][safepoint    ] Safepoint "Cleanup", Time since last: 1677106300 ns, Reaching safepoint: 534507 ns, At safepoint: 43125 ns, Total: 577632 ns
[2020-08-12T21:21:42.154+0000][6][safepoint    ] Safepoint "Cleanup", Time since last: 1000349138 ns, Reaching safepoint: 744256 ns, At safepoint: 43713 ns, Total: 787969 ns
[2020-08-12T21:21:43.155+0000][6][safepoint    ] Safepoint "Cleanup", Time since last: 1000356400 ns, Reaching safepoint: 455384 ns, At safepoint: 42912 ns, Total: 498296 ns
[2020-08-12T21:21:44.156+0000][6][safepoint    ] Safepoint "Cleanup", Time since last: 1000352576 ns, Reaching safepoint: 625494 ns, At safepoint: 44550 ns, Total: 670044 ns
[2020-08-12T21:21:46.152+0000][6][safepoint    ] Safepoint "Cleanup", Time since last: 1994875902 ns, Reaching safepoint: 592045 ns, At safepoint: 42799 ns, Total: 634844 ns
[2020-08-12T21:21:47.153+0000][6][safepoint    ] Safepoint "Cleanup", Time since last: 1000401476 ns, Reaching safepoint: 864967 ns, At safepoint: 58500 ns, Total: 923467 ns
[2020-08-12T21:21:48.154+0000][6][safepoint    ] Safepoint "Cleanup", Time since last: 1000332476 ns, Reaching safepoint: 949717 ns, At safepoint: 35624 ns, Total: 985341 ns
[2020-08-12T21:21:49.156+0000][6][safepoint    ] Safepoint "Cleanup", Time since last: 1000307776 ns, Reaching safepoint: 887868 ns, At safepoint: 42999 ns, Total: 930867 ns
[2020-08-12T21:21:50.156+0000][6][safepoint    ] Safepoint "Cleanup", Time since last: 1000317564 ns, Reaching safepoint: 252398 ns, At safepoint: 10787 ns, Total: 263185 ns
[2020-08-12T21:21:51.157+0000][6][safepoint    ] Safepoint "Cleanup", Time since last: 1000227677 ns, Reaching safepoint: 786531 ns, At safepoint: 43287 ns, Total: 829818 ns
[2020-08-12T21:21:52.158+0000][6][safepoint    ] Safepoint "Cleanup", Time since last: 1000326351 ns, Reaching safepoint: 633382 ns, At safepoint: 42850 ns, Total: 676232 ns
[2020-08-12T21:21:53.159+0000][6][safepoint    ] Safepoint "Cleanup", Time since last: 1000367625 ns, Reaching safepoint: 581558 ns, At safepoint: 38362 ns, Total: 619920 ns
[2020-08-12T21:21:54.160+0000][6][safepoint    ] Safepoint "Cleanup", Time since last: 1000317951 ns, Reaching safepoint: 653394 ns, At safepoint: 54737 ns, Total: 708131 ns
[2020-08-12T21:21:55.174+0000][6][safepoint    ] Safepoint "Cleanup", Time since last: 1013238327 ns, Reaching safepoint: 389347 ns, At safepoint: 15962 ns, Total: 405309 ns
[2020-08-12T21:21:56.418+0000][6][safepoint    ] Safepoint "Cleanup", Time since last: 1243360712 ns, Reaching safepoint: 708607 ns, At safepoint: 43762 ns, Total: 752369 ns
[2020-08-12T21:21:57.420+0000][6][safepoint    ] Safepoint "Cleanup", Time since last: 1000342301 ns, Reaching safepoint: 1090653 ns, At safepoint: 54312 ns, Total: 1144965 ns
[2020-08-12T21:21:58.421+0000][6][safepoint    ] Safepoint "Cleanup", Time since last: 1000351013 ns, Reaching safepoint: 779468 ns, At safepoint: 43287 ns, Total: 822755 ns
[2020-08-12T21:21:59.422+0000][6][safepoint    ] Safepoint "Cleanup", Time since last: 1000372126 ns, Reaching safepoint: 604970 ns, At safepoint: 32412 ns, Total: 637382 ns
[2020-08-12T21:22:01.154+0000][6][safepoint    ] Safepoint "Cleanup", Time since last: 1731016296 ns, Reaching safepoint: 764831 ns, At safepoint: 43837 ns, Total: 808668 ns
[2020-08-12T21:22:02.155+0000][6][safepoint    ] Safepoint "Cleanup", Time since last: 1000361313 ns, Reaching safepoint: 576145 ns, At safepoint: 43987 ns, Total: 620132 ns
[2020-08-12T21:22:03.156+0000][6][safepoint    ] Safepoint "Cleanup", Time since last: 1000348376 ns, Reaching safepoint: 793768 ns, At safepoint: 42437 ns, Total: 836205 ns
[2020-08-12T21:22:04.157+0000][6][safepoint    ] Safepoint "Cleanup", Time since last: 1000424438 ns, Reaching safepoint: 833505 ns, At safepoint: 43325 ns, Total: 876830 ns
[2020-08-12T21:22:05.161+0000][6][safepoint    ] Safepoint "BulkRevokeBias", Time since last: 979583243 ns, Reaching safepoint: 22964576 ns, At safepoint: 1179490 ns, Total: 24144066 ns
[2020-08-12T21:22:06.163+0000][6][safepoint    ] Safepoint "Cleanup", Time since last: 1001346030 ns, Reaching safepoint: 847180 ns, At safepoint: 43287 ns, Total: 890467 ns
[2020-08-12T21:22:07.164+0000][6][safepoint    ] Safepoint "Cleanup", Time since last: 1000314164 ns, Reaching safepoint: 706431 ns, At safepoint: 32750 ns, Total: 739181 ns
[2020-08-12T21:22:08.288+0000][6][safepoint    ] Safepoint "Cleanup", Time since last: 1122811992 ns, Reaching safepoint: 663444 ns, At safepoint: 52537 ns, Total: 715981 ns
[2020-08-12T21:22:09.289+0000][6][safepoint    ] Safepoint "Cleanup", Time since last: 1000379913 ns, Reaching safepoint: 791393 ns, At safepoint: 45312 ns, Total: 836705 ns
[2020-08-12T21:22:10.290+0000][6][safepoint    ] Safepoint "Cleanup", Time since last: 1000271664 ns, Reaching safepoint: 699982 ns, At safepoint: 17712 ns, Total: 717694 ns
[2020-08-12T21:22:11.291+0000][6][safepoint    ] Safepoint "Cleanup", Time since last: 1000298526 ns, Reaching safepoint: 552433 ns, At safepoint: 37287 ns, Total: 589720 ns
[2020-08-12T21:22:12.292+0000][6][safepoint    ] Safepoint "Cleanup", Time since last: 1000422500 ns, Reaching safepoint: 992229 ns, At safepoint: 50300 ns, Total: 1042529 ns
[2020-08-12T21:22:13.293+0000][6][safepoint    ] Safepoint "Cleanup", Time since last: 1000317376 ns, Reaching safepoint: 766618 ns, At safepoint: 56450 ns, Total: 823068 ns
[2020-08-12T21:22:14.294+0000][6][safepoint    ] Safepoint "Cleanup", Time since last: 1000331151 ns, Reaching safepoint: 634582 ns, At safepoint: 45074 ns, Total: 679656 ns
[2020-08-12T21:22:16.174+0000][6][safepoint    ] Safepoint "Cleanup", Time since last: 1878992992 ns, Reaching safepoint: 885555 ns, At safepoint: 43074 ns, Total: 928629 ns
[2020-08-12T21:22:17.175+0000][6][safepoint    ] Safepoint "Cleanup", Time since last: 1000328301 ns, Reaching safepoint: 855143 ns, At safepoint: 43087 ns, Total: 898230 ns
[2020-08-12T21:22:18.177+0000][6][safepoint    ] Safepoint "Cleanup", Time since last: 1000349738 ns, Reaching safepoint: 836693 ns, At safepoint: 42825 ns, Total: 879518 ns
[2020-08-12T21:22:19.178+0000][6][safepoint    ] Safepoint "Cleanup", Time since last: 1000429062 ns, Reaching safepoint: 842793 ns, At safepoint: 44050 ns, Total: 886843 ns
[2020-08-12T21:22:20.157+0000][6][safepoint    ] Safepoint "BulkRevokeBias", Time since last: 975563190 ns, Reaching safepoint: 569982 ns, At safepoint: 2372342 ns, Total: 2942324 ns
[2020-08-12T21:22:21.159+0000][6][safepoint    ] Safepoint "Cleanup", Time since last: 1001544353 ns, Reaching safepoint: 857880 ns, At safepoint: 44200 ns, Total: 902080 ns
[2020-08-12T21:22:22.160+0000][6][safepoint    ] Safepoint "Cleanup", Time since last: 1000325614 ns, Reaching safepoint: 975854 ns, At safepoint: 54849 ns, Total: 1030703 ns
[2020-08-12T21:22:23.161+0000][6][safepoint    ] Safepoint "Cleanup", Time since last: 1000333989 ns, Reaching safepoint: 660956 ns, At safepoint: 42787 ns, Total: 703743 ns
[2020-08-12T21:22:24.162+0000][6][safepoint    ] Safepoint "Cleanup", Time since last: 1000378076 ns, Reaching safepoint: 569483 ns, At safepoint: 45149 ns, Total: 614632 ns
[2020-08-12T21:22:25.380+0000][6][safepoint    ] Safepoint "Cleanup", Time since last: 1217596610 ns, Reaching safepoint: 417209 ns, At safepoint: 21412 ns, Total: 438621 ns
[2020-08-12T21:22:26.494+0000][6][safepoint    ] Safepoint "Cleanup", Time since last: 1112760929 ns, Reaching safepoint: 662745 ns, At safepoint: 96449 ns, Total: 759194 ns
[2020-08-12T21:22:27.495+0000][6][safepoint    ] Safepoint "Cleanup", Time since last: 1000301188 ns, Reaching safepoint: 580370 ns, At safepoint: 26638 ns, Total: 607008 ns
[2020-08-12T21:22:28.496+0000][6][safepoint    ] Safepoint "Cleanup", Time since last: 1000240589 ns, Reaching safepoint: 562833 ns, At safepoint: 21574 ns, Total: 584407 ns
[2020-08-12T21:22:29.497+0000][6][safepoint    ] Safepoint "Cleanup", Time since last: 1000316851 ns, Reaching safepoint: 608595 ns, At safepoint: 55275 ns, Total: 663870 ns
[2020-08-12T21:22:30.497+0000][6][safepoint    ] Safepoint "Cleanup", Time since last: 1000344426 ns, Reaching safepoint: 459396 ns, At safepoint: 44549 ns, Total: 503945 ns
[2020-08-12T21:22:31.499+0000][6][safepoint    ] Safepoint "Cleanup", Time since last: 1000337351 ns, Reaching safepoint: 675094 ns, At safepoint: 43837 ns, Total: 718931 ns
[2020-08-12T21:22:32.500+0000][6][safepoint    ] Safepoint "Cleanup", Time since last: 1000384513 ns, Reaching safepoint: 1117266 ns, At safepoint: 53049 ns, Total: 1170315 ns
[2020-08-12T21:22:33.501+0000][6][safepoint    ] Safepoint "Cleanup", Time since last: 1000344601 ns, Reaching safepoint: 689694 ns, At safepoint: 45825 ns, Total: 735519 ns
[2020-08-12T21:22:34.502+0000][6][safepoint    ] Safepoint "Cleanup", Time since last: 1000359800 ns, Reaching safepoint: 686495 ns, At safepoint: 51824 ns, Total: 738319 ns
[2020-08-12T21:22:36.154+0000][6][safepoint    ] Safepoint "Cleanup", Time since last: 1651327285 ns, Reaching safepoint: 723494 ns, At safepoint: 51487 ns, Total: 774981 ns
[2020-08-12T21:22:37.156+0000][6][safepoint    ] Safepoint "Cleanup", Time since last: 1000359938 ns, Reaching safepoint: 1196215 ns, At safepoint: 55699 ns, Total: 1251914 ns
[2020-08-12T21:22:38.340+0000][6][safepoint    ] Safepoint "Cleanup", Time since last: 1182616788 ns, Reaching safepoint: 859455 ns, At safepoint: 43562 ns, Total: 903017 ns
[2020-08-12T21:22:39.341+0000][6][safepoint    ] Safepoint "Cleanup", Time since last: 1000314126 ns, Reaching safepoint: 712669 ns, At safepoint: 35349 ns, Total: 748018 ns
[2020-08-12T21:22:41.154+0000][6][safepoint    ] Safepoint "Cleanup", Time since last: 1812210519 ns, Reaching safepoint: 737969 ns, At safepoint: 43237 ns, Total: 781206 ns
[2020-08-12T21:22:42.155+0000][6][safepoint    ] Safepoint "Cleanup", Time since last: 1000438838 ns, Reaching safepoint: 562370 ns, At safepoint: 42799 ns, Total: 605169 ns
[2020-08-12T21:22:43.155+0000][6][safepoint    ] Safepoint "Cleanup", Time since last: 1000314639 ns, Reaching safepoint: 429009 ns, At safepoint: 28299 ns, Total: 457308 ns
[2020-08-12T21:22:44.156+0000][6][safepoint    ] Safepoint "Cleanup", Time since last: 1000363176 ns, Reaching safepoint: 664132 ns, At safepoint: 51049 ns, Total: 715181 ns
[2020-08-12T21:22:45.177+0000][6][safepoint    ] Safepoint "Cleanup", Time since last: 1020671263 ns, Reaching safepoint: 296785 ns, At safepoint: 16050 ns, Total: 312835 ns
[2020-08-12T21:22:46.178+0000][6][safepoint    ] Safepoint "Cleanup", Time since last: 1000297189 ns, Reaching safepoint: 621719 ns, At safepoint: 43012 ns, Total: 664731 ns
[2020-08-12T21:22:47.179+0000][6][safepoint    ] Safepoint "Cleanup", Time since last: 1000357476 ns, Reaching safepoint: 678232 ns, At safepoint: 44449 ns, Total: 722681 ns
[2020-08-12T21:22:48.181+0000][6][safepoint    ] Safepoint "Cleanup", Time since last: 1000340039 ns, Reaching safepoint: 798180 ns, At safepoint: 44162 ns, Total: 842342 ns
[2020-08-12T21:22:49.182+0000][6][safepoint    ] Safepoint "Cleanup", Time since last: 1000383688 ns, Reaching safepoint: 522608 ns, At safepoint: 29700 ns, Total: 552308 ns
[2020-08-12T21:22:50.182+0000][6][safepoint    ] Safepoint "Cleanup", Time since last: 1000235002 ns, Reaching safepoint: 273698 ns, At safepoint: 11637 ns, Total: 285335 ns
[2020-08-12T21:22:51.183+0000][6][safepoint    ] Safepoint "Cleanup", Time since last: 1000211914 ns, Reaching safepoint: 667970 ns, At safepoint: 53262 ns, Total: 721232 ns
[2020-08-12T21:22:52.184+0000][6][safepoint    ] Safepoint "Cleanup", Time since last: 1000358025 ns, Reaching safepoint: 791381 ns, At safepoint: 55362 ns, Total: 846743 ns
[2020-08-12T21:22:53.186+0000][6][safepoint    ] Safepoint "Cleanup", Time since last: 1000344163 ns, Reaching safepoint: 920892 ns, At safepoint: 43988 ns, Total: 964880 ns
[2020-08-12T21:22:54.187+0000][6][safepoint    ] Safepoint "Cleanup", Time since last: 1000391238 ns, Reaching safepoint: 819042 ns, At safepoint: 49138 ns, Total: 868180 ns
[2020-08-12T21:22:55.546+0000][6][safepoint    ] Safepoint "Cleanup", Time since last: 1358767076 ns, Reaching safepoint: 412684 ns, At safepoint: 17388 ns, Total: 430072 ns
[2020-08-12T21:22:56.550+0000][6][safepoint    ] Safepoint "Cleanup", Time since last: 1003075952 ns, Reaching safepoint: 1069166 ns, At safepoint: 46374 ns, Total: 1115540 ns
[2020-08-12T21:22:57.552+0000][6][safepoint    ] Safepoint "Cleanup", Time since last: 1000344439 ns, Reaching safepoint: 1086515 ns, At safepoint: 53500 ns, Total: 1140015 ns
[2020-08-12T21:22:58.553+0000][6][safepoint    ] Safepoint "Cleanup", Time since last: 1000400263 ns, Reaching safepoint: 885954 ns, At safepoint: 68275 ns, Total: 954229 ns
[2020-08-12T21:22:59.554+0000][6][safepoint    ] Safepoint "Cleanup", Time since last: 1000350076 ns, Reaching safepoint: 654307 ns, At safepoint: 43337 ns, Total: 697644 ns
[2020-08-12T21:23:01.156+0000][6][safepoint    ] Safepoint "Cleanup", Time since last: 1601580377 ns, Reaching safepoint: 651995 ns, At safepoint: 50612 ns, Total: 702607 ns
[2020-08-12T21:23:02.158+0000][6][safepoint    ] Safepoint "Cleanup", Time since last: 1000369963 ns, Reaching safepoint: 724068 ns, At safepoint: 46088 ns, Total: 770156 ns
[2020-08-12T21:23:03.159+0000][6][safepoint    ] Safepoint "Cleanup", Time since last: 1000403225 ns, Reaching safepoint: 608895 ns, At safepoint: 51699 ns, Total: 660594 ns
[2020-08-12T21:23:04.160+0000][6][safepoint    ] Safepoint "Cleanup", Time since last: 1000357639 ns, Reaching safepoint: 829330 ns, At safepoint: 44375 ns, Total: 873705 ns
[2020-08-12T21:23:05.177+0000][6][safepoint    ] Safepoint "Cleanup", Time since last: 1016744108 ns, Reaching safepoint: 729157 ns, At safepoint: 19599 ns, Total: 748756 ns
[2020-08-12T21:23:06.178+0000][6][safepoint    ] Safepoint "Cleanup", Time since last: 1000311314 ns, Reaching safepoint: 697982 ns, At safepoint: 45799 ns, Total: 743781 ns
[2020-08-12T21:23:07.180+0000][6][safepoint    ] Safepoint "Cleanup", Time since last: 1000342738 ns, Reaching safepoint: 743894 ns, At safepoint: 55062 ns, Total: 798956 ns
[2020-08-12T21:23:08.463+0000][6][safepoint    ] Safepoint "Cleanup", Time since last: 1283100756 ns, Reaching safepoint: 627982 ns, At safepoint: 43312 ns, Total: 671294 ns
[2020-08-12T21:23:09.464+0000][6][safepoint    ] Safepoint "Cleanup", Time since last: 1000390076 ns, Reaching safepoint: 648607 ns, At safepoint: 44899 ns, Total: 693506 ns
[2020-08-12T21:23:10.465+0000][6][safepoint    ] Safepoint "Cleanup", Time since last: 1000343264 ns, Reaching safepoint: 671119 ns, At safepoint: 39525 ns, Total: 710644 ns
[2020-08-12T21:23:11.467+0000][6][safepoint    ] Safepoint "Cleanup", Time since last: 1000507124 ns, Reaching safepoint: 594070 ns, At safepoint: 50162 ns, Total: 644232 ns
[2020-08-12T21:23:12.468+0000][6][safepoint    ] Safepoint "Cleanup", Time since last: 1000402588 ns, Reaching safepoint: 1097878 ns, At safepoint: 55999 ns, Total: 1153877 ns
[2020-08-12T21:23:13.469+0000][6][safepoint    ] Safepoint "Cleanup", Time since last: 1000342251 ns, Reaching safepoint: 927117 ns, At safepoint: 43037 ns, Total: 970154 ns
[2020-08-12T21:23:14.471+0000][6][safepoint    ] Safepoint "Cleanup", Time since last: 1000337351 ns, Reaching safepoint: 841168 ns, At safepoint: 42812 ns, Total: 883980 ns
[2020-08-12T21:23:16.156+0000][6][safepoint    ] Safepoint "Cleanup", Time since last: 1684323287 ns, Reaching safepoint: 776806 ns, At safepoint: 42812 ns, Total: 819618 ns
[2020-08-12T21:23:17.157+0000][6][safepoint    ] Safepoint "Cleanup", Time since last: 1000392713 ns, Reaching safepoint: 786593 ns, At safepoint: 69987 ns, Total: 856580 ns
[2020-08-12T21:23:18.158+0000][6][safepoint    ] Safepoint "Cleanup", Time since last: 1000387501 ns, Reaching safepoint: 597632 ns, At safepoint: 26837 ns, Total: 624469 ns
[2020-08-12T21:23:19.159+0000][6][safepoint    ] Safepoint "Cleanup", Time since last: 1000247577 ns, Reaching safepoint: 591570 ns, At safepoint: 30649 ns, Total: 622219 ns
[2020-08-12T21:23:21.157+0000][6][safepoint    ] Safepoint "Cleanup", Time since last: 1997213370 ns, Reaching safepoint: 962216 ns, At safepoint: 43275 ns, Total: 1005491 ns
[2020-08-12T21:23:22.158+0000][6][safepoint    ] Safepoint "Cleanup", Time since last: 1000323188 ns, Reaching safepoint: 789844 ns, At safepoint: 45974 ns, Total: 835818 ns
[2020-08-12T21:23:23.159+0000][6][safepoint    ] Safepoint "Cleanup", Time since last: 1000344289 ns, Reaching safepoint: 678106 ns, At safepoint: 45088 ns, Total: 723194 ns
[2020-08-12T21:23:24.161+0000][6][safepoint    ] Safepoint "Cleanup", Time since last: 1000350425 ns, Reaching safepoint: 832143 ns, At safepoint: 43125 ns, Total: 875268 ns
[2020-08-12T21:23:25.190+0000][6][safepoint    ] Safepoint "Cleanup", Time since last: 1028655206 ns, Reaching safepoint: 271747 ns, At safepoint: 10938 ns, Total: 282685 ns
[2020-08-12T21:23:26.639+0000][6][safepoint    ] Safepoint "Cleanup", Time since last: 1449001271 ns, Reaching safepoint: 816343 ns, At safepoint: 43000 ns, Total: 859343 ns
[2020-08-12T21:23:27.640+0000][6][safepoint    ] Safepoint "Cleanup", Time since last: 1000352801 ns, Reaching safepoint: 436446 ns, At safepoint: 43462 ns, Total: 479908 ns
[2020-08-12T21:23:28.641+0000][6][safepoint    ] Safepoint "Cleanup", Time since last: 1000345113 ns, Reaching safepoint: 803231 ns, At safepoint: 43400 ns, Total: 846631 ns
[2020-08-12T21:23:29.643+0000][6][safepoint    ] Safepoint "Cleanup", Time since last: 1000352313 ns, Reaching safepoint: 832268 ns, At safepoint: 43774 ns, Total: 876042 ns
[2020-08-12T21:23:30.644+0000][6][safepoint    ] Safepoint "Cleanup", Time since last: 1000388938 ns, Reaching safepoint: 878480 ns, At safepoint: 46600 ns, Total: 925080 ns
[2020-08-12T21:23:31.645+0000][6][safepoint    ] Safepoint "Cleanup", Time since last: 1000349551 ns, Reaching safepoint: 808793 ns, At safepoint: 45174 ns, Total: 853967 ns
[2020-08-12T21:23:32.646+0000][6][safepoint    ] Safepoint "Cleanup", Time since last: 1000344439 ns, Reaching safepoint: 539682 ns, At safepoint: 43575 ns, Total: 583257 ns
[2020-08-12T21:23:33.647+0000][6][safepoint    ] Safepoint "Cleanup", Time since last: 1000349301 ns, Reaching safepoint: 495546 ns, At safepoint: 47387 ns, Total: 542933 ns
[2020-08-12T21:23:34.648+0000][6][safepoint    ] Safepoint "Cleanup", Time since last: 1000402050 ns, Reaching safepoint: 554383 ns, At safepoint: 46812 ns, Total: 601195 ns
[2020-08-12T21:23:36.190+0000][6][safepoint    ] Safepoint "Cleanup", Time since last: 1540677429 ns, Reaching safepoint: 869505 ns, At safepoint: 42687 ns, Total: 912192 ns
[2020-08-12T21:23:37.191+0000][6][safepoint    ] Safepoint "Cleanup", Time since last: 1000356026 ns, Reaching safepoint: 1074540 ns, At safepoint: 65650 ns, Total: 1140190 ns
[2020-08-12T21:23:38.459+0000][6][safepoint    ] Safepoint "Cleanup", Time since last: 1267651502 ns, Reaching safepoint: 685582 ns, At safepoint: 44687 ns, Total: 730269 ns
[2020-08-12T21:23:39.460+0000][6][safepoint    ] Safepoint "Cleanup", Time since last: 1000338288 ns, Reaching safepoint: 640995 ns, At safepoint: 43862 ns, Total: 684857 ns
[2020-08-12T21:23:41.158+0000][6][safepoint    ] Safepoint "Cleanup", Time since last: 1696491456 ns, Reaching safepoint: 587158 ns, At safepoint: 49549 ns, Total: 636707 ns
[2020-08-12T21:23:42.159+0000][6][safepoint    ] Safepoint "Cleanup", Time since last: 1000344089 ns, Reaching safepoint: 671407 ns, At safepoint: 43362 ns, Total: 714769 ns
[2020-08-12T21:23:43.160+0000][6][safepoint    ] Safepoint "Cleanup", Time since last: 1000455175 ns, Reaching safepoint: 570332 ns, At safepoint: 42775 ns, Total: 613107 ns
[2020-08-12T21:23:44.161+0000][6][safepoint    ] Safepoint "Cleanup", Time since last: 1000386625 ns, Reaching safepoint: 569720 ns, At safepoint: 42700 ns, Total: 612420 ns
[2020-08-12T21:23:45.162+0000][6][safepoint    ] Safepoint "Cleanup", Time since last: 1000392575 ns, Reaching safepoint: 446321 ns, At safepoint: 25338 ns, Total: 471659 ns
[2020-08-12T21:23:46.190+0000][6][safepoint    ] Safepoint "Cleanup", Time since last: 1027601415 ns, Reaching safepoint: 571833 ns, At safepoint: 71062 ns, Total: 642895 ns
[2020-08-12T21:23:47.191+0000][6][safepoint    ] Safepoint "Cleanup", Time since last: 1000384937 ns, Reaching safepoint: 834181 ns, At safepoint: 97811 ns, Total: 931992 ns
[2020-08-12T21:23:48.192+0000][6][safepoint    ] Safepoint "Cleanup", Time since last: 1000302439 ns, Reaching safepoint: 786831 ns, At safepoint: 34412 ns, Total: 821243 ns
[2020-08-12T21:23:49.193+0000][6][safepoint    ] Safepoint "Cleanup", Time since last: 1000303539 ns, Reaching safepoint: 641019 ns, At safepoint: 43550 ns, Total: 684569 ns
[2020-08-12T21:23:50.194+0000][6][safepoint    ] Safepoint "Cleanup", Time since last: 1000321013 ns, Reaching safepoint: 523796 ns, At safepoint: 42499 ns, Total: 566295 ns
[2020-08-12T21:23:51.195+0000][6][safepoint    ] Safepoint "Cleanup", Time since last: 1000300964 ns, Reaching safepoint: 657832 ns, At safepoint: 39925 ns, Total: 697757 ns
[2020-08-12T21:23:52.196+0000][6][safepoint    ] Safepoint "Cleanup", Time since last: 1000278526 ns, Reaching safepoint: 811693 ns, At safepoint: 86199 ns, Total: 897892 ns
[2020-08-12T21:23:53.503+0000][6][safepoint    ] Safepoint "Cleanup", Time since last: 1305647249 ns, Reaching safepoint: 590045 ns, At safepoint: 43287 ns, Total: 633332 ns
[2020-08-12T21:23:54.503+0000][6][safepoint    ] Safepoint "Cleanup", Time since last: 1000296651 ns, Reaching safepoint: 403772 ns, At safepoint: 54712 ns, Total: 458484 ns
[2020-08-12T21:23:55.411+0000][6][safepoint    ] Safepoint "BulkRevokeBias", Time since last: 906139690 ns, Reaching safepoint: 269710 ns, At safepoint: 842655 ns, Total: 1112365 ns
[2020-08-12T21:23:56.412+0000][6][safepoint    ] Safepoint "Cleanup", Time since last: 1000305102 ns, Reaching safepoint: 725568 ns, At safepoint: 54188 ns, Total: 779756 ns
[2020-08-12T21:23:57.413+0000][6][safepoint    ] Safepoint "Cleanup", Time since last: 1000712310 ns, Reaching safepoint: 718156 ns, At safepoint: 35625 ns, Total: 753781 ns
[2020-08-12T21:23:58.414+0000][6][safepoint    ] Safepoint "Cleanup", Time since last: 1000250089 ns, Reaching safepoint: 536283 ns, At safepoint: 51937 ns, Total: 588220 ns
[2020-08-12T21:23:59.415+0000][6][safepoint    ] Safepoint "Cleanup", Time since last: 1000291901 ns, Reaching safepoint: 335485 ns, At safepoint: 14887 ns, Total: 350372 ns
[2020-08-12T21:24:00.158+0000][6][safepoint    ] Safepoint "BulkRevokeBias", Time since last: 742613029 ns, Reaching safepoint: 261985 ns, At safepoint: 849656 ns, Total: 1111641 ns
[2020-08-12T21:24:01.160+0000][6][safepoint    ] Safepoint "Cleanup", Time since last: 1000653911 ns, Reaching safepoint: 780755 ns, At safepoint: 86300 ns, Total: 867055 ns
[2020-08-12T21:24:02.161+0000][6][safepoint    ] Safepoint "Cleanup", Time since last: 1000371750 ns, Reaching safepoint: 813255 ns, At safepoint: 56900 ns, Total: 870155 ns
[2020-08-12T21:24:03.162+0000][6][safepoint    ] Safepoint "Cleanup", Time since last: 1000302951 ns, Reaching safepoint: 344710 ns, At safepoint: 123336 ns, Total: 468046 ns
[2020-08-12T21:24:04.163+0000][6][safepoint    ] Safepoint "Cleanup", Time since last: 1000313460 ns, Reaching safepoint: 435597 ns, At safepoint: 28562 ns, Total: 464159 ns
[2020-08-12T21:24:05.206+0000][6][safepoint    ] Safepoint "Cleanup", Time since last: 1043434634 ns, Reaching safepoint: 262610 ns, At safepoint: 11063 ns, Total: 273673 ns
[2020-08-12T21:24:06.208+0000][6][safepoint    ] Safepoint "Cleanup", Time since last: 1000578894 ns, Reaching safepoint: 626119 ns, At safepoint: 45262 ns, Total: 671381 ns
[2020-08-12T21:24:07.209+0000][6][safepoint    ] Safepoint "Cleanup", Time since last: 1000487282 ns, Reaching safepoint: 912967 ns, At safepoint: 57237 ns, Total: 970204 ns
[2020-08-12T21:24:08.496+0000][6][safepoint    ] Safepoint "Cleanup", Time since last: 1286559860 ns, Reaching safepoint: 771493 ns, At safepoint: 43774 ns, Total: 815267 ns
[2020-08-12T21:24:09.498+0000][6][safepoint    ] Safepoint "Cleanup", Time since last: 1000408646 ns, Reaching safepoint: 662782 ns, At safepoint: 43362 ns, Total: 706144 ns
[2020-08-12T21:24:10.498+0000][6][safepoint    ] Safepoint "Cleanup", Time since last: 1000309946 ns, Reaching safepoint: 455934 ns, At safepoint: 23024 ns, Total: 478958 ns
[2020-08-12T21:24:11.500+0000][6][safepoint    ] Safepoint "Cleanup", Time since last: 1000266022 ns, Reaching safepoint: 859443 ns, At safepoint: 42562 ns, Total: 902005 ns
[2020-08-12T21:24:12.501+0000][6][safepoint    ] Safepoint "Cleanup", Time since last: 1000315046 ns, Reaching safepoint: 836230 ns, At safepoint: 53850 ns, Total: 890080 ns
[2020-08-12T21:24:13.502+0000][6][safepoint    ] Safepoint "Cleanup", Time since last: 1000384320 ns, Reaching safepoint: 574270 ns, At safepoint: 44100 ns, Total: 618370 ns
[2020-08-12T21:24:14.503+0000][6][safepoint    ] Safepoint "Cleanup", Time since last: 1000719367 ns, Reaching safepoint: 853931 ns, At safepoint: 43124 ns, Total: 897055 ns
[2020-08-12T21:24:16.178+0000][6][safepoint    ] Safepoint "Cleanup", Time since last: 1674076230 ns, Reaching safepoint: 762206 ns, At safepoint: 43899 ns, Total: 806105 ns
[2020-08-12T21:24:17.179+0000][6][safepoint    ] Safepoint "Cleanup", Time since last: 1000335784 ns, Reaching safepoint: 641319 ns, At safepoint: 45350 ns, Total: 686669 ns
[2020-08-12T21:24:18.180+0000][6][safepoint    ] Safepoint "Cleanup", Time since last: 1000344208 ns, Reaching safepoint: 634345 ns, At safepoint: 44962 ns, Total: 679307 ns
[2020-08-12T21:24:19.182+0000][6][safepoint    ] Safepoint "Cleanup", Time since last: 1000339133 ns, Reaching safepoint: 818031 ns, At safepoint: 42987 ns, Total: 861018 ns
[2020-08-12T21:24:21.192+0000][6][safepoint    ] Safepoint "Cleanup", Time since last: 2009231355 ns, Reaching safepoint: 907280 ns, At safepoint: 43649 ns, Total: 950929 ns
[2020-08-12T21:24:22.193+0000][6][safepoint    ] Safepoint "Cleanup", Time since last: 1000377296 ns, Reaching safepoint: 837693 ns, At safepoint: 152323 ns, Total: 990016 ns
[2020-08-12T21:24:23.194+0000][6][safepoint    ] Safepoint "Cleanup", Time since last: 1000338546 ns, Reaching safepoint: 693544 ns, At safepoint: 43288 ns, Total: 736832 ns
[2020-08-12T21:24:24.195+0000][6][safepoint    ] Safepoint "Cleanup", Time since last: 1000312558 ns, Reaching safepoint: 444521 ns, At safepoint: 31613 ns, Total: 476134 ns
[2020-08-12T21:24:25.236+0000][6][safepoint    ] Safepoint "Cleanup", Time since last: 1040800844 ns, Reaching safepoint: 360809 ns, At safepoint: 12600 ns, Total: 373409 ns
[2020-08-12T21:24:26.425+0000][6][safepoint    ] Safepoint "Cleanup", Time since last: 1188586398 ns, Reaching safepoint: 650082 ns, At safepoint: 43700 ns, Total: 693782 ns
[2020-08-12T21:24:27.427+0000][6][safepoint    ] Safepoint "Cleanup", Time since last: 1000346271 ns, Reaching safepoint: 1063640 ns, At safepoint: 108674 ns, Total: 1172314 ns
[2020-08-12T21:24:28.428+0000][6][safepoint    ] Safepoint "Cleanup", Time since last: 1000306497 ns, Reaching safepoint: 479958 ns, At safepoint: 24612 ns, Total: 504570 ns
[2020-08-12T21:24:29.428+0000][6][safepoint    ] Safepoint "Cleanup", Time since last: 1000226160 ns, Reaching safepoint: 457483 ns, At safepoint: 21950 ns, Total: 479433 ns
[2020-08-12T21:24:30.429+0000][6][safepoint    ] Safepoint "Cleanup", Time since last: 1000260147 ns, Reaching safepoint: 561757 ns, At safepoint: 43237 ns, Total: 604994 ns
[2020-08-12T21:24:31.430+0000][6][safepoint    ] Safepoint "Cleanup", Time since last: 1000319022 ns, Reaching safepoint: 568645 ns, At safepoint: 52549 ns, Total: 621194 ns
[2020-08-12T21:24:32.431+0000][6][safepoint    ] Safepoint "Cleanup", Time since last: 1000348234 ns, Reaching safepoint: 740706 ns, At safepoint: 53762 ns, Total: 794468 ns
[2020-08-12T21:24:33.432+0000][6][safepoint    ] Safepoint "Cleanup", Time since last: 1000337533 ns, Reaching safepoint: 716382 ns, At safepoint: 44824 ns, Total: 761206 ns
[2020-08-12T21:24:34.434+0000][6][safepoint    ] Safepoint "Cleanup", Time since last: 1000349559 ns, Reaching safepoint: 849830 ns, At safepoint: 43374 ns, Total: 893204 ns
[2020-08-12T21:24:36.197+0000][6][safepoint    ] Safepoint "Cleanup", Time since last: 1762509199 ns, Reaching safepoint: 841818 ns, At safepoint: 43012 ns, Total: 884830 ns
[2020-08-12T21:24:37.198+0000][6][safepoint    ] Safepoint "Cleanup", Time since last: 1000300784 ns, Reaching safepoint: 717094 ns, At safepoint: 31749 ns, Total: 748843 ns
[2020-08-12T21:24:38.403+0000][6][safepoint    ] Safepoint "Cleanup", Time since last: 1204612609 ns, Reaching safepoint: 640157 ns, At safepoint: 43312 ns, Total: 683469 ns
[2020-08-12T21:24:39.404+0000][6][safepoint    ] Safepoint "Cleanup", Time since last: 1000344408 ns, Reaching safepoint: 644907 ns, At safepoint: 43075 ns, Total: 687982 ns
[2020-08-12T21:24:41.163+0000][6][safepoint    ] Safepoint "Cleanup", Time since last: 1757892676 ns, Reaching safepoint: 623757 ns, At safepoint: 43188 ns, Total: 666945 ns
[2020-08-12T21:24:42.164+0000][6][safepoint    ] Safepoint "Cleanup", Time since last: 1000346270 ns, Reaching safepoint: 685845 ns, At safepoint: 43474 ns, Total: 729319 ns
[2020-08-12T21:24:43.165+0000][6][safepoint    ] Safepoint "Cleanup", Time since last: 1000342484 ns, Reaching safepoint: 667106 ns, At safepoint: 42413 ns, Total: 709519 ns
[2020-08-12T21:24:44.166+0000][6][safepoint    ] Safepoint "Cleanup", Time since last: 1000337133 ns, Reaching safepoint: 864855 ns, At safepoint: 44549 ns, Total: 909404 ns
[2020-08-12T21:24:45.167+0000][6][safepoint    ] Safepoint "Cleanup", Time since last: 1000293984 ns, Reaching safepoint: 637357 ns, At safepoint: 26675 ns, Total: 664032 ns
[2020-08-12T21:24:46.291+0000][6][safepoint    ] Safepoint "Cleanup", Time since last: 1122763795 ns, Reaching safepoint: 882330 ns, At safepoint: 43912 ns, Total: 926242 ns
[2020-08-12T21:24:47.292+0000][6][safepoint    ] Safepoint "Cleanup", Time since last: 1000349158 ns, Reaching safepoint: 847655 ns, At safepoint: 45538 ns, Total: 893193 ns
[2020-08-12T21:24:48.293+0000][6][safepoint    ] Safepoint "Cleanup", Time since last: 1000325921 ns, Reaching safepoint: 622319 ns, At safepoint: 51200 ns, Total: 673519 ns
[2020-08-12T21:24:49.294+0000][6][safepoint    ] Safepoint "Cleanup", Time since last: 1000279296 ns, Reaching safepoint: 312223 ns, At safepoint: 34024 ns, Total: 346247 ns
[2020-08-12T21:24:50.295+0000][6][safepoint    ] Safepoint "Cleanup", Time since last: 1000229760 ns, Reaching safepoint: 780281 ns, At safepoint: 41449 ns, Total: 821730 ns
[2020-08-12T21:24:51.296+0000][6][safepoint    ] Safepoint "Cleanup", Time since last: 1000310184 ns, Reaching safepoint: 852718 ns, At safepoint: 46387 ns, Total: 899105 ns
[2020-08-12T21:24:52.297+0000][6][safepoint    ] Safepoint "Cleanup", Time since last: 1000323971 ns, Reaching safepoint: 641432 ns, At safepoint: 45874 ns, Total: 687306 ns
[2020-08-12T21:24:53.298+0000][6][safepoint    ] Safepoint "Cleanup", Time since last: 1000302034 ns, Reaching safepoint: 493108 ns, At safepoint: 26063 ns, Total: 519171 ns
[2020-08-12T21:24:54.299+0000][6][safepoint    ] Safepoint "Cleanup", Time since last: 1000323208 ns, Reaching safepoint: 703606 ns, At safepoint: 45925 ns, Total: 749531 ns
[2020-08-12T21:24:56.261+0000][6][safepoint    ] Safepoint "Cleanup", Time since last: 1961645744 ns, Reaching safepoint: 558807 ns, At safepoint: 37325 ns, Total: 596132 ns
[2020-08-12T21:24:57.263+0000][6][safepoint    ] Safepoint "Cleanup", Time since last: 1000630044 ns, Reaching safepoint: 600244 ns, At safepoint: 32950 ns, Total: 633194 ns
[2020-08-12T21:24:58.264+0000][6][safepoint    ] Safepoint "Cleanup", Time since last: 1000344584 ns, Reaching safepoint: 761943 ns, At safepoint: 42725 ns, Total: 804668 ns
[2020-08-12T21:24:59.265+0000][6][safepoint    ] Safepoint "Cleanup", Time since last: 1000448844 ns, Reaching safepoint: 793656 ns, At safepoint: 44187 ns, Total: 837843 ns
[2020-08-12T21:25:01.168+0000][6][safepoint    ] Safepoint "Cleanup", Time since last: 1901816276 ns, Reaching safepoint: 649182 ns, At safepoint: 49925 ns, Total: 699107 ns
[2020-08-12T21:25:02.169+0000][6][safepoint    ] Safepoint "Cleanup", Time since last: 1000434707 ns, Reaching safepoint: 567145 ns, At safepoint: 43375 ns, Total: 610520 ns
[2020-08-12T21:25:03.169+0000][6][safepoint    ] Safepoint "Cleanup", Time since last: 1000338171 ns, Reaching safepoint: 472033 ns, At safepoint: 23162 ns, Total: 495195 ns
[2020-08-12T21:25:04.170+0000][6][safepoint    ] Safepoint "Cleanup", Time since last: 1000259297 ns, Reaching safepoint: 731369 ns, At safepoint: 33662 ns, Total: 765031 ns
[2020-08-12T21:25:05.215+0000][6][safepoint    ] Safepoint "Cleanup", Time since last: 1042874814 ns, Reaching safepoint: 1767472 ns, At safepoint: 19900 ns, Total: 1787372 ns
[2020-08-12T21:25:06.217+0000][6][safepoint    ] Safepoint "Cleanup", Time since last: 1000594544 ns, Reaching safepoint: 785980 ns, At safepoint: 44063 ns, Total: 830043 ns
[2020-08-12T21:25:07.217+0000][6][safepoint    ] Safepoint "Cleanup", Time since last: 1000287759 ns, Reaching safepoint: 580507 ns, At safepoint: 20975 ns, Total: 601482 ns
[2020-08-12T21:25:08.218+0000][6][safepoint    ] Safepoint "Cleanup", Time since last: 1000225434 ns, Reaching safepoint: 616770 ns, At safepoint: 52912 ns, Total: 669682 ns
[2020-08-12T21:25:09.219+0000][6][safepoint    ] Safepoint "Cleanup", Time since last: 1000308484 ns, Reaching safepoint: 400884 ns, At safepoint: 25625 ns, Total: 426509 ns
[2020-08-12T21:25:10.220+0000][6][safepoint    ] Safepoint "Cleanup", Time since last: 1000225947 ns, Reaching safepoint: 526182 ns, At safepoint: 27563 ns, Total: 553745 ns
[2020-08-12T21:25:11.221+0000][6][safepoint    ] Safepoint "Cleanup", Time since last: 1000430282 ns, Reaching safepoint: 641520 ns, At safepoint: 52837 ns, Total: 694357 ns
[2020-08-12T21:25:12.222+0000][6][safepoint    ] Safepoint "Cleanup", Time since last: 1000336408 ns, Reaching safepoint: 843643 ns, At safepoint: 43137 ns, Total: 886780 ns
[2020-08-12T21:25:13.223+0000][6][safepoint    ] Safepoint "Cleanup", Time since last: 1000304084 ns, Reaching safepoint: 562120 ns, At safepoint: 28337 ns, Total: 590457 ns
[2020-08-12T21:25:14.224+0000][6][safepoint    ] Safepoint "Cleanup", Time since last: 1000285122 ns, Reaching safepoint: 693294 ns, At safepoint: 44062 ns, Total: 737356 ns
[2020-08-12T21:25:16.204+0000][6][safepoint    ] Safepoint "Cleanup", Time since last: 1979353639 ns, Reaching safepoint: 676595 ns, At safepoint: 43737 ns, Total: 720332 ns
[2020-08-12T21:25:17.205+0000][6][safepoint    ] Safepoint "Cleanup", Time since last: 1000380896 ns, Reaching safepoint: 667044 ns, At safepoint: 43837 ns, Total: 710881 ns
[2020-08-12T21:25:18.206+0000][6][safepoint    ] Safepoint "Cleanup", Time since last: 1000346883 ns, Reaching safepoint: 681782 ns, At safepoint: 46224 ns, Total: 728006 ns
[2020-08-12T21:25:19.207+0000][6][safepoint    ] Safepoint "Cleanup", Time since last: 1000294922 ns, Reaching safepoint: 478883 ns, At safepoint: 21187 ns, Total: 500070 ns
[2020-08-12T21:25:21.168+0000][6][safepoint    ] Safepoint "Cleanup", Time since last: 1959847335 ns, Reaching safepoint: 665644 ns, At safepoint: 42037 ns, Total: 707681 ns
[2020-08-12T21:25:22.169+0000][6][safepoint    ] Safepoint "Cleanup", Time since last: 1000375095 ns, Reaching safepoint: 569995 ns, At safepoint: 42463 ns, Total: 612458 ns
[2020-08-12T21:25:23.170+0000][6][safepoint    ] Safepoint "Cleanup", Time since last: 1000434670 ns, Reaching safepoint: 626170 ns, At safepoint: 45124 ns, Total: 671294 ns
[2020-08-12T21:25:24.171+0000][6][safepoint    ] Safepoint "Cleanup", Time since last: 1000439470 ns, Reaching safepoint: 534371 ns, At safepoint: 38212 ns, Total: 572583 ns
[2020-08-12T21:25:25.245+0000][6][safepoint    ] Safepoint "BulkRevokeBias", Time since last: 1072023673 ns, Reaching safepoint: 509296 ns, At safepoint: 1445562 ns, Total: 1954858 ns
[2020-08-12T21:25:26.275+0000][6][safepoint    ] Safepoint "Cleanup", Time since last: 1029586954 ns, Reaching safepoint: 853730 ns, At safepoint: 54612 ns, Total: 908342 ns
[2020-08-12T21:25:27.276+0000][6][safepoint    ] Safepoint "Cleanup", Time since last: 1000351246 ns, Reaching safepoint: 674057 ns, At safepoint: 51650 ns, Total: 725707 ns
[2020-08-12T21:25:28.277+0000][6][safepoint    ] Safepoint "Cleanup", Time since last: 1000288384 ns, Reaching safepoint: 448508 ns, At safepoint: 55562 ns, Total: 504070 ns
[2020-08-12T21:25:29.278+0000][6][safepoint    ] Safepoint "Cleanup", Time since last: 1000313971 ns, Reaching safepoint: 313735 ns, At safepoint: 17375 ns, Total: 331110 ns
[2020-08-12T21:25:30.279+0000][6][safepoint    ] Safepoint "Cleanup", Time since last: 1000278884 ns, Reaching safepoint: 457296 ns, At safepoint: 43175 ns, Total: 500471 ns
[2020-08-12T21:25:31.280+0000][6][safepoint    ] Safepoint "Cleanup", Time since last: 1000376745 ns, Reaching safepoint: 696982 ns, At safepoint: 43937 ns, Total: 740919 ns
[2020-08-12T21:25:32.281+0000][6][safepoint    ] Safepoint "Cleanup", Time since last: 1000403658 ns, Reaching safepoint: 592107 ns, At safepoint: 50275 ns, Total: 642382 ns
[2020-08-12T21:25:33.282+0000][6][safepoint    ] Safepoint "Cleanup", Time since last: 1000396583 ns, Reaching safepoint: 477321 ns, At safepoint: 42962 ns, Total: 520283 ns
[2020-08-12T21:25:34.283+0000][6][safepoint    ] Safepoint "Cleanup", Time since last: 1000397433 ns, Reaching safepoint: 489783 ns, At safepoint: 43712 ns, Total: 533495 ns
[2020-08-12T21:25:36.166+0000][6][safepoint    ] Safepoint "Cleanup", Time since last: 1882980427 ns, Reaching safepoint: 679419 ns, At safepoint: 44850 ns, Total: 724269 ns
[2020-08-12T21:25:37.168+0000][6][safepoint    ] Safepoint "Cleanup", Time since last: 1000287234 ns, Reaching safepoint: 1044941 ns, At safepoint: 27250 ns, Total: 1072191 ns
[2020-08-12T21:25:38.447+0000][6][safepoint    ] Safepoint "Cleanup", Time since last: 1278807138 ns, Reaching safepoint: 677444 ns, At safepoint: 43125 ns, Total: 720569 ns
[2020-08-12T21:25:39.448+0000][6][safepoint    ] Safepoint "Cleanup", Time since last: 1000762230 ns, Reaching safepoint: 344335 ns, At safepoint: 21262 ns, Total: 365597 ns
[2020-08-12T21:25:40.177+0000][6][safepoint    ] Safepoint "BulkRevokeBias", Time since last: 724687053 ns, Reaching safepoint: 494484 ns, At safepoint: 3469144 ns, Total: 3963628 ns
[2020-08-12T21:25:41.184+0000][6][safepoint    ] Safepoint "Cleanup", Time since last: 1005961360 ns, Reaching safepoint: 598957 ns, At safepoint: 50112 ns, Total: 649069 ns
[2020-08-12T21:25:42.185+0000][6][safepoint    ] Safepoint "Cleanup", Time since last: 1000422708 ns, Reaching safepoint: 602882 ns, At safepoint: 44600 ns, Total: 647482 ns
[2020-08-12T21:25:43.186+0000][6][safepoint    ] Safepoint "Cleanup", Time since last: 1000455395 ns, Reaching safepoint: 609907 ns, At safepoint: 43537 ns, Total: 653444 ns
[2020-08-12T21:25:44.187+0000][6][safepoint    ] Safepoint "Cleanup", Time since last: 1000618519 ns, Reaching safepoint: 720731 ns, At safepoint: 36850 ns, Total: 757581 ns
[2020-08-12T21:25:45.178+0000][6][safepoint    ] Safepoint "BulkRevokeBias", Time since last: 989004482 ns, Reaching safepoint: 489533 ns, At safepoint: 1399225 ns, Total: 1888758 ns
[2020-08-12T21:25:46.254+0000][6][safepoint    ] Safepoint "Cleanup", Time since last: 1074951761 ns, Reaching safepoint: 655181 ns, At safepoint: 52512 ns, Total: 707693 ns
[2020-08-12T21:25:47.255+0000][6][safepoint    ] Safepoint "Cleanup", Time since last: 1000613744 ns, Reaching safepoint: 659057 ns, At safepoint: 46437 ns, Total: 705494 ns
[2020-08-12T21:25:48.256+0000][6][safepoint    ] Safepoint "Cleanup", Time since last: 1000340058 ns, Reaching safepoint: 585108 ns, At safepoint: 45262 ns, Total: 630370 ns
[2020-08-12T21:25:49.257+0000][6][safepoint    ] Safepoint "Cleanup", Time since last: 1000334609 ns, Reaching safepoint: 478045 ns, At safepoint: 45050 ns, Total: 523095 ns
[2020-08-12T21:25:50.258+0000][6][safepoint    ] Safepoint "Cleanup", Time since last: 1000429183 ns, Reaching safepoint: 431871 ns, At safepoint: 43512 ns, Total: 475383 ns
[2020-08-12T21:25:51.259+0000][6][safepoint    ] Safepoint "Cleanup", Time since last: 1000387458 ns, Reaching safepoint: 787081 ns, At safepoint: 46862 ns, Total: 833943 ns
[2020-08-12T21:25:52.260+0000][6][safepoint    ] Safepoint "Cleanup", Time since last: 1000339146 ns, Reaching safepoint: 808605 ns, At safepoint: 65062 ns, Total: 873667 ns
[2020-08-12T21:25:53.758+0000][6][safepoint    ] Safepoint "Cleanup", Time since last: 1496936844 ns, Reaching safepoint: 614470 ns, At safepoint: 45149 ns, Total: 659619 ns
[2020-08-12T21:25:54.759+0000][6][safepoint    ] Safepoint "Cleanup", Time since last: 1000395921 ns, Reaching safepoint: 617382 ns, At safepoint: 50912 ns, Total: 668294 ns
[2020-08-12T21:25:56.409+0000][6][safepoint    ] Safepoint "Cleanup", Time since last: 1649341932 ns, Reaching safepoint: 595382 ns, At safepoint: 43900 ns, Total: 639282 ns
[2020-08-12T21:25:57.410+0000][6][safepoint    ] Safepoint "Cleanup", Time since last: 1000398770 ns, Reaching safepoint: 964667 ns, At safepoint: 48800 ns, Total: 1013467 ns
[2020-08-12T21:25:58.411+0000][6][safepoint    ] Safepoint "Cleanup", Time since last: 1000329646 ns, Reaching safepoint: 656506 ns, At safepoint: 43288 ns, Total: 699794 ns
[2020-08-12T21:25:59.412+0000][6][safepoint    ] Safepoint "Cleanup", Time since last: 1000380620 ns, Reaching safepoint: 639207 ns, At safepoint: 44575 ns, Total: 683782 ns
[2020-08-12T21:26:01.173+0000][6][safepoint    ] Safepoint "Cleanup", Time since last: 1760266506 ns, Reaching safepoint: 752156 ns, At safepoint: 45049 ns, Total: 797205 ns
[2020-08-12T21:26:02.174+0000][6][safepoint    ] Safepoint "Cleanup", Time since last: 1000329259 ns, Reaching safepoint: 635232 ns, At safepoint: 49787 ns, Total: 685019 ns
[2020-08-12T21:26:03.175+0000][6][safepoint    ] Safepoint "Cleanup", Time since last: 1000343683 ns, Reaching safepoint: 549808 ns, At safepoint: 42800 ns, Total: 592608 ns
[2020-08-12T21:26:04.176+0000][6][safepoint    ] Safepoint "Cleanup", Time since last: 1000350833 ns, Reaching safepoint: 619182 ns, At safepoint: 43425 ns, Total: 662607 ns
[2020-08-12T21:26:05.270+0000][6][safepoint    ] Safepoint "Cleanup", Time since last: 1091622965 ns, Reaching safepoint: 2017795 ns, At safepoint: 23062 ns, Total: 2040857 ns
[2020-08-12T21:26:06.271+0000][6][safepoint    ] Safepoint "Cleanup", Time since last: 1000684481 ns, Reaching safepoint: 608307 ns, At safepoint: 43700 ns, Total: 652007 ns
[2020-08-12T21:26:07.273+0000][6][safepoint    ] Safepoint "Cleanup", Time since last: 1000319421 ns, Reaching safepoint: 995716 ns, At safepoint: 43912 ns, Total: 1039628 ns
[2020-08-12T21:26:08.448+0000][6][safepoint    ] Safepoint "Cleanup", Time since last: 1173943200 ns, Reaching safepoint: 853655 ns, At safepoint: 42800 ns, Total: 896455 ns
[2020-08-12T21:26:09.449+0000][6][safepoint    ] Safepoint "Cleanup", Time since last: 1000392883 ns, Reaching safepoint: 811731 ns, At safepoint: 42962 ns, Total: 854693 ns
[2020-08-12T21:26:10.450+0000][6][safepoint    ] Safepoint "Cleanup", Time since last: 1000411770 ns, Reaching safepoint: 844818 ns, At safepoint: 43412 ns, Total: 888230 ns
[2020-08-12T21:26:11.451+0000][6][safepoint    ] Safepoint "Cleanup", Time since last: 1000347271 ns, Reaching safepoint: 828943 ns, At safepoint: 42787 ns, Total: 871730 ns
[2020-08-12T21:26:12.453+0000][6][safepoint    ] Safepoint "Cleanup", Time since last: 1000315796 ns, Reaching safepoint: 1014541 ns, At safepoint: 42087 ns, Total: 1056628 ns
[2020-08-12T21:26:13.454+0000][6][safepoint    ] Safepoint "Cleanup", Time since last: 1000303959 ns, Reaching safepoint: 821418 ns, At safepoint: 43387 ns, Total: 864805 ns
[2020-08-12T21:26:14.455+0000][6][safepoint    ] Safepoint "Cleanup", Time since last: 1000406183 ns, Reaching safepoint: 818568 ns, At safepoint: 67112 ns, Total: 885680 ns
[2020-08-12T21:26:16.187+0000][6][safepoint    ] Safepoint "Cleanup", Time since last: 1731009285 ns, Reaching safepoint: 909117 ns, At safepoint: 45487 ns, Total: 954604 ns
[2020-08-12T21:26:17.188+0000][6][safepoint    ] Safepoint "Cleanup", Time since last: 1000345234 ns, Reaching safepoint: 812867 ns, At safepoint: 53775 ns, Total: 866642 ns
[2020-08-12T21:26:18.189+0000][6][safepoint    ] Safepoint "Cleanup", Time since last: 1000321158 ns, Reaching safepoint: 566895 ns, At safepoint: 31313 ns, Total: 598208 ns
[2020-08-12T21:26:19.190+0000][6][safepoint    ] Safepoint "Cleanup", Time since last: 1000286909 ns, Reaching safepoint: 503458 ns, At safepoint: 28962 ns, Total: 532420 ns
[2020-08-12T21:26:21.174+0000][6][safepoint    ] Safepoint "Cleanup", Time since last: 1983508191 ns, Reaching safepoint: 643595 ns, At safepoint: 43387 ns, Total: 686982 ns
[2020-08-12T21:26:22.175+0000][6][safepoint    ] Safepoint "Cleanup", Time since last: 1000344346 ns, Reaching safepoint: 819893 ns, At safepoint: 46287 ns, Total: 866180 ns
[2020-08-12T21:26:23.177+0000][6][safepoint    ] Safepoint "Cleanup", Time since last: 1000340208 ns, Reaching safepoint: 677619 ns, At safepoint: 43238 ns, Total: 720857 ns
[2020-08-12T21:26:24.178+0000][6][safepoint    ] Safepoint "Cleanup", Time since last: 1000444420 ns, Reaching safepoint: 615232 ns, At safepoint: 52862 ns, Total: 668094 ns
[2020-08-12T21:26:25.179+0000][6][safepoint    ] Safepoint "Cleanup", Time since last: 1000275159 ns, Reaching safepoint: 665419 ns, At safepoint: 26112 ns, Total: 691531 ns
[2020-08-12T21:26:26.281+0000][6][safepoint    ] Safepoint "Cleanup", Time since last: 1102020425 ns, Reaching safepoint: 473071 ns, At safepoint: 52787 ns, Total: 525858 ns
[2020-08-12T21:26:27.282+0000][6][safepoint    ] Safepoint "Cleanup", Time since last: 1000337934 ns, Reaching safepoint: 749181 ns, At safepoint: 44712 ns, Total: 793893 ns
[2020-08-12T21:26:28.283+0000][6][safepoint    ] Safepoint "Cleanup", Time since last: 1000305096 ns, Reaching safepoint: 411796 ns, At safepoint: 27600 ns, Total: 439396 ns
[2020-08-12T21:26:29.284+0000][6][safepoint    ] Safepoint "Cleanup", Time since last: 1000277697 ns, Reaching safepoint: 506520 ns, At safepoint: 43338 ns, Total: 549858 ns
[2020-08-12T21:26:30.285+0000][6][safepoint    ] Safepoint "Cleanup", Time since last: 1000466844 ns, Reaching safepoint: 950442 ns, At safepoint: 43350 ns, Total: 993792 ns
[2020-08-12T21:26:31.286+0000][6][safepoint    ] Safepoint "Cleanup", Time since last: 1000348096 ns, Reaching safepoint: 749981 ns, At safepoint: 50487 ns, Total: 800468 ns
[2020-08-12T21:26:32.288+0000][6][safepoint    ] Safepoint "Cleanup", Time since last: 1000342496 ns, Reaching safepoint: 657681 ns, At safepoint: 50700 ns, Total: 708381 ns
[2020-08-12T21:26:33.289+0000][6][safepoint    ] Safepoint "Cleanup", Time since last: 1000349509 ns, Reaching safepoint: 649394 ns, At safepoint: 42562 ns, Total: 691956 ns
[2020-08-12T21:26:34.290+0000][6][safepoint    ] Safepoint "Cleanup", Time since last: 1000442233 ns, Reaching safepoint: 596644 ns, At safepoint: 51012 ns, Total: 647656 ns
[2020-08-12T21:26:35.202+0000][6][safepoint    ] Safepoint "BulkRevokeBias", Time since last: 883205952 ns, Reaching safepoint: 27052452 ns, At safepoint: 1782210 ns, Total: 28834662 ns
[2020-08-12T21:26:36.206+0000][6][safepoint    ] Safepoint "Cleanup", Time since last: 1004060676 ns, Reaching safepoint: 703169 ns, At safepoint: 44174 ns, Total: 747343 ns
[2020-08-12T21:26:37.208+0000][6][safepoint    ] Safepoint "Cleanup", Time since last: 1000347246 ns, Reaching safepoint: 993242 ns, At safepoint: 110124 ns, Total: 1103366 ns
[2020-08-12T21:26:38.209+0000][6][safepoint    ] Safepoint "Cleanup", Time since last: 1000345670 ns, Reaching safepoint: 895968 ns, At safepoint: 56999 ns, Total: 952967 ns
[2020-08-12T21:26:39.210+0000][6][safepoint    ] Safepoint "Cleanup", Time since last: 1000321796 ns, Reaching safepoint: 589845 ns, At safepoint: 43187 ns, Total: 633032 ns
[2020-08-12T21:26:41.176+0000][6][safepoint    ] Safepoint "Cleanup", Time since last: 1964252934 ns, Reaching safepoint: 1218302 ns, At safepoint: 74299 ns, Total: 1292601 ns
[2020-08-12T21:26:42.177+0000][6][safepoint    ] Safepoint "Cleanup", Time since last: 1000380671 ns, Reaching safepoint: 705519 ns, At safepoint: 110774 ns, Total: 816293 ns
[2020-08-12T21:26:43.178+0000][6][safepoint    ] Safepoint "Cleanup", Time since last: 1000347858 ns, Reaching safepoint: 909192 ns, At safepoint: 70000 ns, Total: 979192 ns
[2020-08-12T21:26:44.179+0000][6][safepoint    ] Safepoint "Cleanup", Time since last: 1000363308 ns, Reaching safepoint: 644644 ns, At safepoint: 58900 ns, Total: 703544 ns
[2020-08-12T21:26:45.180+0000][6][safepoint    ] Safepoint "Cleanup", Time since last: 1000289684 ns, Reaching safepoint: 508458 ns, At safepoint: 29962 ns, Total: 538420 ns
[2020-08-12T21:26:46.289+0000][6][safepoint    ] Safepoint "Cleanup", Time since last: 1108084947 ns, Reaching safepoint: 754356 ns, At safepoint: 46062 ns, Total: 800418 ns
[2020-08-12T21:26:47.290+0000][6][safepoint    ] Safepoint "Cleanup", Time since last: 1000346934 ns, Reaching safepoint: 679631 ns, At safepoint: 43950 ns, Total: 723581 ns
[2020-08-12T21:26:48.291+0000][6][safepoint    ] Safepoint "Cleanup", Time since last: 1000297746 ns, Reaching safepoint: 421659 ns, At safepoint: 21475 ns, Total: 443134 ns
[2020-08-12T21:26:49.292+0000][6][safepoint    ] Safepoint "Cleanup", Time since last: 1000297509 ns, Reaching safepoint: 357572 ns, At safepoint: 17437 ns, Total: 375009 ns
[2020-08-12T21:26:50.292+0000][6][safepoint    ] Safepoint "Cleanup", Time since last: 1000182722 ns, Reaching safepoint: 468121 ns, At safepoint: 54800 ns, Total: 522921 ns
[2020-08-12T21:26:51.293+0000][6][safepoint    ] Safepoint "Cleanup", Time since last: 1000341896 ns, Reaching safepoint: 671282 ns, At safepoint: 52287 ns, Total: 723569 ns
[2020-08-12T21:26:52.294+0000][6][safepoint    ] Safepoint "Cleanup", Time since last: 1000406983 ns, Reaching safepoint: 642319 ns, At safepoint: 43400 ns, Total: 685719 ns
[2020-08-12T21:26:53.295+0000][6][safepoint    ] Safepoint "Cleanup", Time since last: 1000343420 ns, Reaching safepoint: 589045 ns, At safepoint: 42487 ns, Total: 631532 ns
[2020-08-12T21:26:54.296+0000][6][safepoint    ] Safepoint "Cleanup", Time since last: 1000344134 ns, Reaching safepoint: 647319 ns, At safepoint: 42675 ns, Total: 689994 ns
[2020-08-12T21:26:55.410+0000][6][safepoint    ] Safepoint "Cleanup", Time since last: 1105336959 ns, Reaching safepoint: 7888231 ns, At safepoint: 30587 ns, Total: 7918818 ns
[2020-08-12T21:26:56.421+0000][6][safepoint    ] Safepoint "Cleanup", Time since last: 1009779452 ns, Reaching safepoint: 1042416 ns, At safepoint: 51024 ns, Total: 1093440 ns
[2020-08-12T21:26:57.423+0000][6][safepoint    ] Safepoint "Cleanup", Time since last: 1000287797 ns, Reaching safepoint: 1978995 ns, At safepoint: 45987 ns, Total: 2024982 ns
[2020-08-12T21:26:58.424+0000][6][safepoint    ] Safepoint "Cleanup", Time since last: 1000445370 ns, Reaching safepoint: 913655 ns, At safepoint: 44024 ns, Total: 957679 ns
[2020-08-12T21:26:59.425+0000][6][safepoint    ] Safepoint "Cleanup", Time since last: 1000344946 ns, Reaching safepoint: 739894 ns, At safepoint: 43462 ns, Total: 783356 ns
[2020-08-12T21:27:01.178+0000][6][safepoint    ] Safepoint "Cleanup", Time since last: 1751458720 ns, Reaching safepoint: 679419 ns, At safepoint: 52124 ns, Total: 731543 ns
[2020-08-12T21:27:02.180+0000][6][safepoint    ] Safepoint "Cleanup", Time since last: 1001417312 ns, Reaching safepoint: 987929 ns, At safepoint: 45662 ns, Total: 1033591 ns
[2020-08-12T21:27:03.181+0000][6][safepoint    ] Safepoint "Cleanup", Time since last: 1000282496 ns, Reaching safepoint: 384647 ns, At safepoint: 18650 ns, Total: 403297 ns
[2020-08-12T21:27:04.182+0000][6][safepoint    ] Safepoint "Cleanup", Time since last: 1000254484 ns, Reaching safepoint: 774356 ns, At safepoint: 43125 ns, Total: 817481 ns
[2020-08-12T21:27:05.204+0000][6][safepoint    ] Safepoint "Cleanup", Time since last: 1019924126 ns, Reaching safepoint: 2366679 ns, At safepoint: 38412 ns, Total: 2405091 ns
[2020-08-12T21:27:06.207+0000][6][safepoint    ] Safepoint "Cleanup", Time since last: 1002610339 ns, Reaching safepoint: 680144 ns, At safepoint: 50800 ns, Total: 730944 ns
[2020-08-12T21:27:07.208+0000][6][safepoint    ] Safepoint "Cleanup", Time since last: 1000341683 ns, Reaching safepoint: 529670 ns, At safepoint: 53438 ns, Total: 583108 ns
[2020-08-12T21:27:08.209+0000][6][safepoint    ] Safepoint "Cleanup", Time since last: 1000340946 ns, Reaching safepoint: 579657 ns, At safepoint: 43725 ns, Total: 623382 ns
[2020-08-12T21:27:09.210+0000][6][safepoint    ] Safepoint "Cleanup", Time since last: 1000290821 ns, Reaching safepoint: 387122 ns, At safepoint: 20362 ns, Total: 407484 ns
[2020-08-12T21:27:10.211+0000][6][safepoint    ] Safepoint "Cleanup", Time since last: 1000235447 ns, Reaching safepoint: 563670 ns, At safepoint: 77987 ns, Total: 641657 ns
[2020-08-12T21:27:11.212+0000][6][safepoint    ] Safepoint "Cleanup", Time since last: 1000320646 ns, Reaching safepoint: 829443 ns, At safepoint: 43524 ns, Total: 872967 ns
[2020-08-12T21:27:12.213+0000][6][safepoint    ] Safepoint "Cleanup", Time since last: 1000349396 ns, Reaching safepoint: 588033 ns, At safepoint: 51937 ns, Total: 639970 ns
[2020-08-12T21:27:13.214+0000][6][safepoint    ] Safepoint "Cleanup", Time since last: 1000349071 ns, Reaching safepoint: 630132 ns, At safepoint: 43174 ns, Total: 673306 ns
[2020-08-12T21:27:14.215+0000][6][safepoint    ] Safepoint "Cleanup", Time since last: 1000345871 ns, Reaching safepoint: 830843 ns, At safepoint: 45287 ns, Total: 876130 ns
[2020-08-12T21:27:16.177+0000][6][safepoint    ] Safepoint "Cleanup", Time since last: 1961223185 ns, Reaching safepoint: 685019 ns, At safepoint: 52837 ns, Total: 737856 ns
[2020-08-12T21:27:17.178+0000][6][safepoint    ] Safepoint "Cleanup", Time since last: 1000352958 ns, Reaching safepoint: 745944 ns, At safepoint: 45724 ns, Total: 791668 ns
[2020-08-12T21:27:18.179+0000][6][safepoint    ] Safepoint "Cleanup", Time since last: 1000330197 ns, Reaching safepoint: 593669 ns, At safepoint: 51500 ns, Total: 645169 ns
[2020-08-12T21:27:19.180+0000][6][safepoint    ] Safepoint "Cleanup", Time since last: 1000354933 ns, Reaching safepoint: 592833 ns, At safepoint: 55549 ns, Total: 648382 ns
[2020-08-12T21:27:20.183+0000][6][safepoint    ] Safepoint "Cleanup", Time since last: 1000984928 ns, Reaching safepoint: 1126153 ns, At safepoint: 52999 ns, Total: 1179152 ns
[2020-08-12T21:27:21.185+0000][6][safepoint    ] Safepoint "Cleanup", Time since last: 1001700784 ns, Reaching safepoint: 871268 ns, At safepoint: 45187 ns, Total: 916455 ns
[2020-08-12T21:27:22.186+0000][6][safepoint    ] Safepoint "Cleanup", Time since last: 1000334721 ns, Reaching safepoint: 662519 ns, At safepoint: 45349 ns, Total: 707868 ns
[2020-08-12T21:27:23.821+0000][6][safepoint    ] Safepoint "Cleanup", Time since last: 1634079678 ns, Reaching safepoint: 683569 ns, At safepoint: 45262 ns, Total: 728831 ns
[2020-08-12T21:27:24.822+0000][6][safepoint    ] Safepoint "Cleanup", Time since last: 1000381896 ns, Reaching safepoint: 626119 ns, At safepoint: 43387 ns, Total: 669506 ns
[2020-08-12T21:27:25.301+0000][6][safepoint    ] Safepoint "BulkRevokeBias", Time since last: 459542420 ns, Reaching safepoint: 18316379 ns, At safepoint: 1206164 ns, Total: 19522543 ns
[2020-08-12T21:27:26.303+0000][6][safepoint    ] Safepoint "Cleanup", Time since last: 1000975491 ns, Reaching safepoint: 1021953 ns, At safepoint: 56312 ns, Total: 1078265 ns
[2020-08-12T21:27:27.304+0000][6][safepoint    ] Safepoint "Cleanup", Time since last: 1000328796 ns, Reaching safepoint: 612507 ns, At safepoint: 44700 ns, Total: 657207 ns
[2020-08-12T21:27:28.305+0000][6][safepoint    ] Safepoint "Cleanup", Time since last: 1000345309 ns, Reaching safepoint: 690356 ns, At safepoint: 43825 ns, Total: 734181 ns
[2020-08-12T21:27:29.306+0000][6][safepoint    ] Safepoint "Cleanup", Time since last: 1000328121 ns, Reaching safepoint: 419646 ns, At safepoint: 24237 ns, Total: 443883 ns
[2020-08-12T21:27:30.307+0000][6][safepoint    ] Safepoint "Cleanup", Time since last: 1000207697 ns, Reaching safepoint: 499159 ns, At safepoint: 14562 ns, Total: 513721 ns
[2020-08-12T21:27:31.308+0000][6][safepoint    ] Safepoint "Cleanup", Time since last: 1000246209 ns, Reaching safepoint: 591720 ns, At safepoint: 44725 ns, Total: 636445 ns
[2020-08-12T21:27:32.309+0000][6][safepoint    ] Safepoint "Cleanup", Time since last: 1000399483 ns, Reaching safepoint: 745106 ns, At safepoint: 43237 ns, Total: 788343 ns
[2020-08-12T21:27:33.310+0000][6][safepoint    ] Safepoint "Cleanup", Time since last: 1000376358 ns, Reaching safepoint: 336235 ns, At safepoint: 27149 ns, Total: 363384 ns
[2020-08-12T21:27:34.311+0000][6][safepoint    ] Safepoint "Cleanup", Time since last: 1000347484 ns, Reaching safepoint: 775268 ns, At safepoint: 43400 ns, Total: 818668 ns
[2020-08-12T21:27:36.179+0000][6][safepoint    ] Safepoint "Cleanup", Time since last: 1867236889 ns, Reaching safepoint: 801405 ns, At safepoint: 43400 ns, Total: 844805 ns
[2020-08-12T21:27:37.180+0000][6][safepoint    ] Safepoint "Cleanup", Time since last: 1000330433 ns, Reaching safepoint: 591433 ns, At safepoint: 26262 ns, Total: 617695 ns
[2020-08-12T21:27:38.181+0000][6][safepoint    ] Safepoint "Cleanup", Time since last: 1000264984 ns, Reaching safepoint: 774118 ns, At safepoint: 88337 ns, Total: 862455 ns
[2020-08-12T21:27:39.182+0000][6][safepoint    ] Safepoint "Cleanup", Time since last: 1000340546 ns, Reaching safepoint: 841043 ns, At safepoint: 43974 ns, Total: 885017 ns
[2020-08-12T21:27:40.183+0000][6][safepoint    ] Safepoint "Cleanup", Time since last: 1000202660 ns, Reaching safepoint: 636044 ns, At safepoint: 24963 ns, Total: 661007 ns
[2020-08-12T21:27:41.185+0000][6][safepoint    ] Safepoint "Cleanup", Time since last: 1001088952 ns, Reaching safepoint: 552245 ns, At safepoint: 44312 ns, Total: 596557 ns
[2020-08-12T21:27:42.186+0000][6][safepoint    ] Safepoint "Cleanup", Time since last: 1000413795 ns, Reaching safepoint: 614995 ns, At safepoint: 43550 ns, Total: 658545 ns
[2020-08-12T21:27:43.187+0000][6][safepoint    ] Safepoint "Cleanup", Time since last: 1000391470 ns, Reaching safepoint: 569545 ns, At safepoint: 43062 ns, Total: 612607 ns
[2020-08-12T21:27:44.188+0000][6][safepoint    ] Safepoint "Cleanup", Time since last: 1000445008 ns, Reaching safepoint: 588757 ns, At safepoint: 52125 ns, Total: 640882 ns
[2020-08-12T21:27:45.189+0000][6][safepoint    ] Safepoint "Cleanup", Time since last: 1000341408 ns, Reaching safepoint: 554071 ns, At safepoint: 38637 ns, Total: 592708 ns
[2020-08-12T21:27:46.302+0000][6][safepoint    ] Safepoint "Cleanup", Time since last: 1112628870 ns, Reaching safepoint: 788031 ns, At safepoint: 55874 ns, Total: 843905 ns
[2020-08-12T21:27:47.303+0000][6][safepoint    ] Safepoint "Cleanup", Time since last: 1000340671 ns, Reaching safepoint: 801543 ns, At safepoint: 46525 ns, Total: 848068 ns
[2020-08-12T21:27:48.304+0000][6][safepoint    ] Safepoint "Cleanup", Time since last: 1000357846 ns, Reaching safepoint: 481671 ns, At safepoint: 53487 ns, Total: 535158 ns
[2020-08-12T21:27:49.305+0000][6][safepoint    ] Safepoint "Cleanup", Time since last: 1000341883 ns, Reaching safepoint: 607070 ns, At safepoint: 44162 ns, Total: 651232 ns
[2020-08-12T21:27:50.306+0000][6][safepoint    ] Safepoint "Cleanup", Time since last: 1000297421 ns, Reaching safepoint: 546983 ns, At safepoint: 31637 ns, Total: 578620 ns
[2020-08-12T21:27:51.307+0000][6][safepoint    ] Safepoint "Cleanup", Time since last: 1000223260 ns, Reaching safepoint: 366259 ns, At safepoint: 17750 ns, Total: 384009 ns
[2020-08-12T21:27:52.308+0000][6][safepoint    ] Safepoint "Cleanup", Time since last: 1000336821 ns, Reaching safepoint: 627157 ns, At safepoint: 43849 ns, Total: 671006 ns
[2020-08-12T21:27:53.309+0000][6][safepoint    ] Safepoint "Cleanup", Time since last: 1000444545 ns, Reaching safepoint: 519233 ns, At safepoint: 43200 ns, Total: 562433 ns
[2020-08-12T21:27:54.310+0000][6][safepoint    ] Safepoint "Cleanup", Time since last: 1000395246 ns, Reaching safepoint: 860092 ns, At safepoint: 42975 ns, Total: 903067 ns
[2020-08-12T21:27:56.311+0000][6][safepoint    ] Safepoint "Cleanup", Time since last: 1999915586 ns, Reaching safepoint: 798080 ns, At safepoint: 85762 ns, Total: 883842 ns
[2020-08-12T21:27:57.312+0000][6][safepoint    ] Safepoint "Cleanup", Time since last: 1000285734 ns, Reaching safepoint: 543046 ns, At safepoint: 19549 ns, Total: 562595 ns
[2020-08-12T21:27:58.498+0000][6][safepoint    ] Safepoint "Cleanup", Time since last: 1185526812 ns, Reaching safepoint: 914417 ns, At safepoint: 43825 ns, Total: 958242 ns
[2020-08-12T21:27:59.499+0000][6][safepoint    ] Safepoint "Cleanup", Time since last: 1000374546 ns, Reaching safepoint: 695494 ns, At safepoint: 45637 ns, Total: 741131 ns
[2020-08-12T21:28:01.185+0000][6][safepoint    ] Safepoint "Cleanup", Time since last: 1684484389 ns, Reaching safepoint: 658094 ns, At safepoint: 43312 ns, Total: 701406 ns
[2020-08-12T21:28:02.186+0000][6][safepoint    ] Safepoint "Cleanup", Time since last: 1000427858 ns, Reaching safepoint: 774643 ns, At safepoint: 43625 ns, Total: 818268 ns
[2020-08-12T21:28:03.187+0000][6][safepoint    ] Safepoint "Cleanup", Time since last: 1000394008 ns, Reaching safepoint: 868792 ns, At safepoint: 43038 ns, Total: 911830 ns
[2020-08-12T21:28:04.188+0000][6][safepoint    ] Safepoint "Cleanup", Time since last: 1000332445 ns, Reaching safepoint: 842106 ns, At safepoint: 43212 ns, Total: 885318 ns
[2020-08-12T21:28:05.248+0000][6][safepoint    ] Safepoint "Cleanup", Time since last: 1000788992 ns, Reaching safepoint: 58845714 ns, At safepoint: 56924 ns, Total: 58902638 ns
[2020-08-12T21:28:06.490+0000][6][safepoint    ] Safepoint "Cleanup", Time since last: 1241047155 ns, Reaching safepoint: 679944 ns, At safepoint: 43262 ns, Total: 723206 ns
[2020-08-12T21:28:07.491+0000][6][safepoint    ] Safepoint "Cleanup", Time since last: 1000344558 ns, Reaching safepoint: 698019 ns, At safepoint: 77862 ns, Total: 775881 ns
[2020-08-12T21:28:08.492+0000][6][safepoint    ] Safepoint "Cleanup", Time since last: 1000311609 ns, Reaching safepoint: 517020 ns, At safepoint: 43463 ns, Total: 560483 ns
[2020-08-12T21:28:09.493+0000][6][safepoint    ] Safepoint "Cleanup", Time since last: 1000408533 ns, Reaching safepoint: 395359 ns, At safepoint: 43762 ns, Total: 439121 ns
[2020-08-12T21:28:10.493+0000][6][safepoint    ] Safepoint "Cleanup", Time since last: 1000343821 ns, Reaching safepoint: 418109 ns, At safepoint: 42962 ns, Total: 461071 ns
[2020-08-12T21:28:11.494+0000][6][safepoint    ] Safepoint "Cleanup", Time since last: 1000349733 ns, Reaching safepoint: 650244 ns, At safepoint: 44487 ns, Total: 694731 ns
[2020-08-12T21:28:12.496+0000][6][safepoint    ] Safepoint "Cleanup", Time since last: 1000337534 ns, Reaching safepoint: 1028379 ns, At safepoint: 99011 ns, Total: 1127390 ns
[2020-08-12T21:28:13.498+0000][6][safepoint    ] Safepoint "Cleanup", Time since last: 1001413549 ns, Reaching safepoint: 848718 ns, At safepoint: 42900 ns, Total: 891618 ns
[2020-08-12T21:28:14.500+0000][6][safepoint    ] Safepoint "Cleanup", Time since last: 1000424632 ns, Reaching safepoint: 839468 ns, At safepoint: 56250 ns, Total: 895718 ns
[2020-08-12T21:28:16.278+0000][6][safepoint    ] Safepoint "Cleanup", Time since last: 1778238024 ns, Reaching safepoint: 611295 ns, At safepoint: 43400 ns, Total: 654695 ns
[2020-08-12T21:28:17.279+0000][6][safepoint    ] Safepoint "Cleanup", Time since last: 1000315146 ns, Reaching safepoint: 519320 ns, At safepoint: 128987 ns, Total: 648307 ns
[2020-08-12T21:28:18.280+0000][6][safepoint    ] Safepoint "Cleanup", Time since last: 1000291158 ns, Reaching safepoint: 505646 ns, At safepoint: 43175 ns, Total: 548821 ns
[2020-08-12T21:28:19.281+0000][6][safepoint    ] Safepoint "Cleanup", Time since last: 1000339158 ns, Reaching safepoint: 540921 ns, At safepoint: 45649 ns, Total: 586570 ns
[2020-08-12T21:28:21.182+0000][6][safepoint    ] Safepoint "Cleanup", Time since last: 1900495275 ns, Reaching safepoint: 748556 ns, At safepoint: 53837 ns, Total: 802393 ns
[2020-08-12T21:28:22.184+0000][6][safepoint    ] Safepoint "Cleanup", Time since last: 1000347208 ns, Reaching safepoint: 654907 ns, At safepoint: 51687 ns, Total: 706594 ns
[2020-08-12T21:28:23.185+0000][6][safepoint    ] Safepoint "Cleanup", Time since last: 1000435521 ns, Reaching safepoint: 598207 ns, At safepoint: 50499 ns, Total: 648706 ns
[2020-08-12T21:28:24.186+0000][6][safepoint    ] Safepoint "Cleanup", Time since last: 1000349959 ns, Reaching safepoint: 573895 ns, At safepoint: 44137 ns, Total: 618032 ns
[2020-08-12T21:28:25.186+0000][6][safepoint    ] Safepoint "Cleanup", Time since last: 1000291921 ns, Reaching safepoint: 558396 ns, At safepoint: 24749 ns, Total: 583145 ns
[2020-08-12T21:28:26.413+0000][6][safepoint    ] Safepoint "Cleanup", Time since last: 1225588177 ns, Reaching safepoint: 630657 ns, At safepoint: 51812 ns, Total: 682469 ns
[2020-08-12T21:28:27.414+0000][6][safepoint    ] Safepoint "Cleanup", Time since last: 1000396208 ns, Reaching safepoint: 870742 ns, At safepoint: 67375 ns, Total: 938117 ns
[2020-08-12T21:28:28.829+0000][6][safepoint    ] Safepoint "Cleanup", Time since last: 1413837790 ns, Reaching safepoint: 802606 ns, At safepoint: 43949 ns, Total: 846555 ns
[2020-08-12T21:28:29.830+0000][6][safepoint    ] Safepoint "Cleanup", Time since last: 1000432408 ns, Reaching safepoint: 827618 ns, At safepoint: 44612 ns, Total: 872230 ns
[2020-08-12T21:28:30.831+0000][6][safepoint    ] Safepoint "Cleanup", Time since last: 1000396558 ns, Reaching safepoint: 798118 ns, At safepoint: 45562 ns, Total: 843680 ns
[2020-08-12T21:28:31.832+0000][6][safepoint    ] Safepoint "Cleanup", Time since last: 1000325634 ns, Reaching safepoint: 663094 ns, At safepoint: 50712 ns, Total: 713806 ns
[2020-08-12T21:28:32.833+0000][6][safepoint    ] Safepoint "Cleanup", Time since last: 1000346446 ns, Reaching safepoint: 452259 ns, At safepoint: 43824 ns, Total: 496083 ns
[2020-08-12T21:28:33.835+0000][6][safepoint    ] Safepoint "Cleanup", Time since last: 1000820917 ns, Reaching safepoint: 786631 ns, At safepoint: 42812 ns, Total: 829443 ns
[2020-08-12T21:28:34.836+0000][6][safepoint    ] Safepoint "Cleanup", Time since last: 1000388195 ns, Reaching safepoint: 965667 ns, At safepoint: 58149 ns, Total: 1023816 ns
[2020-08-12T21:28:36.316+0000][6][safepoint    ] Safepoint "Cleanup", Time since last: 1478594979 ns, Reaching safepoint: 855842 ns, At safepoint: 42787 ns, Total: 898629 ns
[2020-08-12T21:28:37.317+0000][6][safepoint    ] Safepoint "Cleanup", Time since last: 1000376784 ns, Reaching safepoint: 1102940 ns, At safepoint: 54962 ns, Total: 1157902 ns
[2020-08-12T21:28:38.319+0000][6][safepoint    ] Safepoint "Cleanup", Time since last: 1000352396 ns, Reaching safepoint: 848692 ns, At safepoint: 43900 ns, Total: 892592 ns
[2020-08-12T21:28:39.319+0000][6][safepoint    ] Safepoint "Cleanup", Time since last: 1000317209 ns, Reaching safepoint: 597482 ns, At safepoint: 29550 ns, Total: 627032 ns
[2020-08-12T21:28:41.189+0000][6][safepoint    ] Safepoint "Cleanup", Time since last: 1868519577 ns, Reaching safepoint: 789743 ns, At safepoint: 43100 ns, Total: 832843 ns
[2020-08-12T21:28:42.190+0000][6][safepoint    ] Safepoint "Cleanup", Time since last: 1000446695 ns, Reaching safepoint: 827243 ns, At safepoint: 46075 ns, Total: 873318 ns
[2020-08-12T21:28:43.191+0000][6][safepoint    ] Safepoint "Cleanup", Time since last: 1000346608 ns, Reaching safepoint: 730956 ns, At safepoint: 45025 ns, Total: 775981 ns
[2020-08-12T21:28:44.192+0000][6][safepoint    ] Safepoint "Cleanup", Time since last: 1000346146 ns, Reaching safepoint: 703094 ns, At safepoint: 44099 ns, Total: 747193 ns
[2020-08-12T21:28:45.324+0000][6][safepoint    ] Safepoint "Cleanup", Time since last: 1130789388 ns, Reaching safepoint: 378759 ns, At safepoint: 19450 ns, Total: 398209 ns
[2020-08-12T21:28:46.325+0000][6][safepoint    ] Safepoint "Cleanup", Time since last: 1001035065 ns, Reaching safepoint: 682519 ns, At safepoint: 51299 ns, Total: 733818 ns
[2020-08-12T21:28:47.326+0000][6][safepoint    ] Safepoint "Cleanup", Time since last: 1000342659 ns, Reaching safepoint: 656807 ns, At safepoint: 44237 ns, Total: 701044 ns
[2020-08-12T21:28:48.855+0000][6][safepoint    ] Safepoint "Cleanup", Time since last: 1528206110 ns, Reaching safepoint: 655406 ns, At safepoint: 51075 ns, Total: 706481 ns
[2020-08-12T21:28:49.857+0000][6][safepoint    ] Safepoint "Cleanup", Time since last: 1000344783 ns, Reaching safepoint: 848280 ns, At safepoint: 43375 ns, Total: 891655 ns
[2020-08-12T21:28:50.858+0000][6][safepoint    ] Safepoint "Cleanup", Time since last: 1000345558 ns, Reaching safepoint: 861630 ns, At safepoint: 43000 ns, Total: 904630 ns
[2020-08-12T21:28:51.859+0000][6][safepoint    ] Safepoint "Cleanup", Time since last: 1000398496 ns, Reaching safepoint: 853905 ns, At safepoint: 45174 ns, Total: 899079 ns
[2020-08-12T21:28:52.860+0000][6][safepoint    ] Safepoint "Cleanup", Time since last: 1000281522 ns, Reaching safepoint: 265848 ns, At safepoint: 11699 ns, Total: 277547 ns
[2020-08-12T21:28:53.861+0000][6][safepoint    ] Safepoint "Cleanup", Time since last: 1000242460 ns, Reaching safepoint: 654557 ns, At safepoint: 44149 ns, Total: 698706 ns
[2020-08-12T21:28:54.862+0000][6][safepoint    ] Safepoint "Cleanup", Time since last: 1000391871 ns, Reaching safepoint: 592532 ns, At safepoint: 43612 ns, Total: 636144 ns
[2020-08-12T21:28:56.299+0000][6][safepoint    ] Safepoint "Cleanup", Time since last: 1436376095 ns, Reaching safepoint: 845930 ns, At safepoint: 109537 ns, Total: 955467 ns
[2020-08-12T21:28:57.300+0000][6][safepoint    ] Safepoint "Cleanup", Time since last: 1000340646 ns, Reaching safepoint: 880755 ns, At safepoint: 45412 ns, Total: 926167 ns
[2020-08-12T21:28:58.301+0000][6][safepoint    ] Safepoint "Cleanup", Time since last: 1000335696 ns, Reaching safepoint: 739656 ns, At safepoint: 37599 ns, Total: 777255 ns
[2020-08-12T21:28:59.302+0000][6][safepoint    ] Safepoint "Cleanup", Time since last: 1000331072 ns, Reaching safepoint: 632507 ns, At safepoint: 43862 ns, Total: 676369 ns
[2020-08-12T21:29:01.190+0000][6][safepoint    ] Safepoint "Cleanup", Time since last: 1886760981 ns, Reaching safepoint: 584133 ns, At safepoint: 43812 ns, Total: 627945 ns
[2020-08-12T21:29:02.191+0000][6][safepoint    ] Safepoint "Cleanup", Time since last: 1000384933 ns, Reaching safepoint: 588945 ns, At safepoint: 45787 ns, Total: 634732 ns
[2020-08-12T21:29:03.192+0000][6][safepoint    ] Safepoint "Cleanup", Time since last: 1000395908 ns, Reaching safepoint: 837143 ns, At safepoint: 48787 ns, Total: 885930 ns
[2020-08-12T21:29:04.193+0000][6][safepoint    ] Safepoint "Cleanup", Time since last: 1000259034 ns, Reaching safepoint: 819893 ns, At safepoint: 57087 ns, Total: 876980 ns
[2020-08-12T21:29:05.194+0000][6][safepoint    ] Safepoint "Cleanup", Time since last: 1000290996 ns, Reaching safepoint: 537258 ns, At safepoint: 26962 ns, Total: 564220 ns
[2020-08-12T21:29:05.281+0000][6][gc,start     ] GC(41) Pause Young (Normal) (G1 Evacuation Pause)
[2020-08-12T21:29:05.281+0000][6][gc,task      ] GC(41) Using 2 workers of 2 for evacuation
[2020-08-12T21:29:05.281+0000][6][gc,age       ] GC(41) Desired survivor size 80740352 bytes, new threshold 15 (max threshold 15)
[2020-08-12T21:29:05.333+0000][6][gc,age       ] GC(41) Age table with threshold 15 (max threshold 15)
[2020-08-12T21:29:05.333+0000][6][gc,age       ] GC(41) - age   1:     714840 bytes,     714840 total
[2020-08-12T21:29:05.333+0000][6][gc,age       ] GC(41) - age   2:     149592 bytes,     864432 total
[2020-08-12T21:29:05.333+0000][6][gc,age       ] GC(41) - age   3:     129832 bytes,     994264 total
[2020-08-12T21:29:05.334+0000][6][gc,age       ] GC(41) - age   4:      36832 bytes,    1031096 total
[2020-08-12T21:29:05.334+0000][6][gc,age       ] GC(41) - age   5:     111976 bytes,    1143072 total
[2020-08-12T21:29:05.334+0000][6][gc,age       ] GC(41) - age   6:       6664 bytes,    1149736 total
[2020-08-12T21:29:05.334+0000][6][gc,age       ] GC(41) - age   7:      23496 bytes,    1173232 total
[2020-08-12T21:29:05.334+0000][6][gc,age       ] GC(41) - age   8:      13992 bytes,    1187224 total
[2020-08-12T21:29:05.334+0000][6][gc,age       ] GC(41) - age   9:      11120 bytes,    1198344 total
[2020-08-12T21:29:05.334+0000][6][gc,age       ] GC(41) - age  10:       6064 bytes,    1204408 total
[2020-08-12T21:29:05.334+0000][6][gc,age       ] GC(41) - age  11:      98584 bytes,    1302992 total
[2020-08-12T21:29:05.334+0000][6][gc,age       ] GC(41) - age  12:     142600 bytes,    1445592 total
[2020-08-12T21:29:05.334+0000][6][gc,age       ] GC(41) - age  13:      71480 bytes,    1517072 total
[2020-08-12T21:29:05.334+0000][6][gc,age       ] GC(41) - age  14:     177904 bytes,    1694976 total
[2020-08-12T21:29:05.334+0000][6][gc,age       ] GC(41) - age  15:     133552 bytes,    1828528 total
[2020-08-12T21:29:05.334+0000][6][gc,phases    ] GC(41)   Pre Evacuate Collection Set: 0.7ms
[2020-08-12T21:29:05.334+0000][6][gc,phases    ] GC(41)   Merge Heap Roots: 0.5ms
[2020-08-12T21:29:05.334+0000][6][gc,phases    ] GC(41)   Evacuate Collection Set: 46.1ms
[2020-08-12T21:29:05.334+0000][6][gc,phases    ] GC(41)   Post Evacuate Collection Set: 4.7ms
[2020-08-12T21:29:05.334+0000][6][gc,phases    ] GC(41)   Other: 1.2ms
[2020-08-12T21:29:05.334+0000][6][gc,heap      ] GC(41) Eden regions: 1226->0(1226)
[2020-08-12T21:29:05.334+0000][6][gc,heap      ] GC(41) Survivor regions: 2->2(154)
[2020-08-12T21:29:05.334+0000][6][gc,heap      ] GC(41) Old regions: 80->80
[2020-08-12T21:29:05.334+0000][6][gc,heap      ] GC(41) Archive regions: 2->2
[2020-08-12T21:29:05.334+0000][6][gc,heap      ] GC(41) Humongous regions: 75->75
[2020-08-12T21:29:05.334+0000][6][gc,metaspace ] GC(41) Metaspace: 97409K(105132K)->97409K(105132K) NonClass: 84842K(89516K)->84842K(89516K) Class: 12566K(15616K)->12566K(15616K)
[2020-08-12T21:29:05.335+0000][6][gc           ] GC(41) Pause Young (Normal) (G1 Evacuation Pause) 1383M->157M(2048M) 53.621ms
[2020-08-12T21:29:05.335+0000][6][gc,cpu       ] GC(41) User=0.04s Sys=0.01s Real=0.06s
[2020-08-12T21:29:05.335+0000][6][safepoint    ] Safepoint "G1CollectForAllocation", Time since last: 86472399 ns, Reaching safepoint: 370459 ns, At safepoint: 53926919 ns, Total: 54297378 ns
[2020-08-12T21:29:05.371+0000][6][safepoint    ] Safepoint "BulkRevokeBias", Time since last: 33313411 ns, Reaching safepoint: 409421 ns, At safepoint: 2425279 ns, Total: 2834700 ns
[2020-08-12T21:29:06.372+0000][6][safepoint    ] Safepoint "Cleanup", Time since last: 1000238685 ns, Reaching safepoint: 930592 ns, At safepoint: 46399 ns, Total: 976991 ns
[2020-08-12T21:29:07.373+0000][6][safepoint    ] Safepoint "Cleanup", Time since last: 1000343209 ns, Reaching safepoint: 482895 ns, At safepoint: 45437 ns, Total: 528332 ns
[2020-08-12T21:29:08.374+0000][6][safepoint    ] Safepoint "Cleanup", Time since last: 1000341534 ns, Reaching safepoint: 662069 ns, At safepoint: 51187 ns, Total: 713256 ns
[2020-08-12T21:29:09.375+0000][6][safepoint    ] Safepoint "Cleanup", Time since last: 1000321859 ns, Reaching safepoint: 361397 ns, At safepoint: 43462 ns, Total: 404859 ns
[2020-08-12T21:29:10.376+0000][6][safepoint    ] Safepoint "Cleanup", Time since last: 1000399520 ns, Reaching safepoint: 653782 ns, At safepoint: 104099 ns, Total: 757881 ns
[2020-08-12T21:29:11.377+0000][6][safepoint    ] Safepoint "Cleanup", Time since last: 1000347984 ns, Reaching safepoint: 678019 ns, At safepoint: 44862 ns, Total: 722881 ns
[2020-08-12T21:29:12.378+0000][6][safepoint    ] Safepoint "Cleanup", Time since last: 1000348733 ns, Reaching safepoint: 823143 ns, At safepoint: 45662 ns, Total: 868805 ns
[2020-08-12T21:29:13.379+0000][6][safepoint    ] Safepoint "Cleanup", Time since last: 1000343384 ns, Reaching safepoint: 630844 ns, At safepoint: 45900 ns, Total: 676744 ns
[2020-08-12T21:29:14.380+0000][6][safepoint    ] Safepoint "Cleanup", Time since last: 1000343946 ns, Reaching safepoint: 652432 ns, At safepoint: 43237 ns, Total: 695669 ns
[2020-08-12T21:29:15.191+0000][6][safepoint    ] Safepoint "BulkRevokeBias", Time since last: 808341726 ns, Reaching safepoint: 497846 ns, At safepoint: 1520612 ns, Total: 2018458 ns
[2020-08-12T21:29:16.192+0000][6][safepoint    ] Safepoint "Cleanup", Time since last: 1000740305 ns, Reaching safepoint: 593695 ns, At safepoint: 44187 ns, Total: 637882 ns
[2020-08-12T21:29:17.193+0000][6][safepoint    ] Safepoint "Cleanup", Time since last: 1000354846 ns, Reaching safepoint: 624344 ns, At safepoint: 44412 ns, Total: 668756 ns
[2020-08-12T21:29:18.194+0000][6][safepoint    ] Safepoint "Cleanup", Time since last: 1000343221 ns, Reaching safepoint: 612020 ns, At safepoint: 40474 ns, Total: 652494 ns
[2020-08-12T21:29:19.195+0000][6][safepoint    ] Safepoint "Cleanup", Time since last: 1000304672 ns, Reaching safepoint: 446209 ns, At safepoint: 28712 ns, Total: 474921 ns
[2020-08-12T21:29:21.193+0000][6][safepoint    ] Safepoint "Cleanup", Time since last: 1997855879 ns, Reaching safepoint: 646632 ns, At safepoint: 44587 ns, Total: 691219 ns
[2020-08-12T21:29:22.194+0000][6][safepoint    ] Safepoint "Cleanup", Time since last: 1000345321 ns, Reaching safepoint: 664194 ns, At safepoint: 44137 ns, Total: 708331 ns
[2020-08-12T21:29:23.196+0000][6][safepoint    ] Safepoint "Cleanup", Time since last: 1000341821 ns, Reaching safepoint: 830580 ns, At safepoint: 43450 ns, Total: 874030 ns
[2020-08-12T21:29:24.197+0000][6][safepoint    ] Safepoint "Cleanup", Time since last: 1000350046 ns, Reaching safepoint: 820855 ns, At safepoint: 43537 ns, Total: 864392 ns
[2020-08-12T21:29:25.175+0000][6][safepoint    ] Safepoint "BulkRevokeBias", Time since last: 976428792 ns, Reaching safepoint: 388759 ns, At safepoint: 1075315 ns, Total: 1464074 ns
[2020-08-12T21:29:26.352+0000][6][safepoint    ] Safepoint "Cleanup", Time since last: 1176295705 ns, Reaching safepoint: 612345 ns, At safepoint: 51274 ns, Total: 663619 ns
[2020-08-12T21:29:27.353+0000][6][safepoint    ] Safepoint "Cleanup", Time since last: 1000413608 ns, Reaching safepoint: 581295 ns, At safepoint: 43450 ns, Total: 624745 ns
[2020-08-12T21:29:28.354+0000][6][safepoint    ] Safepoint "Cleanup", Time since last: 1000381570 ns, Reaching safepoint: 1162003 ns, At safepoint: 23437 ns, Total: 1185440 ns
[2020-08-12T21:29:29.355+0000][6][safepoint    ] Safepoint "Cleanup", Time since last: 1000203110 ns, Reaching safepoint: 471558 ns, At safepoint: 26987 ns, Total: 498545 ns
[2020-08-12T21:29:30.356+0000][6][safepoint    ] Safepoint "Cleanup", Time since last: 1000190160 ns, Reaching safepoint: 478421 ns, At safepoint: 74687 ns, Total: 553108 ns
[2020-08-12T21:29:31.357+0000][6][safepoint    ] Safepoint "Cleanup", Time since last: 1000405370 ns, Reaching safepoint: 617607 ns, At safepoint: 52137 ns, Total: 669744 ns
[2020-08-12T21:29:32.358+0000][6][safepoint    ] Safepoint "Cleanup", Time since last: 1000477033 ns, Reaching safepoint: 829280 ns, At safepoint: 44925 ns, Total: 874205 ns
[2020-08-12T21:29:33.359+0000][6][safepoint    ] Safepoint "Cleanup", Time since last: 1000312546 ns, Reaching safepoint: 320672 ns, At safepoint: 11163 ns, Total: 331835 ns
[2020-08-12T21:29:34.359+0000][6][safepoint    ] Safepoint "Cleanup", Time since last: 1000225409 ns, Reaching safepoint: 253623 ns, At safepoint: 11587 ns, Total: 265210 ns
[2020-08-12T21:29:36.325+0000][6][safepoint    ] Safepoint "Cleanup", Time since last: 1964810541 ns, Reaching safepoint: 687869 ns, At safepoint: 37037 ns, Total: 724906 ns
[2020-08-12T21:29:37.326+0000][6][safepoint    ] Safepoint "Cleanup", Time since last: 1000330972 ns, Reaching safepoint: 618157 ns, At safepoint: 21587 ns, Total: 639744 ns
[2020-08-12T21:29:38.327+0000][6][safepoint    ] Safepoint "Cleanup", Time since last: 1000262022 ns, Reaching safepoint: 689644 ns, At safepoint: 37312 ns, Total: 726956 ns
[2020-08-12T21:29:39.328+0000][6][safepoint    ] Safepoint "Cleanup", Time since last: 1000445845 ns, Reaching safepoint: 565932 ns, At safepoint: 34250 ns, Total: 600182 ns
[2020-08-12T21:29:41.198+0000][6][safepoint    ] Safepoint "Cleanup", Time since last: 1869735367 ns, Reaching safepoint: 750806 ns, At safepoint: 51262 ns, Total: 802068 ns
[2020-08-12T21:29:42.199+0000][6][safepoint    ] Safepoint "Cleanup", Time since last: 1000344321 ns, Reaching safepoint: 608058 ns, At safepoint: 43899 ns, Total: 651957 ns
[2020-08-12T21:29:43.200+0000][6][safepoint    ] Safepoint "Cleanup", Time since last: 1000343796 ns, Reaching safepoint: 512558 ns, At safepoint: 44537 ns, Total: 557095 ns
[2020-08-12T21:29:44.201+0000][6][safepoint    ] Safepoint "Cleanup", Time since last: 1000342321 ns, Reaching safepoint: 660032 ns, At safepoint: 51200 ns, Total: 711232 ns
[2020-08-12T21:29:45.202+0000][6][safepoint    ] Safepoint "Cleanup", Time since last: 1000315508 ns, Reaching safepoint: 539958 ns, At safepoint: 31650 ns, Total: 571608 ns
[2020-08-12T21:29:46.357+0000][6][safepoint    ] Safepoint "Cleanup", Time since last: 1153509077 ns, Reaching safepoint: 767894 ns, At safepoint: 43787 ns, Total: 811681 ns
[2020-08-12T21:29:47.358+0000][6][safepoint    ] Safepoint "Cleanup", Time since last: 1000382083 ns, Reaching safepoint: 786393 ns, At safepoint: 64425 ns, Total: 850818 ns
[2020-08-12T21:29:48.359+0000][6][safepoint    ] Safepoint "Cleanup", Time since last: 1000393182 ns, Reaching safepoint: 784844 ns, At safepoint: 45662 ns, Total: 830506 ns
[2020-08-12T21:29:49.360+0000][6][safepoint    ] Safepoint "Cleanup", Time since last: 1000226172 ns, Reaching safepoint: 833393 ns, At safepoint: 46937 ns, Total: 880330 ns
[2020-08-12T21:29:50.361+0000][6][safepoint    ] Safepoint "Cleanup", Time since last: 1000331971 ns, Reaching safepoint: 969154 ns, At safepoint: 54462 ns, Total: 1023616 ns
[2020-08-12T21:29:51.363+0000][6][safepoint    ] Safepoint "Cleanup", Time since last: 1000346771 ns, Reaching safepoint: 836580 ns, At safepoint: 42850 ns, Total: 879430 ns
[2020-08-12T21:29:52.364+0000][6][safepoint    ] Safepoint "Cleanup", Time since last: 1000386720 ns, Reaching safepoint: 866218 ns, At safepoint: 46749 ns, Total: 912967 ns
[2020-08-12T21:29:53.365+0000][6][safepoint    ] Safepoint "Cleanup", Time since last: 1000346771 ns, Reaching safepoint: 746719 ns, At safepoint: 30649 ns, Total: 777368 ns
[2020-08-12T21:29:54.366+0000][6][safepoint    ] Safepoint "Cleanup", Time since last: 1000257647 ns, Reaching safepoint: 637232 ns, At safepoint: 45487 ns, Total: 682719 ns
[2020-08-12T21:29:56.359+0000][6][safepoint    ] Safepoint "Cleanup", Time since last: 1992504713 ns, Reaching safepoint: 895667 ns, At safepoint: 43325 ns, Total: 938992 ns
[2020-08-12T21:29:57.361+0000][6][safepoint    ] Safepoint "Cleanup", Time since last: 1000336971 ns, Reaching safepoint: 906680 ns, At safepoint: 43224 ns, Total: 949904 ns
[2020-08-12T21:29:58.362+0000][6][safepoint    ] Safepoint "Cleanup", Time since last: 1000400108 ns, Reaching safepoint: 903043 ns, At safepoint: 43837 ns, Total: 946880 ns
[2020-08-12T21:29:59.363+0000][6][safepoint    ] Safepoint "Cleanup", Time since last: 1000290984 ns, Reaching safepoint: 385384 ns, At safepoint: 19325 ns, Total: 404709 ns
[2020-08-12T21:30:01.195+0000][6][safepoint    ] Safepoint "Cleanup", Time since last: 1831533049 ns, Reaching safepoint: 820155 ns, At safepoint: 56899 ns, Total: 877054 ns
[2020-08-12T21:30:02.196+0000][6][safepoint    ] Safepoint "Cleanup", Time since last: 1000419333 ns, Reaching safepoint: 656557 ns, At safepoint: 73024 ns, Total: 729581 ns
[2020-08-12T21:30:03.197+0000][6][safepoint    ] Safepoint "Cleanup", Time since last: 1000328771 ns, Reaching safepoint: 473359 ns, At safepoint: 34775 ns, Total: 508134 ns
[2020-08-12T21:30:04.198+0000][6][safepoint    ] Safepoint "Cleanup", Time since last: 1000299833 ns, Reaching safepoint: 697544 ns, At safepoint: 43263 ns, Total: 740807 ns
[2020-08-12T21:30:05.199+0000][6][safepoint    ] Safepoint "Cleanup", Time since last: 1000301071 ns, Reaching safepoint: 565395 ns, At safepoint: 30625 ns, Total: 596020 ns
[2020-08-12T21:30:06.403+0000][6][safepoint    ] Safepoint "Cleanup", Time since last: 1203057147 ns, Reaching safepoint: 752331 ns, At safepoint: 52399 ns, Total: 804730 ns
[2020-08-12T21:30:07.404+0000][6][safepoint    ] Safepoint "Cleanup", Time since last: 1000351434 ns, Reaching safepoint: 399484 ns, At safepoint: 43824 ns, Total: 443308 ns
[2020-08-12T21:30:08.405+0000][6][safepoint    ] Safepoint "Cleanup", Time since last: 1000470208 ns, Reaching safepoint: 650169 ns, At safepoint: 53275 ns, Total: 703444 ns
[2020-08-12T21:30:09.406+0000][6][safepoint    ] Safepoint "Cleanup", Time since last: 1000338758 ns, Reaching safepoint: 722731 ns, At safepoint: 43487 ns, Total: 766218 ns
[2020-08-12T21:30:10.407+0000][6][safepoint    ] Safepoint "Cleanup", Time since last: 1000283797 ns, Reaching safepoint: 277472 ns, At safepoint: 12350 ns, Total: 289822 ns
[2020-08-12T21:30:11.407+0000][6][safepoint    ] Safepoint "Cleanup", Time since last: 1000174448 ns, Reaching safepoint: 404696 ns, At safepoint: 17288 ns, Total: 421984 ns
[2020-08-12T21:30:12.408+0000][6][safepoint    ] Safepoint "Cleanup", Time since last: 1000245746 ns, Reaching safepoint: 760881 ns, At safepoint: 43625 ns, Total: 804506 ns
[2020-08-12T21:30:13.409+0000][6][safepoint    ] Safepoint "Cleanup", Time since last: 1000330071 ns, Reaching safepoint: 641294 ns, At safepoint: 38063 ns, Total: 679357 ns
[2020-08-12T21:30:14.411+0000][6][safepoint    ] Safepoint "Cleanup", Time since last: 1000313821 ns, Reaching safepoint: 1030616 ns, At safepoint: 65524 ns, Total: 1096140 ns
[2020-08-12T21:30:16.224+0000][6][safepoint    ] Safepoint "Cleanup", Time since last: 1812513377 ns, Reaching safepoint: 848493 ns, At safepoint: 89299 ns, Total: 937792 ns
[2020-08-12T21:30:17.226+0000][6][safepoint    ] Safepoint "Cleanup", Time since last: 1000530094 ns, Reaching safepoint: 884505 ns, At safepoint: 44225 ns, Total: 928730 ns
[2020-08-12T21:30:18.227+0000][6][safepoint    ] Safepoint "Cleanup", Time since last: 1000371283 ns, Reaching safepoint: 490933 ns, At safepoint: 21925 ns, Total: 512858 ns
[2020-08-12T21:30:19.227+0000][6][safepoint    ] Safepoint "Cleanup", Time since last: 1000224335 ns, Reaching safepoint: 487445 ns, At safepoint: 27713 ns, Total: 515158 ns
[2020-08-12T21:30:21.199+0000][6][safepoint    ] Safepoint "Cleanup", Time since last: 1970055833 ns, Reaching safepoint: 1325726 ns, At safepoint: 44962 ns, Total: 1370688 ns
[2020-08-12T21:30:22.200+0000][6][safepoint    ] Safepoint "Cleanup", Time since last: 1000468595 ns, Reaching safepoint: 574432 ns, At safepoint: 44300 ns, Total: 618732 ns
[2020-08-12T21:30:23.200+0000][6][safepoint    ] Safepoint "Cleanup", Time since last: 1000337896 ns, Reaching safepoint: 321559 ns, At safepoint: 15725 ns, Total: 337284 ns
[2020-08-12T21:30:24.201+0000][6][safepoint    ] Safepoint "Cleanup", Time since last: 1000228510 ns, Reaching safepoint: 682206 ns, At safepoint: 44312 ns, Total: 726518 ns
[2020-08-12T21:30:25.231+0000][6][safepoint    ] Safepoint "Cleanup", Time since last: 1028614813 ns, Reaching safepoint: 498921 ns, At safepoint: 22737 ns, Total: 521658 ns
[2020-08-12T21:30:26.320+0000][6][safepoint    ] Safepoint "Cleanup", Time since last: 1089049338 ns, Reaching safepoint: 827130 ns, At safepoint: 57637 ns, Total: 884767 ns
[2020-08-12T21:30:27.323+0000][6][safepoint    ] Safepoint "Cleanup", Time since last: 1001564911 ns, Reaching safepoint: 754355 ns, At safepoint: 42438 ns, Total: 796793 ns
[2020-08-12T21:30:28.324+0000][6][safepoint    ] Safepoint "Cleanup", Time since last: 1000420920 ns, Reaching safepoint: 842205 ns, At safepoint: 57425 ns, Total: 899630 ns
[2020-08-12T21:30:29.325+0000][6][safepoint    ] Safepoint "Cleanup", Time since last: 1000307371 ns, Reaching safepoint: 329472 ns, At safepoint: 575682 ns, Total: 905154 ns
[2020-08-12T21:30:30.326+0000][6][safepoint    ] Safepoint "Cleanup", Time since last: 1000167273 ns, Reaching safepoint: 631107 ns, At safepoint: 65924 ns, Total: 697031 ns
[2020-08-12T21:30:31.327+0000][6][safepoint    ] Safepoint "Cleanup", Time since last: 1000337959 ns, Reaching safepoint: 684481 ns, At safepoint: 45575 ns, Total: 730056 ns
[2020-08-12T21:30:32.328+0000][6][safepoint    ] Safepoint "Cleanup", Time since last: 1000336159 ns, Reaching safepoint: 702181 ns, At safepoint: 45262 ns, Total: 747443 ns
[2020-08-12T21:30:33.330+0000][6][safepoint    ] Safepoint "Cleanup", Time since last: 1000336359 ns, Reaching safepoint: 873092 ns, At safepoint: 40350 ns, Total: 913442 ns
[2020-08-12T21:30:34.331+0000][6][safepoint    ] Safepoint "Cleanup", Time since last: 1000329921 ns, Reaching safepoint: 793768 ns, At safepoint: 43312 ns, Total: 837080 ns
[2020-08-12T21:30:36.197+0000][6][safepoint    ] Safepoint "Cleanup", Time since last: 1865183719 ns, Reaching safepoint: 946492 ns, At safepoint: 44600 ns, Total: 991092 ns
[2020-08-12T21:30:37.198+0000][6][safepoint    ] Safepoint "Cleanup", Time since last: 1000281634 ns, Reaching safepoint: 317497 ns, At safepoint: 14962 ns, Total: 332459 ns
[2020-08-12T21:30:38.199+0000][6][safepoint    ] Safepoint "Cleanup", Time since last: 1000233272 ns, Reaching safepoint: 846917 ns, At safepoint: 43538 ns, Total: 890455 ns
[2020-08-12T21:30:39.200+0000][6][safepoint    ] Safepoint "Cleanup", Time since last: 1000374396 ns, Reaching safepoint: 517957 ns, At safepoint: 27425 ns, Total: 545382 ns
[2020-08-12T21:30:41.199+0000][6][safepoint    ] Safepoint "Cleanup", Time since last: 1998502049 ns, Reaching safepoint: 865992 ns, At safepoint: 63999 ns, Total: 929991 ns
[2020-08-12T21:30:42.200+0000][6][safepoint    ] Safepoint "Cleanup", Time since last: 1000334609 ns, Reaching safepoint: 675532 ns, At safepoint: 44099 ns, Total: 719631 ns
[2020-08-12T21:30:43.201+0000][6][safepoint    ] Safepoint "Cleanup", Time since last: 1000344809 ns, Reaching safepoint: 604795 ns, At safepoint: 44287 ns, Total: 649082 ns
[2020-08-12T21:30:44.202+0000][6][safepoint    ] Safepoint "Cleanup", Time since last: 1000325271 ns, Reaching safepoint: 772993 ns, At safepoint: 33312 ns, Total: 806305 ns
[2020-08-12T21:30:45.203+0000][6][safepoint    ] Safepoint "Cleanup", Time since last: 1000256572 ns, Reaching safepoint: 803993 ns, At safepoint: 36912 ns, Total: 840905 ns
[2020-08-12T21:30:46.332+0000][6][safepoint    ] Safepoint "Cleanup", Time since last: 1127638315 ns, Reaching safepoint: 806943 ns, At safepoint: 43262 ns, Total: 850205 ns
[2020-08-12T21:30:47.333+0000][6][safepoint    ] Safepoint "Cleanup", Time since last: 1000399771 ns, Reaching safepoint: 832967 ns, At safepoint: 65925 ns, Total: 898892 ns
[2020-08-12T21:30:48.334+0000][6][safepoint    ] Safepoint "Cleanup", Time since last: 1000334296 ns, Reaching safepoint: 863005 ns, At safepoint: 43724 ns, Total: 906729 ns
[2020-08-12T21:30:49.335+0000][6][safepoint    ] Safepoint "Cleanup", Time since last: 1000341884 ns, Reaching safepoint: 660957 ns, At safepoint: 43887 ns, Total: 704844 ns
[2020-08-12T21:30:50.337+0000][6][safepoint    ] Safepoint "Cleanup", Time since last: 1000343921 ns, Reaching safepoint: 1053366 ns, At safepoint: 88224 ns, Total: 1141590 ns
[2020-08-12T21:30:51.338+0000][6][safepoint    ] Safepoint "Cleanup", Time since last: 1000264597 ns, Reaching safepoint: 826155 ns, At safepoint: 44162 ns, Total: 870317 ns
[2020-08-12T21:30:52.339+0000][6][safepoint    ] Safepoint "Cleanup", Time since last: 1000348471 ns, Reaching safepoint: 625082 ns, At safepoint: 44312 ns, Total: 669394 ns
[2020-08-12T21:30:53.340+0000][6][safepoint    ] Safepoint "Cleanup", Time since last: 1000370446 ns, Reaching safepoint: 541807 ns, At safepoint: 39863 ns, Total: 581670 ns
[2020-08-12T21:30:54.341+0000][6][safepoint    ] Safepoint "Cleanup", Time since last: 1000315146 ns, Reaching safepoint: 611332 ns, At safepoint: 46662 ns, Total: 657994 ns
[2020-08-12T21:30:56.269+0000][6][safepoint    ] Safepoint "Cleanup", Time since last: 1927694489 ns, Reaching safepoint: 624957 ns, At safepoint: 44250 ns, Total: 669207 ns
[2020-08-12T21:30:57.271+0000][6][safepoint    ] Safepoint "Cleanup", Time since last: 1000339046 ns, Reaching safepoint: 846792 ns, At safepoint: 43287 ns, Total: 890079 ns
[2020-08-12T21:30:58.272+0000][6][safepoint    ] Safepoint "Cleanup", Time since last: 1000358659 ns, Reaching safepoint: 776980 ns, At safepoint: 82287 ns, Total: 859267 ns
[2020-08-12T21:30:59.273+0000][6][safepoint    ] Safepoint "Cleanup", Time since last: 1000409220 ns, Reaching safepoint: 609233 ns, At safepoint: 32874 ns, Total: 642107 ns
[2020-08-12T21:31:00.204+0000][6][safepoint    ] Safepoint "BulkRevokeBias", Time since last: 927423092 ns, Reaching safepoint: 1076466 ns, At safepoint: 3079161 ns, Total: 4155627 ns
[2020-08-12T21:31:01.214+0000][6][safepoint    ] Safepoint "Cleanup", Time since last: 1008388613 ns, Reaching safepoint: 665420 ns, At safepoint: 43399 ns, Total: 708819 ns
[2020-08-12T21:31:02.215+0000][6][safepoint    ] Safepoint "Cleanup", Time since last: 1000452095 ns, Reaching safepoint: 811543 ns, At safepoint: 45750 ns, Total: 857293 ns
[2020-08-12T21:31:03.216+0000][6][safepoint    ] Safepoint "Cleanup", Time since last: 1000342471 ns, Reaching safepoint: 372822 ns, At safepoint: 18437 ns, Total: 391259 ns
[2020-08-12T21:31:04.217+0000][6][safepoint    ] Safepoint "Cleanup", Time since last: 1000257484 ns, Reaching safepoint: 841105 ns, At safepoint: 42725 ns, Total: 883830 ns
[2020-08-12T21:31:05.218+0000][6][safepoint    ] Safepoint "Cleanup", Time since last: 1000329021 ns, Reaching safepoint: 583970 ns, At safepoint: 26112 ns, Total: 610082 ns
[2020-08-12T21:31:06.346+0000][6][safepoint    ] Safepoint "Cleanup", Time since last: 1127092795 ns, Reaching safepoint: 818055 ns, At safepoint: 42700 ns, Total: 860755 ns
[2020-08-12T21:31:07.346+0000][6][safepoint    ] Safepoint "Cleanup", Time since last: 1000289996 ns, Reaching safepoint: 542471 ns, At safepoint: 20462 ns, Total: 562933 ns
[2020-08-12T21:31:08.347+0000][6][safepoint    ] Safepoint "Cleanup", Time since last: 1000243547 ns, Reaching safepoint: 684956 ns, At safepoint: 49362 ns, Total: 734318 ns
[2020-08-12T21:31:09.348+0000][6][safepoint    ] Safepoint "Cleanup", Time since last: 1000339934 ns, Reaching safepoint: 578095 ns, At safepoint: 44537 ns, Total: 622632 ns
[2020-08-12T21:31:10.349+0000][6][safepoint    ] Safepoint "Cleanup", Time since last: 1000299309 ns, Reaching safepoint: 693606 ns, At safepoint: 36337 ns, Total: 729943 ns
[2020-08-12T21:31:11.350+0000][6][safepoint    ] Safepoint "Cleanup", Time since last: 1000268459 ns, Reaching safepoint: 665907 ns, At safepoint: 51337 ns, Total: 717244 ns
[2020-08-12T21:31:12.351+0000][6][safepoint    ] Safepoint "Cleanup", Time since last: 1000348046 ns, Reaching safepoint: 647082 ns, At safepoint: 45687 ns, Total: 692769 ns
[2020-08-12T21:31:13.353+0000][6][safepoint    ] Safepoint "Cleanup", Time since last: 1000343096 ns, Reaching safepoint: 714319 ns, At safepoint: 50724 ns, Total: 765043 ns
[2020-08-12T21:31:14.354+0000][6][safepoint    ] Safepoint "Cleanup", Time since last: 1000377046 ns, Reaching safepoint: 585558 ns, At safepoint: 50837 ns, Total: 636395 ns
[2020-08-12T21:31:16.299+0000][6][safepoint    ] Safepoint "Cleanup", Time since last: 1944846864 ns, Reaching safepoint: 711894 ns, At safepoint: 53249 ns, Total: 765143 ns
[2020-08-12T21:31:17.300+0000][6][safepoint    ] Safepoint "Cleanup", Time since last: 1000340271 ns, Reaching safepoint: 662082 ns, At safepoint: 43600 ns, Total: 705682 ns
[2020-08-12T21:31:18.301+0000][6][safepoint    ] Safepoint "Cleanup", Time since last: 1000376371 ns, Reaching safepoint: 646256 ns, At safepoint: 51175 ns, Total: 697431 ns
[2020-08-12T21:31:19.302+0000][6][safepoint    ] Safepoint "Cleanup", Time since last: 1000313784 ns, Reaching safepoint: 611432 ns, At safepoint: 29912 ns, Total: 641344 ns
[2020-08-12T21:31:21.214+0000][6][safepoint    ] Safepoint "Cleanup", Time since last: 1910696886 ns, Reaching safepoint: 853018 ns, At safepoint: 44287 ns, Total: 897305 ns
[2020-08-12T21:31:22.215+0000][6][safepoint    ] Safepoint "Cleanup", Time since last: 1000378758 ns, Reaching safepoint: 606920 ns, At safepoint: 95012 ns, Total: 701932 ns
[2020-08-12T21:31:23.216+0000][6][safepoint    ] Safepoint "Cleanup", Time since last: 1000345095 ns, Reaching safepoint: 539208 ns, At safepoint: 99399 ns, Total: 638607 ns
[2020-08-12T21:31:24.217+0000][6][safepoint    ] Safepoint "Cleanup", Time since last: 1000364884 ns, Reaching safepoint: 663169 ns, At safepoint: 45325 ns, Total: 708494 ns
[2020-08-12T21:31:25.218+0000][6][safepoint    ] Safepoint "Cleanup", Time since last: 1000579106 ns, Reaching safepoint: 612257 ns, At safepoint: 38162 ns, Total: 650419 ns
[2020-08-12T21:31:26.441+0000][6][safepoint    ] Safepoint "Cleanup", Time since last: 1222238468 ns, Reaching safepoint: 701244 ns, At safepoint: 46400 ns, Total: 747644 ns
[2020-08-12T21:31:27.442+0000][6][safepoint    ] Safepoint "Cleanup", Time since last: 1000354133 ns, Reaching safepoint: 847405 ns, At safepoint: 44537 ns, Total: 891942 ns
[2020-08-12T21:31:28.444+0000][6][safepoint    ] Safepoint "Cleanup", Time since last: 1000344859 ns, Reaching safepoint: 844468 ns, At safepoint: 42987 ns, Total: 887455 ns
[2020-08-12T21:31:29.445+0000][6][safepoint    ] Safepoint "Cleanup", Time since last: 1000435057 ns, Reaching safepoint: 917817 ns, At safepoint: 62350 ns, Total: 980167 ns
[2020-08-12T21:31:30.446+0000][6][safepoint    ] Safepoint "Cleanup", Time since last: 1000310159 ns, Reaching safepoint: 391871 ns, At safepoint: 28187 ns, Total: 420058 ns
[2020-08-12T21:31:31.447+0000][6][safepoint    ] Safepoint "Cleanup", Time since last: 1000471808 ns, Reaching safepoint: 689531 ns, At safepoint: 54112 ns, Total: 743643 ns
[2020-08-12T21:31:32.448+0000][6][safepoint    ] Safepoint "Cleanup", Time since last: 1000336321 ns, Reaching safepoint: 833918 ns, At safepoint: 62975 ns, Total: 896893 ns
[2020-08-12T21:31:33.449+0000][6][safepoint    ] Safepoint "Cleanup", Time since last: 1000268621 ns, Reaching safepoint: 272110 ns, At safepoint: 16600 ns, Total: 288710 ns
[2020-08-12T21:31:34.452+0000][6][safepoint    ] Safepoint "Cleanup", Time since last: 1000255734 ns, Reaching safepoint: 2787289 ns, At safepoint: 23749 ns, Total: 2811038 ns
[2020-08-12T21:31:36.209+0000][6][safepoint    ] Safepoint "Cleanup", Time since last: 1756395715 ns, Reaching safepoint: 689906 ns, At safepoint: 44363 ns, Total: 734269 ns
[2020-08-12T21:31:37.210+0000][6][safepoint    ] Safepoint "Cleanup", Time since last: 1000291258 ns, Reaching safepoint: 698407 ns, At safepoint: 28025 ns, Total: 726432 ns
[2020-08-12T21:31:38.211+0000][6][safepoint    ] Safepoint "Cleanup", Time since last: 1000284446 ns, Reaching safepoint: 880492 ns, At safepoint: 43488 ns, Total: 923980 ns
[2020-08-12T21:31:39.213+0000][6][safepoint    ] Safepoint "Cleanup", Time since last: 1000339633 ns, Reaching safepoint: 902742 ns, At safepoint: 43587 ns, Total: 946329 ns
[2020-08-12T21:31:41.211+0000][6][safepoint    ] Safepoint "Cleanup", Time since last: 1997099273 ns, Reaching safepoint: 874055 ns, At safepoint: 43975 ns, Total: 918030 ns
[2020-08-12T21:31:42.212+0000][6][safepoint    ] Safepoint "Cleanup", Time since last: 1000425145 ns, Reaching safepoint: 778993 ns, At safepoint: 42937 ns, Total: 821930 ns
[2020-08-12T21:31:43.213+0000][6][safepoint    ] Safepoint "Cleanup", Time since last: 1000352296 ns, Reaching safepoint: 604470 ns, At safepoint: 28312 ns, Total: 632782 ns
[2020-08-12T21:31:44.214+0000][6][safepoint    ] Safepoint "Cleanup", Time since last: 1000552632 ns, Reaching safepoint: 854255 ns, At safepoint: 45662 ns, Total: 899917 ns
[2020-08-12T21:31:45.292+0000][6][safepoint    ] Safepoint "BulkRevokeBias", Time since last: 1075255095 ns, Reaching safepoint: 1748460 ns, At safepoint: 827980 ns, Total: 2576440 ns
[2020-08-12T21:31:46.293+0000][6][safepoint    ] Safepoint "Cleanup", Time since last: 1000689431 ns, Reaching safepoint: 659556 ns, At safepoint: 45600 ns, Total: 705156 ns
[2020-08-12T21:31:47.295+0000][6][safepoint    ] Safepoint "Cleanup", Time since last: 1000360533 ns, Reaching safepoint: 812143 ns, At safepoint: 43450 ns, Total: 855593 ns
[2020-08-12T21:31:48.295+0000][6][safepoint    ] Safepoint "Cleanup", Time since last: 1000327821 ns, Reaching safepoint: 364822 ns, At safepoint: 17500 ns, Total: 382322 ns
[2020-08-12T21:31:49.296+0000][6][safepoint    ] Safepoint "Cleanup", Time since last: 1000210872 ns, Reaching safepoint: 559470 ns, At safepoint: 54362 ns, Total: 613832 ns
[2020-08-12T21:31:50.297+0000][6][safepoint    ] Safepoint "Cleanup", Time since last: 1000308996 ns, Reaching safepoint: 549071 ns, At safepoint: 36774 ns, Total: 585845 ns
[2020-08-12T21:31:51.298+0000][6][safepoint    ] Safepoint "Cleanup", Time since last: 1000344684 ns, Reaching safepoint: 742031 ns, At safepoint: 43762 ns, Total: 785793 ns
[2020-08-12T21:31:52.299+0000][6][safepoint    ] Safepoint "Cleanup", Time since last: 1000353921 ns, Reaching safepoint: 648219 ns, At safepoint: 51625 ns, Total: 699844 ns
[2020-08-12T21:31:53.300+0000][6][safepoint    ] Safepoint "Cleanup", Time since last: 1000346571 ns, Reaching safepoint: 566457 ns, At safepoint: 43037 ns, Total: 609494 ns
[2020-08-12T21:31:54.301+0000][6][safepoint    ] Safepoint "Cleanup", Time since last: 1000314147 ns, Reaching safepoint: 685331 ns, At safepoint: 46912 ns, Total: 732243 ns
[2020-08-12T21:31:55.436+0000][6][safepoint    ] Safepoint "Cleanup", Time since last: 1133974723 ns, Reaching safepoint: 395721 ns, At safepoint: 12450 ns, Total: 408171 ns
[2020-08-12T21:31:56.439+0000][6][safepoint    ] Safepoint "Cleanup", Time since last: 1002791537 ns, Reaching safepoint: 896942 ns, At safepoint: 43863 ns, Total: 940805 ns
[2020-08-12T21:31:57.441+0000][6][safepoint    ] Safepoint "Cleanup", Time since last: 1000346308 ns, Reaching safepoint: 837768 ns, At safepoint: 42912 ns, Total: 880680 ns
[2020-08-12T21:31:58.442+0000][6][safepoint    ] Safepoint "Cleanup", Time since last: 1000389870 ns, Reaching safepoint: 780381 ns, At safepoint: 87074 ns, Total: 867455 ns
[2020-08-12T21:31:59.443+0000][6][safepoint    ] Safepoint "Cleanup", Time since last: 1000313971 ns, Reaching safepoint: 560046 ns, At safepoint: 29324 ns, Total: 589370 ns
[2020-08-12T21:32:00.445+0000][6][safepoint    ] Safepoint "Cleanup", Time since last: 1000341334 ns, Reaching safepoint: 1292151 ns, At safepoint: 57112 ns, Total: 1349263 ns
[2020-08-12T21:32:00.473+0000][6][safepoint    ] Safepoint "BulkRevokeBias", Time since last: 23145149 ns, Reaching safepoint: 2731139 ns, At safepoint: 3081086 ns, Total: 5812225 ns
[2020-08-12T21:32:01.485+0000][6][safepoint    ] Safepoint "Cleanup", Time since last: 1010838792 ns, Reaching safepoint: 688444 ns, At safepoint: 45312 ns, Total: 733756 ns
[2020-08-12T21:32:02.486+0000][6][safepoint    ] Safepoint "Cleanup", Time since last: 1000353208 ns, Reaching safepoint: 917792 ns, At safepoint: 46237 ns, Total: 964029 ns
[2020-08-12T21:32:03.488+0000][6][safepoint    ] Safepoint "Cleanup", Time since last: 1000351984 ns, Reaching safepoint: 854155 ns, At safepoint: 36487 ns, Total: 890642 ns
[2020-08-12T21:32:04.489+0000][6][safepoint    ] Safepoint "Cleanup", Time since last: 1000241422 ns, Reaching safepoint: 926867 ns, At safepoint: 47987 ns, Total: 974854 ns
[2020-08-12T21:32:06.364+0000][6][safepoint    ] Safepoint "Cleanup", Time since last: 1874694049 ns, Reaching safepoint: 881867 ns, At safepoint: 43387 ns, Total: 925254 ns
[2020-08-12T21:32:07.365+0000][6][safepoint    ] Safepoint "Cleanup", Time since last: 1000357646 ns, Reaching safepoint: 537946 ns, At safepoint: 54699 ns, Total: 592645 ns
[2020-08-12T21:32:08.366+0000][6][safepoint    ] Safepoint "Cleanup", Time since last: 1000375808 ns, Reaching safepoint: 581108 ns, At safepoint: 38649 ns, Total: 619757 ns
[2020-08-12T21:32:09.368+0000][6][safepoint    ] Safepoint "Cleanup", Time since last: 1000329534 ns, Reaching safepoint: 889005 ns, At safepoint: 43787 ns, Total: 932792 ns
[2020-08-12T21:32:10.369+0000][6][safepoint    ] Safepoint "Cleanup", Time since last: 1000268971 ns, Reaching safepoint: 641420 ns, At safepoint: 29500 ns, Total: 670920 ns
[2020-08-12T21:32:11.370+0000][6][safepoint    ] Safepoint "Cleanup", Time since last: 1000265084 ns, Reaching safepoint: 840193 ns, At safepoint: 43449 ns, Total: 883642 ns
[2020-08-12T21:32:12.371+0000][6][safepoint    ] Safepoint "Cleanup", Time since last: 1000379371 ns, Reaching safepoint: 845255 ns, At safepoint: 42087 ns, Total: 887342 ns
[2020-08-12T21:32:13.372+0000][6][safepoint    ] Safepoint "Cleanup", Time since last: 1000231984 ns, Reaching safepoint: 675720 ns, At safepoint: 29949 ns, Total: 705669 ns
[2020-08-12T21:32:14.373+0000][6][safepoint    ] Safepoint "Cleanup", Time since last: 1000283022 ns, Reaching safepoint: 612269 ns, At safepoint: 104275 ns, Total: 716544 ns
[2020-08-12T21:32:16.209+0000][6][safepoint    ] Safepoint "Cleanup", Time since last: 1835288441 ns, Reaching safepoint: 631632 ns, At safepoint: 87162 ns, Total: 718794 ns
[2020-08-12T21:32:17.210+0000][6][safepoint    ] Safepoint "Cleanup", Time since last: 1000349758 ns, Reaching safepoint: 665007 ns, At safepoint: 46250 ns, Total: 711257 ns
[2020-08-12T21:32:18.211+0000][6][safepoint    ] Safepoint "Cleanup", Time since last: 1000345545 ns, Reaching safepoint: 485809 ns, At safepoint: 80174 ns, Total: 565983 ns
[2020-08-12T21:32:19.212+0000][6][safepoint    ] Safepoint "Cleanup", Time since last: 1000347434 ns, Reaching safepoint: 519007 ns, At safepoint: 44263 ns, Total: 563270 ns
[2020-08-12T21:32:20.214+0000][6][safepoint    ] Safepoint "Cleanup", Time since last: 1001164163 ns, Reaching safepoint: 1115041 ns, At safepoint: 55124 ns, Total: 1170165 ns
[2020-08-12T21:32:21.216+0000][6][safepoint    ] Safepoint "Cleanup", Time since last: 1000519757 ns, Reaching safepoint: 954254 ns, At safepoint: 43338 ns, Total: 997592 ns
[2020-08-12T21:32:22.217+0000][6][safepoint    ] Safepoint "Cleanup", Time since last: 1000326296 ns, Reaching safepoint: 796680 ns, At safepoint: 43800 ns, Total: 840480 ns
[2020-08-12T21:32:23.218+0000][6][safepoint    ] Safepoint "Cleanup", Time since last: 1000400845 ns, Reaching safepoint: 854155 ns, At safepoint: 44000 ns, Total: 898155 ns
[2020-08-12T21:32:24.219+0000][6][safepoint    ] Safepoint "Cleanup", Time since last: 1000333221 ns, Reaching safepoint: 910567 ns, At safepoint: 50137 ns, Total: 960704 ns
[2020-08-12T21:32:25.220+0000][6][safepoint    ] Safepoint "Cleanup", Time since last: 1000277972 ns, Reaching safepoint: 506633 ns, At safepoint: 21875 ns, Total: 528508 ns
[2020-08-12T21:32:26.353+0000][6][safepoint    ] Safepoint "Cleanup", Time since last: 1131720454 ns, Reaching safepoint: 855205 ns, At safepoint: 42812 ns, Total: 898017 ns
[2020-08-12T21:32:27.354+0000][6][safepoint    ] Safepoint "Cleanup", Time since last: 1000412733 ns, Reaching safepoint: 820318 ns, At safepoint: 43425 ns, Total: 863743 ns
[2020-08-12T21:32:28.355+0000][6][safepoint    ] Safepoint "Cleanup", Time since last: 1000307321 ns, Reaching safepoint: 524220 ns, At safepoint: 53537 ns, Total: 577757 ns
[2020-08-12T21:32:29.356+0000][6][safepoint    ] Safepoint "Cleanup", Time since last: 1000345884 ns, Reaching safepoint: 444033 ns, At safepoint: 43263 ns, Total: 487296 ns
[2020-08-12T21:32:30.628+0000][6][safepoint    ] Safepoint "Cleanup", Time since last: 1271537702 ns, Reaching safepoint: 545932 ns, At safepoint: 21400 ns, Total: 567332 ns
[2020-08-12T21:32:31.633+0000][6][safepoint    ] Safepoint "Cleanup", Time since last: 1003991777 ns, Reaching safepoint: 614620 ns, At safepoint: 51349 ns, Total: 665969 ns
[2020-08-12T21:32:32.634+0000][6][safepoint    ] Safepoint "Cleanup", Time since last: 1000344121 ns, Reaching safepoint: 787431 ns, At safepoint: 43912 ns, Total: 831343 ns
[2020-08-12T21:32:33.635+0000][6][safepoint    ] Safepoint "Cleanup", Time since last: 1000439295 ns, Reaching safepoint: 844168 ns, At safepoint: 64674 ns, Total: 908842 ns
[2020-08-12T21:32:34.636+0000][6][safepoint    ] Safepoint "Cleanup", Time since last: 1000337496 ns, Reaching safepoint: 679607 ns, At safepoint: 43974 ns, Total: 723581 ns
[2020-08-12T21:32:36.214+0000][6][safepoint    ] Safepoint "Cleanup", Time since last: 1577040948 ns, Reaching safepoint: 327422 ns, At safepoint: 11938 ns, Total: 339360 ns
[2020-08-12T21:32:37.215+0000][6][safepoint    ] Safepoint "Cleanup", Time since last: 1000228009 ns, Reaching safepoint: 1516399 ns, At safepoint: 68675 ns, Total: 1585074 ns
[2020-08-12T21:32:38.217+0000][6][safepoint    ] Safepoint "Cleanup", Time since last: 1000338021 ns, Reaching safepoint: 904630 ns, At safepoint: 43374 ns, Total: 948004 ns
[2020-08-12T21:32:39.218+0000][6][safepoint    ] Safepoint "Cleanup", Time since last: 1000393821 ns, Reaching safepoint: 890317 ns, At safepoint: 46837 ns, Total: 937154 ns
[2020-08-12T21:32:41.214+0000][6][safepoint    ] Safepoint "Cleanup", Time since last: 1994976092 ns, Reaching safepoint: 674031 ns, At safepoint: 52337 ns, Total: 726368 ns
[2020-08-12T21:32:42.215+0000][6][safepoint    ] Safepoint "Cleanup", Time since last: 1000391521 ns, Reaching safepoint: 733431 ns, At safepoint: 91887 ns, Total: 825318 ns
[2020-08-12T21:32:43.216+0000][6][safepoint    ] Safepoint "Cleanup", Time since last: 1000342271 ns, Reaching safepoint: 875767 ns, At safepoint: 44812 ns, Total: 920579 ns
[2020-08-12T21:32:44.217+0000][6][safepoint    ] Safepoint "Cleanup", Time since last: 1000334846 ns, Reaching safepoint: 638557 ns, At safepoint: 44587 ns, Total: 683144 ns
[2020-08-12T21:32:45.265+0000][6][safepoint    ] Safepoint "Cleanup", Time since last: 1000285184 ns, Reaching safepoint: 47650111 ns, At safepoint: 36637 ns, Total: 47686748 ns
[2020-08-12T21:32:45.413+0000][6][safepoint    ] Safepoint "BulkRevokeBias", Time since last: 146163918 ns, Reaching safepoint: 321047 ns, At safepoint: 928229 ns, Total: 1249276 ns
[2020-08-12T21:32:46.414+0000][6][safepoint    ] Safepoint "Cleanup", Time since last: 1000261159 ns, Reaching safepoint: 836581 ns, At safepoint: 43337 ns, Total: 879918 ns
[2020-08-12T21:32:47.415+0000][6][safepoint    ] Safepoint "Cleanup", Time since last: 1000392996 ns, Reaching safepoint: 826230 ns, At safepoint: 43362 ns, Total: 869592 ns
[2020-08-12T21:32:48.416+0000][6][safepoint    ] Safepoint "Cleanup", Time since last: 1000339871 ns, Reaching safepoint: 829380 ns, At safepoint: 56087 ns, Total: 885467 ns
[2020-08-12T21:32:49.417+0000][6][safepoint    ] Safepoint "Cleanup", Time since last: 1000345084 ns, Reaching safepoint: 763618 ns, At safepoint: 46462 ns, Total: 810080 ns
[2020-08-12T21:32:50.418+0000][6][safepoint    ] Safepoint "Cleanup", Time since last: 1000297384 ns, Reaching safepoint: 552645 ns, At safepoint: 28612 ns, Total: 581257 ns
[2020-08-12T21:32:51.419+0000][6][safepoint    ] Safepoint "Cleanup", Time since last: 1000259497 ns, Reaching safepoint: 885305 ns, At safepoint: 42187 ns, Total: 927492 ns
[2020-08-12T21:32:52.421+0000][6][safepoint    ] Safepoint "Cleanup", Time since last: 1000348733 ns, Reaching safepoint: 834756 ns, At safepoint: 43462 ns, Total: 878218 ns
[2020-08-12T21:32:53.421+0000][6][safepoint    ] Safepoint "Cleanup", Time since last: 1000342996 ns, Reaching safepoint: 423021 ns, At safepoint: 21737 ns, Total: 444758 ns
[2020-08-12T21:32:54.422+0000][6][safepoint    ] Safepoint "Cleanup", Time since last: 1000267847 ns, Reaching safepoint: 660769 ns, At safepoint: 43262 ns, Total: 704031 ns
[2020-08-12T21:32:55.428+0000][6][safepoint    ] Safepoint "Cleanup", Time since last: 1005366028 ns, Reaching safepoint: 577757 ns, At safepoint: 15550 ns, Total: 593307 ns
[2020-08-12T21:32:56.430+0000][6][safepoint    ] Safepoint "Cleanup", Time since last: 1000447095 ns, Reaching safepoint: 919142 ns, At safepoint: 43000 ns, Total: 962142 ns
[2020-08-12T21:32:57.431+0000][6][safepoint    ] Safepoint "Cleanup", Time since last: 1000437757 ns, Reaching safepoint: 837418 ns, At safepoint: 96224 ns, Total: 933642 ns
[2020-08-12T21:32:58.432+0000][6][safepoint    ] Safepoint "Cleanup", Time since last: 1000345759 ns, Reaching safepoint: 753681 ns, At safepoint: 46249 ns, Total: 799930 ns
[2020-08-12T21:32:59.433+0000][6][safepoint    ] Safepoint "Cleanup", Time since last: 1000343634 ns, Reaching safepoint: 667144 ns, At safepoint: 43337 ns, Total: 710481 ns
[2020-08-12T21:33:01.217+0000][6][safepoint    ] Safepoint "Cleanup", Time since last: 1782785273 ns, Reaching safepoint: 465508 ns, At safepoint: 44200 ns, Total: 509708 ns
[2020-08-12T21:33:02.218+0000][6][safepoint    ] Safepoint "Cleanup", Time since last: 1000400470 ns, Reaching safepoint: 629345 ns, At safepoint: 52399 ns, Total: 681744 ns
[2020-08-12T21:33:03.219+0000][6][safepoint    ] Safepoint "Cleanup", Time since last: 1000359659 ns, Reaching safepoint: 431996 ns, At safepoint: 21587 ns, Total: 453583 ns
[2020-08-12T21:33:04.220+0000][6][safepoint    ] Safepoint "Cleanup", Time since last: 1000274809 ns, Reaching safepoint: 761881 ns, At safepoint: 44012 ns, Total: 805893 ns
[2020-08-12T21:33:05.254+0000][6][safepoint    ] Safepoint "BulkRevokeBias", Time since last: 1031130604 ns, Reaching safepoint: 559382 ns, At safepoint: 2479391 ns, Total: 3038773 ns
[2020-08-12T21:33:06.422+0000][6][safepoint    ] Safepoint "Cleanup", Time since last: 1167656793 ns, Reaching safepoint: 798693 ns, At safepoint: 53737 ns, Total: 852430 ns
[2020-08-12T21:33:07.423+0000][6][safepoint    ] Safepoint "Cleanup", Time since last: 1000292371 ns, Reaching safepoint: 414134 ns, At safepoint: 16425 ns, Total: 430559 ns
[2020-08-12T21:33:08.424+0000][6][safepoint    ] Safepoint "Cleanup", Time since last: 1000228509 ns, Reaching safepoint: 491758 ns, At safepoint: 43800 ns, Total: 535558 ns
[2020-08-12T21:33:09.425+0000][6][safepoint    ] Safepoint "Cleanup", Time since last: 1000442745 ns, Reaching safepoint: 559670 ns, At safepoint: 178586 ns, Total: 738256 ns
[2020-08-12T21:33:10.426+0000][6][safepoint    ] Safepoint "Cleanup", Time since last: 1000281897 ns, Reaching safepoint: 563820 ns, At safepoint: 21537 ns, Total: 585357 ns
[2020-08-12T21:33:11.505+0000][6][safepoint    ] Safepoint "Cleanup", Time since last: 1077845298 ns, Reaching safepoint: 891730 ns, At safepoint: 47437 ns, Total: 939167 ns
[2020-08-12T21:33:12.506+0000][6][safepoint    ] Safepoint "Cleanup", Time since last: 1000354570 ns, Reaching safepoint: 764969 ns, At safepoint: 44674 ns, Total: 809643 ns
[2020-08-12T21:33:13.507+0000][6][safepoint    ] Safepoint "Cleanup", Time since last: 1000406233 ns, Reaching safepoint: 863155 ns, At safepoint: 46737 ns, Total: 909892 ns
[2020-08-12T21:33:14.508+0000][6][safepoint    ] Safepoint "Cleanup", Time since last: 1000373746 ns, Reaching safepoint: 733706 ns, At safepoint: 46237 ns, Total: 779943 ns
[2020-08-12T21:33:16.216+0000][6][safepoint    ] Safepoint "Cleanup", Time since last: 1706666997 ns, Reaching safepoint: 625107 ns, At safepoint: 52712 ns, Total: 677819 ns
[2020-08-12T21:33:17.217+0000][6][safepoint    ] Safepoint "Cleanup", Time since last: 1000337833 ns, Reaching safepoint: 837581 ns, At safepoint: 44137 ns, Total: 881718 ns
[2020-08-12T21:33:18.218+0000][6][safepoint    ] Safepoint "Cleanup", Time since last: 1000389283 ns, Reaching safepoint: 418709 ns, At safepoint: 33224 ns, Total: 451933 ns
[2020-08-12T21:33:19.219+0000][6][safepoint    ] Safepoint "Cleanup", Time since last: 1000316372 ns, Reaching safepoint: 795580 ns, At safepoint: 42812 ns, Total: 838392 ns
[2020-08-12T21:33:21.224+0000][6][safepoint    ] Safepoint "Cleanup", Time since last: 2001169613 ns, Reaching safepoint: 3740842 ns, At safepoint: 50375 ns, Total: 3791217 ns
[2020-08-12T21:33:22.225+0000][6][safepoint    ] Safepoint "Cleanup", Time since last: 1000461695 ns, Reaching safepoint: 912280 ns, At safepoint: 106249 ns, Total: 1018529 ns
[2020-08-12T21:33:23.227+0000][6][safepoint    ] Safepoint "Cleanup", Time since last: 1000313308 ns, Reaching safepoint: 1050429 ns, At safepoint: 19937 ns, Total: 1070366 ns
[2020-08-12T21:33:24.228+0000][6][safepoint    ] Safepoint "Cleanup", Time since last: 1000317909 ns, Reaching safepoint: 755306 ns, At safepoint: 67474 ns, Total: 822780 ns
[2020-08-12T21:33:25.229+0000][6][safepoint    ] Safepoint "Cleanup", Time since last: 1000371846 ns, Reaching safepoint: 972554 ns, At safepoint: 46549 ns, Total: 1019103 ns
[2020-08-12T21:33:26.508+0000][6][safepoint    ] Safepoint "Cleanup", Time since last: 1277573513 ns, Reaching safepoint: 1074090 ns, At safepoint: 94512 ns, Total: 1168602 ns
[2020-08-12T21:33:27.509+0000][6][safepoint    ] Safepoint "Cleanup", Time since last: 1000325671 ns, Reaching safepoint: 822393 ns, At safepoint: 65724 ns, Total: 888117 ns
[2020-08-12T21:33:28.510+0000][6][safepoint    ] Safepoint "Cleanup", Time since last: 1000345671 ns, Reaching safepoint: 665982 ns, At safepoint: 44000 ns, Total: 709982 ns
[2020-08-12T21:33:29.511+0000][6][safepoint    ] Safepoint "Cleanup", Time since last: 1000339533 ns, Reaching safepoint: 681819 ns, At safepoint: 50387 ns, Total: 732206 ns
[2020-08-12T21:33:30.512+0000][6][safepoint    ] Safepoint "Cleanup", Time since last: 1000307159 ns, Reaching safepoint: 647282 ns, At safepoint: 39825 ns, Total: 687107 ns
[2020-08-12T21:33:31.513+0000][6][safepoint    ] Safepoint "Cleanup", Time since last: 1000191534 ns, Reaching safepoint: 345735 ns, At safepoint: 18012 ns, Total: 363747 ns
[2020-08-12T21:33:32.514+0000][6][safepoint    ] Safepoint "Cleanup", Time since last: 1000272597 ns, Reaching safepoint: 611269 ns, At safepoint: 51512 ns, Total: 662781 ns
[2020-08-12T21:33:33.515+0000][6][safepoint    ] Safepoint "Cleanup", Time since last: 1000368009 ns, Reaching safepoint: 530070 ns, At safepoint: 44312 ns, Total: 574382 ns
[2020-08-12T21:33:34.516+0000][6][safepoint    ] Safepoint "Cleanup", Time since last: 1000387896 ns, Reaching safepoint: 840980 ns, At safepoint: 45375 ns, Total: 886355 ns
[2020-08-12T21:33:36.218+0000][6][safepoint    ] Safepoint "Cleanup", Time since last: 1701340517 ns, Reaching safepoint: 839418 ns, At safepoint: 55875 ns, Total: 895293 ns
[2020-08-12T21:33:37.220+0000][6][safepoint    ] Safepoint "Cleanup", Time since last: 1000416257 ns, Reaching safepoint: 1641599 ns, At safepoint: 66949 ns, Total: 1708548 ns
[2020-08-12T21:33:38.222+0000][6][safepoint    ] Safepoint "Cleanup", Time since last: 1000340771 ns, Reaching safepoint: 819680 ns, At safepoint: 43600 ns, Total: 863280 ns
[2020-08-12T21:33:39.222+0000][6][safepoint    ] Safepoint "Cleanup", Time since last: 1000439183 ns, Reaching safepoint: 485383 ns, At safepoint: 25375 ns, Total: 510758 ns
[2020-08-12T21:33:40.227+0000][6][safepoint    ] Safepoint "Cleanup", Time since last: 1003168159 ns, Reaching safepoint: 1523474 ns, At safepoint: 44900 ns, Total: 1568374 ns
[2020-08-12T21:33:41.229+0000][6][safepoint    ] Safepoint "Cleanup", Time since last: 1000458357 ns, Reaching safepoint: 925917 ns, At safepoint: 43250 ns, Total: 969167 ns
[2020-08-12T21:33:42.230+0000][6][safepoint    ] Safepoint "Cleanup", Time since last: 1000311646 ns, Reaching safepoint: 619219 ns, At safepoint: 33388 ns, Total: 652607 ns
[2020-08-12T21:33:43.230+0000][6][safepoint    ] Safepoint "Cleanup", Time since last: 1000290809 ns, Reaching safepoint: 415033 ns, At safepoint: 20075 ns, Total: 435108 ns
[2020-08-12T21:33:44.231+0000][6][safepoint    ] Safepoint "Cleanup", Time since last: 1000258722 ns, Reaching safepoint: 705519 ns, At safepoint: 44362 ns, Total: 749881 ns
[2020-08-12T21:33:45.233+0000][6][safepoint    ] Safepoint "Cleanup", Time since last: 1000320909 ns, Reaching safepoint: 791143 ns, At safepoint: 135261 ns, Total: 926404 ns
[2020-08-12T21:33:46.395+0000][6][safepoint    ] Safepoint "Cleanup", Time since last: 1161373059 ns, Reaching safepoint: 627870 ns, At safepoint: 51799 ns, Total: 679669 ns
[2020-08-12T21:33:47.396+0000][6][safepoint    ] Safepoint "Cleanup", Time since last: 1000343421 ns, Reaching safepoint: 793331 ns, At safepoint: 43087 ns, Total: 836418 ns
[2020-08-12T21:33:48.397+0000][6][safepoint    ] Safepoint "Cleanup", Time since last: 1000432170 ns, Reaching safepoint: 648182 ns, At safepoint: 46150 ns, Total: 694332 ns
[2020-08-12T21:33:49.398+0000][6][safepoint    ] Safepoint "Cleanup", Time since last: 1000342058 ns, Reaching safepoint: 675032 ns, At safepoint: 52100 ns, Total: 727132 ns
[2020-08-12T21:33:50.399+0000][6][safepoint    ] Safepoint "Cleanup", Time since last: 1000332046 ns, Reaching safepoint: 673969 ns, At safepoint: 66649 ns, Total: 740618 ns
[2020-08-12T21:33:51.400+0000][6][safepoint    ] Safepoint "Cleanup", Time since last: 1000337496 ns, Reaching safepoint: 642845 ns, At safepoint: 42799 ns, Total: 685644 ns
[2020-08-12T21:33:52.401+0000][6][safepoint    ] Safepoint "Cleanup", Time since last: 1000342659 ns, Reaching safepoint: 640794 ns, At safepoint: 50412 ns, Total: 691206 ns
[2020-08-12T21:33:53.402+0000][6][safepoint    ] Safepoint "Cleanup", Time since last: 1000340796 ns, Reaching safepoint: 652332 ns, At safepoint: 43487 ns, Total: 695819 ns
[2020-08-12T21:33:54.403+0000][6][safepoint    ] Safepoint "Cleanup", Time since last: 1000362508 ns, Reaching safepoint: 859780 ns, At safepoint: 44162 ns, Total: 903942 ns
[2020-08-12T21:33:55.424+0000][6][safepoint    ] Safepoint "Cleanup", Time since last: 1019355919 ns, Reaching safepoint: 908104 ns, At safepoint: 38388 ns, Total: 946492 ns
[2020-08-12T21:33:56.434+0000][6][safepoint    ] Safepoint "Cleanup", Time since last: 1009573640 ns, Reaching safepoint: 434409 ns, At safepoint: 30087 ns, Total: 464496 ns
[2020-08-12T21:33:57.435+0000][6][safepoint    ] Safepoint "Cleanup", Time since last: 1000419520 ns, Reaching safepoint: 578133 ns, At safepoint: 43975 ns, Total: 622108 ns
[2020-08-12T21:33:58.436+0000][6][safepoint    ] Safepoint "Cleanup", Time since last: 1000343420 ns, Reaching safepoint: 844656 ns, At safepoint: 17887 ns, Total: 862543 ns
[2020-08-12T21:33:59.437+0000][6][safepoint    ] Safepoint "Cleanup", Time since last: 1000247347 ns, Reaching safepoint: 653469 ns, At safepoint: 44712 ns, Total: 698181 ns
[2020-08-12T21:34:01.223+0000][6][safepoint    ] Safepoint "Cleanup", Time since last: 1784922217 ns, Reaching safepoint: 660332 ns, At safepoint: 43362 ns, Total: 703694 ns
[2020-08-12T21:34:02.223+0000][6][safepoint    ] Safepoint "Cleanup", Time since last: 1000307434 ns, Reaching safepoint: 519932 ns, At safepoint: 33413 ns, Total: 553345 ns
[2020-08-12T21:34:03.224+0000][6][safepoint    ] Safepoint "Cleanup", Time since last: 1000248934 ns, Reaching safepoint: 526433 ns, At safepoint: 53899 ns, Total: 580332 ns
[2020-08-12T21:34:04.227+0000][6][safepoint    ] Safepoint "Cleanup", Time since last: 1002300942 ns, Reaching safepoint: 706181 ns, At safepoint: 52987 ns, Total: 759168 ns
[2020-08-12T21:34:05.394+0000][6][safepoint    ] Safepoint "Cleanup", Time since last: 1165584898 ns, Reaching safepoint: 1443450 ns, At safepoint: 54437 ns, Total: 1497887 ns
[2020-08-12T21:34:06.396+0000][6][safepoint    ] Safepoint "Cleanup", Time since last: 1001002465 ns, Reaching safepoint: 904555 ns, At safepoint: 56937 ns, Total: 961492 ns
[2020-08-12T21:34:07.397+0000][6][safepoint    ] Safepoint "Cleanup", Time since last: 1000292134 ns, Reaching safepoint: 734643 ns, At safepoint: 23500 ns, Total: 758143 ns
[2020-08-12T21:34:08.398+0000][6][safepoint    ] Safepoint "Cleanup", Time since last: 1000198910 ns, Reaching safepoint: 428321 ns, At safepoint: 20988 ns, Total: 449309 ns
[2020-08-12T21:34:09.399+0000][6][safepoint    ] Safepoint "Cleanup", Time since last: 1000280646 ns, Reaching safepoint: 672894 ns, At safepoint: 43600 ns, Total: 716494 ns
[2020-08-12T21:34:10.400+0000][6][safepoint    ] Safepoint "Cleanup", Time since last: 1000337596 ns, Reaching safepoint: 747631 ns, At safepoint: 54749 ns, Total: 802380 ns
[2020-08-12T21:34:11.401+0000][6][safepoint    ] Safepoint "Cleanup", Time since last: 1000346584 ns, Reaching safepoint: 654332 ns, At safepoint: 51012 ns, Total: 705344 ns
[2020-08-12T21:34:12.402+0000][6][safepoint    ] Safepoint "Cleanup", Time since last: 1000348071 ns, Reaching safepoint: 640269 ns, At safepoint: 41700 ns, Total: 681969 ns
[2020-08-12T21:34:13.403+0000][6][safepoint    ] Safepoint "Cleanup", Time since last: 1000335246 ns, Reaching safepoint: 737256 ns, At safepoint: 45174 ns, Total: 782430 ns
[2020-08-12T21:34:14.405+0000][6][safepoint    ] Safepoint "Cleanup", Time since last: 1000362784 ns, Reaching safepoint: 707881 ns, At safepoint: 44325 ns, Total: 752206 ns
[2020-08-12T21:34:16.228+0000][6][safepoint    ] Safepoint "Cleanup", Time since last: 1822613001 ns, Reaching safepoint: 601645 ns, At safepoint: 52462 ns, Total: 654107 ns
[2020-08-12T21:34:17.229+0000][6][safepoint    ] Safepoint "Cleanup", Time since last: 1000440382 ns, Reaching safepoint: 684507 ns, At safepoint: 55775 ns, Total: 740282 ns
[2020-08-12T21:34:18.230+0000][6][safepoint    ] Safepoint "Cleanup", Time since last: 1000289096 ns, Reaching safepoint: 320085 ns, At safepoint: 15162 ns, Total: 335247 ns
[2020-08-12T21:34:19.231+0000][6][safepoint    ] Safepoint "Cleanup", Time since last: 1000249684 ns, Reaching safepoint: 646332 ns, At safepoint: 33450 ns, Total: 679782 ns
[2020-08-12T21:34:20.229+0000][6][safepoint    ] Safepoint "BulkRevokeBias", Time since last: 993108021 ns, Reaching safepoint: 1434300 ns, At safepoint: 3928579 ns, Total: 5362879 ns
[2020-08-12T21:34:21.238+0000][6][safepoint    ] Safepoint "Cleanup", Time since last: 1008126903 ns, Reaching safepoint: 807268 ns, At safepoint: 43600 ns, Total: 850868 ns
[2020-08-12T21:34:22.239+0000][6][safepoint    ] Safepoint "Cleanup", Time since last: 1000360683 ns, Reaching safepoint: 820593 ns, At safepoint: 44024 ns, Total: 864617 ns
[2020-08-12T21:34:23.241+0000][6][safepoint    ] Safepoint "Cleanup", Time since last: 1000905104 ns, Reaching safepoint: 360972 ns, At safepoint: 17687 ns, Total: 378659 ns
[2020-08-12T21:34:24.242+0000][6][safepoint    ] Safepoint "Cleanup", Time since last: 1000251535 ns, Reaching safepoint: 667856 ns, At safepoint: 55425 ns, Total: 723281 ns
[2020-08-12T21:34:25.285+0000][6][safepoint    ] Safepoint "Cleanup", Time since last: 1011737847 ns, Reaching safepoint: 31999972 ns, At safepoint: 73349 ns, Total: 32073321 ns
[2020-08-12T21:34:26.436+0000][6][safepoint    ] Safepoint "Cleanup", Time since last: 1149733160 ns, Reaching safepoint: 663770 ns, At safepoint: 52599 ns, Total: 716369 ns
[2020-08-12T21:34:27.437+0000][6][safepoint    ] Safepoint "Cleanup", Time since last: 1000395308 ns, Reaching safepoint: 869155 ns, At safepoint: 46187 ns, Total: 915342 ns
[2020-08-12T21:34:28.438+0000][6][safepoint    ] Safepoint "Cleanup", Time since last: 1000342484 ns, Reaching safepoint: 555557 ns, At safepoint: 44013 ns, Total: 599570 ns
[2020-08-12T21:34:29.439+0000][6][safepoint    ] Safepoint "Cleanup", Time since last: 1000293483 ns, Reaching safepoint: 316798 ns, At safepoint: 21250 ns, Total: 338048 ns
[2020-08-12T21:34:30.439+0000][6][safepoint    ] Safepoint "Cleanup", Time since last: 1000199759 ns, Reaching safepoint: 512346 ns, At safepoint: 23687 ns, Total: 536033 ns
[2020-08-12T21:34:31.440+0000][6][safepoint    ] Safepoint "Cleanup", Time since last: 1000231909 ns, Reaching safepoint: 699719 ns, At safepoint: 44063 ns, Total: 743782 ns
[2020-08-12T21:34:32.441+0000][6][safepoint    ] Safepoint "Cleanup", Time since last: 1000325296 ns, Reaching safepoint: 601719 ns, At safepoint: 43413 ns, Total: 645132 ns
[2020-08-12T21:34:33.442+0000][6][safepoint    ] Safepoint "Cleanup", Time since last: 1000330095 ns, Reaching safepoint: 626358 ns, At safepoint: 203773 ns, Total: 830131 ns
[2020-08-12T21:34:34.444+0000][6][safepoint    ] Safepoint "Cleanup", Time since last: 1000336458 ns, Reaching safepoint: 640820 ns, At safepoint: 44074 ns, Total: 684894 ns
[2020-08-12T21:34:35.226+0000][6][safepoint    ] Safepoint "BulkRevokeBias", Time since last: 780072810 ns, Reaching safepoint: 479571 ns, At safepoint: 2093057 ns, Total: 2572628 ns
[2020-08-12T21:34:36.227+0000][6][safepoint    ] Safepoint "Cleanup", Time since last: 1000248697 ns, Reaching safepoint: 870492 ns, At safepoint: 43625 ns, Total: 914117 ns
[2020-08-12T21:34:37.229+0000][6][safepoint    ] Safepoint "Cleanup", Time since last: 1000387358 ns, Reaching safepoint: 1045841 ns, At safepoint: 64049 ns, Total: 1109890 ns
[2020-08-12T21:34:38.230+0000][6][safepoint    ] Safepoint "Cleanup", Time since last: 1000518432 ns, Reaching safepoint: 395872 ns, At safepoint: 21699 ns, Total: 417571 ns
[2020-08-12T21:34:39.230+0000][6][safepoint    ] Safepoint "Cleanup", Time since last: 1000247247 ns, Reaching safepoint: 433784 ns, At safepoint: 26987 ns, Total: 460771 ns
[2020-08-12T21:34:40.236+0000][6][safepoint    ] Safepoint "Cleanup", Time since last: 1001489024 ns, Reaching safepoint: 3527569 ns, At safepoint: 66999 ns, Total: 3594568 ns
[2020-08-12T21:34:41.237+0000][6][safepoint    ] Safepoint "Cleanup", Time since last: 1000604707 ns, Reaching safepoint: 852042 ns, At safepoint: 68762 ns, Total: 920804 ns
[2020-08-12T21:34:42.238+0000][6][safepoint    ] Safepoint "Cleanup", Time since last: 1000338359 ns, Reaching safepoint: 631732 ns, At safepoint: 43762 ns, Total: 675494 ns
[2020-08-12T21:34:43.239+0000][6][safepoint    ] Safepoint "Cleanup", Time since last: 1000336121 ns, Reaching safepoint: 561570 ns, At safepoint: 44587 ns, Total: 606157 ns
[2020-08-12T21:34:44.240+0000][6][safepoint    ] Safepoint "Cleanup", Time since last: 1000333471 ns, Reaching safepoint: 615970 ns, At safepoint: 45874 ns, Total: 661844 ns
[2020-08-12T21:34:45.408+0000][6][safepoint    ] Safepoint "Cleanup", Time since last: 1166974324 ns, Reaching safepoint: 521020 ns, At safepoint: 11412 ns, Total: 532432 ns
[2020-08-12T21:34:46.409+0000][6][safepoint    ] Safepoint "Cleanup", Time since last: 1000792530 ns, Reaching safepoint: 850405 ns, At safepoint: 43625 ns, Total: 894030 ns
[2020-08-12T21:34:47.410+0000][6][safepoint    ] Safepoint "Cleanup", Time since last: 1000285121 ns, Reaching safepoint: 253723 ns, At safepoint: 11012 ns, Total: 264735 ns
[2020-08-12T21:34:48.411+0000][6][safepoint    ] Safepoint "Cleanup", Time since last: 1000156023 ns, Reaching safepoint: 896879 ns, At safepoint: 21925 ns, Total: 918804 ns
[2020-08-12T21:34:49.412+0000][6][safepoint    ] Safepoint "Cleanup", Time since last: 1000284234 ns, Reaching safepoint: 875005 ns, At safepoint: 66937 ns, Total: 941942 ns
[2020-08-12T21:34:50.413+0000][6][safepoint    ] Safepoint "Cleanup", Time since last: 1000314321 ns, Reaching safepoint: 635282 ns, At safepoint: 37625 ns, Total: 672907 ns
[2020-08-12T21:34:51.414+0000][6][safepoint    ] Safepoint "Cleanup", Time since last: 1000281884 ns, Reaching safepoint: 752406 ns, At safepoint: 47800 ns, Total: 800206 ns
[2020-08-12T21:34:52.415+0000][6][safepoint    ] Safepoint "Cleanup", Time since last: 1000340983 ns, Reaching safepoint: 684682 ns, At safepoint: 52387 ns, Total: 737069 ns
[2020-08-12T21:34:53.416+0000][6][safepoint    ] Safepoint "Cleanup", Time since last: 1000309358 ns, Reaching safepoint: 496246 ns, At safepoint: 40337 ns, Total: 536583 ns
[2020-08-12T21:34:54.417+0000][6][safepoint    ] Safepoint "Cleanup", Time since last: 1000311446 ns, Reaching safepoint: 607058 ns, At safepoint: 45249 ns, Total: 652307 ns
[2020-08-12T21:34:55.499+0000][6][safepoint    ] Safepoint "Cleanup", Time since last: 1074995598 ns, Reaching safepoint: 7076238 ns, At safepoint: 65062 ns, Total: 7141300 ns
[2020-08-12T21:34:56.500+0000][6][safepoint    ] Safepoint "Cleanup", Time since last: 1000295984 ns, Reaching safepoint: 659007 ns, At safepoint: 46237 ns, Total: 705244 ns
[2020-08-12T21:34:57.501+0000][6][safepoint    ] Safepoint "Cleanup", Time since last: 1000343083 ns, Reaching safepoint: 674519 ns, At safepoint: 52437 ns, Total: 726956 ns
[2020-08-12T21:34:58.502+0000][6][safepoint    ] Safepoint "Cleanup", Time since last: 1000341909 ns, Reaching safepoint: 629682 ns, At safepoint: 45075 ns, Total: 674757 ns
[2020-08-12T21:34:59.503+0000][6][safepoint    ] Safepoint "Cleanup", Time since last: 1000346733 ns, Reaching safepoint: 649269 ns, At safepoint: 42675 ns, Total: 691944 ns
[2020-08-12T21:35:01.256+0000][6][safepoint    ] Safepoint "Cleanup", Time since last: 1752150939 ns, Reaching safepoint: 730781 ns, At safepoint: 44400 ns, Total: 775181 ns
[2020-08-12T21:35:02.257+0000][6][safepoint    ] Safepoint "Cleanup", Time since last: 1000273971 ns, Reaching safepoint: 710969 ns, At safepoint: 30187 ns, Total: 741156 ns
[2020-08-12T21:35:03.258+0000][6][safepoint    ] Safepoint "Cleanup", Time since last: 1000312034 ns, Reaching safepoint: 670494 ns, At safepoint: 43475 ns, Total: 713969 ns
[2020-08-12T21:35:04.259+0000][6][safepoint    ] Safepoint "Cleanup", Time since last: 1000336571 ns, Reaching safepoint: 629619 ns, At safepoint: 44487 ns, Total: 674106 ns
[2020-08-12T21:35:05.547+0000][6][safepoint    ] Safepoint "Cleanup", Time since last: 1287575338 ns, Reaching safepoint: 411109 ns, At safepoint: 26475 ns, Total: 437584 ns
[2020-08-12T21:35:06.549+0000][6][safepoint    ] Safepoint "Cleanup", Time since last: 1000785542 ns, Reaching safepoint: 640944 ns, At safepoint: 75562 ns, Total: 716506 ns
[2020-08-12T21:35:07.550+0000][6][safepoint    ] Safepoint "Cleanup", Time since last: 1000398608 ns, Reaching safepoint: 488046 ns, At safepoint: 44162 ns, Total: 532208 ns
[2020-08-12T21:35:08.551+0000][6][safepoint    ] Safepoint "Cleanup", Time since last: 1000373871 ns, Reaching safepoint: 535208 ns, At safepoint: 42762 ns, Total: 577970 ns
[2020-08-12T21:35:09.552+0000][6][safepoint    ] Safepoint "Cleanup", Time since last: 1000388333 ns, Reaching safepoint: 588157 ns, At safepoint: 50987 ns, Total: 639144 ns
[2020-08-12T21:35:10.553+0000][6][safepoint    ] Safepoint "Cleanup", Time since last: 1000428795 ns, Reaching safepoint: 608220 ns, At safepoint: 28750 ns, Total: 636970 ns
[2020-08-12T21:35:11.554+0000][6][safepoint    ] Safepoint "Cleanup", Time since last: 1000276734 ns, Reaching safepoint: 780306 ns, At safepoint: 43037 ns, Total: 823343 ns
[2020-08-12T21:35:12.555+0000][6][safepoint    ] Safepoint "Cleanup", Time since last: 1000406383 ns, Reaching safepoint: 831955 ns, At safepoint: 45550 ns, Total: 877505 ns
[2020-08-12T21:35:13.556+0000][6][safepoint    ] Safepoint "Cleanup", Time since last: 1000346683 ns, Reaching safepoint: 608920 ns, At safepoint: 45237 ns, Total: 654157 ns
[2020-08-12T21:35:14.557+0000][6][safepoint    ] Safepoint "Cleanup", Time since last: 1000338658 ns, Reaching safepoint: 662870 ns, At safepoint: 43249 ns, Total: 706119 ns
[2020-08-12T21:35:16.231+0000][6][safepoint    ] Safepoint "Cleanup", Time since last: 1672673867 ns, Reaching safepoint: 625782 ns, At safepoint: 42962 ns, Total: 668744 ns
[2020-08-12T21:35:17.232+0000][6][safepoint    ] Safepoint "Cleanup", Time since last: 1000380608 ns, Reaching safepoint: 789981 ns, At safepoint: 42250 ns, Total: 832231 ns
[2020-08-12T21:35:18.233+0000][6][safepoint    ] Safepoint "Cleanup", Time since last: 1000403720 ns, Reaching safepoint: 805493 ns, At safepoint: 36500 ns, Total: 841993 ns
[2020-08-12T21:35:19.234+0000][6][safepoint    ] Safepoint "Cleanup", Time since last: 1000212922 ns, Reaching safepoint: 449896 ns, At safepoint: 25525 ns, Total: 475421 ns
[2020-08-12T21:35:20.235+0000][6][safepoint    ] Safepoint "Cleanup", Time since last: 1000586181 ns, Reaching safepoint: 567083 ns, At safepoint: 84061 ns, Total: 651144 ns
[2020-08-12T21:35:21.236+0000][6][safepoint    ] Safepoint "Cleanup", Time since last: 1000517920 ns, Reaching safepoint: 643807 ns, At safepoint: 43637 ns, Total: 687444 ns
[2020-08-12T21:35:22.237+0000][6][safepoint    ] Safepoint "Cleanup", Time since last: 1000333396 ns, Reaching safepoint: 635057 ns, At safepoint: 42812 ns, Total: 677869 ns
[2020-08-12T21:35:23.238+0000][6][safepoint    ] Safepoint "Cleanup", Time since last: 1000650468 ns, Reaching safepoint: 444671 ns, At safepoint: 38950 ns, Total: 483621 ns
[2020-08-12T21:35:24.239+0000][6][safepoint    ] Safepoint "Cleanup", Time since last: 1000267409 ns, Reaching safepoint: 804056 ns, At safepoint: 43712 ns, Total: 847768 ns
[2020-08-12T21:35:25.304+0000][6][safepoint    ] Safepoint "Cleanup", Time since last: 1063610871 ns, Reaching safepoint: 621245 ns, At safepoint: 37524 ns, Total: 658769 ns
[2020-08-12T21:35:26.496+0000][6][safepoint    ] Safepoint "Cleanup", Time since last: 1191560010 ns, Reaching safepoint: 975254 ns, At safepoint: 48074 ns, Total: 1023328 ns
[2020-08-12T21:35:27.497+0000][6][safepoint    ] Safepoint "Cleanup", Time since last: 1000340409 ns, Reaching safepoint: 705356 ns, At safepoint: 52787 ns, Total: 758143 ns
[2020-08-12T21:35:28.498+0000][6][safepoint    ] Safepoint "Cleanup", Time since last: 1000343209 ns, Reaching safepoint: 586845 ns, At safepoint: 46499 ns, Total: 633344 ns
[2020-08-12T21:35:29.499+0000][6][safepoint    ] Safepoint "Cleanup", Time since last: 1000339371 ns, Reaching safepoint: 651920 ns, At safepoint: 44124 ns, Total: 696044 ns
[2020-08-12T21:35:30.500+0000][6][safepoint    ] Safepoint "Cleanup", Time since last: 1000340384 ns, Reaching safepoint: 703069 ns, At safepoint: 56137 ns, Total: 759206 ns
[2020-08-12T21:35:31.502+0000][6][safepoint    ] Safepoint "Cleanup", Time since last: 1000337821 ns, Reaching safepoint: 922204 ns, At safepoint: 42887 ns, Total: 965091 ns
[2020-08-12T21:35:32.504+0000][6][safepoint    ] Safepoint "Cleanup", Time since last: 1001352013 ns, Reaching safepoint: 1160314 ns, At safepoint: 56275 ns, Total: 1216589 ns
[2020-08-12T21:35:33.902+0000][6][safepoint    ] Safepoint "Cleanup", Time since last: 1397041949 ns, Reaching safepoint: 428246 ns, At safepoint: 21475 ns, Total: 449721 ns
[2020-08-12T21:35:34.903+0000][6][safepoint    ] Safepoint "Cleanup", Time since last: 1000280022 ns, Reaching safepoint: 827093 ns, At safepoint: 47574 ns, Total: 874667 ns
[2020-08-12T21:35:36.231+0000][6][safepoint    ] Safepoint "Cleanup", Time since last: 1327088120 ns, Reaching safepoint: 802805 ns, At safepoint: 91462 ns, Total: 894267 ns
[2020-08-12T21:35:37.232+0000][6][safepoint    ] Safepoint "Cleanup", Time since last: 1000289234 ns, Reaching safepoint: 606257 ns, At safepoint: 50637 ns, Total: 656894 ns
[2020-08-12T21:35:38.233+0000][6][safepoint    ] Safepoint "Cleanup", Time since last: 1000206172 ns, Reaching safepoint: 403959 ns, At safepoint: 17538 ns, Total: 421497 ns
[2020-08-12T21:35:39.233+0000][6][safepoint    ] Safepoint "Cleanup", Time since last: 1000246259 ns, Reaching safepoint: 440709 ns, At safepoint: 23924 ns, Total: 464633 ns
[2020-08-12T21:35:40.234+0000][6][safepoint    ] Safepoint "Cleanup", Time since last: 1000305197 ns, Reaching safepoint: 604407 ns, At safepoint: 42637 ns, Total: 647044 ns
[2020-08-12T21:35:41.235+0000][6][safepoint    ] Safepoint "Cleanup", Time since last: 1000535619 ns, Reaching safepoint: 616282 ns, At safepoint: 50950 ns, Total: 667232 ns
[2020-08-12T21:35:42.236+0000][6][safepoint    ] Safepoint "Cleanup", Time since last: 1000349246 ns, Reaching safepoint: 552245 ns, At safepoint: 43962 ns, Total: 596207 ns
[2020-08-12T21:35:43.237+0000][6][safepoint    ] Safepoint "Cleanup", Time since last: 1000312721 ns, Reaching safepoint: 355410 ns, At safepoint: 15337 ns, Total: 370747 ns
[2020-08-12T21:35:44.238+0000][6][safepoint    ] Safepoint "Cleanup", Time since last: 1000246747 ns, Reaching safepoint: 682257 ns, At safepoint: 53812 ns, Total: 736069 ns
[2020-08-12T21:35:45.248+0000][6][safepoint    ] Safepoint "Cleanup", Time since last: 1003979727 ns, Reaching safepoint: 5860911 ns, At safepoint: 80849 ns, Total: 5941760 ns
[2020-08-12T21:35:46.249+0000][6][safepoint    ] Safepoint "Cleanup", Time since last: 1000309884 ns, Reaching safepoint: 983629 ns, At safepoint: 43125 ns, Total: 1026754 ns
[2020-08-12T21:35:47.250+0000][6][safepoint    ] Safepoint "Cleanup", Time since last: 1000307708 ns, Reaching safepoint: 508034 ns, At safepoint: 22087 ns, Total: 530121 ns
[2020-08-12T21:35:48.251+0000][6][safepoint    ] Safepoint "Cleanup", Time since last: 1000203509 ns, Reaching safepoint: 381522 ns, At safepoint: 78474 ns, Total: 459996 ns
[2020-08-12T21:35:49.252+0000][6][safepoint    ] Safepoint "Cleanup", Time since last: 1000392846 ns, Reaching safepoint: 593870 ns, At safepoint: 43649 ns, Total: 637519 ns
[2020-08-12T21:35:50.253+0000][6][safepoint    ] Safepoint "Cleanup", Time since last: 1000401183 ns, Reaching safepoint: 600333 ns, At safepoint: 51237 ns, Total: 651570 ns
[2020-08-12T21:35:51.254+0000][6][safepoint    ] Safepoint "Cleanup", Time since last: 1000438145 ns, Reaching safepoint: 869392 ns, At safepoint: 44312 ns, Total: 913704 ns
[2020-08-12T21:35:52.255+0000][6][safepoint    ] Safepoint "Cleanup", Time since last: 1000336484 ns, Reaching safepoint: 688981 ns, At safepoint: 50125 ns, Total: 739106 ns
[2020-08-12T21:35:53.256+0000][6][safepoint    ] Safepoint "Cleanup", Time since last: 1000293534 ns, Reaching safepoint: 416434 ns, At safepoint: 18212 ns, Total: 434646 ns
[2020-08-12T21:35:54.257+0000][6][safepoint    ] Safepoint "Cleanup", Time since last: 1000255947 ns, Reaching safepoint: 666307 ns, At safepoint: 46962 ns, Total: 713269 ns
[2020-08-12T21:35:55.267+0000][6][safepoint    ] Safepoint "Cleanup", Time since last: 1009898438 ns, Reaching safepoint: 371171 ns, At safepoint: 16425 ns, Total: 387596 ns
[2020-08-12T21:35:56.469+0000][6][safepoint    ] Safepoint "Cleanup", Time since last: 1200874391 ns, Reaching safepoint: 590745 ns, At safepoint: 67612 ns, Total: 658357 ns
[2020-08-12T21:35:57.470+0000][6][safepoint    ] Safepoint "Cleanup", Time since last: 1000401408 ns, Reaching safepoint: 633595 ns, At safepoint: 84874 ns, Total: 718469 ns
[2020-08-12T21:35:58.471+0000][6][safepoint    ] Safepoint "Cleanup", Time since last: 1000293171 ns, Reaching safepoint: 428396 ns, At safepoint: 19338 ns, Total: 447734 ns
[2020-08-12T21:35:59.472+0000][6][safepoint    ] Safepoint "Cleanup", Time since last: 1000295971 ns, Reaching safepoint: 585608 ns, At safepoint: 44549 ns, Total: 630157 ns
[2020-08-12T21:36:01.237+0000][6][safepoint    ] Safepoint "Cleanup", Time since last: 1764349683 ns, Reaching safepoint: 698157 ns, At safepoint: 52199 ns, Total: 750356 ns
[2020-08-12T21:36:02.238+0000][6][safepoint    ] Safepoint "Cleanup", Time since last: 1000402258 ns, Reaching safepoint: 791068 ns, At safepoint: 123562 ns, Total: 914630 ns
[2020-08-12T21:36:04.174+0000][6][safepoint    ] Safepoint "Cleanup", Time since last: 1935647831 ns, Reaching safepoint: 683307 ns, At safepoint: 46824 ns, Total: 730131 ns
[2020-08-12T21:36:05.176+0000][6][safepoint    ] Safepoint "Cleanup", Time since last: 1000780855 ns, Reaching safepoint: 816143 ns, At safepoint: 60887 ns, Total: 877030 ns
[2020-08-12T21:36:06.234+0000][6][safepoint    ] Safepoint "Cleanup", Time since last: 1057148490 ns, Reaching safepoint: 689506 ns, At safepoint: 107074 ns, Total: 796580 ns
[2020-08-12T21:36:07.236+0000][6][safepoint    ] Safepoint "Cleanup", Time since last: 1000318747 ns, Reaching safepoint: 1168665 ns, At safepoint: 67387 ns, Total: 1236052 ns
[2020-08-12T21:36:08.236+0000][6][safepoint    ] Safepoint "Cleanup", Time since last: 1000365483 ns, Reaching safepoint: 256085 ns, At safepoint: 11150 ns, Total: 267235 ns
[2020-08-12T21:36:09.237+0000][6][safepoint    ] Safepoint "Cleanup", Time since last: 1000194360 ns, Reaching safepoint: 452533 ns, At safepoint: 23200 ns, Total: 475733 ns
[2020-08-12T21:36:10.238+0000][6][safepoint    ] Safepoint "Cleanup", Time since last: 1000252947 ns, Reaching safepoint: 679882 ns, At safepoint: 37674 ns, Total: 717556 ns
[2020-08-12T21:36:11.239+0000][6][safepoint    ] Safepoint "Cleanup", Time since last: 1000399971 ns, Reaching safepoint: 563095 ns, At safepoint: 29462 ns, Total: 592557 ns
[2020-08-12T21:36:12.240+0000][6][safepoint    ] Safepoint "Cleanup", Time since last: 1000343921 ns, Reaching safepoint: 849380 ns, At safepoint: 44262 ns, Total: 893642 ns
[2020-08-12T21:36:13.241+0000][6][safepoint    ] Safepoint "Cleanup", Time since last: 1000344684 ns, Reaching safepoint: 865692 ns, At safepoint: 43375 ns, Total: 909067 ns
[2020-08-12T21:36:14.242+0000][6][safepoint    ] Safepoint "Cleanup", Time since last: 1000319258 ns, Reaching safepoint: 664582 ns, At safepoint: 32987 ns, Total: 697569 ns
[2020-08-12T21:36:16.234+0000][6][safepoint    ] Safepoint "Cleanup", Time since last: 1990972002 ns, Reaching safepoint: 858705 ns, At safepoint: 56949 ns, Total: 915654 ns
[2020-08-12T21:36:17.235+0000][6][safepoint    ] Safepoint "Cleanup", Time since last: 1000388483 ns, Reaching safepoint: 868955 ns, At safepoint: 43762 ns, Total: 912717 ns
[2020-08-12T21:36:18.237+0000][6][safepoint    ] Safepoint "Cleanup", Time since last: 1000353946 ns, Reaching safepoint: 842730 ns, At safepoint: 42450 ns, Total: 885180 ns
[2020-08-12T21:36:19.238+0000][6][safepoint    ] Safepoint "Cleanup", Time since last: 1000355058 ns, Reaching safepoint: 480846 ns, At safepoint: 25200 ns, Total: 506046 ns
[2020-08-12T21:36:21.236+0000][6][safepoint    ] Safepoint "Cleanup", Time since last: 1997506970 ns, Reaching safepoint: 716568 ns, At safepoint: 37812 ns, Total: 754380 ns
[2020-08-12T21:36:22.237+0000][6][safepoint    ] Safepoint "Cleanup", Time since last: 1000389621 ns, Reaching safepoint: 822243 ns, At safepoint: 43887 ns, Total: 866130 ns
[2020-08-12T21:36:23.238+0000][6][safepoint    ] Safepoint "Cleanup", Time since last: 1000289409 ns, Reaching safepoint: 883617 ns, At safepoint: 48887 ns, Total: 932504 ns
[2020-08-12T21:36:24.239+0000][6][safepoint    ] Safepoint "Cleanup", Time since last: 1000322421 ns, Reaching safepoint: 603270 ns, At safepoint: 30125 ns, Total: 633395 ns
[2020-08-12T21:36:25.244+0000][6][safepoint    ] Safepoint "BulkRevokeBias", Time since last: 995815360 ns, Reaching safepoint: 1408788 ns, At safepoint: 7193925 ns, Total: 8602713 ns
[2020-08-12T21:36:26.541+0000][6][safepoint    ] Safepoint "Cleanup", Time since last: 1296686021 ns, Reaching safepoint: 662194 ns, At safepoint: 51287 ns, Total: 713481 ns
[2020-08-12T21:36:27.542+0000][6][safepoint    ] Safepoint "Cleanup", Time since last: 1000352271 ns, Reaching safepoint: 646670 ns, At safepoint: 44312 ns, Total: 690982 ns
[2020-08-12T21:36:28.543+0000][6][safepoint    ] Safepoint "Cleanup", Time since last: 1000309033 ns, Reaching safepoint: 407834 ns, At safepoint: 61912 ns, Total: 469746 ns
[2020-08-12T21:36:29.544+0000][6][safepoint    ] Safepoint "Cleanup", Time since last: 1000213448 ns, Reaching safepoint: 452283 ns, At safepoint: 23237 ns, Total: 475520 ns
[2020-08-12T21:36:30.545+0000][6][safepoint    ] Safepoint "Cleanup", Time since last: 1000370384 ns, Reaching safepoint: 763018 ns, At safepoint: 39787 ns, Total: 802805 ns
[2020-08-12T21:36:31.785+0000][6][safepoint    ] Safepoint "Cleanup", Time since last: 1239485443 ns, Reaching safepoint: 1124340 ns, At safepoint: 43475 ns, Total: 1167815 ns
[2020-08-12T21:36:32.787+0000][6][safepoint    ] Safepoint "Cleanup", Time since last: 1000328984 ns, Reaching safepoint: 856192 ns, At safepoint: 43500 ns, Total: 899692 ns
[2020-08-12T21:36:33.788+0000][6][safepoint    ] Safepoint "Cleanup", Time since last: 1000408420 ns, Reaching safepoint: 789018 ns, At safepoint: 148937 ns, Total: 937955 ns
[2020-08-12T21:36:34.789+0000][6][safepoint    ] Safepoint "Cleanup", Time since last: 1000354520 ns, Reaching safepoint: 810381 ns, At safepoint: 57112 ns, Total: 867493 ns
[2020-08-12T21:36:36.237+0000][6][safepoint    ] Safepoint "Cleanup", Time since last: 1446625493 ns, Reaching safepoint: 913030 ns, At safepoint: 42925 ns, Total: 955955 ns
[2020-08-12T21:36:37.238+0000][6][safepoint    ] Safepoint "Cleanup", Time since last: 1000342771 ns, Reaching safepoint: 550782 ns, At safepoint: 20575 ns, Total: 571357 ns
[2020-08-12T21:36:38.239+0000][6][safepoint    ] Safepoint "Cleanup", Time since last: 1000196622 ns, Reaching safepoint: 576958 ns, At safepoint: 27875 ns, Total: 604833 ns
[2020-08-12T21:36:39.239+0000][6][safepoint    ] Safepoint "Cleanup", Time since last: 1000209809 ns, Reaching safepoint: 511383 ns, At safepoint: 21375 ns, Total: 532758 ns
[2020-08-12T21:36:41.240+0000][6][safepoint    ] Safepoint "Cleanup", Time since last: 1999385166 ns, Reaching safepoint: 859980 ns, At safepoint: 42649 ns, Total: 902629 ns
[2020-08-12T21:36:42.240+0000][6][safepoint    ] Safepoint "Cleanup", Time since last: 1000354109 ns, Reaching safepoint: 478158 ns, At safepoint: 24912 ns, Total: 503070 ns
[2020-08-12T21:36:43.242+0000][6][safepoint    ] Safepoint "Cleanup", Time since last: 1000307359 ns, Reaching safepoint: 938004 ns, At safepoint: 43213 ns, Total: 981217 ns
[2020-08-12T21:36:44.243+0000][6][safepoint    ] Safepoint "Cleanup", Time since last: 1000386245 ns, Reaching safepoint: 840243 ns, At safepoint: 46562 ns, Total: 886805 ns
[2020-08-12T21:36:45.198+0000][6][safepoint    ] Safepoint "BulkRevokeBias", Time since last: 953962411 ns, Reaching safepoint: 444247 ns, At safepoint: 1056528 ns, Total: 1500775 ns
[2020-08-12T21:36:46.238+0000][6][safepoint    ] Safepoint "Cleanup", Time since last: 1038686763 ns, Reaching safepoint: 554232 ns, At safepoint: 29413 ns, Total: 583645 ns
[2020-08-12T21:36:47.239+0000][6][safepoint    ] Safepoint "Cleanup", Time since last: 1000292471 ns, Reaching safepoint: 779718 ns, At safepoint: 42400 ns, Total: 822118 ns
[2020-08-12T21:36:48.240+0000][6][safepoint    ] Safepoint "Cleanup", Time since last: 1000369721 ns, Reaching safepoint: 540057 ns, At safepoint: 19850 ns, Total: 559907 ns
[2020-08-12T21:36:49.240+0000][6][safepoint    ] Safepoint "Cleanup", Time since last: 1000206022 ns, Reaching safepoint: 493734 ns, At safepoint: 25149 ns, Total: 518883 ns
[2020-08-12T21:36:50.242+0000][6][safepoint    ] Safepoint "Cleanup", Time since last: 1000529020 ns, Reaching safepoint: 954566 ns, At safepoint: 50225 ns, Total: 1004791 ns
[2020-08-12T21:36:51.243+0000][6][safepoint    ] Safepoint "Cleanup", Time since last: 1000331596 ns, Reaching safepoint: 820068 ns, At safepoint: 43587 ns, Total: 863655 ns
[2020-08-12T21:36:52.244+0000][6][safepoint    ] Safepoint "Cleanup", Time since last: 1000348496 ns, Reaching safepoint: 728218 ns, At safepoint: 52312 ns, Total: 780530 ns
[2020-08-12T21:36:53.245+0000][6][safepoint    ] Safepoint "Cleanup", Time since last: 1000344484 ns, Reaching safepoint: 492421 ns, At safepoint: 43062 ns, Total: 535483 ns
[2020-08-12T21:36:54.246+0000][6][safepoint    ] Safepoint "Cleanup", Time since last: 1000338683 ns, Reaching safepoint: 674145 ns, At safepoint: 44199 ns, Total: 718344 ns
[2020-08-12T21:36:55.272+0000][6][safepoint    ] Safepoint "BulkRevokeBias", Time since last: 991017540 ns, Reaching safepoint: 33245223 ns, At safepoint: 1140453 ns, Total: 34385676 ns
[2020-08-12T21:36:56.533+0000][6][safepoint    ] Safepoint "Cleanup", Time since last: 1260666247 ns, Reaching safepoint: 645281 ns, At safepoint: 33750 ns, Total: 679031 ns
[2020-08-12T21:36:57.534+0000][6][safepoint    ] Safepoint "Cleanup", Time since last: 1000302284 ns, Reaching safepoint: 874105 ns, At safepoint: 42449 ns, Total: 916554 ns
[2020-08-12T21:36:58.535+0000][6][safepoint    ] Safepoint "Cleanup", Time since last: 1000306722 ns, Reaching safepoint: 552307 ns, At safepoint: 25175 ns, Total: 577482 ns
[2020-08-12T21:36:59.536+0000][6][safepoint    ] Safepoint "Cleanup", Time since last: 1000274772 ns, Reaching safepoint: 823118 ns, At safepoint: 45699 ns, Total: 868817 ns
[2020-08-12T21:37:01.242+0000][6][safepoint    ] Safepoint "Cleanup", Time since last: 1705153197 ns, Reaching safepoint: 693282 ns, At safepoint: 39700 ns, Total: 732982 ns
[2020-08-12T21:37:02.243+0000][6][safepoint    ] Safepoint "Cleanup", Time since last: 1000307196 ns, Reaching safepoint: 766568 ns, At safepoint: 45125 ns, Total: 811693 ns
[2020-08-12T21:37:03.244+0000][6][safepoint    ] Safepoint "Cleanup", Time since last: 1000336708 ns, Reaching safepoint: 817093 ns, At safepoint: 43387 ns, Total: 860480 ns
[2020-08-12T21:37:04.245+0000][6][safepoint    ] Safepoint "Cleanup", Time since last: 1000256909 ns, Reaching safepoint: 688294 ns, At safepoint: 33738 ns, Total: 722032 ns
[2020-08-12T21:37:06.242+0000][6][safepoint    ] Safepoint "Cleanup", Time since last: 1995375513 ns, Reaching safepoint: 870305 ns, At safepoint: 43174 ns, Total: 913479 ns
[2020-08-12T21:37:07.243+0000][6][safepoint    ] Safepoint "Cleanup", Time since last: 1000447570 ns, Reaching safepoint: 872055 ns, At safepoint: 52437 ns, Total: 924492 ns
[2020-08-12T21:37:08.244+0000][6][safepoint    ] Safepoint "Cleanup", Time since last: 1000230597 ns, Reaching safepoint: 335585 ns, At safepoint: 16649 ns, Total: 352234 ns
[2020-08-12T21:37:09.245+0000][6][safepoint    ] Safepoint "Cleanup", Time since last: 1000263435 ns, Reaching safepoint: 510345 ns, At safepoint: 42975 ns, Total: 553320 ns
[2020-08-12T21:37:10.246+0000][6][safepoint    ] Safepoint "Cleanup", Time since last: 1000513157 ns, Reaching safepoint: 1387000 ns, At safepoint: 59500 ns, Total: 1446500 ns
[2020-08-12T21:37:11.248+0000][6][safepoint    ] Safepoint "Cleanup", Time since last: 1000385195 ns, Reaching safepoint: 749056 ns, At safepoint: 43725 ns, Total: 792781 ns
[2020-08-12T21:37:12.249+0000][6][safepoint    ] Safepoint "Cleanup", Time since last: 1000381296 ns, Reaching safepoint: 674756 ns, At safepoint: 53550 ns, Total: 728306 ns
[2020-08-12T21:37:13.250+0000][6][safepoint    ] Safepoint "Cleanup", Time since last: 1000396533 ns, Reaching safepoint: 575832 ns, At safepoint: 44213 ns, Total: 620045 ns
[2020-08-12T21:37:14.251+0000][6][safepoint    ] Safepoint "Cleanup", Time since last: 1000392583 ns, Reaching safepoint: 620694 ns, At safepoint: 43437 ns, Total: 664131 ns
[2020-08-12T21:37:15.275+0000][6][safepoint    ] Safepoint "Cleanup", Time since last: 1014741409 ns, Reaching safepoint: 8970559 ns, At safepoint: 58525 ns, Total: 9029084 ns
[2020-08-12T21:37:16.276+0000][6][safepoint    ] Safepoint "Cleanup", Time since last: 1000491469 ns, Reaching safepoint: 378047 ns, At safepoint: 54275 ns, Total: 432322 ns
[2020-08-12T21:37:17.277+0000][6][safepoint    ] Safepoint "Cleanup", Time since last: 1000397045 ns, Reaching safepoint: 857305 ns, At safepoint: 44162 ns, Total: 901467 ns
[2020-08-12T21:37:18.278+0000][6][safepoint    ] Safepoint "Cleanup", Time since last: 1000431458 ns, Reaching safepoint: 822818 ns, At safepoint: 44499 ns, Total: 867317 ns
[2020-08-12T21:37:19.279+0000][6][safepoint    ] Safepoint "Cleanup", Time since last: 1000336096 ns, Reaching safepoint: 706807 ns, At safepoint: 43787 ns, Total: 750594 ns
[2020-08-12T21:37:21.245+0000][6][safepoint    ] Safepoint "Cleanup", Time since last: 1964625480 ns, Reaching safepoint: 927755 ns, At safepoint: 53587 ns, Total: 981342 ns
[2020-08-12T21:37:22.246+0000][6][safepoint    ] Safepoint "Cleanup", Time since last: 1000547344 ns, Reaching safepoint: 643357 ns, At safepoint: 46374 ns, Total: 689731 ns
[2020-08-12T21:37:23.247+0000][6][safepoint    ] Safepoint "Cleanup", Time since last: 1000299472 ns, Reaching safepoint: 725381 ns, At safepoint: 28000 ns, Total: 753381 ns
[2020-08-12T21:37:24.248+0000][6][safepoint    ] Safepoint "Cleanup", Time since last: 1000195547 ns, Reaching safepoint: 911554 ns, At safepoint: 59612 ns, Total: 971166 ns
[2020-08-12T21:37:25.263+0000][6][safepoint    ] Safepoint "Cleanup", Time since last: 1014493523 ns, Reaching safepoint: 508609 ns, At safepoint: 21437 ns, Total: 530046 ns
[2020-08-12T21:37:26.559+0000][6][safepoint    ] Safepoint "Cleanup", Time since last: 1294875824 ns, Reaching safepoint: 609832 ns, At safepoint: 52750 ns, Total: 662582 ns
[2020-08-12T21:37:27.560+0000][6][safepoint    ] Safepoint "Cleanup", Time since last: 1000419983 ns, Reaching safepoint: 524895 ns, At safepoint: 44500 ns, Total: 569395 ns
[2020-08-12T21:37:28.561+0000][6][safepoint    ] Safepoint "Cleanup", Time since last: 1000404295 ns, Reaching safepoint: 498646 ns, At safepoint: 33237 ns, Total: 531883 ns
[2020-08-12T21:37:29.562+0000][6][safepoint    ] Safepoint "Cleanup", Time since last: 1000346783 ns, Reaching safepoint: 572308 ns, At safepoint: 42800 ns, Total: 615108 ns
[2020-08-12T21:37:30.563+0000][6][safepoint    ] Safepoint "Cleanup", Time since last: 1000341608 ns, Reaching safepoint: 661169 ns, At safepoint: 27000 ns, Total: 688169 ns
[2020-08-12T21:37:31.564+0000][6][safepoint    ] Safepoint "Cleanup", Time since last: 1000306784 ns, Reaching safepoint: 707519 ns, At safepoint: 43837 ns, Total: 751356 ns
[2020-08-12T21:37:32.565+0000][6][safepoint    ] Safepoint "Cleanup", Time since last: 1000424045 ns, Reaching safepoint: 598657 ns, At safepoint: 110624 ns, Total: 709281 ns
[2020-08-12T21:37:33.566+0000][6][safepoint    ] Safepoint "Cleanup", Time since last: 1000334897 ns, Reaching safepoint: 283447 ns, At safepoint: 15662 ns, Total: 299109 ns
[2020-08-12T21:37:34.566+0000][6][safepoint    ] Safepoint "Cleanup", Time since last: 1000191310 ns, Reaching safepoint: 276235 ns, At safepoint: 11938 ns, Total: 288173 ns
[2020-08-12T21:37:36.242+0000][6][safepoint    ] Safepoint "Cleanup", Time since last: 1675171670 ns, Reaching safepoint: 574032 ns, At safepoint: 44300 ns, Total: 618332 ns
[2020-08-12T21:37:37.244+0000][6][safepoint    ] Safepoint "Cleanup", Time since last: 1001071665 ns, Reaching safepoint: 591507 ns, At safepoint: 32487 ns, Total: 623994 ns
[2020-08-12T21:37:38.405+0000][6][safepoint    ] Safepoint "Cleanup", Time since last: 1160590379 ns, Reaching safepoint: 448946 ns, At safepoint: 21675 ns, Total: 470621 ns
[2020-08-12T21:37:39.406+0000][6][safepoint    ] Safepoint "Cleanup", Time since last: 1000325271 ns, Reaching safepoint: 735356 ns, At safepoint: 36637 ns, Total: 771993 ns
[2020-08-12T21:37:41.246+0000][6][safepoint    ] Safepoint "Cleanup", Time since last: 1839263482 ns, Reaching safepoint: 605532 ns, At safepoint: 43837 ns, Total: 649369 ns
[2020-08-12T21:37:42.247+0000][6][safepoint    ] Safepoint "Cleanup", Time since last: 1000321009 ns, Reaching safepoint: 532333 ns, At safepoint: 51987 ns, Total: 584320 ns
[2020-08-12T21:37:43.248+0000][6][safepoint    ] Safepoint "Cleanup", Time since last: 1000339946 ns, Reaching safepoint: 896080 ns, At safepoint: 43337 ns, Total: 939417 ns
[2020-08-12T21:37:44.249+0000][6][safepoint    ] Safepoint "Cleanup", Time since last: 1000417508 ns, Reaching safepoint: 861667 ns, At safepoint: 66337 ns, Total: 928004 ns
[2020-08-12T21:37:45.283+0000][6][safepoint    ] Safepoint "Cleanup", Time since last: 1033506545 ns, Reaching safepoint: 424284 ns, At safepoint: 35575 ns, Total: 459859 ns
[2020-08-12T21:37:46.284+0000][6][safepoint    ] Safepoint "Cleanup", Time since last: 1000345158 ns, Reaching safepoint: 944917 ns, At safepoint: 44562 ns, Total: 989479 ns
[2020-08-12T21:37:47.286+0000][6][safepoint    ] Safepoint "Cleanup", Time since last: 1000322996 ns, Reaching safepoint: 880243 ns, At safepoint: 43537 ns, Total: 923780 ns
[2020-08-12T21:37:48.286+0000][6][safepoint    ] Safepoint "Cleanup", Time since last: 1000323121 ns, Reaching safepoint: 254610 ns, At safepoint: 10738 ns, Total: 265348 ns
[2020-08-12T21:37:49.287+0000][6][safepoint    ] Safepoint "Cleanup", Time since last: 1000233922 ns, Reaching safepoint: 511458 ns, At safepoint: 25324 ns, Total: 536782 ns
[2020-08-12T21:37:50.288+0000][6][safepoint    ] Safepoint "Cleanup", Time since last: 1000269709 ns, Reaching safepoint: 728532 ns, At safepoint: 46649 ns, Total: 775181 ns
[2020-08-12T21:37:51.289+0000][6][safepoint    ] Safepoint "Cleanup", Time since last: 1000341034 ns, Reaching safepoint: 672044 ns, At safepoint: 43775 ns, Total: 715819 ns
[2020-08-12T21:37:52.290+0000][6][safepoint    ] Safepoint "Cleanup", Time since last: 1000345758 ns, Reaching safepoint: 674219 ns, At safepoint: 50475 ns, Total: 724694 ns
[2020-08-12T21:37:53.291+0000][6][safepoint    ] Safepoint "Cleanup", Time since last: 1000290371 ns, Reaching safepoint: 514983 ns, At safepoint: 18737 ns, Total: 533720 ns
[2020-08-12T21:37:54.292+0000][6][safepoint    ] Safepoint "Cleanup", Time since last: 1000249235 ns, Reaching safepoint: 856030 ns, At safepoint: 55187 ns, Total: 911217 ns
[2020-08-12T21:37:55.376+0000][6][safepoint    ] Safepoint "Cleanup", Time since last: 1069356396 ns, Reaching safepoint: 14287139 ns, At safepoint: 48012 ns, Total: 14335151 ns
[2020-08-12T21:37:56.519+0000][6][safepoint    ] Safepoint "Cleanup", Time since last: 1141880103 ns, Reaching safepoint: 845330 ns, At safepoint: 43525 ns, Total: 888855 ns
[2020-08-12T21:37:57.520+0000][6][safepoint    ] Safepoint "Cleanup", Time since last: 1000386621 ns, Reaching safepoint: 699244 ns, At safepoint: 45262 ns, Total: 744506 ns
[2020-08-12T21:37:58.521+0000][6][safepoint    ] Safepoint "Cleanup", Time since last: 1000393108 ns, Reaching safepoint: 561557 ns, At safepoint: 30337 ns, Total: 591894 ns
[2020-08-12T21:37:59.522+0000][6][safepoint    ] Safepoint "Cleanup", Time since last: 1000331571 ns, Reaching safepoint: 823568 ns, At safepoint: 44487 ns, Total: 868055 ns
[2020-08-12T21:38:01.248+0000][6][safepoint    ] Safepoint "Cleanup", Time since last: 1724702353 ns, Reaching safepoint: 774518 ns, At safepoint: 45650 ns, Total: 820168 ns
[2020-08-12T21:38:02.249+0000][6][safepoint    ] Safepoint "Cleanup", Time since last: 1000344646 ns, Reaching safepoint: 808030 ns, At safepoint: 44587 ns, Total: 852617 ns
[2020-08-12T21:38:03.250+0000][6][safepoint    ] Safepoint "Cleanup", Time since last: 1000360809 ns, Reaching safepoint: 886154 ns, At safepoint: 29663 ns, Total: 915817 ns
[2020-08-12T21:38:04.251+0000][6][safepoint    ] Safepoint "Cleanup", Time since last: 1000173872 ns, Reaching safepoint: 673944 ns, At safepoint: 16238 ns, Total: 690182 ns
[2020-08-12T21:38:06.250+0000][6][safepoint    ] Safepoint "Cleanup", Time since last: 1997517806 ns, Reaching safepoint: 940417 ns, At safepoint: 257373 ns, Total: 1197790 ns
[2020-08-12T21:38:07.250+0000][6][safepoint    ] Safepoint "Cleanup", Time since last: 1000289546 ns, Reaching safepoint: 613533 ns, At safepoint: 22662 ns, Total: 636195 ns
[2020-08-12T21:38:08.251+0000][6][safepoint    ] Safepoint "Cleanup", Time since last: 1000203722 ns, Reaching safepoint: 678782 ns, At safepoint: 33312 ns, Total: 712094 ns
[2020-08-12T21:38:09.252+0000][6][safepoint    ] Safepoint "Cleanup", Time since last: 1000233034 ns, Reaching safepoint: 480983 ns, At safepoint: 24700 ns, Total: 505683 ns
[2020-08-12T21:38:10.253+0000][6][safepoint    ] Safepoint "Cleanup", Time since last: 1000321022 ns, Reaching safepoint: 637344 ns, At safepoint: 45550 ns, Total: 682894 ns
[2020-08-12T21:38:11.254+0000][6][safepoint    ] Safepoint "Cleanup", Time since last: 1000337958 ns, Reaching safepoint: 677432 ns, At safepoint: 51499 ns, Total: 728931 ns
[2020-08-12T21:38:12.255+0000][6][safepoint    ] Safepoint "Cleanup", Time since last: 1000323159 ns, Reaching safepoint: 672457 ns, At safepoint: 34987 ns, Total: 707444 ns
[2020-08-12T21:38:13.256+0000][6][safepoint    ] Safepoint "Cleanup", Time since last: 1000310359 ns, Reaching safepoint: 587919 ns, At safepoint: 43775 ns, Total: 631694 ns
[2020-08-12T21:38:14.257+0000][6][safepoint    ] Safepoint "Cleanup", Time since last: 1000345271 ns, Reaching safepoint: 680194 ns, At safepoint: 45800 ns, Total: 725994 ns
[2020-08-12T21:38:15.249+0000][6][safepoint    ] Safepoint "BulkRevokeBias", Time since last: 988892045 ns, Reaching safepoint: 808556 ns, At safepoint: 2297255 ns, Total: 3105811 ns
[2020-08-12T21:38:16.250+0000][6][safepoint    ] Safepoint "Cleanup", Time since last: 1000495719 ns, Reaching safepoint: 624270 ns, At safepoint: 45537 ns, Total: 669807 ns
[2020-08-12T21:38:17.252+0000][6][safepoint    ] Safepoint "Cleanup", Time since last: 1000348371 ns, Reaching safepoint: 799643 ns, At safepoint: 43850 ns, Total: 843493 ns
[2020-08-12T21:38:18.252+0000][6][safepoint    ] Safepoint "Cleanup", Time since last: 1000279196 ns, Reaching safepoint: 372834 ns, At safepoint: 13713 ns, Total: 386547 ns
[2020-08-12T21:38:19.253+0000][6][safepoint    ] Safepoint "Cleanup", Time since last: 1000193809 ns, Reaching safepoint: 510208 ns, At safepoint: 25488 ns, Total: 535696 ns
[2020-08-12T21:38:21.250+0000][6][safepoint    ] Safepoint "Cleanup", Time since last: 1995828696 ns, Reaching safepoint: 656420 ns, At safepoint: 51074 ns, Total: 707494 ns
[2020-08-12T21:38:22.251+0000][6][safepoint    ] Safepoint "Cleanup", Time since last: 1000446558 ns, Reaching safepoint: 575420 ns, At safepoint: 43899 ns, Total: 619319 ns
[2020-08-12T21:38:23.251+0000][6][safepoint    ] Safepoint "Cleanup", Time since last: 1000343009 ns, Reaching safepoint: 465083 ns, At safepoint: 43912 ns, Total: 508995 ns
[2020-08-12T21:38:24.253+0000][6][safepoint    ] Safepoint "Cleanup", Time since last: 1000339496 ns, Reaching safepoint: 865930 ns, At safepoint: 43725 ns, Total: 909655 ns
[2020-08-12T21:38:25.377+0000][6][safepoint    ] Safepoint "Cleanup", Time since last: 1124054946 ns, Reaching safepoint: 446521 ns, At safepoint: 14050 ns, Total: 460571 ns
[2020-08-12T21:38:26.460+0000][6][safepoint    ] Safepoint "Cleanup", Time since last: 1081460404 ns, Reaching safepoint: 831130 ns, At safepoint: 42650 ns, Total: 873780 ns
[2020-08-12T21:38:27.460+0000][6][safepoint    ] Safepoint "Cleanup", Time since last: 1000300496 ns, Reaching safepoint: 510896 ns, At safepoint: 23174 ns, Total: 534070 ns
[2020-08-12T21:38:28.461+0000][6][safepoint    ] Safepoint "Cleanup", Time since last: 1000271184 ns, Reaching safepoint: 606670 ns, At safepoint: 43500 ns, Total: 650170 ns
[2020-08-12T21:38:29.462+0000][6][safepoint    ] Safepoint "Cleanup", Time since last: 1000291859 ns, Reaching safepoint: 493645 ns, At safepoint: 54125 ns, Total: 547770 ns
[2020-08-12T21:38:30.463+0000][6][safepoint    ] Safepoint "Cleanup", Time since last: 1000308221 ns, Reaching safepoint: 781893 ns, At safepoint: 42663 ns, Total: 824556 ns
[2020-08-12T21:38:31.464+0000][6][safepoint    ] Safepoint "Cleanup", Time since last: 1000292708 ns, Reaching safepoint: 769306 ns, At safepoint: 44275 ns, Total: 813581 ns
[2020-08-12T21:38:32.465+0000][6][safepoint    ] Safepoint "Cleanup", Time since last: 1000337896 ns, Reaching safepoint: 661844 ns, At safepoint: 52750 ns, Total: 714594 ns
[2020-08-12T21:38:33.467+0000][6][safepoint    ] Safepoint "Cleanup", Time since last: 1000287946 ns, Reaching safepoint: 946404 ns, At safepoint: 66750 ns, Total: 1013154 ns
[2020-08-12T21:38:34.467+0000][6][safepoint    ] Safepoint "Cleanup", Time since last: 1000387970 ns, Reaching safepoint: 365685 ns, At safepoint: 13737 ns, Total: 379422 ns
[2020-08-12T21:38:36.250+0000][6][safepoint    ] Safepoint "Cleanup", Time since last: 1782088516 ns, Reaching safepoint: 665919 ns, At safepoint: 33975 ns, Total: 699894 ns
[2020-08-12T21:38:37.252+0000][6][safepoint    ] Safepoint "Cleanup", Time since last: 1000306971 ns, Reaching safepoint: 1064504 ns, At safepoint: 64287 ns, Total: 1128791 ns
[2020-08-12T21:38:38.252+0000][6][safepoint    ] Safepoint "Cleanup", Time since last: 1000343658 ns, Reaching safepoint: 254448 ns, At safepoint: 10950 ns, Total: 265398 ns
[2020-08-12T21:38:39.253+0000][6][safepoint    ] Safepoint "Cleanup", Time since last: 1000222797 ns, Reaching safepoint: 639757 ns, At safepoint: 44687 ns, Total: 684444 ns
[2020-08-12T21:38:41.250+0000][6][safepoint    ] Safepoint "Cleanup", Time since last: 1996150881 ns, Reaching safepoint: 677644 ns, At safepoint: 45575 ns, Total: 723219 ns
[2020-08-12T21:38:42.251+0000][6][safepoint    ] Safepoint "Cleanup", Time since last: 1000352121 ns, Reaching safepoint: 605295 ns, At safepoint: 45587 ns, Total: 650882 ns
[2020-08-12T21:38:43.253+0000][6][safepoint    ] Safepoint "Cleanup", Time since last: 1000343696 ns, Reaching safepoint: 1011966 ns, At safepoint: 61549 ns, Total: 1073515 ns
[2020-08-12T21:38:44.254+0000][6][safepoint    ] Safepoint "Cleanup", Time since last: 1000393883 ns, Reaching safepoint: 750669 ns, At safepoint: 43274 ns, Total: 793943 ns
[2020-08-12T21:38:45.258+0000][6][safepoint    ] Safepoint "Cleanup", Time since last: 1004213388 ns, Reaching safepoint: 290260 ns, At safepoint: 19862 ns, Total: 310122 ns
[2020-08-12T21:38:46.259+0000][6][safepoint    ] Safepoint "Cleanup", Time since last: 1000339509 ns, Reaching safepoint: 700181 ns, At safepoint: 45649 ns, Total: 745830 ns
[2020-08-12T21:38:47.260+0000][6][safepoint    ] Safepoint "Cleanup", Time since last: 1000349659 ns, Reaching safepoint: 608445 ns, At safepoint: 44274 ns, Total: 652719 ns
[2020-08-12T21:38:48.261+0000][6][safepoint    ] Safepoint "Cleanup", Time since last: 1000278922 ns, Reaching safepoint: 365296 ns, At safepoint: 15975 ns, Total: 381271 ns
[2020-08-12T21:38:49.262+0000][6][safepoint    ] Safepoint "Cleanup", Time since last: 1000206610 ns, Reaching safepoint: 484308 ns, At safepoint: 25275 ns, Total: 509583 ns
[2020-08-12T21:38:50.263+0000][6][safepoint    ] Safepoint "Cleanup", Time since last: 1000250459 ns, Reaching safepoint: 777756 ns, At safepoint: 43025 ns, Total: 820781 ns
[2020-08-12T21:38:51.264+0000][6][safepoint    ] Safepoint "Cleanup", Time since last: 1000425595 ns, Reaching safepoint: 341972 ns, At safepoint: 16537 ns, Total: 358509 ns
[2020-08-12T21:38:52.265+0000][6][safepoint    ] Safepoint "Cleanup", Time since last: 1000245810 ns, Reaching safepoint: 881117 ns, At safepoint: 42850 ns, Total: 923967 ns
[2020-08-12T21:38:53.266+0000][6][safepoint    ] Safepoint "Cleanup", Time since last: 1000375983 ns, Reaching safepoint: 1033653 ns, At safepoint: 55337 ns, Total: 1088990 ns
[2020-08-12T21:38:54.267+0000][6][safepoint    ] Safepoint "Cleanup", Time since last: 1000347259 ns, Reaching safepoint: 764643 ns, At safepoint: 46000 ns, Total: 810643 ns
[2020-08-12T21:38:55.390+0000][6][safepoint    ] Safepoint "Cleanup", Time since last: 1122231049 ns, Reaching safepoint: 418172 ns, At safepoint: 15512 ns, Total: 433684 ns
[2020-08-12T21:38:56.598+0000][6][safepoint    ] Safepoint "Cleanup", Time since last: 1206664953 ns, Reaching safepoint: 833205 ns, At safepoint: 42938 ns, Total: 876143 ns
[2020-08-12T21:38:57.599+0000][6][safepoint    ] Safepoint "Cleanup", Time since last: 1000377308 ns, Reaching safepoint: 803030 ns, At safepoint: 69350 ns, Total: 872380 ns
[2020-08-12T21:38:58.600+0000][6][safepoint    ] Safepoint "Cleanup", Time since last: 1000395920 ns, Reaching safepoint: 840530 ns, At safepoint: 40738 ns, Total: 881268 ns
[2020-08-12T21:38:59.601+0000][6][safepoint    ] Safepoint "Cleanup", Time since last: 1000324983 ns, Reaching safepoint: 648344 ns, At safepoint: 45325 ns, Total: 693669 ns
[2020-08-12T21:39:01.285+0000][6][safepoint    ] Safepoint "Cleanup", Time since last: 1683103451 ns, Reaching safepoint: 753469 ns, At safepoint: 39949 ns, Total: 793418 ns
[2020-08-12T21:39:02.286+0000][6][safepoint    ] Safepoint "Cleanup", Time since last: 1000351034 ns, Reaching safepoint: 811018 ns, At safepoint: 44112 ns, Total: 855130 ns
[2020-08-12T21:39:03.287+0000][6][safepoint    ] Safepoint "Cleanup", Time since last: 1000266271 ns, Reaching safepoint: 779394 ns, At safepoint: 12212 ns, Total: 791606 ns
[2020-08-12T21:39:04.288+0000][6][safepoint    ] Safepoint "Cleanup", Time since last: 1000219660 ns, Reaching safepoint: 711369 ns, At safepoint: 43649 ns, Total: 755018 ns
[2020-08-12T21:39:06.251+0000][6][safepoint    ] Safepoint "Cleanup", Time since last: 1961805092 ns, Reaching safepoint: 624445 ns, At safepoint: 51687 ns, Total: 676132 ns
[2020-08-12T21:39:07.252+0000][6][safepoint    ] Safepoint "Cleanup", Time since last: 1000394383 ns, Reaching safepoint: 1099140 ns, At safepoint: 64312 ns, Total: 1163452 ns
[2020-08-12T21:39:08.254+0000][6][safepoint    ] Safepoint "Cleanup", Time since last: 1000323471 ns, Reaching safepoint: 1098541 ns, At safepoint: 37875 ns, Total: 1136416 ns
[2020-08-12T21:39:09.255+0000][6][safepoint    ] Safepoint "Cleanup", Time since last: 1000366320 ns, Reaching safepoint: 1239377 ns, At safepoint: 43325 ns, Total: 1282702 ns
[2020-08-12T21:39:10.257+0000][6][safepoint    ] Safepoint "Cleanup", Time since last: 1000353271 ns, Reaching safepoint: 1530061 ns, At safepoint: 57200 ns, Total: 1587261 ns
[2020-08-12T21:39:11.259+0000][6][safepoint    ] Safepoint "Cleanup", Time since last: 1000640268 ns, Reaching safepoint: 782906 ns, At safepoint: 43387 ns, Total: 826293 ns
[2020-08-12T21:39:12.260+0000][6][safepoint    ] Safepoint "Cleanup", Time since last: 1000389308 ns, Reaching safepoint: 809206 ns, At safepoint: 44049 ns, Total: 853255 ns
[2020-08-12T21:39:13.261+0000][6][safepoint    ] Safepoint "Cleanup", Time since last: 1000346483 ns, Reaching safepoint: 455122 ns, At safepoint: 85049 ns, Total: 540171 ns
[2020-08-12T21:39:14.262+0000][6][safepoint    ] Safepoint "Cleanup", Time since last: 1000325296 ns, Reaching safepoint: 653407 ns, At safepoint: 53224 ns, Total: 706631 ns
[2020-08-12T21:39:15.264+0000][6][safepoint    ] Safepoint "Cleanup", Time since last: 1001478386 ns, Reaching safepoint: 632945 ns, At safepoint: 20337 ns, Total: 653282 ns
[2020-08-12T21:39:16.266+0000][6][safepoint    ] Safepoint "Cleanup", Time since last: 1000709793 ns, Reaching safepoint: 899567 ns, At safepoint: 44000 ns, Total: 943567 ns
[2020-08-12T21:39:17.267+0000][6][safepoint    ] Safepoint "Cleanup", Time since last: 1000394870 ns, Reaching safepoint: 839593 ns, At safepoint: 67149 ns, Total: 906742 ns
[2020-08-12T21:39:18.268+0000][6][safepoint    ] Safepoint "Cleanup", Time since last: 1000310372 ns, Reaching safepoint: 256022 ns, At safepoint: 10875 ns, Total: 266897 ns
[2020-08-12T21:39:19.269+0000][6][safepoint    ] Safepoint "Cleanup", Time since last: 1000328759 ns, Reaching safepoint: 783156 ns, At safepoint: 43299 ns, Total: 826455 ns
[2020-08-12T21:39:21.255+0000][6][safepoint    ] Safepoint "Cleanup", Time since last: 1985511436 ns, Reaching safepoint: 829718 ns, At safepoint: 43637 ns, Total: 873355 ns
[2020-08-12T21:39:22.256+0000][6][safepoint    ] Safepoint "Cleanup", Time since last: 1000348171 ns, Reaching safepoint: 678544 ns, At safepoint: 52275 ns, Total: 730819 ns
[2020-08-12T21:39:23.247+0000][6][safepoint    ] Safepoint "BulkRevokeBias", Time since last: 985078854 ns, Reaching safepoint: 425946 ns, At safepoint: 5414815 ns, Total: 5840761 ns
[2020-08-12T21:39:24.253+0000][6][safepoint    ] Safepoint "Cleanup", Time since last: 1005089680 ns, Reaching safepoint: 973329 ns, At safepoint: 45987 ns, Total: 1019316 ns
[2020-08-12T21:39:25.403+0000][6][safepoint    ] Safepoint "Cleanup", Time since last: 1149392164 ns, Reaching safepoint: 396909 ns, At safepoint: 13937 ns, Total: 410846 ns
[2020-08-12T21:39:26.534+0000][6][safepoint    ] Safepoint "Cleanup", Time since last: 1129673160 ns, Reaching safepoint: 858205 ns, At safepoint: 43787 ns, Total: 901992 ns
[2020-08-12T21:39:27.535+0000][6][safepoint    ] Safepoint "Cleanup", Time since last: 1000400145 ns, Reaching safepoint: 786606 ns, At safepoint: 98449 ns, Total: 885055 ns
[2020-08-12T21:39:28.536+0000][6][safepoint    ] Safepoint "Cleanup", Time since last: 1000295784 ns, Reaching safepoint: 415684 ns, At safepoint: 19950 ns, Total: 435634 ns
[2020-08-12T21:39:29.537+0000][6][safepoint    ] Safepoint "Cleanup", Time since last: 1000261172 ns, Reaching safepoint: 779405 ns, At safepoint: 42650 ns, Total: 822055 ns
[2020-08-12T21:39:30.538+0000][6][safepoint    ] Safepoint "Cleanup", Time since last: 1000352458 ns, Reaching safepoint: 671382 ns, At safepoint: 54787 ns, Total: 726169 ns
[2020-08-12T21:39:31.539+0000][6][safepoint    ] Safepoint "Cleanup", Time since last: 1000337146 ns, Reaching safepoint: 661632 ns, At safepoint: 86324 ns, Total: 747956 ns
[2020-08-12T21:39:32.540+0000][6][safepoint    ] Safepoint "Cleanup", Time since last: 1000320521 ns, Reaching safepoint: 583845 ns, At safepoint: 81649 ns, Total: 665494 ns
[2020-08-12T21:39:33.541+0000][6][safepoint    ] Safepoint "Cleanup", Time since last: 1000291072 ns, Reaching safepoint: 735543 ns, At safepoint: 42150 ns, Total: 777693 ns
[2020-08-12T21:39:34.542+0000][6][safepoint    ] Safepoint "Cleanup", Time since last: 1000318334 ns, Reaching safepoint: 875405 ns, At safepoint: 43649 ns, Total: 919054 ns
[2020-08-12T21:39:35.253+0000][6][safepoint    ] Safepoint "BulkRevokeBias", Time since last: 708712005 ns, Reaching safepoint: 566033 ns, At safepoint: 1309076 ns, Total: 1875109 ns
[2020-08-12T21:39:36.254+0000][6][safepoint    ] Safepoint "Cleanup", Time since last: 1000712767 ns, Reaching safepoint: 925142 ns, At safepoint: 43962 ns, Total: 969104 ns
[2020-08-12T21:39:37.255+0000][6][safepoint    ] Safepoint "Cleanup", Time since last: 1000289284 ns, Reaching safepoint: 531833 ns, At safepoint: 21263 ns, Total: 553096 ns
[2020-08-12T21:39:38.257+0000][6][safepoint    ] Safepoint "Cleanup", Time since last: 1000228434 ns, Reaching safepoint: 1241002 ns, At safepoint: 49112 ns, Total: 1290114 ns
[2020-08-12T21:39:39.258+0000][6][safepoint    ] Safepoint "Cleanup", Time since last: 1000341096 ns, Reaching safepoint: 575970 ns, At safepoint: 30062 ns, Total: 606032 ns
[2020-08-12T21:39:41.256+0000][6][safepoint    ] Safepoint "Cleanup", Time since last: 1997115461 ns, Reaching safepoint: 885754 ns, At safepoint: 118649 ns, Total: 1004403 ns
[2020-08-12T21:39:42.257+0000][6][safepoint    ] Safepoint "Cleanup", Time since last: 1000373358 ns, Reaching safepoint: 703382 ns, At safepoint: 33412 ns, Total: 736794 ns
[2020-08-12T21:39:43.258+0000][6][safepoint    ] Safepoint "Cleanup", Time since last: 1000303671 ns, Reaching safepoint: 719944 ns, At safepoint: 53937 ns, Total: 773881 ns
[2020-08-12T21:39:44.259+0000][6][safepoint    ] Safepoint "Cleanup", Time since last: 1000329459 ns, Reaching safepoint: 755931 ns, At safepoint: 46349 ns, Total: 802280 ns
[2020-08-12T21:39:46.255+0000][6][safepoint    ] Safepoint "Cleanup", Time since last: 1994964667 ns, Reaching safepoint: 589457 ns, At safepoint: 45275 ns, Total: 634732 ns
[2020-08-12T21:39:47.256+0000][6][safepoint    ] Safepoint "Cleanup", Time since last: 1000420108 ns, Reaching safepoint: 862267 ns, At safepoint: 56362 ns, Total: 918629 ns
[2020-08-12T21:39:48.257+0000][6][safepoint    ] Safepoint "Cleanup", Time since last: 1000283047 ns, Reaching safepoint: 529257 ns, At safepoint: 66387 ns, Total: 595644 ns
[2020-08-12T21:39:49.258+0000][6][safepoint    ] Safepoint "Cleanup", Time since last: 1000314022 ns, Reaching safepoint: 486258 ns, At safepoint: 62237 ns, Total: 548495 ns
[2020-08-12T21:39:50.261+0000][6][safepoint    ] Safepoint "Cleanup", Time since last: 1000777492 ns, Reaching safepoint: 2497641 ns, At safepoint: 65649 ns, Total: 2563290 ns
[2020-08-12T21:39:51.262+0000][6][safepoint    ] Safepoint "Cleanup", Time since last: 1000369109 ns, Reaching safepoint: 701906 ns, At safepoint: 43662 ns, Total: 745568 ns
[2020-08-12T21:39:52.263+0000][6][safepoint    ] Safepoint "Cleanup", Time since last: 1000349071 ns, Reaching safepoint: 560208 ns, At safepoint: 44562 ns, Total: 604770 ns
[2020-08-12T21:39:53.265+0000][6][safepoint    ] Safepoint "Cleanup", Time since last: 1000695330 ns, Reaching safepoint: 524533 ns, At safepoint: 43912 ns, Total: 568445 ns
[2020-08-12T21:39:54.266+0000][6][safepoint    ] Safepoint "Cleanup", Time since last: 1000351471 ns, Reaching safepoint: 788643 ns, At safepoint: 42900 ns, Total: 831543 ns
[2020-08-12T21:39:55.422+0000][6][safepoint    ] Safepoint "Cleanup", Time since last: 1154989452 ns, Reaching safepoint: 883205 ns, At safepoint: 43287 ns, Total: 926492 ns
[2020-08-12T21:39:56.493+0000][6][safepoint    ] Safepoint "Cleanup", Time since last: 1070711684 ns, Reaching safepoint: 823243 ns, At safepoint: 43100 ns, Total: 866343 ns
[2020-08-12T21:39:57.494+0000][6][safepoint    ] Safepoint "Cleanup", Time since last: 1000344683 ns, Reaching safepoint: 643907 ns, At safepoint: 45212 ns, Total: 689119 ns
[2020-08-12T21:39:58.495+0000][6][safepoint    ] Safepoint "Cleanup", Time since last: 1000347596 ns, Reaching safepoint: 566271 ns, At safepoint: 44524 ns, Total: 610795 ns
[2020-08-12T21:39:59.496+0000][6][safepoint    ] Safepoint "Cleanup", Time since last: 1000339996 ns, Reaching safepoint: 794068 ns, At safepoint: 55487 ns, Total: 849555 ns
[2020-08-12T21:40:00.260+0000][6][safepoint    ] Safepoint "BulkRevokeBias", Time since last: 759183967 ns, Reaching safepoint: 1089878 ns, At safepoint: 3371245 ns, Total: 4461123 ns
[2020-08-12T21:40:01.261+0000][6][safepoint    ] Safepoint "Cleanup", Time since last: 1000404558 ns, Reaching safepoint: 855105 ns, At safepoint: 43250 ns, Total: 898355 ns
[2020-08-12T21:40:02.263+0000][6][safepoint    ] Safepoint "Cleanup", Time since last: 1000352021 ns, Reaching safepoint: 933229 ns, At safepoint: 43100 ns, Total: 976329 ns
[2020-08-12T21:40:03.263+0000][6][safepoint    ] Safepoint "Cleanup", Time since last: 1000318058 ns, Reaching safepoint: 344347 ns, At safepoint: 11550 ns, Total: 355897 ns
[2020-08-12T21:40:04.265+0000][6][safepoint    ] Safepoint "Cleanup", Time since last: 1000265984 ns, Reaching safepoint: 877043 ns, At safepoint: 44024 ns, Total: 921067 ns
[2020-08-12T21:40:05.331+0000][6][safepoint    ] Safepoint "Cleanup", Time since last: 1065188258 ns, Reaching safepoint: 757831 ns, At safepoint: 40000 ns, Total: 797831 ns
[2020-08-12T21:40:06.738+0000][6][safepoint    ] Safepoint "Cleanup", Time since last: 1406261781 ns, Reaching safepoint: 653895 ns, At safepoint: 43299 ns, Total: 697194 ns
[2020-08-12T21:40:07.739+0000][6][safepoint    ] Safepoint "Cleanup", Time since last: 1000397471 ns, Reaching safepoint: 576395 ns, At safepoint: 45137 ns, Total: 621532 ns
[2020-08-12T21:40:08.740+0000][6][safepoint    ] Safepoint "Cleanup", Time since last: 1000410758 ns, Reaching safepoint: 798655 ns, At safepoint: 43962 ns, Total: 842617 ns
[2020-08-12T21:40:09.741+0000][6][safepoint    ] Safepoint "Cleanup", Time since last: 1000401996 ns, Reaching safepoint: 804230 ns, At safepoint: 43412 ns, Total: 847642 ns
[2020-08-12T21:40:10.742+0000][6][safepoint    ] Safepoint "Cleanup", Time since last: 1000278284 ns, Reaching safepoint: 494609 ns, At safepoint: 21349 ns, Total: 515958 ns
[2020-08-12T21:40:11.743+0000][6][safepoint    ] Safepoint "Cleanup", Time since last: 1000258785 ns, Reaching safepoint: 595982 ns, At safepoint: 43612 ns, Total: 639594 ns
[2020-08-12T21:40:12.744+0000][6][safepoint    ] Safepoint "Cleanup", Time since last: 1000347071 ns, Reaching safepoint: 581520 ns, At safepoint: 45049 ns, Total: 626569 ns
[2020-08-12T21:40:13.745+0000][6][safepoint    ] Safepoint "Cleanup", Time since last: 1000476895 ns, Reaching safepoint: 427722 ns, At safepoint: 26299 ns, Total: 454021 ns
[2020-08-12T21:40:14.746+0000][6][safepoint    ] Safepoint "Cleanup", Time since last: 1000317397 ns, Reaching safepoint: 604069 ns, At safepoint: 44987 ns, Total: 649056 ns
[2020-08-12T21:40:16.256+0000][6][safepoint    ] Safepoint "Cleanup", Time since last: 1510037068 ns, Reaching safepoint: 664107 ns, At safepoint: 44112 ns, Total: 708219 ns
[2020-08-12T21:40:17.257+0000][6][safepoint    ] Safepoint "Cleanup", Time since last: 1000342333 ns, Reaching safepoint: 587570 ns, At safepoint: 44600 ns, Total: 632170 ns
[2020-08-12T21:40:18.258+0000][6][safepoint    ] Safepoint "Cleanup", Time since last: 1000277059 ns, Reaching safepoint: 547545 ns, At safepoint: 17662 ns, Total: 565207 ns
[2020-08-12T21:40:19.259+0000][6][safepoint    ] Safepoint "Cleanup", Time since last: 1000184485 ns, Reaching safepoint: 416584 ns, At safepoint: 25787 ns, Total: 442371 ns
[2020-08-12T21:40:21.258+0000][6][safepoint    ] Safepoint "Cleanup", Time since last: 1998999569 ns, Reaching safepoint: 547533 ns, At safepoint: 55137 ns, Total: 602670 ns
[2020-08-12T21:40:22.259+0000][6][safepoint    ] Safepoint "Cleanup", Time since last: 1000341946 ns, Reaching safepoint: 649432 ns, At safepoint: 43987 ns, Total: 693419 ns
[2020-08-12T21:40:23.260+0000][6][safepoint    ] Safepoint "Cleanup", Time since last: 1000310596 ns, Reaching safepoint: 710619 ns, At safepoint: 37362 ns, Total: 747981 ns
[2020-08-12T21:40:24.261+0000][6][safepoint    ] Safepoint "Cleanup", Time since last: 1000291634 ns, Reaching safepoint: 631345 ns, At safepoint: 43487 ns, Total: 674832 ns
[2020-08-12T21:40:25.281+0000][6][safepoint    ] Safepoint "BulkRevokeBias", Time since last: 1017762957 ns, Reaching safepoint: 360184 ns, At safepoint: 1319189 ns, Total: 1679373 ns
[2020-08-12T21:40:26.437+0000][6][safepoint    ] Safepoint "Cleanup", Time since last: 1154902328 ns, Reaching safepoint: 773793 ns, At safepoint: 54287 ns, Total: 828080 ns
[2020-08-12T21:40:27.438+0000][6][safepoint    ] Safepoint "Cleanup", Time since last: 1000350921 ns, Reaching safepoint: 829730 ns, At safepoint: 97887 ns, Total: 927617 ns
[2020-08-12T21:40:28.439+0000][6][safepoint    ] Safepoint "Cleanup", Time since last: 1000339284 ns, Reaching safepoint: 851042 ns, At safepoint: 43975 ns, Total: 895017 ns
[2020-08-12T21:40:29.440+0000][6][safepoint    ] Safepoint "Cleanup", Time since last: 1000325696 ns, Reaching safepoint: 488771 ns, At safepoint: 23187 ns, Total: 511958 ns
[2020-08-12T21:40:30.441+0000][6][safepoint    ] Safepoint "Cleanup", Time since last: 1000272546 ns, Reaching safepoint: 825381 ns, At safepoint: 88149 ns, Total: 913530 ns
[2020-08-12T21:40:31.442+0000][6][safepoint    ] Safepoint "Cleanup", Time since last: 1000356046 ns, Reaching safepoint: 657582 ns, At safepoint: 43987 ns, Total: 701569 ns
[2020-08-12T21:40:32.443+0000][6][safepoint    ] Safepoint "Cleanup", Time since last: 1000386808 ns, Reaching safepoint: 713693 ns, At safepoint: 72437 ns, Total: 786130 ns
[2020-08-12T21:40:33.444+0000][6][safepoint    ] Safepoint "Cleanup", Time since last: 1000289472 ns, Reaching safepoint: 385909 ns, At safepoint: 17225 ns, Total: 403134 ns
[2020-08-12T21:40:34.445+0000][6][safepoint    ] Safepoint "Cleanup", Time since last: 1000233059 ns, Reaching safepoint: 656557 ns, At safepoint: 44237 ns, Total: 700794 ns
[2020-08-12T21:40:35.819+0000][6][safepoint    ] Safepoint "Cleanup", Time since last: 1373964762 ns, Reaching safepoint: 431734 ns, At safepoint: 43262 ns, Total: 474996 ns
[2020-08-12T21:40:36.832+0000][6][safepoint    ] Safepoint "Cleanup", Time since last: 1011789972 ns, Reaching safepoint: 869930 ns, At safepoint: 46337 ns, Total: 916267 ns
[2020-08-12T21:40:37.833+0000][6][safepoint    ] Safepoint "Cleanup", Time since last: 1000339758 ns, Reaching safepoint: 668619 ns, At safepoint: 43838 ns, Total: 712457 ns
[2020-08-12T21:40:38.834+0000][6][safepoint    ] Safepoint "Cleanup", Time since last: 1000346146 ns, Reaching safepoint: 717806 ns, At safepoint: 45499 ns, Total: 763305 ns
[2020-08-12T21:40:39.835+0000][6][safepoint    ] Safepoint "Cleanup", Time since last: 1000352384 ns, Reaching safepoint: 617932 ns, At safepoint: 43900 ns, Total: 661832 ns
[2020-08-12T21:40:41.262+0000][6][safepoint    ] Safepoint "Cleanup", Time since last: 1425368853 ns, Reaching safepoint: 862280 ns, At safepoint: 199385 ns, Total: 1061665 ns
[2020-08-12T21:40:42.263+0000][6][safepoint    ] Safepoint "Cleanup", Time since last: 1000378921 ns, Reaching safepoint: 832955 ns, At safepoint: 32200 ns, Total: 865155 ns
[2020-08-12T21:40:43.264+0000][6][safepoint    ] Safepoint "Cleanup", Time since last: 1000235972 ns, Reaching safepoint: 827043 ns, At safepoint: 22300 ns, Total: 849343 ns
[2020-08-12T21:40:44.265+0000][6][safepoint    ] Safepoint "Cleanup", Time since last: 1000242296 ns, Reaching safepoint: 775231 ns, At safepoint: 43462 ns, Total: 818693 ns
[2020-08-12T21:40:45.277+0000][6][safepoint    ] Safepoint "Cleanup", Time since last: 1011491262 ns, Reaching safepoint: 545633 ns, At safepoint: 22274 ns, Total: 567907 ns
[2020-08-12T21:40:46.279+0000][6][safepoint    ] Safepoint "Cleanup", Time since last: 1000971303 ns, Reaching safepoint: 783581 ns, At safepoint: 42825 ns, Total: 826406 ns
[2020-08-12T21:40:47.280+0000][6][safepoint    ] Safepoint "Cleanup", Time since last: 1000339733 ns, Reaching safepoint: 753731 ns, At safepoint: 46362 ns, Total: 800093 ns
[2020-08-12T21:40:48.282+0000][6][safepoint    ] Safepoint "Cleanup", Time since last: 1000309222 ns, Reaching safepoint: 1120802 ns, At safepoint: 20363 ns, Total: 1141165 ns
[2020-08-12T21:40:49.283+0000][6][safepoint    ] Safepoint "Cleanup", Time since last: 1000269084 ns, Reaching safepoint: 765381 ns, At safepoint: 46612 ns, Total: 811993 ns
[2020-08-12T21:40:50.287+0000][6][safepoint    ] Safepoint "Cleanup", Time since last: 1000398233 ns, Reaching safepoint: 3942153 ns, At safepoint: 65112 ns, Total: 4007265 ns
[2020-08-12T21:40:51.288+0000][6][safepoint    ] Safepoint "Cleanup", Time since last: 1000333921 ns, Reaching safepoint: 750256 ns, At safepoint: 52274 ns, Total: 802530 ns
[2020-08-12T21:40:52.290+0000][6][safepoint    ] Safepoint "Cleanup", Time since last: 1000338446 ns, Reaching safepoint: 1186728 ns, At safepoint: 46799 ns, Total: 1233527 ns
[2020-08-12T21:40:53.291+0000][6][safepoint    ] Safepoint "Cleanup", Time since last: 1000410608 ns, Reaching safepoint: 812131 ns, At safepoint: 57937 ns, Total: 870068 ns
[2020-08-12T21:40:54.292+0000][6][safepoint    ] Safepoint "Cleanup", Time since last: 1000306358 ns, Reaching safepoint: 687782 ns, At safepoint: 53174 ns, Total: 740956 ns
[2020-08-12T21:40:55.495+0000][6][safepoint    ] Safepoint "Cleanup", Time since last: 1202552089 ns, Reaching safepoint: 378185 ns, At safepoint: 87486 ns, Total: 465671 ns
[2020-08-12T21:40:56.584+0000][6][safepoint    ] Safepoint "Cleanup", Time since last: 1088301457 ns, Reaching safepoint: 319997 ns, At safepoint: 20188 ns, Total: 340185 ns
[2020-08-12T21:40:57.585+0000][6][safepoint    ] Safepoint "Cleanup", Time since last: 1000313121 ns, Reaching safepoint: 610594 ns, At safepoint: 51825 ns, Total: 662419 ns
[2020-08-12T21:40:58.586+0000][6][safepoint    ] Safepoint "Cleanup", Time since last: 1000389445 ns, Reaching safepoint: 615432 ns, At safepoint: 33075 ns, Total: 648507 ns
[2020-08-12T21:40:59.587+0000][6][safepoint    ] Safepoint "Cleanup", Time since last: 1000429783 ns, Reaching safepoint: 934442 ns, At safepoint: 43687 ns, Total: 978129 ns
[2020-08-12T21:41:01.275+0000][6][safepoint    ] Safepoint "Cleanup", Time since last: 1686843081 ns, Reaching safepoint: 559433 ns, At safepoint: 43587 ns, Total: 603020 ns
[2020-08-12T21:41:02.276+0000][6][safepoint    ] Safepoint "Cleanup", Time since last: 1000396033 ns, Reaching safepoint: 770243 ns, At safepoint: 110949 ns, Total: 881192 ns
[2020-08-12T21:41:03.277+0000][6][safepoint    ] Safepoint "Cleanup", Time since last: 1000285922 ns, Reaching safepoint: 575395 ns, At safepoint: 131149 ns, Total: 706544 ns
[2020-08-12T21:41:04.278+0000][6][safepoint    ] Safepoint "Cleanup", Time since last: 1000354758 ns, Reaching safepoint: 628482 ns, At safepoint: 47525 ns, Total: 676007 ns
[2020-08-12T21:41:05.314+0000][6][safepoint    ] Safepoint "Cleanup", Time since last: 1035547802 ns, Reaching safepoint: 501871 ns, At safepoint: 17250 ns, Total: 519121 ns
[2020-08-12T21:41:06.315+0000][6][safepoint    ] Safepoint "Cleanup", Time since last: 1000311609 ns, Reaching safepoint: 636619 ns, At safepoint: 54137 ns, Total: 690756 ns
[2020-08-12T21:41:07.316+0000][6][safepoint    ] Safepoint "Cleanup", Time since last: 1000330934 ns, Reaching safepoint: 446746 ns, At safepoint: 16537 ns, Total: 463283 ns
[2020-08-12T21:41:08.317+0000][6][safepoint    ] Safepoint "Cleanup", Time since last: 1000252584 ns, Reaching safepoint: 622882 ns, At safepoint: 24800 ns, Total: 647682 ns
[2020-08-12T21:41:09.318+0000][6][safepoint    ] Safepoint "Cleanup", Time since last: 1000242847 ns, Reaching safepoint: 496558 ns, At safepoint: 43725 ns, Total: 540283 ns
[2020-08-12T21:41:10.340+0000][6][safepoint    ] Safepoint "Cleanup", Time since last: 1000405658 ns, Reaching safepoint: 21638199 ns, At safepoint: 92637 ns, Total: 21730836 ns
[2020-08-12T21:41:11.341+0000][6][safepoint    ] Safepoint "Cleanup", Time since last: 1000394645 ns, Reaching safepoint: 981854 ns, At safepoint: 79025 ns, Total: 1060879 ns
[2020-08-12T21:41:12.342+0000][6][safepoint    ] Safepoint "Cleanup", Time since last: 1000362583 ns, Reaching safepoint: 935617 ns, At safepoint: 46574 ns, Total: 982191 ns
[2020-08-12T21:41:13.343+0000][6][safepoint    ] Safepoint "Cleanup", Time since last: 1000344109 ns, Reaching safepoint: 348622 ns, At safepoint: 12212 ns, Total: 360834 ns
[2020-08-12T21:41:14.345+0000][6][safepoint    ] Safepoint "Cleanup", Time since last: 1000258309 ns, Reaching safepoint: 1554087 ns, At safepoint: 60724 ns, Total: 1614811 ns
[2020-08-12T21:41:16.277+0000][6][safepoint    ] Safepoint "Cleanup", Time since last: 1931013498 ns, Reaching safepoint: 627207 ns, At safepoint: 33162 ns, Total: 660369 ns
[2020-08-12T21:41:17.278+0000][6][safepoint    ] Safepoint "Cleanup", Time since last: 1000722030 ns, Reaching safepoint: 961229 ns, At safepoint: 43450 ns, Total: 1004679 ns
[2020-08-12T21:41:18.280+0000][6][safepoint    ] Safepoint "Cleanup", Time since last: 1000341346 ns, Reaching safepoint: 939904 ns, At safepoint: 56325 ns, Total: 996229 ns
[2020-08-12T21:41:19.281+0000][6][safepoint    ] Safepoint "Cleanup", Time since last: 1000382770 ns, Reaching safepoint: 830981 ns, At safepoint: 43824 ns, Total: 874805 ns
[2020-08-12T21:41:21.277+0000][6][safepoint    ] Safepoint "Cleanup", Time since last: 1994961142 ns, Reaching safepoint: 799043 ns, At safepoint: 42362 ns, Total: 841405 ns
[2020-08-12T21:41:22.278+0000][6][safepoint    ] Safepoint "Cleanup", Time since last: 1000407883 ns, Reaching safepoint: 684819 ns, At safepoint: 47525 ns, Total: 732344 ns
[2020-08-12T21:41:23.279+0000][6][safepoint    ] Safepoint "Cleanup", Time since last: 1000336946 ns, Reaching safepoint: 399696 ns, At safepoint: 22875 ns, Total: 422571 ns
[2020-08-12T21:41:24.280+0000][6][safepoint    ] Safepoint "Cleanup", Time since last: 1000249497 ns, Reaching safepoint: 570670 ns, At safepoint: 43299 ns, Total: 613969 ns
[2020-08-12T21:41:25.361+0000][6][safepoint    ] Safepoint "Cleanup", Time since last: 1080391801 ns, Reaching safepoint: 524658 ns, At safepoint: 39399 ns, Total: 564057 ns
[2020-08-12T21:41:26.555+0000][6][safepoint    ] Safepoint "Cleanup", Time since last: 1193858473 ns, Reaching safepoint: 718256 ns, At safepoint: 43825 ns, Total: 762081 ns
[2020-08-12T21:41:27.556+0000][6][safepoint    ] Safepoint "Cleanup", Time since last: 1000338858 ns, Reaching safepoint: 676232 ns, At safepoint: 50937 ns, Total: 727169 ns
[2020-08-12T21:41:28.557+0000][6][safepoint    ] Safepoint "Cleanup", Time since last: 1000342558 ns, Reaching safepoint: 543283 ns, At safepoint: 43775 ns, Total: 587058 ns
[2020-08-12T21:41:29.558+0000][6][safepoint    ] Safepoint "Cleanup", Time since last: 1000341233 ns, Reaching safepoint: 674307 ns, At safepoint: 46624 ns, Total: 720931 ns
[2020-08-12T21:41:30.559+0000][6][safepoint    ] Safepoint "Cleanup", Time since last: 1000335109 ns, Reaching safepoint: 751556 ns, At safepoint: 56874 ns, Total: 808430 ns
[2020-08-12T21:41:31.561+0000][6][safepoint    ] Safepoint "Cleanup", Time since last: 1000453508 ns, Reaching safepoint: 634294 ns, At safepoint: 44875 ns, Total: 679169 ns
[2020-08-12T21:41:32.562+0000][6][safepoint    ] Safepoint "Cleanup", Time since last: 1000342758 ns, Reaching safepoint: 654007 ns, At safepoint: 51662 ns, Total: 705669 ns
[2020-08-12T21:41:33.562+0000][6][safepoint    ] Safepoint "Cleanup", Time since last: 1000299571 ns, Reaching safepoint: 281410 ns, At safepoint: 12163 ns, Total: 293573 ns
[2020-08-12T21:41:34.563+0000][6][safepoint    ] Safepoint "Cleanup", Time since last: 1000198859 ns, Reaching safepoint: 336797 ns, At safepoint: 12875 ns, Total: 349672 ns
[2020-08-12T21:41:36.273+0000][6][safepoint    ] Safepoint "Cleanup", Time since last: 1709971644 ns, Reaching safepoint: 583570 ns, At safepoint: 28062 ns, Total: 611632 ns
[2020-08-12T21:41:37.274+0000][6][safepoint    ] Safepoint "Cleanup", Time since last: 1000231535 ns, Reaching safepoint: 600832 ns, At safepoint: 45500 ns, Total: 646332 ns
[2020-08-12T21:41:38.275+0000][6][safepoint    ] Safepoint "Cleanup", Time since last: 1000349295 ns, Reaching safepoint: 623445 ns, At safepoint: 54712 ns, Total: 678157 ns
[2020-08-12T21:41:39.276+0000][6][safepoint    ] Safepoint "Cleanup", Time since last: 1000307896 ns, Reaching safepoint: 497008 ns, At safepoint: 27950 ns, Total: 524958 ns
[2020-08-12T21:41:40.277+0000][6][safepoint    ] Safepoint "Cleanup", Time since last: 1000060748 ns, Reaching safepoint: 676395 ns, At safepoint: 43487 ns, Total: 719882 ns
[2020-08-12T21:41:41.279+0000][6][safepoint    ] Safepoint "Cleanup", Time since last: 1001407074 ns, Reaching safepoint: 561170 ns, At safepoint: 45725 ns, Total: 606895 ns
[2020-08-12T21:41:42.280+0000][6][safepoint    ] Safepoint "Cleanup", Time since last: 1000389983 ns, Reaching safepoint: 951191 ns, At safepoint: 43475 ns, Total: 994666 ns
[2020-08-12T21:41:43.282+0000][6][safepoint    ] Safepoint "Cleanup", Time since last: 1000328408 ns, Reaching safepoint: 1067516 ns, At safepoint: 65950 ns, Total: 1133466 ns
[2020-08-12T21:41:44.283+0000][6][safepoint    ] Safepoint "Cleanup", Time since last: 1000393995 ns, Reaching safepoint: 785006 ns, At safepoint: 92474 ns, Total: 877480 ns
[2020-08-12T21:41:46.281+0000][6][safepoint    ] Safepoint "Cleanup", Time since last: 1996695751 ns, Reaching safepoint: 865380 ns, At safepoint: 43112 ns, Total: 908492 ns
[2020-08-12T21:41:47.282+0000][6][safepoint    ] Safepoint "Cleanup", Time since last: 1000370871 ns, Reaching safepoint: 777993 ns, At safepoint: 43200 ns, Total: 821193 ns
[2020-08-12T21:41:48.283+0000][6][safepoint    ] Safepoint "Cleanup", Time since last: 1000438145 ns, Reaching safepoint: 1082815 ns, At safepoint: 66762 ns, Total: 1149577 ns
[2020-08-12T21:41:49.284+0000][6][safepoint    ] Safepoint "Cleanup", Time since last: 1000336784 ns, Reaching safepoint: 622407 ns, At safepoint: 44025 ns, Total: 666432 ns
[2020-08-12T21:41:50.287+0000][6][safepoint    ] Safepoint "Cleanup", Time since last: 1000340620 ns, Reaching safepoint: 2780664 ns, At safepoint: 59612 ns, Total: 2840276 ns
[2020-08-12T21:41:51.289+0000][6][safepoint    ] Safepoint "Cleanup", Time since last: 1000336871 ns, Reaching safepoint: 684807 ns, At safepoint: 43312 ns, Total: 728119 ns
[2020-08-12T21:41:52.290+0000][6][safepoint    ] Safepoint "Cleanup", Time since last: 1000375133 ns, Reaching safepoint: 701869 ns, At safepoint: 46399 ns, Total: 748268 ns
[2020-08-12T21:41:53.291+0000][6][safepoint    ] Safepoint "Cleanup", Time since last: 1000332296 ns, Reaching safepoint: 520371 ns, At safepoint: 21674 ns, Total: 542045 ns
[2020-08-12T21:41:54.292+0000][6][safepoint    ] Safepoint "Cleanup", Time since last: 1000238172 ns, Reaching safepoint: 704782 ns, At safepoint: 45487 ns, Total: 750269 ns
[2020-08-12T21:41:55.428+0000][6][safepoint    ] Safepoint "Cleanup", Time since last: 1135526325 ns, Reaching safepoint: 508658 ns, At safepoint: 27575 ns, Total: 536233 ns
[2020-08-12T21:41:55.548+0000][6][safepoint    ] Safepoint "BulkRevokeBias", Time since last: 89802294 ns, Reaching safepoint: 26234200 ns, At safepoint: 4263126 ns, Total: 30497326 ns
[2020-08-12T21:41:56.549+0000][6][safepoint    ] Safepoint "Cleanup", Time since last: 1000269997 ns, Reaching safepoint: 946904 ns, At safepoint: 42687 ns, Total: 989591 ns
[2020-08-12T21:41:57.550+0000][6][safepoint    ] Safepoint "Cleanup", Time since last: 1000343196 ns, Reaching safepoint: 706694 ns, At safepoint: 43512 ns, Total: 750206 ns
[2020-08-12T21:41:58.552+0000][6][safepoint    ] Safepoint "Cleanup", Time since last: 1000337496 ns, Reaching safepoint: 1176115 ns, At safepoint: 49299 ns, Total: 1225414 ns
[2020-08-12T21:41:59.553+0000][6][safepoint    ] Safepoint "Cleanup", Time since last: 1000362908 ns, Reaching safepoint: 841331 ns, At safepoint: 69787 ns, Total: 911118 ns
[2020-08-12T21:42:01.287+0000][6][safepoint    ] Safepoint "Cleanup", Time since last: 1733162245 ns, Reaching safepoint: 886480 ns, At safepoint: 59737 ns, Total: 946217 ns
[2020-08-12T21:42:02.288+0000][6][safepoint    ] Safepoint "Cleanup", Time since last: 1000292084 ns, Reaching safepoint: 810518 ns, At safepoint: 46824 ns, Total: 857342 ns
[2020-08-12T21:42:03.290+0000][6][safepoint    ] Safepoint "Cleanup", Time since last: 1000342183 ns, Reaching safepoint: 1488388 ns, At safepoint: 76649 ns, Total: 1565037 ns
[2020-08-12T21:42:04.291+0000][6][safepoint    ] Safepoint "Cleanup", Time since last: 1000344958 ns, Reaching safepoint: 662382 ns, At safepoint: 51737 ns, Total: 714119 ns
[2020-08-12T21:42:05.308+0000][6][safepoint    ] Safepoint "BulkRevokeBias", Time since last: 990216983 ns, Reaching safepoint: 15863001 ns, At safepoint: 10301475 ns, Total: 26164476 ns
[2020-08-12T21:42:06.474+0000][6][safepoint    ] Safepoint "Cleanup", Time since last: 1165446244 ns, Reaching safepoint: 631945 ns, At safepoint: 23462 ns, Total: 655407 ns
[2020-08-12T21:42:07.475+0000][6][safepoint    ] Safepoint "Cleanup", Time since last: 1000278471 ns, Reaching safepoint: 426097 ns, At safepoint: 17699 ns, Total: 443796 ns
[2020-08-12T21:42:08.475+0000][6][safepoint    ] Safepoint "Cleanup", Time since last: 1000176673 ns, Reaching safepoint: 574907 ns, At safepoint: 48762 ns, Total: 623669 ns
[2020-08-12T21:42:09.194+0000][6][gc,start     ] GC(42) Pause Young (Normal) (G1 Evacuation Pause)
[2020-08-12T21:42:09.195+0000][6][gc,task      ] GC(42) Using 2 workers of 2 for evacuation
[2020-08-12T21:42:09.195+0000][6][gc,age       ] GC(42) Desired survivor size 80740352 bytes, new threshold 15 (max threshold 15)
[2020-08-12T21:42:09.294+0000][6][gc,age       ] GC(42) Age table with threshold 15 (max threshold 15)
[2020-08-12T21:42:09.295+0000][6][gc,age       ] GC(42) - age   1:     727536 bytes,     727536 total
[2020-08-12T21:42:09.295+0000][6][gc,age       ] GC(42) - age   2:     167096 bytes,     894632 total
[2020-08-12T21:42:09.295+0000][6][gc,age       ] GC(42) - age   3:     149592 bytes,    1044224 total
[2020-08-12T21:42:09.295+0000][6][gc,age       ] GC(42) - age   4:     129688 bytes,    1173912 total
[2020-08-12T21:42:09.295+0000][6][gc,age       ] GC(42) - age   5:      36832 bytes,    1210744 total
[2020-08-12T21:42:09.295+0000][6][gc,age       ] GC(42) - age   6:     111976 bytes,    1322720 total
[2020-08-12T21:42:09.295+0000][6][gc,age       ] GC(42) - age   7:       6664 bytes,    1329384 total
[2020-08-12T21:42:09.295+0000][6][gc,age       ] GC(42) - age   8:      23496 bytes,    1352880 total
[2020-08-12T21:42:09.296+0000][6][gc,age       ] GC(42) - age   9:      13992 bytes,    1366872 total
[2020-08-12T21:42:09.296+0000][6][gc,age       ] GC(42) - age  10:      11120 bytes,    1377992 total
[2020-08-12T21:42:09.296+0000][6][gc,age       ] GC(42) - age  11:       6064 bytes,    1384056 total
[2020-08-12T21:42:09.296+0000][6][gc,age       ] GC(42) - age  12:      98584 bytes,    1482640 total
[2020-08-12T21:42:09.296+0000][6][gc,age       ] GC(42) - age  13:     142600 bytes,    1625240 total
[2020-08-12T21:42:09.296+0000][6][gc,age       ] GC(42) - age  14:      71480 bytes,    1696720 total
[2020-08-12T21:42:09.296+0000][6][gc,age       ] GC(42) - age  15:     177904 bytes,    1874624 total
[2020-08-12T21:42:09.297+0000][6][gc,phases    ] GC(42)   Pre Evacuate Collection Set: 1.2ms
[2020-08-12T21:42:09.297+0000][6][gc,phases    ] GC(42)   Merge Heap Roots: 1.0ms
[2020-08-12T21:42:09.297+0000][6][gc,phases    ] GC(42)   Evacuate Collection Set: 88.5ms
[2020-08-12T21:42:09.297+0000][6][gc,phases    ] GC(42)   Post Evacuate Collection Set: 7.8ms
[2020-08-12T21:42:09.299+0000][6][gc,phases    ] GC(42)   Other: 3.9ms
[2020-08-12T21:42:09.299+0000][6][gc,heap      ] GC(42) Eden regions: 1226->0(1226)
[2020-08-12T21:42:09.299+0000][6][gc,heap      ] GC(42) Survivor regions: 2->2(154)
[2020-08-12T21:42:09.299+0000][6][gc,heap      ] GC(42) Old regions: 80->80
[2020-08-12T21:42:09.299+0000][6][gc,heap      ] GC(42) Archive regions: 2->2
[2020-08-12T21:42:09.299+0000][6][gc,heap      ] GC(42) Humongous regions: 75->75
[2020-08-12T21:42:09.300+0000][6][gc,metaspace ] GC(42) Metaspace: 98047K(105644K)->98047K(105644K) NonClass: 85480K(90028K)->85480K(90028K) Class: 12566K(15616K)->12566K(15616K)
[2020-08-12T21:42:09.300+0000][6][gc           ] GC(42) Pause Young (Normal) (G1 Evacuation Pause) 1383M->157M(2048M) 105.243ms
[2020-08-12T21:42:09.300+0000][6][gc,cpu       ] GC(42) User=0.07s Sys=0.01s Real=0.10s
[2020-08-12T21:42:09.300+0000][6][safepoint    ] Safepoint "G1CollectForAllocation", Time since last: 718161275 ns, Reaching safepoint: 741056 ns, At safepoint: 105836006 ns, Total: 106577062 ns
[2020-08-12T21:42:10.301+0000][6][safepoint    ] Safepoint "Cleanup", Time since last: 1000239060 ns, Reaching safepoint: 800705 ns, At safepoint: 43775 ns, Total: 844480 ns
[2020-08-12T21:42:11.302+0000][6][safepoint    ] Safepoint "Cleanup", Time since last: 1000346396 ns, Reaching safepoint: 735493 ns, At safepoint: 46538 ns, Total: 782031 ns
[2020-08-12T21:42:12.303+0000][6][safepoint    ] Safepoint "Cleanup", Time since last: 1000351908 ns, Reaching safepoint: 630457 ns, At safepoint: 53049 ns, Total: 683506 ns
[2020-08-12T21:42:13.304+0000][6][safepoint    ] Safepoint "Cleanup", Time since last: 1000354521 ns, Reaching safepoint: 667719 ns, At safepoint: 53987 ns, Total: 721706 ns
[2020-08-12T21:42:14.305+0000][6][safepoint    ] Safepoint "Cleanup", Time since last: 1000334121 ns, Reaching safepoint: 587870 ns, At safepoint: 43862 ns, Total: 631732 ns
[2020-08-12T21:42:16.286+0000][6][safepoint    ] Safepoint "Cleanup", Time since last: 1979735147 ns, Reaching safepoint: 699331 ns, At safepoint: 32862 ns, Total: 732193 ns
[2020-08-12T21:42:17.287+0000][6][safepoint    ] Safepoint "Cleanup", Time since last: 1000451183 ns, Reaching safepoint: 867405 ns, At safepoint: 43387 ns, Total: 910792 ns
[2020-08-12T21:42:18.288+0000][6][safepoint    ] Safepoint "Cleanup", Time since last: 1000384533 ns, Reaching safepoint: 592195 ns, At safepoint: 63574 ns, Total: 655769 ns
[2020-08-12T21:42:19.289+0000][6][safepoint    ] Safepoint "Cleanup", Time since last: 1000330346 ns, Reaching safepoint: 605857 ns, At safepoint: 30075 ns, Total: 635932 ns
[2020-08-12T21:42:21.287+0000][6][safepoint    ] Safepoint "Cleanup", Time since last: 1997162884 ns, Reaching safepoint: 814906 ns, At safepoint: 45699 ns, Total: 860605 ns
[2020-08-12T21:42:22.288+0000][6][safepoint    ] Safepoint "Cleanup", Time since last: 1000379284 ns, Reaching safepoint: 686569 ns, At safepoint: 44237 ns, Total: 730806 ns
[2020-08-12T21:42:23.290+0000][6][safepoint    ] Safepoint "Cleanup", Time since last: 1000281584 ns, Reaching safepoint: 1096165 ns, At safepoint: 20662 ns, Total: 1116827 ns
[2020-08-12T21:42:24.291+0000][6][safepoint    ] Safepoint "Cleanup", Time since last: 1000238347 ns, Reaching safepoint: 620970 ns, At safepoint: 51787 ns, Total: 672757 ns
[2020-08-12T21:42:25.360+0000][6][safepoint    ] Safepoint "Cleanup", Time since last: 1068734072 ns, Reaching safepoint: 556658 ns, At safepoint: 35762 ns, Total: 592420 ns
[2020-08-12T21:42:26.502+0000][6][safepoint    ] Safepoint "Cleanup", Time since last: 1141179640 ns, Reaching safepoint: 618832 ns, At safepoint: 43862 ns, Total: 662694 ns
[2020-08-12T21:42:27.503+0000][6][safepoint    ] Safepoint "Cleanup", Time since last: 1000445558 ns, Reaching safepoint: 587195 ns, At safepoint: 102824 ns, Total: 690019 ns
[2020-08-12T21:42:28.504+0000][6][safepoint    ] Safepoint "Cleanup", Time since last: 1000383258 ns, Reaching safepoint: 444671 ns, At safepoint: 43775 ns, Total: 488446 ns
[2020-08-12T21:42:29.505+0000][6][safepoint    ] Safepoint "Cleanup", Time since last: 1000441732 ns, Reaching safepoint: 710882 ns, At safepoint: 33974 ns, Total: 744856 ns
[2020-08-12T21:42:30.506+0000][6][safepoint    ] Safepoint "Cleanup", Time since last: 1000304134 ns, Reaching safepoint: 870405 ns, At safepoint: 45637 ns, Total: 916042 ns
[2020-08-12T21:42:31.507+0000][6][safepoint    ] Safepoint "Cleanup", Time since last: 1000318796 ns, Reaching safepoint: 566745 ns, At safepoint: 35075 ns, Total: 601820 ns
[2020-08-12T21:42:32.508+0000][6][safepoint    ] Safepoint "Cleanup", Time since last: 1000316384 ns, Reaching safepoint: 775068 ns, At safepoint: 44162 ns, Total: 819230 ns
[2020-08-12T21:42:33.509+0000][6][safepoint    ] Safepoint "Cleanup", Time since last: 1000304346 ns, Reaching safepoint: 495558 ns, At safepoint: 54337 ns, Total: 549895 ns
[2020-08-12T21:42:34.510+0000][6][safepoint    ] Safepoint "Cleanup", Time since last: 1000333809 ns, Reaching safepoint: 875018 ns, At safepoint: 44187 ns, Total: 919205 ns
[2020-08-12T21:42:36.287+0000][6][safepoint    ] Safepoint "Cleanup", Time since last: 1776537298 ns, Reaching safepoint: 532983 ns, At safepoint: 26962 ns, Total: 559945 ns
[2020-08-12T21:42:38.058+0000][6][safepoint    ] Safepoint "Cleanup", Time since last: 1769167075 ns, Reaching safepoint: 1183714 ns, At safepoint: 122424 ns, Total: 1306138 ns
[2020-08-12T21:42:39.059+0000][6][safepoint    ] Safepoint "Cleanup", Time since last: 1000327734 ns, Reaching safepoint: 853180 ns, At safepoint: 43538 ns, Total: 896718 ns
[2020-08-12T21:42:40.060+0000][6][safepoint    ] Safepoint "Cleanup", Time since last: 1000343608 ns, Reaching safepoint: 891817 ns, At safepoint: 43525 ns, Total: 935342 ns
[2020-08-12T21:42:41.288+0000][6][safepoint    ] Safepoint "Cleanup", Time since last: 1226500821 ns, Reaching safepoint: 781956 ns, At safepoint: 43175 ns, Total: 825131 ns
[2020-08-12T21:42:42.289+0000][6][safepoint    ] Safepoint "Cleanup", Time since last: 1000394870 ns, Reaching safepoint: 839718 ns, At safepoint: 64037 ns, Total: 903755 ns
[2020-08-12T21:42:43.291+0000][6][safepoint    ] Safepoint "Cleanup", Time since last: 1000345870 ns, Reaching safepoint: 1160990 ns, At safepoint: 55937 ns, Total: 1216927 ns
[2020-08-12T21:42:44.292+0000][6][safepoint    ] Safepoint "Cleanup", Time since last: 1000468570 ns, Reaching safepoint: 893305 ns, At safepoint: 67737 ns, Total: 961042 ns
[2020-08-12T21:42:46.286+0000][6][safepoint    ] Safepoint "Cleanup", Time since last: 1993672402 ns, Reaching safepoint: 679106 ns, At safepoint: 51762 ns, Total: 730868 ns
[2020-08-12T21:42:47.289+0000][6][safepoint    ] Safepoint "Cleanup", Time since last: 1001503086 ns, Reaching safepoint: 674482 ns, At safepoint: 36925 ns, Total: 711407 ns
[2020-08-12T21:42:48.290+0000][6][safepoint    ] Safepoint "Cleanup", Time since last: 1000502332 ns, Reaching safepoint: 829542 ns, At safepoint: 56312 ns, Total: 885854 ns
[2020-08-12T21:42:49.291+0000][6][safepoint    ] Safepoint "Cleanup", Time since last: 1000301309 ns, Reaching safepoint: 518071 ns, At safepoint: 27500 ns, Total: 545571 ns
[2020-08-12T21:42:50.294+0000][6][safepoint    ] Safepoint "Cleanup", Time since last: 1000352820 ns, Reaching safepoint: 3020374 ns, At safepoint: 69925 ns, Total: 3090299 ns
[2020-08-12T21:42:51.295+0000][6][safepoint    ] Safepoint "Cleanup", Time since last: 1000277446 ns, Reaching safepoint: 476084 ns, At safepoint: 74411 ns, Total: 550495 ns
[2020-08-12T21:42:52.296+0000][6][safepoint    ] Safepoint "Cleanup", Time since last: 1000345259 ns, Reaching safepoint: 752593 ns, At safepoint: 46862 ns, Total: 799455 ns
[2020-08-12T21:42:53.298+0000][6][safepoint    ] Safepoint "Cleanup", Time since last: 1000341759 ns, Reaching safepoint: 1071316 ns, At safepoint: 65011 ns, Total: 1136327 ns
[2020-08-12T21:42:54.299+0000][6][safepoint    ] Safepoint "Cleanup", Time since last: 1000377171 ns, Reaching safepoint: 806368 ns, At safepoint: 44312 ns, Total: 850680 ns
[2020-08-12T21:42:55.449+0000][6][safepoint    ] Safepoint "Cleanup", Time since last: 1149361957 ns, Reaching safepoint: 942342 ns, At safepoint: 29912 ns, Total: 972254 ns
[2020-08-12T21:42:56.464+0000][6][safepoint    ] Safepoint "Cleanup", Time since last: 1013773419 ns, Reaching safepoint: 617532 ns, At safepoint: 51200 ns, Total: 668732 ns
[2020-08-12T21:42:57.465+0000][6][safepoint    ] Safepoint "Cleanup", Time since last: 1000465194 ns, Reaching safepoint: 857155 ns, At safepoint: 54800 ns, Total: 911955 ns
[2020-08-12T21:42:58.466+0000][6][safepoint    ] Safepoint "Cleanup", Time since last: 1000291471 ns, Reaching safepoint: 463734 ns, At safepoint: 17087 ns, Total: 480821 ns
[2020-08-12T21:42:59.467+0000][6][safepoint    ] Safepoint "Cleanup", Time since last: 1000237409 ns, Reaching safepoint: 589508 ns, At safepoint: 45837 ns, Total: 635345 ns
[2020-08-12T21:43:01.434+0000][6][safepoint    ] Safepoint "Cleanup", Time since last: 1966309536 ns, Reaching safepoint: 617745 ns, At safepoint: 46074 ns, Total: 663819 ns
[2020-08-12T21:43:02.435+0000][6][safepoint    ] Safepoint "Cleanup", Time since last: 1000431433 ns, Reaching safepoint: 595320 ns, At safepoint: 101286 ns, Total: 696606 ns
[2020-08-12T21:43:03.436+0000][6][safepoint    ] Safepoint "Cleanup", Time since last: 1000283547 ns, Reaching safepoint: 580032 ns, At safepoint: 92812 ns, Total: 672844 ns
[2020-08-12T21:43:04.437+0000][6][safepoint    ] Safepoint "Cleanup", Time since last: 1000305483 ns, Reaching safepoint: 591358 ns, At safepoint: 51312 ns, Total: 642670 ns
[2020-08-12T21:43:06.290+0000][6][safepoint    ] Safepoint "Cleanup", Time since last: 1851761855 ns, Reaching safepoint: 883479 ns, At safepoint: 42988 ns, Total: 926467 ns
[2020-08-12T21:43:07.290+0000][6][safepoint    ] Safepoint "Cleanup", Time since last: 1000277683 ns, Reaching safepoint: 409659 ns, At safepoint: 13538 ns, Total: 423197 ns
[2020-08-12T21:43:08.324+0000][6][safepoint    ] Safepoint "Cleanup", Time since last: 1032893504 ns, Reaching safepoint: 826343 ns, At safepoint: 37337 ns, Total: 863680 ns
[2020-08-12T21:43:09.325+0000][6][safepoint    ] Safepoint "Cleanup", Time since last: 1000235760 ns, Reaching safepoint: 471846 ns, At safepoint: 27399 ns, Total: 499245 ns
[2020-08-12T21:43:10.326+0000][6][safepoint    ] Safepoint "Cleanup", Time since last: 1000319846 ns, Reaching safepoint: 783894 ns, At safepoint: 237110 ns, Total: 1021004 ns
[2020-08-12T21:43:11.327+0000][6][safepoint    ] Safepoint "Cleanup", Time since last: 1000359546 ns, Reaching safepoint: 632532 ns, At safepoint: 35037 ns, Total: 667569 ns
[2020-08-12T21:43:12.328+0000][6][safepoint    ] Safepoint "Cleanup", Time since last: 1000307271 ns, Reaching safepoint: 689194 ns, At safepoint: 45288 ns, Total: 734482 ns
[2020-08-12T21:43:13.329+0000][6][safepoint    ] Safepoint "Cleanup", Time since last: 1000279833 ns, Reaching safepoint: 546446 ns, At safepoint: 20387 ns, Total: 566833 ns
[2020-08-12T21:43:14.330+0000][6][safepoint    ] Safepoint "Cleanup", Time since last: 1000234534 ns, Reaching safepoint: 883243 ns, At safepoint: 44012 ns, Total: 927255 ns
[2020-08-12T21:43:16.289+0000][6][safepoint    ] Safepoint "Cleanup", Time since last: 1958391229 ns, Reaching safepoint: 583907 ns, At safepoint: 43475 ns, Total: 627382 ns
[2020-08-12T21:43:17.290+0000][6][safepoint    ] Safepoint "Cleanup", Time since last: 1000346308 ns, Reaching safepoint: 612032 ns, At safepoint: 44137 ns, Total: 656169 ns
[2020-08-12T21:43:18.291+0000][6][safepoint    ] Safepoint "Cleanup", Time since last: 1000291884 ns, Reaching safepoint: 571958 ns, At safepoint: 23899 ns, Total: 595857 ns
[2020-08-12T21:43:19.292+0000][6][safepoint    ] Safepoint "Cleanup", Time since last: 1000224497 ns, Reaching safepoint: 491496 ns, At safepoint: 30837 ns, Total: 522333 ns
[2020-08-12T21:43:21.293+0000][6][safepoint    ] Safepoint "Cleanup", Time since last: 2000128097 ns, Reaching safepoint: 800430 ns, At safepoint: 47987 ns, Total: 848417 ns
[2020-08-12T21:43:22.294+0000][6][safepoint    ] Safepoint "Cleanup", Time since last: 1000400833 ns, Reaching safepoint: 789843 ns, At safepoint: 46575 ns, Total: 836418 ns
[2020-08-12T21:43:23.295+0000][6][safepoint    ] Safepoint "Cleanup", Time since last: 1000335471 ns, Reaching safepoint: 699106 ns, At safepoint: 55312 ns, Total: 754418 ns
[2020-08-12T21:43:24.296+0000][6][safepoint    ] Safepoint "Cleanup", Time since last: 1000338234 ns, Reaching safepoint: 763856 ns, At safepoint: 47299 ns, Total: 811155 ns
[2020-08-12T21:43:25.559+0000][6][safepoint    ] Safepoint "Cleanup", Time since last: 1261941793 ns, Reaching safepoint: 562021 ns, At safepoint: 20587 ns, Total: 582608 ns
[2020-08-12T21:43:26.726+0000][6][safepoint    ] Safepoint "Cleanup", Time since last: 1166010214 ns, Reaching safepoint: 863481 ns, At safepoint: 45124 ns, Total: 908605 ns
[2020-08-12T21:43:27.727+0000][6][safepoint    ] Safepoint "Cleanup", Time since last: 1000670281 ns, Reaching safepoint: 846680 ns, At safepoint: 43525 ns, Total: 890205 ns
[2020-08-12T21:43:28.728+0000][6][safepoint    ] Safepoint "Cleanup", Time since last: 1000311008 ns, Reaching safepoint: 504658 ns, At safepoint: 52912 ns, Total: 557570 ns
[2020-08-12T21:43:29.730+0000][6][safepoint    ] Safepoint "Cleanup", Time since last: 1000777105 ns, Reaching safepoint: 1033079 ns, At safepoint: 44624 ns, Total: 1077703 ns
[2020-08-12T21:43:30.731+0000][6][safepoint    ] Safepoint "Cleanup", Time since last: 1000295009 ns, Reaching safepoint: 661407 ns, At safepoint: 25562 ns, Total: 686969 ns
[2020-08-12T21:43:31.732+0000][6][safepoint    ] Safepoint "Cleanup", Time since last: 1000369296 ns, Reaching safepoint: 638157 ns, At safepoint: 43312 ns, Total: 681469 ns
[2020-08-12T21:43:32.733+0000][6][safepoint    ] Safepoint "Cleanup", Time since last: 1000320333 ns, Reaching safepoint: 466171 ns, At safepoint: 102149 ns, Total: 568320 ns
[2020-08-12T21:43:33.734+0000][6][safepoint    ] Safepoint "Cleanup", Time since last: 1000316071 ns, Reaching safepoint: 415584 ns, At safepoint: 13075 ns, Total: 428659 ns
[2020-08-12T21:43:34.734+0000][6][safepoint    ] Safepoint "Cleanup", Time since last: 1000188585 ns, Reaching safepoint: 308697 ns, At safepoint: 12375 ns, Total: 321072 ns
[2020-08-12T21:43:36.300+0000][6][safepoint    ] Safepoint "Cleanup", Time since last: 1565620280 ns, Reaching safepoint: 476221 ns, At safepoint: 52950 ns, Total: 529171 ns
[2020-08-12T21:43:37.301+0000][6][safepoint    ] Safepoint "Cleanup", Time since last: 1000411782 ns, Reaching safepoint: 625532 ns, At safepoint: 53025 ns, Total: 678557 ns
[2020-08-12T21:43:38.302+0000][6][safepoint    ] Safepoint "Cleanup", Time since last: 1000327046 ns, Reaching safepoint: 623945 ns, At safepoint: 53612 ns, Total: 677557 ns
[2020-08-12T21:43:39.303+0000][6][safepoint    ] Safepoint "Cleanup", Time since last: 1000326821 ns, Reaching safepoint: 531820 ns, At safepoint: 31900 ns, Total: 563720 ns
[2020-08-12T21:43:41.291+0000][6][safepoint    ] Safepoint "Cleanup", Time since last: 1987118095 ns, Reaching safepoint: 405384 ns, At safepoint: 146999 ns, Total: 552383 ns
[2020-08-12T21:43:42.292+0000][6][safepoint    ] Safepoint "Cleanup", Time since last: 1000355258 ns, Reaching safepoint: 642957 ns, At safepoint: 46612 ns, Total: 689569 ns
[2020-08-12T21:43:43.294+0000][6][safepoint    ] Safepoint "Cleanup", Time since last: 1000344258 ns, Reaching safepoint: 1152191 ns, At safepoint: 64824 ns, Total: 1217015 ns
[2020-08-12T21:43:44.295+0000][6][safepoint    ] Safepoint "Cleanup", Time since last: 1000496457 ns, Reaching safepoint: 780893 ns, At safepoint: 105837 ns, Total: 886730 ns
[2020-08-12T21:43:46.290+0000][6][safepoint    ] Safepoint "Cleanup", Time since last: 1994478570 ns, Reaching safepoint: 537633 ns, At safepoint: 25337 ns, Total: 562970 ns
[2020-08-12T21:43:47.291+0000][6][safepoint    ] Safepoint "Cleanup", Time since last: 1000277984 ns, Reaching safepoint: 782081 ns, At safepoint: 46574 ns, Total: 828655 ns
[2020-08-12T21:43:48.292+0000][6][safepoint    ] Safepoint "Cleanup", Time since last: 1000271622 ns, Reaching safepoint: 509970 ns, At safepoint: 32012 ns, Total: 541982 ns
[2020-08-12T21:43:49.293+0000][6][safepoint    ] Safepoint "Cleanup", Time since last: 1000245522 ns, Reaching safepoint: 546470 ns, At safepoint: 43925 ns, Total: 590395 ns
[2020-08-12T21:43:50.295+0000][6][safepoint    ] Safepoint "Cleanup", Time since last: 1000639343 ns, Reaching safepoint: 1081016 ns, At safepoint: 63362 ns, Total: 1144378 ns
[2020-08-12T21:43:51.295+0000][6][safepoint    ] Safepoint "Cleanup", Time since last: 1000358083 ns, Reaching safepoint: 562458 ns, At safepoint: 29450 ns, Total: 591908 ns
[2020-08-12T21:43:52.297+0000][6][safepoint    ] Safepoint "Cleanup", Time since last: 1000295258 ns, Reaching safepoint: 839131 ns, At safepoint: 43362 ns, Total: 882493 ns
[2020-08-12T21:43:53.298+0000][6][safepoint    ] Safepoint "Cleanup", Time since last: 1000378833 ns, Reaching safepoint: 1017928 ns, At safepoint: 42350 ns, Total: 1060278 ns
[2020-08-12T21:43:54.299+0000][6][safepoint    ] Safepoint "Cleanup", Time since last: 1000260059 ns, Reaching safepoint: 649020 ns, At safepoint: 43849 ns, Total: 692869 ns
[2020-08-12T21:43:55.328+0000][6][safepoint    ] Safepoint "BulkRevokeBias", Time since last: 991130525 ns, Reaching safepoint: 28215258 ns, At safepoint: 9958840 ns, Total: 38174098 ns
[2020-08-12T21:43:56.515+0000][6][safepoint    ] Safepoint "Cleanup", Time since last: 1185923494 ns, Reaching safepoint: 682519 ns, At safepoint: 52362 ns, Total: 734881 ns
[2020-08-12T21:43:57.516+0000][6][safepoint    ] Safepoint "Cleanup", Time since last: 1000360158 ns, Reaching safepoint: 777956 ns, At safepoint: 46775 ns, Total: 824731 ns
[2020-08-12T21:43:58.517+0000][6][safepoint    ] Safepoint "Cleanup", Time since last: 1000347583 ns, Reaching safepoint: 544758 ns, At safepoint: 43775 ns, Total: 588533 ns
[2020-08-12T21:43:59.518+0000][6][safepoint    ] Safepoint "Cleanup", Time since last: 1000348570 ns, Reaching safepoint: 640107 ns, At safepoint: 45587 ns, Total: 685694 ns
[2020-08-12T21:44:01.294+0000][6][safepoint    ] Safepoint "Cleanup", Time since last: 1775058699 ns, Reaching safepoint: 538908 ns, At safepoint: 44275 ns, Total: 583183 ns
[2020-08-12T21:44:02.295+0000][6][safepoint    ] Safepoint "Cleanup", Time since last: 1000401933 ns, Reaching safepoint: 810280 ns, At safepoint: 44137 ns, Total: 854417 ns
[2020-08-12T21:44:03.297+0000][6][safepoint    ] Safepoint "Cleanup", Time since last: 1000342209 ns, Reaching safepoint: 1854884 ns, At safepoint: 61424 ns, Total: 1916308 ns
[2020-08-12T21:44:04.301+0000][6][safepoint    ] Safepoint "Cleanup", Time since last: 1002175080 ns, Reaching safepoint: 954830 ns, At safepoint: 43899 ns, Total: 998729 ns
[2020-08-12T21:44:05.206+0000][6][safepoint    ] Safepoint "BulkRevokeBias", Time since last: 901425581 ns, Reaching safepoint: 832080 ns, At safepoint: 3291922 ns, Total: 4124002 ns
[2020-08-12T21:44:06.294+0000][6][safepoint    ] Safepoint "Cleanup", Time since last: 1086871005 ns, Reaching safepoint: 535858 ns, At safepoint: 43924 ns, Total: 579782 ns
[2020-08-12T21:44:07.295+0000][6][safepoint    ] Safepoint "Cleanup", Time since last: 1000323696 ns, Reaching safepoint: 824618 ns, At safepoint: 48075 ns, Total: 872693 ns
[2020-08-12T21:44:08.296+0000][6][safepoint    ] Safepoint "Cleanup", Time since last: 1000321958 ns, Reaching safepoint: 727144 ns, At safepoint: 33300 ns, Total: 760444 ns
[2020-08-12T21:44:09.297+0000][6][safepoint    ] Safepoint "Cleanup", Time since last: 1000369620 ns, Reaching safepoint: 494733 ns, At safepoint: 33563 ns, Total: 528296 ns
[2020-08-12T21:44:10.298+0000][6][safepoint    ] Safepoint "Cleanup", Time since last: 1000276871 ns, Reaching safepoint: 1339989 ns, At safepoint: 56312 ns, Total: 1396301 ns
[2020-08-12T21:44:11.300+0000][6][safepoint    ] Safepoint "Cleanup", Time since last: 1000326796 ns, Reaching safepoint: 821743 ns, At safepoint: 43962 ns, Total: 865705 ns
[2020-08-12T21:44:12.301+0000][6][safepoint    ] Safepoint "Cleanup", Time since last: 1000399470 ns, Reaching safepoint: 852593 ns, At safepoint: 47037 ns, Total: 899630 ns
[2020-08-12T21:44:13.302+0000][6][safepoint    ] Safepoint "Cleanup", Time since last: 1000409895 ns, Reaching safepoint: 1110015 ns, At safepoint: 64062 ns, Total: 1174077 ns
[2020-08-12T21:44:14.304+0000][6][safepoint    ] Safepoint "Cleanup", Time since last: 1000357321 ns, Reaching safepoint: 838530 ns, At safepoint: 43850 ns, Total: 882380 ns
[2020-08-12T21:44:15.959+0000][6][safepoint    ] Safepoint "Cleanup", Time since last: 1654036973 ns, Reaching safepoint: 954992 ns, At safepoint: 44262 ns, Total: 999254 ns
[2020-08-12T21:44:16.967+0000][6][safepoint    ] Safepoint "Cleanup", Time since last: 1007998418 ns, Reaching safepoint: 650994 ns, At safepoint: 43212 ns, Total: 694206 ns
[2020-08-12T21:44:17.968+0000][6][safepoint    ] Safepoint "Cleanup", Time since last: 1000297896 ns, Reaching safepoint: 499784 ns, At safepoint: 55187 ns, Total: 554971 ns
[2020-08-12T21:44:18.969+0000][6][safepoint    ] Safepoint "Cleanup", Time since last: 1000333095 ns, Reaching safepoint: 717744 ns, At safepoint: 44937 ns, Total: 762681 ns
[2020-08-12T21:44:19.970+0000][6][safepoint    ] Safepoint "Cleanup", Time since last: 1000368008 ns, Reaching safepoint: 696869 ns, At safepoint: 45550 ns, Total: 742419 ns
[2020-08-12T21:44:21.295+0000][6][safepoint    ] Safepoint "Cleanup", Time since last: 1324092386 ns, Reaching safepoint: 621670 ns, At safepoint: 44274 ns, Total: 665944 ns
[2020-08-12T21:44:22.296+0000][6][safepoint    ] Safepoint "Cleanup", Time since last: 1000340384 ns, Reaching safepoint: 611707 ns, At safepoint: 45112 ns, Total: 656819 ns
[2020-08-12T21:44:23.298+0000][6][safepoint    ] Safepoint "Cleanup", Time since last: 1000340421 ns, Reaching safepoint: 1052103 ns, At safepoint: 62925 ns, Total: 1115028 ns
[2020-08-12T21:44:24.299+0000][6][safepoint    ] Safepoint "Cleanup", Time since last: 1000404482 ns, Reaching safepoint: 828418 ns, At safepoint: 46875 ns, Total: 875293 ns
[2020-08-12T21:44:25.466+0000][6][safepoint    ] Safepoint "Cleanup", Time since last: 1166434961 ns, Reaching safepoint: 319697 ns, At safepoint: 12088 ns, Total: 331785 ns
[2020-08-12T21:44:26.470+0000][6][safepoint    ] Safepoint "Cleanup", Time since last: 1003888315 ns, Reaching safepoint: 736744 ns, At safepoint: 44137 ns, Total: 780881 ns
[2020-08-12T21:44:27.472+0000][6][safepoint    ] Safepoint "Cleanup", Time since last: 1000348446 ns, Reaching safepoint: 815855 ns, At safepoint: 44437 ns, Total: 860292 ns
[2020-08-12T21:44:28.473+0000][6][safepoint    ] Safepoint "Cleanup", Time since last: 1000394996 ns, Reaching safepoint: 784680 ns, At safepoint: 42712 ns, Total: 827392 ns
[2020-08-12T21:44:29.474+0000][6][safepoint    ] Safepoint "Cleanup", Time since last: 1000434121 ns, Reaching safepoint: 563507 ns, At safepoint: 29913 ns, Total: 593420 ns
[2020-08-12T21:44:30.475+0000][6][safepoint    ] Safepoint "Cleanup", Time since last: 1000332595 ns, Reaching safepoint: 837343 ns, At safepoint: 44012 ns, Total: 881355 ns
[2020-08-12T21:44:31.522+0000][6][safepoint    ] Safepoint "Cleanup", Time since last: 1045538897 ns, Reaching safepoint: 948316 ns, At safepoint: 43063 ns, Total: 991379 ns
[2020-08-12T21:44:32.523+0000][6][safepoint    ] Safepoint "Cleanup", Time since last: 1000330445 ns, Reaching safepoint: 616758 ns, At safepoint: 32837 ns, Total: 649595 ns
[2020-08-12T21:44:33.524+0000][6][safepoint    ] Safepoint "Cleanup", Time since last: 1000350771 ns, Reaching safepoint: 785780 ns, At safepoint: 43037 ns, Total: 828817 ns
[2020-08-12T21:44:34.525+0000][6][safepoint    ] Safepoint "Cleanup", Time since last: 1000405096 ns, Reaching safepoint: 979179 ns, At safepoint: 43375 ns, Total: 1022554 ns
[2020-08-12T21:44:36.358+0000][6][safepoint    ] Safepoint "Cleanup", Time since last: 1832480669 ns, Reaching safepoint: 645482 ns, At safepoint: 43850 ns, Total: 689332 ns
[2020-08-12T21:44:37.359+0000][6][safepoint    ] Safepoint "Cleanup", Time since last: 1000346408 ns, Reaching safepoint: 507058 ns, At safepoint: 55212 ns, Total: 562270 ns
[2020-08-12T21:44:38.360+0000][6][safepoint    ] Safepoint "Cleanup", Time since last: 1000300384 ns, Reaching safepoint: 669319 ns, At safepoint: 26825 ns, Total: 696144 ns
[2020-08-12T21:44:39.400+0000][6][safepoint    ] Safepoint "Cleanup", Time since last: 1038850216 ns, Reaching safepoint: 816130 ns, At safepoint: 46438 ns, Total: 862568 ns
[2020-08-12T21:44:40.298+0000][6][safepoint    ] Safepoint "BulkRevokeBias", Time since last: 895625117 ns, Reaching safepoint: 774243 ns, At safepoint: 2133807 ns, Total: 2908050 ns
[2020-08-12T21:44:41.303+0000][6][safepoint    ] Safepoint "Cleanup", Time since last: 1003638905 ns, Reaching safepoint: 477684 ns, At safepoint: 46087 ns, Total: 523771 ns
[2020-08-12T21:44:42.304+0000][6][safepoint    ] Safepoint "Cleanup", Time since last: 1000405320 ns, Reaching safepoint: 784606 ns, At safepoint: 148299 ns, Total: 932905 ns
[2020-08-12T21:44:43.306+0000][6][safepoint    ] Safepoint "Cleanup", Time since last: 1000335933 ns, Reaching safepoint: 1130903 ns, At safepoint: 65624 ns, Total: 1196527 ns
[2020-08-12T21:44:44.307+0000][6][safepoint    ] Safepoint "Cleanup", Time since last: 1000422233 ns, Reaching safepoint: 793256 ns, At safepoint: 43099 ns, Total: 836355 ns
[2020-08-12T21:44:45.308+0000][6][safepoint    ] Safepoint "Cleanup", Time since last: 1000138648 ns, Reaching safepoint: 728268 ns, At safepoint: 37050 ns, Total: 765318 ns
[2020-08-12T21:44:46.309+0000][6][safepoint    ] Safepoint "Cleanup", Time since last: 1000527469 ns, Reaching safepoint: 526696 ns, At safepoint: 43075 ns, Total: 569771 ns
[2020-08-12T21:44:47.310+0000][6][safepoint    ] Safepoint "Cleanup", Time since last: 1000382745 ns, Reaching safepoint: 819555 ns, At safepoint: 66762 ns, Total: 886317 ns
[2020-08-12T21:44:48.311+0000][6][safepoint    ] Safepoint "Cleanup", Time since last: 1000279734 ns, Reaching safepoint: 938742 ns, At safepoint: 25875 ns, Total: 964617 ns
[2020-08-12T21:44:49.312+0000][6][safepoint    ] Safepoint "Cleanup", Time since last: 1000203184 ns, Reaching safepoint: 521209 ns, At safepoint: 23362 ns, Total: 544571 ns
[2020-08-12T21:44:50.313+0000][6][safepoint    ] Safepoint "Cleanup", Time since last: 1000246734 ns, Reaching safepoint: 1031079 ns, At safepoint: 28287 ns, Total: 1059366 ns
[2020-08-12T21:44:51.314+0000][6][safepoint    ] Safepoint "Cleanup", Time since last: 1000244659 ns, Reaching safepoint: 576545 ns, At safepoint: 54637 ns, Total: 631182 ns
[2020-08-12T21:44:52.315+0000][6][safepoint    ] Safepoint "Cleanup", Time since last: 1000358808 ns, Reaching safepoint: 721507 ns, At safepoint: 52937 ns, Total: 774444 ns
[2020-08-12T21:44:53.316+0000][6][safepoint    ] Safepoint "Cleanup", Time since last: 1000346170 ns, Reaching safepoint: 616995 ns, At safepoint: 28687 ns, Total: 645682 ns
[2020-08-12T21:44:54.317+0000][6][safepoint    ] Safepoint "Cleanup", Time since last: 1000263260 ns, Reaching safepoint: 747368 ns, At safepoint: 44612 ns, Total: 791980 ns
[2020-08-12T21:44:55.384+0000][6][safepoint    ] Safepoint "Cleanup", Time since last: 1066292694 ns, Reaching safepoint: 502870 ns, At safepoint: 24400 ns, Total: 527270 ns
[2020-08-12T21:44:56.618+0000][6][safepoint    ] Safepoint "Cleanup", Time since last: 1232710744 ns, Reaching safepoint: 820193 ns, At safepoint: 45062 ns, Total: 865255 ns
[2020-08-12T21:44:57.619+0000][6][safepoint    ] Safepoint "Cleanup", Time since last: 1000409682 ns, Reaching safepoint: 855881 ns, At safepoint: 44549 ns, Total: 900430 ns
[2020-08-12T21:44:58.620+0000][6][safepoint    ] Safepoint "Cleanup", Time since last: 1000328821 ns, Reaching safepoint: 814781 ns, At safepoint: 43962 ns, Total: 858743 ns
[2020-08-12T21:44:59.622+0000][6][safepoint    ] Safepoint "Cleanup", Time since last: 1000338633 ns, Reaching safepoint: 884642 ns, At safepoint: 43625 ns, Total: 928267 ns
[2020-08-12T21:45:01.303+0000][6][safepoint    ] Safepoint "Cleanup", Time since last: 1680724557 ns, Reaching safepoint: 854230 ns, At safepoint: 43950 ns, Total: 898180 ns
[2020-08-12T21:45:02.304+0000][6][safepoint    ] Safepoint "Cleanup", Time since last: 1000342008 ns, Reaching safepoint: 744019 ns, At safepoint: 52199 ns, Total: 796218 ns
[2020-08-12T21:45:03.306+0000][6][safepoint    ] Safepoint "Cleanup", Time since last: 1000288534 ns, Reaching safepoint: 1120003 ns, At safepoint: 65637 ns, Total: 1185640 ns
[2020-08-12T21:45:04.307+0000][6][safepoint    ] Safepoint "Cleanup", Time since last: 1000465682 ns, Reaching safepoint: 898555 ns, At safepoint: 56925 ns, Total: 955480 ns
[2020-08-12T21:45:06.300+0000][6][safepoint    ] Safepoint "Cleanup", Time since last: 1992244813 ns, Reaching safepoint: 735006 ns, At safepoint: 42300 ns, Total: 777306 ns
[2020-08-12T21:45:07.301+0000][6][safepoint    ] Safepoint "Cleanup", Time since last: 1000237409 ns, Reaching safepoint: 696069 ns, At safepoint: 71025 ns, Total: 767094 ns
[2020-08-12T21:45:08.302+0000][6][safepoint    ] Safepoint "Cleanup", Time since last: 1000347258 ns, Reaching safepoint: 666269 ns, At safepoint: 55362 ns, Total: 721631 ns
[2020-08-12T21:45:09.589+0000][6][safepoint    ] Safepoint "Cleanup", Time since last: 1286002687 ns, Reaching safepoint: 834593 ns, At safepoint: 56875 ns, Total: 891468 ns
[2020-08-12T21:45:10.590+0000][6][safepoint    ] Safepoint "Cleanup", Time since last: 1000355920 ns, Reaching safepoint: 540508 ns, At safepoint: 44625 ns, Total: 585133 ns
[2020-08-12T21:45:11.591+0000][6][safepoint    ] Safepoint "Cleanup", Time since last: 1000337683 ns, Reaching safepoint: 679369 ns, At safepoint: 43550 ns, Total: 722919 ns
[2020-08-12T21:45:12.592+0000][6][safepoint    ] Safepoint "Cleanup", Time since last: 1000335196 ns, Reaching safepoint: 725344 ns, At safepoint: 37587 ns, Total: 762931 ns
[2020-08-12T21:45:13.593+0000][6][safepoint    ] Safepoint "Cleanup", Time since last: 1000252596 ns, Reaching safepoint: 409709 ns, At safepoint: 17038 ns, Total: 426747 ns
[2020-08-12T21:45:14.594+0000][6][safepoint    ] Safepoint "Cleanup", Time since last: 1000222422 ns, Reaching safepoint: 818218 ns, At safepoint: 43987 ns, Total: 862205 ns
[2020-08-12T21:45:16.303+0000][6][safepoint    ] Safepoint "Cleanup", Time since last: 1708296883 ns, Reaching safepoint: 731356 ns, At safepoint: 39662 ns, Total: 771018 ns
[2020-08-12T21:45:17.304+0000][6][safepoint    ] Safepoint "Cleanup", Time since last: 1000301346 ns, Reaching safepoint: 815243 ns, At safepoint: 45187 ns, Total: 860430 ns
[2020-08-12T21:45:18.305+0000][6][safepoint    ] Safepoint "Cleanup", Time since last: 1000301359 ns, Reaching safepoint: 538058 ns, At safepoint: 33587 ns, Total: 571645 ns
[2020-08-12T21:45:19.306+0000][6][safepoint    ] Safepoint "Cleanup", Time since last: 1000248047 ns, Reaching safepoint: 559095 ns, At safepoint: 54312 ns, Total: 613407 ns
[2020-08-12T21:45:21.304+0000][6][safepoint    ] Safepoint "Cleanup", Time since last: 1996922349 ns, Reaching safepoint: 786268 ns, At safepoint: 43387 ns, Total: 829655 ns
[2020-08-12T21:45:22.305+0000][6][safepoint    ] Safepoint "Cleanup", Time since last: 1000456583 ns, Reaching safepoint: 931592 ns, At safepoint: 43712 ns, Total: 975304 ns
[2020-08-12T21:45:23.307+0000][6][safepoint    ] Safepoint "Cleanup", Time since last: 1000355533 ns, Reaching safepoint: 1140840 ns, At safepoint: 54812 ns, Total: 1195652 ns
[2020-08-12T21:45:24.308+0000][6][safepoint    ] Safepoint "Cleanup", Time since last: 1000392971 ns, Reaching safepoint: 823093 ns, At safepoint: 45762 ns, Total: 868855 ns
[2020-08-12T21:45:25.500+0000][6][safepoint    ] Safepoint "Cleanup", Time since last: 1191060262 ns, Reaching safepoint: 423622 ns, At safepoint: 43687 ns, Total: 467309 ns
[2020-08-12T21:45:26.506+0000][6][safepoint    ] Safepoint "Cleanup", Time since last: 1005033543 ns, Reaching safepoint: 876880 ns, At safepoint: 43587 ns, Total: 920467 ns
[2020-08-12T21:45:27.507+0000][6][safepoint    ] Safepoint "Cleanup", Time since last: 1000409620 ns, Reaching safepoint: 788306 ns, At safepoint: 43200 ns, Total: 831506 ns
[2020-08-12T21:45:28.507+0000][6][safepoint    ] Safepoint "Cleanup", Time since last: 1000340908 ns, Reaching safepoint: 322260 ns, At safepoint: 15112 ns, Total: 337372 ns
[2020-08-12T21:45:29.508+0000][6][safepoint    ] Safepoint "Cleanup", Time since last: 1000249509 ns, Reaching safepoint: 653132 ns, At safepoint: 44350 ns, Total: 697482 ns
[2020-08-12T21:45:30.509+0000][6][safepoint    ] Safepoint "Cleanup", Time since last: 1000347746 ns, Reaching safepoint: 641419 ns, At safepoint: 43862 ns, Total: 685281 ns
[2020-08-12T21:45:31.510+0000][6][safepoint    ] Safepoint "Cleanup", Time since last: 1000343283 ns, Reaching safepoint: 672282 ns, At safepoint: 51412 ns, Total: 723694 ns
[2020-08-12T21:45:32.511+0000][6][safepoint    ] Safepoint "Cleanup", Time since last: 1000360833 ns, Reaching safepoint: 592383 ns, At safepoint: 43287 ns, Total: 635670 ns
[2020-08-12T21:45:33.512+0000][6][safepoint    ] Safepoint "Cleanup", Time since last: 1000290659 ns, Reaching safepoint: 288685 ns, At safepoint: 18425 ns, Total: 307110 ns
[2020-08-12T21:45:34.513+0000][6][safepoint    ] Safepoint "Cleanup", Time since last: 1000247596 ns, Reaching safepoint: 933017 ns, At safepoint: 43662 ns, Total: 976679 ns
[2020-08-12T21:45:36.301+0000][6][safepoint    ] Safepoint "Cleanup", Time since last: 1786910748 ns, Reaching safepoint: 907129 ns, At safepoint: 43737 ns, Total: 950866 ns
[2020-08-12T21:45:37.303+0000][6][safepoint    ] Safepoint "Cleanup", Time since last: 1000340434 ns, Reaching safepoint: 1069291 ns, At safepoint: 65012 ns, Total: 1134303 ns
[2020-08-12T21:45:38.304+0000][6][safepoint    ] Safepoint "Cleanup", Time since last: 1000397557 ns, Reaching safepoint: 1161190 ns, At safepoint: 67100 ns, Total: 1228290 ns
[2020-08-12T21:45:38.645+0000][6][safepoint    ] Safepoint "BulkRevokeBias", Time since last: 338480839 ns, Reaching safepoint: 538633 ns, At safepoint: 1514262 ns, Total: 2052895 ns
[2020-08-12T21:45:39.651+0000][6][safepoint    ] Safepoint "Cleanup", Time since last: 1005810511 ns, Reaching safepoint: 742619 ns, At safepoint: 53187 ns, Total: 795806 ns
[2020-08-12T21:45:41.304+0000][6][safepoint    ] Safepoint "Cleanup", Time since last: 1651768467 ns, Reaching safepoint: 594370 ns, At safepoint: 50974 ns, Total: 645344 ns
[2020-08-12T21:45:42.305+0000][6][safepoint    ] Safepoint "Cleanup", Time since last: 1000451095 ns, Reaching safepoint: 702407 ns, At safepoint: 52724 ns, Total: 755131 ns
[2020-08-12T21:45:43.306+0000][6][safepoint    ] Safepoint "Cleanup", Time since last: 1000292597 ns, Reaching safepoint: 597057 ns, At safepoint: 35925 ns, Total: 632982 ns
[2020-08-12T21:45:44.307+0000][6][safepoint    ] Safepoint "Cleanup", Time since last: 1000260096 ns, Reaching safepoint: 829493 ns, At safepoint: 43437 ns, Total: 872930 ns
[2020-08-12T21:45:45.305+0000][6][safepoint    ] Safepoint "BulkRevokeBias", Time since last: 995023529 ns, Reaching safepoint: 390684 ns, At safepoint: 2933950 ns, Total: 3324634 ns
[2020-08-12T21:45:46.310+0000][6][safepoint    ] Safepoint "Cleanup", Time since last: 1003496931 ns, Reaching safepoint: 792856 ns, At safepoint: 43687 ns, Total: 836543 ns
[2020-08-12T21:45:47.311+0000][6][safepoint    ] Safepoint "Cleanup", Time since last: 1000388283 ns, Reaching safepoint: 844443 ns, At safepoint: 69449 ns, Total: 913892 ns
[2020-08-12T21:45:48.312+0000][6][safepoint    ] Safepoint "Cleanup", Time since last: 1000287459 ns, Reaching safepoint: 1049616 ns, At safepoint: 24262 ns, Total: 1073878 ns
[2020-08-12T21:45:49.313+0000][6][safepoint    ] Safepoint "Cleanup", Time since last: 1000244285 ns, Reaching safepoint: 594095 ns, At safepoint: 43162 ns, Total: 637257 ns
[2020-08-12T21:45:50.314+0000][6][safepoint    ] Safepoint "Cleanup", Time since last: 1000332958 ns, Reaching safepoint: 582783 ns, At safepoint: 45849 ns, Total: 628632 ns
[2020-08-12T21:45:51.315+0000][6][safepoint    ] Safepoint "Cleanup", Time since last: 1000331371 ns, Reaching safepoint: 536433 ns, At safepoint: 43600 ns, Total: 580033 ns
[2020-08-12T21:45:52.316+0000][6][safepoint    ] Safepoint "Cleanup", Time since last: 1000345920 ns, Reaching safepoint: 644107 ns, At safepoint: 43913 ns, Total: 688020 ns
[2020-08-12T21:45:53.317+0000][6][safepoint    ] Safepoint "Cleanup", Time since last: 1000346708 ns, Reaching safepoint: 653669 ns, At safepoint: 54187 ns, Total: 707856 ns
[2020-08-12T21:45:54.319+0000][6][safepoint    ] Safepoint "Cleanup", Time since last: 1000342508 ns, Reaching safepoint: 866631 ns, At safepoint: 70961 ns, Total: 937592 ns
[2020-08-12T21:45:55.495+0000][6][safepoint    ] Safepoint "Cleanup", Time since last: 1175231774 ns, Reaching safepoint: 1036641 ns, At safepoint: 89186 ns, Total: 1125827 ns
[2020-08-12T21:45:56.506+0000][6][safepoint    ] Safepoint "Cleanup", Time since last: 1010090500 ns, Reaching safepoint: 921992 ns, At safepoint: 89550 ns, Total: 1011542 ns
[2020-08-12T21:45:57.507+0000][6][safepoint    ] Safepoint "Cleanup", Time since last: 1000344495 ns, Reaching safepoint: 840931 ns, At safepoint: 42812 ns, Total: 883743 ns
[2020-08-12T21:45:58.509+0000][6][safepoint    ] Safepoint "Cleanup", Time since last: 1000344021 ns, Reaching safepoint: 1061678 ns, At safepoint: 264260 ns, Total: 1325938 ns
[2020-08-12T21:45:59.510+0000][6][safepoint    ] Safepoint "Cleanup", Time since last: 1000349071 ns, Reaching safepoint: 845618 ns, At safepoint: 56912 ns, Total: 902530 ns
[2020-08-12T21:46:01.352+0000][6][safepoint    ] Safepoint "Cleanup", Time since last: 1841537904 ns, Reaching safepoint: 599820 ns, At safepoint: 43787 ns, Total: 643607 ns
[2020-08-12T21:46:02.354+0000][6][safepoint    ] Safepoint "Cleanup", Time since last: 1000343084 ns, Reaching safepoint: 841693 ns, At safepoint: 44799 ns, Total: 886492 ns
[2020-08-12T21:46:03.355+0000][6][safepoint    ] Safepoint "Cleanup", Time since last: 1000336783 ns, Reaching safepoint: 921430 ns, At safepoint: 122436 ns, Total: 1043866 ns
[2020-08-12T21:46:04.356+0000][6][safepoint    ] Safepoint "Cleanup", Time since last: 1000318121 ns, Reaching safepoint: 1029104 ns, At safepoint: 81587 ns, Total: 1110691 ns
[2020-08-12T21:46:06.304+0000][6][safepoint    ] Safepoint "Cleanup", Time since last: 1946453456 ns, Reaching safepoint: 664307 ns, At safepoint: 50987 ns, Total: 715294 ns
[2020-08-12T21:46:07.305+0000][6][safepoint    ] Safepoint "Cleanup", Time since last: 1000286246 ns, Reaching safepoint: 652407 ns, At safepoint: 22037 ns, Total: 674444 ns
[2020-08-12T21:46:08.305+0000][6][safepoint    ] Safepoint "Cleanup", Time since last: 1000225410 ns, Reaching safepoint: 583432 ns, At safepoint: 42425 ns, Total: 625857 ns
[2020-08-12T21:46:09.306+0000][6][safepoint    ] Safepoint "Cleanup", Time since last: 1000236934 ns, Reaching safepoint: 379359 ns, At safepoint: 20225 ns, Total: 399584 ns
[2020-08-12T21:46:10.308+0000][6][safepoint    ] Safepoint "Cleanup", Time since last: 1000977553 ns, Reaching safepoint: 796231 ns, At safepoint: 60387 ns, Total: 856618 ns
[2020-08-12T21:46:11.309+0000][6][safepoint    ] Safepoint "Cleanup", Time since last: 1000409207 ns, Reaching safepoint: 741969 ns, At safepoint: 37650 ns, Total: 779619 ns
[2020-08-12T21:46:12.310+0000][6][safepoint    ] Safepoint "Cleanup", Time since last: 1000323058 ns, Reaching safepoint: 637582 ns, At safepoint: 46450 ns, Total: 684032 ns
[2020-08-12T21:46:13.311+0000][6][safepoint    ] Safepoint "Cleanup", Time since last: 1000291234 ns, Reaching safepoint: 657806 ns, At safepoint: 30350 ns, Total: 688156 ns
[2020-08-12T21:46:14.312+0000][6][safepoint    ] Safepoint "Cleanup", Time since last: 1000265947 ns, Reaching safepoint: 884905 ns, At safepoint: 48324 ns, Total: 933229 ns
[2020-08-12T21:46:16.305+0000][6][safepoint    ] Safepoint "Cleanup", Time since last: 1992308139 ns, Reaching safepoint: 886317 ns, At safepoint: 52812 ns, Total: 939129 ns
[2020-08-12T21:46:17.307+0000][6][safepoint    ] Safepoint "Cleanup", Time since last: 1000363996 ns, Reaching safepoint: 865780 ns, At safepoint: 44174 ns, Total: 909954 ns
[2020-08-12T21:46:18.308+0000][6][safepoint    ] Safepoint "Cleanup", Time since last: 1000388333 ns, Reaching safepoint: 614857 ns, At safepoint: 63912 ns, Total: 678769 ns
[2020-08-12T21:46:19.309+0000][6][safepoint    ] Safepoint "Cleanup", Time since last: 1000459571 ns, Reaching safepoint: 817692 ns, At safepoint: 77025 ns, Total: 894717 ns
[2020-08-12T21:46:21.309+0000][6][safepoint    ] Safepoint "Cleanup", Time since last: 1999485526 ns, Reaching safepoint: 721944 ns, At safepoint: 52600 ns, Total: 774544 ns
[2020-08-12T21:46:22.310+0000][6][safepoint    ] Safepoint "Cleanup", Time since last: 1000347571 ns, Reaching safepoint: 663206 ns, At safepoint: 50813 ns, Total: 714019 ns
[2020-08-12T21:46:23.311+0000][6][safepoint    ] Safepoint "Cleanup", Time since last: 1000292221 ns, Reaching safepoint: 685631 ns, At safepoint: 26200 ns, Total: 711831 ns
[2020-08-12T21:46:24.314+0000][6][safepoint    ] Safepoint "Cleanup", Time since last: 1001576035 ns, Reaching safepoint: 789094 ns, At safepoint: 129524 ns, Total: 918618 ns
[2020-08-12T21:46:25.644+0000][6][safepoint    ] Safepoint "Cleanup", Time since last: 1326353066 ns, Reaching safepoint: 3711531 ns, At safepoint: 24762 ns, Total: 3736293 ns
[2020-08-12T21:46:26.817+0000][6][safepoint    ] Safepoint "Cleanup", Time since last: 1172338460 ns, Reaching safepoint: 572470 ns, At safepoint: 44538 ns, Total: 617008 ns
[2020-08-12T21:46:27.818+0000][6][safepoint    ] Safepoint "Cleanup", Time since last: 1000332683 ns, Reaching safepoint: 564558 ns, At safepoint: 40574 ns, Total: 605132 ns
[2020-08-12T21:46:28.819+0000][6][safepoint    ] Safepoint "Cleanup", Time since last: 1000319034 ns, Reaching safepoint: 862367 ns, At safepoint: 43650 ns, Total: 906017 ns
[2020-08-12T21:46:29.820+0000][6][safepoint    ] Safepoint "Cleanup", Time since last: 1000343796 ns, Reaching safepoint: 723406 ns, At safepoint: 44300 ns, Total: 767706 ns
[2020-08-12T21:46:30.821+0000][6][safepoint    ] Safepoint "Cleanup", Time since last: 1000289558 ns, Reaching safepoint: 595508 ns, At safepoint: 28262 ns, Total: 623770 ns
[2020-08-12T21:46:31.822+0000][6][safepoint    ] Safepoint "Cleanup", Time since last: 1000260659 ns, Reaching safepoint: 625032 ns, At safepoint: 43625 ns, Total: 668657 ns
[2020-08-12T21:46:32.823+0000][6][safepoint    ] Safepoint "Cleanup", Time since last: 1000540419 ns, Reaching safepoint: 675719 ns, At safepoint: 51562 ns, Total: 727281 ns
[2020-08-12T21:46:33.824+0000][6][safepoint    ] Safepoint "Cleanup", Time since last: 1000359946 ns, Reaching safepoint: 622870 ns, At safepoint: 46462 ns, Total: 669332 ns
[2020-08-12T21:46:34.826+0000][6][safepoint    ] Safepoint "Cleanup", Time since last: 1000343908 ns, Reaching safepoint: 697657 ns, At safepoint: 51474 ns, Total: 749131 ns
[2020-08-12T21:46:36.310+0000][6][safepoint    ] Safepoint "Cleanup", Time since last: 1483970692 ns, Reaching safepoint: 535920 ns, At safepoint: 44150 ns, Total: 580070 ns
[2020-08-12T21:46:37.311+0000][6][safepoint    ] Safepoint "Cleanup", Time since last: 1000315058 ns, Reaching safepoint: 967267 ns, At safepoint: 14587 ns, Total: 981854 ns
[2020-08-12T21:46:38.312+0000][6][safepoint    ] Safepoint "Cleanup", Time since last: 1000200523 ns, Reaching safepoint: 625744 ns, At safepoint: 46550 ns, Total: 672294 ns
[2020-08-12T21:46:39.313+0000][6][safepoint    ] Safepoint "Cleanup", Time since last: 1000216709 ns, Reaching safepoint: 516583 ns, At safepoint: 19975 ns, Total: 536558 ns
[2020-08-12T21:46:41.313+0000][6][safepoint    ] Safepoint "Cleanup", Time since last: 1999087955 ns, Reaching safepoint: 406084 ns, At safepoint: 20488 ns, Total: 426572 ns
[2020-08-12T21:46:42.314+0000][6][safepoint    ] Safepoint "Cleanup", Time since last: 1000252946 ns, Reaching safepoint: 881455 ns, At safepoint: 43912 ns, Total: 925367 ns
[2020-08-12T21:46:43.315+0000][6][safepoint    ] Safepoint "Cleanup", Time since last: 1000331496 ns, Reaching safepoint: 686694 ns, At safepoint: 26850 ns, Total: 713544 ns
[2020-08-12T21:46:44.316+0000][6][safepoint    ] Safepoint "Cleanup", Time since last: 1000278959 ns, Reaching safepoint: 783756 ns, At safepoint: 43299 ns, Total: 827055 ns
[2020-08-12T21:46:46.309+0000][6][safepoint    ] Safepoint "Cleanup", Time since last: 1992507375 ns, Reaching safepoint: 783280 ns, At safepoint: 57037 ns, Total: 840317 ns
[2020-08-12T21:46:47.310+0000][6][safepoint    ] Safepoint "Cleanup", Time since last: 1000345459 ns, Reaching safepoint: 870430 ns, At safepoint: 42862 ns, Total: 913292 ns
[2020-08-12T21:46:48.312+0000][6][safepoint    ] Safepoint "Cleanup", Time since last: 1000348808 ns, Reaching safepoint: 941292 ns, At safepoint: 73887 ns, Total: 1015179 ns
[2020-08-12T21:46:49.313+0000][6][safepoint    ] Safepoint "Cleanup", Time since last: 1000379120 ns, Reaching safepoint: 643032 ns, At safepoint: 78400 ns, Total: 721432 ns
[2020-08-12T21:46:50.314+0000][6][safepoint    ] Safepoint "Cleanup", Time since last: 1000294596 ns, Reaching safepoint: 893530 ns, At safepoint: 38187 ns, Total: 931717 ns
[2020-08-12T21:46:51.315+0000][6][safepoint    ] Safepoint "Cleanup", Time since last: 1000320758 ns, Reaching safepoint: 779669 ns, At safepoint: 46499 ns, Total: 826168 ns
[2020-08-12T21:46:52.317+0000][6][safepoint    ] Safepoint "Cleanup", Time since last: 1000341509 ns, Reaching safepoint: 842692 ns, At safepoint: 68025 ns, Total: 910717 ns
[2020-08-12T21:46:53.318+0000][6][safepoint    ] Safepoint "Cleanup", Time since last: 1000380833 ns, Reaching safepoint: 1077216 ns, At safepoint: 48987 ns, Total: 1126203 ns
[2020-08-12T21:46:54.319+0000][6][safepoint    ] Safepoint "Cleanup", Time since last: 1000215097 ns, Reaching safepoint: 745031 ns, At safepoint: 43662 ns, Total: 788693 ns
[2020-08-12T21:46:55.536+0000][6][safepoint    ] Safepoint "Cleanup", Time since last: 1216894404 ns, Reaching safepoint: 468046 ns, At safepoint: 43124 ns, Total: 511170 ns
[2020-08-12T21:46:56.542+0000][6][safepoint    ] Safepoint "Cleanup", Time since last: 1004979569 ns, Reaching safepoint: 565058 ns, At safepoint: 44587 ns, Total: 609645 ns
[2020-08-12T21:46:57.543+0000][6][safepoint    ] Safepoint "Cleanup", Time since last: 1000351645 ns, Reaching safepoint: 1005892 ns, At safepoint: 46937 ns, Total: 1052829 ns
[2020-08-12T21:46:58.544+0000][6][safepoint    ] Safepoint "Cleanup", Time since last: 1000304521 ns, Reaching safepoint: 661694 ns, At safepoint: 32225 ns, Total: 693919 ns
[2020-08-12T21:46:59.545+0000][6][safepoint    ] Safepoint "Cleanup", Time since last: 1000274921 ns, Reaching safepoint: 667645 ns, At safepoint: 45549 ns, Total: 713194 ns
[2020-08-12T21:47:01.316+0000][6][safepoint    ] Safepoint "Cleanup", Time since last: 1770104742 ns, Reaching safepoint: 873730 ns, At safepoint: 43199 ns, Total: 916929 ns
[2020-08-12T21:47:02.318+0000][6][safepoint    ] Safepoint "Cleanup", Time since last: 1000331196 ns, Reaching safepoint: 809781 ns, At safepoint: 43187 ns, Total: 852968 ns
[2020-08-12T21:47:03.319+0000][6][safepoint    ] Safepoint "Cleanup", Time since last: 1000473845 ns, Reaching safepoint: 609757 ns, At safepoint: 30025 ns, Total: 639782 ns
[2020-08-12T21:47:04.320+0000][6][safepoint    ] Safepoint "Cleanup", Time since last: 1000288108 ns, Reaching safepoint: 612545 ns, At safepoint: 45050 ns, Total: 657595 ns
[2020-08-12T21:47:06.313+0000][6][safepoint    ] Safepoint "Cleanup", Time since last: 1992729722 ns, Reaching safepoint: 541195 ns, At safepoint: 43587 ns, Total: 584782 ns
[2020-08-12T21:47:07.314+0000][6][safepoint    ] Safepoint "Cleanup", Time since last: 1000281522 ns, Reaching safepoint: 240073 ns, At safepoint: 18387 ns, Total: 258460 ns
[2020-08-12T21:47:08.315+0000][6][safepoint    ] Safepoint "Cleanup", Time since last: 1000178785 ns, Reaching safepoint: 712281 ns, At safepoint: 72775 ns, Total: 785056 ns
[2020-08-12T21:47:09.316+0000][6][safepoint    ] Safepoint "Cleanup", Time since last: 1000426957 ns, Reaching safepoint: 790118 ns, At safepoint: 42638 ns, Total: 832756 ns
[2020-08-12T21:47:10.317+0000][6][safepoint    ] Safepoint "Cleanup", Time since last: 1000469282 ns, Reaching safepoint: 708419 ns, At safepoint: 73049 ns, Total: 781468 ns
[2020-08-12T21:47:11.318+0000][6][safepoint    ] Safepoint "Cleanup", Time since last: 1000317634 ns, Reaching safepoint: 483433 ns, At safepoint: 112612 ns, Total: 596045 ns
[2020-08-12T21:47:12.319+0000][6][safepoint    ] Safepoint "Cleanup", Time since last: 1000275421 ns, Reaching safepoint: 1160503 ns, At safepoint: 45224 ns, Total: 1205727 ns
[2020-08-12T21:47:13.320+0000][6][safepoint    ] Safepoint "Cleanup", Time since last: 1000286096 ns, Reaching safepoint: 559921 ns, At safepoint: 20524 ns, Total: 580445 ns
[2020-08-12T21:47:14.321+0000][6][safepoint    ] Safepoint "Cleanup", Time since last: 1000248135 ns, Reaching safepoint: 851992 ns, At safepoint: 43600 ns, Total: 895592 ns
[2020-08-12T21:47:15.317+0000][6][safepoint    ] Safepoint "BulkRevokeBias", Time since last: 993933638 ns, Reaching safepoint: 666457 ns, At safepoint: 1077566 ns, Total: 1744023 ns
[2020-08-12T21:47:16.319+0000][6][safepoint    ] Safepoint "Cleanup", Time since last: 1000619880 ns, Reaching safepoint: 873656 ns, At safepoint: 46199 ns, Total: 919855 ns
[2020-08-12T21:47:17.320+0000][6][safepoint    ] Safepoint "Cleanup", Time since last: 1000463082 ns, Reaching safepoint: 812143 ns, At safepoint: 47188 ns, Total: 859331 ns
[2020-08-12T21:47:18.321+0000][6][safepoint    ] Safepoint "Cleanup", Time since last: 1000303971 ns, Reaching safepoint: 749106 ns, At safepoint: 36349 ns, Total: 785455 ns
[2020-08-12T21:47:19.322+0000][6][safepoint    ] Safepoint "Cleanup", Time since last: 1000260272 ns, Reaching safepoint: 457271 ns, At safepoint: 40025 ns, Total: 497296 ns
[2020-08-12T21:47:21.316+0000][6][safepoint    ] Safepoint "Cleanup", Time since last: 1993128244 ns, Reaching safepoint: 644607 ns, At safepoint: 33287 ns, Total: 677894 ns
[2020-08-12T21:47:22.317+0000][6][safepoint    ] Safepoint "Cleanup", Time since last: 1000313508 ns, Reaching safepoint: 786731 ns, At safepoint: 42987 ns, Total: 829718 ns
[2020-08-12T21:47:23.318+0000][6][safepoint    ] Safepoint "Cleanup", Time since last: 1000361496 ns, Reaching safepoint: 647932 ns, At safepoint: 26962 ns, Total: 674894 ns
[2020-08-12T21:47:24.319+0000][6][safepoint    ] Safepoint "Cleanup", Time since last: 1000295534 ns, Reaching safepoint: 822330 ns, At safepoint: 43887 ns, Total: 866217 ns
[2020-08-12T21:47:25.513+0000][6][safepoint    ] Safepoint "Cleanup", Time since last: 1193779265 ns, Reaching safepoint: 360484 ns, At safepoint: 11012 ns, Total: 371496 ns
[2020-08-12T21:47:27.058+0000][6][safepoint    ] Safepoint "Cleanup", Time since last: 1544607873 ns, Reaching safepoint: 708244 ns, At safepoint: 50462 ns, Total: 758706 ns
[2020-08-12T21:47:28.059+0000][6][safepoint    ] Safepoint "Cleanup", Time since last: 1000333671 ns, Reaching safepoint: 609094 ns, At safepoint: 33525 ns, Total: 642619 ns
[2020-08-12T21:47:29.060+0000][6][safepoint    ] Safepoint "Cleanup", Time since last: 1000263197 ns, Reaching safepoint: 492595 ns, At safepoint: 52513 ns, Total: 545108 ns
[2020-08-12T21:47:30.062+0000][6][safepoint    ] Safepoint "Cleanup", Time since last: 1000375320 ns, Reaching safepoint: 851943 ns, At safepoint: 43712 ns, Total: 895655 ns
[2020-08-12T21:47:31.062+0000][6][safepoint    ] Safepoint "Cleanup", Time since last: 1000283396 ns, Reaching safepoint: 543083 ns, At safepoint: 19062 ns, Total: 562145 ns
[2020-08-12T21:47:32.064+0000][6][safepoint    ] Safepoint "Cleanup", Time since last: 1000235072 ns, Reaching safepoint: 841255 ns, At safepoint: 43725 ns, Total: 884980 ns
[2020-08-12T21:47:33.065+0000][6][safepoint    ] Safepoint "Cleanup", Time since last: 1000457182 ns, Reaching safepoint: 782306 ns, At safepoint: 43287 ns, Total: 825593 ns
[2020-08-12T21:47:34.066+0000][6][safepoint    ] Safepoint "Cleanup", Time since last: 1000381658 ns, Reaching safepoint: 472084 ns, At safepoint: 20962 ns, Total: 493046 ns
[2020-08-12T21:47:35.066+0000][6][safepoint    ] Safepoint "Cleanup", Time since last: 1000210484 ns, Reaching safepoint: 357260 ns, At safepoint: 18087 ns, Total: 375347 ns
[2020-08-12T21:47:36.314+0000][6][safepoint    ] Safepoint "Cleanup", Time since last: 1247475267 ns, Reaching safepoint: 655732 ns, At safepoint: 44037 ns, Total: 699769 ns
[2020-08-12T21:47:37.315+0000][6][safepoint    ] Safepoint "Cleanup", Time since last: 1000302396 ns, Reaching safepoint: 481121 ns, At safepoint: 32025 ns, Total: 513146 ns
[2020-08-12T21:47:38.316+0000][6][safepoint    ] Safepoint "Cleanup", Time since last: 1000227972 ns, Reaching safepoint: 682694 ns, At safepoint: 31350 ns, Total: 714044 ns
[2020-08-12T21:47:39.317+0000][6][safepoint    ] Safepoint "Cleanup", Time since last: 1000236896 ns, Reaching safepoint: 549571 ns, At safepoint: 51924 ns, Total: 601495 ns
[2020-08-12T21:47:41.316+0000][6][safepoint    ] Safepoint "Cleanup", Time since last: 1997874466 ns, Reaching safepoint: 803343 ns, At safepoint: 43612 ns, Total: 846955 ns
[2020-08-12T21:47:42.317+0000][6][safepoint    ] Safepoint "Cleanup", Time since last: 1000391621 ns, Reaching safepoint: 845692 ns, At safepoint: 44625 ns, Total: 890317 ns
[2020-08-12T21:47:43.318+0000][6][safepoint    ] Safepoint "Cleanup", Time since last: 1000314271 ns, Reaching safepoint: 690907 ns, At safepoint: 34862 ns, Total: 725769 ns
[2020-08-12T21:47:44.319+0000][6][safepoint    ] Safepoint "Cleanup", Time since last: 1000289984 ns, Reaching safepoint: 809456 ns, At safepoint: 45712 ns, Total: 855168 ns
[2020-08-12T21:47:45.246+0000][6][safepoint    ] Safepoint "BulkRevokeBias", Time since last: 923961774 ns, Reaching safepoint: 960267 ns, At safepoint: 2008683 ns, Total: 2968950 ns
[2020-08-12T21:47:45.319+0000][6][safepoint    ] Safepoint "BulkRevokeBias", Time since last: 69768402 ns, Reaching safepoint: 977879 ns, At safepoint: 2520491 ns, Total: 3498370 ns
[2020-08-12T21:47:46.322+0000][6][safepoint    ] Safepoint "Cleanup", Time since last: 1001630848 ns, Reaching safepoint: 479496 ns, At safepoint: 26399 ns, Total: 505895 ns
[2020-08-12T21:47:47.323+0000][6][safepoint    ] Safepoint "Cleanup", Time since last: 1000283671 ns, Reaching safepoint: 655445 ns, At safepoint: 43612 ns, Total: 699057 ns
[2020-08-12T21:47:48.324+0000][6][safepoint    ] Safepoint "Cleanup", Time since last: 1000283696 ns, Reaching safepoint: 640632 ns, At safepoint: 72575 ns, Total: 713207 ns
[2020-08-12T21:47:49.325+0000][6][safepoint    ] Safepoint "Cleanup", Time since last: 1000435570 ns, Reaching safepoint: 527608 ns, At safepoint: 43637 ns, Total: 571245 ns
[2020-08-12T21:47:50.326+0000][6][safepoint    ] Safepoint "Cleanup", Time since last: 1000412545 ns, Reaching safepoint: 790393 ns, At safepoint: 43300 ns, Total: 833693 ns
[2020-08-12T21:47:51.327+0000][6][safepoint    ] Safepoint "Cleanup", Time since last: 1000385958 ns, Reaching safepoint: 517270 ns, At safepoint: 27100 ns, Total: 544370 ns
[2020-08-12T21:47:52.328+0000][6][safepoint    ] Safepoint "Cleanup", Time since last: 1000388883 ns, Reaching safepoint: 882068 ns, At safepoint: 63249 ns, Total: 945317 ns
[2020-08-12T21:47:53.329+0000][6][safepoint    ] Safepoint "Cleanup", Time since last: 1000368221 ns, Reaching safepoint: 628069 ns, At safepoint: 30175 ns, Total: 658244 ns
[2020-08-12T21:47:54.330+0000][6][safepoint    ] Safepoint "Cleanup", Time since last: 1000262634 ns, Reaching safepoint: 770868 ns, At safepoint: 44200 ns, Total: 815068 ns
[2020-08-12T21:47:55.393+0000][6][safepoint    ] Safepoint "Cleanup", Time since last: 1062141479 ns, Reaching safepoint: 523758 ns, At safepoint: 26037 ns, Total: 549795 ns
[2020-08-12T21:47:56.570+0000][6][safepoint    ] Safepoint "Cleanup", Time since last: 1176297302 ns, Reaching safepoint: 615170 ns, At safepoint: 43312 ns, Total: 658482 ns
[2020-08-12T21:47:57.571+0000][6][safepoint    ] Safepoint "Cleanup", Time since last: 1000403082 ns, Reaching safepoint: 569158 ns, At safepoint: 42562 ns, Total: 611720 ns
[2020-08-12T21:47:58.572+0000][6][safepoint    ] Safepoint "Cleanup", Time since last: 1000407058 ns, Reaching safepoint: 410822 ns, At safepoint: 11699 ns, Total: 422521 ns
[2020-08-12T21:47:59.573+0000][6][safepoint    ] Safepoint "Cleanup", Time since last: 1000277609 ns, Reaching safepoint: 617995 ns, At safepoint: 50312 ns, Total: 668307 ns
[2020-08-12T21:48:01.320+0000][6][safepoint    ] Safepoint "Cleanup", Time since last: 1746663780 ns, Reaching safepoint: 472520 ns, At safepoint: 45138 ns, Total: 517658 ns
[2020-08-12T21:48:02.321+0000][6][safepoint    ] Safepoint "Cleanup", Time since last: 1000408670 ns, Reaching safepoint: 996929 ns, At safepoint: 59624 ns, Total: 1056553 ns
[2020-08-12T21:48:03.322+0000][6][safepoint    ] Safepoint "Cleanup", Time since last: 1000284147 ns, Reaching safepoint: 477658 ns, At safepoint: 35825 ns, Total: 513483 ns
[2020-08-12T21:48:04.323+0000][6][safepoint    ] Safepoint "Cleanup", Time since last: 1000265584 ns, Reaching safepoint: 964866 ns, At safepoint: 46050 ns, Total: 1010916 ns
[2020-08-12T21:48:06.318+0000][6][safepoint    ] Safepoint "Cleanup", Time since last: 1994142260 ns, Reaching safepoint: 484621 ns, At safepoint: 28987 ns, Total: 513608 ns
[2020-08-12T21:48:07.319+0000][6][safepoint    ] Safepoint "Cleanup", Time since last: 1000213085 ns, Reaching safepoint: 586895 ns, At safepoint: 30712 ns, Total: 617607 ns
[2020-08-12T21:48:08.320+0000][6][safepoint    ] Safepoint "Cleanup", Time since last: 1000361896 ns, Reaching safepoint: 1157502 ns, At safepoint: 54787 ns, Total: 1212289 ns
[2020-08-12T21:48:09.321+0000][6][safepoint    ] Safepoint "Cleanup", Time since last: 1000338659 ns, Reaching safepoint: 594832 ns, At safepoint: 43887 ns, Total: 638719 ns
[2020-08-12T21:48:10.323+0000][6][safepoint    ] Safepoint "Cleanup", Time since last: 1000342571 ns, Reaching safepoint: 1496699 ns, At safepoint: 47675 ns, Total: 1544374 ns
[2020-08-12T21:48:11.324+0000][6][safepoint    ] Safepoint "Cleanup", Time since last: 1000261459 ns, Reaching safepoint: 682632 ns, At safepoint: 43149 ns, Total: 725781 ns
[2020-08-12T21:48:12.325+0000][6][safepoint    ] Safepoint "Cleanup", Time since last: 1000339809 ns, Reaching safepoint: 672269 ns, At safepoint: 43062 ns, Total: 715331 ns
[2020-08-12T21:48:13.326+0000][6][safepoint    ] Safepoint "Cleanup", Time since last: 1000291321 ns, Reaching safepoint: 625133 ns, At safepoint: 30862 ns, Total: 655995 ns
[2020-08-12T21:48:14.327+0000][6][safepoint    ] Safepoint "Cleanup", Time since last: 1000261071 ns, Reaching safepoint: 702432 ns, At safepoint: 45637 ns, Total: 748069 ns
[2020-08-12T21:48:16.321+0000][6][safepoint    ] Safepoint "Cleanup", Time since last: 1993122206 ns, Reaching safepoint: 400447 ns, At safepoint: 23000 ns, Total: 423447 ns
[2020-08-12T21:48:17.322+0000][6][safepoint    ] Safepoint "Cleanup", Time since last: 1000341496 ns, Reaching safepoint: 608057 ns, At safepoint: 44124 ns, Total: 652181 ns
[2020-08-12T21:48:18.323+0000][6][safepoint    ] Safepoint "Cleanup", Time since last: 1000360396 ns, Reaching safepoint: 618895 ns, At safepoint: 30237 ns, Total: 649132 ns
[2020-08-12T21:48:19.324+0000][6][safepoint    ] Safepoint "Cleanup", Time since last: 1000341046 ns, Reaching safepoint: 536858 ns, At safepoint: 31437 ns, Total: 568295 ns
[2020-08-12T21:48:21.321+0000][6][safepoint    ] Safepoint "Cleanup", Time since last: 1996607239 ns, Reaching safepoint: 473771 ns, At safepoint: 23287 ns, Total: 497058 ns
[2020-08-12T21:48:22.322+0000][6][safepoint    ] Safepoint "Cleanup", Time since last: 1000308384 ns, Reaching safepoint: 895842 ns, At safepoint: 69500 ns, Total: 965342 ns
[2020-08-12T21:48:23.323+0000][6][safepoint    ] Safepoint "Cleanup", Time since last: 1000302333 ns, Reaching safepoint: 811231 ns, At safepoint: 34737 ns, Total: 845968 ns
[2020-08-12T21:48:24.324+0000][6][safepoint    ] Safepoint "Cleanup", Time since last: 1000270546 ns, Reaching safepoint: 783394 ns, At safepoint: 46374 ns, Total: 829768 ns
[2020-08-12T21:48:25.366+0000][6][safepoint    ] Safepoint "Cleanup", Time since last: 1041235308 ns, Reaching safepoint: 496009 ns, At safepoint: 27099 ns, Total: 523108 ns
[2020-08-12T21:48:26.567+0000][6][safepoint    ] Safepoint "Cleanup", Time since last: 1199742514 ns, Reaching safepoint: 916204 ns, At safepoint: 43237 ns, Total: 959441 ns
[2020-08-12T21:48:27.568+0000][6][safepoint    ] Safepoint "Cleanup", Time since last: 1000365933 ns, Reaching safepoint: 561358 ns, At safepoint: 29725 ns, Total: 591083 ns
[2020-08-12T21:48:28.569+0000][6][safepoint    ] Safepoint "Cleanup", Time since last: 1001180589 ns, Reaching safepoint: 253572 ns, At safepoint: 10588 ns, Total: 264160 ns
[2020-08-12T21:48:29.570+0000][6][safepoint    ] Safepoint "Cleanup", Time since last: 1000263671 ns, Reaching safepoint: 749481 ns, At safepoint: 44200 ns, Total: 793681 ns
[2020-08-12T21:48:30.571+0000][6][safepoint    ] Safepoint "Cleanup", Time since last: 1000288409 ns, Reaching safepoint: 436733 ns, At safepoint: 53588 ns, Total: 490321 ns
[2020-08-12T21:48:31.572+0000][6][safepoint    ] Safepoint "Cleanup", Time since last: 1000340745 ns, Reaching safepoint: 609070 ns, At safepoint: 45825 ns, Total: 654895 ns
[2020-08-12T21:48:32.573+0000][6][safepoint    ] Safepoint "Cleanup", Time since last: 1000313283 ns, Reaching safepoint: 474046 ns, At safepoint: 31562 ns, Total: 505608 ns
[2020-08-12T21:48:33.574+0000][6][safepoint    ] Safepoint "Cleanup", Time since last: 1000338721 ns, Reaching safepoint: 460134 ns, At safepoint: 43762 ns, Total: 503896 ns
[2020-08-12T21:48:34.575+0000][6][safepoint    ] Safepoint "Cleanup", Time since last: 1000415970 ns, Reaching safepoint: 584120 ns, At safepoint: 52075 ns, Total: 636195 ns
[2020-08-12T21:48:36.322+0000][6][safepoint    ] Safepoint "Cleanup", Time since last: 1746703379 ns, Reaching safepoint: 442871 ns, At safepoint: 20675 ns, Total: 463546 ns
[2020-08-12T21:48:37.325+0000][6][safepoint    ] Safepoint "Cleanup", Time since last: 1001777183 ns, Reaching safepoint: 839493 ns, At safepoint: 44450 ns, Total: 883943 ns
[2020-08-12T21:48:38.326+0000][6][safepoint    ] Safepoint "Cleanup", Time since last: 1000402370 ns, Reaching safepoint: 567908 ns, At safepoint: 43849 ns, Total: 611757 ns
[2020-08-12T21:48:39.326+0000][6][safepoint    ] Safepoint "Cleanup", Time since last: 1000247210 ns, Reaching safepoint: 547732 ns, At safepoint: 35863 ns, Total: 583595 ns
[2020-08-12T21:48:40.839+0000][6][safepoint    ] Safepoint "Cleanup", Time since last: 1511985014 ns, Reaching safepoint: 951904 ns, At safepoint: 42925 ns, Total: 994829 ns
[2020-08-12T21:48:41.847+0000][6][safepoint    ] Safepoint "Cleanup", Time since last: 1006900677 ns, Reaching safepoint: 825818 ns, At safepoint: 45300 ns, Total: 871118 ns
[2020-08-12T21:48:42.848+0000][6][safepoint    ] Safepoint "Cleanup", Time since last: 1000344545 ns, Reaching safepoint: 791431 ns, At safepoint: 53462 ns, Total: 844893 ns
[2020-08-12T21:48:43.850+0000][6][safepoint    ] Safepoint "Cleanup", Time since last: 1000353533 ns, Reaching safepoint: 837556 ns, At safepoint: 42899 ns, Total: 880455 ns
[2020-08-12T21:48:44.851+0000][6][safepoint    ] Safepoint "Cleanup", Time since last: 1000366708 ns, Reaching safepoint: 784381 ns, At safepoint: 43487 ns, Total: 827868 ns
[2020-08-12T21:48:46.325+0000][6][safepoint    ] Safepoint "Cleanup", Time since last: 1473473232 ns, Reaching safepoint: 563682 ns, At safepoint: 43425 ns, Total: 607107 ns
[2020-08-12T21:48:47.326+0000][6][safepoint    ] Safepoint "Cleanup", Time since last: 1000463182 ns, Reaching safepoint: 686895 ns, At safepoint: 52549 ns, Total: 739444 ns
[2020-08-12T21:48:48.327+0000][6][safepoint    ] Safepoint "Cleanup", Time since last: 1000294896 ns, Reaching safepoint: 717094 ns, At safepoint: 72974 ns, Total: 790068 ns
[2020-08-12T21:48:49.328+0000][6][safepoint    ] Safepoint "Cleanup", Time since last: 1000340459 ns, Reaching safepoint: 768293 ns, At safepoint: 46225 ns, Total: 814518 ns
[2020-08-12T21:48:50.331+0000][6][safepoint    ] Safepoint "Cleanup", Time since last: 1000320271 ns, Reaching safepoint: 2354792 ns, At safepoint: 72950 ns, Total: 2427742 ns
[2020-08-12T21:48:51.332+0000][6][safepoint    ] Safepoint "Cleanup", Time since last: 1000452632 ns, Reaching safepoint: 504983 ns, At safepoint: 25187 ns, Total: 530170 ns
[2020-08-12T21:48:52.333+0000][6][safepoint    ] Safepoint "Cleanup", Time since last: 1000276972 ns, Reaching safepoint: 993166 ns, At safepoint: 131737 ns, Total: 1124903 ns
[2020-08-12T21:48:53.334+0000][6][safepoint    ] Safepoint "Cleanup", Time since last: 1000372970 ns, Reaching safepoint: 562083 ns, At safepoint: 37037 ns, Total: 599120 ns
[2020-08-12T21:48:54.335+0000][6][safepoint    ] Safepoint "Cleanup", Time since last: 1000268959 ns, Reaching safepoint: 661132 ns, At safepoint: 52549 ns, Total: 713681 ns
[2020-08-12T21:48:55.474+0000][6][safepoint    ] Safepoint "Cleanup", Time since last: 1138027892 ns, Reaching safepoint: 343810 ns, At safepoint: 11549 ns, Total: 355359 ns
[2020-08-12T21:48:56.477+0000][6][safepoint    ] Safepoint "Cleanup", Time since last: 1002326279 ns, Reaching safepoint: 602770 ns, At safepoint: 51537 ns, Total: 654307 ns
[2020-08-12T21:48:57.478+0000][6][safepoint    ] Safepoint "Cleanup", Time since last: 1000374608 ns, Reaching safepoint: 586158 ns, At safepoint: 43587 ns, Total: 629745 ns
[2020-08-12T21:48:58.479+0000][6][safepoint    ] Safepoint "Cleanup", Time since last: 1000351758 ns, Reaching safepoint: 605970 ns, At safepoint: 41237 ns, Total: 647207 ns
[2020-08-12T21:48:59.479+0000][6][safepoint    ] Safepoint "Cleanup", Time since last: 1000328496 ns, Reaching safepoint: 388347 ns, At safepoint: 23175 ns, Total: 411522 ns
[2020-08-12T21:49:01.326+0000][6][safepoint    ] Safepoint "Cleanup", Time since last: 1845906004 ns, Reaching safepoint: 778693 ns, At safepoint: 44075 ns, Total: 822768 ns
[2020-08-12T21:49:02.327+0000][6][safepoint    ] Safepoint "Cleanup", Time since last: 1000342896 ns, Reaching safepoint: 775093 ns, At safepoint: 52087 ns, Total: 827180 ns
[2020-08-12T21:49:03.328+0000][6][safepoint    ] Safepoint "Cleanup", Time since last: 1000300934 ns, Reaching safepoint: 749481 ns, At safepoint: 37112 ns, Total: 786593 ns
[2020-08-12T21:49:04.330+0000][6][safepoint    ] Safepoint "Cleanup", Time since last: 1000281109 ns, Reaching safepoint: 886580 ns, At safepoint: 43550 ns, Total: 930130 ns
[2020-08-12T21:49:06.323+0000][6][safepoint    ] Safepoint "Cleanup", Time since last: 1992631198 ns, Reaching safepoint: 796118 ns, At safepoint: 43775 ns, Total: 839893 ns
[2020-08-12T21:49:07.324+0000][6][safepoint    ] Safepoint "Cleanup", Time since last: 1000282583 ns, Reaching safepoint: 770519 ns, At safepoint: 74449 ns, Total: 844968 ns
[2020-08-12T21:49:08.325+0000][6][safepoint    ] Safepoint "Cleanup", Time since last: 1000301484 ns, Reaching safepoint: 670356 ns, At safepoint: 31763 ns, Total: 702119 ns
[2020-08-12T21:49:09.326+0000][6][safepoint    ] Safepoint "Cleanup", Time since last: 1000268359 ns, Reaching safepoint: 573157 ns, At safepoint: 42800 ns, Total: 615957 ns
[2020-08-12T21:49:10.328+0000][6][safepoint    ] Safepoint "Cleanup", Time since last: 1000887891 ns, Reaching safepoint: 683019 ns, At safepoint: 58425 ns, Total: 741444 ns
[2020-08-12T21:49:12.108+0000][6][safepoint    ] Safepoint "Cleanup", Time since last: 1779169214 ns, Reaching safepoint: 592657 ns, At safepoint: 46200 ns, Total: 638857 ns
[2020-08-12T21:49:13.109+0000][6][safepoint    ] Safepoint "Cleanup", Time since last: 1000426132 ns, Reaching safepoint: 775443 ns, At safepoint: 98762 ns, Total: 874205 ns
[2020-08-12T21:49:14.110+0000][6][safepoint    ] Safepoint "Cleanup", Time since last: 1000275346 ns, Reaching safepoint: 378510 ns, At safepoint: 18674 ns, Total: 397184 ns
[2020-08-12T21:49:15.111+0000][6][safepoint    ] Safepoint "Cleanup", Time since last: 1000224435 ns, Reaching safepoint: 729193 ns, At safepoint: 39413 ns, Total: 768606 ns
[2020-08-12T21:49:16.324+0000][6][safepoint    ] Safepoint "Cleanup", Time since last: 1212965187 ns, Reaching safepoint: 699894 ns, At safepoint: 44362 ns, Total: 744256 ns
[2020-08-12T21:49:17.325+0000][6][safepoint    ] Safepoint "Cleanup", Time since last: 1000344809 ns, Reaching safepoint: 778668 ns, At safepoint: 46500 ns, Total: 825168 ns
[2020-08-12T21:49:18.327+0000][6][safepoint    ] Safepoint "Cleanup", Time since last: 1000301571 ns, Reaching safepoint: 723231 ns, At safepoint: 36262 ns, Total: 759493 ns
[2020-08-12T21:49:19.328+0000][6][safepoint    ] Safepoint "Cleanup", Time since last: 1000250022 ns, Reaching safepoint: 707081 ns, At safepoint: 35725 ns, Total: 742806 ns
[2020-08-12T21:49:21.326+0000][6][safepoint    ] Safepoint "Cleanup", Time since last: 1998268750 ns, Reaching safepoint: 409334 ns, At safepoint: 48699 ns, Total: 458033 ns
[2020-08-12T21:49:22.327+0000][6][safepoint    ] Safepoint "Cleanup", Time since last: 1000320596 ns, Reaching safepoint: 786569 ns, At safepoint: 43324 ns, Total: 829893 ns
[2020-08-12T21:49:23.329+0000][6][safepoint    ] Safepoint "Cleanup", Time since last: 1000297921 ns, Reaching safepoint: 796531 ns, At safepoint: 66524 ns, Total: 863055 ns
[2020-08-12T21:49:24.330+0000][6][safepoint    ] Safepoint "Cleanup", Time since last: 1000394708 ns, Reaching safepoint: 807318 ns, At safepoint: 43100 ns, Total: 850418 ns
[2020-08-12T21:49:25.395+0000][6][safepoint    ] Safepoint "Cleanup", Time since last: 1064207349 ns, Reaching safepoint: 713169 ns, At safepoint: 33862 ns, Total: 747031 ns
[2020-08-12T21:49:26.559+0000][6][safepoint    ] Safepoint "Cleanup", Time since last: 1163593585 ns, Reaching safepoint: 713394 ns, At safepoint: 58737 ns, Total: 772131 ns
[2020-08-12T21:49:27.560+0000][6][safepoint    ] Safepoint "Cleanup", Time since last: 1000331796 ns, Reaching safepoint: 667244 ns, At safepoint: 51375 ns, Total: 718619 ns
[2020-08-12T21:49:28.561+0000][6][safepoint    ] Safepoint "Cleanup", Time since last: 1000312658 ns, Reaching safepoint: 403997 ns, At safepoint: 16962 ns, Total: 420959 ns
[2020-08-12T21:49:29.562+0000][6][safepoint    ] Safepoint "Cleanup", Time since last: 1000201672 ns, Reaching safepoint: 535583 ns, At safepoint: 29588 ns, Total: 565171 ns
[2020-08-12T21:49:30.562+0000][6][safepoint    ] Safepoint "Cleanup", Time since last: 1000259884 ns, Reaching safepoint: 506270 ns, At safepoint: 52350 ns, Total: 558620 ns
[2020-08-12T21:49:31.564+0000][6][safepoint    ] Safepoint "Cleanup", Time since last: 1000369595 ns, Reaching safepoint: 974067 ns, At safepoint: 220973 ns, Total: 1195040 ns
[2020-08-12T21:49:32.565+0000][6][safepoint    ] Safepoint "Cleanup", Time since last: 1000351546 ns, Reaching safepoint: 954829 ns, At safepoint: 59962 ns, Total: 1014791 ns
[2020-08-12T21:49:33.569+0000][6][safepoint    ] Safepoint "Cleanup", Time since last: 1000288459 ns, Reaching safepoint: 3202535 ns, At safepoint: 40062 ns, Total: 3242597 ns
[2020-08-12T21:49:34.570+0000][6][safepoint    ] Safepoint "Cleanup", Time since last: 1000227847 ns, Reaching safepoint: 488533 ns, At safepoint: 52775 ns, Total: 541308 ns
[2020-08-12T21:49:36.324+0000][6][safepoint    ] Safepoint "Cleanup", Time since last: 1753983392 ns, Reaching safepoint: 533295 ns, At safepoint: 46062 ns, Total: 579357 ns
[2020-08-12T21:49:37.325+0000][6][safepoint    ] Safepoint "Cleanup", Time since last: 1000308359 ns, Reaching safepoint: 773168 ns, At safepoint: 39962 ns, Total: 813130 ns
[2020-08-12T21:49:38.327+0000][6][safepoint    ] Safepoint "Cleanup", Time since last: 1000315234 ns, Reaching safepoint: 1045803 ns, At safepoint: 55975 ns, Total: 1101778 ns
[2020-08-12T21:49:39.328+0000][6][safepoint    ] Safepoint "Cleanup", Time since last: 1000559294 ns, Reaching safepoint: 918942 ns, At safepoint: 43425 ns, Total: 962367 ns
[2020-08-12T21:49:41.328+0000][6][safepoint    ] Safepoint "Cleanup", Time since last: 1998920119 ns, Reaching safepoint: 747369 ns, At safepoint: 38224 ns, Total: 785593 ns
[2020-08-12T21:49:42.329+0000][6][safepoint    ] Safepoint "Cleanup", Time since last: 1000320246 ns, Reaching safepoint: 843793 ns, At safepoint: 43087 ns, Total: 886880 ns
[2020-08-12T21:49:43.331+0000][6][safepoint    ] Safepoint "Cleanup", Time since last: 1000341021 ns, Reaching safepoint: 1058328 ns, At safepoint: 63275 ns, Total: 1121603 ns
[2020-08-12T21:49:44.332+0000][6][safepoint    ] Safepoint "Cleanup", Time since last: 1000413258 ns, Reaching safepoint: 889517 ns, At safepoint: 46025 ns, Total: 935542 ns
[2020-08-12T21:49:45.329+0000][6][safepoint    ] Safepoint "BulkRevokeBias", Time since last: 992095791 ns, Reaching safepoint: 3451458 ns, At safepoint: 1165540 ns, Total: 4616998 ns
[2020-08-12T21:49:46.330+0000][6][safepoint    ] Safepoint "Cleanup", Time since last: 1000276271 ns, Reaching safepoint: 789819 ns, At safepoint: 90449 ns, Total: 880268 ns
[2020-08-12T21:49:47.331+0000][6][safepoint    ] Safepoint "Cleanup", Time since last: 1000345658 ns, Reaching safepoint: 820630 ns, At safepoint: 56437 ns, Total: 877067 ns
[2020-08-12T21:49:48.332+0000][6][safepoint    ] Safepoint "Cleanup", Time since last: 1000340771 ns, Reaching safepoint: 702619 ns, At safepoint: 40637 ns, Total: 743256 ns
[2020-08-12T21:49:49.333+0000][6][safepoint    ] Safepoint "Cleanup", Time since last: 1000285734 ns, Reaching safepoint: 759969 ns, At safepoint: 43487 ns, Total: 803456 ns
[2020-08-12T21:49:50.335+0000][6][safepoint    ] Safepoint "Cleanup", Time since last: 1000335258 ns, Reaching safepoint: 875230 ns, At safepoint: 44925 ns, Total: 920155 ns
[2020-08-12T21:49:51.336+0000][6][safepoint    ] Safepoint "Cleanup", Time since last: 1000624418 ns, Reaching safepoint: 786556 ns, At safepoint: 45487 ns, Total: 832043 ns
[2020-08-12T21:49:52.337+0000][6][safepoint    ] Safepoint "Cleanup", Time since last: 1000367933 ns, Reaching safepoint: 707044 ns, At safepoint: 50637 ns, Total: 757681 ns
[2020-08-12T21:49:53.338+0000][6][safepoint    ] Safepoint "Cleanup", Time since last: 1000367371 ns, Reaching safepoint: 726019 ns, At safepoint: 56424 ns, Total: 782443 ns
[2020-08-12T21:49:54.339+0000][6][safepoint    ] Safepoint "Cleanup", Time since last: 1000335508 ns, Reaching safepoint: 699195 ns, At safepoint: 53262 ns, Total: 752457 ns
[2020-08-12T21:49:55.348+0000][6][safepoint    ] Safepoint "BulkRevokeBias", Time since last: 987481681 ns, Reaching safepoint: 15437105 ns, At safepoint: 5270730 ns, Total: 20707835 ns
[2020-08-12T21:49:56.638+0000][6][safepoint    ] Safepoint "Cleanup", Time since last: 1289512107 ns, Reaching safepoint: 600732 ns, At safepoint: 51850 ns, Total: 652582 ns
[2020-08-12T21:49:57.639+0000][6][safepoint    ] Safepoint "Cleanup", Time since last: 1000386045 ns, Reaching safepoint: 561395 ns, At safepoint: 43437 ns, Total: 604832 ns
[2020-08-12T21:49:58.640+0000][6][safepoint    ] Safepoint "Cleanup", Time since last: 1000445320 ns, Reaching safepoint: 449196 ns, At safepoint: 43338 ns, Total: 492534 ns
[2020-08-12T21:49:59.641+0000][6][safepoint    ] Safepoint "Cleanup", Time since last: 1000390345 ns, Reaching safepoint: 590882 ns, At safepoint: 85525 ns, Total: 676407 ns
[2020-08-12T21:50:01.329+0000][6][safepoint    ] Safepoint "Cleanup", Time since last: 1687928145 ns, Reaching safepoint: 489458 ns, At safepoint: 53524 ns, Total: 542982 ns
[2020-08-12T21:50:02.330+0000][6][safepoint    ] Safepoint "Cleanup", Time since last: 1000303847 ns, Reaching safepoint: 461033 ns, At safepoint: 23387 ns, Total: 484420 ns
[2020-08-12T21:50:03.331+0000][6][safepoint    ] Safepoint "Cleanup", Time since last: 1000243547 ns, Reaching safepoint: 827968 ns, At safepoint: 73862 ns, Total: 901830 ns
[2020-08-12T21:50:04.332+0000][6][safepoint    ] Safepoint "Cleanup", Time since last: 1000353446 ns, Reaching safepoint: 818718 ns, At safepoint: 57237 ns, Total: 875955 ns
[2020-08-12T21:50:05.372+0000][6][safepoint    ] Safepoint "Cleanup", Time since last: 1039440611 ns, Reaching safepoint: 486483 ns, At safepoint: 22712 ns, Total: 509195 ns
[2020-08-12T21:50:06.373+0000][6][safepoint    ] Safepoint "Cleanup", Time since last: 1000437558 ns, Reaching safepoint: 634469 ns, At safepoint: 42587 ns, Total: 677056 ns
[2020-08-12T21:50:07.374+0000][6][safepoint    ] Safepoint "Cleanup", Time since last: 1000305172 ns, Reaching safepoint: 347322 ns, At safepoint: 24537 ns, Total: 371859 ns
[2020-08-12T21:50:08.375+0000][6][safepoint    ] Safepoint "Cleanup", Time since last: 1000265909 ns, Reaching safepoint: 696769 ns, At safepoint: 54412 ns, Total: 751181 ns
[2020-08-12T21:50:09.376+0000][6][safepoint    ] Safepoint "Cleanup", Time since last: 1000341584 ns, Reaching safepoint: 590219 ns, At safepoint: 43013 ns, Total: 633232 ns
[2020-08-12T21:50:10.377+0000][6][safepoint    ] Safepoint "Cleanup", Time since last: 1000323058 ns, Reaching safepoint: 481046 ns, At safepoint: 34750 ns, Total: 515796 ns
[2020-08-12T21:50:11.378+0000][6][safepoint    ] Safepoint "Cleanup", Time since last: 1000330195 ns, Reaching safepoint: 730332 ns, At safepoint: 54112 ns, Total: 784444 ns
[2020-08-12T21:50:12.379+0000][6][safepoint    ] Safepoint "Cleanup", Time since last: 1000322671 ns, Reaching safepoint: 567182 ns, At safepoint: 52587 ns, Total: 619769 ns
[2020-08-12T21:50:13.381+0000][6][safepoint    ] Safepoint "Cleanup", Time since last: 1000333859 ns, Reaching safepoint: 1033391 ns, At safepoint: 121099 ns, Total: 1154490 ns
[2020-08-12T21:50:14.382+0000][6][safepoint    ] Safepoint "Cleanup", Time since last: 1000342571 ns, Reaching safepoint: 881604 ns, At safepoint: 42838 ns, Total: 924442 ns
[2020-08-12T21:50:16.331+0000][6][safepoint    ] Safepoint "Cleanup", Time since last: 1949035134 ns, Reaching safepoint: 445621 ns, At safepoint: 23850 ns, Total: 469471 ns
[2020-08-12T21:50:17.332+0000][6][safepoint    ] Safepoint "Cleanup", Time since last: 1000284146 ns, Reaching safepoint: 665307 ns, At safepoint: 44149 ns, Total: 709456 ns
[2020-08-12T21:50:18.333+0000][6][safepoint    ] Safepoint "Cleanup", Time since last: 1000305096 ns, Reaching safepoint: 811693 ns, At safepoint: 48763 ns, Total: 860456 ns
[2020-08-12T21:50:19.334+0000][6][safepoint    ] Safepoint "Cleanup", Time since last: 1000266359 ns, Reaching safepoint: 505958 ns, At safepoint: 32362 ns, Total: 538320 ns
[2020-08-12T21:50:21.330+0000][6][safepoint    ] Safepoint "Cleanup", Time since last: 1995556410 ns, Reaching safepoint: 422259 ns, At safepoint: 16288 ns, Total: 438547 ns
[2020-08-12T21:50:22.331+0000][6][safepoint    ] Safepoint "Cleanup", Time since last: 1000239559 ns, Reaching safepoint: 716331 ns, At safepoint: 52775 ns, Total: 769106 ns
[2020-08-12T21:50:23.332+0000][6][safepoint    ] Safepoint "Cleanup", Time since last: 1000377695 ns, Reaching safepoint: 710319 ns, At safepoint: 46487 ns, Total: 756806 ns
[2020-08-12T21:50:24.333+0000][6][safepoint    ] Safepoint "Cleanup", Time since last: 1000285859 ns, Reaching safepoint: 650982 ns, At safepoint: 43725 ns, Total: 694707 ns
[2020-08-12T21:50:25.335+0000][6][safepoint    ] Safepoint "Cleanup", Time since last: 1000547994 ns, Reaching safepoint: 721006 ns, At safepoint: 30137 ns, Total: 751143 ns
[2020-08-12T21:50:26.604+0000][6][safepoint    ] Safepoint "Cleanup", Time since last: 1268109890 ns, Reaching safepoint: 838268 ns, At safepoint: 44050 ns, Total: 882318 ns
[2020-08-12T21:50:27.605+0000][6][safepoint    ] Safepoint "Cleanup", Time since last: 1000472907 ns, Reaching safepoint: 621945 ns, At safepoint: 45262 ns, Total: 667207 ns
[2020-08-12T21:50:28.606+0000][6][safepoint    ] Safepoint "Cleanup", Time since last: 1000401620 ns, Reaching safepoint: 659220 ns, At safepoint: 56474 ns, Total: 715694 ns
[2020-08-12T21:50:29.607+0000][6][safepoint    ] Safepoint "Cleanup", Time since last: 1000275672 ns, Reaching safepoint: 634082 ns, At safepoint: 108299 ns, Total: 742381 ns
[2020-08-12T21:50:30.608+0000][6][safepoint    ] Safepoint "Cleanup", Time since last: 1000348845 ns, Reaching safepoint: 578483 ns, At safepoint: 155711 ns, Total: 734194 ns
[2020-08-12T21:50:31.609+0000][6][safepoint    ] Safepoint "Cleanup", Time since last: 1000339484 ns, Reaching safepoint: 847555 ns, At safepoint: 47599 ns, Total: 895154 ns
[2020-08-12T21:50:32.610+0000][6][safepoint    ] Safepoint "Cleanup", Time since last: 1000349584 ns, Reaching safepoint: 677657 ns, At safepoint: 53012 ns, Total: 730669 ns
[2020-08-12T21:50:33.611+0000][6][safepoint    ] Safepoint "Cleanup", Time since last: 1000286546 ns, Reaching safepoint: 497045 ns, At safepoint: 17538 ns, Total: 514583 ns
[2020-08-12T21:50:34.612+0000][6][safepoint    ] Safepoint "Cleanup", Time since last: 1000216647 ns, Reaching safepoint: 821218 ns, At safepoint: 57062 ns, Total: 878280 ns
[2020-08-12T21:50:36.329+0000][6][safepoint    ] Safepoint "Cleanup", Time since last: 1715948005 ns, Reaching safepoint: 762168 ns, At safepoint: 30775 ns, Total: 792943 ns
[2020-08-12T21:50:37.330+0000][6][safepoint    ] Safepoint "Cleanup", Time since last: 1000179934 ns, Reaching safepoint: 532408 ns, At safepoint: 24488 ns, Total: 556896 ns
[2020-08-12T21:50:38.331+0000][6][safepoint    ] Safepoint "Cleanup", Time since last: 1000568106 ns, Reaching safepoint: 727844 ns, At safepoint: 52024 ns, Total: 779868 ns
[2020-08-12T21:50:39.332+0000][6][safepoint    ] Safepoint "Cleanup", Time since last: 1000306309 ns, Reaching safepoint: 1085228 ns, At safepoint: 48137 ns, Total: 1133365 ns
[2020-08-12T21:50:41.333+0000][6][safepoint    ] Safepoint "Cleanup", Time since last: 1999771350 ns, Reaching safepoint: 508846 ns, At safepoint: 43037 ns, Total: 551883 ns
[2020-08-12T21:50:42.334+0000][6][safepoint    ] Safepoint "Cleanup", Time since last: 1000406670 ns, Reaching safepoint: 450646 ns, At safepoint: 21562 ns, Total: 472208 ns
[2020-08-12T21:50:43.335+0000][6][safepoint    ] Safepoint "Cleanup", Time since last: 1000240322 ns, Reaching safepoint: 833393 ns, At safepoint: 57874 ns, Total: 891267 ns
[2020-08-12T21:50:44.336+0000][6][safepoint    ] Safepoint "Cleanup", Time since last: 1000349371 ns, Reaching safepoint: 578858 ns, At safepoint: 44449 ns, Total: 623307 ns
[2020-08-12T21:50:46.330+0000][6][safepoint    ] Safepoint "Cleanup", Time since last: 1994139185 ns, Reaching safepoint: 426847 ns, At safepoint: 28449 ns, Total: 455296 ns
[2020-08-12T21:50:47.331+0000][6][safepoint    ] Safepoint "Cleanup", Time since last: 1000274784 ns, Reaching safepoint: 628657 ns, At safepoint: 45813 ns, Total: 674470 ns
[2020-08-12T21:50:48.334+0000][6][safepoint    ] Safepoint "Cleanup", Time since last: 1000428082 ns, Reaching safepoint: 2527041 ns, At safepoint: 69299 ns, Total: 2596340 ns
[2020-08-12T21:50:49.335+0000][6][safepoint    ] Safepoint "Cleanup", Time since last: 1000338846 ns, Reaching safepoint: 629470 ns, At safepoint: 50475 ns, Total: 679945 ns
[2020-08-12T21:50:50.336+0000][6][safepoint    ] Safepoint "Cleanup", Time since last: 1000350333 ns, Reaching safepoint: 491833 ns, At safepoint: 30825 ns, Total: 522658 ns
[2020-08-12T21:50:51.337+0000][6][safepoint    ] Safepoint "Cleanup", Time since last: 1000222647 ns, Reaching safepoint: 298985 ns, At safepoint: 18037 ns, Total: 317022 ns
[2020-08-12T21:50:52.338+0000][6][safepoint    ] Safepoint "Cleanup", Time since last: 1000271446 ns, Reaching safepoint: 869755 ns, At safepoint: 46112 ns, Total: 915867 ns
[2020-08-12T21:50:53.339+0000][6][safepoint    ] Safepoint "Cleanup", Time since last: 1000426508 ns, Reaching safepoint: 868005 ns, At safepoint: 42762 ns, Total: 910767 ns
[2020-08-12T21:50:54.340+0000][6][safepoint    ] Safepoint "Cleanup", Time since last: 1000296784 ns, Reaching safepoint: 836480 ns, At safepoint: 42975 ns, Total: 879455 ns
[2020-08-12T21:50:55.351+0000][6][safepoint    ] Safepoint "Cleanup", Time since last: 1010402722 ns, Reaching safepoint: 476008 ns, At safepoint: 21275 ns, Total: 497283 ns
[2020-08-12T21:50:56.512+0000][6][safepoint    ] Safepoint "Cleanup", Time since last: 1159834018 ns, Reaching safepoint: 426646 ns, At safepoint: 21300 ns, Total: 447946 ns
[2020-08-12T21:50:57.513+0000][6][safepoint    ] Safepoint "Cleanup", Time since last: 1000262209 ns, Reaching safepoint: 1149728 ns, At safepoint: 67336 ns, Total: 1217064 ns
[2020-08-12T21:50:58.514+0000][6][safepoint    ] Safepoint "Cleanup", Time since last: 1000318747 ns, Reaching safepoint: 634882 ns, At safepoint: 43174 ns, Total: 678056 ns
[2020-08-12T21:50:59.515+0000][6][safepoint    ] Safepoint "Cleanup", Time since last: 1000305371 ns, Reaching safepoint: 645807 ns, At safepoint: 43225 ns, Total: 689032 ns
[2020-08-12T21:51:01.333+0000][6][safepoint    ] Safepoint "Cleanup", Time since last: 1817531735 ns, Reaching safepoint: 487071 ns, At safepoint: 43462 ns, Total: 530533 ns
[2020-08-12T21:51:02.334+0000][6][safepoint    ] Safepoint "Cleanup", Time since last: 1000379533 ns, Reaching safepoint: 767756 ns, At safepoint: 47562 ns, Total: 815318 ns
[2020-08-12T21:51:03.336+0000][6][safepoint    ] Safepoint "Cleanup", Time since last: 1000311471 ns, Reaching safepoint: 1003629 ns, At safepoint: 72662 ns, Total: 1076291 ns
[2020-08-12T21:51:04.337+0000][6][safepoint    ] Safepoint "Cleanup", Time since last: 1000460445 ns, Reaching safepoint: 571795 ns, At safepoint: 143636 ns, Total: 715431 ns
[2020-08-12T21:51:06.146+0000][6][safepoint    ] Safepoint "Cleanup", Time since last: 1809083207 ns, Reaching safepoint: 376360 ns, At safepoint: 12075 ns, Total: 388435 ns
[2020-08-12T21:51:07.152+0000][6][safepoint    ] Safepoint "Cleanup", Time since last: 1004817095 ns, Reaching safepoint: 775368 ns, At safepoint: 72762 ns, Total: 848130 ns
[2020-08-12T21:51:08.445+0000][6][safepoint    ] Safepoint "Cleanup", Time since last: 1291990148 ns, Reaching safepoint: 655707 ns, At safepoint: 58187 ns, Total: 713894 ns
[2020-08-12T21:51:09.446+0000][6][safepoint    ] Safepoint "Cleanup", Time since last: 1000365208 ns, Reaching safepoint: 558308 ns, At safepoint: 43537 ns, Total: 601845 ns
[2020-08-12T21:51:10.447+0000][6][safepoint    ] Safepoint "Cleanup", Time since last: 1000442582 ns, Reaching safepoint: 617908 ns, At safepoint: 157373 ns, Total: 775281 ns
[2020-08-12T21:51:11.448+0000][6][safepoint    ] Safepoint "Cleanup", Time since last: 1000309996 ns, Reaching safepoint: 466996 ns, At safepoint: 55012 ns, Total: 522008 ns
[2020-08-12T21:51:12.449+0000][6][safepoint    ] Safepoint "Cleanup", Time since last: 1000356934 ns, Reaching safepoint: 329734 ns, At safepoint: 12188 ns, Total: 341922 ns
[2020-08-12T21:51:13.450+0000][6][safepoint    ] Safepoint "Cleanup", Time since last: 1000228421 ns, Reaching safepoint: 763156 ns, At safepoint: 54500 ns, Total: 817656 ns
[2020-08-12T21:51:14.451+0000][6][safepoint    ] Safepoint "Cleanup", Time since last: 1000418895 ns, Reaching safepoint: 780318 ns, At safepoint: 43388 ns, Total: 823706 ns
[2020-08-12T21:51:16.355+0000][6][safepoint    ] Safepoint "Cleanup", Time since last: 1903676234 ns, Reaching safepoint: 687345 ns, At safepoint: 44587 ns, Total: 731932 ns
[2020-08-12T21:51:17.356+0000][6][safepoint    ] Safepoint "Cleanup", Time since last: 1000333196 ns, Reaching safepoint: 677569 ns, At safepoint: 51212 ns, Total: 728781 ns
[2020-08-12T21:51:18.357+0000][6][safepoint    ] Safepoint "Cleanup", Time since last: 1000311196 ns, Reaching safepoint: 740031 ns, At safepoint: 38950 ns, Total: 778981 ns
[2020-08-12T21:51:19.358+0000][6][safepoint    ] Safepoint "Cleanup", Time since last: 1000265984 ns, Reaching safepoint: 536570 ns, At safepoint: 35000 ns, Total: 571570 ns
[2020-08-12T21:51:21.335+0000][6][safepoint    ] Safepoint "Cleanup", Time since last: 1976249238 ns, Reaching safepoint: 440496 ns, At safepoint: 25938 ns, Total: 466434 ns
[2020-08-12T21:51:22.336+0000][6][safepoint    ] Safepoint "Cleanup", Time since last: 1000229996 ns, Reaching safepoint: 457984 ns, At safepoint: 54550 ns, Total: 512534 ns
[2020-08-12T21:51:23.337+0000][6][safepoint    ] Safepoint "Cleanup", Time since last: 1000437707 ns, Reaching safepoint: 709869 ns, At safepoint: 107824 ns, Total: 817693 ns
[2020-08-12T21:51:24.338+0000][6][safepoint    ] Safepoint "Cleanup", Time since last: 1000344346 ns, Reaching safepoint: 589782 ns, At safepoint: 113112 ns, Total: 702894 ns
[2020-08-12T21:51:25.401+0000][6][safepoint    ] Safepoint "BulkRevokeBias", Time since last: 1060792890 ns, Reaching safepoint: 447734 ns, At safepoint: 1431488 ns, Total: 1879222 ns
[2020-08-12T21:51:26.571+0000][6][safepoint    ] Safepoint "Cleanup", Time since last: 1169307549 ns, Reaching safepoint: 832980 ns, At safepoint: 42637 ns, Total: 875617 ns
[2020-08-12T21:51:27.572+0000][6][safepoint    ] Safepoint "Cleanup", Time since last: 1000397046 ns, Reaching safepoint: 812630 ns, At safepoint: 43662 ns, Total: 856292 ns
[2020-08-12T21:51:28.573+0000][6][safepoint    ] Safepoint "Cleanup", Time since last: 1000286559 ns, Reaching safepoint: 630995 ns, At safepoint: 76736 ns, Total: 707731 ns
[2020-08-12T21:51:29.574+0000][6][safepoint    ] Safepoint "Cleanup", Time since last: 1000338371 ns, Reaching safepoint: 660120 ns, At safepoint: 44162 ns, Total: 704282 ns
[2020-08-12T21:51:30.575+0000][6][safepoint    ] Safepoint "Cleanup", Time since last: 1000340071 ns, Reaching safepoint: 668894 ns, At safepoint: 44049 ns, Total: 712943 ns
[2020-08-12T21:51:31.576+0000][6][safepoint    ] Safepoint "Cleanup", Time since last: 1000350546 ns, Reaching safepoint: 635370 ns, At safepoint: 43362 ns, Total: 678732 ns
[2020-08-12T21:51:32.577+0000][6][safepoint    ] Safepoint "Cleanup", Time since last: 1000342608 ns, Reaching safepoint: 625882 ns, At safepoint: 46887 ns, Total: 672769 ns
[2020-08-12T21:51:33.579+0000][6][safepoint    ] Safepoint "Cleanup", Time since last: 1000695093 ns, Reaching safepoint: 1348601 ns, At safepoint: 21950 ns, Total: 1370551 ns
[2020-08-12T21:51:34.580+0000][6][safepoint    ] Safepoint "Cleanup", Time since last: 1000225522 ns, Reaching safepoint: 901592 ns, At safepoint: 43450 ns, Total: 945042 ns
[2020-08-12T21:51:36.334+0000][6][safepoint    ] Safepoint "Cleanup", Time since last: 1753000450 ns, Reaching safepoint: 676057 ns, At safepoint: 53424 ns, Total: 729481 ns
[2020-08-12T21:51:37.338+0000][6][safepoint    ] Safepoint "Cleanup", Time since last: 1003900853 ns, Reaching safepoint: 365522 ns, At safepoint: 34725 ns, Total: 400247 ns
[2020-08-12T21:51:38.340+0000][6][safepoint    ] Safepoint "Cleanup", Time since last: 1000248871 ns, Reaching safepoint: 1256014 ns, At safepoint: 63712 ns, Total: 1319726 ns
[2020-08-12T21:51:39.341+0000][6][safepoint    ] Safepoint "Cleanup", Time since last: 1000448595 ns, Reaching safepoint: 848956 ns, At safepoint: 42637 ns, Total: 891593 ns
[2020-08-12T21:51:41.338+0000][6][safepoint    ] Safepoint "Cleanup", Time since last: 1996332304 ns, Reaching safepoint: 455971 ns, At safepoint: 55524 ns, Total: 511495 ns
[2020-08-12T21:51:42.340+0000][6][safepoint    ] Safepoint "Cleanup", Time since last: 1000341184 ns, Reaching safepoint: 881267 ns, At safepoint: 44187 ns, Total: 925454 ns
[2020-08-12T21:51:43.341+0000][6][safepoint    ] Safepoint "Cleanup", Time since last: 1000402695 ns, Reaching safepoint: 1247715 ns, At safepoint: 60187 ns, Total: 1307902 ns
[2020-08-12T21:51:44.342+0000][6][safepoint    ] Safepoint "Cleanup", Time since last: 1000350195 ns, Reaching safepoint: 689570 ns, At safepoint: 71186 ns, Total: 760756 ns
[2020-08-12T21:51:46.338+0000][6][safepoint    ] Safepoint "Cleanup", Time since last: 1994822605 ns, Reaching safepoint: 354497 ns, At safepoint: 17862 ns, Total: 372359 ns
[2020-08-12T21:51:47.339+0000][6][safepoint    ] Safepoint "Cleanup", Time since last: 1000239759 ns, Reaching safepoint: 864680 ns, At safepoint: 43437 ns, Total: 908117 ns
[2020-08-12T21:51:48.340+0000][6][safepoint    ] Safepoint "Cleanup", Time since last: 1000358396 ns, Reaching safepoint: 1223515 ns, At safepoint: 50562 ns, Total: 1274077 ns
[2020-08-12T21:51:49.341+0000][6][safepoint    ] Safepoint "Cleanup", Time since last: 1000332271 ns, Reaching safepoint: 599132 ns, At safepoint: 29825 ns, Total: 628957 ns
[2020-08-12T21:51:50.343+0000][6][safepoint    ] Safepoint "Cleanup", Time since last: 1000277546 ns, Reaching safepoint: 971617 ns, At safepoint: 58712 ns, Total: 1030329 ns
[2020-08-12T21:51:51.343+0000][6][safepoint    ] Safepoint "Cleanup", Time since last: 1000263059 ns, Reaching safepoint: 397409 ns, At safepoint: 20837 ns, Total: 418246 ns
[2020-08-12T21:51:52.344+0000][6][safepoint    ] Safepoint "Cleanup", Time since last: 1000248572 ns, Reaching safepoint: 661644 ns, At safepoint: 43962 ns, Total: 705606 ns
[2020-08-12T21:51:53.345+0000][6][safepoint    ] Safepoint "Cleanup", Time since last: 1000305346 ns, Reaching safepoint: 777469 ns, At safepoint: 42137 ns, Total: 819606 ns
[2020-08-12T21:51:54.346+0000][6][safepoint    ] Safepoint "Cleanup", Time since last: 1000264759 ns, Reaching safepoint: 550433 ns, At safepoint: 35349 ns, Total: 585782 ns
[2020-08-12T21:51:55.339+0000][6][safepoint    ] Safepoint "BulkRevokeBias", Time since last: 990961639 ns, Reaching safepoint: 414546 ns, At safepoint: 1302939 ns, Total: 1717485 ns
[2020-08-12T21:51:56.481+0000][6][safepoint    ] Safepoint "Cleanup", Time since last: 1141271377 ns, Reaching safepoint: 628782 ns, At safepoint: 52799 ns, Total: 681581 ns
[2020-08-12T21:51:57.482+0000][6][safepoint    ] Safepoint "Cleanup", Time since last: 1000409158 ns, Reaching safepoint: 925205 ns, At safepoint: 43837 ns, Total: 969042 ns
[2020-08-12T21:51:58.483+0000][6][safepoint    ] Safepoint "Cleanup", Time since last: 1000321258 ns, Reaching safepoint: 865668 ns, At safepoint: 42650 ns, Total: 908318 ns
[2020-08-12T21:51:59.485+0000][6][safepoint    ] Safepoint "Cleanup", Time since last: 1000301971 ns, Reaching safepoint: 894817 ns, At safepoint: 43450 ns, Total: 938267 ns
[2020-08-12T21:52:01.341+0000][6][safepoint    ] Safepoint "Cleanup", Time since last: 1855796020 ns, Reaching safepoint: 385159 ns, At safepoint: 44799 ns, Total: 429958 ns
[2020-08-12T21:52:02.342+0000][6][safepoint    ] Safepoint "Cleanup", Time since last: 1000254997 ns, Reaching safepoint: 920392 ns, At safepoint: 45687 ns, Total: 966079 ns
[2020-08-12T21:52:03.344+0000][6][safepoint    ] Safepoint "Cleanup", Time since last: 1000319521 ns, Reaching safepoint: 1208315 ns, At safepoint: 50262 ns, Total: 1258577 ns
[2020-08-12T21:52:04.345+0000][6][safepoint    ] Safepoint "Cleanup", Time since last: 1000285834 ns, Reaching safepoint: 519483 ns, At safepoint: 26849 ns, Total: 546332 ns
[2020-08-12T21:52:06.339+0000][6][safepoint    ] Safepoint "Cleanup", Time since last: 1993272418 ns, Reaching safepoint: 876118 ns, At safepoint: 44312 ns, Total: 920430 ns
[2020-08-12T21:52:07.340+0000][6][safepoint    ] Safepoint "Cleanup", Time since last: 1000326071 ns, Reaching safepoint: 645194 ns, At safepoint: 73712 ns, Total: 718906 ns
[2020-08-12T21:52:08.341+0000][6][safepoint    ] Safepoint "Cleanup", Time since last: 1000376996 ns, Reaching safepoint: 992366 ns, At safepoint: 53312 ns, Total: 1045678 ns
[2020-08-12T21:52:09.342+0000][6][safepoint    ] Safepoint "Cleanup", Time since last: 1000318096 ns, Reaching safepoint: 583295 ns, At safepoint: 43750 ns, Total: 627045 ns
[2020-08-12T21:52:10.345+0000][6][safepoint    ] Safepoint "Cleanup", Time since last: 1001987707 ns, Reaching safepoint: 546545 ns, At safepoint: 38662 ns, Total: 585207 ns
[2020-08-12T21:52:11.345+0000][6][safepoint    ] Safepoint "Cleanup", Time since last: 1000332946 ns, Reaching safepoint: 448709 ns, At safepoint: 23012 ns, Total: 471721 ns
[2020-08-12T21:52:12.347+0000][6][safepoint    ] Safepoint "Cleanup", Time since last: 1000273446 ns, Reaching safepoint: 877030 ns, At safepoint: 44062 ns, Total: 921092 ns
[2020-08-12T21:52:13.348+0000][6][safepoint    ] Safepoint "Cleanup", Time since last: 1000383046 ns, Reaching safepoint: 1149227 ns, At safepoint: 64025 ns, Total: 1213252 ns
[2020-08-12T21:52:14.349+0000][6][safepoint    ] Safepoint "Cleanup", Time since last: 1000429995 ns, Reaching safepoint: 673007 ns, At safepoint: 46662 ns, Total: 719669 ns
[2020-08-12T21:52:16.341+0000][6][safepoint    ] Safepoint "Cleanup", Time since last: 1991306459 ns, Reaching safepoint: 399097 ns, At safepoint: 25062 ns, Total: 424159 ns
[2020-08-12T21:52:17.342+0000][6][safepoint    ] Safepoint "Cleanup", Time since last: 1000265884 ns, Reaching safepoint: 631782 ns, At safepoint: 67850 ns, Total: 699632 ns
[2020-08-12T21:52:18.344+0000][6][safepoint    ] Safepoint "Cleanup", Time since last: 1000337283 ns, Reaching safepoint: 1193015 ns, At safepoint: 68874 ns, Total: 1261889 ns
[2020-08-12T21:52:19.345+0000][6][safepoint    ] Safepoint "Cleanup", Time since last: 1000558207 ns, Reaching safepoint: 975229 ns, At safepoint: 42900 ns, Total: 1018129 ns
[2020-08-12T21:52:21.343+0000][6][safepoint    ] Safepoint "Cleanup", Time since last: 1996922748 ns, Reaching safepoint: 422497 ns, At safepoint: 21799 ns, Total: 444296 ns
[2020-08-12T21:52:22.344+0000][6][safepoint    ] Safepoint "Cleanup", Time since last: 1000272672 ns, Reaching safepoint: 783806 ns, At safepoint: 42524 ns, Total: 826330 ns
[2020-08-12T21:52:23.345+0000][6][safepoint    ] Safepoint "Cleanup", Time since last: 1000430133 ns, Reaching safepoint: 1073203 ns, At safepoint: 73899 ns, Total: 1147102 ns
[2020-08-12T21:52:24.346+0000][6][safepoint    ] Safepoint "Cleanup", Time since last: 1000344859 ns, Reaching safepoint: 611895 ns, At safepoint: 43224 ns, Total: 655119 ns
[2020-08-12T21:52:25.820+0000][6][safepoint    ] Safepoint "Cleanup", Time since last: 1473139435 ns, Reaching safepoint: 564995 ns, At safepoint: 54612 ns, Total: 619607 ns
[2020-08-12T21:52:26.831+0000][6][safepoint    ] Safepoint "Cleanup", Time since last: 1010326198 ns, Reaching safepoint: 638682 ns, At safepoint: 44662 ns, Total: 683344 ns
[2020-08-12T21:52:27.832+0000][6][safepoint    ] Safepoint "Cleanup", Time since last: 1000345896 ns, Reaching safepoint: 681306 ns, At safepoint: 51175 ns, Total: 732481 ns
[2020-08-12T21:52:28.833+0000][6][safepoint    ] Safepoint "Cleanup", Time since last: 1000372633 ns, Reaching safepoint: 481408 ns, At safepoint: 43787 ns, Total: 525195 ns
[2020-08-12T21:52:29.834+0000][6][safepoint    ] Safepoint "Cleanup", Time since last: 1000335696 ns, Reaching safepoint: 614232 ns, At safepoint: 43050 ns, Total: 657282 ns
[2020-08-12T21:52:31.733+0000][6][safepoint    ] Safepoint "Cleanup", Time since last: 1898269656 ns, Reaching safepoint: 734106 ns, At safepoint: 46550 ns, Total: 780656 ns
[2020-08-12T21:52:32.734+0000][6][safepoint    ] Safepoint "Cleanup", Time since last: 1000341283 ns, Reaching safepoint: 663332 ns, At safepoint: 44812 ns, Total: 708144 ns
[2020-08-12T21:52:33.735+0000][6][safepoint    ] Safepoint "Cleanup", Time since last: 1000342796 ns, Reaching safepoint: 535533 ns, At safepoint: 43037 ns, Total: 578570 ns
[2020-08-12T21:52:34.736+0000][6][safepoint    ] Safepoint "Cleanup", Time since last: 1000330134 ns, Reaching safepoint: 749556 ns, At safepoint: 57687 ns, Total: 807243 ns
[2020-08-12T21:52:35.342+0000][6][safepoint    ] Safepoint "BulkRevokeBias", Time since last: 604130263 ns, Reaching safepoint: 320773 ns, At safepoint: 994104 ns, Total: 1314877 ns
[2020-08-12T21:52:36.343+0000][6][safepoint    ] Safepoint "Cleanup", Time since last: 1000606781 ns, Reaching safepoint: 461746 ns, At safepoint: 43550 ns, Total: 505296 ns
[2020-08-12T21:52:37.344+0000][6][safepoint    ] Safepoint "Cleanup", Time since last: 1000335370 ns, Reaching safepoint: 314935 ns, At safepoint: 54562 ns, Total: 369497 ns
[2020-08-12T21:52:38.345+0000][6][safepoint    ] Safepoint "Cleanup", Time since last: 1000321709 ns, Reaching safepoint: 984266 ns, At safepoint: 84650 ns, Total: 1068916 ns
[2020-08-12T21:52:39.346+0000][6][safepoint    ] Safepoint "Cleanup", Time since last: 1000297508 ns, Reaching safepoint: 435121 ns, At safepoint: 28325 ns, Total: 463446 ns
[2020-08-12T21:52:41.344+0000][6][safepoint    ] Safepoint "Cleanup", Time since last: 1997619106 ns, Reaching safepoint: 323609 ns, At safepoint: 15250 ns, Total: 338859 ns
[2020-08-12T21:52:42.345+0000][6][safepoint    ] Safepoint "Cleanup", Time since last: 1000327759 ns, Reaching safepoint: 606044 ns, At safepoint: 33325 ns, Total: 639369 ns
[2020-08-12T21:52:43.345+0000][6][safepoint    ] Safepoint "Cleanup", Time since last: 1000242984 ns, Reaching safepoint: 469884 ns, At safepoint: 18475 ns, Total: 488359 ns
[2020-08-12T21:52:44.377+0000][6][safepoint    ] Safepoint "Cleanup", Time since last: 1031347955 ns, Reaching safepoint: 705432 ns, At safepoint: 44049 ns, Total: 749481 ns
[2020-08-12T21:52:46.373+0000][6][safepoint    ] Safepoint "Cleanup", Time since last: 1995548648 ns, Reaching safepoint: 467796 ns, At safepoint: 43387 ns, Total: 511183 ns
[2020-08-12T21:52:47.375+0000][6][safepoint    ] Safepoint "Cleanup", Time since last: 1000345521 ns, Reaching safepoint: 707107 ns, At safepoint: 50612 ns, Total: 757719 ns
[2020-08-12T21:52:48.376+0000][6][safepoint    ] Safepoint "Cleanup", Time since last: 1000362233 ns, Reaching safepoint: 886855 ns, At safepoint: 89324 ns, Total: 976179 ns
[2020-08-12T21:52:49.377+0000][6][safepoint    ] Safepoint "Cleanup", Time since last: 1000318871 ns, Reaching safepoint: 479983 ns, At safepoint: 43387 ns, Total: 523370 ns
[2020-08-12T21:52:50.378+0000][6][safepoint    ] Safepoint "Cleanup", Time since last: 1000429045 ns, Reaching safepoint: 841418 ns, At safepoint: 57687 ns, Total: 899105 ns
[2020-08-12T21:52:51.379+0000][6][safepoint    ] Safepoint "Cleanup", Time since last: 1000455608 ns, Reaching safepoint: 860480 ns, At safepoint: 43437 ns, Total: 903917 ns
[2020-08-12T21:52:52.381+0000][6][safepoint    ] Safepoint "Cleanup", Time since last: 1000332233 ns, Reaching safepoint: 729194 ns, At safepoint: 33200 ns, Total: 762394 ns
[2020-08-12T21:52:53.381+0000][6][safepoint    ] Safepoint "Cleanup", Time since last: 1000236471 ns, Reaching safepoint: 550921 ns, At safepoint: 24987 ns, Total: 575908 ns
[2020-08-12T21:52:54.473+0000][6][safepoint    ] Safepoint "Cleanup", Time since last: 1090882820 ns, Reaching safepoint: 816656 ns, At safepoint: 43275 ns, Total: 859931 ns
[2020-08-12T21:52:55.661+0000][6][safepoint    ] Safepoint "BulkRevokeBias", Time since last: 1186782049 ns, Reaching safepoint: 427421 ns, At safepoint: 971817 ns, Total: 1399238 ns
[2020-08-12T21:52:56.667+0000][6][safepoint    ] Safepoint "Cleanup", Time since last: 1004442123 ns, Reaching safepoint: 909092 ns, At safepoint: 46425 ns, Total: 955517 ns
[2020-08-12T21:52:57.668+0000][6][safepoint    ] Safepoint "Cleanup", Time since last: 1000386758 ns, Reaching safepoint: 612495 ns, At safepoint: 51837 ns, Total: 664332 ns
[2020-08-12T21:52:58.669+0000][6][safepoint    ] Safepoint "Cleanup", Time since last: 1000421382 ns, Reaching safepoint: 906005 ns, At safepoint: 26650 ns, Total: 932655 ns
[2020-08-12T21:52:59.670+0000][6][safepoint    ] Safepoint "Cleanup", Time since last: 1000227034 ns, Reaching safepoint: 637220 ns, At safepoint: 44912 ns, Total: 682132 ns
[2020-08-12T21:53:01.381+0000][6][safepoint    ] Safepoint "Cleanup", Time since last: 1710901885 ns, Reaching safepoint: 322735 ns, At safepoint: 16350 ns, Total: 339085 ns
[2020-08-12T21:53:02.382+0000][6][safepoint    ] Safepoint "Cleanup", Time since last: 1000243472 ns, Reaching safepoint: 668781 ns, At safepoint: 45850 ns, Total: 714631 ns
[2020-08-12T21:53:03.383+0000][6][safepoint    ] Safepoint "Cleanup", Time since last: 1000332933 ns, Reaching safepoint: 785106 ns, At safepoint: 57787 ns, Total: 842893 ns
[2020-08-12T21:53:04.384+0000][6][safepoint    ] Safepoint "Cleanup", Time since last: 1000262409 ns, Reaching safepoint: 518533 ns, At safepoint: 53662 ns, Total: 572195 ns
[2020-08-12T21:53:05.396+0000][6][safepoint    ] Safepoint "Cleanup", Time since last: 1011525900 ns, Reaching safepoint: 694969 ns, At safepoint: 35500 ns, Total: 730469 ns
[2020-08-12T21:53:06.397+0000][6][safepoint    ] Safepoint "Cleanup", Time since last: 1000539332 ns, Reaching safepoint: 426271 ns, At safepoint: 42962 ns, Total: 469233 ns
[2020-08-12T21:53:07.399+0000][6][safepoint    ] Safepoint "Cleanup", Time since last: 1000348421 ns, Reaching safepoint: 856730 ns, At safepoint: 43512 ns, Total: 900242 ns
[2020-08-12T21:53:08.400+0000][6][safepoint    ] Safepoint "Cleanup", Time since last: 1000432395 ns, Reaching safepoint: 1051791 ns, At safepoint: 56537 ns, Total: 1108328 ns
[2020-08-12T21:53:09.401+0000][6][safepoint    ] Safepoint "Cleanup", Time since last: 1000284447 ns, Reaching safepoint: 558745 ns, At safepoint: 33250 ns, Total: 591995 ns
[2020-08-12T21:53:10.402+0000][6][safepoint    ] Safepoint "Cleanup", Time since last: 1000308546 ns, Reaching safepoint: 785268 ns, At safepoint: 56187 ns, Total: 841455 ns
[2020-08-12T21:53:11.403+0000][6][safepoint    ] Safepoint "Cleanup", Time since last: 1000362171 ns, Reaching safepoint: 579745 ns, At safepoint: 43737 ns, Total: 623482 ns
[2020-08-12T21:53:12.405+0000][6][safepoint    ] Safepoint "Cleanup", Time since last: 1000350933 ns, Reaching safepoint: 858093 ns, At safepoint: 43549 ns, Total: 901642 ns
[2020-08-12T21:53:13.406+0000][6][safepoint    ] Safepoint "Cleanup", Time since last: 1000323159 ns, Reaching safepoint: 1155265 ns, At safepoint: 49474 ns, Total: 1204739 ns
[2020-08-12T21:53:14.724+0000][6][safepoint    ] Safepoint "Cleanup", Time since last: 1317358006 ns, Reaching safepoint: 917930 ns, At safepoint: 80812 ns, Total: 998742 ns
[2020-08-12T21:53:16.349+0000][6][safepoint    ] Safepoint "Cleanup", Time since last: 1623984292 ns, Reaching safepoint: 334585 ns, At safepoint: 16587 ns, Total: 351172 ns
[2020-08-12T21:53:17.350+0000][6][safepoint    ] Safepoint "Cleanup", Time since last: 1000327709 ns, Reaching safepoint: 476146 ns, At safepoint: 27050 ns, Total: 503196 ns
[2020-08-12T21:53:18.351+0000][6][safepoint    ] Safepoint "Cleanup", Time since last: 1000278308 ns, Reaching safepoint: 823606 ns, At safepoint: 54312 ns, Total: 877918 ns
[2020-08-12T21:53:19.352+0000][6][safepoint    ] Safepoint "Cleanup", Time since last: 1000369558 ns, Reaching safepoint: 460521 ns, At safepoint: 30450 ns, Total: 490971 ns
[2020-08-12T21:53:21.349+0000][6][safepoint    ] Safepoint "Cleanup", Time since last: 1997325933 ns, Reaching safepoint: 417696 ns, At safepoint: 17900 ns, Total: 435596 ns
[2020-08-12T21:53:22.350+0000][6][safepoint    ] Safepoint "Cleanup", Time since last: 1000255346 ns, Reaching safepoint: 690645 ns, At safepoint: 53674 ns, Total: 744319 ns
[2020-08-12T21:53:23.352+0000][6][safepoint    ] Safepoint "Cleanup", Time since last: 1000349721 ns, Reaching safepoint: 1555824 ns, At safepoint: 74874 ns, Total: 1630698 ns
[2020-08-12T21:53:24.353+0000][6][safepoint    ] Safepoint "Cleanup", Time since last: 1000344421 ns, Reaching safepoint: 548658 ns, At safepoint: 42437 ns, Total: 591095 ns
[2020-08-12T21:53:25.770+0000][6][safepoint    ] Safepoint "Cleanup", Time since last: 1416615906 ns, Reaching safepoint: 361422 ns, At safepoint: 11412 ns, Total: 372834 ns
[2020-08-12T21:53:26.774+0000][6][safepoint    ] Safepoint "Cleanup", Time since last: 1003224747 ns, Reaching safepoint: 781231 ns, At safepoint: 55612 ns, Total: 836843 ns
[2020-08-12T21:53:27.775+0000][6][safepoint    ] Safepoint "Cleanup", Time since last: 1000348758 ns, Reaching safepoint: 658369 ns, At safepoint: 43600 ns, Total: 701969 ns
[2020-08-12T21:53:28.777+0000][6][safepoint    ] Safepoint "Cleanup", Time since last: 1000339295 ns, Reaching safepoint: 846618 ns, At safepoint: 42575 ns, Total: 889193 ns
[2020-08-12T21:53:29.778+0000][6][safepoint    ] Safepoint "Cleanup", Time since last: 1000338246 ns, Reaching safepoint: 779668 ns, At safepoint: 43400 ns, Total: 823068 ns
[2020-08-12T21:53:30.779+0000][6][safepoint    ] Safepoint "Cleanup", Time since last: 1000404195 ns, Reaching safepoint: 845980 ns, At safepoint: 68625 ns, Total: 914605 ns
[2020-08-12T21:53:31.780+0000][6][safepoint    ] Safepoint "Cleanup", Time since last: 1000356270 ns, Reaching safepoint: 728682 ns, At safepoint: 50062 ns, Total: 778744 ns
[2020-08-12T21:53:32.781+0000][6][safepoint    ] Safepoint "Cleanup", Time since last: 1000340270 ns, Reaching safepoint: 515671 ns, At safepoint: 43112 ns, Total: 558783 ns
[2020-08-12T21:53:33.782+0000][6][safepoint    ] Safepoint "Cleanup", Time since last: 1000341608 ns, Reaching safepoint: 341235 ns, At safepoint: 19250 ns, Total: 360485 ns
[2020-08-12T21:53:34.783+0000][6][safepoint    ] Safepoint "Cleanup", Time since last: 1000224334 ns, Reaching safepoint: 516183 ns, At safepoint: 27363 ns, Total: 543546 ns
[2020-08-12T21:53:36.349+0000][6][safepoint    ] Safepoint "Cleanup", Time since last: 1565770078 ns, Reaching safepoint: 665632 ns, At safepoint: 29812 ns, Total: 695444 ns
[2020-08-12T21:53:37.350+0000][6][safepoint    ] Safepoint "Cleanup", Time since last: 1000215710 ns, Reaching safepoint: 364896 ns, At safepoint: 14138 ns, Total: 379034 ns
[2020-08-12T21:53:38.351+0000][6][safepoint    ] Safepoint "Cleanup", Time since last: 1000269034 ns, Reaching safepoint: 753068 ns, At safepoint: 42650 ns, Total: 795718 ns
[2020-08-12T21:53:39.352+0000][6][safepoint    ] Safepoint "Cleanup", Time since last: 1000391783 ns, Reaching safepoint: 593870 ns, At safepoint: 51999 ns, Total: 645869 ns
[2020-08-12T21:53:40.353+0000][6][safepoint    ] Safepoint "Cleanup", Time since last: 1000418433 ns, Reaching safepoint: 1045454 ns, At safepoint: 43524 ns, Total: 1088978 ns
[2020-08-12T21:53:40.361+0000][6][safepoint    ] Safepoint "BulkRevokeBias", Time since last: 4241464 ns, Reaching safepoint: 843630 ns, At safepoint: 2505816 ns, Total: 3349446 ns
[2020-08-12T21:53:41.393+0000][6][safepoint    ] Safepoint "Cleanup", Time since last: 1031320843 ns, Reaching safepoint: 440734 ns, At safepoint: 16287 ns, Total: 457021 ns
[2020-08-12T21:53:42.394+0000][6][safepoint    ] Safepoint "Cleanup", Time since last: 1000299246 ns, Reaching safepoint: 936967 ns, At safepoint: 101087 ns, Total: 1038054 ns
[2020-08-12T21:53:43.396+0000][6][safepoint    ] Safepoint "Cleanup", Time since last: 1000362958 ns, Reaching safepoint: 1306314 ns, At safepoint: 65387 ns, Total: 1371701 ns
[2020-08-12T21:53:44.397+0000][6][safepoint    ] Safepoint "Cleanup", Time since last: 1000387158 ns, Reaching safepoint: 989317 ns, At safepoint: 57099 ns, Total: 1046416 ns
[2020-08-12T21:53:46.350+0000][6][safepoint    ] Safepoint "Cleanup", Time since last: 1952434180 ns, Reaching safepoint: 265648 ns, At safepoint: 10799 ns, Total: 276447 ns
[2020-08-12T21:53:47.351+0000][6][safepoint    ] Safepoint "Cleanup", Time since last: 1000279347 ns, Reaching safepoint: 889792 ns, At safepoint: 45700 ns, Total: 935492 ns
[2020-08-12T21:53:48.352+0000][6][safepoint    ] Safepoint "Cleanup", Time since last: 1000335733 ns, Reaching safepoint: 799843 ns, At safepoint: 56550 ns, Total: 856393 ns
[2020-08-12T21:53:49.353+0000][6][safepoint    ] Safepoint "Cleanup", Time since last: 1000344770 ns, Reaching safepoint: 615308 ns, At safepoint: 44187 ns, Total: 659495 ns
[2020-08-12T21:53:50.355+0000][6][safepoint    ] Safepoint "Cleanup", Time since last: 1000374695 ns, Reaching safepoint: 896805 ns, At safepoint: 53737 ns, Total: 950542 ns
[2020-08-12T21:53:51.355+0000][6][safepoint    ] Safepoint "Cleanup", Time since last: 1000328159 ns, Reaching safepoint: 406121 ns, At safepoint: 20013 ns, Total: 426134 ns
[2020-08-12T21:53:52.356+0000][6][safepoint    ] Safepoint "Cleanup", Time since last: 1000203847 ns, Reaching safepoint: 405309 ns, At safepoint: 18737 ns, Total: 424046 ns
[2020-08-12T21:53:53.357+0000][6][safepoint    ] Safepoint "Cleanup", Time since last: 1000249934 ns, Reaching safepoint: 812606 ns, At safepoint: 43762 ns, Total: 856368 ns
[2020-08-12T21:53:54.358+0000][6][safepoint    ] Safepoint "Cleanup", Time since last: 1000309021 ns, Reaching safepoint: 677156 ns, At safepoint: 46213 ns, Total: 723369 ns
[2020-08-12T21:53:55.823+0000][6][safepoint    ] Safepoint "Cleanup", Time since last: 1464270272 ns, Reaching safepoint: 461884 ns, At safepoint: 92412 ns, Total: 554296 ns
[2020-08-12T21:53:56.833+0000][6][safepoint    ] Safepoint "Cleanup", Time since last: 1009309306 ns, Reaching safepoint: 864305 ns, At safepoint: 43387 ns, Total: 907692 ns
[2020-08-12T21:53:57.834+0000][6][safepoint    ] Safepoint "Cleanup", Time since last: 1000377458 ns, Reaching safepoint: 741169 ns, At safepoint: 44475 ns, Total: 785644 ns
[2020-08-12T21:53:58.835+0000][6][safepoint    ] Safepoint "Cleanup", Time since last: 1000451045 ns, Reaching safepoint: 516095 ns, At safepoint: 43812 ns, Total: 559907 ns
[2020-08-12T21:53:59.836+0000][6][safepoint    ] Safepoint "Cleanup", Time since last: 1000310009 ns, Reaching safepoint: 489971 ns, At safepoint: 26349 ns, Total: 516320 ns
[2020-08-12T21:54:01.357+0000][6][safepoint    ] Safepoint "Cleanup", Time since last: 1520520517 ns, Reaching safepoint: 534058 ns, At safepoint: 44337 ns, Total: 578395 ns
[2020-08-12T21:54:02.358+0000][6][safepoint    ] Safepoint "Cleanup", Time since last: 1000348383 ns, Reaching safepoint: 709656 ns, At safepoint: 43888 ns, Total: 753544 ns
[2020-08-12T21:54:03.359+0000][6][safepoint    ] Safepoint "Cleanup", Time since last: 1000340345 ns, Reaching safepoint: 659320 ns, At safepoint: 43737 ns, Total: 703057 ns
[2020-08-12T21:54:04.360+0000][6][safepoint    ] Safepoint "Cleanup", Time since last: 1000343221 ns, Reaching safepoint: 612482 ns, At safepoint: 43599 ns, Total: 656081 ns
[2020-08-12T21:54:06.354+0000][6][safepoint    ] Safepoint "Cleanup", Time since last: 1992745923 ns, Reaching safepoint: 433933 ns, At safepoint: 16113 ns, Total: 450046 ns
[2020-08-12T21:54:07.356+0000][6][safepoint    ] Safepoint "Cleanup", Time since last: 1002315741 ns, Reaching safepoint: 345310 ns, At safepoint: 15312 ns, Total: 360622 ns
[2020-08-12T21:54:08.357+0000][6][safepoint    ] Safepoint "Cleanup", Time since last: 1000268709 ns, Reaching safepoint: 855255 ns, At safepoint: 42637 ns, Total: 897892 ns
[2020-08-12T21:54:09.359+0000][6][safepoint    ] Safepoint "Cleanup", Time since last: 1000354009 ns, Reaching safepoint: 976966 ns, At safepoint: 43000 ns, Total: 1019966 ns
[2020-08-12T21:54:10.360+0000][6][safepoint    ] Safepoint "Cleanup", Time since last: 1000389170 ns, Reaching safepoint: 915117 ns, At safepoint: 69275 ns, Total: 984392 ns
[2020-08-12T21:54:11.361+0000][6][safepoint    ] Safepoint "Cleanup", Time since last: 1000296371 ns, Reaching safepoint: 355884 ns, At safepoint: 19488 ns, Total: 375372 ns
[2020-08-12T21:54:12.362+0000][6][safepoint    ] Safepoint "Cleanup", Time since last: 1000318321 ns, Reaching safepoint: 606145 ns, At safepoint: 42624 ns, Total: 648769 ns
[2020-08-12T21:54:13.363+0000][6][safepoint    ] Safepoint "Cleanup", Time since last: 1000454920 ns, Reaching safepoint: 853380 ns, At safepoint: 56850 ns, Total: 910230 ns
[2020-08-12T21:54:14.364+0000][6][safepoint    ] Safepoint "Cleanup", Time since last: 1000283534 ns, Reaching safepoint: 260147 ns, At safepoint: 11100 ns, Total: 271247 ns
[2020-08-12T21:54:16.355+0000][6][safepoint    ] Safepoint "Cleanup", Time since last: 1990903526 ns, Reaching safepoint: 414759 ns, At safepoint: 18274 ns, Total: 433033 ns
[2020-08-12T21:54:17.356+0000][6][safepoint    ] Safepoint "Cleanup", Time since last: 1000199810 ns, Reaching safepoint: 586645 ns, At safepoint: 108374 ns, Total: 695019 ns
[2020-08-12T21:54:18.357+0000][6][safepoint    ] Safepoint "Cleanup", Time since last: 1000351333 ns, Reaching safepoint: 635282 ns, At safepoint: 46700 ns, Total: 681982 ns
[2020-08-12T21:54:19.358+0000][6][safepoint    ] Safepoint "Cleanup", Time since last: 1000347246 ns, Reaching safepoint: 808380 ns, At safepoint: 44687 ns, Total: 853067 ns
[2020-08-12T21:54:21.356+0000][6][safepoint    ] Safepoint "Cleanup", Time since last: 1997420545 ns, Reaching safepoint: 844555 ns, At safepoint: 43775 ns, Total: 888330 ns
[2020-08-12T21:54:22.358+0000][6][safepoint    ] Safepoint "Cleanup", Time since last: 1000337383 ns, Reaching safepoint: 809868 ns, At safepoint: 43300 ns, Total: 853168 ns
[2020-08-12T21:54:23.359+0000][6][safepoint    ] Safepoint "Cleanup", Time since last: 1000390920 ns, Reaching safepoint: 765894 ns, At safepoint: 94511 ns, Total: 860405 ns
[2020-08-12T21:54:24.360+0000][6][safepoint    ] Safepoint "Cleanup", Time since last: 1000382408 ns, Reaching safepoint: 848343 ns, At safepoint: 42787 ns, Total: 891130 ns
[2020-08-12T21:54:25.762+0000][6][safepoint    ] Safepoint "Cleanup", Time since last: 1400949165 ns, Reaching safepoint: 1219727 ns, At safepoint: 45088 ns, Total: 1264815 ns
[2020-08-12T21:54:26.784+0000][6][safepoint    ] Safepoint "Cleanup", Time since last: 1020873807 ns, Reaching safepoint: 871730 ns, At safepoint: 43487 ns, Total: 915217 ns
[2020-08-12T21:54:27.785+0000][6][safepoint    ] Safepoint "Cleanup", Time since last: 1000382808 ns, Reaching safepoint: 736831 ns, At safepoint: 44575 ns, Total: 781406 ns
[2020-08-12T21:54:28.786+0000][6][safepoint    ] Safepoint "Cleanup", Time since last: 1000254497 ns, Reaching safepoint: 492233 ns, At safepoint: 53649 ns, Total: 545882 ns
[2020-08-12T21:54:29.787+0000][6][safepoint    ] Safepoint "Cleanup", Time since last: 1000350771 ns, Reaching safepoint: 699794 ns, At safepoint: 51425 ns, Total: 751219 ns
[2020-08-12T21:54:30.788+0000][6][safepoint    ] Safepoint "Cleanup", Time since last: 1000351058 ns, Reaching safepoint: 678557 ns, At safepoint: 43737 ns, Total: 722294 ns
[2020-08-12T21:54:31.789+0000][6][safepoint    ] Safepoint "Cleanup", Time since last: 1000344983 ns, Reaching safepoint: 719019 ns, At safepoint: 45874 ns, Total: 764893 ns
[2020-08-12T21:54:32.790+0000][6][safepoint    ] Safepoint "Cleanup", Time since last: 1000316934 ns, Reaching safepoint: 553558 ns, At safepoint: 31587 ns, Total: 585145 ns
[2020-08-12T21:54:33.791+0000][6][safepoint    ] Safepoint "Cleanup", Time since last: 1000289721 ns, Reaching safepoint: 495646 ns, At safepoint: 45375 ns, Total: 541021 ns
[2020-08-12T21:54:34.795+0000][6][safepoint    ] Safepoint "Cleanup", Time since last: 1003776529 ns, Reaching safepoint: 482858 ns, At safepoint: 43637 ns, Total: 526495 ns
[2020-08-12T21:54:36.356+0000][6][safepoint    ] Safepoint "Cleanup", Time since last: 1559956891 ns, Reaching safepoint: 613570 ns, At safepoint: 38387 ns, Total: 651957 ns
[2020-08-12T21:54:37.357+0000][6][safepoint    ] Safepoint "Cleanup", Time since last: 1000264547 ns, Reaching safepoint: 382696 ns, At safepoint: 43675 ns, Total: 426371 ns
[2020-08-12T21:54:38.358+0000][6][safepoint    ] Safepoint "Cleanup", Time since last: 1000424682 ns, Reaching safepoint: 739731 ns, At safepoint: 46925 ns, Total: 786656 ns
[2020-08-12T21:54:39.359+0000][6][safepoint    ] Safepoint "Cleanup", Time since last: 1000315746 ns, Reaching safepoint: 500446 ns, At safepoint: 118124 ns, Total: 618570 ns
[2020-08-12T21:54:41.359+0000][6][safepoint    ] Safepoint "Cleanup", Time since last: 1999167529 ns, Reaching safepoint: 521821 ns, At safepoint: 41587 ns, Total: 563408 ns
[2020-08-12T21:54:42.360+0000][6][safepoint    ] Safepoint "Cleanup", Time since last: 1000312371 ns, Reaching safepoint: 558858 ns, At safepoint: 43912 ns, Total: 602770 ns
[2020-08-12T21:54:43.360+0000][6][safepoint    ] Safepoint "Cleanup", Time since last: 1000318608 ns, Reaching safepoint: 454709 ns, At safepoint: 31300 ns, Total: 486009 ns
[2020-08-12T21:54:44.362+0000][6][safepoint    ] Safepoint "Cleanup", Time since last: 1000285709 ns, Reaching safepoint: 1348438 ns, At safepoint: 73312 ns, Total: 1421750 ns
[2020-08-12T21:54:46.357+0000][6][safepoint    ] Safepoint "Cleanup", Time since last: 1994443757 ns, Reaching safepoint: 590608 ns, At safepoint: 29750 ns, Total: 620358 ns
[2020-08-12T21:54:47.358+0000][6][safepoint    ] Safepoint "Cleanup", Time since last: 1000276546 ns, Reaching safepoint: 805231 ns, At safepoint: 56987 ns, Total: 862218 ns
[2020-08-12T21:54:48.359+0000][6][safepoint    ] Safepoint "Cleanup", Time since last: 1000345583 ns, Reaching safepoint: 672394 ns, At safepoint: 45350 ns, Total: 717744 ns
[2020-08-12T21:54:49.361+0000][6][safepoint    ] Safepoint "Cleanup", Time since last: 1000338921 ns, Reaching safepoint: 835618 ns, At safepoint: 43087 ns, Total: 878705 ns
[2020-08-12T21:54:50.362+0000][6][safepoint    ] Safepoint "Cleanup", Time since last: 1000354445 ns, Reaching safepoint: 831793 ns, At safepoint: 43525 ns, Total: 875318 ns
[2020-08-12T21:54:51.363+0000][6][safepoint    ] Safepoint "Cleanup", Time since last: 1000376696 ns, Reaching safepoint: 370059 ns, At safepoint: 18137 ns, Total: 388196 ns
[2020-08-12T21:54:52.364+0000][6][safepoint    ] Safepoint "Cleanup", Time since last: 1000275959 ns, Reaching safepoint: 833756 ns, At safepoint: 42587 ns, Total: 876343 ns
[2020-08-12T21:54:53.365+0000][6][safepoint    ] Safepoint "Cleanup", Time since last: 1000435207 ns, Reaching safepoint: 834605 ns, At safepoint: 65550 ns, Total: 900155 ns
[2020-08-12T21:54:54.366+0000][6][safepoint    ] Safepoint "Cleanup", Time since last: 1000317071 ns, Reaching safepoint: 598870 ns, At safepoint: 30587 ns, Total: 629457 ns
[2020-08-12T21:54:55.840+0000][6][safepoint    ] Safepoint "Cleanup", Time since last: 1473325583 ns, Reaching safepoint: 506608 ns, At safepoint: 88999 ns, Total: 595607 ns
[2020-08-12T21:54:56.845+0000][6][safepoint    ] Safepoint "Cleanup", Time since last: 1004447973 ns, Reaching safepoint: 934992 ns, At safepoint: 43837 ns, Total: 978829 ns
[2020-08-12T21:54:57.846+0000][6][safepoint    ] Safepoint "Cleanup", Time since last: 1000352296 ns, Reaching safepoint: 653169 ns, At safepoint: 45713 ns, Total: 698882 ns
[2020-08-12T21:54:58.847+0000][6][safepoint    ] Safepoint "Cleanup", Time since last: 1000293284 ns, Reaching safepoint: 458621 ns, At safepoint: 54612 ns, Total: 513233 ns
[2020-08-12T21:54:59.848+0000][6][safepoint    ] Safepoint "Cleanup", Time since last: 1000335495 ns, Reaching safepoint: 699157 ns, At safepoint: 51362 ns, Total: 750519 ns
[2020-08-12T21:55:01.360+0000][6][safepoint    ] Safepoint "Cleanup", Time since last: 1511611417 ns, Reaching safepoint: 397772 ns, At safepoint: 43687 ns, Total: 441459 ns
[2020-08-12T21:55:02.361+0000][6][safepoint    ] Safepoint "Cleanup", Time since last: 1000348621 ns, Reaching safepoint: 644532 ns, At safepoint: 43237 ns, Total: 687769 ns
[2020-08-12T21:55:03.363+0000][6][safepoint    ] Safepoint "Cleanup", Time since last: 1000350383 ns, Reaching safepoint: 894517 ns, At safepoint: 42550 ns, Total: 937067 ns
[2020-08-12T21:55:04.364+0000][6][safepoint    ] Safepoint "Cleanup", Time since last: 1000397308 ns, Reaching safepoint: 881330 ns, At safepoint: 47300 ns, Total: 928630 ns
[2020-08-12T21:55:05.265+0000][6][safepoint    ] Safepoint "BulkRevokeBias", Time since last: 899936193 ns, Reaching safepoint: 364309 ns, At safepoint: 1031841 ns, Total: 1396150 ns
[2020-08-12T21:55:05.275+0000][6][gc,start     ] GC(43) Pause Young (Normal) (G1 Evacuation Pause)
[2020-08-12T21:55:05.275+0000][6][gc,task      ] GC(43) Using 2 workers of 2 for evacuation
[2020-08-12T21:55:05.275+0000][6][gc,age       ] GC(43) Desired survivor size 80740352 bytes, new threshold 15 (max threshold 15)
[2020-08-12T21:55:05.458+0000][6][gc,age       ] GC(43) Age table with threshold 15 (max threshold 15)
[2020-08-12T21:55:05.458+0000][6][gc,age       ] GC(43) - age   1:    1037328 bytes,    1037328 total
[2020-08-12T21:55:05.458+0000][6][gc,age       ] GC(43) - age   2:     125616 bytes,    1162944 total
[2020-08-12T21:55:05.458+0000][6][gc,age       ] GC(43) - age   3:     165496 bytes,    1328440 total
[2020-08-12T21:55:05.458+0000][6][gc,age       ] GC(43) - age   4:     147512 bytes,    1475952 total
[2020-08-12T21:55:05.458+0000][6][gc,age       ] GC(43) - age   5:      99816 bytes,    1575768 total
[2020-08-12T21:55:05.459+0000][6][gc,age       ] GC(43) - age   6:      35552 bytes,    1611320 total
[2020-08-12T21:55:05.459+0000][6][gc,age       ] GC(43) - age   7:     109352 bytes,    1720672 total
[2020-08-12T21:55:05.459+0000][6][gc,age       ] GC(43) - age   8:       6536 bytes,    1727208 total
[2020-08-12T21:55:05.459+0000][6][gc,age       ] GC(43) - age   9:      23304 bytes,    1750512 total
[2020-08-12T21:55:05.459+0000][6][gc,age       ] GC(43) - age  10:      13864 bytes,    1764376 total
[2020-08-12T21:55:05.459+0000][6][gc,age       ] GC(43) - age  11:      10864 bytes,    1775240 total
[2020-08-12T21:55:05.459+0000][6][gc,age       ] GC(43) - age  12:       5904 bytes,    1781144 total
[2020-08-12T21:55:05.459+0000][6][gc,age       ] GC(43) - age  13:      97368 bytes,    1878512 total
[2020-08-12T21:55:05.459+0000][6][gc,age       ] GC(43) - age  14:     142024 bytes,    2020536 total
[2020-08-12T21:55:05.459+0000][6][gc,age       ] GC(43) - age  15:      71416 bytes,    2091952 total
[2020-08-12T21:55:05.459+0000][6][gc,phases    ] GC(43)   Pre Evacuate Collection Set: 1.0ms
[2020-08-12T21:55:05.459+0000][6][gc,phases    ] GC(43)   Merge Heap Roots: 0.7ms
[2020-08-12T21:55:05.459+0000][6][gc,phases    ] GC(43)   Evacuate Collection Set: 174.9ms
[2020-08-12T21:55:05.459+0000][6][gc,phases    ] GC(43)   Post Evacuate Collection Set: 6.0ms
[2020-08-12T21:55:05.459+0000][6][gc,phases    ] GC(43)   Other: 1.3ms
[2020-08-12T21:55:05.459+0000][6][gc,heap      ] GC(43) Eden regions: 1226->0(1225)
[2020-08-12T21:55:05.459+0000][6][gc,heap      ] GC(43) Survivor regions: 2->3(154)
[2020-08-12T21:55:05.459+0000][6][gc,heap      ] GC(43) Old regions: 80->80
[2020-08-12T21:55:05.459+0000][6][gc,heap      ] GC(43) Archive regions: 2->2
[2020-08-12T21:55:05.459+0000][6][gc,heap      ] GC(43) Humongous regions: 75->75
[2020-08-12T21:55:05.459+0000][6][gc,metaspace ] GC(43) Metaspace: 98064K(105644K)->98064K(105644K) NonClass: 85497K(90028K)->85497K(90028K) Class: 12566K(15616K)->12566K(15616K)
[2020-08-12T21:55:05.459+0000][6][gc           ] GC(43) Pause Young (Normal) (G1 Evacuation Pause) 1383M->157M(2048M) 184.209ms
[2020-08-12T21:55:05.460+0000][6][gc,cpu       ] GC(43) User=0.15s Sys=0.01s Real=0.18s
[2020-08-12T21:55:05.460+0000][6][safepoint    ] Safepoint "G1CollectForAllocation", Time since last: 9473244 ns, Reaching safepoint: 368247 ns, At safepoint: 185237076 ns, Total: 185605323 ns
[2020-08-12T21:55:05.465+0000][6][safepoint    ] Safepoint "BulkRevokeBias", Time since last: 3652169 ns, Reaching safepoint: 392271 ns, At safepoint: 944042 ns, Total: 1336313 ns
[2020-08-12T21:55:06.469+0000][6][safepoint    ] Safepoint "Cleanup", Time since last: 1003187772 ns, Reaching safepoint: 581882 ns, At safepoint: 25238 ns, Total: 607120 ns
[2020-08-12T21:55:07.470+0000][6][safepoint    ] Safepoint "Cleanup", Time since last: 1000214484 ns, Reaching safepoint: 397759 ns, At safepoint: 19950 ns, Total: 417709 ns
[2020-08-12T21:55:08.471+0000][6][safepoint    ] Safepoint "Cleanup", Time since last: 1000254434 ns, Reaching safepoint: 1155540 ns, At safepoint: 45875 ns, Total: 1201415 ns
[2020-08-12T21:55:09.472+0000][6][safepoint    ] Safepoint "Cleanup", Time since last: 1000301934 ns, Reaching safepoint: 770205 ns, At safepoint: 45338 ns, Total: 815543 ns
[2020-08-12T21:55:10.473+0000][6][safepoint    ] Safepoint "Cleanup", Time since last: 1000339970 ns, Reaching safepoint: 655757 ns, At safepoint: 51412 ns, Total: 707169 ns
[2020-08-12T21:55:11.474+0000][6][safepoint    ] Safepoint "Cleanup", Time since last: 1000348508 ns, Reaching safepoint: 553396 ns, At safepoint: 43637 ns, Total: 597033 ns
[2020-08-12T21:55:12.475+0000][6][safepoint    ] Safepoint "Cleanup", Time since last: 1000340846 ns, Reaching safepoint: 601807 ns, At safepoint: 43462 ns, Total: 645269 ns
[2020-08-12T21:55:13.477+0000][6][safepoint    ] Safepoint "Cleanup", Time since last: 1000335508 ns, Reaching safepoint: 1035879 ns, At safepoint: 54875 ns, Total: 1090754 ns
[2020-08-12T21:55:14.478+0000][6][safepoint    ] Safepoint "Cleanup", Time since last: 1000432582 ns, Reaching safepoint: 506183 ns, At safepoint: 26475 ns, Total: 532658 ns
[2020-08-12T21:55:16.361+0000][6][safepoint    ] Safepoint "Cleanup", Time since last: 1883049199 ns, Reaching safepoint: 285185 ns, At safepoint: 10700 ns, Total: 295885 ns
[2020-08-12T21:55:17.362+0000][6][safepoint    ] Safepoint "Cleanup", Time since last: 1000230297 ns, Reaching safepoint: 853405 ns, At safepoint: 55587 ns, Total: 908992 ns
[2020-08-12T21:55:18.363+0000][6][safepoint    ] Safepoint "Cleanup", Time since last: 1000348671 ns, Reaching safepoint: 679232 ns, At safepoint: 45049 ns, Total: 724281 ns
[2020-08-12T21:55:19.364+0000][6][safepoint    ] Safepoint "Cleanup", Time since last: 1000344033 ns, Reaching safepoint: 652382 ns, At safepoint: 45675 ns, Total: 698057 ns
[2020-08-12T21:55:21.364+0000][6][safepoint    ] Safepoint "Cleanup", Time since last: 1999598464 ns, Reaching safepoint: 410859 ns, At safepoint: 43837 ns, Total: 454696 ns
[2020-08-12T21:55:22.366+0000][6][safepoint    ] Safepoint "Cleanup", Time since last: 1000351670 ns, Reaching safepoint: 680469 ns, At safepoint: 52300 ns, Total: 732769 ns
[2020-08-12T21:55:23.367+0000][6][safepoint    ] Safepoint "Cleanup", Time since last: 1000441945 ns, Reaching safepoint: 680794 ns, At safepoint: 52600 ns, Total: 733394 ns
[2020-08-12T21:55:24.368+0000][6][safepoint    ] Safepoint "Cleanup", Time since last: 1000413682 ns, Reaching safepoint: 483621 ns, At safepoint: 42512 ns, Total: 526133 ns
[2020-08-12T21:55:25.822+0000][6][safepoint    ] Safepoint "Cleanup", Time since last: 1454084098 ns, Reaching safepoint: 300735 ns, At safepoint: 18075 ns, Total: 318810 ns
[2020-08-12T21:55:26.826+0000][6][safepoint    ] Safepoint "Cleanup", Time since last: 1003906815 ns, Reaching safepoint: 520808 ns, At safepoint: 26787 ns, Total: 547595 ns
[2020-08-12T21:55:27.833+0000][6][safepoint    ] Safepoint "Cleanup", Time since last: 1000594781 ns, Reaching safepoint: 6106298 ns, At safepoint: 27500 ns, Total: 6133798 ns
[2020-08-12T21:55:28.834+0000][6][safepoint    ] Safepoint "Cleanup", Time since last: 1000281159 ns, Reaching safepoint: 830268 ns, At safepoint: 43887 ns, Total: 874155 ns
[2020-08-12T21:55:29.835+0000][6][safepoint    ] Safepoint "Cleanup", Time since last: 1000348158 ns, Reaching safepoint: 662657 ns, At safepoint: 51362 ns, Total: 714019 ns
[2020-08-12T21:55:30.836+0000][6][safepoint    ] Safepoint "Cleanup", Time since last: 1000343771 ns, Reaching safepoint: 576195 ns, At safepoint: 44774 ns, Total: 620969 ns
[2020-08-12T21:55:31.837+0000][6][safepoint    ] Safepoint "Cleanup", Time since last: 1000348434 ns, Reaching safepoint: 598332 ns, At safepoint: 43725 ns, Total: 642057 ns
[2020-08-12T21:55:32.838+0000][6][safepoint    ] Safepoint "Cleanup", Time since last: 1000322421 ns, Reaching safepoint: 341447 ns, At safepoint: 25337 ns, Total: 366784 ns
[2020-08-12T21:55:33.839+0000][6][safepoint    ] Safepoint "Cleanup", Time since last: 1000219984 ns, Reaching safepoint: 261811 ns, At safepoint: 24949 ns, Total: 286760 ns
[2020-08-12T21:55:34.839+0000][6][safepoint    ] Safepoint "Cleanup", Time since last: 1000237010 ns, Reaching safepoint: 352522 ns, At safepoint: 27112 ns, Total: 379634 ns
[2020-08-12T21:55:36.372+0000][6][safepoint    ] Safepoint "Cleanup", Time since last: 1532594800 ns, Reaching safepoint: 501408 ns, At safepoint: 17788 ns, Total: 519196 ns
[2020-08-12T21:55:37.373+0000][6][safepoint    ] Safepoint "Cleanup", Time since last: 1000165359 ns, Reaching safepoint: 469359 ns, At safepoint: 15725 ns, Total: 485084 ns
[2020-08-12T21:55:38.374+0000][6][safepoint    ] Safepoint "Cleanup", Time since last: 1000223184 ns, Reaching safepoint: 951042 ns, At safepoint: 57187 ns, Total: 1008229 ns
[2020-08-12T21:55:39.375+0000][6][safepoint    ] Safepoint "Cleanup", Time since last: 1000342583 ns, Reaching safepoint: 576458 ns, At safepoint: 43175 ns, Total: 619633 ns
[2020-08-12T21:55:41.365+0000][6][safepoint    ] Safepoint "Cleanup", Time since last: 1989683248 ns, Reaching safepoint: 549845 ns, At safepoint: 43425 ns, Total: 593270 ns
[2020-08-12T21:55:42.366+0000][6][safepoint    ] Safepoint "Cleanup", Time since last: 1000321083 ns, Reaching safepoint: 637770 ns, At safepoint: 51137 ns, Total: 688907 ns
[2020-08-12T21:55:43.368+0000][6][safepoint    ] Safepoint "Cleanup", Time since last: 1000348096 ns, Reaching safepoint: 663419 ns, At safepoint: 51425 ns, Total: 714844 ns
[2020-08-12T21:55:44.369+0000][6][safepoint    ] Safepoint "Cleanup", Time since last: 1000453832 ns, Reaching safepoint: 787968 ns, At safepoint: 43225 ns, Total: 831193 ns
[2020-08-12T21:55:46.363+0000][6][safepoint    ] Safepoint "Cleanup", Time since last: 1993538803 ns, Reaching safepoint: 374471 ns, At safepoint: 17013 ns, Total: 391484 ns
[2020-08-12T21:55:47.364+0000][6][safepoint    ] Safepoint "Cleanup", Time since last: 1000239821 ns, Reaching safepoint: 742994 ns, At safepoint: 56537 ns, Total: 799531 ns
[2020-08-12T21:55:48.365+0000][6][safepoint    ] Safepoint "Cleanup", Time since last: 1000507832 ns, Reaching safepoint: 928380 ns, At safepoint: 43749 ns, Total: 972129 ns
[2020-08-12T21:55:49.366+0000][6][safepoint    ] Safepoint "Cleanup", Time since last: 1000330721 ns, Reaching safepoint: 629032 ns, At safepoint: 47237 ns, Total: 676269 ns
[2020-08-12T21:55:50.369+0000][6][safepoint    ] Safepoint "Cleanup", Time since last: 1002250455 ns, Reaching safepoint: 638657 ns, At safepoint: 37912 ns, Total: 676569 ns
[2020-08-12T21:55:51.370+0000][6][safepoint    ] Safepoint "Cleanup", Time since last: 1000313821 ns, Reaching safepoint: 634632 ns, At safepoint: 42787 ns, Total: 677419 ns
[2020-08-12T21:55:52.371+0000][6][safepoint    ] Safepoint "Cleanup", Time since last: 1000339421 ns, Reaching safepoint: 792918 ns, At safepoint: 43750 ns, Total: 836668 ns
[2020-08-12T21:55:53.372+0000][6][safepoint    ] Safepoint "Cleanup", Time since last: 1000327833 ns, Reaching safepoint: 677057 ns, At safepoint: 45225 ns, Total: 722282 ns
[2020-08-12T21:55:54.373+0000][6][safepoint    ] Safepoint "Cleanup", Time since last: 1000351583 ns, Reaching safepoint: 655619 ns, At safepoint: 44288 ns, Total: 699907 ns
[2020-08-12T21:55:55.799+0000][6][safepoint    ] Safepoint "Cleanup", Time since last: 1425566154 ns, Reaching safepoint: 424109 ns, At safepoint: 42862 ns, Total: 466971 ns
[2020-08-12T21:55:55.819+0000][6][safepoint    ] Safepoint "BulkRevokeBias", Time since last: 6670518 ns, Reaching safepoint: 11828873 ns, At safepoint: 1010679 ns, Total: 12839552 ns
[2020-08-12T21:55:56.820+0000][6][safepoint    ] Safepoint "Cleanup", Time since last: 1000255972 ns, Reaching safepoint: 870080 ns, At safepoint: 43199 ns, Total: 913279 ns
[2020-08-12T21:55:58.778+0000][6][safepoint    ] Safepoint "Cleanup", Time since last: 1957100965 ns, Reaching safepoint: 762081 ns, At safepoint: 39850 ns, Total: 801931 ns
[2020-08-12T21:55:59.779+0000][6][safepoint    ] Safepoint "Cleanup", Time since last: 1000288921 ns, Reaching safepoint: 965304 ns, At safepoint: 66987 ns, Total: 1032291 ns
[2020-08-12T21:56:01.367+0000][6][safepoint    ] Safepoint "Cleanup", Time since last: 1587024784 ns, Reaching safepoint: 333973 ns, At safepoint: 17037 ns, Total: 351010 ns
[2020-08-12T21:56:02.368+0000][6][safepoint    ] Safepoint "Cleanup", Time since last: 1000294946 ns, Reaching safepoint: 779531 ns, At safepoint: 99324 ns, Total: 878855 ns
[2020-08-12T21:56:03.369+0000][6][safepoint    ] Safepoint "Cleanup", Time since last: 1000350408 ns, Reaching safepoint: 649007 ns, At safepoint: 44812 ns, Total: 693819 ns
[2020-08-12T21:56:04.370+0000][6][safepoint    ] Safepoint "Cleanup", Time since last: 1000355518 ns, Reaching safepoint: 844581 ns, At safepoint: 56549 ns, Total: 901130 ns
[2020-08-12T21:56:06.365+0000][6][safepoint    ] Safepoint "Cleanup", Time since last: 1994569228 ns, Reaching safepoint: 446859 ns, At safepoint: 53474 ns, Total: 500333 ns
[2020-08-12T21:56:07.366+0000][6][safepoint    ] Safepoint "Cleanup", Time since last: 1000289238 ns, Reaching safepoint: 288185 ns, At safepoint: 11938 ns, Total: 300123 ns
[2020-08-12T21:56:08.367+0000][6][safepoint    ] Safepoint "Cleanup", Time since last: 1000235888 ns, Reaching safepoint: 848530 ns, At safepoint: 44387 ns, Total: 892917 ns
[2020-08-12T21:56:09.368+0000][6][safepoint    ] Safepoint "Cleanup", Time since last: 1000358100 ns, Reaching safepoint: 762294 ns, At safepoint: 43924 ns, Total: 806218 ns
[2020-08-12T21:56:10.370+0000][6][safepoint    ] Safepoint "Cleanup", Time since last: 1000341150 ns, Reaching safepoint: 1663636 ns, At safepoint: 95774 ns, Total: 1759410 ns
[2020-08-12T21:56:11.371+0000][6][safepoint    ] Safepoint "Cleanup", Time since last: 1000297250 ns, Reaching safepoint: 387772 ns, At safepoint: 17687 ns, Total: 405459 ns
[2020-08-12T21:56:12.372+0000][6][safepoint    ] Safepoint "Cleanup", Time since last: 1000245863 ns, Reaching safepoint: 591345 ns, At safepoint: 92925 ns, Total: 684270 ns
[2020-08-12T21:56:13.373+0000][6][safepoint    ] Safepoint "Cleanup", Time since last: 1000383137 ns, Reaching safepoint: 842592 ns, At safepoint: 55500 ns, Total: 898092 ns
[2020-08-12T21:56:14.852+0000][6][safepoint    ] Safepoint "Cleanup", Time since last: 1478343129 ns, Reaching safepoint: 564658 ns, At safepoint: 44025 ns, Total: 608683 ns
[2020-08-12T21:56:16.367+0000][6][safepoint    ] Safepoint "Cleanup", Time since last: 1514765964 ns, Reaching safepoint: 448071 ns, At safepoint: 43749 ns, Total: 491820 ns
[2020-08-12T21:56:17.368+0000][6][safepoint    ] Safepoint "Cleanup", Time since last: 1000343338 ns, Reaching safepoint: 636819 ns, At safepoint: 43800 ns, Total: 680619 ns
[2020-08-12T21:56:18.370+0000][6][safepoint    ] Safepoint "Cleanup", Time since last: 1000344875 ns, Reaching safepoint: 837343 ns, At safepoint: 43537 ns, Total: 880880 ns
[2020-08-12T21:56:19.371+0000][6][safepoint    ] Safepoint "Cleanup", Time since last: 1000390212 ns, Reaching safepoint: 583932 ns, At safepoint: 45662 ns, Total: 629594 ns
[2020-08-12T21:56:21.369+0000][6][safepoint    ] Safepoint "Cleanup", Time since last: 1997369154 ns, Reaching safepoint: 1073866 ns, At safepoint: 57037 ns, Total: 1130903 ns
[2020-08-12T21:56:22.371+0000][6][safepoint    ] Safepoint "Cleanup", Time since last: 1000448674 ns, Reaching safepoint: 866892 ns, At safepoint: 43800 ns, Total: 910692 ns
[2020-08-12T21:56:23.372+0000][6][safepoint    ] Safepoint "Cleanup", Time since last: 1000437511 ns, Reaching safepoint: 801681 ns, At safepoint: 53649 ns, Total: 855330 ns
[2020-08-12T21:56:24.373+0000][6][safepoint    ] Safepoint "Cleanup", Time since last: 1000402650 ns, Reaching safepoint: 590070 ns, At safepoint: 154398 ns, Total: 744468 ns
[2020-08-12T21:56:25.839+0000][6][safepoint    ] Safepoint "Cleanup", Time since last: 1464819572 ns, Reaching safepoint: 884455 ns, At safepoint: 38025 ns, Total: 922480 ns
[2020-08-12T21:56:26.845+0000][6][safepoint    ] Safepoint "Cleanup", Time since last: 1005567205 ns, Reaching safepoint: 918454 ns, At safepoint: 45887 ns, Total: 964341 ns
[2020-08-12T21:56:27.847+0000][6][safepoint    ] Safepoint "Cleanup", Time since last: 1000342700 ns, Reaching safepoint: 903105 ns, At safepoint: 45425 ns, Total: 948530 ns
[2020-08-12T21:56:28.847+0000][6][safepoint    ] Safepoint "Cleanup", Time since last: 1000441536 ns, Reaching safepoint: 447971 ns, At safepoint: 43900 ns, Total: 491871 ns
[2020-08-12T21:56:29.849+0000][6][safepoint    ] Safepoint "Cleanup", Time since last: 1000319288 ns, Reaching safepoint: 710756 ns, At safepoint: 50275 ns, Total: 761031 ns
[2020-08-12T21:56:30.850+0000][6][safepoint    ] Safepoint "Cleanup", Time since last: 1000381136 ns, Reaching safepoint: 559221 ns, At safepoint: 44137 ns, Total: 603358 ns
[2020-08-12T21:56:31.850+0000][6][safepoint    ] Safepoint "Cleanup", Time since last: 1000412237 ns, Reaching safepoint: 477746 ns, At safepoint: 52412 ns, Total: 530158 ns
[2020-08-12T21:56:32.852+0000][6][safepoint    ] Safepoint "Cleanup", Time since last: 1000338775 ns, Reaching safepoint: 817230 ns, At safepoint: 55849 ns, Total: 873079 ns
[2020-08-12T21:56:33.852+0000][6][safepoint    ] Safepoint "Cleanup", Time since last: 1000340326 ns, Reaching safepoint: 246872 ns, At safepoint: 11750 ns, Total: 258622 ns
[2020-08-12T21:56:34.853+0000][6][safepoint    ] Safepoint "Cleanup", Time since last: 1000244001 ns, Reaching safepoint: 651632 ns, At safepoint: 44349 ns, Total: 695981 ns
[2020-08-12T21:56:36.369+0000][6][safepoint    ] Safepoint "Cleanup", Time since last: 1515346484 ns, Reaching safepoint: 561483 ns, At safepoint: 55937 ns, Total: 617420 ns
[2020-08-12T21:56:37.370+0000][6][safepoint    ] Safepoint "Cleanup", Time since last: 1000290675 ns, Reaching safepoint: 332847 ns, At safepoint: 16663 ns, Total: 349510 ns
[2020-08-12T21:56:38.371+0000][6][safepoint    ] Safepoint "Cleanup", Time since last: 1000266750 ns, Reaching safepoint: 591583 ns, At safepoint: 43099 ns, Total: 634682 ns
[2020-08-12T21:56:39.372+0000][6][safepoint    ] Safepoint "Cleanup", Time since last: 1000393600 ns, Reaching safepoint: 451984 ns, At safepoint: 43724 ns, Total: 495708 ns
[2020-08-12T21:56:40.373+0000][6][safepoint    ] Safepoint "Cleanup", Time since last: 1000581948 ns, Reaching safepoint: 553758 ns, At safepoint: 43199 ns, Total: 596957 ns
[2020-08-12T21:56:41.374+0000][6][safepoint    ] Safepoint "Cleanup", Time since last: 1000616735 ns, Reaching safepoint: 547046 ns, At safepoint: 43424 ns, Total: 590470 ns
[2020-08-12T21:56:42.375+0000][6][safepoint    ] Safepoint "Cleanup", Time since last: 1000343438 ns, Reaching safepoint: 621444 ns, At safepoint: 44175 ns, Total: 665619 ns
[2020-08-12T21:56:43.376+0000][6][safepoint    ] Safepoint "Cleanup", Time since last: 1000336912 ns, Reaching safepoint: 660107 ns, At safepoint: 43462 ns, Total: 703569 ns
[2020-08-12T21:56:44.377+0000][6][safepoint    ] Safepoint "Cleanup", Time since last: 1000350975 ns, Reaching safepoint: 835068 ns, At safepoint: 68387 ns, Total: 903455 ns
[2020-08-12T21:56:46.158+0000][6][safepoint    ] Safepoint "Cleanup", Time since last: 1780232699 ns, Reaching safepoint: 379422 ns, At safepoint: 11450 ns, Total: 390872 ns
[2020-08-12T21:56:47.160+0000][6][safepoint    ] Safepoint "Cleanup", Time since last: 1001639939 ns, Reaching safepoint: 813743 ns, At safepoint: 51587 ns, Total: 865330 ns
[2020-08-12T21:56:48.162+0000][6][safepoint    ] Safepoint "Cleanup", Time since last: 1000343324 ns, Reaching safepoint: 681669 ns, At safepoint: 43588 ns, Total: 725257 ns
[2020-08-12T21:56:49.162+0000][6][safepoint    ] Safepoint "Cleanup", Time since last: 1000390687 ns, Reaching safepoint: 515320 ns, At safepoint: 43362 ns, Total: 558682 ns
[2020-08-12T21:56:50.163+0000][6][safepoint    ] Safepoint "Cleanup", Time since last: 1000330950 ns, Reaching safepoint: 580058 ns, At safepoint: 38937 ns, Total: 618995 ns
[2020-08-12T21:56:51.164+0000][6][safepoint    ] Safepoint "Cleanup", Time since last: 1000292100 ns, Reaching safepoint: 572108 ns, At safepoint: 38625 ns, Total: 610733 ns
[2020-08-12T21:56:52.165+0000][6][safepoint    ] Safepoint "Cleanup", Time since last: 1000321275 ns, Reaching safepoint: 657557 ns, At safepoint: 51649 ns, Total: 709206 ns
[2020-08-12T21:56:53.167+0000][6][safepoint    ] Safepoint "Cleanup", Time since last: 1000338900 ns, Reaching safepoint: 855893 ns, At safepoint: 50624 ns, Total: 906517 ns
[2020-08-12T21:56:54.167+0000][6][safepoint    ] Safepoint "Cleanup", Time since last: 1000305551 ns, Reaching safepoint: 370934 ns, At safepoint: 21887 ns, Total: 392821 ns
[2020-08-12T21:56:55.168+0000][6][safepoint    ] Safepoint "Cleanup", Time since last: 1000222564 ns, Reaching safepoint: 534670 ns, At safepoint: 33587 ns, Total: 568257 ns
[2020-08-12T21:56:56.760+0000][6][safepoint    ] Safepoint "Cleanup", Time since last: 1591441774 ns, Reaching safepoint: 752931 ns, At safepoint: 45912 ns, Total: 798843 ns
[2020-08-12T21:56:57.761+0000][6][safepoint    ] Safepoint "Cleanup", Time since last: 1000345875 ns, Reaching safepoint: 554008 ns, At safepoint: 44049 ns, Total: 598057 ns
[2020-08-12T21:56:58.762+0000][6][safepoint    ] Safepoint "Cleanup", Time since last: 1000326601 ns, Reaching safepoint: 600207 ns, At safepoint: 74224 ns, Total: 674431 ns
[2020-08-12T21:56:59.764+0000][6][safepoint    ] Safepoint "Cleanup", Time since last: 1000311538 ns, Reaching safepoint: 873067 ns, At safepoint: 64712 ns, Total: 937779 ns
[2020-08-12T21:57:01.373+0000][6][safepoint    ] Safepoint "Cleanup", Time since last: 1609084809 ns, Reaching safepoint: 484071 ns, At safepoint: 56399 ns, Total: 540470 ns
[2020-08-12T21:57:02.374+0000][6][safepoint    ] Safepoint "Cleanup", Time since last: 1000336151 ns, Reaching safepoint: 656994 ns, At safepoint: 45512 ns, Total: 702506 ns
[2020-08-12T21:57:03.375+0000][6][safepoint    ] Safepoint "Cleanup", Time since last: 1000339675 ns, Reaching safepoint: 678094 ns, At safepoint: 43174 ns, Total: 721268 ns
[2020-08-12T21:57:04.376+0000][6][safepoint    ] Safepoint "Cleanup", Time since last: 1000343375 ns, Reaching safepoint: 713694 ns, At safepoint: 44087 ns, Total: 757781 ns
[2020-08-12T21:57:05.400+0000][6][safepoint    ] Safepoint "Cleanup", Time since last: 1023312476 ns, Reaching safepoint: 381884 ns, At safepoint: 21425 ns, Total: 403309 ns
[2020-08-12T21:57:06.401+0000][6][safepoint    ] Safepoint "Cleanup", Time since last: 1000299600 ns, Reaching safepoint: 272723 ns, At safepoint: 11225 ns, Total: 283948 ns
[2020-08-12T21:57:07.402+0000][6][safepoint    ] Safepoint "Cleanup", Time since last: 1000170326 ns, Reaching safepoint: 647232 ns, At safepoint: 74175 ns, Total: 721407 ns
[2020-08-12T21:57:08.403+0000][6][safepoint    ] Safepoint "Cleanup", Time since last: 1000390511 ns, Reaching safepoint: 790556 ns, At safepoint: 42912 ns, Total: 833468 ns
[2020-08-12T21:57:09.404+0000][6][safepoint    ] Safepoint "Cleanup", Time since last: 1000401975 ns, Reaching safepoint: 856167 ns, At safepoint: 43900 ns, Total: 900067 ns
[2020-08-12T21:57:10.405+0000][6][safepoint    ] Safepoint "Cleanup", Time since last: 1000349250 ns, Reaching safepoint: 830930 ns, At safepoint: 55475 ns, Total: 886405 ns
[2020-08-12T21:57:11.406+0000][6][safepoint    ] Safepoint "Cleanup", Time since last: 1000286725 ns, Reaching safepoint: 442971 ns, At safepoint: 12288 ns, Total: 455259 ns
[2020-08-12T21:57:12.407+0000][6][safepoint    ] Safepoint "Cleanup", Time since last: 1000219026 ns, Reaching safepoint: 547807 ns, At safepoint: 39788 ns, Total: 587595 ns
[2020-08-12T21:57:13.408+0000][6][safepoint    ] Safepoint "Cleanup", Time since last: 1000465523 ns, Reaching safepoint: 685844 ns, At safepoint: 46413 ns, Total: 732257 ns
[2020-08-12T21:57:14.409+0000][6][safepoint    ] Safepoint "Cleanup", Time since last: 1000347799 ns, Reaching safepoint: 873618 ns, At safepoint: 43125 ns, Total: 916743 ns
[2020-08-12T21:57:16.189+0000][6][safepoint    ] Safepoint "Cleanup", Time since last: 1778887185 ns, Reaching safepoint: 708944 ns, At safepoint: 37450 ns, Total: 746394 ns
[2020-08-12T21:57:17.428+0000][6][safepoint    ] Safepoint "Cleanup", Time since last: 1238576746 ns, Reaching safepoint: 775531 ns, At safepoint: 55337 ns, Total: 830868 ns
[2020-08-12T21:57:18.429+0000][6][safepoint    ] Safepoint "Cleanup", Time since last: 1000352925 ns, Reaching safepoint: 619357 ns, At safepoint: 44437 ns, Total: 663794 ns
[2020-08-12T21:57:19.430+0000][6][safepoint    ] Safepoint "Cleanup", Time since last: 1000320525 ns, Reaching safepoint: 695307 ns, At safepoint: 34050 ns, Total: 729357 ns
[2020-08-12T21:57:21.375+0000][6][safepoint    ] Safepoint "Cleanup", Time since last: 1944267964 ns, Reaching safepoint: 561308 ns, At safepoint: 43724 ns, Total: 605032 ns
[2020-08-12T21:57:22.376+0000][6][safepoint    ] Safepoint "Cleanup", Time since last: 1000347125 ns, Reaching safepoint: 653907 ns, At safepoint: 43837 ns, Total: 697744 ns
[2020-08-12T21:57:23.378+0000][6][safepoint    ] Safepoint "Cleanup", Time since last: 1000342862 ns, Reaching safepoint: 813331 ns, At safepoint: 43187 ns, Total: 856518 ns
[2020-08-12T21:57:24.379+0000][6][safepoint    ] Safepoint "Cleanup", Time since last: 1000369662 ns, Reaching safepoint: 592508 ns, At safepoint: 44812 ns, Total: 637320 ns
[2020-08-12T21:57:25.737+0000][6][safepoint    ] Safepoint "Cleanup", Time since last: 1357411091 ns, Reaching safepoint: 850467 ns, At safepoint: 50962 ns, Total: 901429 ns
[2020-08-12T21:57:26.743+0000][6][safepoint    ] Safepoint "Cleanup", Time since last: 1005090172 ns, Reaching safepoint: 818305 ns, At safepoint: 43787 ns, Total: 862092 ns
[2020-08-12T21:57:27.744+0000][6][safepoint    ] Safepoint "Cleanup", Time since last: 1000404625 ns, Reaching safepoint: 908417 ns, At safepoint: 56249 ns, Total: 964666 ns
[2020-08-12T21:57:28.745+0000][6][safepoint    ] Safepoint "Cleanup", Time since last: 1000339200 ns, Reaching safepoint: 670407 ns, At safepoint: 55537 ns, Total: 725944 ns
[2020-08-12T21:57:29.746+0000][6][safepoint    ] Safepoint "Cleanup", Time since last: 1000353212 ns, Reaching safepoint: 725844 ns, At safepoint: 45212 ns, Total: 771056 ns
[2020-08-12T21:57:30.748+0000][6][safepoint    ] Safepoint "Cleanup", Time since last: 1000343750 ns, Reaching safepoint: 896055 ns, At safepoint: 47274 ns, Total: 943329 ns
[2020-08-12T21:57:31.749+0000][6][safepoint    ] Safepoint "Cleanup", Time since last: 1000489049 ns, Reaching safepoint: 850818 ns, At safepoint: 66187 ns, Total: 917005 ns
[2020-08-12T21:57:32.750+0000][6][safepoint    ] Safepoint "Cleanup", Time since last: 1000327300 ns, Reaching safepoint: 864530 ns, At safepoint: 46899 ns, Total: 911429 ns
[2020-08-12T21:57:33.751+0000][6][safepoint    ] Safepoint "Cleanup", Time since last: 1000295463 ns, Reaching safepoint: 567920 ns, At safepoint: 20950 ns, Total: 588870 ns
[2020-08-12T21:57:34.752+0000][6][safepoint    ] Safepoint "Cleanup", Time since last: 1000237401 ns, Reaching safepoint: 555658 ns, At safepoint: 27162 ns, Total: 582820 ns
[2020-08-12T21:57:36.372+0000][6][safepoint    ] Safepoint "Cleanup", Time since last: 1619683341 ns, Reaching safepoint: 381922 ns, At safepoint: 17200 ns, Total: 399122 ns
[2020-08-12T21:57:37.373+0000][6][safepoint    ] Safepoint "Cleanup", Time since last: 1000203476 ns, Reaching safepoint: 503246 ns, At safepoint: 23949 ns, Total: 527195 ns
[2020-08-12T21:57:38.374+0000][6][safepoint    ] Safepoint "Cleanup", Time since last: 1000278163 ns, Reaching safepoint: 577020 ns, At safepoint: 44875 ns, Total: 621895 ns
[2020-08-12T21:57:39.375+0000][6][safepoint    ] Safepoint "Cleanup", Time since last: 1000384375 ns, Reaching safepoint: 469946 ns, At safepoint: 30874 ns, Total: 500820 ns
[2020-08-12T21:57:40.378+0000][6][safepoint    ] Safepoint "BulkRevokeBias", Time since last: 999968791 ns, Reaching safepoint: 1677835 ns, At safepoint: 1866109 ns, Total: 3543944 ns
[2020-08-12T21:57:41.380+0000][6][safepoint    ] Safepoint "Cleanup", Time since last: 1000793071 ns, Reaching safepoint: 646845 ns, At safepoint: 27449 ns, Total: 674294 ns
[2020-08-12T21:57:42.381+0000][6][safepoint    ] Safepoint "Cleanup", Time since last: 1000255876 ns, Reaching safepoint: 878768 ns, At safepoint: 43774 ns, Total: 922542 ns
[2020-08-12T21:57:43.382+0000][6][safepoint    ] Safepoint "Cleanup", Time since last: 1000381700 ns, Reaching safepoint: 890842 ns, At safepoint: 44737 ns, Total: 935579 ns
[2020-08-12T21:57:44.383+0000][6][safepoint    ] Safepoint "Cleanup", Time since last: 1000283951 ns, Reaching safepoint: 555595 ns, At safepoint: 20625 ns, Total: 576220 ns
[2020-08-12T21:57:46.373+0000][6][safepoint    ] Safepoint "Cleanup", Time since last: 1990174328 ns, Reaching safepoint: 251198 ns, At safepoint: 10575 ns, Total: 261773 ns
[2020-08-12T21:57:47.375+0000][6][safepoint    ] Safepoint "Cleanup", Time since last: 1000229464 ns, Reaching safepoint: 910342 ns, At safepoint: 43912 ns, Total: 954254 ns
[2020-08-12T21:57:48.376+0000][6][safepoint    ] Safepoint "Cleanup", Time since last: 1000455924 ns, Reaching safepoint: 621032 ns, At safepoint: 45137 ns, Total: 666169 ns
[2020-08-12T21:57:49.376+0000][6][safepoint    ] Safepoint "Cleanup", Time since last: 1000351900 ns, Reaching safepoint: 448046 ns, At safepoint: 26875 ns, Total: 474921 ns
[2020-08-12T21:57:50.380+0000][6][safepoint    ] Safepoint "Cleanup", Time since last: 1000264188 ns, Reaching safepoint: 2770288 ns, At safepoint: 84237 ns, Total: 2854525 ns
[2020-08-12T21:57:51.380+0000][6][safepoint    ] Safepoint "Cleanup", Time since last: 1000279975 ns, Reaching safepoint: 541671 ns, At safepoint: 27712 ns, Total: 569383 ns
[2020-08-12T21:57:52.382+0000][6][safepoint    ] Safepoint "Cleanup", Time since last: 1000259201 ns, Reaching safepoint: 767943 ns, At safepoint: 46762 ns, Total: 814705 ns
[2020-08-12T21:57:53.383+0000][6][safepoint    ] Safepoint "Cleanup", Time since last: 1000400887 ns, Reaching safepoint: 699832 ns, At safepoint: 51787 ns, Total: 751619 ns
[2020-08-12T21:57:54.384+0000][6][safepoint    ] Safepoint "Cleanup", Time since last: 1000399149 ns, Reaching safepoint: 590582 ns, At safepoint: 51575 ns, Total: 642157 ns
[2020-08-12T21:57:55.837+0000][6][safepoint    ] Safepoint "Cleanup", Time since last: 1453173060 ns, Reaching safepoint: 357060 ns, At safepoint: 11362 ns, Total: 368422 ns
[2020-08-12T21:57:55.843+0000][6][safepoint    ] Safepoint "BulkRevokeBias", Time since last: 1263402 ns, Reaching safepoint: 3903153 ns, At safepoint: 1024892 ns, Total: 4928045 ns
[2020-08-12T21:57:56.844+0000][6][safepoint    ] Safepoint "Cleanup", Time since last: 1000255025 ns, Reaching safepoint: 667657 ns, At safepoint: 43925 ns, Total: 711582 ns
[2020-08-12T21:57:57.846+0000][6][safepoint    ] Safepoint "Cleanup", Time since last: 1000347712 ns, Reaching safepoint: 893505 ns, At safepoint: 42962 ns, Total: 936467 ns
[2020-08-12T21:57:58.847+0000][6][safepoint    ] Safepoint "Cleanup", Time since last: 1000336837 ns, Reaching safepoint: 521058 ns, At safepoint: 19413 ns, Total: 540471 ns
[2020-08-12T21:57:59.848+0000][6][safepoint    ] Safepoint "Cleanup", Time since last: 1000234926 ns, Reaching safepoint: 868780 ns, At safepoint: 42949 ns, Total: 911729 ns
[2020-08-12T21:58:01.382+0000][6][safepoint    ] Safepoint "Cleanup", Time since last: 1533805336 ns, Reaching safepoint: 638857 ns, At safepoint: 24713 ns, Total: 663570 ns
[2020-08-12T21:58:02.383+0000][6][safepoint    ] Safepoint "Cleanup", Time since last: 1000254038 ns, Reaching safepoint: 824255 ns, At safepoint: 45487 ns, Total: 869742 ns
[2020-08-12T21:58:03.384+0000][6][safepoint    ] Safepoint "Cleanup", Time since last: 1000347550 ns, Reaching safepoint: 733994 ns, At safepoint: 42850 ns, Total: 776844 ns
[2020-08-12T21:58:04.386+0000][6][safepoint    ] Safepoint "Cleanup", Time since last: 1000360250 ns, Reaching safepoint: 907179 ns, At safepoint: 44000 ns, Total: 951179 ns
[2020-08-12T21:58:06.382+0000][6][safepoint    ] Safepoint "Cleanup", Time since last: 1996334875 ns, Reaching safepoint: 254748 ns, At safepoint: 10900 ns, Total: 265648 ns
[2020-08-12T21:58:07.383+0000][6][safepoint    ] Safepoint "Cleanup", Time since last: 1000199838 ns, Reaching safepoint: 355910 ns, At safepoint: 15962 ns, Total: 371872 ns
[2020-08-12T21:58:08.384+0000][6][safepoint    ] Safepoint "Cleanup", Time since last: 1000203914 ns, Reaching safepoint: 1068028 ns, At safepoint: 67349 ns, Total: 1135377 ns
[2020-08-12T21:58:09.385+0000][6][safepoint    ] Safepoint "Cleanup", Time since last: 1000398375 ns, Reaching safepoint: 731431 ns, At safepoint: 69887 ns, Total: 801318 ns
[2020-08-12T21:58:10.388+0000][6][safepoint    ] Safepoint "Cleanup", Time since last: 1000435336 ns, Reaching safepoint: 2276481 ns, At safepoint: 62887 ns, Total: 2339368 ns
[2020-08-12T21:58:11.389+0000][6][safepoint    ] Safepoint "Cleanup", Time since last: 1000306500 ns, Reaching safepoint: 405884 ns, At safepoint: 23637 ns, Total: 429521 ns
[2020-08-12T21:58:12.390+0000][6][safepoint    ] Safepoint "Cleanup", Time since last: 1000275351 ns, Reaching safepoint: 567720 ns, At safepoint: 112324 ns, Total: 680044 ns
[2020-08-12T21:58:13.391+0000][6][safepoint    ] Safepoint "Cleanup", Time since last: 1000340950 ns, Reaching safepoint: 661494 ns, At safepoint: 48038 ns, Total: 709532 ns
[2020-08-12T21:58:14.392+0000][6][safepoint    ] Safepoint "Cleanup", Time since last: 1000341662 ns, Reaching safepoint: 660532 ns, At safepoint: 43874 ns, Total: 704406 ns
[2020-08-12T21:58:16.382+0000][6][safepoint    ] Safepoint "Cleanup", Time since last: 1989433998 ns, Reaching safepoint: 430833 ns, At safepoint: 57712 ns, Total: 488545 ns
[2020-08-12T21:58:17.383+0000][6][safepoint    ] Safepoint "Cleanup", Time since last: 1000344925 ns, Reaching safepoint: 631595 ns, At safepoint: 45149 ns, Total: 676744 ns
[2020-08-12T21:58:18.384+0000][6][safepoint    ] Safepoint "Cleanup", Time since last: 1000339763 ns, Reaching safepoint: 930704 ns, At safepoint: 44275 ns, Total: 974979 ns
[2020-08-12T21:58:19.385+0000][6][safepoint    ] Safepoint "Cleanup", Time since last: 1000338675 ns, Reaching safepoint: 725456 ns, At safepoint: 51725 ns, Total: 777181 ns
[2020-08-12T21:58:21.385+0000][6][safepoint    ] Safepoint "Cleanup", Time since last: 1999281024 ns, Reaching safepoint: 534908 ns, At safepoint: 73300 ns, Total: 608208 ns
[2020-08-12T21:58:22.386+0000][6][safepoint    ] Safepoint "Cleanup", Time since last: 1000342662 ns, Reaching safepoint: 727756 ns, At safepoint: 51812 ns, Total: 779568 ns
[2020-08-12T21:58:23.388+0000][6][safepoint    ] Safepoint "Cleanup", Time since last: 1000396900 ns, Reaching safepoint: 648169 ns, At safepoint: 43037 ns, Total: 691206 ns
[2020-08-12T21:58:24.389+0000][6][safepoint    ] Safepoint "Cleanup", Time since last: 1000428125 ns, Reaching safepoint: 590744 ns, At safepoint: 51038 ns, Total: 641782 ns
[2020-08-12T21:58:25.822+0000][6][safepoint    ] Safepoint "Cleanup", Time since last: 1433052184 ns, Reaching safepoint: 535571 ns, At safepoint: 44812 ns, Total: 580383 ns
[2020-08-12T21:58:26.841+0000][6][safepoint    ] Safepoint "Cleanup", Time since last: 1017513188 ns, Reaching safepoint: 841531 ns, At safepoint: 43012 ns, Total: 884543 ns
[2020-08-12T21:58:27.842+0000][6][safepoint    ] Safepoint "Cleanup", Time since last: 1000344587 ns, Reaching safepoint: 786206 ns, At safepoint: 42875 ns, Total: 829081 ns
[2020-08-12T21:58:28.843+0000][6][safepoint    ] Safepoint "Cleanup", Time since last: 1000396574 ns, Reaching safepoint: 1185215 ns, At safepoint: 54074 ns, Total: 1239289 ns
[2020-08-12T21:58:29.845+0000][6][safepoint    ] Safepoint "Cleanup", Time since last: 1000330763 ns, Reaching safepoint: 842530 ns, At safepoint: 43625 ns, Total: 886155 ns
[2020-08-12T21:58:30.846+0000][6][safepoint    ] Safepoint "Cleanup", Time since last: 1000341275 ns, Reaching safepoint: 814793 ns, At safepoint: 43299 ns, Total: 858092 ns
[2020-08-12T21:58:31.847+0000][6][safepoint    ] Safepoint "Cleanup", Time since last: 1000419887 ns, Reaching safepoint: 961779 ns, At safepoint: 57825 ns, Total: 1019604 ns
[2020-08-12T21:58:32.848+0000][6][safepoint    ] Safepoint "Cleanup", Time since last: 1000344300 ns, Reaching safepoint: 673406 ns, At safepoint: 52400 ns, Total: 725806 ns
[2020-08-12T21:58:33.850+0000][6][safepoint    ] Safepoint "Cleanup", Time since last: 1000335137 ns, Reaching safepoint: 1037454 ns, At safepoint: 54774 ns, Total: 1092228 ns
[2020-08-12T21:58:34.851+0000][6][safepoint    ] Safepoint "Cleanup", Time since last: 1000374597 ns, Reaching safepoint: 784519 ns, At safepoint: 45462 ns, Total: 829981 ns
[2020-08-12T21:58:36.453+0000][6][safepoint    ] Safepoint "Cleanup", Time since last: 1601764212 ns, Reaching safepoint: 519271 ns, At safepoint: 42737 ns, Total: 562008 ns
[2020-08-12T21:58:37.454+0000][6][safepoint    ] Safepoint "Cleanup", Time since last: 1000335867 ns, Reaching safepoint: 533121 ns, At safepoint: 42850 ns, Total: 575971 ns
[2020-08-12T21:58:38.455+0000][6][safepoint    ] Safepoint "Cleanup", Time since last: 1000343492 ns, Reaching safepoint: 630982 ns, At safepoint: 43825 ns, Total: 674807 ns
[2020-08-12T21:58:39.456+0000][6][safepoint    ] Safepoint "Cleanup", Time since last: 1000340355 ns, Reaching safepoint: 652656 ns, At safepoint: 51312 ns, Total: 703968 ns
[2020-08-12T21:58:41.388+0000][6][safepoint    ] Safepoint "Cleanup", Time since last: 1931081251 ns, Reaching safepoint: 282672 ns, At safepoint: 11950 ns, Total: 294622 ns
[2020-08-12T21:58:42.389+0000][6][safepoint    ] Safepoint "Cleanup", Time since last: 1000334942 ns, Reaching safepoint: 789594 ns, At safepoint: 43212 ns, Total: 832806 ns
[2020-08-12T21:58:43.390+0000][6][safepoint    ] Safepoint "Cleanup", Time since last: 1000389417 ns, Reaching safepoint: 772906 ns, At safepoint: 46362 ns, Total: 819268 ns
[2020-08-12T21:58:44.392+0000][6][safepoint    ] Safepoint "Cleanup", Time since last: 1000323405 ns, Reaching safepoint: 1353951 ns, At safepoint: 51337 ns, Total: 1405288 ns
[2020-08-12T21:58:45.259+0000][6][safepoint    ] Safepoint "BulkRevokeBias", Time since last: 865816769 ns, Reaching safepoint: 397222 ns, At safepoint: 1348788 ns, Total: 1746010 ns
[2020-08-12T21:58:46.385+0000][6][safepoint    ] Safepoint "Cleanup", Time since last: 1124778090 ns, Reaching safepoint: 483696 ns, At safepoint: 28188 ns, Total: 511884 ns
[2020-08-12T21:58:47.385+0000][6][safepoint    ] Safepoint "Cleanup", Time since last: 1000214443 ns, Reaching safepoint: 488133 ns, At safepoint: 34413 ns, Total: 522546 ns
[2020-08-12T21:58:48.386+0000][6][safepoint    ] Safepoint "Cleanup", Time since last: 1000292618 ns, Reaching safepoint: 747368 ns, At safepoint: 51537 ns, Total: 798905 ns
[2020-08-12T21:58:49.387+0000][6][safepoint    ] Safepoint "Cleanup", Time since last: 1000389967 ns, Reaching safepoint: 602408 ns, At safepoint: 45887 ns, Total: 648295 ns
[2020-08-12T21:58:50.391+0000][6][safepoint    ] Safepoint "Cleanup", Time since last: 1002331887 ns, Reaching safepoint: 858706 ns, At safepoint: 43262 ns, Total: 901968 ns
[2020-08-12T21:58:51.391+0000][6][safepoint    ] Safepoint "Cleanup", Time since last: 1000331167 ns, Reaching safepoint: 255636 ns, At safepoint: 11062 ns, Total: 266698 ns
[2020-08-12T21:58:52.392+0000][6][safepoint    ] Safepoint "Cleanup", Time since last: 1000225156 ns, Reaching safepoint: 746106 ns, At safepoint: 53512 ns, Total: 799618 ns
[2020-08-12T21:58:53.394+0000][6][safepoint    ] Safepoint "Cleanup", Time since last: 1000339618 ns, Reaching safepoint: 810618 ns, At safepoint: 43737 ns, Total: 854355 ns
[2020-08-12T21:58:54.395+0000][6][safepoint    ] Safepoint "Cleanup", Time since last: 1000404267 ns, Reaching safepoint: 794418 ns, At safepoint: 43137 ns, Total: 837555 ns
[2020-08-12T21:58:55.675+0000][6][safepoint    ] Safepoint "Cleanup", Time since last: 1279169017 ns, Reaching safepoint: 873792 ns, At safepoint: 141099 ns, Total: 1014891 ns
[2020-08-12T21:58:56.684+0000][6][safepoint    ] Safepoint "Cleanup", Time since last: 1008383185 ns, Reaching safepoint: 629720 ns, At safepoint: 38662 ns, Total: 668382 ns
[2020-08-12T21:58:57.685+0000][6][safepoint    ] Safepoint "Cleanup", Time since last: 1000326955 ns, Reaching safepoint: 747806 ns, At safepoint: 45550 ns, Total: 793356 ns
[2020-08-12T21:58:58.686+0000][6][safepoint    ] Safepoint "Cleanup", Time since last: 1000386154 ns, Reaching safepoint: 671507 ns, At safepoint: 54787 ns, Total: 726294 ns
[2020-08-12T21:58:59.688+0000][6][safepoint    ] Safepoint "Cleanup", Time since last: 1000381392 ns, Reaching safepoint: 915142 ns, At safepoint: 42875 ns, Total: 958017 ns
[2020-08-12T21:59:01.389+0000][6][safepoint    ] Safepoint "Cleanup", Time since last: 1700613057 ns, Reaching safepoint: 793006 ns, At safepoint: 43912 ns, Total: 836918 ns
[2020-08-12T21:59:02.390+0000][6][safepoint    ] Safepoint "Cleanup", Time since last: 1000344942 ns, Reaching safepoint: 813081 ns, At safepoint: 42862 ns, Total: 855943 ns
[2020-08-12T21:59:03.391+0000][6][safepoint    ] Safepoint "Cleanup", Time since last: 1000337505 ns, Reaching safepoint: 805618 ns, At safepoint: 43175 ns, Total: 848793 ns
[2020-08-12T21:59:04.393+0000][6][safepoint    ] Safepoint "Cleanup", Time since last: 1000341805 ns, Reaching safepoint: 841517 ns, At safepoint: 43250 ns, Total: 884767 ns
[2020-08-12T21:59:06.405+0000][6][safepoint    ] Safepoint "Cleanup", Time since last: 2011920763 ns, Reaching safepoint: 259835 ns, At safepoint: 11025 ns, Total: 270860 ns
[2020-08-12T21:59:07.405+0000][6][safepoint    ] Safepoint "Cleanup", Time since last: 1000262931 ns, Reaching safepoint: 334072 ns, At safepoint: 15837 ns, Total: 349909 ns
[2020-08-12T21:59:08.407+0000][6][safepoint    ] Safepoint "Cleanup", Time since last: 1000252068 ns, Reaching safepoint: 956692 ns, At safepoint: 43987 ns, Total: 1000679 ns
[2020-08-12T21:59:09.408+0000][6][safepoint    ] Safepoint "Cleanup", Time since last: 1000376417 ns, Reaching safepoint: 586658 ns, At safepoint: 43274 ns, Total: 629932 ns
[2020-08-12T21:59:10.409+0000][6][safepoint    ] Safepoint "Cleanup", Time since last: 1000393392 ns, Reaching safepoint: 703057 ns, At safepoint: 37225 ns, Total: 740282 ns
[2020-08-12T21:59:11.410+0000][6][safepoint    ] Safepoint "Cleanup", Time since last: 1000310255 ns, Reaching safepoint: 370334 ns, At safepoint: 18100 ns, Total: 388434 ns
[2020-08-12T21:59:12.411+0000][6][safepoint    ] Safepoint "Cleanup", Time since last: 1000248143 ns, Reaching safepoint: 679957 ns, At safepoint: 51000 ns, Total: 730957 ns
[2020-08-12T21:59:13.412+0000][6][safepoint    ] Safepoint "Cleanup", Time since last: 1000408341 ns, Reaching safepoint: 597570 ns, At safepoint: 52525 ns, Total: 650095 ns
[2020-08-12T21:59:14.413+0000][6][safepoint    ] Safepoint "Cleanup", Time since last: 1000397842 ns, Reaching safepoint: 579582 ns, At safepoint: 43650 ns, Total: 623232 ns
[2020-08-12T21:59:16.391+0000][6][safepoint    ] Safepoint "Cleanup", Time since last: 1978193180 ns, Reaching safepoint: 488495 ns, At safepoint: 44137 ns, Total: 532632 ns
[2020-08-12T21:59:17.393+0000][6][safepoint    ] Safepoint "Cleanup", Time since last: 1000472579 ns, Reaching safepoint: 849880 ns, At safepoint: 42750 ns, Total: 892630 ns
[2020-08-12T21:59:18.394+0000][6][safepoint    ] Safepoint "Cleanup", Time since last: 1000388867 ns, Reaching safepoint: 907055 ns, At safepoint: 70874 ns, Total: 977929 ns
[2020-08-12T21:59:19.395+0000][6][safepoint    ] Safepoint "Cleanup", Time since last: 1000344555 ns, Reaching safepoint: 620995 ns, At safepoint: 46075 ns, Total: 667070 ns
[2020-08-12T21:59:21.392+0000][6][safepoint    ] Safepoint "Cleanup", Time since last: 1996131861 ns, Reaching safepoint: 748181 ns, At safepoint: 44412 ns, Total: 792593 ns
[2020-08-12T21:59:22.393+0000][6][safepoint    ] Safepoint "Cleanup", Time since last: 1000330156 ns, Reaching safepoint: 640982 ns, At safepoint: 44337 ns, Total: 685319 ns
[2020-08-12T21:59:23.394+0000][6][safepoint    ] Safepoint "Cleanup", Time since last: 1000357680 ns, Reaching safepoint: 664944 ns, At safepoint: 52999 ns, Total: 717943 ns
[2020-08-12T21:59:24.395+0000][6][safepoint    ] Safepoint "Cleanup", Time since last: 1000368255 ns, Reaching safepoint: 566520 ns, At safepoint: 44937 ns, Total: 611457 ns
[2020-08-12T21:59:25.705+0000][6][safepoint    ] Safepoint "Cleanup", Time since last: 1309468792 ns, Reaching safepoint: 444334 ns, At safepoint: 29825 ns, Total: 474159 ns
[2020-08-12T21:59:26.710+0000][6][safepoint    ] Safepoint "Cleanup", Time since last: 1004279908 ns, Reaching safepoint: 968192 ns, At safepoint: 45162 ns, Total: 1013354 ns
[2020-08-12T21:59:27.711+0000][6][safepoint    ] Safepoint "Cleanup", Time since last: 1000354255 ns, Reaching safepoint: 561770 ns, At safepoint: 44025 ns, Total: 605795 ns
[2020-08-12T21:59:28.712+0000][6][safepoint    ] Safepoint "Cleanup", Time since last: 1000343755 ns, Reaching safepoint: 686644 ns, At safepoint: 54562 ns, Total: 741206 ns
[2020-08-12T21:59:29.713+0000][6][safepoint    ] Safepoint "Cleanup", Time since last: 1000346692 ns, Reaching safepoint: 629307 ns, At safepoint: 44162 ns, Total: 673469 ns
[2020-08-12T21:59:30.714+0000][6][safepoint    ] Safepoint "Cleanup", Time since last: 1000343818 ns, Reaching safepoint: 593845 ns, At safepoint: 43449 ns, Total: 637294 ns
[2020-08-12T21:59:31.915+0000][6][safepoint    ] Safepoint "Cleanup", Time since last: 1199562881 ns, Reaching safepoint: 563558 ns, At safepoint: 43537 ns, Total: 607095 ns
[2020-08-12T21:59:32.915+0000][6][safepoint    ] Safepoint "Cleanup", Time since last: 1000381655 ns, Reaching safepoint: 400746 ns, At safepoint: 42850 ns, Total: 443596 ns
[2020-08-12T21:59:33.916+0000][6][safepoint    ] Safepoint "Cleanup", Time since last: 1000302430 ns, Reaching safepoint: 302647 ns, At safepoint: 11588 ns, Total: 314235 ns
[2020-08-12T21:59:34.917+0000][6][safepoint    ] Safepoint "Cleanup", Time since last: 1000204494 ns, Reaching safepoint: 438358 ns, At safepoint: 43325 ns, Total: 481683 ns
[2020-08-12T21:59:36.390+0000][6][safepoint    ] Safepoint "Cleanup", Time since last: 1473227600 ns, Reaching safepoint: 363997 ns, At safepoint: 13675 ns, Total: 377672 ns
[2020-08-12T21:59:37.391+0000][6][safepoint    ] Safepoint "Cleanup", Time since last: 1000175156 ns, Reaching safepoint: 901855 ns, At safepoint: 17662 ns, Total: 919517 ns
[2020-08-12T21:59:38.392+0000][6][safepoint    ] Safepoint "Cleanup", Time since last: 1000247581 ns, Reaching safepoint: 663557 ns, At safepoint: 44199 ns, Total: 707756 ns
[2020-08-12T21:59:39.393+0000][6][safepoint    ] Safepoint "Cleanup", Time since last: 1000314230 ns, Reaching safepoint: 530771 ns, At safepoint: 32375 ns, Total: 563146 ns
[2020-08-12T21:59:41.394+0000][6][safepoint    ] Safepoint "Cleanup", Time since last: 1999820330 ns, Reaching safepoint: 459508 ns, At safepoint: 53300 ns, Total: 512808 ns
[2020-08-12T21:59:42.395+0000][6][safepoint    ] Safepoint "Cleanup", Time since last: 1000386779 ns, Reaching safepoint: 792293 ns, At safepoint: 42500 ns, Total: 834793 ns
[2020-08-12T21:59:43.396+0000][6][safepoint    ] Safepoint "Cleanup", Time since last: 1000376405 ns, Reaching safepoint: 870267 ns, At safepoint: 65937 ns, Total: 936204 ns
[2020-08-12T21:59:44.397+0000][6][safepoint    ] Safepoint "Cleanup", Time since last: 1000291631 ns, Reaching safepoint: 370584 ns, At safepoint: 42825 ns, Total: 413409 ns
[2020-08-12T21:59:46.395+0000][6][safepoint    ] Safepoint "Cleanup", Time since last: 1998041045 ns, Reaching safepoint: 479208 ns, At safepoint: 14800 ns, Total: 494008 ns
[2020-08-12T21:59:47.396+0000][6][safepoint    ] Safepoint "Cleanup", Time since last: 1000251056 ns, Reaching safepoint: 723581 ns, At safepoint: 43762 ns, Total: 767343 ns
[2020-08-12T21:59:48.397+0000][6][safepoint    ] Safepoint "Cleanup", Time since last: 1000292756 ns, Reaching safepoint: 387009 ns, At safepoint: 35887 ns, Total: 422896 ns
[2020-08-12T21:59:49.398+0000][6][safepoint    ] Safepoint "Cleanup", Time since last: 1000288968 ns, Reaching safepoint: 469096 ns, At safepoint: 43012 ns, Total: 512108 ns
[2020-08-12T21:59:50.399+0000][6][safepoint    ] Safepoint "Cleanup", Time since last: 1000412242 ns, Reaching safepoint: 813543 ns, At safepoint: 55274 ns, Total: 868817 ns
[2020-08-12T21:59:51.400+0000][6][safepoint    ] Safepoint "Cleanup", Time since last: 1000296418 ns, Reaching safepoint: 303773 ns, At safepoint: 19937 ns, Total: 323710 ns
[2020-08-12T21:59:52.401+0000][6][safepoint    ] Safepoint "Cleanup", Time since last: 1000250793 ns, Reaching safepoint: 485646 ns, At safepoint: 43800 ns, Total: 529446 ns
[2020-08-12T21:59:53.402+0000][6][safepoint    ] Safepoint "Cleanup", Time since last: 1000336817 ns, Reaching safepoint: 713132 ns, At safepoint: 43149 ns, Total: 756281 ns
[2020-08-12T21:59:54.403+0000][6][safepoint    ] Safepoint "Cleanup", Time since last: 1000340643 ns, Reaching safepoint: 622694 ns, At safepoint: 44538 ns, Total: 667232 ns
[2020-08-12T21:59:55.839+0000][6][safepoint    ] Safepoint "Cleanup", Time since last: 1435414452 ns, Reaching safepoint: 436071 ns, At safepoint: 54524 ns, Total: 490595 ns
[2020-08-12T21:59:56.851+0000][6][safepoint    ] Safepoint "Cleanup", Time since last: 1012078829 ns, Reaching safepoint: 811130 ns, At safepoint: 43375 ns, Total: 854505 ns
[2020-08-12T21:59:57.853+0000][6][safepoint    ] Safepoint "Cleanup", Time since last: 1000339168 ns, Reaching safepoint: 891117 ns, At safepoint: 43362 ns, Total: 934479 ns
[2020-08-12T21:59:58.854+0000][6][safepoint    ] Safepoint "Cleanup", Time since last: 1000385130 ns, Reaching safepoint: 1152302 ns, At safepoint: 55025 ns, Total: 1207327 ns
[2020-08-12T21:59:59.855+0000][6][safepoint    ] Safepoint "Cleanup", Time since last: 1000331017 ns, Reaching safepoint: 670419 ns, At safepoint: 44300 ns, Total: 714719 ns
[2020-08-12T22:00:01.399+0000][6][safepoint    ] Safepoint "Cleanup", Time since last: 1542795423 ns, Reaching safepoint: 979566 ns, At safepoint: 54412 ns, Total: 1033978 ns
[2020-08-12T22:00:02.401+0000][6][safepoint    ] Safepoint "Cleanup", Time since last: 1000391643 ns, Reaching safepoint: 881629 ns, At safepoint: 42413 ns, Total: 924042 ns
[2020-08-12T22:00:03.401+0000][6][safepoint    ] Safepoint "Cleanup", Time since last: 1000302667 ns, Reaching safepoint: 513858 ns, At safepoint: 25538 ns, Total: 539396 ns
[2020-08-12T22:00:04.402+0000][6][safepoint    ] Safepoint "Cleanup", Time since last: 1000252430 ns, Reaching safepoint: 679107 ns, At safepoint: 32900 ns, Total: 712007 ns
[2020-08-12T22:00:05.399+0000][6][safepoint    ] Safepoint "BulkRevokeBias", Time since last: 992525485 ns, Reaching safepoint: 350172 ns, At safepoint: 4232988 ns, Total: 4583160 ns
[2020-08-12T22:00:06.401+0000][6][safepoint    ] Safepoint "Cleanup", Time since last: 1000584066 ns, Reaching safepoint: 752618 ns, At safepoint: 43012 ns, Total: 795630 ns
[2020-08-12T22:00:07.402+0000][6][safepoint    ] Safepoint "Cleanup", Time since last: 1000322205 ns, Reaching safepoint: 511046 ns, At safepoint: 27725 ns, Total: 538771 ns
[2020-08-12T22:00:08.403+0000][6][safepoint    ] Safepoint "Cleanup", Time since last: 1000286343 ns, Reaching safepoint: 803805 ns, At safepoint: 69850 ns, Total: 873655 ns
[2020-08-12T22:00:09.404+0000][6][safepoint    ] Safepoint "Cleanup", Time since last: 1000402717 ns, Reaching safepoint: 612707 ns, At safepoint: 144611 ns, Total: 757318 ns
[2020-08-12T22:00:10.405+0000][6][safepoint    ] Safepoint "Cleanup", Time since last: 1000346055 ns, Reaching safepoint: 770306 ns, At safepoint: 43400 ns, Total: 813706 ns
[2020-08-12T22:00:11.410+0000][6][safepoint    ] Safepoint "Cleanup", Time since last: 1002056590 ns, Reaching safepoint: 2710114 ns, At safepoint: 79499 ns, Total: 2789613 ns
[2020-08-12T22:00:12.411+0000][6][safepoint    ] Safepoint "Cleanup", Time since last: 1000321430 ns, Reaching safepoint: 628920 ns, At safepoint: 45112 ns, Total: 674032 ns
[2020-08-12T22:00:13.412+0000][6][safepoint    ] Safepoint "Cleanup", Time since last: 1000348080 ns, Reaching safepoint: 489958 ns, At safepoint: 90312 ns, Total: 580270 ns
[2020-08-12T22:00:14.413+0000][6][safepoint    ] Safepoint "Cleanup", Time since last: 1000468904 ns, Reaching safepoint: 540195 ns, At safepoint: 45362 ns, Total: 585557 ns
[2020-08-12T22:00:15.439+0000][6][safepoint    ] Safepoint "BulkRevokeBias", Time since last: 983450226 ns, Reaching safepoint: 40585774 ns, At safepoint: 1631048 ns, Total: 42216822 ns
[2020-08-12T22:00:16.442+0000][6][safepoint    ] Safepoint "Cleanup", Time since last: 1002998770 ns, Reaching safepoint: 710706 ns, At safepoint: 43825 ns, Total: 754531 ns
[2020-08-12T22:00:17.444+0000][6][safepoint    ] Safepoint "Cleanup", Time since last: 1000389867 ns, Reaching safepoint: 867943 ns, At safepoint: 44024 ns, Total: 911967 ns
[2020-08-12T22:00:18.445+0000][6][safepoint    ] Safepoint "Cleanup", Time since last: 1000409330 ns, Reaching safepoint: 1123602 ns, At safepoint: 56150 ns, Total: 1179752 ns
[2020-08-12T22:00:19.623+0000][6][safepoint    ] Safepoint "Cleanup", Time since last: 1177492422 ns, Reaching safepoint: 632132 ns, At safepoint: 65399 ns, Total: 697531 ns
[2020-08-12T22:00:21.399+0000][6][safepoint    ] Safepoint "Cleanup", Time since last: 1775165300 ns, Reaching safepoint: 535282 ns, At safepoint: 19325 ns, Total: 554607 ns
[2020-08-12T22:00:22.400+0000][6][safepoint    ] Safepoint "Cleanup", Time since last: 1000243206 ns, Reaching safepoint: 719581 ns, At safepoint: 43225 ns, Total: 762806 ns
[2020-08-12T22:00:23.401+0000][6][safepoint    ] Safepoint "Cleanup", Time since last: 1000347055 ns, Reaching safepoint: 643519 ns, At safepoint: 43475 ns, Total: 686994 ns
[2020-08-12T22:00:24.402+0000][6][safepoint    ] Safepoint "Cleanup", Time since last: 1000346780 ns, Reaching safepoint: 631382 ns, At safepoint: 43575 ns, Total: 674957 ns
[2020-08-12T22:00:25.957+0000][6][safepoint    ] Safepoint "Cleanup", Time since last: 1553985638 ns, Reaching safepoint: 488021 ns, At safepoint: 38362 ns, Total: 526383 ns
[2020-08-12T22:00:27.273+0000][6][safepoint    ] Safepoint "Cleanup", Time since last: 1315945911 ns, Reaching safepoint: 546683 ns, At safepoint: 45099 ns, Total: 591782 ns
[2020-08-12T22:00:28.274+0000][6][safepoint    ] Safepoint "Cleanup", Time since last: 1000342518 ns, Reaching safepoint: 663119 ns, At safepoint: 42912 ns, Total: 706031 ns
[2020-08-12T22:00:29.275+0000][6][safepoint    ] Safepoint "Cleanup", Time since last: 1000274793 ns, Reaching safepoint: 427122 ns, At safepoint: 13612 ns, Total: 440734 ns
[2020-08-12T22:00:30.276+0000][6][safepoint    ] Safepoint "Cleanup", Time since last: 1000247356 ns, Reaching safepoint: 841318 ns, At safepoint: 44162 ns, Total: 885480 ns
[2020-08-12T22:00:31.277+0000][6][safepoint    ] Safepoint "Cleanup", Time since last: 1000316405 ns, Reaching safepoint: 749944 ns, At safepoint: 39424 ns, Total: 789368 ns
[2020-08-12T22:00:32.278+0000][6][safepoint    ] Safepoint "Cleanup", Time since last: 1000325980 ns, Reaching safepoint: 809481 ns, At safepoint: 45112 ns, Total: 854593 ns
[2020-08-12T22:00:33.279+0000][6][safepoint    ] Safepoint "Cleanup", Time since last: 1000334068 ns, Reaching safepoint: 544820 ns, At safepoint: 43437 ns, Total: 588257 ns
[2020-08-12T22:00:34.280+0000][6][safepoint    ] Safepoint "Cleanup", Time since last: 1000297193 ns, Reaching safepoint: 652957 ns, At safepoint: 32537 ns, Total: 685494 ns
[2020-08-12T22:00:35.281+0000][6][safepoint    ] Safepoint "Cleanup", Time since last: 1000224906 ns, Reaching safepoint: 378659 ns, At safepoint: 16975 ns, Total: 395634 ns
[2020-08-12T22:00:36.399+0000][6][safepoint    ] Safepoint "Cleanup", Time since last: 1117205281 ns, Reaching safepoint: 825005 ns, At safepoint: 43613 ns, Total: 868618 ns
[2020-08-12T22:00:37.188+0000][6][safepoint    ] Safepoint "BulkRevokeBias", Time since last: 785467852 ns, Reaching safepoint: 510795 ns, At safepoint: 2778039 ns, Total: 3288834 ns
[2020-08-12T22:00:38.193+0000][6][safepoint    ] Safepoint "Cleanup", Time since last: 1003900412 ns, Reaching safepoint: 1253239 ns, At safepoint: 57174 ns, Total: 1310413 ns
[2020-08-12T22:00:39.194+0000][6][safepoint    ] Safepoint "Cleanup", Time since last: 1000342018 ns, Reaching safepoint: 512470 ns, At safepoint: 47575 ns, Total: 560045 ns
[2020-08-12T22:00:40.195+0000][6][safepoint    ] Safepoint "Cleanup", Time since last: 1000317442 ns, Reaching safepoint: 385422 ns, At safepoint: 30262 ns, Total: 415684 ns
[2020-08-12T22:00:41.402+0000][6][safepoint    ] Safepoint "Cleanup", Time since last: 1206401035 ns, Reaching safepoint: 566945 ns, At safepoint: 42924 ns, Total: 609869 ns
[2020-08-12T22:00:42.403+0000][6][safepoint    ] Safepoint "Cleanup", Time since last: 1000394480 ns, Reaching safepoint: 446271 ns, At safepoint: 43750 ns, Total: 490021 ns
[2020-08-12T22:00:43.404+0000][6][safepoint    ] Safepoint "Cleanup", Time since last: 1000362954 ns, Reaching safepoint: 574508 ns, At safepoint: 42825 ns, Total: 617333 ns
[2020-08-12T22:00:44.405+0000][6][safepoint    ] Safepoint "Cleanup", Time since last: 1000359454 ns, Reaching safepoint: 732494 ns, At safepoint: 73487 ns, Total: 805981 ns
[2020-08-12T22:00:46.398+0000][6][safepoint    ] Safepoint "Cleanup", Time since last: 1992907940 ns, Reaching safepoint: 547945 ns, At safepoint: 38100 ns, Total: 586045 ns
[2020-08-12T22:00:47.399+0000][6][safepoint    ] Safepoint "Cleanup", Time since last: 1000315380 ns, Reaching safepoint: 520945 ns, At safepoint: 43638 ns, Total: 564583 ns
[2020-08-12T22:00:48.400+0000][6][safepoint    ] Safepoint "Cleanup", Time since last: 1000307480 ns, Reaching safepoint: 382822 ns, At safepoint: 26587 ns, Total: 409409 ns
[2020-08-12T22:00:49.401+0000][6][safepoint    ] Safepoint "Cleanup", Time since last: 1000444891 ns, Reaching safepoint: 620970 ns, At safepoint: 24187 ns, Total: 645157 ns
[2020-08-12T22:00:50.403+0000][6][safepoint    ] Safepoint "Cleanup", Time since last: 1000681427 ns, Reaching safepoint: 1232927 ns, At safepoint: 92362 ns, Total: 1325289 ns
[2020-08-12T22:00:51.404+0000][6][safepoint    ] Safepoint "Cleanup", Time since last: 1000282555 ns, Reaching safepoint: 594158 ns, At safepoint: 141536 ns, Total: 735694 ns
[2020-08-12T22:00:52.405+0000][6][safepoint    ] Safepoint "Cleanup", Time since last: 1000352380 ns, Reaching safepoint: 420609 ns, At safepoint: 63487 ns, Total: 484096 ns
[2020-08-12T22:00:53.407+0000][6][safepoint    ] Safepoint "Cleanup", Time since last: 1001824679 ns, Reaching safepoint: 753931 ns, At safepoint: 65400 ns, Total: 819331 ns
[2020-08-12T22:00:54.408+0000][6][safepoint    ] Safepoint "Cleanup", Time since last: 1000297905 ns, Reaching safepoint: 674119 ns, At safepoint: 30913 ns, Total: 705032 ns
[2020-08-12T22:00:55.690+0000][6][safepoint    ] Safepoint "Cleanup", Time since last: 1280993288 ns, Reaching safepoint: 569695 ns, At safepoint: 26788 ns, Total: 596483 ns
[2020-08-12T22:00:56.902+0000][6][safepoint    ] Safepoint "Cleanup", Time since last: 1210745996 ns, Reaching safepoint: 858093 ns, At safepoint: 35624 ns, Total: 893717 ns
[2020-08-12T22:00:57.903+0000][6][safepoint    ] Safepoint "Cleanup", Time since last: 1000314643 ns, Reaching safepoint: 809043 ns, At safepoint: 43987 ns, Total: 853030 ns
[2020-08-12T22:00:58.905+0000][6][safepoint    ] Safepoint "Cleanup", Time since last: 1000871313 ns, Reaching safepoint: 1440688 ns, At safepoint: 44899 ns, Total: 1485587 ns
[2020-08-12T22:00:59.906+0000][6][safepoint    ] Safepoint "Cleanup", Time since last: 1000368893 ns, Reaching safepoint: 751518 ns, At safepoint: 46800 ns, Total: 798318 ns
[2020-08-12T22:01:00.907+0000][6][safepoint    ] Safepoint "Cleanup", Time since last: 1000301118 ns, Reaching safepoint: 670194 ns, At safepoint: 33374 ns, Total: 703568 ns
[2020-08-12T22:01:01.909+0000][6][safepoint    ] Safepoint "Cleanup", Time since last: 1000273869 ns, Reaching safepoint: 850567 ns, At safepoint: 47212 ns, Total: 897779 ns
[2020-08-12T22:01:02.910+0000][6][safepoint    ] Safepoint "Cleanup", Time since last: 1000268381 ns, Reaching safepoint: 845905 ns, At safepoint: 43125 ns, Total: 889030 ns
[2020-08-12T22:01:03.911+0000][6][safepoint    ] Safepoint "Cleanup", Time since last: 1000412129 ns, Reaching safepoint: 742519 ns, At safepoint: 108149 ns, Total: 850668 ns
[2020-08-12T22:01:04.912+0000][6][safepoint    ] Safepoint "Cleanup", Time since last: 1000305068 ns, Reaching safepoint: 457733 ns, At safepoint: 23225 ns, Total: 480958 ns
[2020-08-12T22:01:06.301+0000][6][safepoint    ] Safepoint "Cleanup", Time since last: 1388228735 ns, Reaching safepoint: 961380 ns, At safepoint: 49087 ns, Total: 1010467 ns
[2020-08-12T22:01:07.328+0000][6][safepoint    ] Safepoint "Cleanup", Time since last: 1026816651 ns, Reaching safepoint: 548307 ns, At safepoint: 20500 ns, Total: 568807 ns
[2020-08-12T22:01:08.330+0000][6][safepoint    ] Safepoint "Cleanup", Time since last: 1000325718 ns, Reaching safepoint: 787793 ns, At safepoint: 51687 ns, Total: 839480 ns
[2020-08-12T22:01:09.330+0000][6][safepoint    ] Safepoint "Cleanup", Time since last: 1000337393 ns, Reaching safepoint: 574320 ns, At safepoint: 33062 ns, Total: 607382 ns
[2020-08-12T22:01:10.331+0000][6][safepoint    ] Safepoint "Cleanup", Time since last: 1000299855 ns, Reaching safepoint: 671107 ns, At safepoint: 43737 ns, Total: 714844 ns
[2020-08-12T22:01:11.333+0000][6][safepoint    ] Safepoint "Cleanup", Time since last: 1000352018 ns, Reaching safepoint: 677456 ns, At safepoint: 44400 ns, Total: 721856 ns
[2020-08-12T22:01:12.334+0000][6][safepoint    ] Safepoint "Cleanup", Time since last: 1000368242 ns, Reaching safepoint: 571720 ns, At safepoint: 44275 ns, Total: 615995 ns
[2020-08-12T22:01:13.335+0000][6][safepoint    ] Safepoint "Cleanup", Time since last: 1000402067 ns, Reaching safepoint: 543970 ns, At safepoint: 44375 ns, Total: 588345 ns
[2020-08-12T22:01:14.336+0000][6][safepoint    ] Safepoint "Cleanup", Time since last: 1000403217 ns, Reaching safepoint: 602744 ns, At safepoint: 45538 ns, Total: 648282 ns
[2020-08-12T22:01:16.270+0000][6][safepoint    ] Safepoint "Cleanup", Time since last: 1933788676 ns, Reaching safepoint: 853330 ns, At safepoint: 42950 ns, Total: 896280 ns
[2020-08-12T22:01:17.271+0000][6][safepoint    ] Safepoint "Cleanup", Time since last: 1000359367 ns, Reaching safepoint: 671982 ns, At safepoint: 33312 ns, Total: 705294 ns
[2020-08-12T22:01:18.273+0000][6][safepoint    ] Safepoint "Cleanup", Time since last: 1000664890 ns, Reaching safepoint: 624332 ns, At safepoint: 32862 ns, Total: 657194 ns
[2020-08-12T22:01:19.273+0000][6][safepoint    ] Safepoint "Cleanup", Time since last: 1000269506 ns, Reaching safepoint: 491633 ns, At safepoint: 25325 ns, Total: 516958 ns
[2020-08-12T22:01:20.274+0000][6][safepoint    ] Safepoint "Cleanup", Time since last: 1000276230 ns, Reaching safepoint: 640945 ns, At safepoint: 43099 ns, Total: 684044 ns
[2020-08-12T22:01:21.447+0000][6][safepoint    ] Safepoint "Cleanup", Time since last: 1162075393 ns, Reaching safepoint: 10702457 ns, At safepoint: 57725 ns, Total: 10760182 ns
[2020-08-12T22:01:22.657+0000][6][safepoint    ] Safepoint "Cleanup", Time since last: 1208028308 ns, Reaching safepoint: 1211889 ns, At safepoint: 64550 ns, Total: 1276439 ns
[2020-08-12T22:01:22.840+0000][6][safepoint    ] Safepoint "BulkRevokeBias", Time since last: 172520344 ns, Reaching safepoint: 8347153 ns, At safepoint: 2508503 ns, Total: 10855656 ns
[2020-08-12T22:01:24.179+0000][6][safepoint    ] Safepoint "Cleanup", Time since last: 1319235895 ns, Reaching safepoint: 19491806 ns, At safepoint: 70850 ns, Total: 19562656 ns
[2020-08-12T22:01:26.208+0000][6][safepoint    ] Safepoint "Cleanup", Time since last: 1587638122 ns, Reaching safepoint: 440057879 ns, At safepoint: 1295951 ns, Total: 441353830 ns
[2020-08-12T22:01:26.774+0000][6][safepoint    ] Safepoint "BulkRevokeBias", Time since last: 543601358 ns, Reaching safepoint: 688882 ns, At safepoint: 21759649 ns, Total: 22448531 ns
[2020-08-12T22:01:28.407+0000][6][safepoint    ] Safepoint "Cleanup", Time since last: 1633346651 ns, Reaching safepoint: 320110 ns, At safepoint: 16475 ns, Total: 336585 ns
[2020-08-12T22:01:30.226+0000][6][safepoint    ] Safepoint "Cleanup", Time since last: 1818313126 ns, Reaching safepoint: 530608 ns, At safepoint: 39724 ns, Total: 570332 ns
