[2020-08-12T19:46:15.337+0000][6][gc,heap] Heap region size: 1M
[2020-08-12T19:46:15.338+0000][6][gc,heap,coops] Heap address: 0x00000000c0000000, size: 1024 MB, Compressed Oops mode: 32-bit
[2020-08-12T19:46:17.136+0000][6][gc           ] Using G1
[2020-08-12T19:46:17.137+0000][6][gc,cds       ] Mark closed archive regions in map: [0x00000000fff00000, 0x00000000fff7eff8]
[2020-08-12T19:46:17.137+0000][6][gc,cds       ] Mark open archive regions in map: [0x00000000ffe00000, 0x00000000ffe51ff8]
[2020-08-12T19:46:17.202+0000][6][gc           ] Periodic GC disabled
[2020-08-12T19:46:18.290+0000][6][safepoint    ] Safepoint "Cleanup", Time since last: 1120912713 ns, Reaching safepoint: 1511987 ns, At safepoint: 20049 ns, Total: 1532036 ns
[2020-08-12T19:46:19.292+0000][6][safepoint    ] Safepoint "Cleanup", Time since last: 1000212506 ns, Reaching safepoint: 1602461 ns, At safepoint: 16487 ns, Total: 1618948 ns
[2020-08-12T19:46:20.683+0000][6][safepoint    ] Safepoint "Cleanup", Time since last: 1389027183 ns, Reaching safepoint: 1820746 ns, At safepoint: 30088 ns, Total: 1850834 ns
[2020-08-12T19:46:22.460+0000][6][safepoint    ] Safepoint "Cleanup", Time since last: 1774736498 ns, Reaching safepoint: 2717677 ns, At safepoint: 14362 ns, Total: 2732039 ns
[2020-08-12T19:46:24.175+0000][6][safepoint    ] Safepoint "Cleanup", Time since last: 1709599599 ns, Reaching safepoint: 5104444 ns, At safepoint: 12162 ns, Total: 5116606 ns
[2020-08-12T19:46:25.177+0000][6][safepoint    ] Safepoint "Cleanup", Time since last: 1001869104 ns, Reaching safepoint: 148736 ns, At safepoint: 14612 ns, Total: 163348 ns
[2020-08-12T19:46:26.180+0000][6][safepoint    ] Safepoint "Cleanup", Time since last: 1000779163 ns, Reaching safepoint: 2151994 ns, At safepoint: 18263 ns, Total: 2170257 ns
[2020-08-12T19:46:26.814+0000][6][gc,start     ] GC(0) Pause Young (Normal) (G1 Evacuation Pause)
[2020-08-12T19:46:26.818+0000][6][gc,task      ] GC(0) Using 2 workers of 2 for evacuation
[2020-08-12T19:46:26.818+0000][6][gc,age       ] GC(0) Desired survivor size 3670016 bytes, new threshold 15 (max threshold 15)
[2020-08-12T19:46:26.861+0000][6][gc,age       ] GC(0) Age table with threshold 15 (max threshold 15)
[2020-08-12T19:46:26.861+0000][6][gc,age       ] GC(0) - age   1:    4844624 bytes,    4844624 total
[2020-08-12T19:46:26.861+0000][6][gc,phases    ] GC(0)   Pre Evacuate Collection Set: 0.4ms
[2020-08-12T19:46:26.861+0000][6][gc,phases    ] GC(0)   Merge Heap Roots: 0.1ms
[2020-08-12T19:46:26.861+0000][6][gc,phases    ] GC(0)   Evacuate Collection Set: 40.3ms
[2020-08-12T19:46:26.861+0000][6][gc,phases    ] GC(0)   Post Evacuate Collection Set: 1.9ms
[2020-08-12T19:46:26.861+0000][6][gc,phases    ] GC(0)   Other: 4.5ms
[2020-08-12T19:46:26.861+0000][6][gc,heap      ] GC(0) Eden regions: 51->0(46)
[2020-08-12T19:46:26.861+0000][6][gc,heap      ] GC(0) Survivor regions: 0->5(7)
[2020-08-12T19:46:26.861+0000][6][gc,heap      ] GC(0) Old regions: 0->0
[2020-08-12T19:46:26.861+0000][6][gc,heap      ] GC(0) Archive regions: 2->2
[2020-08-12T19:46:26.861+0000][6][gc,heap      ] GC(0) Humongous regions: 1->1
[2020-08-12T19:46:26.861+0000][6][gc,metaspace ] GC(0) Metaspace: 11519K(12160K)->11519K(12160K) NonClass: 10091K(10496K)->10091K(10496K) Class: 1428K(1664K)->1428K(1664K)
[2020-08-12T19:46:26.861+0000][6][gc           ] GC(0) Pause Young (Normal) (G1 Evacuation Pause) 52M->6M(1024M) 47.448ms
[2020-08-12T19:46:26.861+0000][6][gc,cpu       ] GC(0) User=0.02s Sys=0.00s Real=0.04s
[2020-08-12T19:46:26.862+0000][6][safepoint    ] Safepoint "G1CollectForAllocation", Time since last: 633505174 ns, Reaching safepoint: 254961 ns, At safepoint: 47662450 ns, Total: 47917411 ns
[2020-08-12T19:46:28.102+0000][6][safepoint    ] Safepoint "Cleanup", Time since last: 1240624553 ns, Reaching safepoint: 206760 ns, At safepoint: 9888 ns, Total: 216648 ns
[2020-08-12T19:46:29.993+0000][6][safepoint    ] Safepoint "Cleanup", Time since last: 1886731706 ns, Reaching safepoint: 3426020 ns, At safepoint: 17937 ns, Total: 3443957 ns
[2020-08-12T19:46:30.996+0000][6][safepoint    ] Safepoint "Cleanup", Time since last: 1000199643 ns, Reaching safepoint: 3272984 ns, At safepoint: 17088 ns, Total: 3290072 ns
[2020-08-12T19:46:31.997+0000][6][safepoint    ] Safepoint "Cleanup", Time since last: 1000862287 ns, Reaching safepoint: 235660 ns, At safepoint: 10875 ns, Total: 246535 ns
[2020-08-12T19:46:32.998+0000][6][safepoint    ] Safepoint "Cleanup", Time since last: 1000189493 ns, Reaching safepoint: 159062 ns, At safepoint: 9199 ns, Total: 168261 ns
[2020-08-12T19:46:33.394+0000][6][gc,start     ] GC(1) Pause Young (Normal) (G1 Evacuation Pause)
[2020-08-12T19:46:33.394+0000][6][gc,task      ] GC(1) Using 2 workers of 2 for evacuation
[2020-08-12T19:46:33.394+0000][6][gc,age       ] GC(1) Desired survivor size 3670016 bytes, new threshold 1 (max threshold 15)
[2020-08-12T19:46:33.467+0000][6][gc,age       ] GC(1) Age table with threshold 1 (max threshold 15)
[2020-08-12T19:46:33.467+0000][6][gc,age       ] GC(1) - age   1:    2593288 bytes,    2593288 total
[2020-08-12T19:46:33.467+0000][6][gc,phases    ] GC(1)   Pre Evacuate Collection Set: 2.9ms
[2020-08-12T19:46:33.467+0000][6][gc,phases    ] GC(1)   Merge Heap Roots: 0.6ms
[2020-08-12T19:46:33.467+0000][6][gc,phases    ] GC(1)   Evacuate Collection Set: 67.3ms
[2020-08-12T19:46:33.467+0000][6][gc,phases    ] GC(1)   Post Evacuate Collection Set: 2.1ms
[2020-08-12T19:46:33.467+0000][6][gc,phases    ] GC(1)   Other: 0.5ms
[2020-08-12T19:46:33.467+0000][6][gc,heap      ] GC(1) Eden regions: 46->0(48)
[2020-08-12T19:46:33.467+0000][6][gc,heap      ] GC(1) Survivor regions: 5->3(7)
[2020-08-12T19:46:33.467+0000][6][gc,heap      ] GC(1) Old regions: 0->5
[2020-08-12T19:46:33.467+0000][6][gc,heap      ] GC(1) Archive regions: 2->2
[2020-08-12T19:46:33.467+0000][6][gc,heap      ] GC(1) Humongous regions: 1->1
[2020-08-12T19:46:33.467+0000][6][gc,metaspace ] GC(1) Metaspace: 14146K(14976K)->14146K(14976K) NonClass: 12455K(13056K)->12455K(13056K) Class: 1691K(1920K)->1691K(1920K)
[2020-08-12T19:46:33.468+0000][6][gc           ] GC(1) Pause Young (Normal) (G1 Evacuation Pause) 52M->9M(1024M) 73.602ms
[2020-08-12T19:46:33.468+0000][6][gc,cpu       ] GC(1) User=0.05s Sys=0.00s Real=0.07s
[2020-08-12T19:46:33.468+0000][6][safepoint    ] Safepoint "G1CollectForAllocation", Time since last: 396092752 ns, Reaching safepoint: 236323 ns, At safepoint: 73783825 ns, Total: 74020148 ns
[2020-08-12T19:46:33.470+0000][6][safepoint    ] Safepoint "BulkRevokeBias", Time since last: 2262168 ns, Reaching safepoint: 164623 ns, At safepoint: 141499 ns, Total: 306122 ns
[2020-08-12T19:46:34.514+0000][6][safepoint    ] Safepoint "Cleanup", Time since last: 1038206677 ns, Reaching safepoint: 5499315 ns, At safepoint: 19612 ns, Total: 5518927 ns
[2020-08-12T19:46:35.531+0000][6][safepoint    ] Safepoint "Cleanup", Time since last: 1000186131 ns, Reaching safepoint: 16511807 ns, At safepoint: 19625 ns, Total: 16531432 ns
[2020-08-12T19:46:36.531+0000][6][safepoint    ] Safepoint "Cleanup", Time since last: 1000204080 ns, Reaching safepoint: 632145 ns, At safepoint: 21687 ns, Total: 653832 ns
[2020-08-12T19:46:36.549+0000][6][gc,start     ] GC(2) Pause Young (Normal) (G1 Evacuation Pause)
[2020-08-12T19:46:36.549+0000][6][gc,task      ] GC(2) Using 2 workers of 2 for evacuation
[2020-08-12T19:46:36.549+0000][6][gc,age       ] GC(2) Desired survivor size 3670016 bytes, new threshold 15 (max threshold 15)
[2020-08-12T19:46:36.570+0000][6][gc,age       ] GC(2) Age table with threshold 15 (max threshold 15)
[2020-08-12T19:46:36.570+0000][6][gc,age       ] GC(2) - age   1:    2933984 bytes,    2933984 total
[2020-08-12T19:46:36.570+0000][6][gc,age       ] GC(2) - age   2:    1673008 bytes,    4606992 total
[2020-08-12T19:46:36.570+0000][6][gc,phases    ] GC(2)   Pre Evacuate Collection Set: 0.3ms
[2020-08-12T19:46:36.570+0000][6][gc,phases    ] GC(2)   Merge Heap Roots: 0.2ms
[2020-08-12T19:46:36.570+0000][6][gc,phases    ] GC(2)   Evacuate Collection Set: 19.0ms
[2020-08-12T19:46:36.570+0000][6][gc,phases    ] GC(2)   Post Evacuate Collection Set: 1.2ms
[2020-08-12T19:46:36.570+0000][6][gc,phases    ] GC(2)   Other: 0.4ms
[2020-08-12T19:46:36.570+0000][6][gc,heap      ] GC(2) Eden regions: 48->0(49)
[2020-08-12T19:46:36.571+0000][6][gc,heap      ] GC(2) Survivor regions: 3->5(7)
[2020-08-12T19:46:36.571+0000][6][gc,heap      ] GC(2) Old regions: 5->5
[2020-08-12T19:46:36.571+0000][6][gc,heap      ] GC(2) Archive regions: 2->2
[2020-08-12T19:46:36.571+0000][6][gc,heap      ] GC(2) Humongous regions: 2->1
[2020-08-12T19:46:36.571+0000][6][gc,metaspace ] GC(2) Metaspace: 17065K(18048K)->17065K(18048K) NonClass: 14960K(15616K)->14960K(15616K) Class: 2105K(2432K)->2105K(2432K)
[2020-08-12T19:46:36.571+0000][6][gc           ] GC(2) Pause Young (Normal) (G1 Evacuation Pause) 58M->10M(1024M) 21.363ms
[2020-08-12T19:46:36.571+0000][6][gc,cpu       ] GC(2) User=0.02s Sys=0.00s Real=0.02s
[2020-08-12T19:46:36.571+0000][6][safepoint    ] Safepoint "G1CollectForAllocation", Time since last: 8154380 ns, Reaching safepoint: 9584429 ns, At safepoint: 21544214 ns, Total: 31128643 ns
[2020-08-12T19:46:36.655+0000][6][safepoint    ] Safepoint "BulkRevokeBias", Time since last: 83846788 ns, Reaching safepoint: 580558 ns, At safepoint: 172611 ns, Total: 753169 ns
[2020-08-12T19:46:36.659+0000][6][safepoint    ] Safepoint "BulkRevokeBias", Time since last: 2661152 ns, Reaching safepoint: 1294438 ns, At safepoint: 135312 ns, Total: 1429750 ns
[2020-08-12T19:46:37.661+0000][6][safepoint    ] Safepoint "Cleanup", Time since last: 1000713638 ns, Reaching safepoint: 790068 ns, At safepoint: 17313 ns, Total: 807381 ns
[2020-08-12T19:46:37.723+0000][6][gc,start     ] GC(3) Pause Young (Normal) (G1 Evacuation Pause)
[2020-08-12T19:46:37.723+0000][6][gc,task      ] GC(3) Using 2 workers of 2 for evacuation
[2020-08-12T19:46:37.723+0000][6][gc,age       ] GC(3) Desired survivor size 3670016 bytes, new threshold 2 (max threshold 15)
[2020-08-12T19:46:37.750+0000][6][gc,age       ] GC(3) Age table with threshold 2 (max threshold 15)
[2020-08-12T19:46:37.750+0000][6][gc,age       ] GC(3) - age   1:    2170168 bytes,    2170168 total
[2020-08-12T19:46:37.750+0000][6][gc,age       ] GC(3) - age   2:    2604368 bytes,    4774536 total
[2020-08-12T19:46:37.750+0000][6][gc,phases    ] GC(3)   Pre Evacuate Collection Set: 0.3ms
[2020-08-12T19:46:37.750+0000][6][gc,phases    ] GC(3)   Merge Heap Roots: 0.1ms
[2020-08-12T19:46:37.750+0000][6][gc,phases    ] GC(3)   Evacuate Collection Set: 25.3ms
[2020-08-12T19:46:37.751+0000][6][gc,phases    ] GC(3)   Post Evacuate Collection Set: 1.3ms
[2020-08-12T19:46:37.751+0000][6][gc,phases    ] GC(3)   Other: 0.4ms
[2020-08-12T19:46:37.751+0000][6][gc,heap      ] GC(3) Eden regions: 49->0(64)
[2020-08-12T19:46:37.751+0000][6][gc,heap      ] GC(3) Survivor regions: 5->5(7)
[2020-08-12T19:46:37.751+0000][6][gc,heap      ] GC(3) Old regions: 5->7
[2020-08-12T19:46:37.751+0000][6][gc,heap      ] GC(3) Archive regions: 2->2
[2020-08-12T19:46:37.751+0000][6][gc,heap      ] GC(3) Humongous regions: 1->1
[2020-08-12T19:46:37.751+0000][6][gc,metaspace ] GC(3) Metaspace: 17175K(18048K)->17175K(18048K) NonClass: 15064K(15616K)->15064K(15616K) Class: 2111K(2432K)->2111K(2432K)
[2020-08-12T19:46:37.751+0000][6][gc           ] GC(3) Pause Young (Normal) (G1 Evacuation Pause) 59M->12M(1024M) 27.675ms
[2020-08-12T19:46:37.751+0000][6][gc,cpu       ] GC(3) User=0.03s Sys=0.00s Real=0.03s
[2020-08-12T19:46:37.751+0000][6][safepoint    ] Safepoint "G1CollectForAllocation", Time since last: 61915865 ns, Reaching safepoint: 120724 ns, At safepoint: 27862371 ns, Total: 27983095 ns
[2020-08-12T19:46:38.759+0000][6][safepoint    ] Safepoint "Cleanup", Time since last: 1007494905 ns, Reaching safepoint: 146361 ns, At safepoint: 8738 ns, Total: 155099 ns
[2020-08-12T19:46:38.795+0000][6][gc,start     ] GC(4) Pause Young (Normal) (G1 Evacuation Pause)
[2020-08-12T19:46:38.795+0000][6][gc,task      ] GC(4) Using 2 workers of 2 for evacuation
[2020-08-12T19:46:38.795+0000][6][gc,age       ] GC(4) Desired survivor size 4718592 bytes, new threshold 2 (max threshold 15)
[2020-08-12T19:46:38.811+0000][6][gc,age       ] GC(4) Age table with threshold 2 (max threshold 15)
[2020-08-12T19:46:38.811+0000][6][gc,age       ] GC(4) - age   1:     865552 bytes,     865552 total
[2020-08-12T19:46:38.811+0000][6][gc,age       ] GC(4) - age   2:     101832 bytes,     967384 total
[2020-08-12T19:46:38.811+0000][6][gc,phases    ] GC(4)   Pre Evacuate Collection Set: 0.3ms
[2020-08-12T19:46:38.811+0000][6][gc,phases    ] GC(4)   Merge Heap Roots: 0.2ms
[2020-08-12T19:46:38.811+0000][6][gc,phases    ] GC(4)   Evacuate Collection Set: 10.7ms
[2020-08-12T19:46:38.811+0000][6][gc,phases    ] GC(4)   Post Evacuate Collection Set: 4.6ms
[2020-08-12T19:46:38.812+0000][6][gc,phases    ] GC(4)   Other: 0.5ms
[2020-08-12T19:46:38.812+0000][6][gc,heap      ] GC(4) Eden regions: 64->0(476)
[2020-08-12T19:46:38.812+0000][6][gc,heap      ] GC(4) Survivor regions: 5->2(9)
[2020-08-12T19:46:38.812+0000][6][gc,heap      ] GC(4) Old regions: 7->9
[2020-08-12T19:46:38.812+0000][6][gc,heap      ] GC(4) Archive regions: 2->2
[2020-08-12T19:46:38.812+0000][6][gc,heap      ] GC(4) Humongous regions: 1->1
[2020-08-12T19:46:38.812+0000][6][gc,metaspace ] GC(4) Metaspace: 17304K(18304K)->17304K(18304K) NonClass: 15180K(15872K)->15180K(15872K) Class: 2123K(2432K)->2123K(2432K)
[2020-08-12T19:46:38.812+0000][6][gc           ] GC(4) Pause Young (Normal) (G1 Evacuation Pause) 76M->12M(1024M) 16.502ms
[2020-08-12T19:46:38.812+0000][6][gc,cpu       ] GC(4) User=0.01s Sys=0.01s Real=0.01s
[2020-08-12T19:46:38.812+0000][6][safepoint    ] Safepoint "G1CollectForAllocation", Time since last: 36385498 ns, Reaching safepoint: 207536 ns, At safepoint: 16673168 ns, Total: 16880704 ns
[2020-08-12T19:46:38.813+0000][6][safepoint    ] Safepoint "BulkRevokeBias", Time since last: 375297 ns, Reaching safepoint: 167161 ns, At safepoint: 205773 ns, Total: 372934 ns
[2020-08-12T19:46:39.880+0000][6][safepoint    ] Safepoint "Cleanup", Time since last: 1066876829 ns, Reaching safepoint: 139074 ns, At safepoint: 9600 ns, Total: 148674 ns
[2020-08-12T19:46:40.880+0000][6][safepoint    ] Safepoint "Cleanup", Time since last: 1000193268 ns, Reaching safepoint: 219510 ns, At safepoint: 12550 ns, Total: 232060 ns
[2020-08-12T19:46:42.594+0000][6][safepoint    ] Safepoint "Cleanup", Time since last: 1713053907 ns, Reaching safepoint: 1040654 ns, At safepoint: 12475 ns, Total: 1053129 ns
[2020-08-12T19:46:44.595+0000][6][safepoint    ] Safepoint "Cleanup", Time since last: 2000292086 ns, Reaching safepoint: 222686 ns, At safepoint: 16212 ns, Total: 238898 ns
[2020-08-12T19:46:46.561+0000][6][safepoint    ] Safepoint "Cleanup", Time since last: 1966270444 ns, Reaching safepoint: 311797 ns, At safepoint: 8638 ns, Total: 320435 ns
[2020-08-12T19:46:47.562+0000][6][safepoint    ] Safepoint "Cleanup", Time since last: 1000688476 ns, Reaching safepoint: 211173 ns, At safepoint: 10537 ns, Total: 221710 ns
[2020-08-12T19:46:48.563+0000][6][gc,start     ] GC(5) Pause Young (Normal) (G1 Evacuation Pause)
[2020-08-12T19:46:48.563+0000][6][gc,task      ] GC(5) Using 2 workers of 2 for evacuation
[2020-08-12T19:46:48.563+0000][6][gc,age       ] GC(5) Desired survivor size 31457280 bytes, new threshold 15 (max threshold 15)
[2020-08-12T19:46:48.612+0000][6][gc,age       ] GC(5) Age table with threshold 15 (max threshold 15)
[2020-08-12T19:46:48.612+0000][6][gc,age       ] GC(5) - age   1:    6191240 bytes,    6191240 total
[2020-08-12T19:46:48.612+0000][6][gc,age       ] GC(5) - age   2:     341128 bytes,    6532368 total
[2020-08-12T19:46:48.612+0000][6][gc,age       ] GC(5) - age   3:     101832 bytes,    6634200 total
[2020-08-12T19:46:48.612+0000][6][gc,phases    ] GC(5)   Pre Evacuate Collection Set: 0.5ms
[2020-08-12T19:46:48.612+0000][6][gc,phases    ] GC(5)   Merge Heap Roots: 0.2ms
[2020-08-12T19:46:48.612+0000][6][gc,phases    ] GC(5)   Evacuate Collection Set: 45.5ms
[2020-08-12T19:46:48.612+0000][6][gc,phases    ] GC(5)   Post Evacuate Collection Set: 2.4ms
[2020-08-12T19:46:48.613+0000][6][gc,phases    ] GC(5)   Other: 0.7ms
[2020-08-12T19:46:48.613+0000][6][gc,heap      ] GC(5) Eden regions: 476->0(439)
[2020-08-12T19:46:48.613+0000][6][gc,heap      ] GC(5) Survivor regions: 2->7(60)
[2020-08-12T19:46:48.613+0000][6][gc,heap      ] GC(5) Old regions: 9->9
[2020-08-12T19:46:48.613+0000][6][gc,heap      ] GC(5) Archive regions: 2->2
[2020-08-12T19:46:48.613+0000][6][gc,heap      ] GC(5) Humongous regions: 1->1
[2020-08-12T19:46:48.613+0000][6][gc,metaspace ] GC(5) Metaspace: 19606K(20992K)->19606K(20992K) NonClass: 17196K(18176K)->17196K(18176K) Class: 2409K(2816K)->2409K(2816K)
[2020-08-12T19:46:48.613+0000][6][gc           ] GC(5) Pause Young (Normal) (G1 Evacuation Pause) 488M->17M(1024M) 49.610ms
[2020-08-12T19:46:48.613+0000][6][gc,cpu       ] GC(5) User=0.04s Sys=0.00s Real=0.05s
[2020-08-12T19:46:48.613+0000][6][safepoint    ] Safepoint "G1CollectForAllocation", Time since last: 1000779163 ns, Reaching safepoint: 173274 ns, At safepoint: 49834357 ns, Total: 50007631 ns
[2020-08-12T19:46:48.628+0000][6][safepoint    ] Safepoint "BulkRevokeBias", Time since last: 7151975 ns, Reaching safepoint: 7840832 ns, At safepoint: 317610 ns, Total: 8158442 ns
[2020-08-12T19:46:48.636+0000][6][safepoint    ] Safepoint "BulkRevokeBias", Time since last: 160449 ns, Reaching safepoint: 7596134 ns, At safepoint: 232573 ns, Total: 7828707 ns
[2020-08-12T19:46:49.643+0000][6][safepoint    ] Safepoint "Cleanup", Time since last: 1006677512 ns, Reaching safepoint: 175211 ns, At safepoint: 13950 ns, Total: 189161 ns
[2020-08-12T19:46:50.656+0000][6][safepoint    ] Safepoint "Cleanup", Time since last: 1004807628 ns, Reaching safepoint: 7945656 ns, At safepoint: 48162 ns, Total: 7993818 ns
[2020-08-12T19:46:51.424+0000][6][gc,start     ] GC(6) Pause Young (Concurrent Start) (Metadata GC Threshold)
[2020-08-12T19:46:51.424+0000][6][gc,task      ] GC(6) Using 2 workers of 2 for evacuation
[2020-08-12T19:46:51.424+0000][6][gc,age       ] GC(6) Desired survivor size 29360128 bytes, new threshold 15 (max threshold 15)
[2020-08-12T19:46:51.487+0000][6][gc,age       ] GC(6) Age table with threshold 15 (max threshold 15)
[2020-08-12T19:46:51.487+0000][6][gc,age       ] GC(6) - age   1:    1547088 bytes,    1547088 total
[2020-08-12T19:46:51.488+0000][6][gc,age       ] GC(6) - age   2:    5464232 bytes,    7011320 total
[2020-08-12T19:46:51.488+0000][6][gc,age       ] GC(6) - age   3:     341128 bytes,    7352448 total
[2020-08-12T19:46:51.488+0000][6][gc,age       ] GC(6) - age   4:     101544 bytes,    7453992 total
[2020-08-12T19:46:51.488+0000][6][gc,phases    ] GC(6)   Pre Evacuate Collection Set: 0.6ms
[2020-08-12T19:46:51.488+0000][6][gc,phases    ] GC(6)   Merge Heap Roots: 0.3ms
[2020-08-12T19:46:51.488+0000][6][gc,phases    ] GC(6)   Evacuate Collection Set: 58.4ms
[2020-08-12T19:46:51.488+0000][6][gc,phases    ] GC(6)   Post Evacuate Collection Set: 3.1ms
[2020-08-12T19:46:51.488+0000][6][gc,phases    ] GC(6)   Other: 1.1ms
[2020-08-12T19:46:51.488+0000][6][gc,heap      ] GC(6) Eden regions: 193->0(606)
[2020-08-12T19:46:51.488+0000][6][gc,heap      ] GC(6) Survivor regions: 7->8(56)
[2020-08-12T19:46:51.488+0000][6][gc,heap      ] GC(6) Old regions: 9->9
[2020-08-12T19:46:51.488+0000][6][gc,heap      ] GC(6) Archive regions: 2->2
[2020-08-12T19:46:51.488+0000][6][gc,heap      ] GC(6) Humongous regions: 1->1
[2020-08-12T19:46:51.488+0000][6][gc,metaspace ] GC(6) Metaspace: 19828K(21248K)->19828K(21248K) NonClass: 17386K(18432K)->17386K(18432K) Class: 2442K(2816K)->2442K(2816K)
[2020-08-12T19:46:51.488+0000][6][gc           ] GC(6) Pause Young (Concurrent Start) (Metadata GC Threshold) 210M->18M(1024M) 64.116ms
[2020-08-12T19:46:51.488+0000][6][gc,cpu       ] GC(6) User=0.03s Sys=0.00s Real=0.06s
[2020-08-12T19:46:51.489+0000][6][gc           ] GC(7) Concurrent Cycle
[2020-08-12T19:46:51.489+0000][6][gc,marking   ] GC(7) Concurrent Clear Claimed Marks
[2020-08-12T19:46:51.491+0000][6][gc,marking   ] GC(7) Concurrent Clear Claimed Marks 2.429ms
[2020-08-12T19:46:51.491+0000][6][gc,marking   ] GC(7) Concurrent Scan Root Regions
[2020-08-12T19:46:51.494+0000][6][safepoint    ] Safepoint "CollectForMetadataAllocation", Time since last: 765025413 ns, Reaching safepoint: 3196060 ns, At safepoint: 70146207 ns, Total: 73342267 ns
[2020-08-12T19:46:51.500+0000][6][gc,marking   ] GC(7) Concurrent Scan Root Regions 8.929ms
[2020-08-12T19:46:51.500+0000][6][gc,marking   ] GC(7) Concurrent Mark (36.197s)
[2020-08-12T19:46:51.500+0000][6][gc,marking   ] GC(7) Concurrent Mark From Roots
[2020-08-12T19:46:51.501+0000][6][gc,task      ] GC(7) Using 1 workers of 1 for marking
[2020-08-12T19:46:51.677+0000][6][gc,marking   ] GC(7) Concurrent Mark From Roots 176.551ms
[2020-08-12T19:46:51.677+0000][6][gc,marking   ] GC(7) Concurrent Preclean
[2020-08-12T19:46:51.677+0000][6][gc,marking   ] GC(7) Concurrent Preclean 0.263ms
[2020-08-12T19:46:51.677+0000][6][gc,marking   ] GC(7) Concurrent Mark (36.197s, 36.374s) 176.989ms
[2020-08-12T19:46:51.685+0000][6][gc,start     ] GC(7) Pause Remark
[2020-08-12T19:46:51.708+0000][6][gc           ] GC(7) Pause Remark 21M->21M(1024M) 22.713ms
[2020-08-12T19:46:51.708+0000][6][gc,cpu       ] GC(7) User=0.01s Sys=0.00s Real=0.02s
[2020-08-12T19:46:51.708+0000][6][safepoint    ] Safepoint "G1Concurrent", Time since last: 183070855 ns, Reaching safepoint: 7955594 ns, At safepoint: 22891127 ns, Total: 30846721 ns
[2020-08-12T19:46:51.708+0000][6][gc,marking   ] GC(7) Concurrent Rebuild Remembered Sets
[2020-08-12T19:46:51.775+0000][6][gc,marking   ] GC(7) Concurrent Rebuild Remembered Sets 66.679ms
[2020-08-12T19:46:51.782+0000][6][gc,start     ] GC(7) Pause Cleanup
[2020-08-12T19:46:51.783+0000][6][gc           ] GC(7) Pause Cleanup 26M->26M(1024M) 0.602ms
[2020-08-12T19:46:51.783+0000][6][gc,cpu       ] GC(7) User=0.00s Sys=0.00s Real=0.00s
[2020-08-12T19:46:51.783+0000][6][safepoint    ] Safepoint "G1Concurrent", Time since last: 66885072 ns, Reaching safepoint: 7226225 ns, At safepoint: 775756 ns, Total: 8001981 ns
[2020-08-12T19:46:51.783+0000][6][gc,marking   ] GC(7) Concurrent Cleanup for Next Mark
[2020-08-12T19:46:51.798+0000][6][gc,marking   ] GC(7) Concurrent Cleanup for Next Mark 14.596ms
[2020-08-12T19:46:51.798+0000][6][gc           ] GC(7) Concurrent Cycle 309.277ms
[2020-08-12T19:46:54.785+0000][6][safepoint    ] Safepoint "Cleanup", Time since last: 3001491058 ns, Reaching safepoint: 694319 ns, At safepoint: 12538 ns, Total: 706857 ns
[2020-08-12T19:46:56.184+0000][6][safepoint    ] Safepoint "Cleanup", Time since last: 1393247445 ns, Reaching safepoint: 5595115 ns, At safepoint: 12324 ns, Total: 5607439 ns
[2020-08-12T19:46:57.570+0000][6][safepoint    ] Safepoint "Cleanup", Time since last: 1385451489 ns, Reaching safepoint: 262098 ns, At safepoint: 14449 ns, Total: 276547 ns
[2020-08-12T19:46:58.571+0000][6][safepoint    ] Safepoint "Cleanup", Time since last: 1000207406 ns, Reaching safepoint: 514658 ns, At safepoint: 9412 ns, Total: 524070 ns
[2020-08-12T19:46:59.573+0000][6][safepoint    ] Safepoint "Cleanup", Time since last: 1000191431 ns, Reaching safepoint: 2279355 ns, At safepoint: 12812 ns, Total: 2292167 ns
[2020-08-12T19:47:00.573+0000][6][safepoint    ] Safepoint "Cleanup", Time since last: 1000170444 ns, Reaching safepoint: 162636 ns, At safepoint: 8612 ns, Total: 171248 ns
[2020-08-12T19:47:01.919+0000][6][safepoint    ] Safepoint "Cleanup", Time since last: 1344486417 ns, Reaching safepoint: 680920 ns, At safepoint: 14324 ns, Total: 695244 ns
[2020-08-12T19:47:03.597+0000][6][safepoint    ] Safepoint "Cleanup", Time since last: 1672411321 ns, Reaching safepoint: 6040148 ns, At safepoint: 23837 ns, Total: 6063985 ns
[2020-08-12T19:47:04.607+0000][6][safepoint    ] Safepoint "Cleanup", Time since last: 1004841028 ns, Reaching safepoint: 5160218 ns, At safepoint: 29337 ns, Total: 5189555 ns
[2020-08-12T19:47:05.615+0000][6][safepoint    ] Safepoint "Cleanup", Time since last: 1000249880 ns, Reaching safepoint: 7699834 ns, At safepoint: 32299 ns, Total: 7732133 ns
[2020-08-12T19:47:06.622+0000][6][safepoint    ] Safepoint "Cleanup", Time since last: 1003003769 ns, Reaching safepoint: 3452808 ns, At safepoint: 27387 ns, Total: 3480195 ns
[2020-08-12T19:47:07.628+0000][6][safepoint    ] Safepoint "Cleanup", Time since last: 1002370799 ns, Reaching safepoint: 4395562 ns, At safepoint: 17325 ns, Total: 4412887 ns
[2020-08-12T19:47:08.629+0000][6][safepoint    ] Safepoint "Cleanup", Time since last: 1000199168 ns, Reaching safepoint: 749906 ns, At safepoint: 58774 ns, Total: 808680 ns
[2020-08-12T19:47:09.640+0000][6][safepoint    ] Safepoint "Cleanup", Time since last: 1002941845 ns, Reaching safepoint: 7745208 ns, At safepoint: 40549 ns, Total: 7785757 ns
[2020-08-12T19:47:10.644+0000][6][safepoint    ] Safepoint "Cleanup", Time since last: 1000598540 ns, Reaching safepoint: 3377171 ns, At safepoint: 31312 ns, Total: 3408483 ns
[2020-08-12T19:47:13.649+0000][6][safepoint    ] Safepoint "Cleanup", Time since last: 3003944475 ns, Reaching safepoint: 521508 ns, At safepoint: 14162 ns, Total: 535670 ns
[2020-08-12T19:47:14.650+0000][6][safepoint    ] Safepoint "Cleanup", Time since last: 1001343983 ns, Reaching safepoint: 216298 ns, At safepoint: 10750 ns, Total: 227048 ns
[2020-08-12T19:47:16.656+0000][6][safepoint    ] Safepoint "Cleanup", Time since last: 2001138167 ns, Reaching safepoint: 4526974 ns, At safepoint: 16387 ns, Total: 4543361 ns
[2020-08-12T19:47:20.658+0000][6][safepoint    ] Safepoint "Cleanup", Time since last: 4001777113 ns, Reaching safepoint: 478634 ns, At safepoint: 15575 ns, Total: 494209 ns
[2020-08-12T19:47:21.660+0000][6][safepoint    ] Safepoint "Cleanup", Time since last: 1001822066 ns, Reaching safepoint: 286648 ns, At safepoint: 15299 ns, Total: 301947 ns
[2020-08-12T19:47:22.668+0000][6][safepoint    ] Safepoint "Cleanup", Time since last: 1000195318 ns, Reaching safepoint: 7775758 ns, At safepoint: 26712 ns, Total: 7802470 ns
[2020-08-12T19:47:23.578+0000][6][gc,start     ] GC(8) Pause Young (Concurrent Start) (Metadata GC Threshold)
[2020-08-12T19:47:23.578+0000][6][gc,task      ] GC(8) Using 2 workers of 2 for evacuation
[2020-08-12T19:47:23.578+0000][6][gc,age       ] GC(8) Desired survivor size 40370176 bytes, new threshold 15 (max threshold 15)
[2020-08-12T19:47:23.830+0000][6][gc,age       ] GC(8) Age table with threshold 15 (max threshold 15)
[2020-08-12T19:47:23.830+0000][6][gc,age       ] GC(8) - age   1:   29630864 bytes,   29630864 total
[2020-08-12T19:47:23.830+0000][6][gc,age       ] GC(8) - age   2:    1497912 bytes,   31128776 total
[2020-08-12T19:47:23.830+0000][6][gc,age       ] GC(8) - age   3:    5432480 bytes,   36561256 total
[2020-08-12T19:47:23.830+0000][6][gc,age       ] GC(8) - age   4:     340584 bytes,   36901840 total
[2020-08-12T19:47:23.830+0000][6][gc,age       ] GC(8) - age   5:     101032 bytes,   37002872 total
[2020-08-12T19:47:23.830+0000][6][gc,mmu       ] GC(8) MMU target violated: 201.0ms (200.0ms/201.0ms)
[2020-08-12T19:47:23.830+0000][6][gc,phases    ] GC(8)   Pre Evacuate Collection Set: 0.7ms
[2020-08-12T19:47:23.830+0000][6][gc,phases    ] GC(8)   Merge Heap Roots: 0.4ms
[2020-08-12T19:47:23.830+0000][6][gc,phases    ] GC(8)   Evacuate Collection Set: 244.6ms
[2020-08-12T19:47:23.830+0000][6][gc,phases    ] GC(8)   Post Evacuate Collection Set: 5.4ms
[2020-08-12T19:47:23.830+0000][6][gc,phases    ] GC(8)   Other: 0.8ms
[2020-08-12T19:47:23.830+0000][6][gc,heap      ] GC(8) Eden regions: 518->0(168)
[2020-08-12T19:47:23.830+0000][6][gc,heap      ] GC(8) Survivor regions: 8->36(77)
[2020-08-12T19:47:23.830+0000][6][gc,heap      ] GC(8) Old regions: 9->9
[2020-08-12T19:47:23.830+0000][6][gc,heap      ] GC(8) Archive regions: 2->2
[2020-08-12T19:47:23.830+0000][6][gc,heap      ] GC(8) Humongous regions: 1->1
[2020-08-12T19:47:23.830+0000][6][gc,metaspace ] GC(8) Metaspace: 32731K(35840K)->32731K(35840K) NonClass: 28424K(30592K)->28424K(30592K) Class: 4307K(5248K)->4307K(5248K)
[2020-08-12T19:47:23.830+0000][6][gc           ] GC(8) Pause Young (Concurrent Start) (Metadata GC Threshold) 535M->46M(1024M) 252.390ms
[2020-08-12T19:47:23.830+0000][6][gc,cpu       ] GC(8) User=0.25s Sys=0.00s Real=0.25s
[2020-08-12T19:47:23.831+0000][6][safepoint    ] Safepoint "CollectForMetadataAllocation", Time since last: 905890459 ns, Reaching safepoint: 3814742 ns, At safepoint: 252804515 ns, Total: 256619257 ns
[2020-08-12T19:47:23.831+0000][6][gc           ] GC(9) Concurrent Cycle
[2020-08-12T19:47:23.835+0000][6][gc,marking   ] GC(9) Concurrent Clear Claimed Marks
[2020-08-12T19:47:23.835+0000][6][gc,marking   ] GC(9) Concurrent Clear Claimed Marks 0.355ms
[2020-08-12T19:47:23.835+0000][6][gc,marking   ] GC(9) Concurrent Scan Root Regions
[2020-08-12T19:47:23.998+0000][6][safepoint    ] Safepoint "CollectForMetadataAllocation", Time since last: 166161713 ns, Reaching safepoint: 396597 ns, At safepoint: 785093 ns, Total: 1181690 ns
[2020-08-12T19:47:24.089+0000][6][gc,marking   ] GC(9) Concurrent Scan Root Regions 253.668ms
[2020-08-12T19:47:24.089+0000][6][gc,marking   ] GC(9) Concurrent Mark (68.786s)
[2020-08-12T19:47:24.089+0000][6][gc,marking   ] GC(9) Concurrent Mark From Roots
[2020-08-12T19:47:24.089+0000][6][gc,task      ] GC(9) Using 1 workers of 1 for marking
[2020-08-12T19:47:24.273+0000][6][gc,marking   ] GC(9) Concurrent Mark From Roots 183.722ms
[2020-08-12T19:47:24.273+0000][6][gc,marking   ] GC(9) Concurrent Preclean
[2020-08-12T19:47:24.273+0000][6][gc,marking   ] GC(9) Concurrent Preclean 0.243ms
[2020-08-12T19:47:24.273+0000][6][gc,marking   ] GC(9) Concurrent Mark (68.786s, 68.971s) 184.106ms
[2020-08-12T19:47:24.283+0000][6][gc,start     ] GC(9) Pause Remark
[2020-08-12T19:47:24.320+0000][6][gc           ] GC(9) Pause Remark 48M->48M(1024M) 37.583ms
[2020-08-12T19:47:24.320+0000][6][gc,cpu       ] GC(9) User=0.02s Sys=0.00s Real=0.04s
[2020-08-12T19:47:24.320+0000][6][safepoint    ] Safepoint "G1Concurrent", Time since last: 275388208 ns, Reaching safepoint: 9204420 ns, At safepoint: 37770236 ns, Total: 46974656 ns
[2020-08-12T19:47:24.324+0000][6][gc,marking   ] GC(9) Concurrent Rebuild Remembered Sets
[2020-08-12T19:47:24.407+0000][6][gc,marking   ] GC(9) Concurrent Rebuild Remembered Sets 82.607ms
[2020-08-12T19:47:24.408+0000][6][gc,start     ] GC(9) Pause Cleanup
[2020-08-12T19:47:24.408+0000][6][gc           ] GC(9) Pause Cleanup 49M->49M(1024M) 0.560ms
[2020-08-12T19:47:24.408+0000][6][gc,cpu       ] GC(9) User=0.00s Sys=0.00s Real=0.00s
[2020-08-12T19:47:24.408+0000][6][safepoint    ] Safepoint "G1Concurrent", Time since last: 86265830 ns, Reaching safepoint: 821355 ns, At safepoint: 735456 ns, Total: 1556811 ns
[2020-08-12T19:47:24.408+0000][6][gc,marking   ] GC(9) Concurrent Cleanup for Next Mark
[2020-08-12T19:47:24.427+0000][6][gc,marking   ] GC(9) Concurrent Cleanup for Next Mark 19.004ms
[2020-08-12T19:47:24.427+0000][6][gc           ] GC(9) Concurrent Cycle 596.633ms
[2020-08-12T19:47:25.409+0000][6][safepoint    ] Safepoint "Cleanup", Time since last: 1000143894 ns, Reaching safepoint: 298509 ns, At safepoint: 14813 ns, Total: 313322 ns
[2020-08-12T19:47:26.417+0000][6][safepoint    ] Safepoint "Cleanup", Time since last: 1005247237 ns, Reaching safepoint: 3302921 ns, At safepoint: 25262 ns, Total: 3328183 ns
[2020-08-12T19:47:28.114+0000][6][safepoint    ] Safepoint "Cleanup", Time since last: 1696447351 ns, Reaching safepoint: 363897 ns, At safepoint: 11937 ns, Total: 375834 ns
[2020-08-12T19:47:29.705+0000][6][safepoint    ] Safepoint "Cleanup", Time since last: 1591024399 ns, Reaching safepoint: 138386 ns, At safepoint: 9275 ns, Total: 147661 ns
[2020-08-12T19:47:31.508+0000][6][safepoint    ] Safepoint "Cleanup", Time since last: 1802752582 ns, Reaching safepoint: 215860 ns, At safepoint: 10688 ns, Total: 226548 ns
[2020-08-12T19:47:33.518+0000][6][safepoint    ] Safepoint "Cleanup", Time since last: 2000776708 ns, Reaching safepoint: 8980534 ns, At safepoint: 17288 ns, Total: 8997822 ns
[2020-08-12T19:47:34.525+0000][6][safepoint    ] Safepoint "Cleanup", Time since last: 1006894485 ns, Reaching safepoint: 151236 ns, At safepoint: 9200 ns, Total: 160436 ns
[2020-08-12T19:47:35.358+0000][6][gc,start     ] GC(10) Pause Young (Concurrent Start) (G1 Evacuation Pause)
[2020-08-12T19:47:35.358+0000][6][gc,task      ] GC(10) Using 2 workers of 2 for evacuation
[2020-08-12T19:47:35.359+0000][6][gc,age       ] GC(10) Desired survivor size 13631488 bytes, new threshold 1 (max threshold 15)
[2020-08-12T19:47:35.692+0000][6][gc,age       ] GC(10) Age table with threshold 1 (max threshold 15)
[2020-08-12T19:47:35.692+0000][6][gc,age       ] GC(10) - age   1:    4292160 bytes,    4292160 total
[2020-08-12T19:47:35.692+0000][6][gc,mmu       ] GC(10) MMU target violated: 201.0ms (200.0ms/201.0ms)
[2020-08-12T19:47:35.693+0000][6][gc,phases    ] GC(10)   Pre Evacuate Collection Set: 1.4ms
[2020-08-12T19:47:35.693+0000][6][gc,phases    ] GC(10)   Merge Heap Roots: 0.4ms
[2020-08-12T19:47:35.693+0000][6][gc,phases    ] GC(10)   Evacuate Collection Set: 313.4ms
[2020-08-12T19:47:35.693+0000][6][gc,phases    ] GC(10)   Post Evacuate Collection Set: 18.4ms
[2020-08-12T19:47:35.693+0000][6][gc,phases    ] GC(10)   Other: 0.7ms
[2020-08-12T19:47:35.693+0000][6][gc,heap      ] GC(10) Eden regions: 168->0(213)
[2020-08-12T19:47:35.693+0000][6][gc,heap      ] GC(10) Survivor regions: 36->5(26)
[2020-08-12T19:47:35.693+0000][6][gc,heap      ] GC(10) Old regions: 9->45
[2020-08-12T19:47:35.693+0000][6][gc,heap      ] GC(10) Archive regions: 2->2
[2020-08-12T19:47:35.693+0000][6][gc,heap      ] GC(10) Humongous regions: 1->1
[2020-08-12T19:47:35.693+0000][6][gc,metaspace ] GC(10) Metaspace: 44842K(49304K)->44842K(49304K) NonClass: 38761K(41624K)->38761K(41624K) Class: 6080K(7680K)->6080K(7680K)
[2020-08-12T19:47:35.693+0000][6][gc           ] GC(10) Pause Young (Concurrent Start) (G1 Evacuation Pause) 214M->50M(1024M) 334.426ms
[2020-08-12T19:47:35.693+0000][6][gc,cpu       ] GC(10) User=0.23s Sys=0.01s Real=0.33s
[2020-08-12T19:47:35.693+0000][6][safepoint    ] Safepoint "G1CollectForAllocation", Time since last: 831373090 ns, Reaching safepoint: 1853509 ns, At safepoint: 334671420 ns, Total: 336524929 ns
[2020-08-12T19:47:35.693+0000][6][gc           ] GC(11) Concurrent Cycle
[2020-08-12T19:47:35.693+0000][6][gc,marking   ] GC(11) Concurrent Clear Claimed Marks
[2020-08-12T19:47:35.694+0000][6][gc,marking   ] GC(11) Concurrent Clear Claimed Marks 0.429ms
[2020-08-12T19:47:35.694+0000][6][gc,marking   ] GC(11) Concurrent Scan Root Regions
[2020-08-12T19:47:36.009+0000][6][gc,marking   ] GC(11) Concurrent Scan Root Regions 315.380ms
[2020-08-12T19:47:36.009+0000][6][gc,marking   ] GC(11) Concurrent Mark (80.706s)
[2020-08-12T19:47:36.009+0000][6][gc,marking   ] GC(11) Concurrent Mark From Roots
[2020-08-12T19:47:36.009+0000][6][gc,task      ] GC(11) Using 1 workers of 1 for marking
[2020-08-12T19:47:36.151+0000][6][gc,marking   ] GC(11) Concurrent Mark From Roots 141.470ms
[2020-08-12T19:47:36.151+0000][6][gc,marking   ] GC(11) Concurrent Preclean
[2020-08-12T19:47:36.151+0000][6][gc,marking   ] GC(11) Concurrent Preclean 0.263ms
[2020-08-12T19:47:36.151+0000][6][gc,marking   ] GC(11) Concurrent Mark (80.706s, 80.848s) 141.882ms
[2020-08-12T19:47:36.154+0000][6][gc,start     ] GC(11) Pause Remark
[2020-08-12T19:47:36.175+0000][6][gc           ] GC(11) Pause Remark 53M->53M(1024M) 21.484ms
[2020-08-12T19:47:36.175+0000][6][gc,cpu       ] GC(11) User=0.02s Sys=0.01s Real=0.03s
[2020-08-12T19:47:36.175+0000][6][safepoint    ] Safepoint "G1Concurrent", Time since last: 460640893 ns, Reaching safepoint: 146949 ns, At safepoint: 21673400 ns, Total: 21820349 ns
[2020-08-12T19:47:36.176+0000][6][gc,marking   ] GC(11) Concurrent Rebuild Remembered Sets
[2020-08-12T19:47:36.539+0000][6][gc,marking   ] GC(11) Concurrent Rebuild Remembered Sets 363.389ms
[2020-08-12T19:47:36.542+0000][6][gc,start     ] GC(11) Pause Cleanup
[2020-08-12T19:47:36.543+0000][6][gc           ] GC(11) Pause Cleanup 55M->55M(1024M) 0.674ms
[2020-08-12T19:47:36.543+0000][6][gc,cpu       ] GC(11) User=0.00s Sys=0.00s Real=0.00s
[2020-08-12T19:47:36.543+0000][6][safepoint    ] Safepoint "G1Concurrent", Time since last: 363654470 ns, Reaching safepoint: 3090273 ns, At safepoint: 863443 ns, Total: 3953716 ns
[2020-08-12T19:47:36.543+0000][6][gc,marking   ] GC(11) Concurrent Cleanup for Next Mark
[2020-08-12T19:47:36.558+0000][6][gc,marking   ] GC(11) Concurrent Cleanup for Next Mark 14.810ms
[2020-08-12T19:47:36.558+0000][6][gc           ] GC(11) Concurrent Cycle 865.084ms
[2020-08-12T19:47:37.544+0000][6][safepoint    ] Safepoint "Cleanup", Time since last: 1000126043 ns, Reaching safepoint: 1063866 ns, At safepoint: 18275 ns, Total: 1082141 ns
[2020-08-12T19:47:38.547+0000][6][safepoint    ] Safepoint "Cleanup", Time since last: 1002649359 ns, Reaching safepoint: 178149 ns, At safepoint: 9049 ns, Total: 187198 ns
[2020-08-12T19:47:40.511+0000][6][safepoint    ] Safepoint "Cleanup", Time since last: 1960805754 ns, Reaching safepoint: 3051861 ns, At safepoint: 18862 ns, Total: 3070723 ns
[2020-08-12T19:47:42.515+0000][6][safepoint    ] Safepoint "Cleanup", Time since last: 2000268974 ns, Reaching safepoint: 3648531 ns, At safepoint: 30075 ns, Total: 3678606 ns
[2020-08-12T19:47:44.340+0000][6][safepoint    ] Safepoint "Cleanup", Time since last: 1823134343 ns, Reaching safepoint: 2015783 ns, At safepoint: 15150 ns, Total: 2030933 ns
[2020-08-12T19:47:46.085+0000][6][safepoint    ] Safepoint "Cleanup", Time since last: 1744959293 ns, Reaching safepoint: 251536 ns, At safepoint: 10174 ns, Total: 261710 ns
[2020-08-12T19:47:47.088+0000][6][safepoint    ] Safepoint "Cleanup", Time since last: 1000594390 ns, Reaching safepoint: 2502941 ns, At safepoint: 22012 ns, Total: 2524953 ns
[2020-08-12T19:47:48.115+0000][6][safepoint    ] Safepoint "Cleanup", Time since last: 1026255480 ns, Reaching safepoint: 292598 ns, At safepoint: 11550 ns, Total: 304148 ns
[2020-08-12T19:47:48.134+0000][6][safepoint    ] Safepoint "BulkRevokeBias", Time since last: 8221516 ns, Reaching safepoint: 9693916 ns, At safepoint: 1011142 ns, Total: 10705058 ns
[2020-08-12T19:47:48.139+0000][6][safepoint    ] Safepoint "BulkRevokeBias", Time since last: 4311637 ns, Reaching safepoint: 728457 ns, At safepoint: 464371 ns, Total: 1192828 ns
[2020-08-12T19:47:48.154+0000][6][safepoint    ] Safepoint "BulkRevokeBias", Time since last: 9342419 ns, Reaching safepoint: 5142530 ns, At safepoint: 318910 ns, Total: 5461440 ns
[2020-08-12T19:47:48.175+0000][6][safepoint    ] Safepoint "BulkRevokeBias", Time since last: 11756786 ns, Reaching safepoint: 230336 ns, At safepoint: 8712087 ns, Total: 8942423 ns
[2020-08-12T19:47:49.716+0000][6][safepoint    ] Safepoint "Cleanup", Time since last: 1540522373 ns, Reaching safepoint: 237685 ns, At safepoint: 10675 ns, Total: 248360 ns
[2020-08-12T19:47:51.091+0000][6][safepoint    ] Safepoint "Cleanup", Time since last: 1374214448 ns, Reaching safepoint: 1462612 ns, At safepoint: 25738 ns, Total: 1488350 ns
[2020-08-12T19:47:52.095+0000][6][safepoint    ] Safepoint "Cleanup", Time since last: 1001914028 ns, Reaching safepoint: 1597598 ns, At safepoint: 21400 ns, Total: 1618998 ns
[2020-08-12T19:47:53.096+0000][6][safepoint    ] Safepoint "Cleanup", Time since last: 1000187606 ns, Reaching safepoint: 1327176 ns, At safepoint: 15325 ns, Total: 1342501 ns
[2020-08-12T19:47:54.103+0000][6][safepoint    ] Safepoint "Cleanup", Time since last: 1003479227 ns, Reaching safepoint: 3151498 ns, At safepoint: 16837 ns, Total: 3168335 ns
[2020-08-12T19:47:54.746+0000][6][gc,start     ] GC(12) Pause Young (Normal) (G1 Evacuation Pause)
[2020-08-12T19:47:54.746+0000][6][gc,task      ] GC(12) Using 2 workers of 2 for evacuation
[2020-08-12T19:47:54.746+0000][6][gc,age       ] GC(12) Desired survivor size 15204352 bytes, new threshold 15 (max threshold 15)
[2020-08-12T19:47:54.926+0000][6][gc,age       ] GC(12) Age table with threshold 15 (max threshold 15)
[2020-08-12T19:47:54.926+0000][6][gc,age       ] GC(12) - age   1:    7683488 bytes,    7683488 total
[2020-08-12T19:47:54.926+0000][6][gc,age       ] GC(12) - age   2:    4143936 bytes,   11827424 total
[2020-08-12T19:47:54.927+0000][6][gc,phases    ] GC(12)   Pre Evacuate Collection Set: 0.5ms
[2020-08-12T19:47:54.927+0000][6][gc,phases    ] GC(12)   Merge Heap Roots: 0.4ms
[2020-08-12T19:47:54.927+0000][6][gc,phases    ] GC(12)   Evacuate Collection Set: 159.6ms
[2020-08-12T19:47:54.927+0000][6][gc,phases    ] GC(12)   Post Evacuate Collection Set: 19.3ms
[2020-08-12T19:47:54.927+0000][6][gc,phases    ] GC(12)   Other: 0.5ms
[2020-08-12T19:47:54.927+0000][6][gc,heap      ] GC(12) Eden regions: 227->0(140)
[2020-08-12T19:47:54.927+0000][6][gc,heap      ] GC(12) Survivor regions: 5->12(29)
[2020-08-12T19:47:54.927+0000][6][gc,heap      ] GC(12) Old regions: 45->45
[2020-08-12T19:47:54.927+0000][6][gc,heap      ] GC(12) Archive regions: 2->2
[2020-08-12T19:47:54.927+0000][6][gc,heap      ] GC(12) Humongous regions: 1->1
[2020-08-12T19:47:54.927+0000][6][gc,metaspace ] GC(12) Metaspace: 63206K(69016K)->63206K(69016K) NonClass: 54488K(58008K)->54488K(58008K) Class: 8718K(11008K)->8718K(11008K)
[2020-08-12T19:47:54.927+0000][6][gc           ] GC(12) Pause Young (Normal) (G1 Evacuation Pause) 277M->58M(1024M) 180.602ms
[2020-08-12T19:47:54.927+0000][6][gc,cpu       ] GC(12) User=0.13s Sys=0.00s Real=0.18s
[2020-08-12T19:47:54.927+0000][6][safepoint    ] Safepoint "G1CollectForAllocation", Time since last: 637853862 ns, Reaching safepoint: 5250930 ns, At safepoint: 180802737 ns, Total: 186053667 ns
[2020-08-12T19:47:55.998+0000][6][safepoint    ] Safepoint "Cleanup", Time since last: 1070886345 ns, Reaching safepoint: 301234 ns, At safepoint: 11038 ns, Total: 312272 ns
[2020-08-12T19:47:57.160+0000][6][safepoint    ] Safepoint "Cleanup", Time since last: 1161746047 ns, Reaching safepoint: 219598 ns, At safepoint: 19475 ns, Total: 239073 ns
[2020-08-12T19:47:58.171+0000][6][safepoint    ] Safepoint "Cleanup", Time since last: 1003745699 ns, Reaching safepoint: 7229338 ns, At safepoint: 22412 ns, Total: 7251750 ns
[2020-08-12T19:47:59.172+0000][6][safepoint    ] Safepoint "Cleanup", Time since last: 1000737326 ns, Reaching safepoint: 441534 ns, At safepoint: 11837 ns, Total: 453371 ns
[2020-08-12T19:48:00.548+0000][6][safepoint    ] Safepoint "Cleanup", Time since last: 1371587733 ns, Reaching safepoint: 3927554 ns, At safepoint: 12975 ns, Total: 3940529 ns
[2020-08-12T19:48:01.553+0000][6][safepoint    ] Safepoint "Cleanup", Time since last: 1000237180 ns, Reaching safepoint: 5053331 ns, At safepoint: 28512 ns, Total: 5081843 ns
[2020-08-12T19:48:02.554+0000][6][safepoint    ] Safepoint "Cleanup", Time since last: 1000929312 ns, Reaching safepoint: 235060 ns, At safepoint: 10913 ns, Total: 245973 ns
[2020-08-12T19:48:04.337+0000][6][safepoint    ] Safepoint "Cleanup", Time since last: 1781108668 ns, Reaching safepoint: 983542 ns, At safepoint: 25300 ns, Total: 1008842 ns
[2020-08-12T19:48:05.367+0000][6][safepoint    ] Safepoint "Cleanup", Time since last: 1028951357 ns, Reaching safepoint: 2004670 ns, At safepoint: 13462 ns, Total: 2018132 ns
[2020-08-12T19:48:06.582+0000][6][safepoint    ] Safepoint "Cleanup", Time since last: 1212494808 ns, Reaching safepoint: 2033333 ns, At safepoint: 19225 ns, Total: 2052558 ns
[2020-08-12T19:48:07.049+0000][6][gc,start     ] GC(13) Pause Young (Concurrent Start) (Metadata GC Threshold)
[2020-08-12T19:48:07.049+0000][6][gc,task      ] GC(13) Using 2 workers of 2 for evacuation
[2020-08-12T19:48:07.049+0000][6][gc,age       ] GC(13) Desired survivor size 9961472 bytes, new threshold 2 (max threshold 15)
[2020-08-12T19:48:07.278+0000][6][gc,age       ] GC(13) Age table with threshold 2 (max threshold 15)
[2020-08-12T19:48:07.278+0000][6][gc,age       ] GC(13) - age   1:    5350032 bytes,    5350032 total
[2020-08-12T19:48:07.278+0000][6][gc,age       ] GC(13) - age   2:    7448112 bytes,   12798144 total
[2020-08-12T19:48:07.278+0000][6][gc,mmu       ] GC(13) MMU target violated: 201.0ms (200.0ms/201.0ms)
[2020-08-12T19:48:07.278+0000][6][gc,phases    ] GC(13)   Pre Evacuate Collection Set: 5.0ms
[2020-08-12T19:48:07.278+0000][6][gc,phases    ] GC(13)   Merge Heap Roots: 0.6ms
[2020-08-12T19:48:07.278+0000][6][gc,phases    ] GC(13)   Evacuate Collection Set: 201.0ms
[2020-08-12T19:48:07.278+0000][6][gc,phases    ] GC(13)   Post Evacuate Collection Set: 21.7ms
[2020-08-12T19:48:07.278+0000][6][gc,phases    ] GC(13)   Other: 0.9ms
[2020-08-12T19:48:07.278+0000][6][gc,heap      ] GC(13) Eden regions: 120->0(57)
[2020-08-12T19:48:07.278+0000][6][gc,heap      ] GC(13) Survivor regions: 12->13(19)
[2020-08-12T19:48:07.278+0000][6][gc,heap      ] GC(13) Old regions: 45->49
[2020-08-12T19:48:07.278+0000][6][gc,heap      ] GC(13) Archive regions: 2->2
[2020-08-12T19:48:07.278+0000][6][gc,heap      ] GC(13) Humongous regions: 1->1
[2020-08-12T19:48:07.278+0000][6][gc,metaspace ] GC(13) Metaspace: 76365K(82712K)->76365K(82712K) NonClass: 65887K(69528K)->65887K(69528K) Class: 10477K(13184K)->10477K(13184K)
[2020-08-12T19:48:07.278+0000][6][gc           ] GC(13) Pause Young (Concurrent Start) (Metadata GC Threshold) 178M->62M(1024M) 229.597ms
[2020-08-12T19:48:07.278+0000][6][gc,cpu       ] GC(13) User=0.12s Sys=0.00s Real=0.23s
[2020-08-12T19:48:07.279+0000][6][safepoint    ] Safepoint "CollectForMetadataAllocation", Time since last: 465957597 ns, Reaching safepoint: 603958 ns, At safepoint: 230196510 ns, Total: 230800468 ns
[2020-08-12T19:48:07.279+0000][6][gc           ] GC(14) Concurrent Cycle
[2020-08-12T19:48:07.279+0000][6][gc,marking   ] GC(14) Concurrent Clear Claimed Marks
[2020-08-12T19:48:07.280+0000][6][gc,marking   ] GC(14) Concurrent Clear Claimed Marks 0.694ms
[2020-08-12T19:48:07.280+0000][6][gc,marking   ] GC(14) Concurrent Scan Root Regions
[2020-08-12T19:48:07.414+0000][6][gc,marking   ] GC(14) Concurrent Scan Root Regions 133.877ms
[2020-08-12T19:48:07.414+0000][6][gc,marking   ] GC(14) Concurrent Mark (112.111s)
[2020-08-12T19:48:07.414+0000][6][gc,marking   ] GC(14) Concurrent Mark From Roots
[2020-08-12T19:48:07.414+0000][6][gc,task      ] GC(14) Using 1 workers of 1 for marking
[2020-08-12T19:48:07.773+0000][6][safepoint    ] Safepoint "CollectForMetadataAllocation", Time since last: 492789816 ns, Reaching safepoint: 823005 ns, At safepoint: 405247 ns, Total: 1228252 ns
[2020-08-12T19:48:08.437+0000][6][gc,marking   ] GC(14) Concurrent Mark From Roots 1023.120ms
[2020-08-12T19:48:08.437+0000][6][gc,marking   ] GC(14) Concurrent Preclean
[2020-08-12T19:48:08.437+0000][6][gc,marking   ] GC(14) Concurrent Preclean 0.371ms
[2020-08-12T19:48:08.437+0000][6][gc,marking   ] GC(14) Concurrent Mark (112.111s, 113.135s) 1023.645ms
[2020-08-12T19:48:08.444+0000][6][gc,start     ] GC(14) Pause Remark
[2020-08-12T19:48:08.505+0000][6][gc           ] GC(14) Pause Remark 69M->69M(1024M) 60.862ms
[2020-08-12T19:48:08.505+0000][6][gc,cpu       ] GC(14) User=0.03s Sys=0.00s Real=0.07s
[2020-08-12T19:48:08.505+0000][6][safepoint    ] Safepoint "G1Concurrent", Time since last: 665694559 ns, Reaching safepoint: 5145793 ns, At safepoint: 61066897 ns, Total: 66212690 ns
[2020-08-12T19:48:08.510+0000][6][gc,marking   ] GC(14) Concurrent Rebuild Remembered Sets
[2020-08-12T19:48:09.171+0000][6][gc,marking   ] GC(14) Concurrent Rebuild Remembered Sets 660.673ms
[2020-08-12T19:48:09.185+0000][6][gc,start     ] GC(14) Pause Cleanup
[2020-08-12T19:48:09.186+0000][6][gc           ] GC(14) Pause Cleanup 71M->71M(1024M) 0.727ms
[2020-08-12T19:48:09.186+0000][6][gc,cpu       ] GC(14) User=0.01s Sys=0.00s Real=0.00s
[2020-08-12T19:48:09.186+0000][6][safepoint    ] Safepoint "G1Concurrent", Time since last: 671704595 ns, Reaching safepoint: 8959035 ns, At safepoint: 999841 ns, Total: 9958876 ns
[2020-08-12T19:48:09.186+0000][6][gc,marking   ] GC(14) Concurrent Cleanup for Next Mark
[2020-08-12T19:48:09.209+0000][6][gc,marking   ] GC(14) Concurrent Cleanup for Next Mark 22.422ms
[2020-08-12T19:48:09.209+0000][6][gc           ] GC(14) Concurrent Cycle 1930.123ms
[2020-08-12T19:48:09.976+0000][6][safepoint    ] Safepoint "BulkRevokeBias", Time since last: 783458816 ns, Reaching safepoint: 5809238 ns, At safepoint: 260247 ns, Total: 6069485 ns
[2020-08-12T19:48:10.093+0000][6][safepoint    ] Safepoint "BulkRevokeBias", Time since last: 115692163 ns, Reaching safepoint: 336822 ns, At safepoint: 678107 ns, Total: 1014929 ns
[2020-08-12T19:48:11.175+0000][6][safepoint    ] Safepoint "Cleanup", Time since last: 1082607780 ns, Reaching safepoint: 266261 ns, At safepoint: 10387 ns, Total: 276648 ns
[2020-08-12T19:48:12.221+0000][6][safepoint    ] Safepoint "Cleanup", Time since last: 1042335054 ns, Reaching safepoint: 3222684 ns, At safepoint: 17875 ns, Total: 3240559 ns
[2020-08-12T19:48:13.440+0000][6][safepoint    ] Safepoint "Cleanup", Time since last: 1217979411 ns, Reaching safepoint: 1011566 ns, At safepoint: 16013 ns, Total: 1027579 ns
[2020-08-12T19:48:14.004+0000][6][safepoint    ] Safepoint "BulkRevokeBias", Time since last: 557372707 ns, Reaching safepoint: 291673 ns, At safepoint: 6637993 ns, Total: 6929666 ns
[2020-08-12T19:48:14.074+0000][6][safepoint    ] Safepoint "BulkRevokeBias", Time since last: 68210622 ns, Reaching safepoint: 215961 ns, At safepoint: 957154 ns, Total: 1173115 ns
[2020-08-12T19:48:14.116+0000][6][gc,start     ] GC(15) Pause Young (Concurrent Start) (G1 Evacuation Pause)
[2020-08-12T19:48:14.116+0000][6][gc,task      ] GC(15) Using 2 workers of 2 for evacuation
[2020-08-12T19:48:14.116+0000][6][gc,age       ] GC(15) Desired survivor size 4718592 bytes, new threshold 1 (max threshold 15)
[2020-08-12T19:48:14.283+0000][6][gc,age       ] GC(15) Age table with threshold 1 (max threshold 15)
[2020-08-12T19:48:14.284+0000][6][gc,age       ] GC(15) - age   1:    1813968 bytes,    1813968 total
[2020-08-12T19:48:14.284+0000][6][gc,phases    ] GC(15)   Pre Evacuate Collection Set: 8.6ms
[2020-08-12T19:48:14.284+0000][6][gc,phases    ] GC(15)   Merge Heap Roots: 0.5ms
[2020-08-12T19:48:14.284+0000][6][gc,phases    ] GC(15)   Evacuate Collection Set: 153.7ms
[2020-08-12T19:48:14.284+0000][6][gc,phases    ] GC(15)   Post Evacuate Collection Set: 4.3ms
[2020-08-12T19:48:14.284+0000][6][gc,phases    ] GC(15)   Other: 0.6ms
[2020-08-12T19:48:14.284+0000][6][gc,heap      ] GC(15) Eden regions: 57->0(241)
[2020-08-12T19:48:14.284+0000][6][gc,heap      ] GC(15) Survivor regions: 13->2(9)
[2020-08-12T19:48:14.284+0000][6][gc,heap      ] GC(15) Old regions: 49->61
[2020-08-12T19:48:14.284+0000][6][gc,heap      ] GC(15) Archive regions: 2->2
[2020-08-12T19:48:14.284+0000][6][gc,heap      ] GC(15) Humongous regions: 1->1
[2020-08-12T19:48:14.284+0000][6][gc,metaspace ] GC(15) Metaspace: 81914K(88908K)->81914K(88908K) NonClass: 70656K(74828K)->70656K(74828K) Class: 11257K(14080K)->11257K(14080K)
[2020-08-12T19:48:14.284+0000][6][gc           ] GC(15) Pause Young (Concurrent Start) (G1 Evacuation Pause) 119M->64M(1024M) 168.045ms
[2020-08-12T19:48:14.284+0000][6][gc,cpu       ] GC(15) User=0.11s Sys=0.00s Real=0.17s
[2020-08-12T19:48:14.284+0000][6][safepoint    ] Safepoint "G1CollectForAllocation", Time since last: 40714236 ns, Reaching safepoint: 1385413 ns, At safepoint: 168284370 ns, Total: 169669783 ns
[2020-08-12T19:48:14.284+0000][6][gc           ] GC(16) Concurrent Cycle
[2020-08-12T19:48:14.284+0000][6][gc,marking   ] GC(16) Concurrent Clear Claimed Marks
[2020-08-12T19:48:14.285+0000][6][gc,marking   ] GC(16) Concurrent Clear Claimed Marks 0.854ms
[2020-08-12T19:48:14.285+0000][6][gc,marking   ] GC(16) Concurrent Scan Root Regions
[2020-08-12T19:48:14.512+0000][6][gc,marking   ] GC(16) Concurrent Scan Root Regions 226.564ms
[2020-08-12T19:48:14.512+0000][6][gc,marking   ] GC(16) Concurrent Mark (119.209s)
[2020-08-12T19:48:14.512+0000][6][gc,marking   ] GC(16) Concurrent Mark From Roots
[2020-08-12T19:48:14.512+0000][6][gc,task      ] GC(16) Using 1 workers of 1 for marking
[2020-08-12T19:48:15.348+0000][6][safepoint    ] Safepoint "Cleanup", Time since last: 1057762671 ns, Reaching safepoint: 5576077 ns, At safepoint: 23762 ns, Total: 5599839 ns
[2020-08-12T19:48:16.347+0000][6][gc,marking   ] GC(16) Concurrent Mark From Roots 1834.687ms
[2020-08-12T19:48:16.347+0000][6][gc,marking   ] GC(16) Concurrent Preclean
[2020-08-12T19:48:16.349+0000][6][gc,marking   ] GC(16) Concurrent Preclean 2.389ms
[2020-08-12T19:48:16.349+0000][6][gc,marking   ] GC(16) Concurrent Mark (119.209s, 121.046s) 1837.295ms
[2020-08-12T19:48:16.353+0000][6][gc,start     ] GC(16) Pause Remark
[2020-08-12T19:48:16.405+0000][6][gc           ] GC(16) Pause Remark 85M->85M(1024M) 51.203ms
[2020-08-12T19:48:16.405+0000][6][gc,cpu       ] GC(16) User=0.03s Sys=0.01s Real=0.06s
[2020-08-12T19:48:16.405+0000][6][safepoint    ] Safepoint "G1Concurrent", Time since last: 1001738767 ns, Reaching safepoint: 4005666 ns, At safepoint: 51435268 ns, Total: 55440934 ns
[2020-08-12T19:48:16.408+0000][6][gc,marking   ] GC(16) Concurrent Rebuild Remembered Sets
[2020-08-12T19:48:17.137+0000][6][gc,marking   ] GC(16) Concurrent Rebuild Remembered Sets 728.912ms
[2020-08-12T19:48:17.139+0000][6][gc,start     ] GC(16) Pause Cleanup
[2020-08-12T19:48:17.142+0000][6][gc           ] GC(16) Pause Cleanup 92M->92M(1024M) 3.030ms
[2020-08-12T19:48:17.143+0000][6][gc,cpu       ] GC(16) User=0.01s Sys=0.00s Real=0.00s
[2020-08-12T19:48:17.143+0000][6][safepoint    ] Safepoint "G1Concurrent", Time since last: 732375932 ns, Reaching safepoint: 2317580 ns, At safepoint: 3272272 ns, Total: 5589852 ns
[2020-08-12T19:48:17.143+0000][6][gc,marking   ] GC(16) Concurrent Cleanup for Next Mark
[2020-08-12T19:48:17.203+0000][6][gc,marking   ] GC(16) Concurrent Cleanup for Next Mark 59.988ms
[2020-08-12T19:48:17.203+0000][6][gc           ] GC(16) Concurrent Cycle 2918.792ms
[2020-08-12T19:48:18.491+0000][6][safepoint    ] Safepoint "Cleanup", Time since last: 1345543521 ns, Reaching safepoint: 3014086 ns, At safepoint: 22137 ns, Total: 3036223 ns
[2020-08-12T19:48:19.210+0000][6][safepoint    ] Safepoint "BulkRevokeBias", Time since last: 702275343 ns, Reaching safepoint: 3509270 ns, At safepoint: 12609078 ns, Total: 16118348 ns
[2020-08-12T19:48:20.212+0000][6][safepoint    ] Safepoint "Cleanup", Time since last: 1002229126 ns, Reaching safepoint: 242523 ns, At safepoint: 11850 ns, Total: 254373 ns
[2020-08-12T19:48:21.367+0000][6][safepoint    ] Safepoint "Cleanup", Time since last: 1154804981 ns, Reaching safepoint: 296735 ns, At safepoint: 12688 ns, Total: 309423 ns
[2020-08-12T19:48:23.005+0000][6][safepoint    ] Safepoint "Cleanup", Time since last: 1637605909 ns, Reaching safepoint: 372196 ns, At safepoint: 12988 ns, Total: 385184 ns
[2020-08-12T19:48:24.015+0000][6][safepoint    ] Safepoint "Cleanup", Time since last: 1001690980 ns, Reaching safepoint: 8493576 ns, At safepoint: 31463 ns, Total: 8525039 ns
[2020-08-12T19:48:25.100+0000][6][safepoint    ] Safepoint "Cleanup", Time since last: 1084352728 ns, Reaching safepoint: 319372 ns, At safepoint: 10775 ns, Total: 330147 ns
[2020-08-12T19:48:26.103+0000][6][safepoint    ] Safepoint "Cleanup", Time since last: 1002324550 ns, Reaching safepoint: 515908 ns, At safepoint: 14149 ns, Total: 530057 ns
[2020-08-12T19:48:27.203+0000][6][safepoint    ] Safepoint "Cleanup", Time since last: 1099283075 ns, Reaching safepoint: 316109 ns, At safepoint: 10813 ns, Total: 326922 ns
[2020-08-12T19:48:27.234+0000][6][safepoint    ] Safepoint "BulkRevokeBias", Time since last: 27226489 ns, Reaching safepoint: 266698 ns, At safepoint: 3538869 ns, Total: 3805567 ns
[2020-08-12T19:48:28.236+0000][6][safepoint    ] Safepoint "Cleanup", Time since last: 1002264301 ns, Reaching safepoint: 312459 ns, At safepoint: 10863 ns, Total: 323322 ns
[2020-08-12T19:48:29.237+0000][6][safepoint    ] Safepoint "Cleanup", Time since last: 1000195505 ns, Reaching safepoint: 265110 ns, At safepoint: 10925 ns, Total: 276035 ns
[2020-08-12T19:48:30.843+0000][6][safepoint    ] Safepoint "Cleanup", Time since last: 1605661173 ns, Reaching safepoint: 641444 ns, At safepoint: 19225 ns, Total: 660669 ns
[2020-08-12T19:48:32.148+0000][6][safepoint    ] Safepoint "Cleanup", Time since last: 1304465751 ns, Reaching safepoint: 393434 ns, At safepoint: 12050 ns, Total: 405484 ns
[2020-08-12T19:48:33.148+0000][6][safepoint    ] Safepoint "Cleanup", Time since last: 1000184018 ns, Reaching safepoint: 254135 ns, At safepoint: 10888 ns, Total: 265023 ns
[2020-08-12T19:48:34.900+0000][6][safepoint    ] Safepoint "Cleanup", Time since last: 1750905579 ns, Reaching safepoint: 275198 ns, At safepoint: 11275 ns, Total: 286473 ns
[2020-08-12T19:48:36.255+0000][6][safepoint    ] Safepoint "Cleanup", Time since last: 1354838203 ns, Reaching safepoint: 390384 ns, At safepoint: 11125 ns, Total: 401509 ns
[2020-08-12T19:48:37.866+0000][6][safepoint    ] Safepoint "Cleanup", Time since last: 1611401923 ns, Reaching safepoint: 309535 ns, At safepoint: 11387 ns, Total: 320922 ns
[2020-08-12T19:48:38.867+0000][6][safepoint    ] Safepoint "Cleanup", Time since last: 1000202718 ns, Reaching safepoint: 323747 ns, At safepoint: 11300 ns, Total: 335047 ns
[2020-08-12T19:48:40.080+0000][6][safepoint    ] Safepoint "Cleanup", Time since last: 1212809718 ns, Reaching safepoint: 297147 ns, At safepoint: 10838 ns, Total: 307985 ns
[2020-08-12T19:48:41.081+0000][6][safepoint    ] Safepoint "Cleanup", Time since last: 1000177280 ns, Reaching safepoint: 258498 ns, At safepoint: 10950 ns, Total: 269448 ns
[2020-08-12T19:48:42.081+0000][6][safepoint    ] Safepoint "Cleanup", Time since last: 1000171406 ns, Reaching safepoint: 290860 ns, At safepoint: 11125 ns, Total: 301985 ns
[2020-08-12T19:48:43.082+0000][6][safepoint    ] Safepoint "Cleanup", Time since last: 1000206743 ns, Reaching safepoint: 271072 ns, At safepoint: 10838 ns, Total: 281910 ns
[2020-08-12T19:48:44.084+0000][6][safepoint    ] Safepoint "Cleanup", Time since last: 1000758300 ns, Reaching safepoint: 1184340 ns, At safepoint: 25437 ns, Total: 1209777 ns
[2020-08-12T19:48:45.427+0000][6][safepoint    ] Safepoint "Cleanup", Time since last: 1343385440 ns, Reaching safepoint: 359146 ns, At safepoint: 11388 ns, Total: 370534 ns
[2020-08-12T19:48:46.532+0000][6][safepoint    ] Safepoint "Cleanup", Time since last: 1104172807 ns, Reaching safepoint: 306910 ns, At safepoint: 11149 ns, Total: 318059 ns
[2020-08-12T19:48:46.946+0000][6][safepoint    ] Safepoint "BulkRevokeBias", Time since last: 412486585 ns, Reaching safepoint: 244461 ns, At safepoint: 1095040 ns, Total: 1339501 ns
[2020-08-12T19:48:46.948+0000][6][safepoint    ] Safepoint "BulkRevokeBias", Time since last: 878518 ns, Reaching safepoint: 275585 ns, At safepoint: 1327088 ns, Total: 1602673 ns
[2020-08-12T19:48:47.949+0000][6][safepoint    ] Safepoint "Cleanup", Time since last: 1000201731 ns, Reaching safepoint: 272135 ns, At safepoint: 10800 ns, Total: 282935 ns
[2020-08-12T19:48:48.949+0000][6][safepoint    ] Safepoint "Cleanup", Time since last: 1000173581 ns, Reaching safepoint: 289547 ns, At safepoint: 11037 ns, Total: 300584 ns
[2020-08-12T19:48:50.073+0000][6][safepoint    ] Safepoint "Cleanup", Time since last: 1123774275 ns, Reaching safepoint: 332572 ns, At safepoint: 15913 ns, Total: 348485 ns
[2020-08-12T19:48:51.087+0000][6][safepoint    ] Safepoint "Cleanup", Time since last: 1013040844 ns, Reaching safepoint: 327647 ns, At safepoint: 15875 ns, Total: 343522 ns
[2020-08-12T19:48:52.087+0000][6][safepoint    ] Safepoint "Cleanup", Time since last: 1000186356 ns, Reaching safepoint: 298835 ns, At safepoint: 11637 ns, Total: 310472 ns
[2020-08-12T19:48:53.087+0000][6][safepoint    ] Safepoint "Cleanup", Time since last: 1000179506 ns, Reaching safepoint: 246748 ns, At safepoint: 12012 ns, Total: 258760 ns
[2020-08-12T19:48:54.836+0000][6][safepoint    ] Safepoint "Cleanup", Time since last: 1748026830 ns, Reaching safepoint: 277697 ns, At safepoint: 11788 ns, Total: 289485 ns
[2020-08-12T19:48:56.273+0000][6][safepoint    ] Safepoint "Cleanup", Time since last: 1437280140 ns, Reaching safepoint: 274235 ns, At safepoint: 11588 ns, Total: 285823 ns
[2020-08-12T19:48:57.274+0000][6][safepoint    ] Safepoint "Cleanup", Time since last: 1000194893 ns, Reaching safepoint: 240835 ns, At safepoint: 19012 ns, Total: 259847 ns
[2020-08-12T19:48:58.274+0000][6][safepoint    ] Safepoint "Cleanup", Time since last: 1000224093 ns, Reaching safepoint: 302122 ns, At safepoint: 10950 ns, Total: 313072 ns
[2020-08-12T19:48:59.275+0000][6][safepoint    ] Safepoint "Cleanup", Time since last: 1000184918 ns, Reaching safepoint: 462909 ns, At safepoint: 19725 ns, Total: 482634 ns
[2020-08-12T19:49:00.275+0000][6][safepoint    ] Safepoint "Cleanup", Time since last: 1000205568 ns, Reaching safepoint: 256347 ns, At safepoint: 11250 ns, Total: 267597 ns
[2020-08-12T19:49:01.276+0000][6][safepoint    ] Safepoint "Cleanup", Time since last: 1000172806 ns, Reaching safepoint: 366184 ns, At safepoint: 13813 ns, Total: 379997 ns
[2020-08-12T19:49:02.276+0000][6][safepoint    ] Safepoint "Cleanup", Time since last: 1000188280 ns, Reaching safepoint: 265785 ns, At safepoint: 10850 ns, Total: 276635 ns
[2020-08-12T19:49:03.277+0000][6][safepoint    ] Safepoint "Cleanup", Time since last: 1000221368 ns, Reaching safepoint: 512433 ns, At safepoint: 25375 ns, Total: 537808 ns
[2020-08-12T19:49:05.076+0000][6][safepoint    ] Safepoint "Cleanup", Time since last: 1798647042 ns, Reaching safepoint: 374222 ns, At safepoint: 13387 ns, Total: 387609 ns
[2020-08-12T19:49:06.260+0000][6][safepoint    ] Safepoint "Cleanup", Time since last: 1183515459 ns, Reaching safepoint: 338422 ns, At safepoint: 10950 ns, Total: 349372 ns
[2020-08-12T19:49:07.261+0000][6][safepoint    ] Safepoint "Cleanup", Time since last: 1000240092 ns, Reaching safepoint: 267373 ns, At safepoint: 11800 ns, Total: 279173 ns
[2020-08-12T19:49:08.261+0000][6][safepoint    ] Safepoint "Cleanup", Time since last: 1000186793 ns, Reaching safepoint: 267923 ns, At safepoint: 11700 ns, Total: 279623 ns
[2020-08-12T19:49:10.063+0000][6][safepoint    ] Safepoint "Cleanup", Time since last: 1790451737 ns, Reaching safepoint: 11446664 ns, At safepoint: 51275 ns, Total: 11497939 ns
[2020-08-12T19:49:11.064+0000][6][safepoint    ] Safepoint "Cleanup", Time since last: 1000686826 ns, Reaching safepoint: 492446 ns, At safepoint: 16812 ns, Total: 509258 ns
[2020-08-12T19:49:12.065+0000][6][safepoint    ] Safepoint "Cleanup", Time since last: 1000178918 ns, Reaching safepoint: 282448 ns, At safepoint: 35662 ns, Total: 318110 ns
[2020-08-12T19:49:13.066+0000][6][safepoint    ] Safepoint "Cleanup", Time since last: 1000502740 ns, Reaching safepoint: 228873 ns, At safepoint: 11300 ns, Total: 240173 ns
[2020-08-12T19:49:14.066+0000][6][safepoint    ] Safepoint "Cleanup", Time since last: 1000194506 ns, Reaching safepoint: 268322 ns, At safepoint: 12475 ns, Total: 280797 ns
[2020-08-12T19:49:15.201+0000][6][gc,start     ] GC(17) Pause Young (Normal) (G1 Evacuation Pause)
[2020-08-12T19:49:15.210+0000][6][gc,task      ] GC(17) Using 2 workers of 2 for evacuation
[2020-08-12T19:49:15.220+0000][6][gc,age       ] GC(17) Desired survivor size 17825792 bytes, new threshold 15 (max threshold 15)
[2020-08-12T19:49:15.434+0000][6][gc,age       ] GC(17) Age table with threshold 15 (max threshold 15)
[2020-08-12T19:49:15.435+0000][6][gc,age       ] GC(17) - age   1:   16298752 bytes,   16298752 total
[2020-08-12T19:49:15.435+0000][6][gc,age       ] GC(17) - age   2:    1630928 bytes,   17929680 total
[2020-08-12T19:49:15.435+0000][6][gc,mmu       ] GC(17) MMU target violated: 201.0ms (200.0ms/201.0ms)
[2020-08-12T19:49:15.441+0000][6][gc,phases    ] GC(17)   Pre Evacuate Collection Set: 7.3ms
[2020-08-12T19:49:15.441+0000][6][gc,phases    ] GC(17)   Merge Heap Roots: 5.5ms
[2020-08-12T19:49:15.441+0000][6][gc,phases    ] GC(17)   Evacuate Collection Set: 177.9ms
[2020-08-12T19:49:15.441+0000][6][gc,phases    ] GC(17)   Post Evacuate Collection Set: 16.3ms
[2020-08-12T19:49:15.441+0000][6][gc,phases    ] GC(17)   Other: 125.8ms
[2020-08-12T19:49:15.441+0000][6][gc,heap      ] GC(17) Eden regions: 264->0(33)
[2020-08-12T19:49:15.441+0000][6][gc,heap      ] GC(17) Survivor regions: 2->18(34)
[2020-08-12T19:49:15.441+0000][6][gc,heap      ] GC(17) Old regions: 61->61
[2020-08-12T19:49:15.441+0000][6][gc,heap      ] GC(17) Archive regions: 2->2
[2020-08-12T19:49:15.441+0000][6][gc,heap      ] GC(17) Humongous regions: 7->7
[2020-08-12T19:49:15.441+0000][6][gc,metaspace ] GC(17) Metaspace: 91321K(99020K)->91321K(99020K) NonClass: 78843K(83532K)->78843K(83532K) Class: 12478K(15488K)->12478K(15488K)
[2020-08-12T19:49:15.442+0000][6][gc           ] GC(17) Pause Young (Normal) (G1 Evacuation Pause) 334M->86M(1024M) 240.331ms
[2020-08-12T19:49:15.442+0000][6][gc,cpu       ] GC(17) User=0.12s Sys=0.01s Real=0.24s
[2020-08-12T19:49:15.442+0000][6][safepoint    ] Safepoint "G1CollectForAllocation", Time since last: 1008166537 ns, Reaching safepoint: 331972 ns, At safepoint: 367927857 ns, Total: 368259829 ns
[2020-08-12T19:49:16.515+0000][6][safepoint    ] Safepoint "Cleanup", Time since last: 1072334020 ns, Reaching safepoint: 425096 ns, At safepoint: 15588 ns, Total: 440684 ns
[2020-08-12T19:49:17.516+0000][6][safepoint    ] Safepoint "Cleanup", Time since last: 1000220380 ns, Reaching safepoint: 413921 ns, At safepoint: 61712 ns, Total: 475633 ns
[2020-08-12T19:49:18.516+0000][6][safepoint    ] Safepoint "Cleanup", Time since last: 1000214168 ns, Reaching safepoint: 283723 ns, At safepoint: 11200 ns, Total: 294923 ns
[2020-08-12T19:49:19.517+0000][6][safepoint    ] Safepoint "Cleanup", Time since last: 1000176755 ns, Reaching safepoint: 422522 ns, At safepoint: 16362 ns, Total: 438884 ns
[2020-08-12T19:49:20.518+0000][6][safepoint    ] Safepoint "Cleanup", Time since last: 1000219343 ns, Reaching safepoint: 485458 ns, At safepoint: 24962 ns, Total: 510420 ns
[2020-08-12T19:49:21.518+0000][6][safepoint    ] Safepoint "Cleanup", Time since last: 1000319580 ns, Reaching safepoint: 368396 ns, At safepoint: 18375 ns, Total: 386771 ns
[2020-08-12T19:49:22.519+0000][6][safepoint    ] Safepoint "Cleanup", Time since last: 1000198931 ns, Reaching safepoint: 298310 ns, At safepoint: 24437 ns, Total: 322747 ns
[2020-08-12T19:49:23.519+0000][6][safepoint    ] Safepoint "Cleanup", Time since last: 1000195868 ns, Reaching safepoint: 283285 ns, At safepoint: 10800 ns, Total: 294085 ns
[2020-08-12T19:49:25.147+0000][6][safepoint    ] Safepoint "Cleanup", Time since last: 1618402550 ns, Reaching safepoint: 8783374 ns, At safepoint: 15937 ns, Total: 8799311 ns
[2020-08-12T19:49:26.430+0000][6][safepoint    ] Safepoint "Cleanup", Time since last: 1283454020 ns, Reaching safepoint: 289285 ns, At safepoint: 11025 ns, Total: 300310 ns
[2020-08-12T19:49:27.431+0000][6][safepoint    ] Safepoint "Cleanup", Time since last: 1000185881 ns, Reaching safepoint: 269910 ns, At safepoint: 11187 ns, Total: 281097 ns
[2020-08-12T19:49:28.431+0000][6][safepoint    ] Safepoint "Cleanup", Time since last: 1000185618 ns, Reaching safepoint: 397072 ns, At safepoint: 19637 ns, Total: 416709 ns
[2020-08-12T19:49:30.140+0000][6][safepoint    ] Safepoint "Cleanup", Time since last: 1659751105 ns, Reaching safepoint: 48393582 ns, At safepoint: 24725 ns, Total: 48418307 ns
[2020-08-12T19:49:31.140+0000][6][safepoint    ] Safepoint "Cleanup", Time since last: 1000191868 ns, Reaching safepoint: 345497 ns, At safepoint: 13000 ns, Total: 358497 ns
[2020-08-12T19:49:32.715+0000][6][safepoint    ] Safepoint "Cleanup", Time since last: 1574687015 ns, Reaching safepoint: 266010 ns, At safepoint: 11350 ns, Total: 277360 ns
[2020-08-12T19:49:33.716+0000][6][safepoint    ] Safepoint "Cleanup", Time since last: 1000170768 ns, Reaching safepoint: 249723 ns, At safepoint: 11200 ns, Total: 260923 ns
[2020-08-12T19:49:34.716+0000][6][safepoint    ] Safepoint "Cleanup", Time since last: 1000186180 ns, Reaching safepoint: 300760 ns, At safepoint: 10675 ns, Total: 311435 ns
[2020-08-12T19:49:35.721+0000][6][safepoint    ] Safepoint "Cleanup", Time since last: 1000170406 ns, Reaching safepoint: 4762146 ns, At safepoint: 84400 ns, Total: 4846546 ns
[2020-08-12T19:49:37.234+0000][6][safepoint    ] Safepoint "Cleanup", Time since last: 1404180426 ns, Reaching safepoint: 108844247 ns, At safepoint: 37987 ns, Total: 108882234 ns
[2020-08-12T19:49:38.235+0000][6][safepoint    ] Safepoint "Cleanup", Time since last: 1000213205 ns, Reaching safepoint: 257110 ns, At safepoint: 11600 ns, Total: 268710 ns
[2020-08-12T19:49:39.235+0000][6][safepoint    ] Safepoint "Cleanup", Time since last: 1000214481 ns, Reaching safepoint: 323959 ns, At safepoint: 11038 ns, Total: 334997 ns
[2020-08-12T19:49:40.727+0000][6][safepoint    ] Safepoint "Cleanup", Time since last: 1491815669 ns, Reaching safepoint: 326422 ns, At safepoint: 10775 ns, Total: 337197 ns
[2020-08-12T19:49:41.728+0000][6][safepoint    ] Safepoint "Cleanup", Time since last: 1000153981 ns, Reaching safepoint: 249873 ns, At safepoint: 11012 ns, Total: 260885 ns
[2020-08-12T19:49:42.728+0000][6][safepoint    ] Safepoint "Cleanup", Time since last: 1000192193 ns, Reaching safepoint: 272835 ns, At safepoint: 10900 ns, Total: 283735 ns
[2020-08-12T19:49:43.729+0000][6][safepoint    ] Safepoint "Cleanup", Time since last: 1000215918 ns, Reaching safepoint: 246435 ns, At safepoint: 10750 ns, Total: 257185 ns
[2020-08-12T19:49:45.141+0000][6][safepoint    ] Safepoint "Cleanup", Time since last: 1354957777 ns, Reaching safepoint: 57609615 ns, At safepoint: 42837 ns, Total: 57652452 ns
[2020-08-12T19:49:45.273+0000][6][gc,start     ] GC(18) Pause Young (Normal) (G1 Evacuation Pause)
[2020-08-12T19:49:45.280+0000][6][gc,task      ] GC(18) Using 2 workers of 2 for evacuation
[2020-08-12T19:49:45.288+0000][6][gc,age       ] GC(18) Desired survivor size 3670016 bytes, new threshold 1 (max threshold 15)
[2020-08-12T19:49:45.467+0000][6][gc,age       ] GC(18) Age table with threshold 1 (max threshold 15)
[2020-08-12T19:49:45.467+0000][6][gc,age       ] GC(18) - age   1:     116128 bytes,     116128 total
[2020-08-12T19:49:45.467+0000][6][gc,phases    ] GC(18)   Pre Evacuate Collection Set: 10.4ms
[2020-08-12T19:49:45.467+0000][6][gc,phases    ] GC(18)   Merge Heap Roots: 57.7ms
[2020-08-12T19:49:45.467+0000][6][gc,phases    ] GC(18)   Evacuate Collection Set: 64.3ms
[2020-08-12T19:49:45.467+0000][6][gc,phases    ] GC(18)   Post Evacuate Collection Set: 45.4ms
[2020-08-12T19:49:45.467+0000][6][gc,phases    ] GC(18)   Other: 39.3ms
[2020-08-12T19:49:45.475+0000][6][gc,heap      ] GC(18) Eden regions: 33->0(265)
[2020-08-12T19:49:45.475+0000][6][gc,heap      ] GC(18) Survivor regions: 18->1(7)
[2020-08-12T19:49:45.475+0000][6][gc,heap      ] GC(18) Old regions: 61->79
[2020-08-12T19:49:45.475+0000][6][gc,heap      ] GC(18) Archive regions: 2->2
[2020-08-12T19:49:45.475+0000][6][gc,heap      ] GC(18) Humongous regions: 7->7
[2020-08-12T19:49:45.485+0000][6][gc,metaspace ] GC(18) Metaspace: 91483K(99020K)->91483K(99020K) NonClass: 79005K(83532K)->79005K(83532K) Class: 12478K(15488K)->12478K(15488K)
[2020-08-12T19:49:45.485+0000][6][gc           ] GC(18) Pause Young (Normal) (G1 Evacuation Pause) 119M->87M(1024M) 211.288ms
[2020-08-12T19:49:45.485+0000][6][gc,cpu       ] GC(18) User=0.09s Sys=0.01s Real=0.22s
[2020-08-12T19:49:45.486+0000][6][safepoint    ] Safepoint "G1CollectForAllocation", Time since last: 78735494 ns, Reaching safepoint: 667419 ns, At safepoint: 265056410 ns, Total: 265723829 ns
[2020-08-12T19:49:46.756+0000][6][safepoint    ] Safepoint "Cleanup", Time since last: 1269325954 ns, Reaching safepoint: 398334 ns, At safepoint: 16912 ns, Total: 415246 ns
[2020-08-12T19:49:47.756+0000][6][safepoint    ] Safepoint "Cleanup", Time since last: 1000191456 ns, Reaching safepoint: 408709 ns, At safepoint: 20287 ns, Total: 428996 ns
[2020-08-12T19:49:48.757+0000][6][safepoint    ] Safepoint "Cleanup", Time since last: 1000220118 ns, Reaching safepoint: 272210 ns, At safepoint: 11413 ns, Total: 283623 ns
[2020-08-12T19:49:50.244+0000][6][safepoint    ] Safepoint "Cleanup", Time since last: 1364910215 ns, Reaching safepoint: 122411492 ns, At safepoint: 54575 ns, Total: 122466067 ns
[2020-08-12T19:49:51.245+0000][6][safepoint    ] Safepoint "Cleanup", Time since last: 1000265330 ns, Reaching safepoint: 323647 ns, At safepoint: 14600 ns, Total: 338247 ns
[2020-08-12T19:49:52.245+0000][6][safepoint    ] Safepoint "Cleanup", Time since last: 1000214405 ns, Reaching safepoint: 258623 ns, At safepoint: 10725 ns, Total: 269348 ns
[2020-08-12T19:49:53.246+0000][6][safepoint    ] Safepoint "Cleanup", Time since last: 1000187843 ns, Reaching safepoint: 270460 ns, At safepoint: 10950 ns, Total: 281410 ns
[2020-08-12T19:49:54.283+0000][6][safepoint    ] Safepoint "Cleanup", Time since last: 1000777600 ns, Reaching safepoint: 36798245 ns, At safepoint: 27812 ns, Total: 36826057 ns
[2020-08-12T19:49:56.158+0000][6][safepoint    ] Safepoint "Cleanup", Time since last: 1874198052 ns, Reaching safepoint: 471446 ns, At safepoint: 15224 ns, Total: 486670 ns
[2020-08-12T19:49:57.159+0000][6][safepoint    ] Safepoint "Cleanup", Time since last: 1000196368 ns, Reaching safepoint: 538721 ns, At safepoint: 29762 ns, Total: 568483 ns
[2020-08-12T19:49:58.159+0000][6][safepoint    ] Safepoint "Cleanup", Time since last: 1000254855 ns, Reaching safepoint: 503458 ns, At safepoint: 22950 ns, Total: 526408 ns
[2020-08-12T19:50:00.091+0000][6][safepoint    ] Safepoint "Cleanup", Time since last: 1931113347 ns, Reaching safepoint: 514083 ns, At safepoint: 28950 ns, Total: 543033 ns
[2020-08-12T19:50:01.092+0000][6][safepoint    ] Safepoint "Cleanup", Time since last: 1000319754 ns, Reaching safepoint: 374147 ns, At safepoint: 16563 ns, Total: 390710 ns
[2020-08-12T19:50:02.540+0000][6][safepoint    ] Safepoint "Cleanup", Time since last: 1000210805 ns, Reaching safepoint: 446094544 ns, At safepoint: 1704411 ns, Total: 447798955 ns
[2020-08-12T19:50:03.541+0000][6][safepoint    ] Safepoint "Cleanup", Time since last: 1000269592 ns, Reaching safepoint: 535483 ns, At safepoint: 13262 ns, Total: 548745 ns
[2020-08-12T19:50:05.505+0000][6][safepoint    ] Safepoint "Cleanup", Time since last: 1910542075 ns, Reaching safepoint: 52785294 ns, At safepoint: 1090791 ns, Total: 53876085 ns
[2020-08-12T19:50:07.417+0000][6][safepoint    ] Safepoint "Cleanup", Time since last: 1911098270 ns, Reaching safepoint: 540795 ns, At safepoint: 19925 ns, Total: 560720 ns
[2020-08-12T19:50:08.417+0000][6][safepoint    ] Safepoint "Cleanup", Time since last: 1000181730 ns, Reaching safepoint: 374360 ns, At safepoint: 18762 ns, Total: 393122 ns
[2020-08-12T19:50:09.467+0000][6][safepoint    ] Safepoint "Cleanup", Time since last: 1000208730 ns, Reaching safepoint: 49257962 ns, At safepoint: 44012 ns, Total: 49301974 ns
[2020-08-12T19:50:10.578+0000][6][safepoint    ] Safepoint "Cleanup", Time since last: 1001420433 ns, Reaching safepoint: 107841193 ns, At safepoint: 1591324 ns, Total: 109432517 ns
[2020-08-12T19:50:11.579+0000][6][safepoint    ] Safepoint "Cleanup", Time since last: 1000771575 ns, Reaching safepoint: 856180 ns, At safepoint: 22012 ns, Total: 878192 ns
[2020-08-12T19:50:12.580+0000][6][safepoint    ] Safepoint "Cleanup", Time since last: 1000180394 ns, Reaching safepoint: 466383 ns, At safepoint: 19875 ns, Total: 486258 ns
[2020-08-12T19:50:13.581+0000][6][safepoint    ] Safepoint "Cleanup", Time since last: 1000189080 ns, Reaching safepoint: 403722 ns, At safepoint: 17850 ns, Total: 421572 ns
[2020-08-12T19:50:14.581+0000][6][safepoint    ] Safepoint "Cleanup", Time since last: 1000212730 ns, Reaching safepoint: 366997 ns, At safepoint: 15400 ns, Total: 382397 ns
[2020-08-12T19:50:15.610+0000][6][safepoint    ] Safepoint "Cleanup", Time since last: 1000215805 ns, Reaching safepoint: 28065082 ns, At safepoint: 68350 ns, Total: 28133432 ns
[2020-08-12T19:50:16.746+0000][6][safepoint    ] Safepoint "Cleanup", Time since last: 1136356204 ns, Reaching safepoint: 315709 ns, At safepoint: 20350 ns, Total: 336059 ns
[2020-08-12T19:50:17.904+0000][6][safepoint    ] Safepoint "Cleanup", Time since last: 1000221380 ns, Reaching safepoint: 156969194 ns, At safepoint: 150736 ns, Total: 157119930 ns
[2020-08-12T19:50:18.904+0000][6][safepoint    ] Safepoint "Cleanup", Time since last: 1000197705 ns, Reaching safepoint: 598870 ns, At safepoint: 39937 ns, Total: 638807 ns
[2020-08-12T19:50:20.090+0000][6][safepoint    ] Safepoint "Cleanup", Time since last: 1185023833 ns, Reaching safepoint: 259073 ns, At safepoint: 10838 ns, Total: 269911 ns
[2020-08-12T19:50:21.091+0000][6][safepoint    ] Safepoint "Cleanup", Time since last: 1000244455 ns, Reaching safepoint: 682319 ns, At safepoint: 37387 ns, Total: 719706 ns
[2020-08-12T19:50:22.091+0000][6][safepoint    ] Safepoint "Cleanup", Time since last: 1000292217 ns, Reaching safepoint: 435959 ns, At safepoint: 22850 ns, Total: 458809 ns
[2020-08-12T19:50:23.092+0000][6][safepoint    ] Safepoint "Cleanup", Time since last: 1000240067 ns, Reaching safepoint: 299298 ns, At safepoint: 11049 ns, Total: 310347 ns
[2020-08-12T19:50:25.094+0000][6][safepoint    ] Safepoint "Cleanup", Time since last: 1998387654 ns, Reaching safepoint: 3931991 ns, At safepoint: 30625 ns, Total: 3962616 ns
[2020-08-12T19:50:26.179+0000][6][safepoint    ] Safepoint "Cleanup", Time since last: 1084102530 ns, Reaching safepoint: 285710 ns, At safepoint: 10787 ns, Total: 296497 ns
[2020-08-12T19:50:27.179+0000][6][safepoint    ] Safepoint "Cleanup", Time since last: 1000193868 ns, Reaching safepoint: 397847 ns, At safepoint: 20187 ns, Total: 418034 ns
[2020-08-12T19:50:28.180+0000][6][safepoint    ] Safepoint "Cleanup", Time since last: 1000430779 ns, Reaching safepoint: 387509 ns, At safepoint: 17150 ns, Total: 404659 ns
[2020-08-12T19:50:30.141+0000][6][safepoint    ] Safepoint "Cleanup", Time since last: 1960011235 ns, Reaching safepoint: 369921 ns, At safepoint: 29950 ns, Total: 399871 ns
[2020-08-12T19:50:31.141+0000][6][safepoint    ] Safepoint "Cleanup", Time since last: 1000213718 ns, Reaching safepoint: 240323 ns, At safepoint: 11225 ns, Total: 251548 ns
[2020-08-12T19:50:32.142+0000][6][safepoint    ] Safepoint "Cleanup", Time since last: 1000208593 ns, Reaching safepoint: 599657 ns, At safepoint: 56549 ns, Total: 656206 ns
[2020-08-12T19:50:33.143+0000][6][safepoint    ] Safepoint "Cleanup", Time since last: 1000229656 ns, Reaching safepoint: 526933 ns, At safepoint: 21024 ns, Total: 547957 ns
[2020-08-12T19:50:34.143+0000][6][safepoint    ] Safepoint "Cleanup", Time since last: 1000224356 ns, Reaching safepoint: 435783 ns, At safepoint: 23213 ns, Total: 458996 ns
[2020-08-12T19:50:35.146+0000][6][safepoint    ] Safepoint "Cleanup", Time since last: 1001311183 ns, Reaching safepoint: 1261514 ns, At safepoint: 31937 ns, Total: 1293451 ns
[2020-08-12T19:50:36.191+0000][6][safepoint    ] Safepoint "Cleanup", Time since last: 1045256629 ns, Reaching safepoint: 262223 ns, At safepoint: 10699 ns, Total: 272922 ns
[2020-08-12T19:50:37.192+0000][6][safepoint    ] Safepoint "Cleanup", Time since last: 1000187131 ns, Reaching safepoint: 357284 ns, At safepoint: 17900 ns, Total: 375184 ns
[2020-08-12T19:50:38.193+0000][6][safepoint    ] Safepoint "Cleanup", Time since last: 1000215906 ns, Reaching safepoint: 245960 ns, At safepoint: 10875 ns, Total: 256835 ns
[2020-08-12T19:50:40.092+0000][6][safepoint    ] Safepoint "Cleanup", Time since last: 1899246885 ns, Reaching safepoint: 272510 ns, At safepoint: 11300 ns, Total: 283810 ns
[2020-08-12T19:50:41.093+0000][6][safepoint    ] Safepoint "Cleanup", Time since last: 1000210655 ns, Reaching safepoint: 414784 ns, At safepoint: 29275 ns, Total: 444059 ns
[2020-08-12T19:50:42.094+0000][6][safepoint    ] Safepoint "Cleanup", Time since last: 1000314967 ns, Reaching safepoint: 921630 ns, At safepoint: 56874 ns, Total: 978504 ns
[2020-08-12T19:50:43.095+0000][6][safepoint    ] Safepoint "Cleanup", Time since last: 1000324717 ns, Reaching safepoint: 325085 ns, At safepoint: 16037 ns, Total: 341122 ns
[2020-08-12T19:50:45.027+0000][6][safepoint    ] Safepoint "Cleanup", Time since last: 1925978704 ns, Reaching safepoint: 6575106 ns, At safepoint: 19112 ns, Total: 6594218 ns
[2020-08-12T19:50:46.028+0000][6][safepoint    ] Safepoint "Cleanup", Time since last: 1000255355 ns, Reaching safepoint: 612807 ns, At safepoint: 26962 ns, Total: 639769 ns
[2020-08-12T19:50:47.029+0000][6][safepoint    ] Safepoint "Cleanup", Time since last: 1000241818 ns, Reaching safepoint: 257210 ns, At safepoint: 10913 ns, Total: 268123 ns
[2020-08-12T19:50:48.029+0000][6][safepoint    ] Safepoint "Cleanup", Time since last: 1000182268 ns, Reaching safepoint: 403784 ns, At safepoint: 18150 ns, Total: 421934 ns
[2020-08-12T19:50:49.030+0000][6][safepoint    ] Safepoint "Cleanup", Time since last: 1000193568 ns, Reaching safepoint: 258772 ns, At safepoint: 10950 ns, Total: 269722 ns
[2020-08-12T19:50:50.094+0000][6][safepoint    ] Safepoint "Cleanup", Time since last: 1064508425 ns, Reaching safepoint: 267798 ns, At safepoint: 10887 ns, Total: 278685 ns
[2020-08-12T19:50:51.095+0000][6][safepoint    ] Safepoint "Cleanup", Time since last: 1000202806 ns, Reaching safepoint: 391396 ns, At safepoint: 16613 ns, Total: 408009 ns
[2020-08-12T19:50:52.096+0000][6][safepoint    ] Safepoint "Cleanup", Time since last: 1000199317 ns, Reaching safepoint: 384110 ns, At safepoint: 19024 ns, Total: 403134 ns
[2020-08-12T19:50:53.096+0000][6][safepoint    ] Safepoint "Cleanup", Time since last: 1000217631 ns, Reaching safepoint: 311072 ns, At safepoint: 14987 ns, Total: 326059 ns
[2020-08-12T19:50:54.097+0000][6][safepoint    ] Safepoint "Cleanup", Time since last: 1000215856 ns, Reaching safepoint: 269697 ns, At safepoint: 27888 ns, Total: 297585 ns
[2020-08-12T19:50:55.098+0000][6][safepoint    ] Safepoint "Cleanup", Time since last: 1000242430 ns, Reaching safepoint: 453296 ns, At safepoint: 33050 ns, Total: 486346 ns
[2020-08-12T19:50:56.351+0000][6][safepoint    ] Safepoint "Cleanup", Time since last: 1252893033 ns, Reaching safepoint: 300198 ns, At safepoint: 18200 ns, Total: 318398 ns
[2020-08-12T19:50:57.351+0000][6][safepoint    ] Safepoint "Cleanup", Time since last: 1000201455 ns, Reaching safepoint: 316972 ns, At safepoint: 15913 ns, Total: 332885 ns
[2020-08-12T19:50:58.352+0000][6][safepoint    ] Safepoint "Cleanup", Time since last: 1000183880 ns, Reaching safepoint: 260261 ns, At safepoint: 26924 ns, Total: 287185 ns
[2020-08-12T19:51:00.091+0000][6][safepoint    ] Safepoint "Cleanup", Time since last: 1738073128 ns, Reaching safepoint: 859706 ns, At safepoint: 43099 ns, Total: 902805 ns
[2020-08-12T19:51:01.145+0000][6][safepoint    ] Safepoint "BulkRevokeBias", Time since last: 1042989161 ns, Reaching safepoint: 6489681 ns, At safepoint: 5142468 ns, Total: 11632149 ns
[2020-08-12T19:51:02.146+0000][6][safepoint    ] Safepoint "Cleanup", Time since last: 1000311505 ns, Reaching safepoint: 276885 ns, At safepoint: 11012 ns, Total: 287897 ns
[2020-08-12T19:51:02.930+0000][6][safepoint    ] Safepoint "BulkRevokeBias", Time since last: 782888696 ns, Reaching safepoint: 237198 ns, At safepoint: 873943 ns, Total: 1111141 ns
[2020-08-12T19:51:03.931+0000][6][safepoint    ] Safepoint "Cleanup", Time since last: 1000841850 ns, Reaching safepoint: 510308 ns, At safepoint: 15562 ns, Total: 525870 ns
[2020-08-12T19:51:05.101+0000][6][safepoint    ] Safepoint "Cleanup", Time since last: 1168954097 ns, Reaching safepoint: 679844 ns, At safepoint: 53012 ns, Total: 732856 ns
[2020-08-12T19:51:06.145+0000][6][safepoint    ] Safepoint "Cleanup", Time since last: 1042750225 ns, Reaching safepoint: 912618 ns, At safepoint: 42424 ns, Total: 955042 ns
[2020-08-12T19:51:07.146+0000][6][safepoint    ] Safepoint "Cleanup", Time since last: 1000389929 ns, Reaching safepoint: 777443 ns, At safepoint: 145962 ns, Total: 923405 ns
[2020-08-12T19:51:08.148+0000][6][safepoint    ] Safepoint "Cleanup", Time since last: 1000347116 ns, Reaching safepoint: 1110866 ns, At safepoint: 54662 ns, Total: 1165528 ns
[2020-08-12T19:51:10.095+0000][6][safepoint    ] Safepoint "Cleanup", Time since last: 1946690725 ns, Reaching safepoint: 835917 ns, At safepoint: 44038 ns, Total: 879955 ns
[2020-08-12T19:51:11.096+0000][6][safepoint    ] Safepoint "Cleanup", Time since last: 1000308804 ns, Reaching safepoint: 632582 ns, At safepoint: 29887 ns, Total: 662469 ns
[2020-08-12T19:51:12.124+0000][6][safepoint    ] Safepoint "Cleanup", Time since last: 1000289842 ns, Reaching safepoint: 27454788 ns, At safepoint: 328922 ns, Total: 27783710 ns
[2020-08-12T19:51:13.126+0000][6][safepoint    ] Safepoint "Cleanup", Time since last: 1000580715 ns, Reaching safepoint: 971129 ns, At safepoint: 55475 ns, Total: 1026604 ns
[2020-08-12T19:51:14.127+0000][6][safepoint    ] Safepoint "Cleanup", Time since last: 1000378954 ns, Reaching safepoint: 1090590 ns, At safepoint: 56275 ns, Total: 1146865 ns
[2020-08-12T19:51:15.128+0000][6][safepoint    ] Safepoint "Cleanup", Time since last: 1000320279 ns, Reaching safepoint: 487946 ns, At safepoint: 28950 ns, Total: 516896 ns
[2020-08-12T19:51:15.190+0000][6][safepoint    ] Safepoint "BulkRevokeBias", Time since last: 61121371 ns, Reaching safepoint: 343522 ns, At safepoint: 842518 ns, Total: 1186040 ns
[2020-08-12T19:51:16.191+0000][6][safepoint    ] Safepoint "Cleanup", Time since last: 1000220793 ns, Reaching safepoint: 845167 ns, At safepoint: 33350 ns, Total: 878517 ns
[2020-08-12T19:51:17.193+0000][6][safepoint    ] Safepoint "Cleanup", Time since last: 1000304730 ns, Reaching safepoint: 887892 ns, At safepoint: 43337 ns, Total: 931229 ns
[2020-08-12T19:51:18.194+0000][6][safepoint    ] Safepoint "Cleanup", Time since last: 1000403654 ns, Reaching safepoint: 530558 ns, At safepoint: 26912 ns, Total: 557470 ns
[2020-08-12T19:51:20.093+0000][6][safepoint    ] Safepoint "Cleanup", Time since last: 1898696340 ns, Reaching safepoint: 821180 ns, At safepoint: 54912 ns, Total: 876092 ns
[2020-08-12T19:51:21.095+0000][6][safepoint    ] Safepoint "Cleanup", Time since last: 1000344142 ns, Reaching safepoint: 865030 ns, At safepoint: 43787 ns, Total: 908817 ns
[2020-08-12T19:51:22.095+0000][6][safepoint    ] Safepoint "Cleanup", Time since last: 1000306055 ns, Reaching safepoint: 326422 ns, At safepoint: 11462 ns, Total: 337884 ns
[2020-08-12T19:51:23.096+0000][6][safepoint    ] Safepoint "Cleanup", Time since last: 1000173418 ns, Reaching safepoint: 538596 ns, At safepoint: 20725 ns, Total: 559321 ns
[2020-08-12T19:51:25.094+0000][6][safepoint    ] Safepoint "Cleanup", Time since last: 1991696336 ns, Reaching safepoint: 6644055 ns, At safepoint: 19625 ns, Total: 6663680 ns
[2020-08-12T19:51:26.095+0000][6][safepoint    ] Safepoint "Cleanup", Time since last: 1000293979 ns, Reaching safepoint: 595983 ns, At safepoint: 45374 ns, Total: 641357 ns
[2020-08-12T19:51:27.096+0000][6][safepoint    ] Safepoint "Cleanup", Time since last: 1000346317 ns, Reaching safepoint: 770068 ns, At safepoint: 46200 ns, Total: 816268 ns
[2020-08-12T19:51:28.097+0000][6][safepoint    ] Safepoint "Cleanup", Time since last: 1000296692 ns, Reaching safepoint: 594357 ns, At safepoint: 27375 ns, Total: 621732 ns
[2020-08-12T19:51:29.099+0000][6][safepoint    ] Safepoint "Cleanup", Time since last: 1000216630 ns, Reaching safepoint: 1038016 ns, At safepoint: 49937 ns, Total: 1087953 ns
[2020-08-12T19:51:30.430+0000][6][safepoint    ] Safepoint "Cleanup", Time since last: 1330771486 ns, Reaching safepoint: 829893 ns, At safepoint: 34237 ns, Total: 864130 ns
[2020-08-12T19:51:31.431+0000][6][safepoint    ] Safepoint "Cleanup", Time since last: 1000220693 ns, Reaching safepoint: 491546 ns, At safepoint: 21425 ns, Total: 512971 ns
[2020-08-12T19:51:32.432+0000][6][safepoint    ] Safepoint "Cleanup", Time since last: 1000183405 ns, Reaching safepoint: 454796 ns, At safepoint: 18225 ns, Total: 473021 ns
[2020-08-12T19:51:34.129+0000][6][safepoint    ] Safepoint "Cleanup", Time since last: 1696347876 ns, Reaching safepoint: 1186003 ns, At safepoint: 46574 ns, Total: 1232577 ns
[2020-08-12T19:51:36.096+0000][6][safepoint    ] Safepoint "Cleanup", Time since last: 1966275106 ns, Reaching safepoint: 536283 ns, At safepoint: 22287 ns, Total: 558570 ns
[2020-08-12T19:51:37.097+0000][6][safepoint    ] Safepoint "Cleanup", Time since last: 1000252505 ns, Reaching safepoint: 640482 ns, At safepoint: 54625 ns, Total: 695107 ns
[2020-08-12T19:51:38.098+0000][6][safepoint    ] Safepoint "Cleanup", Time since last: 1000344591 ns, Reaching safepoint: 937317 ns, At safepoint: 63512 ns, Total: 1000829 ns
[2020-08-12T19:51:40.098+0000][6][safepoint    ] Safepoint "Cleanup", Time since last: 1998836400 ns, Reaching safepoint: 839405 ns, At safepoint: 64687 ns, Total: 904092 ns
[2020-08-12T19:51:41.099+0000][6][safepoint    ] Safepoint "Cleanup", Time since last: 1000317429 ns, Reaching safepoint: 600558 ns, At safepoint: 53537 ns, Total: 654095 ns
[2020-08-12T19:51:42.101+0000][6][safepoint    ] Safepoint "Cleanup", Time since last: 1000477115 ns, Reaching safepoint: 1005879 ns, At safepoint: 60112 ns, Total: 1065991 ns
[2020-08-12T19:51:43.102+0000][6][safepoint    ] Safepoint "Cleanup", Time since last: 1000306929 ns, Reaching safepoint: 566971 ns, At safepoint: 72999 ns, Total: 639970 ns
[2020-08-12T19:51:45.098+0000][6][safepoint    ] Safepoint "Cleanup", Time since last: 1996064873 ns, Reaching safepoint: 536296 ns, At safepoint: 22375 ns, Total: 558671 ns
[2020-08-12T19:51:46.203+0000][6][safepoint    ] Safepoint "Cleanup", Time since last: 1104369380 ns, Reaching safepoint: 856492 ns, At safepoint: 43250 ns, Total: 899742 ns
[2020-08-12T19:51:47.205+0000][6][safepoint    ] Safepoint "Cleanup", Time since last: 1000379454 ns, Reaching safepoint: 862167 ns, At safepoint: 42925 ns, Total: 905092 ns
[2020-08-12T19:51:48.206+0000][6][safepoint    ] Safepoint "Cleanup", Time since last: 1000326629 ns, Reaching safepoint: 528846 ns, At safepoint: 21025 ns, Total: 549871 ns
[2020-08-12T19:51:50.103+0000][6][safepoint    ] Safepoint "Cleanup", Time since last: 1896617132 ns, Reaching safepoint: 830093 ns, At safepoint: 47700 ns, Total: 877793 ns
[2020-08-12T19:51:51.104+0000][6][safepoint    ] Safepoint "Cleanup", Time since last: 1000341492 ns, Reaching safepoint: 687381 ns, At safepoint: 45937 ns, Total: 733318 ns
[2020-08-12T19:51:52.105+0000][6][safepoint    ] Safepoint "Cleanup", Time since last: 1000349704 ns, Reaching safepoint: 692457 ns, At safepoint: 44037 ns, Total: 736494 ns
[2020-08-12T19:51:53.106+0000][6][safepoint    ] Safepoint "Cleanup", Time since last: 1000294030 ns, Reaching safepoint: 593369 ns, At safepoint: 25025 ns, Total: 618394 ns
[2020-08-12T19:51:54.109+0000][6][safepoint    ] Safepoint "Cleanup", Time since last: 1000237455 ns, Reaching safepoint: 2928400 ns, At safepoint: 71387 ns, Total: 2999787 ns
[2020-08-12T19:51:56.036+0000][6][safepoint    ] Safepoint "Cleanup", Time since last: 1926337414 ns, Reaching safepoint: 691144 ns, At safepoint: 44012 ns, Total: 735156 ns
[2020-08-12T19:51:57.037+0000][6][safepoint    ] Safepoint "Cleanup", Time since last: 1000319079 ns, Reaching safepoint: 626507 ns, At safepoint: 42575 ns, Total: 669082 ns
[2020-08-12T19:51:58.038+0000][6][safepoint    ] Safepoint "Cleanup", Time since last: 1000288779 ns, Reaching safepoint: 650345 ns, At safepoint: 23562 ns, Total: 673907 ns
[2020-08-12T19:51:59.039+0000][6][safepoint    ] Safepoint "Cleanup", Time since last: 1000246042 ns, Reaching safepoint: 707544 ns, At safepoint: 51787 ns, Total: 759331 ns
[2020-08-12T19:52:00.512+0000][6][safepoint    ] Safepoint "Cleanup", Time since last: 1471394396 ns, Reaching safepoint: 1172315 ns, At safepoint: 29375 ns, Total: 1201690 ns
[2020-08-12T19:52:01.513+0000][6][safepoint    ] Safepoint "Cleanup", Time since last: 1000252592 ns, Reaching safepoint: 1146903 ns, At safepoint: 62874 ns, Total: 1209777 ns
[2020-08-12T19:52:02.515+0000][6][safepoint    ] Safepoint "Cleanup", Time since last: 1000344642 ns, Reaching safepoint: 866680 ns, At safepoint: 44487 ns, Total: 911167 ns
[2020-08-12T19:52:03.516+0000][6][safepoint    ] Safepoint "Cleanup", Time since last: 1000333292 ns, Reaching safepoint: 543883 ns, At safepoint: 21374 ns, Total: 565257 ns
[2020-08-12T19:52:05.103+0000][6][safepoint    ] Safepoint "Cleanup", Time since last: 1586002793 ns, Reaching safepoint: 1085878 ns, At safepoint: 57462 ns, Total: 1143340 ns
[2020-08-12T19:52:06.268+0000][6][safepoint    ] Safepoint "Cleanup", Time since last: 1164273125 ns, Reaching safepoint: 965291 ns, At safepoint: 44425 ns, Total: 1009716 ns
[2020-08-12T19:52:07.269+0000][6][safepoint    ] Safepoint "Cleanup", Time since last: 1000342592 ns, Reaching safepoint: 873405 ns, At safepoint: 54212 ns, Total: 927617 ns
[2020-08-12T19:52:08.270+0000][6][safepoint    ] Safepoint "Cleanup", Time since last: 1000304317 ns, Reaching safepoint: 434109 ns, At safepoint: 56137 ns, Total: 490246 ns
[2020-08-12T19:52:10.097+0000][6][safepoint    ] Safepoint "Cleanup", Time since last: 1826324102 ns, Reaching safepoint: 686707 ns, At safepoint: 43887 ns, Total: 730594 ns
[2020-08-12T19:52:11.098+0000][6][safepoint    ] Safepoint "Cleanup", Time since last: 1000336292 ns, Reaching safepoint: 792331 ns, At safepoint: 53024 ns, Total: 845355 ns
[2020-08-12T19:52:12.100+0000][6][safepoint    ] Safepoint "Cleanup", Time since last: 1000360467 ns, Reaching safepoint: 848655 ns, At safepoint: 43624 ns, Total: 892279 ns
[2020-08-12T19:52:13.100+0000][6][safepoint    ] Safepoint "Cleanup", Time since last: 1000317342 ns, Reaching safepoint: 265948 ns, At safepoint: 11062 ns, Total: 277010 ns
[2020-08-12T19:52:14.101+0000][6][safepoint    ] Safepoint "Cleanup", Time since last: 1000181719 ns, Reaching safepoint: 422333 ns, At safepoint: 31263 ns, Total: 453596 ns
[2020-08-12T19:52:15.102+0000][6][safepoint    ] Safepoint "Cleanup", Time since last: 1000252492 ns, Reaching safepoint: 537058 ns, At safepoint: 22937 ns, Total: 559995 ns
[2020-08-12T19:52:16.263+0000][6][safepoint    ] Safepoint "Cleanup", Time since last: 1160365259 ns, Reaching safepoint: 928579 ns, At safepoint: 45063 ns, Total: 973642 ns
[2020-08-12T19:52:17.264+0000][6][safepoint    ] Safepoint "Cleanup", Time since last: 1000347441 ns, Reaching safepoint: 830918 ns, At safepoint: 58387 ns, Total: 889305 ns
[2020-08-12T19:52:18.265+0000][6][safepoint    ] Safepoint "Cleanup", Time since last: 1000349642 ns, Reaching safepoint: 524233 ns, At safepoint: 43699 ns, Total: 567932 ns
[2020-08-12T19:52:20.104+0000][6][safepoint    ] Safepoint "Cleanup", Time since last: 1838327337 ns, Reaching safepoint: 533208 ns, At safepoint: 52224 ns, Total: 585432 ns
[2020-08-12T19:52:21.107+0000][6][safepoint    ] Safepoint "Cleanup", Time since last: 1000326555 ns, Reaching safepoint: 2238705 ns, At safepoint: 57200 ns, Total: 2295905 ns
[2020-08-12T19:52:22.108+0000][6][safepoint    ] Safepoint "Cleanup", Time since last: 1000354554 ns, Reaching safepoint: 490483 ns, At safepoint: 24725 ns, Total: 515208 ns
[2020-08-12T19:52:23.108+0000][6][safepoint    ] Safepoint "Cleanup", Time since last: 1000231568 ns, Reaching safepoint: 536545 ns, At safepoint: 27412 ns, Total: 563957 ns
[2020-08-12T19:52:25.103+0000][6][safepoint    ] Safepoint "Cleanup", Time since last: 1994347076 ns, Reaching safepoint: 331572 ns, At safepoint: 24037 ns, Total: 355609 ns
[2020-08-12T19:52:26.114+0000][6][safepoint    ] Safepoint "Cleanup", Time since last: 1009707999 ns, Reaching safepoint: 736093 ns, At safepoint: 50413 ns, Total: 786506 ns
[2020-08-12T19:52:27.115+0000][6][safepoint    ] Safepoint "Cleanup", Time since last: 1000380316 ns, Reaching safepoint: 588670 ns, At safepoint: 51512 ns, Total: 640182 ns
[2020-08-12T19:52:28.115+0000][6][safepoint    ] Safepoint "Cleanup", Time since last: 1000358329 ns, Reaching safepoint: 536758 ns, At safepoint: 42137 ns, Total: 578895 ns
[2020-08-12T19:52:29.132+0000][6][safepoint    ] Safepoint "Cleanup", Time since last: 1000334242 ns, Reaching safepoint: 16483032 ns, At safepoint: 105337 ns, Total: 16588369 ns
[2020-08-12T19:52:30.550+0000][6][safepoint    ] Safepoint "Cleanup", Time since last: 1417197664 ns, Reaching safepoint: 646257 ns, At safepoint: 64149 ns, Total: 710406 ns
[2020-08-12T19:52:31.551+0000][6][safepoint    ] Safepoint "Cleanup", Time since last: 1000311829 ns, Reaching safepoint: 648120 ns, At safepoint: 54074 ns, Total: 702194 ns
[2020-08-12T19:52:32.552+0000][6][safepoint    ] Safepoint "Cleanup", Time since last: 1000334992 ns, Reaching safepoint: 653120 ns, At safepoint: 43887 ns, Total: 697007 ns
[2020-08-12T19:52:33.554+0000][6][safepoint    ] Safepoint "Cleanup", Time since last: 1000327666 ns, Reaching safepoint: 895768 ns, At safepoint: 45862 ns, Total: 941630 ns
[2020-08-12T19:52:34.555+0000][6][safepoint    ] Safepoint "Cleanup", Time since last: 1000437441 ns, Reaching safepoint: 857980 ns, At safepoint: 45137 ns, Total: 903117 ns
[2020-08-12T19:52:36.180+0000][6][safepoint    ] Safepoint "Cleanup", Time since last: 1623930177 ns, Reaching safepoint: 922005 ns, At safepoint: 85974 ns, Total: 1007979 ns
[2020-08-12T19:52:37.181+0000][6][safepoint    ] Safepoint "Cleanup", Time since last: 1000338242 ns, Reaching safepoint: 863830 ns, At safepoint: 43924 ns, Total: 907754 ns
[2020-08-12T19:52:38.182+0000][6][safepoint    ] Safepoint "Cleanup", Time since last: 1000280892 ns, Reaching safepoint: 514196 ns, At safepoint: 18837 ns, Total: 533033 ns
[2020-08-12T19:52:40.115+0000][6][safepoint    ] Safepoint "Cleanup", Time since last: 1931984078 ns, Reaching safepoint: 861442 ns, At safepoint: 34662 ns, Total: 896104 ns
[2020-08-12T19:52:41.116+0000][6][safepoint    ] Safepoint "Cleanup", Time since last: 1000351117 ns, Reaching safepoint: 476758 ns, At safepoint: 27288 ns, Total: 504046 ns
[2020-08-12T19:52:42.117+0000][6][safepoint    ] Safepoint "Cleanup", Time since last: 1000290467 ns, Reaching safepoint: 698981 ns, At safepoint: 45587 ns, Total: 744568 ns
[2020-08-12T19:52:43.118+0000][6][safepoint    ] Safepoint "Cleanup", Time since last: 1000367592 ns, Reaching safepoint: 714119 ns, At safepoint: 72849 ns, Total: 786968 ns
[2020-08-12T19:52:45.111+0000][6][safepoint    ] Safepoint "Cleanup", Time since last: 1986737329 ns, Reaching safepoint: 6272883 ns, At safepoint: 26425 ns, Total: 6299308 ns
[2020-08-12T19:52:46.193+0000][6][safepoint    ] Safepoint "Cleanup", Time since last: 1081634802 ns, Reaching safepoint: 795480 ns, At safepoint: 44112 ns, Total: 839592 ns
[2020-08-12T19:52:47.194+0000][6][safepoint    ] Safepoint "Cleanup", Time since last: 1000336705 ns, Reaching safepoint: 655132 ns, At safepoint: 49999 ns, Total: 705131 ns
[2020-08-12T19:52:48.195+0000][6][safepoint    ] Safepoint "Cleanup", Time since last: 1000326142 ns, Reaching safepoint: 530120 ns, At safepoint: 40425 ns, Total: 570545 ns
[2020-08-12T19:52:50.105+0000][6][safepoint    ] Safepoint "Cleanup", Time since last: 1908092634 ns, Reaching safepoint: 1038691 ns, At safepoint: 34587 ns, Total: 1073278 ns
[2020-08-12T19:52:51.106+0000][6][safepoint    ] Safepoint "Cleanup", Time since last: 1000304154 ns, Reaching safepoint: 670020 ns, At safepoint: 43937 ns, Total: 713957 ns
[2020-08-12T19:52:52.111+0000][6][safepoint    ] Safepoint "Cleanup", Time since last: 1000373866 ns, Reaching safepoint: 5056381 ns, At safepoint: 40138 ns, Total: 5096519 ns
[2020-08-12T19:52:53.112+0000][6][safepoint    ] Safepoint "Cleanup", Time since last: 1000278942 ns, Reaching safepoint: 687744 ns, At safepoint: 29700 ns, Total: 717444 ns
[2020-08-12T19:52:54.115+0000][6][safepoint    ] Safepoint "Cleanup", Time since last: 1000256030 ns, Reaching safepoint: 2336217 ns, At safepoint: 70349 ns, Total: 2406566 ns
[2020-08-12T19:52:55.116+0000][6][safepoint    ] Safepoint "Cleanup", Time since last: 1000334305 ns, Reaching safepoint: 689356 ns, At safepoint: 22875 ns, Total: 712231 ns
[2020-08-12T19:52:56.160+0000][6][safepoint    ] Safepoint "Cleanup", Time since last: 1043029798 ns, Reaching safepoint: 949842 ns, At safepoint: 42449 ns, Total: 992291 ns
[2020-08-12T19:52:57.161+0000][6][safepoint    ] Safepoint "Cleanup", Time since last: 1000390691 ns, Reaching safepoint: 886743 ns, At safepoint: 44037 ns, Total: 930780 ns
[2020-08-12T19:52:58.163+0000][6][safepoint    ] Safepoint "Cleanup", Time since last: 1000351279 ns, Reaching safepoint: 1084528 ns, At safepoint: 54675 ns, Total: 1139203 ns
[2020-08-12T19:52:59.165+0000][6][safepoint    ] Safepoint "Cleanup", Time since last: 1000306517 ns, Reaching safepoint: 1623823 ns, At safepoint: 37812 ns, Total: 1661635 ns
[2020-08-12T19:53:00.521+0000][6][safepoint    ] Safepoint "Cleanup", Time since last: 1355971443 ns, Reaching safepoint: 650857 ns, At safepoint: 39137 ns, Total: 689994 ns
[2020-08-12T19:53:01.533+0000][6][safepoint    ] Safepoint "Cleanup", Time since last: 1004254621 ns, Reaching safepoint: 7409373 ns, At safepoint: 19263 ns, Total: 7428636 ns
[2020-08-12T19:53:02.534+0000][6][safepoint    ] Safepoint "Cleanup", Time since last: 1000249230 ns, Reaching safepoint: 674844 ns, At safepoint: 44187 ns, Total: 719031 ns
[2020-08-12T19:53:03.535+0000][6][safepoint    ] Safepoint "Cleanup", Time since last: 1000364729 ns, Reaching safepoint: 458771 ns, At safepoint: 25175 ns, Total: 483946 ns
[2020-08-12T19:53:04.114+0000][6][safepoint    ] Safepoint "BulkRevokeBias", Time since last: 574967505 ns, Reaching safepoint: 791531 ns, At safepoint: 3224910 ns, Total: 4016441 ns
[2020-08-12T19:53:05.115+0000][6][safepoint    ] Safepoint "Cleanup", Time since last: 1000301067 ns, Reaching safepoint: 988516 ns, At safepoint: 43762 ns, Total: 1032278 ns
[2020-08-12T19:53:06.206+0000][6][safepoint    ] Safepoint "Cleanup", Time since last: 1089960118 ns, Reaching safepoint: 848280 ns, At safepoint: 42799 ns, Total: 891079 ns
[2020-08-12T19:53:07.207+0000][6][safepoint    ] Safepoint "Cleanup", Time since last: 1000387867 ns, Reaching safepoint: 919904 ns, At safepoint: 43537 ns, Total: 963441 ns
[2020-08-12T19:53:08.209+0000][6][safepoint    ] Safepoint "Cleanup", Time since last: 1000375979 ns, Reaching safepoint: 980404 ns, At safepoint: 54775 ns, Total: 1035179 ns
[2020-08-12T19:53:10.110+0000][6][safepoint    ] Safepoint "Cleanup", Time since last: 1900628798 ns, Reaching safepoint: 859968 ns, At safepoint: 68161 ns, Total: 928129 ns
[2020-08-12T19:53:11.111+0000][6][safepoint    ] Safepoint "Cleanup", Time since last: 1000279005 ns, Reaching safepoint: 253023 ns, At safepoint: 11212 ns, Total: 264235 ns
[2020-08-12T19:53:12.112+0000][6][safepoint    ] Safepoint "Cleanup", Time since last: 1000228056 ns, Reaching safepoint: 695231 ns, At safepoint: 53650 ns, Total: 748881 ns
[2020-08-12T19:53:13.113+0000][6][safepoint    ] Safepoint "Cleanup", Time since last: 1000339891 ns, Reaching safepoint: 494046 ns, At safepoint: 25300 ns, Total: 519346 ns
[2020-08-12T19:53:14.115+0000][6][safepoint    ] Safepoint "Cleanup", Time since last: 1001516232 ns, Reaching safepoint: 915204 ns, At safepoint: 54575 ns, Total: 969779 ns
[2020-08-12T19:53:15.116+0000][6][safepoint    ] Safepoint "Cleanup", Time since last: 1000313992 ns, Reaching safepoint: 864367 ns, At safepoint: 24612 ns, Total: 888979 ns
[2020-08-12T19:53:16.250+0000][6][safepoint    ] Safepoint "Cleanup", Time since last: 1133462854 ns, Reaching safepoint: 731881 ns, At safepoint: 43212 ns, Total: 775093 ns
[2020-08-12T19:53:17.251+0000][6][safepoint    ] Safepoint "Cleanup", Time since last: 1000347930 ns, Reaching safepoint: 623882 ns, At safepoint: 42687 ns, Total: 666569 ns
[2020-08-12T19:53:18.252+0000][6][safepoint    ] Safepoint "Cleanup", Time since last: 1000294642 ns, Reaching safepoint: 439696 ns, At safepoint: 21787 ns, Total: 461483 ns
[2020-08-12T19:53:20.113+0000][6][safepoint    ] Safepoint "Cleanup", Time since last: 1860526420 ns, Reaching safepoint: 564420 ns, At safepoint: 39912 ns, Total: 604332 ns
[2020-08-12T19:53:21.114+0000][6][safepoint    ] Safepoint "Cleanup", Time since last: 1000256943 ns, Reaching safepoint: 505758 ns, At safepoint: 21700 ns, Total: 527458 ns
[2020-08-12T19:53:22.115+0000][6][safepoint    ] Safepoint "Cleanup", Time since last: 1000258355 ns, Reaching safepoint: 653582 ns, At safepoint: 53312 ns, Total: 706894 ns
[2020-08-12T19:53:23.116+0000][6][safepoint    ] Safepoint "Cleanup", Time since last: 1000289104 ns, Reaching safepoint: 651257 ns, At safepoint: 23375 ns, Total: 674632 ns
[2020-08-12T19:53:25.119+0000][6][safepoint    ] Safepoint "Cleanup", Time since last: 1993982316 ns, Reaching safepoint: 9094084 ns, At safepoint: 28900 ns, Total: 9122984 ns
[2020-08-12T19:53:26.206+0000][6][safepoint    ] Safepoint "Cleanup", Time since last: 1085770853 ns, Reaching safepoint: 868780 ns, At safepoint: 86287 ns, Total: 955067 ns
[2020-08-12T19:53:27.207+0000][6][safepoint    ] Safepoint "Cleanup", Time since last: 1000344279 ns, Reaching safepoint: 870705 ns, At safepoint: 43900 ns, Total: 914605 ns
[2020-08-12T19:53:28.208+0000][6][safepoint    ] Safepoint "Cleanup", Time since last: 1000349617 ns, Reaching safepoint: 693631 ns, At safepoint: 63987 ns, Total: 757618 ns
[2020-08-12T19:53:29.209+0000][6][safepoint    ] Safepoint "Cleanup", Time since last: 1000288755 ns, Reaching safepoint: 670819 ns, At safepoint: 27862 ns, Total: 698681 ns
[2020-08-12T19:53:30.457+0000][6][safepoint    ] Safepoint "Cleanup", Time since last: 1246640338 ns, Reaching safepoint: 1124953 ns, At safepoint: 65474 ns, Total: 1190427 ns
[2020-08-12T19:53:31.458+0000][6][safepoint    ] Safepoint "Cleanup", Time since last: 1000284305 ns, Reaching safepoint: 638432 ns, At safepoint: 20287 ns, Total: 658719 ns
[2020-08-12T19:53:32.459+0000][6][safepoint    ] Safepoint "Cleanup", Time since last: 1000243943 ns, Reaching safepoint: 470196 ns, At safepoint: 25400 ns, Total: 495596 ns
[2020-08-12T19:53:33.459+0000][6][safepoint    ] Safepoint "Cleanup", Time since last: 1000304842 ns, Reaching safepoint: 254247 ns, At safepoint: 11825 ns, Total: 266072 ns
[2020-08-12T19:53:34.460+0000][6][safepoint    ] Safepoint "Cleanup", Time since last: 1000205806 ns, Reaching safepoint: 324747 ns, At safepoint: 17450 ns, Total: 342197 ns
[2020-08-12T19:53:36.065+0000][6][safepoint    ] Safepoint "Cleanup", Time since last: 1604701768 ns, Reaching safepoint: 483483 ns, At safepoint: 17613 ns, Total: 501096 ns
[2020-08-12T19:53:37.066+0000][6][safepoint    ] Safepoint "Cleanup", Time since last: 1000257180 ns, Reaching safepoint: 926817 ns, At safepoint: 43762 ns, Total: 970579 ns
[2020-08-12T19:53:38.068+0000][6][safepoint    ] Safepoint "Cleanup", Time since last: 1000343079 ns, Reaching safepoint: 968779 ns, At safepoint: 29912 ns, Total: 998691 ns
[2020-08-12T19:53:39.069+0000][6][safepoint    ] Safepoint "Cleanup", Time since last: 1000252268 ns, Reaching safepoint: 600107 ns, At safepoint: 33112 ns, Total: 633219 ns
[2020-08-12T19:53:39.114+0000][6][safepoint    ] Safepoint "BulkRevokeBias", Time since last: 39437697 ns, Reaching safepoint: 983867 ns, At safepoint: 5388266 ns, Total: 6372133 ns
[2020-08-12T19:53:40.124+0000][6][safepoint    ] Safepoint "Cleanup", Time since last: 1008056350 ns, Reaching safepoint: 1961683 ns, At safepoint: 69024 ns, Total: 2030707 ns
[2020-08-12T19:53:41.126+0000][6][safepoint    ] Safepoint "Cleanup", Time since last: 1000351679 ns, Reaching safepoint: 1021729 ns, At safepoint: 97974 ns, Total: 1119703 ns
[2020-08-12T19:53:42.127+0000][6][safepoint    ] Safepoint "Cleanup", Time since last: 1000345004 ns, Reaching safepoint: 834080 ns, At safepoint: 55100 ns, Total: 889180 ns
[2020-08-12T19:53:43.128+0000][6][safepoint    ] Safepoint "Cleanup", Time since last: 1000320917 ns, Reaching safepoint: 549420 ns, At safepoint: 30175 ns, Total: 579595 ns
[2020-08-12T19:53:45.110+0000][6][safepoint    ] Safepoint "Cleanup", Time since last: 1980830430 ns, Reaching safepoint: 925117 ns, At safepoint: 74837 ns, Total: 999954 ns
[2020-08-12T19:53:45.292+0000][6][gc,start     ] GC(19) Pause Young (Normal) (G1 Evacuation Pause)
[2020-08-12T19:53:45.302+0000][6][gc,task      ] GC(19) Using 2 workers of 2 for evacuation
[2020-08-12T19:53:45.312+0000][6][gc,age       ] GC(19) Desired survivor size 17825792 bytes, new threshold 15 (max threshold 15)
[2020-08-12T19:53:45.372+0000][6][gc,age       ] GC(19) Age table with threshold 15 (max threshold 15)
[2020-08-12T19:53:45.372+0000][6][gc,age       ] GC(19) - age   1:     587872 bytes,     587872 total
[2020-08-12T19:53:45.373+0000][6][gc,age       ] GC(19) - age   2:      89536 bytes,     677408 total
[2020-08-12T19:53:45.373+0000][6][gc,phases    ] GC(19)   Pre Evacuate Collection Set: 2.5ms
[2020-08-12T19:53:45.373+0000][6][gc,phases    ] GC(19)   Merge Heap Roots: 0.3ms
[2020-08-12T19:53:45.373+0000][6][gc,phases    ] GC(19)   Evacuate Collection Set: 30.3ms
[2020-08-12T19:53:45.373+0000][6][gc,phases    ] GC(19)   Post Evacuate Collection Set: 23.7ms
[2020-08-12T19:53:45.373+0000][6][gc,phases    ] GC(19)   Other: 56.6ms
[2020-08-12T19:53:45.373+0000][6][gc,heap      ] GC(19) Eden regions: 265->0(508)
[2020-08-12T19:53:45.373+0000][6][gc,heap      ] GC(19) Survivor regions: 1->1(34)
[2020-08-12T19:53:45.373+0000][6][gc,heap      ] GC(19) Old regions: 79->79
[2020-08-12T19:53:45.373+0000][6][gc,heap      ] GC(19) Archive regions: 2->2
[2020-08-12T19:53:45.373+0000][6][gc,heap      ] GC(19) Humongous regions: 7->7
[2020-08-12T19:53:45.377+0000][6][gc,metaspace ] GC(19) Metaspace: 92878K(100556K)->92878K(100556K) NonClass: 80390K(85068K)->80390K(85068K) Class: 12487K(15488K)->12487K(15488K)
[2020-08-12T19:53:45.378+0000][6][gc           ] GC(19) Pause Young (Normal) (G1 Evacuation Pause) 352M->87M(1024M) 85.764ms
[2020-08-12T19:53:45.378+0000][6][gc,cpu       ] GC(19) User=0.03s Sys=0.01s Real=0.09s
[2020-08-12T19:53:45.378+0000][6][safepoint    ] Safepoint "G1CollectForAllocation", Time since last: 111489849 ns, Reaching safepoint: 899629 ns, At safepoint: 155571706 ns, Total: 156471335 ns
[2020-08-12T19:53:46.385+0000][6][safepoint    ] Safepoint "Cleanup", Time since last: 1006301828 ns, Reaching safepoint: 644806 ns, At safepoint: 43975 ns, Total: 688781 ns
[2020-08-12T19:53:47.386+0000][6][safepoint    ] Safepoint "Cleanup", Time since last: 1000486703 ns, Reaching safepoint: 670469 ns, At safepoint: 45800 ns, Total: 716269 ns
[2020-08-12T19:53:48.387+0000][6][safepoint    ] Safepoint "Cleanup", Time since last: 1000347941 ns, Reaching safepoint: 587470 ns, At safepoint: 45663 ns, Total: 633133 ns
[2020-08-12T19:53:50.131+0000][6][safepoint    ] Safepoint "Cleanup", Time since last: 1743620317 ns, Reaching safepoint: 642045 ns, At safepoint: 43637 ns, Total: 685682 ns
[2020-08-12T19:53:51.132+0000][6][safepoint    ] Safepoint "Cleanup", Time since last: 1000291642 ns, Reaching safepoint: 446771 ns, At safepoint: 18075 ns, Total: 464846 ns
[2020-08-12T19:53:52.133+0000][6][safepoint    ] Safepoint "Cleanup", Time since last: 1000247442 ns, Reaching safepoint: 638520 ns, At safepoint: 51924 ns, Total: 690444 ns
[2020-08-12T19:53:53.134+0000][6][safepoint    ] Safepoint "Cleanup", Time since last: 1000347055 ns, Reaching safepoint: 659456 ns, At safepoint: 55625 ns, Total: 715081 ns
[2020-08-12T19:53:54.135+0000][6][safepoint    ] Safepoint "Cleanup", Time since last: 1000332904 ns, Reaching safepoint: 565220 ns, At safepoint: 37288 ns, Total: 602508 ns
[2020-08-12T19:53:55.136+0000][6][safepoint    ] Safepoint "Cleanup", Time since last: 1000269704 ns, Reaching safepoint: 458421 ns, At safepoint: 28563 ns, Total: 486984 ns
[2020-08-12T19:53:56.190+0000][6][safepoint    ] Safepoint "Cleanup", Time since last: 1053896628 ns, Reaching safepoint: 337548 ns, At safepoint: 11287 ns, Total: 348835 ns
[2020-08-12T19:53:57.191+0000][6][safepoint    ] Safepoint "Cleanup", Time since last: 1000224218 ns, Reaching safepoint: 851980 ns, At safepoint: 45137 ns, Total: 897117 ns
[2020-08-12T19:53:58.192+0000][6][safepoint    ] Safepoint "Cleanup", Time since last: 1000289192 ns, Reaching safepoint: 646594 ns, At safepoint: 74275 ns, Total: 720869 ns
[2020-08-12T19:53:59.193+0000][6][safepoint    ] Safepoint "Cleanup", Time since last: 1000296242 ns, Reaching safepoint: 731156 ns, At safepoint: 27562 ns, Total: 758718 ns
[2020-08-12T19:54:00.432+0000][6][safepoint    ] Safepoint "Cleanup", Time since last: 1238122550 ns, Reaching safepoint: 845280 ns, At safepoint: 44324 ns, Total: 889604 ns
[2020-08-12T19:54:01.433+0000][6][safepoint    ] Safepoint "Cleanup", Time since last: 1000734751 ns, Reaching safepoint: 289010 ns, At safepoint: 11363 ns, Total: 300373 ns
[2020-08-12T19:54:02.434+0000][6][safepoint    ] Safepoint "Cleanup", Time since last: 1000238692 ns, Reaching safepoint: 818518 ns, At safepoint: 46600 ns, Total: 865118 ns
[2020-08-12T19:54:03.435+0000][6][safepoint    ] Safepoint "Cleanup", Time since last: 1000352954 ns, Reaching safepoint: 463296 ns, At safepoint: 43637 ns, Total: 506933 ns
[2020-08-12T19:54:05.114+0000][6][safepoint    ] Safepoint "Cleanup", Time since last: 1678178283 ns, Reaching safepoint: 332547 ns, At safepoint: 15338 ns, Total: 347885 ns
[2020-08-12T19:54:06.163+0000][6][safepoint    ] Safepoint "Cleanup", Time since last: 1048807660 ns, Reaching safepoint: 799481 ns, At safepoint: 94036 ns, Total: 893517 ns
[2020-08-12T19:54:07.165+0000][6][safepoint    ] Safepoint "Cleanup", Time since last: 1000358404 ns, Reaching safepoint: 885705 ns, At safepoint: 43087 ns, Total: 928792 ns
[2020-08-12T19:54:08.166+0000][6][safepoint    ] Safepoint "Cleanup", Time since last: 1000385417 ns, Reaching safepoint: 546207 ns, At safepoint: 21088 ns, Total: 567295 ns
[2020-08-12T19:54:10.117+0000][6][safepoint    ] Safepoint "Cleanup", Time since last: 1950489742 ns, Reaching safepoint: 908567 ns, At safepoint: 45550 ns, Total: 954117 ns
[2020-08-12T19:54:11.118+0000][6][safepoint    ] Safepoint "Cleanup", Time since last: 1000345392 ns, Reaching safepoint: 821092 ns, At safepoint: 54775 ns, Total: 875867 ns
[2020-08-12T19:54:12.119+0000][6][safepoint    ] Safepoint "Cleanup", Time since last: 1000332167 ns, Reaching safepoint: 631457 ns, At safepoint: 43362 ns, Total: 674819 ns
[2020-08-12T19:54:13.120+0000][6][safepoint    ] Safepoint "Cleanup", Time since last: 1000284480 ns, Reaching safepoint: 564320 ns, At safepoint: 53774 ns, Total: 618094 ns
[2020-08-12T19:54:14.121+0000][6][safepoint    ] Safepoint "Cleanup", Time since last: 1000280355 ns, Reaching safepoint: 476633 ns, At safepoint: 20800 ns, Total: 497433 ns
[2020-08-12T19:54:15.123+0000][6][safepoint    ] Safepoint "Cleanup", Time since last: 1001173410 ns, Reaching safepoint: 986941 ns, At safepoint: 43200 ns, Total: 1030141 ns
[2020-08-12T19:54:16.220+0000][6][safepoint    ] Safepoint "Cleanup", Time since last: 1096296487 ns, Reaching safepoint: 420872 ns, At safepoint: 56049 ns, Total: 476921 ns
[2020-08-12T19:54:17.221+0000][6][safepoint    ] Safepoint "Cleanup", Time since last: 1000340879 ns, Reaching safepoint: 648570 ns, At safepoint: 43974 ns, Total: 692544 ns
[2020-08-12T19:54:18.222+0000][6][safepoint    ] Safepoint "Cleanup", Time since last: 1000283455 ns, Reaching safepoint: 550358 ns, At safepoint: 22837 ns, Total: 573195 ns
[2020-08-12T19:54:20.119+0000][6][safepoint    ] Safepoint "Cleanup", Time since last: 1896426885 ns, Reaching safepoint: 798918 ns, At safepoint: 43499 ns, Total: 842417 ns
[2020-08-12T19:54:21.120+0000][6][safepoint    ] Safepoint "Cleanup", Time since last: 1000320767 ns, Reaching safepoint: 536546 ns, At safepoint: 31412 ns, Total: 567958 ns
[2020-08-12T19:54:22.121+0000][6][safepoint    ] Safepoint "Cleanup", Time since last: 1000289954 ns, Reaching safepoint: 821306 ns, At safepoint: 55937 ns, Total: 877243 ns
[2020-08-12T19:54:23.122+0000][6][safepoint    ] Safepoint "Cleanup", Time since last: 1000294830 ns, Reaching safepoint: 650844 ns, At safepoint: 30037 ns, Total: 680881 ns
[2020-08-12T19:54:25.115+0000][6][safepoint    ] Safepoint "Cleanup", Time since last: 1992442292 ns, Reaching safepoint: 506221 ns, At safepoint: 21975 ns, Total: 528196 ns
[2020-08-12T19:54:26.173+0000][6][safepoint    ] Safepoint "Cleanup", Time since last: 1057562897 ns, Reaching safepoint: 456833 ns, At safepoint: 20150 ns, Total: 476983 ns
[2020-08-12T19:54:27.174+0000][6][safepoint    ] Safepoint "Cleanup", Time since last: 1000255493 ns, Reaching safepoint: 638869 ns, At safepoint: 44200 ns, Total: 683069 ns
[2020-08-12T19:54:28.175+0000][6][safepoint    ] Safepoint "Cleanup", Time since last: 1000286767 ns, Reaching safepoint: 577545 ns, At safepoint: 23550 ns, Total: 601095 ns
[2020-08-12T19:54:29.176+0000][6][safepoint    ] Safepoint "Cleanup", Time since last: 1000176918 ns, Reaching safepoint: 368909 ns, At safepoint: 12600 ns, Total: 381509 ns
[2020-08-12T19:54:30.281+0000][6][safepoint    ] Safepoint "Cleanup", Time since last: 1104293881 ns, Reaching safepoint: 842080 ns, At safepoint: 42712 ns, Total: 884792 ns
[2020-08-12T19:54:31.282+0000][6][safepoint    ] Safepoint "Cleanup", Time since last: 1000353692 ns, Reaching safepoint: 553970 ns, At safepoint: 30362 ns, Total: 584332 ns
[2020-08-12T19:54:32.283+0000][6][safepoint    ] Safepoint "Cleanup", Time since last: 1000278880 ns, Reaching safepoint: 840268 ns, At safepoint: 102761 ns, Total: 943029 ns
[2020-08-12T19:54:33.284+0000][6][safepoint    ] Safepoint "Cleanup", Time since last: 1000284030 ns, Reaching safepoint: 530858 ns, At safepoint: 19250 ns, Total: 550108 ns
[2020-08-12T19:54:34.285+0000][6][safepoint    ] Safepoint "Cleanup", Time since last: 1000285317 ns, Reaching safepoint: 945217 ns, At safepoint: 65637 ns, Total: 1010854 ns
[2020-08-12T19:54:36.258+0000][6][safepoint    ] Safepoint "Cleanup", Time since last: 1972362103 ns, Reaching safepoint: 690894 ns, At safepoint: 45400 ns, Total: 736294 ns
[2020-08-12T19:54:37.260+0000][6][safepoint    ] Safepoint "Cleanup", Time since last: 1000334992 ns, Reaching safepoint: 949579 ns, At safepoint: 44724 ns, Total: 994303 ns
[2020-08-12T19:54:38.260+0000][6][safepoint    ] Safepoint "Cleanup", Time since last: 1000287718 ns, Reaching safepoint: 581420 ns, At safepoint: 21162 ns, Total: 602582 ns
[2020-08-12T19:54:40.116+0000][6][safepoint    ] Safepoint "Cleanup", Time since last: 1855008555 ns, Reaching safepoint: 686469 ns, At safepoint: 33587 ns, Total: 720056 ns
[2020-08-12T19:54:41.117+0000][6][safepoint    ] Safepoint "Cleanup", Time since last: 1000293467 ns, Reaching safepoint: 393184 ns, At safepoint: 17575 ns, Total: 410759 ns
[2020-08-12T19:54:42.118+0000][6][safepoint    ] Safepoint "Cleanup", Time since last: 1000268143 ns, Reaching safepoint: 900417 ns, At safepoint: 45050 ns, Total: 945467 ns
[2020-08-12T19:54:43.119+0000][6][safepoint    ] Safepoint "Cleanup", Time since last: 1000294879 ns, Reaching safepoint: 760506 ns, At safepoint: 31512 ns, Total: 792018 ns
[2020-08-12T19:54:45.120+0000][6][safepoint    ] Safepoint "Cleanup", Time since last: 1997709697 ns, Reaching safepoint: 2758226 ns, At safepoint: 31000 ns, Total: 2789226 ns
[2020-08-12T19:54:46.189+0000][6][safepoint    ] Safepoint "Cleanup", Time since last: 1068048394 ns, Reaching safepoint: 1298014 ns, At safepoint: 44324 ns, Total: 1342338 ns
[2020-08-12T19:54:47.190+0000][6][safepoint    ] Safepoint "Cleanup", Time since last: 1000458441 ns, Reaching safepoint: 819843 ns, At safepoint: 46224 ns, Total: 866067 ns
[2020-08-12T19:54:48.191+0000][6][safepoint    ] Safepoint "Cleanup", Time since last: 1000290093 ns, Reaching safepoint: 595444 ns, At safepoint: 57475 ns, Total: 652919 ns
[2020-08-12T19:54:50.132+0000][6][safepoint    ] Safepoint "Cleanup", Time since last: 1939935446 ns, Reaching safepoint: 510195 ns, At safepoint: 55400 ns, Total: 565595 ns
[2020-08-12T19:54:51.133+0000][6][safepoint    ] Safepoint "Cleanup", Time since last: 1000359954 ns, Reaching safepoint: 374934 ns, At safepoint: 19538 ns, Total: 394472 ns
[2020-08-12T19:54:52.133+0000][6][safepoint    ] Safepoint "Cleanup", Time since last: 1000309979 ns, Reaching safepoint: 479521 ns, At safepoint: 33062 ns, Total: 512583 ns
[2020-08-12T19:54:53.134+0000][6][safepoint    ] Safepoint "Cleanup", Time since last: 1000233993 ns, Reaching safepoint: 665807 ns, At safepoint: 31387 ns, Total: 697194 ns
[2020-08-12T19:54:54.136+0000][6][safepoint    ] Safepoint "Cleanup", Time since last: 1000290979 ns, Reaching safepoint: 1176053 ns, At safepoint: 30300 ns, Total: 1206353 ns
[2020-08-12T19:54:55.137+0000][6][safepoint    ] Safepoint "Cleanup", Time since last: 1000699713 ns, Reaching safepoint: 715306 ns, At safepoint: 56300 ns, Total: 771606 ns
[2020-08-12T19:54:55.309+0000][6][safepoint    ] Safepoint "BulkRevokeBias", Time since last: 169813345 ns, Reaching safepoint: 428921 ns, At safepoint: 1402725 ns, Total: 1831646 ns
[2020-08-12T19:54:56.310+0000][6][safepoint    ] Safepoint "Cleanup", Time since last: 1000275043 ns, Reaching safepoint: 461533 ns, At safepoint: 84662 ns, Total: 546195 ns
[2020-08-12T19:54:57.311+0000][6][safepoint    ] Safepoint "Cleanup", Time since last: 1000288530 ns, Reaching safepoint: 620782 ns, At safepoint: 44012 ns, Total: 664794 ns
[2020-08-12T19:54:58.312+0000][6][safepoint    ] Safepoint "Cleanup", Time since last: 1000390766 ns, Reaching safepoint: 421522 ns, At safepoint: 55674 ns, Total: 477196 ns
[2020-08-12T19:54:59.312+0000][6][safepoint    ] Safepoint "Cleanup", Time since last: 1000328767 ns, Reaching safepoint: 484721 ns, At safepoint: 32062 ns, Total: 516783 ns
[2020-08-12T19:55:00.445+0000][6][safepoint    ] Safepoint "Cleanup", Time since last: 1131812480 ns, Reaching safepoint: 555946 ns, At safepoint: 45137 ns, Total: 601083 ns
[2020-08-12T19:55:01.446+0000][6][safepoint    ] Safepoint "Cleanup", Time since last: 1000357791 ns, Reaching safepoint: 414997 ns, At safepoint: 25787 ns, Total: 440784 ns
[2020-08-12T19:55:02.447+0000][6][safepoint    ] Safepoint "Cleanup", Time since last: 1000244805 ns, Reaching safepoint: 690944 ns, At safepoint: 44425 ns, Total: 735369 ns
[2020-08-12T19:55:03.448+0000][6][safepoint    ] Safepoint "Cleanup", Time since last: 1000852525 ns, Reaching safepoint: 495808 ns, At safepoint: 45587 ns, Total: 541395 ns
[2020-08-12T19:55:05.123+0000][6][safepoint    ] Safepoint "Cleanup", Time since last: 1674558239 ns, Reaching safepoint: 768456 ns, At safepoint: 32212 ns, Total: 800668 ns
[2020-08-12T19:55:05.858+0000][6][safepoint    ] Safepoint "BulkRevokeBias", Time since last: 730771560 ns, Reaching safepoint: 2032994 ns, At safepoint: 1406751 ns, Total: 3439745 ns
[2020-08-12T19:55:06.859+0000][6][safepoint    ] Safepoint "Cleanup", Time since last: 1000266855 ns, Reaching safepoint: 845292 ns, At safepoint: 43750 ns, Total: 889042 ns
[2020-08-12T19:55:07.860+0000][6][safepoint    ] Safepoint "Cleanup", Time since last: 1000380716 ns, Reaching safepoint: 755094 ns, At safepoint: 89824 ns, Total: 844918 ns
[2020-08-12T19:55:08.861+0000][6][safepoint    ] Safepoint "Cleanup", Time since last: 1000330117 ns, Reaching safepoint: 879992 ns, At safepoint: 43125 ns, Total: 923117 ns
[2020-08-12T19:55:10.126+0000][6][safepoint    ] Safepoint "Cleanup", Time since last: 1263738540 ns, Reaching safepoint: 680144 ns, At safepoint: 27075 ns, Total: 707219 ns
[2020-08-12T19:55:11.127+0000][6][safepoint    ] Safepoint "Cleanup", Time since last: 1000349317 ns, Reaching safepoint: 875017 ns, At safepoint: 88274 ns, Total: 963291 ns
[2020-08-12T19:55:12.128+0000][6][safepoint    ] Safepoint "Cleanup", Time since last: 1000384654 ns, Reaching safepoint: 863555 ns, At safepoint: 45625 ns, Total: 909180 ns
[2020-08-12T19:55:13.129+0000][6][safepoint    ] Safepoint "Cleanup", Time since last: 1000329817 ns, Reaching safepoint: 681019 ns, At safepoint: 34312 ns, Total: 715331 ns
[2020-08-12T19:55:14.133+0000][6][safepoint    ] Safepoint "Cleanup", Time since last: 1001111973 ns, Reaching safepoint: 2839800 ns, At safepoint: 75349 ns, Total: 2915149 ns
[2020-08-12T19:55:15.138+0000][6][safepoint    ] Safepoint "Cleanup", Time since last: 1001655156 ns, Reaching safepoint: 3347558 ns, At safepoint: 28800 ns, Total: 3376358 ns
[2020-08-12T19:55:16.264+0000][6][safepoint    ] Safepoint "Cleanup", Time since last: 1124260908 ns, Reaching safepoint: 864318 ns, At safepoint: 53974 ns, Total: 918292 ns
[2020-08-12T19:55:17.265+0000][6][safepoint    ] Safepoint "Cleanup", Time since last: 1000477253 ns, Reaching safepoint: 475796 ns, At safepoint: 44937 ns, Total: 520733 ns
[2020-08-12T19:55:18.265+0000][6][safepoint    ] Safepoint "Cleanup", Time since last: 1000328030 ns, Reaching safepoint: 587620 ns, At safepoint: 44062 ns, Total: 631682 ns
[2020-08-12T19:55:20.126+0000][6][safepoint    ] Safepoint "Cleanup", Time since last: 1859112757 ns, Reaching safepoint: 917742 ns, At safepoint: 44537 ns, Total: 962279 ns
[2020-08-12T19:55:21.127+0000][6][safepoint    ] Safepoint "Cleanup", Time since last: 1000374204 ns, Reaching safepoint: 649707 ns, At safepoint: 45099 ns, Total: 694806 ns
[2020-08-12T19:55:22.128+0000][6][safepoint    ] Safepoint "Cleanup", Time since last: 1000326417 ns, Reaching safepoint: 821731 ns, At safepoint: 43424 ns, Total: 865155 ns
[2020-08-12T19:55:23.129+0000][6][safepoint    ] Safepoint "Cleanup", Time since last: 1000407254 ns, Reaching safepoint: 782481 ns, At safepoint: 31349 ns, Total: 813830 ns
[2020-08-12T19:55:25.127+0000][6][safepoint    ] Safepoint "Cleanup", Time since last: 1996574832 ns, Reaching safepoint: 1317338 ns, At safepoint: 42100 ns, Total: 1359438 ns
[2020-08-12T19:55:26.191+0000][6][safepoint    ] Safepoint "Cleanup", Time since last: 1062878414 ns, Reaching safepoint: 900754 ns, At safepoint: 43088 ns, Total: 943842 ns
[2020-08-12T19:55:27.192+0000][6][safepoint    ] Safepoint "Cleanup", Time since last: 1000389816 ns, Reaching safepoint: 852168 ns, At safepoint: 44024 ns, Total: 896192 ns
[2020-08-12T19:55:28.193+0000][6][safepoint    ] Safepoint "Cleanup", Time since last: 1000316880 ns, Reaching safepoint: 617907 ns, At safepoint: 24887 ns, Total: 642794 ns
[2020-08-12T19:55:29.194+0000][6][safepoint    ] Safepoint "Cleanup", Time since last: 1000206068 ns, Reaching safepoint: 607382 ns, At safepoint: 61037 ns, Total: 668419 ns
[2020-08-12T19:55:30.492+0000][6][safepoint    ] Safepoint "Cleanup", Time since last: 1297489149 ns, Reaching safepoint: 843980 ns, At safepoint: 69287 ns, Total: 913267 ns
[2020-08-12T19:55:31.493+0000][6][safepoint    ] Safepoint "Cleanup", Time since last: 1000272730 ns, Reaching safepoint: 256122 ns, At safepoint: 11200 ns, Total: 267322 ns
[2020-08-12T19:55:32.494+0000][6][safepoint    ] Safepoint "Cleanup", Time since last: 1000293267 ns, Reaching safepoint: 631957 ns, At safepoint: 43575 ns, Total: 675532 ns
[2020-08-12T19:55:33.495+0000][6][safepoint    ] Safepoint "Cleanup", Time since last: 1000397166 ns, Reaching safepoint: 308248 ns, At safepoint: 24837 ns, Total: 333085 ns
[2020-08-12T19:55:34.496+0000][6][safepoint    ] Safepoint "Cleanup", Time since last: 1000265492 ns, Reaching safepoint: 666070 ns, At safepoint: 45674 ns, Total: 711744 ns
[2020-08-12T19:55:36.110+0000][6][safepoint    ] Safepoint "Cleanup", Time since last: 1614356373 ns, Reaching safepoint: 306522 ns, At safepoint: 11325 ns, Total: 317847 ns
[2020-08-12T19:55:37.111+0000][6][safepoint    ] Safepoint "Cleanup", Time since last: 1000231967 ns, Reaching safepoint: 875280 ns, At safepoint: 43225 ns, Total: 918505 ns
[2020-08-12T19:55:38.112+0000][6][safepoint    ] Safepoint "Cleanup", Time since last: 1000322079 ns, Reaching safepoint: 751931 ns, At safepoint: 29688 ns, Total: 781619 ns
[2020-08-12T19:55:39.114+0000][6][safepoint    ] Safepoint "Cleanup", Time since last: 1000297967 ns, Reaching safepoint: 833718 ns, At safepoint: 43287 ns, Total: 877005 ns
[2020-08-12T19:55:40.128+0000][6][safepoint    ] Safepoint "Cleanup", Time since last: 1013299354 ns, Reaching safepoint: 652670 ns, At safepoint: 72324 ns, Total: 724994 ns
[2020-08-12T19:55:41.129+0000][6][safepoint    ] Safepoint "Cleanup", Time since last: 1000398529 ns, Reaching safepoint: 547470 ns, At safepoint: 43562 ns, Total: 591032 ns
[2020-08-12T19:55:42.130+0000][6][safepoint    ] Safepoint "Cleanup", Time since last: 1000345617 ns, Reaching safepoint: 604882 ns, At safepoint: 44212 ns, Total: 649094 ns
[2020-08-12T19:55:43.130+0000][6][safepoint    ] Safepoint "Cleanup", Time since last: 1000244043 ns, Reaching safepoint: 389659 ns, At safepoint: 14137 ns, Total: 403796 ns
[2020-08-12T19:55:45.127+0000][6][safepoint    ] Safepoint "Cleanup", Time since last: 1996550057 ns, Reaching safepoint: 563145 ns, At safepoint: 28612 ns, Total: 591757 ns
[2020-08-12T19:55:46.239+0000][6][safepoint    ] Safepoint "Cleanup", Time since last: 1111068673 ns, Reaching safepoint: 799780 ns, At safepoint: 39412 ns, Total: 839192 ns
[2020-08-12T19:55:47.240+0000][6][safepoint    ] Safepoint "Cleanup", Time since last: 1000423341 ns, Reaching safepoint: 647345 ns, At safepoint: 43524 ns, Total: 690869 ns
[2020-08-12T19:55:48.241+0000][6][safepoint    ] Safepoint "Cleanup", Time since last: 1000288293 ns, Reaching safepoint: 577832 ns, At safepoint: 23950 ns, Total: 601782 ns
[2020-08-12T19:55:50.127+0000][6][safepoint    ] Safepoint "Cleanup", Time since last: 1885065933 ns, Reaching safepoint: 916304 ns, At safepoint: 43737 ns, Total: 960041 ns
[2020-08-12T19:55:51.128+0000][6][safepoint    ] Safepoint "Cleanup", Time since last: 1000344042 ns, Reaching safepoint: 676407 ns, At safepoint: 44399 ns, Total: 720806 ns
[2020-08-12T19:55:52.129+0000][6][safepoint    ] Safepoint "Cleanup", Time since last: 1000360879 ns, Reaching safepoint: 631107 ns, At safepoint: 45725 ns, Total: 676832 ns
[2020-08-12T19:55:53.131+0000][6][safepoint    ] Safepoint "Cleanup", Time since last: 1000295655 ns, Reaching safepoint: 740093 ns, At safepoint: 31825 ns, Total: 771918 ns
[2020-08-12T19:55:54.133+0000][6][safepoint    ] Safepoint "Cleanup", Time since last: 1001705717 ns, Reaching safepoint: 720282 ns, At safepoint: 61937 ns, Total: 782219 ns
[2020-08-12T19:55:55.138+0000][6][safepoint    ] Safepoint "Cleanup", Time since last: 1000296917 ns, Reaching safepoint: 5082718 ns, At safepoint: 34125 ns, Total: 5116843 ns
[2020-08-12T19:55:56.152+0000][6][safepoint    ] Safepoint "Cleanup", Time since last: 1012819671 ns, Reaching safepoint: 849405 ns, At safepoint: 45463 ns, Total: 894868 ns
[2020-08-12T19:55:57.154+0000][6][safepoint    ] Safepoint "Cleanup", Time since last: 1000332516 ns, Reaching safepoint: 1123641 ns, At safepoint: 46662 ns, Total: 1170303 ns
[2020-08-12T19:55:58.155+0000][6][safepoint    ] Safepoint "Cleanup", Time since last: 1000509002 ns, Reaching safepoint: 853206 ns, At safepoint: 37962 ns, Total: 891168 ns
[2020-08-12T19:55:59.162+0000][6][safepoint    ] Safepoint "Cleanup", Time since last: 1005888669 ns, Reaching safepoint: 541795 ns, At safepoint: 35962 ns, Total: 577757 ns
[2020-08-12T19:56:00.450+0000][6][safepoint    ] Safepoint "Cleanup", Time since last: 1285598476 ns, Reaching safepoint: 2447967 ns, At safepoint: 53049 ns, Total: 2501016 ns
[2020-08-12T19:56:01.450+0000][6][safepoint    ] Safepoint "Cleanup", Time since last: 1000290617 ns, Reaching safepoint: 456109 ns, At safepoint: 21325 ns, Total: 477434 ns
[2020-08-12T19:56:02.452+0000][6][safepoint    ] Safepoint "Cleanup", Time since last: 1000239505 ns, Reaching safepoint: 903780 ns, At safepoint: 67674 ns, Total: 971454 ns
[2020-08-12T19:56:03.453+0000][6][safepoint    ] Safepoint "Cleanup", Time since last: 1000319167 ns, Reaching safepoint: 839655 ns, At safepoint: 29712 ns, Total: 869367 ns
[2020-08-12T19:56:05.131+0000][6][safepoint    ] Safepoint "Cleanup", Time since last: 1677053343 ns, Reaching safepoint: 679907 ns, At safepoint: 30150 ns, Total: 710057 ns
[2020-08-12T19:56:06.196+0000][6][safepoint    ] Safepoint "Cleanup", Time since last: 1064809659 ns, Reaching safepoint: 1009292 ns, At safepoint: 54612 ns, Total: 1063904 ns
[2020-08-12T19:56:07.197+0000][6][safepoint    ] Safepoint "Cleanup", Time since last: 1000283080 ns, Reaching safepoint: 455483 ns, At safepoint: 24662 ns, Total: 480145 ns
[2020-08-12T19:56:08.198+0000][6][safepoint    ] Safepoint "Cleanup", Time since last: 1000255080 ns, Reaching safepoint: 612582 ns, At safepoint: 43562 ns, Total: 656144 ns
[2020-08-12T19:56:09.132+0000][6][safepoint    ] Safepoint "BulkRevokeBias", Time since last: 931194915 ns, Reaching safepoint: 824018 ns, At safepoint: 2095982 ns, Total: 2920000 ns
[2020-08-12T19:56:10.135+0000][6][safepoint    ] Safepoint "Cleanup", Time since last: 1001539168 ns, Reaching safepoint: 834668 ns, At safepoint: 43675 ns, Total: 878343 ns
[2020-08-12T19:56:11.136+0000][6][safepoint    ] Safepoint "Cleanup", Time since last: 1000325417 ns, Reaching safepoint: 580082 ns, At safepoint: 30587 ns, Total: 610669 ns
[2020-08-12T19:56:12.137+0000][6][safepoint    ] Safepoint "Cleanup", Time since last: 1000381017 ns, Reaching safepoint: 629394 ns, At safepoint: 45250 ns, Total: 674644 ns
[2020-08-12T19:56:13.142+0000][6][safepoint    ] Safepoint "Cleanup", Time since last: 1000279155 ns, Reaching safepoint: 5434440 ns, At safepoint: 67587 ns, Total: 5502027 ns
[2020-08-12T19:56:14.143+0000][6][safepoint    ] Safepoint "Cleanup", Time since last: 1000320855 ns, Reaching safepoint: 625969 ns, At safepoint: 50675 ns, Total: 676644 ns
[2020-08-12T19:56:15.145+0000][6][safepoint    ] Safepoint "Cleanup", Time since last: 1000351541 ns, Reaching safepoint: 939730 ns, At safepoint: 64562 ns, Total: 1004292 ns
[2020-08-12T19:56:16.276+0000][6][safepoint    ] Safepoint "Cleanup", Time since last: 1130296256 ns, Reaching safepoint: 989941 ns, At safepoint: 25175 ns, Total: 1015116 ns
[2020-08-12T19:56:17.277+0000][6][safepoint    ] Safepoint "Cleanup", Time since last: 1000263680 ns, Reaching safepoint: 745881 ns, At safepoint: 46412 ns, Total: 792293 ns
[2020-08-12T19:56:18.278+0000][6][safepoint    ] Safepoint "Cleanup", Time since last: 1000345404 ns, Reaching safepoint: 687757 ns, At safepoint: 55112 ns, Total: 742869 ns
[2020-08-12T19:56:20.131+0000][6][safepoint    ] Safepoint "Cleanup", Time since last: 1851755858 ns, Reaching safepoint: 642982 ns, At safepoint: 44174 ns, Total: 687156 ns
[2020-08-12T19:56:21.132+0000][6][safepoint    ] Safepoint "Cleanup", Time since last: 1000391692 ns, Reaching safepoint: 910404 ns, At safepoint: 43450 ns, Total: 953854 ns
[2020-08-12T19:56:22.133+0000][6][safepoint    ] Safepoint "Cleanup", Time since last: 1000278567 ns, Reaching safepoint: 873805 ns, At safepoint: 55950 ns, Total: 929755 ns
[2020-08-12T19:56:23.135+0000][6][safepoint    ] Safepoint "Cleanup", Time since last: 1000349554 ns, Reaching safepoint: 1068603 ns, At safepoint: 54925 ns, Total: 1123528 ns
[2020-08-12T19:56:25.132+0000][6][safepoint    ] Safepoint "Cleanup", Time since last: 1996235496 ns, Reaching safepoint: 771319 ns, At safepoint: 48762 ns, Total: 820081 ns
[2020-08-12T19:56:26.274+0000][6][safepoint    ] Safepoint "Cleanup", Time since last: 1141313973 ns, Reaching safepoint: 859330 ns, At safepoint: 34125 ns, Total: 893455 ns
[2020-08-12T19:56:27.275+0000][6][safepoint    ] Safepoint "Cleanup", Time since last: 1000250442 ns, Reaching safepoint: 878755 ns, At safepoint: 48725 ns, Total: 927480 ns
[2020-08-12T19:56:28.276+0000][6][safepoint    ] Safepoint "Cleanup", Time since last: 1000293392 ns, Reaching safepoint: 829268 ns, At safepoint: 73412 ns, Total: 902680 ns
[2020-08-12T19:56:29.277+0000][6][safepoint    ] Safepoint "Cleanup", Time since last: 1000293579 ns, Reaching safepoint: 598283 ns, At safepoint: 22925 ns, Total: 621208 ns
[2020-08-12T19:56:30.451+0000][6][safepoint    ] Safepoint "Cleanup", Time since last: 1172831463 ns, Reaching safepoint: 523770 ns, At safepoint: 44675 ns, Total: 568445 ns
[2020-08-12T19:56:31.452+0000][6][safepoint    ] Safepoint "Cleanup", Time since last: 1000344704 ns, Reaching safepoint: 1007204 ns, At safepoint: 55650 ns, Total: 1062854 ns
[2020-08-12T19:56:32.453+0000][6][safepoint    ] Safepoint "Cleanup", Time since last: 1000347791 ns, Reaching safepoint: 796406 ns, At safepoint: 45712 ns, Total: 842118 ns
[2020-08-12T19:56:33.454+0000][6][safepoint    ] Safepoint "Cleanup", Time since last: 1000297404 ns, Reaching safepoint: 514934 ns, At safepoint: 53712 ns, Total: 568646 ns
[2020-08-12T19:56:34.455+0000][6][safepoint    ] Safepoint "Cleanup", Time since last: 1000350516 ns, Reaching safepoint: 806718 ns, At safepoint: 51862 ns, Total: 858580 ns
[2020-08-12T19:56:36.268+0000][6][safepoint    ] Safepoint "Cleanup", Time since last: 1811645605 ns, Reaching safepoint: 1114878 ns, At safepoint: 43625 ns, Total: 1158503 ns
[2020-08-12T19:56:37.269+0000][6][safepoint    ] Safepoint "Cleanup", Time since last: 1000322541 ns, Reaching safepoint: 694007 ns, At safepoint: 34012 ns, Total: 728019 ns
[2020-08-12T19:56:38.270+0000][6][safepoint    ] Safepoint "Cleanup", Time since last: 1000332954 ns, Reaching safepoint: 694882 ns, At safepoint: 54850 ns, Total: 749732 ns
[2020-08-12T19:56:40.135+0000][6][safepoint    ] Safepoint "Cleanup", Time since last: 1864538372 ns, Reaching safepoint: 615270 ns, At safepoint: 43399 ns, Total: 658669 ns
[2020-08-12T19:56:41.136+0000][6][safepoint    ] Safepoint "Cleanup", Time since last: 1000357830 ns, Reaching safepoint: 616919 ns, At safepoint: 43850 ns, Total: 660769 ns
[2020-08-12T19:56:42.138+0000][6][safepoint    ] Safepoint "Cleanup", Time since last: 1000342454 ns, Reaching safepoint: 680794 ns, At safepoint: 51050 ns, Total: 731844 ns
[2020-08-12T19:56:43.139+0000][6][safepoint    ] Safepoint "Cleanup", Time since last: 1000301167 ns, Reaching safepoint: 810755 ns, At safepoint: 36912 ns, Total: 847667 ns
[2020-08-12T19:56:45.134+0000][6][safepoint    ] Safepoint "Cleanup", Time since last: 1994483462 ns, Reaching safepoint: 1131028 ns, At safepoint: 67512 ns, Total: 1198540 ns
[2020-08-12T19:56:46.248+0000][6][safepoint    ] Safepoint "Cleanup", Time since last: 1113338578 ns, Reaching safepoint: 594057 ns, At safepoint: 43537 ns, Total: 637594 ns
[2020-08-12T19:56:47.249+0000][6][safepoint    ] Safepoint "Cleanup", Time since last: 1000362992 ns, Reaching safepoint: 684394 ns, At safepoint: 43549 ns, Total: 727943 ns
[2020-08-12T19:56:48.250+0000][6][safepoint    ] Safepoint "Cleanup", Time since last: 1000291855 ns, Reaching safepoint: 670219 ns, At safepoint: 67275 ns, Total: 737494 ns
[2020-08-12T19:56:50.135+0000][6][safepoint    ] Safepoint "Cleanup", Time since last: 1884075391 ns, Reaching safepoint: 548033 ns, At safepoint: 24824 ns, Total: 572857 ns
[2020-08-12T19:56:51.136+0000][6][safepoint    ] Safepoint "Cleanup", Time since last: 1000275468 ns, Reaching safepoint: 465121 ns, At safepoint: 96611 ns, Total: 561732 ns
[2020-08-12T19:56:52.137+0000][6][safepoint    ] Safepoint "Cleanup", Time since last: 1000375092 ns, Reaching safepoint: 878555 ns, At safepoint: 43412 ns, Total: 921967 ns
[2020-08-12T19:56:53.139+0000][6][safepoint    ] Safepoint "Cleanup", Time since last: 1000348004 ns, Reaching safepoint: 1120340 ns, At safepoint: 55387 ns, Total: 1175727 ns
[2020-08-12T19:56:54.143+0000][6][safepoint    ] Safepoint "Cleanup", Time since last: 1000400904 ns, Reaching safepoint: 3670656 ns, At safepoint: 125636 ns, Total: 3796292 ns
[2020-08-12T19:56:55.145+0000][6][safepoint    ] Safepoint "Cleanup", Time since last: 1000376204 ns, Reaching safepoint: 1785547 ns, At safepoint: 38225 ns, Total: 1823772 ns
[2020-08-12T19:56:56.189+0000][6][safepoint    ] Safepoint "Cleanup", Time since last: 1042346754 ns, Reaching safepoint: 1083028 ns, At safepoint: 44424 ns, Total: 1127452 ns
[2020-08-12T19:56:57.190+0000][6][safepoint    ] Safepoint "Cleanup", Time since last: 1000350417 ns, Reaching safepoint: 717531 ns, At safepoint: 52450 ns, Total: 769981 ns
[2020-08-12T19:56:58.191+0000][6][safepoint    ] Safepoint "Cleanup", Time since last: 1000410641 ns, Reaching safepoint: 813018 ns, At safepoint: 38250 ns, Total: 851268 ns
[2020-08-12T19:56:59.192+0000][6][safepoint    ] Safepoint "Cleanup", Time since last: 1000247292 ns, Reaching safepoint: 815893 ns, At safepoint: 30000 ns, Total: 845893 ns
[2020-08-12T19:57:00.507+0000][6][safepoint    ] Safepoint "Cleanup", Time since last: 1314293803 ns, Reaching safepoint: 926280 ns, At safepoint: 43899 ns, Total: 970179 ns
[2020-08-12T19:57:01.508+0000][6][safepoint    ] Safepoint "Cleanup", Time since last: 1000281105 ns, Reaching safepoint: 299985 ns, At safepoint: 11000 ns, Total: 310985 ns
[2020-08-12T19:57:02.510+0000][6][safepoint    ] Safepoint "Cleanup", Time since last: 1000234817 ns, Reaching safepoint: 1295952 ns, At safepoint: 65537 ns, Total: 1361489 ns
[2020-08-12T19:57:03.510+0000][6][safepoint    ] Safepoint "Cleanup", Time since last: 1000351691 ns, Reaching safepoint: 355897 ns, At safepoint: 16463 ns, Total: 372360 ns
[2020-08-12T19:57:05.137+0000][6][safepoint    ] Safepoint "Cleanup", Time since last: 1626219794 ns, Reaching safepoint: 863018 ns, At safepoint: 41337 ns, Total: 904355 ns
[2020-08-12T19:57:06.238+0000][6][safepoint    ] Safepoint "Cleanup", Time since last: 1099560384 ns, Reaching safepoint: 867280 ns, At safepoint: 86037 ns, Total: 953317 ns
[2020-08-12T19:57:07.239+0000][6][safepoint    ] Safepoint "Cleanup", Time since last: 1000302130 ns, Reaching safepoint: 585494 ns, At safepoint: 29288 ns, Total: 614782 ns
[2020-08-12T19:57:08.240+0000][6][safepoint    ] Safepoint "Cleanup", Time since last: 1000273730 ns, Reaching safepoint: 1183652 ns, At safepoint: 48899 ns, Total: 1232551 ns
[2020-08-12T19:57:10.139+0000][6][safepoint    ] Safepoint "Cleanup", Time since last: 1898097858 ns, Reaching safepoint: 988279 ns, At safepoint: 44925 ns, Total: 1033204 ns
[2020-08-12T19:57:11.140+0000][6][safepoint    ] Safepoint "Cleanup", Time since last: 1000306429 ns, Reaching safepoint: 434996 ns, At safepoint: 20500 ns, Total: 455496 ns
[2020-08-12T19:57:12.141+0000][6][safepoint    ] Safepoint "Cleanup", Time since last: 1000263030 ns, Reaching safepoint: 886730 ns, At safepoint: 44000 ns, Total: 930730 ns
[2020-08-12T19:57:13.143+0000][6][safepoint    ] Safepoint "Cleanup", Time since last: 1000348704 ns, Reaching safepoint: 821855 ns, At safepoint: 65199 ns, Total: 887054 ns
[2020-08-12T19:57:14.146+0000][6][safepoint    ] Safepoint "Cleanup", Time since last: 1000580703 ns, Reaching safepoint: 2997261 ns, At safepoint: 49037 ns, Total: 3046298 ns
[2020-08-12T19:57:15.147+0000][6][safepoint    ] Safepoint "Cleanup", Time since last: 1000274830 ns, Reaching safepoint: 808831 ns, At safepoint: 22787 ns, Total: 831618 ns
[2020-08-12T19:57:16.167+0000][6][safepoint    ] Safepoint "Cleanup", Time since last: 1019432139 ns, Reaching safepoint: 473646 ns, At safepoint: 20612 ns, Total: 494258 ns
[2020-08-12T19:57:17.168+0000][6][safepoint    ] Safepoint "Cleanup", Time since last: 1000224143 ns, Reaching safepoint: 528695 ns, At safepoint: 38325 ns, Total: 567020 ns
[2020-08-12T19:57:18.169+0000][6][safepoint    ] Safepoint "Cleanup", Time since last: 1000308592 ns, Reaching safepoint: 728494 ns, At safepoint: 40062 ns, Total: 768556 ns
[2020-08-12T19:57:20.139+0000][6][safepoint    ] Safepoint "Cleanup", Time since last: 1968735972 ns, Reaching safepoint: 814456 ns, At safepoint: 66112 ns, Total: 880568 ns
[2020-08-12T19:57:21.140+0000][6][safepoint    ] Safepoint "Cleanup", Time since last: 1000359754 ns, Reaching safepoint: 425083 ns, At safepoint: 16663 ns, Total: 441746 ns
[2020-08-12T19:57:22.141+0000][6][safepoint    ] Safepoint "Cleanup", Time since last: 1000343304 ns, Reaching safepoint: 616570 ns, At safepoint: 52399 ns, Total: 668969 ns
[2020-08-12T19:57:23.142+0000][6][safepoint    ] Safepoint "Cleanup", Time since last: 1000315517 ns, Reaching safepoint: 713669 ns, At safepoint: 55924 ns, Total: 769593 ns
[2020-08-12T19:57:24.146+0000][6][safepoint    ] Safepoint "BulkRevokeBias", Time since last: 998497296 ns, Reaching safepoint: 1006353 ns, At safepoint: 4797009 ns, Total: 5803362 ns
[2020-08-12T19:57:25.149+0000][6][safepoint    ] Safepoint "Cleanup", Time since last: 1001940078 ns, Reaching safepoint: 921767 ns, At safepoint: 31262 ns, Total: 953029 ns
[2020-08-12T19:57:26.238+0000][6][safepoint    ] Safepoint "Cleanup", Time since last: 1087892373 ns, Reaching safepoint: 731618 ns, At safepoint: 44550 ns, Total: 776168 ns
[2020-08-12T19:57:27.239+0000][6][safepoint    ] Safepoint "Cleanup", Time since last: 1000321817 ns, Reaching safepoint: 873567 ns, At safepoint: 50162 ns, Total: 923729 ns
[2020-08-12T19:57:28.240+0000][6][safepoint    ] Safepoint "Cleanup", Time since last: 1000554103 ns, Reaching safepoint: 826093 ns, At safepoint: 63987 ns, Total: 890080 ns
[2020-08-12T19:57:29.241+0000][6][safepoint    ] Safepoint "Cleanup", Time since last: 1000293642 ns, Reaching safepoint: 567470 ns, At safepoint: 26925 ns, Total: 594395 ns
[2020-08-12T19:57:30.414+0000][6][safepoint    ] Safepoint "Cleanup", Time since last: 1171911008 ns, Reaching safepoint: 962942 ns, At safepoint: 21687 ns, Total: 984629 ns
[2020-08-12T19:57:31.415+0000][6][safepoint    ] Safepoint "Cleanup", Time since last: 1000171106 ns, Reaching safepoint: 313585 ns, At safepoint: 15125 ns, Total: 328710 ns
[2020-08-12T19:57:32.416+0000][6][safepoint    ] Safepoint "Cleanup", Time since last: 1000236205 ns, Reaching safepoint: 837780 ns, At safepoint: 44337 ns, Total: 882117 ns
[2020-08-12T19:57:33.416+0000][6][safepoint    ] Safepoint "Cleanup", Time since last: 1000353392 ns, Reaching safepoint: 267685 ns, At safepoint: 10737 ns, Total: 278422 ns
[2020-08-12T19:57:34.417+0000][6][safepoint    ] Safepoint "Cleanup", Time since last: 1000206881 ns, Reaching safepoint: 434634 ns, At safepoint: 17024 ns, Total: 451658 ns
[2020-08-12T19:57:36.116+0000][6][safepoint    ] Safepoint "Cleanup", Time since last: 1698120436 ns, Reaching safepoint: 479996 ns, At safepoint: 21488 ns, Total: 501484 ns
[2020-08-12T19:57:37.117+0000][6][safepoint    ] Safepoint "Cleanup", Time since last: 1000330891 ns, Reaching safepoint: 602820 ns, At safepoint: 45650 ns, Total: 648470 ns
[2020-08-12T19:57:38.118+0000][6][safepoint    ] Safepoint "Cleanup", Time since last: 1000342029 ns, Reaching safepoint: 675994 ns, At safepoint: 46550 ns, Total: 722544 ns
[2020-08-12T19:57:39.119+0000][6][safepoint    ] Safepoint "Cleanup", Time since last: 1000315892 ns, Reaching safepoint: 600319 ns, At safepoint: 46225 ns, Total: 646544 ns
[2020-08-12T19:57:40.139+0000][6][safepoint    ] Safepoint "Cleanup", Time since last: 1019735174 ns, Reaching safepoint: 659894 ns, At safepoint: 46563 ns, Total: 706457 ns
[2020-08-12T19:57:41.140+0000][6][safepoint    ] Safepoint "Cleanup", Time since last: 1000338904 ns, Reaching safepoint: 611719 ns, At safepoint: 54138 ns, Total: 665857 ns
[2020-08-12T19:57:42.141+0000][6][safepoint    ] Safepoint "Cleanup", Time since last: 1000343016 ns, Reaching safepoint: 672744 ns, At safepoint: 43788 ns, Total: 716532 ns
[2020-08-12T19:57:43.142+0000][6][safepoint    ] Safepoint "Cleanup", Time since last: 1000509890 ns, Reaching safepoint: 757943 ns, At safepoint: 57750 ns, Total: 815693 ns
[2020-08-12T19:57:45.140+0000][6][safepoint    ] Safepoint "Cleanup", Time since last: 1996191047 ns, Reaching safepoint: 1038666 ns, At safepoint: 69237 ns, Total: 1107903 ns
[2020-08-12T19:57:46.193+0000][6][safepoint    ] Safepoint "Cleanup", Time since last: 1052915637 ns, Reaching safepoint: 677244 ns, At safepoint: 44062 ns, Total: 721306 ns
[2020-08-12T19:57:47.194+0000][6][safepoint    ] Safepoint "Cleanup", Time since last: 1000309955 ns, Reaching safepoint: 593870 ns, At safepoint: 52724 ns, Total: 646594 ns
[2020-08-12T19:57:48.229+0000][6][safepoint    ] Safepoint "Cleanup", Time since last: 1000332492 ns, Reaching safepoint: 34280366 ns, At safepoint: 187111 ns, Total: 34467477 ns
[2020-08-12T19:57:50.140+0000][6][safepoint    ] Safepoint "Cleanup", Time since last: 1909646308 ns, Reaching safepoint: 742044 ns, At safepoint: 44962 ns, Total: 787006 ns
[2020-08-12T19:57:51.140+0000][6][safepoint    ] Safepoint "Cleanup", Time since last: 1000345641 ns, Reaching safepoint: 461896 ns, At safepoint: 27200 ns, Total: 489096 ns
[2020-08-12T19:57:52.141+0000][6][safepoint    ] Safepoint "Cleanup", Time since last: 1000286605 ns, Reaching safepoint: 707594 ns, At safepoint: 52862 ns, Total: 760456 ns
[2020-08-12T19:57:53.148+0000][6][safepoint    ] Safepoint "Cleanup", Time since last: 1000531665 ns, Reaching safepoint: 6059448 ns, At safepoint: 42074 ns, Total: 6101522 ns
[2020-08-12T19:57:54.150+0000][6][safepoint    ] Safepoint "Cleanup", Time since last: 1000353004 ns, Reaching safepoint: 1099216 ns, At safepoint: 45237 ns, Total: 1144453 ns
[2020-08-12T19:57:55.151+0000][6][safepoint    ] Safepoint "Cleanup", Time since last: 1000545615 ns, Reaching safepoint: 640907 ns, At safepoint: 23875 ns, Total: 664782 ns
[2020-08-12T19:57:56.279+0000][6][safepoint    ] Safepoint "Cleanup", Time since last: 1127401993 ns, Reaching safepoint: 888717 ns, At safepoint: 44050 ns, Total: 932767 ns
[2020-08-12T19:57:57.280+0000][6][safepoint    ] Safepoint "Cleanup", Time since last: 1000337704 ns, Reaching safepoint: 780219 ns, At safepoint: 45224 ns, Total: 825443 ns
[2020-08-12T19:57:58.281+0000][6][safepoint    ] Safepoint "Cleanup", Time since last: 1000290192 ns, Reaching safepoint: 675745 ns, At safepoint: 74149 ns, Total: 749894 ns
[2020-08-12T19:57:59.282+0000][6][safepoint    ] Safepoint "Cleanup", Time since last: 1000290155 ns, Reaching safepoint: 526532 ns, At safepoint: 24425 ns, Total: 550957 ns
[2020-08-12T19:58:00.421+0000][6][safepoint    ] Safepoint "Cleanup", Time since last: 1138601697 ns, Reaching safepoint: 639432 ns, At safepoint: 53512 ns, Total: 692944 ns
[2020-08-12T19:58:01.423+0000][6][safepoint    ] Safepoint "Cleanup", Time since last: 1000303482 ns, Reaching safepoint: 1158315 ns, At safepoint: 58299 ns, Total: 1216614 ns
[2020-08-12T19:58:02.425+0000][6][safepoint    ] Safepoint "Cleanup", Time since last: 1001144521 ns, Reaching safepoint: 899892 ns, At safepoint: 44612 ns, Total: 944504 ns
[2020-08-12T19:58:03.426+0000][6][safepoint    ] Safepoint "Cleanup", Time since last: 1000353452 ns, Reaching safepoint: 753831 ns, At safepoint: 44012 ns, Total: 797843 ns
[2020-08-12T19:58:05.140+0000][6][safepoint    ] Safepoint "Cleanup", Time since last: 1713242297 ns, Reaching safepoint: 946367 ns, At safepoint: 48125 ns, Total: 994492 ns
[2020-08-12T19:58:06.278+0000][6][safepoint    ] Safepoint "Cleanup", Time since last: 1136730295 ns, Reaching safepoint: 631969 ns, At safepoint: 44687 ns, Total: 676656 ns
[2020-08-12T19:58:07.279+0000][6][safepoint    ] Safepoint "Cleanup", Time since last: 1000394565 ns, Reaching safepoint: 655594 ns, At safepoint: 52525 ns, Total: 708119 ns
[2020-08-12T19:58:08.280+0000][6][safepoint    ] Safepoint "Cleanup", Time since last: 1000290590 ns, Reaching safepoint: 553458 ns, At safepoint: 21337 ns, Total: 574795 ns
[2020-08-12T19:58:10.143+0000][6][safepoint    ] Safepoint "Cleanup", Time since last: 1862603365 ns, Reaching safepoint: 846755 ns, At safepoint: 45225 ns, Total: 891980 ns
[2020-08-12T19:58:11.144+0000][6][safepoint    ] Safepoint "Cleanup", Time since last: 1000387602 ns, Reaching safepoint: 514345 ns, At safepoint: 44225 ns, Total: 558570 ns
[2020-08-12T19:58:12.146+0000][6][safepoint    ] Safepoint "Cleanup", Time since last: 1000342527 ns, Reaching safepoint: 1135016 ns, At safepoint: 46837 ns, Total: 1181853 ns
[2020-08-12T19:58:13.147+0000][6][safepoint    ] Safepoint "Cleanup", Time since last: 1000404977 ns, Reaching safepoint: 764680 ns, At safepoint: 57250 ns, Total: 821930 ns
[2020-08-12T19:58:14.149+0000][6][safepoint    ] Safepoint "Cleanup", Time since last: 1000358390 ns, Reaching safepoint: 1357438 ns, At safepoint: 66612 ns, Total: 1424050 ns
[2020-08-12T19:58:15.151+0000][6][safepoint    ] Safepoint "Cleanup", Time since last: 1000421064 ns, Reaching safepoint: 1306389 ns, At safepoint: 58999 ns, Total: 1365388 ns
[2020-08-12T19:58:16.213+0000][6][safepoint    ] Safepoint "Cleanup", Time since last: 1062062743 ns, Reaching safepoint: 726744 ns, At safepoint: 52312 ns, Total: 779056 ns
[2020-08-12T19:58:17.214+0000][6][safepoint    ] Safepoint "Cleanup", Time since last: 1000312440 ns, Reaching safepoint: 621757 ns, At safepoint: 33837 ns, Total: 655594 ns
[2020-08-12T19:58:18.216+0000][6][safepoint    ] Safepoint "Cleanup", Time since last: 1000305828 ns, Reaching safepoint: 1117528 ns, At safepoint: 172161 ns, Total: 1289689 ns
[2020-08-12T19:58:20.073+0000][6][safepoint    ] Safepoint "Cleanup", Time since last: 1856493780 ns, Reaching safepoint: 862992 ns, At safepoint: 43600 ns, Total: 906592 ns
[2020-08-12T19:58:21.074+0000][6][safepoint    ] Safepoint "Cleanup", Time since last: 1000465601 ns, Reaching safepoint: 410709 ns, At safepoint: 16125 ns, Total: 426834 ns
[2020-08-12T19:58:22.075+0000][6][safepoint    ] Safepoint "Cleanup", Time since last: 1000244154 ns, Reaching safepoint: 918867 ns, At safepoint: 46774 ns, Total: 965641 ns
[2020-08-12T19:58:23.077+0000][6][safepoint    ] Safepoint "Cleanup", Time since last: 1000360677 ns, Reaching safepoint: 1291227 ns, At safepoint: 68437 ns, Total: 1359664 ns
[2020-08-12T19:58:24.078+0000][6][safepoint    ] Safepoint "Cleanup", Time since last: 1000413014 ns, Reaching safepoint: 689069 ns, At safepoint: 51175 ns, Total: 740244 ns
[2020-08-12T19:58:25.150+0000][6][safepoint    ] Safepoint "Cleanup", Time since last: 1070624068 ns, Reaching safepoint: 657807 ns, At safepoint: 71411 ns, Total: 729218 ns
[2020-08-12T19:58:26.252+0000][6][safepoint    ] Safepoint "Cleanup", Time since last: 1101546001 ns, Reaching safepoint: 833555 ns, At safepoint: 51912 ns, Total: 885467 ns
[2020-08-12T19:58:27.253+0000][6][safepoint    ] Safepoint "Cleanup", Time since last: 1000362952 ns, Reaching safepoint: 726407 ns, At safepoint: 45337 ns, Total: 771744 ns
[2020-08-12T19:58:28.254+0000][6][safepoint    ] Safepoint "Cleanup", Time since last: 1000344514 ns, Reaching safepoint: 722682 ns, At safepoint: 55149 ns, Total: 777831 ns
[2020-08-12T19:58:29.258+0000][6][safepoint    ] Safepoint "Cleanup", Time since last: 1000531751 ns, Reaching safepoint: 3168560 ns, At safepoint: 32687 ns, Total: 3201247 ns
[2020-08-12T19:58:30.438+0000][6][safepoint    ] Safepoint "Cleanup", Time since last: 1178794443 ns, Reaching safepoint: 800531 ns, At safepoint: 43012 ns, Total: 843543 ns
[2020-08-12T19:58:31.438+0000][6][safepoint    ] Safepoint "Cleanup", Time since last: 1000357302 ns, Reaching safepoint: 345222 ns, At safepoint: 17338 ns, Total: 362560 ns
[2020-08-12T19:58:32.439+0000][6][safepoint    ] Safepoint "Cleanup", Time since last: 1000194728 ns, Reaching safepoint: 396634 ns, At safepoint: 18875 ns, Total: 415509 ns
[2020-08-12T19:58:33.440+0000][6][safepoint    ] Safepoint "Cleanup", Time since last: 1000246429 ns, Reaching safepoint: 817717 ns, At safepoint: 43338 ns, Total: 861055 ns
[2020-08-12T19:58:34.441+0000][6][safepoint    ] Safepoint "Cleanup", Time since last: 1000697949 ns, Reaching safepoint: 518283 ns, At safepoint: 22950 ns, Total: 541233 ns
[2020-08-12T19:58:35.184+0000][6][safepoint    ] Safepoint "BulkRevokeBias", Time since last: 740289432 ns, Reaching safepoint: 651744 ns, At safepoint: 1827547 ns, Total: 2479291 ns
[2020-08-12T19:58:36.185+0000][6][safepoint    ] Safepoint "Cleanup", Time since last: 1000301990 ns, Reaching safepoint: 747569 ns, At safepoint: 44924 ns, Total: 792493 ns
[2020-08-12T19:58:37.186+0000][6][safepoint    ] Safepoint "Cleanup", Time since last: 1000348703 ns, Reaching safepoint: 694506 ns, At safepoint: 52387 ns, Total: 746893 ns
[2020-08-12T19:58:38.188+0000][6][safepoint    ] Safepoint "Cleanup", Time since last: 1000303240 ns, Reaching safepoint: 745032 ns, At safepoint: 65861 ns, Total: 810893 ns
[2020-08-12T19:58:38.422+0000][6][safepoint    ] Safepoint "BulkRevokeBias", Time since last: 231676842 ns, Reaching safepoint: 347784 ns, At safepoint: 2183769 ns, Total: 2531553 ns
[2020-08-12T19:58:40.145+0000][6][safepoint    ] Safepoint "Cleanup", Time since last: 1722016783 ns, Reaching safepoint: 922692 ns, At safepoint: 43388 ns, Total: 966080 ns
[2020-08-12T19:58:41.146+0000][6][safepoint    ] Safepoint "Cleanup", Time since last: 1000402864 ns, Reaching safepoint: 1083666 ns, At safepoint: 45424 ns, Total: 1129090 ns
[2020-08-12T19:58:42.147+0000][6][safepoint    ] Safepoint "Cleanup", Time since last: 1000278491 ns, Reaching safepoint: 710506 ns, At safepoint: 44325 ns, Total: 754831 ns
[2020-08-12T19:58:43.148+0000][6][safepoint    ] Safepoint "Cleanup", Time since last: 1000301965 ns, Reaching safepoint: 767981 ns, At safepoint: 70087 ns, Total: 838068 ns
[2020-08-12T19:58:44.147+0000][6][safepoint    ] Safepoint "BulkRevokeBias", Time since last: 995163760 ns, Reaching safepoint: 726406 ns, At safepoint: 2456141 ns, Total: 3182547 ns
[2020-08-12T19:58:45.193+0000][6][safepoint    ] Safepoint "Cleanup", Time since last: 1001738778 ns, Reaching safepoint: 44085880 ns, At safepoint: 31987 ns, Total: 44117867 ns
[2020-08-12T19:58:46.211+0000][6][safepoint    ] Safepoint "Cleanup", Time since last: 1018006075 ns, Reaching safepoint: 669432 ns, At safepoint: 46099 ns, Total: 715531 ns
[2020-08-12T19:58:47.212+0000][6][safepoint    ] Safepoint "Cleanup", Time since last: 1000328453 ns, Reaching safepoint: 630857 ns, At safepoint: 53699 ns, Total: 684556 ns
[2020-08-12T19:58:48.213+0000][6][safepoint    ] Safepoint "Cleanup", Time since last: 1000306141 ns, Reaching safepoint: 667169 ns, At safepoint: 28874 ns, Total: 696043 ns
[2020-08-12T19:58:50.145+0000][6][safepoint    ] Safepoint "Cleanup", Time since last: 1930942198 ns, Reaching safepoint: 675981 ns, At safepoint: 45500 ns, Total: 721481 ns
[2020-08-12T19:58:51.146+0000][6][safepoint    ] Safepoint "Cleanup", Time since last: 1000295115 ns, Reaching safepoint: 397509 ns, At safepoint: 53850 ns, Total: 451359 ns
[2020-08-12T19:58:52.147+0000][6][safepoint    ] Safepoint "Cleanup", Time since last: 1000397089 ns, Reaching safepoint: 904780 ns, At safepoint: 66312 ns, Total: 971092 ns
[2020-08-12T19:58:53.148+0000][6][safepoint    ] Safepoint "Cleanup", Time since last: 1000315240 ns, Reaching safepoint: 713656 ns, At safepoint: 37888 ns, Total: 751544 ns
[2020-08-12T19:58:54.151+0000][6][safepoint    ] Safepoint "Cleanup", Time since last: 1000294465 ns, Reaching safepoint: 2237531 ns, At safepoint: 50212 ns, Total: 2287743 ns
[2020-08-12T19:58:55.152+0000][6][safepoint    ] Safepoint "Cleanup", Time since last: 1000330615 ns, Reaching safepoint: 577307 ns, At safepoint: 29425 ns, Total: 606732 ns
[2020-08-12T19:58:56.174+0000][6][safepoint    ] Safepoint "Cleanup", Time since last: 1022267437 ns, Reaching safepoint: 366285 ns, At safepoint: 15887 ns, Total: 382172 ns
[2020-08-12T19:58:57.175+0000][6][safepoint    ] Safepoint "Cleanup", Time since last: 1000241378 ns, Reaching safepoint: 720044 ns, At safepoint: 55025 ns, Total: 775069 ns
[2020-08-12T19:58:58.177+0000][6][safepoint    ] Safepoint "Cleanup", Time since last: 1000319340 ns, Reaching safepoint: 994004 ns, At safepoint: 55287 ns, Total: 1049291 ns
[2020-08-12T19:58:59.178+0000][6][safepoint    ] Safepoint "Cleanup", Time since last: 1000346440 ns, Reaching safepoint: 531808 ns, At safepoint: 32574 ns, Total: 564382 ns
[2020-08-12T19:59:00.463+0000][6][safepoint    ] Safepoint "Cleanup", Time since last: 1285346932 ns, Reaching safepoint: 353784 ns, At safepoint: 17775 ns, Total: 371559 ns
[2020-08-12T19:59:01.465+0000][6][safepoint    ] Safepoint "Cleanup", Time since last: 1000262853 ns, Reaching safepoint: 991779 ns, At safepoint: 55050 ns, Total: 1046829 ns
[2020-08-12T19:59:02.466+0000][6][safepoint    ] Safepoint "Cleanup", Time since last: 1000394589 ns, Reaching safepoint: 897455 ns, At safepoint: 66937 ns, Total: 964392 ns
[2020-08-12T19:59:03.467+0000][6][safepoint    ] Safepoint "Cleanup", Time since last: 1000281640 ns, Reaching safepoint: 733569 ns, At safepoint: 14662 ns, Total: 748231 ns
[2020-08-12T19:59:05.150+0000][6][safepoint    ] Safepoint "Cleanup", Time since last: 1681693084 ns, Reaching safepoint: 855230 ns, At safepoint: 38412 ns, Total: 893642 ns
[2020-08-12T19:59:06.206+0000][6][safepoint    ] Safepoint "Cleanup", Time since last: 1055250489 ns, Reaching safepoint: 617457 ns, At safepoint: 30100 ns, Total: 647557 ns
[2020-08-12T19:59:07.207+0000][6][safepoint    ] Safepoint "Cleanup", Time since last: 1000382414 ns, Reaching safepoint: 773744 ns, At safepoint: 43899 ns, Total: 817643 ns
[2020-08-12T19:59:08.208+0000][6][safepoint    ] Safepoint "Cleanup", Time since last: 1000333190 ns, Reaching safepoint: 549733 ns, At safepoint: 18987 ns, Total: 568720 ns
[2020-08-12T19:59:10.162+0000][6][safepoint    ] Safepoint "Cleanup", Time since last: 1953074505 ns, Reaching safepoint: 995517 ns, At safepoint: 56499 ns, Total: 1052016 ns
[2020-08-12T19:59:11.163+0000][6][safepoint    ] Safepoint "Cleanup", Time since last: 1000636963 ns, Reaching safepoint: 911229 ns, At safepoint: 44313 ns, Total: 955542 ns
[2020-08-12T19:59:12.165+0000][6][safepoint    ] Safepoint "Cleanup", Time since last: 1000343077 ns, Reaching safepoint: 892080 ns, At safepoint: 71712 ns, Total: 963792 ns
[2020-08-12T19:59:13.166+0000][6][safepoint    ] Safepoint "Cleanup", Time since last: 1000423689 ns, Reaching safepoint: 1257426 ns, At safepoint: 60987 ns, Total: 1318413 ns
[2020-08-12T19:59:14.168+0000][6][safepoint    ] Safepoint "Cleanup", Time since last: 1000784637 ns, Reaching safepoint: 902204 ns, At safepoint: 45462 ns, Total: 947666 ns
[2020-08-12T19:59:15.170+0000][6][safepoint    ] Safepoint "Cleanup", Time since last: 1000324903 ns, Reaching safepoint: 1048228 ns, At safepoint: 51075 ns, Total: 1099303 ns
[2020-08-12T19:59:16.238+0000][6][safepoint    ] Safepoint "Cleanup", Time since last: 1067373884 ns, Reaching safepoint: 978741 ns, At safepoint: 45163 ns, Total: 1023904 ns
[2020-08-12T19:59:17.240+0000][6][safepoint    ] Safepoint "Cleanup", Time since last: 1001006371 ns, Reaching safepoint: 785056 ns, At safepoint: 43524 ns, Total: 828580 ns
[2020-08-12T19:59:18.241+0000][6][safepoint    ] Safepoint "Cleanup", Time since last: 1000357103 ns, Reaching safepoint: 648207 ns, At safepoint: 53024 ns, Total: 701231 ns
[2020-08-12T19:59:20.148+0000][6][safepoint    ] Safepoint "Cleanup", Time since last: 1906562396 ns, Reaching safepoint: 962892 ns, At safepoint: 43937 ns, Total: 1006829 ns
[2020-08-12T19:59:21.149+0000][6][safepoint    ] Safepoint "Cleanup", Time since last: 1000290366 ns, Reaching safepoint: 345384 ns, At safepoint: 14962 ns, Total: 360346 ns
[2020-08-12T19:59:22.150+0000][6][safepoint    ] Safepoint "Cleanup", Time since last: 1000224991 ns, Reaching safepoint: 852618 ns, At safepoint: 54687 ns, Total: 907305 ns
[2020-08-12T19:59:23.152+0000][6][safepoint    ] Safepoint "Cleanup", Time since last: 1000346252 ns, Reaching safepoint: 1039841 ns, At safepoint: 67275 ns, Total: 1107116 ns
[2020-08-12T19:59:25.149+0000][6][safepoint    ] Safepoint "Cleanup", Time since last: 1996474591 ns, Reaching safepoint: 564833 ns, At safepoint: 22925 ns, Total: 587758 ns
[2020-08-12T19:59:26.247+0000][6][safepoint    ] Safepoint "Cleanup", Time since last: 1097801132 ns, Reaching safepoint: 433646 ns, At safepoint: 16988 ns, Total: 450634 ns
[2020-08-12T19:59:27.248+0000][6][safepoint    ] Safepoint "Cleanup", Time since last: 1000275728 ns, Reaching safepoint: 702806 ns, At safepoint: 46775 ns, Total: 749581 ns
[2020-08-12T19:59:28.250+0000][6][safepoint    ] Safepoint "Cleanup", Time since last: 1000467801 ns, Reaching safepoint: 1197852 ns, At safepoint: 65550 ns, Total: 1263402 ns
[2020-08-12T19:59:29.251+0000][6][safepoint    ] Safepoint "Cleanup", Time since last: 1000351227 ns, Reaching safepoint: 638332 ns, At safepoint: 31212 ns, Total: 669544 ns
[2020-08-12T19:59:29.415+0000][6][safepoint    ] Safepoint "BulkRevokeBias", Time since last: 161567237 ns, Reaching safepoint: 322272 ns, At safepoint: 2615640 ns, Total: 2937912 ns
[2020-08-12T19:59:30.425+0000][6][safepoint    ] Safepoint "Cleanup", Time since last: 1008861216 ns, Reaching safepoint: 549146 ns, At safepoint: 44674 ns, Total: 593820 ns
[2020-08-12T19:59:31.426+0000][6][safepoint    ] Safepoint "Cleanup", Time since last: 1000360065 ns, Reaching safepoint: 686944 ns, At safepoint: 35687 ns, Total: 722631 ns
[2020-08-12T19:59:32.586+0000][6][safepoint    ] Safepoint "Cleanup", Time since last: 1159557997 ns, Reaching safepoint: 919167 ns, At safepoint: 43575 ns, Total: 962742 ns
[2020-08-12T19:59:33.587+0000][6][safepoint    ] Safepoint "Cleanup", Time since last: 1000301403 ns, Reaching safepoint: 537233 ns, At safepoint: 24675 ns, Total: 561908 ns
[2020-08-12T19:59:34.589+0000][6][safepoint    ] Safepoint "Cleanup", Time since last: 1000272028 ns, Reaching safepoint: 998204 ns, At safepoint: 43637 ns, Total: 1041841 ns
[2020-08-12T19:59:36.018+0000][6][safepoint    ] Safepoint "Cleanup", Time since last: 1428854212 ns, Reaching safepoint: 256673 ns, At safepoint: 11450 ns, Total: 268123 ns
[2020-08-12T19:59:37.019+0000][6][safepoint    ] Safepoint "Cleanup", Time since last: 1000273890 ns, Reaching safepoint: 604695 ns, At safepoint: 50487 ns, Total: 655182 ns
[2020-08-12T19:59:38.020+0000][6][safepoint    ] Safepoint "Cleanup", Time since last: 1000347853 ns, Reaching safepoint: 595594 ns, At safepoint: 46438 ns, Total: 642032 ns
[2020-08-12T19:59:39.021+0000][6][safepoint    ] Safepoint "Cleanup", Time since last: 1000347289 ns, Reaching safepoint: 576645 ns, At safepoint: 42175 ns, Total: 618820 ns
[2020-08-12T19:59:40.147+0000][6][safepoint    ] Safepoint "Cleanup", Time since last: 1125674116 ns, Reaching safepoint: 739806 ns, At safepoint: 46387 ns, Total: 786193 ns
[2020-08-12T19:59:41.148+0000][6][safepoint    ] Safepoint "Cleanup", Time since last: 1000351153 ns, Reaching safepoint: 753956 ns, At safepoint: 43362 ns, Total: 797318 ns
[2020-08-12T19:59:42.149+0000][6][safepoint    ] Safepoint "Cleanup", Time since last: 1000341802 ns, Reaching safepoint: 884205 ns, At safepoint: 46462 ns, Total: 930667 ns
[2020-08-12T19:59:43.151+0000][6][safepoint    ] Safepoint "Cleanup", Time since last: 1000333603 ns, Reaching safepoint: 788755 ns, At safepoint: 46012 ns, Total: 834767 ns
[2020-08-12T19:59:44.152+0000][6][safepoint    ] Safepoint "Cleanup", Time since last: 1000490602 ns, Reaching safepoint: 706918 ns, At safepoint: 53125 ns, Total: 760043 ns
[2020-08-12T19:59:45.155+0000][6][safepoint    ] Safepoint "Cleanup", Time since last: 1001755628 ns, Reaching safepoint: 1330563 ns, At safepoint: 58225 ns, Total: 1388788 ns
[2020-08-12T19:59:46.253+0000][6][safepoint    ] Safepoint "Cleanup", Time since last: 1096620080 ns, Reaching safepoint: 1138040 ns, At safepoint: 46862 ns, Total: 1184902 ns
[2020-08-12T19:59:47.254+0000][6][safepoint    ] Safepoint "Cleanup", Time since last: 1000422377 ns, Reaching safepoint: 600032 ns, At safepoint: 43625 ns, Total: 643657 ns
[2020-08-12T19:59:48.255+0000][6][safepoint    ] Safepoint "Cleanup", Time since last: 1000367465 ns, Reaching safepoint: 570732 ns, At safepoint: 35575 ns, Total: 606307 ns
[2020-08-12T19:59:50.151+0000][6][safepoint    ] Safepoint "Cleanup", Time since last: 1895844139 ns, Reaching safepoint: 563895 ns, At safepoint: 37512 ns, Total: 601407 ns
[2020-08-12T19:59:51.152+0000][6][safepoint    ] Safepoint "Cleanup", Time since last: 1000299403 ns, Reaching safepoint: 421884 ns, At safepoint: 35825 ns, Total: 457709 ns
[2020-08-12T19:59:52.153+0000][6][safepoint    ] Safepoint "Cleanup", Time since last: 1000359502 ns, Reaching safepoint: 672807 ns, At safepoint: 44512 ns, Total: 717319 ns
[2020-08-12T19:59:53.155+0000][6][safepoint    ] Safepoint "Cleanup", Time since last: 1000352077 ns, Reaching safepoint: 1079591 ns, At safepoint: 63599 ns, Total: 1143190 ns
[2020-08-12T19:59:54.156+0000][6][safepoint    ] Safepoint "Cleanup", Time since last: 1000788549 ns, Reaching safepoint: 1032703 ns, At safepoint: 54950 ns, Total: 1087653 ns
[2020-08-12T19:59:55.158+0000][6][safepoint    ] Safepoint "Cleanup", Time since last: 1000285865 ns, Reaching safepoint: 729606 ns, At safepoint: 24500 ns, Total: 754106 ns
[2020-08-12T19:59:56.263+0000][6][safepoint    ] Safepoint "Cleanup", Time since last: 1104819209 ns, Reaching safepoint: 751269 ns, At safepoint: 39612 ns, Total: 790881 ns
[2020-08-12T19:59:57.264+0000][6][safepoint    ] Safepoint "Cleanup", Time since last: 1000318778 ns, Reaching safepoint: 694819 ns, At safepoint: 43987 ns, Total: 738806 ns
[2020-08-12T19:59:58.265+0000][6][safepoint    ] Safepoint "Cleanup", Time since last: 1000312315 ns, Reaching safepoint: 540033 ns, At safepoint: 31525 ns, Total: 571558 ns
[2020-08-12T19:59:59.266+0000][6][safepoint    ] Safepoint "Cleanup", Time since last: 1000242366 ns, Reaching safepoint: 520782 ns, At safepoint: 118437 ns, Total: 639219 ns
[2020-08-12T20:00:00.420+0000][6][safepoint    ] Safepoint "Cleanup", Time since last: 1153963846 ns, Reaching safepoint: 536032 ns, At safepoint: 44700 ns, Total: 580732 ns
[2020-08-12T20:00:01.421+0000][6][safepoint    ] Safepoint "Cleanup", Time since last: 1000338915 ns, Reaching safepoint: 434534 ns, At safepoint: 38162 ns, Total: 472696 ns
[2020-08-12T20:00:02.422+0000][6][safepoint    ] Safepoint "Cleanup", Time since last: 1000325765 ns, Reaching safepoint: 670407 ns, At safepoint: 52512 ns, Total: 722919 ns
[2020-08-12T20:00:03.423+0000][6][safepoint    ] Safepoint "Cleanup", Time since last: 1000280340 ns, Reaching safepoint: 381910 ns, At safepoint: 13199 ns, Total: 395109 ns
[2020-08-12T20:00:05.156+0000][6][safepoint    ] Safepoint "Cleanup", Time since last: 1731961485 ns, Reaching safepoint: 1304376 ns, At safepoint: 60887 ns, Total: 1365263 ns
[2020-08-12T20:00:06.218+0000][6][safepoint    ] Safepoint "Cleanup", Time since last: 1061158638 ns, Reaching safepoint: 554358 ns, At safepoint: 22875 ns, Total: 577233 ns
[2020-08-12T20:00:07.219+0000][6][safepoint    ] Safepoint "Cleanup", Time since last: 1000255728 ns, Reaching safepoint: 759406 ns, At safepoint: 43612 ns, Total: 803018 ns
[2020-08-12T20:00:08.220+0000][6][safepoint    ] Safepoint "Cleanup", Time since last: 1000307528 ns, Reaching safepoint: 745143 ns, At safepoint: 37487 ns, Total: 782630 ns
[2020-08-12T20:00:10.157+0000][6][safepoint    ] Safepoint "Cleanup", Time since last: 1935797193 ns, Reaching safepoint: 639019 ns, At safepoint: 51037 ns, Total: 690056 ns
[2020-08-12T20:00:11.157+0000][6][safepoint    ] Safepoint "Cleanup", Time since last: 1000356640 ns, Reaching safepoint: 360985 ns, At safepoint: 19112 ns, Total: 380097 ns
[2020-08-12T20:00:12.158+0000][6][safepoint    ] Safepoint "Cleanup", Time since last: 1000228691 ns, Reaching safepoint: 520145 ns, At safepoint: 54137 ns, Total: 574282 ns
[2020-08-12T20:00:13.159+0000][6][safepoint    ] Safepoint "Cleanup", Time since last: 1000338015 ns, Reaching safepoint: 769956 ns, At safepoint: 51837 ns, Total: 821793 ns
[2020-08-12T20:00:14.161+0000][6][safepoint    ] Safepoint "Cleanup", Time since last: 1000896560 ns, Reaching safepoint: 978492 ns, At safepoint: 59424 ns, Total: 1037916 ns
[2020-08-12T20:00:15.162+0000][6][safepoint    ] Safepoint "Cleanup", Time since last: 1000444152 ns, Reaching safepoint: 434946 ns, At safepoint: 22463 ns, Total: 457409 ns
[2020-08-12T20:00:16.189+0000][6][safepoint    ] Safepoint "Cleanup", Time since last: 1026509538 ns, Reaching safepoint: 492945 ns, At safepoint: 19813 ns, Total: 512758 ns
[2020-08-12T20:00:17.190+0000][6][safepoint    ] Safepoint "Cleanup", Time since last: 1000289128 ns, Reaching safepoint: 855617 ns, At safepoint: 43675 ns, Total: 899292 ns
[2020-08-12T20:00:18.192+0000][6][safepoint    ] Safepoint "Cleanup", Time since last: 1000312828 ns, Reaching safepoint: 819967 ns, At safepoint: 59250 ns, Total: 879217 ns
[2020-08-12T20:00:20.161+0000][6][safepoint    ] Safepoint "Cleanup", Time since last: 1968604683 ns, Reaching safepoint: 757606 ns, At safepoint: 46625 ns, Total: 804231 ns
[2020-08-12T20:00:21.162+0000][6][safepoint    ] Safepoint "Cleanup", Time since last: 1000302902 ns, Reaching safepoint: 374297 ns, At safepoint: 25937 ns, Total: 400234 ns
[2020-08-12T20:00:22.163+0000][6][safepoint    ] Safepoint "Cleanup", Time since last: 1000416040 ns, Reaching safepoint: 1041316 ns, At safepoint: 44349 ns, Total: 1085665 ns
[2020-08-12T20:00:23.165+0000][6][safepoint    ] Safepoint "Cleanup", Time since last: 1000341728 ns, Reaching safepoint: 1195852 ns, At safepoint: 101824 ns, Total: 1297676 ns
[2020-08-12T20:00:25.157+0000][6][safepoint    ] Safepoint "Cleanup", Time since last: 1989510964 ns, Reaching safepoint: 2233819 ns, At safepoint: 24599 ns, Total: 2258418 ns
[2020-08-12T20:00:26.262+0000][6][safepoint    ] Safepoint "Cleanup", Time since last: 1105120907 ns, Reaching safepoint: 458609 ns, At safepoint: 22062 ns, Total: 480671 ns
[2020-08-12T20:00:27.263+0000][6][safepoint    ] Safepoint "Cleanup", Time since last: 1000266378 ns, Reaching safepoint: 659732 ns, At safepoint: 51887 ns, Total: 711619 ns
[2020-08-12T20:00:28.264+0000][6][safepoint    ] Safepoint "Cleanup", Time since last: 1000305465 ns, Reaching safepoint: 759181 ns, At safepoint: 72049 ns, Total: 831230 ns
[2020-08-12T20:00:29.265+0000][6][safepoint    ] Safepoint "Cleanup", Time since last: 1000289853 ns, Reaching safepoint: 640120 ns, At safepoint: 22337 ns, Total: 662457 ns
[2020-08-12T20:00:30.430+0000][6][safepoint    ] Safepoint "Cleanup", Time since last: 1163285490 ns, Reaching safepoint: 837943 ns, At safepoint: 43524 ns, Total: 881467 ns
[2020-08-12T20:00:31.431+0000][6][safepoint    ] Safepoint "Cleanup", Time since last: 1000377378 ns, Reaching safepoint: 792318 ns, At safepoint: 43962 ns, Total: 836280 ns
[2020-08-12T20:00:32.432+0000][6][safepoint    ] Safepoint "Cleanup", Time since last: 1000378777 ns, Reaching safepoint: 866530 ns, At safepoint: 66049 ns, Total: 932579 ns
[2020-08-12T20:00:33.433+0000][6][safepoint    ] Safepoint "Cleanup", Time since last: 1000298778 ns, Reaching safepoint: 453271 ns, At safepoint: 29250 ns, Total: 482521 ns
[2020-08-12T20:00:34.434+0000][6][safepoint    ] Safepoint "Cleanup", Time since last: 1000336452 ns, Reaching safepoint: 805031 ns, At safepoint: 45887 ns, Total: 850918 ns
[2020-08-12T20:00:36.225+0000][6][safepoint    ] Safepoint "Cleanup", Time since last: 1789804583 ns, Reaching safepoint: 485934 ns, At safepoint: 989604 ns, Total: 1475538 ns
[2020-08-12T20:00:37.226+0000][6][safepoint    ] Safepoint "Cleanup", Time since last: 1000267003 ns, Reaching safepoint: 877842 ns, At safepoint: 44437 ns, Total: 922279 ns
[2020-08-12T20:00:38.228+0000][6][safepoint    ] Safepoint "Cleanup", Time since last: 1000306578 ns, Reaching safepoint: 747318 ns, At safepoint: 32400 ns, Total: 779718 ns
[2020-08-12T20:00:40.156+0000][6][safepoint    ] Safepoint "Cleanup", Time since last: 1928004548 ns, Reaching safepoint: 594307 ns, At safepoint: 29037 ns, Total: 623344 ns
[2020-08-12T20:00:41.157+0000][6][safepoint    ] Safepoint "Cleanup", Time since last: 1000235529 ns, Reaching safepoint: 362859 ns, At safepoint: 17813 ns, Total: 380672 ns
[2020-08-12T20:00:42.158+0000][6][safepoint    ] Safepoint "Cleanup", Time since last: 1000320302 ns, Reaching safepoint: 915230 ns, At safepoint: 64462 ns, Total: 979692 ns
[2020-08-12T20:00:43.160+0000][6][safepoint    ] Safepoint "Cleanup", Time since last: 1000335752 ns, Reaching safepoint: 1326689 ns, At safepoint: 58299 ns, Total: 1384988 ns
[2020-08-12T20:00:45.159+0000][6][safepoint    ] Safepoint "Cleanup", Time since last: 1997455096 ns, Reaching safepoint: 1234339 ns, At safepoint: 57487 ns, Total: 1291826 ns
[2020-08-12T20:00:46.193+0000][6][safepoint    ] Safepoint "Cleanup", Time since last: 1034230659 ns, Reaching safepoint: 406234 ns, At safepoint: 16012 ns, Total: 422246 ns
[2020-08-12T20:00:47.195+0000][6][safepoint    ] Safepoint "Cleanup", Time since last: 1000280841 ns, Reaching safepoint: 938479 ns, At safepoint: 43450 ns, Total: 981929 ns
[2020-08-12T20:00:48.196+0000][6][safepoint    ] Safepoint "Cleanup", Time since last: 1000327377 ns, Reaching safepoint: 852018 ns, At safepoint: 42437 ns, Total: 894455 ns
[2020-08-12T20:00:50.157+0000][6][safepoint    ] Safepoint "Cleanup", Time since last: 1960953049 ns, Reaching safepoint: 730931 ns, At safepoint: 50712 ns, Total: 781643 ns
[2020-08-12T20:00:51.158+0000][6][safepoint    ] Safepoint "Cleanup", Time since last: 1000323116 ns, Reaching safepoint: 402221 ns, At safepoint: 27050 ns, Total: 429271 ns
[2020-08-12T20:00:52.159+0000][6][safepoint    ] Safepoint "Cleanup", Time since last: 1000272553 ns, Reaching safepoint: 753069 ns, At safepoint: 45987 ns, Total: 799056 ns
[2020-08-12T20:00:53.161+0000][6][safepoint    ] Safepoint "Cleanup", Time since last: 1000349577 ns, Reaching safepoint: 840418 ns, At safepoint: 64374 ns, Total: 904792 ns
[2020-08-12T20:00:54.164+0000][6][safepoint    ] Safepoint "Cleanup", Time since last: 1002633270 ns, Reaching safepoint: 857880 ns, At safepoint: 67712 ns, Total: 925592 ns
[2020-08-12T20:00:55.133+0000][6][safepoint    ] Safepoint "ICBufferFull", Time since last: 965937938 ns, Reaching safepoint: 2610540 ns, At safepoint: 92225 ns, Total: 2702765 ns
[2020-08-12T20:00:56.276+0000][6][safepoint    ] Safepoint "Cleanup", Time since last: 1142491132 ns, Reaching safepoint: 999542 ns, At safepoint: 44212 ns, Total: 1043754 ns
[2020-08-12T20:00:57.277+0000][6][safepoint    ] Safepoint "Cleanup", Time since last: 1000352715 ns, Reaching safepoint: 695756 ns, At safepoint: 44237 ns, Total: 739993 ns
[2020-08-12T20:00:58.278+0000][6][safepoint    ] Safepoint "Cleanup", Time since last: 1000343403 ns, Reaching safepoint: 645306 ns, At safepoint: 54587 ns, Total: 699893 ns
[2020-08-12T20:00:59.279+0000][6][safepoint    ] Safepoint "Cleanup", Time since last: 1000406690 ns, Reaching safepoint: 452121 ns, At safepoint: 26600 ns, Total: 478721 ns
[2020-08-12T20:01:00.444+0000][6][safepoint    ] Safepoint "Cleanup", Time since last: 1164090745 ns, Reaching safepoint: 917967 ns, At safepoint: 46237 ns, Total: 964204 ns
[2020-08-12T20:01:01.445+0000][6][safepoint    ] Safepoint "Cleanup", Time since last: 1000302278 ns, Reaching safepoint: 358009 ns, At safepoint: 15975 ns, Total: 373984 ns
[2020-08-12T20:01:02.446+0000][6][safepoint    ] Safepoint "Cleanup", Time since last: 1000245466 ns, Reaching safepoint: 661357 ns, At safepoint: 46500 ns, Total: 707857 ns
[2020-08-12T20:01:03.448+0000][6][safepoint    ] Safepoint "Cleanup", Time since last: 1000350364 ns, Reaching safepoint: 1125003 ns, At safepoint: 63637 ns, Total: 1188640 ns
[2020-08-12T20:01:05.166+0000][6][safepoint    ] Safepoint "Cleanup", Time since last: 1713975391 ns, Reaching safepoint: 4207563 ns, At safepoint: 75487 ns, Total: 4283050 ns
[2020-08-12T20:01:06.254+0000][6][safepoint    ] Safepoint "Cleanup", Time since last: 1086654829 ns, Reaching safepoint: 612895 ns, At safepoint: 918967 ns, Total: 1531862 ns
[2020-08-12T20:01:07.255+0000][6][safepoint    ] Safepoint "Cleanup", Time since last: 1000201879 ns, Reaching safepoint: 835755 ns, At safepoint: 44087 ns, Total: 879842 ns
[2020-08-12T20:01:08.256+0000][6][safepoint    ] Safepoint "Cleanup", Time since last: 1000308990 ns, Reaching safepoint: 732132 ns, At safepoint: 34274 ns, Total: 766406 ns
[2020-08-12T20:01:10.161+0000][6][safepoint    ] Safepoint "Cleanup", Time since last: 1904666975 ns, Reaching safepoint: 556620 ns, At safepoint: 20525 ns, Total: 577145 ns
[2020-08-12T20:01:11.163+0000][6][safepoint    ] Safepoint "Cleanup", Time since last: 1000625738 ns, Reaching safepoint: 772105 ns, At safepoint: 43838 ns, Total: 815943 ns
[2020-08-12T20:01:12.164+0000][6][safepoint    ] Safepoint "Cleanup", Time since last: 1000440426 ns, Reaching safepoint: 894105 ns, At safepoint: 45950 ns, Total: 940055 ns
[2020-08-12T20:01:13.165+0000][6][safepoint    ] Safepoint "Cleanup", Time since last: 1000376789 ns, Reaching safepoint: 740481 ns, At safepoint: 57000 ns, Total: 797481 ns
[2020-08-12T20:01:14.167+0000][6][safepoint    ] Safepoint "Cleanup", Time since last: 1000346427 ns, Reaching safepoint: 1239014 ns, At safepoint: 66500 ns, Total: 1305514 ns
[2020-08-12T20:01:16.152+0000][6][safepoint    ] Safepoint "Cleanup", Time since last: 1984049762 ns, Reaching safepoint: 447271 ns, At safepoint: 35524 ns, Total: 482795 ns
[2020-08-12T20:01:17.153+0000][6][safepoint    ] Safepoint "Cleanup", Time since last: 1000401390 ns, Reaching safepoint: 780981 ns, At safepoint: 44024 ns, Total: 825005 ns
[2020-08-12T20:01:18.154+0000][6][safepoint    ] Safepoint "Cleanup", Time since last: 1000393590 ns, Reaching safepoint: 822305 ns, At safepoint: 43662 ns, Total: 865967 ns
[2020-08-12T20:01:19.155+0000][6][safepoint    ] Safepoint "Cleanup", Time since last: 1000346503 ns, Reaching safepoint: 952204 ns, At safepoint: 43812 ns, Total: 996016 ns
[2020-08-12T20:01:19.167+0000][6][safepoint    ] Safepoint "BulkRevokeBias", Time since last: 8013368 ns, Reaching safepoint: 961142 ns, At safepoint: 2847700 ns, Total: 3808842 ns
[2020-08-12T20:01:20.179+0000][6][safepoint    ] Safepoint "Cleanup", Time since last: 1011135447 ns, Reaching safepoint: 842055 ns, At safepoint: 44474 ns, Total: 886529 ns
[2020-08-12T20:01:21.180+0000][6][safepoint    ] Safepoint "Cleanup", Time since last: 1000290578 ns, Reaching safepoint: 337135 ns, At safepoint: 41125 ns, Total: 378260 ns
[2020-08-12T20:01:22.181+0000][6][safepoint    ] Safepoint "Cleanup", Time since last: 1000243203 ns, Reaching safepoint: 832155 ns, At safepoint: 43750 ns, Total: 875905 ns
[2020-08-12T20:01:23.183+0000][6][safepoint    ] Safepoint "Cleanup", Time since last: 1000504638 ns, Reaching safepoint: 1081778 ns, At safepoint: 48075 ns, Total: 1129853 ns
[2020-08-12T20:01:24.928+0000][6][gc,start     ] GC(20) Pause Young (Normal) (G1 Evacuation Pause)
[2020-08-12T20:01:24.928+0000][6][gc,task      ] GC(20) Using 2 workers of 2 for evacuation
[2020-08-12T20:01:24.928+0000][6][gc,age       ] GC(20) Desired survivor size 33554432 bytes, new threshold 15 (max threshold 15)
[2020-08-12T20:01:24.954+0000][6][gc,age       ] GC(20) Age table with threshold 15 (max threshold 15)
[2020-08-12T20:01:24.954+0000][6][gc,age       ] GC(20) - age   1:     311536 bytes,     311536 total
[2020-08-12T20:01:24.954+0000][6][gc,age       ] GC(20) - age   2:     435416 bytes,     746952 total
[2020-08-12T20:01:24.954+0000][6][gc,age       ] GC(20) - age   3:      75632 bytes,     822584 total
[2020-08-12T20:01:24.955+0000][6][gc,phases    ] GC(20)   Pre Evacuate Collection Set: 0.6ms
[2020-08-12T20:01:24.955+0000][6][gc,phases    ] GC(20)   Merge Heap Roots: 0.6ms
[2020-08-12T20:01:24.955+0000][6][gc,phases    ] GC(20)   Evacuate Collection Set: 18.7ms
[2020-08-12T20:01:24.955+0000][6][gc,phases    ] GC(20)   Post Evacuate Collection Set: 5.6ms
[2020-08-12T20:01:24.955+0000][6][gc,phases    ] GC(20)   Other: 1.4ms
[2020-08-12T20:01:24.955+0000][6][gc,heap      ] GC(20) Eden regions: 508->0(613)
[2020-08-12T20:01:24.955+0000][6][gc,heap      ] GC(20) Survivor regions: 1->1(64)
[2020-08-12T20:01:24.955+0000][6][gc,heap      ] GC(20) Old regions: 79->79
[2020-08-12T20:01:24.955+0000][6][gc,heap      ] GC(20) Archive regions: 2->2
[2020-08-12T20:01:24.955+0000][6][gc,heap      ] GC(20) Humongous regions: 7->7
[2020-08-12T20:01:24.956+0000][6][gc,metaspace ] GC(20) Metaspace: 94627K(102348K)->94627K(102348K) NonClass: 82138K(86860K)->82138K(86860K) Class: 12489K(15488K)->12489K(15488K)
[2020-08-12T20:01:24.956+0000][6][gc           ] GC(20) Pause Young (Normal) (G1 Evacuation Pause) 595M->87M(1024M) 28.038ms
[2020-08-12T20:01:24.956+0000][6][gc,cpu       ] GC(20) User=0.05s Sys=0.00s Real=0.03s
[2020-08-12T20:01:24.956+0000][6][safepoint    ] Safepoint "G1CollectForAllocation", Time since last: 1744583288 ns, Reaching safepoint: 550095 ns, At safepoint: 28590840 ns, Total: 29140935 ns
[2020-08-12T20:01:26.238+0000][6][safepoint    ] Safepoint "Cleanup", Time since last: 1280928157 ns, Reaching safepoint: 418871 ns, At safepoint: 52837 ns, Total: 471708 ns
[2020-08-12T20:01:27.239+0000][6][safepoint    ] Safepoint "Cleanup", Time since last: 1000391578 ns, Reaching safepoint: 484770 ns, At safepoint: 54600 ns, Total: 539370 ns
[2020-08-12T20:01:28.240+0000][6][safepoint    ] Safepoint "Cleanup", Time since last: 1000384939 ns, Reaching safepoint: 1090766 ns, At safepoint: 48362 ns, Total: 1139128 ns
[2020-08-12T20:01:29.241+0000][6][safepoint    ] Safepoint "Cleanup", Time since last: 1000276641 ns, Reaching safepoint: 662231 ns, At safepoint: 26413 ns, Total: 688644 ns
[2020-08-12T20:01:30.423+0000][6][safepoint    ] Safepoint "Cleanup", Time since last: 1181219459 ns, Reaching safepoint: 789881 ns, At safepoint: 51374 ns, Total: 841255 ns
[2020-08-12T20:01:31.424+0000][6][safepoint    ] Safepoint "Cleanup", Time since last: 1000300416 ns, Reaching safepoint: 274135 ns, At safepoint: 16525 ns, Total: 290660 ns
[2020-08-12T20:01:32.425+0000][6][safepoint    ] Safepoint "Cleanup", Time since last: 1000296740 ns, Reaching safepoint: 688194 ns, At safepoint: 90899 ns, Total: 779093 ns
[2020-08-12T20:01:33.425+0000][6][safepoint    ] Safepoint "Cleanup", Time since last: 1000305416 ns, Reaching safepoint: 245997 ns, At safepoint: 12375 ns, Total: 258372 ns
[2020-08-12T20:01:34.426+0000][6][safepoint    ] Safepoint "Cleanup", Time since last: 1000191567 ns, Reaching safepoint: 392871 ns, At safepoint: 12338 ns, Total: 405209 ns
[2020-08-12T20:01:36.073+0000][6][safepoint    ] Safepoint "Cleanup", Time since last: 1646631349 ns, Reaching safepoint: 325747 ns, At safepoint: 19125 ns, Total: 344872 ns
[2020-08-12T20:01:37.074+0000][6][safepoint    ] Safepoint "Cleanup", Time since last: 1000259741 ns, Reaching safepoint: 671381 ns, At safepoint: 51850 ns, Total: 723231 ns
[2020-08-12T20:01:38.075+0000][6][safepoint    ] Safepoint "Cleanup", Time since last: 1000378615 ns, Reaching safepoint: 656856 ns, At safepoint: 52775 ns, Total: 709631 ns
[2020-08-12T20:01:39.076+0000][6][safepoint    ] Safepoint "Cleanup", Time since last: 1000359440 ns, Reaching safepoint: 656082 ns, At safepoint: 49962 ns, Total: 706044 ns
[2020-08-12T20:01:39.168+0000][6][safepoint    ] Safepoint "BulkRevokeBias", Time since last: 89039753 ns, Reaching safepoint: 953891 ns, At safepoint: 1751448 ns, Total: 2705339 ns
[2020-08-12T20:01:40.169+0000][6][safepoint    ] Safepoint "Cleanup", Time since last: 1000340902 ns, Reaching safepoint: 729906 ns, At safepoint: 44650 ns, Total: 774556 ns
[2020-08-12T20:01:41.768+0000][6][safepoint    ] Safepoint "Cleanup", Time since last: 1597801110 ns, Reaching safepoint: 710157 ns, At safepoint: 51662 ns, Total: 761819 ns
[2020-08-12T20:01:42.768+0000][6][safepoint    ] Safepoint "Cleanup", Time since last: 1000325427 ns, Reaching safepoint: 509546 ns, At safepoint: 53012 ns, Total: 562558 ns
[2020-08-12T20:01:43.770+0000][6][safepoint    ] Safepoint "Cleanup", Time since last: 1000340890 ns, Reaching safepoint: 812755 ns, At safepoint: 43062 ns, Total: 855817 ns
[2020-08-12T20:01:45.054+0000][6][safepoint    ] Safepoint "Cleanup", Time since last: 1283153739 ns, Reaching safepoint: 713843 ns, At safepoint: 64887 ns, Total: 778730 ns
[2020-08-12T20:01:46.180+0000][6][safepoint    ] Safepoint "Cleanup", Time since last: 1125961464 ns, Reaching safepoint: 571182 ns, At safepoint: 43563 ns, Total: 614745 ns
[2020-08-12T20:01:47.181+0000][6][safepoint    ] Safepoint "Cleanup", Time since last: 1000342840 ns, Reaching safepoint: 671869 ns, At safepoint: 51049 ns, Total: 722918 ns
[2020-08-12T20:01:48.185+0000][6][safepoint    ] Safepoint "Cleanup", Time since last: 1002706757 ns, Reaching safepoint: 710907 ns, At safepoint: 31537 ns, Total: 742444 ns
[2020-08-12T20:01:50.169+0000][6][safepoint    ] Safepoint "Cleanup", Time since last: 1984003262 ns, Reaching safepoint: 644419 ns, At safepoint: 44112 ns, Total: 688531 ns
[2020-08-12T20:01:51.170+0000][6][safepoint    ] Safepoint "Cleanup", Time since last: 1000383777 ns, Reaching safepoint: 479584 ns, At safepoint: 43212 ns, Total: 522796 ns
[2020-08-12T20:01:52.171+0000][6][safepoint    ] Safepoint "Cleanup", Time since last: 1000345402 ns, Reaching safepoint: 679994 ns, At safepoint: 45413 ns, Total: 725407 ns
[2020-08-12T20:01:53.173+0000][6][safepoint    ] Safepoint "Cleanup", Time since last: 1000353539 ns, Reaching safepoint: 857731 ns, At safepoint: 43574 ns, Total: 901305 ns
[2020-08-12T20:01:54.194+0000][6][safepoint    ] Safepoint "Cleanup", Time since last: 1000349515 ns, Reaching safepoint: 20815557 ns, At safepoint: 127824 ns, Total: 20943381 ns
[2020-08-12T20:01:55.195+0000][6][safepoint    ] Safepoint "Cleanup", Time since last: 1000492514 ns, Reaching safepoint: 1003129 ns, At safepoint: 47799 ns, Total: 1050928 ns
[2020-08-12T20:01:56.219+0000][6][safepoint    ] Safepoint "Cleanup", Time since last: 1023212967 ns, Reaching safepoint: 567058 ns, At safepoint: 26774 ns, Total: 593832 ns
[2020-08-12T20:01:57.220+0000][6][safepoint    ] Safepoint "Cleanup", Time since last: 1000266366 ns, Reaching safepoint: 651332 ns, At safepoint: 44287 ns, Total: 695619 ns
[2020-08-12T20:01:58.222+0000][6][safepoint    ] Safepoint "Cleanup", Time since last: 1000333202 ns, Reaching safepoint: 926105 ns, At safepoint: 52199 ns, Total: 978304 ns
[2020-08-12T20:01:59.222+0000][6][safepoint    ] Safepoint "Cleanup", Time since last: 1000288916 ns, Reaching safepoint: 502195 ns, At safepoint: 28838 ns, Total: 531033 ns
[2020-08-12T20:02:00.429+0000][6][safepoint    ] Safepoint "Cleanup", Time since last: 1205727309 ns, Reaching safepoint: 914230 ns, At safepoint: 45037 ns, Total: 959267 ns
[2020-08-12T20:02:01.430+0000][6][safepoint    ] Safepoint "Cleanup", Time since last: 1000321540 ns, Reaching safepoint: 810368 ns, At safepoint: 64087 ns, Total: 874455 ns
[2020-08-12T20:02:02.431+0000][6][safepoint    ] Safepoint "Cleanup", Time since last: 1000300940 ns, Reaching safepoint: 436634 ns, At safepoint: 22437 ns, Total: 459071 ns
[2020-08-12T20:02:03.432+0000][6][safepoint    ] Safepoint "Cleanup", Time since last: 1000266553 ns, Reaching safepoint: 681207 ns, At safepoint: 65562 ns, Total: 746769 ns
[2020-08-12T20:02:05.116+0000][6][safepoint    ] Safepoint "Cleanup", Time since last: 1683694553 ns, Reaching safepoint: 392972 ns, At safepoint: 15837 ns, Total: 408809 ns
[2020-08-12T20:02:06.117+0000][6][safepoint    ] Safepoint "Cleanup", Time since last: 1000383652 ns, Reaching safepoint: 529470 ns, At safepoint: 43800 ns, Total: 573270 ns
[2020-08-12T20:02:07.118+0000][6][safepoint    ] Safepoint "Cleanup", Time since last: 1000342603 ns, Reaching safepoint: 581632 ns, At safepoint: 43675 ns, Total: 625307 ns
[2020-08-12T20:02:08.119+0000][6][safepoint    ] Safepoint "Cleanup", Time since last: 1000377227 ns, Reaching safepoint: 650582 ns, At safepoint: 49287 ns, Total: 699869 ns
[2020-08-12T20:02:09.120+0000][6][safepoint    ] Safepoint "Cleanup", Time since last: 1000339640 ns, Reaching safepoint: 683719 ns, At safepoint: 45774 ns, Total: 729493 ns
[2020-08-12T20:02:10.169+0000][6][safepoint    ] Safepoint "Cleanup", Time since last: 1048165051 ns, Reaching safepoint: 684381 ns, At safepoint: 45088 ns, Total: 729469 ns
[2020-08-12T20:02:12.081+0000][6][safepoint    ] Safepoint "Cleanup", Time since last: 1911310442 ns, Reaching safepoint: 651182 ns, At safepoint: 43887 ns, Total: 695069 ns
[2020-08-12T20:02:13.082+0000][6][safepoint    ] Safepoint "Cleanup", Time since last: 1000348552 ns, Reaching safepoint: 641082 ns, At safepoint: 43675 ns, Total: 684757 ns
[2020-08-12T20:02:14.083+0000][6][safepoint    ] Safepoint "Cleanup", Time since last: 1000312003 ns, Reaching safepoint: 534895 ns, At safepoint: 52412 ns, Total: 587307 ns
[2020-08-12T20:02:15.084+0000][6][safepoint    ] Safepoint "Cleanup", Time since last: 1000298203 ns, Reaching safepoint: 691269 ns, At safepoint: 38587 ns, Total: 729856 ns
[2020-08-12T20:02:15.174+0000][6][safepoint    ] Safepoint "BulkRevokeBias", Time since last: 88267585 ns, Reaching safepoint: 469671 ns, At safepoint: 1159415 ns, Total: 1629086 ns
[2020-08-12T20:02:16.175+0000][6][safepoint    ] Safepoint "Cleanup", Time since last: 1000298627 ns, Reaching safepoint: 516771 ns, At safepoint: 24612 ns, Total: 541383 ns
[2020-08-12T20:02:17.176+0000][6][safepoint    ] Safepoint "Cleanup", Time since last: 1000281991 ns, Reaching safepoint: 822218 ns, At safepoint: 47712 ns, Total: 869930 ns
[2020-08-12T20:02:18.177+0000][6][safepoint    ] Safepoint "Cleanup", Time since last: 1000328015 ns, Reaching safepoint: 498983 ns, At safepoint: 33162 ns, Total: 532145 ns
[2020-08-12T20:02:20.169+0000][6][safepoint    ] Safepoint "Cleanup", Time since last: 1991918956 ns, Reaching safepoint: 611520 ns, At safepoint: 44150 ns, Total: 655670 ns
[2020-08-12T20:02:21.170+0000][6][safepoint    ] Safepoint "Cleanup", Time since last: 1000533725 ns, Reaching safepoint: 300423 ns, At safepoint: 12137 ns, Total: 312560 ns
[2020-08-12T20:02:22.171+0000][6][safepoint    ] Safepoint "Cleanup", Time since last: 1000229729 ns, Reaching safepoint: 639432 ns, At safepoint: 52024 ns, Total: 691456 ns
[2020-08-12T20:02:23.172+0000][6][safepoint    ] Safepoint "Cleanup", Time since last: 1000362765 ns, Reaching safepoint: 576157 ns, At safepoint: 45700 ns, Total: 621857 ns
[2020-08-12T20:02:25.171+0000][6][safepoint    ] Safepoint "Cleanup", Time since last: 1997982553 ns, Reaching safepoint: 889843 ns, At safepoint: 28049 ns, Total: 917892 ns
[2020-08-12T20:02:26.207+0000][6][safepoint    ] Safepoint "Cleanup", Time since last: 1034910628 ns, Reaching safepoint: 808956 ns, At safepoint: 43349 ns, Total: 852305 ns
[2020-08-12T20:02:27.208+0000][6][safepoint    ] Safepoint "Cleanup", Time since last: 1000399328 ns, Reaching safepoint: 835655 ns, At safepoint: 43562 ns, Total: 879217 ns
[2020-08-12T20:02:28.209+0000][6][safepoint    ] Safepoint "Cleanup", Time since last: 1000356964 ns, Reaching safepoint: 825206 ns, At safepoint: 66862 ns, Total: 892068 ns
[2020-08-12T20:02:29.210+0000][6][safepoint    ] Safepoint "Cleanup", Time since last: 1000350627 ns, Reaching safepoint: 544933 ns, At safepoint: 37812 ns, Total: 582745 ns
[2020-08-12T20:02:30.436+0000][6][safepoint    ] Safepoint "Cleanup", Time since last: 1224771682 ns, Reaching safepoint: 934579 ns, At safepoint: 43675 ns, Total: 978254 ns
[2020-08-12T20:02:31.437+0000][6][safepoint    ] Safepoint "Cleanup", Time since last: 1000351627 ns, Reaching safepoint: 558233 ns, At safepoint: 19525 ns, Total: 577758 ns
[2020-08-12T20:02:32.438+0000][6][safepoint    ] Safepoint "Cleanup", Time since last: 1000235966 ns, Reaching safepoint: 607207 ns, At safepoint: 44200 ns, Total: 651407 ns
[2020-08-12T20:02:33.439+0000][6][safepoint    ] Safepoint "Cleanup", Time since last: 1000405952 ns, Reaching safepoint: 1142565 ns, At safepoint: 55737 ns, Total: 1198302 ns
[2020-08-12T20:02:34.441+0000][6][safepoint    ] Safepoint "Cleanup", Time since last: 1000331602 ns, Reaching safepoint: 721269 ns, At safepoint: 38275 ns, Total: 759544 ns
[2020-08-12T20:02:36.307+0000][6][safepoint    ] Safepoint "Cleanup", Time since last: 1865748874 ns, Reaching safepoint: 1004917 ns, At safepoint: 43362 ns, Total: 1048279 ns
[2020-08-12T20:02:37.309+0000][6][safepoint    ] Safepoint "Cleanup", Time since last: 1000339565 ns, Reaching safepoint: 928567 ns, At safepoint: 47249 ns, Total: 975816 ns
[2020-08-12T20:02:38.311+0000][6][safepoint    ] Safepoint "Cleanup", Time since last: 1000322891 ns, Reaching safepoint: 1712085 ns, At safepoint: 36112 ns, Total: 1748197 ns
[2020-08-12T20:02:40.174+0000][6][safepoint    ] Safepoint "Cleanup", Time since last: 1862355717 ns, Reaching safepoint: 775605 ns, At safepoint: 96312 ns, Total: 871917 ns
[2020-08-12T20:02:41.176+0000][6][safepoint    ] Safepoint "Cleanup", Time since last: 1000344103 ns, Reaching safepoint: 1251014 ns, At safepoint: 41162 ns, Total: 1292176 ns
[2020-08-12T20:02:42.177+0000][6][safepoint    ] Safepoint "Cleanup", Time since last: 1000339490 ns, Reaching safepoint: 801455 ns, At safepoint: 43300 ns, Total: 844755 ns
[2020-08-12T20:02:43.178+0000][6][safepoint    ] Safepoint "Cleanup", Time since last: 1000426102 ns, Reaching safepoint: 835030 ns, At safepoint: 43512 ns, Total: 878542 ns
[2020-08-12T20:02:45.174+0000][6][safepoint    ] Safepoint "Cleanup", Time since last: 1994988267 ns, Reaching safepoint: 1229152 ns, At safepoint: 71537 ns, Total: 1300689 ns
[2020-08-12T20:02:46.241+0000][6][safepoint    ] Safepoint "Cleanup", Time since last: 1066040970 ns, Reaching safepoint: 833968 ns, At safepoint: 18675 ns, Total: 852643 ns
[2020-08-12T20:02:47.242+0000][6][safepoint    ] Safepoint "Cleanup", Time since last: 1000211491 ns, Reaching safepoint: 888442 ns, At safepoint: 29787 ns, Total: 918229 ns
[2020-08-12T20:02:48.244+0000][6][safepoint    ] Safepoint "Cleanup", Time since last: 1000203979 ns, Reaching safepoint: 856768 ns, At safepoint: 95124 ns, Total: 951892 ns
[2020-08-12T20:02:50.172+0000][6][safepoint    ] Safepoint "Cleanup", Time since last: 1927779874 ns, Reaching safepoint: 643857 ns, At safepoint: 45012 ns, Total: 688869 ns
[2020-08-12T20:02:51.173+0000][6][safepoint    ] Safepoint "Cleanup", Time since last: 1000290266 ns, Reaching safepoint: 303285 ns, At safepoint: 18174 ns, Total: 321459 ns
[2020-08-12T20:02:52.174+0000][6][safepoint    ] Safepoint "Cleanup", Time since last: 1000304966 ns, Reaching safepoint: 653557 ns, At safepoint: 43524 ns, Total: 697081 ns
[2020-08-12T20:02:53.176+0000][6][safepoint    ] Safepoint "Cleanup", Time since last: 1001343132 ns, Reaching safepoint: 604307 ns, At safepoint: 52387 ns, Total: 656694 ns
[2020-08-12T20:02:54.177+0000][6][safepoint    ] Safepoint "Cleanup", Time since last: 1000464539 ns, Reaching safepoint: 649969 ns, At safepoint: 34250 ns, Total: 684219 ns
[2020-08-12T20:02:55.178+0000][6][safepoint    ] Safepoint "Cleanup", Time since last: 1000392077 ns, Reaching safepoint: 994179 ns, At safepoint: 50574 ns, Total: 1044753 ns
[2020-08-12T20:02:56.325+0000][6][safepoint    ] Safepoint "Cleanup", Time since last: 1145963953 ns, Reaching safepoint: 939367 ns, At safepoint: 44062 ns, Total: 983429 ns
[2020-08-12T20:02:57.326+0000][6][safepoint    ] Safepoint "Cleanup", Time since last: 1000352390 ns, Reaching safepoint: 694306 ns, At safepoint: 52112 ns, Total: 746418 ns
[2020-08-12T20:02:58.328+0000][6][safepoint    ] Safepoint "Cleanup", Time since last: 1000309890 ns, Reaching safepoint: 917493 ns, At safepoint: 32887 ns, Total: 950380 ns
[2020-08-12T20:02:59.328+0000][6][safepoint    ] Safepoint "Cleanup", Time since last: 1000220116 ns, Reaching safepoint: 561157 ns, At safepoint: 20313 ns, Total: 581470 ns
[2020-08-12T20:03:00.434+0000][6][safepoint    ] Safepoint "Cleanup", Time since last: 1104604861 ns, Reaching safepoint: 1001529 ns, At safepoint: 49887 ns, Total: 1051416 ns
[2020-08-12T20:03:01.435+0000][6][safepoint    ] Safepoint "Cleanup", Time since last: 1000328052 ns, Reaching safepoint: 329097 ns, At safepoint: 15013 ns, Total: 344110 ns
[2020-08-12T20:03:02.435+0000][6][safepoint    ] Safepoint "Cleanup", Time since last: 1000178241 ns, Reaching safepoint: 389972 ns, At safepoint: 13300 ns, Total: 403272 ns
[2020-08-12T20:03:03.436+0000][6][safepoint    ] Safepoint "Cleanup", Time since last: 1000210703 ns, Reaching safepoint: 730594 ns, At safepoint: 50037 ns, Total: 780631 ns
[2020-08-12T20:03:05.179+0000][6][safepoint    ] Safepoint "Cleanup", Time since last: 1742490806 ns, Reaching safepoint: 335410 ns, At safepoint: 15162 ns, Total: 350572 ns
[2020-08-12T20:03:06.180+0000][6][safepoint    ] Safepoint "Cleanup", Time since last: 1000268241 ns, Reaching safepoint: 342822 ns, At safepoint: 17299 ns, Total: 360121 ns
[2020-08-12T20:03:07.181+0000][6][safepoint    ] Safepoint "Cleanup", Time since last: 1000282904 ns, Reaching safepoint: 811242 ns, At safepoint: 43813 ns, Total: 855055 ns
[2020-08-12T20:03:08.182+0000][6][safepoint    ] Safepoint "Cleanup", Time since last: 1000397689 ns, Reaching safepoint: 848680 ns, At safepoint: 63287 ns, Total: 911967 ns
[2020-08-12T20:03:09.183+0000][6][safepoint    ] Safepoint "Cleanup", Time since last: 1000267666 ns, Reaching safepoint: 551308 ns, At safepoint: 31849 ns, Total: 583157 ns
[2020-08-12T20:03:10.185+0000][6][safepoint    ] Safepoint "Cleanup", Time since last: 1001341482 ns, Reaching safepoint: 686231 ns, At safepoint: 51837 ns, Total: 738068 ns
[2020-08-12T20:03:11.186+0000][6][safepoint    ] Safepoint "Cleanup", Time since last: 1000344740 ns, Reaching safepoint: 737069 ns, At safepoint: 56037 ns, Total: 793106 ns
[2020-08-12T20:03:12.969+0000][6][safepoint    ] Safepoint "Cleanup", Time since last: 1782064675 ns, Reaching safepoint: 718756 ns, At safepoint: 43712 ns, Total: 762468 ns
[2020-08-12T20:03:13.970+0000][6][safepoint    ] Safepoint "Cleanup", Time since last: 1000328953 ns, Reaching safepoint: 634445 ns, At safepoint: 50724 ns, Total: 685169 ns
[2020-08-12T20:03:14.971+0000][6][safepoint    ] Safepoint "Cleanup", Time since last: 1000325778 ns, Reaching safepoint: 697631 ns, At safepoint: 42862 ns, Total: 740493 ns
[2020-08-12T20:03:16.274+0000][6][safepoint    ] Safepoint "Cleanup", Time since last: 1302714144 ns, Reaching safepoint: 589020 ns, At safepoint: 44737 ns, Total: 633757 ns
[2020-08-12T20:03:17.276+0000][6][safepoint    ] Safepoint "Cleanup", Time since last: 1000346152 ns, Reaching safepoint: 707769 ns, At safepoint: 43612 ns, Total: 751381 ns
[2020-08-12T20:03:18.277+0000][6][safepoint    ] Safepoint "Cleanup", Time since last: 1000357340 ns, Reaching safepoint: 1059703 ns, At safepoint: 55362 ns, Total: 1115065 ns
[2020-08-12T20:03:20.185+0000][6][safepoint    ] Safepoint "Cleanup", Time since last: 1907235603 ns, Reaching safepoint: 669807 ns, At safepoint: 46150 ns, Total: 715957 ns
[2020-08-12T20:03:21.186+0000][6][safepoint    ] Safepoint "Cleanup", Time since last: 1000369264 ns, Reaching safepoint: 426709 ns, At safepoint: 44062 ns, Total: 470771 ns
[2020-08-12T20:03:22.187+0000][6][safepoint    ] Safepoint "Cleanup", Time since last: 1000457127 ns, Reaching safepoint: 581332 ns, At safepoint: 118399 ns, Total: 699731 ns
[2020-08-12T20:03:23.188+0000][6][safepoint    ] Safepoint "Cleanup", Time since last: 1000360452 ns, Reaching safepoint: 652195 ns, At safepoint: 46324 ns, Total: 698519 ns
[2020-08-12T20:03:25.174+0000][6][safepoint    ] Safepoint "Cleanup", Time since last: 1985965120 ns, Reaching safepoint: 396397 ns, At safepoint: 38262 ns, Total: 434659 ns
[2020-08-12T20:03:26.176+0000][6][safepoint    ] Safepoint "Cleanup", Time since last: 1000518514 ns, Reaching safepoint: 720581 ns, At safepoint: 45387 ns, Total: 765968 ns
[2020-08-12T20:03:27.177+0000][6][safepoint    ] Safepoint "Cleanup", Time since last: 1000386989 ns, Reaching safepoint: 1020692 ns, At safepoint: 46462 ns, Total: 1067154 ns
[2020-08-12T20:03:28.178+0000][6][safepoint    ] Safepoint "Cleanup", Time since last: 1000386252 ns, Reaching safepoint: 836405 ns, At safepoint: 45387 ns, Total: 881792 ns
[2020-08-12T20:03:29.184+0000][6][safepoint    ] Safepoint "Cleanup", Time since last: 1000347165 ns, Reaching safepoint: 4751559 ns, At safepoint: 45424 ns, Total: 4796983 ns
[2020-08-12T20:03:30.458+0000][6][safepoint    ] Safepoint "Cleanup", Time since last: 1273558559 ns, Reaching safepoint: 970017 ns, At safepoint: 46850 ns, Total: 1016867 ns
[2020-08-12T20:03:31.459+0000][6][safepoint    ] Safepoint "Cleanup", Time since last: 1000294015 ns, Reaching safepoint: 382922 ns, At safepoint: 17949 ns, Total: 400871 ns
[2020-08-12T20:03:32.460+0000][6][safepoint    ] Safepoint "Cleanup", Time since last: 1000264429 ns, Reaching safepoint: 643869 ns, At safepoint: 52225 ns, Total: 696094 ns
[2020-08-12T20:03:33.462+0000][6][safepoint    ] Safepoint "Cleanup", Time since last: 1000385814 ns, Reaching safepoint: 1455775 ns, At safepoint: 30700 ns, Total: 1486475 ns
[2020-08-12T20:03:34.462+0000][6][safepoint    ] Safepoint "Cleanup", Time since last: 1000206328 ns, Reaching safepoint: 275323 ns, At safepoint: 43987 ns, Total: 319310 ns
[2020-08-12T20:03:36.022+0000][6][safepoint    ] Safepoint "Cleanup", Time since last: 1559242832 ns, Reaching safepoint: 421622 ns, At safepoint: 17324 ns, Total: 438946 ns
[2020-08-12T20:03:37.023+0000][6][safepoint    ] Safepoint "Cleanup", Time since last: 1000219229 ns, Reaching safepoint: 391572 ns, At safepoint: 30987 ns, Total: 422559 ns
[2020-08-12T20:03:38.024+0000][6][safepoint    ] Safepoint "Cleanup", Time since last: 1000297828 ns, Reaching safepoint: 870242 ns, At safepoint: 43237 ns, Total: 913479 ns
[2020-08-12T20:03:39.025+0000][6][safepoint    ] Safepoint "Cleanup", Time since last: 1000439327 ns, Reaching safepoint: 1000679 ns, At safepoint: 56512 ns, Total: 1057191 ns
[2020-08-12T20:03:40.195+0000][6][safepoint    ] Safepoint "Cleanup", Time since last: 1169095339 ns, Reaching safepoint: 679544 ns, At safepoint: 44050 ns, Total: 723594 ns
[2020-08-12T20:03:41.196+0000][6][safepoint    ] Safepoint "Cleanup", Time since last: 1000292090 ns, Reaching safepoint: 368835 ns, At safepoint: 18125 ns, Total: 386960 ns
[2020-08-12T20:03:42.197+0000][6][safepoint    ] Safepoint "Cleanup", Time since last: 1000289065 ns, Reaching safepoint: 486446 ns, At safepoint: 46199 ns, Total: 532645 ns
[2020-08-12T20:03:43.198+0000][6][safepoint    ] Safepoint "Cleanup", Time since last: 1000387390 ns, Reaching safepoint: 1082616 ns, At safepoint: 44812 ns, Total: 1127428 ns
[2020-08-12T20:03:44.194+0000][6][safepoint    ] Safepoint "BulkRevokeBias", Time since last: 991529354 ns, Reaching safepoint: 804343 ns, At safepoint: 3116123 ns, Total: 3920466 ns
[2020-08-12T20:03:45.196+0000][6][safepoint    ] Safepoint "Cleanup", Time since last: 1001511967 ns, Reaching safepoint: 744156 ns, At safepoint: 284885 ns, Total: 1029041 ns
[2020-08-12T20:03:46.225+0000][6][safepoint    ] Safepoint "Cleanup", Time since last: 1028231336 ns, Reaching safepoint: 1052028 ns, At safepoint: 67049 ns, Total: 1119077 ns
[2020-08-12T20:03:47.227+0000][6][safepoint    ] Safepoint "Cleanup", Time since last: 1000502552 ns, Reaching safepoint: 811505 ns, At safepoint: 43600 ns, Total: 855105 ns
[2020-08-12T20:03:48.228+0000][6][safepoint    ] Safepoint "Cleanup", Time since last: 1000391952 ns, Reaching safepoint: 845305 ns, At safepoint: 99974 ns, Total: 945279 ns
[2020-08-12T20:03:49.193+0000][6][safepoint    ] Safepoint "BulkRevokeBias", Time since last: 962141596 ns, Reaching safepoint: 807806 ns, At safepoint: 1573736 ns, Total: 2381542 ns
[2020-08-12T20:03:50.195+0000][6][safepoint    ] Safepoint "Cleanup", Time since last: 1001213545 ns, Reaching safepoint: 737444 ns, At safepoint: 44249 ns, Total: 781693 ns
[2020-08-12T20:03:51.196+0000][6][safepoint    ] Safepoint "Cleanup", Time since last: 1000335665 ns, Reaching safepoint: 506346 ns, At safepoint: 44150 ns, Total: 550496 ns
[2020-08-12T20:03:52.197+0000][6][safepoint    ] Safepoint "Cleanup", Time since last: 1000410889 ns, Reaching safepoint: 763581 ns, At safepoint: 52424 ns, Total: 816005 ns
[2020-08-12T20:03:53.198+0000][6][safepoint    ] Safepoint "Cleanup", Time since last: 1000480727 ns, Reaching safepoint: 575720 ns, At safepoint: 43224 ns, Total: 618944 ns
[2020-08-12T20:03:54.199+0000][6][safepoint    ] Safepoint "Cleanup", Time since last: 1000446989 ns, Reaching safepoint: 882468 ns, At safepoint: 45549 ns, Total: 928017 ns
[2020-08-12T20:03:56.199+0000][6][safepoint    ] Safepoint "Cleanup", Time since last: 1999410754 ns, Reaching safepoint: 589795 ns, At safepoint: 54012 ns, Total: 643807 ns
[2020-08-12T20:03:57.200+0000][6][safepoint    ] Safepoint "Cleanup", Time since last: 1000294540 ns, Reaching safepoint: 668207 ns, At safepoint: 43937 ns, Total: 712144 ns
[2020-08-12T20:03:58.201+0000][6][safepoint    ] Safepoint "Cleanup", Time since last: 1000356077 ns, Reaching safepoint: 644757 ns, At safepoint: 52962 ns, Total: 697719 ns
[2020-08-12T20:03:59.202+0000][6][safepoint    ] Safepoint "Cleanup", Time since last: 1000303753 ns, Reaching safepoint: 797356 ns, At safepoint: 32199 ns, Total: 829555 ns
[2020-08-12T20:04:00.494+0000][6][safepoint    ] Safepoint "Cleanup", Time since last: 1290240702 ns, Reaching safepoint: 892518 ns, At safepoint: 43437 ns, Total: 935955 ns
[2020-08-12T20:04:02.214+0000][6][safepoint    ] Safepoint "Cleanup", Time since last: 1719534217 ns, Reaching safepoint: 664607 ns, At safepoint: 74149 ns, Total: 738756 ns
[2020-08-12T20:04:03.215+0000][6][safepoint    ] Safepoint "Cleanup", Time since last: 1000309790 ns, Reaching safepoint: 737956 ns, At safepoint: 44787 ns, Total: 782743 ns
[2020-08-12T20:04:05.192+0000][6][safepoint    ] Safepoint "Cleanup", Time since last: 1976462440 ns, Reaching safepoint: 613270 ns, At safepoint: 28187 ns, Total: 641457 ns
[2020-08-12T20:04:06.272+0000][6][safepoint    ] Safepoint "Cleanup", Time since last: 1079500167 ns, Reaching safepoint: 668581 ns, At safepoint: 43887 ns, Total: 712468 ns
[2020-08-12T20:04:07.273+0000][6][safepoint    ] Safepoint "Cleanup", Time since last: 1000332178 ns, Reaching safepoint: 652507 ns, At safepoint: 52637 ns, Total: 705144 ns
[2020-08-12T20:04:08.274+0000][6][safepoint    ] Safepoint "Cleanup", Time since last: 1000340752 ns, Reaching safepoint: 734794 ns, At safepoint: 54949 ns, Total: 789743 ns
[2020-08-12T20:04:10.190+0000][6][safepoint    ] Safepoint "Cleanup", Time since last: 1914865274 ns, Reaching safepoint: 642582 ns, At safepoint: 53062 ns, Total: 695644 ns
[2020-08-12T20:04:11.191+0000][6][safepoint    ] Safepoint "Cleanup", Time since last: 1000310203 ns, Reaching safepoint: 726669 ns, At safepoint: 38062 ns, Total: 764731 ns
[2020-08-12T20:04:12.192+0000][6][safepoint    ] Safepoint "Cleanup", Time since last: 1000265566 ns, Reaching safepoint: 770293 ns, At safepoint: 31512 ns, Total: 801805 ns
[2020-08-12T20:04:13.193+0000][6][safepoint    ] Safepoint "Cleanup", Time since last: 1000271991 ns, Reaching safepoint: 955716 ns, At safepoint: 65200 ns, Total: 1020916 ns
[2020-08-12T20:04:14.195+0000][6][safepoint    ] Safepoint "Cleanup", Time since last: 1000363827 ns, Reaching safepoint: 1216265 ns, At safepoint: 68912 ns, Total: 1285177 ns
[2020-08-12T20:04:16.168+0000][6][safepoint    ] Safepoint "Cleanup", Time since last: 1972888396 ns, Reaching safepoint: 402071 ns, At safepoint: 44500 ns, Total: 446571 ns
[2020-08-12T20:04:17.170+0000][6][safepoint    ] Safepoint "Cleanup", Time since last: 1000336627 ns, Reaching safepoint: 800493 ns, At safepoint: 63675 ns, Total: 864168 ns
[2020-08-12T20:04:18.171+0000][6][safepoint    ] Safepoint "Cleanup", Time since last: 1000404014 ns, Reaching safepoint: 505983 ns, At safepoint: 35637 ns, Total: 541620 ns
[2020-08-12T20:04:19.171+0000][6][safepoint    ] Safepoint "Cleanup", Time since last: 1000329253 ns, Reaching safepoint: 463421 ns, At safepoint: 30112 ns, Total: 493533 ns
[2020-08-12T20:04:20.192+0000][6][safepoint    ] Safepoint "Cleanup", Time since last: 1020003620 ns, Reaching safepoint: 536458 ns, At safepoint: 27062 ns, Total: 563520 ns
[2020-08-12T20:04:21.193+0000][6][safepoint    ] Safepoint "Cleanup", Time since last: 1000232216 ns, Reaching safepoint: 353147 ns, At safepoint: 19487 ns, Total: 372634 ns
[2020-08-12T20:04:22.194+0000][6][safepoint    ] Safepoint "Cleanup", Time since last: 1000298553 ns, Reaching safepoint: 1146028 ns, At safepoint: 64136 ns, Total: 1210164 ns
[2020-08-12T20:04:23.195+0000][6][safepoint    ] Safepoint "Cleanup", Time since last: 1000341378 ns, Reaching safepoint: 760481 ns, At safepoint: 43875 ns, Total: 804356 ns
[2020-08-12T20:04:25.194+0000][6][safepoint    ] Safepoint "Cleanup", Time since last: 1997992865 ns, Reaching safepoint: 1097803 ns, At safepoint: 52725 ns, Total: 1150528 ns
[2020-08-12T20:04:26.287+0000][6][safepoint    ] Safepoint "Cleanup", Time since last: 1092478166 ns, Reaching safepoint: 323135 ns, At safepoint: 15012 ns, Total: 338147 ns
[2020-08-12T20:04:27.288+0000][6][safepoint    ] Safepoint "Cleanup", Time since last: 1000199266 ns, Reaching safepoint: 566645 ns, At safepoint: 29913 ns, Total: 596558 ns
[2020-08-12T20:04:28.290+0000][6][safepoint    ] Safepoint "Cleanup", Time since last: 1000272415 ns, Reaching safepoint: 1258464 ns, At safepoint: 49387 ns, Total: 1307851 ns
[2020-08-12T20:04:29.290+0000][6][safepoint    ] Safepoint "Cleanup", Time since last: 1000308003 ns, Reaching safepoint: 479833 ns, At safepoint: 23725 ns, Total: 503558 ns
[2020-08-12T20:04:30.429+0000][6][safepoint    ] Safepoint "Cleanup", Time since last: 1137827648 ns, Reaching safepoint: 872505 ns, At safepoint: 43050 ns, Total: 915555 ns
[2020-08-12T20:04:31.430+0000][6][safepoint    ] Safepoint "Cleanup", Time since last: 1000344065 ns, Reaching safepoint: 891042 ns, At safepoint: 43337 ns, Total: 934379 ns
[2020-08-12T20:04:32.431+0000][6][safepoint    ] Safepoint "Cleanup", Time since last: 1000309778 ns, Reaching safepoint: 544695 ns, At safepoint: 34600 ns, Total: 579295 ns
[2020-08-12T20:04:33.432+0000][6][safepoint    ] Safepoint "Cleanup", Time since last: 1000300890 ns, Reaching safepoint: 707457 ns, At safepoint: 54149 ns, Total: 761606 ns
[2020-08-12T20:04:34.433+0000][6][safepoint    ] Safepoint "Cleanup", Time since last: 1000333215 ns, Reaching safepoint: 479859 ns, At safepoint: 38049 ns, Total: 517908 ns
[2020-08-12T20:04:36.272+0000][6][safepoint    ] Safepoint "Cleanup", Time since last: 1838517536 ns, Reaching safepoint: 392959 ns, At safepoint: 19338 ns, Total: 412297 ns
[2020-08-12T20:04:37.273+0000][6][safepoint    ] Safepoint "Cleanup", Time since last: 1000241603 ns, Reaching safepoint: 651594 ns, At safepoint: 54312 ns, Total: 705906 ns
[2020-08-12T20:04:38.274+0000][6][safepoint    ] Safepoint "Cleanup", Time since last: 1000363478 ns, Reaching safepoint: 687269 ns, At safepoint: 51349 ns, Total: 738618 ns
[2020-08-12T20:04:40.194+0000][6][safepoint    ] Safepoint "Cleanup", Time since last: 1919045575 ns, Reaching safepoint: 836668 ns, At safepoint: 45737 ns, Total: 882405 ns
[2020-08-12T20:04:41.195+0000][6][safepoint    ] Safepoint "Cleanup", Time since last: 1000286378 ns, Reaching safepoint: 281486 ns, At safepoint: 11749 ns, Total: 293235 ns
[2020-08-12T20:04:42.196+0000][6][safepoint    ] Safepoint "Cleanup", Time since last: 1000254353 ns, Reaching safepoint: 581233 ns, At safepoint: 51224 ns, Total: 632457 ns
[2020-08-12T20:04:43.197+0000][6][safepoint    ] Safepoint "Cleanup", Time since last: 1000352716 ns, Reaching safepoint: 808168 ns, At safepoint: 43524 ns, Total: 851692 ns
[2020-08-12T20:04:45.183+0000][6][safepoint    ] Safepoint "Cleanup", Time since last: 1983610403 ns, Reaching safepoint: 2505616 ns, At safepoint: 20887 ns, Total: 2526503 ns
[2020-08-12T20:04:46.184+0000][6][safepoint    ] Safepoint "Cleanup", Time since last: 1000268391 ns, Reaching safepoint: 588095 ns, At safepoint: 22912 ns, Total: 611007 ns
[2020-08-12T20:04:47.185+0000][6][safepoint    ] Safepoint "Cleanup", Time since last: 1000314003 ns, Reaching safepoint: 935954 ns, At safepoint: 43300 ns, Total: 979254 ns
[2020-08-12T20:04:48.186+0000][6][safepoint    ] Safepoint "Cleanup", Time since last: 1000335252 ns, Reaching safepoint: 670969 ns, At safepoint: 33888 ns, Total: 704857 ns
[2020-08-12T20:04:49.187+0000][6][safepoint    ] Safepoint "Cleanup", Time since last: 1000303702 ns, Reaching safepoint: 612408 ns, At safepoint: 54012 ns, Total: 666420 ns
[2020-08-12T20:04:50.195+0000][6][safepoint    ] Safepoint "Cleanup", Time since last: 1007445190 ns, Reaching safepoint: 815793 ns, At safepoint: 44163 ns, Total: 859956 ns
[2020-08-12T20:04:51.197+0000][6][safepoint    ] Safepoint "Cleanup", Time since last: 1000352552 ns, Reaching safepoint: 837518 ns, At safepoint: 43687 ns, Total: 881205 ns
[2020-08-12T20:04:52.198+0000][6][safepoint    ] Safepoint "Cleanup", Time since last: 1000381964 ns, Reaching safepoint: 1079654 ns, At safepoint: 64624 ns, Total: 1144278 ns
[2020-08-12T20:04:53.199+0000][6][safepoint    ] Safepoint "Cleanup", Time since last: 1000353765 ns, Reaching safepoint: 736094 ns, At safepoint: 53824 ns, Total: 789918 ns
[2020-08-12T20:04:54.201+0000][6][safepoint    ] Safepoint "Cleanup", Time since last: 1000323653 ns, Reaching safepoint: 849917 ns, At safepoint: 33250 ns, Total: 883167 ns
[2020-08-12T20:04:55.202+0000][6][safepoint    ] Safepoint "Cleanup", Time since last: 1000345365 ns, Reaching safepoint: 904480 ns, At safepoint: 39212 ns, Total: 943692 ns
[2020-08-12T20:04:56.232+0000][6][safepoint    ] Safepoint "Cleanup", Time since last: 1029698385 ns, Reaching safepoint: 514771 ns, At safepoint: 43312 ns, Total: 558083 ns
[2020-08-12T20:04:57.233+0000][6][safepoint    ] Safepoint "Cleanup", Time since last: 1000343477 ns, Reaching safepoint: 664932 ns, At safepoint: 52125 ns, Total: 717057 ns
[2020-08-12T20:04:58.234+0000][6][safepoint    ] Safepoint "Cleanup", Time since last: 1000352502 ns, Reaching safepoint: 854605 ns, At safepoint: 43575 ns, Total: 898180 ns
[2020-08-12T20:04:59.235+0000][6][safepoint    ] Safepoint "Cleanup", Time since last: 1000288890 ns, Reaching safepoint: 400897 ns, At safepoint: 15437 ns, Total: 416334 ns
[2020-08-12T20:05:00.294+0000][6][safepoint    ] Safepoint "Cleanup", Time since last: 1057920704 ns, Reaching safepoint: 519945 ns, At safepoint: 55100 ns, Total: 575045 ns
[2020-08-12T20:05:01.295+0000][6][safepoint    ] Safepoint "Cleanup", Time since last: 1000280552 ns, Reaching safepoint: 602920 ns, At safepoint: 21900 ns, Total: 624820 ns
[2020-08-12T20:05:02.314+0000][6][safepoint    ] Safepoint "Cleanup", Time since last: 1018823518 ns, Reaching safepoint: 636207 ns, At safepoint: 46462 ns, Total: 682669 ns
[2020-08-12T20:05:03.315+0000][6][safepoint    ] Safepoint "Cleanup", Time since last: 1000340814 ns, Reaching safepoint: 861443 ns, At safepoint: 68299 ns, Total: 929742 ns
[2020-08-12T20:05:05.198+0000][6][safepoint    ] Safepoint "Cleanup", Time since last: 1881780249 ns, Reaching safepoint: 900554 ns, At safepoint: 29900 ns, Total: 930454 ns
[2020-08-12T20:05:06.249+0000][6][safepoint    ] Safepoint "Cleanup", Time since last: 1050114471 ns, Reaching safepoint: 436646 ns, At safepoint: 43925 ns, Total: 480571 ns
[2020-08-12T20:05:07.250+0000][6][safepoint    ] Safepoint "Cleanup", Time since last: 1000346540 ns, Reaching safepoint: 617207 ns, At safepoint: 44500 ns, Total: 661707 ns
[2020-08-12T20:05:08.251+0000][6][safepoint    ] Safepoint "Cleanup", Time since last: 1000343777 ns, Reaching safepoint: 781031 ns, At safepoint: 43412 ns, Total: 824443 ns
[2020-08-12T20:05:10.196+0000][6][safepoint    ] Safepoint "Cleanup", Time since last: 1944634753 ns, Reaching safepoint: 704557 ns, At safepoint: 51124 ns, Total: 755681 ns
[2020-08-12T20:05:11.197+0000][6][safepoint    ] Safepoint "Cleanup", Time since last: 1000348753 ns, Reaching safepoint: 639394 ns, At safepoint: 43975 ns, Total: 683369 ns
[2020-08-12T20:05:12.198+0000][6][safepoint    ] Safepoint "Cleanup", Time since last: 1000371315 ns, Reaching safepoint: 691594 ns, At safepoint: 51437 ns, Total: 743031 ns
[2020-08-12T20:05:13.199+0000][6][safepoint    ] Safepoint "Cleanup", Time since last: 1000281678 ns, Reaching safepoint: 279972 ns, At safepoint: 12225 ns, Total: 292197 ns
[2020-08-12T20:05:14.200+0000][6][safepoint    ] Safepoint "Cleanup", Time since last: 1000212641 ns, Reaching safepoint: 916555 ns, At safepoint: 74562 ns, Total: 991117 ns
[2020-08-12T20:05:15.201+0000][6][safepoint    ] Safepoint "Cleanup", Time since last: 1000305215 ns, Reaching safepoint: 696006 ns, At safepoint: 31275 ns, Total: 727281 ns
[2020-08-12T20:05:16.233+0000][6][safepoint    ] Safepoint "Cleanup", Time since last: 1031428771 ns, Reaching safepoint: 886554 ns, At safepoint: 56050 ns, Total: 942604 ns
[2020-08-12T20:05:17.235+0000][6][safepoint    ] Safepoint "Cleanup", Time since last: 1000853586 ns, Reaching safepoint: 732931 ns, At safepoint: 46737 ns, Total: 779668 ns
[2020-08-12T20:05:18.236+0000][6][safepoint    ] Safepoint "Cleanup", Time since last: 1000345865 ns, Reaching safepoint: 682294 ns, At safepoint: 45262 ns, Total: 727556 ns
[2020-08-12T20:05:20.197+0000][6][safepoint    ] Safepoint "Cleanup", Time since last: 1960365542 ns, Reaching safepoint: 703169 ns, At safepoint: 43550 ns, Total: 746719 ns
[2020-08-12T20:05:21.198+0000][6][safepoint    ] Safepoint "Cleanup", Time since last: 1000287802 ns, Reaching safepoint: 690382 ns, At safepoint: 27287 ns, Total: 717669 ns
[2020-08-12T20:05:22.199+0000][6][safepoint    ] Safepoint "Cleanup", Time since last: 1000271853 ns, Reaching safepoint: 691294 ns, At safepoint: 51050 ns, Total: 742344 ns
[2020-08-12T20:05:23.200+0000][6][safepoint    ] Safepoint "Cleanup", Time since last: 1000355115 ns, Reaching safepoint: 683481 ns, At safepoint: 51675 ns, Total: 735156 ns
[2020-08-12T20:05:24.203+0000][6][safepoint    ] Safepoint "Cleanup", Time since last: 1001759477 ns, Reaching safepoint: 623408 ns, At safepoint: 110799 ns, Total: 734207 ns
[2020-08-12T20:05:25.204+0000][6][safepoint    ] Safepoint "Cleanup", Time since last: 1000516813 ns, Reaching safepoint: 684169 ns, At safepoint: 47400 ns, Total: 731569 ns
[2020-08-12T20:05:26.275+0000][6][safepoint    ] Safepoint "Cleanup", Time since last: 1070357658 ns, Reaching safepoint: 391159 ns, At safepoint: 18500 ns, Total: 409659 ns
[2020-08-12T20:05:27.276+0000][6][safepoint    ] Safepoint "Cleanup", Time since last: 1000244353 ns, Reaching safepoint: 869842 ns, At safepoint: 43300 ns, Total: 913142 ns
[2020-08-12T20:05:28.277+0000][6][safepoint    ] Safepoint "Cleanup", Time since last: 1000349103 ns, Reaching safepoint: 736881 ns, At safepoint: 54949 ns, Total: 791830 ns
[2020-08-12T20:05:29.281+0000][6][safepoint    ] Safepoint "Cleanup", Time since last: 1000323190 ns, Reaching safepoint: 3662631 ns, At safepoint: 33462 ns, Total: 3696093 ns
[2020-08-12T20:05:30.448+0000][6][safepoint    ] Safepoint "Cleanup", Time since last: 1165424234 ns, Reaching safepoint: 828893 ns, At safepoint: 43912 ns, Total: 872805 ns
[2020-08-12T20:05:32.216+0000][6][safepoint    ] Safepoint "Cleanup", Time since last: 1767255329 ns, Reaching safepoint: 725268 ns, At safepoint: 52637 ns, Total: 777905 ns
[2020-08-12T20:05:33.216+0000][6][safepoint    ] Safepoint "Cleanup", Time since last: 1000314041 ns, Reaching safepoint: 313797 ns, At safepoint: 18662 ns, Total: 332459 ns
[2020-08-12T20:05:34.217+0000][6][safepoint    ] Safepoint "Cleanup", Time since last: 1000183304 ns, Reaching safepoint: 329835 ns, At safepoint: 11575 ns, Total: 341410 ns
[2020-08-12T20:05:36.041+0000][6][safepoint    ] Safepoint "Cleanup", Time since last: 1824129360 ns, Reaching safepoint: 532646 ns, At safepoint: 20249 ns, Total: 552895 ns
[2020-08-12T20:05:37.042+0000][6][safepoint    ] Safepoint "Cleanup", Time since last: 1000243979 ns, Reaching safepoint: 608095 ns, At safepoint: 52212 ns, Total: 660307 ns
[2020-08-12T20:05:38.043+0000][6][safepoint    ] Safepoint "Cleanup", Time since last: 1000347439 ns, Reaching safepoint: 630220 ns, At safepoint: 43900 ns, Total: 674120 ns
[2020-08-12T20:05:39.044+0000][6][safepoint    ] Safepoint "Cleanup", Time since last: 1000350277 ns, Reaching safepoint: 573995 ns, At safepoint: 43437 ns, Total: 617432 ns
[2020-08-12T20:05:40.206+0000][6][safepoint    ] Safepoint "Cleanup", Time since last: 1160183979 ns, Reaching safepoint: 1102603 ns, At safepoint: 43300 ns, Total: 1145903 ns
[2020-08-12T20:05:41.207+0000][6][safepoint    ] Safepoint "Cleanup", Time since last: 1000320515 ns, Reaching safepoint: 982517 ns, At safepoint: 60762 ns, Total: 1043279 ns
[2020-08-12T20:05:42.208+0000][6][safepoint    ] Safepoint "Cleanup", Time since last: 1000355777 ns, Reaching safepoint: 766318 ns, At safepoint: 38087 ns, Total: 804405 ns
[2020-08-12T20:05:43.210+0000][6][safepoint    ] Safepoint "Cleanup", Time since last: 1000326166 ns, Reaching safepoint: 1071690 ns, At safepoint: 54850 ns, Total: 1126540 ns
[2020-08-12T20:05:43.504+0000][6][safepoint    ] Safepoint "BulkRevokeBias", Time since last: 288593398 ns, Reaching safepoint: 964692 ns, At safepoint: 4650272 ns, Total: 5614964 ns
[2020-08-12T20:05:44.208+0000][6][safepoint    ] Safepoint "BulkRevokeBias", Time since last: 701246295 ns, Reaching safepoint: 701982 ns, At safepoint: 1724947 ns, Total: 2426929 ns
[2020-08-12T20:05:46.194+0000][6][safepoint    ] Safepoint "Cleanup", Time since last: 1985848321 ns, Reaching safepoint: 992304 ns, At safepoint: 47787 ns, Total: 1040091 ns
[2020-08-12T20:05:47.196+0000][6][safepoint    ] Safepoint "Cleanup", Time since last: 1000341266 ns, Reaching safepoint: 848930 ns, At safepoint: 43624 ns, Total: 892554 ns
[2020-08-12T20:05:48.197+0000][6][safepoint    ] Safepoint "Cleanup", Time since last: 1000428539 ns, Reaching safepoint: 860905 ns, At safepoint: 45362 ns, Total: 906267 ns
[2020-08-12T20:05:49.198+0000][6][safepoint    ] Safepoint "Cleanup", Time since last: 1000345328 ns, Reaching safepoint: 532583 ns, At safepoint: 68812 ns, Total: 601395 ns
[2020-08-12T20:05:50.205+0000][6][safepoint    ] Safepoint "Cleanup", Time since last: 1006118415 ns, Reaching safepoint: 891579 ns, At safepoint: 38487 ns, Total: 930066 ns
[2020-08-12T20:05:51.206+0000][6][safepoint    ] Safepoint "Cleanup", Time since last: 1000343240 ns, Reaching safepoint: 400822 ns, At safepoint: 16350 ns, Total: 417172 ns
[2020-08-12T20:05:52.207+0000][6][safepoint    ] Safepoint "Cleanup", Time since last: 1000327290 ns, Reaching safepoint: 777756 ns, At safepoint: 129561 ns, Total: 907317 ns
[2020-08-12T20:05:53.208+0000][6][safepoint    ] Safepoint "Cleanup", Time since last: 1000351853 ns, Reaching safepoint: 480658 ns, At safepoint: 44837 ns, Total: 525495 ns
[2020-08-12T20:05:54.209+0000][6][safepoint    ] Safepoint "Cleanup", Time since last: 1000477289 ns, Reaching safepoint: 758981 ns, At safepoint: 42687 ns, Total: 801668 ns
[2020-08-12T20:05:55.210+0000][6][safepoint    ] Safepoint "Cleanup", Time since last: 1000316277 ns, Reaching safepoint: 606645 ns, At safepoint: 29225 ns, Total: 635870 ns
[2020-08-12T20:05:55.213+0000][6][safepoint    ] Safepoint "BulkRevokeBias", Time since last: 1915658 ns, Reaching safepoint: 407922 ns, At safepoint: 1084040 ns, Total: 1491962 ns
[2020-08-12T20:05:56.214+0000][6][safepoint    ] Safepoint "Cleanup", Time since last: 1000296603 ns, Reaching safepoint: 532783 ns, At safepoint: 44050 ns, Total: 576833 ns
[2020-08-12T20:05:57.215+0000][6][safepoint    ] Safepoint "Cleanup", Time since last: 1000343665 ns, Reaching safepoint: 662407 ns, At safepoint: 43362 ns, Total: 705769 ns
[2020-08-12T20:05:58.217+0000][6][safepoint    ] Safepoint "Cleanup", Time since last: 1000354790 ns, Reaching safepoint: 848892 ns, At safepoint: 43975 ns, Total: 892867 ns
[2020-08-12T20:05:59.218+0000][6][safepoint    ] Safepoint "Cleanup", Time since last: 1000258866 ns, Reaching safepoint: 699581 ns, At safepoint: 29500 ns, Total: 729081 ns
[2020-08-12T20:06:00.500+0000][6][safepoint    ] Safepoint "Cleanup", Time since last: 1281139305 ns, Reaching safepoint: 717994 ns, At safepoint: 44225 ns, Total: 762219 ns
[2020-08-12T20:06:02.205+0000][6][safepoint    ] Safepoint "Cleanup", Time since last: 1704284312 ns, Reaching safepoint: 702031 ns, At safepoint: 44925 ns, Total: 746956 ns
[2020-08-12T20:06:03.206+0000][6][safepoint    ] Safepoint "Cleanup", Time since last: 1000398664 ns, Reaching safepoint: 683870 ns, At safepoint: 45349 ns, Total: 729219 ns
[2020-08-12T20:06:04.207+0000][6][safepoint    ] Safepoint "Cleanup", Time since last: 1000467951 ns, Reaching safepoint: 857018 ns, At safepoint: 68799 ns, Total: 925817 ns
[2020-08-12T20:06:05.210+0000][6][safepoint    ] Safepoint "Cleanup", Time since last: 1002044626 ns, Reaching safepoint: 585570 ns, At safepoint: 22224 ns, Total: 607794 ns
[2020-08-12T20:06:06.243+0000][6][safepoint    ] Safepoint "Cleanup", Time since last: 1032663098 ns, Reaching safepoint: 551882 ns, At safepoint: 19738 ns, Total: 571620 ns
[2020-08-12T20:06:07.244+0000][6][safepoint    ] Safepoint "Cleanup", Time since last: 1000241641 ns, Reaching safepoint: 594582 ns, At safepoint: 142761 ns, Total: 737343 ns
[2020-08-12T20:06:08.245+0000][6][safepoint    ] Safepoint "Cleanup", Time since last: 1000381615 ns, Reaching safepoint: 632782 ns, At safepoint: 46287 ns, Total: 679069 ns
[2020-08-12T20:06:10.207+0000][6][safepoint    ] Safepoint "Cleanup", Time since last: 1961625694 ns, Reaching safepoint: 749368 ns, At safepoint: 51200 ns, Total: 800568 ns
[2020-08-12T20:06:11.209+0000][6][safepoint    ] Safepoint "Cleanup", Time since last: 1000353589 ns, Reaching safepoint: 1053866 ns, At safepoint: 104024 ns, Total: 1157890 ns
[2020-08-12T20:06:12.210+0000][6][safepoint    ] Safepoint "Cleanup", Time since last: 1000422365 ns, Reaching safepoint: 740668 ns, At safepoint: 38025 ns, Total: 778693 ns
[2020-08-12T20:06:13.211+0000][6][safepoint    ] Safepoint "Cleanup", Time since last: 1000324427 ns, Reaching safepoint: 647382 ns, At safepoint: 43213 ns, Total: 690595 ns
[2020-08-12T20:06:14.682+0000][6][safepoint    ] Safepoint "Cleanup", Time since last: 1470320553 ns, Reaching safepoint: 825143 ns, At safepoint: 56099 ns, Total: 881242 ns
[2020-08-12T20:06:16.206+0000][6][safepoint    ] Safepoint "Cleanup", Time since last: 1523185895 ns, Reaching safepoint: 797868 ns, At safepoint: 16724 ns, Total: 814592 ns
[2020-08-12T20:06:17.207+0000][6][safepoint    ] Safepoint "Cleanup", Time since last: 1000211542 ns, Reaching safepoint: 355834 ns, At safepoint: 15850 ns, Total: 371684 ns
[2020-08-12T20:06:18.208+0000][6][safepoint    ] Safepoint "Cleanup", Time since last: 1000324665 ns, Reaching safepoint: 707981 ns, At safepoint: 54363 ns, Total: 762344 ns
[2020-08-12T20:06:20.208+0000][6][safepoint    ] Safepoint "Cleanup", Time since last: 1999701000 ns, Reaching safepoint: 575020 ns, At safepoint: 43950 ns, Total: 618970 ns
[2020-08-12T20:06:21.210+0000][6][safepoint    ] Safepoint "Cleanup", Time since last: 1000344490 ns, Reaching safepoint: 991191 ns, At safepoint: 65912 ns, Total: 1057103 ns
[2020-08-12T20:06:22.211+0000][6][safepoint    ] Safepoint "Cleanup", Time since last: 1000401027 ns, Reaching safepoint: 555520 ns, At safepoint: 44225 ns, Total: 599745 ns
[2020-08-12T20:06:23.212+0000][6][safepoint    ] Safepoint "Cleanup", Time since last: 1000393890 ns, Reaching safepoint: 844605 ns, At safepoint: 45699 ns, Total: 890304 ns
[2020-08-12T20:06:24.210+0000][6][safepoint    ] Safepoint "BulkRevokeBias", Time since last: 994652365 ns, Reaching safepoint: 495458 ns, At safepoint: 2412191 ns, Total: 2907649 ns
[2020-08-12T20:06:26.165+0000][6][safepoint    ] Safepoint "Cleanup", Time since last: 1955471572 ns, Reaching safepoint: 368160 ns, At safepoint: 34362 ns, Total: 402522 ns
[2020-08-12T20:06:27.166+0000][6][safepoint    ] Safepoint "Cleanup", Time since last: 1000296703 ns, Reaching safepoint: 621157 ns, At safepoint: 44325 ns, Total: 665482 ns
[2020-08-12T20:06:28.168+0000][6][safepoint    ] Safepoint "Cleanup", Time since last: 1000347877 ns, Reaching safepoint: 658507 ns, At safepoint: 50537 ns, Total: 709044 ns
[2020-08-12T20:06:29.169+0000][6][safepoint    ] Safepoint "Cleanup", Time since last: 1000299878 ns, Reaching safepoint: 799418 ns, At safepoint: 35012 ns, Total: 834430 ns
[2020-08-12T20:06:30.435+0000][6][safepoint    ] Safepoint "Cleanup", Time since last: 1265185094 ns, Reaching safepoint: 867467 ns, At safepoint: 69100 ns, Total: 936567 ns
[2020-08-12T20:06:32.196+0000][6][safepoint    ] Safepoint "Cleanup", Time since last: 1760063016 ns, Reaching safepoint: 645019 ns, At safepoint: 44412 ns, Total: 689431 ns
[2020-08-12T20:06:33.197+0000][6][safepoint    ] Safepoint "Cleanup", Time since last: 1000336428 ns, Reaching safepoint: 637319 ns, At safepoint: 44500 ns, Total: 681819 ns
[2020-08-12T20:06:34.197+0000][6][safepoint    ] Safepoint "Cleanup", Time since last: 1000384452 ns, Reaching safepoint: 482258 ns, At safepoint: 43338 ns, Total: 525596 ns
[2020-08-12T20:06:35.198+0000][6][safepoint    ] Safepoint "Cleanup", Time since last: 1000311502 ns, Reaching safepoint: 568945 ns, At safepoint: 21750 ns, Total: 590695 ns
[2020-08-12T20:06:36.216+0000][6][safepoint    ] Safepoint "Cleanup", Time since last: 1017425192 ns, Reaching safepoint: 480021 ns, At safepoint: 43987 ns, Total: 524008 ns
[2020-08-12T20:06:37.217+0000][6][safepoint    ] Safepoint "Cleanup", Time since last: 1000336790 ns, Reaching safepoint: 676919 ns, At safepoint: 52050 ns, Total: 728969 ns
[2020-08-12T20:06:38.218+0000][6][safepoint    ] Safepoint "Cleanup", Time since last: 1000315015 ns, Reaching safepoint: 697719 ns, At safepoint: 29187 ns, Total: 726906 ns
[2020-08-12T20:06:40.208+0000][6][safepoint    ] Safepoint "Cleanup", Time since last: 1988569848 ns, Reaching safepoint: 876342 ns, At safepoint: 142949 ns, Total: 1019291 ns
[2020-08-12T20:06:41.209+0000][6][safepoint    ] Safepoint "Cleanup", Time since last: 1000302878 ns, Reaching safepoint: 256172 ns, At safepoint: 10838 ns, Total: 267010 ns
[2020-08-12T20:06:42.210+0000][6][safepoint    ] Safepoint "Cleanup", Time since last: 1000242053 ns, Reaching safepoint: 699207 ns, At safepoint: 33724 ns, Total: 732931 ns
[2020-08-12T20:06:43.211+0000][6][safepoint    ] Safepoint "Cleanup", Time since last: 1000308328 ns, Reaching safepoint: 875080 ns, At safepoint: 44100 ns, Total: 919180 ns
[2020-08-12T20:06:44.212+0000][6][safepoint    ] Safepoint "Cleanup", Time since last: 1000505138 ns, Reaching safepoint: 782368 ns, At safepoint: 64462 ns, Total: 846830 ns
[2020-08-12T20:06:45.213+0000][6][safepoint    ] Safepoint "Cleanup", Time since last: 1000503351 ns, Reaching safepoint: 818006 ns, At safepoint: 31100 ns, Total: 849106 ns
[2020-08-12T20:06:46.319+0000][6][safepoint    ] Safepoint "Cleanup", Time since last: 1105177093 ns, Reaching safepoint: 474371 ns, At safepoint: 22075 ns, Total: 496446 ns
[2020-08-12T20:06:47.320+0000][6][safepoint    ] Safepoint "Cleanup", Time since last: 1000331915 ns, Reaching safepoint: 492258 ns, At safepoint: 28950 ns, Total: 521208 ns
[2020-08-12T20:06:48.321+0000][6][safepoint    ] Safepoint "Cleanup", Time since last: 1000324640 ns, Reaching safepoint: 773931 ns, At safepoint: 54649 ns, Total: 828580 ns
[2020-08-12T20:06:50.211+0000][6][safepoint    ] Safepoint "Cleanup", Time since last: 1889193684 ns, Reaching safepoint: 578558 ns, At safepoint: 54962 ns, Total: 633520 ns
[2020-08-12T20:06:51.212+0000][6][safepoint    ] Safepoint "Cleanup", Time since last: 1000377877 ns, Reaching safepoint: 459771 ns, At safepoint: 42825 ns, Total: 502596 ns
[2020-08-12T20:06:52.213+0000][6][safepoint    ] Safepoint "Cleanup", Time since last: 1000409439 ns, Reaching safepoint: 652407 ns, At safepoint: 47137 ns, Total: 699544 ns
[2020-08-12T20:06:53.215+0000][6][safepoint    ] Safepoint "Cleanup", Time since last: 1001596054 ns, Reaching safepoint: 828180 ns, At safepoint: 44025 ns, Total: 872205 ns
[2020-08-12T20:06:54.220+0000][6][safepoint    ] Safepoint "Cleanup", Time since last: 1003565062 ns, Reaching safepoint: 1250789 ns, At safepoint: 79500 ns, Total: 1330289 ns
[2020-08-12T20:06:56.173+0000][6][safepoint    ] Safepoint "Cleanup", Time since last: 1951164234 ns, Reaching safepoint: 1266126 ns, At safepoint: 22900 ns, Total: 1289026 ns
[2020-08-12T20:06:57.174+0000][6][safepoint    ] Safepoint "Cleanup", Time since last: 1000256153 ns, Reaching safepoint: 593433 ns, At safepoint: 44287 ns, Total: 637720 ns
[2020-08-12T20:06:58.175+0000][6][safepoint    ] Safepoint "Cleanup", Time since last: 1000375765 ns, Reaching safepoint: 991753 ns, At safepoint: 69450 ns, Total: 1061203 ns
[2020-08-12T20:06:59.180+0000][6][safepoint    ] Safepoint "Cleanup", Time since last: 1003845047 ns, Reaching safepoint: 973654 ns, At safepoint: 42275 ns, Total: 1015929 ns
[2020-08-12T20:07:00.511+0000][6][safepoint    ] Safepoint "Cleanup", Time since last: 1330671163 ns, Reaching safepoint: 708382 ns, At safepoint: 44374 ns, Total: 752756 ns
[2020-08-12T20:07:02.322+0000][6][safepoint    ] Safepoint "Cleanup", Time since last: 1809722723 ns, Reaching safepoint: 588833 ns, At safepoint: 44049 ns, Total: 632882 ns
[2020-08-12T20:07:03.323+0000][6][safepoint    ] Safepoint "Cleanup", Time since last: 1000401252 ns, Reaching safepoint: 573520 ns, At safepoint: 45275 ns, Total: 618795 ns
[2020-08-12T20:07:05.209+0000][6][safepoint    ] Safepoint "Cleanup", Time since last: 1885988799 ns, Reaching safepoint: 424759 ns, At safepoint: 27675 ns, Total: 452434 ns
[2020-08-12T20:07:06.210+0000][6][safepoint    ] Safepoint "Cleanup", Time since last: 1000510013 ns, Reaching safepoint: 702332 ns, At safepoint: 32350 ns, Total: 734682 ns
[2020-08-12T20:07:07.212+0000][6][safepoint    ] Safepoint "Cleanup", Time since last: 1000262790 ns, Reaching safepoint: 761444 ns, At safepoint: 44662 ns, Total: 806106 ns
[2020-08-12T20:07:08.213+0000][6][safepoint    ] Safepoint "Cleanup", Time since last: 1000425264 ns, Reaching safepoint: 607782 ns, At safepoint: 51862 ns, Total: 659644 ns
[2020-08-12T20:07:10.212+0000][6][safepoint    ] Safepoint "Cleanup", Time since last: 1998952708 ns, Reaching safepoint: 862880 ns, At safepoint: 44174 ns, Total: 907054 ns
[2020-08-12T20:07:11.213+0000][6][safepoint    ] Safepoint "Cleanup", Time since last: 1000290753 ns, Reaching safepoint: 536658 ns, At safepoint: 22675 ns, Total: 559333 ns
[2020-08-12T20:07:12.214+0000][6][safepoint    ] Safepoint "Cleanup", Time since last: 1000267428 ns, Reaching safepoint: 676394 ns, At safepoint: 52487 ns, Total: 728881 ns
[2020-08-12T20:07:13.215+0000][6][safepoint    ] Safepoint "Cleanup", Time since last: 1000335815 ns, Reaching safepoint: 649320 ns, At safepoint: 52449 ns, Total: 701769 ns
[2020-08-12T20:07:14.216+0000][6][safepoint    ] Safepoint "Cleanup", Time since last: 1000367315 ns, Reaching safepoint: 408197 ns, At safepoint: 21112 ns, Total: 429309 ns
[2020-08-12T20:07:15.217+0000][6][safepoint    ] Safepoint "Cleanup", Time since last: 1000175791 ns, Reaching safepoint: 481734 ns, At safepoint: 24449 ns, Total: 506183 ns
[2020-08-12T20:07:16.270+0000][6][safepoint    ] Safepoint "Cleanup", Time since last: 1053125608 ns, Reaching safepoint: 322122 ns, At safepoint: 16125 ns, Total: 338247 ns
[2020-08-12T20:07:17.271+0000][6][safepoint    ] Safepoint "Cleanup", Time since last: 1000235391 ns, Reaching safepoint: 713931 ns, At safepoint: 69124 ns, Total: 783055 ns
[2020-08-12T20:07:18.272+0000][6][safepoint    ] Safepoint "Cleanup", Time since last: 1000344590 ns, Reaching safepoint: 663270 ns, At safepoint: 53212 ns, Total: 716482 ns
[2020-08-12T20:07:20.212+0000][6][safepoint    ] Safepoint "Cleanup", Time since last: 1939176538 ns, Reaching safepoint: 589520 ns, At safepoint: 43724 ns, Total: 633244 ns
[2020-08-12T20:07:21.213+0000][6][safepoint    ] Safepoint "Cleanup", Time since last: 1000304591 ns, Reaching safepoint: 510220 ns, At safepoint: 35650 ns, Total: 545870 ns
[2020-08-12T20:07:22.214+0000][6][safepoint    ] Safepoint "Cleanup", Time since last: 1000269765 ns, Reaching safepoint: 527183 ns, At safepoint: 89125 ns, Total: 616308 ns
[2020-08-12T20:07:23.215+0000][6][safepoint    ] Safepoint "Cleanup", Time since last: 1000348990 ns, Reaching safepoint: 956704 ns, At safepoint: 42687 ns, Total: 999391 ns
[2020-08-12T20:07:24.217+0000][6][safepoint    ] Safepoint "Cleanup", Time since last: 1000150292 ns, Reaching safepoint: 1764572 ns, At safepoint: 64449 ns, Total: 1829021 ns
[2020-08-12T20:07:25.219+0000][6][safepoint    ] Safepoint "Cleanup", Time since last: 1000570526 ns, Reaching safepoint: 1154377 ns, At safepoint: 35025 ns, Total: 1189402 ns
[2020-08-12T20:07:26.255+0000][6][safepoint    ] Safepoint "Cleanup", Time since last: 1035150151 ns, Reaching safepoint: 633332 ns, At safepoint: 39187 ns, Total: 672519 ns
[2020-08-12T20:07:27.256+0000][6][safepoint    ] Safepoint "Cleanup", Time since last: 1000403777 ns, Reaching safepoint: 708356 ns, At safepoint: 44638 ns, Total: 752994 ns
[2020-08-12T20:07:28.257+0000][6][safepoint    ] Safepoint "Cleanup", Time since last: 1000341739 ns, Reaching safepoint: 651482 ns, At safepoint: 52450 ns, Total: 703932 ns
[2020-08-12T20:07:29.258+0000][6][safepoint    ] Safepoint "Cleanup", Time since last: 1000322190 ns, Reaching safepoint: 425221 ns, At safepoint: 28762 ns, Total: 453983 ns
[2020-08-12T20:07:30.361+0000][6][safepoint    ] Safepoint "Cleanup", Time since last: 1102775977 ns, Reaching safepoint: 662095 ns, At safepoint: 44487 ns, Total: 706582 ns
[2020-08-12T20:07:31.217+0000][6][safepoint    ] Safepoint "BulkRevokeBias", Time since last: 854779377 ns, Reaching safepoint: 248872 ns, At safepoint: 880643 ns, Total: 1129515 ns
[2020-08-12T20:07:32.218+0000][6][safepoint    ] Safepoint "Cleanup", Time since last: 1000354777 ns, Reaching safepoint: 740819 ns, At safepoint: 45087 ns, Total: 785906 ns
[2020-08-12T20:07:33.219+0000][6][safepoint    ] Safepoint "Cleanup", Time since last: 1000269590 ns, Reaching safepoint: 385660 ns, At safepoint: 54212 ns, Total: 439872 ns
[2020-08-12T20:07:34.224+0000][6][safepoint    ] Safepoint "Cleanup", Time since last: 1003940433 ns, Reaching safepoint: 646895 ns, At safepoint: 44062 ns, Total: 690957 ns
[2020-08-12T20:07:36.129+0000][6][safepoint    ] Safepoint "Cleanup", Time since last: 1905374344 ns, Reaching safepoint: 275172 ns, At safepoint: 11325 ns, Total: 286497 ns
[2020-08-12T20:07:37.131+0000][6][safepoint    ] Safepoint "Cleanup", Time since last: 1000236091 ns, Reaching safepoint: 908605 ns, At safepoint: 44137 ns, Total: 952742 ns
[2020-08-12T20:07:38.132+0000][6][safepoint    ] Safepoint "Cleanup", Time since last: 1000383927 ns, Reaching safepoint: 797643 ns, At safepoint: 45600 ns, Total: 843243 ns
[2020-08-12T20:07:39.133+0000][6][safepoint    ] Safepoint "Cleanup", Time since last: 1000432414 ns, Reaching safepoint: 726344 ns, At safepoint: 38587 ns, Total: 764931 ns
[2020-08-12T20:07:40.217+0000][6][safepoint    ] Safepoint "Cleanup", Time since last: 1083371770 ns, Reaching safepoint: 825305 ns, At safepoint: 43762 ns, Total: 869067 ns
[2020-08-12T20:07:41.218+0000][6][safepoint    ] Safepoint "Cleanup", Time since last: 1000278853 ns, Reaching safepoint: 508071 ns, At safepoint: 14100 ns, Total: 522171 ns
[2020-08-12T20:07:42.219+0000][6][safepoint    ] Safepoint "Cleanup", Time since last: 1000197754 ns, Reaching safepoint: 494595 ns, At safepoint: 44475 ns, Total: 539070 ns
[2020-08-12T20:07:43.220+0000][6][safepoint    ] Safepoint "Cleanup", Time since last: 1000338852 ns, Reaching safepoint: 564183 ns, At safepoint: 43575 ns, Total: 607758 ns
[2020-08-12T20:07:45.179+0000][6][safepoint    ] Safepoint "Cleanup", Time since last: 1958568357 ns, Reaching safepoint: 408197 ns, At safepoint: 15700 ns, Total: 423897 ns
[2020-08-12T20:07:46.180+0000][6][safepoint    ] Safepoint "Cleanup", Time since last: 1000274653 ns, Reaching safepoint: 615944 ns, At safepoint: 43062 ns, Total: 659006 ns
[2020-08-12T20:07:47.181+0000][6][safepoint    ] Safepoint "Cleanup", Time since last: 1000287441 ns, Reaching safepoint: 570395 ns, At safepoint: 54762 ns, Total: 625157 ns
[2020-08-12T20:07:48.182+0000][6][safepoint    ] Safepoint "Cleanup", Time since last: 1000367727 ns, Reaching safepoint: 633357 ns, At safepoint: 33025 ns, Total: 666382 ns
[2020-08-12T20:07:49.183+0000][6][safepoint    ] Safepoint "Cleanup", Time since last: 1000367515 ns, Reaching safepoint: 573782 ns, At safepoint: 29713 ns, Total: 603495 ns
[2020-08-12T20:07:50.217+0000][6][safepoint    ] Safepoint "Cleanup", Time since last: 1033560364 ns, Reaching safepoint: 817555 ns, At safepoint: 47287 ns, Total: 864842 ns
[2020-08-12T20:07:51.218+0000][6][safepoint    ] Safepoint "Cleanup", Time since last: 1000339615 ns, Reaching safepoint: 1006479 ns, At safepoint: 55987 ns, Total: 1062466 ns
[2020-08-12T20:07:52.220+0000][6][safepoint    ] Safepoint "Cleanup", Time since last: 1000340790 ns, Reaching safepoint: 989092 ns, At safepoint: 43637 ns, Total: 1032729 ns
[2020-08-12T20:07:53.221+0000][6][safepoint    ] Safepoint "Cleanup", Time since last: 1000350315 ns, Reaching safepoint: 729806 ns, At safepoint: 44375 ns, Total: 774181 ns
[2020-08-12T20:07:54.224+0000][6][safepoint    ] Safepoint "Cleanup", Time since last: 1000331902 ns, Reaching safepoint: 2534091 ns, At safepoint: 76774 ns, Total: 2610865 ns
[2020-08-12T20:07:56.225+0000][6][safepoint    ] Safepoint "Cleanup", Time since last: 1999986111 ns, Reaching safepoint: 529808 ns, At safepoint: 22250 ns, Total: 552058 ns
[2020-08-12T20:07:57.227+0000][6][safepoint    ] Safepoint "Cleanup", Time since last: 1001684628 ns, Reaching safepoint: 796856 ns, At safepoint: 108299 ns, Total: 905155 ns
[2020-08-12T20:07:58.228+0000][6][safepoint    ] Safepoint "Cleanup", Time since last: 1000360027 ns, Reaching safepoint: 617220 ns, At safepoint: 47437 ns, Total: 664657 ns
[2020-08-12T20:07:59.229+0000][6][safepoint    ] Safepoint "Cleanup", Time since last: 1000298065 ns, Reaching safepoint: 482108 ns, At safepoint: 24338 ns, Total: 506446 ns
[2020-08-12T20:08:00.376+0000][6][safepoint    ] Safepoint "Cleanup", Time since last: 1146025427 ns, Reaching safepoint: 782493 ns, At safepoint: 45437 ns, Total: 827930 ns
[2020-08-12T20:08:01.380+0000][6][safepoint    ] Safepoint "Cleanup", Time since last: 1003878059 ns, Reaching safepoint: 780806 ns, At safepoint: 25737 ns, Total: 806543 ns
[2020-08-12T20:08:02.381+0000][6][safepoint    ] Safepoint "Cleanup", Time since last: 1000300266 ns, Reaching safepoint: 675819 ns, At safepoint: 51099 ns, Total: 726918 ns
[2020-08-12T20:08:03.382+0000][6][safepoint    ] Safepoint "Cleanup", Time since last: 1000346753 ns, Reaching safepoint: 514395 ns, At safepoint: 44538 ns, Total: 558933 ns
[2020-08-12T20:08:05.217+0000][6][safepoint    ] Safepoint "Cleanup", Time since last: 1834027462 ns, Reaching safepoint: 965041 ns, At safepoint: 33913 ns, Total: 998954 ns
[2020-08-12T20:08:06.285+0000][6][safepoint    ] Safepoint "Cleanup", Time since last: 1067561332 ns, Reaching safepoint: 640969 ns, At safepoint: 29925 ns, Total: 670894 ns
[2020-08-12T20:08:07.286+0000][6][safepoint    ] Safepoint "Cleanup", Time since last: 1000238503 ns, Reaching safepoint: 438522 ns, At safepoint: 34437 ns, Total: 472959 ns
[2020-08-12T20:08:08.287+0000][6][safepoint    ] Safepoint "Cleanup", Time since last: 1000306215 ns, Reaching safepoint: 666457 ns, At safepoint: 44125 ns, Total: 710582 ns
[2020-08-12T20:08:10.217+0000][6][safepoint    ] Safepoint "Cleanup", Time since last: 1929385285 ns, Reaching safepoint: 647445 ns, At safepoint: 43787 ns, Total: 691232 ns
[2020-08-12T20:08:11.219+0000][6][safepoint    ] Safepoint "Cleanup", Time since last: 1000283428 ns, Reaching safepoint: 1007441 ns, At safepoint: 171386 ns, Total: 1178827 ns
[2020-08-12T20:08:12.220+0000][6][safepoint    ] Safepoint "Cleanup", Time since last: 1000410052 ns, Reaching safepoint: 653669 ns, At safepoint: 38050 ns, Total: 691719 ns
[2020-08-12T20:08:13.221+0000][6][safepoint    ] Safepoint "Cleanup", Time since last: 1000368140 ns, Reaching safepoint: 618207 ns, At safepoint: 100811 ns, Total: 719018 ns
[2020-08-12T20:08:14.223+0000][6][safepoint    ] Safepoint "Cleanup", Time since last: 1000359440 ns, Reaching safepoint: 1180052 ns, At safepoint: 56262 ns, Total: 1236314 ns
[2020-08-12T20:08:16.043+0000][6][safepoint    ] Safepoint "Cleanup", Time since last: 1819967347 ns, Reaching safepoint: 704157 ns, At safepoint: 54237 ns, Total: 758394 ns
[2020-08-12T20:08:17.044+0000][6][safepoint    ] Safepoint "Cleanup", Time since last: 1000347602 ns, Reaching safepoint: 842118 ns, At safepoint: 44674 ns, Total: 886792 ns
[2020-08-12T20:08:18.046+0000][6][safepoint    ] Safepoint "Cleanup", Time since last: 1000358178 ns, Reaching safepoint: 707269 ns, At safepoint: 50024 ns, Total: 757293 ns
[2020-08-12T20:08:19.046+0000][6][safepoint    ] Safepoint "Cleanup", Time since last: 1000312278 ns, Reaching safepoint: 365434 ns, At safepoint: 25212 ns, Total: 390646 ns
[2020-08-12T20:08:20.220+0000][6][safepoint    ] Safepoint "Cleanup", Time since last: 1173169930 ns, Reaching safepoint: 920792 ns, At safepoint: 43949 ns, Total: 964741 ns
[2020-08-12T20:08:21.221+0000][6][safepoint    ] Safepoint "Cleanup", Time since last: 1000309816 ns, Reaching safepoint: 418883 ns, At safepoint: 25300 ns, Total: 444183 ns
[2020-08-12T20:08:22.222+0000][6][safepoint    ] Safepoint "Cleanup", Time since last: 1000231316 ns, Reaching safepoint: 410922 ns, At safepoint: 45187 ns, Total: 456109 ns
[2020-08-12T20:08:23.222+0000][6][safepoint    ] Safepoint "Cleanup", Time since last: 1000214528 ns, Reaching safepoint: 355085 ns, At safepoint: 17037 ns, Total: 372122 ns
[2020-08-12T20:08:25.226+0000][6][safepoint    ] Safepoint "Cleanup", Time since last: 2003098522 ns, Reaching safepoint: 716381 ns, At safepoint: 31062 ns, Total: 747443 ns
[2020-08-12T20:08:26.335+0000][6][safepoint    ] Safepoint "Cleanup", Time since last: 1108108231 ns, Reaching safepoint: 812480 ns, At safepoint: 29000 ns, Total: 841480 ns
[2020-08-12T20:08:27.336+0000][6][safepoint    ] Safepoint "Cleanup", Time since last: 1000250703 ns, Reaching safepoint: 677944 ns, At safepoint: 45625 ns, Total: 723569 ns
[2020-08-12T20:08:28.337+0000][6][safepoint    ] Safepoint "Cleanup", Time since last: 1000389164 ns, Reaching safepoint: 713832 ns, At safepoint: 89562 ns, Total: 803394 ns
[2020-08-12T20:08:29.338+0000][6][safepoint    ] Safepoint "Cleanup", Time since last: 1000286890 ns, Reaching safepoint: 572433 ns, At safepoint: 20599 ns, Total: 593032 ns
[2020-08-12T20:08:30.438+0000][6][safepoint    ] Safepoint "Cleanup", Time since last: 1098932323 ns, Reaching safepoint: 776293 ns, At safepoint: 38225 ns, Total: 814518 ns
[2020-08-12T20:08:32.301+0000][6][safepoint    ] Safepoint "Cleanup", Time since last: 1862358654 ns, Reaching safepoint: 858980 ns, At safepoint: 43800 ns, Total: 902780 ns
[2020-08-12T20:08:33.303+0000][6][safepoint    ] Safepoint "Cleanup", Time since last: 1000377652 ns, Reaching safepoint: 835168 ns, At safepoint: 42799 ns, Total: 877967 ns
[2020-08-12T20:08:34.304+0000][6][safepoint    ] Safepoint "Cleanup", Time since last: 1000347216 ns, Reaching safepoint: 790430 ns, At safepoint: 42987 ns, Total: 833417 ns
[2020-08-12T20:08:36.228+0000][6][safepoint    ] Safepoint "Cleanup", Time since last: 1923663685 ns, Reaching safepoint: 375922 ns, At safepoint: 13100 ns, Total: 389022 ns
[2020-08-12T20:08:37.229+0000][6][safepoint    ] Safepoint "Cleanup", Time since last: 1000246303 ns, Reaching safepoint: 788694 ns, At safepoint: 100074 ns, Total: 888768 ns
[2020-08-12T20:08:38.230+0000][6][safepoint    ] Safepoint "Cleanup", Time since last: 1000357115 ns, Reaching safepoint: 923442 ns, At safepoint: 47712 ns, Total: 971154 ns
[2020-08-12T20:08:40.224+0000][6][safepoint    ] Safepoint "Cleanup", Time since last: 1992674437 ns, Reaching safepoint: 668519 ns, At safepoint: 51962 ns, Total: 720481 ns
[2020-08-12T20:08:41.225+0000][6][safepoint    ] Safepoint "Cleanup", Time since last: 1000391402 ns, Reaching safepoint: 908942 ns, At safepoint: 36350 ns, Total: 945292 ns
[2020-08-12T20:08:42.226+0000][6][safepoint    ] Safepoint "Cleanup", Time since last: 1000613062 ns, Reaching safepoint: 645695 ns, At safepoint: 33462 ns, Total: 679157 ns
[2020-08-12T20:08:43.227+0000][6][safepoint    ] Safepoint "Cleanup", Time since last: 1000329152 ns, Reaching safepoint: 648070 ns, At safepoint: 50837 ns, Total: 698907 ns
[2020-08-12T20:08:45.225+0000][6][safepoint    ] Safepoint "Cleanup", Time since last: 1996337330 ns, Reaching safepoint: 811381 ns, At safepoint: 37487 ns, Total: 848868 ns
[2020-08-12T20:08:46.254+0000][6][safepoint    ] Safepoint "Cleanup", Time since last: 1029073866 ns, Reaching safepoint: 607432 ns, At safepoint: 14837 ns, Total: 622269 ns
[2020-08-12T20:08:47.255+0000][6][safepoint    ] Safepoint "Cleanup", Time since last: 1000225291 ns, Reaching safepoint: 672807 ns, At safepoint: 43612 ns, Total: 716419 ns
[2020-08-12T20:08:48.256+0000][6][safepoint    ] Safepoint "Cleanup", Time since last: 1000342252 ns, Reaching safepoint: 578533 ns, At safepoint: 50875 ns, Total: 629408 ns
[2020-08-12T20:08:50.220+0000][6][safepoint    ] Safepoint "Cleanup", Time since last: 1963183005 ns, Reaching safepoint: 617644 ns, At safepoint: 45050 ns, Total: 662694 ns
[2020-08-12T20:08:51.221+0000][6][safepoint    ] Safepoint "Cleanup", Time since last: 1000339165 ns, Reaching safepoint: 483496 ns, At safepoint: 54712 ns, Total: 538208 ns
[2020-08-12T20:08:52.222+0000][6][safepoint    ] Safepoint "Cleanup", Time since last: 1000371689 ns, Reaching safepoint: 610670 ns, At safepoint: 109087 ns, Total: 719757 ns
[2020-08-12T20:08:53.223+0000][6][safepoint    ] Safepoint "Cleanup", Time since last: 1000350177 ns, Reaching safepoint: 869443 ns, At safepoint: 44112 ns, Total: 913555 ns
[2020-08-12T20:08:54.225+0000][6][safepoint    ] Safepoint "Cleanup", Time since last: 1000336365 ns, Reaching safepoint: 1724335 ns, At safepoint: 64187 ns, Total: 1788522 ns
[2020-08-12T20:08:55.258+0000][6][safepoint    ] Safepoint "Cleanup", Time since last: 1000486188 ns, Reaching safepoint: 31927061 ns, At safepoint: 43287 ns, Total: 31970348 ns
[2020-08-12T20:08:56.320+0000][6][safepoint    ] Safepoint "Cleanup", Time since last: 1061027564 ns, Reaching safepoint: 853918 ns, At safepoint: 42949 ns, Total: 896867 ns
[2020-08-12T20:08:57.321+0000][6][safepoint    ] Safepoint "Cleanup", Time since last: 1000514214 ns, Reaching safepoint: 824030 ns, At safepoint: 43437 ns, Total: 867467 ns
[2020-08-12T20:08:58.322+0000][6][safepoint    ] Safepoint "Cleanup", Time since last: 1000347878 ns, Reaching safepoint: 775293 ns, At safepoint: 44900 ns, Total: 820193 ns
[2020-08-12T20:08:59.323+0000][6][safepoint    ] Safepoint "Cleanup", Time since last: 1000284853 ns, Reaching safepoint: 544682 ns, At safepoint: 45500 ns, Total: 590182 ns
[2020-08-12T20:08:59.473+0000][6][safepoint    ] Safepoint "BulkRevokeBias", Time since last: 149072808 ns, Reaching safepoint: 253972 ns, At safepoint: 977117 ns, Total: 1231089 ns
[2020-08-12T20:09:00.475+0000][6][safepoint    ] Safepoint "Cleanup", Time since last: 1000909698 ns, Reaching safepoint: 737443 ns, At safepoint: 52987 ns, Total: 790430 ns
[2020-08-12T20:09:02.292+0000][6][safepoint    ] Safepoint "Cleanup", Time since last: 1816385566 ns, Reaching safepoint: 710368 ns, At safepoint: 44213 ns, Total: 754581 ns
[2020-08-12T20:09:03.293+0000][6][safepoint    ] Safepoint "Cleanup", Time since last: 1000340889 ns, Reaching safepoint: 628495 ns, At safepoint: 44562 ns, Total: 673057 ns
[2020-08-12T20:09:05.224+0000][6][safepoint    ] Safepoint "Cleanup", Time since last: 1929919568 ns, Reaching safepoint: 522483 ns, At safepoint: 25800 ns, Total: 548283 ns
[2020-08-12T20:09:06.553+0000][6][safepoint    ] Safepoint "Cleanup", Time since last: 1328748518 ns, Reaching safepoint: 474834 ns, At safepoint: 17387 ns, Total: 492221 ns
[2020-08-12T20:09:07.554+0000][6][safepoint    ] Safepoint "Cleanup", Time since last: 1000470076 ns, Reaching safepoint: 697082 ns, At safepoint: 46749 ns, Total: 743831 ns
[2020-08-12T20:09:08.555+0000][6][safepoint    ] Safepoint "Cleanup", Time since last: 1000325228 ns, Reaching safepoint: 701106 ns, At safepoint: 34087 ns, Total: 735193 ns
[2020-08-12T20:09:10.226+0000][6][safepoint    ] Safepoint "Cleanup", Time since last: 1670217858 ns, Reaching safepoint: 899180 ns, At safepoint: 43474 ns, Total: 942654 ns
[2020-08-12T20:09:11.228+0000][6][safepoint    ] Safepoint "Cleanup", Time since last: 1000323915 ns, Reaching safepoint: 894418 ns, At safepoint: 43524 ns, Total: 937942 ns
[2020-08-12T20:09:12.229+0000][6][safepoint    ] Safepoint "Cleanup", Time since last: 1000341853 ns, Reaching safepoint: 790055 ns, At safepoint: 94875 ns, Total: 884930 ns
[2020-08-12T20:09:13.230+0000][6][safepoint    ] Safepoint "Cleanup", Time since last: 1000345602 ns, Reaching safepoint: 913567 ns, At safepoint: 43662 ns, Total: 957229 ns
[2020-08-12T20:09:14.232+0000][6][safepoint    ] Safepoint "Cleanup", Time since last: 1000350253 ns, Reaching safepoint: 1392713 ns, At safepoint: 58899 ns, Total: 1451612 ns
[2020-08-12T20:09:16.185+0000][6][safepoint    ] Safepoint "Cleanup", Time since last: 1952150263 ns, Reaching safepoint: 1074628 ns, At safepoint: 55250 ns, Total: 1129878 ns
[2020-08-12T20:09:17.187+0000][6][safepoint    ] Safepoint "Cleanup", Time since last: 1000345190 ns, Reaching safepoint: 880017 ns, At safepoint: 43738 ns, Total: 923755 ns
[2020-08-12T20:09:18.188+0000][6][safepoint    ] Safepoint "Cleanup", Time since last: 1000338328 ns, Reaching safepoint: 601907 ns, At safepoint: 33562 ns, Total: 635469 ns
[2020-08-12T20:09:19.189+0000][6][safepoint    ] Safepoint "Cleanup", Time since last: 1000404227 ns, Reaching safepoint: 757705 ns, At safepoint: 43413 ns, Total: 801118 ns
[2020-08-12T20:09:20.228+0000][6][safepoint    ] Safepoint "Cleanup", Time since last: 1038836856 ns, Reaching safepoint: 843492 ns, At safepoint: 43250 ns, Total: 886742 ns
[2020-08-12T20:09:21.229+0000][6][safepoint    ] Safepoint "Cleanup", Time since last: 1000293990 ns, Reaching safepoint: 565270 ns, At safepoint: 24175 ns, Total: 589445 ns
[2020-08-12T20:09:22.230+0000][6][safepoint    ] Safepoint "Cleanup", Time since last: 1000227454 ns, Reaching safepoint: 547320 ns, At safepoint: 27337 ns, Total: 574657 ns
[2020-08-12T20:09:23.231+0000][6][safepoint    ] Safepoint "Cleanup", Time since last: 1000313266 ns, Reaching safepoint: 680219 ns, At safepoint: 45824 ns, Total: 726043 ns
[2020-08-12T20:09:24.227+0000][6][safepoint    ] Safepoint "BulkRevokeBias", Time since last: 991801377 ns, Reaching safepoint: 372222 ns, At safepoint: 3863141 ns, Total: 4235363 ns
[2020-08-12T20:09:25.228+0000][6][safepoint    ] Safepoint "Cleanup", Time since last: 1000503326 ns, Reaching safepoint: 583933 ns, At safepoint: 57862 ns, Total: 641795 ns
[2020-08-12T20:09:26.401+0000][6][safepoint    ] Safepoint "Cleanup", Time since last: 1170590339 ns, Reaching safepoint: 2237105 ns, At safepoint: 11850 ns, Total: 2248955 ns
[2020-08-12T20:09:27.402+0000][6][safepoint    ] Safepoint "Cleanup", Time since last: 1000169942 ns, Reaching safepoint: 538957 ns, At safepoint: 30975 ns, Total: 569932 ns
[2020-08-12T20:09:28.403+0000][6][safepoint    ] Safepoint "Cleanup", Time since last: 1000291341 ns, Reaching safepoint: 798818 ns, At safepoint: 44199 ns, Total: 843017 ns
[2020-08-12T20:09:30.402+0000][6][safepoint    ] Safepoint "Cleanup", Time since last: 1998171640 ns, Reaching safepoint: 557132 ns, At safepoint: 95312 ns, Total: 652444 ns
[2020-08-12T20:09:32.308+0000][6][safepoint    ] Safepoint "Cleanup", Time since last: 1905711428 ns, Reaching safepoint: 777331 ns, At safepoint: 42725 ns, Total: 820056 ns
[2020-08-12T20:09:33.309+0000][6][safepoint    ] Safepoint "Cleanup", Time since last: 1000304477 ns, Reaching safepoint: 335910 ns, At safepoint: 24987 ns, Total: 360897 ns
[2020-08-12T20:09:34.310+0000][6][safepoint    ] Safepoint "Cleanup", Time since last: 1000232316 ns, Reaching safepoint: 327635 ns, At safepoint: 24312 ns, Total: 351947 ns
[2020-08-12T20:09:35.234+0000][6][safepoint    ] Safepoint "BulkRevokeBias", Time since last: 923376745 ns, Reaching safepoint: 384359 ns, At safepoint: 904517 ns, Total: 1288876 ns
[2020-08-12T20:09:36.235+0000][6][safepoint    ] Safepoint "Cleanup", Time since last: 1000189779 ns, Reaching safepoint: 421071 ns, At safepoint: 14388 ns, Total: 435459 ns
[2020-08-12T20:09:37.236+0000][6][safepoint    ] Safepoint "Cleanup", Time since last: 1000229828 ns, Reaching safepoint: 902692 ns, At safepoint: 45050 ns, Total: 947742 ns
[2020-08-12T20:09:38.237+0000][6][safepoint    ] Safepoint "Cleanup", Time since last: 1000360877 ns, Reaching safepoint: 738331 ns, At safepoint: 53625 ns, Total: 791956 ns
[2020-08-12T20:09:40.227+0000][6][safepoint    ] Safepoint "Cleanup", Time since last: 1988253913 ns, Reaching safepoint: 1219102 ns, At safepoint: 29262 ns, Total: 1248364 ns
[2020-08-12T20:09:41.227+0000][6][safepoint    ] Safepoint "Cleanup", Time since last: 1000258241 ns, Reaching safepoint: 242960 ns, At safepoint: 12050 ns, Total: 255010 ns
[2020-08-12T20:09:42.228+0000][6][safepoint    ] Safepoint "Cleanup", Time since last: 1000169116 ns, Reaching safepoint: 295648 ns, At safepoint: 35474 ns, Total: 331122 ns
[2020-08-12T20:09:43.229+0000][6][safepoint    ] Safepoint "Cleanup", Time since last: 1000313966 ns, Reaching safepoint: 581982 ns, At safepoint: 43562 ns, Total: 625544 ns
[2020-08-12T20:09:44.230+0000][6][safepoint    ] Safepoint "Cleanup", Time since last: 1000355540 ns, Reaching safepoint: 427496 ns, At safepoint: 22213 ns, Total: 449709 ns
[2020-08-12T20:09:46.081+0000][6][safepoint    ] Safepoint "Cleanup", Time since last: 1850946440 ns, Reaching safepoint: 356647 ns, At safepoint: 11088 ns, Total: 367735 ns
[2020-08-12T20:09:47.088+0000][6][safepoint    ] Safepoint "Cleanup", Time since last: 1006675860 ns, Reaching safepoint: 867542 ns, At safepoint: 45487 ns, Total: 913029 ns
[2020-08-12T20:09:48.090+0000][6][safepoint    ] Safepoint "Cleanup", Time since last: 1000349015 ns, Reaching safepoint: 629120 ns, At safepoint: 44699 ns, Total: 673819 ns
[2020-08-12T20:09:49.090+0000][6][safepoint    ] Safepoint "Cleanup", Time since last: 1000302653 ns, Reaching safepoint: 389922 ns, At safepoint: 17200 ns, Total: 407122 ns
[2020-08-12T20:09:50.091+0000][6][safepoint    ] Safepoint "Cleanup", Time since last: 1000310153 ns, Reaching safepoint: 849630 ns, At safepoint: 43512 ns, Total: 893142 ns
[2020-08-12T20:09:51.093+0000][6][safepoint    ] Safepoint "Cleanup", Time since last: 1000297190 ns, Reaching safepoint: 754181 ns, At safepoint: 27487 ns, Total: 781668 ns
[2020-08-12T20:09:52.093+0000][6][safepoint    ] Safepoint "Cleanup", Time since last: 1000238629 ns, Reaching safepoint: 671631 ns, At safepoint: 30500 ns, Total: 702131 ns
[2020-08-12T20:09:53.095+0000][6][safepoint    ] Safepoint "Cleanup", Time since last: 1000285991 ns, Reaching safepoint: 885529 ns, At safepoint: 42563 ns, Total: 928092 ns
[2020-08-12T20:09:54.095+0000][6][safepoint    ] Safepoint "Cleanup", Time since last: 1000360327 ns, Reaching safepoint: 375547 ns, At safepoint: 17049 ns, Total: 392596 ns
[2020-08-12T20:09:55.099+0000][6][safepoint    ] Safepoint "Cleanup", Time since last: 1000928435 ns, Reaching safepoint: 2648640 ns, At safepoint: 33962 ns, Total: 2682602 ns
[2020-08-12T20:09:56.319+0000][6][safepoint    ] Safepoint "Cleanup", Time since last: 1219879712 ns, Reaching safepoint: 317035 ns, At safepoint: 10737 ns, Total: 327772 ns
[2020-08-12T20:09:57.320+0000][6][safepoint    ] Safepoint "Cleanup", Time since last: 1000214266 ns, Reaching safepoint: 847680 ns, At safepoint: 43700 ns, Total: 891380 ns
[2020-08-12T20:09:58.321+0000][6][safepoint    ] Safepoint "Cleanup", Time since last: 1000322577 ns, Reaching safepoint: 276948 ns, At safepoint: 11062 ns, Total: 288010 ns
[2020-08-12T20:09:59.322+0000][6][safepoint    ] Safepoint "Cleanup", Time since last: 1000179517 ns, Reaching safepoint: 418884 ns, At safepoint: 12012 ns, Total: 430896 ns
[2020-08-12T20:10:00.928+0000][6][safepoint    ] Safepoint "Cleanup", Time since last: 1000208654 ns, Reaching safepoint: 605232028 ns, At safepoint: 1031691 ns, Total: 606263719 ns
[2020-08-12T20:10:01.929+0000][6][safepoint    ] Safepoint "Cleanup", Time since last: 1000318140 ns, Reaching safepoint: 528083 ns, At safepoint: 24850 ns, Total: 552933 ns
[2020-08-12T20:10:02.930+0000][6][safepoint    ] Safepoint "Cleanup", Time since last: 1000262728 ns, Reaching safepoint: 1160452 ns, At safepoint: 138187 ns, Total: 1298639 ns
[2020-08-12T20:10:03.932+0000][6][safepoint    ] Safepoint "Cleanup", Time since last: 1000341352 ns, Reaching safepoint: 967904 ns, At safepoint: 183736 ns, Total: 1151640 ns
[2020-08-12T20:10:04.985+0000][6][safepoint    ] Safepoint "Cleanup", Time since last: 1000342465 ns, Reaching safepoint: 51448729 ns, At safepoint: 1598474 ns, Total: 53047203 ns
[2020-08-12T20:10:06.016+0000][6][safepoint    ] Safepoint "Cleanup", Time since last: 1000322502 ns, Reaching safepoint: 29780505 ns, At safepoint: 75486 ns, Total: 29855991 ns
[2020-08-12T20:10:07.124+0000][6][safepoint    ] Safepoint "Cleanup", Time since last: 1107045328 ns, Reaching safepoint: 1062703 ns, At safepoint: 42487 ns, Total: 1105190 ns
[2020-08-12T20:10:07.153+0000][6][safepoint    ] Safepoint "BulkRevokeBias", Time since last: 25944550 ns, Reaching safepoint: 792356 ns, At safepoint: 2615090 ns, Total: 3407446 ns
[2020-08-12T20:10:07.714+0000][6][safepoint    ] Safepoint "BulkRevokeBias", Time since last: 556047092 ns, Reaching safepoint: 863117 ns, At safepoint: 3805230 ns, Total: 4668347 ns
[2020-08-12T20:10:08.826+0000][6][safepoint    ] Safepoint "Cleanup", Time since last: 1060659304 ns, Reaching safepoint: 51938662 ns, At safepoint: 53600 ns, Total: 51992262 ns
[2020-08-12T20:10:09.694+0000][6][gc,start     ] GC(21) Pause Young (Normal) (G1 Evacuation Pause)
[2020-08-12T20:10:09.697+0000][6][gc,task      ] GC(21) Using 2 workers of 2 for evacuation
[2020-08-12T20:10:09.697+0000][6][gc,age       ] GC(21) Desired survivor size 40370176 bytes, new threshold 15 (max threshold 15)
[2020-08-12T20:10:09.771+0000][6][gc,age       ] GC(21) Age table with threshold 15 (max threshold 15)
[2020-08-12T20:10:09.771+0000][6][gc,age       ] GC(21) - age   1:     614568 bytes,     614568 total
[2020-08-12T20:10:09.771+0000][6][gc,age       ] GC(21) - age   2:     180272 bytes,     794840 total
[2020-08-12T20:10:09.771+0000][6][gc,age       ] GC(21) - age   3:     420384 bytes,    1215224 total
[2020-08-12T20:10:09.771+0000][6][gc,age       ] GC(21) - age   4:      71776 bytes,    1287000 total
[2020-08-12T20:10:09.771+0000][6][gc,phases    ] GC(21)   Pre Evacuate Collection Set: 10.1ms
[2020-08-12T20:10:09.771+0000][6][gc,phases    ] GC(21)   Merge Heap Roots: 0.4ms
[2020-08-12T20:10:09.771+0000][6][gc,phases    ] GC(21)   Evacuate Collection Set: 38.1ms
[2020-08-12T20:10:09.771+0000][6][gc,phases    ] GC(21)   Post Evacuate Collection Set: 19.6ms
[2020-08-12T20:10:09.772+0000][6][gc,phases    ] GC(21)   Other: 13.9ms
[2020-08-12T20:10:09.772+0000][6][gc,heap      ] GC(21) Eden regions: 613->0(612)
[2020-08-12T20:10:09.772+0000][6][gc,heap      ] GC(21) Survivor regions: 1->2(77)
[2020-08-12T20:10:09.772+0000][6][gc,heap      ] GC(21) Old regions: 79->79
[2020-08-12T20:10:09.772+0000][6][gc,heap      ] GC(21) Archive regions: 2->2
[2020-08-12T20:10:09.772+0000][6][gc,heap      ] GC(21) Humongous regions: 7->7
[2020-08-12T20:10:09.772+0000][6][gc,metaspace ] GC(21) Metaspace: 95550K(103116K)->95550K(103116K) NonClass: 83037K(87628K)->83037K(87628K) Class: 12512K(15488K)->12512K(15488K)
[2020-08-12T20:10:09.772+0000][6][gc           ] GC(21) Pause Young (Normal) (G1 Evacuation Pause) 699M->87M(1024M) 77.445ms
[2020-08-12T20:10:09.772+0000][6][gc,cpu       ] GC(21) User=0.04s Sys=0.00s Real=0.07s
[2020-08-12T20:10:09.772+0000][6][safepoint    ] Safepoint "G1CollectForAllocation", Time since last: 841450667 ns, Reaching safepoint: 298698 ns, At safepoint: 103995086 ns, Total: 104293784 ns
[2020-08-12T20:10:10.779+0000][6][safepoint    ] Safepoint "Cleanup", Time since last: 1006054265 ns, Reaching safepoint: 406484 ns, At safepoint: 40575 ns, Total: 447059 ns
[2020-08-12T20:10:11.709+0000][6][safepoint    ] Safepoint "ICBufferFull", Time since last: 929626615 ns, Reaching safepoint: 340360 ns, At safepoint: 21312 ns, Total: 361672 ns
[2020-08-12T20:10:12.641+0000][6][safepoint    ] Safepoint "BulkRevokeBias", Time since last: 931303801 ns, Reaching safepoint: 608558 ns, At safepoint: 799893 ns, Total: 1408451 ns
[2020-08-12T20:10:12.929+0000][6][gc,heap,exit ] Heap
[2020-08-12T20:10:12.929+0000][6][gc,heap,exit ]  garbage-first heap   total 1048576K, used 164241K [0x00000000c0000000, 0x0000000100000000)
[2020-08-12T20:10:12.929+0000][6][gc,heap,exit ]   region size 1024K, 77 young (78848K), 2 survivors (2048K)
[2020-08-12T20:10:12.929+0000][6][gc,heap,exit ]  Metaspace       used 96257K, capacity 103722K, committed 104012K, reserved 1138688K
[2020-08-12T20:10:12.929+0000][6][gc,heap,exit ]   class space    used 12572K, capacity 15587K, committed 15616K, reserved 1048576K
