[2020-08-12T19:07:30.499+0000][6][gc,heap] Heap region size: 1M
[2020-08-12T19:07:30.500+0000][6][gc,heap,coops] Heap address: 0x00000000c0000000, size: 1024 MB, Compressed Oops mode: 32-bit
[2020-08-12T19:07:33.338+0000][6][gc           ] Using G1
[2020-08-12T19:07:33.339+0000][6][gc,cds       ] Mark closed archive regions in map: [0x00000000fff00000, 0x00000000fff7eff8]
[2020-08-12T19:07:33.339+0000][6][gc,cds       ] Mark open archive regions in map: [0x00000000ffe00000, 0x00000000ffe51ff8]
[2020-08-12T19:07:33.555+0000][6][gc           ] Periodic GC disabled
[2020-08-12T19:07:35.095+0000][6][safepoint    ] Safepoint "Cleanup", Time since last: 1651909758 ns, Reaching safepoint: 9995039 ns, At safepoint: 16250 ns, Total: 10011289 ns
[2020-08-12T19:07:36.105+0000][6][safepoint    ] Safepoint "Cleanup", Time since last: 1000162689 ns, Reaching safepoint: 9909627 ns, At safepoint: 15050 ns, Total: 9924677 ns
[2020-08-12T19:07:37.482+0000][6][safepoint    ] Safepoint "Cleanup", Time since last: 1371781497 ns, Reaching safepoint: 5135618 ns, At safepoint: 16262 ns, Total: 5151880 ns
[2020-08-12T19:07:38.482+0000][6][safepoint    ] Safepoint "Cleanup", Time since last: 1000168565 ns, Reaching safepoint: 144336 ns, At safepoint: 8037 ns, Total: 152373 ns
[2020-08-12T19:07:39.844+0000][6][safepoint    ] Safepoint "Cleanup", Time since last: 1361435224 ns, Reaching safepoint: 204723 ns, At safepoint: 8813 ns, Total: 213536 ns
[2020-08-12T19:07:40.848+0000][6][safepoint    ] Safepoint "Cleanup", Time since last: 1000894483 ns, Reaching safepoint: 3133798 ns, At safepoint: 16800 ns, Total: 3150598 ns
[2020-08-12T19:07:41.849+0000][6][safepoint    ] Safepoint "Cleanup", Time since last: 1000186164 ns, Reaching safepoint: 251348 ns, At safepoint: 12150 ns, Total: 263498 ns
[2020-08-12T19:07:42.851+0000][6][safepoint    ] Safepoint "Cleanup", Time since last: 1002399395 ns, Reaching safepoint: 133699 ns, At safepoint: 8500 ns, Total: 142199 ns
[2020-08-12T19:07:43.854+0000][6][safepoint    ] Safepoint "Cleanup", Time since last: 1002841479 ns, Reaching safepoint: 128349 ns, At safepoint: 8237 ns, Total: 136586 ns
[2020-08-12T19:07:44.855+0000][6][safepoint    ] Safepoint "Cleanup", Time since last: 1000871084 ns, Reaching safepoint: 252948 ns, At safepoint: 11525 ns, Total: 264473 ns
[2020-08-12T19:07:45.856+0000][6][safepoint    ] Safepoint "Cleanup", Time since last: 1000176189 ns, Reaching safepoint: 223786 ns, At safepoint: 10574 ns, Total: 234360 ns
[2020-08-12T19:07:46.310+0000][6][gc,start     ] GC(0) Pause Young (Normal) (G1 Evacuation Pause)
[2020-08-12T19:07:46.313+0000][6][gc,task      ] GC(0) Using 2 workers of 2 for evacuation
[2020-08-12T19:07:46.313+0000][6][gc,age       ] GC(0) Desired survivor size 3670016 bytes, new threshold 15 (max threshold 15)
[2020-08-12T19:07:46.360+0000][6][gc,age       ] GC(0) Age table with threshold 15 (max threshold 15)
[2020-08-12T19:07:46.360+0000][6][gc,age       ] GC(0) - age   1:    4854552 bytes,    4854552 total
[2020-08-12T19:07:46.360+0000][6][gc,phases    ] GC(0)   Pre Evacuate Collection Set: 0.4ms
[2020-08-12T19:07:46.360+0000][6][gc,phases    ] GC(0)   Merge Heap Roots: 0.1ms
[2020-08-12T19:07:46.360+0000][6][gc,phases    ] GC(0)   Evacuate Collection Set: 44.1ms
[2020-08-12T19:07:46.360+0000][6][gc,phases    ] GC(0)   Post Evacuate Collection Set: 1.9ms
[2020-08-12T19:07:46.360+0000][6][gc,phases    ] GC(0)   Other: 3.2ms
[2020-08-12T19:07:46.360+0000][6][gc,heap      ] GC(0) Eden regions: 51->0(46)
[2020-08-12T19:07:46.360+0000][6][gc,heap      ] GC(0) Survivor regions: 0->5(7)
[2020-08-12T19:07:46.360+0000][6][gc,heap      ] GC(0) Old regions: 0->0
[2020-08-12T19:07:46.360+0000][6][gc,heap      ] GC(0) Archive regions: 2->2
[2020-08-12T19:07:46.360+0000][6][gc,heap      ] GC(0) Humongous regions: 1->1
[2020-08-12T19:07:46.360+0000][6][gc,metaspace ] GC(0) Metaspace: 11623K(12416K)->11623K(12416K) NonClass: 10196K(10752K)->10196K(10752K) Class: 1426K(1664K)->1426K(1664K)
[2020-08-12T19:07:46.360+0000][6][gc           ] GC(0) Pause Young (Normal) (G1 Evacuation Pause) 52M->6M(1024M) 50.122ms
[2020-08-12T19:07:46.361+0000][6][gc,cpu       ] GC(0) User=0.03s Sys=0.00s Real=0.05s
[2020-08-12T19:07:46.361+0000][6][safepoint    ] Safepoint "G1CollectForAllocation", Time since last: 454524452 ns, Reaching safepoint: 137362 ns, At safepoint: 50339326 ns, Total: 50476688 ns
[2020-08-12T19:07:47.663+0000][6][safepoint    ] Safepoint "Cleanup", Time since last: 1299982269 ns, Reaching safepoint: 2303742 ns, At safepoint: 26012 ns, Total: 2329754 ns
[2020-08-12T19:07:49.432+0000][6][safepoint    ] Safepoint "Cleanup", Time since last: 1769020008 ns, Reaching safepoint: 418434 ns, At safepoint: 18099 ns, Total: 436533 ns
[2020-08-12T19:07:50.436+0000][6][safepoint    ] Safepoint "Cleanup", Time since last: 1001577803 ns, Reaching safepoint: 1899883 ns, At safepoint: 36050 ns, Total: 1935933 ns
[2020-08-12T19:07:51.436+0000][6][safepoint    ] Safepoint "Cleanup", Time since last: 1000228127 ns, Reaching safepoint: 181385 ns, At safepoint: 8713 ns, Total: 190098 ns
[2020-08-12T19:07:51.941+0000][6][gc,start     ] GC(1) Pause Young (Normal) (G1 Evacuation Pause)
[2020-08-12T19:07:51.941+0000][6][gc,task      ] GC(1) Using 2 workers of 2 for evacuation
[2020-08-12T19:07:51.941+0000][6][gc,age       ] GC(1) Desired survivor size 3670016 bytes, new threshold 1 (max threshold 15)
[2020-08-12T19:07:51.997+0000][6][gc,age       ] GC(1) Age table with threshold 1 (max threshold 15)
[2020-08-12T19:07:51.997+0000][6][gc,age       ] GC(1) - age   1:    2309280 bytes,    2309280 total
[2020-08-12T19:07:51.997+0000][6][gc,phases    ] GC(1)   Pre Evacuate Collection Set: 0.5ms
[2020-08-12T19:07:51.997+0000][6][gc,phases    ] GC(1)   Merge Heap Roots: 0.1ms
[2020-08-12T19:07:51.997+0000][6][gc,phases    ] GC(1)   Evacuate Collection Set: 51.1ms
[2020-08-12T19:07:51.997+0000][6][gc,phases    ] GC(1)   Post Evacuate Collection Set: 4.7ms
[2020-08-12T19:07:51.998+0000][6][gc,phases    ] GC(1)   Other: 0.5ms
[2020-08-12T19:07:51.998+0000][6][gc,heap      ] GC(1) Eden regions: 46->0(48)
[2020-08-12T19:07:51.998+0000][6][gc,heap      ] GC(1) Survivor regions: 5->3(7)
[2020-08-12T19:07:51.998+0000][6][gc,heap      ] GC(1) Old regions: 0->5
[2020-08-12T19:07:51.998+0000][6][gc,heap      ] GC(1) Archive regions: 2->2
[2020-08-12T19:07:51.999+0000][6][gc,heap      ] GC(1) Humongous regions: 1->1
[2020-08-12T19:07:51.999+0000][6][gc,metaspace ] GC(1) Metaspace: 14199K(14976K)->14199K(14976K) NonClass: 12509K(13056K)->12509K(13056K) Class: 1690K(1920K)->1690K(1920K)
[2020-08-12T19:07:51.999+0000][6][gc           ] GC(1) Pause Young (Normal) (G1 Evacuation Pause) 52M->8M(1024M) 58.787ms
[2020-08-12T19:07:51.999+0000][6][gc,cpu       ] GC(1) User=0.03s Sys=0.00s Real=0.06s
[2020-08-12T19:07:51.999+0000][6][safepoint    ] Safepoint "G1CollectForAllocation", Time since last: 504024461 ns, Reaching safepoint: 202798 ns, At safepoint: 58965877 ns, Total: 59168675 ns
[2020-08-12T19:07:52.011+0000][6][safepoint    ] Safepoint "BulkRevokeBias", Time since last: 6029273 ns, Reaching safepoint: 5371078 ns, At safepoint: 188111 ns, Total: 5559189 ns
[2020-08-12T19:07:53.290+0000][6][safepoint    ] Safepoint "Cleanup", Time since last: 1278309981 ns, Reaching safepoint: 654519 ns, At safepoint: 21088 ns, Total: 675607 ns
[2020-08-12T19:07:54.335+0000][6][safepoint    ] Safepoint "Cleanup", Time since last: 1023837284 ns, Reaching safepoint: 14996821 ns, At safepoint: 5762637 ns, Total: 20759458 ns
[2020-08-12T19:07:54.993+0000][6][gc,start     ] GC(2) Pause Young (Normal) (G1 Evacuation Pause)
[2020-08-12T19:07:54.993+0000][6][gc,task      ] GC(2) Using 2 workers of 2 for evacuation
[2020-08-12T19:07:54.993+0000][6][gc,age       ] GC(2) Desired survivor size 3670016 bytes, new threshold 15 (max threshold 15)
[2020-08-12T19:07:55.047+0000][6][gc,age       ] GC(2) Age table with threshold 15 (max threshold 15)
[2020-08-12T19:07:55.047+0000][6][gc,age       ] GC(2) - age   1:    3144704 bytes,    3144704 total
[2020-08-12T19:07:55.047+0000][6][gc,age       ] GC(2) - age   2:    1657496 bytes,    4802200 total
[2020-08-12T19:07:55.047+0000][6][gc,phases    ] GC(2)   Pre Evacuate Collection Set: 1.2ms
[2020-08-12T19:07:55.047+0000][6][gc,phases    ] GC(2)   Merge Heap Roots: 0.1ms
[2020-08-12T19:07:55.047+0000][6][gc,phases    ] GC(2)   Evacuate Collection Set: 49.9ms
[2020-08-12T19:07:55.047+0000][6][gc,phases    ] GC(2)   Post Evacuate Collection Set: 2.6ms
[2020-08-12T19:07:55.047+0000][6][gc,phases    ] GC(2)   Other: 0.5ms
[2020-08-12T19:07:55.047+0000][6][gc,heap      ] GC(2) Eden regions: 48->0(48)
[2020-08-12T19:07:55.047+0000][6][gc,heap      ] GC(2) Survivor regions: 3->5(7)
[2020-08-12T19:07:55.047+0000][6][gc,heap      ] GC(2) Old regions: 5->5
[2020-08-12T19:07:55.047+0000][6][gc,heap      ] GC(2) Archive regions: 2->2
[2020-08-12T19:07:55.047+0000][6][gc,heap      ] GC(2) Humongous regions: 2->1
[2020-08-12T19:07:55.047+0000][6][gc,metaspace ] GC(2) Metaspace: 17091K(17792K)->17091K(17792K) NonClass: 14987K(15360K)->14987K(15360K) Class: 2104K(2432K)->2104K(2432K)
[2020-08-12T19:07:55.047+0000][6][gc           ] GC(2) Pause Young (Normal) (G1 Evacuation Pause) 57M->11M(1024M) 54.666ms
[2020-08-12T19:07:55.047+0000][6][gc,cpu       ] GC(2) User=0.03s Sys=0.00s Real=0.06s
[2020-08-12T19:07:55.047+0000][6][safepoint    ] Safepoint "G1CollectForAllocation", Time since last: 657712218 ns, Reaching safepoint: 236372 ns, At safepoint: 54859950 ns, Total: 55096322 ns
[2020-08-12T19:07:55.079+0000][6][safepoint    ] Safepoint "BulkRevokeBias", Time since last: 11110892 ns, Reaching safepoint: 3365683 ns, At safepoint: 16998990 ns, Total: 20364673 ns
[2020-08-12T19:07:55.081+0000][6][safepoint    ] Safepoint "BulkRevokeBias", Time since last: 182899 ns, Reaching safepoint: 1936933 ns, At safepoint: 151949 ns, Total: 2088882 ns
[2020-08-12T19:07:56.022+0000][6][gc,start     ] GC(3) Pause Young (Normal) (G1 Evacuation Pause)
[2020-08-12T19:07:56.022+0000][6][gc,task      ] GC(3) Using 2 workers of 2 for evacuation
[2020-08-12T19:07:56.022+0000][6][gc,age       ] GC(3) Desired survivor size 3670016 bytes, new threshold 2 (max threshold 15)
[2020-08-12T19:07:56.107+0000][6][gc,age       ] GC(3) Age table with threshold 2 (max threshold 15)
[2020-08-12T19:07:56.108+0000][6][gc,age       ] GC(3) - age   1:    2112680 bytes,    2112680 total
[2020-08-12T19:07:56.108+0000][6][gc,age       ] GC(3) - age   2:    2604288 bytes,    4716968 total
[2020-08-12T19:07:56.108+0000][6][gc,phases    ] GC(3)   Pre Evacuate Collection Set: 0.5ms
[2020-08-12T19:07:56.108+0000][6][gc,phases    ] GC(3)   Merge Heap Roots: 0.1ms
[2020-08-12T19:07:56.108+0000][6][gc,phases    ] GC(3)   Evacuate Collection Set: 67.8ms
[2020-08-12T19:07:56.108+0000][6][gc,phases    ] GC(3)   Post Evacuate Collection Set: 16.9ms
[2020-08-12T19:07:56.108+0000][6][gc,phases    ] GC(3)   Other: 0.5ms
[2020-08-12T19:07:56.108+0000][6][gc,heap      ] GC(3) Eden regions: 48->0(59)
[2020-08-12T19:07:56.108+0000][6][gc,heap      ] GC(3) Survivor regions: 5->5(7)
[2020-08-12T19:07:56.108+0000][6][gc,heap      ] GC(3) Old regions: 5->7
[2020-08-12T19:07:56.108+0000][6][gc,heap      ] GC(3) Archive regions: 2->2
[2020-08-12T19:07:56.108+0000][6][gc,heap      ] GC(3) Humongous regions: 1->1
[2020-08-12T19:07:56.108+0000][6][gc,metaspace ] GC(3) Metaspace: 17162K(18048K)->17162K(18048K) NonClass: 15053K(15616K)->15053K(15616K) Class: 2108K(2432K)->2108K(2432K)
[2020-08-12T19:07:56.108+0000][6][gc           ] GC(3) Pause Young (Normal) (G1 Evacuation Pause) 59M->12M(1024M) 86.128ms
[2020-08-12T19:07:56.108+0000][6][gc,cpu       ] GC(3) User=0.04s Sys=0.01s Real=0.09s
[2020-08-12T19:07:56.108+0000][6][safepoint    ] Safepoint "G1CollectForAllocation", Time since last: 937366458 ns, Reaching safepoint: 3212910 ns, At safepoint: 86326040 ns, Total: 89538950 ns
[2020-08-12T19:07:57.158+0000][6][safepoint    ] Safepoint "Cleanup", Time since last: 1047807827 ns, Reaching safepoint: 2012007 ns, At safepoint: 17400 ns, Total: 2029407 ns
[2020-08-12T19:07:57.217+0000][6][gc,start     ] GC(4) Pause Young (Normal) (G1 Evacuation Pause)
[2020-08-12T19:07:57.217+0000][6][gc,task      ] GC(4) Using 2 workers of 2 for evacuation
[2020-08-12T19:07:57.217+0000][6][gc,age       ] GC(4) Desired survivor size 4194304 bytes, new threshold 2 (max threshold 15)
[2020-08-12T19:07:57.230+0000][6][gc,age       ] GC(4) Age table with threshold 2 (max threshold 15)
[2020-08-12T19:07:57.230+0000][6][gc,age       ] GC(4) - age   1:     698216 bytes,     698216 total
[2020-08-12T19:07:57.230+0000][6][gc,age       ] GC(4) - age   2:      69464 bytes,     767680 total
[2020-08-12T19:07:57.230+0000][6][gc,phases    ] GC(4)   Pre Evacuate Collection Set: 0.4ms
[2020-08-12T19:07:57.230+0000][6][gc,phases    ] GC(4)   Merge Heap Roots: 0.1ms
[2020-08-12T19:07:57.230+0000][6][gc,phases    ] GC(4)   Evacuate Collection Set: 10.7ms
[2020-08-12T19:07:57.230+0000][6][gc,phases    ] GC(4)   Post Evacuate Collection Set: 1.2ms
[2020-08-12T19:07:57.230+0000][6][gc,phases    ] GC(4)   Other: 0.5ms
[2020-08-12T19:07:57.230+0000][6][gc,heap      ] GC(4) Eden regions: 59->0(609)
[2020-08-12T19:07:57.230+0000][6][gc,heap      ] GC(4) Survivor regions: 5->2(8)
[2020-08-12T19:07:57.230+0000][6][gc,heap      ] GC(4) Old regions: 7->9
[2020-08-12T19:07:57.230+0000][6][gc,heap      ] GC(4) Archive regions: 2->2
[2020-08-12T19:07:57.230+0000][6][gc,heap      ] GC(4) Humongous regions: 1->1
[2020-08-12T19:07:57.230+0000][6][gc,metaspace ] GC(4) Metaspace: 17314K(18048K)->17314K(18048K) NonClass: 15194K(15616K)->15194K(15616K) Class: 2120K(2432K)->2120K(2432K)
[2020-08-12T19:07:57.230+0000][6][gc           ] GC(4) Pause Young (Normal) (G1 Evacuation Pause) 71M->12M(1024M) 13.261ms
[2020-08-12T19:07:57.231+0000][6][gc,cpu       ] GC(4) User=0.01s Sys=0.00s Real=0.01s
[2020-08-12T19:07:57.231+0000][6][safepoint    ] Safepoint "G1CollectForAllocation", Time since last: 58985577 ns, Reaching safepoint: 208448 ns, At safepoint: 13430071 ns, Total: 13638519 ns
[2020-08-12T19:07:58.681+0000][6][safepoint    ] Safepoint "Cleanup", Time since last: 1448650594 ns, Reaching safepoint: 1872709 ns, At safepoint: 14275 ns, Total: 1886984 ns
[2020-08-12T19:07:59.708+0000][6][safepoint    ] Safepoint "Cleanup", Time since last: 1000184627 ns, Reaching safepoint: 26422621 ns, At safepoint: 21737 ns, Total: 26444358 ns
[2020-08-12T19:08:01.160+0000][6][safepoint    ] Safepoint "Cleanup", Time since last: 1452189988 ns, Reaching safepoint: 174624 ns, At safepoint: 8650 ns, Total: 183274 ns
[2020-08-12T19:08:02.168+0000][6][safepoint    ] Safepoint "Cleanup", Time since last: 1000228526 ns, Reaching safepoint: 7339849 ns, At safepoint: 15663 ns, Total: 7355512 ns
[2020-08-12T19:08:04.180+0000][6][safepoint    ] Safepoint "Cleanup", Time since last: 2012224101 ns, Reaching safepoint: 232960 ns, At safepoint: 15313 ns, Total: 248273 ns
[2020-08-12T19:08:05.186+0000][6][safepoint    ] Safepoint "Cleanup", Time since last: 1003761108 ns, Reaching safepoint: 2120369 ns, At safepoint: 15825 ns, Total: 2136194 ns
[2020-08-12T19:08:06.235+0000][6][safepoint    ] Safepoint "Cleanup", Time since last: 1045836482 ns, Reaching safepoint: 3153810 ns, At safepoint: 21475 ns, Total: 3175285 ns
[2020-08-12T19:08:07.238+0000][6][safepoint    ] Safepoint "Cleanup", Time since last: 1001835462 ns, Reaching safepoint: 1200452 ns, At safepoint: 18575 ns, Total: 1219027 ns
[2020-08-12T19:08:08.239+0000][6][safepoint    ] Safepoint "Cleanup", Time since last: 1000208240 ns, Reaching safepoint: 228473 ns, At safepoint: 14662 ns, Total: 243135 ns
[2020-08-12T19:08:08.785+0000][6][gc,start     ] GC(5) Pause Young (Normal) (G1 Evacuation Pause)
[2020-08-12T19:08:08.785+0000][6][gc,task      ] GC(5) Using 2 workers of 2 for evacuation
[2020-08-12T19:08:08.785+0000][6][gc,age       ] GC(5) Desired survivor size 40370176 bytes, new threshold 15 (max threshold 15)
[2020-08-12T19:08:08.844+0000][6][gc,age       ] GC(5) Age table with threshold 15 (max threshold 15)
[2020-08-12T19:08:08.844+0000][6][gc,age       ] GC(5) - age   1:    6911344 bytes,    6911344 total
[2020-08-12T19:08:08.845+0000][6][gc,age       ] GC(5) - age   2:     337472 bytes,    7248816 total
[2020-08-12T19:08:08.845+0000][6][gc,age       ] GC(5) - age   3:      69464 bytes,    7318280 total
[2020-08-12T19:08:08.845+0000][6][gc,phases    ] GC(5)   Pre Evacuate Collection Set: 0.5ms
[2020-08-12T19:08:08.845+0000][6][gc,phases    ] GC(5)   Merge Heap Roots: 0.2ms
[2020-08-12T19:08:08.845+0000][6][gc,phases    ] GC(5)   Evacuate Collection Set: 55.5ms
[2020-08-12T19:08:08.845+0000][6][gc,phases    ] GC(5)   Post Evacuate Collection Set: 2.5ms
[2020-08-12T19:08:08.845+0000][6][gc,phases    ] GC(5)   Other: 0.9ms
[2020-08-12T19:08:08.845+0000][6][gc,heap      ] GC(5) Eden regions: 609->0(450)
[2020-08-12T19:08:08.845+0000][6][gc,heap      ] GC(5) Survivor regions: 2->8(77)
[2020-08-12T19:08:08.845+0000][6][gc,heap      ] GC(5) Old regions: 9->9
[2020-08-12T19:08:08.845+0000][6][gc,heap      ] GC(5) Archive regions: 2->2
[2020-08-12T19:08:08.845+0000][6][gc,heap      ] GC(5) Humongous regions: 1->1
[2020-08-12T19:08:08.845+0000][6][gc,metaspace ] GC(5) Metaspace: 19700K(20992K)->19700K(20992K) NonClass: 17284K(18176K)->17284K(18176K) Class: 2415K(2816K)->2415K(2816K)
[2020-08-12T19:08:08.845+0000][6][gc           ] GC(5) Pause Young (Normal) (G1 Evacuation Pause) 621M->17M(1024M) 59.942ms
[2020-08-12T19:08:08.845+0000][6][gc,cpu       ] GC(5) User=0.05s Sys=0.00s Real=0.06s
[2020-08-12T19:08:08.845+0000][6][safepoint    ] Safepoint "G1CollectForAllocation", Time since last: 543861241 ns, Reaching safepoint: 2601215 ns, At safepoint: 60124392 ns, Total: 62725607 ns
[2020-08-12T19:08:08.849+0000][6][safepoint    ] Safepoint "BulkRevokeBias", Time since last: 2002057 ns, Reaching safepoint: 1353501 ns, At safepoint: 142074 ns, Total: 1495575 ns
[2020-08-12T19:08:08.899+0000][6][safepoint    ] Safepoint "BulkRevokeBias", Time since last: 49009650 ns, Reaching safepoint: 1284914 ns, At safepoint: 187186 ns, Total: 1472100 ns
[2020-08-12T19:08:08.901+0000][6][safepoint    ] Safepoint "BulkRevokeBias", Time since last: 1777697 ns, Reaching safepoint: 124899 ns, At safepoint: 144274 ns, Total: 269173 ns
[2020-08-12T19:08:09.800+0000][6][gc,start     ] GC(6) Pause Young (Concurrent Start) (Metadata GC Threshold)
[2020-08-12T19:08:09.800+0000][6][gc,task      ] GC(6) Using 2 workers of 2 for evacuation
[2020-08-12T19:08:09.801+0000][6][gc,age       ] GC(6) Desired survivor size 30408704 bytes, new threshold 15 (max threshold 15)
[2020-08-12T19:08:09.842+0000][6][gc,age       ] GC(6) Age table with threshold 15 (max threshold 15)
[2020-08-12T19:08:09.842+0000][6][gc,age       ] GC(6) - age   1:     466896 bytes,     466896 total
[2020-08-12T19:08:09.842+0000][6][gc,age       ] GC(6) - age   2:    6372272 bytes,    6839168 total
[2020-08-12T19:08:09.842+0000][6][gc,age       ] GC(6) - age   3:     337472 bytes,    7176640 total
[2020-08-12T19:08:09.843+0000][6][gc,age       ] GC(6) - age   4:      69176 bytes,    7245816 total
[2020-08-12T19:08:09.843+0000][6][gc,phases    ] GC(6)   Pre Evacuate Collection Set: 3.0ms
[2020-08-12T19:08:09.843+0000][6][gc,phases    ] GC(6)   Merge Heap Roots: 0.2ms
[2020-08-12T19:08:09.843+0000][6][gc,phases    ] GC(6)   Evacuate Collection Set: 28.9ms
[2020-08-12T19:08:09.843+0000][6][gc,phases    ] GC(6)   Post Evacuate Collection Set: 9.3ms
[2020-08-12T19:08:09.843+0000][6][gc,phases    ] GC(6)   Other: 0.9ms
[2020-08-12T19:08:09.843+0000][6][gc,heap      ] GC(6) Eden regions: 64->0(535)
[2020-08-12T19:08:09.843+0000][6][gc,heap      ] GC(6) Survivor regions: 8->8(58)
[2020-08-12T19:08:09.843+0000][6][gc,heap      ] GC(6) Old regions: 9->9
[2020-08-12T19:08:09.843+0000][6][gc,heap      ] GC(6) Archive regions: 2->2
[2020-08-12T19:08:09.843+0000][6][gc,heap      ] GC(6) Humongous regions: 1->1
[2020-08-12T19:08:09.843+0000][6][gc,metaspace ] GC(6) Metaspace: 19837K(21248K)->19837K(21248K) NonClass: 17404K(18432K)->17404K(18432K) Class: 2433K(2816K)->2433K(2816K)
[2020-08-12T19:08:09.843+0000][6][gc           ] GC(6) Pause Young (Concurrent Start) (Metadata GC Threshold) 81M->18M(1024M) 42.566ms
[2020-08-12T19:08:09.843+0000][6][gc,cpu       ] GC(6) User=0.03s Sys=0.00s Real=0.04s
[2020-08-12T19:08:09.843+0000][6][safepoint    ] Safepoint "CollectForMetadataAllocation", Time since last: 895732294 ns, Reaching safepoint: 3370333 ns, At safepoint: 43156589 ns, Total: 46526922 ns
[2020-08-12T19:08:09.844+0000][6][gc           ] GC(7) Concurrent Cycle
[2020-08-12T19:08:09.844+0000][6][gc,marking   ] GC(7) Concurrent Clear Claimed Marks
[2020-08-12T19:08:09.844+0000][6][gc,marking   ] GC(7) Concurrent Clear Claimed Marks 0.117ms
[2020-08-12T19:08:09.844+0000][6][gc,marking   ] GC(7) Concurrent Scan Root Regions
[2020-08-12T19:08:09.853+0000][6][gc,marking   ] GC(7) Concurrent Scan Root Regions 9.500ms
[2020-08-12T19:08:09.853+0000][6][gc,marking   ] GC(7) Concurrent Mark (39.375s)
[2020-08-12T19:08:09.853+0000][6][gc,marking   ] GC(7) Concurrent Mark From Roots
[2020-08-12T19:08:09.853+0000][6][gc,task      ] GC(7) Using 1 workers of 1 for marking
[2020-08-12T19:08:09.990+0000][6][gc,marking   ] GC(7) Concurrent Mark From Roots 136.546ms
[2020-08-12T19:08:09.990+0000][6][gc,marking   ] GC(7) Concurrent Preclean
[2020-08-12T19:08:09.990+0000][6][gc,marking   ] GC(7) Concurrent Preclean 0.267ms
[2020-08-12T19:08:09.990+0000][6][gc,marking   ] GC(7) Concurrent Mark (39.375s, 39.512s) 136.964ms
[2020-08-12T19:08:09.999+0000][6][gc,start     ] GC(7) Pause Remark
[2020-08-12T19:08:10.025+0000][6][gc           ] GC(7) Pause Remark 29M->29M(1024M) 25.595ms
[2020-08-12T19:08:10.025+0000][6][gc,cpu       ] GC(7) User=0.01s Sys=0.01s Real=0.03s
[2020-08-12T19:08:10.025+0000][6][safepoint    ] Safepoint "G1Concurrent", Time since last: 146919703 ns, Reaching safepoint: 8888073 ns, At safepoint: 25783827 ns, Total: 34671900 ns
[2020-08-12T19:08:10.025+0000][6][gc,marking   ] GC(7) Concurrent Rebuild Remembered Sets
[2020-08-12T19:08:10.069+0000][6][gc,marking   ] GC(7) Concurrent Rebuild Remembered Sets 44.251ms
[2020-08-12T19:08:10.076+0000][6][gc,start     ] GC(7) Pause Cleanup
[2020-08-12T19:08:10.077+0000][6][gc           ] GC(7) Pause Cleanup 31M->31M(1024M) 0.534ms
[2020-08-12T19:08:10.077+0000][6][gc,cpu       ] GC(7) User=0.00s Sys=0.00s Real=0.00s
[2020-08-12T19:08:10.077+0000][6][safepoint    ] Safepoint "G1Concurrent", Time since last: 44483502 ns, Reaching safepoint: 6680705 ns, At safepoint: 738906 ns, Total: 7419611 ns
[2020-08-12T19:08:10.077+0000][6][gc,marking   ] GC(7) Concurrent Cleanup for Next Mark
[2020-08-12T19:08:10.105+0000][6][gc,marking   ] GC(7) Concurrent Cleanup for Next Mark 27.473ms
[2020-08-12T19:08:10.105+0000][6][gc           ] GC(7) Concurrent Cycle 261.062ms
[2020-08-12T19:08:11.079+0000][6][safepoint    ] Safepoint "Cleanup", Time since last: 1001964586 ns, Reaching safepoint: 159711 ns, At safepoint: 15063 ns, Total: 174774 ns
[2020-08-12T19:08:12.080+0000][6][safepoint    ] Safepoint "Cleanup", Time since last: 1000219101 ns, Reaching safepoint: 198411 ns, At safepoint: 10762 ns, Total: 209173 ns
[2020-08-12T19:08:13.084+0000][6][safepoint    ] Safepoint "Cleanup", Time since last: 1001431504 ns, Reaching safepoint: 3118361 ns, At safepoint: 20437 ns, Total: 3138798 ns
[2020-08-12T19:08:14.089+0000][6][safepoint    ] Safepoint "Cleanup", Time since last: 1003808696 ns, Reaching safepoint: 1038341 ns, At safepoint: 14999 ns, Total: 1053340 ns
[2020-08-12T19:08:15.089+0000][6][safepoint    ] Safepoint "Cleanup", Time since last: 1000175915 ns, Reaching safepoint: 247098 ns, At safepoint: 16500 ns, Total: 263598 ns
[2020-08-12T19:08:16.251+0000][6][safepoint    ] Safepoint "Cleanup", Time since last: 1161553467 ns, Reaching safepoint: 186886 ns, At safepoint: 9175 ns, Total: 196061 ns
[2020-08-12T19:08:17.905+0000][6][safepoint    ] Safepoint "Cleanup", Time since last: 1646918051 ns, Reaching safepoint: 7386012 ns, At safepoint: 21374 ns, Total: 7407386 ns
[2020-08-12T19:08:18.913+0000][6][safepoint    ] Safepoint "Cleanup", Time since last: 1000176802 ns, Reaching safepoint: 7694021 ns, At safepoint: 20188 ns, Total: 7714209 ns
[2020-08-12T19:08:19.918+0000][6][safepoint    ] Safepoint "Cleanup", Time since last: 1000188064 ns, Reaching safepoint: 4775946 ns, At safepoint: 16275 ns, Total: 4792221 ns
[2020-08-12T19:08:20.935+0000][6][safepoint    ] Safepoint "Cleanup", Time since last: 1016897495 ns, Reaching safepoint: 233573 ns, At safepoint: 8837 ns, Total: 242410 ns
[2020-08-12T19:08:21.939+0000][6][safepoint    ] Safepoint "Cleanup", Time since last: 1002045323 ns, Reaching safepoint: 1852547 ns, At safepoint: 20862 ns, Total: 1873409 ns
[2020-08-12T19:08:23.795+0000][6][safepoint    ] Safepoint "Cleanup", Time since last: 1846745059 ns, Reaching safepoint: 8540014 ns, At safepoint: 22537 ns, Total: 8562551 ns
[2020-08-12T19:08:24.798+0000][6][safepoint    ] Safepoint "Cleanup", Time since last: 1000848509 ns, Reaching safepoint: 2352954 ns, At safepoint: 26188 ns, Total: 2379142 ns
[2020-08-12T19:08:25.810+0000][6][safepoint    ] Safepoint "Cleanup", Time since last: 1002502019 ns, Reaching safepoint: 9748803 ns, At safepoint: 19050 ns, Total: 9767853 ns
[2020-08-12T19:08:27.813+0000][6][safepoint    ] Safepoint "Cleanup", Time since last: 2001140960 ns, Reaching safepoint: 1495349 ns, At safepoint: 37812 ns, Total: 1533161 ns
[2020-08-12T19:08:28.813+0000][6][safepoint    ] Safepoint "Cleanup", Time since last: 1000188440 ns, Reaching safepoint: 239185 ns, At safepoint: 13125 ns, Total: 252310 ns
[2020-08-12T19:08:29.818+0000][6][safepoint    ] Safepoint "Cleanup", Time since last: 1003567885 ns, Reaching safepoint: 1189128 ns, At safepoint: 17799 ns, Total: 1206927 ns
[2020-08-12T19:08:31.830+0000][6][safepoint    ] Safepoint "Cleanup", Time since last: 2003029719 ns, Reaching safepoint: 8876735 ns, At safepoint: 32800 ns, Total: 8909535 ns
[2020-08-12T19:08:32.860+0000][6][safepoint    ] Safepoint "Cleanup", Time since last: 1029439086 ns, Reaching safepoint: 296135 ns, At safepoint: 10575 ns, Total: 306710 ns
[2020-08-12T19:08:33.904+0000][6][safepoint    ] Safepoint "Cleanup", Time since last: 1043157855 ns, Reaching safepoint: 1114653 ns, At safepoint: 16312 ns, Total: 1130965 ns
[2020-08-12T19:08:34.905+0000][6][safepoint    ] Safepoint "Cleanup", Time since last: 1000182190 ns, Reaching safepoint: 447321 ns, At safepoint: 15087 ns, Total: 462408 ns
[2020-08-12T19:08:35.560+0000][6][gc,start     ] GC(8) Pause Young (Normal) (G1 Evacuation Pause)
[2020-08-12T19:08:35.561+0000][6][gc,task      ] GC(8) Using 2 workers of 2 for evacuation
[2020-08-12T19:08:35.561+0000][6][gc,age       ] GC(8) Desired survivor size 40370176 bytes, new threshold 15 (max threshold 15)
[2020-08-12T19:08:35.910+0000][6][gc,age       ] GC(8) Age table with threshold 15 (max threshold 15)
[2020-08-12T19:08:35.910+0000][6][gc,age       ] GC(8) - age   1:   22044688 bytes,   22044688 total
[2020-08-12T19:08:35.910+0000][6][gc,age       ] GC(8) - age   2:     445520 bytes,   22490208 total
[2020-08-12T19:08:35.910+0000][6][gc,age       ] GC(8) - age   3:    6344640 bytes,   28834848 total
[2020-08-12T19:08:35.910+0000][6][gc,age       ] GC(8) - age   4:     336912 bytes,   29171760 total
[2020-08-12T19:08:35.910+0000][6][gc,age       ] GC(8) - age   5:      68856 bytes,   29240616 total
[2020-08-12T19:08:35.911+0000][6][gc,mmu       ] GC(8) MMU target violated: 201.0ms (200.0ms/201.0ms)
[2020-08-12T19:08:35.911+0000][6][gc,phases    ] GC(8)   Pre Evacuate Collection Set: 0.8ms
[2020-08-12T19:08:35.911+0000][6][gc,phases    ] GC(8)   Merge Heap Roots: 0.4ms
[2020-08-12T19:08:35.911+0000][6][gc,phases    ] GC(8)   Evacuate Collection Set: 342.2ms
[2020-08-12T19:08:35.911+0000][6][gc,phases    ] GC(8)   Post Evacuate Collection Set: 5.9ms
[2020-08-12T19:08:35.911+0000][6][gc,phases    ] GC(8)   Other: 1.0ms
[2020-08-12T19:08:35.911+0000][6][gc,heap      ] GC(8) Eden regions: 606->0(129)
[2020-08-12T19:08:35.911+0000][6][gc,heap      ] GC(8) Survivor regions: 8->29(77)
[2020-08-12T19:08:35.911+0000][6][gc,heap      ] GC(8) Old regions: 9->9
[2020-08-12T19:08:35.911+0000][6][gc,heap      ] GC(8) Archive regions: 2->2
[2020-08-12T19:08:35.914+0000][6][gc,heap      ] GC(8) Humongous regions: 1->1
[2020-08-12T19:08:35.914+0000][6][gc,metaspace ] GC(8) Metaspace: 29363K(32256K)->29363K(32256K) NonClass: 25628K(27648K)->25628K(27648K) Class: 3735K(4608K)->3735K(4608K)
[2020-08-12T19:08:35.914+0000][6][gc           ] GC(8) Pause Young (Normal) (G1 Evacuation Pause) 624M->39M(1024M) 353.661ms
[2020-08-12T19:08:35.914+0000][6][gc,cpu       ] GC(8) User=0.26s Sys=0.00s Real=0.36s
[2020-08-12T19:08:35.914+0000][6][safepoint    ] Safepoint "G1CollectForAllocation", Time since last: 655485387 ns, Reaching safepoint: 157211 ns, At safepoint: 353895136 ns, Total: 354052347 ns
[2020-08-12T19:08:37.005+0000][6][safepoint    ] Safepoint "Cleanup", Time since last: 1089877887 ns, Reaching safepoint: 496559 ns, At safepoint: 10799 ns, Total: 507358 ns
[2020-08-12T19:08:39.008+0000][6][safepoint    ] Safepoint "Cleanup", Time since last: 2000268055 ns, Reaching safepoint: 3142735 ns, At safepoint: 15688 ns, Total: 3158423 ns
[2020-08-12T19:08:40.011+0000][6][safepoint    ] Safepoint "Cleanup", Time since last: 1000179714 ns, Reaching safepoint: 2857488 ns, At safepoint: 15825 ns, Total: 2873313 ns
[2020-08-12T19:08:41.013+0000][6][safepoint    ] Safepoint "Cleanup", Time since last: 1001788538 ns, Reaching safepoint: 324060 ns, At safepoint: 12437 ns, Total: 336497 ns
[2020-08-12T19:08:42.016+0000][6][safepoint    ] Safepoint "Cleanup", Time since last: 1000672098 ns, Reaching safepoint: 2269455 ns, At safepoint: 17062 ns, Total: 2286517 ns
[2020-08-12T19:08:42.110+0000][6][gc,start     ] GC(9) Pause Young (Concurrent Start) (Metadata GC Threshold)
[2020-08-12T19:08:42.110+0000][6][gc,task      ] GC(9) Using 2 workers of 2 for evacuation
[2020-08-12T19:08:42.110+0000][6][gc,age       ] GC(9) Desired survivor size 10485760 bytes, new threshold 1 (max threshold 15)
[2020-08-12T19:08:42.444+0000][6][gc,age       ] GC(9) Age table with threshold 1 (max threshold 15)
[2020-08-12T19:08:42.444+0000][6][gc,age       ] GC(9) - age   1:    8288592 bytes,    8288592 total
[2020-08-12T19:08:42.444+0000][6][gc,mmu       ] GC(9) MMU target violated: 201.0ms (200.0ms/201.0ms)
[2020-08-12T19:08:42.444+0000][6][gc,phases    ] GC(9)   Pre Evacuate Collection Set: 0.7ms
[2020-08-12T19:08:42.444+0000][6][gc,phases    ] GC(9)   Merge Heap Roots: 0.3ms
[2020-08-12T19:08:42.444+0000][6][gc,phases    ] GC(9)   Evacuate Collection Set: 329.5ms
[2020-08-12T19:08:42.444+0000][6][gc,phases    ] GC(9)   Post Evacuate Collection Set: 3.5ms
[2020-08-12T19:08:42.444+0000][6][gc,phases    ] GC(9)   Other: 0.6ms
[2020-08-12T19:08:42.444+0000][6][gc,heap      ] GC(9) Eden regions: 84->0(76)
[2020-08-12T19:08:42.444+0000][6][gc,heap      ] GC(9) Survivor regions: 29->9(20)
[2020-08-12T19:08:42.444+0000][6][gc,heap      ] GC(9) Old regions: 9->37
[2020-08-12T19:08:42.444+0000][6][gc,heap      ] GC(9) Archive regions: 2->2
[2020-08-12T19:08:42.444+0000][6][gc,heap      ] GC(9) Humongous regions: 1->1
[2020-08-12T19:08:42.444+0000][6][gc,metaspace ] GC(9) Metaspace: 32817K(35840K)->32817K(35840K) NonClass: 28503K(30592K)->28503K(30592K) Class: 4314K(5248K)->4314K(5248K)
[2020-08-12T19:08:42.444+0000][6][gc           ] GC(9) Pause Young (Concurrent Start) (Metadata GC Threshold) 123M->47M(1024M) 334.847ms
[2020-08-12T19:08:42.444+0000][6][gc,cpu       ] GC(9) User=0.21s Sys=0.01s Real=0.34s
[2020-08-12T19:08:42.445+0000][6][gc           ] GC(10) Concurrent Cycle
[2020-08-12T19:08:42.445+0000][6][gc,marking   ] GC(10) Concurrent Clear Claimed Marks
[2020-08-12T19:08:42.445+0000][6][safepoint    ] Safepoint "CollectForMetadataAllocation", Time since last: 93069695 ns, Reaching safepoint: 169498 ns, At safepoint: 335260447 ns, Total: 335429945 ns
[2020-08-12T19:08:42.445+0000][6][gc,marking   ] GC(10) Concurrent Clear Claimed Marks 0.297ms
[2020-08-12T19:08:42.445+0000][6][gc,marking   ] GC(10) Concurrent Scan Root Regions
[2020-08-12T19:08:42.634+0000][6][safepoint    ] Safepoint "CollectForMetadataAllocation", Time since last: 189010101 ns, Reaching safepoint: 130511 ns, At safepoint: 403772 ns, Total: 534283 ns
[2020-08-12T19:08:42.736+0000][6][gc,marking   ] GC(10) Concurrent Scan Root Regions 291.358ms
[2020-08-12T19:08:42.736+0000][6][gc,marking   ] GC(10) Concurrent Mark (72.258s)
[2020-08-12T19:08:42.736+0000][6][gc,marking   ] GC(10) Concurrent Mark From Roots
[2020-08-12T19:08:42.736+0000][6][gc,task      ] GC(10) Using 1 workers of 1 for marking
[2020-08-12T19:08:42.856+0000][6][gc,marking   ] GC(10) Concurrent Mark From Roots 119.639ms
[2020-08-12T19:08:42.856+0000][6][gc,marking   ] GC(10) Concurrent Preclean
[2020-08-12T19:08:42.856+0000][6][gc,marking   ] GC(10) Concurrent Preclean 0.243ms
[2020-08-12T19:08:42.856+0000][6][gc,marking   ] GC(10) Concurrent Mark (72.258s, 72.378s) 120.031ms
[2020-08-12T19:08:42.868+0000][6][gc,start     ] GC(10) Pause Remark
[2020-08-12T19:08:42.904+0000][6][gc           ] GC(10) Pause Remark 49M->49M(1024M) 36.115ms
[2020-08-12T19:08:42.904+0000][6][gc,cpu       ] GC(10) User=0.01s Sys=0.00s Real=0.04s
[2020-08-12T19:08:42.904+0000][6][safepoint    ] Safepoint "G1Concurrent", Time since last: 222288313 ns, Reaching safepoint: 11364251 ns, At safepoint: 36326661 ns, Total: 47690912 ns
[2020-08-12T19:08:42.907+0000][6][gc,marking   ] GC(10) Concurrent Rebuild Remembered Sets
[2020-08-12T19:08:43.224+0000][6][gc,marking   ] GC(10) Concurrent Rebuild Remembered Sets 317.138ms
[2020-08-12T19:08:43.229+0000][6][gc,start     ] GC(10) Pause Cleanup
[2020-08-12T19:08:43.229+0000][6][gc           ] GC(10) Pause Cleanup 51M->51M(1024M) 0.753ms
[2020-08-12T19:08:43.229+0000][6][gc,cpu       ] GC(10) User=0.00s Sys=0.00s Real=0.00s
[2020-08-12T19:08:43.229+0000][6][safepoint    ] Safepoint "G1Concurrent", Time since last: 319978179 ns, Reaching safepoint: 4320100 ns, At safepoint: 943892 ns, Total: 5263992 ns
[2020-08-12T19:08:43.230+0000][6][gc,marking   ] GC(10) Concurrent Cleanup for Next Mark
[2020-08-12T19:08:43.248+0000][6][gc,marking   ] GC(10) Concurrent Cleanup for Next Mark 18.280ms
[2020-08-12T19:08:43.248+0000][6][gc           ] GC(10) Concurrent Cycle 803.427ms
[2020-08-12T19:08:44.231+0000][6][safepoint    ] Safepoint "Cleanup", Time since last: 1000112602 ns, Reaching safepoint: 1083829 ns, At safepoint: 12862 ns, Total: 1096691 ns
[2020-08-12T19:08:44.494+0000][6][gc,start     ] GC(11) Pause Young (Concurrent Start) (G1 Evacuation Pause)
[2020-08-12T19:08:44.494+0000][6][gc,task      ] GC(11) Using 2 workers of 2 for evacuation
[2020-08-12T19:08:44.494+0000][6][gc,age       ] GC(11) Desired survivor size 5767168 bytes, new threshold 1 (max threshold 15)
[2020-08-12T19:08:44.557+0000][6][gc,age       ] GC(11) Age table with threshold 1 (max threshold 15)
[2020-08-12T19:08:44.558+0000][6][gc,age       ] GC(11) - age   1:     556360 bytes,     556360 total
[2020-08-12T19:08:44.558+0000][6][gc,phases    ] GC(11)   Pre Evacuate Collection Set: 0.7ms
[2020-08-12T19:08:44.558+0000][6][gc,phases    ] GC(11)   Merge Heap Roots: 0.4ms
[2020-08-12T19:08:44.558+0000][6][gc,phases    ] GC(11)   Evacuate Collection Set: 58.0ms
[2020-08-12T19:08:44.558+0000][6][gc,phases    ] GC(11)   Post Evacuate Collection Set: 4.5ms
[2020-08-12T19:08:44.558+0000][6][gc,phases    ] GC(11)   Other: 0.5ms
[2020-08-12T19:08:44.558+0000][6][gc,heap      ] GC(11) Eden regions: 76->0(185)
[2020-08-12T19:08:44.558+0000][6][gc,heap      ] GC(11) Survivor regions: 9->2(11)
[2020-08-12T19:08:44.558+0000][6][gc,heap      ] GC(11) Old regions: 37->45
[2020-08-12T19:08:44.558+0000][6][gc,heap      ] GC(11) Archive regions: 2->2
[2020-08-12T19:08:44.558+0000][6][gc,heap      ] GC(11) Humongous regions: 1->1
[2020-08-12T19:08:44.558+0000][6][gc,metaspace ] GC(11) Metaspace: 34696K(37836K)->34696K(37836K) NonClass: 30177K(32332K)->30177K(32332K) Class: 4518K(5504K)->4518K(5504K)
[2020-08-12T19:08:44.558+0000][6][gc           ] GC(11) Pause Young (Concurrent Start) (G1 Evacuation Pause) 123M->48M(1024M) 64.408ms
[2020-08-12T19:08:44.558+0000][6][gc,cpu       ] GC(11) User=0.05s Sys=0.00s Real=0.07s
[2020-08-12T19:08:44.558+0000][6][safepoint    ] Safepoint "G1CollectForAllocation", Time since last: 262728200 ns, Reaching safepoint: 136049 ns, At safepoint: 64596840 ns, Total: 64732889 ns
[2020-08-12T19:08:44.558+0000][6][gc           ] GC(12) Concurrent Cycle
[2020-08-12T19:08:44.558+0000][6][gc,marking   ] GC(12) Concurrent Clear Claimed Marks
[2020-08-12T19:08:44.558+0000][6][gc,marking   ] GC(12) Concurrent Clear Claimed Marks 0.252ms
[2020-08-12T19:08:44.559+0000][6][gc,marking   ] GC(12) Concurrent Scan Root Regions
[2020-08-12T19:08:44.638+0000][6][gc,marking   ] GC(12) Concurrent Scan Root Regions 79.297ms
[2020-08-12T19:08:44.638+0000][6][gc,marking   ] GC(12) Concurrent Mark (74.160s)
[2020-08-12T19:08:44.638+0000][6][gc,marking   ] GC(12) Concurrent Mark From Roots
[2020-08-12T19:08:44.638+0000][6][gc,task      ] GC(12) Using 1 workers of 1 for marking
[2020-08-12T19:08:45.384+0000][6][gc,marking   ] GC(12) Concurrent Mark From Roots 746.380ms
[2020-08-12T19:08:45.384+0000][6][gc,marking   ] GC(12) Concurrent Preclean
[2020-08-12T19:08:45.385+0000][6][gc,marking   ] GC(12) Concurrent Preclean 0.319ms
[2020-08-12T19:08:45.385+0000][6][gc,marking   ] GC(12) Concurrent Mark (74.160s, 74.906s) 746.843ms
[2020-08-12T19:08:45.389+0000][6][gc,start     ] GC(12) Pause Remark
[2020-08-12T19:08:45.414+0000][6][gc           ] GC(12) Pause Remark 81M->81M(1024M) 25.441ms
[2020-08-12T19:08:45.414+0000][6][gc,cpu       ] GC(12) User=0.01s Sys=0.00s Real=0.03s
[2020-08-12T19:08:45.414+0000][6][safepoint    ] Safepoint "G1Concurrent", Time since last: 826760492 ns, Reaching safepoint: 3884153 ns, At safepoint: 25620504 ns, Total: 29504657 ns
[2020-08-12T19:08:45.414+0000][6][gc,marking   ] GC(12) Concurrent Rebuild Remembered Sets
[2020-08-12T19:08:46.082+0000][6][gc,marking   ] GC(12) Concurrent Rebuild Remembered Sets 668.022ms
[2020-08-12T19:08:46.084+0000][6][gc,start     ] GC(12) Pause Cleanup
[2020-08-12T19:08:46.085+0000][6][gc           ] GC(12) Pause Cleanup 83M->83M(1024M) 0.639ms
[2020-08-12T19:08:46.085+0000][6][gc,cpu       ] GC(12) User=0.00s Sys=0.00s Real=0.00s
[2020-08-12T19:08:46.085+0000][6][safepoint    ] Safepoint "G1Concurrent", Time since last: 668235063 ns, Reaching safepoint: 1758310 ns, At safepoint: 817193 ns, Total: 2575503 ns
[2020-08-12T19:08:46.085+0000][6][gc,marking   ] GC(12) Concurrent Cleanup for Next Mark
[2020-08-12T19:08:46.119+0000][6][gc,marking   ] GC(12) Concurrent Cleanup for Next Mark 33.563ms
[2020-08-12T19:08:46.119+0000][6][gc           ] GC(12) Concurrent Cycle 1560.782ms
[2020-08-12T19:08:47.089+0000][6][safepoint    ] Safepoint "Cleanup", Time since last: 1000129165 ns, Reaching safepoint: 3774255 ns, At safepoint: 15675 ns, Total: 3789930 ns
[2020-08-12T19:08:48.090+0000][6][safepoint    ] Safepoint "Cleanup", Time since last: 1000190314 ns, Reaching safepoint: 288623 ns, At safepoint: 14662 ns, Total: 303285 ns
[2020-08-12T19:08:49.350+0000][6][safepoint    ] Safepoint "Cleanup", Time since last: 1252328781 ns, Reaching safepoint: 8218929 ns, At safepoint: 16025 ns, Total: 8234954 ns
[2020-08-12T19:08:50.668+0000][6][safepoint    ] Safepoint "Cleanup", Time since last: 1317730740 ns, Reaching safepoint: 242298 ns, At safepoint: 10749 ns, Total: 253047 ns
[2020-08-12T19:08:52.669+0000][6][safepoint    ] Safepoint "Cleanup", Time since last: 2000287567 ns, Reaching safepoint: 272261 ns, At safepoint: 10825 ns, Total: 283086 ns
[2020-08-12T19:08:53.670+0000][6][safepoint    ] Safepoint "Cleanup", Time since last: 1001159731 ns, Reaching safepoint: 243760 ns, At safepoint: 13000 ns, Total: 256760 ns
[2020-08-12T19:08:54.677+0000][6][safepoint    ] Safepoint "Cleanup", Time since last: 1005738379 ns, Reaching safepoint: 1107015 ns, At safepoint: 14225 ns, Total: 1121240 ns
[2020-08-12T19:08:55.683+0000][6][safepoint    ] Safepoint "Cleanup", Time since last: 1004039169 ns, Reaching safepoint: 1625798 ns, At safepoint: 15775 ns, Total: 1641573 ns
[2020-08-12T19:08:56.684+0000][6][safepoint    ] Safepoint "Cleanup", Time since last: 1000206877 ns, Reaching safepoint: 1186414 ns, At safepoint: 23313 ns, Total: 1209727 ns
[2020-08-12T19:08:58.268+0000][6][safepoint    ] Safepoint "Cleanup", Time since last: 1583151629 ns, Reaching safepoint: 700531 ns, At safepoint: 13625 ns, Total: 714156 ns
[2020-08-12T19:08:59.268+0000][6][safepoint    ] Safepoint "Cleanup", Time since last: 1000172602 ns, Reaching safepoint: 311822 ns, At safepoint: 11625 ns, Total: 323447 ns
[2020-08-12T19:09:00.787+0000][6][safepoint    ] Safepoint "Cleanup", Time since last: 1518111755 ns, Reaching safepoint: 309935 ns, At safepoint: 15862 ns, Total: 325797 ns
[2020-08-12T19:09:01.811+0000][6][safepoint    ] Safepoint "Cleanup", Time since last: 1023862547 ns, Reaching safepoint: 231673 ns, At safepoint: 13950 ns, Total: 245623 ns
[2020-08-12T19:09:03.881+0000][6][safepoint    ] Safepoint "Cleanup", Time since last: 2067982831 ns, Reaching safepoint: 2023982 ns, At safepoint: 15563 ns, Total: 2039545 ns
[2020-08-12T19:09:04.890+0000][6][safepoint    ] Safepoint "Cleanup", Time since last: 1008857064 ns, Reaching safepoint: 168386 ns, At safepoint: 9187 ns, Total: 177573 ns
[2020-08-12T19:09:05.930+0000][6][safepoint    ] Safepoint "Cleanup", Time since last: 1032003352 ns, Reaching safepoint: 8022493 ns, At safepoint: 18575 ns, Total: 8041068 ns
[2020-08-12T19:09:06.930+0000][6][safepoint    ] Safepoint "Cleanup", Time since last: 1000170714 ns, Reaching safepoint: 141674 ns, At safepoint: 8700 ns, Total: 150374 ns
[2020-08-12T19:09:07.399+0000][6][gc,start     ] GC(13) Pause Young (Normal) (G1 Evacuation Pause)
[2020-08-12T19:09:07.399+0000][6][gc,task      ] GC(13) Using 2 workers of 2 for evacuation
[2020-08-12T19:09:07.399+0000][6][gc,age       ] GC(13) Desired survivor size 13107200 bytes, new threshold 15 (max threshold 15)
[2020-08-12T19:09:07.565+0000][6][gc,age       ] GC(13) Age table with threshold 15 (max threshold 15)
[2020-08-12T19:09:07.565+0000][6][gc,age       ] GC(13) - age   1:    9324752 bytes,    9324752 total
[2020-08-12T19:09:07.565+0000][6][gc,age       ] GC(13) - age   2:     501664 bytes,    9826416 total
[2020-08-12T19:09:07.565+0000][6][gc,phases    ] GC(13)   Pre Evacuate Collection Set: 0.4ms
[2020-08-12T19:09:07.565+0000][6][gc,phases    ] GC(13)   Merge Heap Roots: 0.5ms
[2020-08-12T19:09:07.565+0000][6][gc,phases    ] GC(13)   Evacuate Collection Set: 153.8ms
[2020-08-12T19:09:07.565+0000][6][gc,phases    ] GC(13)   Post Evacuate Collection Set: 11.1ms
[2020-08-12T19:09:07.565+0000][6][gc,phases    ] GC(13)   Other: 0.5ms
[2020-08-12T19:09:07.565+0000][6][gc,heap      ] GC(13) Eden regions: 196->0(91)
[2020-08-12T19:09:07.565+0000][6][gc,heap      ] GC(13) Survivor regions: 2->10(25)
[2020-08-12T19:09:07.565+0000][6][gc,heap      ] GC(13) Old regions: 45->45
[2020-08-12T19:09:07.565+0000][6][gc,heap      ] GC(13) Archive regions: 2->2
[2020-08-12T19:09:07.565+0000][6][gc,heap      ] GC(13) Humongous regions: 1->1
[2020-08-12T19:09:07.565+0000][6][gc,metaspace ] GC(13) Metaspace: 53613K(58880K)->53613K(58880K) NonClass: 46304K(49664K)->46304K(49664K) Class: 7309K(9216K)->7309K(9216K)
[2020-08-12T19:09:07.566+0000][6][gc           ] GC(13) Pause Young (Normal) (G1 Evacuation Pause) 244M->56M(1024M) 166.491ms
[2020-08-12T19:09:07.566+0000][6][gc,cpu       ] GC(13) User=0.13s Sys=0.00s Real=0.17s
[2020-08-12T19:09:07.566+0000][6][safepoint    ] Safepoint "G1CollectForAllocation", Time since last: 462201023 ns, Reaching safepoint: 6322758 ns, At safepoint: 166686831 ns, Total: 173009589 ns
[2020-08-12T19:09:07.649+0000][6][safepoint    ] Safepoint "BulkRevokeBias", Time since last: 83340029 ns, Reaching safepoint: 144061 ns, At safepoint: 229285 ns, Total: 373346 ns
[2020-08-12T19:09:08.490+0000][6][safepoint    ] Safepoint "BulkRevokeBias", Time since last: 835534403 ns, Reaching safepoint: 5223630 ns, At safepoint: 207748 ns, Total: 5431378 ns
[2020-08-12T19:09:08.516+0000][6][safepoint    ] Safepoint "BulkRevokeBias", Time since last: 25178145 ns, Reaching safepoint: 110936 ns, At safepoint: 193611 ns, Total: 304547 ns
[2020-08-12T19:09:08.562+0000][6][safepoint    ] Safepoint "BulkRevokeBias", Time since last: 46084538 ns, Reaching safepoint: 116437 ns, At safepoint: 169823 ns, Total: 286260 ns
[2020-08-12T19:09:09.644+0000][6][safepoint    ] Safepoint "Cleanup", Time since last: 1081734096 ns, Reaching safepoint: 183099 ns, At safepoint: 8887 ns, Total: 191986 ns
[2020-08-12T19:09:10.944+0000][6][safepoint    ] Safepoint "Cleanup", Time since last: 1299354174 ns, Reaching safepoint: 569707 ns, At safepoint: 10013 ns, Total: 579720 ns
[2020-08-12T19:09:11.857+0000][6][gc,start     ] GC(14) Pause Young (Concurrent Start) (Metadata GC Threshold)
[2020-08-12T19:09:11.857+0000][6][gc,task      ] GC(14) Using 2 workers of 2 for evacuation
[2020-08-12T19:09:11.857+0000][6][gc,age       ] GC(14) Desired survivor size 6815744 bytes, new threshold 1 (max threshold 15)
[2020-08-12T19:09:12.013+0000][6][gc,age       ] GC(14) Age table with threshold 1 (max threshold 15)
[2020-08-12T19:09:12.014+0000][6][gc,age       ] GC(14) - age   1:    1240368 bytes,    1240368 total
[2020-08-12T19:09:12.014+0000][6][gc,phases    ] GC(14)   Pre Evacuate Collection Set: 1.0ms
[2020-08-12T19:09:12.014+0000][6][gc,phases    ] GC(14)   Merge Heap Roots: 1.9ms
[2020-08-12T19:09:12.014+0000][6][gc,phases    ] GC(14)   Evacuate Collection Set: 147.2ms
[2020-08-12T19:09:12.014+0000][6][gc,phases    ] GC(14)   Post Evacuate Collection Set: 5.9ms
[2020-08-12T19:09:12.014+0000][6][gc,phases    ] GC(14)   Other: 0.5ms
[2020-08-12T19:09:12.014+0000][6][gc,heap      ] GC(14) Eden regions: 83->0(184)
[2020-08-12T19:09:12.014+0000][6][gc,heap      ] GC(14) Survivor regions: 10->2(13)
[2020-08-12T19:09:12.014+0000][6][gc,heap      ] GC(14) Old regions: 45->55
[2020-08-12T19:09:12.014+0000][6][gc,heap      ] GC(14) Archive regions: 2->2
[2020-08-12T19:09:12.014+0000][6][gc,heap      ] GC(14) Humongous regions: 1->1
[2020-08-12T19:09:12.014+0000][6][gc,metaspace ] GC(14) Metaspace: 58209K(63700K)->58209K(63700K) NonClass: 50181K(53504K)->50181K(53504K) Class: 8027K(10196K)->8027K(10196K)
[2020-08-12T19:09:12.014+0000][6][gc           ] GC(14) Pause Young (Concurrent Start) (Metadata GC Threshold) 138M->57M(1024M) 156.913ms
[2020-08-12T19:09:12.014+0000][6][gc,cpu       ] GC(14) User=0.09s Sys=0.00s Real=0.16s
[2020-08-12T19:09:12.014+0000][6][safepoint    ] Safepoint "CollectForMetadataAllocation", Time since last: 908145136 ns, Reaching safepoint: 4776171 ns, At safepoint: 157488662 ns, Total: 162264833 ns
[2020-08-12T19:09:12.015+0000][6][gc           ] GC(15) Concurrent Cycle
[2020-08-12T19:09:12.015+0000][6][gc,marking   ] GC(15) Concurrent Clear Claimed Marks
[2020-08-12T19:09:12.015+0000][6][gc,marking   ] GC(15) Concurrent Clear Claimed Marks 0.606ms
[2020-08-12T19:09:12.015+0000][6][gc,marking   ] GC(15) Concurrent Scan Root Regions
[2020-08-12T19:09:12.119+0000][6][gc,marking   ] GC(15) Concurrent Scan Root Regions 104.192ms
[2020-08-12T19:09:12.120+0000][6][gc,marking   ] GC(15) Concurrent Mark (101.641s)
[2020-08-12T19:09:12.120+0000][6][gc,marking   ] GC(15) Concurrent Mark From Roots
[2020-08-12T19:09:12.120+0000][6][gc,task      ] GC(15) Using 1 workers of 1 for marking
[2020-08-12T19:09:12.337+0000][6][safepoint    ] Safepoint "CollectForMetadataAllocation", Time since last: 309852429 ns, Reaching safepoint: 11874897 ns, At safepoint: 486059 ns, Total: 12360956 ns
[2020-08-12T19:09:12.631+0000][6][safepoint    ] Safepoint "CollectForMetadataAllocation", Time since last: 293520308 ns, Reaching safepoint: 224598 ns, At safepoint: 294723 ns, Total: 519321 ns
[2020-08-12T19:09:12.955+0000][6][safepoint    ] Safepoint "CollectForMetadataAllocation", Time since last: 321300830 ns, Reaching safepoint: 2132007 ns, At safepoint: 437083 ns, Total: 2569090 ns
[2020-08-12T19:09:13.079+0000][6][gc,marking   ] GC(15) Concurrent Mark From Roots 959.563ms
[2020-08-12T19:09:13.079+0000][6][gc,marking   ] GC(15) Concurrent Preclean
[2020-08-12T19:09:13.080+0000][6][gc,marking   ] GC(15) Concurrent Preclean 0.310ms
[2020-08-12T19:09:13.080+0000][6][gc,marking   ] GC(15) Concurrent Mark (101.641s, 102.601s) 960.023ms
[2020-08-12T19:09:13.091+0000][6][gc,start     ] GC(15) Pause Remark
[2020-08-12T19:09:13.125+0000][6][gc           ] GC(15) Pause Remark 67M->67M(1024M) 33.995ms
[2020-08-12T19:09:13.126+0000][6][gc,cpu       ] GC(15) User=0.02s Sys=0.00s Real=0.04s
[2020-08-12T19:09:13.126+0000][6][safepoint    ] Safepoint "G1Concurrent", Time since last: 125080267 ns, Reaching safepoint: 11770261 ns, At safepoint: 34189404 ns, Total: 45959665 ns
[2020-08-12T19:09:13.128+0000][6][gc,marking   ] GC(15) Concurrent Rebuild Remembered Sets
[2020-08-12T19:09:13.275+0000][6][safepoint    ] Safepoint "BulkRevokeBias", Time since last: 146796804 ns, Reaching safepoint: 2278405 ns, At safepoint: 363122 ns, Total: 2641527 ns
[2020-08-12T19:09:13.909+0000][6][gc,marking   ] GC(15) Concurrent Rebuild Remembered Sets 780.911ms
[2020-08-12T19:09:13.909+0000][6][gc,start     ] GC(15) Pause Cleanup
[2020-08-12T19:09:13.910+0000][6][gc           ] GC(15) Pause Cleanup 72M->72M(1024M) 0.502ms
[2020-08-12T19:09:13.910+0000][6][gc,cpu       ] GC(15) User=0.00s Sys=0.00s Real=0.00s
[2020-08-12T19:09:13.910+0000][6][safepoint    ] Safepoint "G1Concurrent", Time since last: 633972535 ns, Reaching safepoint: 337135 ns, At safepoint: 658119 ns, Total: 995254 ns
[2020-08-12T19:09:13.913+0000][6][gc,marking   ] GC(15) Concurrent Cleanup for Next Mark
[2020-08-12T19:09:13.937+0000][6][gc,marking   ] GC(15) Concurrent Cleanup for Next Mark 24.428ms
[2020-08-12T19:09:13.937+0000][6][gc           ] GC(15) Concurrent Cycle 1922.930ms
[2020-08-12T19:09:15.913+0000][6][safepoint    ] Safepoint "Cleanup", Time since last: 2001900441 ns, Reaching safepoint: 1395350 ns, At safepoint: 31375 ns, Total: 1426725 ns
[2020-08-12T19:09:17.282+0000][6][safepoint    ] Safepoint "Cleanup", Time since last: 1365657687 ns, Reaching safepoint: 2607540 ns, At safepoint: 21375 ns, Total: 2628915 ns
[2020-08-12T19:09:18.283+0000][6][safepoint    ] Safepoint "Cleanup", Time since last: 1000280964 ns, Reaching safepoint: 678131 ns, At safepoint: 20688 ns, Total: 698819 ns
[2020-08-12T19:09:19.991+0000][6][safepoint    ] Safepoint "Cleanup", Time since last: 1708293382 ns, Reaching safepoint: 490746 ns, At safepoint: 11625 ns, Total: 502371 ns
[2020-08-12T19:09:20.995+0000][6][safepoint    ] Safepoint "Cleanup", Time since last: 1000181015 ns, Reaching safepoint: 3432057 ns, At safepoint: 16788 ns, Total: 3448845 ns
[2020-08-12T19:09:22.004+0000][6][safepoint    ] Safepoint "Cleanup", Time since last: 1000859808 ns, Reaching safepoint: 8001881 ns, At safepoint: 28912 ns, Total: 8030793 ns
[2020-08-12T19:09:23.188+0000][6][safepoint    ] Safepoint "Cleanup", Time since last: 1181957728 ns, Reaching safepoint: 2072395 ns, At safepoint: 18487 ns, Total: 2090882 ns
[2020-08-12T19:09:24.189+0000][6][safepoint    ] Safepoint "Cleanup", Time since last: 1000183052 ns, Reaching safepoint: 658232 ns, At safepoint: 11887 ns, Total: 670119 ns
[2020-08-12T19:09:25.189+0000][6][safepoint    ] Safepoint "Cleanup", Time since last: 1000188677 ns, Reaching safepoint: 359460 ns, At safepoint: 11999 ns, Total: 371459 ns
[2020-08-12T19:09:26.190+0000][6][safepoint    ] Safepoint "Cleanup", Time since last: 1000204227 ns, Reaching safepoint: 179574 ns, At safepoint: 9050 ns, Total: 188624 ns
[2020-08-12T19:09:27.246+0000][6][safepoint    ] Safepoint "Cleanup", Time since last: 1055463260 ns, Reaching safepoint: 254323 ns, At safepoint: 10488 ns, Total: 264811 ns
[2020-08-12T19:09:28.249+0000][6][safepoint    ] Safepoint "Cleanup", Time since last: 1001392966 ns, Reaching safepoint: 2268618 ns, At safepoint: 14112 ns, Total: 2282730 ns
[2020-08-12T19:09:29.912+0000][6][safepoint    ] Safepoint "Cleanup", Time since last: 1662837264 ns, Reaching safepoint: 274836 ns, At safepoint: 8487 ns, Total: 283323 ns
[2020-08-12T19:09:31.433+0000][6][safepoint    ] Safepoint "Cleanup", Time since last: 1519399193 ns, Reaching safepoint: 1262502 ns, At safepoint: 15350 ns, Total: 1277852 ns
[2020-08-12T19:09:31.956+0000][6][gc,start     ] GC(16) Pause Young (Concurrent Start) (G1 Evacuation Pause)
[2020-08-12T19:09:31.956+0000][6][gc,task      ] GC(16) Using 2 workers of 2 for evacuation
[2020-08-12T19:09:31.956+0000][6][gc,age       ] GC(16) Desired survivor size 12582912 bytes, new threshold 15 (max threshold 15)
[2020-08-12T19:09:32.075+0000][6][gc,age       ] GC(16) Age table with threshold 15 (max threshold 15)
[2020-08-12T19:09:32.075+0000][6][gc,age       ] GC(16) - age   1:    6468976 bytes,    6468976 total
[2020-08-12T19:09:32.075+0000][6][gc,age       ] GC(16) - age   2:    1122208 bytes,    7591184 total
[2020-08-12T19:09:32.075+0000][6][gc,phases    ] GC(16)   Pre Evacuate Collection Set: 1.1ms
[2020-08-12T19:09:32.075+0000][6][gc,phases    ] GC(16)   Merge Heap Roots: 2.8ms
[2020-08-12T19:09:32.075+0000][6][gc,phases    ] GC(16)   Evacuate Collection Set: 108.6ms
[2020-08-12T19:09:32.075+0000][6][gc,phases    ] GC(16)   Post Evacuate Collection Set: 5.8ms
[2020-08-12T19:09:32.075+0000][6][gc,phases    ] GC(16)   Other: 0.7ms
[2020-08-12T19:09:32.075+0000][6][gc,heap      ] GC(16) Eden regions: 190->0(108)
[2020-08-12T19:09:32.075+0000][6][gc,heap      ] GC(16) Survivor regions: 2->8(24)
[2020-08-12T19:09:32.075+0000][6][gc,heap      ] GC(16) Old regions: 55->55
[2020-08-12T19:09:32.075+0000][6][gc,heap      ] GC(16) Archive regions: 2->2
[2020-08-12T19:09:32.075+0000][6][gc,heap      ] GC(16) Humongous regions: 1->1
[2020-08-12T19:09:32.075+0000][6][gc,metaspace ] GC(16) Metaspace: 77647K(84308K)->77647K(84308K) NonClass: 67031K(70912K)->67031K(70912K) Class: 10615K(13396K)->10615K(13396K)
[2020-08-12T19:09:32.076+0000][6][gc           ] GC(16) Pause Young (Concurrent Start) (G1 Evacuation Pause) 247M->63M(1024M) 119.345ms
[2020-08-12T19:09:32.076+0000][6][gc,cpu       ] GC(16) User=0.07s Sys=0.00s Real=0.12s
[2020-08-12T19:09:32.076+0000][6][safepoint    ] Safepoint "G1CollectForAllocation", Time since last: 522318402 ns, Reaching safepoint: 776768 ns, At safepoint: 119553240 ns, Total: 120330008 ns
[2020-08-12T19:09:32.076+0000][6][gc           ] GC(17) Concurrent Cycle
[2020-08-12T19:09:32.076+0000][6][gc,marking   ] GC(17) Concurrent Clear Claimed Marks
[2020-08-12T19:09:32.077+0000][6][gc,marking   ] GC(17) Concurrent Clear Claimed Marks 0.879ms
[2020-08-12T19:09:32.077+0000][6][gc,marking   ] GC(17) Concurrent Scan Root Regions
[2020-08-12T19:09:32.150+0000][6][gc,marking   ] GC(17) Concurrent Scan Root Regions 73.153ms
[2020-08-12T19:09:32.150+0000][6][gc,marking   ] GC(17) Concurrent Mark (121.672s)
[2020-08-12T19:09:32.150+0000][6][gc,marking   ] GC(17) Concurrent Mark From Roots
[2020-08-12T19:09:32.150+0000][6][gc,task      ] GC(17) Using 1 workers of 1 for marking
[2020-08-12T19:09:32.696+0000][6][safepoint    ] Safepoint "BulkRevokeBias", Time since last: 600686799 ns, Reaching safepoint: 17511023 ns, At safepoint: 1803235 ns, Total: 19314258 ns
[2020-08-12T19:09:33.612+0000][6][safepoint    ] Safepoint "BulkRevokeBias", Time since last: 896174740 ns, Reaching safepoint: 19551543 ns, At safepoint: 753293 ns, Total: 20304836 ns
[2020-08-12T19:09:33.623+0000][6][safepoint    ] Safepoint "BulkRevokeBias", Time since last: 874705 ns, Reaching safepoint: 8884748 ns, At safepoint: 781244 ns, Total: 9665992 ns
[2020-08-12T19:09:33.652+0000][6][safepoint    ] Safepoint "BulkRevokeBias", Time since last: 25830189 ns, Reaching safepoint: 2622227 ns, At safepoint: 1035766 ns, Total: 3657993 ns
[2020-08-12T19:09:33.752+0000][6][safepoint    ] Safepoint "BulkRevokeBias", Time since last: 91899892 ns, Reaching safepoint: 1312101 ns, At safepoint: 6770741 ns, Total: 8082842 ns
[2020-08-12T19:09:34.685+0000][6][gc,marking   ] GC(17) Concurrent Mark From Roots 2534.667ms
[2020-08-12T19:09:34.685+0000][6][gc,marking   ] GC(17) Concurrent Preclean
[2020-08-12T19:09:34.685+0000][6][gc,marking   ] GC(17) Concurrent Preclean 0.469ms
[2020-08-12T19:09:34.685+0000][6][gc,marking   ] GC(17) Concurrent Mark (121.672s, 124.207s) 2535.337ms
[2020-08-12T19:09:34.691+0000][6][gc,start     ] GC(17) Pause Remark
[2020-08-12T19:09:34.766+0000][6][gc           ] GC(17) Pause Remark 82M->82M(1024M) 75.274ms
[2020-08-12T19:09:34.767+0000][6][gc,cpu       ] GC(17) User=0.03s Sys=0.00s Real=0.08s
[2020-08-12T19:09:34.767+0000][6][safepoint    ] Safepoint "G1Concurrent", Time since last: 938794259 ns, Reaching safepoint: 241123 ns, At safepoint: 75495608 ns, Total: 75736731 ns
[2020-08-12T19:09:34.771+0000][6][gc,marking   ] GC(17) Concurrent Rebuild Remembered Sets
[2020-08-12T19:09:35.643+0000][6][gc,marking   ] GC(17) Concurrent Rebuild Remembered Sets 872.859ms
[2020-08-12T19:09:35.652+0000][6][gc,start     ] GC(17) Pause Cleanup
[2020-08-12T19:09:35.660+0000][6][gc           ] GC(17) Pause Cleanup 84M->84M(1024M) 7.961ms
[2020-08-12T19:09:35.661+0000][6][gc,cpu       ] GC(17) User=0.00s Sys=0.00s Real=0.01s
[2020-08-12T19:09:35.661+0000][6][safepoint    ] Safepoint "G1Concurrent", Time since last: 876918870 ns, Reaching safepoint: 8808561 ns, At safepoint: 8266903 ns, Total: 17075464 ns
[2020-08-12T19:09:35.661+0000][6][gc,marking   ] GC(17) Concurrent Cleanup for Next Mark
[2020-08-12T19:09:35.680+0000][6][gc,marking   ] GC(17) Concurrent Cleanup for Next Mark 19.466ms
[2020-08-12T19:09:35.681+0000][6][gc           ] GC(17) Concurrent Cycle 3605.073ms
[2020-08-12T19:09:36.695+0000][6][safepoint    ] Safepoint "Cleanup", Time since last: 1032238950 ns, Reaching safepoint: 1796222 ns, At safepoint: 23099 ns, Total: 1819321 ns
[2020-08-12T19:09:37.856+0000][6][safepoint    ] Safepoint "Cleanup", Time since last: 1161200621 ns, Reaching safepoint: 389846 ns, At safepoint: 12288 ns, Total: 402134 ns
[2020-08-12T19:09:37.885+0000][6][safepoint    ] Safepoint "BulkRevokeBias", Time since last: 27396562 ns, Reaching safepoint: 327248 ns, At safepoint: 839330 ns, Total: 1166578 ns
[2020-08-12T19:09:38.045+0000][6][safepoint    ] Safepoint "BulkRevokeBias", Time since last: 158464340 ns, Reaching safepoint: 316835 ns, At safepoint: 898230 ns, Total: 1215065 ns
[2020-08-12T19:09:39.097+0000][6][safepoint    ] Safepoint "Cleanup", Time since last: 1051492045 ns, Reaching safepoint: 861492 ns, At safepoint: 20400 ns, Total: 881892 ns
[2020-08-12T19:09:40.175+0000][6][safepoint    ] Safepoint "Cleanup", Time since last: 1077986291 ns, Reaching safepoint: 388109 ns, At safepoint: 14112 ns, Total: 402221 ns
[2020-08-12T19:09:41.304+0000][6][safepoint    ] Safepoint "Cleanup", Time since last: 1128617215 ns, Reaching safepoint: 354772 ns, At safepoint: 10813 ns, Total: 365585 ns
[2020-08-12T19:09:42.467+0000][6][safepoint    ] Safepoint "Cleanup", Time since last: 1156232050 ns, Reaching safepoint: 6893366 ns, At safepoint: 29199 ns, Total: 6922565 ns
[2020-08-12T19:09:43.323+0000][6][gc,start     ] GC(18) Pause Young (Normal) (G1 Evacuation Pause)
[2020-08-12T19:09:43.323+0000][6][gc,task      ] GC(18) Using 2 workers of 2 for evacuation
[2020-08-12T19:09:43.323+0000][6][gc,age       ] GC(18) Desired survivor size 7864320 bytes, new threshold 15 (max threshold 15)
[2020-08-12T19:09:43.433+0000][6][gc,age       ] GC(18) Age table with threshold 15 (max threshold 15)
[2020-08-12T19:09:43.433+0000][6][gc,age       ] GC(18) - age   1:    3880648 bytes,    3880648 total
[2020-08-12T19:09:43.433+0000][6][gc,age       ] GC(18) - age   2:    6229544 bytes,   10110192 total
[2020-08-12T19:09:43.433+0000][6][gc,age       ] GC(18) - age   3:    1105520 bytes,   11215712 total
[2020-08-12T19:09:43.433+0000][6][gc,phases    ] GC(18)   Pre Evacuate Collection Set: 0.5ms
[2020-08-12T19:09:43.433+0000][6][gc,phases    ] GC(18)   Merge Heap Roots: 0.5ms
[2020-08-12T19:09:43.433+0000][6][gc,phases    ] GC(18)   Evacuate Collection Set: 104.0ms
[2020-08-12T19:09:43.433+0000][6][gc,phases    ] GC(18)   Post Evacuate Collection Set: 4.9ms
[2020-08-12T19:09:43.433+0000][6][gc,phases    ] GC(18)   Other: 0.6ms
[2020-08-12T19:09:43.433+0000][6][gc,heap      ] GC(18) Eden regions: 108->0(128)
[2020-08-12T19:09:43.433+0000][6][gc,heap      ] GC(18) Survivor regions: 8->11(15)
[2020-08-12T19:09:43.433+0000][6][gc,heap      ] GC(18) Old regions: 55->55
[2020-08-12T19:09:43.433+0000][6][gc,heap      ] GC(18) Archive regions: 2->2
[2020-08-12T19:09:43.433+0000][6][gc,heap      ] GC(18) Humongous regions: 7->7
[2020-08-12T19:09:43.434+0000][6][gc,metaspace ] GC(18) Metaspace: 86563K(94036K)->86563K(94036K) NonClass: 74640K(79104K)->74640K(79104K) Class: 11923K(14932K)->11923K(14932K)
[2020-08-12T19:09:43.434+0000][6][gc           ] GC(18) Pause Young (Normal) (G1 Evacuation Pause) 177M->73M(1024M) 110.777ms
[2020-08-12T19:09:43.434+0000][6][gc,cpu       ] GC(18) User=0.14s Sys=0.00s Real=0.11s
[2020-08-12T19:09:43.434+0000][6][safepoint    ] Safepoint "G1CollectForAllocation", Time since last: 854885935 ns, Reaching safepoint: 368722 ns, At safepoint: 111004139 ns, Total: 111372861 ns
[2020-08-12T19:09:43.983+0000][6][safepoint    ] Safepoint "BulkRevokeBias", Time since last: 547319811 ns, Reaching safepoint: 509008 ns, At safepoint: 1050478 ns, Total: 1559486 ns
[2020-08-12T19:09:45.224+0000][6][safepoint    ] Safepoint "Cleanup", Time since last: 1241405964 ns, Reaching safepoint: 340297 ns, At safepoint: 10862 ns, Total: 351159 ns
[2020-08-12T19:09:46.228+0000][6][safepoint    ] Safepoint "Cleanup", Time since last: 1003567673 ns, Reaching safepoint: 496970 ns, At safepoint: 16875 ns, Total: 513845 ns
[2020-08-12T19:09:47.703+0000][6][safepoint    ] Safepoint "Cleanup", Time since last: 1471486159 ns, Reaching safepoint: 2653989 ns, At safepoint: 25813 ns, Total: 2679802 ns
[2020-08-12T19:09:48.834+0000][6][safepoint    ] Safepoint "Cleanup", Time since last: 1130532610 ns, Reaching safepoint: 454684 ns, At safepoint: 12300 ns, Total: 466984 ns
[2020-08-12T19:09:49.275+0000][6][safepoint    ] Safepoint "BulkRevokeBias", Time since last: 440177451 ns, Reaching safepoint: 275672 ns, At safepoint: 920330 ns, Total: 1196002 ns
[2020-08-12T19:09:50.289+0000][6][safepoint    ] Safepoint "Cleanup", Time since last: 1013411625 ns, Reaching safepoint: 266522 ns, At safepoint: 11063 ns, Total: 277585 ns
[2020-08-12T19:09:51.289+0000][6][safepoint    ] Safepoint "Cleanup", Time since last: 1000210152 ns, Reaching safepoint: 294547 ns, At safepoint: 12500 ns, Total: 307047 ns
[2020-08-12T19:09:52.290+0000][6][safepoint    ] Safepoint "Cleanup", Time since last: 1000203064 ns, Reaching safepoint: 285385 ns, At safepoint: 10988 ns, Total: 296373 ns
[2020-08-12T19:09:53.290+0000][6][safepoint    ] Safepoint "Cleanup", Time since last: 1000203589 ns, Reaching safepoint: 262473 ns, At safepoint: 10825 ns, Total: 273298 ns
[2020-08-12T19:09:54.627+0000][6][safepoint    ] Safepoint "Cleanup", Time since last: 1336815249 ns, Reaching safepoint: 277010 ns, At safepoint: 11038 ns, Total: 288048 ns
[2020-08-12T19:09:55.628+0000][6][safepoint    ] Safepoint "Cleanup", Time since last: 1000195039 ns, Reaching safepoint: 312635 ns, At safepoint: 11512 ns, Total: 324147 ns
[2020-08-12T19:09:56.628+0000][6][safepoint    ] Safepoint "Cleanup", Time since last: 1000209239 ns, Reaching safepoint: 272861 ns, At safepoint: 11874 ns, Total: 284735 ns
[2020-08-12T19:09:57.629+0000][6][safepoint    ] Safepoint "Cleanup", Time since last: 1000197727 ns, Reaching safepoint: 273398 ns, At safepoint: 11250 ns, Total: 284648 ns
[2020-08-12T19:09:58.635+0000][6][safepoint    ] Safepoint "Cleanup", Time since last: 1003489461 ns, Reaching safepoint: 2618302 ns, At safepoint: 27187 ns, Total: 2645489 ns
[2020-08-12T19:09:59.062+0000][6][gc,start     ] GC(19) Pause Young (Normal) (G1 Evacuation Pause)
[2020-08-12T19:09:59.062+0000][6][gc,task      ] GC(19) Using 2 workers of 2 for evacuation
[2020-08-12T19:09:59.063+0000][6][gc,age       ] GC(19) Desired survivor size 9437184 bytes, new threshold 2 (max threshold 15)
[2020-08-12T19:09:59.328+0000][6][gc,age       ] GC(19) Age table with threshold 2 (max threshold 15)
[2020-08-12T19:09:59.328+0000][6][gc,age       ] GC(19) - age   1:    8465752 bytes,    8465752 total
[2020-08-12T19:09:59.328+0000][6][gc,age       ] GC(19) - age   2:    3602832 bytes,   12068584 total
[2020-08-12T19:09:59.328+0000][6][gc,mmu       ] GC(19) MMU target violated: 201.0ms (200.0ms/201.0ms)
[2020-08-12T19:09:59.329+0000][6][gc,phases    ] GC(19)   Pre Evacuate Collection Set: 1.3ms
[2020-08-12T19:09:59.329+0000][6][gc,phases    ] GC(19)   Merge Heap Roots: 1.7ms
[2020-08-12T19:09:59.329+0000][6][gc,phases    ] GC(19)   Evacuate Collection Set: 254.3ms
[2020-08-12T19:09:59.329+0000][6][gc,phases    ] GC(19)   Post Evacuate Collection Set: 8.4ms
[2020-08-12T19:09:59.329+0000][6][gc,phases    ] GC(19)   Other: 0.6ms
[2020-08-12T19:09:59.329+0000][6][gc,heap      ] GC(19) Eden regions: 128->0(88)
[2020-08-12T19:09:59.330+0000][6][gc,heap      ] GC(19) Survivor regions: 11->12(18)
[2020-08-12T19:09:59.330+0000][6][gc,heap      ] GC(19) Old regions: 55->62
[2020-08-12T19:09:59.330+0000][6][gc,heap      ] GC(19) Archive regions: 2->2
[2020-08-12T19:09:59.330+0000][6][gc,heap      ] GC(19) Humongous regions: 7->7
[2020-08-12T19:09:59.330+0000][6][gc,metaspace ] GC(19) Metaspace: 90708K(98388K)->90708K(98388K) NonClass: 78252K(82944K)->78252K(82944K) Class: 12456K(15444K)->12456K(15444K)
[2020-08-12T19:09:59.330+0000][6][gc           ] GC(19) Pause Young (Normal) (G1 Evacuation Pause) 201M->81M(1024M) 267.480ms
[2020-08-12T19:09:59.330+0000][6][gc,cpu       ] GC(19) User=0.16s Sys=0.01s Real=0.27s
[2020-08-12T19:09:59.330+0000][6][safepoint    ] Safepoint "G1CollectForAllocation", Time since last: 426024461 ns, Reaching safepoint: 1334014 ns, At safepoint: 267750744 ns, Total: 269084758 ns
[2020-08-12T19:10:00.397+0000][6][safepoint    ] Safepoint "Cleanup", Time since last: 1066258417 ns, Reaching safepoint: 457521 ns, At safepoint: 15163 ns, Total: 472684 ns
[2020-08-12T19:10:01.424+0000][6][safepoint    ] Safepoint "Cleanup", Time since last: 1026465124 ns, Reaching safepoint: 1062253 ns, At safepoint: 28375 ns, Total: 1090628 ns
[2020-08-12T19:10:01.451+0000][6][safepoint    ] Safepoint "BulkRevokeBias", Time since last: 24675586 ns, Reaching safepoint: 861218 ns, At safepoint: 1120890 ns, Total: 1982108 ns
[2020-08-12T19:10:02.220+0000][6][gc,start     ] GC(20) Pause Young (Normal) (G1 Evacuation Pause)
[2020-08-12T19:10:02.220+0000][6][gc,task      ] GC(20) Using 2 workers of 2 for evacuation
[2020-08-12T19:10:02.220+0000][6][gc,age       ] GC(20) Desired survivor size 6815744 bytes, new threshold 1 (max threshold 15)
[2020-08-12T19:10:02.310+0000][6][gc,age       ] GC(20) Age table with threshold 1 (max threshold 15)
[2020-08-12T19:10:02.311+0000][6][gc,age       ] GC(20) - age   1:    1461904 bytes,    1461904 total
[2020-08-12T19:10:02.311+0000][6][gc,phases    ] GC(20)   Pre Evacuate Collection Set: 0.4ms
[2020-08-12T19:10:02.311+0000][6][gc,phases    ] GC(20)   Merge Heap Roots: 0.3ms
[2020-08-12T19:10:02.311+0000][6][gc,phases    ] GC(20)   Evacuate Collection Set: 87.1ms
[2020-08-12T19:10:02.311+0000][6][gc,phases    ] GC(20)   Post Evacuate Collection Set: 2.1ms
[2020-08-12T19:10:02.311+0000][6][gc,phases    ] GC(20)   Other: 0.5ms
[2020-08-12T19:10:02.311+0000][6][gc,heap      ] GC(20) Eden regions: 88->0(461)
[2020-08-12T19:10:02.311+0000][6][gc,heap      ] GC(20) Survivor regions: 12->2(13)
[2020-08-12T19:10:02.311+0000][6][gc,heap      ] GC(20) Old regions: 62->70
[2020-08-12T19:10:02.311+0000][6][gc,heap      ] GC(20) Archive regions: 2->2
[2020-08-12T19:10:02.311+0000][6][gc,heap      ] GC(20) Humongous regions: 7->7
[2020-08-12T19:10:02.311+0000][6][gc,metaspace ] GC(20) Metaspace: 91314K(99028K)->91314K(99028K) NonClass: 78828K(83456K)->78828K(83456K) Class: 12485K(15572K)->12485K(15572K)
[2020-08-12T19:10:02.311+0000][6][gc           ] GC(20) Pause Young (Normal) (G1 Evacuation Pause) 169M->79M(1024M) 90.720ms
[2020-08-12T19:10:02.311+0000][6][gc,cpu       ] GC(20) User=0.06s Sys=0.00s Real=0.09s
[2020-08-12T19:10:02.311+0000][6][safepoint    ] Safepoint "G1CollectForAllocation", Time since last: 764727953 ns, Reaching safepoint: 4548374 ns, At safepoint: 90943075 ns, Total: 95491449 ns
[2020-08-12T19:10:03.458+0000][6][safepoint    ] Safepoint "Cleanup", Time since last: 1146721908 ns, Reaching safepoint: 284822 ns, At safepoint: 13313 ns, Total: 298135 ns
[2020-08-12T19:10:04.638+0000][6][safepoint    ] Safepoint "Cleanup", Time since last: 1179793146 ns, Reaching safepoint: 262785 ns, At safepoint: 19838 ns, Total: 282623 ns
[2020-08-12T19:10:05.639+0000][6][safepoint    ] Safepoint "Cleanup", Time since last: 1000176102 ns, Reaching safepoint: 234960 ns, At safepoint: 11725 ns, Total: 246685 ns
[2020-08-12T19:10:06.671+0000][6][safepoint    ] Safepoint "Cleanup", Time since last: 1000220864 ns, Reaching safepoint: 31762338 ns, At safepoint: 27200 ns, Total: 31789538 ns
[2020-08-12T19:10:07.671+0000][6][safepoint    ] Safepoint "Cleanup", Time since last: 1000236189 ns, Reaching safepoint: 315547 ns, At safepoint: 11787 ns, Total: 327334 ns
[2020-08-12T19:10:08.992+0000][6][safepoint    ] Safepoint "Cleanup", Time since last: 1317827252 ns, Reaching safepoint: 3217722 ns, At safepoint: 23987 ns, Total: 3241709 ns
[2020-08-12T19:10:10.062+0000][6][safepoint    ] Safepoint "Cleanup", Time since last: 1069879286 ns, Reaching safepoint: 265810 ns, At safepoint: 19800 ns, Total: 285610 ns
[2020-08-12T19:10:11.377+0000][6][safepoint    ] Safepoint "Cleanup", Time since last: 1314208195 ns, Reaching safepoint: 320298 ns, At safepoint: 11662 ns, Total: 331960 ns
[2020-08-12T19:10:12.378+0000][6][safepoint    ] Safepoint "Cleanup", Time since last: 1000199427 ns, Reaching safepoint: 284472 ns, At safepoint: 11663 ns, Total: 296135 ns
[2020-08-12T19:10:13.626+0000][6][safepoint    ] Safepoint "Cleanup", Time since last: 1248468652 ns, Reaching safepoint: 392047 ns, At safepoint: 16087 ns, Total: 408134 ns
[2020-08-12T19:10:14.628+0000][6][safepoint    ] Safepoint "Cleanup", Time since last: 1001036757 ns, Reaching safepoint: 271085 ns, At safepoint: 11325 ns, Total: 282410 ns
[2020-08-12T19:10:15.628+0000][6][safepoint    ] Safepoint "Cleanup", Time since last: 1000193627 ns, Reaching safepoint: 276085 ns, At safepoint: 11475 ns, Total: 287560 ns
[2020-08-12T19:10:16.629+0000][6][safepoint    ] Safepoint "Cleanup", Time since last: 1000191402 ns, Reaching safepoint: 274572 ns, At safepoint: 11100 ns, Total: 285672 ns
[2020-08-12T19:10:17.629+0000][6][safepoint    ] Safepoint "Cleanup", Time since last: 1000209489 ns, Reaching safepoint: 430422 ns, At safepoint: 20825 ns, Total: 451247 ns
[2020-08-12T19:10:18.702+0000][6][safepoint    ] Safepoint "Cleanup", Time since last: 1046028855 ns, Reaching safepoint: 26952254 ns, At safepoint: 37899 ns, Total: 26990153 ns
[2020-08-12T19:10:20.056+0000][6][safepoint    ] Safepoint "Cleanup", Time since last: 1352785549 ns, Reaching safepoint: 386547 ns, At safepoint: 16537 ns, Total: 403084 ns
[2020-08-12T19:10:21.057+0000][6][safepoint    ] Safepoint "Cleanup", Time since last: 1000477550 ns, Reaching safepoint: 478820 ns, At safepoint: 21225 ns, Total: 500045 ns
[2020-08-12T19:10:22.057+0000][6][safepoint    ] Safepoint "Cleanup", Time since last: 1000221027 ns, Reaching safepoint: 332159 ns, At safepoint: 11200 ns, Total: 343359 ns
[2020-08-12T19:10:23.058+0000][6][safepoint    ] Safepoint "Cleanup", Time since last: 1000181602 ns, Reaching safepoint: 252386 ns, At safepoint: 10850 ns, Total: 263236 ns
[2020-08-12T19:10:24.058+0000][6][safepoint    ] Safepoint "Cleanup", Time since last: 1000174664 ns, Reaching safepoint: 391459 ns, At safepoint: 15338 ns, Total: 406797 ns
[2020-08-12T19:10:25.059+0000][6][safepoint    ] Safepoint "Cleanup", Time since last: 1000210389 ns, Reaching safepoint: 301910 ns, At safepoint: 10875 ns, Total: 312785 ns
[2020-08-12T19:10:26.059+0000][6][safepoint    ] Safepoint "Cleanup", Time since last: 1000149777 ns, Reaching safepoint: 268260 ns, At safepoint: 11087 ns, Total: 279347 ns
[2020-08-12T19:10:27.060+0000][6][safepoint    ] Safepoint "Cleanup", Time since last: 1000178090 ns, Reaching safepoint: 266148 ns, At safepoint: 10887 ns, Total: 277035 ns
[2020-08-12T19:10:28.158+0000][6][safepoint    ] Safepoint "Cleanup", Time since last: 1097762069 ns, Reaching safepoint: 324910 ns, At safepoint: 15738 ns, Total: 340648 ns
[2020-08-12T19:10:29.713+0000][6][safepoint    ] Safepoint "Cleanup", Time since last: 1555409881 ns, Reaching safepoint: 281248 ns, At safepoint: 11287 ns, Total: 292535 ns
[2020-08-12T19:10:30.714+0000][6][safepoint    ] Safepoint "Cleanup", Time since last: 1000189027 ns, Reaching safepoint: 373522 ns, At safepoint: 17000 ns, Total: 390522 ns
[2020-08-12T19:10:31.714+0000][6][safepoint    ] Safepoint "Cleanup", Time since last: 1000195527 ns, Reaching safepoint: 271247 ns, At safepoint: 15438 ns, Total: 286685 ns
[2020-08-12T19:10:32.715+0000][6][safepoint    ] Safepoint "Cleanup", Time since last: 1000233239 ns, Reaching safepoint: 419571 ns, At safepoint: 21437 ns, Total: 441008 ns
[2020-08-12T19:10:34.627+0000][6][safepoint    ] Safepoint "Cleanup", Time since last: 1912050744 ns, Reaching safepoint: 268973 ns, At safepoint: 21012 ns, Total: 289985 ns
[2020-08-12T19:10:35.629+0000][6][safepoint    ] Safepoint "Cleanup", Time since last: 1000762859 ns, Reaching safepoint: 729594 ns, At safepoint: 16187 ns, Total: 745781 ns
[2020-08-12T19:10:36.693+0000][6][safepoint    ] Safepoint "Cleanup", Time since last: 1000337439 ns, Reaching safepoint: 63372476 ns, At safepoint: 41962 ns, Total: 63414438 ns
[2020-08-12T19:10:37.694+0000][6][safepoint    ] Safepoint "Cleanup", Time since last: 1000636560 ns, Reaching safepoint: 777856 ns, At safepoint: 15738 ns, Total: 793594 ns
[2020-08-12T19:10:39.172+0000][6][safepoint    ] Safepoint "Cleanup", Time since last: 1477039585 ns, Reaching safepoint: 362347 ns, At safepoint: 10712 ns, Total: 373059 ns
[2020-08-12T19:10:40.172+0000][6][safepoint    ] Safepoint "Cleanup", Time since last: 1000175815 ns, Reaching safepoint: 501933 ns, At safepoint: 21850 ns, Total: 523783 ns
[2020-08-12T19:10:41.173+0000][6][safepoint    ] Safepoint "Cleanup", Time since last: 1000204189 ns, Reaching safepoint: 385222 ns, At safepoint: 19400 ns, Total: 404622 ns
[2020-08-12T19:10:42.173+0000][6][safepoint    ] Safepoint "Cleanup", Time since last: 1000227264 ns, Reaching safepoint: 258622 ns, At safepoint: 10850 ns, Total: 269472 ns
[2020-08-12T19:10:43.174+0000][6][safepoint    ] Safepoint "Cleanup", Time since last: 1000194740 ns, Reaching safepoint: 389021 ns, At safepoint: 17500 ns, Total: 406521 ns
[2020-08-12T19:10:44.630+0000][6][safepoint    ] Safepoint "Cleanup", Time since last: 1455107475 ns, Reaching safepoint: 480434 ns, At safepoint: 18400 ns, Total: 498834 ns
[2020-08-12T19:10:45.631+0000][6][safepoint    ] Safepoint "Cleanup", Time since last: 1000253313 ns, Reaching safepoint: 765894 ns, At safepoint: 50999 ns, Total: 816893 ns
[2020-08-12T19:10:46.631+0000][6][safepoint    ] Safepoint "Cleanup", Time since last: 1000375326 ns, Reaching safepoint: 296760 ns, At safepoint: 11837 ns, Total: 308597 ns
[2020-08-12T19:10:47.647+0000][6][safepoint    ] Safepoint "Cleanup", Time since last: 1004615439 ns, Reaching safepoint: 10651257 ns, At safepoint: 22900 ns, Total: 10674157 ns
[2020-08-12T19:10:48.758+0000][6][safepoint    ] Safepoint "Cleanup", Time since last: 1000170290 ns, Reaching safepoint: 111223887 ns, At safepoint: 40824 ns, Total: 111264711 ns
[2020-08-12T19:10:50.234+0000][6][safepoint    ] Safepoint "Cleanup", Time since last: 1475291688 ns, Reaching safepoint: 287385 ns, At safepoint: 10763 ns, Total: 298148 ns
[2020-08-12T19:10:51.234+0000][6][safepoint    ] Safepoint "Cleanup", Time since last: 1000180052 ns, Reaching safepoint: 312022 ns, At safepoint: 10900 ns, Total: 322922 ns
[2020-08-12T19:10:52.235+0000][6][safepoint    ] Safepoint "Cleanup", Time since last: 1000173014 ns, Reaching safepoint: 344410 ns, At safepoint: 15737 ns, Total: 360147 ns
[2020-08-12T19:10:53.235+0000][6][safepoint    ] Safepoint "Cleanup", Time since last: 1000199652 ns, Reaching safepoint: 432534 ns, At safepoint: 11437 ns, Total: 443971 ns
[2020-08-12T19:10:54.628+0000][6][safepoint    ] Safepoint "Cleanup", Time since last: 1392866964 ns, Reaching safepoint: 344460 ns, At safepoint: 11537 ns, Total: 355997 ns
[2020-08-12T19:10:55.629+0000][6][safepoint    ] Safepoint "Cleanup", Time since last: 1000178890 ns, Reaching safepoint: 579657 ns, At safepoint: 21413 ns, Total: 601070 ns
[2020-08-12T19:10:56.630+0000][6][safepoint    ] Safepoint "Cleanup", Time since last: 1000187614 ns, Reaching safepoint: 353697 ns, At safepoint: 10800 ns, Total: 364497 ns
[2020-08-12T19:10:57.630+0000][6][safepoint    ] Safepoint "Cleanup", Time since last: 1000202064 ns, Reaching safepoint: 295035 ns, At safepoint: 10950 ns, Total: 305985 ns
[2020-08-12T19:10:58.676+0000][6][safepoint    ] Safepoint "Cleanup", Time since last: 1000178627 ns, Reaching safepoint: 45513631 ns, At safepoint: 54149 ns, Total: 45567780 ns
[2020-08-12T19:10:59.709+0000][6][safepoint    ] Safepoint "Cleanup", Time since last: 1000304926 ns, Reaching safepoint: 32974802 ns, At safepoint: 69587 ns, Total: 33044389 ns
[2020-08-12T19:11:00.755+0000][6][safepoint    ] Safepoint "Cleanup", Time since last: 1001475178 ns, Reaching safepoint: 43586811 ns, At safepoint: 28474 ns, Total: 43615285 ns
[2020-08-12T19:11:02.116+0000][6][safepoint    ] Safepoint "Cleanup", Time since last: 1361195526 ns, Reaching safepoint: 416484 ns, At safepoint: 12325 ns, Total: 428809 ns
[2020-08-12T19:11:03.117+0000][6][safepoint    ] Safepoint "Cleanup", Time since last: 1000163340 ns, Reaching safepoint: 314497 ns, At safepoint: 10937 ns, Total: 325434 ns
[2020-08-12T19:11:04.908+0000][6][safepoint    ] Safepoint "Cleanup", Time since last: 1791379989 ns, Reaching safepoint: 371559 ns, At safepoint: 15950 ns, Total: 387509 ns
[2020-08-12T19:11:05.909+0000][6][safepoint    ] Safepoint "Cleanup", Time since last: 1000189577 ns, Reaching safepoint: 501721 ns, At safepoint: 21812 ns, Total: 523533 ns
[2020-08-12T19:11:06.910+0000][6][safepoint    ] Safepoint "Cleanup", Time since last: 1000224814 ns, Reaching safepoint: 409384 ns, At safepoint: 16562 ns, Total: 425946 ns
[2020-08-12T19:11:07.910+0000][6][safepoint    ] Safepoint "Cleanup", Time since last: 1000271189 ns, Reaching safepoint: 385484 ns, At safepoint: 15963 ns, Total: 401447 ns
[2020-08-12T19:11:09.188+0000][6][safepoint    ] Safepoint "Cleanup", Time since last: 1263564871 ns, Reaching safepoint: 13498558 ns, At safepoint: 33912 ns, Total: 13532470 ns
[2020-08-12T19:11:10.252+0000][6][safepoint    ] Safepoint "Cleanup", Time since last: 1000297551 ns, Reaching safepoint: 64237981 ns, At safepoint: 49150 ns, Total: 64287131 ns
[2020-08-12T19:11:11.253+0000][6][safepoint    ] Safepoint "Cleanup", Time since last: 1000194227 ns, Reaching safepoint: 257798 ns, At safepoint: 11750 ns, Total: 269548 ns
[2020-08-12T19:11:12.253+0000][6][safepoint    ] Safepoint "Cleanup", Time since last: 1000196164 ns, Reaching safepoint: 363359 ns, At safepoint: 23400 ns, Total: 386759 ns
[2020-08-12T19:11:13.255+0000][6][safepoint    ] Safepoint "Cleanup", Time since last: 1000225427 ns, Reaching safepoint: 1198589 ns, At safepoint: 719994 ns, Total: 1918583 ns
[2020-08-12T19:11:14.814+0000][6][safepoint    ] Safepoint "Cleanup", Time since last: 1558444718 ns, Reaching safepoint: 614907 ns, At safepoint: 28500 ns, Total: 643407 ns
[2020-08-12T19:11:15.815+0000][6][safepoint    ] Safepoint "Cleanup", Time since last: 1000254714 ns, Reaching safepoint: 711681 ns, At safepoint: 22325 ns, Total: 734006 ns
[2020-08-12T19:11:16.816+0000][6][safepoint    ] Safepoint "Cleanup", Time since last: 1000524336 ns, Reaching safepoint: 494921 ns, At safepoint: 12862 ns, Total: 507783 ns
[2020-08-12T19:11:17.817+0000][6][safepoint    ] Safepoint "Cleanup", Time since last: 1000201927 ns, Reaching safepoint: 418784 ns, At safepoint: 24638 ns, Total: 443422 ns
[2020-08-12T19:11:18.873+0000][6][safepoint    ] Safepoint "Cleanup", Time since last: 1000213151 ns, Reaching safepoint: 55990428 ns, At safepoint: 33650 ns, Total: 56024078 ns
[2020-08-12T19:11:20.145+0000][6][safepoint    ] Safepoint "Cleanup", Time since last: 1270905245 ns, Reaching safepoint: 301010 ns, At safepoint: 12237 ns, Total: 313247 ns
[2020-08-12T19:11:21.146+0000][6][safepoint    ] Safepoint "Cleanup", Time since last: 1000217852 ns, Reaching safepoint: 864892 ns, At safepoint: 43150 ns, Total: 908042 ns
[2020-08-12T19:11:22.146+0000][6][safepoint    ] Safepoint "Cleanup", Time since last: 1000455624 ns, Reaching safepoint: 361360 ns, At safepoint: 16687 ns, Total: 378047 ns
[2020-08-12T19:11:23.147+0000][6][safepoint    ] Safepoint "Cleanup", Time since last: 1000225052 ns, Reaching safepoint: 638444 ns, At safepoint: 30200 ns, Total: 668644 ns
[2020-08-12T19:11:24.865+0000][6][safepoint    ] Safepoint "Cleanup", Time since last: 1695820403 ns, Reaching safepoint: 21640676 ns, At safepoint: 69061 ns, Total: 21709737 ns
[2020-08-12T19:11:25.872+0000][6][safepoint    ] Safepoint "Cleanup", Time since last: 1000191165 ns, Reaching safepoint: 6711242 ns, At safepoint: 64599 ns, Total: 6775841 ns
[2020-08-12T19:11:26.872+0000][6][safepoint    ] Safepoint "Cleanup", Time since last: 1000229564 ns, Reaching safepoint: 313960 ns, At safepoint: 16112 ns, Total: 330072 ns
[2020-08-12T19:11:27.873+0000][6][safepoint    ] Safepoint "Cleanup", Time since last: 1000158140 ns, Reaching safepoint: 411584 ns, At safepoint: 15725 ns, Total: 427309 ns
[2020-08-12T19:11:29.815+0000][6][safepoint    ] Safepoint "Cleanup", Time since last: 1941666275 ns, Reaching safepoint: 445621 ns, At safepoint: 15462 ns, Total: 461083 ns
[2020-08-12T19:11:30.816+0000][6][safepoint    ] Safepoint "Cleanup", Time since last: 1000181190 ns, Reaching safepoint: 321434 ns, At safepoint: 12250 ns, Total: 333684 ns
[2020-08-12T19:11:31.816+0000][6][safepoint    ] Safepoint "Cleanup", Time since last: 1000182852 ns, Reaching safepoint: 467671 ns, At safepoint: 18000 ns, Total: 485671 ns
[2020-08-12T19:11:32.817+0000][6][safepoint    ] Safepoint "Cleanup", Time since last: 1000189414 ns, Reaching safepoint: 267598 ns, At safepoint: 11075 ns, Total: 278673 ns
[2020-08-12T19:11:34.814+0000][6][safepoint    ] Safepoint "Cleanup", Time since last: 1996885771 ns, Reaching safepoint: 365260 ns, At safepoint: 10812 ns, Total: 376072 ns
[2020-08-12T19:11:35.815+0000][6][safepoint    ] Safepoint "Cleanup", Time since last: 1000156577 ns, Reaching safepoint: 288223 ns, At safepoint: 11250 ns, Total: 299473 ns
[2020-08-12T19:11:36.841+0000][6][safepoint    ] Safepoint "Cleanup", Time since last: 1000155627 ns, Reaching safepoint: 25965388 ns, At safepoint: 31949 ns, Total: 25997337 ns
[2020-08-12T19:11:37.842+0000][6][safepoint    ] Safepoint "Cleanup", Time since last: 1000249827 ns, Reaching safepoint: 919979 ns, At safepoint: 98262 ns, Total: 1018241 ns
[2020-08-12T19:11:39.492+0000][6][safepoint    ] Safepoint "Cleanup", Time since last: 1649195070 ns, Reaching safepoint: 399421 ns, At safepoint: 17250 ns, Total: 416671 ns
[2020-08-12T19:11:40.492+0000][6][safepoint    ] Safepoint "Cleanup", Time since last: 1000214064 ns, Reaching safepoint: 575920 ns, At safepoint: 20400 ns, Total: 596320 ns
[2020-08-12T19:11:41.493+0000][6][safepoint    ] Safepoint "Cleanup", Time since last: 1000216002 ns, Reaching safepoint: 413871 ns, At safepoint: 17087 ns, Total: 430958 ns
[2020-08-12T19:11:42.494+0000][6][safepoint    ] Safepoint "Cleanup", Time since last: 1000222990 ns, Reaching safepoint: 473995 ns, At safepoint: 25300 ns, Total: 499295 ns
[2020-08-12T19:11:43.495+0000][6][safepoint    ] Safepoint "Cleanup", Time since last: 1000299364 ns, Reaching safepoint: 482971 ns, At safepoint: 22562 ns, Total: 505533 ns
[2020-08-12T19:11:43.819+0000][6][safepoint    ] Safepoint "BulkRevokeBias", Time since last: 321065620 ns, Reaching safepoint: 404321 ns, At safepoint: 3175248 ns, Total: 3579569 ns
[2020-08-12T19:11:44.827+0000][6][safepoint    ] Safepoint "Cleanup", Time since last: 1007709686 ns, Reaching safepoint: 335873 ns, At safepoint: 11137 ns, Total: 347010 ns
[2020-08-12T19:11:45.830+0000][6][safepoint    ] Safepoint "Cleanup", Time since last: 1000855346 ns, Reaching safepoint: 1602511 ns, At safepoint: 25338 ns, Total: 1627849 ns
[2020-08-12T19:11:46.834+0000][6][safepoint    ] Safepoint "Cleanup", Time since last: 1003342024 ns, Reaching safepoint: 448034 ns, At safepoint: 17025 ns, Total: 465059 ns
[2020-08-12T19:11:47.834+0000][6][safepoint    ] Safepoint "Cleanup", Time since last: 1000201964 ns, Reaching safepoint: 625132 ns, At safepoint: 11525 ns, Total: 636657 ns
[2020-08-12T19:11:49.817+0000][6][safepoint    ] Safepoint "Cleanup", Time since last: 1981945776 ns, Reaching safepoint: 1028616 ns, At safepoint: 36462 ns, Total: 1065078 ns
[2020-08-12T19:11:50.818+0000][6][safepoint    ] Safepoint "Cleanup", Time since last: 1000260589 ns, Reaching safepoint: 449421 ns, At safepoint: 17837 ns, Total: 467258 ns
[2020-08-12T19:11:51.819+0000][6][safepoint    ] Safepoint "Cleanup", Time since last: 1000209190 ns, Reaching safepoint: 696193 ns, At safepoint: 28150 ns, Total: 724343 ns
[2020-08-12T19:11:52.820+0000][6][safepoint    ] Safepoint "Cleanup", Time since last: 1000225864 ns, Reaching safepoint: 452021 ns, At safepoint: 20738 ns, Total: 472759 ns
[2020-08-12T19:11:53.820+0000][6][safepoint    ] Safepoint "BulkRevokeBias", Time since last: 996176711 ns, Reaching safepoint: 2291618 ns, At safepoint: 1371263 ns, Total: 3662881 ns
[2020-08-12T19:11:54.827+0000][6][safepoint    ] Safepoint "Cleanup", Time since last: 1007587075 ns, Reaching safepoint: 280211 ns, At safepoint: 10787 ns, Total: 290998 ns
[2020-08-12T19:11:55.828+0000][6][safepoint    ] Safepoint "Cleanup", Time since last: 1000171415 ns, Reaching safepoint: 316947 ns, At safepoint: 11012 ns, Total: 327959 ns
[2020-08-12T19:11:56.828+0000][6][safepoint    ] Safepoint "Cleanup", Time since last: 1000181715 ns, Reaching safepoint: 258410 ns, At safepoint: 11950 ns, Total: 270360 ns
[2020-08-12T19:11:57.829+0000][6][safepoint    ] Safepoint "Cleanup", Time since last: 1000199252 ns, Reaching safepoint: 484933 ns, At safepoint: 55962 ns, Total: 540895 ns
[2020-08-12T19:11:59.737+0000][6][safepoint    ] Safepoint "Cleanup", Time since last: 1907414834 ns, Reaching safepoint: 756581 ns, At safepoint: 17637 ns, Total: 774218 ns
[2020-08-12T19:12:00.738+0000][6][safepoint    ] Safepoint "Cleanup", Time since last: 1000227027 ns, Reaching safepoint: 427471 ns, At safepoint: 16287 ns, Total: 443758 ns
[2020-08-12T19:12:01.739+0000][6][safepoint    ] Safepoint "Cleanup", Time since last: 1000508849 ns, Reaching safepoint: 663045 ns, At safepoint: 45712 ns, Total: 708757 ns
[2020-08-12T19:12:02.740+0000][6][safepoint    ] Safepoint "Cleanup", Time since last: 1000322588 ns, Reaching safepoint: 337722 ns, At safepoint: 27775 ns, Total: 365497 ns
[2020-08-12T19:12:03.740+0000][6][safepoint    ] Safepoint "Cleanup", Time since last: 1000194539 ns, Reaching safepoint: 348247 ns, At safepoint: 12838 ns, Total: 361085 ns
[2020-08-12T19:12:04.824+0000][6][safepoint    ] Safepoint "Cleanup", Time since last: 1083551267 ns, Reaching safepoint: 379034 ns, At safepoint: 17213 ns, Total: 396247 ns
[2020-08-12T19:12:05.825+0000][6][safepoint    ] Safepoint "Cleanup", Time since last: 1000204327 ns, Reaching safepoint: 487308 ns, At safepoint: 49724 ns, Total: 537032 ns
[2020-08-12T19:12:06.826+0000][6][safepoint    ] Safepoint "Cleanup", Time since last: 1000328114 ns, Reaching safepoint: 567482 ns, At safepoint: 43987 ns, Total: 611469 ns
[2020-08-12T19:12:07.859+0000][6][safepoint    ] Safepoint "Cleanup", Time since last: 1032255725 ns, Reaching safepoint: 743668 ns, At safepoint: 51562 ns, Total: 795230 ns
[2020-08-12T19:12:09.020+0000][6][safepoint    ] Safepoint "Cleanup", Time since last: 1160141267 ns, Reaching safepoint: 365247 ns, At safepoint: 18500 ns, Total: 383747 ns
[2020-08-12T19:12:10.020+0000][6][safepoint    ] Safepoint "Cleanup", Time since last: 1000243501 ns, Reaching safepoint: 293523 ns, At safepoint: 10999 ns, Total: 304522 ns
[2020-08-12T19:12:11.448+0000][6][safepoint    ] Safepoint "Cleanup", Time since last: 1427246942 ns, Reaching safepoint: 705569 ns, At safepoint: 44849 ns, Total: 750418 ns
[2020-08-12T19:12:12.449+0000][6][safepoint    ] Safepoint "Cleanup", Time since last: 1000361126 ns, Reaching safepoint: 673919 ns, At safepoint: 45775 ns, Total: 719694 ns
[2020-08-12T19:12:13.459+0000][6][safepoint    ] Safepoint "Cleanup", Time since last: 1009654057 ns, Reaching safepoint: 460396 ns, At safepoint: 33775 ns, Total: 494171 ns
[2020-08-12T19:12:14.822+0000][6][safepoint    ] Safepoint "Cleanup", Time since last: 1362087631 ns, Reaching safepoint: 730368 ns, At safepoint: 45475 ns, Total: 775843 ns
[2020-08-12T19:12:15.823+0000][6][safepoint    ] Safepoint "Cleanup", Time since last: 1000298489 ns, Reaching safepoint: 374671 ns, At safepoint: 17425 ns, Total: 392096 ns
[2020-08-12T19:12:16.824+0000][6][safepoint    ] Safepoint "Cleanup", Time since last: 1000258839 ns, Reaching safepoint: 554807 ns, At safepoint: 172061 ns, Total: 726868 ns
[2020-08-12T19:12:17.825+0000][6][safepoint    ] Safepoint "Cleanup", Time since last: 1000313114 ns, Reaching safepoint: 465146 ns, At safepoint: 33437 ns, Total: 498583 ns
[2020-08-12T19:12:19.396+0000][6][safepoint    ] Safepoint "Cleanup", Time since last: 1570678262 ns, Reaching safepoint: 676507 ns, At safepoint: 30862 ns, Total: 707369 ns
[2020-08-12T19:12:20.399+0000][6][safepoint    ] Safepoint "Cleanup", Time since last: 1000293063 ns, Reaching safepoint: 1890646 ns, At safepoint: 579408 ns, Total: 2470054 ns
[2020-08-12T19:12:21.400+0000][6][safepoint    ] Safepoint "Cleanup", Time since last: 1000321476 ns, Reaching safepoint: 620757 ns, At safepoint: 25587 ns, Total: 646344 ns
[2020-08-12T19:12:22.401+0000][6][safepoint    ] Safepoint "Cleanup", Time since last: 1000260439 ns, Reaching safepoint: 609007 ns, At safepoint: 44662 ns, Total: 653669 ns
[2020-08-12T19:12:23.402+0000][6][safepoint    ] Safepoint "Cleanup", Time since last: 1000354151 ns, Reaching safepoint: 423421 ns, At safepoint: 43950 ns, Total: 467371 ns
[2020-08-12T19:12:24.835+0000][6][safepoint    ] Safepoint "Cleanup", Time since last: 1432534370 ns, Reaching safepoint: 841731 ns, At safepoint: 43912 ns, Total: 885643 ns
[2020-08-12T19:12:25.836+0000][6][safepoint    ] Safepoint "Cleanup", Time since last: 1000325863 ns, Reaching safepoint: 382097 ns, At safepoint: 34774 ns, Total: 416871 ns
[2020-08-12T19:12:26.837+0000][6][safepoint    ] Safepoint "Cleanup", Time since last: 1000347088 ns, Reaching safepoint: 550021 ns, At safepoint: 43949 ns, Total: 593970 ns
[2020-08-12T19:12:27.838+0000][6][safepoint    ] Safepoint "Cleanup", Time since last: 1000397400 ns, Reaching safepoint: 582008 ns, At safepoint: 46362 ns, Total: 628370 ns
[2020-08-12T19:12:29.821+0000][6][safepoint    ] Safepoint "Cleanup", Time since last: 1982436234 ns, Reaching safepoint: 592757 ns, At safepoint: 96012 ns, Total: 688769 ns
[2020-08-12T19:12:30.822+0000][6][safepoint    ] Safepoint "Cleanup", Time since last: 1000295401 ns, Reaching safepoint: 552108 ns, At safepoint: 36637 ns, Total: 588745 ns
[2020-08-12T19:12:31.823+0000][6][safepoint    ] Safepoint "Cleanup", Time since last: 1000288676 ns, Reaching safepoint: 728644 ns, At safepoint: 105649 ns, Total: 834293 ns
[2020-08-12T19:12:32.824+0000][6][safepoint    ] Safepoint "Cleanup", Time since last: 1000346613 ns, Reaching safepoint: 700469 ns, At safepoint: 52912 ns, Total: 753381 ns
[2020-08-12T19:12:33.826+0000][6][safepoint    ] Safepoint "Cleanup", Time since last: 1001087256 ns, Reaching safepoint: 786631 ns, At safepoint: 84624 ns, Total: 871255 ns
[2020-08-12T19:12:34.829+0000][6][safepoint    ] Safepoint "Cleanup", Time since last: 1002064424 ns, Reaching safepoint: 603644 ns, At safepoint: 32863 ns, Total: 636507 ns
[2020-08-12T19:12:35.830+0000][6][safepoint    ] Safepoint "Cleanup", Time since last: 1000319638 ns, Reaching safepoint: 802155 ns, At safepoint: 43587 ns, Total: 845742 ns
[2020-08-12T19:12:37.426+0000][6][safepoint    ] Safepoint "Cleanup", Time since last: 1594916090 ns, Reaching safepoint: 764931 ns, At safepoint: 53575 ns, Total: 818506 ns
[2020-08-12T19:12:38.305+0000][6][safepoint    ] Safepoint "BulkRevokeBias", Time since last: 876463823 ns, Reaching safepoint: 391109 ns, At safepoint: 2106944 ns, Total: 2498053 ns
[2020-08-12T19:12:39.306+0000][6][safepoint    ] Safepoint "Cleanup", Time since last: 1000266726 ns, Reaching safepoint: 679257 ns, At safepoint: 40475 ns, Total: 719732 ns
[2020-08-12T19:12:40.306+0000][6][safepoint    ] Safepoint "Cleanup", Time since last: 1000276351 ns, Reaching safepoint: 430059 ns, At safepoint: 17787 ns, Total: 447846 ns
[2020-08-12T19:12:41.307+0000][6][safepoint    ] Safepoint "Cleanup", Time since last: 1000262339 ns, Reaching safepoint: 744643 ns, At safepoint: 45787 ns, Total: 790430 ns
[2020-08-12T19:12:42.308+0000][6][safepoint    ] Safepoint "Cleanup", Time since last: 1000314501 ns, Reaching safepoint: 520921 ns, At safepoint: 40537 ns, Total: 561458 ns
[2020-08-12T19:12:43.309+0000][6][safepoint    ] Safepoint "Cleanup", Time since last: 1000246651 ns, Reaching safepoint: 501808 ns, At safepoint: 21463 ns, Total: 523271 ns
[2020-08-12T19:12:44.824+0000][6][safepoint    ] Safepoint "Cleanup", Time since last: 1513782154 ns, Reaching safepoint: 888030 ns, At safepoint: 44087 ns, Total: 932117 ns
[2020-08-12T19:12:45.825+0000][6][safepoint    ] Safepoint "Cleanup", Time since last: 1000425463 ns, Reaching safepoint: 490208 ns, At safepoint: 26612 ns, Total: 516820 ns
[2020-08-12T19:12:46.826+0000][6][safepoint    ] Safepoint "Cleanup", Time since last: 1000317389 ns, Reaching safepoint: 839842 ns, At safepoint: 43650 ns, Total: 883492 ns
[2020-08-12T19:12:47.827+0000][6][safepoint    ] Safepoint "Cleanup", Time since last: 1000400175 ns, Reaching safepoint: 907005 ns, At safepoint: 66437 ns, Total: 973442 ns
[2020-08-12T19:12:49.823+0000][6][safepoint    ] Safepoint "Cleanup", Time since last: 1992850056 ns, Reaching safepoint: 3027424 ns, At safepoint: 37237 ns, Total: 3064661 ns
[2020-08-12T19:12:50.825+0000][6][safepoint    ] Safepoint "Cleanup", Time since last: 1000269476 ns, Reaching safepoint: 1103778 ns, At safepoint: 43687 ns, Total: 1147465 ns
[2020-08-12T19:12:51.826+0000][6][safepoint    ] Safepoint "Cleanup", Time since last: 1000439713 ns, Reaching safepoint: 777593 ns, At safepoint: 42887 ns, Total: 820480 ns
[2020-08-12T19:12:52.827+0000][6][safepoint    ] Safepoint "Cleanup", Time since last: 1000396650 ns, Reaching safepoint: 1057378 ns, At safepoint: 46287 ns, Total: 1103665 ns
[2020-08-12T19:12:54.825+0000][6][safepoint    ] Safepoint "Cleanup", Time since last: 1997170670 ns, Reaching safepoint: 566120 ns, At safepoint: 30012 ns, Total: 596132 ns
[2020-08-12T19:12:55.826+0000][6][safepoint    ] Safepoint "Cleanup", Time since last: 1000241326 ns, Reaching safepoint: 341085 ns, At safepoint: 16412 ns, Total: 357497 ns
[2020-08-12T19:12:56.826+0000][6][safepoint    ] Safepoint "Cleanup", Time since last: 1000205565 ns, Reaching safepoint: 553957 ns, At safepoint: 38200 ns, Total: 592157 ns
[2020-08-12T19:12:57.827+0000][6][safepoint    ] Safepoint "Cleanup", Time since last: 1000295913 ns, Reaching safepoint: 631120 ns, At safepoint: 43499 ns, Total: 674619 ns
[2020-08-12T19:12:59.400+0000][6][safepoint    ] Safepoint "Cleanup", Time since last: 1572281924 ns, Reaching safepoint: 680469 ns, At safepoint: 27325 ns, Total: 707794 ns
[2020-08-12T19:13:00.402+0000][6][safepoint    ] Safepoint "Cleanup", Time since last: 1000322263 ns, Reaching safepoint: 838043 ns, At safepoint: 43724 ns, Total: 881767 ns
[2020-08-12T19:13:01.403+0000][6][safepoint    ] Safepoint "Cleanup", Time since last: 1000343513 ns, Reaching safepoint: 904455 ns, At safepoint: 111949 ns, Total: 1016404 ns
[2020-08-12T19:13:02.404+0000][6][safepoint    ] Safepoint "Cleanup", Time since last: 1000314988 ns, Reaching safepoint: 804131 ns, At safepoint: 33687 ns, Total: 837818 ns
[2020-08-12T19:13:03.405+0000][6][safepoint    ] Safepoint "Cleanup", Time since last: 1000256876 ns, Reaching safepoint: 327860 ns, At safepoint: 20625 ns, Total: 348485 ns
[2020-08-12T19:13:04.830+0000][6][safepoint    ] Safepoint "Cleanup", Time since last: 1424186105 ns, Reaching safepoint: 553920 ns, At safepoint: 52738 ns, Total: 606658 ns
[2020-08-12T19:13:05.830+0000][6][safepoint    ] Safepoint "Cleanup", Time since last: 1000289276 ns, Reaching safepoint: 356334 ns, At safepoint: 17087 ns, Total: 373421 ns
[2020-08-12T19:13:07.295+0000][6][safepoint    ] Safepoint "Cleanup", Time since last: 1464455632 ns, Reaching safepoint: 710119 ns, At safepoint: 44312 ns, Total: 754431 ns
[2020-08-12T19:13:08.826+0000][6][safepoint    ] Safepoint "Cleanup", Time since last: 1529094197 ns, Reaching safepoint: 1451288 ns, At safepoint: 36737 ns, Total: 1488025 ns
[2020-08-12T19:13:09.828+0000][6][safepoint    ] Safepoint "Cleanup", Time since last: 1001542003 ns, Reaching safepoint: 841742 ns, At safepoint: 73500 ns, Total: 915242 ns
[2020-08-12T19:13:10.830+0000][6][safepoint    ] Safepoint "Cleanup", Time since last: 1000348000 ns, Reaching safepoint: 895443 ns, At safepoint: 43524 ns, Total: 938967 ns
[2020-08-12T19:13:11.831+0000][6][safepoint    ] Safepoint "Cleanup", Time since last: 1000383950 ns, Reaching safepoint: 887580 ns, At safepoint: 43812 ns, Total: 931392 ns
[2020-08-12T19:13:12.832+0000][6][safepoint    ] Safepoint "Cleanup", Time since last: 1000386188 ns, Reaching safepoint: 857318 ns, At safepoint: 46749 ns, Total: 904067 ns
[2020-08-12T19:13:14.826+0000][6][safepoint    ] Safepoint "Cleanup", Time since last: 1992514397 ns, Reaching safepoint: 799693 ns, At safepoint: 38100 ns, Total: 837793 ns
[2020-08-12T19:13:15.837+0000][6][safepoint    ] Safepoint "Cleanup", Time since last: 1000316063 ns, Reaching safepoint: 10512359 ns, At safepoint: 56987 ns, Total: 10569346 ns
[2020-08-12T19:13:16.838+0000][6][safepoint    ] Safepoint "Cleanup", Time since last: 1000374263 ns, Reaching safepoint: 574095 ns, At safepoint: 43800 ns, Total: 617895 ns
[2020-08-12T19:13:17.839+0000][6][safepoint    ] Safepoint "Cleanup", Time since last: 1000379462 ns, Reaching safepoint: 817256 ns, At safepoint: 43187 ns, Total: 860443 ns
[2020-08-12T19:13:19.401+0000][6][safepoint    ] Safepoint "Cleanup", Time since last: 1561540041 ns, Reaching safepoint: 1002616 ns, At safepoint: 43775 ns, Total: 1046391 ns
[2020-08-12T19:13:20.403+0000][6][safepoint    ] Safepoint "Cleanup", Time since last: 1000325476 ns, Reaching safepoint: 866942 ns, At safepoint: 43762 ns, Total: 910704 ns
[2020-08-12T19:13:21.404+0000][6][safepoint    ] Safepoint "Cleanup", Time since last: 1000334001 ns, Reaching safepoint: 838718 ns, At safepoint: 44012 ns, Total: 882730 ns
[2020-08-12T19:13:22.405+0000][6][safepoint    ] Safepoint "Cleanup", Time since last: 1000440462 ns, Reaching safepoint: 885730 ns, At safepoint: 45400 ns, Total: 931130 ns
[2020-08-12T19:13:23.406+0000][6][safepoint    ] Safepoint "Cleanup", Time since last: 1000276363 ns, Reaching safepoint: 244985 ns, At safepoint: 10925 ns, Total: 255910 ns
[2020-08-12T19:13:24.828+0000][6][safepoint    ] Safepoint "Cleanup", Time since last: 1421431492 ns, Reaching safepoint: 583683 ns, At safepoint: 44724 ns, Total: 628407 ns
[2020-08-12T19:13:25.829+0000][6][safepoint    ] Safepoint "Cleanup", Time since last: 1000400563 ns, Reaching safepoint: 404409 ns, At safepoint: 16887 ns, Total: 421296 ns
[2020-08-12T19:13:26.830+0000][6][safepoint    ] Safepoint "Cleanup", Time since last: 1000234302 ns, Reaching safepoint: 641607 ns, At safepoint: 43112 ns, Total: 684719 ns
[2020-08-12T19:13:27.831+0000][6][safepoint    ] Safepoint "Cleanup", Time since last: 1000895521 ns, Reaching safepoint: 850917 ns, At safepoint: 44225 ns, Total: 895142 ns
[2020-08-12T19:13:29.829+0000][6][safepoint    ] Safepoint "Cleanup", Time since last: 1996680773 ns, Reaching safepoint: 817706 ns, At safepoint: 87799 ns, Total: 905505 ns
[2020-08-12T19:13:30.830+0000][6][safepoint    ] Safepoint "Cleanup", Time since last: 1000338551 ns, Reaching safepoint: 434558 ns, At safepoint: 44262 ns, Total: 478820 ns
[2020-08-12T19:13:31.831+0000][6][safepoint    ] Safepoint "Cleanup", Time since last: 1000379338 ns, Reaching safepoint: 710719 ns, At safepoint: 84774 ns, Total: 795493 ns
[2020-08-12T19:13:32.283+0000][6][gc,start     ] GC(21) Pause Young (Normal) (G1 Evacuation Pause)
[2020-08-12T19:13:32.317+0000][6][gc,task      ] GC(21) Using 2 workers of 2 for evacuation
[2020-08-12T19:13:32.318+0000][6][gc,age       ] GC(21) Desired survivor size 30408704 bytes, new threshold 15 (max threshold 15)
[2020-08-12T19:13:32.558+0000][6][gc,age       ] GC(21) Age table with threshold 15 (max threshold 15)
[2020-08-12T19:13:32.558+0000][6][gc,age       ] GC(21) - age   1:   11161120 bytes,   11161120 total
[2020-08-12T19:13:32.558+0000][6][gc,age       ] GC(21) - age   2:     312904 bytes,   11474024 total
[2020-08-12T19:13:32.558+0000][6][gc,mmu       ] GC(21) MMU target violated: 201.0ms (200.0ms/201.0ms)
[2020-08-12T19:13:32.558+0000][6][gc,phases    ] GC(21)   Pre Evacuate Collection Set: 46.0ms
[2020-08-12T19:13:32.558+0000][6][gc,phases    ] GC(21)   Merge Heap Roots: 14.0ms
[2020-08-12T19:13:32.558+0000][6][gc,phases    ] GC(21)   Evacuate Collection Set: 155.3ms
[2020-08-12T19:13:32.558+0000][6][gc,phases    ] GC(21)   Post Evacuate Collection Set: 22.1ms
[2020-08-12T19:13:32.559+0000][6][gc,phases    ] GC(21)   Other: 63.2ms
[2020-08-12T19:13:32.559+0000][6][gc,heap      ] GC(21) Eden regions: 461->0(79)
[2020-08-12T19:13:32.559+0000][6][gc,heap      ] GC(21) Survivor regions: 2->12(58)
[2020-08-12T19:13:32.559+0000][6][gc,heap      ] GC(21) Old regions: 70->70
[2020-08-12T19:13:32.559+0000][6][gc,heap      ] GC(21) Archive regions: 2->2
[2020-08-12T19:13:32.559+0000][6][gc,heap      ] GC(21) Humongous regions: 7->7
[2020-08-12T19:13:32.567+0000][6][gc,metaspace ] GC(21) Metaspace: 93009K(100564K)->93009K(100564K) NonClass: 80466K(84992K)->80466K(84992K) Class: 12542K(15572K)->12542K(15572K)
[2020-08-12T19:13:32.580+0000][6][gc           ] GC(21) Pause Young (Normal) (G1 Evacuation Pause) 540M->89M(1024M) 284.546ms
[2020-08-12T19:13:32.580+0000][6][gc,cpu       ] GC(21) User=0.12s Sys=0.02s Real=0.30s
[2020-08-12T19:13:32.580+0000][6][safepoint    ] Safepoint "G1CollectForAllocation", Time since last: 391877282 ns, Reaching safepoint: 849855 ns, At safepoint: 356611575 ns, Total: 357461430 ns
[2020-08-12T19:13:33.581+0000][6][safepoint    ] Safepoint "Cleanup", Time since last: 1000191827 ns, Reaching safepoint: 351796 ns, At safepoint: 18188 ns, Total: 369984 ns
[2020-08-12T19:13:34.831+0000][6][safepoint    ] Safepoint "Cleanup", Time since last: 1250236912 ns, Reaching safepoint: 366284 ns, At safepoint: 17250 ns, Total: 383534 ns
[2020-08-12T19:13:35.832+0000][6][safepoint    ] Safepoint "Cleanup", Time since last: 1000232789 ns, Reaching safepoint: 525645 ns, At safepoint: 30887 ns, Total: 556532 ns
[2020-08-12T19:13:36.494+0000][6][safepoint    ] Safepoint "BulkRevokeBias", Time since last: 659311041 ns, Reaching safepoint: 373847 ns, At safepoint: 1988546 ns, Total: 2362393 ns
[2020-08-12T19:13:37.495+0000][6][safepoint    ] Safepoint "Cleanup", Time since last: 1000667797 ns, Reaching safepoint: 678044 ns, At safepoint: 44287 ns, Total: 722331 ns
[2020-08-12T19:13:39.291+0000][6][safepoint    ] Safepoint "Cleanup", Time since last: 1795157606 ns, Reaching safepoint: 319560 ns, At safepoint: 19325 ns, Total: 338885 ns
[2020-08-12T19:13:40.292+0000][6][safepoint    ] Safepoint "Cleanup", Time since last: 1000292551 ns, Reaching safepoint: 595732 ns, At safepoint: 44275 ns, Total: 640007 ns
[2020-08-12T19:13:41.293+0000][6][safepoint    ] Safepoint "Cleanup", Time since last: 1000394387 ns, Reaching safepoint: 548533 ns, At safepoint: 46275 ns, Total: 594808 ns
[2020-08-12T19:13:42.294+0000][6][safepoint    ] Safepoint "Cleanup", Time since last: 1000371688 ns, Reaching safepoint: 623307 ns, At safepoint: 32937 ns, Total: 656244 ns
[2020-08-12T19:13:43.295+0000][6][safepoint    ] Safepoint "Cleanup", Time since last: 1000350025 ns, Reaching safepoint: 1045916 ns, At safepoint: 43688 ns, Total: 1089604 ns
[2020-08-12T19:13:44.828+0000][6][safepoint    ] Safepoint "Cleanup", Time since last: 1532198482 ns, Reaching safepoint: 884980 ns, At safepoint: 57637 ns, Total: 942617 ns
[2020-08-12T19:13:45.830+0000][6][safepoint    ] Safepoint "Cleanup", Time since last: 1000662560 ns, Reaching safepoint: 690619 ns, At safepoint: 37725 ns, Total: 728344 ns
[2020-08-12T19:13:46.831+0000][6][safepoint    ] Safepoint "Cleanup", Time since last: 1000401000 ns, Reaching safepoint: 808556 ns, At safepoint: 46787 ns, Total: 855343 ns
[2020-08-12T19:13:47.832+0000][6][safepoint    ] Safepoint "Cleanup", Time since last: 1000457712 ns, Reaching safepoint: 801593 ns, At safepoint: 57575 ns, Total: 859168 ns
[2020-08-12T19:13:49.828+0000][6][safepoint    ] Safepoint "Cleanup", Time since last: 1994552016 ns, Reaching safepoint: 1087753 ns, At safepoint: 47037 ns, Total: 1134790 ns
[2020-08-12T19:13:50.829+0000][6][safepoint    ] Safepoint "Cleanup", Time since last: 1000274689 ns, Reaching safepoint: 348222 ns, At safepoint: 12637 ns, Total: 360859 ns
[2020-08-12T19:13:51.829+0000][6][safepoint    ] Safepoint "Cleanup", Time since last: 1000197352 ns, Reaching safepoint: 582183 ns, At safepoint: 18125 ns, Total: 600308 ns
[2020-08-12T19:13:52.830+0000][6][safepoint    ] Safepoint "Cleanup", Time since last: 1000193051 ns, Reaching safepoint: 350235 ns, At safepoint: 17300 ns, Total: 367535 ns
[2020-08-12T19:13:54.828+0000][6][safepoint    ] Safepoint "Cleanup", Time since last: 1997434104 ns, Reaching safepoint: 465883 ns, At safepoint: 94025 ns, Total: 559908 ns
[2020-08-12T19:13:55.829+0000][6][safepoint    ] Safepoint "Cleanup", Time since last: 1000276713 ns, Reaching safepoint: 793881 ns, At safepoint: 70462 ns, Total: 864343 ns
[2020-08-12T19:13:56.830+0000][6][safepoint    ] Safepoint "Cleanup", Time since last: 1000257976 ns, Reaching safepoint: 693769 ns, At safepoint: 43887 ns, Total: 737656 ns
[2020-08-12T19:13:57.831+0000][6][safepoint    ] Safepoint "Cleanup", Time since last: 1000348838 ns, Reaching safepoint: 655932 ns, At safepoint: 44287 ns, Total: 700219 ns
[2020-08-12T19:13:59.270+0000][6][safepoint    ] Safepoint "Cleanup", Time since last: 1438675355 ns, Reaching safepoint: 572795 ns, At safepoint: 26125 ns, Total: 598920 ns
[2020-08-12T19:14:00.271+0000][6][safepoint    ] Safepoint "Cleanup", Time since last: 1000278176 ns, Reaching safepoint: 657157 ns, At safepoint: 44937 ns, Total: 702094 ns
[2020-08-12T19:14:01.273+0000][6][safepoint    ] Safepoint "Cleanup", Time since last: 1000357338 ns, Reaching safepoint: 815855 ns, At safepoint: 45463 ns, Total: 861318 ns
[2020-08-12T19:14:02.274+0000][6][safepoint    ] Safepoint "Cleanup", Time since last: 1000328163 ns, Reaching safepoint: 600007 ns, At safepoint: 44775 ns, Total: 644782 ns
[2020-08-12T19:14:03.274+0000][6][safepoint    ] Safepoint "Cleanup", Time since last: 1000352975 ns, Reaching safepoint: 358472 ns, At safepoint: 33000 ns, Total: 391472 ns
[2020-08-12T19:14:04.839+0000][6][safepoint    ] Safepoint "Cleanup", Time since last: 1564332179 ns, Reaching safepoint: 664107 ns, At safepoint: 44000 ns, Total: 708107 ns
[2020-08-12T19:14:05.840+0000][6][safepoint    ] Safepoint "Cleanup", Time since last: 1000348288 ns, Reaching safepoint: 498221 ns, At safepoint: 44712 ns, Total: 542933 ns
[2020-08-12T19:14:07.173+0000][6][safepoint    ] Safepoint "Cleanup", Time since last: 1332018853 ns, Reaching safepoint: 785531 ns, At safepoint: 56637 ns, Total: 842168 ns
[2020-08-12T19:14:08.174+0000][6][safepoint    ] Safepoint "Cleanup", Time since last: 1000284351 ns, Reaching safepoint: 500246 ns, At safepoint: 26737 ns, Total: 526983 ns
[2020-08-12T19:14:09.833+0000][6][safepoint    ] Safepoint "Cleanup", Time since last: 1658589038 ns, Reaching safepoint: 721256 ns, At safepoint: 44525 ns, Total: 765781 ns
[2020-08-12T19:14:10.834+0000][6][safepoint    ] Safepoint "Cleanup", Time since last: 1000298339 ns, Reaching safepoint: 696406 ns, At safepoint: 32400 ns, Total: 728806 ns
[2020-08-12T19:14:11.835+0000][6][safepoint    ] Safepoint "Cleanup", Time since last: 1000238876 ns, Reaching safepoint: 772769 ns, At safepoint: 31774 ns, Total: 804543 ns
[2020-08-12T19:14:12.836+0000][6][safepoint    ] Safepoint "Cleanup", Time since last: 1000283651 ns, Reaching safepoint: 702094 ns, At safepoint: 44787 ns, Total: 746881 ns
[2020-08-12T19:14:13.837+0000][6][safepoint    ] Safepoint "Cleanup", Time since last: 1000085578 ns, Reaching safepoint: 910355 ns, At safepoint: 56712 ns, Total: 967067 ns
[2020-08-12T19:14:14.844+0000][6][safepoint    ] Safepoint "Cleanup", Time since last: 1005773203 ns, Reaching safepoint: 778844 ns, At safepoint: 46737 ns, Total: 825581 ns
[2020-08-12T19:14:15.845+0000][6][safepoint    ] Safepoint "Cleanup", Time since last: 1000276863 ns, Reaching safepoint: 278273 ns, At safepoint: 11962 ns, Total: 290235 ns
[2020-08-12T19:14:16.846+0000][6][safepoint    ] Safepoint "Cleanup", Time since last: 1000225652 ns, Reaching safepoint: 698894 ns, At safepoint: 38025 ns, Total: 736919 ns
[2020-08-12T19:14:17.847+0000][6][safepoint    ] Safepoint "Cleanup", Time since last: 1000411862 ns, Reaching safepoint: 596695 ns, At safepoint: 45025 ns, Total: 641720 ns
[2020-08-12T19:14:17.997+0000][6][gc,start     ] GC(22) Pause Young (Normal) (G1 Evacuation Pause)
[2020-08-12T19:14:17.997+0000][6][gc,task      ] GC(22) Using 2 workers of 2 for evacuation
[2020-08-12T19:14:17.998+0000][6][gc,age       ] GC(22) Desired survivor size 6291456 bytes, new threshold 1 (max threshold 15)
[2020-08-12T19:14:18.037+0000][6][gc,age       ] GC(22) Age table with threshold 1 (max threshold 15)
[2020-08-12T19:14:18.037+0000][6][gc,age       ] GC(22) - age   1:      68056 bytes,      68056 total
[2020-08-12T19:14:18.038+0000][6][gc,phases    ] GC(22)   Pre Evacuate Collection Set: 0.6ms
[2020-08-12T19:14:18.038+0000][6][gc,phases    ] GC(22)   Merge Heap Roots: 0.4ms
[2020-08-12T19:14:18.038+0000][6][gc,phases    ] GC(22)   Evacuate Collection Set: 33.3ms
[2020-08-12T19:14:18.038+0000][6][gc,phases    ] GC(22)   Post Evacuate Collection Set: 5.1ms
[2020-08-12T19:14:18.038+0000][6][gc,phases    ] GC(22)   Other: 1.1ms
[2020-08-12T19:14:18.038+0000][6][gc,heap      ] GC(22) Eden regions: 79->0(613)
[2020-08-12T19:14:18.038+0000][6][gc,heap      ] GC(22) Survivor regions: 12->1(12)
[2020-08-12T19:14:18.038+0000][6][gc,heap      ] GC(22) Old regions: 70->81
[2020-08-12T19:14:18.038+0000][6][gc,heap      ] GC(22) Archive regions: 2->2
[2020-08-12T19:14:18.038+0000][6][gc,heap      ] GC(22) Humongous regions: 7->7
[2020-08-12T19:14:18.038+0000][6][gc,metaspace ] GC(22) Metaspace: 93206K(100820K)->93206K(100820K) NonClass: 80664K(85248K)->80664K(85248K) Class: 12542K(15572K)->12542K(15572K)
[2020-08-12T19:14:18.072+0000][6][gc           ] GC(22) Pause Young (Normal) (G1 Evacuation Pause) 168M->89M(1024M) 75.099ms
[2020-08-12T19:14:18.073+0000][6][gc,cpu       ] GC(22) User=0.07s Sys=0.00s Real=0.07s
[2020-08-12T19:14:18.075+0000][6][safepoint    ] Safepoint "G1CollectForAllocation", Time since last: 149577317 ns, Reaching safepoint: 896617 ns, At safepoint: 77834201 ns, Total: 78730818 ns
[2020-08-12T19:14:19.434+0000][6][safepoint    ] Safepoint "Cleanup", Time since last: 1358428125 ns, Reaching safepoint: 463383 ns, At safepoint: 20450 ns, Total: 483833 ns
[2020-08-12T19:14:20.435+0000][6][safepoint    ] Safepoint "Cleanup", Time since last: 1000320576 ns, Reaching safepoint: 1250302 ns, At safepoint: 57762 ns, Total: 1308064 ns
[2020-08-12T19:14:21.436+0000][6][safepoint    ] Safepoint "Cleanup", Time since last: 1000278688 ns, Reaching safepoint: 361497 ns, At safepoint: 15312 ns, Total: 376809 ns
[2020-08-12T19:14:22.437+0000][6][safepoint    ] Safepoint "Cleanup", Time since last: 1000244714 ns, Reaching safepoint: 822693 ns, At safepoint: 59562 ns, Total: 882255 ns
[2020-08-12T19:14:23.438+0000][6][safepoint    ] Safepoint "Cleanup", Time since last: 1000287089 ns, Reaching safepoint: 434971 ns, At safepoint: 16462 ns, Total: 451433 ns
[2020-08-12T19:14:24.836+0000][6][safepoint    ] Safepoint "Cleanup", Time since last: 1397416300 ns, Reaching safepoint: 692919 ns, At safepoint: 51700 ns, Total: 744619 ns
[2020-08-12T19:14:25.837+0000][6][safepoint    ] Safepoint "Cleanup", Time since last: 1000299051 ns, Reaching safepoint: 527295 ns, At safepoint: 25225 ns, Total: 552520 ns
[2020-08-12T19:14:26.838+0000][6][safepoint    ] Safepoint "Cleanup", Time since last: 1000322088 ns, Reaching safepoint: 840343 ns, At safepoint: 45650 ns, Total: 885993 ns
[2020-08-12T19:14:27.839+0000][6][safepoint    ] Safepoint "Cleanup", Time since last: 1000339338 ns, Reaching safepoint: 668944 ns, At safepoint: 51637 ns, Total: 720581 ns
[2020-08-12T19:14:28.838+0000][6][safepoint    ] Safepoint "BulkRevokeBias", Time since last: 996528796 ns, Reaching safepoint: 511933 ns, At safepoint: 1663761 ns, Total: 2175694 ns
[2020-08-12T19:14:29.840+0000][6][safepoint    ] Safepoint "Cleanup", Time since last: 1001623014 ns, Reaching safepoint: 638232 ns, At safepoint: 29337 ns, Total: 667569 ns
[2020-08-12T19:14:30.841+0000][6][safepoint    ] Safepoint "Cleanup", Time since last: 1000674136 ns, Reaching safepoint: 299559 ns, At safepoint: 11038 ns, Total: 310597 ns
[2020-08-12T19:14:31.842+0000][6][safepoint    ] Safepoint "Cleanup", Time since last: 1000205302 ns, Reaching safepoint: 681019 ns, At safepoint: 29899 ns, Total: 710918 ns
[2020-08-12T19:14:32.843+0000][6][safepoint    ] Safepoint "Cleanup", Time since last: 1000275914 ns, Reaching safepoint: 715306 ns, At safepoint: 45175 ns, Total: 760481 ns
[2020-08-12T19:14:34.836+0000][6][safepoint    ] Safepoint "Cleanup", Time since last: 1992151475 ns, Reaching safepoint: 912167 ns, At safepoint: 44925 ns, Total: 957092 ns
[2020-08-12T19:14:35.837+0000][6][safepoint    ] Safepoint "Cleanup", Time since last: 1000298363 ns, Reaching safepoint: 459759 ns, At safepoint: 27112 ns, Total: 486871 ns
[2020-08-12T19:14:37.206+0000][6][safepoint    ] Safepoint "Cleanup", Time since last: 1367395872 ns, Reaching safepoint: 1083478 ns, At safepoint: 46938 ns, Total: 1130416 ns
[2020-08-12T19:14:38.206+0000][6][safepoint    ] Safepoint "Cleanup", Time since last: 1000277438 ns, Reaching safepoint: 537508 ns, At safepoint: 27300 ns, Total: 564808 ns
[2020-08-12T19:14:39.281+0000][6][safepoint    ] Safepoint "Cleanup", Time since last: 1073474680 ns, Reaching safepoint: 532033 ns, At safepoint: 53812 ns, Total: 585845 ns
[2020-08-12T19:14:40.282+0000][6][safepoint    ] Safepoint "Cleanup", Time since last: 1000390675 ns, Reaching safepoint: 792393 ns, At safepoint: 43274 ns, Total: 835667 ns
[2020-08-12T19:14:41.283+0000][6][safepoint    ] Safepoint "Cleanup", Time since last: 1000391288 ns, Reaching safepoint: 859655 ns, At safepoint: 46137 ns, Total: 905792 ns
[2020-08-12T19:14:42.284+0000][6][safepoint    ] Safepoint "Cleanup", Time since last: 1000345201 ns, Reaching safepoint: 611682 ns, At safepoint: 51525 ns, Total: 663207 ns
[2020-08-12T19:14:43.285+0000][6][safepoint    ] Safepoint "Cleanup", Time since last: 1000326263 ns, Reaching safepoint: 454096 ns, At safepoint: 158761 ns, Total: 612857 ns
[2020-08-12T19:14:44.839+0000][6][safepoint    ] Safepoint "Cleanup", Time since last: 1553272963 ns, Reaching safepoint: 312335 ns, At safepoint: 16024 ns, Total: 328359 ns
[2020-08-12T19:14:45.842+0000][6][safepoint    ] Safepoint "Cleanup", Time since last: 1000206477 ns, Reaching safepoint: 3637594 ns, At safepoint: 37524 ns, Total: 3675118 ns
[2020-08-12T19:14:46.843+0000][6][safepoint    ] Safepoint "Cleanup", Time since last: 1000264452 ns, Reaching safepoint: 495120 ns, At safepoint: 28525 ns, Total: 523645 ns
[2020-08-12T19:14:47.844+0000][6][safepoint    ] Safepoint "Cleanup", Time since last: 1000218652 ns, Reaching safepoint: 459333 ns, At safepoint: 23788 ns, Total: 483121 ns
[2020-08-12T19:14:49.835+0000][6][safepoint    ] Safepoint "Cleanup", Time since last: 1989823857 ns, Reaching safepoint: 719444 ns, At safepoint: 33950 ns, Total: 753394 ns
[2020-08-12T19:14:50.836+0000][6][safepoint    ] Safepoint "Cleanup", Time since last: 1000299588 ns, Reaching safepoint: 1308839 ns, At safepoint: 56462 ns, Total: 1365301 ns
[2020-08-12T19:14:51.837+0000][6][safepoint    ] Safepoint "Cleanup", Time since last: 1000341700 ns, Reaching safepoint: 665295 ns, At safepoint: 30612 ns, Total: 695907 ns
[2020-08-12T19:14:52.838+0000][6][safepoint    ] Safepoint "Cleanup", Time since last: 1000290313 ns, Reaching safepoint: 728482 ns, At safepoint: 43787 ns, Total: 772269 ns
[2020-08-12T19:14:54.834+0000][6][safepoint    ] Safepoint "Cleanup", Time since last: 1994676928 ns, Reaching safepoint: 562695 ns, At safepoint: 37750 ns, Total: 600445 ns
[2020-08-12T19:14:55.834+0000][6][safepoint    ] Safepoint "Cleanup", Time since last: 1000275551 ns, Reaching safepoint: 483096 ns, At safepoint: 28487 ns, Total: 511583 ns
[2020-08-12T19:14:56.835+0000][6][safepoint    ] Safepoint "Cleanup", Time since last: 1000260601 ns, Reaching safepoint: 654870 ns, At safepoint: 45387 ns, Total: 700257 ns
[2020-08-12T19:14:57.836+0000][6][safepoint    ] Safepoint "Cleanup", Time since last: 1000334713 ns, Reaching safepoint: 653644 ns, At safepoint: 43687 ns, Total: 697331 ns
[2020-08-12T19:14:59.335+0000][6][safepoint    ] Safepoint "Cleanup", Time since last: 1497962217 ns, Reaching safepoint: 748356 ns, At safepoint: 33050 ns, Total: 781406 ns
[2020-08-12T19:15:00.336+0000][6][safepoint    ] Safepoint "Cleanup", Time since last: 1000296976 ns, Reaching safepoint: 784568 ns, At safepoint: 45324 ns, Total: 829892 ns
[2020-08-12T19:15:01.337+0000][6][safepoint    ] Safepoint "Cleanup", Time since last: 1000374326 ns, Reaching safepoint: 690719 ns, At safepoint: 38225 ns, Total: 728944 ns
[2020-08-12T19:15:02.338+0000][6][safepoint    ] Safepoint "Cleanup", Time since last: 1000298525 ns, Reaching safepoint: 654082 ns, At safepoint: 44375 ns, Total: 698457 ns
[2020-08-12T19:15:03.339+0000][6][safepoint    ] Safepoint "Cleanup", Time since last: 1000300026 ns, Reaching safepoint: 614419 ns, At safepoint: 25488 ns, Total: 639907 ns
[2020-08-12T19:15:04.845+0000][6][safepoint    ] Safepoint "Cleanup", Time since last: 1504727008 ns, Reaching safepoint: 741331 ns, At safepoint: 42875 ns, Total: 784206 ns
[2020-08-12T19:15:05.846+0000][6][safepoint    ] Safepoint "Cleanup", Time since last: 1000421912 ns, Reaching safepoint: 712656 ns, At safepoint: 36687 ns, Total: 749343 ns
[2020-08-12T19:15:07.278+0000][6][safepoint    ] Safepoint "Cleanup", Time since last: 1431671479 ns, Reaching safepoint: 811155 ns, At safepoint: 43125 ns, Total: 854280 ns
[2020-08-12T19:15:08.279+0000][6][safepoint    ] Safepoint "Cleanup", Time since last: 1000288913 ns, Reaching safepoint: 536721 ns, At safepoint: 20637 ns, Total: 557358 ns
[2020-08-12T19:15:09.836+0000][6][safepoint    ] Safepoint "Cleanup", Time since last: 1556223037 ns, Reaching safepoint: 695619 ns, At safepoint: 44225 ns, Total: 739844 ns
[2020-08-12T19:15:10.837+0000][6][safepoint    ] Safepoint "Cleanup", Time since last: 1000280738 ns, Reaching safepoint: 584270 ns, At safepoint: 20563 ns, Total: 604833 ns
[2020-08-12T19:15:11.838+0000][6][safepoint    ] Safepoint "Cleanup", Time since last: 1000244439 ns, Reaching safepoint: 866905 ns, At safepoint: 44599 ns, Total: 911504 ns
[2020-08-12T19:15:12.839+0000][6][safepoint    ] Safepoint "Cleanup", Time since last: 1000344313 ns, Reaching safepoint: 567595 ns, At safepoint: 44400 ns, Total: 611995 ns
[2020-08-12T19:15:14.836+0000][6][safepoint    ] Safepoint "Cleanup", Time since last: 1995947505 ns, Reaching safepoint: 755518 ns, At safepoint: 46450 ns, Total: 801968 ns
[2020-08-12T19:15:15.837+0000][6][safepoint    ] Safepoint "Cleanup", Time since last: 1000277213 ns, Reaching safepoint: 255573 ns, At safepoint: 11113 ns, Total: 266686 ns
[2020-08-12T19:15:16.838+0000][6][safepoint    ] Safepoint "Cleanup", Time since last: 1000220964 ns, Reaching safepoint: 846092 ns, At safepoint: 43300 ns, Total: 889392 ns
[2020-08-12T19:15:17.839+0000][6][safepoint    ] Safepoint "Cleanup", Time since last: 1000386800 ns, Reaching safepoint: 695132 ns, At safepoint: 43762 ns, Total: 738894 ns
[2020-08-12T19:15:19.323+0000][6][safepoint    ] Safepoint "Cleanup", Time since last: 1483806439 ns, Reaching safepoint: 620570 ns, At safepoint: 30137 ns, Total: 650707 ns
[2020-08-12T19:15:20.324+0000][6][safepoint    ] Safepoint "Cleanup", Time since last: 1000295126 ns, Reaching safepoint: 729631 ns, At safepoint: 43937 ns, Total: 773568 ns
[2020-08-12T19:15:21.325+0000][6][safepoint    ] Safepoint "Cleanup", Time since last: 1000341101 ns, Reaching safepoint: 592207 ns, At safepoint: 43912 ns, Total: 636119 ns
[2020-08-12T19:15:22.326+0000][6][safepoint    ] Safepoint "Cleanup", Time since last: 1000304451 ns, Reaching safepoint: 745344 ns, At safepoint: 45774 ns, Total: 791118 ns
[2020-08-12T19:15:23.327+0000][6][safepoint    ] Safepoint "Cleanup", Time since last: 1000342326 ns, Reaching safepoint: 522683 ns, At safepoint: 54112 ns, Total: 576795 ns
[2020-08-12T19:15:24.843+0000][6][safepoint    ] Safepoint "Cleanup", Time since last: 1515049331 ns, Reaching safepoint: 605720 ns, At safepoint: 27200 ns, Total: 632920 ns
[2020-08-12T19:15:25.844+0000][6][safepoint    ] Safepoint "Cleanup", Time since last: 1000189489 ns, Reaching safepoint: 351810 ns, At safepoint: 16199 ns, Total: 368009 ns
[2020-08-12T19:15:26.844+0000][6][safepoint    ] Safepoint "Cleanup", Time since last: 1000214802 ns, Reaching safepoint: 552770 ns, At safepoint: 23650 ns, Total: 576420 ns
[2020-08-12T19:15:27.845+0000][6][safepoint    ] Safepoint "Cleanup", Time since last: 1000260664 ns, Reaching safepoint: 803555 ns, At safepoint: 43812 ns, Total: 847367 ns
[2020-08-12T19:15:29.839+0000][6][safepoint    ] Safepoint "Cleanup", Time since last: 1993088805 ns, Reaching safepoint: 686706 ns, At safepoint: 46850 ns, Total: 733556 ns
[2020-08-12T19:15:30.840+0000][6][safepoint    ] Safepoint "Cleanup", Time since last: 1000316151 ns, Reaching safepoint: 576295 ns, At safepoint: 38125 ns, Total: 614420 ns
[2020-08-12T19:15:31.841+0000][6][safepoint    ] Safepoint "Cleanup", Time since last: 1000292588 ns, Reaching safepoint: 737969 ns, At safepoint: 51162 ns, Total: 789131 ns
[2020-08-12T19:15:32.842+0000][6][safepoint    ] Safepoint "Cleanup", Time since last: 1000325225 ns, Reaching safepoint: 378247 ns, At safepoint: 20863 ns, Total: 399110 ns
[2020-08-12T19:15:33.843+0000][6][safepoint    ] Safepoint "Cleanup", Time since last: 1000346613 ns, Reaching safepoint: 654994 ns, At safepoint: 33062 ns, Total: 688056 ns
[2020-08-12T19:15:34.845+0000][6][safepoint    ] Safepoint "Cleanup", Time since last: 1001517740 ns, Reaching safepoint: 264211 ns, At safepoint: 27437 ns, Total: 291648 ns
[2020-08-12T19:15:35.845+0000][6][safepoint    ] Safepoint "Cleanup", Time since last: 1000196402 ns, Reaching safepoint: 263373 ns, At safepoint: 10824 ns, Total: 274197 ns
[2020-08-12T19:15:36.250+0000][6][safepoint    ] Safepoint "BulkRevokeBias", Time since last: 403569368 ns, Reaching safepoint: 342222 ns, At safepoint: 982442 ns, Total: 1324664 ns
[2020-08-12T19:15:37.251+0000][6][safepoint    ] Safepoint "Cleanup", Time since last: 1000235189 ns, Reaching safepoint: 693219 ns, At safepoint: 33625 ns, Total: 726844 ns
[2020-08-12T19:15:38.252+0000][6][safepoint    ] Safepoint "Cleanup", Time since last: 1000235101 ns, Reaching safepoint: 478546 ns, At safepoint: 15437 ns, Total: 493983 ns
[2020-08-12T19:15:39.313+0000][6][safepoint    ] Safepoint "Cleanup", Time since last: 1060407893 ns, Reaching safepoint: 803843 ns, At safepoint: 45475 ns, Total: 849318 ns
[2020-08-12T19:15:40.314+0000][6][safepoint    ] Safepoint "Cleanup", Time since last: 1000334401 ns, Reaching safepoint: 889154 ns, At safepoint: 44088 ns, Total: 933242 ns
[2020-08-12T19:15:41.316+0000][6][safepoint    ] Safepoint "Cleanup", Time since last: 1000351738 ns, Reaching safepoint: 908829 ns, At safepoint: 43237 ns, Total: 952066 ns
[2020-08-12T19:15:42.317+0000][6][safepoint    ] Safepoint "Cleanup", Time since last: 1000396313 ns, Reaching safepoint: 888667 ns, At safepoint: 43875 ns, Total: 932542 ns
[2020-08-12T19:15:43.343+0000][6][safepoint    ] Safepoint "Cleanup", Time since last: 1000352388 ns, Reaching safepoint: 25618978 ns, At safepoint: 34687 ns, Total: 25653665 ns
[2020-08-12T19:15:44.866+0000][6][safepoint    ] Safepoint "Cleanup", Time since last: 1522209669 ns, Reaching safepoint: 688445 ns, At safepoint: 45687 ns, Total: 734132 ns
[2020-08-12T19:15:45.867+0000][6][safepoint    ] Safepoint "Cleanup", Time since last: 1000381350 ns, Reaching safepoint: 334434 ns, At safepoint: 14488 ns, Total: 348922 ns
[2020-08-12T19:15:46.868+0000][6][safepoint    ] Safepoint "Cleanup", Time since last: 1000312626 ns, Reaching safepoint: 590645 ns, At safepoint: 30962 ns, Total: 621607 ns
[2020-08-12T19:15:47.869+0000][6][safepoint    ] Safepoint "Cleanup", Time since last: 1000312276 ns, Reaching safepoint: 919992 ns, At safepoint: 58737 ns, Total: 978729 ns
[2020-08-12T19:15:49.847+0000][6][safepoint    ] Safepoint "Cleanup", Time since last: 1977034206 ns, Reaching safepoint: 645732 ns, At safepoint: 45599 ns, Total: 691331 ns
[2020-08-12T19:15:50.848+0000][6][safepoint    ] Safepoint "Cleanup", Time since last: 1000384150 ns, Reaching safepoint: 1202440 ns, At safepoint: 22462 ns, Total: 1224902 ns
[2020-08-12T19:15:51.849+0000][6][safepoint    ] Safepoint "Cleanup", Time since last: 1000241264 ns, Reaching safepoint: 732569 ns, At safepoint: 43787 ns, Total: 776356 ns
[2020-08-12T19:15:52.850+0000][6][safepoint    ] Safepoint "Cleanup", Time since last: 1000292463 ns, Reaching safepoint: 470146 ns, At safepoint: 20825 ns, Total: 490971 ns
[2020-08-12T19:15:54.845+0000][6][safepoint    ] Safepoint "Cleanup", Time since last: 1994655041 ns, Reaching safepoint: 557945 ns, At safepoint: 23238 ns, Total: 581183 ns
[2020-08-12T19:15:55.846+0000][6][safepoint    ] Safepoint "Cleanup", Time since last: 1000229276 ns, Reaching safepoint: 297485 ns, At safepoint: 11075 ns, Total: 308560 ns
[2020-08-12T19:15:56.847+0000][6][safepoint    ] Safepoint "Cleanup", Time since last: 1000208739 ns, Reaching safepoint: 613820 ns, At safepoint: 29800 ns, Total: 643620 ns
[2020-08-12T19:15:57.848+0000][6][safepoint    ] Safepoint "Cleanup", Time since last: 1000406537 ns, Reaching safepoint: 641507 ns, At safepoint: 52125 ns, Total: 693632 ns
[2020-08-12T19:15:59.361+0000][6][safepoint    ] Safepoint "Cleanup", Time since last: 1513198634 ns, Reaching safepoint: 392309 ns, At safepoint: 21963 ns, Total: 414272 ns
[2020-08-12T19:16:00.362+0000][6][safepoint    ] Safepoint "Cleanup", Time since last: 1000247764 ns, Reaching safepoint: 657969 ns, At safepoint: 39812 ns, Total: 697781 ns
[2020-08-12T19:16:01.363+0000][6][safepoint    ] Safepoint "Cleanup", Time since last: 1000321138 ns, Reaching safepoint: 619245 ns, At safepoint: 43425 ns, Total: 662670 ns
[2020-08-12T19:16:02.364+0000][6][safepoint    ] Safepoint "Cleanup", Time since last: 1000332588 ns, Reaching safepoint: 702494 ns, At safepoint: 44649 ns, Total: 747143 ns
[2020-08-12T19:16:03.365+0000][6][safepoint    ] Safepoint "Cleanup", Time since last: 1000307589 ns, Reaching safepoint: 519108 ns, At safepoint: 48912 ns, Total: 568020 ns
[2020-08-12T19:16:04.854+0000][6][safepoint    ] Safepoint "Cleanup", Time since last: 1487555944 ns, Reaching safepoint: 546570 ns, At safepoint: 44175 ns, Total: 590745 ns
[2020-08-12T19:16:05.854+0000][6][safepoint    ] Safepoint "Cleanup", Time since last: 1000295713 ns, Reaching safepoint: 619020 ns, At safepoint: 46200 ns, Total: 665220 ns
[2020-08-12T19:16:07.065+0000][6][safepoint    ] Safepoint "Cleanup", Time since last: 1208906857 ns, Reaching safepoint: 1239139 ns, At safepoint: 39587 ns, Total: 1278726 ns
[2020-08-12T19:16:08.066+0000][6][safepoint    ] Safepoint "Cleanup", Time since last: 1000363926 ns, Reaching safepoint: 831805 ns, At safepoint: 73312 ns, Total: 905117 ns
[2020-08-12T19:16:09.850+0000][6][safepoint    ] Safepoint "Cleanup", Time since last: 1783418445 ns, Reaching safepoint: 475571 ns, At safepoint: 21449 ns, Total: 497020 ns
[2020-08-12T19:16:10.851+0000][6][safepoint    ] Safepoint "Cleanup", Time since last: 1000256764 ns, Reaching safepoint: 658495 ns, At safepoint: 27774 ns, Total: 686269 ns
[2020-08-12T19:16:11.852+0000][6][safepoint    ] Safepoint "Cleanup", Time since last: 1000276989 ns, Reaching safepoint: 625895 ns, At safepoint: 32962 ns, Total: 658857 ns
[2020-08-12T19:16:12.853+0000][6][safepoint    ] Safepoint "Cleanup", Time since last: 1000409975 ns, Reaching safepoint: 977404 ns, At safepoint: 66287 ns, Total: 1043691 ns
[2020-08-12T19:16:14.849+0000][6][safepoint    ] Safepoint "Cleanup", Time since last: 1994494467 ns, Reaching safepoint: 856205 ns, At safepoint: 53025 ns, Total: 909230 ns
[2020-08-12T19:16:15.849+0000][6][safepoint    ] Safepoint "Cleanup", Time since last: 1000288151 ns, Reaching safepoint: 498020 ns, At safepoint: 24288 ns, Total: 522308 ns
[2020-08-12T19:16:16.850+0000][6][safepoint    ] Safepoint "Cleanup", Time since last: 1000235189 ns, Reaching safepoint: 573682 ns, At safepoint: 45062 ns, Total: 618744 ns
[2020-08-12T19:16:17.851+0000][6][safepoint    ] Safepoint "Cleanup", Time since last: 1000338138 ns, Reaching safepoint: 830618 ns, At safepoint: 46125 ns, Total: 876743 ns
[2020-08-12T19:16:18.294+0000][6][safepoint    ] Safepoint "BulkRevokeBias", Time since last: 440778033 ns, Reaching safepoint: 330522 ns, At safepoint: 1511075 ns, Total: 1841597 ns
[2020-08-12T19:16:19.295+0000][6][safepoint    ] Safepoint "Cleanup", Time since last: 1000246889 ns, Reaching safepoint: 417471 ns, At safepoint: 23475 ns, Total: 440946 ns
[2020-08-12T19:16:20.296+0000][6][safepoint    ] Safepoint "Cleanup", Time since last: 1000337563 ns, Reaching safepoint: 722744 ns, At safepoint: 153973 ns, Total: 876717 ns
[2020-08-12T19:16:21.297+0000][6][safepoint    ] Safepoint "Cleanup", Time since last: 1000364051 ns, Reaching safepoint: 474133 ns, At safepoint: 26563 ns, Total: 500696 ns
[2020-08-12T19:16:22.298+0000][6][safepoint    ] Safepoint "Cleanup", Time since last: 1000365412 ns, Reaching safepoint: 893255 ns, At safepoint: 44450 ns, Total: 937705 ns
[2020-08-12T19:16:23.299+0000][6][safepoint    ] Safepoint "Cleanup", Time since last: 1000342175 ns, Reaching safepoint: 433084 ns, At safepoint: 34925 ns, Total: 468009 ns
[2020-08-12T19:16:24.849+0000][6][safepoint    ] Safepoint "Cleanup", Time since last: 1549005887 ns, Reaching safepoint: 634457 ns, At safepoint: 53449 ns, Total: 687906 ns
[2020-08-12T19:16:25.849+0000][6][safepoint    ] Safepoint "Cleanup", Time since last: 1000243852 ns, Reaching safepoint: 435759 ns, At safepoint: 13899 ns, Total: 449658 ns
[2020-08-12T19:16:26.850+0000][6][safepoint    ] Safepoint "Cleanup", Time since last: 1000227515 ns, Reaching safepoint: 755580 ns, At safepoint: 44213 ns, Total: 799793 ns
[2020-08-12T19:16:27.851+0000][6][safepoint    ] Safepoint "Cleanup", Time since last: 1000342750 ns, Reaching safepoint: 631195 ns, At safepoint: 45724 ns, Total: 676919 ns
[2020-08-12T19:16:29.848+0000][6][safepoint    ] Safepoint "Cleanup", Time since last: 1996227127 ns, Reaching safepoint: 796031 ns, At safepoint: 52350 ns, Total: 848381 ns
[2020-08-12T19:16:30.849+0000][6][safepoint    ] Safepoint "Cleanup", Time since last: 1000276688 ns, Reaching safepoint: 449884 ns, At safepoint: 76624 ns, Total: 526508 ns
[2020-08-12T19:16:31.850+0000][6][safepoint    ] Safepoint "Cleanup", Time since last: 1000374251 ns, Reaching safepoint: 651744 ns, At safepoint: 39350 ns, Total: 691094 ns
[2020-08-12T19:16:32.851+0000][6][safepoint    ] Safepoint "Cleanup", Time since last: 1000316188 ns, Reaching safepoint: 649907 ns, At safepoint: 44449 ns, Total: 694356 ns
[2020-08-12T19:16:33.853+0000][6][safepoint    ] Safepoint "Cleanup", Time since last: 1000511074 ns, Reaching safepoint: 836581 ns, At safepoint: 41774 ns, Total: 878355 ns
[2020-08-12T19:16:34.854+0000][6][safepoint    ] Safepoint "Cleanup", Time since last: 1000607111 ns, Reaching safepoint: 741956 ns, At safepoint: 53962 ns, Total: 795918 ns
[2020-08-12T19:16:35.855+0000][6][safepoint    ] Safepoint "Cleanup", Time since last: 1000346126 ns, Reaching safepoint: 452433 ns, At safepoint: 56125 ns, Total: 508558 ns
[2020-08-12T19:16:37.247+0000][6][safepoint    ] Safepoint "Cleanup", Time since last: 1390525034 ns, Reaching safepoint: 955892 ns, At safepoint: 44087 ns, Total: 999979 ns
[2020-08-12T19:16:38.249+0000][6][safepoint    ] Safepoint "Cleanup", Time since last: 1001626202 ns, Reaching safepoint: 554295 ns, At safepoint: 31350 ns, Total: 585645 ns
[2020-08-12T19:16:39.291+0000][6][safepoint    ] Safepoint "Cleanup", Time since last: 1041875341 ns, Reaching safepoint: 527620 ns, At safepoint: 26375 ns, Total: 553995 ns
[2020-08-12T19:16:40.292+0000][6][safepoint    ] Safepoint "Cleanup", Time since last: 1000269277 ns, Reaching safepoint: 899529 ns, At safepoint: 44025 ns, Total: 943554 ns
[2020-08-12T19:16:41.912+0000][6][safepoint    ] Safepoint "Cleanup", Time since last: 1618490848 ns, Reaching safepoint: 813293 ns, At safepoint: 55087 ns, Total: 868380 ns
[2020-08-12T19:16:42.912+0000][6][safepoint    ] Safepoint "Cleanup", Time since last: 1000414262 ns, Reaching safepoint: 312273 ns, At safepoint: 40199 ns, Total: 352472 ns
[2020-08-12T19:16:44.850+0000][6][safepoint    ] Safepoint "Cleanup", Time since last: 1935931862 ns, Reaching safepoint: 1043141 ns, At safepoint: 43625 ns, Total: 1086766 ns
[2020-08-12T19:16:45.851+0000][6][safepoint    ] Safepoint "Cleanup", Time since last: 1000341750 ns, Reaching safepoint: 1261264 ns, At safepoint: 55237 ns, Total: 1316501 ns
[2020-08-12T19:16:46.852+0000][6][safepoint    ] Safepoint "Cleanup", Time since last: 1000373026 ns, Reaching safepoint: 695406 ns, At safepoint: 43450 ns, Total: 738856 ns
[2020-08-12T19:16:47.853+0000][6][safepoint    ] Safepoint "Cleanup", Time since last: 1000386675 ns, Reaching safepoint: 700444 ns, At safepoint: 43550 ns, Total: 743994 ns
[2020-08-12T19:16:49.850+0000][6][safepoint    ] Safepoint "Cleanup", Time since last: 1996188502 ns, Reaching safepoint: 744456 ns, At safepoint: 44150 ns, Total: 788606 ns
[2020-08-12T19:16:50.851+0000][6][safepoint    ] Safepoint "Cleanup", Time since last: 1000287826 ns, Reaching safepoint: 617869 ns, At safepoint: 21425 ns, Total: 639294 ns
[2020-08-12T19:16:51.852+0000][6][safepoint    ] Safepoint "Cleanup", Time since last: 1000243564 ns, Reaching safepoint: 753644 ns, At safepoint: 44112 ns, Total: 797756 ns
[2020-08-12T19:16:52.853+0000][6][safepoint    ] Safepoint "Cleanup", Time since last: 1000341775 ns, Reaching safepoint: 637582 ns, At safepoint: 46750 ns, Total: 684332 ns
[2020-08-12T19:16:53.888+0000][6][safepoint    ] Safepoint "Cleanup", Time since last: 1002756867 ns, Reaching safepoint: 32266283 ns, At safepoint: 49387 ns, Total: 32315670 ns
[2020-08-12T19:16:54.890+0000][6][safepoint    ] Safepoint "Cleanup", Time since last: 1000458163 ns, Reaching safepoint: 608107 ns, At safepoint: 43687 ns, Total: 651794 ns
[2020-08-12T19:16:55.890+0000][6][safepoint    ] Safepoint "Cleanup", Time since last: 1000293476 ns, Reaching safepoint: 428509 ns, At safepoint: 22737 ns, Total: 451246 ns
[2020-08-12T19:16:56.891+0000][6][safepoint    ] Safepoint "Cleanup", Time since last: 1000240676 ns, Reaching safepoint: 765856 ns, At safepoint: 44625 ns, Total: 810481 ns
[2020-08-12T19:16:57.892+0000][6][safepoint    ] Safepoint "Cleanup", Time since last: 1000323938 ns, Reaching safepoint: 643257 ns, At safepoint: 43862 ns, Total: 687119 ns
[2020-08-12T19:16:59.339+0000][6][safepoint    ] Safepoint "Cleanup", Time since last: 1445806831 ns, Reaching safepoint: 503221 ns, At safepoint: 45674 ns, Total: 548895 ns
[2020-08-12T19:17:00.340+0000][6][safepoint    ] Safepoint "Cleanup", Time since last: 1000379325 ns, Reaching safepoint: 609170 ns, At safepoint: 43675 ns, Total: 652845 ns
[2020-08-12T19:17:01.341+0000][6][safepoint    ] Safepoint "Cleanup", Time since last: 1000371925 ns, Reaching safepoint: 533808 ns, At safepoint: 35662 ns, Total: 569470 ns
[2020-08-12T19:17:02.342+0000][6][safepoint    ] Safepoint "Cleanup", Time since last: 1000350039 ns, Reaching safepoint: 877317 ns, At safepoint: 45750 ns, Total: 923067 ns
[2020-08-12T19:17:03.343+0000][6][safepoint    ] Safepoint "Cleanup", Time since last: 1000341200 ns, Reaching safepoint: 1125140 ns, At safepoint: 55712 ns, Total: 1180852 ns
[2020-08-12T19:17:04.857+0000][6][safepoint    ] Safepoint "Cleanup", Time since last: 1512051432 ns, Reaching safepoint: 1002879 ns, At safepoint: 43800 ns, Total: 1046679 ns
[2020-08-12T19:17:05.857+0000][6][safepoint    ] Safepoint "Cleanup", Time since last: 1000295951 ns, Reaching safepoint: 513358 ns, At safepoint: 20462 ns, Total: 533820 ns
[2020-08-12T19:17:07.249+0000][6][safepoint    ] Safepoint "Cleanup", Time since last: 1390300874 ns, Reaching safepoint: 963967 ns, At safepoint: 46162 ns, Total: 1010129 ns
[2020-08-12T19:17:08.253+0000][6][safepoint    ] Safepoint "Cleanup", Time since last: 1003788308 ns, Reaching safepoint: 605707 ns, At safepoint: 36862 ns, Total: 642569 ns
[2020-08-12T19:17:08.853+0000][6][safepoint    ] Safepoint "BulkRevokeBias", Time since last: 597917223 ns, Reaching safepoint: 390259 ns, At safepoint: 1880946 ns, Total: 2271205 ns
[2020-08-12T19:17:09.856+0000][6][safepoint    ] Safepoint "Cleanup", Time since last: 1001393742 ns, Reaching safepoint: 799718 ns, At safepoint: 51212 ns, Total: 850930 ns
[2020-08-12T19:17:10.857+0000][6][safepoint    ] Safepoint "Cleanup", Time since last: 1000350050 ns, Reaching safepoint: 582758 ns, At safepoint: 54649 ns, Total: 637407 ns
[2020-08-12T19:17:11.858+0000][6][safepoint    ] Safepoint "Cleanup", Time since last: 1000352638 ns, Reaching safepoint: 604970 ns, At safepoint: 51550 ns, Total: 656520 ns
[2020-08-12T19:17:12.859+0000][6][safepoint    ] Safepoint "Cleanup", Time since last: 1000350013 ns, Reaching safepoint: 839392 ns, At safepoint: 43200 ns, Total: 882592 ns
[2020-08-12T19:17:13.861+0000][6][safepoint    ] Safepoint "Cleanup", Time since last: 1001182131 ns, Reaching safepoint: 546783 ns, At safepoint: 44524 ns, Total: 591307 ns
[2020-08-12T19:17:14.864+0000][6][safepoint    ] Safepoint "Cleanup", Time since last: 1001901075 ns, Reaching safepoint: 969941 ns, At safepoint: 56375 ns, Total: 1026316 ns
[2020-08-12T19:17:15.865+0000][6][safepoint    ] Safepoint "Cleanup", Time since last: 1000440812 ns, Reaching safepoint: 750344 ns, At safepoint: 55224 ns, Total: 805568 ns
[2020-08-12T19:17:16.866+0000][6][safepoint    ] Safepoint "Cleanup", Time since last: 1000380713 ns, Reaching safepoint: 605157 ns, At safepoint: 51062 ns, Total: 656219 ns
[2020-08-12T19:17:17.867+0000][6][safepoint    ] Safepoint "Cleanup", Time since last: 1000455787 ns, Reaching safepoint: 658332 ns, At safepoint: 66337 ns, Total: 724669 ns
[2020-08-12T19:17:19.350+0000][6][safepoint    ] Safepoint "Cleanup", Time since last: 1481852856 ns, Reaching safepoint: 645132 ns, At safepoint: 41650 ns, Total: 686782 ns
[2020-08-12T19:17:20.351+0000][6][safepoint    ] Safepoint "Cleanup", Time since last: 1000311338 ns, Reaching safepoint: 732294 ns, At safepoint: 51112 ns, Total: 783406 ns
[2020-08-12T19:17:21.352+0000][6][safepoint    ] Safepoint "Cleanup", Time since last: 1000353788 ns, Reaching safepoint: 528208 ns, At safepoint: 44262 ns, Total: 572470 ns
[2020-08-12T19:17:22.353+0000][6][safepoint    ] Safepoint "Cleanup", Time since last: 1000398250 ns, Reaching safepoint: 595345 ns, At safepoint: 43487 ns, Total: 638832 ns
[2020-08-12T19:17:23.354+0000][6][safepoint    ] Safepoint "Cleanup", Time since last: 1000350975 ns, Reaching safepoint: 1276152 ns, At safepoint: 55262 ns, Total: 1331414 ns
[2020-08-12T19:17:24.854+0000][6][safepoint    ] Safepoint "Cleanup", Time since last: 1498520337 ns, Reaching safepoint: 923767 ns, At safepoint: 43399 ns, Total: 967166 ns
[2020-08-12T19:17:25.855+0000][6][safepoint    ] Safepoint "Cleanup", Time since last: 1000337501 ns, Reaching safepoint: 548933 ns, At safepoint: 19775 ns, Total: 568708 ns
[2020-08-12T19:17:26.856+0000][6][safepoint    ] Safepoint "Cleanup", Time since last: 1000286463 ns, Reaching safepoint: 1058904 ns, At safepoint: 45912 ns, Total: 1104816 ns
[2020-08-12T19:17:27.857+0000][6][safepoint    ] Safepoint "Cleanup", Time since last: 1000396487 ns, Reaching safepoint: 881068 ns, At safepoint: 44799 ns, Total: 925867 ns
[2020-08-12T19:17:29.854+0000][6][safepoint    ] Safepoint "Cleanup", Time since last: 1995622183 ns, Reaching safepoint: 913104 ns, At safepoint: 46150 ns, Total: 959254 ns
[2020-08-12T19:17:30.855+0000][6][safepoint    ] Safepoint "Cleanup", Time since last: 1000284001 ns, Reaching safepoint: 546908 ns, At safepoint: 19837 ns, Total: 566745 ns
[2020-08-12T19:17:30.963+0000][6][safepoint    ] Safepoint "BulkRevokeBias", Time since last: 106664751 ns, Reaching safepoint: 333385 ns, At safepoint: 898755 ns, Total: 1232140 ns
[2020-08-12T19:17:31.964+0000][6][safepoint    ] Safepoint "Cleanup", Time since last: 1000261801 ns, Reaching safepoint: 821018 ns, At safepoint: 42975 ns, Total: 863993 ns
[2020-08-12T19:17:32.965+0000][6][safepoint    ] Safepoint "Cleanup", Time since last: 1000422024 ns, Reaching safepoint: 263498 ns, At safepoint: 10538 ns, Total: 274036 ns
[2020-08-12T19:17:34.853+0000][6][safepoint    ] Safepoint "Cleanup", Time since last: 1888028014 ns, Reaching safepoint: 282335 ns, At safepoint: 10762 ns, Total: 293097 ns
[2020-08-12T19:17:35.853+0000][6][safepoint    ] Safepoint "Cleanup", Time since last: 1000191902 ns, Reaching safepoint: 323347 ns, At safepoint: 14875 ns, Total: 338222 ns
[2020-08-12T19:17:37.205+0000][6][safepoint    ] Safepoint "Cleanup", Time since last: 1350536843 ns, Reaching safepoint: 815368 ns, At safepoint: 42650 ns, Total: 858018 ns
[2020-08-12T19:17:38.206+0000][6][safepoint    ] Safepoint "Cleanup", Time since last: 1000365575 ns, Reaching safepoint: 560883 ns, At safepoint: 26512 ns, Total: 587395 ns
[2020-08-12T19:17:39.315+0000][6][safepoint    ] Safepoint "Cleanup", Time since last: 1108391640 ns, Reaching safepoint: 419347 ns, At safepoint: 18974 ns, Total: 438321 ns
[2020-08-12T19:17:40.316+0000][6][safepoint    ] Safepoint "Cleanup", Time since last: 1000359438 ns, Reaching safepoint: 815018 ns, At safepoint: 43700 ns, Total: 858718 ns
[2020-08-12T19:17:41.317+0000][6][safepoint    ] Safepoint "Cleanup", Time since last: 1000410275 ns, Reaching safepoint: 861192 ns, At safepoint: 44163 ns, Total: 905355 ns
[2020-08-12T19:17:42.318+0000][6][safepoint    ] Safepoint "Cleanup", Time since last: 1000324775 ns, Reaching safepoint: 380310 ns, At safepoint: 33624 ns, Total: 413934 ns
[2020-08-12T19:17:43.319+0000][6][safepoint    ] Safepoint "Cleanup", Time since last: 1000345463 ns, Reaching safepoint: 615857 ns, At safepoint: 53587 ns, Total: 669444 ns
[2020-08-12T19:17:44.865+0000][6][safepoint    ] Safepoint "Cleanup", Time since last: 1545291382 ns, Reaching safepoint: 870543 ns, At safepoint: 97449 ns, Total: 967992 ns
[2020-08-12T19:17:45.866+0000][6][safepoint    ] Safepoint "Cleanup", Time since last: 1000285389 ns, Reaching safepoint: 624657 ns, At safepoint: 21787 ns, Total: 646444 ns
[2020-08-12T19:17:46.867+0000][6][safepoint    ] Safepoint "Cleanup", Time since last: 1000239639 ns, Reaching safepoint: 676944 ns, At safepoint: 45837 ns, Total: 722781 ns
[2020-08-12T19:17:47.868+0000][6][safepoint    ] Safepoint "Cleanup", Time since last: 1000337926 ns, Reaching safepoint: 650694 ns, At safepoint: 52462 ns, Total: 703156 ns
[2020-08-12T19:17:49.856+0000][6][safepoint    ] Safepoint "Cleanup", Time since last: 1987100831 ns, Reaching safepoint: 460334 ns, At safepoint: 35050 ns, Total: 495384 ns
[2020-08-12T19:17:50.857+0000][6][safepoint    ] Safepoint "Cleanup", Time since last: 1000315000 ns, Reaching safepoint: 570408 ns, At safepoint: 192423 ns, Total: 762831 ns
[2020-08-12T19:17:51.858+0000][6][safepoint    ] Safepoint "Cleanup", Time since last: 1000269739 ns, Reaching safepoint: 816843 ns, At safepoint: 43500 ns, Total: 860343 ns
[2020-08-12T19:17:52.859+0000][6][safepoint    ] Safepoint "Cleanup", Time since last: 1000403050 ns, Reaching safepoint: 847980 ns, At safepoint: 43862 ns, Total: 891842 ns
[2020-08-12T19:17:54.857+0000][6][safepoint    ] Safepoint "Cleanup", Time since last: 1997158894 ns, Reaching safepoint: 255773 ns, At safepoint: 10862 ns, Total: 266635 ns
[2020-08-12T19:17:55.858+0000][6][safepoint    ] Safepoint "Cleanup", Time since last: 1000224052 ns, Reaching safepoint: 999591 ns, At safepoint: 110924 ns, Total: 1110515 ns
[2020-08-12T19:17:56.859+0000][6][safepoint    ] Safepoint "Cleanup", Time since last: 1000340976 ns, Reaching safepoint: 995829 ns, At safepoint: 43799 ns, Total: 1039628 ns
[2020-08-12T19:17:57.860+0000][6][safepoint    ] Safepoint "Cleanup", Time since last: 1000328151 ns, Reaching safepoint: 624320 ns, At safepoint: 44999 ns, Total: 669319 ns
[2020-08-12T19:17:59.323+0000][6][safepoint    ] Safepoint "Cleanup", Time since last: 1462202477 ns, Reaching safepoint: 510708 ns, At safepoint: 23800 ns, Total: 534508 ns
[2020-08-12T19:18:00.324+0000][6][safepoint    ] Safepoint "Cleanup", Time since last: 1000270788 ns, Reaching safepoint: 714256 ns, At safepoint: 46675 ns, Total: 760931 ns
[2020-08-12T19:18:01.325+0000][6][safepoint    ] Safepoint "Cleanup", Time since last: 1000305501 ns, Reaching safepoint: 758568 ns, At safepoint: 23625 ns, Total: 782193 ns
[2020-08-12T19:18:02.326+0000][6][safepoint    ] Safepoint "Cleanup", Time since last: 1000257164 ns, Reaching safepoint: 696657 ns, At safepoint: 86561 ns, Total: 783218 ns
[2020-08-12T19:18:03.327+0000][6][safepoint    ] Safepoint "Cleanup", Time since last: 1000291951 ns, Reaching safepoint: 448584 ns, At safepoint: 25750 ns, Total: 474334 ns
[2020-08-12T19:18:04.857+0000][6][safepoint    ] Safepoint "Cleanup", Time since last: 1529663279 ns, Reaching safepoint: 640457 ns, At safepoint: 43775 ns, Total: 684232 ns
[2020-08-12T19:18:05.858+0000][6][safepoint    ] Safepoint "Cleanup", Time since last: 1000284089 ns, Reaching safepoint: 611694 ns, At safepoint: 83574 ns, Total: 695268 ns
[2020-08-12T19:18:07.061+0000][6][safepoint    ] Safepoint "Cleanup", Time since last: 1202309615 ns, Reaching safepoint: 671419 ns, At safepoint: 53112 ns, Total: 724531 ns
[2020-08-12T19:18:08.063+0000][6][safepoint    ] Safepoint "Cleanup", Time since last: 1000322363 ns, Reaching safepoint: 839430 ns, At safepoint: 48775 ns, Total: 888205 ns
[2020-08-12T19:18:09.861+0000][6][safepoint    ] Safepoint "Cleanup", Time since last: 1797726984 ns, Reaching safepoint: 526833 ns, At safepoint: 47349 ns, Total: 574182 ns
[2020-08-12T19:18:10.862+0000][6][safepoint    ] Safepoint "Cleanup", Time since last: 1000363563 ns, Reaching safepoint: 478721 ns, At safepoint: 30325 ns, Total: 509046 ns
[2020-08-12T19:18:11.863+0000][6][safepoint    ] Safepoint "Cleanup", Time since last: 1000253888 ns, Reaching safepoint: 618320 ns, At safepoint: 33325 ns, Total: 651645 ns
[2020-08-12T19:18:12.864+0000][6][safepoint    ] Safepoint "Cleanup", Time since last: 1000350063 ns, Reaching safepoint: 768706 ns, At safepoint: 42524 ns, Total: 811230 ns
[2020-08-12T19:18:14.860+0000][6][safepoint    ] Safepoint "Cleanup", Time since last: 1995428285 ns, Reaching safepoint: 1061015 ns, At safepoint: 45137 ns, Total: 1106152 ns
[2020-08-12T19:18:15.861+0000][6][safepoint    ] Safepoint "Cleanup", Time since last: 1000297001 ns, Reaching safepoint: 636445 ns, At safepoint: 48787 ns, Total: 685232 ns
[2020-08-12T19:18:16.862+0000][6][safepoint    ] Safepoint "Cleanup", Time since last: 1000230326 ns, Reaching safepoint: 588183 ns, At safepoint: 21975 ns, Total: 610158 ns
[2020-08-12T19:18:17.863+0000][6][safepoint    ] Safepoint "Cleanup", Time since last: 1000239014 ns, Reaching safepoint: 903379 ns, At safepoint: 44125 ns, Total: 947504 ns
[2020-08-12T19:18:19.358+0000][6][safepoint    ] Safepoint "Cleanup", Time since last: 1494042126 ns, Reaching safepoint: 873042 ns, At safepoint: 44300 ns, Total: 917342 ns
[2020-08-12T19:18:20.359+0000][6][safepoint    ] Safepoint "Cleanup", Time since last: 1000338838 ns, Reaching safepoint: 626082 ns, At safepoint: 44537 ns, Total: 670619 ns
[2020-08-12T19:18:21.361+0000][6][safepoint    ] Safepoint "Cleanup", Time since last: 1000346926 ns, Reaching safepoint: 873517 ns, At safepoint: 43900 ns, Total: 917417 ns
[2020-08-12T19:18:22.362+0000][6][safepoint    ] Safepoint "Cleanup", Time since last: 1000411462 ns, Reaching safepoint: 650232 ns, At safepoint: 45275 ns, Total: 695507 ns
[2020-08-12T19:18:23.362+0000][6][safepoint    ] Safepoint "Cleanup", Time since last: 1000256713 ns, Reaching safepoint: 542258 ns, At safepoint: 47100 ns, Total: 589358 ns
[2020-08-12T19:18:24.863+0000][6][safepoint    ] Safepoint "Cleanup", Time since last: 1499751401 ns, Reaching safepoint: 442459 ns, At safepoint: 43912 ns, Total: 486371 ns
[2020-08-12T19:18:25.864+0000][6][safepoint    ] Safepoint "Cleanup", Time since last: 1000391862 ns, Reaching safepoint: 657357 ns, At safepoint: 55137 ns, Total: 712494 ns
[2020-08-12T19:18:26.865+0000][6][safepoint    ] Safepoint "Cleanup", Time since last: 1000419188 ns, Reaching safepoint: 894279 ns, At safepoint: 46962 ns, Total: 941241 ns
[2020-08-12T19:18:27.866+0000][6][safepoint    ] Safepoint "Cleanup", Time since last: 1000322514 ns, Reaching safepoint: 682906 ns, At safepoint: 49812 ns, Total: 732718 ns
[2020-08-12T19:18:29.864+0000][6][safepoint    ] Safepoint "Cleanup", Time since last: 1996736473 ns, Reaching safepoint: 855830 ns, At safepoint: 117187 ns, Total: 973017 ns
[2020-08-12T19:18:30.866+0000][6][safepoint    ] Safepoint "Cleanup", Time since last: 1000344950 ns, Reaching safepoint: 1164790 ns, At safepoint: 55350 ns, Total: 1220140 ns
[2020-08-12T19:18:31.867+0000][6][safepoint    ] Safepoint "Cleanup", Time since last: 1000453099 ns, Reaching safepoint: 846043 ns, At safepoint: 43125 ns, Total: 889168 ns
[2020-08-12T19:18:32.868+0000][6][safepoint    ] Safepoint "Cleanup", Time since last: 1000388662 ns, Reaching safepoint: 776906 ns, At safepoint: 38750 ns, Total: 815656 ns
[2020-08-12T19:18:34.862+0000][6][safepoint    ] Safepoint "Cleanup", Time since last: 1993631700 ns, Reaching safepoint: 669431 ns, At safepoint: 52500 ns, Total: 721931 ns
[2020-08-12T19:18:35.863+0000][6][safepoint    ] Safepoint "Cleanup", Time since last: 1000289388 ns, Reaching safepoint: 266411 ns, At safepoint: 12049 ns, Total: 278460 ns
[2020-08-12T19:18:37.193+0000][6][safepoint    ] Safepoint "Cleanup", Time since last: 1329546900 ns, Reaching safepoint: 877655 ns, At safepoint: 43400 ns, Total: 921055 ns
[2020-08-12T19:18:38.195+0000][6][safepoint    ] Safepoint "Cleanup", Time since last: 1000299726 ns, Reaching safepoint: 819455 ns, At safepoint: 37862 ns, Total: 857317 ns
[2020-08-12T19:18:39.341+0000][6][safepoint    ] Safepoint "Cleanup", Time since last: 1145367108 ns, Reaching safepoint: 620569 ns, At safepoint: 33200 ns, Total: 653769 ns
[2020-08-12T19:18:40.342+0000][6][safepoint    ] Safepoint "Cleanup", Time since last: 1000315113 ns, Reaching safepoint: 795131 ns, At safepoint: 42962 ns, Total: 838093 ns
[2020-08-12T19:18:41.343+0000][6][safepoint    ] Safepoint "Cleanup", Time since last: 1000419037 ns, Reaching safepoint: 832506 ns, At safepoint: 43562 ns, Total: 876068 ns
[2020-08-12T19:18:42.344+0000][6][safepoint    ] Safepoint "Cleanup", Time since last: 1000335013 ns, Reaching safepoint: 854893 ns, At safepoint: 57524 ns, Total: 912417 ns
[2020-08-12T19:18:43.346+0000][6][safepoint    ] Safepoint "Cleanup", Time since last: 1000302989 ns, Reaching safepoint: 1033841 ns, At safepoint: 68837 ns, Total: 1102678 ns
[2020-08-12T19:18:44.866+0000][6][safepoint    ] Safepoint "Cleanup", Time since last: 1519543629 ns, Reaching safepoint: 379160 ns, At safepoint: 29799 ns, Total: 408959 ns
[2020-08-12T19:18:45.866+0000][6][safepoint    ] Safepoint "Cleanup", Time since last: 1000212565 ns, Reaching safepoint: 567920 ns, At safepoint: 22999 ns, Total: 590919 ns
[2020-08-12T19:18:46.868+0000][6][safepoint    ] Safepoint "Cleanup", Time since last: 1000250789 ns, Reaching safepoint: 731219 ns, At safepoint: 45125 ns, Total: 776344 ns
[2020-08-12T19:18:47.869+0000][6][safepoint    ] Safepoint "Cleanup", Time since last: 1000452599 ns, Reaching safepoint: 612345 ns, At safepoint: 51512 ns, Total: 663857 ns
[2020-08-12T19:18:49.861+0000][6][safepoint    ] Safepoint "Cleanup", Time since last: 1991488743 ns, Reaching safepoint: 611470 ns, At safepoint: 44175 ns, Total: 655645 ns
[2020-08-12T19:18:50.862+0000][6][safepoint    ] Safepoint "Cleanup", Time since last: 1000354000 ns, Reaching safepoint: 549920 ns, At safepoint: 24675 ns, Total: 574595 ns
[2020-08-12T19:18:51.867+0000][6][safepoint    ] Safepoint "Cleanup", Time since last: 1000336363 ns, Reaching safepoint: 5100269 ns, At safepoint: 58724 ns, Total: 5158993 ns
[2020-08-12T19:18:52.868+0000][6][safepoint    ] Safepoint "Cleanup", Time since last: 1000356051 ns, Reaching safepoint: 703281 ns, At safepoint: 52387 ns, Total: 755668 ns
[2020-08-12T19:18:54.866+0000][6][safepoint    ] Safepoint "Cleanup", Time since last: 1997419179 ns, Reaching safepoint: 384735 ns, At safepoint: 13712 ns, Total: 398447 ns
[2020-08-12T19:18:55.867+0000][6][safepoint    ] Safepoint "Cleanup", Time since last: 1000174227 ns, Reaching safepoint: 740481 ns, At safepoint: 25587 ns, Total: 766068 ns
[2020-08-12T19:18:56.868+0000][6][safepoint    ] Safepoint "Cleanup", Time since last: 1000251902 ns, Reaching safepoint: 1014803 ns, At safepoint: 43750 ns, Total: 1058553 ns
[2020-08-12T19:18:57.869+0000][6][safepoint    ] Safepoint "Cleanup", Time since last: 1000359275 ns, Reaching safepoint: 636995 ns, At safepoint: 44187 ns, Total: 681182 ns
[2020-08-12T19:18:59.456+0000][6][safepoint    ] Safepoint "Cleanup", Time since last: 1586090929 ns, Reaching safepoint: 719068 ns, At safepoint: 44325 ns, Total: 763393 ns
[2020-08-12T19:19:00.457+0000][6][safepoint    ] Safepoint "Cleanup", Time since last: 1000348863 ns, Reaching safepoint: 649094 ns, At safepoint: 43550 ns, Total: 692644 ns
[2020-08-12T19:19:01.458+0000][6][safepoint    ] Safepoint "Cleanup", Time since last: 1000346013 ns, Reaching safepoint: 508558 ns, At safepoint: 43175 ns, Total: 551733 ns
[2020-08-12T19:19:02.459+0000][6][safepoint    ] Safepoint "Cleanup", Time since last: 1000333650 ns, Reaching safepoint: 456147 ns, At safepoint: 22074 ns, Total: 478221 ns
[2020-08-12T19:19:03.460+0000][6][safepoint    ] Safepoint "Cleanup", Time since last: 1000190577 ns, Reaching safepoint: 565608 ns, At safepoint: 37649 ns, Total: 603257 ns
[2020-08-12T19:19:04.863+0000][6][safepoint    ] Safepoint "Cleanup", Time since last: 1402499869 ns, Reaching safepoint: 789355 ns, At safepoint: 37750 ns, Total: 827105 ns
[2020-08-12T19:19:05.865+0000][6][safepoint    ] Safepoint "Cleanup", Time since last: 1000311113 ns, Reaching safepoint: 1077904 ns, At safepoint: 48437 ns, Total: 1126341 ns
[2020-08-12T19:19:06.186+0000][6][safepoint    ] Safepoint "BulkRevokeBias", Time since last: 318010821 ns, Reaching safepoint: 756469 ns, At safepoint: 2389854 ns, Total: 3146323 ns
[2020-08-12T19:19:07.198+0000][6][safepoint    ] Safepoint "Cleanup", Time since last: 1010802510 ns, Reaching safepoint: 909929 ns, At safepoint: 56100 ns, Total: 966029 ns
[2020-08-12T19:19:08.199+0000][6][safepoint    ] Safepoint "Cleanup", Time since last: 1000285588 ns, Reaching safepoint: 692620 ns, At safepoint: 29949 ns, Total: 722569 ns
[2020-08-12T19:19:09.865+0000][6][safepoint    ] Safepoint "Cleanup", Time since last: 1665435167 ns, Reaching safepoint: 797406 ns, At safepoint: 33962 ns, Total: 831368 ns
[2020-08-12T19:19:10.866+0000][6][safepoint    ] Safepoint "Cleanup", Time since last: 1000339600 ns, Reaching safepoint: 575558 ns, At safepoint: 23100 ns, Total: 598658 ns
[2020-08-12T19:19:11.867+0000][6][safepoint    ] Safepoint "Cleanup", Time since last: 1000247776 ns, Reaching safepoint: 767031 ns, At safepoint: 43637 ns, Total: 810668 ns
[2020-08-12T19:19:12.868+0000][6][safepoint    ] Safepoint "Cleanup", Time since last: 1000460049 ns, Reaching safepoint: 869668 ns, At safepoint: 59762 ns, Total: 929430 ns
[2020-08-12T19:19:14.868+0000][6][safepoint    ] Safepoint "Cleanup", Time since last: 1999027515 ns, Reaching safepoint: 519633 ns, At safepoint: 38725 ns, Total: 558358 ns
[2020-08-12T19:19:15.869+0000][6][safepoint    ] Safepoint "Cleanup", Time since last: 1000304988 ns, Reaching safepoint: 475696 ns, At safepoint: 34913 ns, Total: 510609 ns
[2020-08-12T19:19:16.890+0000][6][safepoint    ] Safepoint "Cleanup", Time since last: 1020816460 ns, Reaching safepoint: 753931 ns, At safepoint: 37713 ns, Total: 791644 ns
[2020-08-12T19:19:17.891+0000][6][safepoint    ] Safepoint "Cleanup", Time since last: 1000335150 ns, Reaching safepoint: 733706 ns, At safepoint: 47575 ns, Total: 781281 ns
[2020-08-12T19:19:19.504+0000][6][safepoint    ] Safepoint "Cleanup", Time since last: 1612301364 ns, Reaching safepoint: 572158 ns, At safepoint: 25424 ns, Total: 597582 ns
[2020-08-12T19:19:20.505+0000][6][safepoint    ] Safepoint "Cleanup", Time since last: 1000271939 ns, Reaching safepoint: 800268 ns, At safepoint: 44125 ns, Total: 844393 ns
[2020-08-12T19:19:21.506+0000][6][safepoint    ] Safepoint "Cleanup", Time since last: 1000341975 ns, Reaching safepoint: 722182 ns, At safepoint: 44799 ns, Total: 766981 ns
[2020-08-12T19:19:22.507+0000][6][safepoint    ] Safepoint "Cleanup", Time since last: 1000316101 ns, Reaching safepoint: 454021 ns, At safepoint: 27750 ns, Total: 481771 ns
[2020-08-12T19:19:23.508+0000][6][safepoint    ] Safepoint "Cleanup", Time since last: 1000284913 ns, Reaching safepoint: 562733 ns, At safepoint: 53262 ns, Total: 615995 ns
[2020-08-12T19:19:24.866+0000][6][safepoint    ] Safepoint "Cleanup", Time since last: 1356998300 ns, Reaching safepoint: 592282 ns, At safepoint: 44100 ns, Total: 636382 ns
[2020-08-12T19:19:25.867+0000][6][safepoint    ] Safepoint "Cleanup", Time since last: 1000414812 ns, Reaching safepoint: 656195 ns, At safepoint: 32374 ns, Total: 688569 ns
[2020-08-12T19:19:26.868+0000][6][safepoint    ] Safepoint "Cleanup", Time since last: 1000300351 ns, Reaching safepoint: 524783 ns, At safepoint: 21613 ns, Total: 546396 ns
[2020-08-12T19:19:27.868+0000][6][safepoint    ] Safepoint "Cleanup", Time since last: 1000218226 ns, Reaching safepoint: 427034 ns, At safepoint: 18125 ns, Total: 445159 ns
[2020-08-12T19:19:29.864+0000][6][safepoint    ] Safepoint "Cleanup", Time since last: 1994679390 ns, Reaching safepoint: 954255 ns, At safepoint: 45287 ns, Total: 999542 ns
[2020-08-12T19:19:30.865+0000][6][safepoint    ] Safepoint "Cleanup", Time since last: 1000307101 ns, Reaching safepoint: 823418 ns, At safepoint: 37212 ns, Total: 860630 ns
[2020-08-12T19:19:31.866+0000][6][safepoint    ] Safepoint "Cleanup", Time since last: 1000235114 ns, Reaching safepoint: 376322 ns, At safepoint: 19237 ns, Total: 395559 ns
[2020-08-12T19:19:32.867+0000][6][safepoint    ] Safepoint "Cleanup", Time since last: 1000322263 ns, Reaching safepoint: 833755 ns, At safepoint: 37775 ns, Total: 871530 ns
[2020-08-12T19:19:33.865+0000][6][safepoint    ] Safepoint "BulkRevokeBias", Time since last: 996373010 ns, Reaching safepoint: 421871 ns, At safepoint: 1518137 ns, Total: 1940008 ns
[2020-08-12T19:19:34.866+0000][6][safepoint    ] Safepoint "Cleanup", Time since last: 1000274176 ns, Reaching safepoint: 266435 ns, At safepoint: 11100 ns, Total: 277535 ns
[2020-08-12T19:19:35.867+0000][6][safepoint    ] Safepoint "Cleanup", Time since last: 1000226252 ns, Reaching safepoint: 937517 ns, At safepoint: 54624 ns, Total: 992141 ns
[2020-08-12T19:19:37.260+0000][6][safepoint    ] Safepoint "Cleanup", Time since last: 1392196083 ns, Reaching safepoint: 852093 ns, At safepoint: 43687 ns, Total: 895780 ns
[2020-08-12T19:19:38.261+0000][6][safepoint    ] Safepoint "Cleanup", Time since last: 1000309951 ns, Reaching safepoint: 781118 ns, At safepoint: 49887 ns, Total: 831005 ns
[2020-08-12T19:19:39.414+0000][6][safepoint    ] Safepoint "Cleanup", Time since last: 1152138536 ns, Reaching safepoint: 702194 ns, At safepoint: 43825 ns, Total: 746019 ns
[2020-08-12T19:19:40.415+0000][6][safepoint    ] Safepoint "Cleanup", Time since last: 1000342138 ns, Reaching safepoint: 680269 ns, At safepoint: 72137 ns, Total: 752406 ns
[2020-08-12T19:19:41.417+0000][6][safepoint    ] Safepoint "Cleanup", Time since last: 1000354138 ns, Reaching safepoint: 860242 ns, At safepoint: 43800 ns, Total: 904042 ns
[2020-08-12T19:19:42.418+0000][6][safepoint    ] Safepoint "Cleanup", Time since last: 1000369650 ns, Reaching safepoint: 821756 ns, At safepoint: 43562 ns, Total: 865318 ns
[2020-08-12T19:19:43.866+0000][6][safepoint    ] Safepoint "BulkRevokeBias", Time since last: 1446548312 ns, Reaching safepoint: 461596 ns, At safepoint: 1389775 ns, Total: 1851371 ns
[2020-08-12T19:19:44.868+0000][6][safepoint    ] Safepoint "Cleanup", Time since last: 1001078707 ns, Reaching safepoint: 802193 ns, At safepoint: 44212 ns, Total: 846405 ns
[2020-08-12T19:19:45.869+0000][6][safepoint    ] Safepoint "Cleanup", Time since last: 1000295601 ns, Reaching safepoint: 610520 ns, At safepoint: 26949 ns, Total: 637469 ns
[2020-08-12T19:19:46.870+0000][6][safepoint    ] Safepoint "Cleanup", Time since last: 1000261239 ns, Reaching safepoint: 720294 ns, At safepoint: 46350 ns, Total: 766644 ns
[2020-08-12T19:19:47.871+0000][6][safepoint    ] Safepoint "Cleanup", Time since last: 1000307101 ns, Reaching safepoint: 396996 ns, At safepoint: 22887 ns, Total: 419883 ns
[2020-08-12T19:19:49.867+0000][6][safepoint    ] Safepoint "Cleanup", Time since last: 1995469097 ns, Reaching safepoint: 855717 ns, At safepoint: 57012 ns, Total: 912729 ns
[2020-08-12T19:19:50.868+0000][6][safepoint    ] Safepoint "Cleanup", Time since last: 1000300364 ns, Reaching safepoint: 448371 ns, At safepoint: 32524 ns, Total: 480895 ns
[2020-08-12T19:19:51.869+0000][6][safepoint    ] Safepoint "Cleanup", Time since last: 1000275802 ns, Reaching safepoint: 633557 ns, At safepoint: 45824 ns, Total: 679381 ns
[2020-08-12T19:19:52.870+0000][6][safepoint    ] Safepoint "Cleanup", Time since last: 1000331001 ns, Reaching safepoint: 814993 ns, At safepoint: 45150 ns, Total: 860143 ns
[2020-08-12T19:19:54.870+0000][6][safepoint    ] Safepoint "Cleanup", Time since last: 1999086689 ns, Reaching safepoint: 917467 ns, At safepoint: 43900 ns, Total: 961367 ns
[2020-08-12T19:19:55.872+0000][6][safepoint    ] Safepoint "Cleanup", Time since last: 1000386875 ns, Reaching safepoint: 955129 ns, At safepoint: 64637 ns, Total: 1019766 ns
[2020-08-12T19:19:56.873+0000][6][safepoint    ] Safepoint "Cleanup", Time since last: 1000353101 ns, Reaching safepoint: 771368 ns, At safepoint: 42762 ns, Total: 814130 ns
[2020-08-12T19:19:57.874+0000][6][safepoint    ] Safepoint "Cleanup", Time since last: 1000428238 ns, Reaching safepoint: 584895 ns, At safepoint: 26887 ns, Total: 611782 ns
[2020-08-12T19:19:58.309+0000][6][safepoint    ] Safepoint "BulkRevokeBias", Time since last: 433227336 ns, Reaching safepoint: 391059 ns, At safepoint: 1165028 ns, Total: 1556087 ns
[2020-08-12T19:19:59.309+0000][6][safepoint    ] Safepoint "Cleanup", Time since last: 1000213776 ns, Reaching safepoint: 631957 ns, At safepoint: 27288 ns, Total: 659245 ns
[2020-08-12T19:20:00.311+0000][6][safepoint    ] Safepoint "Cleanup", Time since last: 1000276288 ns, Reaching safepoint: 824606 ns, At safepoint: 43062 ns, Total: 867668 ns
[2020-08-12T19:20:01.312+0000][6][safepoint    ] Safepoint "Cleanup", Time since last: 1000368050 ns, Reaching safepoint: 584345 ns, At safepoint: 43462 ns, Total: 627807 ns
[2020-08-12T19:20:02.313+0000][6][safepoint    ] Safepoint "Cleanup", Time since last: 1000709697 ns, Reaching safepoint: 651720 ns, At safepoint: 46187 ns, Total: 697907 ns
[2020-08-12T19:20:03.314+0000][6][safepoint    ] Safepoint "Cleanup", Time since last: 1000338551 ns, Reaching safepoint: 920042 ns, At safepoint: 57262 ns, Total: 977304 ns
[2020-08-12T19:20:04.871+0000][6][safepoint    ] Safepoint "Cleanup", Time since last: 1556306799 ns, Reaching safepoint: 682544 ns, At safepoint: 44112 ns, Total: 726656 ns
[2020-08-12T19:20:05.872+0000][6][safepoint    ] Safepoint "Cleanup", Time since last: 1000293588 ns, Reaching safepoint: 671845 ns, At safepoint: 26649 ns, Total: 698494 ns
[2020-08-12T19:20:07.042+0000][6][safepoint    ] Safepoint "Cleanup", Time since last: 1169344850 ns, Reaching safepoint: 703056 ns, At safepoint: 43450 ns, Total: 746506 ns
[2020-08-12T19:20:08.043+0000][6][safepoint    ] Safepoint "Cleanup", Time since last: 1000285526 ns, Reaching safepoint: 342347 ns, At safepoint: 13162 ns, Total: 355509 ns
[2020-08-12T19:20:08.145+0000][6][gc,start     ] GC(23) Pause Young (Normal) (G1 Evacuation Pause)
[2020-08-12T19:20:08.145+0000][6][gc,task      ] GC(23) Using 2 workers of 2 for evacuation
[2020-08-12T19:20:08.145+0000][6][gc,age       ] GC(23) Desired survivor size 40370176 bytes, new threshold 15 (max threshold 15)
[2020-08-12T19:20:08.200+0000][6][gc,age       ] GC(23) Age table with threshold 15 (max threshold 15)
[2020-08-12T19:20:08.200+0000][6][gc,age       ] GC(23) - age   1:     513608 bytes,     513608 total
[2020-08-12T19:20:08.200+0000][6][gc,age       ] GC(23) - age   2:      14176 bytes,     527784 total
[2020-08-12T19:20:08.200+0000][6][gc,phases    ] GC(23)   Pre Evacuate Collection Set: 0.4ms
[2020-08-12T19:20:08.200+0000][6][gc,phases    ] GC(23)   Merge Heap Roots: 0.3ms
[2020-08-12T19:20:08.200+0000][6][gc,phases    ] GC(23)   Evacuate Collection Set: 49.7ms
[2020-08-12T19:20:08.200+0000][6][gc,phases    ] GC(23)   Post Evacuate Collection Set: 3.6ms
[2020-08-12T19:20:08.200+0000][6][gc,phases    ] GC(23)   Other: 0.6ms
[2020-08-12T19:20:08.200+0000][6][gc,heap      ] GC(23) Eden regions: 613->0(613)
[2020-08-12T19:20:08.200+0000][6][gc,heap      ] GC(23) Survivor regions: 1->1(77)
[2020-08-12T19:20:08.200+0000][6][gc,heap      ] GC(23) Old regions: 81->81
[2020-08-12T19:20:08.200+0000][6][gc,heap      ] GC(23) Archive regions: 2->2
[2020-08-12T19:20:08.200+0000][6][gc,heap      ] GC(23) Humongous regions: 7->7
[2020-08-12T19:20:08.200+0000][6][gc,metaspace ] GC(23) Metaspace: 94539K(102356K)->94539K(102356K) NonClass: 81995K(86784K)->81995K(86784K) Class: 12543K(15572K)->12543K(15572K)
[2020-08-12T19:20:08.200+0000][6][gc           ] GC(23) Pause Young (Normal) (G1 Evacuation Pause) 702M->89M(1024M) 55.112ms
[2020-08-12T19:20:08.200+0000][6][gc,cpu       ] GC(23) User=0.02s Sys=0.01s Real=0.05s
[2020-08-12T19:20:08.200+0000][6][safepoint    ] Safepoint "G1CollectForAllocation", Time since last: 101611983 ns, Reaching safepoint: 367634 ns, At safepoint: 55390396 ns, Total: 55758030 ns
[2020-08-12T19:20:09.872+0000][6][safepoint    ] Safepoint "Cleanup", Time since last: 1670778808 ns, Reaching safepoint: 597657 ns, At safepoint: 107837 ns, Total: 705494 ns
[2020-08-12T19:20:10.873+0000][6][safepoint    ] Safepoint "Cleanup", Time since last: 1000342450 ns, Reaching safepoint: 702069 ns, At safepoint: 55325 ns, Total: 757394 ns
[2020-08-12T19:20:11.874+0000][6][safepoint    ] Safepoint "Cleanup", Time since last: 1000321788 ns, Reaching safepoint: 439271 ns, At safepoint: 33262 ns, Total: 472533 ns
[2020-08-12T19:20:12.875+0000][6][safepoint    ] Safepoint "Cleanup", Time since last: 1000415325 ns, Reaching safepoint: 686982 ns, At safepoint: 54974 ns, Total: 741956 ns
[2020-08-12T19:20:14.870+0000][6][safepoint    ] Safepoint "Cleanup", Time since last: 1994243845 ns, Reaching safepoint: 594844 ns, At safepoint: 121662 ns, Total: 716506 ns
[2020-08-12T19:20:15.871+0000][6][safepoint    ] Safepoint "Cleanup", Time since last: 1000280389 ns, Reaching safepoint: 1019466 ns, At safepoint: 44849 ns, Total: 1064315 ns
[2020-08-12T19:20:16.872+0000][6][safepoint    ] Safepoint "Cleanup", Time since last: 1000278301 ns, Reaching safepoint: 511996 ns, At safepoint: 31575 ns, Total: 543571 ns
[2020-08-12T19:20:17.873+0000][6][safepoint    ] Safepoint "Cleanup", Time since last: 1000267851 ns, Reaching safepoint: 576970 ns, At safepoint: 48512 ns, Total: 625482 ns
[2020-08-12T19:20:19.329+0000][6][safepoint    ] Safepoint "Cleanup", Time since last: 1455890106 ns, Reaching safepoint: 377159 ns, At safepoint: 19300 ns, Total: 396459 ns
[2020-08-12T19:20:20.330+0000][6][safepoint    ] Safepoint "Cleanup", Time since last: 1000663935 ns, Reaching safepoint: 454784 ns, At safepoint: 44175 ns, Total: 498959 ns
[2020-08-12T19:20:21.331+0000][6][safepoint    ] Safepoint "Cleanup", Time since last: 1000312075 ns, Reaching safepoint: 371547 ns, At safepoint: 57937 ns, Total: 429484 ns
[2020-08-12T19:20:22.332+0000][6][safepoint    ] Safepoint "Cleanup", Time since last: 1000350463 ns, Reaching safepoint: 582833 ns, At safepoint: 40387 ns, Total: 623220 ns
[2020-08-12T19:20:23.333+0000][6][safepoint    ] Safepoint "Cleanup", Time since last: 1000306188 ns, Reaching safepoint: 664169 ns, At safepoint: 49113 ns, Total: 713282 ns
[2020-08-12T19:20:24.873+0000][6][safepoint    ] Safepoint "Cleanup", Time since last: 1538593002 ns, Reaching safepoint: 670332 ns, At safepoint: 43824 ns, Total: 714156 ns
[2020-08-12T19:20:25.874+0000][6][safepoint    ] Safepoint "Cleanup", Time since last: 1000347588 ns, Reaching safepoint: 1239090 ns, At safepoint: 65686 ns, Total: 1304776 ns
[2020-08-12T19:20:26.875+0000][6][safepoint    ] Safepoint "Cleanup", Time since last: 1000351551 ns, Reaching safepoint: 686457 ns, At safepoint: 44362 ns, Total: 730819 ns
[2020-08-12T19:20:27.876+0000][6][safepoint    ] Safepoint "Cleanup", Time since last: 1000317200 ns, Reaching safepoint: 657470 ns, At safepoint: 30050 ns, Total: 687520 ns
[2020-08-12T19:20:29.873+0000][6][safepoint    ] Safepoint "Cleanup", Time since last: 1995516945 ns, Reaching safepoint: 932755 ns, At safepoint: 43549 ns, Total: 976304 ns
[2020-08-12T19:20:30.875+0000][6][safepoint    ] Safepoint "Cleanup", Time since last: 1000386201 ns, Reaching safepoint: 1430150 ns, At safepoint: 57549 ns, Total: 1487699 ns
[2020-08-12T19:20:31.876+0000][6][safepoint    ] Safepoint "Cleanup", Time since last: 1000333376 ns, Reaching safepoint: 799843 ns, At safepoint: 43550 ns, Total: 843393 ns
[2020-08-12T19:20:32.877+0000][6][safepoint    ] Safepoint "Cleanup", Time since last: 1000408500 ns, Reaching safepoint: 828680 ns, At safepoint: 44037 ns, Total: 872717 ns
[2020-08-12T19:20:34.874+0000][6][safepoint    ] Safepoint "Cleanup", Time since last: 1996539000 ns, Reaching safepoint: 668819 ns, At safepoint: 44225 ns, Total: 713044 ns
[2020-08-12T19:20:35.875+0000][6][safepoint    ] Safepoint "Cleanup", Time since last: 1000347387 ns, Reaching safepoint: 709119 ns, At safepoint: 34387 ns, Total: 743506 ns
[2020-08-12T19:20:37.290+0000][6][safepoint    ] Safepoint "Cleanup", Time since last: 1413787196 ns, Reaching safepoint: 439546 ns, At safepoint: 23713 ns, Total: 463259 ns
[2020-08-12T19:20:38.291+0000][6][safepoint    ] Safepoint "Cleanup", Time since last: 1000235676 ns, Reaching safepoint: 830693 ns, At safepoint: 30250 ns, Total: 860943 ns
[2020-08-12T19:20:39.491+0000][6][safepoint    ] Safepoint "Cleanup", Time since last: 1199724749 ns, Reaching safepoint: 719744 ns, At safepoint: 43774 ns, Total: 763518 ns
[2020-08-12T19:20:40.492+0000][6][safepoint    ] Safepoint "Cleanup", Time since last: 1000337401 ns, Reaching safepoint: 639082 ns, At safepoint: 43799 ns, Total: 682881 ns
[2020-08-12T19:20:41.493+0000][6][safepoint    ] Safepoint "Cleanup", Time since last: 1000338863 ns, Reaching safepoint: 627758 ns, At safepoint: 46037 ns, Total: 673795 ns
[2020-08-12T19:20:42.495+0000][6][safepoint    ] Safepoint "Cleanup", Time since last: 1000962532 ns, Reaching safepoint: 867718 ns, At safepoint: 42924 ns, Total: 910642 ns
[2020-08-12T19:20:43.496+0000][6][safepoint    ] Safepoint "Cleanup", Time since last: 1000295264 ns, Reaching safepoint: 662919 ns, At safepoint: 23887 ns, Total: 686806 ns
[2020-08-12T19:20:44.875+0000][6][safepoint    ] Safepoint "Cleanup", Time since last: 1377946869 ns, Reaching safepoint: 833580 ns, At safepoint: 46287 ns, Total: 879867 ns
[2020-08-12T19:20:45.876+0000][6][safepoint    ] Safepoint "Cleanup", Time since last: 1000333438 ns, Reaching safepoint: 1041604 ns, At safepoint: 43525 ns, Total: 1085129 ns
[2020-08-12T19:20:46.877+0000][6][safepoint    ] Safepoint "Cleanup", Time since last: 1000327500 ns, Reaching safepoint: 612782 ns, At safepoint: 44125 ns, Total: 656907 ns
[2020-08-12T19:20:47.878+0000][6][safepoint    ] Safepoint "Cleanup", Time since last: 1000339376 ns, Reaching safepoint: 641069 ns, At safepoint: 43600 ns, Total: 684669 ns
[2020-08-12T19:20:49.873+0000][6][safepoint    ] Safepoint "Cleanup", Time since last: 1993549038 ns, Reaching safepoint: 844355 ns, At safepoint: 43562 ns, Total: 887917 ns
[2020-08-12T19:20:50.874+0000][6][safepoint    ] Safepoint "Cleanup", Time since last: 1000388413 ns, Reaching safepoint: 701856 ns, At safepoint: 30925 ns, Total: 732781 ns
[2020-08-12T19:20:51.875+0000][6][safepoint    ] Safepoint "Cleanup", Time since last: 1000252576 ns, Reaching safepoint: 487596 ns, At safepoint: 35250 ns, Total: 522846 ns
[2020-08-12T19:20:52.876+0000][6][safepoint    ] Safepoint "Cleanup", Time since last: 1000336188 ns, Reaching safepoint: 698594 ns, At safepoint: 52949 ns, Total: 751543 ns
[2020-08-12T19:20:54.876+0000][6][safepoint    ] Safepoint "Cleanup", Time since last: 1999429762 ns, Reaching safepoint: 672319 ns, At safepoint: 72925 ns, Total: 745244 ns
[2020-08-12T19:20:55.877+0000][6][safepoint    ] Safepoint "Cleanup", Time since last: 1000313326 ns, Reaching safepoint: 990266 ns, At safepoint: 52775 ns, Total: 1043041 ns
[2020-08-12T19:20:56.878+0000][6][safepoint    ] Safepoint "Cleanup", Time since last: 1000261826 ns, Reaching safepoint: 386297 ns, At safepoint: 19162 ns, Total: 405459 ns
[2020-08-12T19:20:57.879+0000][6][safepoint    ] Safepoint "Cleanup", Time since last: 1000244277 ns, Reaching safepoint: 501720 ns, At safepoint: 39662 ns, Total: 541382 ns
[2020-08-12T19:20:59.348+0000][6][safepoint    ] Safepoint "Cleanup", Time since last: 1468645008 ns, Reaching safepoint: 649920 ns, At safepoint: 31374 ns, Total: 681294 ns
[2020-08-12T19:21:00.349+0000][6][safepoint    ] Safepoint "Cleanup", Time since last: 1000261227 ns, Reaching safepoint: 693706 ns, At safepoint: 46287 ns, Total: 739993 ns
[2020-08-12T19:21:01.350+0000][6][safepoint    ] Safepoint "Cleanup", Time since last: 1000351451 ns, Reaching safepoint: 520145 ns, At safepoint: 45275 ns, Total: 565420 ns
[2020-08-12T19:21:02.351+0000][6][safepoint    ] Safepoint "Cleanup", Time since last: 1000386762 ns, Reaching safepoint: 612770 ns, At safepoint: 43862 ns, Total: 656632 ns
[2020-08-12T19:21:03.352+0000][6][safepoint    ] Safepoint "Cleanup", Time since last: 1000283301 ns, Reaching safepoint: 689582 ns, At safepoint: 35187 ns, Total: 724769 ns
[2020-08-12T19:21:04.877+0000][6][safepoint    ] Safepoint "Cleanup", Time since last: 1523843518 ns, Reaching safepoint: 619907 ns, At safepoint: 55024 ns, Total: 674931 ns
[2020-08-12T19:21:05.878+0000][6][safepoint    ] Safepoint "Cleanup", Time since last: 1000300626 ns, Reaching safepoint: 692482 ns, At safepoint: 32987 ns, Total: 725469 ns
[2020-08-12T19:21:07.094+0000][6][safepoint    ] Safepoint "Cleanup", Time since last: 1216097195 ns, Reaching safepoint: 712019 ns, At safepoint: 46087 ns, Total: 758106 ns
[2020-08-12T19:21:08.095+0000][6][safepoint    ] Safepoint "Cleanup", Time since last: 1000283688 ns, Reaching safepoint: 653507 ns, At safepoint: 34375 ns, Total: 687882 ns
[2020-08-12T19:21:09.876+0000][6][safepoint    ] Safepoint "Cleanup", Time since last: 1780059424 ns, Reaching safepoint: 675607 ns, At safepoint: 44524 ns, Total: 720131 ns
[2020-08-12T19:21:10.877+0000][6][safepoint    ] Safepoint "Cleanup", Time since last: 1000300101 ns, Reaching safepoint: 784443 ns, At safepoint: 77500 ns, Total: 861943 ns
[2020-08-12T19:21:11.879+0000][6][safepoint    ] Safepoint "Cleanup", Time since last: 1000363338 ns, Reaching safepoint: 892317 ns, At safepoint: 43349 ns, Total: 935666 ns
[2020-08-12T19:21:12.880+0000][6][safepoint    ] Safepoint "Cleanup", Time since last: 1000392101 ns, Reaching safepoint: 898504 ns, At safepoint: 66387 ns, Total: 964891 ns
[2020-08-12T19:21:14.876+0000][6][safepoint    ] Safepoint "Cleanup", Time since last: 1995285936 ns, Reaching safepoint: 894967 ns, At safepoint: 43962 ns, Total: 938929 ns
[2020-08-12T19:21:15.877+0000][6][safepoint    ] Safepoint "Cleanup", Time since last: 1000346251 ns, Reaching safepoint: 775405 ns, At safepoint: 69412 ns, Total: 844817 ns
[2020-08-12T19:21:16.879+0000][6][safepoint    ] Safepoint "Cleanup", Time since last: 1000345688 ns, Reaching safepoint: 667845 ns, At safepoint: 43624 ns, Total: 711469 ns
[2020-08-12T19:21:17.880+0000][6][safepoint    ] Safepoint "Cleanup", Time since last: 1000389675 ns, Reaching safepoint: 713944 ns, At safepoint: 46562 ns, Total: 760506 ns
[2020-08-12T19:21:19.324+0000][6][safepoint    ] Safepoint "Cleanup", Time since last: 1443688999 ns, Reaching safepoint: 345447 ns, At safepoint: 17400 ns, Total: 362847 ns
[2020-08-12T19:21:20.325+0000][6][safepoint    ] Safepoint "Cleanup", Time since last: 1000253089 ns, Reaching safepoint: 811568 ns, At safepoint: 43400 ns, Total: 854968 ns
[2020-08-12T19:21:21.326+0000][6][safepoint    ] Safepoint "Cleanup", Time since last: 1000348700 ns, Reaching safepoint: 414059 ns, At safepoint: 20125 ns, Total: 434184 ns
[2020-08-12T19:21:22.327+0000][6][safepoint    ] Safepoint "Cleanup", Time since last: 1000375563 ns, Reaching safepoint: 717268 ns, At safepoint: 45463 ns, Total: 762731 ns
[2020-08-12T19:21:23.328+0000][6][safepoint    ] Safepoint "Cleanup", Time since last: 1000504336 ns, Reaching safepoint: 1051079 ns, At safepoint: 60374 ns, Total: 1111453 ns
[2020-08-12T19:21:24.878+0000][6][safepoint    ] Safepoint "Cleanup", Time since last: 1548862926 ns, Reaching safepoint: 685232 ns, At safepoint: 148723 ns, Total: 833955 ns
[2020-08-12T19:21:25.879+0000][6][safepoint    ] Safepoint "Cleanup", Time since last: 1000356776 ns, Reaching safepoint: 748943 ns, At safepoint: 36238 ns, Total: 785181 ns
[2020-08-12T19:21:26.880+0000][6][safepoint    ] Safepoint "Cleanup", Time since last: 1000266513 ns, Reaching safepoint: 521396 ns, At safepoint: 44099 ns, Total: 565495 ns
[2020-08-12T19:21:27.881+0000][6][safepoint    ] Safepoint "Cleanup", Time since last: 1000345251 ns, Reaching safepoint: 609032 ns, At safepoint: 44850 ns, Total: 653882 ns
[2020-08-12T19:21:28.896+0000][6][safepoint    ] Safepoint "Cleanup", Time since last: 1012105986 ns, Reaching safepoint: 664444 ns, At safepoint: 1909846 ns, Total: 2574290 ns
[2020-08-12T19:21:28.977+0000][6][safepoint    ] Safepoint "ICBufferFull", Time since last: 80762051 ns, Reaching safepoint: 412309 ns, At safepoint: 16312 ns, Total: 428621 ns
[2020-08-12T19:21:29.978+0000][6][safepoint    ] Safepoint "Cleanup", Time since last: 1000251989 ns, Reaching safepoint: 929504 ns, At safepoint: 43525 ns, Total: 973029 ns
[2020-08-12T19:21:31.556+0000][6][safepoint    ] Safepoint "Cleanup", Time since last: 1577595952 ns, Reaching safepoint: 657595 ns, At safepoint: 38437 ns, Total: 696032 ns
[2020-08-12T19:21:32.558+0000][6][safepoint    ] Safepoint "Cleanup", Time since last: 1000321338 ns, Reaching safepoint: 881130 ns, At safepoint: 44437 ns, Total: 925567 ns
[2020-08-12T19:21:33.559+0000][6][safepoint    ] Safepoint "Cleanup", Time since last: 1000323326 ns, Reaching safepoint: 566482 ns, At safepoint: 19575 ns, Total: 586057 ns
[2020-08-12T19:21:34.878+0000][6][safepoint    ] Safepoint "Cleanup", Time since last: 1318815468 ns, Reaching safepoint: 781718 ns, At safepoint: 38375 ns, Total: 820093 ns
[2020-08-12T19:21:35.880+0000][6][safepoint    ] Safepoint "Cleanup", Time since last: 1000307788 ns, Reaching safepoint: 1084328 ns, At safepoint: 38675 ns, Total: 1123003 ns
[2020-08-12T19:21:36.159+0000][6][safepoint    ] Safepoint "BulkRevokeBias", Time since last: 277810057 ns, Reaching safepoint: 746281 ns, At safepoint: 1187402 ns, Total: 1933683 ns
[2020-08-12T19:21:37.161+0000][6][safepoint    ] Safepoint "Cleanup", Time since last: 1000258177 ns, Reaching safepoint: 851992 ns, At safepoint: 44125 ns, Total: 896117 ns
[2020-08-12T19:21:38.162+0000][6][safepoint    ] Safepoint "Cleanup", Time since last: 1000348838 ns, Reaching safepoint: 785668 ns, At safepoint: 38812 ns, Total: 824480 ns
[2020-08-12T19:21:39.681+0000][6][safepoint    ] Safepoint "Cleanup", Time since last: 1518369265 ns, Reaching safepoint: 721419 ns, At safepoint: 107349 ns, Total: 828768 ns
[2020-08-12T19:21:40.682+0000][6][safepoint    ] Safepoint "Cleanup", Time since last: 1000342801 ns, Reaching safepoint: 670319 ns, At safepoint: 45537 ns, Total: 715856 ns
[2020-08-12T19:21:41.683+0000][6][safepoint    ] Safepoint "Cleanup", Time since last: 1000338576 ns, Reaching safepoint: 679306 ns, At safepoint: 41575 ns, Total: 720881 ns
[2020-08-12T19:21:42.684+0000][6][safepoint    ] Safepoint "Cleanup", Time since last: 1000315338 ns, Reaching safepoint: 779793 ns, At safepoint: 46500 ns, Total: 826293 ns
[2020-08-12T19:21:43.879+0000][6][safepoint    ] Safepoint "Cleanup", Time since last: 1193656827 ns, Reaching safepoint: 834442 ns, At safepoint: 21463 ns, Total: 855905 ns
[2020-08-12T19:21:44.880+0000][6][safepoint    ] Safepoint "Cleanup", Time since last: 1001002207 ns, Reaching safepoint: 688032 ns, At safepoint: 51599 ns, Total: 739631 ns
[2020-08-12T19:21:45.882+0000][6][safepoint    ] Safepoint "Cleanup", Time since last: 1000310864 ns, Reaching safepoint: 741806 ns, At safepoint: 38012 ns, Total: 779818 ns
[2020-08-12T19:21:46.882+0000][6][safepoint    ] Safepoint "Cleanup", Time since last: 1000277889 ns, Reaching safepoint: 621494 ns, At safepoint: 44375 ns, Total: 665869 ns
[2020-08-12T19:21:47.884+0000][6][safepoint    ] Safepoint "Cleanup", Time since last: 1000343488 ns, Reaching safepoint: 884992 ns, At safepoint: 44575 ns, Total: 929567 ns
[2020-08-12T19:21:49.882+0000][6][safepoint    ] Safepoint "Cleanup", Time since last: 1997867688 ns, Reaching safepoint: 716806 ns, At safepoint: 53425 ns, Total: 770231 ns
[2020-08-12T19:21:50.883+0000][6][safepoint    ] Safepoint "Cleanup", Time since last: 1000340988 ns, Reaching safepoint: 676194 ns, At safepoint: 54599 ns, Total: 730793 ns
[2020-08-12T19:21:51.885+0000][6][safepoint    ] Safepoint "Cleanup", Time since last: 1000341088 ns, Reaching safepoint: 697569 ns, At safepoint: 44650 ns, Total: 742219 ns
[2020-08-12T19:21:52.885+0000][6][safepoint    ] Safepoint "Cleanup", Time since last: 1000307013 ns, Reaching safepoint: 516183 ns, At safepoint: 28988 ns, Total: 545171 ns
[2020-08-12T19:21:54.885+0000][6][safepoint    ] Safepoint "Cleanup", Time since last: 1998570719 ns, Reaching safepoint: 624582 ns, At safepoint: 45500 ns, Total: 670082 ns
[2020-08-12T19:21:55.886+0000][6][safepoint    ] Safepoint "Cleanup", Time since last: 1000286688 ns, Reaching safepoint: 543621 ns, At safepoint: 46737 ns, Total: 590358 ns
[2020-08-12T19:21:56.886+0000][6][safepoint    ] Safepoint "Cleanup", Time since last: 1000237964 ns, Reaching safepoint: 600357 ns, At safepoint: 24137 ns, Total: 624494 ns
[2020-08-12T19:21:57.888+0000][6][safepoint    ] Safepoint "Cleanup", Time since last: 1000248764 ns, Reaching safepoint: 863793 ns, At safepoint: 44187 ns, Total: 907980 ns
[2020-08-12T19:21:59.443+0000][6][safepoint    ] Safepoint "Cleanup", Time since last: 1554788899 ns, Reaching safepoint: 677832 ns, At safepoint: 46550 ns, Total: 724382 ns
[2020-08-12T19:22:00.444+0000][6][safepoint    ] Safepoint "Cleanup", Time since last: 1000341963 ns, Reaching safepoint: 709731 ns, At safepoint: 52762 ns, Total: 762493 ns
[2020-08-12T19:22:01.445+0000][6][safepoint    ] Safepoint "Cleanup", Time since last: 1000358151 ns, Reaching safepoint: 706856 ns, At safepoint: 45537 ns, Total: 752393 ns
[2020-08-12T19:22:02.447+0000][6][safepoint    ] Safepoint "Cleanup", Time since last: 1000339638 ns, Reaching safepoint: 930330 ns, At safepoint: 44887 ns, Total: 975217 ns
[2020-08-12T19:22:03.448+0000][6][safepoint    ] Safepoint "Cleanup", Time since last: 1000335375 ns, Reaching safepoint: 645670 ns, At safepoint: 33200 ns, Total: 678870 ns
[2020-08-12T19:22:04.882+0000][6][safepoint    ] Safepoint "Cleanup", Time since last: 1433202040 ns, Reaching safepoint: 830330 ns, At safepoint: 44412 ns, Total: 874742 ns
[2020-08-12T19:22:05.883+0000][6][safepoint    ] Safepoint "Cleanup", Time since last: 1000393350 ns, Reaching safepoint: 1128790 ns, At safepoint: 67062 ns, Total: 1195852 ns
[2020-08-12T19:22:07.120+0000][6][safepoint    ] Safepoint "Cleanup", Time since last: 1235887736 ns, Reaching safepoint: 942092 ns, At safepoint: 47537 ns, Total: 989629 ns
[2020-08-12T19:22:08.122+0000][6][safepoint    ] Safepoint "Cleanup", Time since last: 1000330563 ns, Reaching safepoint: 1049079 ns, At safepoint: 51862 ns, Total: 1100941 ns
[2020-08-12T19:22:09.883+0000][6][safepoint    ] Safepoint "Cleanup", Time since last: 1760596905 ns, Reaching safepoint: 1044678 ns, At safepoint: 69112 ns, Total: 1113790 ns
[2020-08-12T19:22:10.884+0000][6][safepoint    ] Safepoint "Cleanup", Time since last: 1000334213 ns, Reaching safepoint: 616195 ns, At safepoint: 33537 ns, Total: 649732 ns
[2020-08-12T19:22:11.885+0000][6][safepoint    ] Safepoint "Cleanup", Time since last: 1000284451 ns, Reaching safepoint: 733444 ns, At safepoint: 45375 ns, Total: 778819 ns
[2020-08-12T19:22:12.886+0000][6][safepoint    ] Safepoint "Cleanup", Time since last: 1000358287 ns, Reaching safepoint: 693782 ns, At safepoint: 45400 ns, Total: 739182 ns
[2020-08-12T19:22:13.885+0000][6][safepoint    ] Safepoint "BulkRevokeBias", Time since last: 995639416 ns, Reaching safepoint: 336797 ns, At safepoint: 2131006 ns, Total: 2467803 ns
[2020-08-12T19:22:14.886+0000][6][safepoint    ] Safepoint "Cleanup", Time since last: 1001028595 ns, Reaching safepoint: 812656 ns, At safepoint: 30412 ns, Total: 843068 ns
[2020-08-12T19:22:15.888+0000][6][safepoint    ] Safepoint "Cleanup", Time since last: 1000262626 ns, Reaching safepoint: 1104440 ns, At safepoint: 37750 ns, Total: 1142190 ns
[2020-08-12T19:22:16.889+0000][6][safepoint    ] Safepoint "Cleanup", Time since last: 1000333401 ns, Reaching safepoint: 869792 ns, At safepoint: 68387 ns, Total: 938179 ns
[2020-08-12T19:22:17.890+0000][6][safepoint    ] Safepoint "Cleanup", Time since last: 1000349838 ns, Reaching safepoint: 911517 ns, At safepoint: 47300 ns, Total: 958817 ns
[2020-08-12T19:22:18.009+0000][6][safepoint    ] Safepoint "BulkRevokeBias", Time since last: 113202645 ns, Reaching safepoint: 940367 ns, At safepoint: 4947882 ns, Total: 5888249 ns
[2020-08-12T19:22:19.274+0000][6][safepoint    ] Safepoint "Cleanup", Time since last: 1263299486 ns, Reaching safepoint: 965667 ns, At safepoint: 44524 ns, Total: 1010191 ns
[2020-08-12T19:22:20.275+0000][6][safepoint    ] Safepoint "Cleanup", Time since last: 1000432687 ns, Reaching safepoint: 854343 ns, At safepoint: 67412 ns, Total: 921755 ns
[2020-08-12T19:22:21.276+0000][6][safepoint    ] Safepoint "Cleanup", Time since last: 1000290026 ns, Reaching safepoint: 866942 ns, At safepoint: 50525 ns, Total: 917467 ns
[2020-08-12T19:22:22.278+0000][6][safepoint    ] Safepoint "Cleanup", Time since last: 1000338488 ns, Reaching safepoint: 951592 ns, At safepoint: 47487 ns, Total: 999079 ns
[2020-08-12T19:22:23.279+0000][6][safepoint    ] Safepoint "Cleanup", Time since last: 1000632686 ns, Reaching safepoint: 826280 ns, At safepoint: 58537 ns, Total: 884817 ns
[2020-08-12T19:22:24.886+0000][6][safepoint    ] Safepoint "Cleanup", Time since last: 1606240217 ns, Reaching safepoint: 708006 ns, At safepoint: 45737 ns, Total: 753743 ns
[2020-08-12T19:22:25.887+0000][6][safepoint    ] Safepoint "Cleanup", Time since last: 1000301088 ns, Reaching safepoint: 820181 ns, At safepoint: 43312 ns, Total: 863493 ns
[2020-08-12T19:22:26.888+0000][6][safepoint    ] Safepoint "Cleanup", Time since last: 1000291163 ns, Reaching safepoint: 693532 ns, At safepoint: 44562 ns, Total: 738094 ns
[2020-08-12T19:22:27.889+0000][6][safepoint    ] Safepoint "Cleanup", Time since last: 1000340726 ns, Reaching safepoint: 713218 ns, At safepoint: 43425 ns, Total: 756643 ns
[2020-08-12T19:22:29.889+0000][6][safepoint    ] Safepoint "Cleanup", Time since last: 1999103440 ns, Reaching safepoint: 764493 ns, At safepoint: 44762 ns, Total: 809255 ns
[2020-08-12T19:22:30.890+0000][6][safepoint    ] Safepoint "Cleanup", Time since last: 1000305514 ns, Reaching safepoint: 677094 ns, At safepoint: 38012 ns, Total: 715106 ns
[2020-08-12T19:22:31.891+0000][6][safepoint    ] Safepoint "Cleanup", Time since last: 1000288601 ns, Reaching safepoint: 686032 ns, At safepoint: 45012 ns, Total: 731044 ns
[2020-08-12T19:22:32.893+0000][6][safepoint    ] Safepoint "Cleanup", Time since last: 1000338900 ns, Reaching safepoint: 874868 ns, At safepoint: 44175 ns, Total: 919043 ns
[2020-08-12T19:22:34.886+0000][6][safepoint    ] Safepoint "Cleanup", Time since last: 1992772132 ns, Reaching safepoint: 484621 ns, At safepoint: 20987 ns, Total: 505608 ns
[2020-08-12T19:22:35.887+0000][6][safepoint    ] Safepoint "Cleanup", Time since last: 1000218064 ns, Reaching safepoint: 780906 ns, At safepoint: 37749 ns, Total: 818655 ns
[2020-08-12T19:22:37.266+0000][6][safepoint    ] Safepoint "Cleanup", Time since last: 1377883432 ns, Reaching safepoint: 658357 ns, At safepoint: 51249 ns, Total: 709606 ns
[2020-08-12T19:22:38.266+0000][6][safepoint    ] Safepoint "Cleanup", Time since last: 1000323338 ns, Reaching safepoint: 406484 ns, At safepoint: 20050 ns, Total: 426534 ns
[2020-08-12T19:22:39.279+0000][6][safepoint    ] Safepoint "Cleanup", Time since last: 1011739090 ns, Reaching safepoint: 472471 ns, At safepoint: 20474 ns, Total: 492945 ns
[2020-08-12T19:22:40.279+0000][6][safepoint    ] Safepoint "Cleanup", Time since last: 1000258702 ns, Reaching safepoint: 540520 ns, At safepoint: 27187 ns, Total: 567707 ns
[2020-08-12T19:22:41.281+0000][6][safepoint    ] Safepoint "Cleanup", Time since last: 1000264439 ns, Reaching safepoint: 813430 ns, At safepoint: 44275 ns, Total: 857705 ns
[2020-08-12T19:22:42.282+0000][6][safepoint    ] Safepoint "Cleanup", Time since last: 1000402688 ns, Reaching safepoint: 883242 ns, At safepoint: 109049 ns, Total: 992291 ns
[2020-08-12T19:22:43.283+0000][6][safepoint    ] Safepoint "Cleanup", Time since last: 1000329638 ns, Reaching safepoint: 830168 ns, At safepoint: 45650 ns, Total: 875818 ns
[2020-08-12T19:22:44.888+0000][6][safepoint    ] Safepoint "Cleanup", Time since last: 1603670876 ns, Reaching safepoint: 735894 ns, At safepoint: 53362 ns, Total: 789256 ns
[2020-08-12T19:22:45.889+0000][6][safepoint    ] Safepoint "Cleanup", Time since last: 1000351813 ns, Reaching safepoint: 702344 ns, At safepoint: 54812 ns, Total: 757156 ns
[2020-08-12T19:22:46.890+0000][6][safepoint    ] Safepoint "Cleanup", Time since last: 1000410450 ns, Reaching safepoint: 437483 ns, At safepoint: 26875 ns, Total: 464358 ns
[2020-08-12T19:22:47.891+0000][6][safepoint    ] Safepoint "Cleanup", Time since last: 1000339076 ns, Reaching safepoint: 619807 ns, At safepoint: 53024 ns, Total: 672831 ns
[2020-08-12T19:22:49.888+0000][6][safepoint    ] Safepoint "Cleanup", Time since last: 1996362576 ns, Reaching safepoint: 632982 ns, At safepoint: 45088 ns, Total: 678070 ns
[2020-08-12T19:22:50.889+0000][6][safepoint    ] Safepoint "Cleanup", Time since last: 1000343675 ns, Reaching safepoint: 683132 ns, At safepoint: 55149 ns, Total: 738281 ns
[2020-08-12T19:22:51.890+0000][6][safepoint    ] Safepoint "Cleanup", Time since last: 1000382675 ns, Reaching safepoint: 894393 ns, At safepoint: 71949 ns, Total: 966342 ns
[2020-08-12T19:22:52.891+0000][6][safepoint    ] Safepoint "Cleanup", Time since last: 1000352938 ns, Reaching safepoint: 770806 ns, At safepoint: 52912 ns, Total: 823718 ns
[2020-08-12T19:22:54.888+0000][6][safepoint    ] Safepoint "Cleanup", Time since last: 1995840593 ns, Reaching safepoint: 499683 ns, At safepoint: 33725 ns, Total: 533408 ns
[2020-08-12T19:22:55.889+0000][6][safepoint    ] Safepoint "Cleanup", Time since last: 1000279751 ns, Reaching safepoint: 719869 ns, At safepoint: 41062 ns, Total: 760931 ns
[2020-08-12T19:22:56.890+0000][6][safepoint    ] Safepoint "Cleanup", Time since last: 1000292376 ns, Reaching safepoint: 618895 ns, At safepoint: 53362 ns, Total: 672257 ns
[2020-08-12T19:22:57.890+0000][6][safepoint    ] Safepoint "Cleanup", Time since last: 1000281776 ns, Reaching safepoint: 509433 ns, At safepoint: 11862 ns, Total: 521295 ns
[2020-08-12T19:22:59.363+0000][6][safepoint    ] Safepoint "Cleanup", Time since last: 1471581945 ns, Reaching safepoint: 553458 ns, At safepoint: 33500 ns, Total: 586958 ns
[2020-08-12T19:23:00.364+0000][6][safepoint    ] Safepoint "Cleanup", Time since last: 1000354900 ns, Reaching safepoint: 648995 ns, At safepoint: 46487 ns, Total: 695482 ns
[2020-08-12T19:23:01.364+0000][6][safepoint    ] Safepoint "Cleanup", Time since last: 1000305526 ns, Reaching safepoint: 332409 ns, At safepoint: 15913 ns, Total: 348322 ns
[2020-08-12T19:23:02.365+0000][6][safepoint    ] Safepoint "Cleanup", Time since last: 1000277913 ns, Reaching safepoint: 674507 ns, At safepoint: 53374 ns, Total: 727881 ns
[2020-08-12T19:23:03.367+0000][6][safepoint    ] Safepoint "Cleanup", Time since last: 1000347513 ns, Reaching safepoint: 1064329 ns, At safepoint: 62662 ns, Total: 1126991 ns
[2020-08-12T19:23:04.888+0000][6][safepoint    ] Safepoint "Cleanup", Time since last: 1520160337 ns, Reaching safepoint: 724931 ns, At safepoint: 55137 ns, Total: 780068 ns
[2020-08-12T19:23:05.889+0000][6][safepoint    ] Safepoint "Cleanup", Time since last: 1000395712 ns, Reaching safepoint: 556696 ns, At safepoint: 40537 ns, Total: 597233 ns
[2020-08-12T19:23:07.153+0000][6][safepoint    ] Safepoint "Cleanup", Time since last: 1263264974 ns, Reaching safepoint: 582482 ns, At safepoint: 44662 ns, Total: 627144 ns
[2020-08-12T19:23:08.153+0000][6][safepoint    ] Safepoint "Cleanup", Time since last: 1000304301 ns, Reaching safepoint: 566820 ns, At safepoint: 32213 ns, Total: 599033 ns
[2020-08-12T19:23:09.894+0000][6][safepoint    ] Safepoint "Cleanup", Time since last: 1739277152 ns, Reaching safepoint: 767443 ns, At safepoint: 130474 ns, Total: 897917 ns
[2020-08-12T19:23:10.895+0000][6][safepoint    ] Safepoint "Cleanup", Time since last: 1000321513 ns, Reaching safepoint: 1001854 ns, At safepoint: 40000 ns, Total: 1041854 ns
[2020-08-12T19:23:11.896+0000][6][safepoint    ] Safepoint "Cleanup", Time since last: 1000292401 ns, Reaching safepoint: 828355 ns, At safepoint: 44800 ns, Total: 873155 ns
[2020-08-12T19:23:12.897+0000][6][safepoint    ] Safepoint "Cleanup", Time since last: 1000345988 ns, Reaching safepoint: 697069 ns, At safepoint: 51299 ns, Total: 748368 ns
[2020-08-12T19:23:14.889+0000][6][safepoint    ] Safepoint "Cleanup", Time since last: 1991112384 ns, Reaching safepoint: 786656 ns, At safepoint: 57812 ns, Total: 844468 ns
[2020-08-12T19:23:15.890+0000][6][safepoint    ] Safepoint "Cleanup", Time since last: 1000416775 ns, Reaching safepoint: 690106 ns, At safepoint: 43100 ns, Total: 733206 ns
[2020-08-12T19:23:16.891+0000][6][safepoint    ] Safepoint "Cleanup", Time since last: 1000319213 ns, Reaching safepoint: 639945 ns, At safepoint: 45049 ns, Total: 684994 ns
[2020-08-12T19:23:17.892+0000][6][safepoint    ] Safepoint "Cleanup", Time since last: 1000302739 ns, Reaching safepoint: 428421 ns, At safepoint: 23450 ns, Total: 451871 ns
[2020-08-12T19:23:19.211+0000][6][safepoint    ] Safepoint "Cleanup", Time since last: 1317939225 ns, Reaching safepoint: 567095 ns, At safepoint: 36200 ns, Total: 603295 ns
[2020-08-12T19:23:20.212+0000][6][safepoint    ] Safepoint "Cleanup", Time since last: 1000349501 ns, Reaching safepoint: 611182 ns, At safepoint: 44549 ns, Total: 655731 ns
[2020-08-12T19:23:21.213+0000][6][safepoint    ] Safepoint "Cleanup", Time since last: 1000390401 ns, Reaching safepoint: 451096 ns, At safepoint: 75624 ns, Total: 526720 ns
[2020-08-12T19:23:22.213+0000][6][safepoint    ] Safepoint "Cleanup", Time since last: 1000276914 ns, Reaching safepoint: 456533 ns, At safepoint: 21813 ns, Total: 478346 ns
[2020-08-12T19:23:23.215+0000][6][safepoint    ] Safepoint "Cleanup", Time since last: 1000232326 ns, Reaching safepoint: 853605 ns, At safepoint: 43537 ns, Total: 897142 ns
[2020-08-12T19:23:24.892+0000][6][safepoint    ] Safepoint "Cleanup", Time since last: 1676586758 ns, Reaching safepoint: 969779 ns, At safepoint: 44687 ns, Total: 1014466 ns
[2020-08-12T19:23:25.894+0000][6][safepoint    ] Safepoint "Cleanup", Time since last: 1000347763 ns, Reaching safepoint: 1115315 ns, At safepoint: 65237 ns, Total: 1180552 ns
[2020-08-12T19:23:26.895+0000][6][safepoint    ] Safepoint "Cleanup", Time since last: 1000310039 ns, Reaching safepoint: 813280 ns, At safepoint: 44000 ns, Total: 857280 ns
[2020-08-12T19:23:27.896+0000][6][safepoint    ] Safepoint "Cleanup", Time since last: 1000376063 ns, Reaching safepoint: 1055478 ns, At safepoint: 46200 ns, Total: 1101678 ns
[2020-08-12T19:23:29.893+0000][6][safepoint    ] Safepoint "Cleanup", Time since last: 1995286548 ns, Reaching safepoint: 1758997 ns, At safepoint: 31262 ns, Total: 1790259 ns
[2020-08-12T19:23:30.895+0000][6][safepoint    ] Safepoint "Cleanup", Time since last: 1000259001 ns, Reaching safepoint: 856505 ns, At safepoint: 55687 ns, Total: 912192 ns
[2020-08-12T19:23:31.895+0000][6][safepoint    ] Safepoint "Cleanup", Time since last: 1000289776 ns, Reaching safepoint: 374685 ns, At safepoint: 15250 ns, Total: 389935 ns
[2020-08-12T19:23:32.896+0000][6][safepoint    ] Safepoint "Cleanup", Time since last: 1000208726 ns, Reaching safepoint: 662944 ns, At safepoint: 137737 ns, Total: 800681 ns
[2020-08-12T19:23:33.891+0000][6][safepoint    ] Safepoint "BulkRevokeBias", Time since last: 993115863 ns, Reaching safepoint: 430396 ns, At safepoint: 1347976 ns, Total: 1778372 ns
[2020-08-12T19:23:34.892+0000][6][safepoint    ] Safepoint "Cleanup", Time since last: 1000291764 ns, Reaching safepoint: 610944 ns, At safepoint: 32350 ns, Total: 643294 ns
[2020-08-12T19:23:35.893+0000][6][safepoint    ] Safepoint "Cleanup", Time since last: 1000237226 ns, Reaching safepoint: 533821 ns, At safepoint: 21112 ns, Total: 554933 ns
[2020-08-12T19:23:37.146+0000][6][safepoint    ] Safepoint "Cleanup", Time since last: 1252547717 ns, Reaching safepoint: 710544 ns, At safepoint: 44024 ns, Total: 754568 ns
[2020-08-12T19:23:38.147+0000][6][safepoint    ] Safepoint "Cleanup", Time since last: 1000293589 ns, Reaching safepoint: 440008 ns, At safepoint: 33938 ns, Total: 473946 ns
[2020-08-12T19:23:38.337+0000][6][safepoint    ] Safepoint "BulkRevokeBias", Time since last: 188169670 ns, Reaching safepoint: 350835 ns, At safepoint: 1539736 ns, Total: 1890571 ns
[2020-08-12T19:23:39.338+0000][6][safepoint    ] Safepoint "Cleanup", Time since last: 1000284989 ns, Reaching safepoint: 538870 ns, At safepoint: 34050 ns, Total: 572920 ns
[2020-08-12T19:23:40.339+0000][6][safepoint    ] Safepoint "Cleanup", Time since last: 1000481537 ns, Reaching safepoint: 597757 ns, At safepoint: 47762 ns, Total: 645519 ns
[2020-08-12T19:23:41.340+0000][6][safepoint    ] Safepoint "Cleanup", Time since last: 1000353513 ns, Reaching safepoint: 811418 ns, At safepoint: 12288 ns, Total: 823706 ns
[2020-08-12T19:23:42.341+0000][6][safepoint    ] Safepoint "Cleanup", Time since last: 1000216614 ns, Reaching safepoint: 896442 ns, At safepoint: 50237 ns, Total: 946679 ns
[2020-08-12T19:23:43.342+0000][6][safepoint    ] Safepoint "Cleanup", Time since last: 1000316601 ns, Reaching safepoint: 766143 ns, At safepoint: 45988 ns, Total: 812131 ns
[2020-08-12T19:23:44.896+0000][6][safepoint    ] Safepoint "Cleanup", Time since last: 1553007952 ns, Reaching safepoint: 676507 ns, At safepoint: 53574 ns, Total: 730081 ns
[2020-08-12T19:23:45.898+0000][6][safepoint    ] Safepoint "Cleanup", Time since last: 1000337713 ns, Reaching safepoint: 1133653 ns, At safepoint: 56750 ns, Total: 1190403 ns
[2020-08-12T19:23:46.899+0000][6][safepoint    ] Safepoint "Cleanup", Time since last: 1000373063 ns, Reaching safepoint: 469583 ns, At safepoint: 52637 ns, Total: 522220 ns
[2020-08-12T19:23:47.900+0000][6][safepoint    ] Safepoint "Cleanup", Time since last: 1000340663 ns, Reaching safepoint: 767131 ns, At safepoint: 56574 ns, Total: 823705 ns
[2020-08-12T19:23:49.894+0000][6][safepoint    ] Safepoint "Cleanup", Time since last: 1992932673 ns, Reaching safepoint: 854943 ns, At safepoint: 44112 ns, Total: 899055 ns
[2020-08-12T19:23:50.895+0000][6][safepoint    ] Safepoint "Cleanup", Time since last: 1000340071 ns, Reaching safepoint: 1101365 ns, At safepoint: 54613 ns, Total: 1155978 ns
[2020-08-12T19:23:51.896+0000][6][safepoint    ] Safepoint "Cleanup", Time since last: 1000323958 ns, Reaching safepoint: 979029 ns, At safepoint: 44887 ns, Total: 1023916 ns
[2020-08-12T19:23:52.898+0000][6][safepoint    ] Safepoint "Cleanup", Time since last: 1000346559 ns, Reaching safepoint: 741518 ns, At safepoint: 55387 ns, Total: 796905 ns
[2020-08-12T19:23:54.894+0000][6][safepoint    ] Safepoint "Cleanup", Time since last: 1995422175 ns, Reaching safepoint: 603982 ns, At safepoint: 44800 ns, Total: 648782 ns
[2020-08-12T19:23:55.895+0000][6][safepoint    ] Safepoint "Cleanup", Time since last: 1000388308 ns, Reaching safepoint: 939804 ns, At safepoint: 60162 ns, Total: 999966 ns
[2020-08-12T19:23:56.896+0000][6][safepoint    ] Safepoint "Cleanup", Time since last: 1000320884 ns, Reaching safepoint: 689844 ns, At safepoint: 33537 ns, Total: 723381 ns
[2020-08-12T19:23:57.897+0000][6][safepoint    ] Safepoint "Cleanup", Time since last: 1000296196 ns, Reaching safepoint: 999717 ns, At safepoint: 43399 ns, Total: 1043116 ns
[2020-08-12T19:23:59.368+0000][6][safepoint    ] Safepoint "Cleanup", Time since last: 1469552644 ns, Reaching safepoint: 647882 ns, At safepoint: 34874 ns, Total: 682756 ns
[2020-08-12T19:24:00.369+0000][6][safepoint    ] Safepoint "Cleanup", Time since last: 1000263872 ns, Reaching safepoint: 847168 ns, At safepoint: 44274 ns, Total: 891442 ns
[2020-08-12T19:24:02.293+0000][6][safepoint    ] Safepoint "Cleanup", Time since last: 1922713430 ns, Reaching safepoint: 981742 ns, At safepoint: 46224 ns, Total: 1027966 ns
[2020-08-12T19:24:03.294+0000][6][safepoint    ] Safepoint "Cleanup", Time since last: 1000387296 ns, Reaching safepoint: 632582 ns, At safepoint: 53387 ns, Total: 685969 ns
[2020-08-12T19:24:04.894+0000][6][safepoint    ] Safepoint "Cleanup", Time since last: 1599685853 ns, Reaching safepoint: 653545 ns, At safepoint: 44712 ns, Total: 698257 ns
[2020-08-12T19:24:05.895+0000][6][safepoint    ] Safepoint "Cleanup", Time since last: 1000333171 ns, Reaching safepoint: 1007128 ns, At safepoint: 54212 ns, Total: 1061340 ns
[2020-08-12T19:24:07.282+0000][6][safepoint    ] Safepoint "Cleanup", Time since last: 1385960718 ns, Reaching safepoint: 557858 ns, At safepoint: 32999 ns, Total: 590857 ns
[2020-08-12T19:24:08.283+0000][6][safepoint    ] Safepoint "Cleanup", Time since last: 1000285109 ns, Reaching safepoint: 483446 ns, At safepoint: 69462 ns, Total: 552908 ns
[2020-08-12T19:24:09.896+0000][6][safepoint    ] Safepoint "Cleanup", Time since last: 1612176433 ns, Reaching safepoint: 703894 ns, At safepoint: 54674 ns, Total: 758568 ns
[2020-08-12T19:24:10.897+0000][6][safepoint    ] Safepoint "Cleanup", Time since last: 1000399408 ns, Reaching safepoint: 1070241 ns, At safepoint: 56874 ns, Total: 1127115 ns
[2020-08-12T19:24:11.899+0000][6][safepoint    ] Safepoint "Cleanup", Time since last: 1000553870 ns, Reaching safepoint: 861155 ns, At safepoint: 44412 ns, Total: 905567 ns
[2020-08-12T19:24:12.900+0000][6][safepoint    ] Safepoint "Cleanup", Time since last: 1000383395 ns, Reaching safepoint: 879043 ns, At safepoint: 44699 ns, Total: 923742 ns
[2020-08-12T19:24:14.895+0000][6][safepoint    ] Safepoint "Cleanup", Time since last: 1994269748 ns, Reaching safepoint: 739856 ns, At safepoint: 44787 ns, Total: 784643 ns
[2020-08-12T19:24:15.897+0000][6][safepoint    ] Safepoint "Cleanup", Time since last: 1000385433 ns, Reaching safepoint: 1221852 ns, At safepoint: 52612 ns, Total: 1274464 ns
[2020-08-12T19:24:16.898+0000][6][safepoint    ] Safepoint "Cleanup", Time since last: 1000323596 ns, Reaching safepoint: 468909 ns, At safepoint: 25662 ns, Total: 494571 ns
[2020-08-12T19:24:17.898+0000][6][safepoint    ] Safepoint "Cleanup", Time since last: 1000229309 ns, Reaching safepoint: 523070 ns, At safepoint: 56438 ns, Total: 579508 ns
[2020-08-12T19:24:19.281+0000][6][safepoint    ] Safepoint "Cleanup", Time since last: 1381806616 ns, Reaching safepoint: 770843 ns, At safepoint: 46337 ns, Total: 817180 ns
[2020-08-12T19:24:20.282+0000][6][safepoint    ] Safepoint "Cleanup", Time since last: 1000347646 ns, Reaching safepoint: 638369 ns, At safepoint: 45462 ns, Total: 683831 ns
[2020-08-12T19:24:21.283+0000][6][safepoint    ] Safepoint "Cleanup", Time since last: 1000296184 ns, Reaching safepoint: 279373 ns, At safepoint: 16425 ns, Total: 295798 ns
[2020-08-12T19:24:22.284+0000][6][safepoint    ] Safepoint "Cleanup", Time since last: 1000241797 ns, Reaching safepoint: 851055 ns, At safepoint: 44149 ns, Total: 895204 ns
[2020-08-12T19:24:23.285+0000][6][safepoint    ] Safepoint "Cleanup", Time since last: 1000381383 ns, Reaching safepoint: 628045 ns, At safepoint: 34150 ns, Total: 662195 ns
[2020-08-12T19:24:24.896+0000][6][safepoint    ] Safepoint "Cleanup", Time since last: 1609981914 ns, Reaching safepoint: 831918 ns, At safepoint: 43837 ns, Total: 875755 ns
[2020-08-12T19:24:25.897+0000][6][safepoint    ] Safepoint "Cleanup", Time since last: 1000378195 ns, Reaching safepoint: 1053354 ns, At safepoint: 68524 ns, Total: 1121878 ns
[2020-08-12T19:24:26.898+0000][6][safepoint    ] Safepoint "Cleanup", Time since last: 1000352321 ns, Reaching safepoint: 598857 ns, At safepoint: 45437 ns, Total: 644294 ns
[2020-08-12T19:24:27.899+0000][6][safepoint    ] Safepoint "Cleanup", Time since last: 1000344709 ns, Reaching safepoint: 624669 ns, At safepoint: 53475 ns, Total: 678144 ns
[2020-08-12T19:24:29.899+0000][6][safepoint    ] Safepoint "Cleanup", Time since last: 1999356303 ns, Reaching safepoint: 693482 ns, At safepoint: 44474 ns, Total: 737956 ns
[2020-08-12T19:24:30.901+0000][6][safepoint    ] Safepoint "Cleanup", Time since last: 1000331246 ns, Reaching safepoint: 1099891 ns, At safepoint: 56149 ns, Total: 1156040 ns
[2020-08-12T19:24:31.902+0000][6][safepoint    ] Safepoint "Cleanup", Time since last: 1000432708 ns, Reaching safepoint: 594570 ns, At safepoint: 45299 ns, Total: 639869 ns
[2020-08-12T19:24:32.903+0000][6][safepoint    ] Safepoint "Cleanup", Time since last: 1000393108 ns, Reaching safepoint: 568446 ns, At safepoint: 32512 ns, Total: 600958 ns
[2020-08-12T19:24:34.900+0000][6][safepoint    ] Safepoint "Cleanup", Time since last: 1996244680 ns, Reaching safepoint: 606432 ns, At safepoint: 53550 ns, Total: 659982 ns
[2020-08-12T19:24:35.902+0000][6][safepoint    ] Safepoint "Cleanup", Time since last: 1001086327 ns, Reaching safepoint: 779618 ns, At safepoint: 55600 ns, Total: 835218 ns
[2020-08-12T19:24:37.623+0000][6][safepoint    ] Safepoint "Cleanup", Time since last: 1719853324 ns, Reaching safepoint: 1498175 ns, At safepoint: 41012 ns, Total: 1539187 ns
[2020-08-12T19:24:39.287+0000][6][safepoint    ] Safepoint "Cleanup", Time since last: 1662548809 ns, Reaching safepoint: 923992 ns, At safepoint: 44550 ns, Total: 968542 ns
[2020-08-12T19:24:40.288+0000][6][safepoint    ] Safepoint "Cleanup", Time since last: 1000406420 ns, Reaching safepoint: 802968 ns, At safepoint: 44262 ns, Total: 847230 ns
[2020-08-12T19:24:41.289+0000][6][safepoint    ] Safepoint "Cleanup", Time since last: 1000360858 ns, Reaching safepoint: 358660 ns, At safepoint: 16512 ns, Total: 375172 ns
[2020-08-12T19:24:42.290+0000][6][safepoint    ] Safepoint "Cleanup", Time since last: 1000243622 ns, Reaching safepoint: 739956 ns, At safepoint: 46800 ns, Total: 786756 ns
[2020-08-12T19:24:43.290+0000][6][safepoint    ] Safepoint "Cleanup", Time since last: 1000328208 ns, Reaching safepoint: 492371 ns, At safepoint: 56699 ns, Total: 549070 ns
[2020-08-12T19:24:44.898+0000][6][safepoint    ] Safepoint "Cleanup", Time since last: 1606948653 ns, Reaching safepoint: 681507 ns, At safepoint: 44724 ns, Total: 726231 ns
[2020-08-12T19:24:45.901+0000][6][safepoint    ] Safepoint "Cleanup", Time since last: 1001258213 ns, Reaching safepoint: 1214652 ns, At safepoint: 74425 ns, Total: 1289077 ns
[2020-08-12T19:24:46.902+0000][6][safepoint    ] Safepoint "Cleanup", Time since last: 1000434870 ns, Reaching safepoint: 867830 ns, At safepoint: 44949 ns, Total: 912779 ns
[2020-08-12T19:24:47.903+0000][6][safepoint    ] Safepoint "Cleanup", Time since last: 1000350334 ns, Reaching safepoint: 932267 ns, At safepoint: 58112 ns, Total: 990379 ns
[2020-08-12T19:24:48.941+0000][6][safepoint    ] Safepoint "BulkRevokeBias", Time since last: 1034977571 ns, Reaching safepoint: 825055 ns, At safepoint: 2138531 ns, Total: 2963586 ns
[2020-08-12T19:24:49.943+0000][6][safepoint    ] Safepoint "Cleanup", Time since last: 1001028315 ns, Reaching safepoint: 476646 ns, At safepoint: 30325 ns, Total: 506971 ns
[2020-08-12T19:24:50.944+0000][6][safepoint    ] Safepoint "Cleanup", Time since last: 1000308634 ns, Reaching safepoint: 999504 ns, At safepoint: 43387 ns, Total: 1042891 ns
[2020-08-12T19:24:51.945+0000][6][safepoint    ] Safepoint "Cleanup", Time since last: 1000307859 ns, Reaching safepoint: 683906 ns, At safepoint: 52512 ns, Total: 736418 ns
[2020-08-12T19:24:52.946+0000][6][safepoint    ] Safepoint "Cleanup", Time since last: 1000341133 ns, Reaching safepoint: 713607 ns, At safepoint: 53787 ns, Total: 767394 ns
[2020-08-12T19:24:54.898+0000][6][safepoint    ] Safepoint "Cleanup", Time since last: 1951219870 ns, Reaching safepoint: 861093 ns, At safepoint: 44074 ns, Total: 905167 ns
[2020-08-12T19:24:55.900+0000][6][safepoint    ] Safepoint "Cleanup", Time since last: 1000444233 ns, Reaching safepoint: 801743 ns, At safepoint: 44362 ns, Total: 846105 ns
[2020-08-12T19:24:56.901+0000][6][safepoint    ] Safepoint "Cleanup", Time since last: 1000396271 ns, Reaching safepoint: 836917 ns, At safepoint: 104512 ns, Total: 941429 ns
[2020-08-12T19:24:57.902+0000][6][safepoint    ] Safepoint "Cleanup", Time since last: 1000351446 ns, Reaching safepoint: 788018 ns, At safepoint: 44325 ns, Total: 832343 ns
[2020-08-12T19:24:59.344+0000][6][safepoint    ] Safepoint "Cleanup", Time since last: 1441287000 ns, Reaching safepoint: 613095 ns, At safepoint: 40775 ns, Total: 653870 ns
[2020-08-12T19:25:00.345+0000][6][safepoint    ] Safepoint "Cleanup", Time since last: 1000298383 ns, Reaching safepoint: 760031 ns, At safepoint: 53837 ns, Total: 813868 ns
[2020-08-12T19:25:01.346+0000][6][safepoint    ] Safepoint "Cleanup", Time since last: 1000301659 ns, Reaching safepoint: 393647 ns, At safepoint: 26287 ns, Total: 419934 ns
[2020-08-12T19:25:02.347+0000][6][safepoint    ] Safepoint "Cleanup", Time since last: 1000257822 ns, Reaching safepoint: 671406 ns, At safepoint: 55237 ns, Total: 726643 ns
[2020-08-12T19:25:03.348+0000][6][safepoint    ] Safepoint "Cleanup", Time since last: 1000340109 ns, Reaching safepoint: 814455 ns, At safepoint: 44700 ns, Total: 859155 ns
[2020-08-12T19:25:04.899+0000][6][safepoint    ] Safepoint "Cleanup", Time since last: 1549593137 ns, Reaching safepoint: 651220 ns, At safepoint: 43937 ns, Total: 695157 ns
[2020-08-12T19:25:05.900+0000][6][safepoint    ] Safepoint "Cleanup", Time since last: 1000393308 ns, Reaching safepoint: 584370 ns, At safepoint: 45287 ns, Total: 629657 ns
[2020-08-12T19:25:07.300+0000][6][safepoint    ] Safepoint "Cleanup", Time since last: 1399596137 ns, Reaching safepoint: 918979 ns, At safepoint: 44212 ns, Total: 963191 ns
[2020-08-12T19:25:08.314+0000][6][safepoint    ] Safepoint "Cleanup", Time since last: 1000294897 ns, Reaching safepoint: 13209848 ns, At safepoint: 29237 ns, Total: 13239085 ns
[2020-08-12T19:25:09.900+0000][6][safepoint    ] Safepoint "Cleanup", Time since last: 1585804286 ns, Reaching safepoint: 713482 ns, At safepoint: 33987 ns, Total: 747469 ns
[2020-08-12T19:25:10.901+0000][6][safepoint    ] Safepoint "Cleanup", Time since last: 1000282896 ns, Reaching safepoint: 703607 ns, At safepoint: 34962 ns, Total: 738569 ns
[2020-08-12T19:25:11.902+0000][6][safepoint    ] Safepoint "Cleanup", Time since last: 1000337883 ns, Reaching safepoint: 657444 ns, At safepoint: 44763 ns, Total: 702207 ns
[2020-08-12T19:25:12.904+0000][6][safepoint    ] Safepoint "Cleanup", Time since last: 1000337496 ns, Reaching safepoint: 853030 ns, At safepoint: 125836 ns, Total: 978866 ns
[2020-08-12T19:25:14.901+0000][6][safepoint    ] Safepoint "Cleanup", Time since last: 1996615440 ns, Reaching safepoint: 541995 ns, At safepoint: 45550 ns, Total: 587545 ns
[2020-08-12T19:25:15.902+0000][6][safepoint    ] Safepoint "Cleanup", Time since last: 1000402357 ns, Reaching safepoint: 611083 ns, At safepoint: 45074 ns, Total: 656157 ns
[2020-08-12T19:25:16.903+0000][6][safepoint    ] Safepoint "Cleanup", Time since last: 1000404896 ns, Reaching safepoint: 593082 ns, At safepoint: 91474 ns, Total: 684556 ns
[2020-08-12T19:25:17.904+0000][6][safepoint    ] Safepoint "Cleanup", Time since last: 1000344071 ns, Reaching safepoint: 937730 ns, At safepoint: 44674 ns, Total: 982404 ns
[2020-08-12T19:25:19.349+0000][6][safepoint    ] Safepoint "Cleanup", Time since last: 1444118452 ns, Reaching safepoint: 745118 ns, At safepoint: 44987 ns, Total: 790105 ns
[2020-08-12T19:25:20.350+0000][6][safepoint    ] Safepoint "Cleanup", Time since last: 1000343196 ns, Reaching safepoint: 664482 ns, At safepoint: 44987 ns, Total: 709469 ns
[2020-08-12T19:25:21.351+0000][6][safepoint    ] Safepoint "Cleanup", Time since last: 1000343471 ns, Reaching safepoint: 610669 ns, At safepoint: 44838 ns, Total: 655507 ns
[2020-08-12T19:25:22.352+0000][6][safepoint    ] Safepoint "Cleanup", Time since last: 1000342133 ns, Reaching safepoint: 880342 ns, At safepoint: 44263 ns, Total: 924605 ns
[2020-08-12T19:25:23.354+0000][6][safepoint    ] Safepoint "Cleanup", Time since last: 1000340521 ns, Reaching safepoint: 671494 ns, At safepoint: 52987 ns, Total: 724481 ns
[2020-08-12T19:25:24.902+0000][6][safepoint    ] Safepoint "Cleanup", Time since last: 1548037725 ns, Reaching safepoint: 700757 ns, At safepoint: 46137 ns, Total: 746894 ns
[2020-08-12T19:25:25.903+0000][6][safepoint    ] Safepoint "Cleanup", Time since last: 1000350159 ns, Reaching safepoint: 641407 ns, At safepoint: 45024 ns, Total: 686431 ns
[2020-08-12T19:25:26.904+0000][6][safepoint    ] Safepoint "Cleanup", Time since last: 1000287084 ns, Reaching safepoint: 368584 ns, At safepoint: 12075 ns, Total: 380659 ns
[2020-08-12T19:25:27.905+0000][6][safepoint    ] Safepoint "Cleanup", Time since last: 1000235084 ns, Reaching safepoint: 1083779 ns, At safepoint: 45562 ns, Total: 1129341 ns
[2020-08-12T19:25:28.906+0000][6][safepoint    ] Safepoint "BulkRevokeBias", Time since last: 996943037 ns, Reaching safepoint: 584958 ns, At safepoint: 2593802 ns, Total: 3178760 ns
[2020-08-12T19:25:29.906+0000][6][safepoint    ] Safepoint "Cleanup", Time since last: 1000415433 ns, Reaching safepoint: 513496 ns, At safepoint: 45874 ns, Total: 559370 ns
[2020-08-12T19:25:30.908+0000][6][safepoint    ] Safepoint "Cleanup", Time since last: 1000451483 ns, Reaching safepoint: 599807 ns, At safepoint: 52238 ns, Total: 652045 ns
[2020-08-12T19:25:31.909+0000][6][safepoint    ] Safepoint "Cleanup", Time since last: 1000373257 ns, Reaching safepoint: 670345 ns, At safepoint: 56199 ns, Total: 726544 ns
[2020-08-12T19:25:32.910+0000][6][safepoint    ] Safepoint "Cleanup", Time since last: 1000392558 ns, Reaching safepoint: 445859 ns, At safepoint: 34099 ns, Total: 479958 ns
[2020-08-12T19:25:34.901+0000][6][safepoint    ] Safepoint "Cleanup", Time since last: 1991123525 ns, Reaching safepoint: 305022 ns, At safepoint: 12188 ns, Total: 317210 ns
[2020-08-12T19:25:35.902+0000][6][safepoint    ] Safepoint "Cleanup", Time since last: 1000190072 ns, Reaching safepoint: 407772 ns, At safepoint: 20637 ns, Total: 428409 ns
[2020-08-12T19:25:37.237+0000][6][safepoint    ] Safepoint "Cleanup", Time since last: 1334311290 ns, Reaching safepoint: 792568 ns, At safepoint: 43862 ns, Total: 836430 ns
[2020-08-12T19:25:38.238+0000][6][safepoint    ] Safepoint "Cleanup", Time since last: 1000342709 ns, Reaching safepoint: 705656 ns, At safepoint: 27600 ns, Total: 733256 ns
[2020-08-12T19:25:39.332+0000][6][safepoint    ] Safepoint "Cleanup", Time since last: 1092961481 ns, Reaching safepoint: 892267 ns, At safepoint: 44075 ns, Total: 936342 ns
[2020-08-12T19:25:40.333+0000][6][safepoint    ] Safepoint "Cleanup", Time since last: 1000388083 ns, Reaching safepoint: 872380 ns, At safepoint: 45499 ns, Total: 917879 ns
[2020-08-12T19:25:41.334+0000][6][safepoint    ] Safepoint "Cleanup", Time since last: 1000352096 ns, Reaching safepoint: 422834 ns, At safepoint: 94174 ns, Total: 517008 ns
[2020-08-12T19:25:42.335+0000][6][safepoint    ] Safepoint "Cleanup", Time since last: 1000348071 ns, Reaching safepoint: 670769 ns, At safepoint: 46475 ns, Total: 717244 ns
[2020-08-12T19:25:43.336+0000][6][safepoint    ] Safepoint "Cleanup", Time since last: 1000423407 ns, Reaching safepoint: 832018 ns, At safepoint: 46275 ns, Total: 878293 ns
[2020-08-12T19:25:44.904+0000][6][safepoint    ] Safepoint "Cleanup", Time since last: 1566501778 ns, Reaching safepoint: 884030 ns, At safepoint: 44325 ns, Total: 928355 ns
[2020-08-12T19:25:45.905+0000][6][safepoint    ] Safepoint "Cleanup", Time since last: 1000441370 ns, Reaching safepoint: 879380 ns, At safepoint: 44687 ns, Total: 924067 ns
[2020-08-12T19:25:46.906+0000][6][safepoint    ] Safepoint "Cleanup", Time since last: 1000343721 ns, Reaching safepoint: 708718 ns, At safepoint: 44438 ns, Total: 753156 ns
[2020-08-12T19:25:47.907+0000][6][safepoint    ] Safepoint "Cleanup", Time since last: 1000364858 ns, Reaching safepoint: 669819 ns, At safepoint: 44837 ns, Total: 714656 ns
[2020-08-12T19:25:48.294+0000][6][gc,start     ] GC(24) Pause Young (Normal) (G1 Evacuation Pause)
[2020-08-12T19:25:48.294+0000][6][gc,task      ] GC(24) Using 2 workers of 2 for evacuation
[2020-08-12T19:25:48.294+0000][6][gc,age       ] GC(24) Desired survivor size 40370176 bytes, new threshold 15 (max threshold 15)
[2020-08-12T19:25:48.305+0000][6][gc,age       ] GC(24) Age table with threshold 15 (max threshold 15)
[2020-08-12T19:25:48.305+0000][6][gc,age       ] GC(24) - age   1:     333272 bytes,     333272 total
[2020-08-12T19:25:48.305+0000][6][gc,age       ] GC(24) - age   2:     285176 bytes,     618448 total
[2020-08-12T19:25:48.305+0000][6][gc,age       ] GC(24) - age   3:      14080 bytes,     632528 total
[2020-08-12T19:25:48.305+0000][6][gc,phases    ] GC(24)   Pre Evacuate Collection Set: 0.4ms
[2020-08-12T19:25:48.305+0000][6][gc,phases    ] GC(24)   Merge Heap Roots: 0.3ms
[2020-08-12T19:25:48.305+0000][6][gc,phases    ] GC(24)   Evacuate Collection Set: 6.5ms
[2020-08-12T19:25:48.305+0000][6][gc,phases    ] GC(24)   Post Evacuate Collection Set: 2.9ms
[2020-08-12T19:25:48.305+0000][6][gc,phases    ] GC(24)   Other: 0.8ms
[2020-08-12T19:25:48.305+0000][6][gc,heap      ] GC(24) Eden regions: 613->0(613)
[2020-08-12T19:25:48.305+0000][6][gc,heap      ] GC(24) Survivor regions: 1->1(77)
[2020-08-12T19:25:48.305+0000][6][gc,heap      ] GC(24) Old regions: 81->81
[2020-08-12T19:25:48.305+0000][6][gc,heap      ] GC(24) Archive regions: 2->2
[2020-08-12T19:25:48.305+0000][6][gc,heap      ] GC(24) Humongous regions: 7->7
[2020-08-12T19:25:48.305+0000][6][gc,metaspace ] GC(24) Metaspace: 95542K(103124K)->95542K(103124K) NonClass: 82992K(87552K)->82992K(87552K) Class: 12549K(15572K)->12549K(15572K)
[2020-08-12T19:25:48.305+0000][6][gc           ] GC(24) Pause Young (Normal) (G1 Evacuation Pause) 702M->89M(1024M) 11.158ms
[2020-08-12T19:25:48.305+0000][6][gc,cpu       ] GC(24) User=0.01s Sys=0.01s Real=0.01s
[2020-08-12T19:25:48.306+0000][6][safepoint    ] Safepoint "G1CollectForAllocation", Time since last: 386491652 ns, Reaching safepoint: 447583 ns, At safepoint: 11390839 ns, Total: 11838422 ns
[2020-08-12T19:25:49.906+0000][6][safepoint    ] Safepoint "Cleanup", Time since last: 1600089388 ns, Reaching safepoint: 592982 ns, At safepoint: 46300 ns, Total: 639282 ns
[2020-08-12T19:25:50.907+0000][6][safepoint    ] Safepoint "Cleanup", Time since last: 1000346220 ns, Reaching safepoint: 629757 ns, At safepoint: 44513 ns, Total: 674270 ns
[2020-08-12T19:25:51.908+0000][6][safepoint    ] Safepoint "Cleanup", Time since last: 1000354170 ns, Reaching safepoint: 699757 ns, At safepoint: 52824 ns, Total: 752581 ns
[2020-08-12T19:25:52.910+0000][6][safepoint    ] Safepoint "Cleanup", Time since last: 1000330421 ns, Reaching safepoint: 756619 ns, At safepoint: 38412 ns, Total: 795031 ns
[2020-08-12T19:25:54.907+0000][6][safepoint    ] Safepoint "Cleanup", Time since last: 1997025824 ns, Reaching safepoint: 750181 ns, At safepoint: 46037 ns, Total: 796218 ns
[2020-08-12T19:25:55.909+0000][6][safepoint    ] Safepoint "Cleanup", Time since last: 1000334921 ns, Reaching safepoint: 781580 ns, At safepoint: 54537 ns, Total: 836117 ns
[2020-08-12T19:25:56.910+0000][6][safepoint    ] Safepoint "Cleanup", Time since last: 1000393708 ns, Reaching safepoint: 593658 ns, At safepoint: 53274 ns, Total: 646932 ns
[2020-08-12T19:25:57.910+0000][6][safepoint    ] Safepoint "Cleanup", Time since last: 1000294347 ns, Reaching safepoint: 333572 ns, At safepoint: 15225 ns, Total: 348797 ns
[2020-08-12T19:25:59.356+0000][6][safepoint    ] Safepoint "Cleanup", Time since last: 1445355878 ns, Reaching safepoint: 658281 ns, At safepoint: 39313 ns, Total: 697594 ns
[2020-08-12T19:26:00.357+0000][6][safepoint    ] Safepoint "Cleanup", Time since last: 1000330596 ns, Reaching safepoint: 638644 ns, At safepoint: 45000 ns, Total: 683644 ns
[2020-08-12T19:26:01.358+0000][6][safepoint    ] Safepoint "Cleanup", Time since last: 1000299746 ns, Reaching safepoint: 434134 ns, At safepoint: 55562 ns, Total: 489696 ns
[2020-08-12T19:26:02.359+0000][6][safepoint    ] Safepoint "Cleanup", Time since last: 1000343646 ns, Reaching safepoint: 864780 ns, At safepoint: 44049 ns, Total: 908829 ns
[2020-08-12T19:26:03.360+0000][6][safepoint    ] Safepoint "Cleanup", Time since last: 1000340309 ns, Reaching safepoint: 627419 ns, At safepoint: 44925 ns, Total: 672344 ns
[2020-08-12T19:26:04.936+0000][6][safepoint    ] Safepoint "Cleanup", Time since last: 1574995530 ns, Reaching safepoint: 912404 ns, At safepoint: 44500 ns, Total: 956904 ns
[2020-08-12T19:26:05.937+0000][6][safepoint    ] Safepoint "Cleanup", Time since last: 1000340208 ns, Reaching safepoint: 730194 ns, At safepoint: 52675 ns, Total: 782869 ns
[2020-08-12T19:26:07.477+0000][6][safepoint    ] Safepoint "Cleanup", Time since last: 1539024891 ns, Reaching safepoint: 688869 ns, At safepoint: 45925 ns, Total: 734794 ns
[2020-08-12T19:26:08.906+0000][6][safepoint    ] Safepoint "Cleanup", Time since last: 1428343700 ns, Reaching safepoint: 476308 ns, At safepoint: 22588 ns, Total: 498896 ns
[2020-08-12T19:26:09.908+0000][6][safepoint    ] Safepoint "Cleanup", Time since last: 1000881316 ns, Reaching safepoint: 598195 ns, At safepoint: 47162 ns, Total: 645357 ns
[2020-08-12T19:26:10.909+0000][6][safepoint    ] Safepoint "Cleanup", Time since last: 1000349021 ns, Reaching safepoint: 755131 ns, At safepoint: 44924 ns, Total: 800055 ns
[2020-08-12T19:26:11.910+0000][6][safepoint    ] Safepoint "Cleanup", Time since last: 1000447658 ns, Reaching safepoint: 889993 ns, At safepoint: 44112 ns, Total: 934105 ns
[2020-08-12T19:26:12.911+0000][6][safepoint    ] Safepoint "Cleanup", Time since last: 1000350083 ns, Reaching safepoint: 853955 ns, At safepoint: 44387 ns, Total: 898342 ns
[2020-08-12T19:26:14.909+0000][6][safepoint    ] Safepoint "Cleanup", Time since last: 1996999186 ns, Reaching safepoint: 877417 ns, At safepoint: 45438 ns, Total: 922855 ns
[2020-08-12T19:26:15.911+0000][6][safepoint    ] Safepoint "Cleanup", Time since last: 1000356795 ns, Reaching safepoint: 931167 ns, At safepoint: 44150 ns, Total: 975317 ns
[2020-08-12T19:26:16.912+0000][6][safepoint    ] Safepoint "Cleanup", Time since last: 1000348308 ns, Reaching safepoint: 807393 ns, At safepoint: 43763 ns, Total: 851156 ns
[2020-08-12T19:26:17.913+0000][6][safepoint    ] Safepoint "Cleanup", Time since last: 1000469344 ns, Reaching safepoint: 862568 ns, At safepoint: 46437 ns, Total: 909005 ns
[2020-08-12T19:26:19.298+0000][6][safepoint    ] Safepoint "Cleanup", Time since last: 1383957085 ns, Reaching safepoint: 368334 ns, At safepoint: 18400 ns, Total: 386734 ns
[2020-08-12T19:26:20.299+0000][6][safepoint    ] Safepoint "Cleanup", Time since last: 1000251209 ns, Reaching safepoint: 719194 ns, At safepoint: 51949 ns, Total: 771143 ns
[2020-08-12T19:26:21.300+0000][6][safepoint    ] Safepoint "Cleanup", Time since last: 1000277859 ns, Reaching safepoint: 649882 ns, At safepoint: 26550 ns, Total: 676432 ns
[2020-08-12T19:26:22.300+0000][6][safepoint    ] Safepoint "Cleanup", Time since last: 1000245372 ns, Reaching safepoint: 692669 ns, At safepoint: 39487 ns, Total: 732156 ns
[2020-08-12T19:26:23.302+0000][6][safepoint    ] Safepoint "Cleanup", Time since last: 1000341121 ns, Reaching safepoint: 942204 ns, At safepoint: 44887 ns, Total: 987091 ns
[2020-08-12T19:26:24.907+0000][6][safepoint    ] Safepoint "Cleanup", Time since last: 1604585749 ns, Reaching safepoint: 966979 ns, At safepoint: 46800 ns, Total: 1013779 ns
[2020-08-12T19:26:25.908+0000][6][safepoint    ] Safepoint "Cleanup", Time since last: 1000312459 ns, Reaching safepoint: 563682 ns, At safepoint: 34225 ns, Total: 597907 ns
[2020-08-12T19:26:26.909+0000][6][safepoint    ] Safepoint "Cleanup", Time since last: 1000272246 ns, Reaching safepoint: 534808 ns, At safepoint: 23425 ns, Total: 558233 ns
[2020-08-12T19:26:27.910+0000][6][safepoint    ] Safepoint "Cleanup", Time since last: 1000281071 ns, Reaching safepoint: 814006 ns, At safepoint: 46374 ns, Total: 860380 ns
[2020-08-12T19:26:29.908+0000][6][safepoint    ] Safepoint "Cleanup", Time since last: 1996980924 ns, Reaching safepoint: 720681 ns, At safepoint: 48000 ns, Total: 768681 ns
[2020-08-12T19:26:31.106+0000][6][safepoint    ] Safepoint "Cleanup", Time since last: 1196614908 ns, Reaching safepoint: 1323714 ns, At safepoint: 55949 ns, Total: 1379663 ns
[2020-08-12T19:26:32.107+0000][6][safepoint    ] Safepoint "Cleanup", Time since last: 1000358071 ns, Reaching safepoint: 825918 ns, At safepoint: 46049 ns, Total: 871967 ns
[2020-08-12T19:26:33.108+0000][6][safepoint    ] Safepoint "Cleanup", Time since last: 1000354759 ns, Reaching safepoint: 686719 ns, At safepoint: 44362 ns, Total: 731081 ns
[2020-08-12T19:26:34.908+0000][6][safepoint    ] Safepoint "Cleanup", Time since last: 1798914427 ns, Reaching safepoint: 841856 ns, At safepoint: 44687 ns, Total: 886543 ns
[2020-08-12T19:26:35.909+0000][6][safepoint    ] Safepoint "Cleanup", Time since last: 1000341383 ns, Reaching safepoint: 861818 ns, At safepoint: 44637 ns, Total: 906455 ns
[2020-08-12T19:26:37.412+0000][6][safepoint    ] Safepoint "Cleanup", Time since last: 1502683981 ns, Reaching safepoint: 389996 ns, At safepoint: 18213 ns, Total: 408209 ns
[2020-08-12T19:26:39.372+0000][6][safepoint    ] Safepoint "Cleanup", Time since last: 1958501357 ns, Reaching safepoint: 718144 ns, At safepoint: 53699 ns, Total: 771843 ns
[2020-08-12T19:26:40.373+0000][6][safepoint    ] Safepoint "Cleanup", Time since last: 1000445921 ns, Reaching safepoint: 859892 ns, At safepoint: 44550 ns, Total: 904442 ns
[2020-08-12T19:26:41.374+0000][6][safepoint    ] Safepoint "Cleanup", Time since last: 1000296809 ns, Reaching safepoint: 321909 ns, At safepoint: 17063 ns, Total: 338972 ns
[2020-08-12T19:26:42.375+0000][6][safepoint    ] Safepoint "Cleanup", Time since last: 1000222484 ns, Reaching safepoint: 511346 ns, At safepoint: 44187 ns, Total: 555533 ns
[2020-08-12T19:26:43.376+0000][6][safepoint    ] Safepoint "Cleanup", Time since last: 1000395745 ns, Reaching safepoint: 633457 ns, At safepoint: 44287 ns, Total: 677744 ns
[2020-08-12T19:26:44.909+0000][6][safepoint    ] Safepoint "Cleanup", Time since last: 1532881907 ns, Reaching safepoint: 578145 ns, At safepoint: 30950 ns, Total: 609095 ns
[2020-08-12T19:26:45.910+0000][6][safepoint    ] Safepoint "Cleanup", Time since last: 1000298184 ns, Reaching safepoint: 819018 ns, At safepoint: 56912 ns, Total: 875930 ns
[2020-08-12T19:26:46.911+0000][6][safepoint    ] Safepoint "Cleanup", Time since last: 1000340771 ns, Reaching safepoint: 648369 ns, At safepoint: 45850 ns, Total: 694219 ns
[2020-08-12T19:26:47.912+0000][6][safepoint    ] Safepoint "Cleanup", Time since last: 1000340183 ns, Reaching safepoint: 737381 ns, At safepoint: 44338 ns, Total: 781719 ns
[2020-08-12T19:26:49.911+0000][6][safepoint    ] Safepoint "Cleanup", Time since last: 1998111576 ns, Reaching safepoint: 668607 ns, At safepoint: 44600 ns, Total: 713207 ns
[2020-08-12T19:26:50.912+0000][6][safepoint    ] Safepoint "Cleanup", Time since last: 1000336258 ns, Reaching safepoint: 686594 ns, At safepoint: 52062 ns, Total: 738656 ns
[2020-08-12T19:26:51.913+0000][6][safepoint    ] Safepoint "Cleanup", Time since last: 1000339321 ns, Reaching safepoint: 552408 ns, At safepoint: 44199 ns, Total: 596607 ns
[2020-08-12T19:26:52.914+0000][6][safepoint    ] Safepoint "Cleanup", Time since last: 1000349084 ns, Reaching safepoint: 682781 ns, At safepoint: 44262 ns, Total: 727043 ns
[2020-08-12T19:26:54.909+0000][6][safepoint    ] Safepoint "Cleanup", Time since last: 1994098212 ns, Reaching safepoint: 665481 ns, At safepoint: 44913 ns, Total: 710394 ns
[2020-08-12T19:26:55.910+0000][6][safepoint    ] Safepoint "Cleanup", Time since last: 1000341621 ns, Reaching safepoint: 686306 ns, At safepoint: 52262 ns, Total: 738568 ns
[2020-08-12T19:26:56.911+0000][6][safepoint    ] Safepoint "Cleanup", Time since last: 1000348133 ns, Reaching safepoint: 652870 ns, At safepoint: 45524 ns, Total: 698394 ns
[2020-08-12T19:26:57.912+0000][6][safepoint    ] Safepoint "Cleanup", Time since last: 1000344046 ns, Reaching safepoint: 625832 ns, At safepoint: 44700 ns, Total: 670532 ns
[2020-08-12T19:26:59.415+0000][6][safepoint    ] Safepoint "Cleanup", Time since last: 1501774652 ns, Reaching safepoint: 889480 ns, At safepoint: 45512 ns, Total: 934992 ns
[2020-08-12T19:27:00.417+0000][6][safepoint    ] Safepoint "Cleanup", Time since last: 1000344071 ns, Reaching safepoint: 1196289 ns, At safepoint: 70050 ns, Total: 1266339 ns
[2020-08-12T19:27:02.318+0000][6][safepoint    ] Safepoint "Cleanup", Time since last: 1900508747 ns, Reaching safepoint: 560145 ns, At safepoint: 30275 ns, Total: 590420 ns
[2020-08-12T19:27:03.319+0000][6][safepoint    ] Safepoint "Cleanup", Time since last: 1000324896 ns, Reaching safepoint: 898267 ns, At safepoint: 45675 ns, Total: 943942 ns
[2020-08-12T19:27:04.911+0000][6][safepoint    ] Safepoint "Cleanup", Time since last: 1591739059 ns, Reaching safepoint: 678832 ns, At safepoint: 44675 ns, Total: 723507 ns
[2020-08-12T19:27:05.913+0000][6][safepoint    ] Safepoint "Cleanup", Time since last: 1000344808 ns, Reaching safepoint: 881292 ns, At safepoint: 43925 ns, Total: 925217 ns
[2020-08-12T19:27:07.396+0000][6][safepoint    ] Safepoint "Cleanup", Time since last: 1482415745 ns, Reaching safepoint: 875205 ns, At safepoint: 68949 ns, Total: 944154 ns
[2020-08-12T19:27:08.398+0000][6][safepoint    ] Safepoint "Cleanup", Time since last: 1000869041 ns, Reaching safepoint: 1096016 ns, At safepoint: 32312 ns, Total: 1128328 ns
[2020-08-12T19:27:09.914+0000][6][safepoint    ] Safepoint "Cleanup", Time since last: 1515193373 ns, Reaching safepoint: 700106 ns, At safepoint: 45250 ns, Total: 745356 ns
[2020-08-12T19:27:10.915+0000][6][safepoint    ] Safepoint "Cleanup", Time since last: 1000346958 ns, Reaching safepoint: 799368 ns, At safepoint: 45825 ns, Total: 845193 ns
[2020-08-12T19:27:11.917+0000][6][safepoint    ] Safepoint "Cleanup", Time since last: 1000458295 ns, Reaching safepoint: 1620986 ns, At safepoint: 44137 ns, Total: 1665123 ns
[2020-08-12T19:27:12.919+0000][6][safepoint    ] Safepoint "Cleanup", Time since last: 1000355946 ns, Reaching safepoint: 876517 ns, At safepoint: 45000 ns, Total: 921517 ns
[2020-08-12T19:27:13.912+0000][6][safepoint    ] Safepoint "BulkRevokeBias", Time since last: 992381590 ns, Reaching safepoint: 422433 ns, At safepoint: 1081291 ns, Total: 1503724 ns
[2020-08-12T19:27:14.914+0000][6][safepoint    ] Safepoint "Cleanup", Time since last: 1000468082 ns, Reaching safepoint: 951792 ns, At safepoint: 47025 ns, Total: 998817 ns
[2020-08-12T19:27:15.915+0000][6][safepoint    ] Safepoint "Cleanup", Time since last: 1000359058 ns, Reaching safepoint: 632095 ns, At safepoint: 46574 ns, Total: 678669 ns
[2020-08-12T19:27:16.916+0000][6][safepoint    ] Safepoint "Cleanup", Time since last: 1000351821 ns, Reaching safepoint: 813293 ns, At safepoint: 45812 ns, Total: 859105 ns
[2020-08-12T19:27:17.917+0000][6][safepoint    ] Safepoint "Cleanup", Time since last: 1000339608 ns, Reaching safepoint: 906580 ns, At safepoint: 45812 ns, Total: 952392 ns
[2020-08-12T19:27:18.292+0000][6][safepoint    ] Safepoint "BulkRevokeBias", Time since last: 371122710 ns, Reaching safepoint: 343347 ns, At safepoint: 2791901 ns, Total: 3135248 ns
[2020-08-12T19:27:19.292+0000][6][safepoint    ] Safepoint "Cleanup", Time since last: 1000288246 ns, Reaching safepoint: 351897 ns, At safepoint: 20125 ns, Total: 372022 ns
[2020-08-12T19:27:20.293+0000][6][safepoint    ] Safepoint "Cleanup", Time since last: 1000258384 ns, Reaching safepoint: 653657 ns, At safepoint: 52749 ns, Total: 706406 ns
[2020-08-12T19:27:21.294+0000][6][safepoint    ] Safepoint "Cleanup", Time since last: 1000377059 ns, Reaching safepoint: 582532 ns, At safepoint: 55600 ns, Total: 638132 ns
[2020-08-12T19:27:22.295+0000][6][safepoint    ] Safepoint "Cleanup", Time since last: 1000321208 ns, Reaching safepoint: 645682 ns, At safepoint: 53925 ns, Total: 699607 ns
[2020-08-12T19:27:23.296+0000][6][safepoint    ] Safepoint "Cleanup", Time since last: 1000352733 ns, Reaching safepoint: 681794 ns, At safepoint: 45275 ns, Total: 727069 ns
[2020-08-12T19:27:24.913+0000][6][safepoint    ] Safepoint "Cleanup", Time since last: 1615983562 ns, Reaching safepoint: 940929 ns, At safepoint: 46987 ns, Total: 987916 ns
[2020-08-12T19:27:25.915+0000][6][safepoint    ] Safepoint "Cleanup", Time since last: 1000342434 ns, Reaching safepoint: 894904 ns, At safepoint: 69712 ns, Total: 964616 ns
[2020-08-12T19:27:26.916+0000][6][safepoint    ] Safepoint "Cleanup", Time since last: 1000411996 ns, Reaching safepoint: 631619 ns, At safepoint: 92375 ns, Total: 723994 ns
[2020-08-12T19:27:27.917+0000][6][safepoint    ] Safepoint "Cleanup", Time since last: 1000344733 ns, Reaching safepoint: 589057 ns, At safepoint: 105462 ns, Total: 694519 ns
[2020-08-12T19:27:28.914+0000][6][safepoint    ] Safepoint "BulkRevokeBias", Time since last: 994787794 ns, Reaching safepoint: 561907 ns, At safepoint: 1346601 ns, Total: 1908508 ns
[2020-08-12T19:27:29.915+0000][6][safepoint    ] Safepoint "Cleanup", Time since last: 1001058715 ns, Reaching safepoint: 615807 ns, At safepoint: 44050 ns, Total: 659857 ns
[2020-08-12T19:27:30.917+0000][6][safepoint    ] Safepoint "Cleanup", Time since last: 1000315321 ns, Reaching safepoint: 966254 ns, At safepoint: 60362 ns, Total: 1026616 ns
[2020-08-12T19:27:31.918+0000][6][safepoint    ] Safepoint "Cleanup", Time since last: 1000397295 ns, Reaching safepoint: 694632 ns, At safepoint: 54662 ns, Total: 749294 ns
[2020-08-12T19:27:32.919+0000][6][safepoint    ] Safepoint "Cleanup", Time since last: 1000475332 ns, Reaching safepoint: 489346 ns, At safepoint: 94824 ns, Total: 584170 ns
[2020-08-12T19:27:34.911+0000][6][safepoint    ] Safepoint "Cleanup", Time since last: 1991998992 ns, Reaching safepoint: 359010 ns, At safepoint: 59987 ns, Total: 418997 ns
[2020-08-12T19:27:35.912+0000][6][safepoint    ] Safepoint "Cleanup", Time since last: 1000312921 ns, Reaching safepoint: 535133 ns, At safepoint: 23912 ns, Total: 559045 ns
[2020-08-12T19:27:36.302+0000][6][safepoint    ] Safepoint "BulkRevokeBias", Time since last: 388647320 ns, Reaching safepoint: 395884 ns, At safepoint: 1022617 ns, Total: 1418501 ns
[2020-08-12T19:27:37.316+0000][6][safepoint    ] Safepoint "Cleanup", Time since last: 1013128947 ns, Reaching safepoint: 823918 ns, At safepoint: 46937 ns, Total: 870855 ns
[2020-08-12T19:27:38.317+0000][6][safepoint    ] Safepoint "Cleanup", Time since last: 1000336459 ns, Reaching safepoint: 735043 ns, At safepoint: 52262 ns, Total: 787305 ns
[2020-08-12T19:27:39.339+0000][6][safepoint    ] Safepoint "Cleanup", Time since last: 1021654999 ns, Reaching safepoint: 347922 ns, At safepoint: 35900 ns, Total: 383822 ns
[2020-08-12T19:27:40.340+0000][6][safepoint    ] Safepoint "Cleanup", Time since last: 1000261971 ns, Reaching safepoint: 628920 ns, At safepoint: 44150 ns, Total: 673070 ns
[2020-08-12T19:27:41.341+0000][6][safepoint    ] Safepoint "Cleanup", Time since last: 1000278021 ns, Reaching safepoint: 415871 ns, At safepoint: 15175 ns, Total: 431046 ns
[2020-08-12T19:27:42.342+0000][6][safepoint    ] Safepoint "Cleanup", Time since last: 1000180473 ns, Reaching safepoint: 345222 ns, At safepoint: 59612 ns, Total: 404834 ns
[2020-08-12T19:27:43.342+0000][6][safepoint    ] Safepoint "Cleanup", Time since last: 1000365495 ns, Reaching safepoint: 401222 ns, At safepoint: 38537 ns, Total: 439759 ns
[2020-08-12T19:27:44.918+0000][6][safepoint    ] Safepoint "Cleanup", Time since last: 1574582084 ns, Reaching safepoint: 800443 ns, At safepoint: 125474 ns, Total: 925917 ns
[2020-08-12T19:27:45.919+0000][6][safepoint    ] Safepoint "Cleanup", Time since last: 1000367508 ns, Reaching safepoint: 848755 ns, At safepoint: 44212 ns, Total: 892967 ns
[2020-08-12T19:27:46.921+0000][6][safepoint    ] Safepoint "Cleanup", Time since last: 1000342984 ns, Reaching safepoint: 920917 ns, At safepoint: 44474 ns, Total: 965391 ns
[2020-08-12T19:27:47.922+0000][6][safepoint    ] Safepoint "Cleanup", Time since last: 1000310571 ns, Reaching safepoint: 665819 ns, At safepoint: 27800 ns, Total: 693619 ns
[2020-08-12T19:27:49.914+0000][6][safepoint    ] Safepoint "Cleanup", Time since last: 1992180278 ns, Reaching safepoint: 678119 ns, At safepoint: 52250 ns, Total: 730369 ns
[2020-08-12T19:27:50.915+0000][6][safepoint    ] Safepoint "Cleanup", Time since last: 1000341533 ns, Reaching safepoint: 650095 ns, At safepoint: 45124 ns, Total: 695219 ns
[2020-08-12T19:27:51.917+0000][6][safepoint    ] Safepoint "Cleanup", Time since last: 1000342809 ns, Reaching safepoint: 624845 ns, At safepoint: 44787 ns, Total: 669632 ns
[2020-08-12T19:27:52.918+0000][6][safepoint    ] Safepoint "Cleanup", Time since last: 1000345395 ns, Reaching safepoint: 901542 ns, At safepoint: 43988 ns, Total: 945530 ns
[2020-08-12T19:27:54.917+0000][6][safepoint    ] Safepoint "Cleanup", Time since last: 1998483823 ns, Reaching safepoint: 862955 ns, At safepoint: 56650 ns, Total: 919605 ns
[2020-08-12T19:27:55.918+0000][6][safepoint    ] Safepoint "Cleanup", Time since last: 1000341008 ns, Reaching safepoint: 654432 ns, At safepoint: 44250 ns, Total: 698682 ns
[2020-08-12T19:27:56.919+0000][6][safepoint    ] Safepoint "Cleanup", Time since last: 1000344121 ns, Reaching safepoint: 651519 ns, At safepoint: 51037 ns, Total: 702556 ns
[2020-08-12T19:27:57.920+0000][6][safepoint    ] Safepoint "Cleanup", Time since last: 1000342471 ns, Reaching safepoint: 767693 ns, At safepoint: 46462 ns, Total: 814155 ns
[2020-08-12T19:27:59.370+0000][6][safepoint    ] Safepoint "Cleanup", Time since last: 1448274253 ns, Reaching safepoint: 874467 ns, At safepoint: 44525 ns, Total: 918992 ns
[2020-08-12T19:28:00.371+0000][6][safepoint    ] Safepoint "Cleanup", Time since last: 1000438407 ns, Reaching safepoint: 857581 ns, At safepoint: 44774 ns, Total: 902355 ns
[2020-08-12T19:28:01.372+0000][6][safepoint    ] Safepoint "Cleanup", Time since last: 1000289221 ns, Reaching safepoint: 374935 ns, At safepoint: 13525 ns, Total: 388460 ns
[2020-08-12T19:28:02.373+0000][6][safepoint    ] Safepoint "Cleanup", Time since last: 1000302308 ns, Reaching safepoint: 872005 ns, At safepoint: 85175 ns, Total: 957180 ns
[2020-08-12T19:28:03.374+0000][6][safepoint    ] Safepoint "Cleanup", Time since last: 1000349533 ns, Reaching safepoint: 871580 ns, At safepoint: 44637 ns, Total: 916217 ns
[2020-08-12T19:28:04.918+0000][6][safepoint    ] Safepoint "Cleanup", Time since last: 1542667622 ns, Reaching safepoint: 848293 ns, At safepoint: 44125 ns, Total: 892418 ns
[2020-08-12T19:28:05.919+0000][6][safepoint    ] Safepoint "Cleanup", Time since last: 1000385695 ns, Reaching safepoint: 944292 ns, At safepoint: 45962 ns, Total: 990254 ns
[2020-08-12T19:28:07.435+0000][6][safepoint    ] Safepoint "Cleanup", Time since last: 1514856026 ns, Reaching safepoint: 701231 ns, At safepoint: 53112 ns, Total: 754343 ns
[2020-08-12T19:28:08.915+0000][6][safepoint    ] Safepoint "Cleanup", Time since last: 1480211677 ns, Reaching safepoint: 375459 ns, At safepoint: 27725 ns, Total: 403184 ns
[2020-08-12T19:28:09.917+0000][6][safepoint    ] Safepoint "Cleanup", Time since last: 1000882403 ns, Reaching safepoint: 581058 ns, At safepoint: 44749 ns, Total: 625807 ns
[2020-08-12T19:28:10.918+0000][6][safepoint    ] Safepoint "Cleanup", Time since last: 1000394333 ns, Reaching safepoint: 561470 ns, At safepoint: 119974 ns, Total: 681444 ns
[2020-08-12T19:28:11.919+0000][6][safepoint    ] Safepoint "Cleanup", Time since last: 1000322859 ns, Reaching safepoint: 831280 ns, At safepoint: 44588 ns, Total: 875868 ns
[2020-08-12T19:28:12.920+0000][6][safepoint    ] Safepoint "Cleanup", Time since last: 1000339395 ns, Reaching safepoint: 646645 ns, At safepoint: 44949 ns, Total: 691594 ns
[2020-08-12T19:28:14.920+0000][6][safepoint    ] Safepoint "Cleanup", Time since last: 1998797096 ns, Reaching safepoint: 781806 ns, At safepoint: 43937 ns, Total: 825743 ns
[2020-08-12T19:28:15.921+0000][6][safepoint    ] Safepoint "Cleanup", Time since last: 1000385570 ns, Reaching safepoint: 978892 ns, At safepoint: 59249 ns, Total: 1038141 ns
[2020-08-12T19:28:16.922+0000][6][safepoint    ] Safepoint "Cleanup", Time since last: 1000369909 ns, Reaching safepoint: 650694 ns, At safepoint: 52325 ns, Total: 703019 ns
[2020-08-12T19:28:17.923+0000][6][safepoint    ] Safepoint "Cleanup", Time since last: 1000350595 ns, Reaching safepoint: 691982 ns, At safepoint: 43749 ns, Total: 735731 ns
[2020-08-12T19:28:19.320+0000][6][safepoint    ] Safepoint "Cleanup", Time since last: 1395807120 ns, Reaching safepoint: 405034 ns, At safepoint: 29500 ns, Total: 434534 ns
[2020-08-12T19:28:20.321+0000][6][safepoint    ] Safepoint "Cleanup", Time since last: 1000305684 ns, Reaching safepoint: 825180 ns, At safepoint: 45687 ns, Total: 870867 ns
[2020-08-12T19:28:21.322+0000][6][safepoint    ] Safepoint "Cleanup", Time since last: 1000366696 ns, Reaching safepoint: 703644 ns, At safepoint: 80574 ns, Total: 784218 ns
[2020-08-12T19:28:22.323+0000][6][safepoint    ] Safepoint "Cleanup", Time since last: 1000274922 ns, Reaching safepoint: 922904 ns, At safepoint: 65500 ns, Total: 988404 ns
[2020-08-12T19:28:23.325+0000][6][safepoint    ] Safepoint "Cleanup", Time since last: 1000376308 ns, Reaching safepoint: 1129102 ns, At safepoint: 46925 ns, Total: 1176027 ns
[2020-08-12T19:28:24.923+0000][6][safepoint    ] Safepoint "Cleanup", Time since last: 1597104801 ns, Reaching safepoint: 912729 ns, At safepoint: 44512 ns, Total: 957241 ns
[2020-08-12T19:28:25.924+0000][6][safepoint    ] Safepoint "Cleanup", Time since last: 1000391009 ns, Reaching safepoint: 865680 ns, At safepoint: 45049 ns, Total: 910729 ns
[2020-08-12T19:28:26.925+0000][6][safepoint    ] Safepoint "Cleanup", Time since last: 1000313184 ns, Reaching safepoint: 347284 ns, At safepoint: 16425 ns, Total: 363709 ns
[2020-08-12T19:28:27.926+0000][6][safepoint    ] Safepoint "Cleanup", Time since last: 1000301071 ns, Reaching safepoint: 627620 ns, At safepoint: 33925 ns, Total: 661545 ns
[2020-08-12T19:28:29.926+0000][6][safepoint    ] Safepoint "Cleanup", Time since last: 1998761483 ns, Reaching safepoint: 992092 ns, At safepoint: 45787 ns, Total: 1037879 ns
[2020-08-12T19:28:30.927+0000][6][safepoint    ] Safepoint "Cleanup", Time since last: 1000382670 ns, Reaching safepoint: 814018 ns, At safepoint: 43800 ns, Total: 857818 ns
[2020-08-12T19:28:31.927+0000][6][safepoint    ] Safepoint "Cleanup", Time since last: 1000337908 ns, Reaching safepoint: 253611 ns, At safepoint: 10800 ns, Total: 264411 ns
[2020-08-12T19:28:32.928+0000][6][safepoint    ] Safepoint "Cleanup", Time since last: 1000222571 ns, Reaching safepoint: 704557 ns, At safepoint: 55924 ns, Total: 760481 ns
[2020-08-12T19:28:34.925+0000][6][safepoint    ] Safepoint "Cleanup", Time since last: 1995347913 ns, Reaching safepoint: 802544 ns, At safepoint: 50299 ns, Total: 852843 ns
[2020-08-12T19:28:35.926+0000][6][safepoint    ] Safepoint "Cleanup", Time since last: 1000394821 ns, Reaching safepoint: 781480 ns, At safepoint: 43850 ns, Total: 825330 ns
[2020-08-12T19:28:37.533+0000][6][safepoint    ] Safepoint "Cleanup", Time since last: 1606513957 ns, Reaching safepoint: 856380 ns, At safepoint: 44899 ns, Total: 901279 ns
[2020-08-12T19:28:39.329+0000][6][safepoint    ] Safepoint "Cleanup", Time since last: 1795210060 ns, Reaching safepoint: 691769 ns, At safepoint: 58325 ns, Total: 750094 ns
[2020-08-12T19:28:40.330+0000][6][safepoint    ] Safepoint "Cleanup", Time since last: 1000356058 ns, Reaching safepoint: 645457 ns, At safepoint: 45149 ns, Total: 690606 ns
[2020-08-12T19:28:41.331+0000][6][safepoint    ] Safepoint "Cleanup", Time since last: 1000288846 ns, Reaching safepoint: 618095 ns, At safepoint: 76274 ns, Total: 694369 ns
[2020-08-12T19:28:42.332+0000][6][safepoint    ] Safepoint "Cleanup", Time since last: 1000339184 ns, Reaching safepoint: 741444 ns, At safepoint: 46024 ns, Total: 787468 ns
[2020-08-12T19:28:43.333+0000][6][safepoint    ] Safepoint "Cleanup", Time since last: 1000340471 ns, Reaching safepoint: 642194 ns, At safepoint: 51663 ns, Total: 693857 ns
[2020-08-12T19:28:44.925+0000][6][safepoint    ] Safepoint "Cleanup", Time since last: 1590974003 ns, Reaching safepoint: 683945 ns, At safepoint: 47124 ns, Total: 731069 ns
[2020-08-12T19:28:45.926+0000][6][safepoint    ] Safepoint "Cleanup", Time since last: 1000343721 ns, Reaching safepoint: 738506 ns, At safepoint: 53200 ns, Total: 791706 ns
[2020-08-12T19:28:46.927+0000][6][safepoint    ] Safepoint "Cleanup", Time since last: 1000494582 ns, Reaching safepoint: 586582 ns, At safepoint: 44825 ns, Total: 631407 ns
[2020-08-12T19:28:47.928+0000][6][safepoint    ] Safepoint "Cleanup", Time since last: 1000346171 ns, Reaching safepoint: 681231 ns, At safepoint: 44762 ns, Total: 725993 ns
[2020-08-12T19:28:49.926+0000][6][safepoint    ] Safepoint "Cleanup", Time since last: 1996688127 ns, Reaching safepoint: 715131 ns, At safepoint: 47225 ns, Total: 762356 ns
[2020-08-12T19:28:50.927+0000][6][safepoint    ] Safepoint "Cleanup", Time since last: 1000410595 ns, Reaching safepoint: 841443 ns, At safepoint: 58800 ns, Total: 900243 ns
[2020-08-12T19:28:51.928+0000][6][safepoint    ] Safepoint "Cleanup", Time since last: 1000348395 ns, Reaching safepoint: 709931 ns, At safepoint: 46175 ns, Total: 756106 ns
[2020-08-12T19:28:52.929+0000][6][safepoint    ] Safepoint "Cleanup", Time since last: 1000335671 ns, Reaching safepoint: 645069 ns, At safepoint: 54737 ns, Total: 699806 ns
[2020-08-12T19:28:54.930+0000][6][safepoint    ] Safepoint "Cleanup", Time since last: 1999945224 ns, Reaching safepoint: 778306 ns, At safepoint: 54724 ns, Total: 833030 ns
[2020-08-12T19:28:55.931+0000][6][safepoint    ] Safepoint "Cleanup", Time since last: 1000339371 ns, Reaching safepoint: 645420 ns, At safepoint: 45024 ns, Total: 690444 ns
[2020-08-12T19:28:56.932+0000][6][safepoint    ] Safepoint "Cleanup", Time since last: 1000379646 ns, Reaching safepoint: 781955 ns, At safepoint: 55700 ns, Total: 837655 ns
[2020-08-12T19:28:57.933+0000][6][safepoint    ] Safepoint "Cleanup", Time since last: 1000341958 ns, Reaching safepoint: 641657 ns, At safepoint: 53925 ns, Total: 695582 ns
[2020-08-12T19:28:59.339+0000][6][safepoint    ] Safepoint "Cleanup", Time since last: 1404679968 ns, Reaching safepoint: 467346 ns, At safepoint: 23749 ns, Total: 491095 ns
[2020-08-12T19:29:00.339+0000][6][safepoint    ] Safepoint "Cleanup", Time since last: 1000240660 ns, Reaching safepoint: 655507 ns, At safepoint: 52412 ns, Total: 707919 ns
[2020-08-12T19:29:01.348+0000][6][safepoint    ] Safepoint "Cleanup", Time since last: 1006701515 ns, Reaching safepoint: 2126557 ns, At safepoint: 29800 ns, Total: 2156357 ns
[2020-08-12T19:29:02.349+0000][6][safepoint    ] Safepoint "Cleanup", Time since last: 1000197622 ns, Reaching safepoint: 451871 ns, At safepoint: 21837 ns, Total: 473708 ns
[2020-08-12T19:29:03.351+0000][6][safepoint    ] Safepoint "Cleanup", Time since last: 1000262897 ns, Reaching safepoint: 1626186 ns, At safepoint: 62512 ns, Total: 1688698 ns
[2020-08-12T19:29:04.931+0000][6][safepoint    ] Safepoint "Cleanup", Time since last: 1578839321 ns, Reaching safepoint: 649507 ns, At safepoint: 52437 ns, Total: 701944 ns
[2020-08-12T19:29:05.932+0000][6][safepoint    ] Safepoint "Cleanup", Time since last: 1000341009 ns, Reaching safepoint: 673119 ns, At safepoint: 51787 ns, Total: 724906 ns
[2020-08-12T19:29:06.578+0000][6][safepoint    ] Safepoint "BulkRevokeBias", Time since last: 638807615 ns, Reaching safepoint: 4101477 ns, At safepoint: 3636794 ns, Total: 7738271 ns
[2020-08-12T19:29:07.580+0000][6][safepoint    ] Safepoint "Cleanup", Time since last: 1000550307 ns, Reaching safepoint: 908029 ns, At safepoint: 47262 ns, Total: 955291 ns
[2020-08-12T19:29:08.927+0000][6][safepoint    ] Safepoint "Cleanup", Time since last: 1346790670 ns, Reaching safepoint: 755368 ns, At safepoint: 34287 ns, Total: 789655 ns
[2020-08-12T19:29:09.936+0000][6][safepoint    ] Safepoint "Cleanup", Time since last: 1007749457 ns, Reaching safepoint: 783393 ns, At safepoint: 44012 ns, Total: 827405 ns
[2020-08-12T19:29:10.937+0000][6][safepoint    ] Safepoint "Cleanup", Time since last: 1000415321 ns, Reaching safepoint: 885155 ns, At safepoint: 43749 ns, Total: 928904 ns
[2020-08-12T19:29:11.938+0000][6][safepoint    ] Safepoint "Cleanup", Time since last: 1000347871 ns, Reaching safepoint: 719706 ns, At safepoint: 45850 ns, Total: 765556 ns
[2020-08-12T19:29:12.939+0000][6][safepoint    ] Safepoint "Cleanup", Time since last: 1000341833 ns, Reaching safepoint: 638057 ns, At safepoint: 44737 ns, Total: 682794 ns
[2020-08-12T19:29:14.928+0000][6][safepoint    ] Safepoint "Cleanup", Time since last: 1988000377 ns, Reaching safepoint: 538033 ns, At safepoint: 40150 ns, Total: 578183 ns
[2020-08-12T19:29:15.929+0000][6][safepoint    ] Safepoint "Cleanup", Time since last: 1000371583 ns, Reaching safepoint: 598995 ns, At safepoint: 30825 ns, Total: 629820 ns
[2020-08-12T19:29:16.930+0000][6][safepoint    ] Safepoint "Cleanup", Time since last: 1000434657 ns, Reaching safepoint: 938542 ns, At safepoint: 44100 ns, Total: 982642 ns
[2020-08-12T19:29:17.931+0000][6][safepoint    ] Safepoint "Cleanup", Time since last: 1000349608 ns, Reaching safepoint: 833968 ns, At safepoint: 47174 ns, Total: 881142 ns
[2020-08-12T19:29:19.317+0000][6][safepoint    ] Safepoint "Cleanup", Time since last: 1385484109 ns, Reaching safepoint: 340423 ns, At safepoint: 11599 ns, Total: 352022 ns
[2020-08-12T19:29:20.318+0000][6][safepoint    ] Safepoint "Cleanup", Time since last: 1000234247 ns, Reaching safepoint: 655895 ns, At safepoint: 44499 ns, Total: 700394 ns
[2020-08-12T19:29:21.319+0000][6][safepoint    ] Safepoint "Cleanup", Time since last: 1000294709 ns, Reaching safepoint: 531445 ns, At safepoint: 36313 ns, Total: 567758 ns
[2020-08-12T19:29:22.320+0000][6][safepoint    ] Safepoint "Cleanup", Time since last: 1000278784 ns, Reaching safepoint: 797980 ns, At safepoint: 46450 ns, Total: 844430 ns
[2020-08-12T19:29:23.321+0000][6][safepoint    ] Safepoint "Cleanup", Time since last: 1000335646 ns, Reaching safepoint: 716156 ns, At safepoint: 44075 ns, Total: 760231 ns
[2020-08-12T19:29:24.936+0000][6][safepoint    ] Safepoint "Cleanup", Time since last: 1614031641 ns, Reaching safepoint: 707219 ns, At safepoint: 52362 ns, Total: 759581 ns
[2020-08-12T19:29:25.937+0000][6][safepoint    ] Safepoint "Cleanup", Time since last: 1000349021 ns, Reaching safepoint: 755268 ns, At safepoint: 45613 ns, Total: 800881 ns
[2020-08-12T19:29:26.938+0000][6][safepoint    ] Safepoint "Cleanup", Time since last: 1000323808 ns, Reaching safepoint: 759194 ns, At safepoint: 13150 ns, Total: 772344 ns
[2020-08-12T19:29:27.940+0000][6][safepoint    ] Safepoint "Cleanup", Time since last: 1000225321 ns, Reaching safepoint: 859355 ns, At safepoint: 67275 ns, Total: 926630 ns
[2020-08-12T19:29:28.956+0000][6][safepoint    ] Safepoint "Cleanup", Time since last: 1016446356 ns, Reaching safepoint: 457209 ns, At safepoint: 12725 ns, Total: 469934 ns
[2020-08-12T19:29:29.958+0000][6][safepoint    ] Safepoint "Cleanup", Time since last: 1000916028 ns, Reaching safepoint: 880318 ns, At safepoint: 44412 ns, Total: 924730 ns
[2020-08-12T19:29:30.959+0000][6][safepoint    ] Safepoint "Cleanup", Time since last: 1000340583 ns, Reaching safepoint: 652269 ns, At safepoint: 44388 ns, Total: 696657 ns
[2020-08-12T19:29:31.960+0000][6][safepoint    ] Safepoint "Cleanup", Time since last: 1000349608 ns, Reaching safepoint: 624757 ns, At safepoint: 43500 ns, Total: 668257 ns
[2020-08-12T19:29:32.961+0000][6][safepoint    ] Safepoint "Cleanup", Time since last: 1000297071 ns, Reaching safepoint: 329585 ns, At safepoint: 12187 ns, Total: 341772 ns
[2020-08-12T19:29:34.932+0000][6][safepoint    ] Safepoint "Cleanup", Time since last: 1970394004 ns, Reaching safepoint: 273673 ns, At safepoint: 11825 ns, Total: 285498 ns
[2020-08-12T19:29:35.933+0000][6][safepoint    ] Safepoint "Cleanup", Time since last: 1000273309 ns, Reaching safepoint: 642907 ns, At safepoint: 53724 ns, Total: 696631 ns
[2020-08-12T19:29:37.387+0000][6][safepoint    ] Safepoint "Cleanup", Time since last: 1454103302 ns, Reaching safepoint: 693519 ns, At safepoint: 44175 ns, Total: 737694 ns
[2020-08-12T19:29:38.388+0000][6][safepoint    ] Safepoint "Cleanup", Time since last: 1000315496 ns, Reaching safepoint: 393109 ns, At safepoint: 13238 ns, Total: 406347 ns
[2020-08-12T19:29:39.398+0000][6][safepoint    ] Safepoint "Cleanup", Time since last: 1008741923 ns, Reaching safepoint: 867667 ns, At safepoint: 43962 ns, Total: 911629 ns
[2020-08-12T19:29:40.399+0000][6][safepoint    ] Safepoint "Cleanup", Time since last: 1000406358 ns, Reaching safepoint: 942305 ns, At safepoint: 47174 ns, Total: 989479 ns
[2020-08-12T19:29:41.400+0000][6][safepoint    ] Safepoint "Cleanup", Time since last: 1000287859 ns, Reaching safepoint: 742569 ns, At safepoint: 22537 ns, Total: 765106 ns
[2020-08-12T19:29:42.401+0000][6][safepoint    ] Safepoint "Cleanup", Time since last: 1000203960 ns, Reaching safepoint: 473983 ns, At safepoint: 33762 ns, Total: 507745 ns
[2020-08-12T19:29:43.402+0000][6][safepoint    ] Safepoint "Cleanup", Time since last: 1000305546 ns, Reaching safepoint: 1041266 ns, At safepoint: 45425 ns, Total: 1086691 ns
[2020-08-12T19:29:44.930+0000][6][safepoint    ] Safepoint "Cleanup", Time since last: 1526873834 ns, Reaching safepoint: 834193 ns, At safepoint: 44662 ns, Total: 878855 ns
[2020-08-12T19:29:45.931+0000][6][safepoint    ] Safepoint "Cleanup", Time since last: 1000346546 ns, Reaching safepoint: 649419 ns, At safepoint: 51912 ns, Total: 701331 ns
[2020-08-12T19:29:46.932+0000][6][safepoint    ] Safepoint "Cleanup", Time since last: 1000325397 ns, Reaching safepoint: 747406 ns, At safepoint: 33487 ns, Total: 780893 ns
[2020-08-12T19:29:47.934+0000][6][safepoint    ] Safepoint "Cleanup", Time since last: 1000307159 ns, Reaching safepoint: 840617 ns, At safepoint: 44712 ns, Total: 885329 ns
[2020-08-12T19:29:48.934+0000][6][safepoint    ] Safepoint "Cleanup", Time since last: 1000346234 ns, Reaching safepoint: 323797 ns, At safepoint: 11850 ns, Total: 335647 ns
[2020-08-12T19:29:49.935+0000][6][safepoint    ] Safepoint "Cleanup", Time since last: 1000297659 ns, Reaching safepoint: 688106 ns, At safepoint: 52712 ns, Total: 740818 ns
[2020-08-12T19:29:50.936+0000][6][safepoint    ] Safepoint "Cleanup", Time since last: 1000376058 ns, Reaching safepoint: 686969 ns, At safepoint: 45513 ns, Total: 732482 ns
[2020-08-12T19:29:51.937+0000][6][safepoint    ] Safepoint "Cleanup", Time since last: 1000346745 ns, Reaching safepoint: 638670 ns, At safepoint: 59387 ns, Total: 698057 ns
[2020-08-12T19:29:52.938+0000][6][safepoint    ] Safepoint "Cleanup", Time since last: 1000317446 ns, Reaching safepoint: 519571 ns, At safepoint: 31699 ns, Total: 551270 ns
[2020-08-12T19:29:53.941+0000][6][safepoint    ] Safepoint "Cleanup", Time since last: 1001582910 ns, Reaching safepoint: 1079254 ns, At safepoint: 57349 ns, Total: 1136603 ns
[2020-08-12T19:29:54.942+0000][6][safepoint    ] Safepoint "Cleanup", Time since last: 1000500345 ns, Reaching safepoint: 845980 ns, At safepoint: 44374 ns, Total: 890354 ns
[2020-08-12T19:29:55.944+0000][6][safepoint    ] Safepoint "Cleanup", Time since last: 1000345209 ns, Reaching safepoint: 815330 ns, At safepoint: 44775 ns, Total: 860105 ns
[2020-08-12T19:29:56.945+0000][6][safepoint    ] Safepoint "Cleanup", Time since last: 1000422833 ns, Reaching safepoint: 804143 ns, At safepoint: 44187 ns, Total: 848330 ns
[2020-08-12T19:29:57.947+0000][6][safepoint    ] Safepoint "Cleanup", Time since last: 1001184438 ns, Reaching safepoint: 833868 ns, At safepoint: 100562 ns, Total: 934430 ns
[2020-08-12T19:29:59.485+0000][6][safepoint    ] Safepoint "Cleanup", Time since last: 1537421943 ns, Reaching safepoint: 884117 ns, At safepoint: 44300 ns, Total: 928417 ns
[2020-08-12T19:30:00.486+0000][6][safepoint    ] Safepoint "Cleanup", Time since last: 1000354170 ns, Reaching safepoint: 669832 ns, At safepoint: 44525 ns, Total: 714357 ns
[2020-08-12T19:30:01.487+0000][6][safepoint    ] Safepoint "Cleanup", Time since last: 1000356158 ns, Reaching safepoint: 483871 ns, At safepoint: 44337 ns, Total: 528208 ns
[2020-08-12T19:30:02.488+0000][6][safepoint    ] Safepoint "Cleanup", Time since last: 1000302659 ns, Reaching safepoint: 703519 ns, At safepoint: 35037 ns, Total: 738556 ns
[2020-08-12T19:30:03.489+0000][6][safepoint    ] Safepoint "Cleanup", Time since last: 1000276034 ns, Reaching safepoint: 668881 ns, At safepoint: 45025 ns, Total: 713906 ns
[2020-08-12T19:30:03.940+0000][6][safepoint    ] Safepoint "BulkRevokeBias", Time since last: 448611476 ns, Reaching safepoint: 818655 ns, At safepoint: 1371213 ns, Total: 2189868 ns
[2020-08-12T19:30:04.942+0000][6][safepoint    ] Safepoint "Cleanup", Time since last: 1000934791 ns, Reaching safepoint: 594233 ns, At safepoint: 44087 ns, Total: 638320 ns
[2020-08-12T19:30:05.943+0000][6][safepoint    ] Safepoint "Cleanup", Time since last: 1000388845 ns, Reaching safepoint: 614632 ns, At safepoint: 54563 ns, Total: 669195 ns
[2020-08-12T19:30:07.437+0000][6][safepoint    ] Safepoint "Cleanup", Time since last: 1493706134 ns, Reaching safepoint: 411158 ns, At safepoint: 21488 ns, Total: 432646 ns
[2020-08-12T19:30:08.960+0000][6][safepoint    ] Safepoint "Cleanup", Time since last: 1523326290 ns, Reaching safepoint: 261610 ns, At safepoint: 10825 ns, Total: 272435 ns
[2020-08-12T19:30:09.962+0000][6][safepoint    ] Safepoint "Cleanup", Time since last: 1000713668 ns, Reaching safepoint: 833943 ns, At safepoint: 44149 ns, Total: 878092 ns
[2020-08-12T19:30:10.963+0000][6][safepoint    ] Safepoint "Cleanup", Time since last: 1000331171 ns, Reaching safepoint: 537608 ns, At safepoint: 35625 ns, Total: 573233 ns
[2020-08-12T19:30:11.964+0000][6][safepoint    ] Safepoint "Cleanup", Time since last: 1000304633 ns, Reaching safepoint: 596695 ns, At safepoint: 145062 ns, Total: 741757 ns
[2020-08-12T19:30:12.967+0000][6][safepoint    ] Safepoint "Cleanup", Time since last: 1000395970 ns, Reaching safepoint: 2921350 ns, At safepoint: 60449 ns, Total: 2981799 ns
[2020-08-12T19:30:14.935+0000][6][safepoint    ] Safepoint "Cleanup", Time since last: 1967267194 ns, Reaching safepoint: 628694 ns, At safepoint: 38513 ns, Total: 667207 ns
[2020-08-12T19:30:15.936+0000][6][safepoint    ] Safepoint "Cleanup", Time since last: 1000320208 ns, Reaching safepoint: 635145 ns, At safepoint: 44574 ns, Total: 679719 ns
[2020-08-12T19:30:16.937+0000][6][safepoint    ] Safepoint "Cleanup", Time since last: 1000321071 ns, Reaching safepoint: 576583 ns, At safepoint: 54862 ns, Total: 631445 ns
[2020-08-12T19:30:17.938+0000][6][safepoint    ] Safepoint "Cleanup", Time since last: 1000346596 ns, Reaching safepoint: 667707 ns, At safepoint: 51899 ns, Total: 719606 ns
[2020-08-12T19:30:19.356+0000][6][safepoint    ] Safepoint "Cleanup", Time since last: 1417005099 ns, Reaching safepoint: 563095 ns, At safepoint: 39462 ns, Total: 602557 ns
[2020-08-12T19:30:20.357+0000][6][safepoint    ] Safepoint "Cleanup", Time since last: 1000309421 ns, Reaching safepoint: 578408 ns, At safepoint: 95199 ns, Total: 673607 ns
[2020-08-12T19:30:21.358+0000][6][safepoint    ] Safepoint "Cleanup", Time since last: 1000300734 ns, Reaching safepoint: 566357 ns, At safepoint: 27300 ns, Total: 593657 ns
[2020-08-12T19:30:22.359+0000][6][safepoint    ] Safepoint "Cleanup", Time since last: 1000288934 ns, Reaching safepoint: 497871 ns, At safepoint: 46049 ns, Total: 543920 ns
[2020-08-12T19:30:23.360+0000][6][safepoint    ] Safepoint "Cleanup", Time since last: 1000349696 ns, Reaching safepoint: 684532 ns, At safepoint: 44437 ns, Total: 728969 ns
[2020-08-12T19:30:24.975+0000][6][safepoint    ] Safepoint "Cleanup", Time since last: 1614692011 ns, Reaching safepoint: 867442 ns, At safepoint: 43962 ns, Total: 911404 ns
[2020-08-12T19:30:25.977+0000][6][safepoint    ] Safepoint "Cleanup", Time since last: 1000345259 ns, Reaching safepoint: 822580 ns, At safepoint: 44237 ns, Total: 866817 ns
[2020-08-12T19:30:26.978+0000][6][safepoint    ] Safepoint "Cleanup", Time since last: 1000377871 ns, Reaching safepoint: 772056 ns, At safepoint: 43362 ns, Total: 815418 ns
[2020-08-12T19:30:27.979+0000][6][safepoint    ] Safepoint "Cleanup", Time since last: 1000391933 ns, Reaching safepoint: 885129 ns, At safepoint: 44688 ns, Total: 929817 ns
[2020-08-12T19:30:29.936+0000][6][safepoint    ] Safepoint "Cleanup", Time since last: 1955702606 ns, Reaching safepoint: 850305 ns, At safepoint: 44387 ns, Total: 894692 ns
[2020-08-12T19:30:30.937+0000][6][safepoint    ] Safepoint "Cleanup", Time since last: 1000395308 ns, Reaching safepoint: 685919 ns, At safepoint: 47175 ns, Total: 733094 ns
[2020-08-12T19:30:32.569+0000][6][safepoint    ] Safepoint "Cleanup", Time since last: 1631017207 ns, Reaching safepoint: 951929 ns, At safepoint: 45487 ns, Total: 997416 ns
[2020-08-12T19:30:33.570+0000][6][safepoint    ] Safepoint "Cleanup", Time since last: 1000357284 ns, Reaching safepoint: 445908 ns, At safepoint: 28250 ns, Total: 474158 ns
[2020-08-12T19:30:34.935+0000][6][safepoint    ] Safepoint "Cleanup", Time since last: 1364571828 ns, Reaching safepoint: 871317 ns, At safepoint: 67112 ns, Total: 938429 ns
[2020-08-12T19:30:35.936+0000][6][safepoint    ] Safepoint "Cleanup", Time since last: 1000358734 ns, Reaching safepoint: 660344 ns, At safepoint: 44549 ns, Total: 704893 ns
[2020-08-12T19:30:37.395+0000][6][safepoint    ] Safepoint "Cleanup", Time since last: 1457627685 ns, Reaching safepoint: 780743 ns, At safepoint: 56924 ns, Total: 837667 ns
[2020-08-12T19:30:38.396+0000][6][safepoint    ] Safepoint "Cleanup", Time since last: 1000342034 ns, Reaching safepoint: 634232 ns, At safepoint: 24775 ns, Total: 659007 ns
[2020-08-12T19:30:39.407+0000][6][safepoint    ] Safepoint "Cleanup", Time since last: 1010435733 ns, Reaching safepoint: 585032 ns, At safepoint: 44913 ns, Total: 629945 ns
[2020-08-12T19:30:40.408+0000][6][safepoint    ] Safepoint "Cleanup", Time since last: 1000410245 ns, Reaching safepoint: 865605 ns, At safepoint: 73037 ns, Total: 938642 ns
[2020-08-12T19:30:41.409+0000][6][safepoint    ] Safepoint "Cleanup", Time since last: 1000391583 ns, Reaching safepoint: 590832 ns, At safepoint: 63975 ns, Total: 654807 ns
[2020-08-12T19:30:42.410+0000][6][safepoint    ] Safepoint "Cleanup", Time since last: 1000356583 ns, Reaching safepoint: 646844 ns, At safepoint: 46588 ns, Total: 693432 ns
[2020-08-12T19:30:43.411+0000][6][safepoint    ] Safepoint "Cleanup", Time since last: 1000330333 ns, Reaching safepoint: 538958 ns, At safepoint: 54437 ns, Total: 593395 ns
[2020-08-12T19:30:44.935+0000][6][safepoint    ] Safepoint "Cleanup", Time since last: 1522869494 ns, Reaching safepoint: 600420 ns, At safepoint: 53437 ns, Total: 653857 ns
[2020-08-12T19:30:45.936+0000][6][safepoint    ] Safepoint "Cleanup", Time since last: 1000348808 ns, Reaching safepoint: 595382 ns, At safepoint: 87275 ns, Total: 682657 ns
[2020-08-12T19:30:46.937+0000][6][safepoint    ] Safepoint "Cleanup", Time since last: 1000403657 ns, Reaching safepoint: 671920 ns, At safepoint: 45912 ns, Total: 717832 ns
[2020-08-12T19:30:47.938+0000][6][safepoint    ] Safepoint "Cleanup", Time since last: 1000408995 ns, Reaching safepoint: 809168 ns, At safepoint: 44650 ns, Total: 853818 ns
[2020-08-12T19:30:48.954+0000][6][safepoint    ] Safepoint "Cleanup", Time since last: 1013899091 ns, Reaching safepoint: 1955870 ns, At safepoint: 71887 ns, Total: 2027757 ns
[2020-08-12T19:30:49.955+0000][6][safepoint    ] Safepoint "Cleanup", Time since last: 1000699630 ns, Reaching safepoint: 674720 ns, At safepoint: 44499 ns, Total: 719219 ns
[2020-08-12T19:30:50.956+0000][6][safepoint    ] Safepoint "Cleanup", Time since last: 1000347496 ns, Reaching safepoint: 638457 ns, At safepoint: 51450 ns, Total: 689907 ns
[2020-08-12T19:30:51.958+0000][6][safepoint    ] Safepoint "Cleanup", Time since last: 1000341883 ns, Reaching safepoint: 861780 ns, At safepoint: 44025 ns, Total: 905805 ns
[2020-08-12T19:30:52.959+0000][6][safepoint    ] Safepoint "Cleanup", Time since last: 1000378583 ns, Reaching safepoint: 941617 ns, At safepoint: 67424 ns, Total: 1009041 ns
[2020-08-12T19:30:53.938+0000][6][safepoint    ] Safepoint "BulkRevokeBias", Time since last: 976406016 ns, Reaching safepoint: 591257 ns, At safepoint: 1984383 ns, Total: 2575640 ns
[2020-08-12T19:30:54.939+0000][6][safepoint    ] Safepoint "Cleanup", Time since last: 1000281559 ns, Reaching safepoint: 523558 ns, At safepoint: 113874 ns, Total: 637432 ns
[2020-08-12T19:30:55.940+0000][6][safepoint    ] Safepoint "Cleanup", Time since last: 1000339033 ns, Reaching safepoint: 625270 ns, At safepoint: 47125 ns, Total: 672395 ns
[2020-08-12T19:30:56.941+0000][6][safepoint    ] Safepoint "Cleanup", Time since last: 1000339020 ns, Reaching safepoint: 874818 ns, At safepoint: 44274 ns, Total: 919092 ns
[2020-08-12T19:30:57.942+0000][6][safepoint    ] Safepoint "Cleanup", Time since last: 1000334622 ns, Reaching safepoint: 721806 ns, At safepoint: 45562 ns, Total: 767368 ns
[2020-08-12T19:30:58.436+0000][6][safepoint    ] Safepoint "BulkRevokeBias", Time since last: 492072724 ns, Reaching safepoint: 565858 ns, At safepoint: 1294714 ns, Total: 1860572 ns
[2020-08-12T19:30:59.437+0000][6][safepoint    ] Safepoint "Cleanup", Time since last: 1000303533 ns, Reaching safepoint: 726669 ns, At safepoint: 57787 ns, Total: 784456 ns
[2020-08-12T19:31:00.438+0000][6][safepoint    ] Safepoint "Cleanup", Time since last: 1000352171 ns, Reaching safepoint: 658469 ns, At safepoint: 44562 ns, Total: 703031 ns
[2020-08-12T19:31:01.440+0000][6][safepoint    ] Safepoint "Cleanup", Time since last: 1000337859 ns, Reaching safepoint: 978291 ns, At safepoint: 63200 ns, Total: 1041491 ns
[2020-08-12T19:31:02.441+0000][6][safepoint    ] Safepoint "Cleanup", Time since last: 1000404146 ns, Reaching safepoint: 834692 ns, At safepoint: 46237 ns, Total: 880929 ns
[2020-08-12T19:31:03.442+0000][6][safepoint    ] Safepoint "Cleanup", Time since last: 1000288984 ns, Reaching safepoint: 535333 ns, At safepoint: 23762 ns, Total: 559095 ns
[2020-08-12T19:31:04.936+0000][6][safepoint    ] Safepoint "Cleanup", Time since last: 1493489723 ns, Reaching safepoint: 393122 ns, At safepoint: 188936 ns, Total: 582058 ns
[2020-08-12T19:31:05.937+0000][6][safepoint    ] Safepoint "Cleanup", Time since last: 1000320609 ns, Reaching safepoint: 587607 ns, At safepoint: 31862 ns, Total: 619469 ns
[2020-08-12T19:31:07.532+0000][6][safepoint    ] Safepoint "Cleanup", Time since last: 1594441362 ns, Reaching safepoint: 898154 ns, At safepoint: 56350 ns, Total: 954504 ns
[2020-08-12T19:31:08.944+0000][6][safepoint    ] Safepoint "Cleanup", Time since last: 1411147799 ns, Reaching safepoint: 263698 ns, At safepoint: 10750 ns, Total: 274448 ns
[2020-08-12T19:31:09.945+0000][6][safepoint    ] Safepoint "Cleanup", Time since last: 1000744030 ns, Reaching safepoint: 893542 ns, At safepoint: 56250 ns, Total: 949792 ns
[2020-08-12T19:31:10.947+0000][6][safepoint    ] Safepoint "Cleanup", Time since last: 1000351758 ns, Reaching safepoint: 661457 ns, At safepoint: 44399 ns, Total: 705856 ns
[2020-08-12T19:31:11.948+0000][6][safepoint    ] Safepoint "Cleanup", Time since last: 1000339159 ns, Reaching safepoint: 682069 ns, At safepoint: 54424 ns, Total: 736493 ns
[2020-08-12T19:31:12.949+0000][6][safepoint    ] Safepoint "Cleanup", Time since last: 1000435433 ns, Reaching safepoint: 609770 ns, At safepoint: 51962 ns, Total: 661732 ns
[2020-08-12T19:31:14.940+0000][6][safepoint    ] Safepoint "Cleanup", Time since last: 1991094037 ns, Reaching safepoint: 663682 ns, At safepoint: 44925 ns, Total: 708607 ns
[2020-08-12T19:31:15.941+0000][6][safepoint    ] Safepoint "Cleanup", Time since last: 1000343970 ns, Reaching safepoint: 628445 ns, At safepoint: 44225 ns, Total: 672670 ns
[2020-08-12T19:31:16.943+0000][6][safepoint    ] Safepoint "Cleanup", Time since last: 1000341645 ns, Reaching safepoint: 638957 ns, At safepoint: 44337 ns, Total: 683294 ns
[2020-08-12T19:31:17.943+0000][6][safepoint    ] Safepoint "Cleanup", Time since last: 1000293797 ns, Reaching safepoint: 493758 ns, At safepoint: 21062 ns, Total: 514820 ns
[2020-08-12T19:31:19.228+0000][6][safepoint    ] Safepoint "Cleanup", Time since last: 1284244537 ns, Reaching safepoint: 488283 ns, At safepoint: 26412 ns, Total: 514695 ns
[2020-08-12T19:31:20.230+0000][6][safepoint    ] Safepoint "Cleanup", Time since last: 1000274972 ns, Reaching safepoint: 1171140 ns, At safepoint: 74974 ns, Total: 1246114 ns
[2020-08-12T19:31:21.231+0000][6][safepoint    ] Safepoint "Cleanup", Time since last: 1000335196 ns, Reaching safepoint: 741769 ns, At safepoint: 41912 ns, Total: 783681 ns
[2020-08-12T19:31:22.232+0000][6][safepoint    ] Safepoint "Cleanup", Time since last: 1000345033 ns, Reaching safepoint: 628820 ns, At safepoint: 52262 ns, Total: 681082 ns
[2020-08-12T19:31:23.233+0000][6][safepoint    ] Safepoint "Cleanup", Time since last: 1000399483 ns, Reaching safepoint: 1014241 ns, At safepoint: 44537 ns, Total: 1058778 ns
[2020-08-12T19:31:24.940+0000][6][safepoint    ] Safepoint "Cleanup", Time since last: 1706026470 ns, Reaching safepoint: 893079 ns, At safepoint: 68175 ns, Total: 961254 ns
[2020-08-12T19:31:25.941+0000][6][safepoint    ] Safepoint "Cleanup", Time since last: 1000337708 ns, Reaching safepoint: 879168 ns, At safepoint: 43962 ns, Total: 923130 ns
[2020-08-12T19:31:26.943+0000][6][safepoint    ] Safepoint "Cleanup", Time since last: 1000342583 ns, Reaching safepoint: 913105 ns, At safepoint: 43512 ns, Total: 956617 ns
[2020-08-12T19:31:27.944+0000][6][safepoint    ] Safepoint "Cleanup", Time since last: 1000398108 ns, Reaching safepoint: 882655 ns, At safepoint: 45287 ns, Total: 927942 ns
[2020-08-12T19:31:29.939+0000][6][safepoint    ] Safepoint "Cleanup", Time since last: 1994036062 ns, Reaching safepoint: 635794 ns, At safepoint: 44412 ns, Total: 680206 ns
[2020-08-12T19:31:30.940+0000][6][safepoint    ] Safepoint "Cleanup", Time since last: 1000410646 ns, Reaching safepoint: 589944 ns, At safepoint: 52525 ns, Total: 642469 ns
[2020-08-12T19:31:31.941+0000][6][safepoint    ] Safepoint "Cleanup", Time since last: 1000383458 ns, Reaching safepoint: 607220 ns, At safepoint: 113474 ns, Total: 720694 ns
[2020-08-12T19:31:32.942+0000][6][safepoint    ] Safepoint "Cleanup", Time since last: 1000333971 ns, Reaching safepoint: 386721 ns, At safepoint: 21188 ns, Total: 407909 ns
[2020-08-12T19:31:34.937+0000][6][safepoint    ] Safepoint "Cleanup", Time since last: 1995017091 ns, Reaching safepoint: 367347 ns, At safepoint: 16012 ns, Total: 383359 ns
[2020-08-12T19:31:35.938+0000][6][safepoint    ] Safepoint "Cleanup", Time since last: 1000256997 ns, Reaching safepoint: 572095 ns, At safepoint: 28799 ns, Total: 600894 ns
[2020-08-12T19:31:37.332+0000][6][safepoint    ] Safepoint "Cleanup", Time since last: 1393465415 ns, Reaching safepoint: 883155 ns, At safepoint: 47075 ns, Total: 930230 ns
[2020-08-12T19:31:38.322+0000][6][gc,start     ] GC(25) Pause Young (Normal) (G1 Evacuation Pause)
[2020-08-12T19:31:38.322+0000][6][gc,task      ] GC(25) Using 2 workers of 2 for evacuation
[2020-08-12T19:31:38.322+0000][6][gc,age       ] GC(25) Desired survivor size 40370176 bytes, new threshold 15 (max threshold 15)
[2020-08-12T19:31:38.340+0000][6][gc,age       ] GC(25) Age table with threshold 15 (max threshold 15)
[2020-08-12T19:31:38.341+0000][6][gc,age       ] GC(25) - age   1:     280992 bytes,     280992 total
[2020-08-12T19:31:38.341+0000][6][gc,age       ] GC(25) - age   2:     127720 bytes,     408712 total
[2020-08-12T19:31:38.341+0000][6][gc,age       ] GC(25) - age   3:     266744 bytes,     675456 total
[2020-08-12T19:31:38.341+0000][6][gc,age       ] GC(25) - age   4:      14080 bytes,     689536 total
[2020-08-12T19:31:38.341+0000][6][gc,phases    ] GC(25)   Pre Evacuate Collection Set: 0.7ms
[2020-08-12T19:31:38.341+0000][6][gc,phases    ] GC(25)   Merge Heap Roots: 0.8ms
[2020-08-12T19:31:38.341+0000][6][gc,phases    ] GC(25)   Evacuate Collection Set: 10.5ms
[2020-08-12T19:31:38.341+0000][6][gc,phases    ] GC(25)   Post Evacuate Collection Set: 5.6ms
[2020-08-12T19:31:38.342+0000][6][gc,phases    ] GC(25)   Other: 2.0ms
[2020-08-12T19:31:38.342+0000][6][gc,heap      ] GC(25) Eden regions: 613->0(613)
[2020-08-12T19:31:38.342+0000][6][gc,heap      ] GC(25) Survivor regions: 1->1(77)
[2020-08-12T19:31:38.342+0000][6][gc,heap      ] GC(25) Old regions: 81->81
[2020-08-12T19:31:38.342+0000][6][gc,heap      ] GC(25) Archive regions: 2->2
[2020-08-12T19:31:38.342+0000][6][gc,heap      ] GC(25) Humongous regions: 7->7
[2020-08-12T19:31:38.342+0000][6][gc,metaspace ] GC(25) Metaspace: 95962K(103636K)->95962K(103636K) NonClass: 83413K(88064K)->83413K(88064K) Class: 12549K(15572K)->12549K(15572K)
[2020-08-12T19:31:38.342+0000][6][gc           ] GC(25) Pause Young (Normal) (G1 Evacuation Pause) 702M->89M(1024M) 20.669ms
[2020-08-12T19:31:38.343+0000][6][gc,cpu       ] GC(25) User=0.03s Sys=0.01s Real=0.02s
[2020-08-12T19:31:38.343+0000][6][safepoint    ] Safepoint "G1CollectForAllocation", Time since last: 988561323 ns, Reaching safepoint: 648569 ns, At safepoint: 21209104 ns, Total: 21857673 ns
[2020-08-12T19:31:39.372+0000][6][safepoint    ] Safepoint "Cleanup", Time since last: 1028561439 ns, Reaching safepoint: 495796 ns, At safepoint: 90536 ns, Total: 586332 ns
[2020-08-12T19:31:40.373+0000][6][safepoint    ] Safepoint "Cleanup", Time since last: 1000343321 ns, Reaching safepoint: 723806 ns, At safepoint: 46863 ns, Total: 770669 ns
[2020-08-12T19:31:41.374+0000][6][safepoint    ] Safepoint "Cleanup", Time since last: 1000339608 ns, Reaching safepoint: 804018 ns, At safepoint: 55212 ns, Total: 859230 ns
[2020-08-12T19:31:42.375+0000][6][safepoint    ] Safepoint "Cleanup", Time since last: 1000332334 ns, Reaching safepoint: 650956 ns, At safepoint: 46000 ns, Total: 696956 ns
[2020-08-12T19:31:43.376+0000][6][safepoint    ] Safepoint "Cleanup", Time since last: 1000337384 ns, Reaching safepoint: 728893 ns, At safepoint: 44975 ns, Total: 773868 ns
[2020-08-12T19:31:44.942+0000][6][safepoint    ] Safepoint "Cleanup", Time since last: 1564388322 ns, Reaching safepoint: 780505 ns, At safepoint: 46763 ns, Total: 827268 ns
[2020-08-12T19:31:45.943+0000][6][safepoint    ] Safepoint "Cleanup", Time since last: 1000392545 ns, Reaching safepoint: 626344 ns, At safepoint: 47288 ns, Total: 673632 ns
[2020-08-12T19:31:46.944+0000][6][safepoint    ] Safepoint "Cleanup", Time since last: 1000371708 ns, Reaching safepoint: 555907 ns, At safepoint: 148399 ns, Total: 704306 ns
[2020-08-12T19:31:47.945+0000][6][safepoint    ] Safepoint "Cleanup", Time since last: 1000383208 ns, Reaching safepoint: 898842 ns, At safepoint: 71637 ns, Total: 970479 ns
[2020-08-12T19:31:49.943+0000][6][safepoint    ] Safepoint "Cleanup", Time since last: 1997178722 ns, Reaching safepoint: 1043566 ns, At safepoint: 44413 ns, Total: 1087979 ns
[2020-08-12T19:31:50.945+0000][6][safepoint    ] Safepoint "Cleanup", Time since last: 1000364945 ns, Reaching safepoint: 951467 ns, At safepoint: 44562 ns, Total: 996029 ns
[2020-08-12T19:31:51.946+0000][6][safepoint    ] Safepoint "Cleanup", Time since last: 1000375008 ns, Reaching safepoint: 730381 ns, At safepoint: 86575 ns, Total: 816956 ns
[2020-08-12T19:31:52.947+0000][6][safepoint    ] Safepoint "Cleanup", Time since last: 1000338346 ns, Reaching safepoint: 879867 ns, At safepoint: 114837 ns, Total: 994704 ns
[2020-08-12T19:31:54.946+0000][6][safepoint    ] Safepoint "Cleanup", Time since last: 1997924590 ns, Reaching safepoint: 652932 ns, At safepoint: 148274 ns, Total: 801206 ns
[2020-08-12T19:31:55.947+0000][6][safepoint    ] Safepoint "Cleanup", Time since last: 1000337633 ns, Reaching safepoint: 673269 ns, At safepoint: 55362 ns, Total: 728631 ns
[2020-08-12T19:31:56.948+0000][6][safepoint    ] Safepoint "Cleanup", Time since last: 1000347722 ns, Reaching safepoint: 693831 ns, At safepoint: 68524 ns, Total: 762355 ns
[2020-08-12T19:31:57.949+0000][6][safepoint    ] Safepoint "Cleanup", Time since last: 1000326434 ns, Reaching safepoint: 604507 ns, At safepoint: 35012 ns, Total: 639519 ns
[2020-08-12T19:31:59.901+0000][6][safepoint    ] Safepoint "Cleanup", Time since last: 1951036622 ns, Reaching safepoint: 582120 ns, At safepoint: 30787 ns, Total: 612907 ns
[2020-08-12T19:32:00.902+0000][6][safepoint    ] Safepoint "Cleanup", Time since last: 1000327984 ns, Reaching safepoint: 632170 ns, At safepoint: 50662 ns, Total: 682832 ns
[2020-08-12T19:32:01.903+0000][6][safepoint    ] Safepoint "Cleanup", Time since last: 1000406020 ns, Reaching safepoint: 872667 ns, At safepoint: 46463 ns, Total: 919130 ns
[2020-08-12T19:32:02.904+0000][6][safepoint    ] Safepoint "Cleanup", Time since last: 1000323383 ns, Reaching safepoint: 739619 ns, At safepoint: 47262 ns, Total: 786881 ns
[2020-08-12T19:32:03.905+0000][6][safepoint    ] Safepoint "Cleanup", Time since last: 1000336571 ns, Reaching safepoint: 729331 ns, At safepoint: 56949 ns, Total: 786280 ns
[2020-08-12T19:32:04.943+0000][6][safepoint    ] Safepoint "Cleanup", Time since last: 1036969079 ns, Reaching safepoint: 950917 ns, At safepoint: 47525 ns, Total: 998442 ns
[2020-08-12T19:32:05.944+0000][6][safepoint    ] Safepoint "Cleanup", Time since last: 1000345483 ns, Reaching safepoint: 706031 ns, At safepoint: 53825 ns, Total: 759856 ns
[2020-08-12T19:32:07.395+0000][6][safepoint    ] Safepoint "Cleanup", Time since last: 1450295172 ns, Reaching safepoint: 698294 ns, At safepoint: 52500 ns, Total: 750794 ns
[2020-08-12T19:32:08.950+0000][6][safepoint    ] Safepoint "Cleanup", Time since last: 1554030786 ns, Reaching safepoint: 380335 ns, At safepoint: 54649 ns, Total: 434984 ns
[2020-08-12T19:32:09.951+0000][6][safepoint    ] Safepoint "Cleanup", Time since last: 1000858029 ns, Reaching safepoint: 667019 ns, At safepoint: 45700 ns, Total: 712719 ns
[2020-08-12T19:32:10.953+0000][6][safepoint    ] Safepoint "Cleanup", Time since last: 1000347108 ns, Reaching safepoint: 948855 ns, At safepoint: 45449 ns, Total: 994304 ns
[2020-08-12T19:32:11.954+0000][6][safepoint    ] Safepoint "Cleanup", Time since last: 1000390621 ns, Reaching safepoint: 877642 ns, At safepoint: 44487 ns, Total: 922129 ns
[2020-08-12T19:32:12.955+0000][6][safepoint    ] Safepoint "Cleanup", Time since last: 1000347171 ns, Reaching safepoint: 850918 ns, At safepoint: 44499 ns, Total: 895417 ns
[2020-08-12T19:32:14.949+0000][6][safepoint    ] Safepoint "Cleanup", Time since last: 1992786773 ns, Reaching safepoint: 433009 ns, At safepoint: 22662 ns, Total: 455671 ns
[2020-08-12T19:32:15.950+0000][6][safepoint    ] Safepoint "Cleanup", Time since last: 1000314321 ns, Reaching safepoint: 822643 ns, At safepoint: 44050 ns, Total: 866693 ns
[2020-08-12T19:32:16.951+0000][6][safepoint    ] Safepoint "Cleanup", Time since last: 1000391895 ns, Reaching safepoint: 878693 ns, At safepoint: 44437 ns, Total: 923130 ns
[2020-08-12T19:32:17.952+0000][6][safepoint    ] Safepoint "Cleanup", Time since last: 1000398183 ns, Reaching safepoint: 830180 ns, At safepoint: 47487 ns, Total: 877667 ns
[2020-08-12T19:32:19.349+0000][6][safepoint    ] Safepoint "Cleanup", Time since last: 1395677796 ns, Reaching safepoint: 508783 ns, At safepoint: 39537 ns, Total: 548320 ns
[2020-08-12T19:32:20.350+0000][6][safepoint    ] Safepoint "Cleanup", Time since last: 1000319446 ns, Reaching safepoint: 593808 ns, At safepoint: 44812 ns, Total: 638620 ns
[2020-08-12T19:32:21.351+0000][6][safepoint    ] Safepoint "Cleanup", Time since last: 1000320896 ns, Reaching safepoint: 657932 ns, At safepoint: 31699 ns, Total: 689631 ns
[2020-08-12T19:32:22.352+0000][6][safepoint    ] Safepoint "Cleanup", Time since last: 1000264297 ns, Reaching safepoint: 861030 ns, At safepoint: 43675 ns, Total: 904705 ns
[2020-08-12T19:32:23.353+0000][6][safepoint    ] Safepoint "Cleanup", Time since last: 1000398295 ns, Reaching safepoint: 849080 ns, At safepoint: 45100 ns, Total: 894180 ns
[2020-08-12T19:32:24.945+0000][6][safepoint    ] Safepoint "Cleanup", Time since last: 1591223864 ns, Reaching safepoint: 808168 ns, At safepoint: 45125 ns, Total: 853293 ns
[2020-08-12T19:32:25.946+0000][6][safepoint    ] Safepoint "Cleanup", Time since last: 1000402920 ns, Reaching safepoint: 773694 ns, At safepoint: 46312 ns, Total: 820006 ns
[2020-08-12T19:32:26.947+0000][6][safepoint    ] Safepoint "Cleanup", Time since last: 1000341433 ns, Reaching safepoint: 629182 ns, At safepoint: 45075 ns, Total: 674257 ns
[2020-08-12T19:32:27.948+0000][6][safepoint    ] Safepoint "Cleanup", Time since last: 1000334108 ns, Reaching safepoint: 587807 ns, At safepoint: 45925 ns, Total: 633732 ns
[2020-08-12T19:32:29.049+0000][6][safepoint    ] Safepoint "Cleanup", Time since last: 1100291105 ns, Reaching safepoint: 759093 ns, At safepoint: 39600 ns, Total: 798693 ns
[2020-08-12T19:32:30.051+0000][6][safepoint    ] Safepoint "Cleanup", Time since last: 1001102852 ns, Reaching safepoint: 867267 ns, At safepoint: 43663 ns, Total: 910930 ns
[2020-08-12T19:32:31.053+0000][6][safepoint    ] Safepoint "Cleanup", Time since last: 1000345908 ns, Reaching safepoint: 838980 ns, At safepoint: 45012 ns, Total: 883992 ns
[2020-08-12T19:32:32.054+0000][6][safepoint    ] Safepoint "Cleanup", Time since last: 1000387046 ns, Reaching safepoint: 783043 ns, At safepoint: 97949 ns, Total: 880992 ns
[2020-08-12T19:32:33.055+0000][6][safepoint    ] Safepoint "Cleanup", Time since last: 1000316309 ns, Reaching safepoint: 524183 ns, At safepoint: 27550 ns, Total: 551733 ns
[2020-08-12T19:32:34.949+0000][6][safepoint    ] Safepoint "Cleanup", Time since last: 1893659956 ns, Reaching safepoint: 903817 ns, At safepoint: 44575 ns, Total: 948392 ns
[2020-08-12T19:32:35.950+0000][6][safepoint    ] Safepoint "Cleanup", Time since last: 1000326433 ns, Reaching safepoint: 677395 ns, At safepoint: 53937 ns, Total: 731332 ns
[2020-08-12T19:32:37.461+0000][6][safepoint    ] Safepoint "Cleanup", Time since last: 1510169891 ns, Reaching safepoint: 647982 ns, At safepoint: 45437 ns, Total: 693419 ns
[2020-08-12T19:32:39.339+0000][6][safepoint    ] Safepoint "Cleanup", Time since last: 1877611371 ns, Reaching safepoint: 368509 ns, At safepoint: 30400 ns, Total: 398909 ns
[2020-08-12T19:32:40.340+0000][6][safepoint    ] Safepoint "Cleanup", Time since last: 1000295434 ns, Reaching safepoint: 680131 ns, At safepoint: 46025 ns, Total: 726156 ns
[2020-08-12T19:32:41.342+0000][6][safepoint    ] Safepoint "Cleanup", Time since last: 1000386845 ns, Reaching safepoint: 1015991 ns, At safepoint: 62737 ns, Total: 1078728 ns
[2020-08-12T19:32:42.343+0000][6][safepoint    ] Safepoint "Cleanup", Time since last: 1000415658 ns, Reaching safepoint: 846605 ns, At safepoint: 44813 ns, Total: 891418 ns
[2020-08-12T19:32:43.344+0000][6][safepoint    ] Safepoint "Cleanup", Time since last: 1000344370 ns, Reaching safepoint: 786594 ns, At safepoint: 44337 ns, Total: 830931 ns
[2020-08-12T19:32:43.948+0000][6][safepoint    ] Safepoint "BulkRevokeBias", Time since last: 601611888 ns, Reaching safepoint: 582007 ns, At safepoint: 1500937 ns, Total: 2082944 ns
[2020-08-12T19:32:43.951+0000][6][safepoint    ] Safepoint "BulkRevokeBias", Time since last: 647569 ns, Reaching safepoint: 585683 ns, At safepoint: 1486724 ns, Total: 2072407 ns
[2020-08-12T19:32:44.957+0000][6][safepoint    ] Safepoint "Cleanup", Time since last: 1005225629 ns, Reaching safepoint: 774468 ns, At safepoint: 44113 ns, Total: 818581 ns
[2020-08-12T19:32:45.958+0000][6][safepoint    ] Safepoint "Cleanup", Time since last: 1000400507 ns, Reaching safepoint: 603745 ns, At safepoint: 52625 ns, Total: 656370 ns
[2020-08-12T19:32:46.959+0000][6][safepoint    ] Safepoint "Cleanup", Time since last: 1000356358 ns, Reaching safepoint: 381734 ns, At safepoint: 49087 ns, Total: 430821 ns
[2020-08-12T19:32:47.960+0000][6][safepoint    ] Safepoint "Cleanup", Time since last: 1000340171 ns, Reaching safepoint: 811943 ns, At safepoint: 44475 ns, Total: 856418 ns
[2020-08-12T19:32:49.948+0000][6][safepoint    ] Safepoint "Cleanup", Time since last: 1986851687 ns, Reaching safepoint: 979991 ns, At safepoint: 44375 ns, Total: 1024366 ns
[2020-08-12T19:32:50.949+0000][6][safepoint    ] Safepoint "Cleanup", Time since last: 1000390070 ns, Reaching safepoint: 722369 ns, At safepoint: 56662 ns, Total: 779031 ns
[2020-08-12T19:32:51.950+0000][6][safepoint    ] Safepoint "Cleanup", Time since last: 1000348883 ns, Reaching safepoint: 382209 ns, At safepoint: 20288 ns, Total: 402497 ns
[2020-08-12T19:32:52.951+0000][6][safepoint    ] Safepoint "Cleanup", Time since last: 1000220522 ns, Reaching safepoint: 906092 ns, At safepoint: 44212 ns, Total: 950304 ns
[2020-08-12T19:32:54.951+0000][6][safepoint    ] Safepoint "Cleanup", Time since last: 1998853333 ns, Reaching safepoint: 963804 ns, At safepoint: 75137 ns, Total: 1038941 ns
[2020-08-12T19:32:55.952+0000][6][safepoint    ] Safepoint "Cleanup", Time since last: 1000379908 ns, Reaching safepoint: 773668 ns, At safepoint: 142236 ns, Total: 915904 ns
[2020-08-12T19:32:56.953+0000][6][safepoint    ] Safepoint "Cleanup", Time since last: 1000331121 ns, Reaching safepoint: 711732 ns, At safepoint: 38137 ns, Total: 749869 ns
[2020-08-12T19:32:57.954+0000][6][safepoint    ] Safepoint "Cleanup", Time since last: 1000322846 ns, Reaching safepoint: 748469 ns, At safepoint: 89074 ns, Total: 837543 ns
[2020-08-12T19:32:59.411+0000][6][safepoint    ] Safepoint "Cleanup", Time since last: 1456115922 ns, Reaching safepoint: 579983 ns, At safepoint: 48112 ns, Total: 628095 ns
[2020-08-12T19:33:00.412+0000][6][safepoint    ] Safepoint "Cleanup", Time since last: 1000345070 ns, Reaching safepoint: 847093 ns, At safepoint: 56562 ns, Total: 903655 ns
[2020-08-12T19:33:01.414+0000][6][safepoint    ] Safepoint "Cleanup", Time since last: 1000289209 ns, Reaching safepoint: 1130653 ns, At safepoint: 28062 ns, Total: 1158715 ns
[2020-08-12T19:33:02.415+0000][6][safepoint    ] Safepoint "Cleanup", Time since last: 1000289084 ns, Reaching safepoint: 597520 ns, At safepoint: 43937 ns, Total: 641457 ns
[2020-08-12T19:33:03.416+0000][6][safepoint    ] Safepoint "Cleanup", Time since last: 1000344796 ns, Reaching safepoint: 665994 ns, At safepoint: 44700 ns, Total: 710694 ns
[2020-08-12T19:33:04.951+0000][6][safepoint    ] Safepoint "Cleanup", Time since last: 1534459768 ns, Reaching safepoint: 547958 ns, At safepoint: 53812 ns, Total: 601770 ns
[2020-08-12T19:33:05.952+0000][6][safepoint    ] Safepoint "Cleanup", Time since last: 1000297584 ns, Reaching safepoint: 829117 ns, At safepoint: 90537 ns, Total: 919654 ns
[2020-08-12T19:33:07.502+0000][6][safepoint    ] Safepoint "Cleanup", Time since last: 1549476589 ns, Reaching safepoint: 809255 ns, At safepoint: 44637 ns, Total: 853892 ns
[2020-08-12T19:33:09.089+0000][6][safepoint    ] Safepoint "Cleanup", Time since last: 1585785887 ns, Reaching safepoint: 905529 ns, At safepoint: 46037 ns, Total: 951566 ns
[2020-08-12T19:33:10.093+0000][6][safepoint    ] Safepoint "Cleanup", Time since last: 1002732313 ns, Reaching safepoint: 847155 ns, At safepoint: 44875 ns, Total: 892030 ns
[2020-08-12T19:33:11.094+0000][6][safepoint    ] Safepoint "Cleanup", Time since last: 1000347621 ns, Reaching safepoint: 802318 ns, At safepoint: 44399 ns, Total: 846717 ns
[2020-08-12T19:33:12.095+0000][6][safepoint    ] Safepoint "Cleanup", Time since last: 1000402796 ns, Reaching safepoint: 977891 ns, At safepoint: 45150 ns, Total: 1023041 ns
[2020-08-12T19:33:13.096+0000][6][safepoint    ] Safepoint "Cleanup", Time since last: 1000338671 ns, Reaching safepoint: 707531 ns, At safepoint: 44337 ns, Total: 751868 ns
[2020-08-12T19:33:14.954+0000][6][safepoint    ] Safepoint "Cleanup", Time since last: 1857140186 ns, Reaching safepoint: 841968 ns, At safepoint: 44587 ns, Total: 886555 ns
[2020-08-12T19:33:15.955+0000][6][safepoint    ] Safepoint "Cleanup", Time since last: 1000340021 ns, Reaching safepoint: 726668 ns, At safepoint: 44387 ns, Total: 771055 ns
[2020-08-12T19:33:16.956+0000][6][safepoint    ] Safepoint "Cleanup", Time since last: 1000339946 ns, Reaching safepoint: 541733 ns, At safepoint: 43925 ns, Total: 585658 ns
[2020-08-12T19:33:17.957+0000][6][safepoint    ] Safepoint "Cleanup", Time since last: 1000368795 ns, Reaching safepoint: 631045 ns, At safepoint: 44400 ns, Total: 675445 ns
[2020-08-12T19:33:19.355+0000][6][safepoint    ] Safepoint "Cleanup", Time since last: 1396728899 ns, Reaching safepoint: 425884 ns, At safepoint: 24149 ns, Total: 450033 ns
[2020-08-12T19:33:20.356+0000][6][safepoint    ] Safepoint "Cleanup", Time since last: 1000307984 ns, Reaching safepoint: 805656 ns, At safepoint: 44062 ns, Total: 849718 ns
[2020-08-12T19:33:21.357+0000][6][safepoint    ] Safepoint "Cleanup", Time since last: 1000346646 ns, Reaching safepoint: 737943 ns, At safepoint: 59025 ns, Total: 796968 ns
[2020-08-12T19:33:22.358+0000][6][safepoint    ] Safepoint "Cleanup", Time since last: 1000275684 ns, Reaching safepoint: 854780 ns, At safepoint: 45300 ns, Total: 900080 ns
[2020-08-12T19:33:23.359+0000][6][safepoint    ] Safepoint "Cleanup", Time since last: 1000334308 ns, Reaching safepoint: 786818 ns, At safepoint: 46275 ns, Total: 833093 ns
[2020-08-12T19:33:24.958+0000][6][safepoint    ] Safepoint "Cleanup", Time since last: 1597692471 ns, Reaching safepoint: 842767 ns, At safepoint: 43813 ns, Total: 886580 ns
[2020-08-12T19:33:25.959+0000][6][safepoint    ] Safepoint "Cleanup", Time since last: 1000390332 ns, Reaching safepoint: 796356 ns, At safepoint: 44350 ns, Total: 840706 ns
[2020-08-12T19:33:26.960+0000][6][safepoint    ] Safepoint "Cleanup", Time since last: 1000343620 ns, Reaching safepoint: 702919 ns, At safepoint: 44725 ns, Total: 747644 ns
[2020-08-12T19:33:27.961+0000][6][safepoint    ] Safepoint "Cleanup", Time since last: 1000341521 ns, Reaching safepoint: 916954 ns, At safepoint: 43663 ns, Total: 960617 ns
[2020-08-12T19:33:28.993+0000][6][safepoint    ] Safepoint "Cleanup", Time since last: 1031025530 ns, Reaching safepoint: 264972 ns, At safepoint: 10800 ns, Total: 275772 ns
[2020-08-12T19:33:29.994+0000][6][safepoint    ] Safepoint "Cleanup", Time since last: 1000664118 ns, Reaching safepoint: 475734 ns, At safepoint: 24475 ns, Total: 500209 ns
[2020-08-12T19:33:30.995+0000][6][safepoint    ] Safepoint "Cleanup", Time since last: 1000265134 ns, Reaching safepoint: 830667 ns, At safepoint: 44725 ns, Total: 875392 ns
[2020-08-12T19:33:31.996+0000][6][safepoint    ] Safepoint "Cleanup", Time since last: 1000326734 ns, Reaching safepoint: 647682 ns, At safepoint: 34074 ns, Total: 681756 ns
[2020-08-12T19:33:32.997+0000][6][safepoint    ] Safepoint "Cleanup", Time since last: 1000324371 ns, Reaching safepoint: 940942 ns, At safepoint: 46275 ns, Total: 987217 ns
[2020-08-12T19:33:34.951+0000][6][safepoint    ] Safepoint "Cleanup", Time since last: 1953197028 ns, Reaching safepoint: 515483 ns, At safepoint: 21925 ns, Total: 537408 ns
[2020-08-12T19:33:35.952+0000][6][safepoint    ] Safepoint "Cleanup", Time since last: 1000269221 ns, Reaching safepoint: 761881 ns, At safepoint: 46800 ns, Total: 808681 ns
[2020-08-12T19:33:37.389+0000][6][safepoint    ] Safepoint "Cleanup", Time since last: 1436117708 ns, Reaching safepoint: 637394 ns, At safepoint: 45000 ns, Total: 682394 ns
[2020-08-12T19:33:39.364+0000][6][safepoint    ] Safepoint "Cleanup", Time since last: 1974556343 ns, Reaching safepoint: 387522 ns, At safepoint: 22962 ns, Total: 410484 ns
[2020-08-12T19:33:40.365+0000][6][safepoint    ] Safepoint "Cleanup", Time since last: 1000278384 ns, Reaching safepoint: 731781 ns, At safepoint: 57100 ns, Total: 788881 ns
[2020-08-12T19:33:41.366+0000][6][safepoint    ] Safepoint "Cleanup", Time since last: 1000285734 ns, Reaching safepoint: 608207 ns, At safepoint: 41125 ns, Total: 649332 ns
[2020-08-12T19:33:42.367+0000][6][safepoint    ] Safepoint "Cleanup", Time since last: 1000287696 ns, Reaching safepoint: 868442 ns, At safepoint: 45475 ns, Total: 913917 ns
[2020-08-12T19:33:43.368+0000][6][safepoint    ] Safepoint "Cleanup", Time since last: 1000353033 ns, Reaching safepoint: 755294 ns, At safepoint: 45887 ns, Total: 801181 ns
[2020-08-12T19:33:44.956+0000][6][safepoint    ] Safepoint "Cleanup", Time since last: 1586400693 ns, Reaching safepoint: 843131 ns, At safepoint: 44462 ns, Total: 887593 ns
[2020-08-12T19:33:45.957+0000][6][safepoint    ] Safepoint "Cleanup", Time since last: 1000418483 ns, Reaching safepoint: 652056 ns, At safepoint: 79337 ns, Total: 731393 ns
[2020-08-12T19:33:46.958+0000][6][safepoint    ] Safepoint "Cleanup", Time since last: 1000388933 ns, Reaching safepoint: 531071 ns, At safepoint: 54399 ns, Total: 585470 ns
[2020-08-12T19:33:47.959+0000][6][safepoint    ] Safepoint "Cleanup", Time since last: 1000431383 ns, Reaching safepoint: 757093 ns, At safepoint: 47175 ns, Total: 804268 ns
[2020-08-12T19:33:49.258+0000][6][safepoint    ] Safepoint "Cleanup", Time since last: 1298488250 ns, Reaching safepoint: 448621 ns, At safepoint: 21113 ns, Total: 469734 ns
[2020-08-12T19:33:50.260+0000][6][safepoint    ] Safepoint "Cleanup", Time since last: 1000908903 ns, Reaching safepoint: 678282 ns, At safepoint: 52299 ns, Total: 730581 ns
[2020-08-12T19:33:51.261+0000][6][safepoint    ] Safepoint "Cleanup", Time since last: 1000385571 ns, Reaching safepoint: 817968 ns, At safepoint: 78662 ns, Total: 896630 ns
[2020-08-12T19:33:52.262+0000][6][safepoint    ] Safepoint "Cleanup", Time since last: 1000399908 ns, Reaching safepoint: 898592 ns, At safepoint: 58587 ns, Total: 957179 ns
[2020-08-12T19:33:53.263+0000][6][safepoint    ] Safepoint "Cleanup", Time since last: 1000336221 ns, Reaching safepoint: 765906 ns, At safepoint: 46974 ns, Total: 812880 ns
[2020-08-12T19:33:54.955+0000][6][safepoint    ] Safepoint "Cleanup", Time since last: 1691205848 ns, Reaching safepoint: 636857 ns, At safepoint: 45212 ns, Total: 682069 ns
[2020-08-12T19:33:55.956+0000][6][safepoint    ] Safepoint "Cleanup", Time since last: 1000299447 ns, Reaching safepoint: 456208 ns, At safepoint: 22150 ns, Total: 478358 ns
[2020-08-12T19:33:56.957+0000][6][safepoint    ] Safepoint "Cleanup", Time since last: 1000218334 ns, Reaching safepoint: 464621 ns, At safepoint: 23475 ns, Total: 488096 ns
[2020-08-12T19:33:57.958+0000][6][safepoint    ] Safepoint "Cleanup", Time since last: 1000268934 ns, Reaching safepoint: 798093 ns, At safepoint: 44863 ns, Total: 842956 ns
[2020-08-12T19:33:59.414+0000][6][safepoint    ] Safepoint "Cleanup", Time since last: 1455538277 ns, Reaching safepoint: 451758 ns, At safepoint: 21900 ns, Total: 473658 ns
[2020-08-12T19:34:00.415+0000][6][safepoint    ] Safepoint "Cleanup", Time since last: 1000363483 ns, Reaching safepoint: 852856 ns, At safepoint: 44687 ns, Total: 897543 ns
[2020-08-12T19:34:01.416+0000][6][safepoint    ] Safepoint "Cleanup", Time since last: 1000387970 ns, Reaching safepoint: 647507 ns, At safepoint: 40912 ns, Total: 688419 ns
[2020-08-12T19:34:02.417+0000][6][safepoint    ] Safepoint "Cleanup", Time since last: 1000284347 ns, Reaching safepoint: 671544 ns, At safepoint: 72149 ns, Total: 743693 ns
[2020-08-12T19:34:03.418+0000][6][safepoint    ] Safepoint "Cleanup", Time since last: 1000324921 ns, Reaching safepoint: 505746 ns, At safepoint: 33699 ns, Total: 539445 ns
[2020-08-12T19:34:04.959+0000][6][safepoint    ] Safepoint "Cleanup", Time since last: 1539853935 ns, Reaching safepoint: 926392 ns, At safepoint: 104899 ns, Total: 1031291 ns
[2020-08-12T19:34:05.960+0000][6][safepoint    ] Safepoint "Cleanup", Time since last: 1000278321 ns, Reaching safepoint: 433634 ns, At safepoint: 20462 ns, Total: 454096 ns
[2020-08-12T19:34:07.409+0000][6][safepoint    ] Safepoint "Cleanup", Time since last: 1448600900 ns, Reaching safepoint: 683319 ns, At safepoint: 46012 ns, Total: 729331 ns
[2020-08-12T19:34:09.117+0000][6][safepoint    ] Safepoint "Cleanup", Time since last: 1707225560 ns, Reaching safepoint: 531783 ns, At safepoint: 13574 ns, Total: 545357 ns
[2020-08-12T19:34:10.119+0000][6][safepoint    ] Safepoint "Cleanup", Time since last: 1000955079 ns, Reaching safepoint: 825818 ns, At safepoint: 44562 ns, Total: 870380 ns
[2020-08-12T19:34:11.120+0000][6][safepoint    ] Safepoint "Cleanup", Time since last: 1000320208 ns, Reaching safepoint: 625645 ns, At safepoint: 33474 ns, Total: 659119 ns
[2020-08-12T19:34:12.121+0000][6][safepoint    ] Safepoint "Cleanup", Time since last: 1000346121 ns, Reaching safepoint: 702832 ns, At safepoint: 37362 ns, Total: 740194 ns
[2020-08-12T19:34:13.122+0000][6][safepoint    ] Safepoint "Cleanup", Time since last: 1000371721 ns, Reaching safepoint: 801230 ns, At safepoint: 101074 ns, Total: 902304 ns
[2020-08-12T19:34:14.957+0000][6][safepoint    ] Safepoint "Cleanup", Time since last: 1834309921 ns, Reaching safepoint: 985042 ns, At safepoint: 44637 ns, Total: 1029679 ns
[2020-08-12T19:34:15.958+0000][6][safepoint    ] Safepoint "Cleanup", Time since last: 1000348845 ns, Reaching safepoint: 686870 ns, At safepoint: 44824 ns, Total: 731694 ns
[2020-08-12T19:34:16.960+0000][6][safepoint    ] Safepoint "Cleanup", Time since last: 1000331246 ns, Reaching safepoint: 791031 ns, At safepoint: 43962 ns, Total: 834993 ns
[2020-08-12T19:34:17.961+0000][6][safepoint    ] Safepoint "Cleanup", Time since last: 1000379858 ns, Reaching safepoint: 816830 ns, At safepoint: 44563 ns, Total: 861393 ns
[2020-08-12T19:34:19.299+0000][6][safepoint    ] Safepoint "Cleanup", Time since last: 1338017770 ns, Reaching safepoint: 555733 ns, At safepoint: 25412 ns, Total: 581145 ns
[2020-08-12T19:34:20.301+0000][6][safepoint    ] Safepoint "Cleanup", Time since last: 1000269659 ns, Reaching safepoint: 892742 ns, At safepoint: 44612 ns, Total: 937354 ns
[2020-08-12T19:34:21.302+0000][6][safepoint    ] Safepoint "Cleanup", Time since last: 1000400083 ns, Reaching safepoint: 787543 ns, At safepoint: 44638 ns, Total: 832181 ns
[2020-08-12T19:34:22.303+0000][6][safepoint    ] Safepoint "Cleanup", Time since last: 1000352358 ns, Reaching safepoint: 490708 ns, At safepoint: 25675 ns, Total: 516383 ns
[2020-08-12T19:34:23.304+0000][6][safepoint    ] Safepoint "Cleanup", Time since last: 1000271197 ns, Reaching safepoint: 799430 ns, At safepoint: 44375 ns, Total: 843805 ns
[2020-08-12T19:34:24.959+0000][6][safepoint    ] Safepoint "Cleanup", Time since last: 1654425954 ns, Reaching safepoint: 925667 ns, At safepoint: 44437 ns, Total: 970104 ns
[2020-08-12T19:34:25.960+0000][6][safepoint    ] Safepoint "Cleanup", Time since last: 1000337771 ns, Reaching safepoint: 837843 ns, At safepoint: 43874 ns, Total: 881717 ns
[2020-08-12T19:34:26.961+0000][6][safepoint    ] Safepoint "Cleanup", Time since last: 1000312759 ns, Reaching safepoint: 588282 ns, At safepoint: 30188 ns, Total: 618470 ns
[2020-08-12T19:34:27.962+0000][6][safepoint    ] Safepoint "Cleanup", Time since last: 1000329058 ns, Reaching safepoint: 701844 ns, At safepoint: 44312 ns, Total: 746156 ns
[2020-08-12T19:34:29.098+0000][6][safepoint    ] Safepoint "Cleanup", Time since last: 1135659449 ns, Reaching safepoint: 297272 ns, At safepoint: 11388 ns, Total: 308660 ns
[2020-08-12T19:34:30.101+0000][6][safepoint    ] Safepoint "Cleanup", Time since last: 1002037293 ns, Reaching safepoint: 655145 ns, At safepoint: 44024 ns, Total: 699169 ns
[2020-08-12T19:34:31.102+0000][6][safepoint    ] Safepoint "Cleanup", Time since last: 1000341296 ns, Reaching safepoint: 639457 ns, At safepoint: 44162 ns, Total: 683619 ns
[2020-08-12T19:34:32.103+0000][6][safepoint    ] Safepoint "Cleanup", Time since last: 1000369171 ns, Reaching safepoint: 648607 ns, At safepoint: 51087 ns, Total: 699694 ns
[2020-08-12T19:34:33.104+0000][6][safepoint    ] Safepoint "Cleanup", Time since last: 1000320784 ns, Reaching safepoint: 743318 ns, At safepoint: 37825 ns, Total: 781143 ns
[2020-08-12T19:34:34.959+0000][6][safepoint    ] Safepoint "Cleanup", Time since last: 1853690078 ns, Reaching safepoint: 769605 ns, At safepoint: 43850 ns, Total: 813455 ns
[2020-08-12T19:34:35.960+0000][6][safepoint    ] Safepoint "Cleanup", Time since last: 1000411758 ns, Reaching safepoint: 933729 ns, At safepoint: 56512 ns, Total: 990241 ns
[2020-08-12T19:34:37.192+0000][6][safepoint    ] Safepoint "Cleanup", Time since last: 1231148184 ns, Reaching safepoint: 964567 ns, At safepoint: 44424 ns, Total: 1008991 ns
[2020-08-12T19:34:38.193+0000][6][safepoint    ] Safepoint "Cleanup", Time since last: 1000338734 ns, Reaching safepoint: 582107 ns, At safepoint: 55762 ns, Total: 637869 ns
[2020-08-12T19:34:38.345+0000][6][safepoint    ] Safepoint "BulkRevokeBias", Time since last: 147365311 ns, Reaching safepoint: 680394 ns, At safepoint: 3094048 ns, Total: 3774442 ns
[2020-08-12T19:34:39.345+0000][6][safepoint    ] Safepoint "Cleanup", Time since last: 1000447770 ns, Reaching safepoint: 492221 ns, At safepoint: 33575 ns, Total: 525796 ns
[2020-08-12T19:34:40.346+0000][6][safepoint    ] Safepoint "Cleanup", Time since last: 1000283684 ns, Reaching safepoint: 674119 ns, At safepoint: 44837 ns, Total: 718956 ns
[2020-08-12T19:34:41.348+0000][6][safepoint    ] Safepoint "Cleanup", Time since last: 1000351321 ns, Reaching safepoint: 1177115 ns, At safepoint: 56187 ns, Total: 1233302 ns
[2020-08-12T19:34:42.350+0000][6][safepoint    ] Safepoint "Cleanup", Time since last: 1000337096 ns, Reaching safepoint: 1078690 ns, At safepoint: 66487 ns, Total: 1145177 ns
[2020-08-12T19:34:43.351+0000][6][safepoint    ] Safepoint "Cleanup", Time since last: 1000389734 ns, Reaching safepoint: 661994 ns, At safepoint: 40012 ns, Total: 702006 ns
[2020-08-12T19:34:43.967+0000][6][safepoint    ] Safepoint "BulkRevokeBias", Time since last: 611830649 ns, Reaching safepoint: 815618 ns, At safepoint: 3845454 ns, Total: 4661072 ns
[2020-08-12T19:34:44.974+0000][6][safepoint    ] Safepoint "Cleanup", Time since last: 1005972760 ns, Reaching safepoint: 925804 ns, At safepoint: 47337 ns, Total: 973141 ns
[2020-08-12T19:34:45.975+0000][6][safepoint    ] Safepoint "Cleanup", Time since last: 1000350334 ns, Reaching safepoint: 900617 ns, At safepoint: 57699 ns, Total: 958316 ns
[2020-08-12T19:34:46.977+0000][6][safepoint    ] Safepoint "Cleanup", Time since last: 1000344171 ns, Reaching safepoint: 868393 ns, At safepoint: 43962 ns, Total: 912355 ns
[2020-08-12T19:34:47.978+0000][6][safepoint    ] Safepoint "Cleanup", Time since last: 1000328608 ns, Reaching safepoint: 657470 ns, At safepoint: 38049 ns, Total: 695519 ns
[2020-08-12T19:34:49.003+0000][6][safepoint    ] Safepoint "Cleanup", Time since last: 1024513849 ns, Reaching safepoint: 636720 ns, At safepoint: 16337 ns, Total: 653057 ns
[2020-08-12T19:34:50.005+0000][6][safepoint    ] Safepoint "Cleanup", Time since last: 1001443887 ns, Reaching safepoint: 849067 ns, At safepoint: 44387 ns, Total: 893454 ns
[2020-08-12T19:34:51.006+0000][6][safepoint    ] Safepoint "Cleanup", Time since last: 1000343384 ns, Reaching safepoint: 666544 ns, At safepoint: 44162 ns, Total: 710706 ns
[2020-08-12T19:34:52.007+0000][6][safepoint    ] Safepoint "Cleanup", Time since last: 1000357708 ns, Reaching safepoint: 604233 ns, At safepoint: 30312 ns, Total: 634545 ns
[2020-08-12T19:34:53.008+0000][6][safepoint    ] Safepoint "Cleanup", Time since last: 1000286084 ns, Reaching safepoint: 673394 ns, At safepoint: 51587 ns, Total: 724981 ns
[2020-08-12T19:34:54.963+0000][6][safepoint    ] Safepoint "Cleanup", Time since last: 1954094571 ns, Reaching safepoint: 857630 ns, At safepoint: 44699 ns, Total: 902329 ns
[2020-08-12T19:34:55.965+0000][6][safepoint    ] Safepoint "Cleanup", Time since last: 1000348321 ns, Reaching safepoint: 938704 ns, At safepoint: 44613 ns, Total: 983317 ns
[2020-08-12T19:34:56.966+0000][6][safepoint    ] Safepoint "Cleanup", Time since last: 1000432470 ns, Reaching safepoint: 710144 ns, At safepoint: 45224 ns, Total: 755368 ns
[2020-08-12T19:34:57.967+0000][6][safepoint    ] Safepoint "Cleanup", Time since last: 1000371583 ns, Reaching safepoint: 630945 ns, At safepoint: 47224 ns, Total: 678169 ns
[2020-08-12T19:34:59.432+0000][6][safepoint    ] Safepoint "Cleanup", Time since last: 1464853484 ns, Reaching safepoint: 567221 ns, At safepoint: 27937 ns, Total: 595158 ns
[2020-08-12T19:35:00.433+0000][6][safepoint    ] Safepoint "Cleanup", Time since last: 1000257309 ns, Reaching safepoint: 653369 ns, At safepoint: 45100 ns, Total: 698469 ns
[2020-08-12T19:35:01.434+0000][6][safepoint    ] Safepoint "Cleanup", Time since last: 1000308771 ns, Reaching safepoint: 851380 ns, At safepoint: 46125 ns, Total: 897505 ns
[2020-08-12T19:35:02.435+0000][6][safepoint    ] Safepoint "Cleanup", Time since last: 1000304334 ns, Reaching safepoint: 719431 ns, At safepoint: 46562 ns, Total: 765993 ns
[2020-08-12T19:35:03.437+0000][6][safepoint    ] Safepoint "Cleanup", Time since last: 1000341371 ns, Reaching safepoint: 673457 ns, At safepoint: 52849 ns, Total: 726306 ns
[2020-08-12T19:35:04.964+0000][6][safepoint    ] Safepoint "Cleanup", Time since last: 1526699336 ns, Reaching safepoint: 833480 ns, At safepoint: 46362 ns, Total: 879842 ns
[2020-08-12T19:35:05.965+0000][6][safepoint    ] Safepoint "Cleanup", Time since last: 1000285047 ns, Reaching safepoint: 680219 ns, At safepoint: 44999 ns, Total: 725218 ns
[2020-08-12T19:35:07.391+0000][6][safepoint    ] Safepoint "Cleanup", Time since last: 1425398539 ns, Reaching safepoint: 719281 ns, At safepoint: 53025 ns, Total: 772306 ns
[2020-08-12T19:35:08.392+0000][6][safepoint    ] Safepoint "Cleanup", Time since last: 1000310033 ns, Reaching safepoint: 514283 ns, At safepoint: 23900 ns, Total: 538183 ns
[2020-08-12T19:35:10.295+0000][6][safepoint    ] Safepoint "Cleanup", Time since last: 1902017534 ns, Reaching safepoint: 538446 ns, At safepoint: 44149 ns, Total: 582595 ns
[2020-08-12T19:35:11.296+0000][6][safepoint    ] Safepoint "Cleanup", Time since last: 1000406121 ns, Reaching safepoint: 575070 ns, At safepoint: 44824 ns, Total: 619894 ns
[2020-08-12T19:35:12.297+0000][6][safepoint    ] Safepoint "Cleanup", Time since last: 1000400983 ns, Reaching safepoint: 586908 ns, At safepoint: 44362 ns, Total: 631270 ns
[2020-08-12T19:35:13.298+0000][6][safepoint    ] Safepoint "Cleanup", Time since last: 1000390645 ns, Reaching safepoint: 545520 ns, At safepoint: 40600 ns, Total: 586120 ns
[2020-08-12T19:35:13.967+0000][6][safepoint    ] Safepoint "BulkRevokeBias", Time since last: 665144313 ns, Reaching safepoint: 699668 ns, At safepoint: 3805868 ns, Total: 4505536 ns
[2020-08-12T19:35:14.981+0000][6][safepoint    ] Safepoint "Cleanup", Time since last: 1013139497 ns, Reaching safepoint: 714144 ns, At safepoint: 55999 ns, Total: 770143 ns
[2020-08-12T19:35:15.982+0000][6][safepoint    ] Safepoint "Cleanup", Time since last: 1000370384 ns, Reaching safepoint: 610257 ns, At safepoint: 44324 ns, Total: 654581 ns
[2020-08-12T19:35:16.983+0000][6][safepoint    ] Safepoint "Cleanup", Time since last: 1000340484 ns, Reaching safepoint: 491858 ns, At safepoint: 44712 ns, Total: 536570 ns
[2020-08-12T19:35:17.985+0000][6][safepoint    ] Safepoint "Cleanup", Time since last: 1000391221 ns, Reaching safepoint: 873480 ns, At safepoint: 38087 ns, Total: 911567 ns
[2020-08-12T19:35:19.325+0000][6][safepoint    ] Safepoint "Cleanup", Time since last: 1340517374 ns, Reaching safepoint: 409921 ns, At safepoint: 18562 ns, Total: 428483 ns
[2020-08-12T19:35:20.326+0000][6][safepoint    ] Safepoint "Cleanup", Time since last: 1000232147 ns, Reaching safepoint: 632907 ns, At safepoint: 44312 ns, Total: 677219 ns
[2020-08-12T19:35:21.327+0000][6][safepoint    ] Safepoint "Cleanup", Time since last: 1000343871 ns, Reaching safepoint: 623995 ns, At safepoint: 44237 ns, Total: 668232 ns
[2020-08-12T19:35:22.328+0000][6][safepoint    ] Safepoint "Cleanup", Time since last: 1000347883 ns, Reaching safepoint: 661732 ns, At safepoint: 52500 ns, Total: 714232 ns
[2020-08-12T19:35:23.329+0000][6][safepoint    ] Safepoint "Cleanup", Time since last: 1000295246 ns, Reaching safepoint: 511471 ns, At safepoint: 55299 ns, Total: 566770 ns
[2020-08-12T19:35:24.967+0000][6][safepoint    ] Safepoint "Cleanup", Time since last: 1636599959 ns, Reaching safepoint: 593732 ns, At safepoint: 51775 ns, Total: 645507 ns
[2020-08-12T19:35:25.968+0000][6][safepoint    ] Safepoint "Cleanup", Time since last: 1000346846 ns, Reaching safepoint: 802830 ns, At safepoint: 44825 ns, Total: 847655 ns
[2020-08-12T19:35:26.969+0000][6][safepoint    ] Safepoint "Cleanup", Time since last: 1000421520 ns, Reaching safepoint: 925967 ns, At safepoint: 44287 ns, Total: 970254 ns
[2020-08-12T19:35:27.970+0000][6][safepoint    ] Safepoint "Cleanup", Time since last: 1000354783 ns, Reaching safepoint: 850593 ns, At safepoint: 44775 ns, Total: 895368 ns
[2020-08-12T19:35:29.312+0000][6][safepoint    ] Safepoint "Cleanup", Time since last: 1340785746 ns, Reaching safepoint: 343385 ns, At safepoint: 22374 ns, Total: 365759 ns
[2020-08-12T19:35:30.314+0000][6][safepoint    ] Safepoint "Cleanup", Time since last: 1001023703 ns, Reaching safepoint: 858980 ns, At safepoint: 44524 ns, Total: 903504 ns
[2020-08-12T19:35:31.315+0000][6][safepoint    ] Safepoint "Cleanup", Time since last: 1000347271 ns, Reaching safepoint: 858380 ns, At safepoint: 44475 ns, Total: 902855 ns
[2020-08-12T19:35:32.316+0000][6][safepoint    ] Safepoint "Cleanup", Time since last: 1000384671 ns, Reaching safepoint: 772655 ns, At safepoint: 82087 ns, Total: 854742 ns
[2020-08-12T19:35:33.317+0000][6][safepoint    ] Safepoint "Cleanup", Time since last: 1000304709 ns, Reaching safepoint: 341209 ns, At safepoint: 12025 ns, Total: 353234 ns
[2020-08-12T19:35:34.964+0000][6][safepoint    ] Safepoint "Cleanup", Time since last: 1647105793 ns, Reaching safepoint: 360309 ns, At safepoint: 57625 ns, Total: 417934 ns
[2020-08-12T19:35:35.965+0000][6][safepoint    ] Safepoint "Cleanup", Time since last: 1000323208 ns, Reaching safepoint: 458609 ns, At safepoint: 47012 ns, Total: 505621 ns
[2020-08-12T19:35:37.395+0000][6][safepoint    ] Safepoint "Cleanup", Time since last: 1429569527 ns, Reaching safepoint: 662645 ns, At safepoint: 45462 ns, Total: 708107 ns
[2020-08-12T19:35:39.391+0000][6][safepoint    ] Safepoint "Cleanup", Time since last: 1995637898 ns, Reaching safepoint: 353109 ns, At safepoint: 37975 ns, Total: 391084 ns
[2020-08-12T19:35:40.392+0000][6][safepoint    ] Safepoint "Cleanup", Time since last: 1000281096 ns, Reaching safepoint: 777206 ns, At safepoint: 47475 ns, Total: 824681 ns
[2020-08-12T19:35:41.394+0000][6][safepoint    ] Safepoint "Cleanup", Time since last: 1000341733 ns, Reaching safepoint: 745706 ns, At safepoint: 68212 ns, Total: 813918 ns
[2020-08-12T19:35:42.395+0000][6][safepoint    ] Safepoint "Cleanup", Time since last: 1000377733 ns, Reaching safepoint: 560320 ns, At safepoint: 44337 ns, Total: 604657 ns
[2020-08-12T19:35:43.396+0000][6][safepoint    ] Safepoint "Cleanup", Time since last: 1000379071 ns, Reaching safepoint: 582532 ns, At safepoint: 523458 ns, Total: 1105990 ns
[2020-08-12T19:35:44.971+0000][6][safepoint    ] Safepoint "Cleanup", Time since last: 1574352848 ns, Reaching safepoint: 860793 ns, At safepoint: 45600 ns, Total: 906393 ns
[2020-08-12T19:35:45.973+0000][6][safepoint    ] Safepoint "Cleanup", Time since last: 1000374670 ns, Reaching safepoint: 865230 ns, At safepoint: 43887 ns, Total: 909117 ns
[2020-08-12T19:35:47.744+0000][6][safepoint    ] Safepoint "Cleanup", Time since last: 1770755634 ns, Reaching safepoint: 1026466 ns, At safepoint: 44550 ns, Total: 1071016 ns
[2020-08-12T19:35:49.213+0000][6][safepoint    ] Safepoint "Cleanup", Time since last: 1468189905 ns, Reaching safepoint: 340110 ns, At safepoint: 10924 ns, Total: 351034 ns
[2020-08-12T19:35:50.215+0000][6][safepoint    ] Safepoint "Cleanup", Time since last: 1000688868 ns, Reaching safepoint: 928805 ns, At safepoint: 45762 ns, Total: 974567 ns
[2020-08-12T19:35:51.216+0000][6][safepoint    ] Safepoint "Cleanup", Time since last: 1000351771 ns, Reaching safepoint: 650082 ns, At safepoint: 44187 ns, Total: 694269 ns
[2020-08-12T19:35:52.217+0000][6][safepoint    ] Safepoint "Cleanup", Time since last: 1000448570 ns, Reaching safepoint: 721543 ns, At safepoint: 95375 ns, Total: 816918 ns
[2020-08-12T19:35:53.218+0000][6][safepoint    ] Safepoint "Cleanup", Time since last: 1000364620 ns, Reaching safepoint: 923080 ns, At safepoint: 69724 ns, Total: 992804 ns
[2020-08-12T19:35:54.970+0000][6][safepoint    ] Safepoint "Cleanup", Time since last: 1750564047 ns, Reaching safepoint: 806668 ns, At safepoint: 47487 ns, Total: 854155 ns
[2020-08-12T19:35:55.971+0000][6][safepoint    ] Safepoint "Cleanup", Time since last: 1000389208 ns, Reaching safepoint: 609194 ns, At safepoint: 44625 ns, Total: 653819 ns
[2020-08-12T19:35:56.972+0000][6][safepoint    ] Safepoint "Cleanup", Time since last: 1000345046 ns, Reaching safepoint: 441634 ns, At safepoint: 28674 ns, Total: 470308 ns
[2020-08-12T19:35:57.973+0000][6][safepoint    ] Safepoint "Cleanup", Time since last: 1000294672 ns, Reaching safepoint: 687381 ns, At safepoint: 44662 ns, Total: 732043 ns
[2020-08-12T19:35:59.338+0000][6][safepoint    ] Safepoint "Cleanup", Time since last: 1364822164 ns, Reaching safepoint: 320397 ns, At safepoint: 26125 ns, Total: 346522 ns
[2020-08-12T19:36:00.339+0000][6][safepoint    ] Safepoint "Cleanup", Time since last: 1000294771 ns, Reaching safepoint: 646619 ns, At safepoint: 46412 ns, Total: 693031 ns
[2020-08-12T19:36:01.340+0000][6][safepoint    ] Safepoint "Cleanup", Time since last: 1000429508 ns, Reaching safepoint: 541833 ns, At safepoint: 38150 ns, Total: 579983 ns
[2020-08-12T19:36:02.341+0000][6][safepoint    ] Safepoint "Cleanup", Time since last: 1000432295 ns, Reaching safepoint: 894292 ns, At safepoint: 44500 ns, Total: 938792 ns
[2020-08-12T19:36:03.342+0000][6][safepoint    ] Safepoint "Cleanup", Time since last: 1000359508 ns, Reaching safepoint: 841643 ns, At safepoint: 44324 ns, Total: 885967 ns
[2020-08-12T19:36:04.974+0000][6][safepoint    ] Safepoint "Cleanup", Time since last: 1630370038 ns, Reaching safepoint: 874255 ns, At safepoint: 53724 ns, Total: 927979 ns
[2020-08-12T19:36:05.975+0000][6][safepoint    ] Safepoint "Cleanup", Time since last: 1000412133 ns, Reaching safepoint: 827893 ns, At safepoint: 46825 ns, Total: 874718 ns
[2020-08-12T19:36:06.376+0000][6][safepoint    ] Safepoint "BulkRevokeBias", Time since last: 398251112 ns, Reaching safepoint: 991279 ns, At safepoint: 2305780 ns, Total: 3297059 ns
[2020-08-12T19:36:07.484+0000][6][safepoint    ] Safepoint "Cleanup", Time since last: 1106905660 ns, Reaching safepoint: 946642 ns, At safepoint: 46549 ns, Total: 993191 ns
[2020-08-12T19:36:09.270+0000][6][safepoint    ] Safepoint "Cleanup", Time since last: 1783155427 ns, Reaching safepoint: 2116706 ns, At safepoint: 21363 ns, Total: 2138069 ns
[2020-08-12T19:36:10.271+0000][6][safepoint    ] Safepoint "Cleanup", Time since last: 1000736767 ns, Reaching safepoint: 899430 ns, At safepoint: 50674 ns, Total: 950104 ns
[2020-08-12T19:36:11.272+0000][6][safepoint    ] Safepoint "Cleanup", Time since last: 1000305034 ns, Reaching safepoint: 708769 ns, At safepoint: 37375 ns, Total: 746144 ns
[2020-08-12T19:36:12.273+0000][6][safepoint    ] Safepoint "Cleanup", Time since last: 1000279459 ns, Reaching safepoint: 709506 ns, At safepoint: 33762 ns, Total: 743268 ns
[2020-08-12T19:36:13.274+0000][6][safepoint    ] Safepoint "Cleanup", Time since last: 1000272947 ns, Reaching safepoint: 513745 ns, At safepoint: 23100 ns, Total: 536845 ns
[2020-08-12T19:36:14.978+0000][6][safepoint    ] Safepoint "Cleanup", Time since last: 1702868110 ns, Reaching safepoint: 856555 ns, At safepoint: 46125 ns, Total: 902680 ns
[2020-08-12T19:36:15.979+0000][6][safepoint    ] Safepoint "Cleanup", Time since last: 1000338833 ns, Reaching safepoint: 781456 ns, At safepoint: 44549 ns, Total: 826005 ns
[2020-08-12T19:36:16.980+0000][6][safepoint    ] Safepoint "Cleanup", Time since last: 1000290796 ns, Reaching safepoint: 358110 ns, At safepoint: 70599 ns, Total: 428709 ns
[2020-08-12T19:36:17.981+0000][6][safepoint    ] Safepoint "Cleanup", Time since last: 1000244584 ns, Reaching safepoint: 996192 ns, At safepoint: 73024 ns, Total: 1069216 ns
[2020-08-12T19:36:19.315+0000][6][safepoint    ] Safepoint "Cleanup", Time since last: 1333598147 ns, Reaching safepoint: 425708 ns, At safepoint: 30713 ns, Total: 456421 ns
[2020-08-12T19:36:20.316+0000][6][safepoint    ] Safepoint "Cleanup", Time since last: 1000314396 ns, Reaching safepoint: 657831 ns, At safepoint: 44813 ns, Total: 702644 ns
[2020-08-12T19:36:21.318+0000][6][safepoint    ] Safepoint "Cleanup", Time since last: 1000676018 ns, Reaching safepoint: 807968 ns, At safepoint: 38474 ns, Total: 846442 ns
[2020-08-12T19:36:22.319+0000][6][safepoint    ] Safepoint "Cleanup", Time since last: 1000435133 ns, Reaching safepoint: 921692 ns, At safepoint: 43674 ns, Total: 965366 ns
[2020-08-12T19:36:23.320+0000][6][safepoint    ] Safepoint "Cleanup", Time since last: 1000333359 ns, Reaching safepoint: 858568 ns, At safepoint: 44012 ns, Total: 902580 ns
[2020-08-12T19:36:24.977+0000][6][safepoint    ] Safepoint "Cleanup", Time since last: 1655789879 ns, Reaching safepoint: 847943 ns, At safepoint: 56700 ns, Total: 904643 ns
[2020-08-12T19:36:25.978+0000][6][safepoint    ] Safepoint "Cleanup", Time since last: 1000338983 ns, Reaching safepoint: 686282 ns, At safepoint: 45287 ns, Total: 731569 ns
[2020-08-12T19:36:26.979+0000][6][safepoint    ] Safepoint "Cleanup", Time since last: 1000332496 ns, Reaching safepoint: 528258 ns, At safepoint: 43274 ns, Total: 571532 ns
[2020-08-12T19:36:27.980+0000][6][safepoint    ] Safepoint "Cleanup", Time since last: 1000341946 ns, Reaching safepoint: 758631 ns, At safepoint: 56287 ns, Total: 814918 ns
[2020-08-12T19:36:29.370+0000][6][safepoint    ] Safepoint "Cleanup", Time since last: 1388893880 ns, Reaching safepoint: 886792 ns, At safepoint: 46262 ns, Total: 933054 ns
[2020-08-12T19:36:30.373+0000][6][safepoint    ] Safepoint "Cleanup", Time since last: 1001712209 ns, Reaching safepoint: 887793 ns, At safepoint: 47412 ns, Total: 935205 ns
[2020-08-12T19:36:31.374+0000][6][safepoint    ] Safepoint "Cleanup", Time since last: 1000412670 ns, Reaching safepoint: 596507 ns, At safepoint: 44962 ns, Total: 641469 ns
[2020-08-12T19:36:32.375+0000][6][safepoint    ] Safepoint "Cleanup", Time since last: 1000471120 ns, Reaching safepoint: 654070 ns, At safepoint: 54912 ns, Total: 708982 ns
[2020-08-12T19:36:33.376+0000][6][safepoint    ] Safepoint "Cleanup", Time since last: 1000341158 ns, Reaching safepoint: 805606 ns, At safepoint: 46187 ns, Total: 851793 ns
[2020-08-12T19:36:34.976+0000][6][safepoint    ] Safepoint "Cleanup", Time since last: 1599078458 ns, Reaching safepoint: 786694 ns, At safepoint: 58324 ns, Total: 845018 ns
[2020-08-12T19:36:35.977+0000][6][safepoint    ] Safepoint "Cleanup", Time since last: 1000349896 ns, Reaching safepoint: 656457 ns, At safepoint: 54487 ns, Total: 710944 ns
[2020-08-12T19:36:36.458+0000][6][safepoint    ] Safepoint "BulkRevokeBias", Time since last: 477223928 ns, Reaching safepoint: 1077403 ns, At safepoint: 2642840 ns, Total: 3720243 ns
[2020-08-12T19:36:37.459+0000][6][safepoint    ] Safepoint "Cleanup", Time since last: 1000335008 ns, Reaching safepoint: 346760 ns, At safepoint: 16687 ns, Total: 363447 ns
[2020-08-12T19:36:39.386+0000][6][safepoint    ] Safepoint "Cleanup", Time since last: 1927067717 ns, Reaching safepoint: 353109 ns, At safepoint: 17300 ns, Total: 370409 ns
[2020-08-12T19:36:40.387+0000][6][safepoint    ] Safepoint "Cleanup", Time since last: 1000240197 ns, Reaching safepoint: 641045 ns, At safepoint: 45162 ns, Total: 686207 ns
[2020-08-12T19:36:41.388+0000][6][safepoint    ] Safepoint "Cleanup", Time since last: 1000360033 ns, Reaching safepoint: 688207 ns, At safepoint: 48174 ns, Total: 736381 ns
[2020-08-12T19:36:42.389+0000][6][safepoint    ] Safepoint "Cleanup", Time since last: 1000334646 ns, Reaching safepoint: 720144 ns, At safepoint: 55787 ns, Total: 775931 ns
[2020-08-12T19:36:43.390+0000][6][safepoint    ] Safepoint "Cleanup", Time since last: 1000330446 ns, Reaching safepoint: 658544 ns, At safepoint: 51937 ns, Total: 710481 ns
[2020-08-12T19:36:44.977+0000][6][safepoint    ] Safepoint "Cleanup", Time since last: 1586293607 ns, Reaching safepoint: 682319 ns, At safepoint: 52725 ns, Total: 735044 ns
[2020-08-12T19:36:45.979+0000][6][safepoint    ] Safepoint "Cleanup", Time since last: 1000341271 ns, Reaching safepoint: 854067 ns, At safepoint: 44800 ns, Total: 898867 ns
[2020-08-12T19:36:46.980+0000][6][safepoint    ] Safepoint "Cleanup", Time since last: 1000379908 ns, Reaching safepoint: 825143 ns, At safepoint: 47587 ns, Total: 872730 ns
[2020-08-12T19:36:47.981+0000][6][safepoint    ] Safepoint "Cleanup", Time since last: 1000343596 ns, Reaching safepoint: 1099653 ns, At safepoint: 55574 ns, Total: 1155227 ns
[2020-08-12T19:36:49.326+0000][6][safepoint    ] Safepoint "Cleanup", Time since last: 1344341441 ns, Reaching safepoint: 617570 ns, At safepoint: 38012 ns, Total: 655582 ns
[2020-08-12T19:36:50.354+0000][6][safepoint    ] Safepoint "Cleanup", Time since last: 1027017565 ns, Reaching safepoint: 848780 ns, At safepoint: 43974 ns, Total: 892754 ns
[2020-08-12T19:36:51.355+0000][6][safepoint    ] Safepoint "Cleanup", Time since last: 1000354584 ns, Reaching safepoint: 690094 ns, At safepoint: 53324 ns, Total: 743418 ns
[2020-08-12T19:36:52.357+0000][6][safepoint    ] Safepoint "Cleanup", Time since last: 1000345871 ns, Reaching safepoint: 861930 ns, At safepoint: 44012 ns, Total: 905942 ns
[2020-08-12T19:36:53.358+0000][6][safepoint    ] Safepoint "Cleanup", Time since last: 1000349184 ns, Reaching safepoint: 463421 ns, At safepoint: 23287 ns, Total: 486708 ns
[2020-08-12T19:36:54.976+0000][6][safepoint    ] Safepoint "Cleanup", Time since last: 1617902746 ns, Reaching safepoint: 753231 ns, At safepoint: 46287 ns, Total: 799518 ns
[2020-08-12T19:36:55.977+0000][6][safepoint    ] Safepoint "Cleanup", Time since last: 1000334708 ns, Reaching safepoint: 672007 ns, At safepoint: 52249 ns, Total: 724256 ns
[2020-08-12T19:36:56.978+0000][6][safepoint    ] Safepoint "Cleanup", Time since last: 1000296785 ns, Reaching safepoint: 466208 ns, At safepoint: 54825 ns, Total: 521033 ns
[2020-08-12T19:36:57.979+0000][6][safepoint    ] Safepoint "Cleanup", Time since last: 1000338945 ns, Reaching safepoint: 920655 ns, At safepoint: 43887 ns, Total: 964542 ns
[2020-08-12T19:36:59.387+0000][6][safepoint    ] Safepoint "Cleanup", Time since last: 1406859636 ns, Reaching safepoint: 716744 ns, At safepoint: 35325 ns, Total: 752069 ns
[2020-08-12T19:37:00.388+0000][6][safepoint    ] Safepoint "Cleanup", Time since last: 1000261009 ns, Reaching safepoint: 663444 ns, At safepoint: 46975 ns, Total: 710419 ns
[2020-08-12T19:37:01.389+0000][6][safepoint    ] Safepoint "Cleanup", Time since last: 1000337771 ns, Reaching safepoint: 652307 ns, At safepoint: 54787 ns, Total: 707094 ns
[2020-08-12T19:37:02.390+0000][6][safepoint    ] Safepoint "Cleanup", Time since last: 1000359658 ns, Reaching safepoint: 649432 ns, At safepoint: 46737 ns, Total: 696169 ns
[2020-08-12T19:37:03.391+0000][6][safepoint    ] Safepoint "Cleanup", Time since last: 1000343108 ns, Reaching safepoint: 738556 ns, At safepoint: 47175 ns, Total: 785731 ns
[2020-08-12T19:37:04.981+0000][6][safepoint    ] Safepoint "Cleanup", Time since last: 1588866135 ns, Reaching safepoint: 613419 ns, At safepoint: 53262 ns, Total: 666681 ns
[2020-08-12T19:37:05.982+0000][6][safepoint    ] Safepoint "Cleanup", Time since last: 1000408771 ns, Reaching safepoint: 627994 ns, At safepoint: 156186 ns, Total: 784180 ns
[2020-08-12T19:37:07.411+0000][6][safepoint    ] Safepoint "Cleanup", Time since last: 1428487362 ns, Reaching safepoint: 531545 ns, At safepoint: 40013 ns, Total: 571558 ns
[2020-08-12T19:37:08.075+0000][6][gc,start     ] GC(26) Pause Young (Normal) (G1 Evacuation Pause)
[2020-08-12T19:37:08.075+0000][6][gc,task      ] GC(26) Using 2 workers of 2 for evacuation
[2020-08-12T19:37:08.075+0000][6][gc,age       ] GC(26) Desired survivor size 40370176 bytes, new threshold 15 (max threshold 15)
[2020-08-12T19:37:08.103+0000][6][gc,age       ] GC(26) Age table with threshold 15 (max threshold 15)
[2020-08-12T19:37:08.103+0000][6][gc,age       ] GC(26) - age   1:     314456 bytes,     314456 total
[2020-08-12T19:37:08.103+0000][6][gc,age       ] GC(26) - age   2:      44440 bytes,     358896 total
[2020-08-12T19:37:08.103+0000][6][gc,age       ] GC(26) - age   3:     121800 bytes,     480696 total
[2020-08-12T19:37:08.103+0000][6][gc,age       ] GC(26) - age   4:     265464 bytes,     746160 total
[2020-08-12T19:37:08.103+0000][6][gc,age       ] GC(26) - age   5:      14016 bytes,     760176 total
[2020-08-12T19:37:08.103+0000][6][gc,phases    ] GC(26)   Pre Evacuate Collection Set: 0.7ms
[2020-08-12T19:37:08.104+0000][6][gc,phases    ] GC(26)   Merge Heap Roots: 0.7ms
[2020-08-12T19:37:08.104+0000][6][gc,phases    ] GC(26)   Evacuate Collection Set: 20.0ms
[2020-08-12T19:37:08.104+0000][6][gc,phases    ] GC(26)   Post Evacuate Collection Set: 5.9ms
[2020-08-12T19:37:08.104+0000][6][gc,phases    ] GC(26)   Other: 1.8ms
[2020-08-12T19:37:08.104+0000][6][gc,heap      ] GC(26) Eden regions: 613->0(613)
[2020-08-12T19:37:08.104+0000][6][gc,heap      ] GC(26) Survivor regions: 1->1(77)
[2020-08-12T19:37:08.104+0000][6][gc,heap      ] GC(26) Old regions: 81->81
[2020-08-12T19:37:08.104+0000][6][gc,heap      ] GC(26) Archive regions: 2->2
[2020-08-12T19:37:08.104+0000][6][gc,heap      ] GC(26) Humongous regions: 7->7
[2020-08-12T19:37:08.104+0000][6][gc,metaspace ] GC(26) Metaspace: 96096K(103636K)->96096K(103636K) NonClass: 83546K(88064K)->83546K(88064K) Class: 12549K(15572K)->12549K(15572K)
[2020-08-12T19:37:08.105+0000][6][gc           ] GC(26) Pause Young (Normal) (G1 Evacuation Pause) 702M->89M(1024M) 29.952ms
[2020-08-12T19:37:08.105+0000][6][gc,cpu       ] GC(26) User=0.05s Sys=0.00s Real=0.03s
[2020-08-12T19:37:08.105+0000][6][safepoint    ] Safepoint "G1CollectForAllocation", Time since last: 662375623 ns, Reaching safepoint: 893355 ns, At safepoint: 30483336 ns, Total: 31376691 ns
[2020-08-12T19:37:09.266+0000][6][safepoint    ] Safepoint "Cleanup", Time since last: 1160698382 ns, Reaching safepoint: 461671 ns, At safepoint: 11762 ns, Total: 473433 ns
[2020-08-12T19:37:10.268+0000][6][safepoint    ] Safepoint "Cleanup", Time since last: 1000821892 ns, Reaching safepoint: 679044 ns, At safepoint: 74787 ns, Total: 753831 ns
[2020-08-12T19:37:11.269+0000][6][safepoint    ] Safepoint "Cleanup", Time since last: 1000445732 ns, Reaching safepoint: 598283 ns, At safepoint: 53412 ns, Total: 651695 ns
[2020-08-12T19:37:12.270+0000][6][safepoint    ] Safepoint "Cleanup", Time since last: 1000322058 ns, Reaching safepoint: 513821 ns, At safepoint: 53837 ns, Total: 567658 ns
[2020-08-12T19:37:13.271+0000][6][safepoint    ] Safepoint "Cleanup", Time since last: 1000385783 ns, Reaching safepoint: 573483 ns, At safepoint: 46087 ns, Total: 619570 ns
[2020-08-12T19:37:14.981+0000][6][safepoint    ] Safepoint "Cleanup", Time since last: 1710022597 ns, Reaching safepoint: 706519 ns, At safepoint: 52375 ns, Total: 758894 ns
[2020-08-12T19:37:15.982+0000][6][safepoint    ] Safepoint "Cleanup", Time since last: 1000352058 ns, Reaching safepoint: 641219 ns, At safepoint: 44312 ns, Total: 685531 ns
[2020-08-12T19:37:16.983+0000][6][safepoint    ] Safepoint "Cleanup", Time since last: 1000335597 ns, Reaching safepoint: 443708 ns, At safepoint: 55962 ns, Total: 499670 ns
[2020-08-12T19:37:17.984+0000][6][safepoint    ] Safepoint "Cleanup", Time since last: 1000347459 ns, Reaching safepoint: 878442 ns, At safepoint: 59949 ns, Total: 938391 ns
[2020-08-12T19:37:19.303+0000][6][safepoint    ] Safepoint "Cleanup", Time since last: 1318355616 ns, Reaching safepoint: 372584 ns, At safepoint: 32138 ns, Total: 404722 ns
[2020-08-12T19:37:20.304+0000][6][safepoint    ] Safepoint "Cleanup", Time since last: 1000287571 ns, Reaching safepoint: 698744 ns, At safepoint: 46975 ns, Total: 745719 ns
[2020-08-12T19:37:21.305+0000][6][safepoint    ] Safepoint "Cleanup", Time since last: 1000321558 ns, Reaching safepoint: 664032 ns, At safepoint: 45287 ns, Total: 709319 ns
[2020-08-12T19:37:22.306+0000][6][safepoint    ] Safepoint "Cleanup", Time since last: 1000304421 ns, Reaching safepoint: 642420 ns, At safepoint: 30562 ns, Total: 672982 ns
[2020-08-12T19:37:23.307+0000][6][safepoint    ] Safepoint "Cleanup", Time since last: 1000293696 ns, Reaching safepoint: 737344 ns, At safepoint: 44850 ns, Total: 782194 ns
[2020-08-12T19:37:24.980+0000][6][safepoint    ] Safepoint "Cleanup", Time since last: 1672354448 ns, Reaching safepoint: 469534 ns, At safepoint: 21712 ns, Total: 491246 ns
[2020-08-12T19:37:25.981+0000][6][safepoint    ] Safepoint "Cleanup", Time since last: 1000270372 ns, Reaching safepoint: 868080 ns, At safepoint: 44137 ns, Total: 912217 ns
[2020-08-12T19:37:26.982+0000][6][safepoint    ] Safepoint "Cleanup", Time since last: 1000311708 ns, Reaching safepoint: 455597 ns, At safepoint: 22249 ns, Total: 477846 ns
[2020-08-12T19:37:27.983+0000][6][safepoint    ] Safepoint "Cleanup", Time since last: 1000267435 ns, Reaching safepoint: 787743 ns, At safepoint: 58262 ns, Total: 846005 ns
[2020-08-12T19:37:29.335+0000][6][safepoint    ] Safepoint "Cleanup", Time since last: 1351674777 ns, Reaching safepoint: 377571 ns, At safepoint: 17213 ns, Total: 394784 ns
[2020-08-12T19:37:30.339+0000][6][safepoint    ] Safepoint "Cleanup", Time since last: 1003131747 ns, Reaching safepoint: 831642 ns, At safepoint: 85062 ns, Total: 916704 ns
[2020-08-12T19:37:31.341+0000][6][safepoint    ] Safepoint "Cleanup", Time since last: 1000345283 ns, Reaching safepoint: 754381 ns, At safepoint: 52250 ns, Total: 806631 ns
[2020-08-12T19:37:32.342+0000][6][safepoint    ] Safepoint "Cleanup", Time since last: 1000411483 ns, Reaching safepoint: 752343 ns, At safepoint: 44487 ns, Total: 796830 ns
[2020-08-12T19:37:33.343+0000][6][safepoint    ] Safepoint "Cleanup", Time since last: 1000386921 ns, Reaching safepoint: 831443 ns, At safepoint: 44837 ns, Total: 876280 ns
[2020-08-12T19:37:34.981+0000][6][safepoint    ] Safepoint "Cleanup", Time since last: 1636799819 ns, Reaching safepoint: 810531 ns, At safepoint: 43999 ns, Total: 854530 ns
[2020-08-12T19:37:35.982+0000][6][safepoint    ] Safepoint "Cleanup", Time since last: 1000379921 ns, Reaching safepoint: 654657 ns, At safepoint: 44374 ns, Total: 699031 ns
[2020-08-12T19:37:37.385+0000][6][safepoint    ] Safepoint "Cleanup", Time since last: 1402954521 ns, Reaching safepoint: 650157 ns, At safepoint: 53887 ns, Total: 704044 ns
[2020-08-12T19:37:39.179+0000][6][safepoint    ] Safepoint "Cleanup", Time since last: 1790321039 ns, Reaching safepoint: 3544057 ns, At safepoint: 30924 ns, Total: 3574981 ns
[2020-08-12T19:37:40.180+0000][6][safepoint    ] Safepoint "Cleanup", Time since last: 1000257597 ns, Reaching safepoint: 678820 ns, At safepoint: 51499 ns, Total: 730319 ns
[2020-08-12T19:37:41.181+0000][6][safepoint    ] Safepoint "Cleanup", Time since last: 1000292621 ns, Reaching safepoint: 406459 ns, At safepoint: 24150 ns, Total: 430609 ns
[2020-08-12T19:37:42.182+0000][6][safepoint    ] Safepoint "Cleanup", Time since last: 1000242522 ns, Reaching safepoint: 867442 ns, At safepoint: 43975 ns, Total: 911417 ns
[2020-08-12T19:37:43.183+0000][6][safepoint    ] Safepoint "Cleanup", Time since last: 1000356908 ns, Reaching safepoint: 722744 ns, At safepoint: 46249 ns, Total: 768993 ns
[2020-08-12T19:37:44.984+0000][6][safepoint    ] Safepoint "Cleanup", Time since last: 1799881782 ns, Reaching safepoint: 591532 ns, At safepoint: 44362 ns, Total: 635894 ns
[2020-08-12T19:37:45.985+0000][6][safepoint    ] Safepoint "Cleanup", Time since last: 1000452633 ns, Reaching safepoint: 947017 ns, At safepoint: 44824 ns, Total: 991841 ns
[2020-08-12T19:37:46.986+0000][6][safepoint    ] Safepoint "Cleanup", Time since last: 1000350321 ns, Reaching safepoint: 838093 ns, At safepoint: 45150 ns, Total: 883243 ns
[2020-08-12T19:37:47.988+0000][6][safepoint    ] Safepoint "Cleanup", Time since last: 1000349320 ns, Reaching safepoint: 841306 ns, At safepoint: 54962 ns, Total: 896268 ns
[2020-08-12T19:37:49.281+0000][6][safepoint    ] Safepoint "BulkRevokeBias", Time since last: 1291698384 ns, Reaching safepoint: 362972 ns, At safepoint: 1219702 ns, Total: 1582674 ns
[2020-08-12T19:37:50.283+0000][6][safepoint    ] Safepoint "Cleanup", Time since last: 1000928878 ns, Reaching safepoint: 890992 ns, At safepoint: 92362 ns, Total: 983354 ns
[2020-08-12T19:37:51.284+0000][6][safepoint    ] Safepoint "Cleanup", Time since last: 1000350771 ns, Reaching safepoint: 756743 ns, At safepoint: 54000 ns, Total: 810743 ns
[2020-08-12T19:37:52.285+0000][6][safepoint    ] Safepoint "Cleanup", Time since last: 1000342746 ns, Reaching safepoint: 672419 ns, At safepoint: 44875 ns, Total: 717294 ns
[2020-08-12T19:37:53.286+0000][6][safepoint    ] Safepoint "Cleanup", Time since last: 1000347345 ns, Reaching safepoint: 914105 ns, At safepoint: 67287 ns, Total: 981392 ns
[2020-08-12T19:37:54.984+0000][6][safepoint    ] Safepoint "Cleanup", Time since last: 1696895386 ns, Reaching safepoint: 814093 ns, At safepoint: 44400 ns, Total: 858493 ns
[2020-08-12T19:37:55.985+0000][6][safepoint    ] Safepoint "Cleanup", Time since last: 1000341833 ns, Reaching safepoint: 805593 ns, At safepoint: 58562 ns, Total: 864155 ns
[2020-08-12T19:37:56.986+0000][6][safepoint    ] Safepoint "Cleanup", Time since last: 1000344521 ns, Reaching safepoint: 610695 ns, At safepoint: 31212 ns, Total: 641907 ns
[2020-08-12T19:37:57.987+0000][6][safepoint    ] Safepoint "Cleanup", Time since last: 1000284321 ns, Reaching safepoint: 688994 ns, At safepoint: 53225 ns, Total: 742219 ns
[2020-08-12T19:37:59.434+0000][6][safepoint    ] Safepoint "Cleanup", Time since last: 1445934211 ns, Reaching safepoint: 658556 ns, At safepoint: 31625 ns, Total: 690181 ns
[2020-08-12T19:38:00.435+0000][6][safepoint    ] Safepoint "Cleanup", Time since last: 1000276609 ns, Reaching safepoint: 717581 ns, At safepoint: 54162 ns, Total: 771743 ns
[2020-08-12T19:38:01.436+0000][6][safepoint    ] Safepoint "Cleanup", Time since last: 1000358171 ns, Reaching safepoint: 769843 ns, At safepoint: 46275 ns, Total: 816118 ns
[2020-08-12T19:38:02.437+0000][6][safepoint    ] Safepoint "Cleanup", Time since last: 1000344859 ns, Reaching safepoint: 808630 ns, At safepoint: 44725 ns, Total: 853355 ns
[2020-08-12T19:38:03.439+0000][6][safepoint    ] Safepoint "Cleanup", Time since last: 1000343870 ns, Reaching safepoint: 693894 ns, At safepoint: 53637 ns, Total: 747531 ns
[2020-08-12T19:38:05.127+0000][6][safepoint    ] Safepoint "Cleanup", Time since last: 1688027576 ns, Reaching safepoint: 569095 ns, At safepoint: 45700 ns, Total: 614795 ns
[2020-08-12T19:38:06.129+0000][6][safepoint    ] Safepoint "Cleanup", Time since last: 1000367470 ns, Reaching safepoint: 1740123 ns, At safepoint: 57599 ns, Total: 1797722 ns
[2020-08-12T19:38:07.409+0000][6][safepoint    ] Safepoint "Cleanup", Time since last: 1278839121 ns, Reaching safepoint: 684819 ns, At safepoint: 55100 ns, Total: 739919 ns
[2020-08-12T19:38:09.325+0000][6][safepoint    ] Safepoint "Cleanup", Time since last: 1915541929 ns, Reaching safepoint: 246548 ns, At safepoint: 11025 ns, Total: 257573 ns
[2020-08-12T19:38:10.326+0000][6][safepoint    ] Safepoint "Cleanup", Time since last: 1000741392 ns, Reaching safepoint: 600107 ns, At safepoint: 37763 ns, Total: 637870 ns
[2020-08-12T19:38:11.327+0000][6][safepoint    ] Safepoint "Cleanup", Time since last: 1000323708 ns, Reaching safepoint: 784493 ns, At safepoint: 56087 ns, Total: 840580 ns
[2020-08-12T19:38:12.329+0000][6][safepoint    ] Safepoint "Cleanup", Time since last: 1000344959 ns, Reaching safepoint: 829430 ns, At safepoint: 44475 ns, Total: 873905 ns
[2020-08-12T19:38:13.330+0000][6][safepoint    ] Safepoint "Cleanup", Time since last: 1000381408 ns, Reaching safepoint: 759131 ns, At safepoint: 46212 ns, Total: 805343 ns
[2020-08-12T19:38:14.984+0000][6][safepoint    ] Safepoint "Cleanup", Time since last: 1653933471 ns, Reaching safepoint: 673044 ns, At safepoint: 47050 ns, Total: 720094 ns
[2020-08-12T19:38:15.985+0000][6][safepoint    ] Safepoint "Cleanup", Time since last: 1000324183 ns, Reaching safepoint: 588133 ns, At safepoint: 45412 ns, Total: 633545 ns
[2020-08-12T19:38:16.986+0000][6][safepoint    ] Safepoint "Cleanup", Time since last: 1000296796 ns, Reaching safepoint: 473108 ns, At safepoint: 56350 ns, Total: 529458 ns
[2020-08-12T19:38:17.987+0000][6][safepoint    ] Safepoint "Cleanup", Time since last: 1000322933 ns, Reaching safepoint: 957067 ns, At safepoint: 52225 ns, Total: 1009292 ns
[2020-08-12T19:38:18.355+0000][6][safepoint    ] Safepoint "BulkRevokeBias", Time since last: 365587507 ns, Reaching safepoint: 413334 ns, At safepoint: 1299389 ns, Total: 1712723 ns
[2020-08-12T19:38:19.356+0000][6][safepoint    ] Safepoint "Cleanup", Time since last: 1000268459 ns, Reaching safepoint: 967242 ns, At safepoint: 44937 ns, Total: 1012179 ns
[2020-08-12T19:38:20.357+0000][6][safepoint    ] Safepoint "Cleanup", Time since last: 1000322096 ns, Reaching safepoint: 854755 ns, At safepoint: 44462 ns, Total: 899217 ns
[2020-08-12T19:38:21.358+0000][6][safepoint    ] Safepoint "Cleanup", Time since last: 1000349246 ns, Reaching safepoint: 670144 ns, At safepoint: 45525 ns, Total: 715669 ns
[2020-08-12T19:38:22.360+0000][6][safepoint    ] Safepoint "Cleanup", Time since last: 1000345646 ns, Reaching safepoint: 836317 ns, At safepoint: 44650 ns, Total: 880967 ns
[2020-08-12T19:38:23.361+0000][6][safepoint    ] Safepoint "Cleanup", Time since last: 1000352134 ns, Reaching safepoint: 823755 ns, At safepoint: 44162 ns, Total: 867917 ns
[2020-08-12T19:38:24.989+0000][6][safepoint    ] Safepoint "Cleanup", Time since last: 1627509475 ns, Reaching safepoint: 682906 ns, At safepoint: 44725 ns, Total: 727631 ns
[2020-08-12T19:38:25.990+0000][6][safepoint    ] Safepoint "Cleanup", Time since last: 1000343996 ns, Reaching safepoint: 771468 ns, At safepoint: 45262 ns, Total: 816730 ns
[2020-08-12T19:38:26.991+0000][6][safepoint    ] Safepoint "Cleanup", Time since last: 1000297809 ns, Reaching safepoint: 383047 ns, At safepoint: 20937 ns, Total: 403984 ns
[2020-08-12T19:38:27.992+0000][6][safepoint    ] Safepoint "Cleanup", Time since last: 1000261809 ns, Reaching safepoint: 649095 ns, At safepoint: 238260 ns, Total: 887355 ns
[2020-08-12T19:38:29.328+0000][6][safepoint    ] Safepoint "Cleanup", Time since last: 1335528592 ns, Reaching safepoint: 254698 ns, At safepoint: 10712 ns, Total: 265410 ns
[2020-08-12T19:38:30.330+0000][6][safepoint    ] Safepoint "Cleanup", Time since last: 1001073077 ns, Reaching safepoint: 816743 ns, At safepoint: 45175 ns, Total: 861918 ns
[2020-08-12T19:38:31.331+0000][6][safepoint    ] Safepoint "Cleanup", Time since last: 1000392083 ns, Reaching safepoint: 850830 ns, At safepoint: 46337 ns, Total: 897167 ns
[2020-08-12T19:38:32.332+0000][6][safepoint    ] Safepoint "Cleanup", Time since last: 1000342771 ns, Reaching safepoint: 633770 ns, At safepoint: 40724 ns, Total: 674494 ns
[2020-08-12T19:38:33.333+0000][6][safepoint    ] Safepoint "Cleanup", Time since last: 1000271009 ns, Reaching safepoint: 439572 ns, At safepoint: 21912 ns, Total: 461484 ns
[2020-08-12T19:38:34.999+0000][6][safepoint    ] Safepoint "Cleanup", Time since last: 1665350309 ns, Reaching safepoint: 638532 ns, At safepoint: 116374 ns, Total: 754906 ns
[2020-08-12T19:38:36.000+0000][6][safepoint    ] Safepoint "Cleanup", Time since last: 1000358334 ns, Reaching safepoint: 631907 ns, At safepoint: 47062 ns, Total: 678969 ns
[2020-08-12T19:38:36.513+0000][6][safepoint    ] Safepoint "BulkRevokeBias", Time since last: 509120089 ns, Reaching safepoint: 933404 ns, At safepoint: 2717827 ns, Total: 3651231 ns
[2020-08-12T19:38:37.524+0000][6][safepoint    ] Safepoint "Cleanup", Time since last: 1010481870 ns, Reaching safepoint: 1080291 ns, At safepoint: 67374 ns, Total: 1147665 ns
[2020-08-12T19:38:39.359+0000][6][safepoint    ] Safepoint "Cleanup", Time since last: 1834032249 ns, Reaching safepoint: 355471 ns, At safepoint: 19088 ns, Total: 374559 ns
[2020-08-12T19:38:40.360+0000][6][safepoint    ] Safepoint "Cleanup", Time since last: 1000257896 ns, Reaching safepoint: 470571 ns, At safepoint: 44925 ns, Total: 515496 ns
[2020-08-12T19:38:41.361+0000][6][safepoint    ] Safepoint "Cleanup", Time since last: 1000400170 ns, Reaching safepoint: 658107 ns, At safepoint: 47487 ns, Total: 705594 ns
[2020-08-12T19:38:42.362+0000][6][safepoint    ] Safepoint "Cleanup", Time since last: 1000331084 ns, Reaching safepoint: 831105 ns, At safepoint: 44212 ns, Total: 875317 ns
[2020-08-12T19:38:43.363+0000][6][safepoint    ] Safepoint "Cleanup", Time since last: 1000401096 ns, Reaching safepoint: 653144 ns, At safepoint: 47925 ns, Total: 701069 ns
[2020-08-12T19:38:44.991+0000][6][safepoint    ] Safepoint "Cleanup", Time since last: 1627732235 ns, Reaching safepoint: 744594 ns, At safepoint: 47599 ns, Total: 792193 ns
[2020-08-12T19:38:45.993+0000][6][safepoint    ] Safepoint "Cleanup", Time since last: 1000335246 ns, Reaching safepoint: 662569 ns, At safepoint: 45162 ns, Total: 707731 ns
[2020-08-12T19:38:46.993+0000][6][safepoint    ] Safepoint "Cleanup", Time since last: 1000393583 ns, Reaching safepoint: 530333 ns, At safepoint: 44425 ns, Total: 574758 ns
[2020-08-12T19:38:47.995+0000][6][safepoint    ] Safepoint "Cleanup", Time since last: 1000333333 ns, Reaching safepoint: 789394 ns, At safepoint: 57462 ns, Total: 846856 ns
[2020-08-12T19:38:49.989+0000][6][safepoint    ] Safepoint "Cleanup", Time since last: 1993864638 ns, Reaching safepoint: 857493 ns, At safepoint: 44362 ns, Total: 901855 ns
[2020-08-12T19:38:50.990+0000][6][safepoint    ] Safepoint "Cleanup", Time since last: 1000359345 ns, Reaching safepoint: 535883 ns, At safepoint: 44437 ns, Total: 580320 ns
[2020-08-12T19:38:51.991+0000][6][safepoint    ] Safepoint "Cleanup", Time since last: 1000339196 ns, Reaching safepoint: 585270 ns, At safepoint: 46787 ns, Total: 632057 ns
[2020-08-12T19:38:52.992+0000][6][safepoint    ] Safepoint "Cleanup", Time since last: 1000342634 ns, Reaching safepoint: 624869 ns, At safepoint: 44200 ns, Total: 669069 ns
[2020-08-12T19:38:54.990+0000][6][safepoint    ] Safepoint "Cleanup", Time since last: 1997291134 ns, Reaching safepoint: 785530 ns, At safepoint: 46763 ns, Total: 832293 ns
[2020-08-12T19:38:55.992+0000][6][safepoint    ] Safepoint "Cleanup", Time since last: 1000350258 ns, Reaching safepoint: 651644 ns, At safepoint: 29088 ns, Total: 680732 ns
[2020-08-12T19:38:56.992+0000][6][safepoint    ] Safepoint "Cleanup", Time since last: 1000210172 ns, Reaching safepoint: 366359 ns, At safepoint: 15550 ns, Total: 381909 ns
[2020-08-12T19:38:57.993+0000][6][safepoint    ] Safepoint "Cleanup", Time since last: 1000229684 ns, Reaching safepoint: 649632 ns, At safepoint: 44587 ns, Total: 694219 ns
[2020-08-12T19:38:59.438+0000][6][safepoint    ] Safepoint "Cleanup", Time since last: 1444951319 ns, Reaching safepoint: 322172 ns, At safepoint: 16013 ns, Total: 338185 ns
[2020-08-12T19:39:00.439+0000][6][safepoint    ] Safepoint "Cleanup", Time since last: 1000236459 ns, Reaching safepoint: 628282 ns, At safepoint: 45737 ns, Total: 674019 ns
[2020-08-12T19:39:01.440+0000][6][safepoint    ] Safepoint "Cleanup", Time since last: 1000343409 ns, Reaching safepoint: 613019 ns, At safepoint: 39487 ns, Total: 652506 ns
[2020-08-12T19:39:02.441+0000][6][safepoint    ] Safepoint "Cleanup", Time since last: 1000328196 ns, Reaching safepoint: 669982 ns, At safepoint: 44175 ns, Total: 714157 ns
[2020-08-12T19:39:03.442+0000][6][safepoint    ] Safepoint "Cleanup", Time since last: 1000404858 ns, Reaching safepoint: 645532 ns, At safepoint: 51987 ns, Total: 697519 ns
[2020-08-12T19:39:04.996+0000][6][safepoint    ] Safepoint "Cleanup", Time since last: 1552567711 ns, Reaching safepoint: 538008 ns, At safepoint: 45337 ns, Total: 583345 ns
[2020-08-12T19:39:05.997+0000][6][safepoint    ] Safepoint "Cleanup", Time since last: 1000395221 ns, Reaching safepoint: 619844 ns, At safepoint: 44237 ns, Total: 664081 ns
[2020-08-12T19:39:07.408+0000][6][safepoint    ] Safepoint "Cleanup", Time since last: 1410123971 ns, Reaching safepoint: 931855 ns, At safepoint: 48812 ns, Total: 980667 ns
[2020-08-12T19:39:09.029+0000][6][safepoint    ] Safepoint "Cleanup", Time since last: 1620576597 ns, Reaching safepoint: 401859 ns, At safepoint: 17187 ns, Total: 419046 ns
[2020-08-12T19:39:10.030+0000][6][safepoint    ] Safepoint "Cleanup", Time since last: 1000912254 ns, Reaching safepoint: 703219 ns, At safepoint: 44175 ns, Total: 747394 ns
[2020-08-12T19:39:11.031+0000][6][safepoint    ] Safepoint "Cleanup", Time since last: 1000339158 ns, Reaching safepoint: 644182 ns, At safepoint: 45837 ns, Total: 690019 ns
[2020-08-12T19:39:12.032+0000][6][safepoint    ] Safepoint "Cleanup", Time since last: 1000337583 ns, Reaching safepoint: 554933 ns, At safepoint: 45012 ns, Total: 599945 ns
[2020-08-12T19:39:13.034+0000][6][safepoint    ] Safepoint "Cleanup", Time since last: 1000361471 ns, Reaching safepoint: 861593 ns, At safepoint: 44874 ns, Total: 906467 ns
[2020-08-12T19:39:14.991+0000][6][safepoint    ] Safepoint "Cleanup", Time since last: 1956604449 ns, Reaching safepoint: 823368 ns, At safepoint: 44562 ns, Total: 867930 ns
[2020-08-12T19:39:15.992+0000][6][safepoint    ] Safepoint "Cleanup", Time since last: 1000345558 ns, Reaching safepoint: 639732 ns, At safepoint: 46900 ns, Total: 686632 ns
[2020-08-12T19:39:16.993+0000][6][safepoint    ] Safepoint "Cleanup", Time since last: 1000351821 ns, Reaching safepoint: 696244 ns, At safepoint: 44849 ns, Total: 741093 ns
[2020-08-12T19:39:17.995+0000][6][safepoint    ] Safepoint "Cleanup", Time since last: 1000337946 ns, Reaching safepoint: 1103853 ns, At safepoint: 64975 ns, Total: 1168828 ns
[2020-08-12T19:39:19.321+0000][6][safepoint    ] Safepoint "Cleanup", Time since last: 1325804088 ns, Reaching safepoint: 578745 ns, At safepoint: 28163 ns, Total: 606908 ns
[2020-08-12T19:39:20.322+0000][6][safepoint    ] Safepoint "Cleanup", Time since last: 1000264296 ns, Reaching safepoint: 802118 ns, At safepoint: 57000 ns, Total: 859118 ns
[2020-08-12T19:39:21.323+0000][6][safepoint    ] Safepoint "Cleanup", Time since last: 1000350383 ns, Reaching safepoint: 606932 ns, At safepoint: 44762 ns, Total: 651694 ns
[2020-08-12T19:39:22.324+0000][6][safepoint    ] Safepoint "Cleanup", Time since last: 1000312434 ns, Reaching safepoint: 573808 ns, At safepoint: 34112 ns, Total: 607920 ns
[2020-08-12T19:39:23.325+0000][6][safepoint    ] Safepoint "Cleanup", Time since last: 1000280059 ns, Reaching safepoint: 674231 ns, At safepoint: 51775 ns, Total: 726006 ns
[2020-08-12T19:39:24.993+0000][6][safepoint    ] Safepoint "Cleanup", Time since last: 1667084782 ns, Reaching safepoint: 913692 ns, At safepoint: 44775 ns, Total: 958467 ns
[2020-08-12T19:39:25.994+0000][6][safepoint    ] Safepoint "Cleanup", Time since last: 1000345621 ns, Reaching safepoint: 651582 ns, At safepoint: 44499 ns, Total: 696081 ns
[2020-08-12T19:39:26.995+0000][6][safepoint    ] Safepoint "Cleanup", Time since last: 1000296559 ns, Reaching safepoint: 389247 ns, At safepoint: 20012 ns, Total: 409259 ns
[2020-08-12T19:39:27.996+0000][6][safepoint    ] Safepoint "Cleanup", Time since last: 1000256121 ns, Reaching safepoint: 763656 ns, At safepoint: 47675 ns, Total: 811331 ns
[2020-08-12T19:39:29.993+0000][6][safepoint    ] Safepoint "Cleanup", Time since last: 1996073719 ns, Reaching safepoint: 1122578 ns, At safepoint: 46887 ns, Total: 1169465 ns
[2020-08-12T19:39:30.995+0000][6][safepoint    ] Safepoint "Cleanup", Time since last: 1000361008 ns, Reaching safepoint: 983279 ns, At safepoint: 44450 ns, Total: 1027729 ns
[2020-08-12T19:39:31.995+0000][6][safepoint    ] Safepoint "Cleanup", Time since last: 1000385308 ns, Reaching safepoint: 393797 ns, At safepoint: 19537 ns, Total: 413334 ns
[2020-08-12T19:39:32.997+0000][6][safepoint    ] Safepoint "Cleanup", Time since last: 1000254922 ns, Reaching safepoint: 838442 ns, At safepoint: 44775 ns, Total: 883217 ns
[2020-08-12T19:39:34.991+0000][6][safepoint    ] Safepoint "Cleanup", Time since last: 1994467358 ns, Reaching safepoint: 270548 ns, At safepoint: 11087 ns, Total: 281635 ns
[2020-08-12T19:39:35.992+0000][6][safepoint    ] Safepoint "Cleanup", Time since last: 1000230922 ns, Reaching safepoint: 734006 ns, At safepoint: 45975 ns, Total: 779981 ns
[2020-08-12T19:39:37.421+0000][6][safepoint    ] Safepoint "Cleanup", Time since last: 1427923517 ns, Reaching safepoint: 660844 ns, At safepoint: 47449 ns, Total: 708293 ns
[2020-08-12T19:39:39.361+0000][6][safepoint    ] Safepoint "Cleanup", Time since last: 1938871265 ns, Reaching safepoint: 682232 ns, At safepoint: 27374 ns, Total: 709606 ns
[2020-08-12T19:39:40.361+0000][6][safepoint    ] Safepoint "Cleanup", Time since last: 1000197498 ns, Reaching safepoint: 444433 ns, At safepoint: 26325 ns, Total: 470758 ns
[2020-08-12T19:39:41.362+0000][6][safepoint    ] Safepoint "Cleanup", Time since last: 1000267722 ns, Reaching safepoint: 737406 ns, At safepoint: 45574 ns, Total: 782980 ns
[2020-08-12T19:39:42.363+0000][6][safepoint    ] Safepoint "Cleanup", Time since last: 1000322997 ns, Reaching safepoint: 559595 ns, At safepoint: 52124 ns, Total: 611719 ns
[2020-08-12T19:39:43.364+0000][6][safepoint    ] Safepoint "Cleanup", Time since last: 1000338471 ns, Reaching safepoint: 665219 ns, At safepoint: 46150 ns, Total: 711369 ns
[2020-08-12T19:39:44.997+0000][6][safepoint    ] Safepoint "Cleanup", Time since last: 1631907749 ns, Reaching safepoint: 808593 ns, At safepoint: 47400 ns, Total: 855993 ns
[2020-08-12T19:39:45.998+0000][6][safepoint    ] Safepoint "Cleanup", Time since last: 1000337771 ns, Reaching safepoint: 758668 ns, At safepoint: 47400 ns, Total: 806068 ns
[2020-08-12T19:39:46.999+0000][6][safepoint    ] Safepoint "Cleanup", Time since last: 1000339171 ns, Reaching safepoint: 528233 ns, At safepoint: 44274 ns, Total: 572507 ns
[2020-08-12T19:39:48.001+0000][6][safepoint    ] Safepoint "Cleanup", Time since last: 1000364233 ns, Reaching safepoint: 1120991 ns, At safepoint: 55612 ns, Total: 1176603 ns
[2020-08-12T19:39:49.995+0000][6][safepoint    ] Safepoint "Cleanup", Time since last: 1993641103 ns, Reaching safepoint: 740518 ns, At safepoint: 56025 ns, Total: 796543 ns
[2020-08-12T19:39:50.996+0000][6][safepoint    ] Safepoint "Cleanup", Time since last: 1000340483 ns, Reaching safepoint: 584045 ns, At safepoint: 46650 ns, Total: 630695 ns
[2020-08-12T19:39:51.997+0000][6][safepoint    ] Safepoint "Cleanup", Time since last: 1000301784 ns, Reaching safepoint: 454208 ns, At safepoint: 226011 ns, Total: 680219 ns
[2020-08-12T19:39:52.998+0000][6][safepoint    ] Safepoint "Cleanup", Time since last: 1000343146 ns, Reaching safepoint: 637219 ns, At safepoint: 45050 ns, Total: 682269 ns
[2020-08-12T19:39:54.999+0000][6][safepoint    ] Safepoint "Cleanup", Time since last: 2000247495 ns, Reaching safepoint: 644757 ns, At safepoint: 54800 ns, Total: 699557 ns
[2020-08-12T19:39:56.000+0000][6][safepoint    ] Safepoint "Cleanup", Time since last: 1000349633 ns, Reaching safepoint: 664707 ns, At safepoint: 53499 ns, Total: 718206 ns
[2020-08-12T19:39:57.001+0000][6][safepoint    ] Safepoint "Cleanup", Time since last: 1000351234 ns, Reaching safepoint: 443471 ns, At safepoint: 97312 ns, Total: 540783 ns
[2020-08-12T19:39:58.003+0000][6][safepoint    ] Safepoint "Cleanup", Time since last: 1001076027 ns, Reaching safepoint: 780868 ns, At safepoint: 44287 ns, Total: 825155 ns
[2020-08-12T19:39:59.402+0000][6][safepoint    ] Safepoint "Cleanup", Time since last: 1399076266 ns, Reaching safepoint: 505621 ns, At safepoint: 35075 ns, Total: 540696 ns
[2020-08-12T19:40:00.403+0000][6][safepoint    ] Safepoint "Cleanup", Time since last: 1000361033 ns, Reaching safepoint: 636144 ns, At safepoint: 44650 ns, Total: 680794 ns
[2020-08-12T19:40:01.405+0000][6][safepoint    ] Safepoint "Cleanup", Time since last: 1000357633 ns, Reaching safepoint: 632032 ns, At safepoint: 44525 ns, Total: 676557 ns
[2020-08-12T19:40:02.406+0000][6][safepoint    ] Safepoint "Cleanup", Time since last: 1000438320 ns, Reaching safepoint: 588058 ns, At safepoint: 53999 ns, Total: 642057 ns
[2020-08-12T19:40:03.407+0000][6][safepoint    ] Safepoint "Cleanup", Time since last: 1000349021 ns, Reaching safepoint: 810518 ns, At safepoint: 43712 ns, Total: 854230 ns
[2020-08-12T19:40:04.998+0000][6][safepoint    ] Safepoint "Cleanup", Time since last: 1590663219 ns, Reaching safepoint: 767318 ns, At safepoint: 44262 ns, Total: 811580 ns
[2020-08-12T19:40:06.000+0000][6][safepoint    ] Safepoint "Cleanup", Time since last: 1000343746 ns, Reaching safepoint: 979517 ns, At safepoint: 56862 ns, Total: 1036379 ns
[2020-08-12T19:40:07.538+0000][6][safepoint    ] Safepoint "Cleanup", Time since last: 1537295356 ns, Reaching safepoint: 602458 ns, At safepoint: 51112 ns, Total: 653570 ns
[2020-08-12T19:40:08.997+0000][6][safepoint    ] Safepoint "Cleanup", Time since last: 1458775887 ns, Reaching safepoint: 734081 ns, At safepoint: 43874 ns, Total: 777955 ns
[2020-08-12T19:40:10.000+0000][6][safepoint    ] Safepoint "Cleanup", Time since last: 1002137393 ns, Reaching safepoint: 529383 ns, At safepoint: 100037 ns, Total: 629420 ns
[2020-08-12T19:40:11.001+0000][6][safepoint    ] Safepoint "Cleanup", Time since last: 1000306996 ns, Reaching safepoint: 473721 ns, At safepoint: 30949 ns, Total: 504670 ns
[2020-08-12T19:40:12.001+0000][6][safepoint    ] Safepoint "Cleanup", Time since last: 1000353484 ns, Reaching safepoint: 308247 ns, At safepoint: 20687 ns, Total: 328934 ns
[2020-08-12T19:40:13.002+0000][6][safepoint    ] Safepoint "Cleanup", Time since last: 1000252135 ns, Reaching safepoint: 655106 ns, At safepoint: 53100 ns, Total: 708206 ns
[2020-08-12T19:40:15.001+0000][6][safepoint    ] Safepoint "Cleanup", Time since last: 1998139501 ns, Reaching safepoint: 392622 ns, At safepoint: 19150 ns, Total: 411772 ns
[2020-08-12T19:40:16.002+0000][6][safepoint    ] Safepoint "Cleanup", Time since last: 1000246972 ns, Reaching safepoint: 580445 ns, At safepoint: 44637 ns, Total: 625082 ns
[2020-08-12T19:40:17.002+0000][6][safepoint    ] Safepoint "Cleanup", Time since last: 1000316483 ns, Reaching safepoint: 332860 ns, At safepoint: 12225 ns, Total: 345085 ns
[2020-08-12T19:40:18.003+0000][6][safepoint    ] Safepoint "Cleanup", Time since last: 1000171547 ns, Reaching safepoint: 579258 ns, At safepoint: 24337 ns, Total: 603595 ns
[2020-08-12T19:40:19.209+0000][6][safepoint    ] Safepoint "Cleanup", Time since last: 1205508843 ns, Reaching safepoint: 546408 ns, At safepoint: 33950 ns, Total: 580358 ns
[2020-08-12T19:40:20.210+0000][6][safepoint    ] Safepoint "Cleanup", Time since last: 1000258522 ns, Reaching safepoint: 690781 ns, At safepoint: 44975 ns, Total: 735756 ns
[2020-08-12T19:40:21.211+0000][6][safepoint    ] Safepoint "Cleanup", Time since last: 1000352883 ns, Reaching safepoint: 593382 ns, At safepoint: 45637 ns, Total: 639019 ns
[2020-08-12T19:40:22.212+0000][6][safepoint    ] Safepoint "Cleanup", Time since last: 1000343959 ns, Reaching safepoint: 694931 ns, At safepoint: 52375 ns, Total: 747306 ns
[2020-08-12T19:40:23.214+0000][6][safepoint    ] Safepoint "Cleanup", Time since last: 1000340471 ns, Reaching safepoint: 877930 ns, At safepoint: 70199 ns, Total: 948129 ns
[2020-08-12T19:40:25.001+0000][6][safepoint    ] Safepoint "Cleanup", Time since last: 1786148113 ns, Reaching safepoint: 840518 ns, At safepoint: 44499 ns, Total: 885017 ns
[2020-08-12T19:40:26.002+0000][6][safepoint    ] Safepoint "Cleanup", Time since last: 1000668981 ns, Reaching safepoint: 779768 ns, At safepoint: 46025 ns, Total: 825793 ns
[2020-08-12T19:40:27.003+0000][6][safepoint    ] Safepoint "Cleanup", Time since last: 1000278746 ns, Reaching safepoint: 772019 ns, At safepoint: 11625 ns, Total: 783644 ns
[2020-08-12T19:40:28.004+0000][6][safepoint    ] Safepoint "Cleanup", Time since last: 1000231609 ns, Reaching safepoint: 766718 ns, At safepoint: 44925 ns, Total: 811643 ns
[2020-08-12T19:40:29.001+0000][6][safepoint    ] Safepoint "BulkRevokeBias", Time since last: 994090312 ns, Reaching safepoint: 551896 ns, At safepoint: 2425016 ns, Total: 2976912 ns
[2020-08-12T19:40:30.004+0000][6][safepoint    ] Safepoint "Cleanup", Time since last: 1001553748 ns, Reaching safepoint: 624795 ns, At safepoint: 45087 ns, Total: 669882 ns
[2020-08-12T19:40:31.005+0000][6][safepoint    ] Safepoint "Cleanup", Time since last: 1000412345 ns, Reaching safepoint: 757069 ns, At safepoint: 57099 ns, Total: 814168 ns
[2020-08-12T19:40:32.006+0000][6][safepoint    ] Safepoint "Cleanup", Time since last: 1000341684 ns, Reaching safepoint: 366671 ns, At safepoint: 17300 ns, Total: 383971 ns
[2020-08-12T19:40:33.007+0000][6][safepoint    ] Safepoint "Cleanup", Time since last: 1000249109 ns, Reaching safepoint: 945530 ns, At safepoint: 57612 ns, Total: 1003142 ns
[2020-08-12T19:40:35.001+0000][6][safepoint    ] Safepoint "Cleanup", Time since last: 1992803110 ns, Reaching safepoint: 824705 ns, At safepoint: 44387 ns, Total: 869092 ns
[2020-08-12T19:40:36.002+0000][6][safepoint    ] Safepoint "Cleanup", Time since last: 1000342396 ns, Reaching safepoint: 874180 ns, At safepoint: 44050 ns, Total: 918230 ns
[2020-08-12T19:40:36.507+0000][6][safepoint    ] Safepoint "BulkRevokeBias", Time since last: 501968513 ns, Reaching safepoint: 922730 ns, At safepoint: 2797138 ns, Total: 3719868 ns
[2020-08-12T19:40:37.509+0000][6][safepoint    ] Safepoint "Cleanup", Time since last: 1001099277 ns, Reaching safepoint: 850468 ns, At safepoint: 44362 ns, Total: 894830 ns
[2020-08-12T19:40:39.316+0000][6][safepoint    ] Safepoint "Cleanup", Time since last: 1805682981 ns, Reaching safepoint: 662194 ns, At safepoint: 25225 ns, Total: 687419 ns
[2020-08-12T19:40:40.317+0000][6][safepoint    ] Safepoint "Cleanup", Time since last: 1000243447 ns, Reaching safepoint: 478321 ns, At safepoint: 24149 ns, Total: 502470 ns
[2020-08-12T19:40:41.318+0000][6][safepoint    ] Safepoint "Cleanup", Time since last: 1000277459 ns, Reaching safepoint: 892593 ns, At safepoint: 44787 ns, Total: 937380 ns
[2020-08-12T19:40:42.319+0000][6][safepoint    ] Safepoint "Cleanup", Time since last: 1000392983 ns, Reaching safepoint: 787531 ns, At safepoint: 53687 ns, Total: 841218 ns
[2020-08-12T19:40:43.320+0000][6][safepoint    ] Safepoint "Cleanup", Time since last: 1000293946 ns, Reaching safepoint: 670082 ns, At safepoint: 52162 ns, Total: 722244 ns
[2020-08-12T19:40:45.005+0000][6][safepoint    ] Safepoint "Cleanup", Time since last: 1684080722 ns, Reaching safepoint: 920255 ns, At safepoint: 44799 ns, Total: 965054 ns
[2020-08-12T19:40:46.006+0000][6][safepoint    ] Safepoint "Cleanup", Time since last: 1000355746 ns, Reaching safepoint: 822243 ns, At safepoint: 46162 ns, Total: 868405 ns
[2020-08-12T19:40:47.007+0000][6][safepoint    ] Safepoint "Cleanup", Time since last: 1000336446 ns, Reaching safepoint: 544108 ns, At safepoint: 44837 ns, Total: 588945 ns
[2020-08-12T19:40:48.016+0000][6][safepoint    ] Safepoint "Cleanup", Time since last: 1000319096 ns, Reaching safepoint: 8638950 ns, At safepoint: 131186 ns, Total: 8770136 ns
[2020-08-12T19:40:50.007+0000][6][safepoint    ] Safepoint "Cleanup", Time since last: 1989222967 ns, Reaching safepoint: 969066 ns, At safepoint: 71924 ns, Total: 1040990 ns
[2020-08-12T19:40:51.008+0000][6][safepoint    ] Safepoint "Cleanup", Time since last: 1000352796 ns, Reaching safepoint: 696482 ns, At safepoint: 43587 ns, Total: 740069 ns
[2020-08-12T19:40:52.009+0000][6][safepoint    ] Safepoint "Cleanup", Time since last: 1000387683 ns, Reaching safepoint: 401871 ns, At safepoint: 54787 ns, Total: 456658 ns
[2020-08-12T19:40:53.010+0000][6][safepoint    ] Safepoint "Cleanup", Time since last: 1000342362 ns, Reaching safepoint: 673320 ns, At safepoint: 51737 ns, Total: 725057 ns
[2020-08-12T19:40:55.006+0000][6][safepoint    ] Safepoint "Cleanup", Time since last: 1995702464 ns, Reaching safepoint: 453621 ns, At safepoint: 44787 ns, Total: 498408 ns
[2020-08-12T19:40:56.007+0000][6][safepoint    ] Safepoint "Cleanup", Time since last: 1000390966 ns, Reaching safepoint: 857093 ns, At safepoint: 44087 ns, Total: 901180 ns
[2020-08-12T19:40:57.008+0000][6][safepoint    ] Safepoint "Cleanup", Time since last: 1000338967 ns, Reaching safepoint: 666969 ns, At safepoint: 45412 ns, Total: 712381 ns
[2020-08-12T19:40:58.009+0000][6][safepoint    ] Safepoint "Cleanup", Time since last: 1000336754 ns, Reaching safepoint: 795568 ns, At safepoint: 44887 ns, Total: 840455 ns
[2020-08-12T19:40:59.434+0000][6][safepoint    ] Safepoint "Cleanup", Time since last: 1424208166 ns, Reaching safepoint: 913892 ns, At safepoint: 40287 ns, Total: 954179 ns
[2020-08-12T19:41:00.435+0000][6][safepoint    ] Safepoint "Cleanup", Time since last: 1000232343 ns, Reaching safepoint: 650607 ns, At safepoint: 44600 ns, Total: 695207 ns
[2020-08-12T19:41:01.436+0000][6][safepoint    ] Safepoint "Cleanup", Time since last: 1000348729 ns, Reaching safepoint: 682631 ns, At safepoint: 51950 ns, Total: 734581 ns
[2020-08-12T19:41:02.437+0000][6][safepoint    ] Safepoint "Cleanup", Time since last: 1000341379 ns, Reaching safepoint: 629670 ns, At safepoint: 45099 ns, Total: 674769 ns
[2020-08-12T19:41:03.439+0000][6][safepoint    ] Safepoint "Cleanup", Time since last: 1000347367 ns, Reaching safepoint: 940842 ns, At safepoint: 44099 ns, Total: 984941 ns
[2020-08-12T19:41:05.008+0000][6][safepoint    ] Safepoint "Cleanup", Time since last: 1568697880 ns, Reaching safepoint: 637382 ns, At safepoint: 45625 ns, Total: 683007 ns
[2020-08-12T19:41:06.009+0000][6][safepoint    ] Safepoint "Cleanup", Time since last: 1000339354 ns, Reaching safepoint: 676494 ns, At safepoint: 44575 ns, Total: 721069 ns
[2020-08-12T19:41:07.453+0000][6][safepoint    ] Safepoint "Cleanup", Time since last: 1443325725 ns, Reaching safepoint: 499496 ns, At safepoint: 44087 ns, Total: 543583 ns
[2020-08-12T19:41:09.007+0000][6][safepoint    ] Safepoint "Cleanup", Time since last: 1552788842 ns, Reaching safepoint: 548720 ns, At safepoint: 46150 ns, Total: 594870 ns
[2020-08-12T19:41:10.009+0000][6][safepoint    ] Safepoint "Cleanup", Time since last: 1001634418 ns, Reaching safepoint: 751506 ns, At safepoint: 46962 ns, Total: 798468 ns
[2020-08-12T19:41:11.010+0000][6][safepoint    ] Safepoint "Cleanup", Time since last: 1000333867 ns, Reaching safepoint: 644569 ns, At safepoint: 55512 ns, Total: 700081 ns
[2020-08-12T19:41:12.011+0000][6][safepoint    ] Safepoint "Cleanup", Time since last: 1000367192 ns, Reaching safepoint: 446046 ns, At safepoint: 44212 ns, Total: 490258 ns
[2020-08-12T19:41:13.012+0000][6][safepoint    ] Safepoint "Cleanup", Time since last: 1000371004 ns, Reaching safepoint: 507371 ns, At safepoint: 53062 ns, Total: 560433 ns
[2020-08-12T19:41:15.009+0000][6][safepoint    ] Safepoint "Cleanup", Time since last: 1996378258 ns, Reaching safepoint: 503633 ns, At safepoint: 44149 ns, Total: 547782 ns
[2020-08-12T19:41:16.010+0000][6][safepoint    ] Safepoint "Cleanup", Time since last: 1000382479 ns, Reaching safepoint: 819468 ns, At safepoint: 47450 ns, Total: 866918 ns
[2020-08-12T19:41:17.011+0000][6][safepoint    ] Safepoint "Cleanup", Time since last: 1000350129 ns, Reaching safepoint: 753081 ns, At safepoint: 44862 ns, Total: 797943 ns
[2020-08-12T19:41:18.012+0000][6][safepoint    ] Safepoint "Cleanup", Time since last: 1000334292 ns, Reaching safepoint: 844180 ns, At safepoint: 56150 ns, Total: 900330 ns
[2020-08-12T19:41:19.317+0000][6][safepoint    ] Safepoint "Cleanup", Time since last: 1304196878 ns, Reaching safepoint: 603469 ns, At safepoint: 24250 ns, Total: 627719 ns
[2020-08-12T19:41:20.318+0000][6][safepoint    ] Safepoint "Cleanup", Time since last: 1000259118 ns, Reaching safepoint: 658644 ns, At safepoint: 46625 ns, Total: 705269 ns
[2020-08-12T19:41:21.319+0000][6][safepoint    ] Safepoint "Cleanup", Time since last: 1000338041 ns, Reaching safepoint: 728894 ns, At safepoint: 76824 ns, Total: 805718 ns
[2020-08-12T19:41:22.321+0000][6][safepoint    ] Safepoint "Cleanup", Time since last: 1000441404 ns, Reaching safepoint: 857255 ns, At safepoint: 44462 ns, Total: 901717 ns
[2020-08-12T19:41:23.322+0000][6][safepoint    ] Safepoint "Cleanup", Time since last: 1000334929 ns, Reaching safepoint: 826305 ns, At safepoint: 44600 ns, Total: 870905 ns
[2020-08-12T19:41:25.048+0000][6][safepoint    ] Safepoint "Cleanup", Time since last: 1725164152 ns, Reaching safepoint: 571658 ns, At safepoint: 34275 ns, Total: 605933 ns
[2020-08-12T19:41:26.049+0000][6][safepoint    ] Safepoint "Cleanup", Time since last: 1000331504 ns, Reaching safepoint: 735419 ns, At safepoint: 57274 ns, Total: 792693 ns
[2020-08-12T19:41:27.050+0000][6][safepoint    ] Safepoint "Cleanup", Time since last: 1000400654 ns, Reaching safepoint: 436821 ns, At safepoint: 44925 ns, Total: 481746 ns
[2020-08-12T19:41:28.051+0000][6][safepoint    ] Safepoint "Cleanup", Time since last: 1000375454 ns, Reaching safepoint: 603169 ns, At safepoint: 45787 ns, Total: 648956 ns
[2020-08-12T19:41:30.009+0000][6][safepoint    ] Safepoint "Cleanup", Time since last: 1957822842 ns, Reaching safepoint: 729818 ns, At safepoint: 45888 ns, Total: 775706 ns
[2020-08-12T19:41:31.010+0000][6][safepoint    ] Safepoint "Cleanup", Time since last: 1000335829 ns, Reaching safepoint: 579545 ns, At safepoint: 27400 ns, Total: 606945 ns
[2020-08-12T19:41:32.012+0000][6][safepoint    ] Safepoint "Cleanup", Time since last: 1000273717 ns, Reaching safepoint: 1104828 ns, At safepoint: 44612 ns, Total: 1149440 ns
[2020-08-12T19:41:33.012+0000][6][safepoint    ] Safepoint "Cleanup", Time since last: 1000348654 ns, Reaching safepoint: 269798 ns, At safepoint: 11012 ns, Total: 280810 ns
[2020-08-12T19:41:35.007+0000][6][safepoint    ] Safepoint "Cleanup", Time since last: 1994436388 ns, Reaching safepoint: 504683 ns, At safepoint: 22200 ns, Total: 526883 ns
[2020-08-12T19:41:36.008+0000][6][safepoint    ] Safepoint "Cleanup", Time since last: 1000266317 ns, Reaching safepoint: 798080 ns, At safepoint: 57875 ns, Total: 855955 ns
[2020-08-12T19:41:37.430+0000][6][safepoint    ] Safepoint "Cleanup", Time since last: 1421386065 ns, Reaching safepoint: 647382 ns, At safepoint: 45325 ns, Total: 692707 ns
[2020-08-12T19:41:39.370+0000][6][safepoint    ] Safepoint "Cleanup", Time since last: 1939310051 ns, Reaching safepoint: 616870 ns, At safepoint: 40012 ns, Total: 656882 ns
[2020-08-12T19:41:40.371+0000][6][safepoint    ] Safepoint "Cleanup", Time since last: 1000256230 ns, Reaching safepoint: 701819 ns, At safepoint: 46512 ns, Total: 748331 ns
[2020-08-12T19:41:41.372+0000][6][safepoint    ] Safepoint "Cleanup", Time since last: 1000336692 ns, Reaching safepoint: 684294 ns, At safepoint: 44712 ns, Total: 729006 ns
[2020-08-12T19:41:42.374+0000][6][safepoint    ] Safepoint "Cleanup", Time since last: 1000333567 ns, Reaching safepoint: 996379 ns, At safepoint: 62149 ns, Total: 1058528 ns
[2020-08-12T19:41:43.375+0000][6][safepoint    ] Safepoint "Cleanup", Time since last: 1000409379 ns, Reaching safepoint: 815980 ns, At safepoint: 44375 ns, Total: 860355 ns
[2020-08-12T19:41:45.011+0000][6][safepoint    ] Safepoint "Cleanup", Time since last: 1635267629 ns, Reaching safepoint: 803181 ns, At safepoint: 44387 ns, Total: 847568 ns
[2020-08-12T19:41:46.012+0000][6][safepoint    ] Safepoint "Cleanup", Time since last: 1000372729 ns, Reaching safepoint: 731956 ns, At safepoint: 54349 ns, Total: 786305 ns
[2020-08-12T19:41:47.013+0000][6][safepoint    ] Safepoint "Cleanup", Time since last: 1000283517 ns, Reaching safepoint: 448572 ns, At safepoint: 23487 ns, Total: 472059 ns
[2020-08-12T19:41:48.014+0000][6][safepoint    ] Safepoint "Cleanup", Time since last: 1000222980 ns, Reaching safepoint: 789118 ns, At safepoint: 54025 ns, Total: 843143 ns
[2020-08-12T19:41:50.012+0000][6][safepoint    ] Safepoint "Cleanup", Time since last: 1997491186 ns, Reaching safepoint: 770493 ns, At safepoint: 53275 ns, Total: 823768 ns
[2020-08-12T19:41:51.014+0000][6][safepoint    ] Safepoint "Cleanup", Time since last: 1000434628 ns, Reaching safepoint: 785018 ns, At safepoint: 44737 ns, Total: 829755 ns
[2020-08-12T19:41:52.015+0000][6][safepoint    ] Safepoint "Cleanup", Time since last: 1000353667 ns, Reaching safepoint: 973704 ns, At safepoint: 43962 ns, Total: 1017666 ns
[2020-08-12T19:41:53.016+0000][6][safepoint    ] Safepoint "Cleanup", Time since last: 1000235943 ns, Reaching safepoint: 463683 ns, At safepoint: 30250 ns, Total: 493933 ns
[2020-08-12T19:41:55.011+0000][6][safepoint    ] Safepoint "Cleanup", Time since last: 1994599424 ns, Reaching safepoint: 596694 ns, At safepoint: 35975 ns, Total: 632669 ns
[2020-08-12T19:41:56.012+0000][6][safepoint    ] Safepoint "Cleanup", Time since last: 1000298367 ns, Reaching safepoint: 604358 ns, At safepoint: 44699 ns, Total: 649057 ns
[2020-08-12T19:41:57.013+0000][6][safepoint    ] Safepoint "Cleanup", Time since last: 1000284817 ns, Reaching safepoint: 760756 ns, At safepoint: 75200 ns, Total: 835956 ns
[2020-08-12T19:41:58.015+0000][6][safepoint    ] Safepoint "Cleanup", Time since last: 1000346891 ns, Reaching safepoint: 1058879 ns, At safepoint: 43849 ns, Total: 1102728 ns
[2020-08-12T19:41:58.464+0000][6][safepoint    ] Safepoint "BulkRevokeBias", Time since last: 447517720 ns, Reaching safepoint: 352922 ns, At safepoint: 1121253 ns, Total: 1474175 ns
[2020-08-12T19:41:59.465+0000][6][safepoint    ] Safepoint "Cleanup", Time since last: 1000232255 ns, Reaching safepoint: 654407 ns, At safepoint: 34124 ns, Total: 688531 ns
[2020-08-12T19:42:00.466+0000][6][safepoint    ] Safepoint "Cleanup", Time since last: 1000259531 ns, Reaching safepoint: 771168 ns, At safepoint: 44962 ns, Total: 816130 ns
[2020-08-12T19:42:01.466+0000][6][safepoint    ] Safepoint "Cleanup", Time since last: 1000344679 ns, Reaching safepoint: 515358 ns, At safepoint: 44625 ns, Total: 559983 ns
[2020-08-12T19:42:02.468+0000][6][safepoint    ] Safepoint "Cleanup", Time since last: 1000342416 ns, Reaching safepoint: 659870 ns, At safepoint: 54099 ns, Total: 713969 ns
[2020-08-12T19:42:03.469+0000][6][safepoint    ] Safepoint "Cleanup", Time since last: 1000439229 ns, Reaching safepoint: 615169 ns, At safepoint: 76012 ns, Total: 691181 ns
[2020-08-12T19:42:05.015+0000][6][safepoint    ] Safepoint "Cleanup", Time since last: 1545841190 ns, Reaching safepoint: 643494 ns, At safepoint: 45262 ns, Total: 688756 ns
[2020-08-12T19:42:06.016+0000][6][safepoint    ] Safepoint "Cleanup", Time since last: 1000338054 ns, Reaching safepoint: 727869 ns, At safepoint: 44637 ns, Total: 772506 ns
[2020-08-12T19:42:07.542+0000][6][safepoint    ] Safepoint "Cleanup", Time since last: 1524899808 ns, Reaching safepoint: 885993 ns, At safepoint: 59124 ns, Total: 945117 ns
[2020-08-12T19:42:09.012+0000][6][safepoint    ] Safepoint "Cleanup", Time since last: 1469331938 ns, Reaching safepoint: 809056 ns, At safepoint: 46850 ns, Total: 855906 ns
[2020-08-12T19:42:10.015+0000][6][safepoint    ] Safepoint "Cleanup", Time since last: 1001721079 ns, Reaching safepoint: 944692 ns, At safepoint: 46162 ns, Total: 990854 ns
[2020-08-12T19:42:11.016+0000][6][safepoint    ] Safepoint "Cleanup", Time since last: 1000333405 ns, Reaching safepoint: 799518 ns, At safepoint: 58387 ns, Total: 857905 ns
[2020-08-12T19:42:12.017+0000][6][safepoint    ] Safepoint "Cleanup", Time since last: 1000341804 ns, Reaching safepoint: 509845 ns, At safepoint: 44900 ns, Total: 554745 ns
[2020-08-12T19:42:13.018+0000][6][safepoint    ] Safepoint "Cleanup", Time since last: 1000344217 ns, Reaching safepoint: 761668 ns, At safepoint: 44362 ns, Total: 806030 ns
[2020-08-12T19:42:15.014+0000][6][safepoint    ] Safepoint "Cleanup", Time since last: 1995213431 ns, Reaching safepoint: 597895 ns, At safepoint: 29962 ns, Total: 627857 ns
[2020-08-12T19:42:16.015+0000][6][safepoint    ] Safepoint "Cleanup", Time since last: 1000288892 ns, Reaching safepoint: 838043 ns, At safepoint: 44425 ns, Total: 882468 ns
[2020-08-12T19:42:17.016+0000][6][safepoint    ] Safepoint "Cleanup", Time since last: 1000347379 ns, Reaching safepoint: 438721 ns, At safepoint: 55900 ns, Total: 494621 ns
[2020-08-12T19:42:18.017+0000][6][safepoint    ] Safepoint "Cleanup", Time since last: 1000391216 ns, Reaching safepoint: 771056 ns, At safepoint: 55762 ns, Total: 826818 ns
[2020-08-12T19:42:19.364+0000][6][safepoint    ] Safepoint "Cleanup", Time since last: 1345908730 ns, Reaching safepoint: 785955 ns, At safepoint: 35938 ns, Total: 821893 ns
[2020-08-12T19:42:20.365+0000][6][safepoint    ] Safepoint "Cleanup", Time since last: 1000281054 ns, Reaching safepoint: 840093 ns, At safepoint: 57637 ns, Total: 897730 ns
[2020-08-12T19:42:21.366+0000][6][safepoint    ] Safepoint "Cleanup", Time since last: 1000349442 ns, Reaching safepoint: 711394 ns, At safepoint: 55287 ns, Total: 766681 ns
[2020-08-12T19:42:22.367+0000][6][safepoint    ] Safepoint "Cleanup", Time since last: 1000350641 ns, Reaching safepoint: 435684 ns, At safepoint: 27762 ns, Total: 463446 ns
[2020-08-12T19:42:23.368+0000][6][safepoint    ] Safepoint "Cleanup", Time since last: 1000277830 ns, Reaching safepoint: 690957 ns, At safepoint: 50499 ns, Total: 741456 ns
[2020-08-12T19:42:25.058+0000][6][safepoint    ] Safepoint "Cleanup", Time since last: 1688546019 ns, Reaching safepoint: 868180 ns, At safepoint: 44549 ns, Total: 912729 ns
[2020-08-12T19:42:26.059+0000][6][safepoint    ] Safepoint "Cleanup", Time since last: 1000387004 ns, Reaching safepoint: 639945 ns, At safepoint: 44162 ns, Total: 684107 ns
[2020-08-12T19:42:27.060+0000][6][safepoint    ] Safepoint "Cleanup", Time since last: 1000356816 ns, Reaching safepoint: 401347 ns, At safepoint: 56049 ns, Total: 457396 ns
[2020-08-12T19:42:28.061+0000][6][safepoint    ] Safepoint "Cleanup", Time since last: 1000370179 ns, Reaching safepoint: 1110478 ns, At safepoint: 86475 ns, Total: 1196953 ns
[2020-08-12T19:42:29.327+0000][6][safepoint    ] Safepoint "Cleanup", Time since last: 1265307764 ns, Reaching safepoint: 375071 ns, At safepoint: 11488 ns, Total: 386559 ns
[2020-08-12T19:42:30.333+0000][6][safepoint    ] Safepoint "Cleanup", Time since last: 1005611984 ns, Reaching safepoint: 885417 ns, At safepoint: 44274 ns, Total: 929691 ns
[2020-08-12T19:42:31.335+0000][6][safepoint    ] Safepoint "Cleanup", Time since last: 1000352017 ns, Reaching safepoint: 1009529 ns, At safepoint: 44637 ns, Total: 1054166 ns
[2020-08-12T19:42:32.336+0000][6][safepoint    ] Safepoint "Cleanup", Time since last: 1000426291 ns, Reaching safepoint: 590657 ns, At safepoint: 52312 ns, Total: 642969 ns
[2020-08-12T19:42:33.337+0000][6][safepoint    ] Safepoint "Cleanup", Time since last: 1000401904 ns, Reaching safepoint: 679457 ns, At safepoint: 48437 ns, Total: 727894 ns
[2020-08-12T19:42:35.017+0000][6][safepoint    ] Safepoint "Cleanup", Time since last: 1679610133 ns, Reaching safepoint: 743969 ns, At safepoint: 54187 ns, Total: 798156 ns
[2020-08-12T19:42:36.018+0000][6][safepoint    ] Safepoint "Cleanup", Time since last: 1000357016 ns, Reaching safepoint: 620708 ns, At safepoint: 45124 ns, Total: 665832 ns
[2020-08-12T19:42:36.412+0000][6][safepoint    ] Safepoint "BulkRevokeBias", Time since last: 392619319 ns, Reaching safepoint: 302885 ns, At safepoint: 892105 ns, Total: 1194990 ns
[2020-08-12T19:42:37.413+0000][6][safepoint    ] Safepoint "Cleanup", Time since last: 1000405366 ns, Reaching safepoint: 685357 ns, At safepoint: 46287 ns, Total: 731644 ns
[2020-08-12T19:42:38.414+0000][6][safepoint    ] Safepoint "Cleanup", Time since last: 1000381504 ns, Reaching safepoint: 667394 ns, At safepoint: 22762 ns, Total: 690156 ns
[2020-08-12T19:42:39.434+0000][6][safepoint    ] Safepoint "Cleanup", Time since last: 1019079317 ns, Reaching safepoint: 238548 ns, At safepoint: 10938 ns, Total: 249486 ns
[2020-08-12T19:42:40.435+0000][6][safepoint    ] Safepoint "Cleanup", Time since last: 1000217693 ns, Reaching safepoint: 810843 ns, At safepoint: 43974 ns, Total: 854817 ns
[2020-08-12T19:42:40.677+0000][6][gc,start     ] GC(27) Pause Young (Normal) (G1 Evacuation Pause)
[2020-08-12T19:42:40.677+0000][6][gc,task      ] GC(27) Using 2 workers of 2 for evacuation
[2020-08-12T19:42:40.678+0000][6][gc,age       ] GC(27) Desired survivor size 40370176 bytes, new threshold 15 (max threshold 15)
[2020-08-12T19:42:40.763+0000][6][gc,age       ] GC(27) Age table with threshold 15 (max threshold 15)
[2020-08-12T19:42:40.763+0000][6][gc,age       ] GC(27) - age   1:     298504 bytes,     298504 total
[2020-08-12T19:42:40.763+0000][6][gc,age       ] GC(27) - age   2:     101256 bytes,     399760 total
[2020-08-12T19:42:40.763+0000][6][gc,age       ] GC(27) - age   3:      44128 bytes,     443888 total
[2020-08-12T19:42:40.763+0000][6][gc,age       ] GC(27) - age   4:     111392 bytes,     555280 total
[2020-08-12T19:42:40.763+0000][6][gc,age       ] GC(27) - age   5:     265464 bytes,     820744 total
[2020-08-12T19:42:40.763+0000][6][gc,age       ] GC(27) - age   6:      14016 bytes,     834760 total
[2020-08-12T19:42:40.764+0000][6][gc,phases    ] GC(27)   Pre Evacuate Collection Set: 0.8ms
[2020-08-12T19:42:40.764+0000][6][gc,phases    ] GC(27)   Merge Heap Roots: 0.9ms
[2020-08-12T19:42:40.764+0000][6][gc,phases    ] GC(27)   Evacuate Collection Set: 55.3ms
[2020-08-12T19:42:40.764+0000][6][gc,phases    ] GC(27)   Post Evacuate Collection Set: 27.7ms
[2020-08-12T19:42:40.764+0000][6][gc,phases    ] GC(27)   Other: 2.3ms
[2020-08-12T19:42:40.764+0000][6][gc,heap      ] GC(27) Eden regions: 613->0(613)
[2020-08-12T19:42:40.764+0000][6][gc,heap      ] GC(27) Survivor regions: 1->1(77)
[2020-08-12T19:42:40.765+0000][6][gc,heap      ] GC(27) Old regions: 81->81
[2020-08-12T19:42:40.765+0000][6][gc,heap      ] GC(27) Archive regions: 2->2
[2020-08-12T19:42:40.765+0000][6][gc,heap      ] GC(27) Humongous regions: 7->7
[2020-08-12T19:42:40.765+0000][6][gc,metaspace ] GC(27) Metaspace: 96346K(103892K)->96346K(103892K) NonClass: 83795K(88320K)->83795K(88320K) Class: 12550K(15572K)->12550K(15572K)
[2020-08-12T19:42:40.765+0000][6][gc           ] GC(27) Pause Young (Normal) (G1 Evacuation Pause) 702M->89M(1024M) 87.909ms
[2020-08-12T19:42:40.765+0000][6][gc,cpu       ] GC(27) User=0.05s Sys=0.00s Real=0.09s
[2020-08-12T19:42:40.765+0000][6][safepoint    ] Safepoint "G1CollectForAllocation", Time since last: 241178078 ns, Reaching safepoint: 772506 ns, At safepoint: 88633347 ns, Total: 89405853 ns
[2020-08-12T19:42:41.766+0000][6][safepoint    ] Safepoint "Cleanup", Time since last: 1000202918 ns, Reaching safepoint: 767668 ns, At safepoint: 83487 ns, Total: 851155 ns
[2020-08-12T19:42:42.768+0000][6][safepoint    ] Safepoint "Cleanup", Time since last: 1000351791 ns, Reaching safepoint: 690619 ns, At safepoint: 45512 ns, Total: 736131 ns
[2020-08-12T19:42:43.769+0000][6][safepoint    ] Safepoint "Cleanup", Time since last: 1000423254 ns, Reaching safepoint: 740343 ns, At safepoint: 67725 ns, Total: 808068 ns
[2020-08-12T19:42:45.023+0000][6][safepoint    ] Safepoint "Cleanup", Time since last: 1252868684 ns, Reaching safepoint: 1034216 ns, At safepoint: 63925 ns, Total: 1098141 ns
[2020-08-12T19:42:46.024+0000][6][safepoint    ] Safepoint "Cleanup", Time since last: 1000460028 ns, Reaching safepoint: 602820 ns, At safepoint: 112936 ns, Total: 715756 ns
[2020-08-12T19:42:47.025+0000][6][safepoint    ] Safepoint "Cleanup", Time since last: 1000292480 ns, Reaching safepoint: 574532 ns, At safepoint: 26325 ns, Total: 600857 ns
[2020-08-12T19:42:48.026+0000][6][safepoint    ] Safepoint "Cleanup", Time since last: 1000566702 ns, Reaching safepoint: 812206 ns, At safepoint: 56562 ns, Total: 868768 ns
[2020-08-12T19:42:50.019+0000][6][safepoint    ] Safepoint "Cleanup", Time since last: 1992155132 ns, Reaching safepoint: 869430 ns, At safepoint: 43887 ns, Total: 913317 ns
[2020-08-12T19:42:51.020+0000][6][safepoint    ] Safepoint "Cleanup", Time since last: 1000322279 ns, Reaching safepoint: 606170 ns, At safepoint: 56875 ns, Total: 663045 ns
[2020-08-12T19:42:52.021+0000][6][safepoint    ] Safepoint "Cleanup", Time since last: 1000288429 ns, Reaching safepoint: 630570 ns, At safepoint: 22525 ns, Total: 653095 ns
[2020-08-12T19:42:53.022+0000][6][safepoint    ] Safepoint "Cleanup", Time since last: 1000252380 ns, Reaching safepoint: 673006 ns, At safepoint: 45400 ns, Total: 718406 ns
[2020-08-12T19:42:55.020+0000][6][safepoint    ] Safepoint "Cleanup", Time since last: 1996757730 ns, Reaching safepoint: 475383 ns, At safepoint: 44162 ns, Total: 519545 ns
[2020-08-12T19:42:56.020+0000][6][safepoint    ] Safepoint "Cleanup", Time since last: 1000302880 ns, Reaching safepoint: 430484 ns, At safepoint: 20537 ns, Total: 451021 ns
[2020-08-12T19:42:57.021+0000][6][safepoint    ] Safepoint "Cleanup", Time since last: 1000271517 ns, Reaching safepoint: 613033 ns, At safepoint: 44562 ns, Total: 657595 ns
[2020-08-12T19:42:58.022+0000][6][safepoint    ] Safepoint "Cleanup", Time since last: 1000341917 ns, Reaching safepoint: 730006 ns, At safepoint: 44587 ns, Total: 774593 ns
[2020-08-12T19:42:59.427+0000][6][safepoint    ] Safepoint "Cleanup", Time since last: 1403857516 ns, Reaching safepoint: 587520 ns, At safepoint: 52500 ns, Total: 640020 ns
[2020-08-12T19:43:00.428+0000][6][safepoint    ] Safepoint "Cleanup", Time since last: 1000405316 ns, Reaching safepoint: 888180 ns, At safepoint: 46549 ns, Total: 934729 ns
[2020-08-12T19:43:01.429+0000][6][safepoint    ] Safepoint "Cleanup", Time since last: 1000330755 ns, Reaching safepoint: 893604 ns, At safepoint: 46700 ns, Total: 940304 ns
[2020-08-12T19:43:02.430+0000][6][safepoint    ] Safepoint "Cleanup", Time since last: 1000336154 ns, Reaching safepoint: 681270 ns, At safepoint: 53237 ns, Total: 734507 ns
[2020-08-12T19:43:03.432+0000][6][safepoint    ] Safepoint "Cleanup", Time since last: 1000609564 ns, Reaching safepoint: 697444 ns, At safepoint: 44175 ns, Total: 741619 ns
[2020-08-12T19:43:04.022+0000][6][safepoint    ] Safepoint "BulkRevokeBias", Time since last: 587224912 ns, Reaching safepoint: 715194 ns, At safepoint: 2624764 ns, Total: 3339958 ns
[2020-08-12T19:43:05.025+0000][6][safepoint    ] Safepoint "Cleanup", Time since last: 1001540269 ns, Reaching safepoint: 616345 ns, At safepoint: 53774 ns, Total: 670119 ns
[2020-08-12T19:43:06.026+0000][6][safepoint    ] Safepoint "Cleanup", Time since last: 1000350830 ns, Reaching safepoint: 621807 ns, At safepoint: 52524 ns, Total: 674331 ns
[2020-08-12T19:43:07.554+0000][6][safepoint    ] Safepoint "Cleanup", Time since last: 1527657685 ns, Reaching safepoint: 474570 ns, At safepoint: 44475 ns, Total: 519045 ns
[2020-08-12T19:43:09.021+0000][6][safepoint    ] Safepoint "Cleanup", Time since last: 1466562012 ns, Reaching safepoint: 891605 ns, At safepoint: 44612 ns, Total: 936217 ns
[2020-08-12T19:43:10.024+0000][6][safepoint    ] Safepoint "Cleanup", Time since last: 1001625293 ns, Reaching safepoint: 713982 ns, At safepoint: 45812 ns, Total: 759794 ns
[2020-08-12T19:43:11.025+0000][6][safepoint    ] Safepoint "Cleanup", Time since last: 1000412778 ns, Reaching safepoint: 425772 ns, At safepoint: 26274 ns, Total: 452046 ns
[2020-08-12T19:43:12.025+0000][6][safepoint    ] Safepoint "Cleanup", Time since last: 1000240781 ns, Reaching safepoint: 632582 ns, At safepoint: 39337 ns, Total: 671919 ns
[2020-08-12T19:43:13.027+0000][6][safepoint    ] Safepoint "Cleanup", Time since last: 1000283079 ns, Reaching safepoint: 791606 ns, At safepoint: 47337 ns, Total: 838943 ns
[2020-08-12T19:43:15.023+0000][6][safepoint    ] Safepoint "Cleanup", Time since last: 1996017686 ns, Reaching safepoint: 686582 ns, At safepoint: 46962 ns, Total: 733544 ns
[2020-08-12T19:43:16.025+0000][6][safepoint    ] Safepoint "Cleanup", Time since last: 1000337117 ns, Reaching safepoint: 625057 ns, At safepoint: 201873 ns, Total: 826930 ns
[2020-08-12T19:43:17.025+0000][6][safepoint    ] Safepoint "Cleanup", Time since last: 1000277630 ns, Reaching safepoint: 514233 ns, At safepoint: 15625 ns, Total: 529858 ns
[2020-08-12T19:43:18.026+0000][6][safepoint    ] Safepoint "Cleanup", Time since last: 1000189393 ns, Reaching safepoint: 744343 ns, At safepoint: 39975 ns, Total: 784318 ns
[2020-08-12T19:43:19.277+0000][6][safepoint    ] Safepoint "Cleanup", Time since last: 1249636100 ns, Reaching safepoint: 556020 ns, At safepoint: 51300 ns, Total: 607320 ns
[2020-08-12T19:43:20.278+0000][6][safepoint    ] Safepoint "Cleanup", Time since last: 1000295717 ns, Reaching safepoint: 637907 ns, At safepoint: 44874 ns, Total: 682781 ns
[2020-08-12T19:43:21.279+0000][6][safepoint    ] Safepoint "Cleanup", Time since last: 1000334380 ns, Reaching safepoint: 687456 ns, At safepoint: 44587 ns, Total: 732043 ns
[2020-08-12T19:43:22.279+0000][6][safepoint    ] Safepoint "Cleanup", Time since last: 1000337067 ns, Reaching safepoint: 509083 ns, At safepoint: 44500 ns, Total: 553583 ns
[2020-08-12T19:43:23.280+0000][6][safepoint    ] Safepoint "Cleanup", Time since last: 1000299329 ns, Reaching safepoint: 496533 ns, At safepoint: 55262 ns, Total: 551795 ns
[2020-08-12T19:43:25.024+0000][6][safepoint    ] Safepoint "Cleanup", Time since last: 1742362954 ns, Reaching safepoint: 945992 ns, At safepoint: 44424 ns, Total: 990416 ns
[2020-08-12T19:43:26.025+0000][6][safepoint    ] Safepoint "Cleanup", Time since last: 1000479203 ns, Reaching safepoint: 825506 ns, At safepoint: 44949 ns, Total: 870455 ns
[2020-08-12T19:43:27.026+0000][6][safepoint    ] Safepoint "Cleanup", Time since last: 1000274693 ns, Reaching safepoint: 364647 ns, At safepoint: 13225 ns, Total: 377872 ns
[2020-08-12T19:43:28.027+0000][6][safepoint    ] Safepoint "Cleanup", Time since last: 1000280967 ns, Reaching safepoint: 833393 ns, At safepoint: 44712 ns, Total: 878105 ns
[2020-08-12T19:43:30.025+0000][6][safepoint    ] Safepoint "Cleanup", Time since last: 1997492311 ns, Reaching safepoint: 810005 ns, At safepoint: 79487 ns, Total: 889492 ns
[2020-08-12T19:43:31.026+0000][6][safepoint    ] Safepoint "Cleanup", Time since last: 1000348417 ns, Reaching safepoint: 684819 ns, At safepoint: 44174 ns, Total: 728993 ns
[2020-08-12T19:43:32.027+0000][6][safepoint    ] Safepoint "Cleanup", Time since last: 1000314705 ns, Reaching safepoint: 829555 ns, At safepoint: 49825 ns, Total: 879380 ns
[2020-08-12T19:43:33.029+0000][6][safepoint    ] Safepoint "Cleanup", Time since last: 1000336054 ns, Reaching safepoint: 868417 ns, At safepoint: 44750 ns, Total: 913167 ns
[2020-08-12T19:43:35.021+0000][6][safepoint    ] Safepoint "Cleanup", Time since last: 1992074370 ns, Reaching safepoint: 411034 ns, At safepoint: 17188 ns, Total: 428222 ns
[2020-08-12T19:43:36.022+0000][6][safepoint    ] Safepoint "Cleanup", Time since last: 1000227905 ns, Reaching safepoint: 803880 ns, At safepoint: 46175 ns, Total: 850055 ns
[2020-08-12T19:43:37.407+0000][6][safepoint    ] Safepoint "Cleanup", Time since last: 1383358769 ns, Reaching safepoint: 767343 ns, At safepoint: 71600 ns, Total: 838943 ns
[2020-08-12T19:43:39.403+0000][6][safepoint    ] Safepoint "Cleanup", Time since last: 1996202047 ns, Reaching safepoint: 446533 ns, At safepoint: 31938 ns, Total: 478471 ns
[2020-08-12T19:43:40.404+0000][6][safepoint    ] Safepoint "Cleanup", Time since last: 1000251930 ns, Reaching safepoint: 830692 ns, At safepoint: 46438 ns, Total: 877130 ns
[2020-08-12T19:43:41.405+0000][6][safepoint    ] Safepoint "Cleanup", Time since last: 1000346604 ns, Reaching safepoint: 635207 ns, At safepoint: 45212 ns, Total: 680419 ns
[2020-08-12T19:43:42.408+0000][6][safepoint    ] Safepoint "Cleanup", Time since last: 1002577097 ns, Reaching safepoint: 460634 ns, At safepoint: 17075 ns, Total: 477709 ns
[2020-08-12T19:43:43.410+0000][6][safepoint    ] Safepoint "Cleanup", Time since last: 1000204243 ns, Reaching safepoint: 895754 ns, At safepoint: 948342 ns, Total: 1844096 ns
[2020-08-12T19:43:45.026+0000][6][safepoint    ] Safepoint "Cleanup", Time since last: 1615076204 ns, Reaching safepoint: 709869 ns, At safepoint: 88774 ns, Total: 798643 ns
[2020-08-12T19:43:46.027+0000][6][safepoint    ] Safepoint "Cleanup", Time since last: 1000344854 ns, Reaching safepoint: 741956 ns, At safepoint: 53087 ns, Total: 795043 ns
[2020-08-12T19:43:47.028+0000][6][safepoint    ] Safepoint "Cleanup", Time since last: 1000293992 ns, Reaching safepoint: 552283 ns, At safepoint: 22262 ns, Total: 574545 ns
[2020-08-12T19:43:48.030+0000][6][safepoint    ] Safepoint "Cleanup", Time since last: 1000222468 ns, Reaching safepoint: 897967 ns, At safepoint: 51687 ns, Total: 949654 ns
[2020-08-12T19:43:50.024+0000][6][safepoint    ] Safepoint "Cleanup", Time since last: 1994141441 ns, Reaching safepoint: 697969 ns, At safepoint: 52612 ns, Total: 750581 ns
[2020-08-12T19:43:51.025+0000][6][safepoint    ] Safepoint "Cleanup", Time since last: 1000342491 ns, Reaching safepoint: 657582 ns, At safepoint: 45762 ns, Total: 703344 ns
[2020-08-12T19:43:52.026+0000][6][safepoint    ] Safepoint "Cleanup", Time since last: 1000352279 ns, Reaching safepoint: 526071 ns, At safepoint: 45274 ns, Total: 571345 ns
[2020-08-12T19:43:53.027+0000][6][safepoint    ] Safepoint "Cleanup", Time since last: 1000353254 ns, Reaching safepoint: 616220 ns, At safepoint: 45375 ns, Total: 661595 ns
[2020-08-12T19:43:55.027+0000][6][safepoint    ] Safepoint "Cleanup", Time since last: 1999175996 ns, Reaching safepoint: 522771 ns, At safepoint: 44462 ns, Total: 567233 ns
[2020-08-12T19:43:56.028+0000][6][safepoint    ] Safepoint "Cleanup", Time since last: 1000330491 ns, Reaching safepoint: 567183 ns, At safepoint: 54662 ns, Total: 621845 ns
[2020-08-12T19:43:57.029+0000][6][safepoint    ] Safepoint "Cleanup", Time since last: 1000309030 ns, Reaching safepoint: 417408 ns, At safepoint: 30800 ns, Total: 448208 ns
[2020-08-12T19:43:58.030+0000][6][safepoint    ] Safepoint "Cleanup", Time since last: 1000299430 ns, Reaching safepoint: 486833 ns, At safepoint: 38837 ns, Total: 525670 ns
[2020-08-12T19:43:59.377+0000][6][safepoint    ] Safepoint "Cleanup", Time since last: 1347224519 ns, Reaching safepoint: 517220 ns, At safepoint: 21913 ns, Total: 539133 ns
[2020-08-12T19:44:00.378+0000][6][safepoint    ] Safepoint "Cleanup", Time since last: 1000256405 ns, Reaching safepoint: 506108 ns, At safepoint: 44699 ns, Total: 550807 ns
[2020-08-12T19:44:01.379+0000][6][safepoint    ] Safepoint "Cleanup", Time since last: 1000469791 ns, Reaching safepoint: 675569 ns, At safepoint: 44837 ns, Total: 720406 ns
[2020-08-12T19:44:02.381+0000][6][safepoint    ] Safepoint "Cleanup", Time since last: 1000355479 ns, Reaching safepoint: 730782 ns, At safepoint: 22662 ns, Total: 753444 ns
[2020-08-12T19:44:04.012+0000][6][safepoint    ] Safepoint "Cleanup", Time since last: 1000302942 ns, Reaching safepoint: 630115754 ns, At safepoint: 1264377 ns, Total: 631380131 ns
[2020-08-12T19:44:05.013+0000][6][safepoint    ] Safepoint "Cleanup", Time since last: 1000242305 ns, Reaching safepoint: 452633 ns, At safepoint: 26700 ns, Total: 479333 ns
[2020-08-12T19:44:06.014+0000][6][safepoint    ] Safepoint "Cleanup", Time since last: 1000177331 ns, Reaching safepoint: 309372 ns, At safepoint: 570470 ns, Total: 879842 ns
[2020-08-12T19:44:07.015+0000][6][safepoint    ] Safepoint "Cleanup", Time since last: 1000459628 ns, Reaching safepoint: 331985 ns, At safepoint: 15900 ns, Total: 347885 ns
[2020-08-12T19:44:08.016+0000][6][safepoint    ] Safepoint "Cleanup", Time since last: 1000314317 ns, Reaching safepoint: 469021 ns, At safepoint: 24037 ns, Total: 493058 ns
[2020-08-12T19:44:09.094+0000][6][safepoint    ] Safepoint "Cleanup", Time since last: 1000347354 ns, Reaching safepoint: 78441110 ns, At safepoint: 44524 ns, Total: 78485634 ns
[2020-08-12T19:44:10.169+0000][6][safepoint    ] Safepoint "Cleanup", Time since last: 1000221468 ns, Reaching safepoint: 73917724 ns, At safepoint: 73999 ns, Total: 73991723 ns
[2020-08-12T19:44:12.126+0000][6][safepoint    ] Safepoint "Cleanup", Time since last: 1956632452 ns, Reaching safepoint: 1119415 ns, At safepoint: 61799 ns, Total: 1181214 ns
[2020-08-12T19:44:13.632+0000][6][safepoint    ] Safepoint "Cleanup", Time since last: 1000357279 ns, Reaching safepoint: 501287080 ns, At safepoint: 3696694 ns, Total: 504983774 ns
[2020-08-12T19:44:14.931+0000][6][safepoint    ] Safepoint "Cleanup", Time since last: 1000592952 ns, Reaching safepoint: 295887592 ns, At safepoint: 2752001 ns, Total: 298639593 ns
[2020-08-12T19:44:16.149+0000][6][safepoint    ] Safepoint "Cleanup", Time since last: 1000347942 ns, Reaching safepoint: 215252365 ns, At safepoint: 1931533 ns, Total: 217183898 ns
[2020-08-12T19:44:19.377+0000][6][safepoint    ] Safepoint "Cleanup", Time since last: 1000647977 ns, Reaching safepoint: 2221586011 ns, At safepoint: 6032523 ns, Total: 2227618534 ns
[2020-08-12T19:44:20.409+0000][6][safepoint    ] Safepoint "Cleanup", Time since last: 1000336679 ns, Reaching safepoint: 31443604 ns, At safepoint: 54287 ns, Total: 31497891 ns
[2020-08-12T19:44:21.492+0000][6][safepoint    ] Safepoint "Cleanup", Time since last: 1000282542 ns, Reaching safepoint: 81723331 ns, At safepoint: 1410263 ns, Total: 83133594 ns
[2020-08-12T19:44:22.649+0000][6][safepoint    ] Safepoint "Cleanup", Time since last: 1107345142 ns, Reaching safepoint: 49301736 ns, At safepoint: 67150 ns, Total: 49368886 ns
[2020-08-12T19:44:23.650+0000][6][safepoint    ] Safepoint "Cleanup", Time since last: 1000370016 ns, Reaching safepoint: 627257 ns, At safepoint: 27725 ns, Total: 654982 ns
[2020-08-12T19:44:24.651+0000][6][safepoint    ] Safepoint "Cleanup", Time since last: 1000317342 ns, Reaching safepoint: 958404 ns, At safepoint: 44075 ns, Total: 1002479 ns
[2020-08-12T19:44:25.652+0000][6][safepoint    ] Safepoint "Cleanup", Time since last: 1000297392 ns, Reaching safepoint: 638444 ns, At safepoint: 30413 ns, Total: 668857 ns
[2020-08-12T19:44:27.010+0000][6][safepoint    ] Safepoint "Cleanup", Time since last: 1341439668 ns, Reaching safepoint: 16253410 ns, At safepoint: 106599 ns, Total: 16360009 ns
[2020-08-12T19:44:27.035+0000][6][safepoint    ] Safepoint "BulkRevokeBias", Time since last: 21037268 ns, Reaching safepoint: 1238789 ns, At safepoint: 2936887 ns, Total: 4175676 ns
[2020-08-12T19:44:27.484+0000][6][safepoint    ] Safepoint "BulkRevokeBias", Time since last: 444843106 ns, Reaching safepoint: 2164456 ns, At safepoint: 2127544 ns, Total: 4292000 ns
[2020-08-12T19:44:28.626+0000][6][safepoint    ] Safepoint "Cleanup", Time since last: 1141644708 ns, Reaching safepoint: 444446 ns, At safepoint: 19113 ns, Total: 463559 ns
[2020-08-12T19:44:29.673+0000][6][safepoint    ] Safepoint "Cleanup", Time since last: 1046202195 ns, Reaching safepoint: 436521 ns, At safepoint: 22787 ns, Total: 459308 ns
[2020-08-12T19:44:30.018+0000][6][gc,heap,exit ] Heap
[2020-08-12T19:44:30.019+0000][6][gc,heap,exit ]  garbage-first heap   total 1048576K, used 379197K [0x00000000c0000000, 0x0000000100000000)
[2020-08-12T19:44:30.019+0000][6][gc,heap,exit ]   region size 1024K, 284 young (290816K), 1 survivors (1024K)
[2020-08-12T19:44:30.019+0000][6][gc,heap,exit ]  Metaspace       used 96692K, capacity 104098K, committed 104276K, reserved 1138688K
[2020-08-12T19:44:30.019+0000][6][gc,heap,exit ]   class space    used 12591K, capacity 15610K, committed 15700K, reserved 1048576K
