[2020-08-12T18:52:58.084+0000][6][gc,heap] Heap region size: 1M
[2020-08-12T18:52:58.085+0000][6][gc,heap,coops] Heap address: 0x00000000c0000000, size: 1024 MB, Compressed Oops mode: 32-bit
[2020-08-12T18:52:59.855+0000][6][gc           ] Using G1
[2020-08-12T18:52:59.856+0000][6][gc,cds       ] Mark closed archive regions in map: [0x00000000fff00000, 0x00000000fff7eff8]
[2020-08-12T18:52:59.856+0000][6][gc,cds       ] Mark open archive regions in map: [0x00000000ffe00000, 0x00000000ffe51ff8]
[2020-08-12T18:52:59.916+0000][6][gc           ] Periodic GC disabled
[2020-08-12T18:53:01.148+0000][6][safepoint    ] Safepoint "Cleanup", Time since last: 1259128869 ns, Reaching safepoint: 4131802 ns, At safepoint: 50024 ns, Total: 4181826 ns
[2020-08-12T18:53:02.160+0000][6][safepoint    ] Safepoint "Cleanup", Time since last: 1004382513 ns, Reaching safepoint: 7559135 ns, At safepoint: 25150 ns, Total: 7584285 ns
[2020-08-12T18:53:03.172+0000][6][safepoint    ] Safepoint "Cleanup", Time since last: 1003850580 ns, Reaching safepoint: 7776670 ns, At safepoint: 20262 ns, Total: 7796932 ns
[2020-08-12T18:53:04.596+0000][6][safepoint    ] Safepoint "Cleanup", Time since last: 1423777801 ns, Reaching safepoint: 155561 ns, At safepoint: 9800 ns, Total: 165361 ns
[2020-08-12T18:53:05.616+0000][6][safepoint    ] Safepoint "Cleanup", Time since last: 1002248019 ns, Reaching safepoint: 18244805 ns, At safepoint: 15250 ns, Total: 18260055 ns
[2020-08-12T18:53:07.111+0000][6][safepoint    ] Safepoint "Cleanup", Time since last: 1494744152 ns, Reaching safepoint: 198036 ns, At safepoint: 9813 ns, Total: 207849 ns
[2020-08-12T18:53:08.116+0000][6][safepoint    ] Safepoint "Cleanup", Time since last: 1004929583 ns, Reaching safepoint: 127761 ns, At safepoint: 16400 ns, Total: 144161 ns
[2020-08-12T18:53:09.117+0000][6][safepoint    ] Safepoint "Cleanup", Time since last: 1000184174 ns, Reaching safepoint: 886742 ns, At safepoint: 20938 ns, Total: 907680 ns
[2020-08-12T18:53:09.423+0000][6][gc,start     ] GC(0) Pause Young (Normal) (G1 Evacuation Pause)
[2020-08-12T18:53:09.424+0000][6][gc,task      ] GC(0) Using 2 workers of 2 for evacuation
[2020-08-12T18:53:09.424+0000][6][gc,age       ] GC(0) Desired survivor size 3670016 bytes, new threshold 15 (max threshold 15)
[2020-08-12T18:53:09.493+0000][6][gc,age       ] GC(0) Age table with threshold 15 (max threshold 15)
[2020-08-12T18:53:09.493+0000][6][gc,age       ] GC(0) - age   1:    4878624 bytes,    4878624 total
[2020-08-12T18:53:09.494+0000][6][gc,phases    ] GC(0)   Pre Evacuate Collection Set: 0.5ms
[2020-08-12T18:53:09.494+0000][6][gc,phases    ] GC(0)   Merge Heap Roots: 0.3ms
[2020-08-12T18:53:09.494+0000][6][gc,phases    ] GC(0)   Evacuate Collection Set: 54.4ms
[2020-08-12T18:53:09.494+0000][6][gc,phases    ] GC(0)   Post Evacuate Collection Set: 14.4ms
[2020-08-12T18:53:09.494+0000][6][gc,phases    ] GC(0)   Other: 0.8ms
[2020-08-12T18:53:09.494+0000][6][gc,heap      ] GC(0) Eden regions: 51->0(46)
[2020-08-12T18:53:09.494+0000][6][gc,heap      ] GC(0) Survivor regions: 0->5(7)
[2020-08-12T18:53:09.494+0000][6][gc,heap      ] GC(0) Old regions: 0->0
[2020-08-12T18:53:09.494+0000][6][gc,heap      ] GC(0) Archive regions: 2->2
[2020-08-12T18:53:09.494+0000][6][gc,heap      ] GC(0) Humongous regions: 1->1
[2020-08-12T18:53:09.494+0000][6][gc,metaspace ] GC(0) Metaspace: 11607K(12160K)->11607K(12160K) NonClass: 10180K(10496K)->10180K(10496K) Class: 1426K(1664K)->1426K(1664K)
[2020-08-12T18:53:09.494+0000][6][gc           ] GC(0) Pause Young (Normal) (G1 Evacuation Pause) 52M->6M(1024M) 70.676ms
[2020-08-12T18:53:09.494+0000][6][gc,cpu       ] GC(0) User=0.04s Sys=0.00s Real=0.08s
[2020-08-12T18:53:09.494+0000][6][safepoint    ] Safepoint "G1CollectForAllocation", Time since last: 305773591 ns, Reaching safepoint: 131112 ns, At safepoint: 70873852 ns, Total: 71004964 ns
[2020-08-12T18:53:10.837+0000][6][safepoint    ] Safepoint "Cleanup", Time since last: 1342829260 ns, Reaching safepoint: 170711 ns, At safepoint: 9675 ns, Total: 180386 ns
[2020-08-12T18:53:11.840+0000][6][safepoint    ] Safepoint "Cleanup", Time since last: 1000171324 ns, Reaching safepoint: 2827901 ns, At safepoint: 19350 ns, Total: 2847251 ns
[2020-08-12T18:53:13.269+0000][6][safepoint    ] Safepoint "Cleanup", Time since last: 1428870744 ns, Reaching safepoint: 257110 ns, At safepoint: 14588 ns, Total: 271698 ns
[2020-08-12T18:53:14.274+0000][6][safepoint    ] Safepoint "Cleanup", Time since last: 1000325235 ns, Reaching safepoint: 4481686 ns, At safepoint: 22088 ns, Total: 4503774 ns
[2020-08-12T18:53:15.277+0000][6][safepoint    ] Safepoint "Cleanup", Time since last: 1000182274 ns, Reaching safepoint: 2272555 ns, At safepoint: 17012 ns, Total: 2289567 ns
[2020-08-12T18:53:15.300+0000][6][gc,start     ] GC(1) Pause Young (Normal) (G1 Evacuation Pause)
[2020-08-12T18:53:15.300+0000][6][gc,task      ] GC(1) Using 2 workers of 2 for evacuation
[2020-08-12T18:53:15.300+0000][6][gc,age       ] GC(1) Desired survivor size 3670016 bytes, new threshold 1 (max threshold 15)
[2020-08-12T18:53:15.372+0000][6][gc,age       ] GC(1) Age table with threshold 1 (max threshold 15)
[2020-08-12T18:53:15.372+0000][6][gc,age       ] GC(1) - age   1:    2294784 bytes,    2294784 total
[2020-08-12T18:53:15.373+0000][6][gc,phases    ] GC(1)   Pre Evacuate Collection Set: 0.4ms
[2020-08-12T18:53:15.373+0000][6][gc,phases    ] GC(1)   Merge Heap Roots: 0.1ms
[2020-08-12T18:53:15.373+0000][6][gc,phases    ] GC(1)   Evacuate Collection Set: 42.1ms
[2020-08-12T18:53:15.373+0000][6][gc,phases    ] GC(1)   Post Evacuate Collection Set: 29.2ms
[2020-08-12T18:53:15.373+0000][6][gc,phases    ] GC(1)   Other: 0.5ms
[2020-08-12T18:53:15.373+0000][6][gc,heap      ] GC(1) Eden regions: 46->0(48)
[2020-08-12T18:53:15.373+0000][6][gc,heap      ] GC(1) Survivor regions: 5->3(7)
[2020-08-12T18:53:15.373+0000][6][gc,heap      ] GC(1) Old regions: 0->5
[2020-08-12T18:53:15.373+0000][6][gc,heap      ] GC(1) Archive regions: 2->2
[2020-08-12T18:53:15.373+0000][6][gc,heap      ] GC(1) Humongous regions: 1->1
[2020-08-12T18:53:15.373+0000][6][gc,metaspace ] GC(1) Metaspace: 14256K(14976K)->14256K(14976K) NonClass: 12567K(13056K)->12567K(13056K) Class: 1689K(1920K)->1689K(1920K)
[2020-08-12T18:53:15.373+0000][6][gc           ] GC(1) Pause Young (Normal) (G1 Evacuation Pause) 52M->8M(1024M) 72.777ms
[2020-08-12T18:53:15.373+0000][6][gc,cpu       ] GC(1) User=0.04s Sys=0.00s Real=0.07s
[2020-08-12T18:53:15.376+0000][6][safepoint    ] Safepoint "G1CollectForAllocation", Time since last: 23464786 ns, Reaching safepoint: 188423 ns, At safepoint: 75735160 ns, Total: 75923583 ns
[2020-08-12T18:53:15.403+0000][6][safepoint    ] Safepoint "BulkRevokeBias", Time since last: 18014170 ns, Reaching safepoint: 8698863 ns, At safepoint: 171711 ns, Total: 8870574 ns
[2020-08-12T18:53:16.721+0000][6][safepoint    ] Safepoint "Cleanup", Time since last: 1317544466 ns, Reaching safepoint: 769443 ns, At safepoint: 21350 ns, Total: 790793 ns
[2020-08-12T18:53:17.722+0000][6][safepoint    ] Safepoint "Cleanup", Time since last: 1000168724 ns, Reaching safepoint: 763181 ns, At safepoint: 17575 ns, Total: 780756 ns
[2020-08-12T18:53:18.656+0000][6][gc,start     ] GC(2) Pause Young (Normal) (G1 Evacuation Pause)
[2020-08-12T18:53:18.656+0000][6][gc,task      ] GC(2) Using 2 workers of 2 for evacuation
[2020-08-12T18:53:18.656+0000][6][gc,age       ] GC(2) Desired survivor size 3670016 bytes, new threshold 15 (max threshold 15)
[2020-08-12T18:53:18.740+0000][6][gc,age       ] GC(2) Age table with threshold 15 (max threshold 15)
[2020-08-12T18:53:18.740+0000][6][gc,age       ] GC(2) - age   1:    3133376 bytes,    3133376 total
[2020-08-12T18:53:18.740+0000][6][gc,age       ] GC(2) - age   2:    1641920 bytes,    4775296 total
[2020-08-12T18:53:18.740+0000][6][gc,phases    ] GC(2)   Pre Evacuate Collection Set: 0.4ms
[2020-08-12T18:53:18.740+0000][6][gc,phases    ] GC(2)   Merge Heap Roots: 7.1ms
[2020-08-12T18:53:18.740+0000][6][gc,phases    ] GC(2)   Evacuate Collection Set: 73.0ms
[2020-08-12T18:53:18.740+0000][6][gc,phases    ] GC(2)   Post Evacuate Collection Set: 3.1ms
[2020-08-12T18:53:18.740+0000][6][gc,phases    ] GC(2)   Other: 0.4ms
[2020-08-12T18:53:18.740+0000][6][gc,heap      ] GC(2) Eden regions: 48->0(46)
[2020-08-12T18:53:18.740+0000][6][gc,heap      ] GC(2) Survivor regions: 3->5(7)
[2020-08-12T18:53:18.740+0000][6][gc,heap      ] GC(2) Old regions: 5->5
[2020-08-12T18:53:18.740+0000][6][gc,heap      ] GC(2) Archive regions: 2->2
[2020-08-12T18:53:18.741+0000][6][gc,heap      ] GC(2) Humongous regions: 2->1
[2020-08-12T18:53:18.741+0000][6][gc,metaspace ] GC(2) Metaspace: 17115K(18048K)->17115K(18048K) NonClass: 15012K(15616K)->15012K(15616K) Class: 2103K(2432K)->2103K(2432K)
[2020-08-12T18:53:18.741+0000][6][gc           ] GC(2) Pause Young (Normal) (G1 Evacuation Pause) 57M->11M(1024M) 84.432ms
[2020-08-12T18:53:18.741+0000][6][gc,cpu       ] GC(2) User=0.04s Sys=0.00s Real=0.08s
[2020-08-12T18:53:18.741+0000][6][safepoint    ] Safepoint "G1CollectForAllocation", Time since last: 933803420 ns, Reaching safepoint: 179236 ns, At safepoint: 84605434 ns, Total: 84784670 ns
[2020-08-12T18:53:18.868+0000][6][safepoint    ] Safepoint "BulkRevokeBias", Time since last: 123356288 ns, Reaching safepoint: 4036965 ns, At safepoint: 130386 ns, Total: 4167351 ns
[2020-08-12T18:53:18.869+0000][6][safepoint    ] Safepoint "BulkRevokeBias", Time since last: 149924 ns, Reaching safepoint: 140524 ns, At safepoint: 80624 ns, Total: 221148 ns
[2020-08-12T18:53:19.874+0000][6][safepoint    ] Safepoint "Cleanup", Time since last: 1005406854 ns, Reaching safepoint: 227660 ns, At safepoint: 10700 ns, Total: 238360 ns
[2020-08-12T18:53:20.370+0000][6][gc,start     ] GC(3) Pause Young (Normal) (G1 Evacuation Pause)
[2020-08-12T18:53:20.370+0000][6][gc,task      ] GC(3) Using 2 workers of 2 for evacuation
[2020-08-12T18:53:20.370+0000][6][gc,age       ] GC(3) Desired survivor size 3670016 bytes, new threshold 2 (max threshold 15)
[2020-08-12T18:53:20.405+0000][6][gc,age       ] GC(3) Age table with threshold 2 (max threshold 15)
[2020-08-12T18:53:20.405+0000][6][gc,age       ] GC(3) - age   1:    1673976 bytes,    1673976 total
[2020-08-12T18:53:20.405+0000][6][gc,age       ] GC(3) - age   2:    2603520 bytes,    4277496 total
[2020-08-12T18:53:20.405+0000][6][gc,phases    ] GC(3)   Pre Evacuate Collection Set: 0.4ms
[2020-08-12T18:53:20.405+0000][6][gc,phases    ] GC(3)   Merge Heap Roots: 0.1ms
[2020-08-12T18:53:20.405+0000][6][gc,phases    ] GC(3)   Evacuate Collection Set: 33.7ms
[2020-08-12T18:53:20.405+0000][6][gc,phases    ] GC(3)   Post Evacuate Collection Set: 1.1ms
[2020-08-12T18:53:20.405+0000][6][gc,phases    ] GC(3)   Other: 0.4ms
[2020-08-12T18:53:20.405+0000][6][gc,heap      ] GC(3) Eden regions: 46->0(58)
[2020-08-12T18:53:20.405+0000][6][gc,heap      ] GC(3) Survivor regions: 5->5(7)
[2020-08-12T18:53:20.405+0000][6][gc,heap      ] GC(3) Old regions: 5->7
[2020-08-12T18:53:20.405+0000][6][gc,heap      ] GC(3) Archive regions: 2->2
[2020-08-12T18:53:20.405+0000][6][gc,heap      ] GC(3) Humongous regions: 1->1
[2020-08-12T18:53:20.405+0000][6][gc,metaspace ] GC(3) Metaspace: 17197K(18048K)->17197K(18048K) NonClass: 15089K(15616K)->15089K(15616K) Class: 2107K(2432K)->2107K(2432K)
[2020-08-12T18:53:20.406+0000][6][gc           ] GC(3) Pause Young (Normal) (G1 Evacuation Pause) 57M->12M(1024M) 36.006ms
[2020-08-12T18:53:20.406+0000][6][gc,cpu       ] GC(3) User=0.03s Sys=0.00s Real=0.04s
[2020-08-12T18:53:20.406+0000][6][safepoint    ] Safepoint "G1CollectForAllocation", Time since last: 495067212 ns, Reaching safepoint: 161123 ns, At safepoint: 36170426 ns, Total: 36331549 ns
[2020-08-12T18:53:21.413+0000][6][safepoint    ] Safepoint "Cleanup", Time since last: 1002124958 ns, Reaching safepoint: 5635139 ns, At safepoint: 14637 ns, Total: 5649776 ns
[2020-08-12T18:53:21.437+0000][6][gc,start     ] GC(4) Pause Young (Normal) (G1 Evacuation Pause)
[2020-08-12T18:53:21.437+0000][6][gc,task      ] GC(4) Using 2 workers of 2 for evacuation
[2020-08-12T18:53:21.437+0000][6][gc,age       ] GC(4) Desired survivor size 4194304 bytes, new threshold 2 (max threshold 15)
[2020-08-12T18:53:21.449+0000][6][gc,age       ] GC(4) Age table with threshold 2 (max threshold 15)
[2020-08-12T18:53:21.449+0000][6][gc,age       ] GC(4) - age   1:    2310008 bytes,    2310008 total
[2020-08-12T18:53:21.449+0000][6][gc,age       ] GC(4) - age   2:      69528 bytes,    2379536 total
[2020-08-12T18:53:21.449+0000][6][gc,phases    ] GC(4)   Pre Evacuate Collection Set: 0.3ms
[2020-08-12T18:53:21.449+0000][6][gc,phases    ] GC(4)   Merge Heap Roots: 0.1ms
[2020-08-12T18:53:21.449+0000][6][gc,phases    ] GC(4)   Evacuate Collection Set: 10.1ms
[2020-08-12T18:53:21.449+0000][6][gc,phases    ] GC(4)   Post Evacuate Collection Set: 1.2ms
[2020-08-12T18:53:21.449+0000][6][gc,phases    ] GC(4)   Other: 0.4ms
[2020-08-12T18:53:21.449+0000][6][gc,heap      ] GC(4) Eden regions: 58->0(611)
[2020-08-12T18:53:21.449+0000][6][gc,heap      ] GC(4) Survivor regions: 5->3(8)
[2020-08-12T18:53:21.449+0000][6][gc,heap      ] GC(4) Old regions: 7->9
[2020-08-12T18:53:21.449+0000][6][gc,heap      ] GC(4) Archive regions: 2->2
[2020-08-12T18:53:21.449+0000][6][gc,heap      ] GC(4) Humongous regions: 1->1
[2020-08-12T18:53:21.449+0000][6][gc,metaspace ] GC(4) Metaspace: 17272K(18304K)->17272K(18304K) NonClass: 15158K(15872K)->15158K(15872K) Class: 2113K(2432K)->2113K(2432K)
[2020-08-12T18:53:21.449+0000][6][gc           ] GC(4) Pause Young (Normal) (G1 Evacuation Pause) 70M->13M(1024M) 12.402ms
[2020-08-12T18:53:21.449+0000][6][gc,cpu       ] GC(4) User=0.03s Sys=0.00s Real=0.01s
[2020-08-12T18:53:21.450+0000][6][safepoint    ] Safepoint "G1CollectForAllocation", Time since last: 23376749 ns, Reaching safepoint: 202948 ns, At safepoint: 12555079 ns, Total: 12758027 ns
[2020-08-12T18:53:23.074+0000][6][safepoint    ] Safepoint "Cleanup", Time since last: 1615630849 ns, Reaching safepoint: 8892698 ns, At safepoint: 20300 ns, Total: 8912998 ns
[2020-08-12T18:53:24.079+0000][6][safepoint    ] Safepoint "Cleanup", Time since last: 1002836026 ns, Reaching safepoint: 2141594 ns, At safepoint: 15600 ns, Total: 2157194 ns
[2020-08-12T18:53:25.214+0000][6][safepoint    ] Safepoint "Cleanup", Time since last: 1134742940 ns, Reaching safepoint: 215523 ns, At safepoint: 8825 ns, Total: 224348 ns
[2020-08-12T18:53:26.216+0000][6][safepoint    ] Safepoint "Cleanup", Time since last: 1000232161 ns, Reaching safepoint: 2121069 ns, At safepoint: 18438 ns, Total: 2139507 ns
[2020-08-12T18:53:28.238+0000][6][safepoint    ] Safepoint "Cleanup", Time since last: 2021525053 ns, Reaching safepoint: 201086 ns, At safepoint: 10949 ns, Total: 212035 ns
[2020-08-12T18:53:29.240+0000][6][safepoint    ] Safepoint "Cleanup", Time since last: 1000180687 ns, Reaching safepoint: 1701848 ns, At safepoint: 14962 ns, Total: 1716810 ns
[2020-08-12T18:53:30.507+0000][6][safepoint    ] Safepoint "Cleanup", Time since last: 1257837993 ns, Reaching safepoint: 9167571 ns, At safepoint: 15937 ns, Total: 9183508 ns
[2020-08-12T18:53:31.511+0000][6][safepoint    ] Safepoint "Cleanup", Time since last: 1000188036 ns, Reaching safepoint: 3782968 ns, At safepoint: 16487 ns, Total: 3799455 ns
[2020-08-12T18:53:32.515+0000][6][safepoint    ] Safepoint "Cleanup", Time since last: 1000180199 ns, Reaching safepoint: 3857792 ns, At safepoint: 16987 ns, Total: 3874779 ns
[2020-08-12T18:53:32.774+0000][6][gc,start     ] GC(5) Pause Young (Normal) (G1 Evacuation Pause)
[2020-08-12T18:53:32.774+0000][6][gc,task      ] GC(5) Using 2 workers of 2 for evacuation
[2020-08-12T18:53:32.774+0000][6][gc,age       ] GC(5) Desired survivor size 40370176 bytes, new threshold 15 (max threshold 15)
[2020-08-12T18:53:32.844+0000][6][gc,age       ] GC(5) Age table with threshold 15 (max threshold 15)
[2020-08-12T18:53:32.844+0000][6][gc,age       ] GC(5) - age   1:    7372536 bytes,    7372536 total
[2020-08-12T18:53:32.844+0000][6][gc,age       ] GC(5) - age   2:     293704 bytes,    7666240 total
[2020-08-12T18:53:32.844+0000][6][gc,age       ] GC(5) - age   3:      69464 bytes,    7735704 total
[2020-08-12T18:53:32.845+0000][6][gc,phases    ] GC(5)   Pre Evacuate Collection Set: 0.3ms
[2020-08-12T18:53:32.845+0000][6][gc,phases    ] GC(5)   Merge Heap Roots: 0.3ms
[2020-08-12T18:53:32.845+0000][6][gc,phases    ] GC(5)   Evacuate Collection Set: 63.6ms
[2020-08-12T18:53:32.845+0000][6][gc,phases    ] GC(5)   Post Evacuate Collection Set: 4.7ms
[2020-08-12T18:53:32.845+0000][6][gc,phases    ] GC(5)   Other: 1.9ms
[2020-08-12T18:53:32.845+0000][6][gc,heap      ] GC(5) Eden regions: 611->0(440)
[2020-08-12T18:53:32.845+0000][6][gc,heap      ] GC(5) Survivor regions: 3->8(77)
[2020-08-12T18:53:32.845+0000][6][gc,heap      ] GC(5) Old regions: 9->9
[2020-08-12T18:53:32.845+0000][6][gc,heap      ] GC(5) Archive regions: 2->2
[2020-08-12T18:53:32.845+0000][6][gc,heap      ] GC(5) Humongous regions: 1->1
[2020-08-12T18:53:32.845+0000][6][gc,metaspace ] GC(5) Metaspace: 19709K(20992K)->19709K(20992K) NonClass: 17293K(18176K)->17293K(18176K) Class: 2416K(2816K)->2416K(2816K)
[2020-08-12T18:53:32.845+0000][6][gc           ] GC(5) Pause Young (Normal) (G1 Evacuation Pause) 624M->18M(1024M) 71.143ms
[2020-08-12T18:53:32.845+0000][6][gc,cpu       ] GC(5) User=0.04s Sys=0.00s Real=0.07s
[2020-08-12T18:53:32.845+0000][6][safepoint    ] Safepoint "G1CollectForAllocation", Time since last: 258808159 ns, Reaching safepoint: 145411 ns, At safepoint: 71323398 ns, Total: 71468809 ns
[2020-08-12T18:53:32.858+0000][6][safepoint    ] Safepoint "BulkRevokeBias", Time since last: 12527242 ns, Reaching safepoint: 167574 ns, At safepoint: 135911 ns, Total: 303485 ns
[2020-08-12T18:53:32.897+0000][6][safepoint    ] Safepoint "BulkRevokeBias", Time since last: 38553031 ns, Reaching safepoint: 130624 ns, At safepoint: 96499 ns, Total: 227123 ns
[2020-08-12T18:53:32.904+0000][6][safepoint    ] Safepoint "BulkRevokeBias", Time since last: 6997965 ns, Reaching safepoint: 126848 ns, At safepoint: 143912 ns, Total: 270760 ns
[2020-08-12T18:53:33.910+0000][6][safepoint    ] Safepoint "Cleanup", Time since last: 1005625664 ns, Reaching safepoint: 150036 ns, At safepoint: 9150 ns, Total: 159186 ns
[2020-08-12T18:53:34.459+0000][6][gc,start     ] GC(6) Pause Young (Concurrent Start) (Metadata GC Threshold)
[2020-08-12T18:53:34.459+0000][6][gc,task      ] GC(6) Using 2 workers of 2 for evacuation
[2020-08-12T18:53:34.459+0000][6][gc,age       ] GC(6) Desired survivor size 29360128 bytes, new threshold 15 (max threshold 15)
[2020-08-12T18:53:34.536+0000][6][gc,age       ] GC(6) Age table with threshold 15 (max threshold 15)
[2020-08-12T18:53:34.537+0000][6][gc,age       ] GC(6) - age   1:     460392 bytes,     460392 total
[2020-08-12T18:53:34.537+0000][6][gc,age       ] GC(6) - age   2:    6416840 bytes,    6877232 total
[2020-08-12T18:53:34.537+0000][6][gc,age       ] GC(6) - age   3:     293704 bytes,    7170936 total
[2020-08-12T18:53:34.537+0000][6][gc,age       ] GC(6) - age   4:      69176 bytes,    7240112 total
[2020-08-12T18:53:34.537+0000][6][gc,phases    ] GC(6)   Pre Evacuate Collection Set: 0.5ms
[2020-08-12T18:53:34.537+0000][6][gc,phases    ] GC(6)   Merge Heap Roots: 0.2ms
[2020-08-12T18:53:34.537+0000][6][gc,phases    ] GC(6)   Evacuate Collection Set: 75.4ms
[2020-08-12T18:53:34.537+0000][6][gc,phases    ] GC(6)   Post Evacuate Collection Set: 1.5ms
[2020-08-12T18:53:34.537+0000][6][gc,phases    ] GC(6)   Other: 0.6ms
[2020-08-12T18:53:34.537+0000][6][gc,heap      ] GC(6) Eden regions: 67->0(443)
[2020-08-12T18:53:34.537+0000][6][gc,heap      ] GC(6) Survivor regions: 8->8(56)
[2020-08-12T18:53:34.537+0000][6][gc,heap      ] GC(6) Old regions: 9->9
[2020-08-12T18:53:34.537+0000][6][gc,heap      ] GC(6) Archive regions: 2->2
[2020-08-12T18:53:34.537+0000][6][gc,heap      ] GC(6) Humongous regions: 1->1
[2020-08-12T18:53:34.537+0000][6][gc,metaspace ] GC(6) Metaspace: 19766K(21248K)->19766K(21248K) NonClass: 17342K(18432K)->17342K(18432K) Class: 2423K(2816K)->2423K(2816K)
[2020-08-12T18:53:34.537+0000][6][gc           ] GC(6) Pause Young (Concurrent Start) (Metadata GC Threshold) 84M->18M(1024M) 78.455ms
[2020-08-12T18:53:34.537+0000][6][gc,cpu       ] GC(6) User=0.03s Sys=0.00s Real=0.08s
[2020-08-12T18:53:34.537+0000][6][safepoint    ] Safepoint "CollectForMetadataAllocation", Time since last: 548236966 ns, Reaching safepoint: 204249 ns, At safepoint: 78859446 ns, Total: 79063695 ns
[2020-08-12T18:53:34.537+0000][6][gc           ] GC(7) Concurrent Cycle
[2020-08-12T18:53:34.537+0000][6][gc,marking   ] GC(7) Concurrent Clear Claimed Marks
[2020-08-12T18:53:34.538+0000][6][gc,marking   ] GC(7) Concurrent Clear Claimed Marks 0.119ms
[2020-08-12T18:53:34.538+0000][6][gc,marking   ] GC(7) Concurrent Scan Root Regions
[2020-08-12T18:53:34.571+0000][6][gc,marking   ] GC(7) Concurrent Scan Root Regions 33.781ms
[2020-08-12T18:53:34.571+0000][6][gc,marking   ] GC(7) Concurrent Mark (36.515s)
[2020-08-12T18:53:34.572+0000][6][gc,marking   ] GC(7) Concurrent Mark From Roots
[2020-08-12T18:53:34.572+0000][6][gc,task      ] GC(7) Using 1 workers of 1 for marking
[2020-08-12T18:53:34.850+0000][6][gc,marking   ] GC(7) Concurrent Mark From Roots 278.859ms
[2020-08-12T18:53:34.850+0000][6][gc,marking   ] GC(7) Concurrent Preclean
[2020-08-12T18:53:34.851+0000][6][gc,marking   ] GC(7) Concurrent Preclean 0.255ms
[2020-08-12T18:53:34.851+0000][6][gc,marking   ] GC(7) Concurrent Mark (36.515s, 36.794s) 279.257ms
[2020-08-12T18:53:34.861+0000][6][gc,start     ] GC(7) Pause Remark
[2020-08-12T18:53:34.895+0000][6][gc           ] GC(7) Pause Remark 26M->26M(1024M) 33.227ms
[2020-08-12T18:53:34.895+0000][6][gc,cpu       ] GC(7) User=0.01s Sys=0.00s Real=0.04s
[2020-08-12T18:53:34.895+0000][6][safepoint    ] Safepoint "G1Concurrent", Time since last: 320569951 ns, Reaching safepoint: 3333847 ns, At safepoint: 33408237 ns, Total: 36742084 ns
[2020-08-12T18:53:34.895+0000][6][gc,marking   ] GC(7) Concurrent Rebuild Remembered Sets
[2020-08-12T18:53:35.010+0000][6][gc,marking   ] GC(7) Concurrent Rebuild Remembered Sets 115.264ms
[2020-08-12T18:53:35.011+0000][6][gc,start     ] GC(7) Pause Cleanup
[2020-08-12T18:53:35.011+0000][6][gc           ] GC(7) Pause Cleanup 32M->32M(1024M) 0.599ms
[2020-08-12T18:53:35.011+0000][6][gc,cpu       ] GC(7) User=0.00s Sys=0.00s Real=0.00s
[2020-08-12T18:53:35.012+0000][6][safepoint    ] Safepoint "G1Concurrent", Time since last: 115465668 ns, Reaching safepoint: 630769 ns, At safepoint: 773156 ns, Total: 1403925 ns
[2020-08-12T18:53:35.012+0000][6][gc,marking   ] GC(7) Concurrent Cleanup for Next Mark
[2020-08-12T18:53:35.075+0000][6][gc,marking   ] GC(7) Concurrent Cleanup for Next Mark 63.425ms
[2020-08-12T18:53:35.075+0000][6][gc           ] GC(7) Concurrent Cycle 537.709ms
[2020-08-12T18:53:36.019+0000][6][safepoint    ] Safepoint "Cleanup", Time since last: 1007697122 ns, Reaching safepoint: 223361 ns, At safepoint: 15449 ns, Total: 238810 ns
[2020-08-12T18:53:37.020+0000][6][safepoint    ] Safepoint "Cleanup", Time since last: 1000195262 ns, Reaching safepoint: 450783 ns, At safepoint: 16063 ns, Total: 466846 ns
[2020-08-12T18:53:38.021+0000][6][safepoint    ] Safepoint "Cleanup", Time since last: 1000782518 ns, Reaching safepoint: 154812 ns, At safepoint: 8712 ns, Total: 163524 ns
[2020-08-12T18:53:39.024+0000][6][safepoint    ] Safepoint "Cleanup", Time since last: 1000188361 ns, Reaching safepoint: 2257093 ns, At safepoint: 18925 ns, Total: 2276018 ns
[2020-08-12T18:53:40.623+0000][6][safepoint    ] Safepoint "Cleanup", Time since last: 1599382726 ns, Reaching safepoint: 264161 ns, At safepoint: 8949 ns, Total: 273110 ns
[2020-08-12T18:53:41.627+0000][6][safepoint    ] Safepoint "Cleanup", Time since last: 1000216499 ns, Reaching safepoint: 3625356 ns, At safepoint: 17413 ns, Total: 3642769 ns
[2020-08-12T18:53:42.628+0000][6][safepoint    ] Safepoint "Cleanup", Time since last: 1000167249 ns, Reaching safepoint: 793493 ns, At safepoint: 14900 ns, Total: 808393 ns
[2020-08-12T18:53:43.630+0000][6][safepoint    ] Safepoint "Cleanup", Time since last: 1001882596 ns, Reaching safepoint: 167474 ns, At safepoint: 9225 ns, Total: 176699 ns
[2020-08-12T18:53:44.637+0000][6][safepoint    ] Safepoint "Cleanup", Time since last: 1003812993 ns, Reaching safepoint: 3335596 ns, At safepoint: 21712 ns, Total: 3357308 ns
[2020-08-12T18:53:45.761+0000][6][safepoint    ] Safepoint "Cleanup", Time since last: 1120642549 ns, Reaching safepoint: 3551432 ns, At safepoint: 25887 ns, Total: 3577319 ns
[2020-08-12T18:53:47.827+0000][6][safepoint    ] Safepoint "Cleanup", Time since last: 2052521099 ns, Reaching safepoint: 13067062 ns, At safepoint: 19000 ns, Total: 13086062 ns
[2020-08-12T18:53:48.832+0000][6][safepoint    ] Safepoint "Cleanup", Time since last: 1004811534 ns, Reaching safepoint: 171711 ns, At safepoint: 16100 ns, Total: 187811 ns
[2020-08-12T18:53:49.834+0000][6][safepoint    ] Safepoint "Cleanup", Time since last: 1000186037 ns, Reaching safepoint: 2200806 ns, At safepoint: 18912 ns, Total: 2219718 ns
[2020-08-12T18:53:50.845+0000][6][safepoint    ] Safepoint "Cleanup", Time since last: 1000176049 ns, Reaching safepoint: 10434385 ns, At safepoint: 17050 ns, Total: 10451435 ns
[2020-08-12T18:53:52.379+0000][6][gc,start     ] GC(8) Pause Young (Normal) (G1 Evacuation Pause)
[2020-08-12T18:53:52.379+0000][6][gc,task      ] GC(8) Using 2 workers of 2 for evacuation
[2020-08-12T18:53:52.379+0000][6][gc,age       ] GC(8) Desired survivor size 35127296 bytes, new threshold 15 (max threshold 15)
[2020-08-12T18:53:52.537+0000][6][gc,age       ] GC(8) Age table with threshold 15 (max threshold 15)
[2020-08-12T18:53:52.537+0000][6][gc,age       ] GC(8) - age   1:   11982176 bytes,   11982176 total
[2020-08-12T18:53:52.537+0000][6][gc,age       ] GC(8) - age   2:     432928 bytes,   12415104 total
[2020-08-12T18:53:52.537+0000][6][gc,age       ] GC(8) - age   3:    6391152 bytes,   18806256 total
[2020-08-12T18:53:52.537+0000][6][gc,age       ] GC(8) - age   4:     293304 bytes,   19099560 total
[2020-08-12T18:53:52.537+0000][6][gc,age       ] GC(8) - age   5:      68856 bytes,   19168416 total
[2020-08-12T18:53:52.538+0000][6][gc,phases    ] GC(8)   Pre Evacuate Collection Set: 0.4ms
[2020-08-12T18:53:52.538+0000][6][gc,phases    ] GC(8)   Merge Heap Roots: 0.4ms
[2020-08-12T18:53:52.538+0000][6][gc,phases    ] GC(8)   Evacuate Collection Set: 145.6ms
[2020-08-12T18:53:52.538+0000][6][gc,phases    ] GC(8)   Post Evacuate Collection Set: 12.1ms
[2020-08-12T18:53:52.538+0000][6][gc,phases    ] GC(8)   Other: 0.6ms
[2020-08-12T18:53:52.538+0000][6][gc,heap      ] GC(8) Eden regions: 527->0(440)
[2020-08-12T18:53:52.538+0000][6][gc,heap      ] GC(8) Survivor regions: 8->19(67)
[2020-08-12T18:53:52.538+0000][6][gc,heap      ] GC(8) Old regions: 9->9
[2020-08-12T18:53:52.538+0000][6][gc,heap      ] GC(8) Archive regions: 2->2
[2020-08-12T18:53:52.538+0000][6][gc,heap      ] GC(8) Humongous regions: 1->1
[2020-08-12T18:53:52.538+0000][6][gc,metaspace ] GC(8) Metaspace: 29158K(31872K)->29158K(31872K) NonClass: 25461K(27392K)->25461K(27392K) Class: 3697K(4480K)->3697K(4480K)
[2020-08-12T18:53:52.538+0000][6][gc           ] GC(8) Pause Young (Normal) (G1 Evacuation Pause) 545M->29M(1024M) 159.412ms
[2020-08-12T18:53:52.538+0000][6][gc,cpu       ] GC(8) User=0.10s Sys=0.00s Real=0.16s
[2020-08-12T18:53:52.538+0000][6][safepoint    ] Safepoint "G1CollectForAllocation", Time since last: 1533175071 ns, Reaching safepoint: 140786 ns, At safepoint: 159594901 ns, Total: 159735687 ns
[2020-08-12T18:53:53.553+0000][6][safepoint    ] Safepoint "Cleanup", Time since last: 1005762276 ns, Reaching safepoint: 9256170 ns, At safepoint: 19675 ns, Total: 9275845 ns
[2020-08-12T18:53:56.563+0000][6][safepoint    ] Safepoint "Cleanup", Time since last: 3003900830 ns, Reaching safepoint: 6053011 ns, At safepoint: 16762 ns, Total: 6069773 ns
[2020-08-12T18:53:57.563+0000][6][safepoint    ] Safepoint "Cleanup", Time since last: 1000196724 ns, Reaching safepoint: 139174 ns, At safepoint: 14324 ns, Total: 153498 ns
[2020-08-12T18:53:58.979+0000][6][safepoint    ] Safepoint "Cleanup", Time since last: 1415182850 ns, Reaching safepoint: 134799 ns, At safepoint: 13962 ns, Total: 148761 ns
[2020-08-12T18:54:00.240+0000][6][safepoint    ] Safepoint "Cleanup", Time since last: 1245298363 ns, Reaching safepoint: 16079674 ns, At safepoint: 18338 ns, Total: 16098012 ns
[2020-08-12T18:54:01.249+0000][6][safepoint    ] Safepoint "Cleanup", Time since last: 1001787160 ns, Reaching safepoint: 7277025 ns, At safepoint: 17337 ns, Total: 7294362 ns
[2020-08-12T18:54:02.250+0000][6][safepoint    ] Safepoint "Cleanup", Time since last: 1000215849 ns, Reaching safepoint: 639682 ns, At safepoint: 15149 ns, Total: 654831 ns
[2020-08-12T18:54:03.262+0000][6][safepoint    ] Safepoint "Cleanup", Time since last: 1004819672 ns, Reaching safepoint: 7174388 ns, At safepoint: 18963 ns, Total: 7193351 ns
[2020-08-12T18:54:04.273+0000][6][safepoint    ] Safepoint "Cleanup", Time since last: 1000193361 ns, Reaching safepoint: 11023755 ns, At safepoint: 16600 ns, Total: 11040355 ns
[2020-08-12T18:54:05.234+0000][6][gc,start     ] GC(9) Pause Young (Concurrent Start) (Metadata GC Threshold)
[2020-08-12T18:54:05.234+0000][6][gc,task      ] GC(9) Using 2 workers of 2 for evacuation
[2020-08-12T18:54:05.234+0000][6][gc,age       ] GC(9) Desired survivor size 30408704 bytes, new threshold 15 (max threshold 15)
[2020-08-12T18:54:05.490+0000][6][gc,age       ] GC(9) Age table with threshold 15 (max threshold 15)
[2020-08-12T18:54:05.490+0000][6][gc,age       ] GC(9) - age   1:   17641080 bytes,   17641080 total
[2020-08-12T18:54:05.490+0000][6][gc,age       ] GC(9) - age   2:   11646928 bytes,   29288008 total
[2020-08-12T18:54:05.490+0000][6][gc,age       ] GC(9) - age   3:     432928 bytes,   29720936 total
[2020-08-12T18:54:05.490+0000][6][gc,age       ] GC(9) - age   4:    6385392 bytes,   36106328 total
[2020-08-12T18:54:05.490+0000][6][gc,age       ] GC(9) - age   5:     293288 bytes,   36399616 total
[2020-08-12T18:54:05.490+0000][6][gc,age       ] GC(9) - age   6:      68856 bytes,   36468472 total
[2020-08-12T18:54:05.490+0000][6][gc,mmu       ] GC(9) MMU target violated: 201.0ms (200.0ms/201.0ms)
[2020-08-12T18:54:05.490+0000][6][gc,phases    ] GC(9)   Pre Evacuate Collection Set: 0.7ms
[2020-08-12T18:54:05.490+0000][6][gc,phases    ] GC(9)   Merge Heap Roots: 0.3ms
[2020-08-12T18:54:05.491+0000][6][gc,phases    ] GC(9)   Evacuate Collection Set: 249.1ms
[2020-08-12T18:54:05.491+0000][6][gc,phases    ] GC(9)   Post Evacuate Collection Set: 6.2ms
[2020-08-12T18:54:05.491+0000][6][gc,phases    ] GC(9)   Other: 0.7ms
[2020-08-12T18:54:05.491+0000][6][gc,heap      ] GC(9) Eden regions: 154->0(15)
[2020-08-12T18:54:05.491+0000][6][gc,heap      ] GC(9) Survivor regions: 19->36(58)
[2020-08-12T18:54:05.491+0000][6][gc,heap      ] GC(9) Old regions: 9->9
[2020-08-12T18:54:05.491+0000][6][gc,heap      ] GC(9) Archive regions: 2->2
[2020-08-12T18:54:05.491+0000][6][gc,heap      ] GC(9) Humongous regions: 1->1
[2020-08-12T18:54:05.491+0000][6][gc,metaspace ] GC(9) Metaspace: 32206K(35584K)->32206K(35584K) NonClass: 27997K(30464K)->27997K(30464K) Class: 4209K(5120K)->4209K(5120K)
[2020-08-12T18:54:05.491+0000][6][gc           ] GC(9) Pause Young (Concurrent Start) (Metadata GC Threshold) 182M->46M(1024M) 257.162ms
[2020-08-12T18:54:05.491+0000][6][gc,cpu       ] GC(9) User=0.19s Sys=0.00s Real=0.26s
[2020-08-12T18:54:05.491+0000][6][gc           ] GC(10) Concurrent Cycle
[2020-08-12T18:54:05.491+0000][6][gc,marking   ] GC(10) Concurrent Clear Claimed Marks
[2020-08-12T18:54:05.491+0000][6][gc,marking   ] GC(10) Concurrent Clear Claimed Marks 0.257ms
[2020-08-12T18:54:05.491+0000][6][gc,marking   ] GC(10) Concurrent Scan Root Regions
[2020-08-12T18:54:05.509+0000][6][safepoint    ] Safepoint "CollectForMetadataAllocation", Time since last: 960036832 ns, Reaching safepoint: 173011 ns, At safepoint: 275327116 ns, Total: 275500127 ns
[2020-08-12T18:54:05.729+0000][6][gc,marking   ] GC(10) Concurrent Scan Root Regions 237.660ms
[2020-08-12T18:54:05.729+0000][6][gc,marking   ] GC(10) Concurrent Mark (67.673s)
[2020-08-12T18:54:05.729+0000][6][gc,marking   ] GC(10) Concurrent Mark From Roots
[2020-08-12T18:54:05.729+0000][6][gc,task      ] GC(10) Using 1 workers of 1 for marking
[2020-08-12T18:54:05.804+0000][6][gc,marking   ] GC(10) Concurrent Mark From Roots 74.890ms
[2020-08-12T18:54:05.804+0000][6][gc,marking   ] GC(10) Concurrent Preclean
[2020-08-12T18:54:05.804+0000][6][gc,marking   ] GC(10) Concurrent Preclean 0.253ms
[2020-08-12T18:54:05.804+0000][6][gc,marking   ] GC(10) Concurrent Mark (67.673s, 67.748s) 75.317ms
[2020-08-12T18:54:05.806+0000][6][gc,start     ] GC(10) Pause Remark
[2020-08-12T18:54:05.824+0000][6][gc           ] GC(10) Pause Remark 50M->50M(1024M) 17.998ms
[2020-08-12T18:54:05.824+0000][6][gc,cpu       ] GC(10) User=0.01s Sys=0.00s Real=0.02s
[2020-08-12T18:54:05.824+0000][6][safepoint    ] Safepoint "G1Concurrent", Time since last: 295549330 ns, Reaching safepoint: 1489887 ns, At safepoint: 18198306 ns, Total: 19688193 ns
[2020-08-12T18:54:05.824+0000][6][gc,marking   ] GC(10) Concurrent Rebuild Remembered Sets
[2020-08-12T18:54:05.892+0000][6][gc,marking   ] GC(10) Concurrent Rebuild Remembered Sets 67.466ms
[2020-08-12T18:54:05.904+0000][6][gc,start     ] GC(10) Pause Cleanup
[2020-08-12T18:54:05.909+0000][6][gc           ] GC(10) Pause Cleanup 51M->51M(1024M) 5.377ms
[2020-08-12T18:54:05.909+0000][6][gc,cpu       ] GC(10) User=0.00s Sys=0.00s Real=0.01s
[2020-08-12T18:54:05.909+0000][6][safepoint    ] Safepoint "G1Concurrent", Time since last: 67726017 ns, Reaching safepoint: 11664799 ns, At safepoint: 5600352 ns, Total: 17265151 ns
[2020-08-12T18:54:05.909+0000][6][gc,marking   ] GC(10) Concurrent Cleanup for Next Mark
[2020-08-12T18:54:05.926+0000][6][gc,marking   ] GC(10) Concurrent Cleanup for Next Mark 16.782ms
[2020-08-12T18:54:05.926+0000][6][gc           ] GC(10) Concurrent Cycle 435.147ms
[2020-08-12T18:54:06.729+0000][6][gc,start     ] GC(11) Pause Young (Normal) (G1 Evacuation Pause)
[2020-08-12T18:54:06.729+0000][6][gc,task      ] GC(11) Using 2 workers of 2 for evacuation
[2020-08-12T18:54:06.729+0000][6][gc,age       ] GC(11) Desired survivor size 3670016 bytes, new threshold 1 (max threshold 15)
[2020-08-12T18:54:06.976+0000][6][gc,age       ] GC(11) Age table with threshold 1 (max threshold 15)
[2020-08-12T18:54:06.976+0000][6][gc,age       ] GC(11) - age   1:     663080 bytes,     663080 total
[2020-08-12T18:54:06.976+0000][6][gc,mmu       ] GC(11) MMU target violated: 201.0ms (200.0ms/201.0ms)
[2020-08-12T18:54:06.976+0000][6][gc,phases    ] GC(11)   Pre Evacuate Collection Set: 0.4ms
[2020-08-12T18:54:06.976+0000][6][gc,phases    ] GC(11)   Merge Heap Roots: 0.2ms
[2020-08-12T18:54:06.976+0000][6][gc,phases    ] GC(11)   Evacuate Collection Set: 239.6ms
[2020-08-12T18:54:06.977+0000][6][gc,phases    ] GC(11)   Post Evacuate Collection Set: 6.7ms
[2020-08-12T18:54:06.977+0000][6][gc,phases    ] GC(11)   Other: 0.5ms
[2020-08-12T18:54:06.977+0000][6][gc,heap      ] GC(11) Eden regions: 15->0(613)
[2020-08-12T18:54:06.977+0000][6][gc,heap      ] GC(11) Survivor regions: 36->1(7)
[2020-08-12T18:54:06.977+0000][6][gc,heap      ] GC(11) Old regions: 9->45
[2020-08-12T18:54:06.977+0000][6][gc,heap      ] GC(11) Archive regions: 2->2
[2020-08-12T18:54:06.977+0000][6][gc,heap      ] GC(11) Humongous regions: 1->1
[2020-08-12T18:54:06.977+0000][6][gc,metaspace ] GC(11) Metaspace: 34112K(37496K)->34112K(37496K) NonClass: 29651K(31992K)->29651K(31992K) Class: 4461K(5504K)->4461K(5504K)
[2020-08-12T18:54:06.977+0000][6][gc           ] GC(11) Pause Young (Normal) (G1 Evacuation Pause) 61M->46M(1024M) 247.672ms
[2020-08-12T18:54:06.977+0000][6][gc,cpu       ] GC(11) User=0.20s Sys=0.00s Real=0.25s
[2020-08-12T18:54:06.977+0000][6][safepoint    ] Safepoint "G1CollectForAllocation", Time since last: 813028648 ns, Reaching safepoint: 6888366 ns, At safepoint: 247890127 ns, Total: 254778493 ns
[2020-08-12T18:54:07.982+0000][6][safepoint    ] Safepoint "Cleanup", Time since last: 1004817459 ns, Reaching safepoint: 315685 ns, At safepoint: 8438 ns, Total: 324123 ns
[2020-08-12T18:54:08.982+0000][6][safepoint    ] Safepoint "Cleanup", Time since last: 1000178799 ns, Reaching safepoint: 251072 ns, At safepoint: 10850 ns, Total: 261922 ns
[2020-08-12T18:54:09.991+0000][6][safepoint    ] Safepoint "Cleanup", Time since last: 1006427833 ns, Reaching safepoint: 2550865 ns, At safepoint: 22413 ns, Total: 2573278 ns
[2020-08-12T18:54:10.994+0000][6][safepoint    ] Safepoint "Cleanup", Time since last: 1002411429 ns, Reaching safepoint: 235386 ns, At safepoint: 10425 ns, Total: 245811 ns
[2020-08-12T18:54:11.999+0000][6][safepoint    ] Safepoint "Cleanup", Time since last: 1004771684 ns, Reaching safepoint: 232623 ns, At safepoint: 10838 ns, Total: 243461 ns
[2020-08-12T18:54:13.442+0000][6][safepoint    ] Safepoint "Cleanup", Time since last: 1442760524 ns, Reaching safepoint: 253473 ns, At safepoint: 10738 ns, Total: 264211 ns
[2020-08-12T18:54:14.444+0000][6][safepoint    ] Safepoint "Cleanup", Time since last: 1001754860 ns, Reaching safepoint: 235648 ns, At safepoint: 10900 ns, Total: 246548 ns
[2020-08-12T18:54:15.447+0000][6][safepoint    ] Safepoint "Cleanup", Time since last: 1000165774 ns, Reaching safepoint: 2727064 ns, At safepoint: 19125 ns, Total: 2746189 ns
[2020-08-12T18:54:16.451+0000][6][safepoint    ] Safepoint "Cleanup", Time since last: 1000198824 ns, Reaching safepoint: 3400908 ns, At safepoint: 14187 ns, Total: 3415095 ns
[2020-08-12T18:54:17.453+0000][6][safepoint    ] Safepoint "Cleanup", Time since last: 1000190212 ns, Reaching safepoint: 2148406 ns, At safepoint: 21600 ns, Total: 2170006 ns
[2020-08-12T18:54:18.462+0000][6][safepoint    ] Safepoint "Cleanup", Time since last: 1000856880 ns, Reaching safepoint: 7605272 ns, At safepoint: 13850 ns, Total: 7619122 ns
[2020-08-12T18:54:19.983+0000][6][safepoint    ] Safepoint "Cleanup", Time since last: 1514358171 ns, Reaching safepoint: 7217638 ns, At safepoint: 19862 ns, Total: 7237500 ns
[2020-08-12T18:54:20.984+0000][6][safepoint    ] Safepoint "Cleanup", Time since last: 1000186087 ns, Reaching safepoint: 214348 ns, At safepoint: 10900 ns, Total: 225248 ns
[2020-08-12T18:54:21.984+0000][6][safepoint    ] Safepoint "Cleanup", Time since last: 1000173549 ns, Reaching safepoint: 286635 ns, At safepoint: 11425 ns, Total: 298060 ns
[2020-08-12T18:54:23.601+0000][6][safepoint    ] Safepoint "Cleanup", Time since last: 1615867459 ns, Reaching safepoint: 753481 ns, At safepoint: 11262 ns, Total: 764743 ns
[2020-08-12T18:54:24.673+0000][6][safepoint    ] Safepoint "Cleanup", Time since last: 1071996193 ns, Reaching safepoint: 196586 ns, At safepoint: 34787 ns, Total: 231373 ns
[2020-08-12T18:54:25.673+0000][6][safepoint    ] Safepoint "Cleanup", Time since last: 1000220711 ns, Reaching safepoint: 235173 ns, At safepoint: 10537 ns, Total: 245710 ns
[2020-08-12T18:54:26.833+0000][6][safepoint    ] Safepoint "Cleanup", Time since last: 1158524823 ns, Reaching safepoint: 1136128 ns, At safepoint: 14312 ns, Total: 1150440 ns
[2020-08-12T18:54:27.524+0000][6][safepoint    ] Safepoint "BulkRevokeBias", Time since last: 684516030 ns, Reaching safepoint: 6369520 ns, At safepoint: 262523 ns, Total: 6632043 ns
[2020-08-12T18:54:27.541+0000][6][safepoint    ] Safepoint "BulkRevokeBias", Time since last: 13238149 ns, Reaching safepoint: 227960 ns, At safepoint: 3125736 ns, Total: 3353696 ns
[2020-08-12T18:54:27.563+0000][6][safepoint    ] Safepoint "BulkRevokeBias", Time since last: 22205933 ns, Reaching safepoint: 112487 ns, At safepoint: 159699 ns, Total: 272186 ns
[2020-08-12T18:54:27.617+0000][6][safepoint    ] Safepoint "BulkRevokeBias", Time since last: 53512389 ns, Reaching safepoint: 137049 ns, At safepoint: 196248 ns, Total: 333297 ns
[2020-08-12T18:54:27.688+0000][6][gc,start     ] GC(12) Pause Young (Concurrent Start) (Metadata GC Threshold)
[2020-08-12T18:54:27.688+0000][6][gc,task      ] GC(12) Using 2 workers of 2 for evacuation
[2020-08-12T18:54:27.688+0000][6][gc,age       ] GC(12) Desired survivor size 40370176 bytes, new threshold 15 (max threshold 15)
[2020-08-12T18:54:27.855+0000][6][gc,age       ] GC(12) Age table with threshold 15 (max threshold 15)
[2020-08-12T18:54:27.855+0000][6][gc,age       ] GC(12) - age   1:    9893376 bytes,    9893376 total
[2020-08-12T18:54:27.855+0000][6][gc,age       ] GC(12) - age   2:     650144 bytes,   10543520 total
[2020-08-12T18:54:27.855+0000][6][gc,phases    ] GC(12)   Pre Evacuate Collection Set: 0.9ms
[2020-08-12T18:54:27.855+0000][6][gc,phases    ] GC(12)   Merge Heap Roots: 1.0ms
[2020-08-12T18:54:27.855+0000][6][gc,phases    ] GC(12)   Evacuate Collection Set: 156.4ms
[2020-08-12T18:54:27.855+0000][6][gc,phases    ] GC(12)   Post Evacuate Collection Set: 7.7ms
[2020-08-12T18:54:27.855+0000][6][gc,phases    ] GC(12)   Other: 0.6ms
[2020-08-12T18:54:27.855+0000][6][gc,heap      ] GC(12) Eden regions: 277->0(71)
[2020-08-12T18:54:27.855+0000][6][gc,heap      ] GC(12) Survivor regions: 1->11(77)
[2020-08-12T18:54:27.855+0000][6][gc,heap      ] GC(12) Old regions: 45->45
[2020-08-12T18:54:27.855+0000][6][gc,heap      ] GC(12) Archive regions: 2->2
[2020-08-12T18:54:27.855+0000][6][gc,heap      ] GC(12) Humongous regions: 1->1
[2020-08-12T18:54:27.855+0000][6][gc,metaspace ] GC(12) Metaspace: 54757K(59896K)->54757K(59896K) NonClass: 47345K(50680K)->47345K(50680K) Class: 7411K(9216K)->7411K(9216K)
[2020-08-12T18:54:27.855+0000][6][gc           ] GC(12) Pause Young (Concurrent Start) (Metadata GC Threshold) 323M->56M(1024M) 166.911ms
[2020-08-12T18:54:27.855+0000][6][gc,cpu       ] GC(12) User=0.10s Sys=0.00s Real=0.17s
[2020-08-12T18:54:27.856+0000][6][safepoint    ] Safepoint "CollectForMetadataAllocation", Time since last: 70861965 ns, Reaching safepoint: 239523 ns, At safepoint: 167331271 ns, Total: 167570794 ns
[2020-08-12T18:54:27.856+0000][6][gc           ] GC(13) Concurrent Cycle
[2020-08-12T18:54:27.856+0000][6][gc,marking   ] GC(13) Concurrent Clear Claimed Marks
[2020-08-12T18:54:27.856+0000][6][gc,marking   ] GC(13) Concurrent Clear Claimed Marks 0.550ms
[2020-08-12T18:54:27.856+0000][6][gc,marking   ] GC(13) Concurrent Scan Root Regions
[2020-08-12T18:54:28.048+0000][6][gc,marking   ] GC(13) Concurrent Scan Root Regions 191.797ms
[2020-08-12T18:54:28.048+0000][6][gc,marking   ] GC(13) Concurrent Mark (89.992s)
[2020-08-12T18:54:28.048+0000][6][gc,marking   ] GC(13) Concurrent Mark From Roots
[2020-08-12T18:54:28.048+0000][6][gc,task      ] GC(13) Using 1 workers of 1 for marking
[2020-08-12T18:54:28.180+0000][6][safepoint    ] Safepoint "CollectForMetadataAllocation", Time since last: 320484402 ns, Reaching safepoint: 4015366 ns, At safepoint: 278210 ns, Total: 4293576 ns
[2020-08-12T18:54:28.563+0000][6][safepoint    ] Safepoint "CollectForMetadataAllocation", Time since last: 374626524 ns, Reaching safepoint: 7240487 ns, At safepoint: 502459 ns, Total: 7742946 ns
[2020-08-12T18:54:28.890+0000][6][safepoint    ] Safepoint "CollectForMetadataAllocation", Time since last: 313649448 ns, Reaching safepoint: 13754994 ns, At safepoint: 418609 ns, Total: 14173603 ns
[2020-08-12T18:54:28.891+0000][6][gc,marking   ] GC(13) Concurrent Mark From Roots 843.189ms
[2020-08-12T18:54:28.891+0000][6][gc,marking   ] GC(13) Concurrent Preclean
[2020-08-12T18:54:28.892+0000][6][gc,marking   ] GC(13) Concurrent Preclean 0.340ms
[2020-08-12T18:54:28.892+0000][6][gc,marking   ] GC(13) Concurrent Mark (89.992s, 90.835s) 843.696ms
[2020-08-12T18:54:28.894+0000][6][gc,start     ] GC(13) Pause Remark
[2020-08-12T18:54:28.926+0000][6][gc           ] GC(13) Pause Remark 64M->64M(1024M) 32.050ms
[2020-08-12T18:54:28.926+0000][6][gc,cpu       ] GC(13) User=0.02s Sys=0.00s Real=0.03s
[2020-08-12T18:54:28.926+0000][6][safepoint    ] Safepoint "G1Concurrent", Time since last: 3401046 ns, Reaching safepoint: 209173 ns, At safepoint: 32237148 ns, Total: 32446321 ns
[2020-08-12T18:54:28.928+0000][6][gc,marking   ] GC(13) Concurrent Rebuild Remembered Sets
[2020-08-12T18:54:29.625+0000][6][gc,marking   ] GC(13) Concurrent Rebuild Remembered Sets 697.230ms
[2020-08-12T18:54:29.635+0000][6][gc,start     ] GC(13) Pause Cleanup
[2020-08-12T18:54:29.635+0000][6][gc           ] GC(13) Pause Cleanup 73M->73M(1024M) 0.616ms
[2020-08-12T18:54:29.636+0000][6][gc,cpu       ] GC(13) User=0.00s Sys=0.00s Real=0.00s
[2020-08-12T18:54:29.636+0000][6][safepoint    ] Safepoint "G1Concurrent", Time since last: 701593545 ns, Reaching safepoint: 6878766 ns, At safepoint: 805380 ns, Total: 7684146 ns
[2020-08-12T18:54:29.636+0000][6][gc,marking   ] GC(13) Concurrent Cleanup for Next Mark
[2020-08-12T18:54:29.674+0000][6][gc,marking   ] GC(13) Concurrent Cleanup for Next Mark 38.018ms
[2020-08-12T18:54:29.674+0000][6][gc           ] GC(13) Concurrent Cycle 1818.519ms
[2020-08-12T18:54:30.636+0000][6][safepoint    ] Safepoint "Cleanup", Time since last: 1000139825 ns, Reaching safepoint: 269197 ns, At safepoint: 13900 ns, Total: 283097 ns
[2020-08-12T18:54:31.640+0000][6][safepoint    ] Safepoint "Cleanup", Time since last: 1000193999 ns, Reaching safepoint: 3275672 ns, At safepoint: 22299 ns, Total: 3297971 ns
[2020-08-12T18:54:31.829+0000][6][gc,start     ] GC(14) Pause Young (Concurrent Start) (G1 Evacuation Pause)
[2020-08-12T18:54:31.829+0000][6][gc,task      ] GC(14) Using 2 workers of 2 for evacuation
[2020-08-12T18:54:31.829+0000][6][gc,age       ] GC(14) Desired survivor size 5767168 bytes, new threshold 1 (max threshold 15)
[2020-08-12T18:54:31.931+0000][6][gc,age       ] GC(14) Age table with threshold 1 (max threshold 15)
[2020-08-12T18:54:31.931+0000][6][gc,age       ] GC(14) - age   1:     984960 bytes,     984960 total
[2020-08-12T18:54:31.931+0000][6][gc,phases    ] GC(14)   Pre Evacuate Collection Set: 1.3ms
[2020-08-12T18:54:31.931+0000][6][gc,phases    ] GC(14)   Merge Heap Roots: 0.5ms
[2020-08-12T18:54:31.931+0000][6][gc,phases    ] GC(14)   Evacuate Collection Set: 96.5ms
[2020-08-12T18:54:31.931+0000][6][gc,phases    ] GC(14)   Post Evacuate Collection Set: 3.2ms
[2020-08-12T18:54:31.931+0000][6][gc,phases    ] GC(14)   Other: 0.6ms
[2020-08-12T18:54:31.931+0000][6][gc,heap      ] GC(14) Eden regions: 71->0(329)
[2020-08-12T18:54:31.931+0000][6][gc,heap      ] GC(14) Survivor regions: 11->2(11)
[2020-08-12T18:54:31.931+0000][6][gc,heap      ] GC(14) Old regions: 45->55
[2020-08-12T18:54:31.931+0000][6][gc,heap      ] GC(14) Archive regions: 2->2
[2020-08-12T18:54:31.931+0000][6][gc,heap      ] GC(14) Humongous regions: 1->1
[2020-08-12T18:54:31.931+0000][6][gc,metaspace ] GC(14) Metaspace: 58208K(63672K)->58208K(63672K) NonClass: 50165K(53432K)->50165K(53432K) Class: 8043K(10240K)->8043K(10240K)
[2020-08-12T18:54:31.931+0000][6][gc           ] GC(14) Pause Young (Concurrent Start) (G1 Evacuation Pause) 127M->57M(1024M) 102.364ms
[2020-08-12T18:54:31.931+0000][6][gc,cpu       ] GC(14) User=0.06s Sys=0.00s Real=0.10s
[2020-08-12T18:54:31.931+0000][6][safepoint    ] Safepoint "G1CollectForAllocation", Time since last: 182386667 ns, Reaching safepoint: 6982228 ns, At safepoint: 102571841 ns, Total: 109554069 ns
[2020-08-12T18:54:31.931+0000][6][gc           ] GC(15) Concurrent Cycle
[2020-08-12T18:54:31.932+0000][6][gc,marking   ] GC(15) Concurrent Clear Claimed Marks
[2020-08-12T18:54:31.932+0000][6][gc,marking   ] GC(15) Concurrent Clear Claimed Marks 0.575ms
[2020-08-12T18:54:31.932+0000][6][gc,marking   ] GC(15) Concurrent Scan Root Regions
[2020-08-12T18:54:32.039+0000][6][gc,marking   ] GC(15) Concurrent Scan Root Regions 106.673ms
[2020-08-12T18:54:32.039+0000][6][gc,marking   ] GC(15) Concurrent Mark (93.983s)
[2020-08-12T18:54:32.039+0000][6][gc,marking   ] GC(15) Concurrent Mark From Roots
[2020-08-12T18:54:32.039+0000][6][gc,task      ] GC(15) Using 1 workers of 1 for marking
[2020-08-12T18:54:32.916+0000][6][gc,marking   ] GC(15) Concurrent Mark From Roots 876.919ms
[2020-08-12T18:54:32.916+0000][6][gc,marking   ] GC(15) Concurrent Preclean
[2020-08-12T18:54:32.916+0000][6][gc,marking   ] GC(15) Concurrent Preclean 0.338ms
[2020-08-12T18:54:32.916+0000][6][gc,marking   ] GC(15) Concurrent Mark (93.983s, 94.860s) 877.410ms
[2020-08-12T18:54:32.922+0000][6][gc,start     ] GC(15) Pause Remark
[2020-08-12T18:54:32.968+0000][6][gc           ] GC(15) Pause Remark 64M->64M(1024M) 45.502ms
[2020-08-12T18:54:32.968+0000][6][gc,cpu       ] GC(15) User=0.02s Sys=0.00s Real=0.05s
[2020-08-12T18:54:32.968+0000][6][safepoint    ] Safepoint "G1Concurrent", Time since last: 985018730 ns, Reaching safepoint: 5559952 ns, At safepoint: 45697906 ns, Total: 51257858 ns
[2020-08-12T18:54:32.968+0000][6][gc,marking   ] GC(15) Concurrent Rebuild Remembered Sets
[2020-08-12T18:54:33.458+0000][6][gc,marking   ] GC(15) Concurrent Rebuild Remembered Sets 489.902ms
[2020-08-12T18:54:33.467+0000][6][gc,start     ] GC(15) Pause Cleanup
[2020-08-12T18:54:33.468+0000][6][gc           ] GC(15) Pause Cleanup 67M->67M(1024M) 0.650ms
[2020-08-12T18:54:33.468+0000][6][gc,cpu       ] GC(15) User=0.00s Sys=0.00s Real=0.00s
[2020-08-12T18:54:33.468+0000][6][safepoint    ] Safepoint "G1Concurrent", Time since last: 490136804 ns, Reaching safepoint: 9006798 ns, At safepoint: 834555 ns, Total: 9841353 ns
[2020-08-12T18:54:33.468+0000][6][gc,marking   ] GC(15) Concurrent Cleanup for Next Mark
[2020-08-12T18:54:33.479+0000][6][gc,marking   ] GC(15) Concurrent Cleanup for Next Mark 10.983ms
[2020-08-12T18:54:33.479+0000][6][gc           ] GC(15) Concurrent Cycle 1547.456ms
[2020-08-12T18:54:35.476+0000][6][safepoint    ] Safepoint "Cleanup", Time since last: 2000263936 ns, Reaching safepoint: 8253579 ns, At safepoint: 22700 ns, Total: 8276279 ns
[2020-08-12T18:54:36.626+0000][6][safepoint    ] Safepoint "Cleanup", Time since last: 1146820086 ns, Reaching safepoint: 2395329 ns, At safepoint: 22975 ns, Total: 2418304 ns
[2020-08-12T18:54:37.637+0000][6][safepoint    ] Safepoint "Cleanup", Time since last: 1002423530 ns, Reaching safepoint: 9137621 ns, At safepoint: 23337 ns, Total: 9160958 ns
[2020-08-12T18:54:38.638+0000][6][safepoint    ] Safepoint "Cleanup", Time since last: 1000182387 ns, Reaching safepoint: 327359 ns, At safepoint: 17313 ns, Total: 344672 ns
[2020-08-12T18:54:39.892+0000][6][safepoint    ] Safepoint "Cleanup", Time since last: 1251295798 ns, Reaching safepoint: 3381721 ns, At safepoint: 26975 ns, Total: 3408696 ns
[2020-08-12T18:54:40.895+0000][6][safepoint    ] Safepoint "Cleanup", Time since last: 1000193074 ns, Reaching safepoint: 2563865 ns, At safepoint: 18688 ns, Total: 2582553 ns
[2020-08-12T18:54:42.275+0000][6][safepoint    ] Safepoint "Cleanup", Time since last: 1376741231 ns, Reaching safepoint: 3244197 ns, At safepoint: 13537 ns, Total: 3257734 ns
[2020-08-12T18:54:43.277+0000][6][safepoint    ] Safepoint "Cleanup", Time since last: 1001609437 ns, Reaching safepoint: 218410 ns, At safepoint: 13488 ns, Total: 231898 ns
[2020-08-12T18:54:44.280+0000][6][safepoint    ] Safepoint "Cleanup", Time since last: 1000184736 ns, Reaching safepoint: 2938437 ns, At safepoint: 17875 ns, Total: 2956312 ns
[2020-08-12T18:54:45.702+0000][6][safepoint    ] Safepoint "Cleanup", Time since last: 1410865487 ns, Reaching safepoint: 11166266 ns, At safepoint: 22213 ns, Total: 11188479 ns
[2020-08-12T18:54:46.755+0000][6][safepoint    ] Safepoint "Cleanup", Time since last: 1046702811 ns, Reaching safepoint: 6258133 ns, At safepoint: 20025 ns, Total: 6278158 ns
[2020-08-12T18:54:48.488+0000][6][safepoint    ] Safepoint "Cleanup", Time since last: 1732330394 ns, Reaching safepoint: 216060 ns, At safepoint: 9725 ns, Total: 225785 ns
[2020-08-12T18:54:49.488+0000][6][safepoint    ] Safepoint "Cleanup", Time since last: 1000530134 ns, Reaching safepoint: 231373 ns, At safepoint: 9337 ns, Total: 240710 ns
[2020-08-12T18:54:50.493+0000][6][safepoint    ] Safepoint "Cleanup", Time since last: 1004459475 ns, Reaching safepoint: 319434 ns, At safepoint: 12425 ns, Total: 331859 ns
[2020-08-12T18:54:50.611+0000][6][safepoint    ] Safepoint "BulkRevokeBias", Time since last: 109569857 ns, Reaching safepoint: 1249139 ns, At safepoint: 7315149 ns, Total: 8564288 ns
[2020-08-12T18:54:50.817+0000][6][safepoint    ] Safepoint "BulkRevokeBias", Time since last: 194709498 ns, Reaching safepoint: 10283662 ns, At safepoint: 707056 ns, Total: 10990718 ns
[2020-08-12T18:54:51.582+0000][6][safepoint    ] Safepoint "BulkRevokeBias", Time since last: 725445440 ns, Reaching safepoint: 414672 ns, At safepoint: 38979102 ns, Total: 39393774 ns
[2020-08-12T18:54:51.589+0000][6][safepoint    ] Safepoint "BulkRevokeBias", Time since last: 1928270 ns, Reaching safepoint: 4960370 ns, At safepoint: 709244 ns, Total: 5669614 ns
[2020-08-12T18:54:51.612+0000][6][safepoint    ] Safepoint "BulkRevokeBias", Time since last: 21154305 ns, Reaching safepoint: 322448 ns, At safepoint: 760768 ns, Total: 1083216 ns
[2020-08-12T18:54:51.670+0000][6][safepoint    ] Safepoint "BulkRevokeBias", Time since last: 48042761 ns, Reaching safepoint: 8358753 ns, At safepoint: 1638561 ns, Total: 9997314 ns
[2020-08-12T18:54:52.746+0000][6][safepoint    ] Safepoint "Cleanup", Time since last: 1076197619 ns, Reaching safepoint: 263386 ns, At safepoint: 10550 ns, Total: 273936 ns
[2020-08-12T18:54:53.781+0000][6][safepoint    ] Safepoint "Cleanup", Time since last: 1034553490 ns, Reaching safepoint: 308860 ns, At safepoint: 25850 ns, Total: 334710 ns
[2020-08-12T18:54:53.858+0000][6][safepoint    ] Safepoint "BulkRevokeBias", Time since last: 74106136 ns, Reaching safepoint: 1881972 ns, At safepoint: 864230 ns, Total: 2746202 ns
[2020-08-12T18:54:54.902+0000][6][safepoint    ] Safepoint "Cleanup", Time since last: 1039838082 ns, Reaching safepoint: 4349250 ns, At safepoint: 20775 ns, Total: 4370025 ns
[2020-08-12T18:54:54.903+0000][6][safepoint    ] Safepoint "BulkRevokeBias", Time since last: 259048 ns, Reaching safepoint: 231360 ns, At safepoint: 776806 ns, Total: 1008166 ns
[2020-08-12T18:54:56.729+0000][6][safepoint    ] Safepoint "Cleanup", Time since last: 1822447793 ns, Reaching safepoint: 3331708 ns, At safepoint: 26425 ns, Total: 3358133 ns
[2020-08-12T18:54:57.844+0000][6][safepoint    ] Safepoint "Cleanup", Time since last: 1111323392 ns, Reaching safepoint: 3593506 ns, At safepoint: 23600 ns, Total: 3617106 ns
[2020-08-12T18:54:58.944+0000][6][safepoint    ] Safepoint "Cleanup", Time since last: 1096683043 ns, Reaching safepoint: 3290834 ns, At safepoint: 42562 ns, Total: 3333396 ns
[2020-08-12T18:55:00.120+0000][6][safepoint    ] Safepoint "Cleanup", Time since last: 1150763452 ns, Reaching safepoint: 25176396 ns, At safepoint: 46712 ns, Total: 25223108 ns
[2020-08-12T18:55:00.305+0000][6][safepoint    ] Safepoint "BulkRevokeBias", Time since last: 182796801 ns, Reaching safepoint: 344359 ns, At safepoint: 2064045 ns, Total: 2408404 ns
[2020-08-12T18:55:01.455+0000][6][safepoint    ] Safepoint "Cleanup", Time since last: 1149240690 ns, Reaching safepoint: 360647 ns, At safepoint: 11438 ns, Total: 372085 ns
[2020-08-12T18:55:02.524+0000][6][gc,start     ] GC(16) Pause Young (Normal) (G1 Evacuation Pause)
[2020-08-12T18:55:02.524+0000][6][gc,task      ] GC(16) Using 2 workers of 2 for evacuation
[2020-08-12T18:55:02.524+0000][6][gc,age       ] GC(16) Desired survivor size 22020096 bytes, new threshold 15 (max threshold 15)
[2020-08-12T18:55:02.714+0000][6][gc,age       ] GC(16) Age table with threshold 15 (max threshold 15)
[2020-08-12T18:55:02.714+0000][6][gc,age       ] GC(16) - age   1:   12532600 bytes,   12532600 total
[2020-08-12T18:55:02.714+0000][6][gc,age       ] GC(16) - age   2:     923136 bytes,   13455736 total
[2020-08-12T18:55:02.714+0000][6][gc,phases    ] GC(16)   Pre Evacuate Collection Set: 0.5ms
[2020-08-12T18:55:02.714+0000][6][gc,phases    ] GC(16)   Merge Heap Roots: 0.7ms
[2020-08-12T18:55:02.714+0000][6][gc,phases    ] GC(16)   Evacuate Collection Set: 174.5ms
[2020-08-12T18:55:02.714+0000][6][gc,phases    ] GC(16)   Post Evacuate Collection Set: 13.7ms
[2020-08-12T18:55:02.714+0000][6][gc,phases    ] GC(16)   Other: 0.6ms
[2020-08-12T18:55:02.714+0000][6][gc,heap      ] GC(16) Eden regions: 330->0(79)
[2020-08-12T18:55:02.714+0000][6][gc,heap      ] GC(16) Survivor regions: 2->14(42)
[2020-08-12T18:55:02.714+0000][6][gc,heap      ] GC(16) Old regions: 55->55
[2020-08-12T18:55:02.714+0000][6][gc,heap      ] GC(16) Archive regions: 2->2
[2020-08-12T18:55:02.714+0000][6][gc,heap      ] GC(16) Humongous regions: 7->7
[2020-08-12T18:55:02.714+0000][6][gc,metaspace ] GC(16) Metaspace: 88997K(96696K)->88997K(96696K) NonClass: 76763K(81336K)->76763K(81336K) Class: 12234K(15360K)->12234K(15360K)
[2020-08-12T18:55:02.714+0000][6][gc           ] GC(16) Pause Young (Normal) (G1 Evacuation Pause) 393M->75M(1024M) 190.134ms
[2020-08-12T18:55:02.714+0000][6][gc,cpu       ] GC(16) User=0.11s Sys=0.00s Real=0.19s
[2020-08-12T18:55:02.715+0000][6][safepoint    ] Safepoint "G1CollectForAllocation", Time since last: 1065720472 ns, Reaching safepoint: 3452557 ns, At safepoint: 190380886 ns, Total: 193833443 ns
[2020-08-12T18:55:03.731+0000][6][safepoint    ] Safepoint "Cleanup", Time since last: 1016073649 ns, Reaching safepoint: 441284 ns, At safepoint: 13800 ns, Total: 455084 ns
[2020-08-12T18:55:04.846+0000][6][safepoint    ] Safepoint "Cleanup", Time since last: 1114283879 ns, Reaching safepoint: 682419 ns, At safepoint: 15775 ns, Total: 698194 ns
[2020-08-12T18:55:05.877+0000][6][safepoint    ] Safepoint "Cleanup", Time since last: 1031020496 ns, Reaching safepoint: 349834 ns, At safepoint: 11462 ns, Total: 361296 ns
[2020-08-12T18:55:07.038+0000][6][safepoint    ] Safepoint "Cleanup", Time since last: 1160260083 ns, Reaching safepoint: 385072 ns, At safepoint: 11912 ns, Total: 396984 ns
[2020-08-12T18:55:07.384+0000][6][gc,start     ] GC(17) Pause Young (Normal) (G1 Evacuation Pause)
[2020-08-12T18:55:07.384+0000][6][gc,task      ] GC(17) Using 2 workers of 2 for evacuation
[2020-08-12T18:55:07.384+0000][6][gc,age       ] GC(17) Desired survivor size 6291456 bytes, new threshold 1 (max threshold 15)
[2020-08-12T18:55:07.515+0000][6][gc,age       ] GC(17) Age table with threshold 1 (max threshold 15)
[2020-08-12T18:55:07.515+0000][6][gc,age       ] GC(17) - age   1:    6137984 bytes,    6137984 total
[2020-08-12T18:55:07.515+0000][6][gc,phases    ] GC(17)   Pre Evacuate Collection Set: 0.5ms
[2020-08-12T18:55:07.515+0000][6][gc,phases    ] GC(17)   Merge Heap Roots: 7.9ms
[2020-08-12T18:55:07.515+0000][6][gc,phases    ] GC(17)   Evacuate Collection Set: 119.0ms
[2020-08-12T18:55:07.515+0000][6][gc,phases    ] GC(17)   Post Evacuate Collection Set: 2.6ms
[2020-08-12T18:55:07.515+0000][6][gc,phases    ] GC(17)   Other: 0.5ms
[2020-08-12T18:55:07.515+0000][6][gc,heap      ] GC(17) Eden regions: 79->0(297)
[2020-08-12T18:55:07.515+0000][6][gc,heap      ] GC(17) Survivor regions: 14->7(12)
[2020-08-12T18:55:07.515+0000][6][gc,heap      ] GC(17) Old regions: 55->67
[2020-08-12T18:55:07.515+0000][6][gc,heap      ] GC(17) Archive regions: 2->2
[2020-08-12T18:55:07.515+0000][6][gc,heap      ] GC(17) Humongous regions: 7->7
[2020-08-12T18:55:07.515+0000][6][gc,metaspace ] GC(17) Metaspace: 90488K(98104K)->90488K(98104K) NonClass: 78068K(82616K)->78068K(82616K) Class: 12419K(15488K)->12419K(15488K)
[2020-08-12T18:55:07.515+0000][6][gc           ] GC(17) Pause Young (Normal) (G1 Evacuation Pause) 154M->81M(1024M) 130.836ms
[2020-08-12T18:55:07.515+0000][6][gc,cpu       ] GC(17) User=0.09s Sys=0.00s Real=0.13s
[2020-08-12T18:55:07.515+0000][6][safepoint    ] Safepoint "G1CollectForAllocation", Time since last: 344942705 ns, Reaching safepoint: 1095253 ns, At safepoint: 131074821 ns, Total: 132170074 ns
[2020-08-12T18:55:08.529+0000][6][safepoint    ] Safepoint "Cleanup", Time since last: 1013743557 ns, Reaching safepoint: 366722 ns, At safepoint: 11537 ns, Total: 378259 ns
[2020-08-12T18:55:09.964+0000][6][safepoint    ] Safepoint "Cleanup", Time since last: 1434671932 ns, Reaching safepoint: 376397 ns, At safepoint: 21200 ns, Total: 397597 ns
[2020-08-12T18:55:10.965+0000][6][safepoint    ] Safepoint "Cleanup", Time since last: 1000183836 ns, Reaching safepoint: 253036 ns, At safepoint: 11987 ns, Total: 265023 ns
[2020-08-12T18:55:12.532+0000][6][safepoint    ] Safepoint "Cleanup", Time since last: 1566444447 ns, Reaching safepoint: 269810 ns, At safepoint: 12188 ns, Total: 281998 ns
[2020-08-12T18:55:13.832+0000][6][safepoint    ] Safepoint "Cleanup", Time since last: 1300593899 ns, Reaching safepoint: 260185 ns, At safepoint: 21088 ns, Total: 281273 ns
[2020-08-12T18:55:14.833+0000][6][safepoint    ] Safepoint "Cleanup", Time since last: 1000208848 ns, Reaching safepoint: 347747 ns, At safepoint: 11913 ns, Total: 359660 ns
[2020-08-12T18:55:16.235+0000][6][safepoint    ] Safepoint "Cleanup", Time since last: 1401390843 ns, Reaching safepoint: 561933 ns, At safepoint: 13100 ns, Total: 575033 ns
[2020-08-12T18:55:17.237+0000][6][safepoint    ] Safepoint "Cleanup", Time since last: 1001883147 ns, Reaching safepoint: 344409 ns, At safepoint: 18300 ns, Total: 362709 ns
[2020-08-12T18:55:18.833+0000][6][safepoint    ] Safepoint "Cleanup", Time since last: 1595428723 ns, Reaching safepoint: 419146 ns, At safepoint: 11775 ns, Total: 430921 ns
[2020-08-12T18:55:19.834+0000][6][safepoint    ] Safepoint "Cleanup", Time since last: 1000210311 ns, Reaching safepoint: 289085 ns, At safepoint: 11175 ns, Total: 300260 ns
[2020-08-12T18:55:20.834+0000][6][safepoint    ] Safepoint "Cleanup", Time since last: 1000229299 ns, Reaching safepoint: 273210 ns, At safepoint: 11162 ns, Total: 284372 ns
[2020-08-12T18:55:21.835+0000][6][safepoint    ] Safepoint "Cleanup", Time since last: 1000190236 ns, Reaching safepoint: 282210 ns, At safepoint: 10938 ns, Total: 293148 ns
[2020-08-12T18:55:23.833+0000][6][safepoint    ] Safepoint "Cleanup", Time since last: 1998254953 ns, Reaching safepoint: 306123 ns, At safepoint: 11412 ns, Total: 317535 ns
[2020-08-12T18:55:24.834+0000][6][safepoint    ] Safepoint "Cleanup", Time since last: 1000196174 ns, Reaching safepoint: 291222 ns, At safepoint: 11400 ns, Total: 302622 ns
[2020-08-12T18:55:25.837+0000][6][safepoint    ] Safepoint "Cleanup", Time since last: 1003224760 ns, Reaching safepoint: 371572 ns, At safepoint: 11325 ns, Total: 382897 ns
[2020-08-12T18:55:26.674+0000][6][safepoint    ] Safepoint "BulkRevokeBias", Time since last: 821664224 ns, Reaching safepoint: 1160815 ns, At safepoint: 14043229 ns, Total: 15204044 ns
[2020-08-12T18:55:27.832+0000][6][safepoint    ] Safepoint "Cleanup", Time since last: 1157921403 ns, Reaching safepoint: 334384 ns, At safepoint: 17338 ns, Total: 351722 ns
[2020-08-12T18:55:29.272+0000][6][safepoint    ] Safepoint "Cleanup", Time since last: 1438870696 ns, Reaching safepoint: 397009 ns, At safepoint: 17250 ns, Total: 414259 ns
[2020-08-12T18:55:30.314+0000][6][safepoint    ] Safepoint "Cleanup", Time since last: 1041428943 ns, Reaching safepoint: 323773 ns, At safepoint: 11224 ns, Total: 334997 ns
[2020-08-12T18:55:31.314+0000][6][safepoint    ] Safepoint "Cleanup", Time since last: 1000157762 ns, Reaching safepoint: 335335 ns, At safepoint: 22912 ns, Total: 358247 ns
[2020-08-12T18:55:32.315+0000][6][safepoint    ] Safepoint "Cleanup", Time since last: 1000178536 ns, Reaching safepoint: 348160 ns, At safepoint: 16562 ns, Total: 364722 ns
[2020-08-12T18:55:33.844+0000][6][safepoint    ] Safepoint "Cleanup", Time since last: 1528714485 ns, Reaching safepoint: 298135 ns, At safepoint: 11337 ns, Total: 309472 ns
[2020-08-12T18:55:34.844+0000][6][safepoint    ] Safepoint "Cleanup", Time since last: 1000219586 ns, Reaching safepoint: 324085 ns, At safepoint: 11625 ns, Total: 335710 ns
[2020-08-12T18:55:36.003+0000][6][safepoint    ] Safepoint "Cleanup", Time since last: 1158570060 ns, Reaching safepoint: 402821 ns, At safepoint: 16500 ns, Total: 419321 ns
[2020-08-12T18:55:37.148+0000][6][safepoint    ] Safepoint "Cleanup", Time since last: 1144547431 ns, Reaching safepoint: 388646 ns, At safepoint: 12988 ns, Total: 401634 ns
[2020-08-12T18:55:38.842+0000][6][safepoint    ] Safepoint "Cleanup", Time since last: 1693825450 ns, Reaching safepoint: 536433 ns, At safepoint: 24287 ns, Total: 560720 ns
[2020-08-12T18:55:40.127+0000][6][safepoint    ] Safepoint "Cleanup", Time since last: 1284338014 ns, Reaching safepoint: 456397 ns, At safepoint: 25549 ns, Total: 481946 ns
[2020-08-12T18:55:41.132+0000][6][safepoint    ] Safepoint "Cleanup", Time since last: 1004356988 ns, Reaching safepoint: 418209 ns, At safepoint: 16925 ns, Total: 435134 ns
[2020-08-12T18:55:42.133+0000][6][safepoint    ] Safepoint "Cleanup", Time since last: 1000224674 ns, Reaching safepoint: 436571 ns, At safepoint: 20525 ns, Total: 457096 ns
[2020-08-12T18:55:43.838+0000][6][safepoint    ] Safepoint "Cleanup", Time since last: 1705236089 ns, Reaching safepoint: 393797 ns, At safepoint: 16450 ns, Total: 410247 ns
[2020-08-12T18:55:44.839+0000][6][safepoint    ] Safepoint "Cleanup", Time since last: 1000193398 ns, Reaching safepoint: 400009 ns, At safepoint: 17725 ns, Total: 417734 ns
[2020-08-12T18:55:46.073+0000][6][safepoint    ] Safepoint "Cleanup", Time since last: 1233366466 ns, Reaching safepoint: 320185 ns, At safepoint: 12012 ns, Total: 332197 ns
[2020-08-12T18:55:47.073+0000][6][safepoint    ] Safepoint "Cleanup", Time since last: 1000303498 ns, Reaching safepoint: 449759 ns, At safepoint: 18512 ns, Total: 468271 ns
[2020-08-12T18:55:48.847+0000][6][safepoint    ] Safepoint "Cleanup", Time since last: 1773348765 ns, Reaching safepoint: 511771 ns, At safepoint: 21025 ns, Total: 532796 ns
[2020-08-12T18:55:49.848+0000][6][safepoint    ] Safepoint "Cleanup", Time since last: 1000234311 ns, Reaching safepoint: 292885 ns, At safepoint: 11574 ns, Total: 304459 ns
[2020-08-12T18:55:50.848+0000][6][safepoint    ] Safepoint "Cleanup", Time since last: 1000193649 ns, Reaching safepoint: 318347 ns, At safepoint: 26688 ns, Total: 345035 ns
[2020-08-12T18:55:51.499+0000][6][safepoint    ] Safepoint "BulkRevokeBias", Time since last: 649796566 ns, Reaching safepoint: 255686 ns, At safepoint: 814505 ns, Total: 1070191 ns
[2020-08-12T18:55:52.500+0000][6][safepoint    ] Safepoint "Cleanup", Time since last: 1000204636 ns, Reaching safepoint: 264173 ns, At safepoint: 10562 ns, Total: 274735 ns
[2020-08-12T18:55:53.839+0000][6][safepoint    ] Safepoint "Cleanup", Time since last: 1339238642 ns, Reaching safepoint: 273197 ns, At safepoint: 10875 ns, Total: 284072 ns
[2020-08-12T18:55:54.840+0000][6][safepoint    ] Safepoint "Cleanup", Time since last: 1000177049 ns, Reaching safepoint: 328510 ns, At safepoint: 17150 ns, Total: 345660 ns
[2020-08-12T18:55:55.840+0000][6][safepoint    ] Safepoint "Cleanup", Time since last: 1000241148 ns, Reaching safepoint: 339972 ns, At safepoint: 17138 ns, Total: 357110 ns
[2020-08-12T18:55:57.052+0000][6][safepoint    ] Safepoint "Cleanup", Time since last: 1211624953 ns, Reaching safepoint: 301872 ns, At safepoint: 10800 ns, Total: 312672 ns
[2020-08-12T18:55:58.053+0000][6][safepoint    ] Safepoint "Cleanup", Time since last: 1000189836 ns, Reaching safepoint: 435909 ns, At safepoint: 21125 ns, Total: 457034 ns
[2020-08-12T18:55:59.054+0000][6][safepoint    ] Safepoint "Cleanup", Time since last: 1000204423 ns, Reaching safepoint: 436872 ns, At safepoint: 23374 ns, Total: 460246 ns
[2020-08-12T18:56:00.054+0000][6][safepoint    ] Safepoint "Cleanup", Time since last: 1000234761 ns, Reaching safepoint: 506421 ns, At safepoint: 26662 ns, Total: 533083 ns
[2020-08-12T18:56:01.056+0000][6][safepoint    ] Safepoint "Cleanup", Time since last: 1000190437 ns, Reaching safepoint: 1814172 ns, At safepoint: 18912 ns, Total: 1833084 ns
[2020-08-12T18:56:02.057+0000][6][safepoint    ] Safepoint "Cleanup", Time since last: 1000195674 ns, Reaching safepoint: 354934 ns, At safepoint: 16350 ns, Total: 371284 ns
[2020-08-12T18:56:03.840+0000][6][safepoint    ] Safepoint "Cleanup", Time since last: 1782781447 ns, Reaching safepoint: 292060 ns, At safepoint: 10899 ns, Total: 302959 ns
[2020-08-12T18:56:04.841+0000][6][safepoint    ] Safepoint "Cleanup", Time since last: 1000177612 ns, Reaching safepoint: 249760 ns, At safepoint: 10838 ns, Total: 260598 ns
[2020-08-12T18:56:05.841+0000][6][safepoint    ] Safepoint "Cleanup", Time since last: 1000190898 ns, Reaching safepoint: 328610 ns, At safepoint: 17062 ns, Total: 345672 ns
[2020-08-12T18:56:06.936+0000][6][safepoint    ] Safepoint "Cleanup", Time since last: 1094037591 ns, Reaching safepoint: 363847 ns, At safepoint: 14625 ns, Total: 378472 ns
[2020-08-12T18:56:08.882+0000][6][safepoint    ] Safepoint "Cleanup", Time since last: 1946363413 ns, Reaching safepoint: 426883 ns, At safepoint: 22963 ns, Total: 449846 ns
[2020-08-12T18:56:09.883+0000][6][safepoint    ] Safepoint "Cleanup", Time since last: 1000215561 ns, Reaching safepoint: 369009 ns, At safepoint: 22963 ns, Total: 391972 ns
[2020-08-12T18:56:10.884+0000][6][safepoint    ] Safepoint "Cleanup", Time since last: 1000287148 ns, Reaching safepoint: 394459 ns, At safepoint: 16112 ns, Total: 410571 ns
[2020-08-12T18:56:11.884+0000][6][safepoint    ] Safepoint "Cleanup", Time since last: 1000196474 ns, Reaching safepoint: 318009 ns, At safepoint: 10813 ns, Total: 328822 ns
[2020-08-12T18:56:12.903+0000][6][safepoint    ] Safepoint "Cleanup", Time since last: 1000183674 ns, Reaching safepoint: 18611989 ns, At safepoint: 26563 ns, Total: 18638552 ns
[2020-08-12T18:56:13.907+0000][6][safepoint    ] Safepoint "Cleanup", Time since last: 1003755768 ns, Reaching safepoint: 374672 ns, At safepoint: 14900 ns, Total: 389572 ns
[2020-08-12T18:56:14.908+0000][6][safepoint    ] Safepoint "Cleanup", Time since last: 1000177836 ns, Reaching safepoint: 277185 ns, At safepoint: 11250 ns, Total: 288435 ns
[2020-08-12T18:56:15.910+0000][6][safepoint    ] Safepoint "Cleanup", Time since last: 1000187549 ns, Reaching safepoint: 2421291 ns, At safepoint: 26900 ns, Total: 2448191 ns
[2020-08-12T18:56:17.151+0000][6][safepoint    ] Safepoint "Cleanup", Time since last: 1239962709 ns, Reaching safepoint: 276385 ns, At safepoint: 30063 ns, Total: 306448 ns
[2020-08-12T18:56:18.151+0000][6][safepoint    ] Safepoint "Cleanup", Time since last: 1000172636 ns, Reaching safepoint: 280773 ns, At safepoint: 10587 ns, Total: 291360 ns
[2020-08-12T18:56:19.151+0000][6][safepoint    ] Safepoint "Cleanup", Time since last: 1000172074 ns, Reaching safepoint: 252448 ns, At safepoint: 10875 ns, Total: 263323 ns
[2020-08-12T18:56:20.152+0000][6][safepoint    ] Safepoint "Cleanup", Time since last: 1000186011 ns, Reaching safepoint: 250648 ns, At safepoint: 31475 ns, Total: 282123 ns
[2020-08-12T18:56:21.155+0000][6][safepoint    ] Safepoint "Cleanup", Time since last: 1001968808 ns, Reaching safepoint: 1031704 ns, At safepoint: 21950 ns, Total: 1053654 ns
[2020-08-12T18:56:22.155+0000][6][safepoint    ] Safepoint "Cleanup", Time since last: 1000191111 ns, Reaching safepoint: 255573 ns, At safepoint: 11050 ns, Total: 266623 ns
[2020-08-12T18:56:23.841+0000][6][safepoint    ] Safepoint "Cleanup", Time since last: 1685564946 ns, Reaching safepoint: 329660 ns, At safepoint: 15637 ns, Total: 345297 ns
[2020-08-12T18:56:24.842+0000][6][safepoint    ] Safepoint "Cleanup", Time since last: 1000184674 ns, Reaching safepoint: 258248 ns, At safepoint: 11050 ns, Total: 269298 ns
[2020-08-12T18:56:25.843+0000][6][safepoint    ] Safepoint "Cleanup", Time since last: 1000155799 ns, Reaching safepoint: 847905 ns, At safepoint: 22900 ns, Total: 870805 ns
[2020-08-12T18:56:27.200+0000][6][safepoint    ] Safepoint "Cleanup", Time since last: 1356855252 ns, Reaching safepoint: 834868 ns, At safepoint: 29699 ns, Total: 864567 ns
[2020-08-12T18:56:28.842+0000][6][safepoint    ] Safepoint "Cleanup", Time since last: 1640937494 ns, Reaching safepoint: 304584 ns, At safepoint: 11163 ns, Total: 315747 ns
[2020-08-12T18:56:29.842+0000][6][safepoint    ] Safepoint "Cleanup", Time since last: 1000175449 ns, Reaching safepoint: 257635 ns, At safepoint: 10725 ns, Total: 268360 ns
[2020-08-12T18:56:30.843+0000][6][safepoint    ] Safepoint "Cleanup", Time since last: 1000216186 ns, Reaching safepoint: 253373 ns, At safepoint: 11237 ns, Total: 264610 ns
[2020-08-12T18:56:31.844+0000][6][safepoint    ] Safepoint "Cleanup", Time since last: 1000872568 ns, Reaching safepoint: 315910 ns, At safepoint: 11087 ns, Total: 326997 ns
[2020-08-12T18:56:32.844+0000][6][safepoint    ] Safepoint "Cleanup", Time since last: 1000054563 ns, Reaching safepoint: 363547 ns, At safepoint: 16725 ns, Total: 380272 ns
[2020-08-12T18:56:33.845+0000][6][safepoint    ] Safepoint "Cleanup", Time since last: 1000257773 ns, Reaching safepoint: 476096 ns, At safepoint: 20837 ns, Total: 496933 ns
[2020-08-12T18:56:34.846+0000][6][safepoint    ] Safepoint "Cleanup", Time since last: 1000195236 ns, Reaching safepoint: 570195 ns, At safepoint: 121237 ns, Total: 691432 ns
[2020-08-12T18:56:35.847+0000][6][safepoint    ] Safepoint "Cleanup", Time since last: 1000351460 ns, Reaching safepoint: 491033 ns, At safepoint: 40087 ns, Total: 531120 ns
[2020-08-12T18:56:37.113+0000][6][safepoint    ] Safepoint "Cleanup", Time since last: 1265824399 ns, Reaching safepoint: 384322 ns, At safepoint: 15700 ns, Total: 400022 ns
[2020-08-12T18:56:38.114+0000][6][safepoint    ] Safepoint "Cleanup", Time since last: 1000237598 ns, Reaching safepoint: 813693 ns, At safepoint: 42975 ns, Total: 856668 ns
[2020-08-12T18:56:39.150+0000][6][safepoint    ] Safepoint "Cleanup", Time since last: 1000318297 ns, Reaching safepoint: 35445058 ns, At safepoint: 30399 ns, Total: 35475457 ns
[2020-08-12T18:56:40.151+0000][6][safepoint    ] Safepoint "Cleanup", Time since last: 1000183812 ns, Reaching safepoint: 600745 ns, At safepoint: 26337 ns, Total: 627082 ns
[2020-08-12T18:56:41.161+0000][6][safepoint    ] Safepoint "Cleanup", Time since last: 1000177199 ns, Reaching safepoint: 10135125 ns, At safepoint: 30212 ns, Total: 10165337 ns
[2020-08-12T18:56:42.162+0000][6][safepoint    ] Safepoint "Cleanup", Time since last: 1000207411 ns, Reaching safepoint: 405222 ns, At safepoint: 22012 ns, Total: 427234 ns
[2020-08-12T18:56:43.846+0000][6][safepoint    ] Safepoint "Cleanup", Time since last: 1682190213 ns, Reaching safepoint: 2348667 ns, At safepoint: 14850 ns, Total: 2363517 ns
[2020-08-12T18:56:44.847+0000][6][safepoint    ] Safepoint "Cleanup", Time since last: 1000196049 ns, Reaching safepoint: 299160 ns, At safepoint: 10775 ns, Total: 309935 ns
[2020-08-12T18:56:45.882+0000][6][safepoint    ] Safepoint "Cleanup", Time since last: 1000151736 ns, Reaching safepoint: 34922312 ns, At safepoint: 55037 ns, Total: 34977349 ns
[2020-08-12T18:56:47.362+0000][6][safepoint    ] Safepoint "Cleanup", Time since last: 1479948805 ns, Reaching safepoint: 310735 ns, At safepoint: 11100 ns, Total: 321835 ns
[2020-08-12T18:56:47.420+0000][6][gc,start     ] GC(18) Pause Young (Normal) (G1 Evacuation Pause)
[2020-08-12T18:56:47.429+0000][6][gc,task      ] GC(18) Using 2 workers of 2 for evacuation
[2020-08-12T18:56:47.429+0000][6][gc,age       ] GC(18) Desired survivor size 19922944 bytes, new threshold 15 (max threshold 15)
[2020-08-12T18:56:47.509+0000][6][gc,age       ] GC(18) Age table with threshold 15 (max threshold 15)
[2020-08-12T18:56:47.509+0000][6][gc,age       ] GC(18) - age   1:   11643168 bytes,   11643168 total
[2020-08-12T18:56:47.509+0000][6][gc,age       ] GC(18) - age   2:     740888 bytes,   12384056 total
[2020-08-12T18:56:47.509+0000][6][gc,phases    ] GC(18)   Pre Evacuate Collection Set: 2.8ms
[2020-08-12T18:56:47.509+0000][6][gc,phases    ] GC(18)   Merge Heap Roots: 6.5ms
[2020-08-12T18:56:47.509+0000][6][gc,phases    ] GC(18)   Evacuate Collection Set: 58.8ms
[2020-08-12T18:56:47.510+0000][6][gc,phases    ] GC(18)   Post Evacuate Collection Set: 4.6ms
[2020-08-12T18:56:47.510+0000][6][gc,phases    ] GC(18)   Other: 28.5ms
[2020-08-12T18:56:47.513+0000][6][gc,heap      ] GC(18) Eden regions: 297->0(152)
[2020-08-12T18:56:47.513+0000][6][gc,heap      ] GC(18) Survivor regions: 7->13(38)
[2020-08-12T18:56:47.513+0000][6][gc,heap      ] GC(18) Old regions: 67->67
[2020-08-12T18:56:47.513+0000][6][gc,heap      ] GC(18) Archive regions: 2->2
[2020-08-12T18:56:47.513+0000][6][gc,heap      ] GC(18) Humongous regions: 7->7
[2020-08-12T18:56:47.523+0000][6][gc,metaspace ] GC(18) Metaspace: 91899K(99640K)->91899K(99640K) NonClass: 79411K(84152K)->79411K(84152K) Class: 12488K(15488K)->12488K(15488K)
[2020-08-12T18:56:47.535+0000][6][gc           ] GC(18) Pause Young (Normal) (G1 Evacuation Pause) 378M->87M(1024M) 103.464ms
[2020-08-12T18:56:47.535+0000][6][gc,cpu       ] GC(18) User=0.06s Sys=0.00s Real=0.12s
[2020-08-12T18:56:47.536+0000][6][safepoint    ] Safepoint "G1CollectForAllocation", Time since last: 20965507 ns, Reaching safepoint: 320184 ns, At safepoint: 152075541 ns, Total: 152395725 ns
[2020-08-12T18:56:48.845+0000][6][safepoint    ] Safepoint "Cleanup", Time since last: 1309267299 ns, Reaching safepoint: 484896 ns, At safepoint: 45325 ns, Total: 530221 ns
[2020-08-12T18:56:49.846+0000][6][safepoint    ] Safepoint "Cleanup", Time since last: 1000320135 ns, Reaching safepoint: 296272 ns, At safepoint: 27225 ns, Total: 323497 ns
[2020-08-12T18:56:50.847+0000][6][safepoint    ] Safepoint "Cleanup", Time since last: 1000200149 ns, Reaching safepoint: 511570 ns, At safepoint: 17288 ns, Total: 528858 ns
[2020-08-12T18:56:51.847+0000][6][safepoint    ] Safepoint "Cleanup", Time since last: 1000219373 ns, Reaching safepoint: 368660 ns, At safepoint: 17249 ns, Total: 385909 ns
[2020-08-12T18:56:52.848+0000][6][safepoint    ] Safepoint "Cleanup", Time since last: 1000226737 ns, Reaching safepoint: 502845 ns, At safepoint: 31375 ns, Total: 534220 ns
[2020-08-12T18:56:54.026+0000][6][safepoint    ] Safepoint "Cleanup", Time since last: 1176777553 ns, Reaching safepoint: 894130 ns, At safepoint: 43649 ns, Total: 937779 ns
[2020-08-12T18:56:55.027+0000][6][safepoint    ] Safepoint "Cleanup", Time since last: 1000374273 ns, Reaching safepoint: 341947 ns, At safepoint: 17650 ns, Total: 359597 ns
[2020-08-12T18:56:56.118+0000][6][safepoint    ] Safepoint "Cleanup", Time since last: 1000166461 ns, Reaching safepoint: 90822530 ns, At safepoint: 32850 ns, Total: 90855380 ns
[2020-08-12T18:56:57.251+0000][6][safepoint    ] Safepoint "Cleanup", Time since last: 1133119442 ns, Reaching safepoint: 368921 ns, At safepoint: 12413 ns, Total: 381334 ns
[2020-08-12T18:56:58.252+0000][6][safepoint    ] Safepoint "Cleanup", Time since last: 1000195099 ns, Reaching safepoint: 277697 ns, At safepoint: 10575 ns, Total: 288272 ns
[2020-08-12T18:56:59.252+0000][6][safepoint    ] Safepoint "Cleanup", Time since last: 1000203261 ns, Reaching safepoint: 337072 ns, At safepoint: 19488 ns, Total: 356560 ns
[2020-08-12T18:57:00.253+0000][6][safepoint    ] Safepoint "Cleanup", Time since last: 1000173549 ns, Reaching safepoint: 413884 ns, At safepoint: 18699 ns, Total: 432583 ns
[2020-08-12T18:57:01.274+0000][6][safepoint    ] Safepoint "Cleanup", Time since last: 1000221749 ns, Reaching safepoint: 21415053 ns, At safepoint: 30700 ns, Total: 21445753 ns
[2020-08-12T18:57:02.276+0000][6][safepoint    ] Safepoint "Cleanup", Time since last: 1001269239 ns, Reaching safepoint: 517558 ns, At safepoint: 18850 ns, Total: 536408 ns
[2020-08-12T18:57:03.913+0000][6][safepoint    ] Safepoint "Cleanup", Time since last: 1636281584 ns, Reaching safepoint: 754456 ns, At safepoint: 32924 ns, Total: 787380 ns
[2020-08-12T18:57:04.915+0000][6][safepoint    ] Safepoint "Cleanup", Time since last: 1000992542 ns, Reaching safepoint: 1172478 ns, At safepoint: 60049 ns, Total: 1232527 ns
[2020-08-12T18:57:05.918+0000][6][safepoint    ] Safepoint "Cleanup", Time since last: 1000526059 ns, Reaching safepoint: 1320201 ns, At safepoint: 352422 ns, Total: 1672623 ns
[2020-08-12T18:57:07.467+0000][6][safepoint    ] Safepoint "Cleanup", Time since last: 1548517339 ns, Reaching safepoint: 569682 ns, At safepoint: 25625 ns, Total: 595307 ns
[2020-08-12T18:57:07.850+0000][6][safepoint    ] Safepoint "BulkRevokeBias", Time since last: 380984557 ns, Reaching safepoint: 663094 ns, At safepoint: 1178740 ns, Total: 1841834 ns
[2020-08-12T18:57:08.910+0000][6][safepoint    ] Safepoint "Cleanup", Time since last: 1000291273 ns, Reaching safepoint: 60522603 ns, At safepoint: 69187 ns, Total: 60591790 ns
[2020-08-12T18:57:09.911+0000][6][safepoint    ] Safepoint "Cleanup", Time since last: 1000237974 ns, Reaching safepoint: 382884 ns, At safepoint: 15587 ns, Total: 398471 ns
[2020-08-12T18:57:10.912+0000][6][safepoint    ] Safepoint "Cleanup", Time since last: 1000191962 ns, Reaching safepoint: 389984 ns, At safepoint: 16037 ns, Total: 406021 ns
[2020-08-12T18:57:11.937+0000][6][safepoint    ] Safepoint "Cleanup", Time since last: 1000206424 ns, Reaching safepoint: 24993197 ns, At safepoint: 32800 ns, Total: 25025997 ns
[2020-08-12T18:57:12.938+0000][6][safepoint    ] Safepoint "Cleanup", Time since last: 1000196749 ns, Reaching safepoint: 470196 ns, At safepoint: 23249 ns, Total: 493445 ns
[2020-08-12T18:57:13.023+0000][6][safepoint    ] Safepoint "BulkRevokeBias", Time since last: 83640967 ns, Reaching safepoint: 371535 ns, At safepoint: 1087065 ns, Total: 1458600 ns
[2020-08-12T18:57:14.024+0000][6][safepoint    ] Safepoint "Cleanup", Time since last: 1001188365 ns, Reaching safepoint: 430222 ns, At safepoint: 21787 ns, Total: 452009 ns
[2020-08-12T18:57:15.026+0000][6][safepoint    ] Safepoint "Cleanup", Time since last: 1000233049 ns, Reaching safepoint: 882567 ns, At safepoint: 24837 ns, Total: 907404 ns
[2020-08-12T18:57:16.075+0000][6][safepoint    ] Safepoint "Cleanup", Time since last: 1000253386 ns, Reaching safepoint: 48965878 ns, At safepoint: 25638 ns, Total: 48991516 ns
[2020-08-12T18:57:18.035+0000][6][safepoint    ] Safepoint "Cleanup", Time since last: 1959276551 ns, Reaching safepoint: 898555 ns, At safepoint: 33937 ns, Total: 932492 ns
[2020-08-12T18:57:19.036+0000][6][safepoint    ] Safepoint "Cleanup", Time since last: 1000233911 ns, Reaching safepoint: 363060 ns, At safepoint: 11900 ns, Total: 374960 ns
[2020-08-12T18:57:20.038+0000][6][safepoint    ] Safepoint "Cleanup", Time since last: 1001387701 ns, Reaching safepoint: 573882 ns, At safepoint: 29537 ns, Total: 603419 ns
[2020-08-12T18:57:21.039+0000][6][safepoint    ] Safepoint "Cleanup", Time since last: 1000262036 ns, Reaching safepoint: 641882 ns, At safepoint: 30112 ns, Total: 671994 ns
[2020-08-12T18:57:22.040+0000][6][safepoint    ] Safepoint "Cleanup", Time since last: 1000298936 ns, Reaching safepoint: 883492 ns, At safepoint: 44037 ns, Total: 927529 ns
[2020-08-12T18:57:24.132+0000][6][safepoint    ] Safepoint "Cleanup", Time since last: 1002317093 ns, Reaching safepoint: 1088339452 ns, At safepoint: 1331426 ns, Total: 1089670878 ns
[2020-08-12T18:57:25.147+0000][6][safepoint    ] Safepoint "Cleanup", Time since last: 1000396635 ns, Reaching safepoint: 14422763 ns, At safepoint: 38712 ns, Total: 14461475 ns
[2020-08-12T18:57:26.216+0000][6][safepoint    ] Safepoint "Cleanup", Time since last: 1000242086 ns, Reaching safepoint: 66426841 ns, At safepoint: 2681377 ns, Total: 69108218 ns
[2020-08-12T18:57:27.608+0000][6][safepoint    ] Safepoint "Cleanup", Time since last: 1362814713 ns, Reaching safepoint: 29372147 ns, At safepoint: 33825 ns, Total: 29405972 ns
[2020-08-12T18:57:28.845+0000][6][safepoint    ] Safepoint "Cleanup", Time since last: 1000485559 ns, Reaching safepoint: 230910011 ns, At safepoint: 5240080 ns, Total: 236150091 ns
[2020-08-12T18:57:29.902+0000][6][safepoint    ] Safepoint "Cleanup", Time since last: 1000399409 ns, Reaching safepoint: 53988760 ns, At safepoint: 2433442 ns, Total: 56422202 ns
[2020-08-12T18:57:32.065+0000][6][safepoint    ] Safepoint "Cleanup", Time since last: 1702908522 ns, Reaching safepoint: 458433689 ns, At safepoint: 1602374 ns, Total: 460036063 ns
[2020-08-12T18:57:33.765+0000][6][safepoint    ] Safepoint "Cleanup", Time since last: 1226104566 ns, Reaching safepoint: 473576659 ns, At safepoint: 1065941 ns, Total: 474642600 ns
[2020-08-12T18:57:35.284+0000][6][safepoint    ] Safepoint "Cleanup", Time since last: 1508434834 ns, Reaching safepoint: 9927952 ns, At safepoint: 22987 ns, Total: 9950939 ns
[2020-08-12T18:57:36.453+0000][6][safepoint    ] Safepoint "Cleanup", Time since last: 1000212786 ns, Reaching safepoint: 164575258 ns, At safepoint: 4127715 ns, Total: 168702973 ns
[2020-08-12T18:57:37.582+0000][6][safepoint    ] Safepoint "Cleanup", Time since last: 1000236198 ns, Reaching safepoint: 128983539 ns, At safepoint: 65187 ns, Total: 129048726 ns
[2020-08-12T18:57:38.709+0000][6][safepoint    ] Safepoint "Cleanup", Time since last: 1000236273 ns, Reaching safepoint: 124956012 ns, At safepoint: 2015195 ns, Total: 126971207 ns
[2020-08-12T18:57:40.414+0000][6][safepoint    ] Safepoint "Cleanup", Time since last: 1703858289 ns, Reaching safepoint: 640182 ns, At safepoint: 49324 ns, Total: 689506 ns
[2020-08-12T18:57:41.414+0000][6][safepoint    ] Safepoint "Cleanup", Time since last: 1000331961 ns, Reaching safepoint: 436883 ns, At safepoint: 44500 ns, Total: 481383 ns
[2020-08-12T18:57:42.415+0000][6][safepoint    ] Safepoint "Cleanup", Time since last: 1000344622 ns, Reaching safepoint: 451821 ns, At safepoint: 33300 ns, Total: 485121 ns
[2020-08-12T18:57:43.633+0000][6][safepoint    ] Safepoint "Cleanup", Time since last: 1000313398 ns, Reaching safepoint: 217452115 ns, At safepoint: 120411 ns, Total: 217572526 ns
[2020-08-12T18:57:45.144+0000][6][safepoint    ] Safepoint "Cleanup", Time since last: 1510171582 ns, Reaching safepoint: 891567 ns, At safepoint: 52937 ns, Total: 944504 ns
[2020-08-12T18:57:46.148+0000][6][safepoint    ] Safepoint "Cleanup", Time since last: 1000371673 ns, Reaching safepoint: 3798142 ns, At safepoint: 46937 ns, Total: 3845079 ns
[2020-08-12T18:57:46.986+0000][6][safepoint    ] Safepoint "BulkRevokeBias", Time since last: 835689791 ns, Reaching safepoint: 350472 ns, At safepoint: 1083940 ns, Total: 1434412 ns
[2020-08-12T18:57:47.986+0000][6][safepoint    ] Safepoint "Cleanup", Time since last: 1000321098 ns, Reaching safepoint: 534420 ns, At safepoint: 25925 ns, Total: 560345 ns
[2020-08-12T18:57:49.918+0000][6][safepoint    ] Safepoint "Cleanup", Time since last: 1930466875 ns, Reaching safepoint: 626045 ns, At safepoint: 43774 ns, Total: 669819 ns
[2020-08-12T18:57:51.031+0000][6][safepoint    ] Safepoint "Cleanup", Time since last: 1000314923 ns, Reaching safepoint: 112804978 ns, At safepoint: 40537 ns, Total: 112845515 ns
[2020-08-12T18:57:52.032+0000][6][safepoint    ] Safepoint "Cleanup", Time since last: 1000538171 ns, Reaching safepoint: 344560 ns, At safepoint: 15662 ns, Total: 360222 ns
[2020-08-12T18:57:53.035+0000][6][safepoint    ] Safepoint "Cleanup", Time since last: 1002937088 ns, Reaching safepoint: 376184 ns, At safepoint: 15537 ns, Total: 391721 ns
[2020-08-12T18:57:54.982+0000][6][safepoint    ] Safepoint "Cleanup", Time since last: 1890670818 ns, Reaching safepoint: 55918918 ns, At safepoint: 28513 ns, Total: 55947431 ns
[2020-08-12T18:57:56.317+0000][6][safepoint    ] Safepoint "Cleanup", Time since last: 1268375801 ns, Reaching safepoint: 61761781 ns, At safepoint: 5691588 ns, Total: 67453369 ns
[2020-08-12T18:57:58.153+0000][6][safepoint    ] Safepoint "Cleanup", Time since last: 1270969280 ns, Reaching safepoint: 563842756 ns, At safepoint: 860956 ns, Total: 564703712 ns
[2020-08-12T18:57:59.154+0000][6][safepoint    ] Safepoint "Cleanup", Time since last: 1000628345 ns, Reaching safepoint: 275210 ns, At safepoint: 10875 ns, Total: 286085 ns
[2020-08-12T18:58:00.521+0000][6][safepoint    ] Safepoint "Cleanup", Time since last: 1000214736 ns, Reaching safepoint: 365940761 ns, At safepoint: 412646 ns, Total: 366353407 ns
[2020-08-12T18:58:01.521+0000][6][safepoint    ] Safepoint "Cleanup", Time since last: 1000174637 ns, Reaching safepoint: 427996 ns, At safepoint: 62524 ns, Total: 490520 ns
[2020-08-12T18:58:02.522+0000][6][safepoint    ] Safepoint "Cleanup", Time since last: 1000222949 ns, Reaching safepoint: 903480 ns, At safepoint: 27150 ns, Total: 930630 ns
[2020-08-12T18:58:22.029+0000][6][safepoint    ] Safepoint "Cleanup", Time since last: 1916474457 ns, Reaching safepoint: 17475419876 ns, At safepoint: 84015864 ns, Total: 17559435740 ns
[2020-08-12T18:58:24.253+0000][6][safepoint    ] Safepoint "Cleanup", Time since last: 1471995073 ns, Reaching safepoint: 781175435 ns, At safepoint: 1559637 ns, Total: 782735072 ns
[2020-08-12T18:58:26.508+0000][6][safepoint    ] Safepoint "Cleanup", Time since last: 1000335335 ns, Reaching safepoint: 1253322131 ns, At safepoint: 1296389 ns, Total: 1254618520 ns
[2020-08-12T18:58:28.491+0000][6][safepoint    ] Safepoint "Cleanup", Time since last: 1905451865 ns, Reaching safepoint: 76025471 ns, At safepoint: 1833121 ns, Total: 77858592 ns
[2020-08-12T18:58:29.865+0000][6][safepoint    ] Safepoint "Cleanup", Time since last: 1361975846 ns, Reaching safepoint: 11416514 ns, At safepoint: 28137 ns, Total: 11444651 ns
[2020-08-12T18:58:31.107+0000][6][safepoint    ] Safepoint "Cleanup", Time since last: 1241318435 ns, Reaching safepoint: 637757 ns, At safepoint: 37437 ns, Total: 675194 ns
[2020-08-12T18:58:33.108+0000][6][safepoint    ] Safepoint "Cleanup", Time since last: 2000485985 ns, Reaching safepoint: 490070 ns, At safepoint: 34988 ns, Total: 525058 ns
[2020-08-12T18:58:38.112+0000][6][safepoint    ] Safepoint "Cleanup", Time since last: 5002150146 ns, Reaching safepoint: 2497278 ns, At safepoint: 24250 ns, Total: 2521528 ns
[2020-08-12T18:58:39.288+0000][6][safepoint    ] Safepoint "Cleanup", Time since last: 1175469177 ns, Reaching safepoint: 509133 ns, At safepoint: 24675 ns, Total: 533808 ns
[2020-08-12T18:58:45.227+0000][6][safepoint    ] Safepoint "Cleanup", Time since last: 5904086979 ns, Reaching safepoint: 34655426 ns, At safepoint: 73050 ns, Total: 34728476 ns
[2020-08-12T18:58:46.266+0000][6][safepoint    ] Safepoint "BulkRevokeBias", Time since last: 1036177638 ns, Reaching safepoint: 655070 ns, At safepoint: 1523212 ns, Total: 2178282 ns
[2020-08-12T18:58:46.737+0000][6][safepoint    ] Safepoint "BulkRevokeBias", Time since last: 468418316 ns, Reaching safepoint: 557445 ns, At safepoint: 2891250 ns, Total: 3448695 ns
[2020-08-12T18:58:46.801+0000][6][gc,start     ] GC(19) Pause Young (Normal) (G1 Evacuation Pause)
[2020-08-12T18:58:46.801+0000][6][gc,task      ] GC(19) Using 2 workers of 2 for evacuation
[2020-08-12T18:58:46.801+0000][6][gc,age       ] GC(19) Desired survivor size 11010048 bytes, new threshold 1 (max threshold 15)
[2020-08-12T18:58:47.236+0000][6][gc,age       ] GC(19) Age table with threshold 1 (max threshold 15)
[2020-08-12T18:58:47.236+0000][6][gc,age       ] GC(19) - age   1:     306880 bytes,     306880 total
[2020-08-12T18:58:47.236+0000][6][gc,mmu       ] GC(19) MMU target violated: 201.0ms (200.0ms/201.0ms)
[2020-08-12T18:58:47.237+0000][6][gc,phases    ] GC(19)   Pre Evacuate Collection Set: 0.6ms
[2020-08-12T18:58:47.237+0000][6][gc,phases    ] GC(19)   Merge Heap Roots: 0.6ms
[2020-08-12T18:58:47.237+0000][6][gc,phases    ] GC(19)   Evacuate Collection Set: 426.5ms
[2020-08-12T18:58:47.238+0000][6][gc,phases    ] GC(19)   Post Evacuate Collection Set: 6.2ms
[2020-08-12T18:58:47.238+0000][6][gc,phases    ] GC(19)   Other: 24.4ms
[2020-08-12T18:58:47.238+0000][6][gc,heap      ] GC(19) Eden regions: 152->0(113)
[2020-08-12T18:58:47.238+0000][6][gc,heap      ] GC(19) Survivor regions: 13->1(21)
[2020-08-12T18:58:47.238+0000][6][gc,heap      ] GC(19) Old regions: 67->77
[2020-08-12T18:58:47.238+0000][6][gc,heap      ] GC(19) Archive regions: 2->2
[2020-08-12T18:58:47.238+0000][6][gc,heap      ] GC(19) Humongous regions: 7->7
[2020-08-12T18:58:47.238+0000][6][gc,metaspace ] GC(19) Metaspace: 92425K(100024K)->92425K(100024K) NonClass: 79916K(84408K)->79916K(84408K) Class: 12509K(15616K)->12509K(15616K)
[2020-08-12T18:58:47.243+0000][6][gc           ] GC(19) Pause Young (Normal) (G1 Evacuation Pause) 239M->85M(1024M) 442.130ms
[2020-08-12T18:58:47.243+0000][6][gc,cpu       ] GC(19) User=0.11s Sys=0.09s Real=0.44s
[2020-08-12T18:58:47.249+0000][6][safepoint    ] Safepoint "G1CollectForAllocation", Time since last: 40588613 ns, Reaching safepoint: 352622 ns, At safepoint: 470282650 ns, Total: 470635272 ns
[2020-08-12T18:58:48.507+0000][6][safepoint    ] Safepoint "Cleanup", Time since last: 1257815692 ns, Reaching safepoint: 517208 ns, At safepoint: 20288 ns, Total: 537496 ns
[2020-08-12T18:58:48.596+0000][6][safepoint    ] Safepoint "BulkRevokeBias", Time since last: 77824792 ns, Reaching safepoint: 9931789 ns, At safepoint: 912693 ns, Total: 10844482 ns
[2020-08-12T18:58:49.033+0000][6][safepoint    ] Safepoint "ICBufferFull", Time since last: 437312283 ns, Reaching safepoint: 405672 ns, At safepoint: 20725 ns, Total: 426397 ns
[2020-08-12T18:58:49.767+0000][6][gc,heap,exit ] Heap
[2020-08-12T18:58:49.767+0000][6][gc,heap,exit ]  garbage-first heap   total 1048576K, used 175466K [0x00000000c0000000, 0x0000000100000000)
[2020-08-12T18:58:49.767+0000][6][gc,heap,exit ]   region size 1024K, 89 young (91136K), 1 survivors (1024K)
[2020-08-12T18:58:49.767+0000][6][gc,heap,exit ]  Metaspace       used 93074K, capacity 100552K, committed 100792K, reserved 1134592K
[2020-08-12T18:58:49.767+0000][6][gc,heap,exit ]   class space    used 12564K, capacity 15593K, committed 15616K, reserved 1048576K
