[2020-08-12T18:59:54.261+0000][6][gc,heap] Heap region size: 1M
[2020-08-12T18:59:54.262+0000][6][gc,heap,coops] Heap address: 0x00000000c0000000, size: 1024 MB, Compressed Oops mode: 32-bit
[2020-08-12T18:59:55.832+0000][6][gc           ] Using G1
[2020-08-12T18:59:55.833+0000][6][gc,cds       ] Mark closed archive regions in map: [0x00000000fff00000, 0x00000000fff7eff8]
[2020-08-12T18:59:55.833+0000][6][gc,cds       ] Mark open archive regions in map: [0x00000000ffe00000, 0x00000000ffe51ff8]
[2020-08-12T18:59:55.919+0000][6][gc           ] Periodic GC disabled
[2020-08-12T18:59:57.043+0000][6][safepoint    ] Safepoint "Cleanup", Time since last: 1178518713 ns, Reaching safepoint: 214411 ns, At safepoint: 13462 ns, Total: 227873 ns
[2020-08-12T18:59:58.050+0000][6][safepoint    ] Safepoint "Cleanup", Time since last: 1000778919 ns, Reaching safepoint: 6059560 ns, At safepoint: 20162 ns, Total: 6079722 ns
[2020-08-12T18:59:59.054+0000][6][safepoint    ] Safepoint "Cleanup", Time since last: 1000161212 ns, Reaching safepoint: 3933579 ns, At safepoint: 18262 ns, Total: 3951841 ns
[2020-08-12T19:00:00.358+0000][6][safepoint    ] Safepoint "Cleanup", Time since last: 1303724422 ns, Reaching safepoint: 296660 ns, At safepoint: 8288 ns, Total: 304948 ns
[2020-08-12T19:00:01.359+0000][6][safepoint    ] Safepoint "Cleanup", Time since last: 1000202186 ns, Reaching safepoint: 673357 ns, At safepoint: 13512 ns, Total: 686869 ns
[2020-08-12T19:00:03.357+0000][6][safepoint    ] Safepoint "Cleanup", Time since last: 1995701650 ns, Reaching safepoint: 2372530 ns, At safepoint: 14937 ns, Total: 2387467 ns
[2020-08-12T19:00:04.438+0000][6][safepoint    ] Safepoint "Cleanup", Time since last: 1079959387 ns, Reaching safepoint: 720432 ns, At safepoint: 18374 ns, Total: 738806 ns
[2020-08-12T19:00:05.439+0000][6][safepoint    ] Safepoint "Cleanup", Time since last: 1000818344 ns, Reaching safepoint: 268110 ns, At safepoint: 11575 ns, Total: 279685 ns
[2020-08-12T19:00:06.197+0000][6][gc,start     ] GC(0) Pause Young (Normal) (G1 Evacuation Pause)
[2020-08-12T19:00:06.198+0000][6][gc,task      ] GC(0) Using 2 workers of 2 for evacuation
[2020-08-12T19:00:06.198+0000][6][gc,age       ] GC(0) Desired survivor size 3670016 bytes, new threshold 15 (max threshold 15)
[2020-08-12T19:00:06.241+0000][6][gc,age       ] GC(0) Age table with threshold 15 (max threshold 15)
[2020-08-12T19:00:06.241+0000][6][gc,age       ] GC(0) - age   1:    4857168 bytes,    4857168 total
[2020-08-12T19:00:06.241+0000][6][gc,phases    ] GC(0)   Pre Evacuate Collection Set: 0.4ms
[2020-08-12T19:00:06.241+0000][6][gc,phases    ] GC(0)   Merge Heap Roots: 0.1ms
[2020-08-12T19:00:06.241+0000][6][gc,phases    ] GC(0)   Evacuate Collection Set: 40.3ms
[2020-08-12T19:00:06.241+0000][6][gc,phases    ] GC(0)   Post Evacuate Collection Set: 1.9ms
[2020-08-12T19:00:06.241+0000][6][gc,phases    ] GC(0)   Other: 0.8ms
[2020-08-12T19:00:06.241+0000][6][gc,heap      ] GC(0) Eden regions: 51->0(46)
[2020-08-12T19:00:06.241+0000][6][gc,heap      ] GC(0) Survivor regions: 0->5(7)
[2020-08-12T19:00:06.241+0000][6][gc,heap      ] GC(0) Old regions: 0->0
[2020-08-12T19:00:06.241+0000][6][gc,heap      ] GC(0) Archive regions: 2->2
[2020-08-12T19:00:06.241+0000][6][gc,heap      ] GC(0) Humongous regions: 1->1
[2020-08-12T19:00:06.241+0000][6][gc,metaspace ] GC(0) Metaspace: 11591K(12416K)->11591K(12416K) NonClass: 10162K(10752K)->10162K(10752K) Class: 1429K(1664K)->1429K(1664K)
[2020-08-12T19:00:06.241+0000][6][gc           ] GC(0) Pause Young (Normal) (G1 Evacuation Pause) 52M->6M(1024M) 43.897ms
[2020-08-12T19:00:06.241+0000][6][gc,cpu       ] GC(0) User=0.03s Sys=0.00s Real=0.04s
[2020-08-12T19:00:06.241+0000][6][safepoint    ] Safepoint "G1CollectForAllocation", Time since last: 755315870 ns, Reaching safepoint: 3007424 ns, At safepoint: 44121233 ns, Total: 47128657 ns
[2020-08-12T19:00:07.434+0000][6][safepoint    ] Safepoint "Cleanup", Time since last: 1192247094 ns, Reaching safepoint: 207224 ns, At safepoint: 9987 ns, Total: 217211 ns
[2020-08-12T19:00:09.076+0000][6][safepoint    ] Safepoint "Cleanup", Time since last: 1642096246 ns, Reaching safepoint: 245310 ns, At safepoint: 10175 ns, Total: 255485 ns
[2020-08-12T19:00:10.081+0000][6][safepoint    ] Safepoint "Cleanup", Time since last: 1000199261 ns, Reaching safepoint: 4248964 ns, At safepoint: 15437 ns, Total: 4264401 ns
[2020-08-12T19:00:11.083+0000][6][safepoint    ] Safepoint "Cleanup", Time since last: 1000180912 ns, Reaching safepoint: 2297017 ns, At safepoint: 20363 ns, Total: 2317380 ns
[2020-08-12T19:00:12.083+0000][6][safepoint    ] Safepoint "Cleanup", Time since last: 1000190373 ns, Reaching safepoint: 142187 ns, At safepoint: 9150 ns, Total: 151337 ns
[2020-08-12T19:00:12.640+0000][6][gc,start     ] GC(1) Pause Young (Normal) (G1 Evacuation Pause)
[2020-08-12T19:00:12.640+0000][6][gc,task      ] GC(1) Using 2 workers of 2 for evacuation
[2020-08-12T19:00:12.640+0000][6][gc,age       ] GC(1) Desired survivor size 3670016 bytes, new threshold 1 (max threshold 15)
[2020-08-12T19:00:12.693+0000][6][gc,age       ] GC(1) Age table with threshold 1 (max threshold 15)
[2020-08-12T19:00:12.693+0000][6][gc,age       ] GC(1) - age   1:    2284568 bytes,    2284568 total
[2020-08-12T19:00:12.693+0000][6][gc,phases    ] GC(1)   Pre Evacuate Collection Set: 0.5ms
[2020-08-12T19:00:12.693+0000][6][gc,phases    ] GC(1)   Merge Heap Roots: 0.1ms
[2020-08-12T19:00:12.693+0000][6][gc,phases    ] GC(1)   Evacuate Collection Set: 50.2ms
[2020-08-12T19:00:12.693+0000][6][gc,phases    ] GC(1)   Post Evacuate Collection Set: 2.1ms
[2020-08-12T19:00:12.693+0000][6][gc,phases    ] GC(1)   Other: 0.5ms
[2020-08-12T19:00:12.693+0000][6][gc,heap      ] GC(1) Eden regions: 46->0(48)
[2020-08-12T19:00:12.693+0000][6][gc,heap      ] GC(1) Survivor regions: 5->3(7)
[2020-08-12T19:00:12.693+0000][6][gc,heap      ] GC(1) Old regions: 0->5
[2020-08-12T19:00:12.693+0000][6][gc,heap      ] GC(1) Archive regions: 2->2
[2020-08-12T19:00:12.693+0000][6][gc,heap      ] GC(1) Humongous regions: 1->1
[2020-08-12T19:00:12.696+0000][6][gc,metaspace ] GC(1) Metaspace: 14154K(14976K)->14154K(14976K) NonClass: 12462K(13056K)->12462K(13056K) Class: 1692K(1920K)->1692K(1920K)
[2020-08-12T19:00:12.696+0000][6][gc           ] GC(1) Pause Young (Normal) (G1 Evacuation Pause) 52M->9M(1024M) 56.419ms
[2020-08-12T19:00:12.696+0000][6][gc,cpu       ] GC(1) User=0.04s Sys=0.00s Real=0.06s
[2020-08-12T19:00:12.696+0000][6][safepoint    ] Safepoint "G1CollectForAllocation", Time since last: 556214672 ns, Reaching safepoint: 218561 ns, At safepoint: 56597700 ns, Total: 56816261 ns
[2020-08-12T19:00:12.711+0000][6][safepoint    ] Safepoint "BulkRevokeBias", Time since last: 10158975 ns, Reaching safepoint: 3852266 ns, At safepoint: 204399 ns, Total: 4056665 ns
[2020-08-12T19:00:14.107+0000][6][safepoint    ] Safepoint "Cleanup", Time since last: 1390898296 ns, Reaching safepoint: 5301055 ns, At safepoint: 31212 ns, Total: 5332267 ns
[2020-08-12T19:00:15.109+0000][6][safepoint    ] Safepoint "Cleanup", Time since last: 1000190111 ns, Reaching safepoint: 2338668 ns, At safepoint: 16137 ns, Total: 2354805 ns
[2020-08-12T19:00:15.928+0000][6][gc,start     ] GC(2) Pause Young (Normal) (G1 Evacuation Pause)
[2020-08-12T19:00:15.928+0000][6][gc,task      ] GC(2) Using 2 workers of 2 for evacuation
[2020-08-12T19:00:15.928+0000][6][gc,age       ] GC(2) Desired survivor size 3670016 bytes, new threshold 15 (max threshold 15)
[2020-08-12T19:00:15.965+0000][6][gc,age       ] GC(2) Age table with threshold 15 (max threshold 15)
[2020-08-12T19:00:15.965+0000][6][gc,age       ] GC(2) - age   1:    3141344 bytes,    3141344 total
[2020-08-12T19:00:15.965+0000][6][gc,age       ] GC(2) - age   2:    1657480 bytes,    4798824 total
[2020-08-12T19:00:15.965+0000][6][gc,phases    ] GC(2)   Pre Evacuate Collection Set: 0.6ms
[2020-08-12T19:00:15.965+0000][6][gc,phases    ] GC(2)   Merge Heap Roots: 0.1ms
[2020-08-12T19:00:15.965+0000][6][gc,phases    ] GC(2)   Evacuate Collection Set: 34.7ms
[2020-08-12T19:00:15.965+0000][6][gc,phases    ] GC(2)   Post Evacuate Collection Set: 1.2ms
[2020-08-12T19:00:15.965+0000][6][gc,phases    ] GC(2)   Other: 0.5ms
[2020-08-12T19:00:15.966+0000][6][gc,heap      ] GC(2) Eden regions: 48->0(48)
[2020-08-12T19:00:15.966+0000][6][gc,heap      ] GC(2) Survivor regions: 3->5(7)
[2020-08-12T19:00:15.966+0000][6][gc,heap      ] GC(2) Old regions: 5->5
[2020-08-12T19:00:15.966+0000][6][gc,heap      ] GC(2) Archive regions: 2->2
[2020-08-12T19:00:15.966+0000][6][gc,heap      ] GC(2) Humongous regions: 2->1
[2020-08-12T19:00:15.966+0000][6][gc,metaspace ] GC(2) Metaspace: 17074K(18048K)->17074K(18048K) NonClass: 14968K(15616K)->14968K(15616K) Class: 2105K(2432K)->2105K(2432K)
[2020-08-12T19:00:15.966+0000][6][gc           ] GC(2) Pause Young (Normal) (G1 Evacuation Pause) 58M->11M(1024M) 37.376ms
[2020-08-12T19:00:15.966+0000][6][gc,cpu       ] GC(2) User=0.03s Sys=0.00s Real=0.04s
[2020-08-12T19:00:15.966+0000][6][safepoint    ] Safepoint "G1CollectForAllocation", Time since last: 818597438 ns, Reaching safepoint: 167973 ns, At safepoint: 37547489 ns, Total: 37715462 ns
[2020-08-12T19:00:16.053+0000][6][safepoint    ] Safepoint "BulkRevokeBias", Time since last: 85103392 ns, Reaching safepoint: 2066945 ns, At safepoint: 176099 ns, Total: 2243044 ns
[2020-08-12T19:00:16.057+0000][6][safepoint    ] Safepoint "BulkRevokeBias", Time since last: 3531732 ns, Reaching safepoint: 193835 ns, At safepoint: 113812 ns, Total: 307647 ns
[2020-08-12T19:00:16.794+0000][6][gc,start     ] GC(3) Pause Young (Normal) (G1 Evacuation Pause)
[2020-08-12T19:00:16.794+0000][6][gc,task      ] GC(3) Using 2 workers of 2 for evacuation
[2020-08-12T19:00:16.794+0000][6][gc,age       ] GC(3) Desired survivor size 3670016 bytes, new threshold 2 (max threshold 15)
[2020-08-12T19:00:16.832+0000][6][gc,age       ] GC(3) Age table with threshold 2 (max threshold 15)
[2020-08-12T19:00:16.832+0000][6][gc,age       ] GC(3) - age   1:    2094600 bytes,    2094600 total
[2020-08-12T19:00:16.832+0000][6][gc,age       ] GC(3) - age   2:    2604048 bytes,    4698648 total
[2020-08-12T19:00:16.832+0000][6][gc,phases    ] GC(3)   Pre Evacuate Collection Set: 0.4ms
[2020-08-12T19:00:16.832+0000][6][gc,phases    ] GC(3)   Merge Heap Roots: 0.1ms
[2020-08-12T19:00:16.832+0000][6][gc,phases    ] GC(3)   Evacuate Collection Set: 34.0ms
[2020-08-12T19:00:16.832+0000][6][gc,phases    ] GC(3)   Post Evacuate Collection Set: 3.2ms
[2020-08-12T19:00:16.832+0000][6][gc,phases    ] GC(3)   Other: 0.4ms
[2020-08-12T19:00:16.832+0000][6][gc,heap      ] GC(3) Eden regions: 48->0(65)
[2020-08-12T19:00:16.833+0000][6][gc,heap      ] GC(3) Survivor regions: 5->5(7)
[2020-08-12T19:00:16.833+0000][6][gc,heap      ] GC(3) Old regions: 5->7
[2020-08-12T19:00:16.833+0000][6][gc,heap      ] GC(3) Archive regions: 2->2
[2020-08-12T19:00:16.833+0000][6][gc,heap      ] GC(3) Humongous regions: 1->1
[2020-08-12T19:00:16.833+0000][6][gc,metaspace ] GC(3) Metaspace: 17151K(18048K)->17151K(18048K) NonClass: 15040K(15616K)->15040K(15616K) Class: 2110K(2432K)->2110K(2432K)
[2020-08-12T19:00:16.833+0000][6][gc           ] GC(3) Pause Young (Normal) (G1 Evacuation Pause) 59M->12M(1024M) 38.424ms
[2020-08-12T19:00:16.833+0000][6][gc,cpu       ] GC(3) User=0.04s Sys=0.00s Real=0.03s
[2020-08-12T19:00:16.833+0000][6][safepoint    ] Safepoint "G1CollectForAllocation", Time since last: 733591720 ns, Reaching safepoint: 3566107 ns, At safepoint: 38596430 ns, Total: 42162537 ns
[2020-08-12T19:00:17.898+0000][6][safepoint    ] Safepoint "Cleanup", Time since last: 1061526633 ns, Reaching safepoint: 3625744 ns, At safepoint: 16399 ns, Total: 3642143 ns
[2020-08-12T19:00:18.102+0000][6][gc,start     ] GC(4) Pause Young (Normal) (G1 Evacuation Pause)
[2020-08-12T19:00:18.102+0000][6][gc,task      ] GC(4) Using 2 workers of 2 for evacuation
[2020-08-12T19:00:18.102+0000][6][gc,age       ] GC(4) Desired survivor size 4718592 bytes, new threshold 15 (max threshold 15)
[2020-08-12T19:00:18.127+0000][6][gc,age       ] GC(4) Age table with threshold 15 (max threshold 15)
[2020-08-12T19:00:18.127+0000][6][gc,age       ] GC(4) - age   1:     371744 bytes,     371744 total
[2020-08-12T19:00:18.127+0000][6][gc,age       ] GC(4) - age   2:      69656 bytes,     441400 total
[2020-08-12T19:00:18.128+0000][6][gc,age       ] GC(4) - age   3:    2604024 bytes,    3045424 total
[2020-08-12T19:00:18.128+0000][6][gc,phases    ] GC(4)   Pre Evacuate Collection Set: 0.4ms
[2020-08-12T19:00:18.128+0000][6][gc,phases    ] GC(4)   Merge Heap Roots: 0.1ms
[2020-08-12T19:00:18.128+0000][6][gc,phases    ] GC(4)   Evacuate Collection Set: 16.0ms
[2020-08-12T19:00:18.128+0000][6][gc,phases    ] GC(4)   Post Evacuate Collection Set: 8.5ms
[2020-08-12T19:00:18.128+0000][6][gc,phases    ] GC(4)   Other: 0.5ms
[2020-08-12T19:00:18.128+0000][6][gc,heap      ] GC(4) Eden regions: 65->0(610)
[2020-08-12T19:00:18.128+0000][6][gc,heap      ] GC(4) Survivor regions: 5->4(9)
[2020-08-12T19:00:18.128+0000][6][gc,heap      ] GC(4) Old regions: 7->7
[2020-08-12T19:00:18.128+0000][6][gc,heap      ] GC(4) Archive regions: 2->2
[2020-08-12T19:00:18.128+0000][6][gc,heap      ] GC(4) Humongous regions: 1->1
[2020-08-12T19:00:18.128+0000][6][gc,metaspace ] GC(4) Metaspace: 17303K(18304K)->17303K(18304K) NonClass: 15181K(15872K)->15181K(15872K) Class: 2121K(2432K)->2121K(2432K)
[2020-08-12T19:00:18.128+0000][6][gc           ] GC(4) Pause Young (Normal) (G1 Evacuation Pause) 77M->11M(1024M) 25.818ms
[2020-08-12T19:00:18.128+0000][6][gc,cpu       ] GC(4) User=0.01s Sys=0.00s Real=0.03s
[2020-08-12T19:00:18.128+0000][6][safepoint    ] Safepoint "G1CollectForAllocation", Time since last: 199020436 ns, Reaching safepoint: 5143931 ns, At safepoint: 25993489 ns, Total: 31137420 ns
[2020-08-12T19:00:19.485+0000][6][safepoint    ] Safepoint "Cleanup", Time since last: 1357123850 ns, Reaching safepoint: 208498 ns, At safepoint: 10737 ns, Total: 219235 ns
[2020-08-12T19:00:20.488+0000][6][safepoint    ] Safepoint "Cleanup", Time since last: 1002315181 ns, Reaching safepoint: 164361 ns, At safepoint: 9037 ns, Total: 173398 ns
[2020-08-12T19:00:21.796+0000][6][safepoint    ] Safepoint "Cleanup", Time since last: 1308098897 ns, Reaching safepoint: 132612 ns, At safepoint: 8875 ns, Total: 141487 ns
[2020-08-12T19:00:23.337+0000][6][safepoint    ] Safepoint "Cleanup", Time since last: 1539776977 ns, Reaching safepoint: 1345213 ns, At safepoint: 14075 ns, Total: 1359288 ns
[2020-08-12T19:00:25.342+0000][6][safepoint    ] Safepoint "Cleanup", Time since last: 2000263036 ns, Reaching safepoint: 4448974 ns, At safepoint: 80962 ns, Total: 4529936 ns
[2020-08-12T19:00:27.161+0000][6][safepoint    ] Safepoint "Cleanup", Time since last: 1819051872 ns, Reaching safepoint: 154598 ns, At safepoint: 9188 ns, Total: 163786 ns
[2020-08-12T19:00:28.162+0000][6][safepoint    ] Safepoint "Cleanup", Time since last: 1000172311 ns, Reaching safepoint: 204824 ns, At safepoint: 10800 ns, Total: 215624 ns
[2020-08-12T19:00:29.162+0000][6][safepoint    ] Safepoint "Cleanup", Time since last: 1000490346 ns, Reaching safepoint: 207810 ns, At safepoint: 11350 ns, Total: 219160 ns
[2020-08-12T19:00:29.319+0000][6][gc,start     ] GC(5) Pause Young (Normal) (G1 Evacuation Pause)
[2020-08-12T19:00:29.319+0000][6][gc,task      ] GC(5) Using 2 workers of 2 for evacuation
[2020-08-12T19:00:29.319+0000][6][gc,age       ] GC(5) Desired survivor size 40370176 bytes, new threshold 15 (max threshold 15)
[2020-08-12T19:00:29.377+0000][6][gc,age       ] GC(5) Age table with threshold 15 (max threshold 15)
[2020-08-12T19:00:29.377+0000][6][gc,age       ] GC(5) - age   1:    6771632 bytes,    6771632 total
[2020-08-12T19:00:29.377+0000][6][gc,age       ] GC(5) - age   2:     337560 bytes,    7109192 total
[2020-08-12T19:00:29.377+0000][6][gc,age       ] GC(5) - age   3:      69656 bytes,    7178848 total
[2020-08-12T19:00:29.377+0000][6][gc,age       ] GC(5) - age   4:    2597888 bytes,    9776736 total
[2020-08-12T19:00:29.377+0000][6][gc,phases    ] GC(5)   Pre Evacuate Collection Set: 0.5ms
[2020-08-12T19:00:29.377+0000][6][gc,phases    ] GC(5)   Merge Heap Roots: 0.3ms
[2020-08-12T19:00:29.377+0000][6][gc,phases    ] GC(5)   Evacuate Collection Set: 51.9ms
[2020-08-12T19:00:29.377+0000][6][gc,phases    ] GC(5)   Post Evacuate Collection Set: 5.2ms
[2020-08-12T19:00:29.377+0000][6][gc,phases    ] GC(5)   Other: 0.9ms
[2020-08-12T19:00:29.377+0000][6][gc,heap      ] GC(5) Eden regions: 610->0(534)
[2020-08-12T19:00:29.377+0000][6][gc,heap      ] GC(5) Survivor regions: 4->10(77)
[2020-08-12T19:00:29.377+0000][6][gc,heap      ] GC(5) Old regions: 7->7
[2020-08-12T19:00:29.377+0000][6][gc,heap      ] GC(5) Archive regions: 2->2
[2020-08-12T19:00:29.377+0000][6][gc,heap      ] GC(5) Humongous regions: 1->1
[2020-08-12T19:00:29.377+0000][6][gc,metaspace ] GC(5) Metaspace: 19662K(20992K)->19662K(20992K) NonClass: 17245K(18176K)->17245K(18176K) Class: 2417K(2816K)->2417K(2816K)
[2020-08-12T19:00:29.378+0000][6][gc           ] GC(5) Pause Young (Normal) (G1 Evacuation Pause) 621M->17M(1024M) 58.949ms
[2020-08-12T19:00:29.378+0000][6][gc,cpu       ] GC(5) User=0.03s Sys=0.00s Real=0.06s
[2020-08-12T19:00:29.378+0000][6][safepoint    ] Safepoint "G1CollectForAllocation", Time since last: 155992069 ns, Reaching safepoint: 163637 ns, At safepoint: 59126665 ns, Total: 59290302 ns
[2020-08-12T19:00:29.381+0000][6][safepoint    ] Safepoint "BulkRevokeBias", Time since last: 1480588 ns, Reaching safepoint: 2084082 ns, At safepoint: 214523 ns, Total: 2298605 ns
[2020-08-12T19:00:29.581+0000][6][safepoint    ] Safepoint "BulkRevokeBias", Time since last: 198880362 ns, Reaching safepoint: 195198 ns, At safepoint: 132049 ns, Total: 327247 ns
[2020-08-12T19:00:29.582+0000][6][safepoint    ] Safepoint "BulkRevokeBias", Time since last: 179761 ns, Reaching safepoint: 563345 ns, At safepoint: 138849 ns, Total: 702194 ns
[2020-08-12T19:00:30.590+0000][6][safepoint    ] Safepoint "Cleanup", Time since last: 1008630026 ns, Reaching safepoint: 222748 ns, At safepoint: 10763 ns, Total: 233511 ns
[2020-08-12T19:00:31.591+0000][6][safepoint    ] Safepoint "Cleanup", Time since last: 1000194861 ns, Reaching safepoint: 315585 ns, At safepoint: 11412 ns, Total: 326997 ns
[2020-08-12T19:00:31.707+0000][6][gc,start     ] GC(6) Pause Young (Concurrent Start) (Metadata GC Threshold)
[2020-08-12T19:00:31.707+0000][6][gc,task      ] GC(6) Using 2 workers of 2 for evacuation
[2020-08-12T19:00:31.707+0000][6][gc,age       ] GC(6) Desired survivor size 35651584 bytes, new threshold 15 (max threshold 15)
[2020-08-12T19:00:31.774+0000][6][gc,age       ] GC(6) Age table with threshold 15 (max threshold 15)
[2020-08-12T19:00:31.774+0000][6][gc,age       ] GC(6) - age   1:     677328 bytes,     677328 total
[2020-08-12T19:00:31.774+0000][6][gc,age       ] GC(6) - age   2:    6368664 bytes,    7045992 total
[2020-08-12T19:00:31.774+0000][6][gc,age       ] GC(6) - age   3:     337560 bytes,    7383552 total
[2020-08-12T19:00:31.774+0000][6][gc,age       ] GC(6) - age   4:      69368 bytes,    7452920 total
[2020-08-12T19:00:31.774+0000][6][gc,age       ] GC(6) - age   5:    2597888 bytes,   10050808 total
[2020-08-12T19:00:31.774+0000][6][gc,phases    ] GC(6)   Pre Evacuate Collection Set: 0.5ms
[2020-08-12T19:00:31.774+0000][6][gc,phases    ] GC(6)   Merge Heap Roots: 0.2ms
[2020-08-12T19:00:31.774+0000][6][gc,phases    ] GC(6)   Evacuate Collection Set: 64.3ms
[2020-08-12T19:00:31.774+0000][6][gc,phases    ] GC(6)   Post Evacuate Collection Set: 1.9ms
[2020-08-12T19:00:31.774+0000][6][gc,phases    ] GC(6)   Other: 0.7ms
[2020-08-12T19:00:31.774+0000][6][gc,heap      ] GC(6) Eden regions: 189->0(496)
[2020-08-12T19:00:31.774+0000][6][gc,heap      ] GC(6) Survivor regions: 10->10(68)
[2020-08-12T19:00:31.774+0000][6][gc,heap      ] GC(6) Old regions: 7->7
[2020-08-12T19:00:31.774+0000][6][gc,heap      ] GC(6) Archive regions: 2->2
[2020-08-12T19:00:31.774+0000][6][gc,heap      ] GC(6) Humongous regions: 1->1
[2020-08-12T19:00:31.774+0000][6][gc,metaspace ] GC(6) Metaspace: 19842K(21248K)->19842K(21248K) NonClass: 17400K(18432K)->17400K(18432K) Class: 2442K(2816K)->2442K(2816K)
[2020-08-12T19:00:31.774+0000][6][gc           ] GC(6) Pause Young (Concurrent Start) (Metadata GC Threshold) 206M->18M(1024M) 67.862ms
[2020-08-12T19:00:31.775+0000][6][gc,cpu       ] GC(6) User=0.04s Sys=0.00s Real=0.07s
[2020-08-12T19:00:31.775+0000][6][gc           ] GC(7) Concurrent Cycle
[2020-08-12T19:00:31.775+0000][6][safepoint    ] Safepoint "CollectForMetadataAllocation", Time since last: 115433256 ns, Reaching safepoint: 201873 ns, At safepoint: 68485073 ns, Total: 68686946 ns
[2020-08-12T19:00:31.775+0000][6][gc,marking   ] GC(7) Concurrent Clear Claimed Marks
[2020-08-12T19:00:31.775+0000][6][gc,marking   ] GC(7) Concurrent Clear Claimed Marks 0.126ms
[2020-08-12T19:00:31.775+0000][6][gc,marking   ] GC(7) Concurrent Scan Root Regions
[2020-08-12T19:00:31.808+0000][6][gc,marking   ] GC(7) Concurrent Scan Root Regions 32.709ms
[2020-08-12T19:00:31.808+0000][6][gc,marking   ] GC(7) Concurrent Mark (37.568s)
[2020-08-12T19:00:31.808+0000][6][gc,marking   ] GC(7) Concurrent Mark From Roots
[2020-08-12T19:00:31.808+0000][6][gc,task      ] GC(7) Using 1 workers of 1 for marking
[2020-08-12T19:00:31.926+0000][6][gc,marking   ] GC(7) Concurrent Mark From Roots 117.864ms
[2020-08-12T19:00:31.926+0000][6][gc,marking   ] GC(7) Concurrent Preclean
[2020-08-12T19:00:31.926+0000][6][gc,marking   ] GC(7) Concurrent Preclean 0.260ms
[2020-08-12T19:00:31.926+0000][6][gc,marking   ] GC(7) Concurrent Mark (37.568s, 37.686s) 118.278ms
[2020-08-12T19:00:31.940+0000][6][gc,start     ] GC(7) Pause Remark
[2020-08-12T19:00:31.959+0000][6][gc           ] GC(7) Pause Remark 24M->24M(1024M) 19.381ms
[2020-08-12T19:00:31.960+0000][6][gc,cpu       ] GC(7) User=0.01s Sys=0.00s Real=0.02s
[2020-08-12T19:00:31.960+0000][6][safepoint    ] Safepoint "G1Concurrent", Time since last: 151354422 ns, Reaching safepoint: 13666794 ns, At safepoint: 19566382 ns, Total: 33233176 ns
[2020-08-12T19:00:31.961+0000][6][gc,marking   ] GC(7) Concurrent Rebuild Remembered Sets
[2020-08-12T19:00:32.015+0000][6][gc,marking   ] GC(7) Concurrent Rebuild Remembered Sets 53.984ms
[2020-08-12T19:00:32.018+0000][6][gc,start     ] GC(7) Pause Cleanup
[2020-08-12T19:00:32.018+0000][6][gc           ] GC(7) Pause Cleanup 29M->29M(1024M) 0.601ms
[2020-08-12T19:00:32.018+0000][6][gc,cpu       ] GC(7) User=0.00s Sys=0.00s Real=0.00s
[2020-08-12T19:00:32.018+0000][6][safepoint    ] Safepoint "G1Concurrent", Time since last: 56961297 ns, Reaching safepoint: 938517 ns, At safepoint: 795030 ns, Total: 1733547 ns
[2020-08-12T19:00:32.022+0000][6][gc,marking   ] GC(7) Concurrent Cleanup for Next Mark
[2020-08-12T19:00:32.044+0000][6][gc,marking   ] GC(7) Concurrent Cleanup for Next Mark 22.277ms
[2020-08-12T19:00:32.044+0000][6][gc           ] GC(7) Concurrent Cycle 269.404ms
[2020-08-12T19:00:33.020+0000][6][safepoint    ] Safepoint "Cleanup", Time since last: 1001012117 ns, Reaching safepoint: 968942 ns, At safepoint: 15187 ns, Total: 984129 ns
[2020-08-12T19:00:34.024+0000][6][safepoint    ] Safepoint "Cleanup", Time since last: 1000197336 ns, Reaching safepoint: 2989525 ns, At safepoint: 17662 ns, Total: 3007187 ns
[2020-08-12T19:00:35.024+0000][6][safepoint    ] Safepoint "Cleanup", Time since last: 1000193349 ns, Reaching safepoint: 286322 ns, At safepoint: 16488 ns, Total: 302810 ns
[2020-08-12T19:00:36.876+0000][6][safepoint    ] Safepoint "Cleanup", Time since last: 1850978734 ns, Reaching safepoint: 546208 ns, At safepoint: 9812 ns, Total: 556020 ns
[2020-08-12T19:00:38.337+0000][6][safepoint    ] Safepoint "Cleanup", Time since last: 1461054318 ns, Reaching safepoint: 690594 ns, At safepoint: 13850 ns, Total: 704444 ns
[2020-08-12T19:00:39.338+0000][6][safepoint    ] Safepoint "Cleanup", Time since last: 1000187211 ns, Reaching safepoint: 599832 ns, At safepoint: 16488 ns, Total: 616320 ns
[2020-08-12T19:00:40.353+0000][6][safepoint    ] Safepoint "Cleanup", Time since last: 1000189798 ns, Reaching safepoint: 14812898 ns, At safepoint: 18087 ns, Total: 14830985 ns
[2020-08-12T19:00:41.354+0000][6][safepoint    ] Safepoint "Cleanup", Time since last: 1000487059 ns, Reaching safepoint: 176223 ns, At safepoint: 9213 ns, Total: 185436 ns
[2020-08-12T19:00:42.889+0000][6][safepoint    ] Safepoint "Cleanup", Time since last: 1534799095 ns, Reaching safepoint: 631982 ns, At safepoint: 12137 ns, Total: 644119 ns
[2020-08-12T19:00:44.625+0000][6][safepoint    ] Safepoint "Cleanup", Time since last: 1735679677 ns, Reaching safepoint: 249586 ns, At safepoint: 10562 ns, Total: 260148 ns
[2020-08-12T19:00:45.631+0000][6][safepoint    ] Safepoint "Cleanup", Time since last: 1000730507 ns, Reaching safepoint: 4782909 ns, At safepoint: 70836 ns, Total: 4853745 ns
[2020-08-12T19:00:46.631+0000][6][safepoint    ] Safepoint "Cleanup", Time since last: 1000212599 ns, Reaching safepoint: 458121 ns, At safepoint: 11600 ns, Total: 469721 ns
[2020-08-12T19:00:47.633+0000][6][safepoint    ] Safepoint "Cleanup", Time since last: 1001285252 ns, Reaching safepoint: 254660 ns, At safepoint: 10500 ns, Total: 265160 ns
[2020-08-12T19:00:48.639+0000][6][safepoint    ] Safepoint "Cleanup", Time since last: 1001281090 ns, Reaching safepoint: 4926095 ns, At safepoint: 16100 ns, Total: 4942195 ns
[2020-08-12T19:00:49.640+0000][6][safepoint    ] Safepoint "Cleanup", Time since last: 1000195961 ns, Reaching safepoint: 240323 ns, At safepoint: 11387 ns, Total: 251710 ns
[2020-08-12T19:00:50.644+0000][6][safepoint    ] Safepoint "Cleanup", Time since last: 1003314047 ns, Reaching safepoint: 708806 ns, At safepoint: 12275 ns, Total: 721081 ns
[2020-08-12T19:00:52.647+0000][6][safepoint    ] Safepoint "Cleanup", Time since last: 2002693553 ns, Reaching safepoint: 230298 ns, At safepoint: 10800 ns, Total: 241098 ns
[2020-08-12T19:00:53.650+0000][6][safepoint    ] Safepoint "Cleanup", Time since last: 1001739810 ns, Reaching safepoint: 1842897 ns, At safepoint: 16537 ns, Total: 1859434 ns
[2020-08-12T19:00:55.656+0000][6][safepoint    ] Safepoint "Cleanup", Time since last: 2003748707 ns, Reaching safepoint: 2025395 ns, At safepoint: 19249 ns, Total: 2044644 ns
[2020-08-12T19:00:56.731+0000][6][safepoint    ] Safepoint "Cleanup", Time since last: 1066594090 ns, Reaching safepoint: 8456002 ns, At safepoint: 33837 ns, Total: 8489839 ns
[2020-08-12T19:00:58.019+0000][6][safepoint    ] Safepoint "Cleanup", Time since last: 1283862381 ns, Reaching safepoint: 4228639 ns, At safepoint: 18787 ns, Total: 4247426 ns
[2020-08-12T19:00:59.020+0000][6][safepoint    ] Safepoint "Cleanup", Time since last: 1000170712 ns, Reaching safepoint: 209985 ns, At safepoint: 12538 ns, Total: 222523 ns
[2020-08-12T19:01:00.024+0000][6][safepoint    ] Safepoint "Cleanup", Time since last: 1002280843 ns, Reaching safepoint: 2274980 ns, At safepoint: 13525 ns, Total: 2288505 ns
[2020-08-12T19:01:00.238+0000][6][gc,start     ] GC(8) Pause Young (Normal) (G1 Evacuation Pause)
[2020-08-12T19:01:00.238+0000][6][gc,task      ] GC(8) Using 2 workers of 2 for evacuation
[2020-08-12T19:01:00.238+0000][6][gc,age       ] GC(8) Desired survivor size 36175872 bytes, new threshold 15 (max threshold 15)
[2020-08-12T19:01:00.537+0000][6][gc,age       ] GC(8) Age table with threshold 15 (max threshold 15)
[2020-08-12T19:01:00.537+0000][6][gc,age       ] GC(8) - age   1:   28938696 bytes,   28938696 total
[2020-08-12T19:01:00.537+0000][6][gc,age       ] GC(8) - age   2:     630072 bytes,   29568768 total
[2020-08-12T19:01:00.537+0000][6][gc,age       ] GC(8) - age   3:    6337632 bytes,   35906400 total
[2020-08-12T19:01:00.537+0000][6][gc,age       ] GC(8) - age   4:     337000 bytes,   36243400 total
[2020-08-12T19:01:00.537+0000][6][gc,age       ] GC(8) - age   5:      68936 bytes,   36312336 total
[2020-08-12T19:01:00.537+0000][6][gc,age       ] GC(8) - age   6:    2562576 bytes,   38874912 total
[2020-08-12T19:01:00.537+0000][6][gc,mmu       ] GC(8) MMU target violated: 201.0ms (200.0ms/201.0ms)
[2020-08-12T19:01:00.537+0000][6][gc,phases    ] GC(8)   Pre Evacuate Collection Set: 0.4ms
[2020-08-12T19:01:00.537+0000][6][gc,phases    ] GC(8)   Merge Heap Roots: 0.3ms
[2020-08-12T19:01:00.537+0000][6][gc,phases    ] GC(8)   Evacuate Collection Set: 290.6ms
[2020-08-12T19:01:00.537+0000][6][gc,phases    ] GC(8)   Post Evacuate Collection Set: 7.6ms
[2020-08-12T19:01:00.538+0000][6][gc,phases    ] GC(8)   Other: 0.7ms
[2020-08-12T19:01:00.538+0000][6][gc,heap      ] GC(8) Eden regions: 542->0(157)
[2020-08-12T19:01:00.538+0000][6][gc,heap      ] GC(8) Survivor regions: 10->38(69)
[2020-08-12T19:01:00.538+0000][6][gc,heap      ] GC(8) Old regions: 7->7
[2020-08-12T19:01:00.538+0000][6][gc,heap      ] GC(8) Archive regions: 2->2
[2020-08-12T19:01:00.538+0000][6][gc,heap      ] GC(8) Humongous regions: 1->1
[2020-08-12T19:01:00.538+0000][6][gc,metaspace ] GC(8) Metaspace: 31683K(34816K)->31683K(34816K) NonClass: 27578K(29696K)->27578K(29696K) Class: 4105K(5120K)->4105K(5120K)
[2020-08-12T19:01:00.538+0000][6][gc           ] GC(8) Pause Young (Normal) (G1 Evacuation Pause) 560M->46M(1024M) 299.903ms
[2020-08-12T19:01:00.538+0000][6][gc,cpu       ] GC(8) User=0.19s Sys=0.00s Real=0.30s
[2020-08-12T19:01:00.538+0000][6][safepoint    ] Safepoint "G1CollectForAllocation", Time since last: 213376038 ns, Reaching safepoint: 194548 ns, At safepoint: 300108065 ns, Total: 300302613 ns
[2020-08-12T19:01:01.539+0000][6][safepoint    ] Safepoint "Cleanup", Time since last: 1001287665 ns, Reaching safepoint: 259310 ns, At safepoint: 10687 ns, Total: 269997 ns
[2020-08-12T19:01:01.575+0000][6][gc,start     ] GC(9) Pause Young (Concurrent Start) (Metadata GC Threshold)
[2020-08-12T19:01:01.575+0000][6][gc,task      ] GC(9) Using 2 workers of 2 for evacuation
[2020-08-12T19:01:01.575+0000][6][gc,age       ] GC(9) Desired survivor size 13107200 bytes, new threshold 1 (max threshold 15)
[2020-08-12T19:01:02.028+0000][6][gc,age       ] GC(9) Age table with threshold 1 (max threshold 15)
[2020-08-12T19:01:02.028+0000][6][gc,age       ] GC(9) - age   1:     699056 bytes,     699056 total
[2020-08-12T19:01:02.028+0000][6][gc,mmu       ] GC(9) MMU target violated: 201.0ms (200.0ms/201.0ms)
[2020-08-12T19:01:02.029+0000][6][gc,phases    ] GC(9)   Pre Evacuate Collection Set: 0.7ms
[2020-08-12T19:01:02.029+0000][6][gc,phases    ] GC(9)   Merge Heap Roots: 0.3ms
[2020-08-12T19:01:02.029+0000][6][gc,phases    ] GC(9)   Evacuate Collection Set: 449.8ms
[2020-08-12T19:01:02.029+0000][6][gc,phases    ] GC(9)   Post Evacuate Collection Set: 2.4ms
[2020-08-12T19:01:02.029+0000][6][gc,phases    ] GC(9)   Other: 0.5ms
[2020-08-12T19:01:02.029+0000][6][gc,heap      ] GC(9) Eden regions: 15->0(315)
[2020-08-12T19:01:02.029+0000][6][gc,heap      ] GC(9) Survivor regions: 38->1(25)
[2020-08-12T19:01:02.029+0000][6][gc,heap      ] GC(9) Old regions: 7->44
[2020-08-12T19:01:02.029+0000][6][gc,heap      ] GC(9) Archive regions: 2->2
[2020-08-12T19:01:02.029+0000][6][gc,heap      ] GC(9) Humongous regions: 1->1
[2020-08-12T19:01:02.029+0000][6][gc,metaspace ] GC(9) Metaspace: 32703K(35840K)->32703K(35840K) NonClass: 28396K(30592K)->28396K(30592K) Class: 4307K(5248K)->4307K(5248K)
[2020-08-12T19:01:02.029+0000][6][gc           ] GC(9) Pause Young (Concurrent Start) (Metadata GC Threshold) 60M->46M(1024M) 453.915ms
[2020-08-12T19:01:02.029+0000][6][gc,cpu       ] GC(9) User=0.27s Sys=0.01s Real=0.45s
[2020-08-12T19:01:02.029+0000][6][safepoint    ] Safepoint "CollectForMetadataAllocation", Time since last: 34619677 ns, Reaching safepoint: 861905 ns, At safepoint: 454337538 ns, Total: 455199443 ns
[2020-08-12T19:01:02.029+0000][6][gc           ] GC(10) Concurrent Cycle
[2020-08-12T19:01:02.029+0000][6][gc,marking   ] GC(10) Concurrent Clear Claimed Marks
[2020-08-12T19:01:02.030+0000][6][gc,marking   ] GC(10) Concurrent Clear Claimed Marks 0.265ms
[2020-08-12T19:01:02.030+0000][6][gc,marking   ] GC(10) Concurrent Scan Root Regions
[2020-08-12T19:01:02.272+0000][6][safepoint    ] Safepoint "CollectForMetadataAllocation", Time since last: 234697353 ns, Reaching safepoint: 4513299 ns, At safepoint: 3726480 ns, Total: 8239779 ns
[2020-08-12T19:01:02.306+0000][6][gc,marking   ] GC(10) Concurrent Scan Root Regions 276.015ms
[2020-08-12T19:01:02.306+0000][6][gc,marking   ] GC(10) Concurrent Mark (68.066s)
[2020-08-12T19:01:02.306+0000][6][gc,marking   ] GC(10) Concurrent Mark From Roots
[2020-08-12T19:01:02.306+0000][6][gc,task      ] GC(10) Using 1 workers of 1 for marking
[2020-08-12T19:01:02.437+0000][6][gc,marking   ] GC(10) Concurrent Mark From Roots 131.505ms
[2020-08-12T19:01:02.437+0000][6][gc,marking   ] GC(10) Concurrent Preclean
[2020-08-12T19:01:02.438+0000][6][gc,marking   ] GC(10) Concurrent Preclean 0.242ms
[2020-08-12T19:01:02.438+0000][6][gc,marking   ] GC(10) Concurrent Mark (68.066s, 68.198s) 131.927ms
[2020-08-12T19:01:02.444+0000][6][gc,start     ] GC(10) Pause Remark
[2020-08-12T19:01:02.468+0000][6][gc           ] GC(10) Pause Remark 48M->48M(1024M) 24.170ms
[2020-08-12T19:01:02.468+0000][6][gc,cpu       ] GC(10) User=0.01s Sys=0.00s Real=0.02s
[2020-08-12T19:01:02.468+0000][6][safepoint    ] Safepoint "G1Concurrent", Time since last: 165588637 ns, Reaching safepoint: 6277458 ns, At safepoint: 24360478 ns, Total: 30637936 ns
[2020-08-12T19:01:02.468+0000][6][gc,marking   ] GC(10) Concurrent Rebuild Remembered Sets
[2020-08-12T19:01:02.784+0000][6][gc,marking   ] GC(10) Concurrent Rebuild Remembered Sets 315.437ms
[2020-08-12T19:01:02.789+0000][6][gc,start     ] GC(10) Pause Cleanup
[2020-08-12T19:01:02.789+0000][6][gc           ] GC(10) Pause Cleanup 49M->49M(1024M) 0.627ms
[2020-08-12T19:01:02.790+0000][6][gc,cpu       ] GC(10) User=0.00s Sys=0.00s Real=0.00s
[2020-08-12T19:01:02.790+0000][6][safepoint    ] Safepoint "G1Concurrent", Time since last: 315664732 ns, Reaching safepoint: 4704384 ns, At safepoint: 804756 ns, Total: 5509140 ns
[2020-08-12T19:01:02.790+0000][6][gc,marking   ] GC(10) Concurrent Cleanup for Next Mark
[2020-08-12T19:01:02.822+0000][6][gc,marking   ] GC(10) Concurrent Cleanup for Next Mark 32.807ms
[2020-08-12T19:01:02.823+0000][6][gc           ] GC(10) Concurrent Cycle 793.247ms
[2020-08-12T19:01:03.793+0000][6][safepoint    ] Safepoint "Cleanup", Time since last: 1001326164 ns, Reaching safepoint: 2250493 ns, At safepoint: 15987 ns, Total: 2266480 ns
[2020-08-12T19:01:04.798+0000][6][safepoint    ] Safepoint "Cleanup", Time since last: 1002738389 ns, Reaching safepoint: 2177707 ns, At safepoint: 22900 ns, Total: 2200607 ns
[2020-08-12T19:01:05.798+0000][6][safepoint    ] Safepoint "Cleanup", Time since last: 1000183898 ns, Reaching safepoint: 170286 ns, At safepoint: 9313 ns, Total: 179599 ns
[2020-08-12T19:01:06.800+0000][6][safepoint    ] Safepoint "Cleanup", Time since last: 1000421872 ns, Reaching safepoint: 647057 ns, At safepoint: 14762 ns, Total: 661819 ns
[2020-08-12T19:01:07.802+0000][6][safepoint    ] Safepoint "Cleanup", Time since last: 1000190224 ns, Reaching safepoint: 2274493 ns, At safepoint: 15162 ns, Total: 2289655 ns
[2020-08-12T19:01:09.585+0000][6][safepoint    ] Safepoint "Cleanup", Time since last: 1780861576 ns, Reaching safepoint: 2312592 ns, At safepoint: 19413 ns, Total: 2332005 ns
[2020-08-12T19:01:10.588+0000][6][safepoint    ] Safepoint "Cleanup", Time since last: 1001643748 ns, Reaching safepoint: 722294 ns, At safepoint: 15350 ns, Total: 737644 ns
[2020-08-12T19:01:11.590+0000][6][safepoint    ] Safepoint "Cleanup", Time since last: 1000207911 ns, Reaching safepoint: 2273168 ns, At safepoint: 16050 ns, Total: 2289218 ns
[2020-08-12T19:01:12.594+0000][6][safepoint    ] Safepoint "Cleanup", Time since last: 1000216099 ns, Reaching safepoint: 3420358 ns, At safepoint: 20775 ns, Total: 3441133 ns
[2020-08-12T19:01:13.598+0000][6][safepoint    ] Safepoint "Cleanup", Time since last: 1004152989 ns, Reaching safepoint: 544458 ns, At safepoint: 12337 ns, Total: 556795 ns
[2020-08-12T19:01:14.599+0000][6][safepoint    ] Safepoint "Cleanup", Time since last: 1000189162 ns, Reaching safepoint: 204660 ns, At safepoint: 9063 ns, Total: 213723 ns
[2020-08-12T19:01:15.601+0000][6][safepoint    ] Safepoint "Cleanup", Time since last: 1000192811 ns, Reaching safepoint: 2311855 ns, At safepoint: 13800 ns, Total: 2325655 ns
[2020-08-12T19:01:16.764+0000][6][safepoint    ] Safepoint "Cleanup", Time since last: 1162265328 ns, Reaching safepoint: 360335 ns, At safepoint: 11625 ns, Total: 371960 ns
[2020-08-12T19:01:19.476+0000][6][safepoint    ] Safepoint "Cleanup", Time since last: 2700133283 ns, Reaching safepoint: 11902123 ns, At safepoint: 22600 ns, Total: 11924723 ns
[2020-08-12T19:01:20.490+0000][6][safepoint    ] Safepoint "Cleanup", Time since last: 1013692070 ns, Reaching safepoint: 184861 ns, At safepoint: 9137 ns, Total: 193998 ns
[2020-08-12T19:01:21.496+0000][6][safepoint    ] Safepoint "Cleanup", Time since last: 1000208911 ns, Reaching safepoint: 5586115 ns, At safepoint: 16437 ns, Total: 5602552 ns
[2020-08-12T19:01:22.498+0000][6][safepoint    ] Safepoint "Cleanup", Time since last: 1002248231 ns, Reaching safepoint: 177899 ns, At safepoint: 9412 ns, Total: 187311 ns
[2020-08-12T19:01:24.005+0000][6][safepoint    ] Safepoint "Cleanup", Time since last: 1505694958 ns, Reaching safepoint: 1022179 ns, At safepoint: 13399 ns, Total: 1035578 ns
[2020-08-12T19:01:25.012+0000][6][safepoint    ] Safepoint "Cleanup", Time since last: 1002941238 ns, Reaching safepoint: 4316763 ns, At safepoint: 19362 ns, Total: 4336125 ns
[2020-08-12T19:01:25.845+0000][6][safepoint    ] Safepoint "BulkRevokeBias", Time since last: 832438619 ns, Reaching safepoint: 155861 ns, At safepoint: 192448 ns, Total: 348309 ns
[2020-08-12T19:01:25.867+0000][6][safepoint    ] Safepoint "BulkRevokeBias", Time since last: 21697113 ns, Reaching safepoint: 139224 ns, At safepoint: 221286 ns, Total: 360510 ns
[2020-08-12T19:01:25.882+0000][6][safepoint    ] Safepoint "BulkRevokeBias", Time since last: 14902746 ns, Reaching safepoint: 134274 ns, At safepoint: 204773 ns, Total: 339047 ns
[2020-08-12T19:01:25.900+0000][6][safepoint    ] Safepoint "BulkRevokeBias", Time since last: 13756632 ns, Reaching safepoint: 3051749 ns, At safepoint: 863842 ns, Total: 3915591 ns
[2020-08-12T19:01:26.500+0000][6][gc,start     ] GC(11) Pause Young (Concurrent Start) (Metadata GC Threshold)
[2020-08-12T19:01:26.500+0000][6][gc,task      ] GC(11) Using 2 workers of 2 for evacuation
[2020-08-12T19:01:26.500+0000][6][gc,age       ] GC(11) Desired survivor size 22020096 bytes, new threshold 15 (max threshold 15)
[2020-08-12T19:01:26.626+0000][6][gc,age       ] GC(11) Age table with threshold 15 (max threshold 15)
[2020-08-12T19:01:26.626+0000][6][gc,age       ] GC(11) - age   1:   10370048 bytes,   10370048 total
[2020-08-12T19:01:26.626+0000][6][gc,age       ] GC(11) - age   2:     649360 bytes,   11019408 total
[2020-08-12T19:01:26.626+0000][6][gc,phases    ] GC(11)   Pre Evacuate Collection Set: 1.0ms
[2020-08-12T19:01:26.626+0000][6][gc,phases    ] GC(11)   Merge Heap Roots: 0.7ms
[2020-08-12T19:01:26.626+0000][6][gc,phases    ] GC(11)   Evacuate Collection Set: 117.7ms
[2020-08-12T19:01:26.626+0000][6][gc,phases    ] GC(11)   Post Evacuate Collection Set: 6.4ms
[2020-08-12T19:01:26.626+0000][6][gc,phases    ] GC(11)   Other: 0.6ms
[2020-08-12T19:01:26.626+0000][6][gc,heap      ] GC(11) Eden regions: 289->0(87)
[2020-08-12T19:01:26.626+0000][6][gc,heap      ] GC(11) Survivor regions: 1->11(42)
[2020-08-12T19:01:26.626+0000][6][gc,heap      ] GC(11) Old regions: 44->44
[2020-08-12T19:01:26.626+0000][6][gc,heap      ] GC(11) Archive regions: 2->2
[2020-08-12T19:01:26.626+0000][6][gc,heap      ] GC(11) Humongous regions: 1->1
[2020-08-12T19:01:26.626+0000][6][gc,metaspace ] GC(11) Metaspace: 55324K(60500K)->55324K(60500K) NonClass: 47845K(51028K)->47845K(51028K) Class: 7478K(9472K)->7478K(9472K)
[2020-08-12T19:01:26.626+0000][6][gc           ] GC(11) Pause Young (Concurrent Start) (Metadata GC Threshold) 335M->56M(1024M) 126.595ms
[2020-08-12T19:01:26.626+0000][6][gc,cpu       ] GC(11) User=0.07s Sys=0.00s Real=0.13s
[2020-08-12T19:01:26.627+0000][6][safepoint    ] Safepoint "CollectForMetadataAllocation", Time since last: 597711915 ns, Reaching safepoint: 1785097 ns, At safepoint: 127182330 ns, Total: 128967427 ns
[2020-08-12T19:01:26.627+0000][6][gc           ] GC(12) Concurrent Cycle
[2020-08-12T19:01:26.627+0000][6][gc,marking   ] GC(12) Concurrent Clear Claimed Marks
[2020-08-12T19:01:26.627+0000][6][gc,marking   ] GC(12) Concurrent Clear Claimed Marks 0.574ms
[2020-08-12T19:01:26.627+0000][6][gc,marking   ] GC(12) Concurrent Scan Root Regions
[2020-08-12T19:01:26.749+0000][6][gc,marking   ] GC(12) Concurrent Scan Root Regions 121.691ms
[2020-08-12T19:01:26.749+0000][6][gc,marking   ] GC(12) Concurrent Mark (92.509s)
[2020-08-12T19:01:26.749+0000][6][gc,marking   ] GC(12) Concurrent Mark From Roots
[2020-08-12T19:01:26.749+0000][6][gc,task      ] GC(12) Using 1 workers of 1 for marking
[2020-08-12T19:01:26.922+0000][6][safepoint    ] Safepoint "CollectForMetadataAllocation", Time since last: 292983202 ns, Reaching safepoint: 1512799 ns, At safepoint: 397747 ns, Total: 1910546 ns
[2020-08-12T19:01:27.469+0000][6][safepoint    ] Safepoint "CollectForMetadataAllocation", Time since last: 542379892 ns, Reaching safepoint: 4770346 ns, At safepoint: 453109 ns, Total: 5223455 ns
[2020-08-12T19:01:27.683+0000][6][gc,marking   ] GC(12) Concurrent Mark From Roots 933.731ms
[2020-08-12T19:01:27.683+0000][6][gc,marking   ] GC(12) Concurrent Preclean
[2020-08-12T19:01:27.683+0000][6][gc,marking   ] GC(12) Concurrent Preclean 0.333ms
[2020-08-12T19:01:27.683+0000][6][gc,marking   ] GC(12) Concurrent Mark (92.509s, 93.443s) 934.238ms
[2020-08-12T19:01:27.689+0000][6][gc,start     ] GC(12) Pause Remark
[2020-08-12T19:01:27.731+0000][6][gc           ] GC(12) Pause Remark 71M->71M(1024M) 41.789ms
[2020-08-12T19:01:27.731+0000][6][gc,cpu       ] GC(12) User=0.02s Sys=0.00s Real=0.04s
[2020-08-12T19:01:27.731+0000][6][safepoint    ] Safepoint "G1Concurrent", Time since last: 217752849 ns, Reaching safepoint: 2168344 ns, At safepoint: 41984513 ns, Total: 44152857 ns
[2020-08-12T19:01:27.731+0000][6][gc,marking   ] GC(12) Concurrent Rebuild Remembered Sets
[2020-08-12T19:01:28.256+0000][6][gc,marking   ] GC(12) Concurrent Rebuild Remembered Sets 524.780ms
[2020-08-12T19:01:28.266+0000][6][gc,start     ] GC(12) Pause Cleanup
[2020-08-12T19:01:28.266+0000][6][gc           ] GC(12) Pause Cleanup 85M->85M(1024M) 0.684ms
[2020-08-12T19:01:28.267+0000][6][gc,cpu       ] GC(12) User=0.01s Sys=0.00s Real=0.00s
[2020-08-12T19:01:28.267+0000][6][safepoint    ] Safepoint "G1Concurrent", Time since last: 526896500 ns, Reaching safepoint: 7690747 ns, At safepoint: 892404 ns, Total: 8583151 ns
[2020-08-12T19:01:28.268+0000][6][gc,marking   ] GC(12) Concurrent Cleanup for Next Mark
[2020-08-12T19:01:28.292+0000][6][gc,marking   ] GC(12) Concurrent Cleanup for Next Mark 24.375ms
[2020-08-12T19:01:28.292+0000][6][gc           ] GC(12) Concurrent Cycle 1665.316ms
[2020-08-12T19:01:30.120+0000][6][safepoint    ] Safepoint "Cleanup", Time since last: 1852213687 ns, Reaching safepoint: 1576873 ns, At safepoint: 18813 ns, Total: 1595686 ns
[2020-08-12T19:01:30.153+0000][6][safepoint    ] Safepoint "BulkRevokeBias", Time since last: 30649473 ns, Reaching safepoint: 849581 ns, At safepoint: 898367 ns, Total: 1747948 ns
[2020-08-12T19:01:31.785+0000][6][gc,start     ] GC(13) Pause Young (Concurrent Start) (G1 Evacuation Pause)
[2020-08-12T19:01:31.785+0000][6][gc,task      ] GC(13) Using 2 workers of 2 for evacuation
[2020-08-12T19:01:31.785+0000][6][gc,age       ] GC(13) Desired survivor size 6815744 bytes, new threshold 1 (max threshold 15)
[2020-08-12T19:01:31.891+0000][6][gc,age       ] GC(13) Age table with threshold 1 (max threshold 15)
[2020-08-12T19:01:31.891+0000][6][gc,age       ] GC(13) - age   1:    1242064 bytes,    1242064 total
[2020-08-12T19:01:31.891+0000][6][gc,phases    ] GC(13)   Pre Evacuate Collection Set: 1.0ms
[2020-08-12T19:01:31.891+0000][6][gc,phases    ] GC(13)   Merge Heap Roots: 0.5ms
[2020-08-12T19:01:31.891+0000][6][gc,phases    ] GC(13)   Evacuate Collection Set: 95.1ms
[2020-08-12T19:01:31.891+0000][6][gc,phases    ] GC(13)   Post Evacuate Collection Set: 8.5ms
[2020-08-12T19:01:31.891+0000][6][gc,phases    ] GC(13)   Other: 0.6ms
[2020-08-12T19:01:31.891+0000][6][gc,heap      ] GC(13) Eden regions: 87->0(334)
[2020-08-12T19:01:31.891+0000][6][gc,heap      ] GC(13) Survivor regions: 11->2(13)
[2020-08-12T19:01:31.891+0000][6][gc,heap      ] GC(13) Old regions: 44->55
[2020-08-12T19:01:31.891+0000][6][gc,heap      ] GC(13) Archive regions: 2->2
[2020-08-12T19:01:31.891+0000][6][gc,heap      ] GC(13) Humongous regions: 1->1
[2020-08-12T19:01:31.891+0000][6][gc,metaspace ] GC(13) Metaspace: 60546K(66132K)->60546K(66132K) NonClass: 52183K(55636K)->52183K(55636K) Class: 8362K(10496K)->8362K(10496K)
[2020-08-12T19:01:31.891+0000][6][gc           ] GC(13) Pause Young (Concurrent Start) (G1 Evacuation Pause) 143M->57M(1024M) 105.971ms
[2020-08-12T19:01:31.891+0000][6][gc,cpu       ] GC(13) User=0.07s Sys=0.00s Real=0.10s
[2020-08-12T19:01:31.891+0000][6][safepoint    ] Safepoint "G1CollectForAllocation", Time since last: 1625797436 ns, Reaching safepoint: 6665643 ns, At safepoint: 106175223 ns, Total: 112840866 ns
[2020-08-12T19:01:31.891+0000][6][gc           ] GC(14) Concurrent Cycle
[2020-08-12T19:01:31.892+0000][6][gc,marking   ] GC(14) Concurrent Clear Claimed Marks
[2020-08-12T19:01:31.892+0000][6][gc,marking   ] GC(14) Concurrent Clear Claimed Marks 0.637ms
[2020-08-12T19:01:31.892+0000][6][gc,marking   ] GC(14) Concurrent Scan Root Regions
[2020-08-12T19:01:31.980+0000][6][gc,marking   ] GC(14) Concurrent Scan Root Regions 87.635ms
[2020-08-12T19:01:31.980+0000][6][gc,marking   ] GC(14) Concurrent Mark (97.740s)
[2020-08-12T19:01:31.980+0000][6][gc,marking   ] GC(14) Concurrent Mark From Roots
[2020-08-12T19:01:31.980+0000][6][gc,task      ] GC(14) Using 1 workers of 1 for marking
[2020-08-12T19:01:32.823+0000][6][gc,marking   ] GC(14) Concurrent Mark From Roots 842.880ms
[2020-08-12T19:01:32.823+0000][6][gc,marking   ] GC(14) Concurrent Preclean
[2020-08-12T19:01:32.824+0000][6][gc,marking   ] GC(14) Concurrent Preclean 0.538ms
[2020-08-12T19:01:32.824+0000][6][gc,marking   ] GC(14) Concurrent Mark (97.740s, 98.584s) 843.605ms
[2020-08-12T19:01:32.829+0000][6][gc,start     ] GC(14) Pause Remark
[2020-08-12T19:01:32.873+0000][6][gc           ] GC(14) Pause Remark 69M->69M(1024M) 43.486ms
[2020-08-12T19:01:32.873+0000][6][gc,cpu       ] GC(14) User=0.02s Sys=0.00s Real=0.04s
[2020-08-12T19:01:32.873+0000][6][safepoint    ] Safepoint "G1Concurrent", Time since last: 934555901 ns, Reaching safepoint: 3115286 ns, At safepoint: 43673799 ns, Total: 46789085 ns
[2020-08-12T19:01:32.875+0000][6][gc,marking   ] GC(14) Concurrent Rebuild Remembered Sets
[2020-08-12T19:01:33.909+0000][6][safepoint    ] Safepoint "Cleanup", Time since last: 1031172032 ns, Reaching safepoint: 4555835 ns, At safepoint: 98700 ns, Total: 4654535 ns
[2020-08-12T19:01:33.989+0000][6][gc,marking   ] GC(14) Concurrent Rebuild Remembered Sets 1114.002ms
[2020-08-12T19:01:34.002+0000][6][gc,start     ] GC(14) Pause Cleanup
[2020-08-12T19:01:34.003+0000][6][gc           ] GC(14) Pause Cleanup 79M->79M(1024M) 1.430ms
[2020-08-12T19:01:34.003+0000][6][gc,cpu       ] GC(14) User=0.00s Sys=0.00s Real=0.00s
[2020-08-12T19:01:34.004+0000][6][safepoint    ] Safepoint "G1Concurrent", Time since last: 80504581 ns, Reaching safepoint: 12805440 ns, At safepoint: 1634649 ns, Total: 14440089 ns
[2020-08-12T19:01:34.004+0000][6][gc,marking   ] GC(14) Concurrent Cleanup for Next Mark
[2020-08-12T19:01:34.052+0000][6][gc,marking   ] GC(14) Concurrent Cleanup for Next Mark 48.022ms
[2020-08-12T19:01:34.052+0000][6][gc           ] GC(14) Concurrent Cycle 2160.620ms
[2020-08-12T19:01:35.008+0000][6][safepoint    ] Safepoint "Cleanup", Time since last: 1000140874 ns, Reaching safepoint: 4354262 ns, At safepoint: 20813 ns, Total: 4375075 ns
[2020-08-12T19:01:36.019+0000][6][safepoint    ] Safepoint "Cleanup", Time since last: 1000343960 ns, Reaching safepoint: 10897118 ns, At safepoint: 26000 ns, Total: 10923118 ns
[2020-08-12T19:01:37.031+0000][6][safepoint    ] Safepoint "Cleanup", Time since last: 1000186349 ns, Reaching safepoint: 11566600 ns, At safepoint: 33212 ns, Total: 11599812 ns
[2020-08-12T19:01:38.804+0000][6][safepoint    ] Safepoint "Cleanup", Time since last: 1764831189 ns, Reaching safepoint: 8201767 ns, At safepoint: 23462 ns, Total: 8225229 ns
[2020-08-12T19:01:39.805+0000][6][safepoint    ] Safepoint "Cleanup", Time since last: 1000181912 ns, Reaching safepoint: 381284 ns, At safepoint: 13462 ns, Total: 394746 ns
[2020-08-12T19:01:40.810+0000][6][safepoint    ] Safepoint "Cleanup", Time since last: 1005182594 ns, Reaching safepoint: 188873 ns, At safepoint: 15062 ns, Total: 203935 ns
[2020-08-12T19:01:41.877+0000][6][safepoint    ] Safepoint "Cleanup", Time since last: 1064541983 ns, Reaching safepoint: 2427891 ns, At safepoint: 17062 ns, Total: 2444953 ns
[2020-08-12T19:01:42.877+0000][6][safepoint    ] Safepoint "Cleanup", Time since last: 1000197474 ns, Reaching safepoint: 184111 ns, At safepoint: 9463 ns, Total: 193574 ns
[2020-08-12T19:01:44.637+0000][6][safepoint    ] Safepoint "Cleanup", Time since last: 1759515084 ns, Reaching safepoint: 182448 ns, At safepoint: 15325 ns, Total: 197773 ns
[2020-08-12T19:01:45.715+0000][6][safepoint    ] Safepoint "Cleanup", Time since last: 1077695569 ns, Reaching safepoint: 181636 ns, At safepoint: 9463 ns, Total: 191099 ns
[2020-08-12T19:01:46.867+0000][6][safepoint    ] Safepoint "Cleanup", Time since last: 1149329164 ns, Reaching safepoint: 2728351 ns, At safepoint: 23100 ns, Total: 2751451 ns
[2020-08-12T19:01:48.272+0000][6][safepoint    ] Safepoint "Cleanup", Time since last: 1404482505 ns, Reaching safepoint: 268247 ns, At safepoint: 9763 ns, Total: 278010 ns
[2020-08-12T19:01:49.277+0000][6][safepoint    ] Safepoint "Cleanup", Time since last: 1000180199 ns, Reaching safepoint: 4489061 ns, At safepoint: 22275 ns, Total: 4511336 ns
[2020-08-12T19:01:49.736+0000][6][safepoint    ] Safepoint "BulkRevokeBias", Time since last: 450716218 ns, Reaching safepoint: 4732485 ns, At safepoint: 3726855 ns, Total: 8459340 ns
[2020-08-12T19:01:50.628+0000][6][safepoint    ] Safepoint "BulkRevokeBias", Time since last: 835673903 ns, Reaching safepoint: 4764647 ns, At safepoint: 51344170 ns, Total: 56108817 ns
[2020-08-12T19:01:50.641+0000][6][safepoint    ] Safepoint "BulkRevokeBias", Time since last: 3669781 ns, Reaching safepoint: 7764758 ns, At safepoint: 2367605 ns, Total: 10132363 ns
[2020-08-12T19:01:50.659+0000][6][safepoint    ] Safepoint "BulkRevokeBias", Time since last: 12727490 ns, Reaching safepoint: 2355117 ns, At safepoint: 2925488 ns, Total: 5280605 ns
[2020-08-12T19:01:50.685+0000][6][safepoint    ] Safepoint "BulkRevokeBias", Time since last: 24718399 ns, Reaching safepoint: 265435 ns, At safepoint: 868393 ns, Total: 1133828 ns
[2020-08-12T19:01:51.712+0000][6][safepoint    ] Safepoint "Cleanup", Time since last: 1026418310 ns, Reaching safepoint: 369560 ns, At safepoint: 11400 ns, Total: 380960 ns
[2020-08-12T19:01:52.714+0000][6][safepoint    ] Safepoint "Cleanup", Time since last: 1002100069 ns, Reaching safepoint: 328460 ns, At safepoint: 10762 ns, Total: 339222 ns
[2020-08-12T19:01:53.847+0000][6][safepoint    ] Safepoint "BulkRevokeBias", Time since last: 1131416582 ns, Reaching safepoint: 457146 ns, At safepoint: 804605 ns, Total: 1261751 ns
[2020-08-12T19:01:53.920+0000][6][safepoint    ] Safepoint "BulkRevokeBias", Time since last: 71175087 ns, Reaching safepoint: 297998 ns, At safepoint: 1653498 ns, Total: 1951496 ns
[2020-08-12T19:01:55.050+0000][6][safepoint    ] Safepoint "Cleanup", Time since last: 1129631447 ns, Reaching safepoint: 459658 ns, At safepoint: 13413 ns, Total: 473071 ns
[2020-08-12T19:01:56.130+0000][6][safepoint    ] Safepoint "Cleanup", Time since last: 1078814534 ns, Reaching safepoint: 444971 ns, At safepoint: 14375 ns, Total: 459346 ns
[2020-08-12T19:01:57.149+0000][6][safepoint    ] Safepoint "Cleanup", Time since last: 1018984474 ns, Reaching safepoint: 417247 ns, At safepoint: 18925 ns, Total: 436172 ns
[2020-08-12T19:01:58.665+0000][6][safepoint    ] Safepoint "Cleanup", Time since last: 1514110610 ns, Reaching safepoint: 2085982 ns, At safepoint: 25537 ns, Total: 2111519 ns
[2020-08-12T19:01:59.611+0000][6][safepoint    ] Safepoint "BulkRevokeBias", Time since last: 943834334 ns, Reaching safepoint: 379922 ns, At safepoint: 1166628 ns, Total: 1546550 ns
[2020-08-12T19:02:00.825+0000][6][safepoint    ] Safepoint "Cleanup", Time since last: 1213490624 ns, Reaching safepoint: 304322 ns, At safepoint: 10938 ns, Total: 315260 ns
[2020-08-12T19:02:01.831+0000][6][safepoint    ] Safepoint "Cleanup", Time since last: 1001397476 ns, Reaching safepoint: 5237742 ns, At safepoint: 78224 ns, Total: 5315966 ns
[2020-08-12T19:02:02.931+0000][6][safepoint    ] Safepoint "Cleanup", Time since last: 1098944574 ns, Reaching safepoint: 421984 ns, At safepoint: 15012 ns, Total: 436996 ns
[2020-08-12T19:02:03.356+0000][6][gc,start     ] GC(15) Pause Young (Normal) (G1 Evacuation Pause)
[2020-08-12T19:02:03.356+0000][6][gc,task      ] GC(15) Using 2 workers of 2 for evacuation
[2020-08-12T19:02:03.356+0000][6][gc,age       ] GC(15) Desired survivor size 22544384 bytes, new threshold 15 (max threshold 15)
[2020-08-12T19:02:03.510+0000][6][gc,age       ] GC(15) Age table with threshold 15 (max threshold 15)
[2020-08-12T19:02:03.510+0000][6][gc,age       ] GC(15) - age   1:   14022936 bytes,   14022936 total
[2020-08-12T19:02:03.510+0000][6][gc,age       ] GC(15) - age   2:    1151088 bytes,   15174024 total
[2020-08-12T19:02:03.510+0000][6][gc,phases    ] GC(15)   Pre Evacuate Collection Set: 0.9ms
[2020-08-12T19:02:03.510+0000][6][gc,phases    ] GC(15)   Merge Heap Roots: 1.3ms
[2020-08-12T19:02:03.510+0000][6][gc,phases    ] GC(15)   Evacuate Collection Set: 141.4ms
[2020-08-12T19:02:03.510+0000][6][gc,phases    ] GC(15)   Post Evacuate Collection Set: 9.7ms
[2020-08-12T19:02:03.510+0000][6][gc,phases    ] GC(15)   Other: 0.6ms
[2020-08-12T19:02:03.510+0000][6][gc,heap      ] GC(15) Eden regions: 341->0(84)
[2020-08-12T19:02:03.510+0000][6][gc,heap      ] GC(15) Survivor regions: 2->15(43)
[2020-08-12T19:02:03.510+0000][6][gc,heap      ] GC(15) Old regions: 55->55
[2020-08-12T19:02:03.510+0000][6][gc,heap      ] GC(15) Archive regions: 2->2
[2020-08-12T19:02:03.510+0000][6][gc,heap      ] GC(15) Humongous regions: 7->7
[2020-08-12T19:02:03.510+0000][6][gc,metaspace ] GC(15) Metaspace: 89071K(96468K)->89071K(96468K) NonClass: 76838K(81236K)->76838K(81236K) Class: 12233K(15232K)->12233K(15232K)
[2020-08-12T19:02:03.510+0000][6][gc           ] GC(15) Pause Young (Normal) (G1 Evacuation Pause) 404M->76M(1024M) 154.241ms
[2020-08-12T19:02:03.510+0000][6][gc,cpu       ] GC(15) User=0.10s Sys=0.00s Real=0.15s
[2020-08-12T19:02:03.510+0000][6][safepoint    ] Safepoint "G1CollectForAllocation", Time since last: 424848691 ns, Reaching safepoint: 285660 ns, At safepoint: 154561894 ns, Total: 154847554 ns
[2020-08-12T19:02:04.935+0000][6][safepoint    ] Safepoint "Cleanup", Time since last: 1424384583 ns, Reaching safepoint: 471596 ns, At safepoint: 25325 ns, Total: 496921 ns
[2020-08-12T19:02:05.969+0000][6][safepoint    ] Safepoint "Cleanup", Time since last: 1032142961 ns, Reaching safepoint: 1940721 ns, At safepoint: 28237 ns, Total: 1968958 ns
[2020-08-12T19:02:06.809+0000][6][safepoint    ] Safepoint "BulkRevokeBias", Time since last: 837873709 ns, Reaching safepoint: 448097 ns, At safepoint: 973516 ns, Total: 1421613 ns
[2020-08-12T19:02:07.483+0000][6][gc,start     ] GC(16) Pause Young (Normal) (G1 Evacuation Pause)
[2020-08-12T19:02:07.483+0000][6][gc,task      ] GC(16) Using 2 workers of 2 for evacuation
[2020-08-12T19:02:07.483+0000][6][gc,age       ] GC(16) Desired survivor size 6815744 bytes, new threshold 1 (max threshold 15)
[2020-08-12T19:02:07.610+0000][6][gc,age       ] GC(16) Age table with threshold 1 (max threshold 15)
[2020-08-12T19:02:07.610+0000][6][gc,age       ] GC(16) - age   1:   11189320 bytes,   11189320 total
[2020-08-12T19:02:07.610+0000][6][gc,phases    ] GC(16)   Pre Evacuate Collection Set: 0.3ms
[2020-08-12T19:02:07.610+0000][6][gc,phases    ] GC(16)   Merge Heap Roots: 0.2ms
[2020-08-12T19:02:07.610+0000][6][gc,phases    ] GC(16)   Evacuate Collection Set: 120.2ms
[2020-08-12T19:02:07.610+0000][6][gc,phases    ] GC(16)   Post Evacuate Collection Set: 5.9ms
[2020-08-12T19:02:07.610+0000][6][gc,phases    ] GC(16)   Other: 0.5ms
[2020-08-12T19:02:07.610+0000][6][gc,heap      ] GC(16) Eden regions: 84->0(166)
[2020-08-12T19:02:07.610+0000][6][gc,heap      ] GC(16) Survivor regions: 15->11(13)
[2020-08-12T19:02:07.610+0000][6][gc,heap      ] GC(16) Old regions: 55->69
[2020-08-12T19:02:07.610+0000][6][gc,heap      ] GC(16) Archive regions: 2->2
[2020-08-12T19:02:07.610+0000][6][gc,heap      ] GC(16) Humongous regions: 7->7
[2020-08-12T19:02:07.610+0000][6][gc,metaspace ] GC(16) Metaspace: 90752K(98260K)->90752K(98260K) NonClass: 78322K(82772K)->78322K(82772K) Class: 12430K(15488K)->12430K(15488K)
[2020-08-12T19:02:07.610+0000][6][gc           ] GC(16) Pause Young (Normal) (G1 Evacuation Pause) 160M->87M(1024M) 127.461ms
[2020-08-12T19:02:07.611+0000][6][gc,cpu       ] GC(16) User=0.10s Sys=0.00s Real=0.13s
[2020-08-12T19:02:07.611+0000][6][safepoint    ] Safepoint "G1CollectForAllocation", Time since last: 673939621 ns, Reaching safepoint: 390359 ns, At safepoint: 127689088 ns, Total: 128079447 ns
[2020-08-12T19:02:08.657+0000][6][safepoint    ] Safepoint "Cleanup", Time since last: 1044928189 ns, Reaching safepoint: 967591 ns, At safepoint: 26225 ns, Total: 993816 ns
[2020-08-12T19:02:09.682+0000][6][safepoint    ] Safepoint "Cleanup", Time since last: 1024728475 ns, Reaching safepoint: 341610 ns, At safepoint: 11787 ns, Total: 353397 ns
[2020-08-12T19:02:10.472+0000][6][safepoint    ] Safepoint "ICBufferFull", Time since last: 788835219 ns, Reaching safepoint: 1510475 ns, At safepoint: 25662 ns, Total: 1536137 ns
[2020-08-12T19:02:12.003+0000][6][safepoint    ] Safepoint "Cleanup", Time since last: 1530276646 ns, Reaching safepoint: 574945 ns, At safepoint: 46700 ns, Total: 621645 ns
[2020-08-12T19:02:13.025+0000][6][safepoint    ] Safepoint "Cleanup", Time since last: 1021815462 ns, Reaching safepoint: 282935 ns, At safepoint: 12163 ns, Total: 295098 ns
[2020-08-12T19:02:14.025+0000][6][safepoint    ] Safepoint "Cleanup", Time since last: 1000185861 ns, Reaching safepoint: 264998 ns, At safepoint: 11275 ns, Total: 276273 ns
[2020-08-12T19:02:15.081+0000][6][safepoint    ] Safepoint "Cleanup", Time since last: 1046146440 ns, Reaching safepoint: 9188271 ns, At safepoint: 28712 ns, Total: 9216983 ns
[2020-08-12T19:02:16.107+0000][6][safepoint    ] Safepoint "Cleanup", Time since last: 1023146302 ns, Reaching safepoint: 3374383 ns, At safepoint: 22000 ns, Total: 3396383 ns
[2020-08-12T19:02:17.277+0000][6][safepoint    ] Safepoint "Cleanup", Time since last: 1169179418 ns, Reaching safepoint: 393697 ns, At safepoint: 11650 ns, Total: 405347 ns
[2020-08-12T19:02:18.720+0000][6][safepoint    ] Safepoint "Cleanup", Time since last: 1442367603 ns, Reaching safepoint: 293948 ns, At safepoint: 11262 ns, Total: 305210 ns
[2020-08-12T19:02:19.720+0000][6][safepoint    ] Safepoint "Cleanup", Time since last: 1000211274 ns, Reaching safepoint: 544295 ns, At safepoint: 12187 ns, Total: 556482 ns
[2020-08-12T19:02:21.069+0000][6][safepoint    ] Safepoint "Cleanup", Time since last: 1348563224 ns, Reaching safepoint: 284985 ns, At safepoint: 11912 ns, Total: 296897 ns
[2020-08-12T19:02:22.070+0000][6][safepoint    ] Safepoint "Cleanup", Time since last: 1000186524 ns, Reaching safepoint: 292998 ns, At safepoint: 11387 ns, Total: 304385 ns
[2020-08-12T19:02:23.070+0000][6][safepoint    ] Safepoint "Cleanup", Time since last: 1000173737 ns, Reaching safepoint: 270722 ns, At safepoint: 11063 ns, Total: 281785 ns
[2020-08-12T19:02:24.071+0000][6][safepoint    ] Safepoint "Cleanup", Time since last: 1000183611 ns, Reaching safepoint: 289610 ns, At safepoint: 11512 ns, Total: 301122 ns
[2020-08-12T19:02:25.324+0000][6][safepoint    ] Safepoint "Cleanup", Time since last: 1245229289 ns, Reaching safepoint: 8351753 ns, At safepoint: 24850 ns, Total: 8376603 ns
[2020-08-12T19:02:25.547+0000][6][gc,start     ] GC(17) Pause Young (Normal) (G1 Evacuation Pause)
[2020-08-12T19:02:25.547+0000][6][gc,task      ] GC(17) Using 2 workers of 2 for evacuation
[2020-08-12T19:02:25.547+0000][6][gc,age       ] GC(17) Desired survivor size 12058624 bytes, new threshold 15 (max threshold 15)
[2020-08-12T19:02:25.643+0000][6][gc,age       ] GC(17) Age table with threshold 15 (max threshold 15)
[2020-08-12T19:02:25.643+0000][6][gc,age       ] GC(17) - age   1:    5916912 bytes,    5916912 total
[2020-08-12T19:02:25.643+0000][6][gc,age       ] GC(17) - age   2:     476360 bytes,    6393272 total
[2020-08-12T19:02:25.643+0000][6][gc,phases    ] GC(17)   Pre Evacuate Collection Set: 0.5ms
[2020-08-12T19:02:25.643+0000][6][gc,phases    ] GC(17)   Merge Heap Roots: 0.2ms
[2020-08-12T19:02:25.643+0000][6][gc,phases    ] GC(17)   Evacuate Collection Set: 92.7ms
[2020-08-12T19:02:25.643+0000][6][gc,phases    ] GC(17)   Post Evacuate Collection Set: 2.1ms
[2020-08-12T19:02:25.643+0000][6][gc,phases    ] GC(17)   Other: 0.6ms
[2020-08-12T19:02:25.643+0000][6][gc,heap      ] GC(17) Eden regions: 166->0(429)
[2020-08-12T19:02:25.643+0000][6][gc,heap      ] GC(17) Survivor regions: 11->7(23)
[2020-08-12T19:02:25.643+0000][6][gc,heap      ] GC(17) Old regions: 69->69
[2020-08-12T19:02:25.643+0000][6][gc,heap      ] GC(17) Archive regions: 2->2
[2020-08-12T19:02:25.643+0000][6][gc,heap      ] GC(17) Humongous regions: 7->7
[2020-08-12T19:02:25.644+0000][6][gc,metaspace ] GC(17) Metaspace: 91588K(99412K)->91588K(99412K) NonClass: 79082K(83796K)->79082K(83796K) Class: 12506K(15616K)->12506K(15616K)
[2020-08-12T19:02:25.644+0000][6][gc           ] GC(17) Pause Young (Normal) (G1 Evacuation Pause) 253M->82M(1024M) 96.266ms
[2020-08-12T19:02:25.644+0000][6][gc,cpu       ] GC(17) User=0.07s Sys=0.00s Real=0.09s
[2020-08-12T19:02:25.644+0000][6][safepoint    ] Safepoint "G1CollectForAllocation", Time since last: 214768175 ns, Reaching safepoint: 8176692 ns, At safepoint: 96518544 ns, Total: 104695236 ns
[2020-08-12T19:02:27.207+0000][6][safepoint    ] Safepoint "Cleanup", Time since last: 1562774441 ns, Reaching safepoint: 284436 ns, At safepoint: 12199 ns, Total: 296635 ns
[2020-08-12T19:02:28.918+0000][6][safepoint    ] Safepoint "Cleanup", Time since last: 1710514944 ns, Reaching safepoint: 321210 ns, At safepoint: 13275 ns, Total: 334485 ns
[2020-08-12T19:02:29.919+0000][6][safepoint    ] Safepoint "Cleanup", Time since last: 1000178286 ns, Reaching safepoint: 932955 ns, At safepoint: 52149 ns, Total: 985104 ns
[2020-08-12T19:02:31.098+0000][6][safepoint    ] Safepoint "Cleanup", Time since last: 1178487739 ns, Reaching safepoint: 261110 ns, At safepoint: 11425 ns, Total: 272535 ns
[2020-08-12T19:02:32.098+0000][6][safepoint    ] Safepoint "Cleanup", Time since last: 1000172836 ns, Reaching safepoint: 338785 ns, At safepoint: 13962 ns, Total: 352747 ns
[2020-08-12T19:02:33.852+0000][6][safepoint    ] Safepoint "Cleanup", Time since last: 1753678223 ns, Reaching safepoint: 327859 ns, At safepoint: 12325 ns, Total: 340184 ns
[2020-08-12T19:02:34.853+0000][6][safepoint    ] Safepoint "Cleanup", Time since last: 1000172299 ns, Reaching safepoint: 270748 ns, At safepoint: 11575 ns, Total: 282323 ns
[2020-08-12T19:02:35.002+0000][6][safepoint    ] Safepoint "BulkRevokeBias", Time since last: 148355447 ns, Reaching safepoint: 345210 ns, At safepoint: 969066 ns, Total: 1314276 ns
[2020-08-12T19:02:36.347+0000][6][safepoint    ] Safepoint "Cleanup", Time since last: 1344100712 ns, Reaching safepoint: 308535 ns, At safepoint: 11663 ns, Total: 320198 ns
[2020-08-12T19:02:37.347+0000][6][safepoint    ] Safepoint "Cleanup", Time since last: 1000196173 ns, Reaching safepoint: 293260 ns, At safepoint: 11425 ns, Total: 304685 ns
[2020-08-12T19:02:38.348+0000][6][safepoint    ] Safepoint "Cleanup", Time since last: 1000184174 ns, Reaching safepoint: 271023 ns, At safepoint: 11400 ns, Total: 282423 ns
[2020-08-12T19:02:39.348+0000][6][safepoint    ] Safepoint "Cleanup", Time since last: 1000187398 ns, Reaching safepoint: 302823 ns, At safepoint: 12175 ns, Total: 314998 ns
[2020-08-12T19:02:40.349+0000][6][safepoint    ] Safepoint "Cleanup", Time since last: 1000172774 ns, Reaching safepoint: 327772 ns, At safepoint: 15200 ns, Total: 342972 ns
[2020-08-12T19:02:41.349+0000][6][safepoint    ] Safepoint "Cleanup", Time since last: 1000238648 ns, Reaching safepoint: 382584 ns, At safepoint: 15650 ns, Total: 398234 ns
[2020-08-12T19:02:42.351+0000][6][safepoint    ] Safepoint "Cleanup", Time since last: 1001249515 ns, Reaching safepoint: 265460 ns, At safepoint: 11013 ns, Total: 276473 ns
[2020-08-12T19:02:43.351+0000][6][safepoint    ] Safepoint "Cleanup", Time since last: 1000191586 ns, Reaching safepoint: 272210 ns, At safepoint: 11725 ns, Total: 283935 ns
[2020-08-12T19:02:44.352+0000][6][safepoint    ] Safepoint "Cleanup", Time since last: 1000220124 ns, Reaching safepoint: 265922 ns, At safepoint: 11638 ns, Total: 277560 ns
[2020-08-12T19:02:46.290+0000][6][safepoint    ] Safepoint "Cleanup", Time since last: 1937964847 ns, Reaching safepoint: 421197 ns, At safepoint: 17187 ns, Total: 438384 ns
[2020-08-12T19:02:47.291+0000][6][safepoint    ] Safepoint "Cleanup", Time since last: 1000195336 ns, Reaching safepoint: 264536 ns, At safepoint: 11274 ns, Total: 275810 ns
[2020-08-12T19:02:48.291+0000][6][safepoint    ] Safepoint "Cleanup", Time since last: 1000169999 ns, Reaching safepoint: 283123 ns, At safepoint: 11100 ns, Total: 294223 ns
[2020-08-12T19:02:49.292+0000][6][safepoint    ] Safepoint "Cleanup", Time since last: 1000173936 ns, Reaching safepoint: 275285 ns, At safepoint: 11500 ns, Total: 286785 ns
[2020-08-12T19:02:50.525+0000][6][safepoint    ] Safepoint "Cleanup", Time since last: 1233446478 ns, Reaching safepoint: 279772 ns, At safepoint: 19450 ns, Total: 299222 ns
[2020-08-12T19:02:51.548+0000][6][safepoint    ] Safepoint "Cleanup", Time since last: 1022560757 ns, Reaching safepoint: 364034 ns, At safepoint: 18662 ns, Total: 382696 ns
[2020-08-12T19:02:52.549+0000][6][safepoint    ] Safepoint "Cleanup", Time since last: 1000198174 ns, Reaching safepoint: 265135 ns, At safepoint: 12088 ns, Total: 277223 ns
[2020-08-12T19:02:53.549+0000][6][safepoint    ] Safepoint "Cleanup", Time since last: 1000204973 ns, Reaching safepoint: 258648 ns, At safepoint: 11237 ns, Total: 269885 ns
[2020-08-12T19:02:54.550+0000][6][safepoint    ] Safepoint "Cleanup", Time since last: 1000190237 ns, Reaching safepoint: 258773 ns, At safepoint: 11599 ns, Total: 270372 ns
[2020-08-12T19:02:56.142+0000][6][safepoint    ] Safepoint "Cleanup", Time since last: 1591882591 ns, Reaching safepoint: 305985 ns, At safepoint: 12012 ns, Total: 317997 ns
[2020-08-12T19:02:57.142+0000][6][safepoint    ] Safepoint "Cleanup", Time since last: 1000143362 ns, Reaching safepoint: 240311 ns, At safepoint: 11037 ns, Total: 251348 ns
[2020-08-12T19:02:58.143+0000][6][safepoint    ] Safepoint "Cleanup", Time since last: 1000289298 ns, Reaching safepoint: 256823 ns, At safepoint: 11025 ns, Total: 267848 ns
[2020-08-12T19:02:59.143+0000][6][safepoint    ] Safepoint "Cleanup", Time since last: 1000210286 ns, Reaching safepoint: 258835 ns, At safepoint: 11475 ns, Total: 270310 ns
[2020-08-12T19:03:00.144+0000][6][safepoint    ] Safepoint "Cleanup", Time since last: 1000194036 ns, Reaching safepoint: 260323 ns, At safepoint: 11450 ns, Total: 271773 ns
[2020-08-12T19:03:01.144+0000][6][safepoint    ] Safepoint "Cleanup", Time since last: 1000220386 ns, Reaching safepoint: 249573 ns, At safepoint: 11112 ns, Total: 260685 ns
[2020-08-12T19:03:02.145+0000][6][safepoint    ] Safepoint "Cleanup", Time since last: 1000176312 ns, Reaching safepoint: 429033 ns, At safepoint: 14450 ns, Total: 443483 ns
[2020-08-12T19:03:03.145+0000][6][safepoint    ] Safepoint "Cleanup", Time since last: 1000192737 ns, Reaching safepoint: 300035 ns, At safepoint: 23212 ns, Total: 323247 ns
[2020-08-12T19:03:04.146+0000][6][safepoint    ] Safepoint "Cleanup", Time since last: 1000307098 ns, Reaching safepoint: 268522 ns, At safepoint: 11100 ns, Total: 279622 ns
[2020-08-12T19:03:05.210+0000][6][safepoint    ] Safepoint "Cleanup", Time since last: 1061832393 ns, Reaching safepoint: 2443392 ns, At safepoint: 24012 ns, Total: 2467404 ns
[2020-08-12T19:03:06.211+0000][6][safepoint    ] Safepoint "Cleanup", Time since last: 1000240761 ns, Reaching safepoint: 266160 ns, At safepoint: 11412 ns, Total: 277572 ns
[2020-08-12T19:03:07.211+0000][6][safepoint    ] Safepoint "Cleanup", Time since last: 1000207374 ns, Reaching safepoint: 266798 ns, At safepoint: 17750 ns, Total: 284548 ns
[2020-08-12T19:03:08.212+0000][6][safepoint    ] Safepoint "Cleanup", Time since last: 1000197648 ns, Reaching safepoint: 267436 ns, At safepoint: 17562 ns, Total: 284998 ns
[2020-08-12T19:03:09.212+0000][6][safepoint    ] Safepoint "Cleanup", Time since last: 1000241011 ns, Reaching safepoint: 273085 ns, At safepoint: 17387 ns, Total: 290472 ns
[2020-08-12T19:03:10.643+0000][6][safepoint    ] Safepoint "Cleanup", Time since last: 1430639405 ns, Reaching safepoint: 338584 ns, At safepoint: 18263 ns, Total: 356847 ns
[2020-08-12T19:03:11.796+0000][6][safepoint    ] Safepoint "Cleanup", Time since last: 1151903267 ns, Reaching safepoint: 332109 ns, At safepoint: 22800 ns, Total: 354909 ns
[2020-08-12T19:03:12.796+0000][6][safepoint    ] Safepoint "Cleanup", Time since last: 1000188162 ns, Reaching safepoint: 346884 ns, At safepoint: 15913 ns, Total: 362797 ns
[2020-08-12T19:03:13.797+0000][6][safepoint    ] Safepoint "Cleanup", Time since last: 1000202373 ns, Reaching safepoint: 248773 ns, At safepoint: 11075 ns, Total: 259848 ns
[2020-08-12T19:03:14.797+0000][6][safepoint    ] Safepoint "Cleanup", Time since last: 1000187474 ns, Reaching safepoint: 593945 ns, At safepoint: 34724 ns, Total: 628669 ns
[2020-08-12T19:03:16.242+0000][6][safepoint    ] Safepoint "Cleanup", Time since last: 1444311799 ns, Reaching safepoint: 580095 ns, At safepoint: 23413 ns, Total: 603508 ns
[2020-08-12T19:03:17.243+0000][6][safepoint    ] Safepoint "Cleanup", Time since last: 1000227286 ns, Reaching safepoint: 547295 ns, At safepoint: 25800 ns, Total: 573095 ns
[2020-08-12T19:03:18.244+0000][6][safepoint    ] Safepoint "Cleanup", Time since last: 1000235523 ns, Reaching safepoint: 417234 ns, At safepoint: 22162 ns, Total: 439396 ns
[2020-08-12T19:03:19.244+0000][6][safepoint    ] Safepoint "Cleanup", Time since last: 1000274574 ns, Reaching safepoint: 254122 ns, At safepoint: 10963 ns, Total: 265085 ns
[2020-08-12T19:03:20.245+0000][6][safepoint    ] Safepoint "Cleanup", Time since last: 1000167024 ns, Reaching safepoint: 266448 ns, At safepoint: 12012 ns, Total: 278460 ns
[2020-08-12T19:03:21.245+0000][6][safepoint    ] Safepoint "Cleanup", Time since last: 1000224136 ns, Reaching safepoint: 471758 ns, At safepoint: 21900 ns, Total: 493658 ns
[2020-08-12T19:03:22.246+0000][6][safepoint    ] Safepoint "Cleanup", Time since last: 1000217561 ns, Reaching safepoint: 283698 ns, At safepoint: 12037 ns, Total: 295735 ns
[2020-08-12T19:03:23.272+0000][6][safepoint    ] Safepoint "Cleanup", Time since last: 1000229449 ns, Reaching safepoint: 25931639 ns, At safepoint: 38537 ns, Total: 25970176 ns
[2020-08-12T19:03:24.273+0000][6][safepoint    ] Safepoint "Cleanup", Time since last: 1000211949 ns, Reaching safepoint: 236310 ns, At safepoint: 12012 ns, Total: 248322 ns
[2020-08-12T19:03:25.303+0000][6][safepoint    ] Safepoint "Cleanup", Time since last: 1005234906 ns, Reaching safepoint: 24779812 ns, At safepoint: 27124 ns, Total: 24806936 ns
[2020-08-12T19:03:26.304+0000][6][safepoint    ] Safepoint "Cleanup", Time since last: 1000290998 ns, Reaching safepoint: 561920 ns, At safepoint: 25725 ns, Total: 587645 ns
[2020-08-12T19:03:27.304+0000][6][safepoint    ] Safepoint "Cleanup", Time since last: 1000331973 ns, Reaching safepoint: 301722 ns, At safepoint: 21125 ns, Total: 322847 ns
[2020-08-12T19:03:28.305+0000][6][safepoint    ] Safepoint "Cleanup", Time since last: 1000216624 ns, Reaching safepoint: 346572 ns, At safepoint: 16237 ns, Total: 362809 ns
[2020-08-12T19:03:29.305+0000][6][safepoint    ] Safepoint "Cleanup", Time since last: 1000249623 ns, Reaching safepoint: 375672 ns, At safepoint: 19100 ns, Total: 394772 ns
[2020-08-12T19:03:31.075+0000][6][safepoint    ] Safepoint "Cleanup", Time since last: 1769446611 ns, Reaching safepoint: 407584 ns, At safepoint: 16963 ns, Total: 424547 ns
[2020-08-12T19:03:32.076+0000][6][safepoint    ] Safepoint "Cleanup", Time since last: 1000238223 ns, Reaching safepoint: 840405 ns, At safepoint: 63675 ns, Total: 904080 ns
[2020-08-12T19:03:33.077+0000][6][safepoint    ] Safepoint "Cleanup", Time since last: 1000310098 ns, Reaching safepoint: 282672 ns, At safepoint: 11450 ns, Total: 294122 ns
[2020-08-12T19:03:34.078+0000][6][safepoint    ] Safepoint "Cleanup", Time since last: 1000213374 ns, Reaching safepoint: 271422 ns, At safepoint: 11438 ns, Total: 282860 ns
[2020-08-12T19:03:35.482+0000][6][safepoint    ] Safepoint "Cleanup", Time since last: 1354897119 ns, Reaching safepoint: 49872145 ns, At safepoint: 29488 ns, Total: 49901633 ns
[2020-08-12T19:03:36.483+0000][6][safepoint    ] Safepoint "Cleanup", Time since last: 1000256460 ns, Reaching safepoint: 341635 ns, At safepoint: 11987 ns, Total: 353622 ns
[2020-08-12T19:03:37.483+0000][6][safepoint    ] Safepoint "Cleanup", Time since last: 1000149149 ns, Reaching safepoint: 251286 ns, At safepoint: 11275 ns, Total: 262561 ns
[2020-08-12T19:03:38.484+0000][6][safepoint    ] Safepoint "Cleanup", Time since last: 1000185949 ns, Reaching safepoint: 251522 ns, At safepoint: 47162 ns, Total: 298684 ns
[2020-08-12T19:03:39.516+0000][6][safepoint    ] Safepoint "Cleanup", Time since last: 1000169199 ns, Reaching safepoint: 32258060 ns, At safepoint: 40000 ns, Total: 32298060 ns
[2020-08-12T19:03:40.517+0000][6][safepoint    ] Safepoint "Cleanup", Time since last: 1000184436 ns, Reaching safepoint: 275798 ns, At safepoint: 11237 ns, Total: 287035 ns
[2020-08-12T19:03:41.556+0000][6][safepoint    ] Safepoint "Cleanup", Time since last: 1000179099 ns, Reaching safepoint: 38527381 ns, At safepoint: 21987 ns, Total: 38549368 ns
[2020-08-12T19:03:42.556+0000][6][safepoint    ] Safepoint "Cleanup", Time since last: 1000167324 ns, Reaching safepoint: 397297 ns, At safepoint: 16387 ns, Total: 413684 ns
[2020-08-12T19:03:43.557+0000][6][safepoint    ] Safepoint "Cleanup", Time since last: 1000208086 ns, Reaching safepoint: 260423 ns, At safepoint: 11525 ns, Total: 271948 ns
[2020-08-12T19:03:44.557+0000][6][safepoint    ] Safepoint "Cleanup", Time since last: 1000175561 ns, Reaching safepoint: 416984 ns, At safepoint: 24100 ns, Total: 441084 ns
[2020-08-12T19:03:47.109+0000][6][safepoint    ] Safepoint "Cleanup", Time since last: 1516657339 ns, Reaching safepoint: 1034370717 ns, At safepoint: 969416 ns, Total: 1035340133 ns
[2020-08-12T19:03:48.247+0000][6][safepoint    ] Safepoint "Cleanup", Time since last: 1000479172 ns, Reaching safepoint: 136707310 ns, At safepoint: 78474 ns, Total: 136785784 ns
[2020-08-12T19:03:49.447+0000][6][safepoint    ] Safepoint "Cleanup", Time since last: 1000304485 ns, Reaching safepoint: 199234235 ns, At safepoint: 579895 ns, Total: 199814130 ns
[2020-08-12T19:03:51.304+0000][6][safepoint    ] Safepoint "Cleanup", Time since last: 1856288238 ns, Reaching safepoint: 653407 ns, At safepoint: 29775 ns, Total: 683182 ns
[2020-08-12T19:03:52.304+0000][6][safepoint    ] Safepoint "Cleanup", Time since last: 1000242986 ns, Reaching safepoint: 529170 ns, At safepoint: 21087 ns, Total: 550257 ns
[2020-08-12T19:03:53.305+0000][6][safepoint    ] Safepoint "Cleanup", Time since last: 1000211337 ns, Reaching safepoint: 523433 ns, At safepoint: 22437 ns, Total: 545870 ns
[2020-08-12T19:03:54.306+0000][6][safepoint    ] Safepoint "Cleanup", Time since last: 1000229623 ns, Reaching safepoint: 265123 ns, At safepoint: 11950 ns, Total: 277073 ns
[2020-08-12T19:03:55.339+0000][6][safepoint    ] Safepoint "Cleanup", Time since last: 1024331366 ns, Reaching safepoint: 8868598 ns, At safepoint: 42600 ns, Total: 8911198 ns
[2020-08-12T19:03:56.375+0000][6][safepoint    ] Safepoint "Cleanup", Time since last: 1035935141 ns, Reaching safepoint: 449396 ns, At safepoint: 19025 ns, Total: 468421 ns
[2020-08-12T19:03:57.377+0000][6][safepoint    ] Safepoint "Cleanup", Time since last: 1000258686 ns, Reaching safepoint: 940179 ns, At safepoint: 44537 ns, Total: 984716 ns
[2020-08-12T19:03:58.378+0000][6][safepoint    ] Safepoint "Cleanup", Time since last: 1000511296 ns, Reaching safepoint: 901993 ns, At safepoint: 44974 ns, Total: 946967 ns
[2020-08-12T19:03:59.379+0000][6][safepoint    ] Safepoint "Cleanup", Time since last: 1000347335 ns, Reaching safepoint: 803581 ns, At safepoint: 44224 ns, Total: 847805 ns
[2020-08-12T19:04:00.380+0000][6][safepoint    ] Safepoint "Cleanup", Time since last: 1000343810 ns, Reaching safepoint: 872905 ns, At safepoint: 44788 ns, Total: 917693 ns
[2020-08-12T19:04:01.381+0000][6][safepoint    ] Safepoint "Cleanup", Time since last: 1000338547 ns, Reaching safepoint: 429309 ns, At safepoint: 21337 ns, Total: 450646 ns
[2020-08-12T19:04:02.382+0000][6][safepoint    ] Safepoint "Cleanup", Time since last: 1000229111 ns, Reaching safepoint: 333185 ns, At safepoint: 15900 ns, Total: 349085 ns
[2020-08-12T19:04:03.383+0000][6][safepoint    ] Safepoint "Cleanup", Time since last: 1000225036 ns, Reaching safepoint: 534245 ns, At safepoint: 22887 ns, Total: 557132 ns
[2020-08-12T19:04:04.383+0000][6][safepoint    ] Safepoint "Cleanup", Time since last: 1000230624 ns, Reaching safepoint: 388172 ns, At safepoint: 17899 ns, Total: 406071 ns
[2020-08-12T19:04:06.205+0000][6][safepoint    ] Safepoint "Cleanup", Time since last: 1821204504 ns, Reaching safepoint: 286197 ns, At safepoint: 11338 ns, Total: 297535 ns
[2020-08-12T19:04:07.206+0000][6][safepoint    ] Safepoint "Cleanup", Time since last: 1000242610 ns, Reaching safepoint: 801556 ns, At safepoint: 43412 ns, Total: 844968 ns
[2020-08-12T19:04:08.208+0000][6][safepoint    ] Safepoint "Cleanup", Time since last: 1000394547 ns, Reaching safepoint: 1324801 ns, At safepoint: 33525 ns, Total: 1358326 ns
[2020-08-12T19:04:09.209+0000][6][safepoint    ] Safepoint "Cleanup", Time since last: 1000325198 ns, Reaching safepoint: 721118 ns, At safepoint: 38188 ns, Total: 759306 ns
[2020-08-12T19:04:11.120+0000][6][safepoint    ] Safepoint "Cleanup", Time since last: 1911056654 ns, Reaching safepoint: 448521 ns, At safepoint: 19050 ns, Total: 467571 ns
[2020-08-12T19:04:12.121+0000][6][safepoint    ] Safepoint "Cleanup", Time since last: 1000188924 ns, Reaching safepoint: 343684 ns, At safepoint: 12788 ns, Total: 356472 ns
[2020-08-12T19:04:13.122+0000][6][safepoint    ] Safepoint "Cleanup", Time since last: 1000166386 ns, Reaching safepoint: 657382 ns, At safepoint: 25187 ns, Total: 682569 ns
[2020-08-12T19:04:14.123+0000][6][safepoint    ] Safepoint "Cleanup", Time since last: 1000224474 ns, Reaching safepoint: 1251739 ns, At safepoint: 31825 ns, Total: 1283564 ns
[2020-08-12T19:04:15.203+0000][6][safepoint    ] Safepoint "Cleanup", Time since last: 1000247373 ns, Reaching safepoint: 76151257 ns, At safepoint: 3791492 ns, Total: 79942749 ns
[2020-08-12T19:04:15.209+0000][6][safepoint    ] Safepoint "BulkRevokeBias", Time since last: 1315151 ns, Reaching safepoint: 3327084 ns, At safepoint: 1452575 ns, Total: 4779659 ns
[2020-08-12T19:04:16.774+0000][6][safepoint    ] Safepoint "Cleanup", Time since last: 1564400628 ns, Reaching safepoint: 392809 ns, At safepoint: 17312 ns, Total: 410121 ns
[2020-08-12T19:04:17.775+0000][6][safepoint    ] Safepoint "Cleanup", Time since last: 1000199324 ns, Reaching safepoint: 383196 ns, At safepoint: 20213 ns, Total: 403409 ns
[2020-08-12T19:04:18.776+0000][6][safepoint    ] Safepoint "Cleanup", Time since last: 1000235211 ns, Reaching safepoint: 749056 ns, At safepoint: 16737 ns, Total: 765793 ns
[2020-08-12T19:04:19.776+0000][6][safepoint    ] Safepoint "Cleanup", Time since last: 1000257098 ns, Reaching safepoint: 387522 ns, At safepoint: 34450 ns, Total: 421972 ns
[2020-08-12T19:04:20.777+0000][6][safepoint    ] Safepoint "Cleanup", Time since last: 1000230723 ns, Reaching safepoint: 413784 ns, At safepoint: 16225 ns, Total: 430009 ns
[2020-08-12T19:04:21.778+0000][6][safepoint    ] Safepoint "Cleanup", Time since last: 1000430359 ns, Reaching safepoint: 445497 ns, At safepoint: 66499 ns, Total: 511996 ns
[2020-08-12T19:04:22.779+0000][6][safepoint    ] Safepoint "Cleanup", Time since last: 1000549183 ns, Reaching safepoint: 349447 ns, At safepoint: 11950 ns, Total: 361397 ns
[2020-08-12T19:04:23.779+0000][6][safepoint    ] Safepoint "Cleanup", Time since last: 1000179186 ns, Reaching safepoint: 274323 ns, At safepoint: 11338 ns, Total: 285661 ns
[2020-08-12T19:04:24.782+0000][6][safepoint    ] Safepoint "Cleanup", Time since last: 1000534308 ns, Reaching safepoint: 2152694 ns, At safepoint: 58912 ns, Total: 2211606 ns
[2020-08-12T19:04:25.304+0000][6][safepoint    ] Safepoint "BulkRevokeBias", Time since last: 370513771 ns, Reaching safepoint: 147114634 ns, At safepoint: 4474948 ns, Total: 151589582 ns
[2020-08-12T19:04:26.526+0000][6][safepoint    ] Safepoint "Cleanup", Time since last: 1221390282 ns, Reaching safepoint: 678594 ns, At safepoint: 31012 ns, Total: 709606 ns
[2020-08-12T19:04:27.535+0000][6][safepoint    ] Safepoint "Cleanup", Time since last: 1000247424 ns, Reaching safepoint: 8051305 ns, At safepoint: 44300 ns, Total: 8095605 ns
[2020-08-12T19:04:28.536+0000][6][safepoint    ] Safepoint "Cleanup", Time since last: 1000323860 ns, Reaching safepoint: 636770 ns, At safepoint: 55649 ns, Total: 692419 ns
[2020-08-12T19:04:29.536+0000][6][safepoint    ] Safepoint "Cleanup", Time since last: 1000359310 ns, Reaching safepoint: 288372 ns, At safepoint: 51200 ns, Total: 339572 ns
[2020-08-12T19:04:31.087+0000][6][safepoint    ] Safepoint "Cleanup", Time since last: 1549975727 ns, Reaching safepoint: 693806 ns, At safepoint: 44275 ns, Total: 738081 ns
[2020-08-12T19:04:32.089+0000][6][safepoint    ] Safepoint "Cleanup", Time since last: 1001201077 ns, Reaching safepoint: 691469 ns, At safepoint: 44587 ns, Total: 736056 ns
[2020-08-12T19:04:33.152+0000][6][safepoint    ] Safepoint "Cleanup", Time since last: 1000332436 ns, Reaching safepoint: 60690689 ns, At safepoint: 1849609 ns, Total: 62540298 ns
[2020-08-12T19:04:34.406+0000][6][safepoint    ] Safepoint "Cleanup", Time since last: 1224086159 ns, Reaching safepoint: 30220402 ns, At safepoint: 59012 ns, Total: 30279414 ns
[2020-08-12T19:04:35.488+0000][6][safepoint    ] Safepoint "Cleanup", Time since last: 1081310413 ns, Reaching safepoint: 417108 ns, At safepoint: 17288 ns, Total: 434396 ns
[2020-08-12T19:04:36.491+0000][6][safepoint    ] Safepoint "Cleanup", Time since last: 1002516879 ns, Reaching safepoint: 455271 ns, At safepoint: 18012 ns, Total: 473283 ns
[2020-08-12T19:04:38.483+0000][6][safepoint    ] Safepoint "Cleanup", Time since last: 1991545361 ns, Reaching safepoint: 715857 ns, At safepoint: 40099 ns, Total: 755956 ns
[2020-08-12T19:04:39.484+0000][6][safepoint    ] Safepoint "Cleanup", Time since last: 1000324985 ns, Reaching safepoint: 606483 ns, At safepoint: 29399 ns, Total: 635882 ns
[2020-08-12T19:04:40.486+0000][6][safepoint    ] Safepoint "Cleanup", Time since last: 1000263261 ns, Reaching safepoint: 1096991 ns, At safepoint: 48874 ns, Total: 1145865 ns
[2020-08-12T19:04:41.487+0000][6][safepoint    ] Safepoint "Cleanup", Time since last: 1000338260 ns, Reaching safepoint: 416897 ns, At safepoint: 20262 ns, Total: 437159 ns
[2020-08-12T19:04:43.398+0000][6][safepoint    ] Safepoint "Cleanup", Time since last: 1910968905 ns, Reaching safepoint: 339435 ns, At safepoint: 14775 ns, Total: 354210 ns
[2020-08-12T19:04:44.509+0000][6][safepoint    ] Safepoint "Cleanup", Time since last: 1000190386 ns, Reaching safepoint: 110844933 ns, At safepoint: 45874 ns, Total: 110890807 ns
[2020-08-12T19:04:45.410+0000][6][safepoint    ] Safepoint "BulkRevokeBias", Time since last: 787278545 ns, Reaching safepoint: 112113147 ns, At safepoint: 1527150 ns, Total: 113640297 ns
[2020-08-12T19:04:46.411+0000][6][safepoint    ] Safepoint "Cleanup", Time since last: 1000334685 ns, Reaching safepoint: 1212489 ns, At safepoint: 65937 ns, Total: 1278426 ns
[2020-08-12T19:04:47.412+0000][6][safepoint    ] Safepoint "Cleanup", Time since last: 1000321673 ns, Reaching safepoint: 324585 ns, At safepoint: 17549 ns, Total: 342134 ns
[2020-08-12T19:04:48.413+0000][6][safepoint    ] Safepoint "Cleanup", Time since last: 1000223762 ns, Reaching safepoint: 615932 ns, At safepoint: 31549 ns, Total: 647481 ns
[2020-08-12T19:04:49.414+0000][6][safepoint    ] Safepoint "Cleanup", Time since last: 1000265911 ns, Reaching safepoint: 372147 ns, At safepoint: 20862 ns, Total: 393009 ns
[2020-08-12T19:04:51.108+0000][6][safepoint    ] Safepoint "Cleanup", Time since last: 1693532328 ns, Reaching safepoint: 503383 ns, At safepoint: 33650 ns, Total: 537033 ns
[2020-08-12T19:04:52.109+0000][6][safepoint    ] Safepoint "Cleanup", Time since last: 1000400484 ns, Reaching safepoint: 966842 ns, At safepoint: 55650 ns, Total: 1022492 ns
[2020-08-12T19:04:53.110+0000][6][safepoint    ] Safepoint "Cleanup", Time since last: 1000384534 ns, Reaching safepoint: 671444 ns, At safepoint: 51712 ns, Total: 723156 ns
[2020-08-12T19:04:54.111+0000][6][safepoint    ] Safepoint "Cleanup", Time since last: 1000341536 ns, Reaching safepoint: 836692 ns, At safepoint: 43725 ns, Total: 880417 ns
[2020-08-12T19:04:55.236+0000][6][safepoint    ] Safepoint "Cleanup", Time since last: 1113435711 ns, Reaching safepoint: 11012630 ns, At safepoint: 22962 ns, Total: 11035592 ns
[2020-08-12T19:04:56.237+0000][6][safepoint    ] Safepoint "Cleanup", Time since last: 1000294036 ns, Reaching safepoint: 688656 ns, At safepoint: 44913 ns, Total: 733569 ns
[2020-08-12T19:04:57.238+0000][6][safepoint    ] Safepoint "Cleanup", Time since last: 1000350322 ns, Reaching safepoint: 683082 ns, At safepoint: 66637 ns, Total: 749719 ns
[2020-08-12T19:04:58.239+0000][6][safepoint    ] Safepoint "Cleanup", Time since last: 1000393159 ns, Reaching safepoint: 331547 ns, At safepoint: 17288 ns, Total: 348835 ns
[2020-08-12T19:04:59.241+0000][6][safepoint    ] Safepoint "Cleanup", Time since last: 1000235948 ns, Reaching safepoint: 1873046 ns, At safepoint: 23738 ns, Total: 1896784 ns
[2020-08-12T19:05:00.242+0000][6][safepoint    ] Safepoint "Cleanup", Time since last: 1000265848 ns, Reaching safepoint: 615620 ns, At safepoint: 62874 ns, Total: 678494 ns
[2020-08-12T19:05:01.457+0000][6][safepoint    ] Safepoint "Cleanup", Time since last: 1214234905 ns, Reaching safepoint: 668095 ns, At safepoint: 44674 ns, Total: 712769 ns
[2020-08-12T19:05:02.458+0000][6][safepoint    ] Safepoint "Cleanup", Time since last: 1000353923 ns, Reaching safepoint: 312935 ns, At safepoint: 18125 ns, Total: 331060 ns
[2020-08-12T19:05:03.459+0000][6][safepoint    ] Safepoint "Cleanup", Time since last: 1000249885 ns, Reaching safepoint: 811418 ns, At safepoint: 43325 ns, Total: 854743 ns
[2020-08-12T19:05:04.460+0000][6][safepoint    ] Safepoint "Cleanup", Time since last: 1000326710 ns, Reaching safepoint: 627120 ns, At safepoint: 37899 ns, Total: 665019 ns
[2020-08-12T19:05:06.215+0000][6][safepoint    ] Safepoint "Cleanup", Time since last: 1753727447 ns, Reaching safepoint: 1124815 ns, At safepoint: 44100 ns, Total: 1168915 ns
[2020-08-12T19:05:07.216+0000][6][safepoint    ] Safepoint "Cleanup", Time since last: 1000288348 ns, Reaching safepoint: 676594 ns, At safepoint: 33800 ns, Total: 710394 ns
[2020-08-12T19:05:08.217+0000][6][safepoint    ] Safepoint "Cleanup", Time since last: 1000276061 ns, Reaching safepoint: 654706 ns, At safepoint: 45550 ns, Total: 700256 ns
[2020-08-12T19:05:09.218+0000][6][safepoint    ] Safepoint "Cleanup", Time since last: 1000348547 ns, Reaching safepoint: 770219 ns, At safepoint: 43112 ns, Total: 813331 ns
[2020-08-12T19:05:11.096+0000][6][safepoint    ] Safepoint "Cleanup", Time since last: 1878066751 ns, Reaching safepoint: 466458 ns, At safepoint: 22838 ns, Total: 489296 ns
[2020-08-12T19:05:12.097+0000][6][safepoint    ] Safepoint "Cleanup", Time since last: 1000219448 ns, Reaching safepoint: 322685 ns, At safepoint: 27175 ns, Total: 349860 ns
[2020-08-12T19:05:13.098+0000][6][safepoint    ] Safepoint "Cleanup", Time since last: 1000310585 ns, Reaching safepoint: 699407 ns, At safepoint: 37487 ns, Total: 736894 ns
[2020-08-12T19:05:14.099+0000][6][safepoint    ] Safepoint "Cleanup", Time since last: 1000394334 ns, Reaching safepoint: 865355 ns, At safepoint: 44062 ns, Total: 909417 ns
[2020-08-12T19:05:15.100+0000][6][safepoint    ] Safepoint "Cleanup", Time since last: 1000589521 ns, Reaching safepoint: 485058 ns, At safepoint: 21488 ns, Total: 506546 ns
[2020-08-12T19:05:16.163+0000][6][safepoint    ] Safepoint "Cleanup", Time since last: 1061983191 ns, Reaching safepoint: 925605 ns, At safepoint: 44074 ns, Total: 969679 ns
[2020-08-12T19:05:17.164+0000][6][safepoint    ] Safepoint "Cleanup", Time since last: 1000315073 ns, Reaching safepoint: 880305 ns, At safepoint: 41937 ns, Total: 922242 ns
[2020-08-12T19:05:18.165+0000][6][safepoint    ] Safepoint "Cleanup", Time since last: 1000304885 ns, Reaching safepoint: 691282 ns, At safepoint: 51562 ns, Total: 742844 ns
[2020-08-12T19:05:19.167+0000][6][safepoint    ] Safepoint "Cleanup", Time since last: 1000473309 ns, Reaching safepoint: 671544 ns, At safepoint: 55725 ns, Total: 727269 ns
[2020-08-12T19:05:20.975+0000][6][safepoint    ] Safepoint "Cleanup", Time since last: 1807849005 ns, Reaching safepoint: 699869 ns, At safepoint: 51375 ns, Total: 751244 ns
[2020-08-12T19:05:21.976+0000][6][safepoint    ] Safepoint "Cleanup", Time since last: 1000344860 ns, Reaching safepoint: 665532 ns, At safepoint: 45174 ns, Total: 710706 ns
[2020-08-12T19:05:22.977+0000][6][safepoint    ] Safepoint "Cleanup", Time since last: 1000338573 ns, Reaching safepoint: 622707 ns, At safepoint: 44525 ns, Total: 667232 ns
[2020-08-12T19:05:23.978+0000][6][safepoint    ] Safepoint "Cleanup", Time since last: 1000333647 ns, Reaching safepoint: 538508 ns, At safepoint: 54537 ns, Total: 593045 ns
[2020-08-12T19:05:24.979+0000][6][safepoint    ] Safepoint "Cleanup", Time since last: 1000308185 ns, Reaching safepoint: 319498 ns, At safepoint: 25325 ns, Total: 344823 ns
[2020-08-12T19:05:26.288+0000][6][safepoint    ] Safepoint "Cleanup", Time since last: 1307654388 ns, Reaching safepoint: 1035191 ns, At safepoint: 45737 ns, Total: 1080928 ns
[2020-08-12T19:05:27.288+0000][6][safepoint    ] Safepoint "Cleanup", Time since last: 1000251811 ns, Reaching safepoint: 515545 ns, At safepoint: 19700 ns, Total: 535245 ns
[2020-08-12T19:05:28.290+0000][6][safepoint    ] Safepoint "Cleanup", Time since last: 1000246836 ns, Reaching safepoint: 859405 ns, At safepoint: 44787 ns, Total: 904192 ns
[2020-08-12T19:05:29.291+0000][6][safepoint    ] Safepoint "Cleanup", Time since last: 1000347998 ns, Reaching safepoint: 776168 ns, At safepoint: 45775 ns, Total: 821943 ns
[2020-08-12T19:05:30.496+0000][6][safepoint    ] Safepoint "Cleanup", Time since last: 1204045943 ns, Reaching safepoint: 1488125 ns, At safepoint: 18949 ns, Total: 1507074 ns
[2020-08-12T19:05:31.524+0000][6][safepoint    ] Safepoint "Cleanup", Time since last: 1026778708 ns, Reaching safepoint: 666494 ns, At safepoint: 43837 ns, Total: 710331 ns
[2020-08-12T19:05:32.525+0000][6][safepoint    ] Safepoint "Cleanup", Time since last: 1000351960 ns, Reaching safepoint: 379622 ns, At safepoint: 37462 ns, Total: 417084 ns
[2020-08-12T19:05:33.525+0000][6][safepoint    ] Safepoint "Cleanup", Time since last: 1000281786 ns, Reaching safepoint: 350059 ns, At safepoint: 18337 ns, Total: 368396 ns
[2020-08-12T19:05:34.526+0000][6][safepoint    ] Safepoint "Cleanup", Time since last: 1000189174 ns, Reaching safepoint: 282398 ns, At safepoint: 12425 ns, Total: 294823 ns
[2020-08-12T19:05:35.926+0000][6][safepoint    ] Safepoint "Cleanup", Time since last: 1261173988 ns, Reaching safepoint: 139351525 ns, At safepoint: 35337 ns, Total: 139386862 ns
[2020-08-12T19:05:37.122+0000][6][safepoint    ] Safepoint "Cleanup", Time since last: 1000304573 ns, Reaching safepoint: 194723786 ns, At safepoint: 323997 ns, Total: 195047783 ns
[2020-08-12T19:05:38.122+0000][6][safepoint    ] Safepoint "Cleanup", Time since last: 1000288710 ns, Reaching safepoint: 473146 ns, At safepoint: 38175 ns, Total: 511321 ns
[2020-08-12T19:05:39.123+0000][6][safepoint    ] Safepoint "Cleanup", Time since last: 1000316510 ns, Reaching safepoint: 673157 ns, At safepoint: 44637 ns, Total: 717794 ns
[2020-08-12T19:05:40.125+0000][6][safepoint    ] Safepoint "Cleanup", Time since last: 1000347635 ns, Reaching safepoint: 693232 ns, At safepoint: 43987 ns, Total: 737219 ns
[2020-08-12T19:05:41.293+0000][6][safepoint    ] Safepoint "Cleanup", Time since last: 1000275873 ns, Reaching safepoint: 164390997 ns, At safepoint: 3737742 ns, Total: 168128739 ns
[2020-08-12T19:05:42.294+0000][6][safepoint    ] Safepoint "Cleanup", Time since last: 1000237811 ns, Reaching safepoint: 413672 ns, At safepoint: 20950 ns, Total: 434622 ns
[2020-08-12T19:05:43.295+0000][6][safepoint    ] Safepoint "Cleanup", Time since last: 1000233798 ns, Reaching safepoint: 674319 ns, At safepoint: 33925 ns, Total: 708244 ns
[2020-08-12T19:05:44.296+0000][6][safepoint    ] Safepoint "Cleanup", Time since last: 1000364935 ns, Reaching safepoint: 723631 ns, At safepoint: 37300 ns, Total: 760931 ns
[2020-08-12T19:05:45.385+0000][6][safepoint    ] Safepoint "Cleanup", Time since last: 1000331085 ns, Reaching safepoint: 88512550 ns, At safepoint: 54287 ns, Total: 88566837 ns
[2020-08-12T19:05:46.598+0000][6][safepoint    ] Safepoint "Cleanup", Time since last: 1187570960 ns, Reaching safepoint: 25294307 ns, At safepoint: 149012 ns, Total: 25443319 ns
[2020-08-12T19:05:47.598+0000][6][safepoint    ] Safepoint "Cleanup", Time since last: 1000338647 ns, Reaching safepoint: 520308 ns, At safepoint: 28862 ns, Total: 549170 ns
[2020-08-12T19:05:48.599+0000][6][safepoint    ] Safepoint "Cleanup", Time since last: 1000267236 ns, Reaching safepoint: 618257 ns, At safepoint: 44300 ns, Total: 662557 ns
[2020-08-12T19:05:49.601+0000][6][safepoint    ] Safepoint "Cleanup", Time since last: 1000353060 ns, Reaching safepoint: 841818 ns, At safepoint: 43124 ns, Total: 884942 ns
[2020-08-12T19:05:50.936+0000][6][safepoint    ] Safepoint "Cleanup", Time since last: 1334984291 ns, Reaching safepoint: 695994 ns, At safepoint: 44649 ns, Total: 740643 ns
[2020-08-12T19:05:51.288+0000][6][safepoint    ] Safepoint "BulkRevokeBias", Time since last: 347698281 ns, Reaching safepoint: 1308526 ns, At safepoint: 2863026 ns, Total: 4171552 ns
[2020-08-12T19:05:51.893+0000][6][safepoint    ] Safepoint "BulkRevokeBias", Time since last: 599064965 ns, Reaching safepoint: 815393 ns, At safepoint: 4611061 ns, Total: 5426454 ns
[2020-08-12T19:05:52.906+0000][6][safepoint    ] Safepoint "BulkRevokeBias", Time since last: 915625202 ns, Reaching safepoint: 94798108 ns, At safepoint: 2938525 ns, Total: 97736633 ns
[2020-08-12T19:05:53.339+0000][6][gc,start     ] GC(18) Pause Young (Normal) (G1 Evacuation Pause)
[2020-08-12T19:05:53.348+0000][6][gc,task      ] GC(18) Using 2 workers of 2 for evacuation
[2020-08-12T19:05:53.348+0000][6][gc,age       ] GC(18) Desired survivor size 28835840 bytes, new threshold 15 (max threshold 15)
[2020-08-12T19:05:53.434+0000][6][gc,age       ] GC(18) Age table with threshold 15 (max threshold 15)
[2020-08-12T19:05:53.434+0000][6][gc,age       ] GC(18) - age   1:    1613504 bytes,    1613504 total
[2020-08-12T19:05:53.434+0000][6][gc,age       ] GC(18) - age   2:    1424176 bytes,    3037680 total
[2020-08-12T19:05:53.434+0000][6][gc,age       ] GC(18) - age   3:     449152 bytes,    3486832 total
[2020-08-12T19:05:53.435+0000][6][gc,phases    ] GC(18)   Pre Evacuate Collection Set: 0.3ms
[2020-08-12T19:05:53.435+0000][6][gc,phases    ] GC(18)   Merge Heap Roots: 6.0ms
[2020-08-12T19:05:53.435+0000][6][gc,phases    ] GC(18)   Evacuate Collection Set: 64.8ms
[2020-08-12T19:05:53.435+0000][6][gc,phases    ] GC(18)   Post Evacuate Collection Set: 14.8ms
[2020-08-12T19:05:53.435+0000][6][gc,phases    ] GC(18)   Other: 18.1ms
[2020-08-12T19:05:53.435+0000][6][gc,heap      ] GC(18) Eden regions: 429->0(610)
[2020-08-12T19:05:53.435+0000][6][gc,heap      ] GC(18) Survivor regions: 7->4(55)
[2020-08-12T19:05:53.435+0000][6][gc,heap      ] GC(18) Old regions: 69->69
[2020-08-12T19:05:53.435+0000][6][gc,heap      ] GC(18) Archive regions: 2->2
[2020-08-12T19:05:53.435+0000][6][gc,heap      ] GC(18) Humongous regions: 7->7
[2020-08-12T19:05:53.435+0000][6][gc,metaspace ] GC(18) Metaspace: 93137K(100692K)->93137K(100692K) NonClass: 80585K(85076K)->80585K(85076K) Class: 12552K(15616K)->12552K(15616K)
[2020-08-12T19:05:53.435+0000][6][gc           ] GC(18) Pause Young (Normal) (G1 Evacuation Pause) 511M->80M(1024M) 95.769ms
[2020-08-12T19:05:53.435+0000][6][gc,cpu       ] GC(18) User=0.04s Sys=0.01s Real=0.10s
[2020-08-12T19:05:53.435+0000][6][safepoint    ] Safepoint "G1CollectForAllocation", Time since last: 413824836 ns, Reaching safepoint: 360160 ns, At safepoint: 115010384 ns, Total: 115370544 ns
[2020-08-12T19:05:54.493+0000][6][safepoint    ] Safepoint "Cleanup", Time since last: 1057408756 ns, Reaching safepoint: 442684 ns, At safepoint: 18200 ns, Total: 460884 ns
[2020-08-12T19:05:54.676+0000][6][safepoint    ] Safepoint "BulkRevokeBias", Time since last: 182442116 ns, Reaching safepoint: 209311 ns, At safepoint: 621857 ns, Total: 831168 ns
[2020-08-12T19:05:54.929+0000][6][gc,heap,exit ] Heap
[2020-08-12T19:05:54.929+0000][6][gc,heap,exit ]  garbage-first heap   total 1048576K, used 111102K [0x00000000c0000000, 0x0000000100000000)
[2020-08-12T19:05:54.929+0000][6][gc,heap,exit ]   region size 1024K, 34 young (34816K), 4 survivors (4096K)
[2020-08-12T19:05:54.929+0000][6][gc,heap,exit ]  Metaspace       used 93276K, capacity 100787K, committed 100948K, reserved 1134592K
[2020-08-12T19:05:54.929+0000][6][gc,heap,exit ]   class space    used 12571K, capacity 15598K, committed 15616K, reserved 1048576K
