[2020-08-12T14:31:16.599+0000][6][gc,heap] Heap region size: 1M
[2020-08-12T14:31:16.599+0000][6][gc,heap,coops] Heap address: 0x00000000c0000000, size: 1024 MB, Compressed Oops mode: 32-bit
[2020-08-12T14:31:18.259+0000][6][gc           ] Using G1
[2020-08-12T14:31:18.259+0000][6][gc,cds       ] Mark closed archive regions in map: [0x00000000fff00000, 0x00000000fff7eff8]
[2020-08-12T14:31:18.260+0000][6][gc,cds       ] Mark open archive regions in map: [0x00000000ffe00000, 0x00000000ffe51ff8]
[2020-08-12T14:31:18.369+0000][6][gc           ] Periodic GC disabled
[2020-08-12T14:31:19.616+0000][6][safepoint    ] Safepoint "Cleanup", Time since last: 1304084109 ns, Reaching safepoint: 252873 ns, At safepoint: 15312 ns, Total: 268185 ns
[2020-08-12T14:31:20.621+0000][6][safepoint    ] Safepoint "Cleanup", Time since last: 1004641304 ns, Reaching safepoint: 495058 ns, At safepoint: 17137 ns, Total: 512195 ns
[2020-08-12T14:31:21.623+0000][6][safepoint    ] Safepoint "Cleanup", Time since last: 1001405770 ns, Reaching safepoint: 312835 ns, At safepoint: 11037 ns, Total: 323872 ns
[2020-08-12T14:31:23.002+0000][6][safepoint    ] Safepoint "Cleanup", Time since last: 1375689215 ns, Reaching safepoint: 3545356 ns, At safepoint: 12800 ns, Total: 3558156 ns
[2020-08-12T14:31:24.011+0000][6][safepoint    ] Safepoint "Cleanup", Time since last: 1004542280 ns, Reaching safepoint: 4198550 ns, At safepoint: 14437 ns, Total: 4212987 ns
[2020-08-12T14:31:25.598+0000][6][safepoint    ] Safepoint "Cleanup", Time since last: 1583341994 ns, Reaching safepoint: 3278883 ns, At safepoint: 15450 ns, Total: 3294333 ns
[2020-08-12T14:31:26.611+0000][6][safepoint    ] Safepoint "Cleanup", Time since last: 1013190916 ns, Reaching safepoint: 109024 ns, At safepoint: 8925 ns, Total: 117949 ns
[2020-08-12T14:31:27.616+0000][6][safepoint    ] Safepoint "Cleanup", Time since last: 1002195238 ns, Reaching safepoint: 2295292 ns, At safepoint: 21012 ns, Total: 2316304 ns
[2020-08-12T14:31:28.780+0000][6][gc,start     ] GC(0) Pause Young (Normal) (G1 Evacuation Pause)
[2020-08-12T14:31:28.780+0000][6][gc,task      ] GC(0) Using 2 workers of 2 for evacuation
[2020-08-12T14:31:28.780+0000][6][gc,age       ] GC(0) Desired survivor size 3670016 bytes, new threshold 15 (max threshold 15)
[2020-08-12T14:31:28.845+0000][6][gc,age       ] GC(0) Age table with threshold 15 (max threshold 15)
[2020-08-12T14:31:28.845+0000][6][gc,age       ] GC(0) - age   1:    4878576 bytes,    4878576 total
[2020-08-12T14:31:28.845+0000][6][gc,phases    ] GC(0)   Pre Evacuate Collection Set: 0.5ms
[2020-08-12T14:31:28.845+0000][6][gc,phases    ] GC(0)   Merge Heap Roots: 0.1ms
[2020-08-12T14:31:28.845+0000][6][gc,phases    ] GC(0)   Evacuate Collection Set: 62.0ms
[2020-08-12T14:31:28.845+0000][6][gc,phases    ] GC(0)   Post Evacuate Collection Set: 1.9ms
[2020-08-12T14:31:28.845+0000][6][gc,phases    ] GC(0)   Other: 0.8ms
[2020-08-12T14:31:28.845+0000][6][gc,heap      ] GC(0) Eden regions: 51->0(46)
[2020-08-12T14:31:28.845+0000][6][gc,heap      ] GC(0) Survivor regions: 0->5(7)
[2020-08-12T14:31:28.845+0000][6][gc,heap      ] GC(0) Old regions: 0->0
[2020-08-12T14:31:28.845+0000][6][gc,heap      ] GC(0) Archive regions: 2->2
[2020-08-12T14:31:28.845+0000][6][gc,heap      ] GC(0) Humongous regions: 1->1
[2020-08-12T14:31:28.845+0000][6][gc,metaspace ] GC(0) Metaspace: 11635K(12160K)->11635K(12160K) NonClass: 10208K(10496K)->10208K(10496K) Class: 1426K(1664K)->1426K(1664K)
[2020-08-12T14:31:28.845+0000][6][gc           ] GC(0) Pause Young (Normal) (G1 Evacuation Pause) 52M->6M(1024M) 65.487ms
[2020-08-12T14:31:28.846+0000][6][gc,cpu       ] GC(0) User=0.04s Sys=0.00s Real=0.07s
[2020-08-12T14:31:28.846+0000][6][safepoint    ] Safepoint "G1CollectForAllocation", Time since last: 1164050621 ns, Reaching safepoint: 215898 ns, At safepoint: 65705170 ns, Total: 65921068 ns
[2020-08-12T14:31:30.229+0000][6][safepoint    ] Safepoint "Cleanup", Time since last: 1373915780 ns, Reaching safepoint: 9175344 ns, At safepoint: 14075 ns, Total: 9189419 ns
[2020-08-12T14:31:31.927+0000][6][safepoint    ] Safepoint "Cleanup", Time since last: 1697239463 ns, Reaching safepoint: 1246501 ns, At safepoint: 22688 ns, Total: 1269189 ns
[2020-08-12T14:31:32.931+0000][6][safepoint    ] Safepoint "Cleanup", Time since last: 1001714429 ns, Reaching safepoint: 2121169 ns, At safepoint: 19300 ns, Total: 2140469 ns
[2020-08-12T14:31:33.936+0000][6][safepoint    ] Safepoint "Cleanup", Time since last: 1000896374 ns, Reaching safepoint: 4147538 ns, At safepoint: 24550 ns, Total: 4172088 ns
[2020-08-12T14:31:34.944+0000][6][safepoint    ] Safepoint "Cleanup", Time since last: 1002821182 ns, Reaching safepoint: 5112730 ns, At safepoint: 20325 ns, Total: 5133055 ns
[2020-08-12T14:31:35.634+0000][6][gc,start     ] GC(1) Pause Young (Normal) (G1 Evacuation Pause)
[2020-08-12T14:31:35.634+0000][6][gc,task      ] GC(1) Using 2 workers of 2 for evacuation
[2020-08-12T14:31:35.634+0000][6][gc,age       ] GC(1) Desired survivor size 3670016 bytes, new threshold 1 (max threshold 15)
[2020-08-12T14:31:35.704+0000][6][gc,age       ] GC(1) Age table with threshold 1 (max threshold 15)
[2020-08-12T14:31:35.704+0000][6][gc,age       ] GC(1) - age   1:    2294576 bytes,    2294576 total
[2020-08-12T14:31:35.704+0000][6][gc,phases    ] GC(1)   Pre Evacuate Collection Set: 0.4ms
[2020-08-12T14:31:35.704+0000][6][gc,phases    ] GC(1)   Merge Heap Roots: 0.1ms
[2020-08-12T14:31:35.705+0000][6][gc,phases    ] GC(1)   Evacuate Collection Set: 54.2ms
[2020-08-12T14:31:35.705+0000][6][gc,phases    ] GC(1)   Post Evacuate Collection Set: 15.2ms
[2020-08-12T14:31:35.705+0000][6][gc,phases    ] GC(1)   Other: 0.5ms
[2020-08-12T14:31:35.705+0000][6][gc,heap      ] GC(1) Eden regions: 46->0(48)
[2020-08-12T14:31:35.705+0000][6][gc,heap      ] GC(1) Survivor regions: 5->3(7)
[2020-08-12T14:31:35.705+0000][6][gc,heap      ] GC(1) Old regions: 0->5
[2020-08-12T14:31:35.705+0000][6][gc,heap      ] GC(1) Archive regions: 2->2
[2020-08-12T14:31:35.705+0000][6][gc,heap      ] GC(1) Humongous regions: 1->1
[2020-08-12T14:31:35.705+0000][6][gc,metaspace ] GC(1) Metaspace: 14246K(14976K)->14246K(14976K) NonClass: 12557K(13056K)->12557K(13056K) Class: 1689K(1920K)->1689K(1920K)
[2020-08-12T14:31:35.705+0000][6][gc           ] GC(1) Pause Young (Normal) (G1 Evacuation Pause) 52M->9M(1024M) 70.681ms
[2020-08-12T14:31:35.705+0000][6][gc,cpu       ] GC(1) User=0.04s Sys=0.00s Real=0.07s
[2020-08-12T14:31:35.705+0000][6][safepoint    ] Safepoint "G1CollectForAllocation", Time since last: 685894356 ns, Reaching safepoint: 4066551 ns, At safepoint: 70879612 ns, Total: 74946163 ns
[2020-08-12T14:31:35.724+0000][6][safepoint    ] Safepoint "BulkRevokeBias", Time since last: 19028632 ns, Reaching safepoint: 261635 ns, At safepoint: 139187 ns, Total: 400822 ns
[2020-08-12T14:31:37.000+0000][6][safepoint    ] Safepoint "Cleanup", Time since last: 1274901054 ns, Reaching safepoint: 279935 ns, At safepoint: 15788 ns, Total: 295723 ns
[2020-08-12T14:31:38.002+0000][6][safepoint    ] Safepoint "Cleanup", Time since last: 1000200880 ns, Reaching safepoint: 2668539 ns, At safepoint: 20725 ns, Total: 2689264 ns
[2020-08-12T14:31:38.744+0000][6][gc,start     ] GC(2) Pause Young (Normal) (G1 Evacuation Pause)
[2020-08-12T14:31:38.744+0000][6][gc,task      ] GC(2) Using 2 workers of 2 for evacuation
[2020-08-12T14:31:38.744+0000][6][gc,age       ] GC(2) Desired survivor size 3670016 bytes, new threshold 15 (max threshold 15)
[2020-08-12T14:31:38.776+0000][6][gc,age       ] GC(2) Age table with threshold 15 (max threshold 15)
[2020-08-12T14:31:38.776+0000][6][gc,age       ] GC(2) - age   1:    3144520 bytes,    3144520 total
[2020-08-12T14:31:38.776+0000][6][gc,age       ] GC(2) - age   2:    1641712 bytes,    4786232 total
[2020-08-12T14:31:38.777+0000][6][gc,phases    ] GC(2)   Pre Evacuate Collection Set: 0.4ms
[2020-08-12T14:31:38.777+0000][6][gc,phases    ] GC(2)   Merge Heap Roots: 0.2ms
[2020-08-12T14:31:38.777+0000][6][gc,phases    ] GC(2)   Evacuate Collection Set: 29.9ms
[2020-08-12T14:31:38.777+0000][6][gc,phases    ] GC(2)   Post Evacuate Collection Set: 1.4ms
[2020-08-12T14:31:38.777+0000][6][gc,phases    ] GC(2)   Other: 0.4ms
[2020-08-12T14:31:38.777+0000][6][gc,heap      ] GC(2) Eden regions: 48->0(46)
[2020-08-12T14:31:38.777+0000][6][gc,heap      ] GC(2) Survivor regions: 3->5(7)
[2020-08-12T14:31:38.777+0000][6][gc,heap      ] GC(2) Old regions: 5->5
[2020-08-12T14:31:38.777+0000][6][gc,heap      ] GC(2) Archive regions: 2->2
[2020-08-12T14:31:38.777+0000][6][gc,heap      ] GC(2) Humongous regions: 2->1
[2020-08-12T14:31:38.777+0000][6][gc,metaspace ] GC(2) Metaspace: 17139K(18048K)->17139K(18048K) NonClass: 15035K(15616K)->15035K(15616K) Class: 2103K(2432K)->2103K(2432K)
[2020-08-12T14:31:38.777+0000][6][gc           ] GC(2) Pause Young (Normal) (G1 Evacuation Pause) 58M->11M(1024M) 32.717ms
[2020-08-12T14:31:38.777+0000][6][gc,cpu       ] GC(2) User=0.02s Sys=0.00s Real=0.03s
[2020-08-12T14:31:38.777+0000][6][safepoint    ] Safepoint "G1CollectForAllocation", Time since last: 741534777 ns, Reaching safepoint: 175523 ns, At safepoint: 32886522 ns, Total: 33062045 ns
[2020-08-12T14:31:38.785+0000][6][safepoint    ] Safepoint "BulkRevokeBias", Time since last: 7656433 ns, Reaching safepoint: 414883 ns, At safepoint: 133037 ns, Total: 547920 ns
[2020-08-12T14:31:38.795+0000][6][safepoint    ] Safepoint "BulkRevokeBias", Time since last: 141911 ns, Reaching safepoint: 4998031 ns, At safepoint: 4766345 ns, Total: 9764376 ns
[2020-08-12T14:31:39.678+0000][6][gc,start     ] GC(3) Pause Young (Normal) (G1 Evacuation Pause)
[2020-08-12T14:31:39.678+0000][6][gc,task      ] GC(3) Using 2 workers of 2 for evacuation
[2020-08-12T14:31:39.678+0000][6][gc,age       ] GC(3) Desired survivor size 3670016 bytes, new threshold 2 (max threshold 15)
[2020-08-12T14:31:39.731+0000][6][gc,age       ] GC(3) Age table with threshold 2 (max threshold 15)
[2020-08-12T14:31:39.731+0000][6][gc,age       ] GC(3) - age   1:    1807904 bytes,    1807904 total
[2020-08-12T14:31:39.731+0000][6][gc,age       ] GC(3) - age   2:    2603832 bytes,    4411736 total
[2020-08-12T14:31:39.731+0000][6][gc,phases    ] GC(3)   Pre Evacuate Collection Set: 0.4ms
[2020-08-12T14:31:39.732+0000][6][gc,phases    ] GC(3)   Merge Heap Roots: 0.1ms
[2020-08-12T14:31:39.732+0000][6][gc,phases    ] GC(3)   Evacuate Collection Set: 51.6ms
[2020-08-12T14:31:39.732+0000][6][gc,phases    ] GC(3)   Post Evacuate Collection Set: 1.3ms
[2020-08-12T14:31:39.732+0000][6][gc,phases    ] GC(3)   Other: 0.5ms
[2020-08-12T14:31:39.732+0000][6][gc,heap      ] GC(3) Eden regions: 46->0(60)
[2020-08-12T14:31:39.732+0000][6][gc,heap      ] GC(3) Survivor regions: 5->5(7)
[2020-08-12T14:31:39.732+0000][6][gc,heap      ] GC(3) Old regions: 5->7
[2020-08-12T14:31:39.732+0000][6][gc,heap      ] GC(3) Archive regions: 2->2
[2020-08-12T14:31:39.732+0000][6][gc,heap      ] GC(3) Humongous regions: 1->1
[2020-08-12T14:31:39.732+0000][6][gc,metaspace ] GC(3) Metaspace: 17226K(18304K)->17226K(18304K) NonClass: 15118K(15872K)->15118K(15872K) Class: 2108K(2432K)->2108K(2432K)
[2020-08-12T14:31:39.732+0000][6][gc           ] GC(3) Pause Young (Normal) (G1 Evacuation Pause) 57M->12M(1024M) 54.103ms
[2020-08-12T14:31:39.732+0000][6][gc,cpu       ] GC(3) User=0.04s Sys=0.00s Real=0.05s
[2020-08-12T14:31:39.732+0000][6][safepoint    ] Safepoint "G1CollectForAllocation", Time since last: 882317734 ns, Reaching safepoint: 178449 ns, At safepoint: 54293820 ns, Total: 54472269 ns
[2020-08-12T14:31:40.788+0000][6][safepoint    ] Safepoint "Cleanup", Time since last: 1050348713 ns, Reaching safepoint: 5840011 ns, At safepoint: 25062 ns, Total: 5865073 ns
[2020-08-12T14:31:40.864+0000][6][gc,start     ] GC(4) Pause Young (Normal) (G1 Evacuation Pause)
[2020-08-12T14:31:40.864+0000][6][gc,task      ] GC(4) Using 2 workers of 2 for evacuation
[2020-08-12T14:31:40.864+0000][6][gc,age       ] GC(4) Desired survivor size 4718592 bytes, new threshold 15 (max threshold 15)
[2020-08-12T14:31:40.882+0000][6][gc,age       ] GC(4) Age table with threshold 15 (max threshold 15)
[2020-08-12T14:31:40.882+0000][6][gc,age       ] GC(4) - age   1:     536240 bytes,     536240 total
[2020-08-12T14:31:40.882+0000][6][gc,age       ] GC(4) - age   2:      69464 bytes,     605704 total
[2020-08-12T14:31:40.883+0000][6][gc,age       ] GC(4) - age   3:    2603808 bytes,    3209512 total
[2020-08-12T14:31:40.883+0000][6][gc,phases    ] GC(4)   Pre Evacuate Collection Set: 0.4ms
[2020-08-12T14:31:40.883+0000][6][gc,phases    ] GC(4)   Merge Heap Roots: 0.2ms
[2020-08-12T14:31:40.883+0000][6][gc,phases    ] GC(4)   Evacuate Collection Set: 16.1ms
[2020-08-12T14:31:40.883+0000][6][gc,phases    ] GC(4)   Post Evacuate Collection Set: 1.3ms
[2020-08-12T14:31:40.883+0000][6][gc,phases    ] GC(4)   Other: 0.5ms
[2020-08-12T14:31:40.883+0000][6][gc,heap      ] GC(4) Eden regions: 60->0(610)
[2020-08-12T14:31:40.883+0000][6][gc,heap      ] GC(4) Survivor regions: 5->4(9)
[2020-08-12T14:31:40.883+0000][6][gc,heap      ] GC(4) Old regions: 7->7
[2020-08-12T14:31:40.883+0000][6][gc,heap      ] GC(4) Archive regions: 2->2
[2020-08-12T14:31:40.883+0000][6][gc,heap      ] GC(4) Humongous regions: 1->1
[2020-08-12T14:31:40.883+0000][6][gc,metaspace ] GC(4) Metaspace: 17353K(18304K)->17353K(18304K) NonClass: 15234K(15872K)->15234K(15872K) Class: 2119K(2432K)->2119K(2432K)
[2020-08-12T14:31:40.883+0000][6][gc           ] GC(4) Pause Young (Normal) (G1 Evacuation Pause) 72M->11M(1024M) 18.746ms
[2020-08-12T14:31:40.883+0000][6][gc,cpu       ] GC(4) User=0.02s Sys=0.00s Real=0.01s
[2020-08-12T14:31:40.883+0000][6][safepoint    ] Safepoint "G1CollectForAllocation", Time since last: 71329357 ns, Reaching safepoint: 4670184 ns, At safepoint: 18904858 ns, Total: 23575042 ns
[2020-08-12T14:31:42.352+0000][6][safepoint    ] Safepoint "Cleanup", Time since last: 1469133240 ns, Reaching safepoint: 256210 ns, At safepoint: 16562 ns, Total: 272772 ns
[2020-08-12T14:31:43.353+0000][6][safepoint    ] Safepoint "Cleanup", Time since last: 1000204331 ns, Reaching safepoint: 314122 ns, At safepoint: 11112 ns, Total: 325234 ns
[2020-08-12T14:31:44.642+0000][6][safepoint    ] Safepoint "Cleanup", Time since last: 1288717133 ns, Reaching safepoint: 181261 ns, At safepoint: 9312 ns, Total: 190573 ns
[2020-08-12T14:31:45.643+0000][6][safepoint    ] Safepoint "Cleanup", Time since last: 1000730538 ns, Reaching safepoint: 217486 ns, At safepoint: 38512 ns, Total: 255998 ns
[2020-08-12T14:31:46.647+0000][6][safepoint    ] Safepoint "Cleanup", Time since last: 1004049222 ns, Reaching safepoint: 148561 ns, At safepoint: 13475 ns, Total: 162036 ns
[2020-08-12T14:31:47.652+0000][6][safepoint    ] Safepoint "Cleanup", Time since last: 1000194768 ns, Reaching safepoint: 4653546 ns, At safepoint: 21362 ns, Total: 4674908 ns
[2020-08-12T14:31:49.179+0000][6][safepoint    ] Safepoint "Cleanup", Time since last: 1526730056 ns, Reaching safepoint: 230486 ns, At safepoint: 10562 ns, Total: 241048 ns
[2020-08-12T14:31:50.180+0000][6][safepoint    ] Safepoint "Cleanup", Time since last: 1000733201 ns, Reaching safepoint: 347897 ns, At safepoint: 14337 ns, Total: 362234 ns
[2020-08-12T14:31:51.184+0000][6][safepoint    ] Safepoint "Cleanup", Time since last: 1001877316 ns, Reaching safepoint: 2252005 ns, At safepoint: 15750 ns, Total: 2267755 ns
[2020-08-12T14:31:51.215+0000][6][gc,start     ] GC(5) Pause Young (Normal) (G1 Evacuation Pause)
[2020-08-12T14:31:51.215+0000][6][gc,task      ] GC(5) Using 2 workers of 2 for evacuation
[2020-08-12T14:31:51.215+0000][6][gc,age       ] GC(5) Desired survivor size 40370176 bytes, new threshold 15 (max threshold 15)
[2020-08-12T14:31:51.287+0000][6][gc,age       ] GC(5) Age table with threshold 15 (max threshold 15)
[2020-08-12T14:31:51.287+0000][6][gc,age       ] GC(5) - age   1:    6908472 bytes,    6908472 total
[2020-08-12T14:31:51.287+0000][6][gc,age       ] GC(5) - age   2:     337472 bytes,    7245944 total
[2020-08-12T14:31:51.287+0000][6][gc,age       ] GC(5) - age   3:      69464 bytes,    7315408 total
[2020-08-12T14:31:51.287+0000][6][gc,age       ] GC(5) - age   4:    2597672 bytes,    9913080 total
[2020-08-12T14:31:51.287+0000][6][gc,phases    ] GC(5)   Pre Evacuate Collection Set: 0.5ms
[2020-08-12T14:31:51.287+0000][6][gc,phases    ] GC(5)   Merge Heap Roots: 0.2ms
[2020-08-12T14:31:51.287+0000][6][gc,phases    ] GC(5)   Evacuate Collection Set: 67.4ms
[2020-08-12T14:31:51.287+0000][6][gc,phases    ] GC(5)   Post Evacuate Collection Set: 3.2ms
[2020-08-12T14:31:51.287+0000][6][gc,phases    ] GC(5)   Other: 0.9ms
[2020-08-12T14:31:51.287+0000][6][gc,heap      ] GC(5) Eden regions: 610->0(446)
[2020-08-12T14:31:51.287+0000][6][gc,heap      ] GC(5) Survivor regions: 4->10(77)
[2020-08-12T14:31:51.287+0000][6][gc,heap      ] GC(5) Old regions: 7->7
[2020-08-12T14:31:51.287+0000][6][gc,heap      ] GC(5) Archive regions: 2->2
[2020-08-12T14:31:51.287+0000][6][gc,heap      ] GC(5) Humongous regions: 1->1
[2020-08-12T14:31:51.288+0000][6][gc,metaspace ] GC(5) Metaspace: 19708K(20992K)->19708K(20992K) NonClass: 17292K(18176K)->17292K(18176K) Class: 2416K(2816K)->2416K(2816K)
[2020-08-12T14:31:51.288+0000][6][gc           ] GC(5) Pause Young (Normal) (G1 Evacuation Pause) 621M->17M(1024M) 72.473ms
[2020-08-12T14:31:51.288+0000][6][gc,cpu       ] GC(5) User=0.06s Sys=0.00s Real=0.07s
[2020-08-12T14:31:51.288+0000][6][safepoint    ] Safepoint "G1CollectForAllocation", Time since last: 28195976 ns, Reaching safepoint: 2677276 ns, At safepoint: 72654896 ns, Total: 75332172 ns
[2020-08-12T14:31:51.298+0000][6][safepoint    ] Safepoint "BulkRevokeBias", Time since last: 9543641 ns, Reaching safepoint: 118086 ns, At safepoint: 150549 ns, Total: 268635 ns
[2020-08-12T14:31:51.342+0000][6][safepoint    ] Safepoint "BulkRevokeBias", Time since last: 43878575 ns, Reaching safepoint: 97549 ns, At safepoint: 93687 ns, Total: 191236 ns
[2020-08-12T14:31:51.348+0000][6][safepoint    ] Safepoint "BulkRevokeBias", Time since last: 133136 ns, Reaching safepoint: 63412 ns, At safepoint: 6135958 ns, Total: 6199370 ns
[2020-08-12T14:31:52.104+0000][6][gc,start     ] GC(6) Pause Young (Concurrent Start) (Metadata GC Threshold)
[2020-08-12T14:31:52.104+0000][6][gc,task      ] GC(6) Using 2 workers of 2 for evacuation
[2020-08-12T14:31:52.104+0000][6][gc,age       ] GC(6) Desired survivor size 29884416 bytes, new threshold 15 (max threshold 15)
[2020-08-12T14:31:52.137+0000][6][gc,age       ] GC(6) Age table with threshold 15 (max threshold 15)
[2020-08-12T14:31:52.137+0000][6][gc,age       ] GC(6) - age   1:     460304 bytes,     460304 total
[2020-08-12T14:31:52.137+0000][6][gc,age       ] GC(6) - age   2:    6371952 bytes,    6832256 total
[2020-08-12T14:31:52.137+0000][6][gc,age       ] GC(6) - age   3:     337472 bytes,    7169728 total
[2020-08-12T14:31:52.137+0000][6][gc,age       ] GC(6) - age   4:      69176 bytes,    7238904 total
[2020-08-12T14:31:52.137+0000][6][gc,age       ] GC(6) - age   5:    2597672 bytes,    9836576 total
[2020-08-12T14:31:52.137+0000][6][gc,phases    ] GC(6)   Pre Evacuate Collection Set: 0.6ms
[2020-08-12T14:31:52.137+0000][6][gc,phases    ] GC(6)   Merge Heap Roots: 0.2ms
[2020-08-12T14:31:52.137+0000][6][gc,phases    ] GC(6)   Evacuate Collection Set: 30.7ms
[2020-08-12T14:31:52.137+0000][6][gc,phases    ] GC(6)   Post Evacuate Collection Set: 1.9ms
[2020-08-12T14:31:52.138+0000][6][gc,phases    ] GC(6)   Other: 0.6ms
[2020-08-12T14:31:52.138+0000][6][gc,heap      ] GC(6) Eden regions: 64->0(445)
[2020-08-12T14:31:52.138+0000][6][gc,heap      ] GC(6) Survivor regions: 10->10(57)
[2020-08-12T14:31:52.138+0000][6][gc,heap      ] GC(6) Old regions: 7->7
[2020-08-12T14:31:52.138+0000][6][gc,heap      ] GC(6) Archive regions: 2->2
[2020-08-12T14:31:52.138+0000][6][gc,heap      ] GC(6) Humongous regions: 1->1
[2020-08-12T14:31:52.138+0000][6][gc,metaspace ] GC(6) Metaspace: 19766K(21248K)->19766K(21248K) NonClass: 17343K(18432K)->17343K(18432K) Class: 2423K(2816K)->2423K(2816K)
[2020-08-12T14:31:52.138+0000][6][gc           ] GC(6) Pause Young (Concurrent Start) (Metadata GC Threshold) 81M->17M(1024M) 34.209ms
[2020-08-12T14:31:52.138+0000][6][gc,cpu       ] GC(6) User=0.03s Sys=0.00s Real=0.04s
[2020-08-12T14:31:52.138+0000][6][gc           ] GC(7) Concurrent Cycle
[2020-08-12T14:31:52.138+0000][6][gc,marking   ] GC(7) Concurrent Clear Claimed Marks
[2020-08-12T14:31:52.138+0000][6][safepoint    ] Safepoint "CollectForMetadataAllocation", Time since last: 755333218 ns, Reaching safepoint: 208960 ns, At safepoint: 34642457 ns, Total: 34851417 ns
[2020-08-12T14:31:52.138+0000][6][gc,marking   ] GC(7) Concurrent Clear Claimed Marks 0.140ms
[2020-08-12T14:31:52.138+0000][6][gc,marking   ] GC(7) Concurrent Scan Root Regions
[2020-08-12T14:31:52.150+0000][6][gc,marking   ] GC(7) Concurrent Scan Root Regions 11.682ms
[2020-08-12T14:31:52.150+0000][6][gc,marking   ] GC(7) Concurrent Mark (35.572s)
[2020-08-12T14:31:52.150+0000][6][gc,marking   ] GC(7) Concurrent Mark From Roots
[2020-08-12T14:31:52.150+0000][6][gc,task      ] GC(7) Using 1 workers of 1 for marking
[2020-08-12T14:31:52.278+0000][6][gc,marking   ] GC(7) Concurrent Mark From Roots 127.865ms
[2020-08-12T14:31:52.278+0000][6][gc,marking   ] GC(7) Concurrent Preclean
[2020-08-12T14:31:52.278+0000][6][gc,marking   ] GC(7) Concurrent Preclean 0.265ms
[2020-08-12T14:31:52.278+0000][6][gc,marking   ] GC(7) Concurrent Mark (35.572s, 35.700s) 128.287ms
[2020-08-12T14:31:52.279+0000][6][gc,start     ] GC(7) Pause Remark
[2020-08-12T14:31:52.292+0000][6][gc           ] GC(7) Pause Remark 25M->25M(1024M) 13.208ms
[2020-08-12T14:31:52.292+0000][6][gc,cpu       ] GC(7) User=0.01s Sys=0.00s Real=0.01s
[2020-08-12T14:31:52.292+0000][6][safepoint    ] Safepoint "G1Concurrent", Time since last: 140302486 ns, Reaching safepoint: 195323 ns, At safepoint: 13418944 ns, Total: 13614267 ns
[2020-08-12T14:31:52.293+0000][6][gc,marking   ] GC(7) Concurrent Rebuild Remembered Sets
[2020-08-12T14:31:52.343+0000][6][gc,marking   ] GC(7) Concurrent Rebuild Remembered Sets 49.994ms
[2020-08-12T14:31:52.344+0000][6][gc,start     ] GC(7) Pause Cleanup
[2020-08-12T14:31:52.345+0000][6][gc           ] GC(7) Pause Cleanup 30M->30M(1024M) 1.428ms
[2020-08-12T14:31:52.345+0000][6][gc,cpu       ] GC(7) User=0.00s Sys=0.00s Real=0.00s
[2020-08-12T14:31:52.346+0000][6][safepoint    ] Safepoint "G1Concurrent", Time since last: 51071249 ns, Reaching safepoint: 747281 ns, At safepoint: 1680723 ns, Total: 2428004 ns
[2020-08-12T14:31:52.347+0000][6][gc,marking   ] GC(7) Concurrent Cleanup for Next Mark
[2020-08-12T14:31:52.364+0000][6][gc,marking   ] GC(7) Concurrent Cleanup for Next Mark 17.007ms
[2020-08-12T14:31:52.364+0000][6][gc           ] GC(7) Concurrent Cycle 226.122ms
[2020-08-12T14:31:53.346+0000][6][safepoint    ] Safepoint "Cleanup", Time since last: 1000523065 ns, Reaching safepoint: 209748 ns, At safepoint: 10763 ns, Total: 220511 ns
[2020-08-12T14:31:54.349+0000][6][safepoint    ] Safepoint "Cleanup", Time since last: 1001131484 ns, Reaching safepoint: 1662623 ns, At safepoint: 14887 ns, Total: 1677510 ns
[2020-08-12T14:31:56.353+0000][6][safepoint    ] Safepoint "Cleanup", Time since last: 2002951051 ns, Reaching safepoint: 598395 ns, At safepoint: 19987 ns, Total: 618382 ns
[2020-08-12T14:31:57.491+0000][6][safepoint    ] Safepoint "Cleanup", Time since last: 1132005667 ns, Reaching safepoint: 6493792 ns, At safepoint: 19362 ns, Total: 6513154 ns
[2020-08-12T14:31:59.348+0000][6][safepoint    ] Safepoint "Cleanup", Time since last: 1856952703 ns, Reaching safepoint: 219810 ns, At safepoint: 9900 ns, Total: 229710 ns
[2020-08-12T14:32:00.352+0000][6][safepoint    ] Safepoint "Cleanup", Time since last: 1000192106 ns, Reaching safepoint: 3529331 ns, At safepoint: 19250 ns, Total: 3548581 ns
[2020-08-12T14:32:01.359+0000][6][safepoint    ] Safepoint "Cleanup", Time since last: 1000190955 ns, Reaching safepoint: 6758041 ns, At safepoint: 20762 ns, Total: 6778803 ns
[2020-08-12T14:32:02.360+0000][6][safepoint    ] Safepoint "Cleanup", Time since last: 1000192068 ns, Reaching safepoint: 916592 ns, At safepoint: 13975 ns, Total: 930567 ns
[2020-08-12T14:32:03.774+0000][6][safepoint    ] Safepoint "Cleanup", Time since last: 1409904712 ns, Reaching safepoint: 4309500 ns, At safepoint: 24675 ns, Total: 4334175 ns
[2020-08-12T14:32:05.349+0000][6][safepoint    ] Safepoint "Cleanup", Time since last: 1574152449 ns, Reaching safepoint: 175161 ns, At safepoint: 9800 ns, Total: 184961 ns
[2020-08-12T14:32:06.357+0000][6][safepoint    ] Safepoint "Cleanup", Time since last: 1008166423 ns, Reaching safepoint: 247035 ns, At safepoint: 13250 ns, Total: 260285 ns
[2020-08-12T14:32:07.360+0000][6][safepoint    ] Safepoint "Cleanup", Time since last: 1002751770 ns, Reaching safepoint: 148761 ns, At safepoint: 14688 ns, Total: 163449 ns
[2020-08-12T14:32:08.367+0000][6][safepoint    ] Safepoint "Cleanup", Time since last: 1000180818 ns, Reaching safepoint: 6787552 ns, At safepoint: 16025 ns, Total: 6803577 ns
[2020-08-12T14:32:10.382+0000][6][safepoint    ] Safepoint "Cleanup", Time since last: 2012545754 ns, Reaching safepoint: 2412478 ns, At safepoint: 19138 ns, Total: 2431616 ns
[2020-08-12T14:32:10.559+0000][6][gc,start     ] GC(8) Pause Young (Normal) (G1 Evacuation Pause)
[2020-08-12T14:32:10.559+0000][6][gc,task      ] GC(8) Using 2 workers of 2 for evacuation
[2020-08-12T14:32:10.559+0000][6][gc,age       ] GC(8) Desired survivor size 35651584 bytes, new threshold 15 (max threshold 15)
[2020-08-12T14:32:10.713+0000][6][gc,age       ] GC(8) Age table with threshold 15 (max threshold 15)
[2020-08-12T14:32:10.713+0000][6][gc,age       ] GC(8) - age   1:   12689512 bytes,   12689512 total
[2020-08-12T14:32:10.713+0000][6][gc,age       ] GC(8) - age   2:     432840 bytes,   13122352 total
[2020-08-12T14:32:10.713+0000][6][gc,age       ] GC(8) - age   3:    6346752 bytes,   19469104 total
[2020-08-12T14:32:10.713+0000][6][gc,age       ] GC(8) - age   4:     336912 bytes,   19806016 total
[2020-08-12T14:32:10.713+0000][6][gc,age       ] GC(8) - age   5:      68792 bytes,   19874808 total
[2020-08-12T14:32:10.713+0000][6][gc,age       ] GC(8) - age   6:    2572768 bytes,   22447576 total
[2020-08-12T14:32:10.713+0000][6][gc,phases    ] GC(8)   Pre Evacuate Collection Set: 0.4ms
[2020-08-12T14:32:10.713+0000][6][gc,phases    ] GC(8)   Merge Heap Roots: 0.3ms
[2020-08-12T14:32:10.713+0000][6][gc,phases    ] GC(8)   Evacuate Collection Set: 139.2ms
[2020-08-12T14:32:10.713+0000][6][gc,phases    ] GC(8)   Post Evacuate Collection Set: 13.4ms
[2020-08-12T14:32:10.713+0000][6][gc,phases    ] GC(8)   Other: 0.6ms
[2020-08-12T14:32:10.713+0000][6][gc,heap      ] GC(8) Eden regions: 532->0(445)
[2020-08-12T14:32:10.713+0000][6][gc,heap      ] GC(8) Survivor regions: 10->22(68)
[2020-08-12T14:32:10.713+0000][6][gc,heap      ] GC(8) Old regions: 7->7
[2020-08-12T14:32:10.713+0000][6][gc,heap      ] GC(8) Archive regions: 2->2
[2020-08-12T14:32:10.713+0000][6][gc,heap      ] GC(8) Humongous regions: 1->1
[2020-08-12T14:32:10.713+0000][6][gc,metaspace ] GC(8) Metaspace: 29146K(31872K)->29146K(31872K) NonClass: 25456K(27392K)->25456K(27392K) Class: 3689K(4480K)->3689K(4480K)
[2020-08-12T14:32:10.713+0000][6][gc           ] GC(8) Pause Young (Normal) (G1 Evacuation Pause) 549M->29M(1024M) 154.236ms
[2020-08-12T14:32:10.713+0000][6][gc,cpu       ] GC(8) User=0.11s Sys=0.00s Real=0.15s
[2020-08-12T14:32:10.714+0000][6][safepoint    ] Safepoint "G1CollectForAllocation", Time since last: 176893788 ns, Reaching safepoint: 218573 ns, At safepoint: 154419949 ns, Total: 154638522 ns
[2020-08-12T14:32:11.714+0000][6][safepoint    ] Safepoint "Cleanup", Time since last: 1000133456 ns, Reaching safepoint: 269635 ns, At safepoint: 12637 ns, Total: 282272 ns
[2020-08-12T14:32:12.721+0000][6][safepoint    ] Safepoint "Cleanup", Time since last: 1000182768 ns, Reaching safepoint: 7169162 ns, At safepoint: 18312 ns, Total: 7187474 ns
[2020-08-12T14:32:14.727+0000][6][safepoint    ] Safepoint "Cleanup", Time since last: 2003596970 ns, Reaching safepoint: 2083082 ns, At safepoint: 17125 ns, Total: 2100207 ns
[2020-08-12T14:32:18.736+0000][6][safepoint    ] Safepoint "Cleanup", Time since last: 4008839763 ns, Reaching safepoint: 176660 ns, At safepoint: 9538 ns, Total: 186198 ns
[2020-08-12T14:32:19.750+0000][6][safepoint    ] Safepoint "Cleanup", Time since last: 1003807911 ns, Reaching safepoint: 10154435 ns, At safepoint: 17288 ns, Total: 10171723 ns
[2020-08-12T14:32:20.764+0000][6][safepoint    ] Safepoint "Cleanup", Time since last: 1006553936 ns, Reaching safepoint: 7449072 ns, At safepoint: 18200 ns, Total: 7467272 ns
[2020-08-12T14:32:21.767+0000][6][safepoint    ] Safepoint "Cleanup", Time since last: 1001855503 ns, Reaching safepoint: 1210739 ns, At safepoint: 12975 ns, Total: 1223714 ns
[2020-08-12T14:32:22.768+0000][6][safepoint    ] Safepoint "Cleanup", Time since last: 1000729801 ns, Reaching safepoint: 327410 ns, At safepoint: 15549 ns, Total: 342959 ns
[2020-08-12T14:32:23.661+0000][6][gc,start     ] GC(9) Pause Young (Concurrent Start) (Metadata GC Threshold)
[2020-08-12T14:32:23.661+0000][6][gc,task      ] GC(9) Using 2 workers of 2 for evacuation
[2020-08-12T14:32:23.661+0000][6][gc,age       ] GC(9) Desired survivor size 30932992 bytes, new threshold 15 (max threshold 15)
[2020-08-12T14:32:23.917+0000][6][gc,age       ] GC(9) Age table with threshold 15 (max threshold 15)
[2020-08-12T14:32:23.917+0000][6][gc,age       ] GC(9) - age   1:   16966592 bytes,   16966592 total
[2020-08-12T14:32:23.917+0000][6][gc,age       ] GC(9) - age   2:   12404800 bytes,   29371392 total
[2020-08-12T14:32:23.917+0000][6][gc,age       ] GC(9) - age   3:     432840 bytes,   29804232 total
[2020-08-12T14:32:23.917+0000][6][gc,age       ] GC(9) - age   4:    6340968 bytes,   36145200 total
[2020-08-12T14:32:23.917+0000][6][gc,age       ] GC(9) - age   5:     336896 bytes,   36482096 total
[2020-08-12T14:32:23.917+0000][6][gc,age       ] GC(9) - age   6:      68792 bytes,   36550888 total
[2020-08-12T14:32:23.917+0000][6][gc,age       ] GC(9) - age   7:    2562376 bytes,   39113264 total
[2020-08-12T14:32:23.917+0000][6][gc,mmu       ] GC(9) MMU target violated: 201.0ms (200.0ms/201.0ms)
[2020-08-12T14:32:23.918+0000][6][gc,phases    ] GC(9)   Pre Evacuate Collection Set: 0.6ms
[2020-08-12T14:32:23.918+0000][6][gc,phases    ] GC(9)   Merge Heap Roots: 0.3ms
[2020-08-12T14:32:23.918+0000][6][gc,phases    ] GC(9)   Evacuate Collection Set: 249.6ms
[2020-08-12T14:32:23.918+0000][6][gc,phases    ] GC(9)   Post Evacuate Collection Set: 5.2ms
[2020-08-12T14:32:23.918+0000][6][gc,phases    ] GC(9)   Other: 0.7ms
[2020-08-12T14:32:23.918+0000][6][gc,heap      ] GC(9) Eden regions: 153->0(13)
[2020-08-12T14:32:23.918+0000][6][gc,heap      ] GC(9) Survivor regions: 22->38(59)
[2020-08-12T14:32:23.918+0000][6][gc,heap      ] GC(9) Old regions: 7->7
[2020-08-12T14:32:23.918+0000][6][gc,heap      ] GC(9) Archive regions: 2->2
[2020-08-12T14:32:23.918+0000][6][gc,heap      ] GC(9) Humongous regions: 1->1
[2020-08-12T14:32:23.918+0000][6][gc,metaspace ] GC(9) Metaspace: 32412K(35628K)->32412K(35628K) NonClass: 28182K(30380K)->28182K(30380K) Class: 4230K(5248K)->4230K(5248K)
[2020-08-12T14:32:23.918+0000][6][gc           ] GC(9) Pause Young (Concurrent Start) (Metadata GC Threshold) 182M->45M(1024M) 256.704ms
[2020-08-12T14:32:23.918+0000][6][gc,cpu       ] GC(9) User=0.19s Sys=0.00s Real=0.26s
[2020-08-12T14:32:23.918+0000][6][safepoint    ] Safepoint "CollectForMetadataAllocation", Time since last: 892688168 ns, Reaching safepoint: 223085 ns, At safepoint: 257272778 ns, Total: 257495863 ns
[2020-08-12T14:32:23.918+0000][6][gc           ] GC(10) Concurrent Cycle
[2020-08-12T14:32:23.919+0000][6][gc,marking   ] GC(10) Concurrent Clear Claimed Marks
[2020-08-12T14:32:23.919+0000][6][gc,marking   ] GC(10) Concurrent Clear Claimed Marks 0.264ms
[2020-08-12T14:32:23.919+0000][6][gc,marking   ] GC(10) Concurrent Scan Root Regions
[2020-08-12T14:32:23.983+0000][6][gc,marking   ] GC(10) Concurrent Scan Root Regions 64.616ms
[2020-08-12T14:32:23.984+0000][6][gc,marking   ] GC(10) Concurrent Mark (67.405s)
[2020-08-12T14:32:23.984+0000][6][gc,marking   ] GC(10) Concurrent Mark From Roots
[2020-08-12T14:32:23.984+0000][6][gc,task      ] GC(10) Using 1 workers of 1 for marking
[2020-08-12T14:32:24.106+0000][6][gc,marking   ] GC(10) Concurrent Mark From Roots 122.699ms
[2020-08-12T14:32:24.106+0000][6][gc,marking   ] GC(10) Concurrent Preclean
[2020-08-12T14:32:24.107+0000][6][gc,marking   ] GC(10) Concurrent Preclean 0.223ms
[2020-08-12T14:32:24.107+0000][6][gc,marking   ] GC(10) Concurrent Mark (67.405s, 67.529s) 123.065ms
[2020-08-12T14:32:24.110+0000][6][gc,start     ] GC(10) Pause Remark
[2020-08-12T14:32:24.125+0000][6][gc           ] GC(10) Pause Remark 47M->47M(1024M) 14.519ms
[2020-08-12T14:32:24.125+0000][6][gc,cpu       ] GC(10) User=0.02s Sys=0.00s Real=0.02s
[2020-08-12T14:32:24.125+0000][6][safepoint    ] Safepoint "G1Concurrent", Time since last: 188274775 ns, Reaching safepoint: 3279596 ns, At safepoint: 14715208 ns, Total: 17994804 ns
[2020-08-12T14:32:24.125+0000][6][gc,marking   ] GC(10) Concurrent Rebuild Remembered Sets
[2020-08-12T14:32:24.182+0000][6][gc,marking   ] GC(10) Concurrent Rebuild Remembered Sets 57.131ms
[2020-08-12T14:32:24.188+0000][6][gc,start     ] GC(10) Pause Cleanup
[2020-08-12T14:32:24.188+0000][6][gc           ] GC(10) Pause Cleanup 48M->48M(1024M) 0.636ms
[2020-08-12T14:32:24.188+0000][6][gc,cpu       ] GC(10) User=0.00s Sys=0.00s Real=0.00s
[2020-08-12T14:32:24.189+0000][6][safepoint    ] Safepoint "G1Concurrent", Time since last: 57382018 ns, Reaching safepoint: 5606101 ns, At safepoint: 831017 ns, Total: 6437118 ns
[2020-08-12T14:32:24.189+0000][6][gc,marking   ] GC(10) Concurrent Cleanup for Next Mark
[2020-08-12T14:32:24.201+0000][6][gc,marking   ] GC(10) Concurrent Cleanup for Next Mark 11.912ms
[2020-08-12T14:32:24.201+0000][6][gc           ] GC(10) Concurrent Cycle 282.116ms
[2020-08-12T14:32:25.024+0000][6][gc,start     ] GC(11) Pause Young (Normal) (G1 Evacuation Pause)
[2020-08-12T14:32:25.024+0000][6][gc,task      ] GC(11) Using 2 workers of 2 for evacuation
[2020-08-12T14:32:25.024+0000][6][gc,age       ] GC(11) Desired survivor size 3670016 bytes, new threshold 1 (max threshold 15)
[2020-08-12T14:32:25.438+0000][6][gc,age       ] GC(11) Age table with threshold 1 (max threshold 15)
[2020-08-12T14:32:25.438+0000][6][gc,age       ] GC(11) - age   1:     676048 bytes,     676048 total
[2020-08-12T14:32:25.438+0000][6][gc,mmu       ] GC(11) MMU target violated: 201.0ms (200.0ms/201.0ms)
[2020-08-12T14:32:25.438+0000][6][gc,phases    ] GC(11)   Pre Evacuate Collection Set: 0.5ms
[2020-08-12T14:32:25.438+0000][6][gc,phases    ] GC(11)   Merge Heap Roots: 0.2ms
[2020-08-12T14:32:25.438+0000][6][gc,phases    ] GC(11)   Evacuate Collection Set: 410.0ms
[2020-08-12T14:32:25.439+0000][6][gc,phases    ] GC(11)   Post Evacuate Collection Set: 3.4ms
[2020-08-12T14:32:25.439+0000][6][gc,phases    ] GC(11)   Other: 0.4ms
[2020-08-12T14:32:25.439+0000][6][gc,heap      ] GC(11) Eden regions: 13->0(613)
[2020-08-12T14:32:25.439+0000][6][gc,heap      ] GC(11) Survivor regions: 38->1(7)
[2020-08-12T14:32:25.439+0000][6][gc,heap      ] GC(11) Old regions: 7->45
[2020-08-12T14:32:25.439+0000][6][gc,heap      ] GC(11) Archive regions: 2->2
[2020-08-12T14:32:25.439+0000][6][gc,heap      ] GC(11) Humongous regions: 1->1
[2020-08-12T14:32:25.439+0000][6][gc,metaspace ] GC(11) Metaspace: 33866K(37420K)->33866K(37420K) NonClass: 29442K(31916K)->29442K(31916K) Class: 4423K(5504K)->4423K(5504K)
[2020-08-12T14:32:25.439+0000][6][gc           ] GC(11) Pause Young (Normal) (G1 Evacuation Pause) 58M->46M(1024M) 414.706ms
[2020-08-12T14:32:25.439+0000][6][gc,cpu       ] GC(11) User=0.28s Sys=0.00s Real=0.41s
[2020-08-12T14:32:25.439+0000][6][safepoint    ] Safepoint "G1CollectForAllocation", Time since last: 835181800 ns, Reaching safepoint: 296110 ns, At safepoint: 414910237 ns, Total: 415206347 ns
[2020-08-12T14:32:26.439+0000][6][safepoint    ] Safepoint "Cleanup", Time since last: 1000141818 ns, Reaching safepoint: 263660 ns, At safepoint: 16450 ns, Total: 280110 ns
[2020-08-12T14:32:27.443+0000][6][safepoint    ] Safepoint "Cleanup", Time since last: 1000167768 ns, Reaching safepoint: 3606156 ns, At safepoint: 24075 ns, Total: 3630231 ns
[2020-08-12T14:32:28.444+0000][6][safepoint    ] Safepoint "Cleanup", Time since last: 1000195892 ns, Reaching safepoint: 197424 ns, At safepoint: 9337 ns, Total: 206761 ns
[2020-08-12T14:32:29.456+0000][6][safepoint    ] Safepoint "Cleanup", Time since last: 1004384656 ns, Reaching safepoint: 8261465 ns, At safepoint: 21437 ns, Total: 8282902 ns
[2020-08-12T14:32:30.462+0000][6][safepoint    ] Safepoint "Cleanup", Time since last: 1000176580 ns, Reaching safepoint: 5781949 ns, At safepoint: 17800 ns, Total: 5799749 ns
[2020-08-12T14:32:32.207+0000][6][safepoint    ] Safepoint "Cleanup", Time since last: 1744736919 ns, Reaching safepoint: 346946 ns, At safepoint: 11825 ns, Total: 358771 ns
[2020-08-12T14:32:33.209+0000][6][safepoint    ] Safepoint "Cleanup", Time since last: 1001219147 ns, Reaching safepoint: 220123 ns, At safepoint: 11087 ns, Total: 231210 ns
[2020-08-12T14:32:35.209+0000][6][safepoint    ] Safepoint "Cleanup", Time since last: 2000294874 ns, Reaching safepoint: 286998 ns, At safepoint: 13937 ns, Total: 300935 ns
[2020-08-12T14:32:36.211+0000][6][safepoint    ] Safepoint "Cleanup", Time since last: 1001084473 ns, Reaching safepoint: 223173 ns, At safepoint: 12050 ns, Total: 235223 ns
[2020-08-12T14:32:37.217+0000][6][safepoint    ] Safepoint "Cleanup", Time since last: 1005293323 ns, Reaching safepoint: 638931 ns, At safepoint: 25475 ns, Total: 664406 ns
[2020-08-12T14:32:39.107+0000][6][safepoint    ] Safepoint "Cleanup", Time since last: 1881803983 ns, Reaching safepoint: 8740185 ns, At safepoint: 16775 ns, Total: 8756960 ns
[2020-08-12T14:32:41.918+0000][6][safepoint    ] Safepoint "Cleanup", Time since last: 2810452158 ns, Reaching safepoint: 281435 ns, At safepoint: 15562 ns, Total: 296997 ns
[2020-08-12T14:32:42.923+0000][6][safepoint    ] Safepoint "Cleanup", Time since last: 1002996156 ns, Reaching safepoint: 2207881 ns, At safepoint: 23612 ns, Total: 2231493 ns
[2020-08-12T14:32:43.925+0000][6][safepoint    ] Safepoint "Cleanup", Time since last: 1000798887 ns, Reaching safepoint: 1168603 ns, At safepoint: 18374 ns, Total: 1186977 ns
[2020-08-12T14:32:45.674+0000][6][safepoint    ] Safepoint "Cleanup", Time since last: 1744797443 ns, Reaching safepoint: 4158001 ns, At safepoint: 19837 ns, Total: 4177838 ns
[2020-08-12T14:32:46.677+0000][6][safepoint    ] Safepoint "Cleanup", Time since last: 1001835316 ns, Reaching safepoint: 1268677 ns, At safepoint: 17949 ns, Total: 1286626 ns
[2020-08-12T14:32:47.764+0000][6][safepoint    ] Safepoint "Cleanup", Time since last: 1085465315 ns, Reaching safepoint: 1395013 ns, At safepoint: 12550 ns, Total: 1407563 ns
[2020-08-12T14:32:47.975+0000][6][safepoint    ] Safepoint "BulkRevokeBias", Time since last: 210814651 ns, Reaching safepoint: 118724 ns, At safepoint: 162373 ns, Total: 281097 ns
[2020-08-12T14:32:47.998+0000][6][safepoint    ] Safepoint "BulkRevokeBias", Time since last: 17192736 ns, Reaching safepoint: 5508914 ns, At safepoint: 217510 ns, Total: 5726424 ns
[2020-08-12T14:32:48.016+0000][6][safepoint    ] Safepoint "BulkRevokeBias", Time since last: 17385534 ns, Reaching safepoint: 112024 ns, At safepoint: 175861 ns, Total: 287885 ns
[2020-08-12T14:32:48.024+0000][6][safepoint    ] Safepoint "BulkRevokeBias", Time since last: 7429697 ns, Reaching safepoint: 125212 ns, At safepoint: 188361 ns, Total: 313573 ns
[2020-08-12T14:32:48.206+0000][6][gc,start     ] GC(12) Pause Young (Concurrent Start) (Metadata GC Threshold)
[2020-08-12T14:32:48.206+0000][6][gc,task      ] GC(12) Using 2 workers of 2 for evacuation
[2020-08-12T14:32:48.206+0000][6][gc,age       ] GC(12) Desired survivor size 40370176 bytes, new threshold 15 (max threshold 15)
[2020-08-12T14:32:48.387+0000][6][gc,age       ] GC(12) Age table with threshold 15 (max threshold 15)
[2020-08-12T14:32:48.387+0000][6][gc,age       ] GC(12) - age   1:    9951432 bytes,    9951432 total
[2020-08-12T14:32:48.387+0000][6][gc,age       ] GC(12) - age   2:     593200 bytes,   10544632 total
[2020-08-12T14:32:48.387+0000][6][gc,phases    ] GC(12)   Pre Evacuate Collection Set: 1.0ms
[2020-08-12T14:32:48.388+0000][6][gc,phases    ] GC(12)   Merge Heap Roots: 4.7ms
[2020-08-12T14:32:48.388+0000][6][gc,phases    ] GC(12)   Evacuate Collection Set: 170.4ms
[2020-08-12T14:32:48.388+0000][6][gc,phases    ] GC(12)   Post Evacuate Collection Set: 4.8ms
[2020-08-12T14:32:48.388+0000][6][gc,phases    ] GC(12)   Other: 0.6ms
[2020-08-12T14:32:48.388+0000][6][gc,heap      ] GC(12) Eden regions: 280->0(53)
[2020-08-12T14:32:48.388+0000][6][gc,heap      ] GC(12) Survivor regions: 1->11(77)
[2020-08-12T14:32:48.388+0000][6][gc,heap      ] GC(12) Old regions: 45->45
[2020-08-12T14:32:48.388+0000][6][gc,heap      ] GC(12) Archive regions: 2->2
[2020-08-12T14:32:48.388+0000][6][gc,heap      ] GC(12) Humongous regions: 1->1
[2020-08-12T14:32:48.388+0000][6][gc,metaspace ] GC(12) Metaspace: 54773K(59808K)->54773K(59808K) NonClass: 47361K(50592K)->47361K(50592K) Class: 7412K(9216K)->7412K(9216K)
[2020-08-12T14:32:48.388+0000][6][gc           ] GC(12) Pause Young (Concurrent Start) (Metadata GC Threshold) 326M->56M(1024M) 181.730ms
[2020-08-12T14:32:48.392+0000][6][gc,cpu       ] GC(12) User=0.11s Sys=0.00s Real=0.18s
[2020-08-12T14:32:48.392+0000][6][safepoint    ] Safepoint "CollectForMetadataAllocation", Time since last: 181531197 ns, Reaching safepoint: 983041 ns, At safepoint: 186241055 ns, Total: 187224096 ns
[2020-08-12T14:32:48.394+0000][6][gc           ] GC(13) Concurrent Cycle
[2020-08-12T14:32:48.394+0000][6][gc,marking   ] GC(13) Concurrent Clear Claimed Marks
[2020-08-12T14:32:48.395+0000][6][gc,marking   ] GC(13) Concurrent Clear Claimed Marks 0.576ms
[2020-08-12T14:32:48.395+0000][6][gc,marking   ] GC(13) Concurrent Scan Root Regions
[2020-08-12T14:32:48.542+0000][6][gc,marking   ] GC(13) Concurrent Scan Root Regions 147.168ms
[2020-08-12T14:32:48.542+0000][6][gc,marking   ] GC(13) Concurrent Mark (91.964s)
[2020-08-12T14:32:48.542+0000][6][gc,marking   ] GC(13) Concurrent Mark From Roots
[2020-08-12T14:32:48.542+0000][6][gc,task      ] GC(13) Using 1 workers of 1 for marking
[2020-08-12T14:32:48.659+0000][6][safepoint    ] Safepoint "CollectForMetadataAllocation", Time since last: 265446744 ns, Reaching safepoint: 1319726 ns, At safepoint: 268735 ns, Total: 1588461 ns
[2020-08-12T14:32:49.082+0000][6][safepoint    ] Safepoint "CollectForMetadataAllocation", Time since last: 421884399 ns, Reaching safepoint: 255036 ns, At safepoint: 514220 ns, Total: 769256 ns
[2020-08-12T14:32:49.367+0000][6][gc,marking   ] GC(13) Concurrent Mark From Roots 824.923ms
[2020-08-12T14:32:49.367+0000][6][gc,marking   ] GC(13) Concurrent Preclean
[2020-08-12T14:32:49.367+0000][6][gc,marking   ] GC(13) Concurrent Preclean 0.347ms
[2020-08-12T14:32:49.367+0000][6][gc,marking   ] GC(13) Concurrent Mark (91.964s, 92.789s) 825.427ms
[2020-08-12T14:32:49.376+0000][6][gc,start     ] GC(13) Pause Remark
[2020-08-12T14:32:49.421+0000][6][gc           ] GC(13) Pause Remark 66M->66M(1024M) 45.000ms
[2020-08-12T14:32:49.421+0000][6][gc,cpu       ] GC(13) User=0.03s Sys=0.00s Real=0.04s
[2020-08-12T14:32:49.421+0000][6][safepoint    ] Safepoint "G1Concurrent", Time since last: 285503366 ns, Reaching safepoint: 8578487 ns, At safepoint: 45202989 ns, Total: 53781476 ns
[2020-08-12T14:32:49.421+0000][6][gc,marking   ] GC(13) Concurrent Rebuild Remembered Sets
[2020-08-12T14:32:49.881+0000][6][gc,marking   ] GC(13) Concurrent Rebuild Remembered Sets 459.554ms
[2020-08-12T14:32:49.883+0000][6][gc,start     ] GC(13) Pause Cleanup
[2020-08-12T14:32:49.886+0000][6][gc           ] GC(13) Pause Cleanup 73M->73M(1024M) 2.960ms
[2020-08-12T14:32:49.886+0000][6][gc,cpu       ] GC(13) User=0.00s Sys=0.00s Real=0.01s
[2020-08-12T14:32:49.886+0000][6][safepoint    ] Safepoint "G1Concurrent", Time since last: 459844176 ns, Reaching safepoint: 1886371 ns, At safepoint: 3161010 ns, Total: 5047381 ns
[2020-08-12T14:32:49.887+0000][6][gc,marking   ] GC(13) Concurrent Cleanup for Next Mark
[2020-08-12T14:32:49.912+0000][6][gc,marking   ] GC(13) Concurrent Cleanup for Next Mark 25.031ms
[2020-08-12T14:32:49.912+0000][6][gc           ] GC(13) Concurrent Cycle 1518.155ms
[2020-08-12T14:32:50.890+0000][6][safepoint    ] Safepoint "Cleanup", Time since last: 1000130706 ns, Reaching safepoint: 3680942 ns, At safepoint: 16263 ns, Total: 3697205 ns
[2020-08-12T14:32:51.184+0000][6][gc,start     ] GC(14) Pause Young (Concurrent Start) (G1 Evacuation Pause)
[2020-08-12T14:32:51.184+0000][6][gc,task      ] GC(14) Using 2 workers of 2 for evacuation
[2020-08-12T14:32:51.184+0000][6][gc,age       ] GC(14) Desired survivor size 4194304 bytes, new threshold 1 (max threshold 15)
[2020-08-12T14:32:51.295+0000][6][gc,age       ] GC(14) Age table with threshold 1 (max threshold 15)
[2020-08-12T14:32:51.295+0000][6][gc,age       ] GC(14) - age   1:     727648 bytes,     727648 total
[2020-08-12T14:32:51.295+0000][6][gc,phases    ] GC(14)   Pre Evacuate Collection Set: 1.0ms
[2020-08-12T14:32:51.295+0000][6][gc,phases    ] GC(14)   Merge Heap Roots: 0.4ms
[2020-08-12T14:32:51.295+0000][6][gc,phases    ] GC(14)   Evacuate Collection Set: 106.7ms
[2020-08-12T14:32:51.295+0000][6][gc,phases    ] GC(14)   Post Evacuate Collection Set: 3.0ms
[2020-08-12T14:32:51.295+0000][6][gc,phases    ] GC(14)   Other: 0.5ms
[2020-08-12T14:32:51.295+0000][6][gc,heap      ] GC(14) Eden regions: 53->0(255)
[2020-08-12T14:32:51.295+0000][6][gc,heap      ] GC(14) Survivor regions: 11->2(8)
[2020-08-12T14:32:51.295+0000][6][gc,heap      ] GC(14) Old regions: 45->55
[2020-08-12T14:32:51.295+0000][6][gc,heap      ] GC(14) Archive regions: 2->2
[2020-08-12T14:32:51.295+0000][6][gc,heap      ] GC(14) Humongous regions: 1->1
[2020-08-12T14:32:51.295+0000][6][gc,metaspace ] GC(14) Metaspace: 57305K(62648K)->57305K(62648K) NonClass: 49433K(52792K)->49433K(52792K) Class: 7872K(9856K)->7872K(9856K)
[2020-08-12T14:32:51.296+0000][6][gc           ] GC(14) Pause Young (Concurrent Start) (G1 Evacuation Pause) 109M->57M(1024M) 111.922ms
[2020-08-12T14:32:51.296+0000][6][gc,cpu       ] GC(14) User=0.07s Sys=0.01s Real=0.12s
[2020-08-12T14:32:51.296+0000][6][safepoint    ] Safepoint "G1CollectForAllocation", Time since last: 293373934 ns, Reaching safepoint: 230748 ns, At safepoint: 112112223 ns, Total: 112342971 ns
[2020-08-12T14:32:51.296+0000][6][gc           ] GC(15) Concurrent Cycle
[2020-08-12T14:32:51.296+0000][6][gc,marking   ] GC(15) Concurrent Clear Claimed Marks
[2020-08-12T14:32:51.296+0000][6][gc,marking   ] GC(15) Concurrent Clear Claimed Marks 0.566ms
[2020-08-12T14:32:51.296+0000][6][gc,marking   ] GC(15) Concurrent Scan Root Regions
[2020-08-12T14:32:51.384+0000][6][gc,marking   ] GC(15) Concurrent Scan Root Regions 87.177ms
[2020-08-12T14:32:51.384+0000][6][gc,marking   ] GC(15) Concurrent Mark (94.806s)
[2020-08-12T14:32:51.384+0000][6][gc,marking   ] GC(15) Concurrent Mark From Roots
[2020-08-12T14:32:51.384+0000][6][gc,task      ] GC(15) Using 1 workers of 1 for marking
[2020-08-12T14:32:52.305+0000][6][safepoint    ] Safepoint "Cleanup", Time since last: 1005219573 ns, Reaching safepoint: 4235763 ns, At safepoint: 31037 ns, Total: 4266800 ns
[2020-08-12T14:32:52.364+0000][6][gc,marking   ] GC(15) Concurrent Mark From Roots 980.156ms
[2020-08-12T14:32:52.364+0000][6][gc,marking   ] GC(15) Concurrent Preclean
[2020-08-12T14:32:52.364+0000][6][gc,marking   ] GC(15) Concurrent Preclean 0.333ms
[2020-08-12T14:32:52.364+0000][6][gc,marking   ] GC(15) Concurrent Mark (94.806s, 95.786s) 980.642ms
[2020-08-12T14:32:52.376+0000][6][gc,start     ] GC(15) Pause Remark
[2020-08-12T14:32:52.412+0000][6][gc           ] GC(15) Pause Remark 74M->74M(1024M) 35.823ms
[2020-08-12T14:32:52.412+0000][6][gc,cpu       ] GC(15) User=0.02s Sys=0.00s Real=0.03s
[2020-08-12T14:32:52.412+0000][6][safepoint    ] Safepoint "G1Concurrent", Time since last: 63738000 ns, Reaching safepoint: 7141899 ns, At safepoint: 36025094 ns, Total: 43166993 ns
[2020-08-12T14:32:52.412+0000][6][gc,marking   ] GC(15) Concurrent Rebuild Remembered Sets
[2020-08-12T14:32:53.009+0000][6][gc,marking   ] GC(15) Concurrent Rebuild Remembered Sets 596.762ms
[2020-08-12T14:32:53.021+0000][6][gc,start     ] GC(15) Pause Cleanup
[2020-08-12T14:32:53.022+0000][6][gc           ] GC(15) Pause Cleanup 77M->77M(1024M) 0.661ms
[2020-08-12T14:32:53.022+0000][6][gc,cpu       ] GC(15) User=0.00s Sys=0.00s Real=0.00s
[2020-08-12T14:32:53.022+0000][6][safepoint    ] Safepoint "G1Concurrent", Time since last: 598899724 ns, Reaching safepoint: 9857363 ns, At safepoint: 875105 ns, Total: 10732468 ns
[2020-08-12T14:32:53.028+0000][6][gc,marking   ] GC(15) Concurrent Cleanup for Next Mark
[2020-08-12T14:32:53.063+0000][6][gc,marking   ] GC(15) Concurrent Cleanup for Next Mark 34.988ms
[2020-08-12T14:32:53.063+0000][6][gc           ] GC(15) Concurrent Cycle 1767.321ms
[2020-08-12T14:32:54.594+0000][6][safepoint    ] Safepoint "Cleanup", Time since last: 1568670773 ns, Reaching safepoint: 3529807 ns, At safepoint: 40124 ns, Total: 3569931 ns
[2020-08-12T14:32:55.596+0000][6][safepoint    ] Safepoint "Cleanup", Time since last: 1001966740 ns, Reaching safepoint: 316260 ns, At safepoint: 13925 ns, Total: 330185 ns
[2020-08-12T14:32:56.653+0000][6][safepoint    ] Safepoint "Cleanup", Time since last: 1053703907 ns, Reaching safepoint: 2734839 ns, At safepoint: 21900 ns, Total: 2756739 ns
[2020-08-12T14:32:57.663+0000][6][safepoint    ] Safepoint "Cleanup", Time since last: 1009599222 ns, Reaching safepoint: 217186 ns, At safepoint: 14887 ns, Total: 232073 ns
[2020-08-12T14:32:59.464+0000][6][safepoint    ] Safepoint "Cleanup", Time since last: 1793394564 ns, Reaching safepoint: 8230552 ns, At safepoint: 20550 ns, Total: 8251102 ns
[2020-08-12T14:33:00.474+0000][6][safepoint    ] Safepoint "Cleanup", Time since last: 1005732456 ns, Reaching safepoint: 4134289 ns, At safepoint: 16587 ns, Total: 4150876 ns
[2020-08-12T14:33:01.619+0000][6][safepoint    ] Safepoint "Cleanup", Time since last: 1143569202 ns, Reaching safepoint: 1429525 ns, At safepoint: 13412 ns, Total: 1442937 ns
[2020-08-12T14:33:02.993+0000][6][safepoint    ] Safepoint "Cleanup", Time since last: 1370832345 ns, Reaching safepoint: 3363083 ns, At safepoint: 17087 ns, Total: 3380170 ns
[2020-08-12T14:33:03.994+0000][6][safepoint    ] Safepoint "Cleanup", Time since last: 1000197531 ns, Reaching safepoint: 165336 ns, At safepoint: 10150 ns, Total: 175486 ns
[2020-08-12T14:33:04.997+0000][6][safepoint    ] Safepoint "Cleanup", Time since last: 1001282933 ns, Reaching safepoint: 2127806 ns, At safepoint: 16600 ns, Total: 2144406 ns
[2020-08-12T14:33:06.264+0000][6][safepoint    ] Safepoint "Cleanup", Time since last: 1266983100 ns, Reaching safepoint: 219673 ns, At safepoint: 13725 ns, Total: 233398 ns
[2020-08-12T14:33:07.477+0000][6][safepoint    ] Safepoint "Cleanup", Time since last: 1210648634 ns, Reaching safepoint: 2097269 ns, At safepoint: 13650 ns, Total: 2110919 ns
[2020-08-12T14:33:08.836+0000][6][safepoint    ] Safepoint "Cleanup", Time since last: 1358877876 ns, Reaching safepoint: 228735 ns, At safepoint: 10062 ns, Total: 238797 ns
[2020-08-12T14:33:09.837+0000][6][safepoint    ] Safepoint "Cleanup", Time since last: 1000240855 ns, Reaching safepoint: 277048 ns, At safepoint: 10737 ns, Total: 287785 ns
[2020-08-12T14:33:10.395+0000][6][safepoint    ] Safepoint "BulkRevokeBias", Time since last: 550077068 ns, Reaching safepoint: 8308464 ns, At safepoint: 320885 ns, Total: 8629349 ns
[2020-08-12T14:33:10.543+0000][6][safepoint    ] Safepoint "BulkRevokeBias", Time since last: 146524293 ns, Reaching safepoint: 270361 ns, At safepoint: 791030 ns, Total: 1061391 ns
[2020-08-12T14:33:11.554+0000][6][safepoint    ] Safepoint "Cleanup", Time since last: 1002922694 ns, Reaching safepoint: 8196228 ns, At safepoint: 24262 ns, Total: 8220490 ns
[2020-08-12T14:33:12.592+0000][6][safepoint    ] Safepoint "Cleanup", Time since last: 1037777298 ns, Reaching safepoint: 274435 ns, At safepoint: 10988 ns, Total: 285423 ns
[2020-08-12T14:33:13.625+0000][6][safepoint    ] Safepoint "Cleanup", Time since last: 1032057911 ns, Reaching safepoint: 275935 ns, At safepoint: 11150 ns, Total: 287085 ns
[2020-08-12T14:33:13.720+0000][6][safepoint    ] Safepoint "BulkRevokeBias", Time since last: 94321730 ns, Reaching safepoint: 391347 ns, At safepoint: 899317 ns, Total: 1290664 ns
[2020-08-12T14:33:13.882+0000][6][safepoint    ] Safepoint "BulkRevokeBias", Time since last: 160470358 ns, Reaching safepoint: 573032 ns, At safepoint: 843568 ns, Total: 1416600 ns
[2020-08-12T14:33:14.923+0000][6][safepoint    ] Safepoint "Cleanup", Time since last: 1034876849 ns, Reaching safepoint: 6282782 ns, At safepoint: 22387 ns, Total: 6305169 ns
[2020-08-12T14:33:14.996+0000][6][gc,start     ] GC(16) Pause Young (Normal) (G1 Evacuation Pause)
[2020-08-12T14:33:14.996+0000][6][gc,task      ] GC(16) Using 2 workers of 2 for evacuation
[2020-08-12T14:33:14.996+0000][6][gc,age       ] GC(16) Desired survivor size 17825792 bytes, new threshold 15 (max threshold 15)
[2020-08-12T14:33:15.200+0000][6][gc,age       ] GC(16) Age table with threshold 15 (max threshold 15)
[2020-08-12T14:33:15.200+0000][6][gc,age       ] GC(16) - age   1:    8369216 bytes,    8369216 total
[2020-08-12T14:33:15.200+0000][6][gc,age       ] GC(16) - age   2:     694000 bytes,    9063216 total
[2020-08-12T14:33:15.200+0000][6][gc,mmu       ] GC(16) MMU target violated: 201.0ms (200.0ms/201.0ms)
[2020-08-12T14:33:15.201+0000][6][gc,phases    ] GC(16)   Pre Evacuate Collection Set: 0.5ms
[2020-08-12T14:33:15.201+0000][6][gc,phases    ] GC(16)   Merge Heap Roots: 4.0ms
[2020-08-12T14:33:15.201+0000][6][gc,phases    ] GC(16)   Evacuate Collection Set: 191.1ms
[2020-08-12T14:33:15.201+0000][6][gc,phases    ] GC(16)   Post Evacuate Collection Set: 8.3ms
[2020-08-12T14:33:15.201+0000][6][gc,phases    ] GC(16)   Other: 0.5ms
[2020-08-12T14:33:15.201+0000][6][gc,heap      ] GC(16) Eden regions: 270->0(94)
[2020-08-12T14:33:15.201+0000][6][gc,heap      ] GC(16) Survivor regions: 2->9(34)
[2020-08-12T14:33:15.201+0000][6][gc,heap      ] GC(16) Old regions: 55->55
[2020-08-12T14:33:15.201+0000][6][gc,heap      ] GC(16) Archive regions: 2->2
[2020-08-12T14:33:15.201+0000][6][gc,heap      ] GC(16) Humongous regions: 1->1
[2020-08-12T14:33:15.201+0000][6][gc,metaspace ] GC(16) Metaspace: 83140K(90040K)->83140K(90040K) NonClass: 71737K(75832K)->71737K(75832K) Class: 11402K(14208K)->11402K(14208K)
[2020-08-12T14:33:15.201+0000][6][gc           ] GC(16) Pause Young (Normal) (G1 Evacuation Pause) 327M->65M(1024M) 204.671ms
[2020-08-12T14:33:15.201+0000][6][gc,cpu       ] GC(16) User=0.14s Sys=0.00s Real=0.20s
[2020-08-12T14:33:15.201+0000][6][safepoint    ] Safepoint "G1CollectForAllocation", Time since last: 59462038 ns, Reaching safepoint: 13447293 ns, At safepoint: 204907803 ns, Total: 218355096 ns
[2020-08-12T14:33:16.587+0000][6][safepoint    ] Safepoint "Cleanup", Time since last: 1385691852 ns, Reaching safepoint: 330772 ns, At safepoint: 10962 ns, Total: 341734 ns
[2020-08-12T14:33:17.805+0000][6][safepoint    ] Safepoint "Cleanup", Time since last: 1211461865 ns, Reaching safepoint: 6705091 ns, At safepoint: 22587 ns, Total: 6727678 ns
[2020-08-12T14:33:18.969+0000][6][safepoint    ] Safepoint "Cleanup", Time since last: 1145960206 ns, Reaching safepoint: 17947054 ns, At safepoint: 29662 ns, Total: 17976716 ns
[2020-08-12T14:33:20.077+0000][6][safepoint    ] Safepoint "Cleanup", Time since last: 1107720556 ns, Reaching safepoint: 358697 ns, At safepoint: 12412 ns, Total: 371109 ns
[2020-08-12T14:33:20.508+0000][6][safepoint    ] Safepoint "BulkRevokeBias", Time since last: 429804342 ns, Reaching safepoint: 341160 ns, At safepoint: 921129 ns, Total: 1262289 ns
[2020-08-12T14:33:21.764+0000][6][safepoint    ] Safepoint "Cleanup", Time since last: 1254253412 ns, Reaching safepoint: 1614473 ns, At safepoint: 21750 ns, Total: 1636223 ns
[2020-08-12T14:33:22.832+0000][6][gc,start     ] GC(17) Pause Young (Normal) (G1 Evacuation Pause)
[2020-08-12T14:33:22.832+0000][6][gc,task      ] GC(17) Using 2 workers of 2 for evacuation
[2020-08-12T14:33:22.833+0000][6][gc,age       ] GC(17) Desired survivor size 6815744 bytes, new threshold 1 (max threshold 15)
[2020-08-12T14:33:22.992+0000][6][gc,age       ] GC(17) Age table with threshold 1 (max threshold 15)
[2020-08-12T14:33:22.992+0000][6][gc,age       ] GC(17) - age   1:    4851992 bytes,    4851992 total
[2020-08-12T14:33:22.992+0000][6][gc,phases    ] GC(17)   Pre Evacuate Collection Set: 0.5ms
[2020-08-12T14:33:22.992+0000][6][gc,phases    ] GC(17)   Merge Heap Roots: 0.3ms
[2020-08-12T14:33:22.992+0000][6][gc,phases    ] GC(17)   Evacuate Collection Set: 153.8ms
[2020-08-12T14:33:22.992+0000][6][gc,phases    ] GC(17)   Post Evacuate Collection Set: 4.3ms
[2020-08-12T14:33:22.992+0000][6][gc,phases    ] GC(17)   Other: 0.5ms
[2020-08-12T14:33:22.992+0000][6][gc,heap      ] GC(17) Eden regions: 94->0(171)
[2020-08-12T14:33:22.992+0000][6][gc,heap      ] GC(17) Survivor regions: 9->6(13)
[2020-08-12T14:33:22.992+0000][6][gc,heap      ] GC(17) Old regions: 55->63
[2020-08-12T14:33:22.992+0000][6][gc,heap      ] GC(17) Archive regions: 2->2
[2020-08-12T14:33:22.992+0000][6][gc,heap      ] GC(17) Humongous regions: 7->7
[2020-08-12T14:33:22.992+0000][6][gc,metaspace ] GC(17) Metaspace: 89134K(96696K)->89134K(96696K) NonClass: 76883K(81464K)->76883K(81464K) Class: 12250K(15232K)->12250K(15232K)
[2020-08-12T14:33:22.992+0000][6][gc           ] GC(17) Pause Young (Normal) (G1 Evacuation Pause) 165M->76M(1024M) 159.773ms
[2020-08-12T14:33:22.992+0000][6][gc,cpu       ] GC(17) User=0.09s Sys=0.00s Real=0.16s
[2020-08-12T14:33:22.992+0000][6][safepoint    ] Safepoint "G1CollectForAllocation", Time since last: 1064693586 ns, Reaching safepoint: 3306121 ns, At safepoint: 160021087 ns, Total: 163327208 ns
[2020-08-12T14:33:24.064+0000][6][safepoint    ] Safepoint "Cleanup", Time since last: 1066911441 ns, Reaching safepoint: 4995306 ns, At safepoint: 22925 ns, Total: 5018231 ns
[2020-08-12T14:33:25.082+0000][6][safepoint    ] Safepoint "Cleanup", Time since last: 1017387978 ns, Reaching safepoint: 358510 ns, At safepoint: 12150 ns, Total: 370660 ns
[2020-08-12T14:33:25.089+0000][6][safepoint    ] Safepoint "BulkRevokeBias", Time since last: 2646501 ns, Reaching safepoint: 376359 ns, At safepoint: 4188826 ns, Total: 4565185 ns
[2020-08-12T14:33:26.560+0000][6][safepoint    ] Safepoint "Cleanup", Time since last: 1470381791 ns, Reaching safepoint: 414159 ns, At safepoint: 17775 ns, Total: 431934 ns
[2020-08-12T14:33:27.897+0000][6][safepoint    ] Safepoint "Cleanup", Time since last: 1336703071 ns, Reaching safepoint: 489996 ns, At safepoint: 13075 ns, Total: 503071 ns
[2020-08-12T14:33:28.933+0000][6][safepoint    ] Safepoint "Cleanup", Time since last: 1035472619 ns, Reaching safepoint: 370684 ns, At safepoint: 11150 ns, Total: 381834 ns
[2020-08-12T14:33:29.976+0000][6][safepoint    ] Safepoint "Cleanup", Time since last: 1042748292 ns, Reaching safepoint: 307585 ns, At safepoint: 11787 ns, Total: 319372 ns
[2020-08-12T14:33:30.977+0000][6][safepoint    ] Safepoint "Cleanup", Time since last: 1000182180 ns, Reaching safepoint: 263498 ns, At safepoint: 11738 ns, Total: 275236 ns
[2020-08-12T14:33:31.977+0000][6][safepoint    ] Safepoint "Cleanup", Time since last: 1000201630 ns, Reaching safepoint: 298035 ns, At safepoint: 11550 ns, Total: 309585 ns
[2020-08-12T14:33:32.978+0000][6][safepoint    ] Safepoint "Cleanup", Time since last: 1000188368 ns, Reaching safepoint: 254610 ns, At safepoint: 11325 ns, Total: 265935 ns
[2020-08-12T14:33:34.603+0000][6][safepoint    ] Safepoint "Cleanup", Time since last: 1625050775 ns, Reaching safepoint: 297447 ns, At safepoint: 11875 ns, Total: 309322 ns
[2020-08-12T14:33:36.256+0000][6][safepoint    ] Safepoint "Cleanup", Time since last: 1652503158 ns, Reaching safepoint: 280985 ns, At safepoint: 11512 ns, Total: 292497 ns
[2020-08-12T14:33:37.992+0000][6][safepoint    ] Safepoint "Cleanup", Time since last: 1735720511 ns, Reaching safepoint: 405171 ns, At safepoint: 13475 ns, Total: 418646 ns
[2020-08-12T14:33:38.147+0000][6][gc,start     ] GC(18) Pause Young (Normal) (G1 Evacuation Pause)
[2020-08-12T14:33:38.147+0000][6][gc,task      ] GC(18) Using 2 workers of 2 for evacuation
[2020-08-12T14:33:38.148+0000][6][gc,age       ] GC(18) Desired survivor size 12058624 bytes, new threshold 15 (max threshold 15)
[2020-08-12T14:33:38.255+0000][6][gc,age       ] GC(18) Age table with threshold 15 (max threshold 15)
[2020-08-12T14:33:38.255+0000][6][gc,age       ] GC(18) - age   1:    2288800 bytes,    2288800 total
[2020-08-12T14:33:38.255+0000][6][gc,age       ] GC(18) - age   2:    4395304 bytes,    6684104 total
[2020-08-12T14:33:38.256+0000][6][gc,phases    ] GC(18)   Pre Evacuate Collection Set: 0.5ms
[2020-08-12T14:33:38.256+0000][6][gc,phases    ] GC(18)   Merge Heap Roots: 0.3ms
[2020-08-12T14:33:38.256+0000][6][gc,phases    ] GC(18)   Evacuate Collection Set: 103.8ms
[2020-08-12T14:33:38.256+0000][6][gc,phases    ] GC(18)   Post Evacuate Collection Set: 3.1ms
[2020-08-12T14:33:38.256+0000][6][gc,phases    ] GC(18)   Other: 0.5ms
[2020-08-12T14:33:38.256+0000][6][gc,heap      ] GC(18) Eden regions: 171->0(213)
[2020-08-12T14:33:38.256+0000][6][gc,heap      ] GC(18) Survivor regions: 6->7(23)
[2020-08-12T14:33:38.256+0000][6][gc,heap      ] GC(18) Old regions: 63->63
[2020-08-12T14:33:38.256+0000][6][gc,heap      ] GC(18) Archive regions: 2->2
[2020-08-12T14:33:38.256+0000][6][gc,heap      ] GC(18) Humongous regions: 7->7
[2020-08-12T14:33:38.256+0000][6][gc,metaspace ] GC(18) Metaspace: 90868K(98488K)->90868K(98488K) NonClass: 78427K(83000K)->78427K(83000K) Class: 12440K(15488K)->12440K(15488K)
[2020-08-12T14:33:38.256+0000][6][gc           ] GC(18) Pause Young (Normal) (G1 Evacuation Pause) 247M->77M(1024M) 108.555ms
[2020-08-12T14:33:38.256+0000][6][gc,cpu       ] GC(18) User=0.06s Sys=0.00s Real=0.11s
[2020-08-12T14:33:38.256+0000][6][safepoint    ] Safepoint "G1CollectForAllocation", Time since last: 155098868 ns, Reaching safepoint: 329622 ns, At safepoint: 108799152 ns, Total: 109128774 ns
[2020-08-12T14:33:39.911+0000][6][safepoint    ] Safepoint "ICBufferFull", Time since last: 1654735888 ns, Reaching safepoint: 451034 ns, At safepoint: 16712 ns, Total: 467746 ns
[2020-08-12T14:33:41.773+0000][6][safepoint    ] Safepoint "Cleanup", Time since last: 1861818309 ns, Reaching safepoint: 284685 ns, At safepoint: 12138 ns, Total: 296823 ns
[2020-08-12T14:33:42.774+0000][6][safepoint    ] Safepoint "Cleanup", Time since last: 1000198480 ns, Reaching safepoint: 253935 ns, At safepoint: 27363 ns, Total: 281298 ns
[2020-08-12T14:33:43.602+0000][6][safepoint    ] Safepoint "BulkRevokeBias", Time since last: 826798549 ns, Reaching safepoint: 264897 ns, At safepoint: 827518 ns, Total: 1092415 ns
[2020-08-12T14:33:43.604+0000][6][safepoint    ] Safepoint "BulkRevokeBias", Time since last: 1077153 ns, Reaching safepoint: 238273 ns, At safepoint: 871417 ns, Total: 1109690 ns
[2020-08-12T14:33:44.606+0000][6][safepoint    ] Safepoint "Cleanup", Time since last: 1001967227 ns, Reaching safepoint: 270311 ns, At safepoint: 22512 ns, Total: 292823 ns
[2020-08-12T14:33:45.607+0000][6][safepoint    ] Safepoint "Cleanup", Time since last: 1000190030 ns, Reaching safepoint: 269698 ns, At safepoint: 12837 ns, Total: 282535 ns
[2020-08-12T14:33:46.607+0000][6][safepoint    ] Safepoint "Cleanup", Time since last: 1000233918 ns, Reaching safepoint: 273060 ns, At safepoint: 12362 ns, Total: 285422 ns
[2020-08-12T14:33:47.803+0000][6][safepoint    ] Safepoint "Cleanup", Time since last: 1195431257 ns, Reaching safepoint: 325459 ns, At safepoint: 13463 ns, Total: 338922 ns
[2020-08-12T14:33:49.604+0000][6][safepoint    ] Safepoint "Cleanup", Time since last: 1800296553 ns, Reaching safepoint: 337172 ns, At safepoint: 11874 ns, Total: 349046 ns
[2020-08-12T14:33:50.604+0000][6][safepoint    ] Safepoint "Cleanup", Time since last: 1000183943 ns, Reaching safepoint: 488934 ns, At safepoint: 22874 ns, Total: 511808 ns
[2020-08-12T14:33:51.605+0000][6][safepoint    ] Safepoint "Cleanup", Time since last: 1000202018 ns, Reaching safepoint: 263423 ns, At safepoint: 11412 ns, Total: 274835 ns
[2020-08-12T14:33:52.606+0000][6][safepoint    ] Safepoint "Cleanup", Time since last: 1000245455 ns, Reaching safepoint: 790093 ns, At safepoint: 172961 ns, Total: 963054 ns
[2020-08-12T14:33:54.604+0000][6][safepoint    ] Safepoint "Cleanup", Time since last: 1997328688 ns, Reaching safepoint: 281398 ns, At safepoint: 11250 ns, Total: 292648 ns
[2020-08-12T14:33:55.604+0000][6][safepoint    ] Safepoint "Cleanup", Time since last: 1000200630 ns, Reaching safepoint: 520945 ns, At safepoint: 20238 ns, Total: 541183 ns
[2020-08-12T14:33:56.605+0000][6][safepoint    ] Safepoint "Cleanup", Time since last: 1000201768 ns, Reaching safepoint: 268160 ns, At safepoint: 11287 ns, Total: 279447 ns
[2020-08-12T14:33:58.320+0000][6][safepoint    ] Safepoint "Cleanup", Time since last: 1715224716 ns, Reaching safepoint: 301423 ns, At safepoint: 11287 ns, Total: 312710 ns
[2020-08-12T14:33:59.605+0000][6][safepoint    ] Safepoint "Cleanup", Time since last: 1284336634 ns, Reaching safepoint: 305935 ns, At safepoint: 11975 ns, Total: 317910 ns
[2020-08-12T14:34:00.606+0000][6][safepoint    ] Safepoint "Cleanup", Time since last: 1000181155 ns, Reaching safepoint: 419509 ns, At safepoint: 19750 ns, Total: 439259 ns
[2020-08-12T14:34:01.606+0000][6][safepoint    ] Safepoint "Cleanup", Time since last: 1000192830 ns, Reaching safepoint: 299760 ns, At safepoint: 11163 ns, Total: 310923 ns
[2020-08-12T14:34:02.607+0000][6][safepoint    ] Safepoint "Cleanup", Time since last: 1000196567 ns, Reaching safepoint: 378260 ns, At safepoint: 18224 ns, Total: 396484 ns
[2020-08-12T14:34:04.606+0000][6][safepoint    ] Safepoint "Cleanup", Time since last: 1999071973 ns, Reaching safepoint: 309010 ns, At safepoint: 11237 ns, Total: 320247 ns
[2020-08-12T14:34:05.607+0000][6][safepoint    ] Safepoint "Cleanup", Time since last: 1000194680 ns, Reaching safepoint: 322748 ns, At safepoint: 11487 ns, Total: 334235 ns
[2020-08-12T14:34:06.607+0000][6][safepoint    ] Safepoint "Cleanup", Time since last: 1000241318 ns, Reaching safepoint: 267935 ns, At safepoint: 11100 ns, Total: 279035 ns
[2020-08-12T14:34:08.115+0000][6][safepoint    ] Safepoint "Cleanup", Time since last: 1507937396 ns, Reaching safepoint: 309010 ns, At safepoint: 11438 ns, Total: 320448 ns
[2020-08-12T14:34:09.615+0000][6][safepoint    ] Safepoint "Cleanup", Time since last: 1499055637 ns, Reaching safepoint: 637182 ns, At safepoint: 31437 ns, Total: 668619 ns
[2020-08-12T14:34:11.435+0000][6][safepoint    ] Safepoint "Cleanup", Time since last: 1819741544 ns, Reaching safepoint: 260385 ns, At safepoint: 11100 ns, Total: 271485 ns
[2020-08-12T14:34:12.436+0000][6][safepoint    ] Safepoint "Cleanup", Time since last: 1000177881 ns, Reaching safepoint: 261060 ns, At safepoint: 10850 ns, Total: 271910 ns
[2020-08-12T14:34:13.436+0000][6][safepoint    ] Safepoint "Cleanup", Time since last: 1000161793 ns, Reaching safepoint: 339847 ns, At safepoint: 15050 ns, Total: 354897 ns
[2020-08-12T14:34:14.437+0000][6][safepoint    ] Safepoint "Cleanup", Time since last: 1000205005 ns, Reaching safepoint: 258798 ns, At safepoint: 11400 ns, Total: 270198 ns
[2020-08-12T14:34:15.437+0000][6][safepoint    ] Safepoint "Cleanup", Time since last: 1000170430 ns, Reaching safepoint: 255898 ns, At safepoint: 12200 ns, Total: 268098 ns
[2020-08-12T14:34:16.438+0000][6][safepoint    ] Safepoint "Cleanup", Time since last: 1000188680 ns, Reaching safepoint: 254636 ns, At safepoint: 11150 ns, Total: 265786 ns
[2020-08-12T14:34:17.853+0000][6][safepoint    ] Safepoint "Cleanup", Time since last: 1415399926 ns, Reaching safepoint: 434821 ns, At safepoint: 19450 ns, Total: 454271 ns
[2020-08-12T14:34:19.614+0000][6][safepoint    ] Safepoint "Cleanup", Time since last: 1759869610 ns, Reaching safepoint: 257535 ns, At safepoint: 11425 ns, Total: 268960 ns
[2020-08-12T14:34:20.614+0000][6][safepoint    ] Safepoint "Cleanup", Time since last: 1000197418 ns, Reaching safepoint: 287472 ns, At safepoint: 11125 ns, Total: 298597 ns
[2020-08-12T14:34:21.615+0000][6][safepoint    ] Safepoint "Cleanup", Time since last: 1000190781 ns, Reaching safepoint: 352484 ns, At safepoint: 18062 ns, Total: 370546 ns
[2020-08-12T14:34:22.615+0000][6][safepoint    ] Safepoint "Cleanup", Time since last: 1000196318 ns, Reaching safepoint: 291135 ns, At safepoint: 11100 ns, Total: 302235 ns
[2020-08-12T14:34:24.615+0000][6][safepoint    ] Safepoint "Cleanup", Time since last: 1999754804 ns, Reaching safepoint: 267835 ns, At safepoint: 10775 ns, Total: 278610 ns
[2020-08-12T14:34:25.616+0000][6][safepoint    ] Safepoint "Cleanup", Time since last: 1000175706 ns, Reaching safepoint: 295659 ns, At safepoint: 11100 ns, Total: 306759 ns
[2020-08-12T14:34:26.616+0000][6][safepoint    ] Safepoint "Cleanup", Time since last: 1000159456 ns, Reaching safepoint: 281848 ns, At safepoint: 11575 ns, Total: 293423 ns
[2020-08-12T14:34:27.958+0000][6][safepoint    ] Safepoint "Cleanup", Time since last: 1336133551 ns, Reaching safepoint: 5656588 ns, At safepoint: 60549 ns, Total: 5717137 ns
[2020-08-12T14:34:29.616+0000][6][safepoint    ] Safepoint "Cleanup", Time since last: 1657286778 ns, Reaching safepoint: 864792 ns, At safepoint: 43375 ns, Total: 908167 ns
[2020-08-12T14:34:30.617+0000][6][safepoint    ] Safepoint "Cleanup", Time since last: 1000358166 ns, Reaching safepoint: 882743 ns, At safepoint: 43937 ns, Total: 926680 ns
[2020-08-12T14:34:31.618+0000][6][safepoint    ] Safepoint "Cleanup", Time since last: 1000295029 ns, Reaching safepoint: 270698 ns, At safepoint: 11262 ns, Total: 281960 ns
[2020-08-12T14:34:32.618+0000][6][safepoint    ] Safepoint "Cleanup", Time since last: 1000178568 ns, Reaching safepoint: 260661 ns, At safepoint: 11199 ns, Total: 271860 ns
[2020-08-12T14:34:33.619+0000][6][safepoint    ] Safepoint "Cleanup", Time since last: 1000184618 ns, Reaching safepoint: 525308 ns, At safepoint: 34538 ns, Total: 559846 ns
[2020-08-12T14:34:34.620+0000][6][safepoint    ] Safepoint "Cleanup", Time since last: 1000263342 ns, Reaching safepoint: 810780 ns, At safepoint: 44200 ns, Total: 854980 ns
[2020-08-12T14:34:35.621+0000][6][safepoint    ] Safepoint "Cleanup", Time since last: 1000299542 ns, Reaching safepoint: 384184 ns, At safepoint: 17425 ns, Total: 401609 ns
[2020-08-12T14:34:36.621+0000][6][safepoint    ] Safepoint "Cleanup", Time since last: 1000210255 ns, Reaching safepoint: 275010 ns, At safepoint: 10925 ns, Total: 285935 ns
[2020-08-12T14:34:37.002+0000][6][gc,start     ] GC(19) Pause Young (Normal) (G1 Evacuation Pause)
[2020-08-12T14:34:37.002+0000][6][gc,task      ] GC(19) Using 2 workers of 2 for evacuation
[2020-08-12T14:34:37.002+0000][6][gc,age       ] GC(19) Desired survivor size 14680064 bytes, new threshold 15 (max threshold 15)
[2020-08-12T14:34:37.049+0000][6][gc,age       ] GC(19) Age table with threshold 15 (max threshold 15)
[2020-08-12T14:34:37.049+0000][6][gc,age       ] GC(19) - age   1:   10373664 bytes,   10373664 total
[2020-08-12T14:34:37.049+0000][6][gc,age       ] GC(19) - age   2:     597088 bytes,   10970752 total
[2020-08-12T14:34:37.049+0000][6][gc,age       ] GC(19) - age   3:    2864248 bytes,   13835000 total
[2020-08-12T14:34:37.049+0000][6][gc,phases    ] GC(19)   Pre Evacuate Collection Set: 0.5ms
[2020-08-12T14:34:37.049+0000][6][gc,phases    ] GC(19)   Merge Heap Roots: 0.3ms
[2020-08-12T14:34:37.049+0000][6][gc,phases    ] GC(19)   Evacuate Collection Set: 42.4ms
[2020-08-12T14:34:37.049+0000][6][gc,phases    ] GC(19)   Post Evacuate Collection Set: 3.3ms
[2020-08-12T14:34:37.049+0000][6][gc,phases    ] GC(19)   Other: 0.6ms
[2020-08-12T14:34:37.049+0000][6][gc,heap      ] GC(19) Eden regions: 213->0(106)
[2020-08-12T14:34:37.049+0000][6][gc,heap      ] GC(19) Survivor regions: 7->14(28)
[2020-08-12T14:34:37.049+0000][6][gc,heap      ] GC(19) Old regions: 63->63
[2020-08-12T14:34:37.049+0000][6][gc,heap      ] GC(19) Archive regions: 2->2
[2020-08-12T14:34:37.049+0000][6][gc,heap      ] GC(19) Humongous regions: 7->7
[2020-08-12T14:34:37.049+0000][6][gc,metaspace ] GC(19) Metaspace: 92009K(99512K)->92009K(99512K) NonClass: 79500K(84024K)->79500K(84024K) Class: 12508K(15488K)->12508K(15488K)
[2020-08-12T14:34:37.049+0000][6][gc           ] GC(19) Pause Young (Normal) (G1 Evacuation Pause) 290M->84M(1024M) 47.330ms
[2020-08-12T14:34:37.049+0000][6][gc,cpu       ] GC(19) User=0.04s Sys=0.00s Real=0.05s
[2020-08-12T14:34:37.049+0000][6][safepoint    ] Safepoint "G1CollectForAllocation", Time since last: 353828363 ns, Reaching safepoint: 26451116 ns, At safepoint: 47562755 ns, Total: 74013871 ns
[2020-08-12T14:34:38.058+0000][6][safepoint    ] Safepoint "Cleanup", Time since last: 1008354846 ns, Reaching safepoint: 434984 ns, At safepoint: 18975 ns, Total: 453959 ns
[2020-08-12T14:34:39.615+0000][6][safepoint    ] Safepoint "Cleanup", Time since last: 1556596404 ns, Reaching safepoint: 364935 ns, At safepoint: 15375 ns, Total: 380310 ns
[2020-08-12T14:34:40.616+0000][6][safepoint    ] Safepoint "Cleanup", Time since last: 1000219705 ns, Reaching safepoint: 253585 ns, At safepoint: 10937 ns, Total: 264522 ns
[2020-08-12T14:34:41.616+0000][6][safepoint    ] Safepoint "Cleanup", Time since last: 1000201731 ns, Reaching safepoint: 348347 ns, At safepoint: 16962 ns, Total: 365309 ns
[2020-08-12T14:34:42.617+0000][6][safepoint    ] Safepoint "Cleanup", Time since last: 1000219168 ns, Reaching safepoint: 256848 ns, At safepoint: 12099 ns, Total: 268947 ns
[2020-08-12T14:34:44.616+0000][6][safepoint    ] Safepoint "Cleanup", Time since last: 1999464132 ns, Reaching safepoint: 344709 ns, At safepoint: 24975 ns, Total: 369684 ns
[2020-08-12T14:34:45.617+0000][6][safepoint    ] Safepoint "Cleanup", Time since last: 1000241243 ns, Reaching safepoint: 320022 ns, At safepoint: 42912 ns, Total: 362934 ns
[2020-08-12T14:34:46.618+0000][6][safepoint    ] Safepoint "Cleanup", Time since last: 1000266367 ns, Reaching safepoint: 446771 ns, At safepoint: 23900 ns, Total: 470671 ns
[2020-08-12T14:34:47.934+0000][6][safepoint    ] Safepoint "Cleanup", Time since last: 1316100578 ns, Reaching safepoint: 374610 ns, At safepoint: 15637 ns, Total: 390247 ns
[2020-08-12T14:34:49.619+0000][6][safepoint    ] Safepoint "Cleanup", Time since last: 1684090266 ns, Reaching safepoint: 262998 ns, At safepoint: 11475 ns, Total: 274473 ns
[2020-08-12T14:34:50.619+0000][6][safepoint    ] Safepoint "Cleanup", Time since last: 1000169306 ns, Reaching safepoint: 287909 ns, At safepoint: 11400 ns, Total: 299309 ns
[2020-08-12T14:34:51.620+0000][6][safepoint    ] Safepoint "Cleanup", Time since last: 1000187731 ns, Reaching safepoint: 414934 ns, At safepoint: 21837 ns, Total: 436771 ns
[2020-08-12T14:34:52.620+0000][6][safepoint    ] Safepoint "Cleanup", Time since last: 1000242093 ns, Reaching safepoint: 253447 ns, At safepoint: 11363 ns, Total: 264810 ns
[2020-08-12T14:34:53.622+0000][6][safepoint    ] Safepoint "Cleanup", Time since last: 1000720325 ns, Reaching safepoint: 554771 ns, At safepoint: 15349 ns, Total: 570120 ns
[2020-08-12T14:34:54.622+0000][6][safepoint    ] Safepoint "Cleanup", Time since last: 1000203768 ns, Reaching safepoint: 324397 ns, At safepoint: 26963 ns, Total: 351360 ns
[2020-08-12T14:34:55.623+0000][6][safepoint    ] Safepoint "Cleanup", Time since last: 1000255805 ns, Reaching safepoint: 823280 ns, At safepoint: 38262 ns, Total: 861542 ns
[2020-08-12T14:34:56.624+0000][6][safepoint    ] Safepoint "Cleanup", Time since last: 1000276892 ns, Reaching safepoint: 969017 ns, At safepoint: 31262 ns, Total: 1000279 ns
[2020-08-12T14:34:57.898+0000][6][safepoint    ] Safepoint "Cleanup", Time since last: 1273632753 ns, Reaching safepoint: 302110 ns, At safepoint: 10950 ns, Total: 313060 ns
[2020-08-12T14:34:59.619+0000][6][safepoint    ] Safepoint "Cleanup", Time since last: 1720055911 ns, Reaching safepoint: 266310 ns, At safepoint: 11550 ns, Total: 277860 ns
[2020-08-12T14:35:00.620+0000][6][safepoint    ] Safepoint "Cleanup", Time since last: 1000211168 ns, Reaching safepoint: 563357 ns, At safepoint: 29638 ns, Total: 592995 ns
[2020-08-12T14:35:01.620+0000][6][safepoint    ] Safepoint "Cleanup", Time since last: 1000266054 ns, Reaching safepoint: 287773 ns, At safepoint: 11562 ns, Total: 299335 ns
[2020-08-12T14:35:02.621+0000][6][safepoint    ] Safepoint "Cleanup", Time since last: 1000189831 ns, Reaching safepoint: 248973 ns, At safepoint: 11262 ns, Total: 260235 ns
[2020-08-12T14:35:04.618+0000][6][safepoint    ] Safepoint "Cleanup", Time since last: 1997244526 ns, Reaching safepoint: 279885 ns, At safepoint: 10975 ns, Total: 290860 ns
[2020-08-12T14:35:05.619+0000][6][safepoint    ] Safepoint "Cleanup", Time since last: 1000200543 ns, Reaching safepoint: 607257 ns, At safepoint: 32162 ns, Total: 639419 ns
[2020-08-12T14:35:06.620+0000][6][safepoint    ] Safepoint "Cleanup", Time since last: 1000283520 ns, Reaching safepoint: 870892 ns, At safepoint: 44800 ns, Total: 915692 ns
[2020-08-12T14:35:08.070+0000][6][safepoint    ] Safepoint "Cleanup", Time since last: 1449499368 ns, Reaching safepoint: 469608 ns, At safepoint: 19888 ns, Total: 489496 ns
[2020-08-12T14:35:09.619+0000][6][safepoint    ] Safepoint "Cleanup", Time since last: 1548242687 ns, Reaching safepoint: 373859 ns, At safepoint: 17362 ns, Total: 391221 ns
[2020-08-12T14:35:10.620+0000][6][safepoint    ] Safepoint "Cleanup", Time since last: 1000256206 ns, Reaching safepoint: 524608 ns, At safepoint: 27887 ns, Total: 552495 ns
[2020-08-12T14:35:11.621+0000][6][safepoint    ] Safepoint "Cleanup", Time since last: 1000324180 ns, Reaching safepoint: 792980 ns, At safepoint: 43613 ns, Total: 836593 ns
[2020-08-12T14:35:12.622+0000][6][safepoint    ] Safepoint "Cleanup", Time since last: 1000395491 ns, Reaching safepoint: 380809 ns, At safepoint: 18238 ns, Total: 399047 ns
[2020-08-12T14:35:13.623+0000][6][safepoint    ] Safepoint "Cleanup", Time since last: 1000238530 ns, Reaching safepoint: 716981 ns, At safepoint: 38138 ns, Total: 755119 ns
[2020-08-12T14:35:14.623+0000][6][safepoint    ] Safepoint "Cleanup", Time since last: 1000342092 ns, Reaching safepoint: 515458 ns, At safepoint: 26825 ns, Total: 542283 ns
[2020-08-12T14:35:15.625+0000][6][safepoint    ] Safepoint "Cleanup", Time since last: 1000303892 ns, Reaching safepoint: 862855 ns, At safepoint: 43500 ns, Total: 906355 ns
[2020-08-12T14:35:16.625+0000][6][safepoint    ] Safepoint "Cleanup", Time since last: 1000265892 ns, Reaching safepoint: 328648 ns, At safepoint: 16187 ns, Total: 344835 ns
[2020-08-12T14:35:18.035+0000][6][safepoint    ] Safepoint "Cleanup", Time since last: 1409656381 ns, Reaching safepoint: 286635 ns, At safepoint: 11137 ns, Total: 297772 ns
[2020-08-12T14:35:19.627+0000][6][safepoint    ] Safepoint "Cleanup", Time since last: 1591682243 ns, Reaching safepoint: 341635 ns, At safepoint: 16699 ns, Total: 358334 ns
[2020-08-12T14:35:20.628+0000][6][safepoint    ] Safepoint "Cleanup", Time since last: 1000201281 ns, Reaching safepoint: 293335 ns, At safepoint: 10925 ns, Total: 304260 ns
[2020-08-12T14:35:21.628+0000][6][safepoint    ] Safepoint "Cleanup", Time since last: 1000183369 ns, Reaching safepoint: 363859 ns, At safepoint: 18025 ns, Total: 381884 ns
[2020-08-12T14:35:22.629+0000][6][safepoint    ] Safepoint "Cleanup", Time since last: 1000245968 ns, Reaching safepoint: 824980 ns, At safepoint: 44187 ns, Total: 869167 ns
[2020-08-12T14:35:23.631+0000][6][safepoint    ] Safepoint "Cleanup", Time since last: 1001686481 ns, Reaching safepoint: 337734 ns, At safepoint: 17963 ns, Total: 355697 ns
[2020-08-12T14:35:24.632+0000][6][safepoint    ] Safepoint "Cleanup", Time since last: 1000273155 ns, Reaching safepoint: 382471 ns, At safepoint: 15850 ns, Total: 398321 ns
[2020-08-12T14:35:25.633+0000][6][safepoint    ] Safepoint "Cleanup", Time since last: 1000177219 ns, Reaching safepoint: 330847 ns, At safepoint: 16025 ns, Total: 346872 ns
[2020-08-12T14:35:26.633+0000][6][safepoint    ] Safepoint "Cleanup", Time since last: 1000205868 ns, Reaching safepoint: 296860 ns, At safepoint: 15438 ns, Total: 312298 ns
[2020-08-12T14:35:27.907+0000][6][safepoint    ] Safepoint "Cleanup", Time since last: 1273729113 ns, Reaching safepoint: 291122 ns, At safepoint: 12463 ns, Total: 303585 ns
[2020-08-12T14:35:29.039+0000][6][safepoint    ] Safepoint "Cleanup", Time since last: 1131160779 ns, Reaching safepoint: 517546 ns, At safepoint: 27175 ns, Total: 544721 ns
[2020-08-12T14:35:30.513+0000][6][safepoint    ] Safepoint "Cleanup", Time since last: 1473919015 ns, Reaching safepoint: 340122 ns, At safepoint: 18625 ns, Total: 358747 ns
[2020-08-12T14:35:31.749+0000][6][safepoint    ] Safepoint "Cleanup", Time since last: 1234958492 ns, Reaching safepoint: 498133 ns, At safepoint: 27950 ns, Total: 526083 ns
[2020-08-12T14:35:32.750+0000][6][safepoint    ] Safepoint "Cleanup", Time since last: 1000304167 ns, Reaching safepoint: 497296 ns, At safepoint: 45300 ns, Total: 542596 ns
[2020-08-12T14:35:33.750+0000][6][safepoint    ] Safepoint "Cleanup", Time since last: 1000298517 ns, Reaching safepoint: 326197 ns, At safepoint: 11125 ns, Total: 337322 ns
[2020-08-12T14:35:34.751+0000][6][safepoint    ] Safepoint "Cleanup", Time since last: 1000199194 ns, Reaching safepoint: 255260 ns, At safepoint: 11075 ns, Total: 266335 ns
[2020-08-12T14:35:35.751+0000][6][safepoint    ] Safepoint "Cleanup", Time since last: 1000173631 ns, Reaching safepoint: 537133 ns, At safepoint: 26425 ns, Total: 563558 ns
[2020-08-12T14:35:36.756+0000][6][safepoint    ] Safepoint "Cleanup", Time since last: 1003679537 ns, Reaching safepoint: 614645 ns, At safepoint: 26675 ns, Total: 641320 ns
[2020-08-12T14:35:37.023+0000][6][gc,start     ] GC(20) Pause Young (Normal) (G1 Evacuation Pause)
[2020-08-12T14:35:37.025+0000][6][gc,task      ] GC(20) Using 2 workers of 2 for evacuation
[2020-08-12T14:35:37.026+0000][6][gc,age       ] GC(20) Desired survivor size 7864320 bytes, new threshold 1 (max threshold 15)
[2020-08-12T14:35:37.120+0000][6][gc,age       ] GC(20) Age table with threshold 1 (max threshold 15)
[2020-08-12T14:35:37.120+0000][6][gc,age       ] GC(20) - age   1:     327584 bytes,     327584 total
[2020-08-12T14:35:37.121+0000][6][gc,phases    ] GC(20)   Pre Evacuate Collection Set: 1.2ms
[2020-08-12T14:35:37.121+0000][6][gc,phases    ] GC(20)   Merge Heap Roots: 19.9ms
[2020-08-12T14:35:37.121+0000][6][gc,phases    ] GC(20)   Evacuate Collection Set: 54.7ms
[2020-08-12T14:35:37.121+0000][6][gc,phases    ] GC(20)   Post Evacuate Collection Set: 18.0ms
[2020-08-12T14:35:37.121+0000][6][gc,phases    ] GC(20)   Other: 25.4ms
[2020-08-12T14:35:37.121+0000][6][gc,heap      ] GC(20) Eden regions: 106->0(613)
[2020-08-12T14:35:37.121+0000][6][gc,heap      ] GC(20) Survivor regions: 14->1(15)
[2020-08-12T14:35:37.121+0000][6][gc,heap      ] GC(20) Old regions: 63->77
[2020-08-12T14:35:37.121+0000][6][gc,heap      ] GC(20) Archive regions: 2->2
[2020-08-12T14:35:37.121+0000][6][gc,heap      ] GC(20) Humongous regions: 7->7
[2020-08-12T14:35:37.121+0000][6][gc,metaspace ] GC(20) Metaspace: 92464K(100152K)->92464K(100152K) NonClass: 79946K(84536K)->79946K(84536K) Class: 12518K(15616K)->12518K(15616K)
[2020-08-12T14:35:37.122+0000][6][gc           ] GC(20) Pause Young (Normal) (G1 Evacuation Pause) 190M->84M(1024M) 98.702ms
[2020-08-12T14:35:37.122+0000][6][gc,cpu       ] GC(20) User=0.07s Sys=0.00s Real=0.10s
[2020-08-12T14:35:37.122+0000][6][safepoint    ] Safepoint "G1CollectForAllocation", Time since last: 205692591 ns, Reaching safepoint: 18384726 ns, At safepoint: 142104801 ns, Total: 160489527 ns
[2020-08-12T14:35:38.123+0000][6][safepoint    ] Safepoint "Cleanup", Time since last: 1000189593 ns, Reaching safepoint: 498771 ns, At safepoint: 44524 ns, Total: 543295 ns
[2020-08-12T14:35:39.649+0000][6][safepoint    ] Safepoint "Cleanup", Time since last: 1526494866 ns, Reaching safepoint: 338547 ns, At safepoint: 18550 ns, Total: 357097 ns
[2020-08-12T14:35:40.650+0000][6][safepoint    ] Safepoint "Cleanup", Time since last: 1000263631 ns, Reaching safepoint: 605669 ns, At safepoint: 46287 ns, Total: 651956 ns
[2020-08-12T14:35:41.651+0000][6][safepoint    ] Safepoint "Cleanup", Time since last: 1000320655 ns, Reaching safepoint: 536433 ns, At safepoint: 33625 ns, Total: 570058 ns
[2020-08-12T14:35:42.652+0000][6][safepoint    ] Safepoint "Cleanup", Time since last: 1000311392 ns, Reaching safepoint: 676557 ns, At safepoint: 43999 ns, Total: 720556 ns
[2020-08-12T14:35:43.641+0000][6][safepoint    ] Safepoint "BulkRevokeBias", Time since last: 986637326 ns, Reaching safepoint: 497095 ns, At safepoint: 1880534 ns, Total: 2377629 ns
[2020-08-12T14:35:44.648+0000][6][safepoint    ] Safepoint "Cleanup", Time since last: 1005745544 ns, Reaching safepoint: 552283 ns, At safepoint: 54787 ns, Total: 607070 ns
[2020-08-12T14:35:45.649+0000][6][safepoint    ] Safepoint "Cleanup", Time since last: 1000401704 ns, Reaching safepoint: 830643 ns, At safepoint: 46412 ns, Total: 877055 ns
[2020-08-12T14:35:46.650+0000][6][safepoint    ] Safepoint "Cleanup", Time since last: 1000336155 ns, Reaching safepoint: 911592 ns, At safepoint: 44049 ns, Total: 955641 ns
[2020-08-12T14:35:48.119+0000][6][safepoint    ] Safepoint "Cleanup", Time since last: 1467700471 ns, Reaching safepoint: 1116715 ns, At safepoint: 42987 ns, Total: 1159702 ns
[2020-08-12T14:35:49.714+0000][6][safepoint    ] Safepoint "Cleanup", Time since last: 1594532855 ns, Reaching safepoint: 740294 ns, At safepoint: 44612 ns, Total: 784906 ns
[2020-08-12T14:35:50.715+0000][6][safepoint    ] Safepoint "Cleanup", Time since last: 1000365017 ns, Reaching safepoint: 625382 ns, At safepoint: 46112 ns, Total: 671494 ns
[2020-08-12T14:35:51.717+0000][6][safepoint    ] Safepoint "Cleanup", Time since last: 1000353955 ns, Reaching safepoint: 669844 ns, At safepoint: 53512 ns, Total: 723356 ns
[2020-08-12T14:35:52.718+0000][6][safepoint    ] Safepoint "Cleanup", Time since last: 1000381666 ns, Reaching safepoint: 679045 ns, At safepoint: 43474 ns, Total: 722519 ns
[2020-08-12T14:35:53.718+0000][6][safepoint    ] Safepoint "Cleanup", Time since last: 1000307268 ns, Reaching safepoint: 522833 ns, At safepoint: 27937 ns, Total: 550770 ns
[2020-08-12T14:35:54.720+0000][6][safepoint    ] Safepoint "Cleanup", Time since last: 1000284905 ns, Reaching safepoint: 834343 ns, At safepoint: 43725 ns, Total: 878068 ns
[2020-08-12T14:35:55.721+0000][6][safepoint    ] Safepoint "Cleanup", Time since last: 1000392678 ns, Reaching safepoint: 785594 ns, At safepoint: 91249 ns, Total: 876843 ns
[2020-08-12T14:35:56.722+0000][6][safepoint    ] Safepoint "Cleanup", Time since last: 1000418104 ns, Reaching safepoint: 992366 ns, At safepoint: 57150 ns, Total: 1049516 ns
[2020-08-12T14:35:58.042+0000][6][safepoint    ] Safepoint "Cleanup", Time since last: 1319437086 ns, Reaching safepoint: 380197 ns, At safepoint: 18825 ns, Total: 399022 ns
[2020-08-12T14:35:58.644+0000][6][safepoint    ] Safepoint "BulkRevokeBias", Time since last: 600040762 ns, Reaching safepoint: 489058 ns, At safepoint: 1414812 ns, Total: 1903870 ns
[2020-08-12T14:35:59.646+0000][6][safepoint    ] Safepoint "Cleanup", Time since last: 1001174298 ns, Reaching safepoint: 420146 ns, At safepoint: 44062 ns, Total: 464208 ns
[2020-08-12T14:36:00.647+0000][6][safepoint    ] Safepoint "Cleanup", Time since last: 1000336005 ns, Reaching safepoint: 831168 ns, At safepoint: 45999 ns, Total: 877167 ns
[2020-08-12T14:36:01.648+0000][6][safepoint    ] Safepoint "Cleanup", Time since last: 1000331805 ns, Reaching safepoint: 681306 ns, At safepoint: 42663 ns, Total: 723969 ns
[2020-08-12T14:36:02.649+0000][6][safepoint    ] Safepoint "Cleanup", Time since last: 1000488541 ns, Reaching safepoint: 641244 ns, At safepoint: 45837 ns, Total: 687081 ns
[2020-08-12T14:36:04.642+0000][6][safepoint    ] Safepoint "Cleanup", Time since last: 1991909474 ns, Reaching safepoint: 622632 ns, At safepoint: 33387 ns, Total: 656019 ns
[2020-08-12T14:36:05.643+0000][6][safepoint    ] Safepoint "Cleanup", Time since last: 1000356980 ns, Reaching safepoint: 851855 ns, At safepoint: 61012 ns, Total: 912867 ns
[2020-08-12T14:36:06.644+0000][6][safepoint    ] Safepoint "Cleanup", Time since last: 1000340767 ns, Reaching safepoint: 719419 ns, At safepoint: 54362 ns, Total: 773781 ns
[2020-08-12T14:36:07.015+0000][6][safepoint    ] Safepoint "BulkRevokeBias", Time since last: 368155500 ns, Reaching safepoint: 665819 ns, At safepoint: 1867859 ns, Total: 2533678 ns
[2020-08-12T14:36:08.016+0000][6][safepoint    ] Safepoint "Cleanup", Time since last: 1000360142 ns, Reaching safepoint: 896842 ns, At safepoint: 44237 ns, Total: 941079 ns
[2020-08-12T14:36:09.657+0000][6][safepoint    ] Safepoint "Cleanup", Time since last: 1640110080 ns, Reaching safepoint: 832480 ns, At safepoint: 44712 ns, Total: 877192 ns
[2020-08-12T14:36:10.658+0000][6][safepoint    ] Safepoint "Cleanup", Time since last: 1000373142 ns, Reaching safepoint: 877180 ns, At safepoint: 44737 ns, Total: 921917 ns
[2020-08-12T14:36:11.660+0000][6][safepoint    ] Safepoint "Cleanup", Time since last: 1000336992 ns, Reaching safepoint: 656332 ns, At safepoint: 44362 ns, Total: 700694 ns
[2020-08-12T14:36:12.661+0000][6][safepoint    ] Safepoint "Cleanup", Time since last: 1000422441 ns, Reaching safepoint: 502046 ns, At safepoint: 45175 ns, Total: 547221 ns
[2020-08-12T14:36:13.681+0000][6][safepoint    ] Safepoint "Cleanup", Time since last: 1000340154 ns, Reaching safepoint: 20572844 ns, At safepoint: 25913 ns, Total: 20598757 ns
[2020-08-12T14:36:14.682+0000][6][safepoint    ] Safepoint "Cleanup", Time since last: 1000240580 ns, Reaching safepoint: 622482 ns, At safepoint: 44162 ns, Total: 666644 ns
[2020-08-12T14:36:15.683+0000][6][safepoint    ] Safepoint "Cleanup", Time since last: 1000344355 ns, Reaching safepoint: 620332 ns, At safepoint: 43850 ns, Total: 664182 ns
[2020-08-12T14:36:16.685+0000][6][safepoint    ] Safepoint "Cleanup", Time since last: 1000311517 ns, Reaching safepoint: 994791 ns, At safepoint: 56612 ns, Total: 1051403 ns
[2020-08-12T14:36:18.113+0000][6][safepoint    ] Safepoint "Cleanup", Time since last: 1427688410 ns, Reaching safepoint: 663069 ns, At safepoint: 58325 ns, Total: 721394 ns
[2020-08-12T14:36:19.647+0000][6][safepoint    ] Safepoint "Cleanup", Time since last: 1532607975 ns, Reaching safepoint: 962579 ns, At safepoint: 56899 ns, Total: 1019478 ns
[2020-08-12T14:36:20.648+0000][6][safepoint    ] Safepoint "Cleanup", Time since last: 1000415854 ns, Reaching safepoint: 506908 ns, At safepoint: 43687 ns, Total: 550595 ns
[2020-08-12T14:36:21.649+0000][6][safepoint    ] Safepoint "Cleanup", Time since last: 1000443929 ns, Reaching safepoint: 480358 ns, At safepoint: 44137 ns, Total: 524495 ns
[2020-08-12T14:36:22.650+0000][6][safepoint    ] Safepoint "Cleanup", Time since last: 1000495941 ns, Reaching safepoint: 553846 ns, At safepoint: 52924 ns, Total: 606770 ns
[2020-08-12T14:36:24.648+0000][6][safepoint    ] Safepoint "Cleanup", Time since last: 1997002392 ns, Reaching safepoint: 842105 ns, At safepoint: 43675 ns, Total: 885780 ns
[2020-08-12T14:36:25.650+0000][6][safepoint    ] Safepoint "Cleanup", Time since last: 1001733691 ns, Reaching safepoint: 849080 ns, At safepoint: 43888 ns, Total: 892968 ns
[2020-08-12T14:36:26.651+0000][6][safepoint    ] Safepoint "Cleanup", Time since last: 1000312805 ns, Reaching safepoint: 597720 ns, At safepoint: 26875 ns, Total: 624595 ns
[2020-08-12T14:36:28.001+0000][6][safepoint    ] Safepoint "Cleanup", Time since last: 1349677870 ns, Reaching safepoint: 363410 ns, At safepoint: 15812 ns, Total: 379222 ns
[2020-08-12T14:36:29.646+0000][6][safepoint    ] Safepoint "Cleanup", Time since last: 1644152231 ns, Reaching safepoint: 367910 ns, At safepoint: 18112 ns, Total: 386022 ns
[2020-08-12T14:36:30.647+0000][6][safepoint    ] Safepoint "Cleanup", Time since last: 1000297430 ns, Reaching safepoint: 863943 ns, At safepoint: 70424 ns, Total: 934367 ns
[2020-08-12T14:36:31.648+0000][6][safepoint    ] Safepoint "Cleanup", Time since last: 1000350830 ns, Reaching safepoint: 781818 ns, At safepoint: 46137 ns, Total: 827955 ns
[2020-08-12T14:36:32.649+0000][6][safepoint    ] Safepoint "Cleanup", Time since last: 1000349792 ns, Reaching safepoint: 830943 ns, At safepoint: 44062 ns, Total: 875005 ns
[2020-08-12T14:36:33.660+0000][6][safepoint    ] Safepoint "Cleanup", Time since last: 1000285817 ns, Reaching safepoint: 9778189 ns, At safepoint: 13713 ns, Total: 9791902 ns
[2020-08-12T14:36:34.661+0000][6][safepoint    ] Safepoint "Cleanup", Time since last: 1000221793 ns, Reaching safepoint: 966267 ns, At safepoint: 44199 ns, Total: 1010466 ns
[2020-08-12T14:36:35.662+0000][6][safepoint    ] Safepoint "Cleanup", Time since last: 1000399892 ns, Reaching safepoint: 822180 ns, At safepoint: 45050 ns, Total: 867230 ns
[2020-08-12T14:36:36.663+0000][6][safepoint    ] Safepoint "Cleanup", Time since last: 1000353004 ns, Reaching safepoint: 810280 ns, At safepoint: 57900 ns, Total: 868180 ns
[2020-08-12T14:36:38.003+0000][6][safepoint    ] Safepoint "Cleanup", Time since last: 1338943628 ns, Reaching safepoint: 722856 ns, At safepoint: 45812 ns, Total: 768668 ns
[2020-08-12T14:36:39.646+0000][6][safepoint    ] Safepoint "Cleanup", Time since last: 1642007000 ns, Reaching safepoint: 635620 ns, At safepoint: 53362 ns, Total: 688982 ns
[2020-08-12T14:36:40.647+0000][6][safepoint    ] Safepoint "Cleanup", Time since last: 1000441641 ns, Reaching safepoint: 870355 ns, At safepoint: 46137 ns, Total: 916492 ns
[2020-08-12T14:36:41.648+0000][6][safepoint    ] Safepoint "Cleanup", Time since last: 1000347230 ns, Reaching safepoint: 982029 ns, At safepoint: 43237 ns, Total: 1025266 ns
[2020-08-12T14:36:42.650+0000][6][safepoint    ] Safepoint "Cleanup", Time since last: 1000566015 ns, Reaching safepoint: 520045 ns, At safepoint: 54287 ns, Total: 574332 ns
[2020-08-12T14:36:44.649+0000][6][safepoint    ] Safepoint "Cleanup", Time since last: 1998449704 ns, Reaching safepoint: 618932 ns, At safepoint: 44325 ns, Total: 663257 ns
[2020-08-12T14:36:45.650+0000][6][safepoint    ] Safepoint "Cleanup", Time since last: 1000386617 ns, Reaching safepoint: 992254 ns, At safepoint: 58562 ns, Total: 1050816 ns
[2020-08-12T14:36:46.651+0000][6][safepoint    ] Safepoint "Cleanup", Time since last: 1000346654 ns, Reaching safepoint: 635095 ns, At safepoint: 44512 ns, Total: 679607 ns
[2020-08-12T14:36:48.017+0000][6][safepoint    ] Safepoint "Cleanup", Time since last: 1364639014 ns, Reaching safepoint: 785631 ns, At safepoint: 46299 ns, Total: 831930 ns
[2020-08-12T14:36:49.649+0000][6][safepoint    ] Safepoint "Cleanup", Time since last: 1631979001 ns, Reaching safepoint: 621257 ns, At safepoint: 41800 ns, Total: 663057 ns
[2020-08-12T14:36:50.650+0000][6][safepoint    ] Safepoint "Cleanup", Time since last: 1000280292 ns, Reaching safepoint: 517733 ns, At safepoint: 26300 ns, Total: 544033 ns
[2020-08-12T14:36:51.651+0000][6][safepoint    ] Safepoint "Cleanup", Time since last: 1000284543 ns, Reaching safepoint: 716819 ns, At safepoint: 44724 ns, Total: 761543 ns
[2020-08-12T14:36:52.652+0000][6][safepoint    ] Safepoint "Cleanup", Time since last: 1000349005 ns, Reaching safepoint: 656394 ns, At safepoint: 44200 ns, Total: 700594 ns
[2020-08-12T14:36:53.654+0000][6][safepoint    ] Safepoint "Cleanup", Time since last: 1000771826 ns, Reaching safepoint: 766256 ns, At safepoint: 30774 ns, Total: 797030 ns
[2020-08-12T14:36:54.655+0000][6][safepoint    ] Safepoint "Cleanup", Time since last: 1000253418 ns, Reaching safepoint: 601007 ns, At safepoint: 46050 ns, Total: 647057 ns
[2020-08-12T14:36:55.656+0000][6][safepoint    ] Safepoint "Cleanup", Time since last: 1000416541 ns, Reaching safepoint: 496484 ns, At safepoint: 34837 ns, Total: 531321 ns
[2020-08-12T14:36:56.656+0000][6][safepoint    ] Safepoint "Cleanup", Time since last: 1000378142 ns, Reaching safepoint: 441321 ns, At safepoint: 54037 ns, Total: 495358 ns
[2020-08-12T14:36:57.981+0000][6][safepoint    ] Safepoint "Cleanup", Time since last: 1323687487 ns, Reaching safepoint: 888817 ns, At safepoint: 44349 ns, Total: 933166 ns
[2020-08-12T14:36:59.647+0000][6][safepoint    ] Safepoint "Cleanup", Time since last: 1665008924 ns, Reaching safepoint: 1263926 ns, At safepoint: 51650 ns, Total: 1315576 ns
[2020-08-12T14:37:00.648+0000][6][safepoint    ] Safepoint "Cleanup", Time since last: 1000252180 ns, Reaching safepoint: 351922 ns, At safepoint: 17887 ns, Total: 369809 ns
[2020-08-12T14:37:01.649+0000][6][safepoint    ] Safepoint "Cleanup", Time since last: 1000230181 ns, Reaching safepoint: 557395 ns, At safepoint: 54187 ns, Total: 611582 ns
[2020-08-12T14:37:02.650+0000][6][safepoint    ] Safepoint "Cleanup", Time since last: 1000356155 ns, Reaching safepoint: 506683 ns, At safepoint: 27124 ns, Total: 533807 ns
[2020-08-12T14:37:03.651+0000][6][safepoint    ] Safepoint "Cleanup", Time since last: 1000277331 ns, Reaching safepoint: 674181 ns, At safepoint: 51987 ns, Total: 726168 ns
[2020-08-12T14:37:04.657+0000][6][safepoint    ] Safepoint "Cleanup", Time since last: 1005240887 ns, Reaching safepoint: 799543 ns, At safepoint: 43825 ns, Total: 843368 ns
[2020-08-12T14:37:05.658+0000][6][safepoint    ] Safepoint "Cleanup", Time since last: 1000410816 ns, Reaching safepoint: 835480 ns, At safepoint: 45850 ns, Total: 881330 ns
[2020-08-12T14:37:06.659+0000][6][safepoint    ] Safepoint "Cleanup", Time since last: 1000337379 ns, Reaching safepoint: 755981 ns, At safepoint: 44125 ns, Total: 800106 ns
[2020-08-12T14:37:08.152+0000][6][safepoint    ] Safepoint "Cleanup", Time since last: 1492162430 ns, Reaching safepoint: 722881 ns, At safepoint: 43438 ns, Total: 766319 ns
[2020-08-12T14:37:09.837+0000][6][safepoint    ] Safepoint "Cleanup", Time since last: 1683600222 ns, Reaching safepoint: 780956 ns, At safepoint: 45774 ns, Total: 826730 ns
[2020-08-12T14:37:10.843+0000][6][safepoint    ] Safepoint "Cleanup", Time since last: 1005657158 ns, Reaching safepoint: 714956 ns, At safepoint: 55550 ns, Total: 770506 ns
[2020-08-12T14:37:11.844+0000][6][safepoint    ] Safepoint "Cleanup", Time since last: 1000349267 ns, Reaching safepoint: 559758 ns, At safepoint: 45274 ns, Total: 605032 ns
[2020-08-12T14:37:12.845+0000][6][safepoint    ] Safepoint "Cleanup", Time since last: 1000321255 ns, Reaching safepoint: 690694 ns, At safepoint: 34137 ns, Total: 724831 ns
[2020-08-12T14:37:13.846+0000][6][safepoint    ] Safepoint "Cleanup", Time since last: 1000268080 ns, Reaching safepoint: 400997 ns, At safepoint: 19137 ns, Total: 420134 ns
[2020-08-12T14:37:14.847+0000][6][safepoint    ] Safepoint "Cleanup", Time since last: 1000229131 ns, Reaching safepoint: 515533 ns, At safepoint: 38075 ns, Total: 553608 ns
[2020-08-12T14:37:15.864+0000][6][safepoint    ] Safepoint "Cleanup", Time since last: 1000310367 ns, Reaching safepoint: 16737303 ns, At safepoint: 52862 ns, Total: 16790165 ns
[2020-08-12T14:37:16.864+0000][6][safepoint    ] Safepoint "Cleanup", Time since last: 1000333830 ns, Reaching safepoint: 490283 ns, At safepoint: 38925 ns, Total: 529208 ns
[2020-08-12T14:37:18.022+0000][6][safepoint    ] Safepoint "Cleanup", Time since last: 1156664367 ns, Reaching safepoint: 679269 ns, At safepoint: 87775 ns, Total: 767044 ns
[2020-08-12T14:37:19.653+0000][6][safepoint    ] Safepoint "Cleanup", Time since last: 1630283766 ns, Reaching safepoint: 836917 ns, At safepoint: 40025 ns, Total: 876942 ns
[2020-08-12T14:37:20.654+0000][6][safepoint    ] Safepoint "Cleanup", Time since last: 1000328605 ns, Reaching safepoint: 890942 ns, At safepoint: 43987 ns, Total: 934929 ns
[2020-08-12T14:37:21.655+0000][6][safepoint    ] Safepoint "Cleanup", Time since last: 1000301430 ns, Reaching safepoint: 485196 ns, At safepoint: 56162 ns, Total: 541358 ns
[2020-08-12T14:37:22.656+0000][6][safepoint    ] Safepoint "Cleanup", Time since last: 1000338004 ns, Reaching safepoint: 630857 ns, At safepoint: 43687 ns, Total: 674544 ns
[2020-08-12T14:37:24.653+0000][6][safepoint    ] Safepoint "Cleanup", Time since last: 1995732053 ns, Reaching safepoint: 653057 ns, At safepoint: 33837 ns, Total: 686894 ns
[2020-08-12T14:37:25.654+0000][6][safepoint    ] Safepoint "Cleanup", Time since last: 1000317443 ns, Reaching safepoint: 776930 ns, At safepoint: 43087 ns, Total: 820017 ns
[2020-08-12T14:37:26.655+0000][6][safepoint    ] Safepoint "Cleanup", Time since last: 1000395592 ns, Reaching safepoint: 857880 ns, At safepoint: 45437 ns, Total: 903317 ns
[2020-08-12T14:37:28.036+0000][6][safepoint    ] Safepoint "Cleanup", Time since last: 1380103541 ns, Reaching safepoint: 675482 ns, At safepoint: 97886 ns, Total: 773368 ns
[2020-08-12T14:37:29.650+0000][6][safepoint    ] Safepoint "Cleanup", Time since last: 1613148692 ns, Reaching safepoint: 1293576 ns, At safepoint: 56537 ns, Total: 1350113 ns
[2020-08-12T14:37:30.651+0000][6][safepoint    ] Safepoint "Cleanup", Time since last: 1000349679 ns, Reaching safepoint: 509683 ns, At safepoint: 45763 ns, Total: 555446 ns
[2020-08-12T14:37:31.652+0000][6][safepoint    ] Safepoint "Cleanup", Time since last: 1000347929 ns, Reaching safepoint: 594795 ns, At safepoint: 44562 ns, Total: 639357 ns
[2020-08-12T14:37:32.653+0000][6][safepoint    ] Safepoint "Cleanup", Time since last: 1000346542 ns, Reaching safepoint: 587370 ns, At safepoint: 43662 ns, Total: 631032 ns
[2020-08-12T14:37:33.654+0000][6][safepoint    ] Safepoint "Cleanup", Time since last: 1000625190 ns, Reaching safepoint: 238585 ns, At safepoint: 14438 ns, Total: 253023 ns
[2020-08-12T14:37:34.655+0000][6][safepoint    ] Safepoint "Cleanup", Time since last: 1000199381 ns, Reaching safepoint: 242898 ns, At safepoint: 12099 ns, Total: 254997 ns
[2020-08-12T14:37:35.655+0000][6][safepoint    ] Safepoint "Cleanup", Time since last: 1000214219 ns, Reaching safepoint: 370034 ns, At safepoint: 27625 ns, Total: 397659 ns
[2020-08-12T14:37:36.656+0000][6][safepoint    ] Safepoint "Cleanup", Time since last: 1000290055 ns, Reaching safepoint: 845193 ns, At safepoint: 44137 ns, Total: 889330 ns
[2020-08-12T14:37:38.027+0000][6][safepoint    ] Safepoint "Cleanup", Time since last: 1370262539 ns, Reaching safepoint: 575633 ns, At safepoint: 44112 ns, Total: 619745 ns
[2020-08-12T14:37:38.656+0000][6][safepoint    ] Safepoint "BulkRevokeBias", Time since last: 625761585 ns, Reaching safepoint: 1297839 ns, At safepoint: 1448762 ns, Total: 2746601 ns
[2020-08-12T14:37:39.664+0000][6][safepoint    ] Safepoint "Cleanup", Time since last: 1008376559 ns, Reaching safepoint: 279160 ns, At safepoint: 11013 ns, Total: 290173 ns
[2020-08-12T14:37:40.666+0000][6][safepoint    ] Safepoint "Cleanup", Time since last: 1000231330 ns, Reaching safepoint: 855168 ns, At safepoint: 44525 ns, Total: 899693 ns
[2020-08-12T14:37:41.667+0000][6][safepoint    ] Safepoint "Cleanup", Time since last: 1000347429 ns, Reaching safepoint: 835268 ns, At safepoint: 44199 ns, Total: 879467 ns
[2020-08-12T14:37:42.668+0000][6][safepoint    ] Safepoint "Cleanup", Time since last: 1000444079 ns, Reaching safepoint: 924654 ns, At safepoint: 43462 ns, Total: 968116 ns
[2020-08-12T14:37:44.656+0000][6][safepoint    ] Safepoint "Cleanup", Time since last: 1986707233 ns, Reaching safepoint: 570832 ns, At safepoint: 31588 ns, Total: 602420 ns
[2020-08-12T14:37:45.657+0000][6][safepoint    ] Safepoint "Cleanup", Time since last: 1000300317 ns, Reaching safepoint: 851018 ns, At safepoint: 44462 ns, Total: 895480 ns
[2020-08-12T14:37:46.657+0000][6][safepoint    ] Safepoint "Cleanup", Time since last: 1000352379 ns, Reaching safepoint: 370247 ns, At safepoint: 17550 ns, Total: 387797 ns
[2020-08-12T14:37:47.889+0000][6][safepoint    ] Safepoint "Cleanup", Time since last: 1231191525 ns, Reaching safepoint: 711519 ns, At safepoint: 43949 ns, Total: 755468 ns
[2020-08-12T14:37:49.780+0000][6][safepoint    ] Safepoint "Cleanup", Time since last: 1890495879 ns, Reaching safepoint: 378784 ns, At safepoint: 16675 ns, Total: 395459 ns
[2020-08-12T14:37:50.781+0000][6][safepoint    ] Safepoint "Cleanup", Time since last: 1000262242 ns, Reaching safepoint: 692294 ns, At safepoint: 45812 ns, Total: 738106 ns
[2020-08-12T14:37:51.782+0000][6][safepoint    ] Safepoint "Cleanup", Time since last: 1000355055 ns, Reaching safepoint: 538695 ns, At safepoint: 44687 ns, Total: 583382 ns
[2020-08-12T14:37:52.783+0000][6][safepoint    ] Safepoint "Cleanup", Time since last: 1000354467 ns, Reaching safepoint: 652170 ns, At safepoint: 52224 ns, Total: 704394 ns
[2020-08-12T14:37:53.784+0000][6][safepoint    ] Safepoint "Cleanup", Time since last: 1000291993 ns, Reaching safepoint: 466608 ns, At safepoint: 23050 ns, Total: 489658 ns
[2020-08-12T14:37:54.785+0000][6][safepoint    ] Safepoint "Cleanup", Time since last: 1000368842 ns, Reaching safepoint: 544745 ns, At safepoint: 34050 ns, Total: 578795 ns
[2020-08-12T14:37:55.786+0000][6][safepoint    ] Safepoint "Cleanup", Time since last: 1000309855 ns, Reaching safepoint: 643882 ns, At safepoint: 55274 ns, Total: 699156 ns
[2020-08-12T14:37:56.787+0000][6][safepoint    ] Safepoint "Cleanup", Time since last: 1000322993 ns, Reaching safepoint: 688281 ns, At safepoint: 29287 ns, Total: 717568 ns
[2020-08-12T14:37:58.097+0000][6][safepoint    ] Safepoint "Cleanup", Time since last: 1309679673 ns, Reaching safepoint: 592769 ns, At safepoint: 46113 ns, Total: 638882 ns
[2020-08-12T14:37:59.677+0000][6][safepoint    ] Safepoint "Cleanup", Time since last: 1578719919 ns, Reaching safepoint: 848730 ns, At safepoint: 69124 ns, Total: 917854 ns
[2020-08-12T14:38:00.678+0000][6][safepoint    ] Safepoint "Cleanup", Time since last: 1000344993 ns, Reaching safepoint: 439883 ns, At safepoint: 96687 ns, Total: 536570 ns
[2020-08-12T14:38:01.679+0000][6][safepoint    ] Safepoint "Cleanup", Time since last: 1000373992 ns, Reaching safepoint: 988816 ns, At safepoint: 43987 ns, Total: 1032803 ns
[2020-08-12T14:38:02.681+0000][6][safepoint    ] Safepoint "Cleanup", Time since last: 1000349217 ns, Reaching safepoint: 842205 ns, At safepoint: 44350 ns, Total: 886555 ns
[2020-08-12T14:38:03.682+0000][6][safepoint    ] Safepoint "Cleanup", Time since last: 1000089532 ns, Reaching safepoint: 1554299 ns, At safepoint: 64974 ns, Total: 1619273 ns
[2020-08-12T14:38:04.684+0000][6][safepoint    ] Safepoint "Cleanup", Time since last: 1000537478 ns, Reaching safepoint: 883942 ns, At safepoint: 44012 ns, Total: 927954 ns
[2020-08-12T14:38:05.685+0000][6][safepoint    ] Safepoint "Cleanup", Time since last: 1000382455 ns, Reaching safepoint: 513145 ns, At safepoint: 27575 ns, Total: 540720 ns
[2020-08-12T14:38:06.686+0000][6][safepoint    ] Safepoint "Cleanup", Time since last: 1000283905 ns, Reaching safepoint: 841218 ns, At safepoint: 161223 ns, Total: 1002441 ns
[2020-08-12T14:38:07.961+0000][6][safepoint    ] Safepoint "Cleanup", Time since last: 1274724067 ns, Reaching safepoint: 333485 ns, At safepoint: 20487 ns, Total: 353972 ns
[2020-08-12T14:38:09.715+0000][6][safepoint    ] Safepoint "Cleanup", Time since last: 1753392084 ns, Reaching safepoint: 723031 ns, At safepoint: 44300 ns, Total: 767331 ns
[2020-08-12T14:38:10.716+0000][6][safepoint    ] Safepoint "Cleanup", Time since last: 1000352241 ns, Reaching safepoint: 649182 ns, At safepoint: 43787 ns, Total: 692969 ns
[2020-08-12T14:38:11.717+0000][6][safepoint    ] Safepoint "Cleanup", Time since last: 1000349980 ns, Reaching safepoint: 589820 ns, At safepoint: 43475 ns, Total: 633295 ns
[2020-08-12T14:38:12.718+0000][6][safepoint    ] Safepoint "Cleanup", Time since last: 1000351155 ns, Reaching safepoint: 675781 ns, At safepoint: 52762 ns, Total: 728543 ns
[2020-08-12T14:38:13.719+0000][6][safepoint    ] Safepoint "Cleanup", Time since last: 1000283568 ns, Reaching safepoint: 421246 ns, At safepoint: 60312 ns, Total: 481558 ns
[2020-08-12T14:38:14.720+0000][6][safepoint    ] Safepoint "Cleanup", Time since last: 1000312280 ns, Reaching safepoint: 871092 ns, At safepoint: 43025 ns, Total: 914117 ns
[2020-08-12T14:38:15.721+0000][6][safepoint    ] Safepoint "Cleanup", Time since last: 1000344867 ns, Reaching safepoint: 660832 ns, At safepoint: 45824 ns, Total: 706656 ns
[2020-08-12T14:38:16.722+0000][6][safepoint    ] Safepoint "Cleanup", Time since last: 1000337630 ns, Reaching safepoint: 683857 ns, At safepoint: 68374 ns, Total: 752231 ns
[2020-08-12T14:38:18.016+0000][6][safepoint    ] Safepoint "Cleanup", Time since last: 1292587660 ns, Reaching safepoint: 953592 ns, At safepoint: 66812 ns, Total: 1020404 ns
[2020-08-12T14:38:19.679+0000][6][safepoint    ] Safepoint "Cleanup", Time since last: 1662433458 ns, Reaching safepoint: 853530 ns, At safepoint: 43975 ns, Total: 897505 ns
[2020-08-12T14:38:20.681+0000][6][safepoint    ] Safepoint "Cleanup", Time since last: 1000352541 ns, Reaching safepoint: 890318 ns, At safepoint: 43999 ns, Total: 934317 ns
[2020-08-12T14:38:21.682+0000][6][safepoint    ] Safepoint "Cleanup", Time since last: 1000396205 ns, Reaching safepoint: 859905 ns, At safepoint: 46149 ns, Total: 906054 ns
[2020-08-12T14:38:22.683+0000][6][safepoint    ] Safepoint "Cleanup", Time since last: 1000352567 ns, Reaching safepoint: 832031 ns, At safepoint: 46462 ns, Total: 878493 ns
[2020-08-12T14:38:23.695+0000][6][safepoint    ] Safepoint "Cleanup", Time since last: 1010323892 ns, Reaching safepoint: 1283376 ns, At safepoint: 32112 ns, Total: 1315488 ns
[2020-08-12T14:38:24.698+0000][6][safepoint    ] Safepoint "Cleanup", Time since last: 1001913266 ns, Reaching safepoint: 804893 ns, At safepoint: 43549 ns, Total: 848442 ns
[2020-08-12T14:38:25.699+0000][6][safepoint    ] Safepoint "Cleanup", Time since last: 1000367330 ns, Reaching safepoint: 815468 ns, At safepoint: 44099 ns, Total: 859567 ns
[2020-08-12T14:38:26.700+0000][6][safepoint    ] Safepoint "Cleanup", Time since last: 1000435679 ns, Reaching safepoint: 954954 ns, At safepoint: 70825 ns, Total: 1025779 ns
[2020-08-12T14:38:28.026+0000][6][safepoint    ] Safepoint "Cleanup", Time since last: 1324501254 ns, Reaching safepoint: 948429 ns, At safepoint: 43750 ns, Total: 992179 ns
[2020-08-12T14:38:28.682+0000][6][safepoint    ] Safepoint "BulkRevokeBias", Time since last: 652705549 ns, Reaching safepoint: 814842 ns, At safepoint: 2496291 ns, Total: 3311133 ns
[2020-08-12T14:38:29.693+0000][6][safepoint    ] Safepoint "Cleanup", Time since last: 1010032544 ns, Reaching safepoint: 846255 ns, At safepoint: 44988 ns, Total: 891243 ns
[2020-08-12T14:38:30.694+0000][6][safepoint    ] Safepoint "Cleanup", Time since last: 1000376954 ns, Reaching safepoint: 591020 ns, At safepoint: 33200 ns, Total: 624220 ns
[2020-08-12T14:38:32.045+0000][6][safepoint    ] Safepoint "Cleanup", Time since last: 1350258240 ns, Reaching safepoint: 730831 ns, At safepoint: 43775 ns, Total: 774606 ns
[2020-08-12T14:38:33.046+0000][6][safepoint    ] Safepoint "Cleanup", Time since last: 1000383454 ns, Reaching safepoint: 851143 ns, At safepoint: 44412 ns, Total: 895555 ns
[2020-08-12T14:38:34.047+0000][6][safepoint    ] Safepoint "Cleanup", Time since last: 1000321004 ns, Reaching safepoint: 637982 ns, At safepoint: 30075 ns, Total: 668057 ns
[2020-08-12T14:38:35.048+0000][6][safepoint    ] Safepoint "Cleanup", Time since last: 1000292143 ns, Reaching safepoint: 812843 ns, At safepoint: 45362 ns, Total: 858205 ns
[2020-08-12T14:38:36.050+0000][6][safepoint    ] Safepoint "Cleanup", Time since last: 1000338892 ns, Reaching safepoint: 1055491 ns, At safepoint: 62562 ns, Total: 1118053 ns
[2020-08-12T14:38:37.894+0000][6][safepoint    ] Safepoint "Cleanup", Time since last: 1843514228 ns, Reaching safepoint: 917605 ns, At safepoint: 44387 ns, Total: 961992 ns
[2020-08-12T14:38:39.683+0000][6][safepoint    ] Safepoint "Cleanup", Time since last: 1787567596 ns, Reaching safepoint: 874592 ns, At safepoint: 43687 ns, Total: 918279 ns
[2020-08-12T14:38:40.684+0000][6][safepoint    ] Safepoint "Cleanup", Time since last: 1000390754 ns, Reaching safepoint: 677456 ns, At safepoint: 46900 ns, Total: 724356 ns
[2020-08-12T14:38:41.685+0000][6][safepoint    ] Safepoint "Cleanup", Time since last: 1000466092 ns, Reaching safepoint: 897104 ns, At safepoint: 44250 ns, Total: 941354 ns
[2020-08-12T14:38:42.686+0000][6][safepoint    ] Safepoint "Cleanup", Time since last: 1000349867 ns, Reaching safepoint: 785368 ns, At safepoint: 44462 ns, Total: 829830 ns
[2020-08-12T14:38:44.681+0000][6][safepoint    ] Safepoint "Cleanup", Time since last: 1994170467 ns, Reaching safepoint: 736718 ns, At safepoint: 44300 ns, Total: 781018 ns
[2020-08-12T14:38:45.683+0000][6][safepoint    ] Safepoint "Cleanup", Time since last: 1000344542 ns, Reaching safepoint: 898355 ns, At safepoint: 44012 ns, Total: 942367 ns
[2020-08-12T14:38:46.684+0000][6][safepoint    ] Safepoint "Cleanup", Time since last: 1000383117 ns, Reaching safepoint: 1340300 ns, At safepoint: 108499 ns, Total: 1448799 ns
[2020-08-12T14:38:47.982+0000][6][safepoint    ] Safepoint "Cleanup", Time since last: 1296440864 ns, Reaching safepoint: 900530 ns, At safepoint: 43262 ns, Total: 943792 ns
[2020-08-12T14:38:49.810+0000][6][safepoint    ] Safepoint "Cleanup", Time since last: 1827197460 ns, Reaching safepoint: 648419 ns, At safepoint: 47112 ns, Total: 695531 ns
[2020-08-12T14:38:50.811+0000][6][safepoint    ] Safepoint "Cleanup", Time since last: 1000408904 ns, Reaching safepoint: 782856 ns, At safepoint: 147598 ns, Total: 930454 ns
[2020-08-12T14:38:51.812+0000][6][safepoint    ] Safepoint "Cleanup", Time since last: 1000354017 ns, Reaching safepoint: 907417 ns, At safepoint: 44650 ns, Total: 952067 ns
[2020-08-12T14:38:52.813+0000][6][safepoint    ] Safepoint "Cleanup", Time since last: 1000355580 ns, Reaching safepoint: 740818 ns, At safepoint: 45962 ns, Total: 786780 ns
[2020-08-12T14:38:53.814+0000][6][safepoint    ] Safepoint "Cleanup", Time since last: 1000343380 ns, Reaching safepoint: 605782 ns, At safepoint: 43849 ns, Total: 649631 ns
[2020-08-12T14:38:54.816+0000][6][safepoint    ] Safepoint "Cleanup", Time since last: 1000387642 ns, Reaching safepoint: 841380 ns, At safepoint: 43563 ns, Total: 884943 ns
[2020-08-12T14:38:55.817+0000][6][safepoint    ] Safepoint "Cleanup", Time since last: 1000388991 ns, Reaching safepoint: 904042 ns, At safepoint: 71750 ns, Total: 975792 ns
[2020-08-12T14:38:56.818+0000][6][safepoint    ] Safepoint "Cleanup", Time since last: 1000353192 ns, Reaching safepoint: 538433 ns, At safepoint: 55962 ns, Total: 594395 ns
[2020-08-12T14:38:57.902+0000][6][safepoint    ] Safepoint "Cleanup", Time since last: 1083661172 ns, Reaching safepoint: 553057 ns, At safepoint: 26313 ns, Total: 579370 ns
[2020-08-12T14:38:59.700+0000][6][safepoint    ] Safepoint "Cleanup", Time since last: 1797453146 ns, Reaching safepoint: 633094 ns, At safepoint: 44212 ns, Total: 677306 ns
[2020-08-12T14:39:00.702+0000][6][safepoint    ] Safepoint "Cleanup", Time since last: 1000353880 ns, Reaching safepoint: 858617 ns, At safepoint: 43525 ns, Total: 902142 ns
[2020-08-12T14:39:02.373+0000][6][safepoint    ] Safepoint "Cleanup", Time since last: 1670618874 ns, Reaching safepoint: 887242 ns, At safepoint: 55862 ns, Total: 943104 ns
[2020-08-12T14:39:03.374+0000][6][safepoint    ] Safepoint "Cleanup", Time since last: 1000380692 ns, Reaching safepoint: 665169 ns, At safepoint: 44025 ns, Total: 709194 ns
[2020-08-12T14:39:04.686+0000][6][safepoint    ] Safepoint "Cleanup", Time since last: 1311100660 ns, Reaching safepoint: 938554 ns, At safepoint: 48625 ns, Total: 987179 ns
[2020-08-12T14:39:05.687+0000][6][safepoint    ] Safepoint "Cleanup", Time since last: 1000351229 ns, Reaching safepoint: 695557 ns, At safepoint: 51949 ns, Total: 747506 ns
[2020-08-12T14:39:06.688+0000][6][safepoint    ] Safepoint "Cleanup", Time since last: 1000310730 ns, Reaching safepoint: 545320 ns, At safepoint: 23938 ns, Total: 569258 ns
[2020-08-12T14:39:07.991+0000][6][safepoint    ] Safepoint "Cleanup", Time since last: 1301615693 ns, Reaching safepoint: 667694 ns, At safepoint: 53724 ns, Total: 721418 ns
[2020-08-12T14:39:09.849+0000][6][safepoint    ] Safepoint "Cleanup", Time since last: 1857776766 ns, Reaching safepoint: 768943 ns, At safepoint: 44075 ns, Total: 813018 ns
[2020-08-12T14:39:10.850+0000][6][safepoint    ] Safepoint "Cleanup", Time since last: 1000291605 ns, Reaching safepoint: 709507 ns, At safepoint: 37699 ns, Total: 747206 ns
[2020-08-12T14:39:11.852+0000][6][safepoint    ] Safepoint "Cleanup", Time since last: 1000297493 ns, Reaching safepoint: 871355 ns, At safepoint: 43962 ns, Total: 915317 ns
[2020-08-12T14:39:12.853+0000][6][safepoint    ] Safepoint "Cleanup", Time since last: 1000382979 ns, Reaching safepoint: 801868 ns, At safepoint: 43587 ns, Total: 845455 ns
[2020-08-12T14:39:13.853+0000][6][safepoint    ] Safepoint "Cleanup", Time since last: 1000339430 ns, Reaching safepoint: 344434 ns, At safepoint: 15925 ns, Total: 360359 ns
[2020-08-12T14:39:14.854+0000][6][safepoint    ] Safepoint "Cleanup", Time since last: 1000205131 ns, Reaching safepoint: 291310 ns, At safepoint: 10975 ns, Total: 302285 ns
[2020-08-12T14:39:15.855+0000][6][safepoint    ] Safepoint "Cleanup", Time since last: 1000230893 ns, Reaching safepoint: 800768 ns, At safepoint: 44212 ns, Total: 844980 ns
[2020-08-12T14:39:16.856+0000][6][safepoint    ] Safepoint "Cleanup", Time since last: 1000319042 ns, Reaching safepoint: 823218 ns, At safepoint: 48762 ns, Total: 871980 ns
[2020-08-12T14:39:18.098+0000][6][safepoint    ] Safepoint "Cleanup", Time since last: 1240537506 ns, Reaching safepoint: 934641 ns, At safepoint: 43725 ns, Total: 978366 ns
[2020-08-12T14:39:19.685+0000][6][safepoint    ] Safepoint "Cleanup", Time since last: 1586183154 ns, Reaching safepoint: 804443 ns, At safepoint: 44587 ns, Total: 849030 ns
[2020-08-12T14:39:20.686+0000][6][safepoint    ] Safepoint "Cleanup", Time since last: 1000429816 ns, Reaching safepoint: 561583 ns, At safepoint: 30000 ns, Total: 591583 ns
[2020-08-12T14:39:21.687+0000][6][safepoint    ] Safepoint "Cleanup", Time since last: 1000387816 ns, Reaching safepoint: 785581 ns, At safepoint: 67962 ns, Total: 853543 ns
[2020-08-12T14:39:22.688+0000][6][safepoint    ] Safepoint "Cleanup", Time since last: 1000346767 ns, Reaching safepoint: 812068 ns, At safepoint: 46412 ns, Total: 858480 ns
[2020-08-12T14:39:24.684+0000][6][safepoint    ] Safepoint "Cleanup", Time since last: 1995234757 ns, Reaching safepoint: 748144 ns, At safepoint: 54812 ns, Total: 802956 ns
[2020-08-12T14:39:25.686+0000][6][safepoint    ] Safepoint "Cleanup", Time since last: 1000352392 ns, Reaching safepoint: 899142 ns, At safepoint: 38712 ns, Total: 937854 ns
[2020-08-12T14:39:26.688+0000][6][safepoint    ] Safepoint "Cleanup", Time since last: 1000337174 ns, Reaching safepoint: 1526474 ns, At safepoint: 56324 ns, Total: 1582798 ns
[2020-08-12T14:39:28.023+0000][6][safepoint    ] Safepoint "Cleanup", Time since last: 1334947323 ns, Reaching safepoint: 863717 ns, At safepoint: 55650 ns, Total: 919367 ns
[2020-08-12T14:39:28.531+0000][6][safepoint    ] Safepoint "BulkRevokeBias", Time since last: 504594504 ns, Reaching safepoint: 637457 ns, At safepoint: 2142818 ns, Total: 2780275 ns
[2020-08-12T14:39:29.686+0000][6][safepoint    ] Safepoint "Cleanup", Time since last: 1154619384 ns, Reaching safepoint: 711806 ns, At safepoint: 44924 ns, Total: 756730 ns
[2020-08-12T14:39:30.694+0000][6][safepoint    ] Safepoint "Cleanup", Time since last: 1000359887 ns, Reaching safepoint: 7591883 ns, At safepoint: 49262 ns, Total: 7641145 ns
[2020-08-12T14:39:32.627+0000][6][safepoint    ] Safepoint "Cleanup", Time since last: 1932048970 ns, Reaching safepoint: 905842 ns, At safepoint: 58825 ns, Total: 964667 ns
[2020-08-12T14:39:33.628+0000][6][safepoint    ] Safepoint "Cleanup", Time since last: 1000336599 ns, Reaching safepoint: 289110 ns, At safepoint: 19537 ns, Total: 308647 ns
[2020-08-12T14:39:34.629+0000][6][safepoint    ] Safepoint "Cleanup", Time since last: 1000276626 ns, Reaching safepoint: 702481 ns, At safepoint: 38100 ns, Total: 740581 ns
[2020-08-12T14:39:35.630+0000][6][safepoint    ] Safepoint "Cleanup", Time since last: 1000359412 ns, Reaching safepoint: 848517 ns, At safepoint: 28638 ns, Total: 877155 ns
[2020-08-12T14:39:36.631+0000][6][safepoint    ] Safepoint "Cleanup", Time since last: 1000199000 ns, Reaching safepoint: 423784 ns, At safepoint: 20450 ns, Total: 444234 ns
[2020-08-12T14:39:37.985+0000][6][safepoint    ] Safepoint "Cleanup", Time since last: 1353432321 ns, Reaching safepoint: 456934 ns, At safepoint: 20062 ns, Total: 476996 ns
[2020-08-12T14:39:39.687+0000][6][safepoint    ] Safepoint "Cleanup", Time since last: 1701726511 ns, Reaching safepoint: 484408 ns, At safepoint: 23600 ns, Total: 508008 ns
[2020-08-12T14:39:40.688+0000][6][safepoint    ] Safepoint "Cleanup", Time since last: 1000290850 ns, Reaching safepoint: 816043 ns, At safepoint: 44874 ns, Total: 860917 ns
[2020-08-12T14:39:41.689+0000][6][safepoint    ] Safepoint "Cleanup", Time since last: 1000322038 ns, Reaching safepoint: 645894 ns, At safepoint: 37550 ns, Total: 683444 ns
[2020-08-12T14:39:42.690+0000][6][safepoint    ] Safepoint "Cleanup", Time since last: 1000312950 ns, Reaching safepoint: 898017 ns, At safepoint: 43937 ns, Total: 941954 ns
[2020-08-12T14:39:43.694+0000][6][safepoint    ] Safepoint "Cleanup", Time since last: 1000751171 ns, Reaching safepoint: 2692101 ns, At safepoint: 97212 ns, Total: 2789313 ns
[2020-08-12T14:39:44.710+0000][6][safepoint    ] Safepoint "Cleanup", Time since last: 1015423266 ns, Reaching safepoint: 954279 ns, At safepoint: 44462 ns, Total: 998741 ns
[2020-08-12T14:39:45.711+0000][6][safepoint    ] Safepoint "Cleanup", Time since last: 1000343375 ns, Reaching safepoint: 873004 ns, At safepoint: 44100 ns, Total: 917104 ns
[2020-08-12T14:39:46.713+0000][6][safepoint    ] Safepoint "Cleanup", Time since last: 1000313612 ns, Reaching safepoint: 716456 ns, At safepoint: 27875 ns, Total: 744331 ns
[2020-08-12T14:39:46.976+0000][6][safepoint    ] Safepoint "BulkRevokeBias", Time since last: 259699974 ns, Reaching safepoint: 1965108 ns, At safepoint: 1904558 ns, Total: 3869666 ns
[2020-08-12T14:39:47.978+0000][6][safepoint    ] Safepoint "Cleanup", Time since last: 1000636210 ns, Reaching safepoint: 840867 ns, At safepoint: 44037 ns, Total: 884904 ns
[2020-08-12T14:39:49.851+0000][6][safepoint    ] Safepoint "Cleanup", Time since last: 1872373874 ns, Reaching safepoint: 750656 ns, At safepoint: 44337 ns, Total: 794993 ns
[2020-08-12T14:39:50.852+0000][6][safepoint    ] Safepoint "Cleanup", Time since last: 1000373299 ns, Reaching safepoint: 471634 ns, At safepoint: 36024 ns, Total: 507658 ns
[2020-08-12T14:39:51.853+0000][6][safepoint    ] Safepoint "Cleanup", Time since last: 1000310838 ns, Reaching safepoint: 787730 ns, At safepoint: 44288 ns, Total: 832018 ns
[2020-08-12T14:39:52.854+0000][6][safepoint    ] Safepoint "Cleanup", Time since last: 1000401061 ns, Reaching safepoint: 877143 ns, At safepoint: 68874 ns, Total: 946017 ns
[2020-08-12T14:39:53.855+0000][6][safepoint    ] Safepoint "Cleanup", Time since last: 1000295737 ns, Reaching safepoint: 327197 ns, At safepoint: 15200 ns, Total: 342397 ns
[2020-08-12T14:39:54.856+0000][6][safepoint    ] Safepoint "Cleanup", Time since last: 1000269063 ns, Reaching safepoint: 863330 ns, At safepoint: 45900 ns, Total: 909230 ns
[2020-08-12T14:39:55.857+0000][6][safepoint    ] Safepoint "Cleanup", Time since last: 1000342262 ns, Reaching safepoint: 881505 ns, At safepoint: 44187 ns, Total: 925692 ns
[2020-08-12T14:39:56.858+0000][6][safepoint    ] Safepoint "Cleanup", Time since last: 1000294787 ns, Reaching safepoint: 619057 ns, At safepoint: 27400 ns, Total: 646457 ns
[2020-08-12T14:39:57.996+0000][6][safepoint    ] Safepoint "Cleanup", Time since last: 1137122975 ns, Reaching safepoint: 899992 ns, At safepoint: 43950 ns, Total: 943942 ns
[2020-08-12T14:39:59.687+0000][6][safepoint    ] Safepoint "Cleanup", Time since last: 1690220038 ns, Reaching safepoint: 816605 ns, At safepoint: 46462 ns, Total: 863067 ns
[2020-08-12T14:40:00.688+0000][6][safepoint    ] Safepoint "Cleanup", Time since last: 1000330525 ns, Reaching safepoint: 718743 ns, At safepoint: 52700 ns, Total: 771443 ns
[2020-08-12T14:40:01.689+0000][6][safepoint    ] Safepoint "Cleanup", Time since last: 1000308425 ns, Reaching safepoint: 647869 ns, At safepoint: 38387 ns, Total: 686256 ns
[2020-08-12T14:40:02.691+0000][6][safepoint    ] Safepoint "Cleanup", Time since last: 1000284450 ns, Reaching safepoint: 877005 ns, At safepoint: 44137 ns, Total: 921142 ns
[2020-08-12T14:40:03.694+0000][6][safepoint    ] Safepoint "Cleanup", Time since last: 1002354120 ns, Reaching safepoint: 713493 ns, At safepoint: 60462 ns, Total: 773955 ns
[2020-08-12T14:40:04.696+0000][6][safepoint    ] Safepoint "Cleanup", Time since last: 1001490690 ns, Reaching safepoint: 583857 ns, At safepoint: 89775 ns, Total: 673632 ns
[2020-08-12T14:40:05.697+0000][6][safepoint    ] Safepoint "Cleanup", Time since last: 1000345761 ns, Reaching safepoint: 894080 ns, At safepoint: 43337 ns, Total: 937417 ns
[2020-08-12T14:40:06.708+0000][6][safepoint    ] Safepoint "Cleanup", Time since last: 1000340412 ns, Reaching safepoint: 9882975 ns, At safepoint: 77650 ns, Total: 9960625 ns
[2020-08-12T14:40:07.985+0000][6][safepoint    ] Safepoint "Cleanup", Time since last: 1276812062 ns, Reaching safepoint: 936455 ns, At safepoint: 44537 ns, Total: 980992 ns
[2020-08-12T14:40:09.814+0000][6][safepoint    ] Safepoint "Cleanup", Time since last: 1827696157 ns, Reaching safepoint: 560607 ns, At safepoint: 44412 ns, Total: 605019 ns
[2020-08-12T14:40:10.815+0000][6][safepoint    ] Safepoint "Cleanup", Time since last: 1000420537 ns, Reaching safepoint: 911554 ns, At safepoint: 60887 ns, Total: 972441 ns
[2020-08-12T14:40:11.816+0000][6][safepoint    ] Safepoint "Cleanup", Time since last: 1000343000 ns, Reaching safepoint: 723418 ns, At safepoint: 58400 ns, Total: 781818 ns
[2020-08-12T14:40:12.817+0000][6][safepoint    ] Safepoint "Cleanup", Time since last: 1000345574 ns, Reaching safepoint: 808618 ns, At safepoint: 55587 ns, Total: 864205 ns
[2020-08-12T14:40:13.819+0000][6][safepoint    ] Safepoint "Cleanup", Time since last: 1000313775 ns, Reaching safepoint: 1054078 ns, At safepoint: 58112 ns, Total: 1112190 ns
[2020-08-12T14:40:14.820+0000][6][safepoint    ] Safepoint "Cleanup", Time since last: 1000429450 ns, Reaching safepoint: 783855 ns, At safepoint: 55975 ns, Total: 839830 ns
[2020-08-12T14:40:15.821+0000][6][safepoint    ] Safepoint "Cleanup", Time since last: 1000345549 ns, Reaching safepoint: 765856 ns, At safepoint: 57337 ns, Total: 823193 ns
[2020-08-12T14:40:16.822+0000][6][safepoint    ] Safepoint "Cleanup", Time since last: 1000343900 ns, Reaching safepoint: 656419 ns, At safepoint: 83661 ns, Total: 740080 ns
[2020-08-12T14:40:17.991+0000][6][safepoint    ] Safepoint "Cleanup", Time since last: 1167711092 ns, Reaching safepoint: 857755 ns, At safepoint: 92187 ns, Total: 949942 ns
[2020-08-12T14:40:19.694+0000][6][safepoint    ] Safepoint "Cleanup", Time since last: 1702624490 ns, Reaching safepoint: 489833 ns, At safepoint: 24837 ns, Total: 514670 ns
[2020-08-12T14:40:20.695+0000][6][safepoint    ] Safepoint "Cleanup", Time since last: 1000275289 ns, Reaching safepoint: 816280 ns, At safepoint: 46337 ns, Total: 862617 ns
[2020-08-12T14:40:21.696+0000][6][safepoint    ] Safepoint "Cleanup", Time since last: 1000313412 ns, Reaching safepoint: 465496 ns, At safepoint: 33512 ns, Total: 499008 ns
[2020-08-12T14:40:22.697+0000][6][safepoint    ] Safepoint "Cleanup", Time since last: 1000320288 ns, Reaching safepoint: 657669 ns, At safepoint: 51987 ns, Total: 709656 ns
[2020-08-12T14:40:24.698+0000][6][safepoint    ] Safepoint "Cleanup", Time since last: 1999882594 ns, Reaching safepoint: 668219 ns, At safepoint: 44274 ns, Total: 712493 ns
[2020-08-12T14:40:25.699+0000][6][safepoint    ] Safepoint "Cleanup", Time since last: 1000324663 ns, Reaching safepoint: 777306 ns, At safepoint: 43862 ns, Total: 821168 ns
[2020-08-12T14:40:26.700+0000][6][safepoint    ] Safepoint "Cleanup", Time since last: 1000370462 ns, Reaching safepoint: 433146 ns, At safepoint: 30787 ns, Total: 463933 ns
[2020-08-12T14:40:27.972+0000][6][safepoint    ] Safepoint "Cleanup", Time since last: 1271767770 ns, Reaching safepoint: 823917 ns, At safepoint: 46725 ns, Total: 870642 ns
[2020-08-12T14:40:29.692+0000][6][safepoint    ] Safepoint "Cleanup", Time since last: 1718886884 ns, Reaching safepoint: 639631 ns, At safepoint: 54175 ns, Total: 693806 ns
[2020-08-12T14:40:30.693+0000][6][safepoint    ] Safepoint "Cleanup", Time since last: 1000438474 ns, Reaching safepoint: 518745 ns, At safepoint: 44025 ns, Total: 562770 ns
[2020-08-12T14:40:31.694+0000][6][safepoint    ] Safepoint "Cleanup", Time since last: 1000401199 ns, Reaching safepoint: 670644 ns, At safepoint: 46500 ns, Total: 717144 ns
[2020-08-12T14:40:32.695+0000][6][safepoint    ] Safepoint "Cleanup", Time since last: 1000348012 ns, Reaching safepoint: 877754 ns, At safepoint: 43638 ns, Total: 921392 ns
[2020-08-12T14:40:33.696+0000][6][safepoint    ] Safepoint "Cleanup", Time since last: 1000287450 ns, Reaching safepoint: 592995 ns, At safepoint: 34612 ns, Total: 627607 ns
[2020-08-12T14:40:34.697+0000][6][safepoint    ] Safepoint "Cleanup", Time since last: 1000259300 ns, Reaching safepoint: 880693 ns, At safepoint: 44012 ns, Total: 924705 ns
[2020-08-12T14:40:35.699+0000][6][safepoint    ] Safepoint "Cleanup", Time since last: 1000338124 ns, Reaching safepoint: 868167 ns, At safepoint: 43475 ns, Total: 911642 ns
[2020-08-12T14:40:36.700+0000][6][safepoint    ] Safepoint "Cleanup", Time since last: 1000369637 ns, Reaching safepoint: 1330001 ns, At safepoint: 81399 ns, Total: 1411400 ns
[2020-08-12T14:40:38.032+0000][6][safepoint    ] Safepoint "Cleanup", Time since last: 1330938671 ns, Reaching safepoint: 903467 ns, At safepoint: 56812 ns, Total: 960279 ns
[2020-08-12T14:40:39.698+0000][6][safepoint    ] Safepoint "Cleanup", Time since last: 1665535968 ns, Reaching safepoint: 489559 ns, At safepoint: 29274 ns, Total: 518833 ns
[2020-08-12T14:40:40.699+0000][6][safepoint    ] Safepoint "Cleanup", Time since last: 1000277613 ns, Reaching safepoint: 675232 ns, At safepoint: 45862 ns, Total: 721094 ns
[2020-08-12T14:40:41.700+0000][6][safepoint    ] Safepoint "Cleanup", Time since last: 1000405874 ns, Reaching safepoint: 533795 ns, At safepoint: 45387 ns, Total: 579182 ns
[2020-08-12T14:40:42.701+0000][6][safepoint    ] Safepoint "Cleanup", Time since last: 1000338300 ns, Reaching safepoint: 639282 ns, At safepoint: 76362 ns, Total: 715644 ns
[2020-08-12T14:40:44.703+0000][6][safepoint    ] Safepoint "Cleanup", Time since last: 2001308969 ns, Reaching safepoint: 639456 ns, At safepoint: 46387 ns, Total: 685843 ns
[2020-08-12T14:40:45.704+0000][6][safepoint    ] Safepoint "Cleanup", Time since last: 1000346300 ns, Reaching safepoint: 650244 ns, At safepoint: 44175 ns, Total: 694419 ns
[2020-08-12T14:40:46.705+0000][6][safepoint    ] Safepoint "Cleanup", Time since last: 1000317450 ns, Reaching safepoint: 643182 ns, At safepoint: 46824 ns, Total: 690006 ns
[2020-08-12T14:40:48.004+0000][6][safepoint    ] Safepoint "Cleanup", Time since last: 1297410705 ns, Reaching safepoint: 714656 ns, At safepoint: 53775 ns, Total: 768431 ns
[2020-08-12T14:40:49.833+0000][6][safepoint    ] Safepoint "Cleanup", Time since last: 1828809010 ns, Reaching safepoint: 796493 ns, At safepoint: 43987 ns, Total: 840480 ns
[2020-08-12T14:40:50.834+0000][6][safepoint    ] Safepoint "Cleanup", Time since last: 1000334250 ns, Reaching safepoint: 722243 ns, At safepoint: 43887 ns, Total: 766130 ns
[2020-08-12T14:40:51.835+0000][6][safepoint    ] Safepoint "Cleanup", Time since last: 1000351162 ns, Reaching safepoint: 590845 ns, At safepoint: 45812 ns, Total: 636657 ns
[2020-08-12T14:40:52.836+0000][6][safepoint    ] Safepoint "Cleanup", Time since last: 1000344725 ns, Reaching safepoint: 714544 ns, At safepoint: 46337 ns, Total: 760881 ns
[2020-08-12T14:40:53.837+0000][6][safepoint    ] Safepoint "Cleanup", Time since last: 1000342599 ns, Reaching safepoint: 494021 ns, At safepoint: 43037 ns, Total: 537058 ns
[2020-08-12T14:40:54.841+0000][6][safepoint    ] Safepoint "Cleanup", Time since last: 1000496348 ns, Reaching safepoint: 3130635 ns, At safepoint: 61812 ns, Total: 3192447 ns
[2020-08-12T14:40:55.842+0000][6][safepoint    ] Safepoint "Cleanup", Time since last: 1000347275 ns, Reaching safepoint: 912517 ns, At safepoint: 43274 ns, Total: 955791 ns
[2020-08-12T14:40:56.843+0000][6][safepoint    ] Safepoint "Cleanup", Time since last: 1000305163 ns, Reaching safepoint: 731356 ns, At safepoint: 31762 ns, Total: 763118 ns
[2020-08-12T14:40:58.020+0000][6][safepoint    ] Safepoint "Cleanup", Time since last: 1176243041 ns, Reaching safepoint: 748069 ns, At safepoint: 44737 ns, Total: 792806 ns
[2020-08-12T14:40:58.700+0000][6][safepoint    ] Safepoint "BulkRevokeBias", Time since last: 676551843 ns, Reaching safepoint: 324397 ns, At safepoint: 2560203 ns, Total: 2884600 ns
[2020-08-12T14:40:59.701+0000][6][safepoint    ] Safepoint "Cleanup", Time since last: 1000561210 ns, Reaching safepoint: 911054 ns, At safepoint: 45087 ns, Total: 956141 ns
[2020-08-12T14:41:00.703+0000][6][safepoint    ] Safepoint "Cleanup", Time since last: 1000342425 ns, Reaching safepoint: 803593 ns, At safepoint: 43550 ns, Total: 847143 ns
[2020-08-12T14:41:01.703+0000][6][safepoint    ] Safepoint "Cleanup", Time since last: 1000366749 ns, Reaching safepoint: 527320 ns, At safepoint: 27075 ns, Total: 554395 ns
[2020-08-12T14:41:02.705+0000][6][safepoint    ] Safepoint "Cleanup", Time since last: 1000287988 ns, Reaching safepoint: 1008253 ns, At safepoint: 55637 ns, Total: 1063890 ns
[2020-08-12T14:41:03.695+0000][6][safepoint    ] Safepoint "BulkRevokeBias", Time since last: 987484264 ns, Reaching safepoint: 717669 ns, At safepoint: 2357654 ns, Total: 3075323 ns
[2020-08-12T14:41:04.697+0000][6][safepoint    ] Safepoint "Cleanup", Time since last: 1001559664 ns, Reaching safepoint: 358409 ns, At safepoint: 23775 ns, Total: 382184 ns
[2020-08-12T14:41:05.698+0000][6][safepoint    ] Safepoint "Cleanup", Time since last: 1000230138 ns, Reaching safepoint: 881380 ns, At safepoint: 50412 ns, Total: 931792 ns
[2020-08-12T14:41:06.700+0000][6][safepoint    ] Safepoint "Cleanup", Time since last: 1000452236 ns, Reaching safepoint: 1444675 ns, At safepoint: 78936 ns, Total: 1523611 ns
[2020-08-12T14:41:08.096+0000][6][safepoint    ] Safepoint "Cleanup", Time since last: 1394457458 ns, Reaching safepoint: 794781 ns, At safepoint: 44737 ns, Total: 839518 ns
[2020-08-12T14:41:09.999+0000][6][safepoint    ] Safepoint "Cleanup", Time since last: 1902926216 ns, Reaching safepoint: 634694 ns, At safepoint: 43912 ns, Total: 678606 ns
[2020-08-12T14:41:11.000+0000][6][safepoint    ] Safepoint "Cleanup", Time since last: 1000348600 ns, Reaching safepoint: 603332 ns, At safepoint: 44549 ns, Total: 647881 ns
[2020-08-12T14:41:12.001+0000][6][safepoint    ] Safepoint "Cleanup", Time since last: 1000308525 ns, Reaching safepoint: 453671 ns, At safepoint: 32713 ns, Total: 486384 ns
[2020-08-12T14:41:13.002+0000][6][safepoint    ] Safepoint "Cleanup", Time since last: 1000243725 ns, Reaching safepoint: 549783 ns, At safepoint: 58237 ns, Total: 608020 ns
[2020-08-12T14:41:14.003+0000][6][safepoint    ] Safepoint "Cleanup", Time since last: 1000347274 ns, Reaching safepoint: 449922 ns, At safepoint: 43974 ns, Total: 493896 ns
[2020-08-12T14:41:15.004+0000][6][safepoint    ] Safepoint "Cleanup", Time since last: 1000405424 ns, Reaching safepoint: 877755 ns, At safepoint: 48024 ns, Total: 925779 ns
[2020-08-12T14:41:16.005+0000][6][safepoint    ] Safepoint "Cleanup", Time since last: 1000311225 ns, Reaching safepoint: 735319 ns, At safepoint: 52912 ns, Total: 788231 ns
[2020-08-12T14:41:18.003+0000][6][safepoint    ] Safepoint "Cleanup", Time since last: 1996696197 ns, Reaching safepoint: 563620 ns, At safepoint: 27063 ns, Total: 590683 ns
[2020-08-12T14:41:19.698+0000][6][safepoint    ] Safepoint "Cleanup", Time since last: 1694737109 ns, Reaching safepoint: 947492 ns, At safepoint: 47637 ns, Total: 995129 ns
[2020-08-12T14:41:20.699+0000][6][safepoint    ] Safepoint "Cleanup", Time since last: 1000322262 ns, Reaching safepoint: 705969 ns, At safepoint: 44762 ns, Total: 750731 ns
[2020-08-12T14:41:21.700+0000][6][safepoint    ] Safepoint "Cleanup", Time since last: 1000310163 ns, Reaching safepoint: 472333 ns, At safepoint: 27112 ns, Total: 499445 ns
[2020-08-12T14:41:22.701+0000][6][safepoint    ] Safepoint "Cleanup", Time since last: 1000275726 ns, Reaching safepoint: 709668 ns, At safepoint: 54400 ns, Total: 764068 ns
[2020-08-12T14:41:24.696+0000][6][safepoint    ] Safepoint "Cleanup", Time since last: 1994259656 ns, Reaching safepoint: 651469 ns, At safepoint: 44087 ns, Total: 695556 ns
[2020-08-12T14:41:25.697+0000][6][safepoint    ] Safepoint "Cleanup", Time since last: 1000354475 ns, Reaching safepoint: 687969 ns, At safepoint: 45137 ns, Total: 733106 ns
[2020-08-12T14:41:26.698+0000][6][safepoint    ] Safepoint "Cleanup", Time since last: 1000305088 ns, Reaching safepoint: 537420 ns, At safepoint: 22775 ns, Total: 560195 ns
[2020-08-12T14:41:27.878+0000][6][safepoint    ] Safepoint "Cleanup", Time since last: 1179620824 ns, Reaching safepoint: 698381 ns, At safepoint: 51999 ns, Total: 750380 ns
[2020-08-12T14:41:29.702+0000][6][safepoint    ] Safepoint "Cleanup", Time since last: 1823235409 ns, Reaching safepoint: 677732 ns, At safepoint: 46212 ns, Total: 723944 ns
[2020-08-12T14:41:30.704+0000][6][safepoint    ] Safepoint "Cleanup", Time since last: 1000349525 ns, Reaching safepoint: 843392 ns, At safepoint: 44225 ns, Total: 887617 ns
[2020-08-12T14:41:31.705+0000][6][safepoint    ] Safepoint "Cleanup", Time since last: 1000395149 ns, Reaching safepoint: 449609 ns, At safepoint: 23474 ns, Total: 473083 ns
[2020-08-12T14:41:32.705+0000][6][safepoint    ] Safepoint "Cleanup", Time since last: 1000241876 ns, Reaching safepoint: 528658 ns, At safepoint: 25262 ns, Total: 553920 ns
[2020-08-12T14:41:33.706+0000][6][safepoint    ] Safepoint "Cleanup", Time since last: 1000204813 ns, Reaching safepoint: 385472 ns, At safepoint: 12875 ns, Total: 398347 ns
[2020-08-12T14:41:34.706+0000][6][safepoint    ] Safepoint "Cleanup", Time since last: 1000167776 ns, Reaching safepoint: 265373 ns, At safepoint: 11025 ns, Total: 276398 ns
[2020-08-12T14:41:35.707+0000][6][safepoint    ] Safepoint "Cleanup", Time since last: 1000197313 ns, Reaching safepoint: 378547 ns, At safepoint: 17124 ns, Total: 395671 ns
[2020-08-12T14:41:36.715+0000][6][safepoint    ] Safepoint "Cleanup", Time since last: 1000224851 ns, Reaching safepoint: 8100728 ns, At safepoint: 49587 ns, Total: 8150315 ns
[2020-08-12T14:41:38.037+0000][6][safepoint    ] Safepoint "Cleanup", Time since last: 1321015572 ns, Reaching safepoint: 716231 ns, At safepoint: 44574 ns, Total: 760805 ns
[2020-08-12T14:41:39.697+0000][6][safepoint    ] Safepoint "Cleanup", Time since last: 1659115014 ns, Reaching safepoint: 905254 ns, At safepoint: 43712 ns, Total: 948966 ns
[2020-08-12T14:41:40.698+0000][6][safepoint    ] Safepoint "Cleanup", Time since last: 1000349500 ns, Reaching safepoint: 656694 ns, At safepoint: 46574 ns, Total: 703268 ns
[2020-08-12T14:41:41.699+0000][6][safepoint    ] Safepoint "Cleanup", Time since last: 1000444624 ns, Reaching safepoint: 596620 ns, At safepoint: 30612 ns, Total: 627232 ns
[2020-08-12T14:41:42.700+0000][6][safepoint    ] Safepoint "Cleanup", Time since last: 1000359050 ns, Reaching safepoint: 728943 ns, At safepoint: 47200 ns, Total: 776143 ns
[2020-08-12T14:41:43.701+0000][6][safepoint    ] Safepoint "Cleanup", Time since last: 1000113077 ns, Reaching safepoint: 829117 ns, At safepoint: 35137 ns, Total: 864254 ns
[2020-08-12T14:41:44.729+0000][6][safepoint    ] Safepoint "Cleanup", Time since last: 1027037314 ns, Reaching safepoint: 836942 ns, At safepoint: 43625 ns, Total: 880567 ns
[2020-08-12T14:41:45.731+0000][6][safepoint    ] Safepoint "Cleanup", Time since last: 1000343237 ns, Reaching safepoint: 821393 ns, At safepoint: 43837 ns, Total: 865230 ns
[2020-08-12T14:41:46.732+0000][6][safepoint    ] Safepoint "Cleanup", Time since last: 1000341512 ns, Reaching safepoint: 864267 ns, At safepoint: 40663 ns, Total: 904930 ns
[2020-08-12T14:41:47.070+0000][6][gc,start     ] GC(21) Pause Young (Normal) (G1 Evacuation Pause)
[2020-08-12T14:41:47.070+0000][6][gc,task      ] GC(21) Using 2 workers of 2 for evacuation
[2020-08-12T14:41:47.071+0000][6][gc,age       ] GC(21) Desired survivor size 40370176 bytes, new threshold 15 (max threshold 15)
[2020-08-12T14:41:47.091+0000][6][gc,age       ] GC(21) Age table with threshold 15 (max threshold 15)
[2020-08-12T14:41:47.091+0000][6][gc,age       ] GC(21) - age   1:     479104 bytes,     479104 total
[2020-08-12T14:41:47.091+0000][6][gc,age       ] GC(21) - age   2:     207064 bytes,     686168 total
[2020-08-12T14:41:47.094+0000][6][gc,phases    ] GC(21)   Pre Evacuate Collection Set: 3.8ms
[2020-08-12T14:41:47.095+0000][6][gc,phases    ] GC(21)   Merge Heap Roots: 0.6ms
[2020-08-12T14:41:47.095+0000][6][gc,phases    ] GC(21)   Evacuate Collection Set: 7.6ms
[2020-08-12T14:41:47.095+0000][6][gc,phases    ] GC(21)   Post Evacuate Collection Set: 2.8ms
[2020-08-12T14:41:47.095+0000][6][gc,phases    ] GC(21)   Other: 32.7ms
[2020-08-12T14:41:47.095+0000][6][gc,heap      ] GC(21) Eden regions: 613->0(613)
[2020-08-12T14:41:47.095+0000][6][gc,heap      ] GC(21) Survivor regions: 1->1(77)
[2020-08-12T14:41:47.095+0000][6][gc,heap      ] GC(21) Old regions: 77->77
[2020-08-12T14:41:47.095+0000][6][gc,heap      ] GC(21) Archive regions: 2->2
[2020-08-12T14:41:47.095+0000][6][gc,heap      ] GC(21) Humongous regions: 7->7
[2020-08-12T14:41:47.095+0000][6][gc,metaspace ] GC(21) Metaspace: 94177K(101944K)->94177K(101944K) NonClass: 81656K(86328K)->81656K(86328K) Class: 12521K(15616K)->12521K(15616K)
[2020-08-12T14:41:47.095+0000][6][gc           ] GC(21) Pause Young (Normal) (G1 Evacuation Pause) 697M->84M(1024M) 24.975ms
[2020-08-12T14:41:47.095+0000][6][gc,cpu       ] GC(21) User=0.01s Sys=0.01s Real=0.03s
[2020-08-12T14:41:47.095+0000][6][safepoint    ] Safepoint "G1CollectForAllocation", Time since last: 309189798 ns, Reaching safepoint: 407371 ns, At safepoint: 53779699 ns, Total: 54187070 ns
[2020-08-12T14:41:48.096+0000][6][safepoint    ] Safepoint "Cleanup", Time since last: 1000207463 ns, Reaching safepoint: 677244 ns, At safepoint: 55262 ns, Total: 732506 ns
[2020-08-12T14:41:49.905+0000][6][safepoint    ] Safepoint "Cleanup", Time since last: 1807501773 ns, Reaching safepoint: 856018 ns, At safepoint: 44112 ns, Total: 900130 ns
[2020-08-12T14:41:50.906+0000][6][safepoint    ] Safepoint "Cleanup", Time since last: 1000428211 ns, Reaching safepoint: 596583 ns, At safepoint: 44112 ns, Total: 640695 ns
[2020-08-12T14:41:51.907+0000][6][safepoint    ] Safepoint "Cleanup", Time since last: 1000376274 ns, Reaching safepoint: 542208 ns, At safepoint: 43412 ns, Total: 585620 ns
[2020-08-12T14:41:52.908+0000][6][safepoint    ] Safepoint "Cleanup", Time since last: 1000384299 ns, Reaching safepoint: 567670 ns, At safepoint: 47175 ns, Total: 614845 ns
[2020-08-12T14:41:53.910+0000][6][safepoint    ] Safepoint "Cleanup", Time since last: 1000271663 ns, Reaching safepoint: 1954032 ns, At safepoint: 131449 ns, Total: 2085481 ns
[2020-08-12T14:41:54.911+0000][6][safepoint    ] Safepoint "Cleanup", Time since last: 1000344287 ns, Reaching safepoint: 722744 ns, At safepoint: 47274 ns, Total: 770018 ns
[2020-08-12T14:41:55.912+0000][6][safepoint    ] Safepoint "Cleanup", Time since last: 1000349175 ns, Reaching safepoint: 646919 ns, At safepoint: 52812 ns, Total: 699731 ns
[2020-08-12T14:41:56.913+0000][6][safepoint    ] Safepoint "Cleanup", Time since last: 1000318375 ns, Reaching safepoint: 864155 ns, At safepoint: 52987 ns, Total: 917142 ns
[2020-08-12T14:41:57.935+0000][6][safepoint    ] Safepoint "Cleanup", Time since last: 1021362126 ns, Reaching safepoint: 666557 ns, At safepoint: 46749 ns, Total: 713306 ns
[2020-08-12T14:41:59.699+0000][6][safepoint    ] Safepoint "Cleanup", Time since last: 1762690584 ns, Reaching safepoint: 556520 ns, At safepoint: 33349 ns, Total: 589869 ns
[2020-08-12T14:42:00.700+0000][6][safepoint    ] Safepoint "Cleanup", Time since last: 1000296750 ns, Reaching safepoint: 640857 ns, At safepoint: 33287 ns, Total: 674144 ns
[2020-08-12T14:42:01.701+0000][6][safepoint    ] Safepoint "Cleanup", Time since last: 1001194305 ns, Reaching safepoint: 627457 ns, At safepoint: 30024 ns, Total: 657481 ns
[2020-08-12T14:42:02.703+0000][6][safepoint    ] Safepoint "Cleanup", Time since last: 1000288688 ns, Reaching safepoint: 871080 ns, At safepoint: 43150 ns, Total: 914230 ns
[2020-08-12T14:42:04.698+0000][6][safepoint    ] Safepoint "Cleanup", Time since last: 1994866763 ns, Reaching safepoint: 853318 ns, At safepoint: 46549 ns, Total: 899867 ns
[2020-08-12T14:42:05.700+0000][6][safepoint    ] Safepoint "Cleanup", Time since last: 1000341650 ns, Reaching safepoint: 854830 ns, At safepoint: 43974 ns, Total: 898804 ns
[2020-08-12T14:42:06.701+0000][6][safepoint    ] Safepoint "Cleanup", Time since last: 1000328575 ns, Reaching safepoint: 583182 ns, At safepoint: 23875 ns, Total: 607057 ns
[2020-08-12T14:42:08.034+0000][6][safepoint    ] Safepoint "Cleanup", Time since last: 1332317271 ns, Reaching safepoint: 829805 ns, At safepoint: 43462 ns, Total: 873267 ns
[2020-08-12T14:42:09.909+0000][6][safepoint    ] Safepoint "Cleanup", Time since last: 1874483080 ns, Reaching safepoint: 850493 ns, At safepoint: 44087 ns, Total: 894580 ns
[2020-08-12T14:42:10.911+0000][6][safepoint    ] Safepoint "Cleanup", Time since last: 1000360862 ns, Reaching safepoint: 953192 ns, At safepoint: 43824 ns, Total: 997016 ns
[2020-08-12T14:42:11.911+0000][6][safepoint    ] Safepoint "Cleanup", Time since last: 1000341912 ns, Reaching safepoint: 466121 ns, At safepoint: 23175 ns, Total: 489296 ns
[2020-08-12T14:42:12.913+0000][6][safepoint    ] Safepoint "Cleanup", Time since last: 1000269313 ns, Reaching safepoint: 691482 ns, At safepoint: 43662 ns, Total: 735144 ns
[2020-08-12T14:42:13.914+0000][6][safepoint    ] Safepoint "Cleanup", Time since last: 1000442073 ns, Reaching safepoint: 785131 ns, At safepoint: 73974 ns, Total: 859105 ns
[2020-08-12T14:42:14.915+0000][6][safepoint    ] Safepoint "Cleanup", Time since last: 1000361150 ns, Reaching safepoint: 606769 ns, At safepoint: 53525 ns, Total: 660294 ns
[2020-08-12T14:42:15.916+0000][6][safepoint    ] Safepoint "Cleanup", Time since last: 1000457924 ns, Reaching safepoint: 584582 ns, At safepoint: 46174 ns, Total: 630756 ns
[2020-08-12T14:42:17.902+0000][6][safepoint    ] Safepoint "Cleanup", Time since last: 1985346561 ns, Reaching safepoint: 640444 ns, At safepoint: 105024 ns, Total: 745468 ns
[2020-08-12T14:42:19.707+0000][6][safepoint    ] Safepoint "Cleanup", Time since last: 1803902105 ns, Reaching safepoint: 1103691 ns, At safepoint: 45587 ns, Total: 1149278 ns
[2020-08-12T14:42:20.708+0000][6][safepoint    ] Safepoint "Cleanup", Time since last: 1000332899 ns, Reaching safepoint: 875168 ns, At safepoint: 46137 ns, Total: 921305 ns
[2020-08-12T14:42:21.709+0000][6][safepoint    ] Safepoint "Cleanup", Time since last: 1000332537 ns, Reaching safepoint: 396534 ns, At safepoint: 25237 ns, Total: 421771 ns
[2020-08-12T14:42:22.710+0000][6][safepoint    ] Safepoint "Cleanup", Time since last: 1000255376 ns, Reaching safepoint: 376584 ns, At safepoint: 36050 ns, Total: 412634 ns
[2020-08-12T14:42:24.729+0000][6][safepoint    ] Safepoint "Cleanup", Time since last: 2018717727 ns, Reaching safepoint: 644794 ns, At safepoint: 44350 ns, Total: 689144 ns
[2020-08-12T14:42:25.730+0000][6][safepoint    ] Safepoint "Cleanup", Time since last: 1000347049 ns, Reaching safepoint: 651094 ns, At safepoint: 46175 ns, Total: 697269 ns
[2020-08-12T14:42:26.731+0000][6][safepoint    ] Safepoint "Cleanup", Time since last: 1000336112 ns, Reaching safepoint: 743281 ns, At safepoint: 55425 ns, Total: 798706 ns
[2020-08-12T14:42:27.980+0000][6][safepoint    ] Safepoint "Cleanup", Time since last: 1248257528 ns, Reaching safepoint: 923329 ns, At safepoint: 44450 ns, Total: 967779 ns
[2020-08-12T14:42:29.820+0000][6][safepoint    ] Safepoint "Cleanup", Time since last: 1838926595 ns, Reaching safepoint: 934042 ns, At safepoint: 66187 ns, Total: 1000229 ns
[2020-08-12T14:42:30.821+0000][6][safepoint    ] Safepoint "Cleanup", Time since last: 1000349299 ns, Reaching safepoint: 657294 ns, At safepoint: 53700 ns, Total: 710994 ns
[2020-08-12T14:42:31.822+0000][6][safepoint    ] Safepoint "Cleanup", Time since last: 1000318800 ns, Reaching safepoint: 515733 ns, At safepoint: 33700 ns, Total: 549433 ns
[2020-08-12T14:42:32.823+0000][6][safepoint    ] Safepoint "Cleanup", Time since last: 1000300000 ns, Reaching safepoint: 724368 ns, At safepoint: 53937 ns, Total: 778305 ns
[2020-08-12T14:42:34.787+0000][6][safepoint    ] Safepoint "Cleanup", Time since last: 1962892547 ns, Reaching safepoint: 639107 ns, At safepoint: 46049 ns, Total: 685156 ns
[2020-08-12T14:42:35.788+0000][6][safepoint    ] Safepoint "Cleanup", Time since last: 1000347312 ns, Reaching safepoint: 672920 ns, At safepoint: 46037 ns, Total: 718957 ns
[2020-08-12T14:42:36.789+0000][6][safepoint    ] Safepoint "Cleanup", Time since last: 1000297537 ns, Reaching safepoint: 432646 ns, At safepoint: 27812 ns, Total: 460458 ns
[2020-08-12T14:42:38.029+0000][6][safepoint    ] Safepoint "Cleanup", Time since last: 1239649155 ns, Reaching safepoint: 853280 ns, At safepoint: 53624 ns, Total: 906904 ns
[2020-08-12T14:42:39.707+0000][6][safepoint    ] Safepoint "Cleanup", Time since last: 1676884381 ns, Reaching safepoint: 696469 ns, At safepoint: 47812 ns, Total: 744281 ns
[2020-08-12T14:42:40.708+0000][6][safepoint    ] Safepoint "Cleanup", Time since last: 1000350787 ns, Reaching safepoint: 675457 ns, At safepoint: 47175 ns, Total: 722632 ns
[2020-08-12T14:42:41.709+0000][6][safepoint    ] Safepoint "Cleanup", Time since last: 1000357286 ns, Reaching safepoint: 649870 ns, At safepoint: 45737 ns, Total: 695607 ns
[2020-08-12T14:42:42.710+0000][6][safepoint    ] Safepoint "Cleanup", Time since last: 1000381024 ns, Reaching safepoint: 636219 ns, At safepoint: 44025 ns, Total: 680244 ns
[2020-08-12T14:42:44.704+0000][6][safepoint    ] Safepoint "Cleanup", Time since last: 1992917306 ns, Reaching safepoint: 909729 ns, At safepoint: 50425 ns, Total: 960154 ns
[2020-08-12T14:42:45.705+0000][6][safepoint    ] Safepoint "Cleanup", Time since last: 1000313012 ns, Reaching safepoint: 663907 ns, At safepoint: 52599 ns, Total: 716506 ns
[2020-08-12T14:42:46.706+0000][6][safepoint    ] Safepoint "Cleanup", Time since last: 1000391237 ns, Reaching safepoint: 749406 ns, At safepoint: 55999 ns, Total: 805405 ns
[2020-08-12T14:42:47.997+0000][6][safepoint    ] Safepoint "Cleanup", Time since last: 1289508163 ns, Reaching safepoint: 689532 ns, At safepoint: 53549 ns, Total: 743081 ns
[2020-08-12T14:42:49.952+0000][6][safepoint    ] Safepoint "Cleanup", Time since last: 1955000079 ns, Reaching safepoint: 852093 ns, At safepoint: 44524 ns, Total: 896617 ns
[2020-08-12T14:42:50.954+0000][6][safepoint    ] Safepoint "Cleanup", Time since last: 1000335775 ns, Reaching safepoint: 901467 ns, At safepoint: 44225 ns, Total: 945692 ns
[2020-08-12T14:42:51.955+0000][6][safepoint    ] Safepoint "Cleanup", Time since last: 1000399524 ns, Reaching safepoint: 865905 ns, At safepoint: 47024 ns, Total: 912929 ns
[2020-08-12T14:42:52.956+0000][6][safepoint    ] Safepoint "Cleanup", Time since last: 1000284288 ns, Reaching safepoint: 695694 ns, At safepoint: 53437 ns, Total: 749131 ns
[2020-08-12T14:42:53.957+0000][6][safepoint    ] Safepoint "Cleanup", Time since last: 1000280325 ns, Reaching safepoint: 261023 ns, At safepoint: 11012 ns, Total: 272035 ns
[2020-08-12T14:42:54.958+0000][6][safepoint    ] Safepoint "Cleanup", Time since last: 1000230438 ns, Reaching safepoint: 745356 ns, At safepoint: 45800 ns, Total: 791156 ns
[2020-08-12T14:42:55.959+0000][6][safepoint    ] Safepoint "Cleanup", Time since last: 1000347737 ns, Reaching safepoint: 600757 ns, At safepoint: 43762 ns, Total: 644519 ns
[2020-08-12T14:42:57.937+0000][6][safepoint    ] Safepoint "Cleanup", Time since last: 1977518005 ns, Reaching safepoint: 607307 ns, At safepoint: 43787 ns, Total: 651094 ns
[2020-08-12T14:42:58.518+0000][6][safepoint    ] Safepoint "BulkRevokeBias", Time since last: 579979562 ns, Reaching safepoint: 446371 ns, At safepoint: 1009691 ns, Total: 1456062 ns
[2020-08-12T14:42:58.706+0000][6][safepoint    ] Safepoint "BulkRevokeBias", Time since last: 185799016 ns, Reaching safepoint: 535458 ns, At safepoint: 1624885 ns, Total: 2160343 ns
[2020-08-12T14:42:59.707+0000][6][safepoint    ] Safepoint "Cleanup", Time since last: 1000306551 ns, Reaching safepoint: 777643 ns, At safepoint: 55262 ns, Total: 832905 ns
[2020-08-12T14:43:00.708+0000][6][safepoint    ] Safepoint "Cleanup", Time since last: 1000350575 ns, Reaching safepoint: 673931 ns, At safepoint: 53375 ns, Total: 727306 ns
[2020-08-12T14:43:01.710+0000][6][safepoint    ] Safepoint "Cleanup", Time since last: 1000312237 ns, Reaching safepoint: 1084453 ns, At safepoint: 49162 ns, Total: 1133615 ns
[2020-08-12T14:43:02.711+0000][6][safepoint    ] Safepoint "Cleanup", Time since last: 1000438411 ns, Reaching safepoint: 867243 ns, At safepoint: 43312 ns, Total: 910555 ns
[2020-08-12T14:43:03.713+0000][6][safepoint    ] Safepoint "Cleanup", Time since last: 1000995418 ns, Reaching safepoint: 806993 ns, At safepoint: 34425 ns, Total: 841418 ns
[2020-08-12T14:43:05.075+0000][6][safepoint    ] Safepoint "Cleanup", Time since last: 1361084191 ns, Reaching safepoint: 611232 ns, At safepoint: 46487 ns, Total: 657719 ns
[2020-08-12T14:43:06.076+0000][6][safepoint    ] Safepoint "Cleanup", Time since last: 1000405774 ns, Reaching safepoint: 834430 ns, At safepoint: 44625 ns, Total: 879055 ns
[2020-08-12T14:43:08.007+0000][6][safepoint    ] Safepoint "Cleanup", Time since last: 1930327510 ns, Reaching safepoint: 879480 ns, At safepoint: 44149 ns, Total: 923629 ns
[2020-08-12T14:43:09.967+0000][6][safepoint    ] Safepoint "Cleanup", Time since last: 1958646322 ns, Reaching safepoint: 822718 ns, At safepoint: 43512 ns, Total: 866230 ns
[2020-08-12T14:43:10.968+0000][6][safepoint    ] Safepoint "Cleanup", Time since last: 1000413900 ns, Reaching safepoint: 885642 ns, At safepoint: 56337 ns, Total: 941979 ns
[2020-08-12T14:43:11.969+0000][6][safepoint    ] Safepoint "Cleanup", Time since last: 1000292074 ns, Reaching safepoint: 516146 ns, At safepoint: 22325 ns, Total: 538471 ns
[2020-08-12T14:43:12.970+0000][6][safepoint    ] Safepoint "Cleanup", Time since last: 1000296287 ns, Reaching safepoint: 670519 ns, At safepoint: 46563 ns, Total: 717082 ns
[2020-08-12T14:43:13.971+0000][6][safepoint    ] Safepoint "Cleanup", Time since last: 1000277675 ns, Reaching safepoint: 245160 ns, At safepoint: 11013 ns, Total: 256173 ns
[2020-08-12T14:43:14.972+0000][6][safepoint    ] Safepoint "Cleanup", Time since last: 1000215450 ns, Reaching safepoint: 872355 ns, At safepoint: 43637 ns, Total: 915992 ns
[2020-08-12T14:43:15.973+0000][6][safepoint    ] Safepoint "Cleanup", Time since last: 1000383137 ns, Reaching safepoint: 953142 ns, At safepoint: 72574 ns, Total: 1025716 ns
[2020-08-12T14:43:17.964+0000][6][safepoint    ] Safepoint "Cleanup", Time since last: 1989344138 ns, Reaching safepoint: 1202939 ns, At safepoint: 46262 ns, Total: 1249201 ns
[2020-08-12T14:43:19.707+0000][6][safepoint    ] Safepoint "Cleanup", Time since last: 1742712310 ns, Reaching safepoint: 676382 ns, At safepoint: 50424 ns, Total: 726806 ns
[2020-08-12T14:43:20.708+0000][6][safepoint    ] Safepoint "Cleanup", Time since last: 1000350587 ns, Reaching safepoint: 914167 ns, At safepoint: 43499 ns, Total: 957666 ns
[2020-08-12T14:43:21.710+0000][6][safepoint    ] Safepoint "Cleanup", Time since last: 1000352250 ns, Reaching safepoint: 892830 ns, At safepoint: 65199 ns, Total: 958029 ns
[2020-08-12T14:43:22.711+0000][6][safepoint    ] Safepoint "Cleanup", Time since last: 1000389375 ns, Reaching safepoint: 861742 ns, At safepoint: 44475 ns, Total: 906217 ns
[2020-08-12T14:43:24.709+0000][6][safepoint    ] Safepoint "Cleanup", Time since last: 1996976656 ns, Reaching safepoint: 936230 ns, At safepoint: 45349 ns, Total: 981579 ns
[2020-08-12T14:43:25.710+0000][6][safepoint    ] Safepoint "Cleanup", Time since last: 1000327388 ns, Reaching safepoint: 829742 ns, At safepoint: 45775 ns, Total: 875517 ns
[2020-08-12T14:43:26.711+0000][6][safepoint    ] Safepoint "Cleanup", Time since last: 1000354962 ns, Reaching safepoint: 806193 ns, At safepoint: 55237 ns, Total: 861430 ns
[2020-08-12T14:43:27.055+0000][6][safepoint    ] Safepoint "BulkRevokeBias", Time since last: 342864537 ns, Reaching safepoint: 301097 ns, At safepoint: 889105 ns, Total: 1190202 ns
[2020-08-12T14:43:28.056+0000][6][safepoint    ] Safepoint "Cleanup", Time since last: 1000278088 ns, Reaching safepoint: 600719 ns, At safepoint: 38375 ns, Total: 639094 ns
[2020-08-12T14:43:30.009+0000][6][safepoint    ] Safepoint "Cleanup", Time since last: 1952230329 ns, Reaching safepoint: 702106 ns, At safepoint: 45987 ns, Total: 748093 ns
[2020-08-12T14:43:31.011+0000][6][safepoint    ] Safepoint "Cleanup", Time since last: 1000342650 ns, Reaching safepoint: 864880 ns, At safepoint: 44174 ns, Total: 909054 ns
[2020-08-12T14:43:32.012+0000][6][safepoint    ] Safepoint "Cleanup", Time since last: 1000328950 ns, Reaching safepoint: 717581 ns, At safepoint: 38212 ns, Total: 755793 ns
[2020-08-12T14:43:33.013+0000][6][safepoint    ] Safepoint "Cleanup", Time since last: 1000345838 ns, Reaching safepoint: 656994 ns, At safepoint: 33399 ns, Total: 690393 ns
[2020-08-12T14:43:34.013+0000][6][safepoint    ] Safepoint "Cleanup", Time since last: 1000301488 ns, Reaching safepoint: 260685 ns, At safepoint: 11375 ns, Total: 272060 ns
[2020-08-12T14:43:35.014+0000][6][safepoint    ] Safepoint "Cleanup", Time since last: 1000227501 ns, Reaching safepoint: 883104 ns, At safepoint: 44700 ns, Total: 927804 ns
[2020-08-12T14:43:36.016+0000][6][safepoint    ] Safepoint "Cleanup", Time since last: 1000347387 ns, Reaching safepoint: 848305 ns, At safepoint: 43450 ns, Total: 891755 ns
[2020-08-12T14:43:37.927+0000][6][safepoint    ] Safepoint "Cleanup", Time since last: 1910242838 ns, Reaching safepoint: 833930 ns, At safepoint: 44837 ns, Total: 878767 ns
[2020-08-12T14:43:38.716+0000][6][safepoint    ] Safepoint "BulkRevokeBias", Time since last: 784741198 ns, Reaching safepoint: 1088115 ns, At safepoint: 3410670 ns, Total: 4498785 ns
[2020-08-12T14:43:39.744+0000][6][safepoint    ] Safepoint "Cleanup", Time since last: 1027590333 ns, Reaching safepoint: 672357 ns, At safepoint: 42762 ns, Total: 715119 ns
[2020-08-12T14:43:40.745+0000][6][safepoint    ] Safepoint "Cleanup", Time since last: 1000334799 ns, Reaching safepoint: 660020 ns, At safepoint: 45062 ns, Total: 705082 ns
[2020-08-12T14:43:41.747+0000][6][safepoint    ] Safepoint "Cleanup", Time since last: 1000341212 ns, Reaching safepoint: 903817 ns, At safepoint: 43187 ns, Total: 947004 ns
[2020-08-12T14:43:42.748+0000][6][safepoint    ] Safepoint "Cleanup", Time since last: 1000377408 ns, Reaching safepoint: 664194 ns, At safepoint: 44224 ns, Total: 708418 ns
[2020-08-12T14:43:44.720+0000][6][safepoint    ] Safepoint "Cleanup", Time since last: 1971343525 ns, Reaching safepoint: 638231 ns, At safepoint: 53275 ns, Total: 691506 ns
[2020-08-12T14:43:45.721+0000][6][safepoint    ] Safepoint "Cleanup", Time since last: 1000388982 ns, Reaching safepoint: 842418 ns, At safepoint: 43675 ns, Total: 886093 ns
[2020-08-12T14:43:46.722+0000][6][safepoint    ] Safepoint "Cleanup", Time since last: 1000345920 ns, Reaching safepoint: 484121 ns, At safepoint: 34974 ns, Total: 519095 ns
[2020-08-12T14:43:47.890+0000][6][safepoint    ] Safepoint "Cleanup", Time since last: 1167385786 ns, Reaching safepoint: 713431 ns, At safepoint: 44625 ns, Total: 758056 ns
[2020-08-12T14:43:48.891+0000][6][safepoint    ] Safepoint "Cleanup", Time since last: 1000306058 ns, Reaching safepoint: 658069 ns, At safepoint: 36900 ns, Total: 694969 ns
[2020-08-12T14:43:50.066+0000][6][safepoint    ] Safepoint "Cleanup", Time since last: 1173954214 ns, Reaching safepoint: 695694 ns, At safepoint: 43625 ns, Total: 739319 ns
[2020-08-12T14:43:51.067+0000][6][safepoint    ] Safepoint "Cleanup", Time since last: 1000433695 ns, Reaching safepoint: 905579 ns, At safepoint: 46175 ns, Total: 951754 ns
[2020-08-12T14:43:52.068+0000][6][safepoint    ] Safepoint "Cleanup", Time since last: 1000355358 ns, Reaching safepoint: 765630 ns, At safepoint: 57662 ns, Total: 823292 ns
[2020-08-12T14:43:53.069+0000][6][safepoint    ] Safepoint "Cleanup", Time since last: 1000346471 ns, Reaching safepoint: 519945 ns, At safepoint: 39712 ns, Total: 559657 ns
[2020-08-12T14:43:54.070+0000][6][safepoint    ] Safepoint "Cleanup", Time since last: 1000255384 ns, Reaching safepoint: 439421 ns, At safepoint: 11900 ns, Total: 451321 ns
[2020-08-12T14:43:55.071+0000][6][safepoint    ] Safepoint "Cleanup", Time since last: 1000222971 ns, Reaching safepoint: 611782 ns, At safepoint: 97337 ns, Total: 709119 ns
[2020-08-12T14:43:56.072+0000][6][safepoint    ] Safepoint "Cleanup", Time since last: 1000341383 ns, Reaching safepoint: 816855 ns, At safepoint: 65987 ns, Total: 882842 ns
[2020-08-12T14:43:57.953+0000][6][safepoint    ] Safepoint "Cleanup", Time since last: 1880138403 ns, Reaching safepoint: 648495 ns, At safepoint: 46787 ns, Total: 695282 ns
[2020-08-12T14:43:59.714+0000][6][safepoint    ] Safepoint "Cleanup", Time since last: 1760067636 ns, Reaching safepoint: 590457 ns, At safepoint: 44325 ns, Total: 634782 ns
[2020-08-12T14:44:00.714+0000][6][safepoint    ] Safepoint "Cleanup", Time since last: 1000411732 ns, Reaching safepoint: 355222 ns, At safepoint: 17212 ns, Total: 372434 ns
[2020-08-12T14:44:01.715+0000][6][safepoint    ] Safepoint "Cleanup", Time since last: 1000206672 ns, Reaching safepoint: 469021 ns, At safepoint: 24125 ns, Total: 493146 ns
[2020-08-12T14:44:02.716+0000][6][safepoint    ] Safepoint "Cleanup", Time since last: 1000260208 ns, Reaching safepoint: 658144 ns, At safepoint: 44550 ns, Total: 702694 ns
[2020-08-12T14:44:03.719+0000][6][safepoint    ] Safepoint "Cleanup", Time since last: 1001659046 ns, Reaching safepoint: 1396038 ns, At safepoint: 69112 ns, Total: 1465150 ns
[2020-08-12T14:44:04.720+0000][6][safepoint    ] Safepoint "Cleanup", Time since last: 1000487281 ns, Reaching safepoint: 573133 ns, At safepoint: 24850 ns, Total: 597983 ns
[2020-08-12T14:44:05.722+0000][6][safepoint    ] Safepoint "Cleanup", Time since last: 1000259183 ns, Reaching safepoint: 951529 ns, At safepoint: 45312 ns, Total: 996841 ns
[2020-08-12T14:44:06.722+0000][6][safepoint    ] Safepoint "Cleanup", Time since last: 1000325021 ns, Reaching safepoint: 488508 ns, At safepoint: 18987 ns, Total: 507495 ns
[2020-08-12T14:44:07.871+0000][6][safepoint    ] Safepoint "Cleanup", Time since last: 1147432949 ns, Reaching safepoint: 980929 ns, At safepoint: 84849 ns, Total: 1065778 ns
[2020-08-12T14:44:08.872+0000][6][safepoint    ] Safepoint "Cleanup", Time since last: 1000310696 ns, Reaching safepoint: 860805 ns, At safepoint: 59937 ns, Total: 920742 ns
[2020-08-12T14:44:10.231+0000][6][safepoint    ] Safepoint "Cleanup", Time since last: 1357501122 ns, Reaching safepoint: 928342 ns, At safepoint: 43825 ns, Total: 972167 ns
[2020-08-12T14:44:11.232+0000][6][safepoint    ] Safepoint "Cleanup", Time since last: 1000303445 ns, Reaching safepoint: 796306 ns, At safepoint: 37712 ns, Total: 834018 ns
[2020-08-12T14:44:12.233+0000][6][safepoint    ] Safepoint "Cleanup", Time since last: 1000310783 ns, Reaching safepoint: 636194 ns, At safepoint: 33775 ns, Total: 669969 ns
[2020-08-12T14:44:13.234+0000][6][safepoint    ] Safepoint "Cleanup", Time since last: 1000356195 ns, Reaching safepoint: 756843 ns, At safepoint: 102937 ns, Total: 859780 ns
[2020-08-12T14:44:14.235+0000][6][safepoint    ] Safepoint "Cleanup", Time since last: 1000298746 ns, Reaching safepoint: 375359 ns, At safepoint: 19350 ns, Total: 394709 ns
[2020-08-12T14:44:15.236+0000][6][safepoint    ] Safepoint "Cleanup", Time since last: 1000313308 ns, Reaching safepoint: 695744 ns, At safepoint: 45599 ns, Total: 741343 ns
[2020-08-12T14:44:16.237+0000][6][safepoint    ] Safepoint "Cleanup", Time since last: 1000347096 ns, Reaching safepoint: 721518 ns, At safepoint: 38175 ns, Total: 759693 ns
[2020-08-12T14:44:18.030+0000][6][safepoint    ] Safepoint "Cleanup", Time since last: 1792375602 ns, Reaching safepoint: 575370 ns, At safepoint: 46225 ns, Total: 621595 ns
[2020-08-12T14:44:19.725+0000][6][safepoint    ] Safepoint "Cleanup", Time since last: 1694371877 ns, Reaching safepoint: 1155115 ns, At safepoint: 57750 ns, Total: 1212865 ns
[2020-08-12T14:44:20.726+0000][6][safepoint    ] Safepoint "Cleanup", Time since last: 1000315945 ns, Reaching safepoint: 398022 ns, At safepoint: 19575 ns, Total: 417597 ns
[2020-08-12T14:44:21.727+0000][6][safepoint    ] Safepoint "Cleanup", Time since last: 1000219571 ns, Reaching safepoint: 423009 ns, At safepoint: 23387 ns, Total: 446396 ns
[2020-08-12T14:44:22.728+0000][6][safepoint    ] Safepoint "Cleanup", Time since last: 1000311846 ns, Reaching safepoint: 757730 ns, At safepoint: 111412 ns, Total: 869142 ns
[2020-08-12T14:44:24.719+0000][6][safepoint    ] Safepoint "Cleanup", Time since last: 1990514730 ns, Reaching safepoint: 843405 ns, At safepoint: 43662 ns, Total: 887067 ns
[2020-08-12T14:44:25.720+0000][6][safepoint    ] Safepoint "Cleanup", Time since last: 1000341258 ns, Reaching safepoint: 652732 ns, At safepoint: 44387 ns, Total: 697119 ns
[2020-08-12T14:44:26.722+0000][6][safepoint    ] Safepoint "Cleanup", Time since last: 1000309471 ns, Reaching safepoint: 773605 ns, At safepoint: 51312 ns, Total: 824917 ns
[2020-08-12T14:44:27.966+0000][6][safepoint    ] Safepoint "Cleanup", Time since last: 1243721863 ns, Reaching safepoint: 694506 ns, At safepoint: 48088 ns, Total: 742594 ns
[2020-08-12T14:44:29.022+0000][6][safepoint    ] Safepoint "Cleanup", Time since last: 1055261973 ns, Reaching safepoint: 267998 ns, At safepoint: 11237 ns, Total: 279235 ns
[2020-08-12T14:44:30.023+0000][6][safepoint    ] Safepoint "Cleanup", Time since last: 1000742380 ns, Reaching safepoint: 768880 ns, At safepoint: 44812 ns, Total: 813692 ns
[2020-08-12T14:44:31.024+0000][6][safepoint    ] Safepoint "Cleanup", Time since last: 1000331908 ns, Reaching safepoint: 779419 ns, At safepoint: 46387 ns, Total: 825806 ns
[2020-08-12T14:44:32.026+0000][6][safepoint    ] Safepoint "Cleanup", Time since last: 1000346357 ns, Reaching safepoint: 866855 ns, At safepoint: 43637 ns, Total: 910492 ns
[2020-08-12T14:44:33.027+0000][6][safepoint    ] Safepoint "Cleanup", Time since last: 1000477907 ns, Reaching safepoint: 756056 ns, At safepoint: 43524 ns, Total: 799580 ns
[2020-08-12T14:44:34.027+0000][6][safepoint    ] Safepoint "Cleanup", Time since last: 1000329271 ns, Reaching safepoint: 361447 ns, At safepoint: 12625 ns, Total: 374072 ns
[2020-08-12T14:44:35.029+0000][6][safepoint    ] Safepoint "Cleanup", Time since last: 1000189921 ns, Reaching safepoint: 839455 ns, At safepoint: 38675 ns, Total: 878130 ns
[2020-08-12T14:44:36.030+0000][6][safepoint    ] Safepoint "Cleanup", Time since last: 1000289258 ns, Reaching safepoint: 782606 ns, At safepoint: 56237 ns, Total: 838843 ns
[2020-08-12T14:44:37.031+0000][6][safepoint    ] Safepoint "Cleanup", Time since last: 1000452094 ns, Reaching safepoint: 401147 ns, At safepoint: 28950 ns, Total: 430097 ns
[2020-08-12T14:44:38.067+0000][6][safepoint    ] Safepoint "Cleanup", Time since last: 1036118280 ns, Reaching safepoint: 655806 ns, At safepoint: 46325 ns, Total: 702131 ns
[2020-08-12T14:44:39.719+0000][6][safepoint    ] Safepoint "Cleanup", Time since last: 1651071285 ns, Reaching safepoint: 653519 ns, At safepoint: 44987 ns, Total: 698506 ns
[2020-08-12T14:44:40.720+0000][6][safepoint    ] Safepoint "Cleanup", Time since last: 1000349633 ns, Reaching safepoint: 663119 ns, At safepoint: 52899 ns, Total: 716018 ns
[2020-08-12T14:44:41.721+0000][6][safepoint    ] Safepoint "Cleanup", Time since last: 1000375208 ns, Reaching safepoint: 495583 ns, At safepoint: 62725 ns, Total: 558308 ns
[2020-08-12T14:44:42.722+0000][6][safepoint    ] Safepoint "Cleanup", Time since last: 1000332282 ns, Reaching safepoint: 743481 ns, At safepoint: 67150 ns, Total: 810631 ns
[2020-08-12T14:44:44.720+0000][6][safepoint    ] Safepoint "Cleanup", Time since last: 1997358520 ns, Reaching safepoint: 672669 ns, At safepoint: 44974 ns, Total: 717643 ns
[2020-08-12T14:44:45.722+0000][6][safepoint    ] Safepoint "Cleanup", Time since last: 1000362933 ns, Reaching safepoint: 1172302 ns, At safepoint: 42975 ns, Total: 1215277 ns
[2020-08-12T14:44:46.724+0000][6][safepoint    ] Safepoint "Cleanup", Time since last: 1000239396 ns, Reaching safepoint: 1752960 ns, At safepoint: 36687 ns, Total: 1789647 ns
[2020-08-12T14:44:47.940+0000][6][safepoint    ] Safepoint "Cleanup", Time since last: 1215041615 ns, Reaching safepoint: 597420 ns, At safepoint: 43949 ns, Total: 641369 ns
[2020-08-12T14:44:48.941+0000][6][safepoint    ] Safepoint "Cleanup", Time since last: 1000361221 ns, Reaching safepoint: 585070 ns, At safepoint: 43012 ns, Total: 628082 ns
[2020-08-12T14:44:50.078+0000][6][safepoint    ] Safepoint "Cleanup", Time since last: 1137010490 ns, Reaching safepoint: 724444 ns, At safepoint: 45962 ns, Total: 770406 ns
[2020-08-12T14:44:51.079+0000][6][safepoint    ] Safepoint "Cleanup", Time since last: 1000346133 ns, Reaching safepoint: 663694 ns, At safepoint: 43712 ns, Total: 707406 ns
[2020-08-12T14:44:52.080+0000][6][safepoint    ] Safepoint "Cleanup", Time since last: 1000357808 ns, Reaching safepoint: 564645 ns, At safepoint: 45025 ns, Total: 609670 ns
[2020-08-12T14:44:53.082+0000][6][safepoint    ] Safepoint "Cleanup", Time since last: 1000354945 ns, Reaching safepoint: 869555 ns, At safepoint: 43937 ns, Total: 913492 ns
[2020-08-12T14:44:54.083+0000][6][safepoint    ] Safepoint "Cleanup", Time since last: 1000367932 ns, Reaching safepoint: 721244 ns, At safepoint: 85012 ns, Total: 806256 ns
[2020-08-12T14:44:55.084+0000][6][safepoint    ] Safepoint "Cleanup", Time since last: 1000299558 ns, Reaching safepoint: 791443 ns, At safepoint: 44650 ns, Total: 836093 ns
[2020-08-12T14:44:56.085+0000][6][safepoint    ] Safepoint "Cleanup", Time since last: 1000352983 ns, Reaching safepoint: 588632 ns, At safepoint: 45862 ns, Total: 634494 ns
[2020-08-12T14:44:57.891+0000][6][safepoint    ] Safepoint "Cleanup", Time since last: 1805193314 ns, Reaching safepoint: 889204 ns, At safepoint: 44675 ns, Total: 933879 ns
[2020-08-12T14:44:59.722+0000][6][safepoint    ] Safepoint "Cleanup", Time since last: 1830026520 ns, Reaching safepoint: 856030 ns, At safepoint: 31249 ns, Total: 887279 ns
[2020-08-12T14:45:00.723+0000][6][safepoint    ] Safepoint "Cleanup", Time since last: 1000240134 ns, Reaching safepoint: 436321 ns, At safepoint: 25363 ns, Total: 461684 ns
[2020-08-12T14:45:01.723+0000][6][safepoint    ] Safepoint "Cleanup", Time since last: 1000241433 ns, Reaching safepoint: 272460 ns, At safepoint: 11925 ns, Total: 284385 ns
[2020-08-12T14:45:02.725+0000][6][safepoint    ] Safepoint "Cleanup", Time since last: 1000455957 ns, Reaching safepoint: 1027829 ns, At safepoint: 60236 ns, Total: 1088065 ns
[2020-08-12T14:45:03.727+0000][6][safepoint    ] Safepoint "BulkRevokeBias", Time since last: 995567463 ns, Reaching safepoint: 1352475 ns, At safepoint: 5173667 ns, Total: 6526142 ns
[2020-08-12T14:45:04.728+0000][6][safepoint    ] Safepoint "Cleanup", Time since last: 1000399620 ns, Reaching safepoint: 612482 ns, At safepoint: 46675 ns, Total: 659157 ns
[2020-08-12T14:45:05.729+0000][6][safepoint    ] Safepoint "Cleanup", Time since last: 1000306808 ns, Reaching safepoint: 320560 ns, At safepoint: 20650 ns, Total: 341210 ns
[2020-08-12T14:45:06.730+0000][6][safepoint    ] Safepoint "Cleanup", Time since last: 1000290033 ns, Reaching safepoint: 1221764 ns, At safepoint: 74024 ns, Total: 1295788 ns
[2020-08-12T14:45:07.260+0000][6][safepoint    ] Safepoint "ICBufferFull", Time since last: 529267748 ns, Reaching safepoint: 490271 ns, At safepoint: 15487 ns, Total: 505758 ns
[2020-08-12T14:45:08.977+0000][6][safepoint    ] Safepoint "Cleanup", Time since last: 1716107574 ns, Reaching safepoint: 945692 ns, At safepoint: 47687 ns, Total: 993379 ns
[2020-08-12T14:45:10.912+0000][6][safepoint    ] Safepoint "Cleanup", Time since last: 1934686260 ns, Reaching safepoint: 356996 ns, At safepoint: 19938 ns, Total: 376934 ns
[2020-08-12T14:45:11.913+0000][6][safepoint    ] Safepoint "Cleanup", Time since last: 1000212834 ns, Reaching safepoint: 446658 ns, At safepoint: 25563 ns, Total: 472221 ns
[2020-08-12T14:45:12.914+0000][6][safepoint    ] Safepoint "Cleanup", Time since last: 1000361232 ns, Reaching safepoint: 1004304 ns, At safepoint: 49637 ns, Total: 1053941 ns
[2020-08-12T14:45:13.915+0000][6][safepoint    ] Safepoint "Cleanup", Time since last: 1000317208 ns, Reaching safepoint: 682744 ns, At safepoint: 55874 ns, Total: 738618 ns
[2020-08-12T14:45:14.916+0000][6][safepoint    ] Safepoint "Cleanup", Time since last: 1000343546 ns, Reaching safepoint: 680531 ns, At safepoint: 43437 ns, Total: 723968 ns
[2020-08-12T14:45:15.917+0000][6][safepoint    ] Safepoint "Cleanup", Time since last: 1000335021 ns, Reaching safepoint: 676819 ns, At safepoint: 45249 ns, Total: 722068 ns
[2020-08-12T14:45:16.918+0000][6][safepoint    ] Safepoint "Cleanup", Time since last: 1000305084 ns, Reaching safepoint: 546032 ns, At safepoint: 38062 ns, Total: 584094 ns
[2020-08-12T14:45:18.043+0000][6][safepoint    ] Safepoint "Cleanup", Time since last: 1123913744 ns, Reaching safepoint: 507921 ns, At safepoint: 35712 ns, Total: 543633 ns
[2020-08-12T14:45:19.730+0000][6][safepoint    ] Safepoint "Cleanup", Time since last: 1686389986 ns, Reaching safepoint: 463633 ns, At safepoint: 31487 ns, Total: 495120 ns
[2020-08-12T14:45:20.731+0000][6][safepoint    ] Safepoint "Cleanup", Time since last: 1000300096 ns, Reaching safepoint: 589707 ns, At safepoint: 43950 ns, Total: 633657 ns
[2020-08-12T14:45:21.731+0000][6][safepoint    ] Safepoint "Cleanup", Time since last: 1000292233 ns, Reaching safepoint: 328860 ns, At safepoint: 17062 ns, Total: 345922 ns
[2020-08-12T14:45:22.732+0000][6][safepoint    ] Safepoint "Cleanup", Time since last: 1000245809 ns, Reaching safepoint: 669944 ns, At safepoint: 53787 ns, Total: 723731 ns
[2020-08-12T14:45:23.740+0000][6][safepoint    ] Safepoint "Cleanup", Time since last: 1006150907 ns, Reaching safepoint: 1069565 ns, At safepoint: 65350 ns, Total: 1134915 ns
[2020-08-12T14:45:24.750+0000][6][safepoint    ] Safepoint "Cleanup", Time since last: 1009860449 ns, Reaching safepoint: 701168 ns, At safepoint: 53275 ns, Total: 754443 ns
[2020-08-12T14:45:25.751+0000][6][safepoint    ] Safepoint "Cleanup", Time since last: 1000384707 ns, Reaching safepoint: 777093 ns, At safepoint: 47300 ns, Total: 824393 ns
[2020-08-12T14:45:26.753+0000][6][safepoint    ] Safepoint "Cleanup", Time since last: 1000321608 ns, Reaching safepoint: 933604 ns, At safepoint: 48625 ns, Total: 982229 ns
[2020-08-12T14:45:28.003+0000][6][safepoint    ] Safepoint "Cleanup", Time since last: 1249699310 ns, Reaching safepoint: 458171 ns, At safepoint: 66712 ns, Total: 524883 ns
[2020-08-12T14:45:29.729+0000][6][safepoint    ] Safepoint "Cleanup", Time since last: 1725189719 ns, Reaching safepoint: 925304 ns, At safepoint: 44637 ns, Total: 969941 ns
[2020-08-12T14:45:30.730+0000][6][safepoint    ] Safepoint "Cleanup", Time since last: 1000339308 ns, Reaching safepoint: 836680 ns, At safepoint: 43775 ns, Total: 880455 ns
[2020-08-12T14:45:31.731+0000][6][safepoint    ] Safepoint "Cleanup", Time since last: 1000304758 ns, Reaching safepoint: 455283 ns, At safepoint: 31500 ns, Total: 486783 ns
[2020-08-12T14:45:32.732+0000][6][safepoint    ] Safepoint "Cleanup", Time since last: 1000333908 ns, Reaching safepoint: 348722 ns, At safepoint: 21900 ns, Total: 370622 ns
[2020-08-12T14:45:33.732+0000][6][safepoint    ] Safepoint "Cleanup", Time since last: 1000241733 ns, Reaching safepoint: 261348 ns, At safepoint: 15688 ns, Total: 277036 ns
[2020-08-12T14:45:34.733+0000][6][safepoint    ] Safepoint "Cleanup", Time since last: 1000184621 ns, Reaching safepoint: 287810 ns, At safepoint: 12150 ns, Total: 299960 ns
[2020-08-12T14:45:35.733+0000][6][safepoint    ] Safepoint "Cleanup", Time since last: 1000203434 ns, Reaching safepoint: 508396 ns, At safepoint: 37749 ns, Total: 546145 ns
[2020-08-12T14:45:36.734+0000][6][safepoint    ] Safepoint "Cleanup", Time since last: 1000261834 ns, Reaching safepoint: 558195 ns, At safepoint: 32587 ns, Total: 590782 ns
[2020-08-12T14:45:37.993+0000][6][safepoint    ] Safepoint "Cleanup", Time since last: 1257657478 ns, Reaching safepoint: 615157 ns, At safepoint: 43637 ns, Total: 658794 ns
[2020-08-12T14:45:39.732+0000][6][safepoint    ] Safepoint "Cleanup", Time since last: 1738961097 ns, Reaching safepoint: 590045 ns, At safepoint: 30300 ns, Total: 620345 ns
[2020-08-12T14:45:40.733+0000][6][safepoint    ] Safepoint "Cleanup", Time since last: 1000306533 ns, Reaching safepoint: 712268 ns, At safepoint: 46525 ns, Total: 758793 ns
[2020-08-12T14:45:41.734+0000][6][safepoint    ] Safepoint "Cleanup", Time since last: 1000294583 ns, Reaching safepoint: 418184 ns, At safepoint: 22238 ns, Total: 440422 ns
[2020-08-12T14:45:42.735+0000][6][safepoint    ] Safepoint "Cleanup", Time since last: 1000255646 ns, Reaching safepoint: 677969 ns, At safepoint: 46599 ns, Total: 724568 ns
[2020-08-12T14:45:44.733+0000][6][safepoint    ] Safepoint "Cleanup", Time since last: 1997228409 ns, Reaching safepoint: 517433 ns, At safepoint: 44287 ns, Total: 561720 ns
[2020-08-12T14:45:45.734+0000][6][safepoint    ] Safepoint "Cleanup", Time since last: 1000406320 ns, Reaching safepoint: 566557 ns, At safepoint: 43537 ns, Total: 610094 ns
[2020-08-12T14:45:46.736+0000][6][safepoint    ] Safepoint "Cleanup", Time since last: 1000417445 ns, Reaching safepoint: 1864684 ns, At safepoint: 63287 ns, Total: 1927971 ns
[2020-08-12T14:45:48.016+0000][6][safepoint    ] Safepoint "Cleanup", Time since last: 1278818028 ns, Reaching safepoint: 812430 ns, At safepoint: 43687 ns, Total: 856117 ns
[2020-08-12T14:45:49.733+0000][6][safepoint    ] Safepoint "Cleanup", Time since last: 1715782177 ns, Reaching safepoint: 853443 ns, At safepoint: 43949 ns, Total: 897392 ns
[2020-08-12T14:45:50.734+0000][6][safepoint    ] Safepoint "Cleanup", Time since last: 1000391770 ns, Reaching safepoint: 759831 ns, At safepoint: 44287 ns, Total: 804118 ns
[2020-08-12T14:45:51.734+0000][6][safepoint    ] Safepoint "Cleanup", Time since last: 1000342495 ns, Reaching safepoint: 373659 ns, At safepoint: 19500 ns, Total: 393159 ns
[2020-08-12T14:45:52.735+0000][6][safepoint    ] Safepoint "Cleanup", Time since last: 1000226447 ns, Reaching safepoint: 557495 ns, At safepoint: 27524 ns, Total: 585019 ns
[2020-08-12T14:45:53.736+0000][6][safepoint    ] Safepoint "Cleanup", Time since last: 1000313809 ns, Reaching safepoint: 850030 ns, At safepoint: 43574 ns, Total: 893604 ns
[2020-08-12T14:45:54.738+0000][6][safepoint    ] Safepoint "Cleanup", Time since last: 1000354808 ns, Reaching safepoint: 856792 ns, At safepoint: 43563 ns, Total: 900355 ns
[2020-08-12T14:45:55.739+0000][6][safepoint    ] Safepoint "Cleanup", Time since last: 1000391957 ns, Reaching safepoint: 870842 ns, At safepoint: 71037 ns, Total: 941879 ns
[2020-08-12T14:45:56.740+0000][6][safepoint    ] Safepoint "Cleanup", Time since last: 1000342508 ns, Reaching safepoint: 881667 ns, At safepoint: 52600 ns, Total: 934267 ns
[2020-08-12T14:45:57.933+0000][6][safepoint    ] Safepoint "Cleanup", Time since last: 1192201529 ns, Reaching safepoint: 637644 ns, At safepoint: 16338 ns, Total: 653982 ns
[2020-08-12T14:45:59.733+0000][6][safepoint    ] Safepoint "Cleanup", Time since last: 1798521772 ns, Reaching safepoint: 909180 ns, At safepoint: 45062 ns, Total: 954242 ns
[2020-08-12T14:46:00.734+0000][6][safepoint    ] Safepoint "Cleanup", Time since last: 1000434019 ns, Reaching safepoint: 816768 ns, At safepoint: 47450 ns, Total: 864218 ns
[2020-08-12T14:46:01.735+0000][6][safepoint    ] Safepoint "Cleanup", Time since last: 1000297946 ns, Reaching safepoint: 344859 ns, At safepoint: 17450 ns, Total: 362309 ns
[2020-08-12T14:46:02.735+0000][6][safepoint    ] Safepoint "Cleanup", Time since last: 1000198484 ns, Reaching safepoint: 337322 ns, At safepoint: 15325 ns, Total: 352647 ns
[2020-08-12T14:46:04.740+0000][6][safepoint    ] Safepoint "Cleanup", Time since last: 2004016211 ns, Reaching safepoint: 590095 ns, At safepoint: 45650 ns, Total: 635745 ns
[2020-08-12T14:46:05.741+0000][6][safepoint    ] Safepoint "Cleanup", Time since last: 1000392544 ns, Reaching safepoint: 774081 ns, At safepoint: 43725 ns, Total: 817806 ns
[2020-08-12T14:46:06.742+0000][6][safepoint    ] Safepoint "Cleanup", Time since last: 1000332658 ns, Reaching safepoint: 871629 ns, At safepoint: 48488 ns, Total: 920117 ns
[2020-08-12T14:46:07.979+0000][6][safepoint    ] Safepoint "Cleanup", Time since last: 1235916906 ns, Reaching safepoint: 703931 ns, At safepoint: 33825 ns, Total: 737756 ns
[2020-08-12T14:46:08.734+0000][6][safepoint    ] Safepoint "BulkRevokeBias", Time since last: 752606404 ns, Reaching safepoint: 671244 ns, At safepoint: 2253555 ns, Total: 2924799 ns
[2020-08-12T14:46:09.737+0000][6][safepoint    ] Safepoint "Cleanup", Time since last: 1001354186 ns, Reaching safepoint: 858468 ns, At safepoint: 43437 ns, Total: 901905 ns
[2020-08-12T14:46:10.738+0000][6][safepoint    ] Safepoint "Cleanup", Time since last: 1000387495 ns, Reaching safepoint: 827218 ns, At safepoint: 45474 ns, Total: 872692 ns
[2020-08-12T14:46:11.739+0000][6][safepoint    ] Safepoint "Cleanup", Time since last: 1000291534 ns, Reaching safepoint: 359059 ns, At safepoint: 18137 ns, Total: 377196 ns
[2020-08-12T14:46:12.740+0000][6][safepoint    ] Safepoint "Cleanup", Time since last: 1000276909 ns, Reaching safepoint: 1046103 ns, At safepoint: 55387 ns, Total: 1101490 ns
[2020-08-12T14:46:13.741+0000][6][safepoint    ] Safepoint "Cleanup", Time since last: 1000340795 ns, Reaching safepoint: 705157 ns, At safepoint: 43899 ns, Total: 749056 ns
[2020-08-12T14:46:14.742+0000][6][safepoint    ] Safepoint "Cleanup", Time since last: 1000349945 ns, Reaching safepoint: 740394 ns, At safepoint: 46199 ns, Total: 786593 ns
[2020-08-12T14:46:15.743+0000][6][safepoint    ] Safepoint "Cleanup", Time since last: 1000356796 ns, Reaching safepoint: 687844 ns, At safepoint: 46637 ns, Total: 734481 ns
[2020-08-12T14:46:16.744+0000][6][safepoint    ] Safepoint "Cleanup", Time since last: 1000297870 ns, Reaching safepoint: 597208 ns, At safepoint: 22237 ns, Total: 619445 ns
[2020-08-12T14:46:17.984+0000][6][safepoint    ] Safepoint "Cleanup", Time since last: 1239258477 ns, Reaching safepoint: 693794 ns, At safepoint: 53562 ns, Total: 747356 ns
[2020-08-12T14:46:19.737+0000][6][safepoint    ] Safepoint "Cleanup", Time since last: 1752045107 ns, Reaching safepoint: 850755 ns, At safepoint: 57899 ns, Total: 908654 ns
[2020-08-12T14:46:20.738+0000][6][safepoint    ] Safepoint "Cleanup", Time since last: 1000354008 ns, Reaching safepoint: 837768 ns, At safepoint: 43962 ns, Total: 881730 ns
[2020-08-12T14:46:21.740+0000][6][safepoint    ] Safepoint "Cleanup", Time since last: 1000341833 ns, Reaching safepoint: 835568 ns, At safepoint: 43699 ns, Total: 879267 ns
[2020-08-12T14:46:22.741+0000][6][safepoint    ] Safepoint "Cleanup", Time since last: 1000373458 ns, Reaching safepoint: 764955 ns, At safepoint: 91325 ns, Total: 856280 ns
[2020-08-12T14:46:24.737+0000][6][safepoint    ] Safepoint "Cleanup", Time since last: 1995240814 ns, Reaching safepoint: 824942 ns, At safepoint: 71487 ns, Total: 896429 ns
[2020-08-12T14:46:25.738+0000][6][safepoint    ] Safepoint "Cleanup", Time since last: 1000354170 ns, Reaching safepoint: 657807 ns, At safepoint: 43499 ns, Total: 701306 ns
[2020-08-12T14:46:26.739+0000][6][safepoint    ] Safepoint "Cleanup", Time since last: 1000291034 ns, Reaching safepoint: 587957 ns, At safepoint: 22900 ns, Total: 610857 ns
[2020-08-12T14:46:28.025+0000][6][safepoint    ] Safepoint "Cleanup", Time since last: 1284968437 ns, Reaching safepoint: 626232 ns, At safepoint: 44349 ns, Total: 670581 ns
[2020-08-12T14:46:29.734+0000][6][safepoint    ] Safepoint "Cleanup", Time since last: 1708295856 ns, Reaching safepoint: 564407 ns, At safepoint: 43725 ns, Total: 608132 ns
[2020-08-12T14:46:30.735+0000][6][safepoint    ] Safepoint "Cleanup", Time since last: 1000391069 ns, Reaching safepoint: 787856 ns, At safepoint: 43624 ns, Total: 831480 ns
[2020-08-12T14:46:31.736+0000][6][safepoint    ] Safepoint "Cleanup", Time since last: 1000350084 ns, Reaching safepoint: 375359 ns, At safepoint: 18187 ns, Total: 393546 ns
[2020-08-12T14:46:32.737+0000][6][safepoint    ] Safepoint "Cleanup", Time since last: 1000248871 ns, Reaching safepoint: 941842 ns, At safepoint: 54862 ns, Total: 996704 ns
[2020-08-12T14:46:33.738+0000][6][safepoint    ] Safepoint "Cleanup", Time since last: 1000390720 ns, Reaching safepoint: 1114352 ns, At safepoint: 56287 ns, Total: 1170639 ns
[2020-08-12T14:46:34.739+0000][6][safepoint    ] Safepoint "Cleanup", Time since last: 1000342771 ns, Reaching safepoint: 762305 ns, At safepoint: 54562 ns, Total: 816867 ns
[2020-08-12T14:46:35.741+0000][6][safepoint    ] Safepoint "Cleanup", Time since last: 1000349608 ns, Reaching safepoint: 831893 ns, At safepoint: 44025 ns, Total: 875918 ns
[2020-08-12T14:46:36.931+0000][6][safepoint    ] Safepoint "Cleanup", Time since last: 1190210609 ns, Reaching safepoint: 266285 ns, At safepoint: 11087 ns, Total: 277372 ns
[2020-08-12T14:46:37.932+0000][6][safepoint    ] Safepoint "Cleanup", Time since last: 1000282221 ns, Reaching safepoint: 747219 ns, At safepoint: 44062 ns, Total: 791281 ns
[2020-08-12T14:46:39.738+0000][6][safepoint    ] Safepoint "Cleanup", Time since last: 1805132289 ns, Reaching safepoint: 656669 ns, At safepoint: 87187 ns, Total: 743856 ns
[2020-08-12T14:46:40.739+0000][6][safepoint    ] Safepoint "Cleanup", Time since last: 1000348108 ns, Reaching safepoint: 652082 ns, At safepoint: 51787 ns, Total: 703869 ns
[2020-08-12T14:46:41.740+0000][6][safepoint    ] Safepoint "Cleanup", Time since last: 1000288795 ns, Reaching safepoint: 348872 ns, At safepoint: 38750 ns, Total: 387622 ns
[2020-08-12T14:46:42.741+0000][6][safepoint    ] Safepoint "Cleanup", Time since last: 1000242846 ns, Reaching safepoint: 614020 ns, At safepoint: 54374 ns, Total: 668394 ns
[2020-08-12T14:46:44.739+0000][6][safepoint    ] Safepoint "Cleanup", Time since last: 1997826728 ns, Reaching safepoint: 656970 ns, At safepoint: 53774 ns, Total: 710744 ns
[2020-08-12T14:46:45.740+0000][6][safepoint    ] Safepoint "Cleanup", Time since last: 1000344646 ns, Reaching safepoint: 707569 ns, At safepoint: 53999 ns, Total: 761568 ns
[2020-08-12T14:46:46.741+0000][6][safepoint    ] Safepoint "Cleanup", Time since last: 1000276021 ns, Reaching safepoint: 351584 ns, At safepoint: 12888 ns, Total: 364472 ns
[2020-08-12T14:46:47.865+0000][6][safepoint    ] Safepoint "Cleanup", Time since last: 1123203512 ns, Reaching safepoint: 1101103 ns, At safepoint: 44675 ns, Total: 1145778 ns
[2020-08-12T14:46:49.740+0000][6][safepoint    ] Safepoint "Cleanup", Time since last: 1873869746 ns, Reaching safepoint: 671294 ns, At safepoint: 53399 ns, Total: 724693 ns
[2020-08-12T14:46:50.741+0000][6][safepoint    ] Safepoint "Cleanup", Time since last: 1000350633 ns, Reaching safepoint: 648332 ns, At safepoint: 44512 ns, Total: 692844 ns
[2020-08-12T14:46:51.742+0000][6][safepoint    ] Safepoint "Cleanup", Time since last: 1000276133 ns, Reaching safepoint: 312272 ns, At safepoint: 11413 ns, Total: 323685 ns
[2020-08-12T14:46:52.743+0000][6][safepoint    ] Safepoint "Cleanup", Time since last: 1000269996 ns, Reaching safepoint: 780718 ns, At safepoint: 43575 ns, Total: 824293 ns
[2020-08-12T14:46:53.746+0000][6][safepoint    ] Safepoint "Cleanup", Time since last: 1000520431 ns, Reaching safepoint: 3067335 ns, At safepoint: 54600 ns, Total: 3121935 ns
[2020-08-12T14:46:54.747+0000][6][safepoint    ] Safepoint "Cleanup", Time since last: 1000351733 ns, Reaching safepoint: 636181 ns, At safepoint: 46700 ns, Total: 682881 ns
[2020-08-12T14:46:55.749+0000][6][safepoint    ] Safepoint "Cleanup", Time since last: 1000346783 ns, Reaching safepoint: 670556 ns, At safepoint: 52275 ns, Total: 722831 ns
[2020-08-12T14:46:56.750+0000][6][safepoint    ] Safepoint "Cleanup", Time since last: 1000333883 ns, Reaching safepoint: 791930 ns, At safepoint: 67525 ns, Total: 859455 ns
[2020-08-12T14:46:57.900+0000][6][safepoint    ] Safepoint "Cleanup", Time since last: 1149652129 ns, Reaching safepoint: 954954 ns, At safepoint: 43787 ns, Total: 998741 ns
[2020-08-12T14:46:59.739+0000][6][safepoint    ] Safepoint "Cleanup", Time since last: 1837716377 ns, Reaching safepoint: 617095 ns, At safepoint: 52612 ns, Total: 669707 ns
[2020-08-12T14:47:00.740+0000][6][safepoint    ] Safepoint "Cleanup", Time since last: 1000395883 ns, Reaching safepoint: 568057 ns, At safepoint: 43875 ns, Total: 611932 ns
[2020-08-12T14:47:01.741+0000][6][safepoint    ] Safepoint "Cleanup", Time since last: 1000328620 ns, Reaching safepoint: 853980 ns, At safepoint: 52237 ns, Total: 906217 ns
[2020-08-12T14:47:02.742+0000][6][safepoint    ] Safepoint "Cleanup", Time since last: 1000353195 ns, Reaching safepoint: 808918 ns, At safepoint: 46337 ns, Total: 855255 ns
[2020-08-12T14:47:04.741+0000][6][safepoint    ] Safepoint "Cleanup", Time since last: 1998444998 ns, Reaching safepoint: 772618 ns, At safepoint: 44262 ns, Total: 816880 ns
[2020-08-12T14:47:05.743+0000][6][safepoint    ] Safepoint "Cleanup", Time since last: 1000336846 ns, Reaching safepoint: 754443 ns, At safepoint: 44075 ns, Total: 798518 ns
[2020-08-12T14:47:06.636+0000][6][safepoint    ] Safepoint "BulkRevokeBias", Time since last: 892387934 ns, Reaching safepoint: 269860 ns, At safepoint: 862605 ns, Total: 1132465 ns
[2020-08-12T14:47:06.968+0000][6][safepoint    ] Safepoint "BulkRevokeBias", Time since last: 330106103 ns, Reaching safepoint: 423246 ns, At safepoint: 1009529 ns, Total: 1432775 ns
[2020-08-12T14:47:07.969+0000][6][safepoint    ] Safepoint "Cleanup", Time since last: 1000360982 ns, Reaching safepoint: 651395 ns, At safepoint: 33499 ns, Total: 684894 ns
[2020-08-12T14:47:09.743+0000][6][safepoint    ] Safepoint "Cleanup", Time since last: 1773057235 ns, Reaching safepoint: 731144 ns, At safepoint: 37587 ns, Total: 768731 ns
[2020-08-12T14:47:10.744+0000][6][safepoint    ] Safepoint "Cleanup", Time since last: 1000327970 ns, Reaching safepoint: 805293 ns, At safepoint: 43600 ns, Total: 848893 ns
[2020-08-12T14:47:11.745+0000][6][safepoint    ] Safepoint "Cleanup", Time since last: 1000451969 ns, Reaching safepoint: 587882 ns, At safepoint: 33062 ns, Total: 620944 ns
[2020-08-12T14:47:12.746+0000][6][safepoint    ] Safepoint "Cleanup", Time since last: 1000354096 ns, Reaching safepoint: 878492 ns, At safepoint: 70424 ns, Total: 948916 ns
[2020-08-12T14:47:13.748+0000][6][safepoint    ] Safepoint "Cleanup", Time since last: 1000372495 ns, Reaching safepoint: 1476262 ns, At safepoint: 74525 ns, Total: 1550787 ns
[2020-08-12T14:47:14.749+0000][6][safepoint    ] Safepoint "Cleanup", Time since last: 1000346795 ns, Reaching safepoint: 850730 ns, At safepoint: 43800 ns, Total: 894530 ns
[2020-08-12T14:47:15.750+0000][6][safepoint    ] Safepoint "Cleanup", Time since last: 1000348483 ns, Reaching safepoint: 688594 ns, At safepoint: 44049 ns, Total: 732643 ns
[2020-08-12T14:47:16.751+0000][6][safepoint    ] Safepoint "Cleanup", Time since last: 1000281783 ns, Reaching safepoint: 584483 ns, At safepoint: 47174 ns, Total: 631657 ns
[2020-08-12T14:47:17.954+0000][6][safepoint    ] Safepoint "Cleanup", Time since last: 1201780495 ns, Reaching safepoint: 638670 ns, At safepoint: 53062 ns, Total: 691732 ns
[2020-08-12T14:47:19.742+0000][6][safepoint    ] Safepoint "Cleanup", Time since last: 1787996752 ns, Reaching safepoint: 670194 ns, At safepoint: 53375 ns, Total: 723569 ns
[2020-08-12T14:47:20.744+0000][6][safepoint    ] Safepoint "Cleanup", Time since last: 1000345433 ns, Reaching safepoint: 803218 ns, At safepoint: 43824 ns, Total: 847042 ns
[2020-08-12T14:47:21.744+0000][6][safepoint    ] Safepoint "Cleanup", Time since last: 1000290659 ns, Reaching safepoint: 319809 ns, At safepoint: 15225 ns, Total: 335034 ns
[2020-08-12T14:47:22.745+0000][6][safepoint    ] Safepoint "Cleanup", Time since last: 1000241046 ns, Reaching safepoint: 798556 ns, At safepoint: 44974 ns, Total: 843530 ns
[2020-08-12T14:47:24.744+0000][6][safepoint    ] Safepoint "Cleanup", Time since last: 1997636381 ns, Reaching safepoint: 569257 ns, At safepoint: 43725 ns, Total: 612982 ns
[2020-08-12T14:47:25.745+0000][6][safepoint    ] Safepoint "Cleanup", Time since last: 1000345320 ns, Reaching safepoint: 855155 ns, At safepoint: 49499 ns, Total: 904654 ns
[2020-08-12T14:47:26.746+0000][6][safepoint    ] Safepoint "Cleanup", Time since last: 1000457807 ns, Reaching safepoint: 1038066 ns, At safepoint: 63174 ns, Total: 1101240 ns
[2020-08-12T14:47:27.915+0000][6][safepoint    ] Safepoint "Cleanup", Time since last: 1168126267 ns, Reaching safepoint: 678919 ns, At safepoint: 33850 ns, Total: 712769 ns
[2020-08-12T14:47:29.741+0000][6][safepoint    ] Safepoint "Cleanup", Time since last: 1825201875 ns, Reaching safepoint: 666044 ns, At safepoint: 43887 ns, Total: 709931 ns
[2020-08-12T14:47:30.742+0000][6][safepoint    ] Safepoint "Cleanup", Time since last: 1000346033 ns, Reaching safepoint: 561782 ns, At safepoint: 46412 ns, Total: 608194 ns
[2020-08-12T14:47:31.743+0000][6][safepoint    ] Safepoint "Cleanup", Time since last: 1000340971 ns, Reaching safepoint: 695106 ns, At safepoint: 45350 ns, Total: 740456 ns
[2020-08-12T14:47:32.744+0000][6][safepoint    ] Safepoint "Cleanup", Time since last: 1000320820 ns, Reaching safepoint: 510958 ns, At safepoint: 56250 ns, Total: 567208 ns
[2020-08-12T14:47:33.745+0000][6][safepoint    ] Safepoint "Cleanup", Time since last: 1000367270 ns, Reaching safepoint: 358309 ns, At safepoint: 38412 ns, Total: 396721 ns
[2020-08-12T14:47:34.746+0000][6][safepoint    ] Safepoint "Cleanup", Time since last: 1000375758 ns, Reaching safepoint: 474633 ns, At safepoint: 44937 ns, Total: 519570 ns
[2020-08-12T14:47:35.747+0000][6][safepoint    ] Safepoint "Cleanup", Time since last: 1000426382 ns, Reaching safepoint: 470021 ns, At safepoint: 44100 ns, Total: 514121 ns
[2020-08-12T14:47:36.747+0000][6][safepoint    ] Safepoint "Cleanup", Time since last: 1000393020 ns, Reaching safepoint: 327634 ns, At safepoint: 18538 ns, Total: 346172 ns
[2020-08-12T14:47:37.924+0000][6][safepoint    ] Safepoint "Cleanup", Time since last: 1175887223 ns, Reaching safepoint: 692318 ns, At safepoint: 46000 ns, Total: 738318 ns
[2020-08-12T14:47:39.026+0000][6][gc,start     ] GC(22) Pause Young (Normal) (G1 Evacuation Pause)
[2020-08-12T14:47:39.026+0000][6][gc,task      ] GC(22) Using 2 workers of 2 for evacuation
[2020-08-12T14:47:39.026+0000][6][gc,age       ] GC(22) Desired survivor size 40370176 bytes, new threshold 15 (max threshold 15)
[2020-08-12T14:47:39.046+0000][6][gc,age       ] GC(22) Age table with threshold 15 (max threshold 15)
[2020-08-12T14:47:39.046+0000][6][gc,age       ] GC(22) - age   1:     186024 bytes,     186024 total
[2020-08-12T14:47:39.046+0000][6][gc,age       ] GC(22) - age   2:     379752 bytes,     565776 total
[2020-08-12T14:47:39.046+0000][6][gc,age       ] GC(22) - age   3:     206872 bytes,     772648 total
[2020-08-12T14:47:39.047+0000][6][gc,phases    ] GC(22)   Pre Evacuate Collection Set: 0.5ms
[2020-08-12T14:47:39.047+0000][6][gc,phases    ] GC(22)   Merge Heap Roots: 1.1ms
[2020-08-12T14:47:39.047+0000][6][gc,phases    ] GC(22)   Evacuate Collection Set: 12.2ms
[2020-08-12T14:47:39.047+0000][6][gc,phases    ] GC(22)   Post Evacuate Collection Set: 6.0ms
[2020-08-12T14:47:39.047+0000][6][gc,phases    ] GC(22)   Other: 1.3ms
[2020-08-12T14:47:39.047+0000][6][gc,heap      ] GC(22) Eden regions: 613->0(613)
[2020-08-12T14:47:39.047+0000][6][gc,heap      ] GC(22) Survivor regions: 1->1(77)
[2020-08-12T14:47:39.048+0000][6][gc,heap      ] GC(22) Old regions: 77->77
[2020-08-12T14:47:39.048+0000][6][gc,heap      ] GC(22) Archive regions: 2->2
[2020-08-12T14:47:39.048+0000][6][gc,heap      ] GC(22) Humongous regions: 7->7
[2020-08-12T14:47:39.048+0000][6][gc,metaspace ] GC(22) Metaspace: 95314K(102968K)->95314K(102968K) NonClass: 82793K(87352K)->82793K(87352K) Class: 12521K(15616K)->12521K(15616K)
[2020-08-12T14:47:39.048+0000][6][gc           ] GC(22) Pause Young (Normal) (G1 Evacuation Pause) 697M->84M(1024M) 22.419ms
[2020-08-12T14:47:39.048+0000][6][gc,cpu       ] GC(22) User=0.03s Sys=0.01s Real=0.02s
[2020-08-12T14:47:39.048+0000][6][safepoint    ] Safepoint "G1CollectForAllocation", Time since last: 1100993933 ns, Reaching safepoint: 460184 ns, At safepoint: 22994510 ns, Total: 23454694 ns
[2020-08-12T14:47:40.050+0000][6][safepoint    ] Safepoint "Cleanup", Time since last: 1000276383 ns, Reaching safepoint: 755906 ns, At safepoint: 141449 ns, Total: 897355 ns
[2020-08-12T14:47:41.051+0000][6][safepoint    ] Safepoint "Cleanup", Time since last: 1000341870 ns, Reaching safepoint: 676381 ns, At safepoint: 56237 ns, Total: 732618 ns
[2020-08-12T14:47:42.052+0000][6][safepoint    ] Safepoint "Cleanup", Time since last: 1000383483 ns, Reaching safepoint: 603570 ns, At safepoint: 47487 ns, Total: 651057 ns
[2020-08-12T14:47:43.053+0000][6][safepoint    ] Safepoint "Cleanup", Time since last: 1000391295 ns, Reaching safepoint: 544007 ns, At safepoint: 39150 ns, Total: 583157 ns
[2020-08-12T14:47:44.746+0000][6][safepoint    ] Safepoint "Cleanup", Time since last: 1692914603 ns, Reaching safepoint: 664019 ns, At safepoint: 44400 ns, Total: 708419 ns
[2020-08-12T14:47:45.747+0000][6][safepoint    ] Safepoint "Cleanup", Time since last: 1000343195 ns, Reaching safepoint: 589520 ns, At safepoint: 44487 ns, Total: 634007 ns
[2020-08-12T14:47:46.748+0000][6][safepoint    ] Safepoint "Cleanup", Time since last: 1000272534 ns, Reaching safepoint: 365134 ns, At safepoint: 18212 ns, Total: 383346 ns
[2020-08-12T14:47:47.849+0000][6][safepoint    ] Safepoint "Cleanup", Time since last: 1101053095 ns, Reaching safepoint: 432972 ns, At safepoint: 21299 ns, Total: 454271 ns
[2020-08-12T14:47:49.747+0000][6][safepoint    ] Safepoint "Cleanup", Time since last: 1897068054 ns, Reaching safepoint: 780269 ns, At safepoint: 50224 ns, Total: 830493 ns
[2020-08-12T14:47:50.748+0000][6][safepoint    ] Safepoint "Cleanup", Time since last: 1000325696 ns, Reaching safepoint: 449458 ns, At safepoint: 59712 ns, Total: 509170 ns
[2020-08-12T14:47:51.749+0000][6][safepoint    ] Safepoint "Cleanup", Time since last: 1000296121 ns, Reaching safepoint: 364234 ns, At safepoint: 17213 ns, Total: 381447 ns
[2020-08-12T14:47:52.750+0000][6][safepoint    ] Safepoint "Cleanup", Time since last: 1000251833 ns, Reaching safepoint: 830993 ns, At safepoint: 44124 ns, Total: 875117 ns
[2020-08-12T14:47:53.751+0000][6][safepoint    ] Safepoint "Cleanup", Time since last: 1000346458 ns, Reaching safepoint: 968004 ns, At safepoint: 43812 ns, Total: 1011816 ns
[2020-08-12T14:47:54.753+0000][6][safepoint    ] Safepoint "Cleanup", Time since last: 1000438245 ns, Reaching safepoint: 858130 ns, At safepoint: 43487 ns, Total: 901617 ns
[2020-08-12T14:47:55.754+0000][6][safepoint    ] Safepoint "Cleanup", Time since last: 1000388545 ns, Reaching safepoint: 843455 ns, At safepoint: 45262 ns, Total: 888717 ns
[2020-08-12T14:47:56.755+0000][6][safepoint    ] Safepoint "Cleanup", Time since last: 1000296746 ns, Reaching safepoint: 730106 ns, At safepoint: 33362 ns, Total: 763468 ns
[2020-08-12T14:47:57.890+0000][6][safepoint    ] Safepoint "Cleanup", Time since last: 1134575975 ns, Reaching safepoint: 588957 ns, At safepoint: 45625 ns, Total: 634582 ns
[2020-08-12T14:47:59.747+0000][6][safepoint    ] Safepoint "Cleanup", Time since last: 1855795542 ns, Reaching safepoint: 637270 ns, At safepoint: 43637 ns, Total: 680907 ns
[2020-08-12T14:48:00.748+0000][6][safepoint    ] Safepoint "Cleanup", Time since last: 1000463636 ns, Reaching safepoint: 596370 ns, At safepoint: 162486 ns, Total: 758856 ns
[2020-08-12T14:48:01.749+0000][6][safepoint    ] Safepoint "Cleanup", Time since last: 1000287613 ns, Reaching safepoint: 313398 ns, At safepoint: 15700 ns, Total: 329098 ns
[2020-08-12T14:48:02.750+0000][6][safepoint    ] Safepoint "Cleanup", Time since last: 1000235888 ns, Reaching safepoint: 637807 ns, At safepoint: 46150 ns, Total: 683957 ns
[2020-08-12T14:48:04.747+0000][6][safepoint    ] Safepoint "Cleanup", Time since last: 1996440525 ns, Reaching safepoint: 661594 ns, At safepoint: 44275 ns, Total: 705869 ns
[2020-08-12T14:48:05.748+0000][6][safepoint    ] Safepoint "Cleanup", Time since last: 1000333675 ns, Reaching safepoint: 598194 ns, At safepoint: 43588 ns, Total: 641782 ns
[2020-08-12T14:48:06.749+0000][6][safepoint    ] Safepoint "Cleanup", Time since last: 1000416737 ns, Reaching safepoint: 432083 ns, At safepoint: 55150 ns, Total: 487233 ns
[2020-08-12T14:48:07.941+0000][6][safepoint    ] Safepoint "Cleanup", Time since last: 1191652256 ns, Reaching safepoint: 825330 ns, At safepoint: 43500 ns, Total: 868830 ns
[2020-08-12T14:48:09.746+0000][6][safepoint    ] Safepoint "Cleanup", Time since last: 1804103265 ns, Reaching safepoint: 831180 ns, At safepoint: 45875 ns, Total: 877055 ns
[2020-08-12T14:48:10.747+0000][6][safepoint    ] Safepoint "Cleanup", Time since last: 1000350325 ns, Reaching safepoint: 673969 ns, At safepoint: 44612 ns, Total: 718581 ns
[2020-08-12T14:48:11.748+0000][6][safepoint    ] Safepoint "Cleanup", Time since last: 1000291463 ns, Reaching safepoint: 328760 ns, At safepoint: 16962 ns, Total: 345722 ns
[2020-08-12T14:48:13.403+0000][6][safepoint    ] Safepoint "Cleanup", Time since last: 1654047933 ns, Reaching safepoint: 758118 ns, At safepoint: 53212 ns, Total: 811330 ns
[2020-08-12T14:48:14.403+0000][6][safepoint    ] Safepoint "Cleanup", Time since last: 1000301488 ns, Reaching safepoint: 378009 ns, At safepoint: 22113 ns, Total: 400122 ns
[2020-08-12T14:48:15.404+0000][6][safepoint    ] Safepoint "Cleanup", Time since last: 1000217476 ns, Reaching safepoint: 576020 ns, At safepoint: 59112 ns, Total: 635132 ns
[2020-08-12T14:48:16.406+0000][6][safepoint    ] Safepoint "Cleanup", Time since last: 1000344262 ns, Reaching safepoint: 1106253 ns, At safepoint: 61762 ns, Total: 1168015 ns
[2020-08-12T14:48:17.852+0000][6][safepoint    ] Safepoint "Cleanup", Time since last: 1445411916 ns, Reaching safepoint: 833292 ns, At safepoint: 47075 ns, Total: 880367 ns
[2020-08-12T14:48:19.750+0000][6][safepoint    ] Safepoint "Cleanup", Time since last: 1896984011 ns, Reaching safepoint: 755906 ns, At safepoint: 43949 ns, Total: 799855 ns
[2020-08-12T14:48:20.751+0000][6][safepoint    ] Safepoint "Cleanup", Time since last: 1000395063 ns, Reaching safepoint: 822755 ns, At safepoint: 44999 ns, Total: 867754 ns
[2020-08-12T14:48:21.752+0000][6][safepoint    ] Safepoint "Cleanup", Time since last: 1000295139 ns, Reaching safepoint: 315459 ns, At safepoint: 15225 ns, Total: 330684 ns
[2020-08-12T14:48:22.753+0000][6][safepoint    ] Safepoint "Cleanup", Time since last: 1000279063 ns, Reaching safepoint: 744869 ns, At safepoint: 43724 ns, Total: 788593 ns
[2020-08-12T14:48:24.747+0000][6][safepoint    ] Safepoint "Cleanup", Time since last: 1993257041 ns, Reaching safepoint: 749906 ns, At safepoint: 43562 ns, Total: 793468 ns
[2020-08-12T14:48:25.748+0000][6][safepoint    ] Safepoint "Cleanup", Time since last: 1000393137 ns, Reaching safepoint: 673007 ns, At safepoint: 88299 ns, Total: 761306 ns
[2020-08-12T14:48:26.750+0000][6][safepoint    ] Safepoint "Cleanup", Time since last: 1000540373 ns, Reaching safepoint: 1185377 ns, At safepoint: 57400 ns, Total: 1242777 ns
[2020-08-12T14:48:27.936+0000][6][safepoint    ] Safepoint "Cleanup", Time since last: 1185402086 ns, Reaching safepoint: 818743 ns, At safepoint: 47762 ns, Total: 866505 ns
[2020-08-12T14:48:29.746+0000][6][safepoint    ] Safepoint "Cleanup", Time since last: 1809763828 ns, Reaching safepoint: 687519 ns, At safepoint: 44324 ns, Total: 731843 ns
[2020-08-12T14:48:30.748+0000][6][safepoint    ] Safepoint "Cleanup", Time since last: 1000348700 ns, Reaching safepoint: 875068 ns, At safepoint: 43649 ns, Total: 918717 ns
[2020-08-12T14:48:31.748+0000][6][safepoint    ] Safepoint "Cleanup", Time since last: 1000330701 ns, Reaching safepoint: 310259 ns, At safepoint: 15238 ns, Total: 325497 ns
[2020-08-12T14:48:32.750+0000][6][safepoint    ] Safepoint "Cleanup", Time since last: 1000239376 ns, Reaching safepoint: 900392 ns, At safepoint: 44212 ns, Total: 944604 ns
[2020-08-12T14:48:33.751+0000][6][safepoint    ] Safepoint "Cleanup", Time since last: 1000418837 ns, Reaching safepoint: 1153527 ns, At safepoint: 67612 ns, Total: 1221139 ns
[2020-08-12T14:48:34.752+0000][6][safepoint    ] Safepoint "Cleanup", Time since last: 1000359563 ns, Reaching safepoint: 740968 ns, At safepoint: 44637 ns, Total: 785605 ns
[2020-08-12T14:48:35.753+0000][6][safepoint    ] Safepoint "Cleanup", Time since last: 1000329325 ns, Reaching safepoint: 627870 ns, At safepoint: 43812 ns, Total: 671682 ns
[2020-08-12T14:48:36.754+0000][6][safepoint    ] Safepoint "Cleanup", Time since last: 1000298650 ns, Reaching safepoint: 800381 ns, At safepoint: 47437 ns, Total: 847818 ns
[2020-08-12T14:48:37.939+0000][6][safepoint    ] Safepoint "Cleanup", Time since last: 1183577041 ns, Reaching safepoint: 927966 ns, At safepoint: 45750 ns, Total: 973716 ns
[2020-08-12T14:48:39.751+0000][6][safepoint    ] Safepoint "Cleanup", Time since last: 1811367788 ns, Reaching safepoint: 704144 ns, At safepoint: 43512 ns, Total: 747656 ns
[2020-08-12T14:48:40.752+0000][6][safepoint    ] Safepoint "Cleanup", Time since last: 1000344788 ns, Reaching safepoint: 741881 ns, At safepoint: 46724 ns, Total: 788605 ns
[2020-08-12T14:48:41.753+0000][6][safepoint    ] Safepoint "Cleanup", Time since last: 1000290338 ns, Reaching safepoint: 380359 ns, At safepoint: 17538 ns, Total: 397897 ns
[2020-08-12T14:48:42.754+0000][6][safepoint    ] Safepoint "Cleanup", Time since last: 1000249501 ns, Reaching safepoint: 670306 ns, At safepoint: 48762 ns, Total: 719068 ns
[2020-08-12T14:48:43.753+0000][6][safepoint    ] Safepoint "BulkRevokeBias", Time since last: 995411869 ns, Reaching safepoint: 624744 ns, At safepoint: 2520228 ns, Total: 3144972 ns
[2020-08-12T14:48:44.755+0000][6][safepoint    ] Safepoint "Cleanup", Time since last: 1001652414 ns, Reaching safepoint: 560982 ns, At safepoint: 44112 ns, Total: 605094 ns
[2020-08-12T14:48:45.756+0000][6][safepoint    ] Safepoint "Cleanup", Time since last: 1000546536 ns, Reaching safepoint: 638782 ns, At safepoint: 54700 ns, Total: 693482 ns
[2020-08-12T14:48:46.757+0000][6][safepoint    ] Safepoint "Cleanup", Time since last: 1000305763 ns, Reaching safepoint: 476871 ns, At safepoint: 41737 ns, Total: 518608 ns
[2020-08-12T14:48:47.977+0000][6][safepoint    ] Safepoint "Cleanup", Time since last: 1219570699 ns, Reaching safepoint: 589370 ns, At safepoint: 46549 ns, Total: 635919 ns
[2020-08-12T14:48:49.751+0000][6][safepoint    ] Safepoint "Cleanup", Time since last: 1773515471 ns, Reaching safepoint: 685931 ns, At safepoint: 46500 ns, Total: 732431 ns
[2020-08-12T14:48:50.752+0000][6][safepoint    ] Safepoint "Cleanup", Time since last: 1000378675 ns, Reaching safepoint: 556782 ns, At safepoint: 44113 ns, Total: 600895 ns
[2020-08-12T14:48:51.753+0000][6][safepoint    ] Safepoint "Cleanup", Time since last: 1000345325 ns, Reaching safepoint: 449071 ns, At safepoint: 44699 ns, Total: 493770 ns
[2020-08-12T14:48:52.754+0000][6][safepoint    ] Safepoint "Cleanup", Time since last: 1000298013 ns, Reaching safepoint: 436947 ns, At safepoint: 80936 ns, Total: 517883 ns
[2020-08-12T14:48:53.758+0000][6][safepoint    ] Safepoint "Cleanup", Time since last: 1000368150 ns, Reaching safepoint: 3310634 ns, At safepoint: 62899 ns, Total: 3373533 ns
[2020-08-12T14:48:54.759+0000][6][safepoint    ] Safepoint "Cleanup", Time since last: 1000404887 ns, Reaching safepoint: 601895 ns, At safepoint: 53912 ns, Total: 655807 ns
[2020-08-12T14:48:55.760+0000][6][safepoint    ] Safepoint "Cleanup", Time since last: 1000389050 ns, Reaching safepoint: 719806 ns, At safepoint: 88999 ns, Total: 808805 ns
[2020-08-12T14:48:56.761+0000][6][safepoint    ] Safepoint "Cleanup", Time since last: 1000338838 ns, Reaching safepoint: 890304 ns, At safepoint: 54175 ns, Total: 944479 ns
[2020-08-12T14:48:57.860+0000][6][safepoint    ] Safepoint "Cleanup", Time since last: 1096337819 ns, Reaching safepoint: 1911683 ns, At safepoint: 60062 ns, Total: 1971745 ns
[2020-08-12T14:48:59.749+0000][6][safepoint    ] Safepoint "Cleanup", Time since last: 1889075931 ns, Reaching safepoint: 601207 ns, At safepoint: 39950 ns, Total: 641157 ns
[2020-08-12T14:49:00.750+0000][6][safepoint    ] Safepoint "Cleanup", Time since last: 1000327987 ns, Reaching safepoint: 666870 ns, At safepoint: 45312 ns, Total: 712182 ns
[2020-08-12T14:49:01.751+0000][6][safepoint    ] Safepoint "Cleanup", Time since last: 1000351275 ns, Reaching safepoint: 574282 ns, At safepoint: 44125 ns, Total: 618407 ns
[2020-08-12T14:49:02.752+0000][6][safepoint    ] Safepoint "Cleanup", Time since last: 1000341987 ns, Reaching safepoint: 706919 ns, At safepoint: 46362 ns, Total: 753281 ns
[2020-08-12T14:49:04.753+0000][6][safepoint    ] Safepoint "Cleanup", Time since last: 1999458936 ns, Reaching safepoint: 838418 ns, At safepoint: 54037 ns, Total: 892455 ns
[2020-08-12T14:49:05.754+0000][6][safepoint    ] Safepoint "Cleanup", Time since last: 1000389375 ns, Reaching safepoint: 583294 ns, At safepoint: 52563 ns, Total: 635857 ns
[2020-08-12T14:49:06.755+0000][6][safepoint    ] Safepoint "Cleanup", Time since last: 1000422624 ns, Reaching safepoint: 798018 ns, At safepoint: 35175 ns, Total: 833193 ns
[2020-08-12T14:49:08.027+0000][6][safepoint    ] Safepoint "Cleanup", Time since last: 1271320369 ns, Reaching safepoint: 948505 ns, At safepoint: 43999 ns, Total: 992504 ns
[2020-08-12T14:49:09.754+0000][6][safepoint    ] Safepoint "Cleanup", Time since last: 1725984213 ns, Reaching safepoint: 878055 ns, At safepoint: 43712 ns, Total: 921767 ns
[2020-08-12T14:49:10.755+0000][6][safepoint    ] Safepoint "Cleanup", Time since last: 1000339400 ns, Reaching safepoint: 806368 ns, At safepoint: 45899 ns, Total: 852267 ns
[2020-08-12T14:49:11.756+0000][6][safepoint    ] Safepoint "Cleanup", Time since last: 1000292214 ns, Reaching safepoint: 370034 ns, At safepoint: 17037 ns, Total: 387071 ns
[2020-08-12T14:49:12.757+0000][6][safepoint    ] Safepoint "Cleanup", Time since last: 1000244776 ns, Reaching safepoint: 834255 ns, At safepoint: 57562 ns, Total: 891817 ns
[2020-08-12T14:49:13.758+0000][6][safepoint    ] Safepoint "Cleanup", Time since last: 1000340051 ns, Reaching safepoint: 723468 ns, At safepoint: 59525 ns, Total: 782993 ns
[2020-08-12T14:49:14.759+0000][6][safepoint    ] Safepoint "Cleanup", Time since last: 1000306462 ns, Reaching safepoint: 543971 ns, At safepoint: 55337 ns, Total: 599308 ns
[2020-08-12T14:49:15.760+0000][6][safepoint    ] Safepoint "Cleanup", Time since last: 1000345213 ns, Reaching safepoint: 640557 ns, At safepoint: 84574 ns, Total: 725131 ns
[2020-08-12T14:49:16.761+0000][6][safepoint    ] Safepoint "Cleanup", Time since last: 1000313175 ns, Reaching safepoint: 343560 ns, At safepoint: 38874 ns, Total: 382434 ns
[2020-08-12T14:49:17.905+0000][6][safepoint    ] Safepoint "Cleanup", Time since last: 1143324257 ns, Reaching safepoint: 662044 ns, At safepoint: 46012 ns, Total: 708056 ns
[2020-08-12T14:49:19.754+0000][6][safepoint    ] Safepoint "Cleanup", Time since last: 1848463913 ns, Reaching safepoint: 706568 ns, At safepoint: 44075 ns, Total: 750643 ns
[2020-08-12T14:49:20.755+0000][6][safepoint    ] Safepoint "Cleanup", Time since last: 1000352137 ns, Reaching safepoint: 659069 ns, At safepoint: 52400 ns, Total: 711469 ns
[2020-08-12T14:49:21.756+0000][6][safepoint    ] Safepoint "Cleanup", Time since last: 1000285238 ns, Reaching safepoint: 261598 ns, At safepoint: 26250 ns, Total: 287848 ns
[2020-08-12T14:49:22.757+0000][6][safepoint    ] Safepoint "Cleanup", Time since last: 1000232188 ns, Reaching safepoint: 579882 ns, At safepoint: 43800 ns, Total: 623682 ns
[2020-08-12T14:49:23.759+0000][6][safepoint    ] Safepoint "BulkRevokeBias", Time since last: 998887738 ns, Reaching safepoint: 856543 ns, At safepoint: 2363516 ns, Total: 3220059 ns
[2020-08-12T14:49:24.763+0000][6][safepoint    ] Safepoint "Cleanup", Time since last: 1003281462 ns, Reaching safepoint: 928217 ns, At safepoint: 43825 ns, Total: 972042 ns
[2020-08-12T14:49:25.764+0000][6][safepoint    ] Safepoint "Cleanup", Time since last: 1000320862 ns, Reaching safepoint: 798131 ns, At safepoint: 45449 ns, Total: 843580 ns
[2020-08-12T14:49:26.765+0000][6][safepoint    ] Safepoint "Cleanup", Time since last: 1000667260 ns, Reaching safepoint: 350860 ns, At safepoint: 18287 ns, Total: 369147 ns
[2020-08-12T14:49:28.059+0000][6][safepoint    ] Safepoint "Cleanup", Time since last: 1293387863 ns, Reaching safepoint: 655282 ns, At safepoint: 43587 ns, Total: 698869 ns
[2020-08-12T14:49:29.756+0000][6][safepoint    ] Safepoint "Cleanup", Time since last: 1696432023 ns, Reaching safepoint: 626082 ns, At safepoint: 45962 ns, Total: 672044 ns
[2020-08-12T14:49:30.758+0000][6][safepoint    ] Safepoint "Cleanup", Time since last: 1000348700 ns, Reaching safepoint: 781881 ns, At safepoint: 43875 ns, Total: 825756 ns
[2020-08-12T14:49:31.758+0000][6][safepoint    ] Safepoint "Cleanup", Time since last: 1000376824 ns, Reaching safepoint: 398734 ns, At safepoint: 39450 ns, Total: 438184 ns
[2020-08-12T14:49:32.759+0000][6][safepoint    ] Safepoint "Cleanup", Time since last: 1000282301 ns, Reaching safepoint: 433833 ns, At safepoint: 25275 ns, Total: 459108 ns
[2020-08-12T14:49:33.760+0000][6][safepoint    ] Safepoint "Cleanup", Time since last: 1000297551 ns, Reaching safepoint: 504408 ns, At safepoint: 43412 ns, Total: 547820 ns
[2020-08-12T14:49:34.761+0000][6][safepoint    ] Safepoint "Cleanup", Time since last: 1000347787 ns, Reaching safepoint: 844693 ns, At safepoint: 43762 ns, Total: 888455 ns
[2020-08-12T14:49:35.762+0000][6][safepoint    ] Safepoint "Cleanup", Time since last: 1000349288 ns, Reaching safepoint: 545207 ns, At safepoint: 45125 ns, Total: 590332 ns
[2020-08-12T14:49:36.768+0000][6][safepoint    ] Safepoint "Cleanup", Time since last: 1001796387 ns, Reaching safepoint: 4068502 ns, At safepoint: 27837 ns, Total: 4096339 ns
[2020-08-12T14:49:37.923+0000][6][safepoint    ] Safepoint "Cleanup", Time since last: 1153594154 ns, Reaching safepoint: 982879 ns, At safepoint: 55737 ns, Total: 1038616 ns
[2020-08-12T14:49:39.757+0000][6][safepoint    ] Safepoint "Cleanup", Time since last: 1833878953 ns, Reaching safepoint: 448133 ns, At safepoint: 56325 ns, Total: 504458 ns
[2020-08-12T14:49:40.759+0000][6][safepoint    ] Safepoint "Cleanup", Time since last: 1000347525 ns, Reaching safepoint: 1447137 ns, At safepoint: 50700 ns, Total: 1497837 ns
[2020-08-12T14:49:41.760+0000][6][safepoint    ] Safepoint "Cleanup", Time since last: 1000341925 ns, Reaching safepoint: 465508 ns, At safepoint: 43850 ns, Total: 509358 ns
[2020-08-12T14:49:42.761+0000][6][safepoint    ] Safepoint "Cleanup", Time since last: 1000402812 ns, Reaching safepoint: 530983 ns, At safepoint: 39437 ns, Total: 570420 ns
[2020-08-12T14:49:44.757+0000][6][safepoint    ] Safepoint "Cleanup", Time since last: 1995866267 ns, Reaching safepoint: 522133 ns, At safepoint: 43912 ns, Total: 566045 ns
[2020-08-12T14:49:45.758+0000][6][safepoint    ] Safepoint "Cleanup", Time since last: 1000344588 ns, Reaching safepoint: 634519 ns, At safepoint: 43713 ns, Total: 678232 ns
[2020-08-12T14:49:46.759+0000][6][safepoint    ] Safepoint "Cleanup", Time since last: 1000333400 ns, Reaching safepoint: 740706 ns, At safepoint: 55012 ns, Total: 795718 ns
[2020-08-12T14:49:47.995+0000][6][safepoint    ] Safepoint "Cleanup", Time since last: 1235078263 ns, Reaching safepoint: 638519 ns, At safepoint: 45812 ns, Total: 684331 ns
[2020-08-12T14:49:49.761+0000][6][safepoint    ] Safepoint "Cleanup", Time since last: 1764825097 ns, Reaching safepoint: 654132 ns, At safepoint: 53599 ns, Total: 707731 ns
[2020-08-12T14:49:50.762+0000][6][safepoint    ] Safepoint "Cleanup", Time since last: 1000425463 ns, Reaching safepoint: 865305 ns, At safepoint: 68037 ns, Total: 933342 ns
[2020-08-12T14:49:51.763+0000][6][safepoint    ] Safepoint "Cleanup", Time since last: 1000315050 ns, Reaching safepoint: 337034 ns, At safepoint: 15413 ns, Total: 352447 ns
[2020-08-12T14:49:52.764+0000][6][safepoint    ] Safepoint "Cleanup", Time since last: 1000238501 ns, Reaching safepoint: 745431 ns, At safepoint: 43012 ns, Total: 788443 ns
[2020-08-12T14:49:53.768+0000][6][safepoint    ] Safepoint "Cleanup", Time since last: 1003293312 ns, Reaching safepoint: 695618 ns, At safepoint: 38138 ns, Total: 733756 ns
[2020-08-12T14:49:54.769+0000][6][safepoint    ] Safepoint "Cleanup", Time since last: 1000386137 ns, Reaching safepoint: 820043 ns, At safepoint: 43787 ns, Total: 863830 ns
[2020-08-12T14:49:55.770+0000][6][safepoint    ] Safepoint "Cleanup", Time since last: 1000347862 ns, Reaching safepoint: 786256 ns, At safepoint: 46150 ns, Total: 832406 ns
[2020-08-12T14:49:56.771+0000][6][safepoint    ] Safepoint "Cleanup", Time since last: 1000335562 ns, Reaching safepoint: 549570 ns, At safepoint: 47675 ns, Total: 597245 ns
[2020-08-12T14:49:57.924+0000][6][safepoint    ] Safepoint "Cleanup", Time since last: 1152697087 ns, Reaching safepoint: 572832 ns, At safepoint: 43812 ns, Total: 616644 ns
[2020-08-12T14:49:59.757+0000][6][safepoint    ] Safepoint "Cleanup", Time since last: 1831396212 ns, Reaching safepoint: 908542 ns, At safepoint: 44013 ns, Total: 952555 ns
[2020-08-12T14:50:00.758+0000][6][safepoint    ] Safepoint "Cleanup", Time since last: 1000381874 ns, Reaching safepoint: 883467 ns, At safepoint: 44050 ns, Total: 927517 ns
[2020-08-12T14:50:01.761+0000][6][safepoint    ] Safepoint "Cleanup", Time since last: 1000348225 ns, Reaching safepoint: 2477341 ns, At safepoint: 54162 ns, Total: 2531503 ns
[2020-08-12T14:50:02.762+0000][6][safepoint    ] Safepoint "Cleanup", Time since last: 1000341025 ns, Reaching safepoint: 908917 ns, At safepoint: 44087 ns, Total: 953004 ns
[2020-08-12T14:50:04.760+0000][6][safepoint    ] Safepoint "Cleanup", Time since last: 1997092294 ns, Reaching safepoint: 911092 ns, At safepoint: 43987 ns, Total: 955079 ns
[2020-08-12T14:50:05.761+0000][6][safepoint    ] Safepoint "Cleanup", Time since last: 1000347526 ns, Reaching safepoint: 726831 ns, At safepoint: 43924 ns, Total: 770755 ns
[2020-08-12T14:50:06.762+0000][6][safepoint    ] Safepoint "Cleanup", Time since last: 1000272189 ns, Reaching safepoint: 371459 ns, At safepoint: 14087 ns, Total: 385546 ns
[2020-08-12T14:50:07.910+0000][6][safepoint    ] Safepoint "Cleanup", Time since last: 1147267897 ns, Reaching safepoint: 417009 ns, At safepoint: 20525 ns, Total: 437534 ns
[2020-08-12T14:50:09.759+0000][6][safepoint    ] Safepoint "Cleanup", Time since last: 1847984666 ns, Reaching safepoint: 875143 ns, At safepoint: 49312 ns, Total: 924455 ns
[2020-08-12T14:50:10.760+0000][6][safepoint    ] Safepoint "Cleanup", Time since last: 1000388475 ns, Reaching safepoint: 789918 ns, At safepoint: 46774 ns, Total: 836692 ns
[2020-08-12T14:50:11.761+0000][6][safepoint    ] Safepoint "Cleanup", Time since last: 1000322675 ns, Reaching safepoint: 535508 ns, At safepoint: 20050 ns, Total: 555558 ns
[2020-08-12T14:50:12.762+0000][6][safepoint    ] Safepoint "Cleanup", Time since last: 1000277526 ns, Reaching safepoint: 750981 ns, At safepoint: 100399 ns, Total: 851380 ns
[2020-08-12T14:50:13.763+0000][6][safepoint    ] Safepoint "Cleanup", Time since last: 1000347700 ns, Reaching safepoint: 777080 ns, At safepoint: 89687 ns, Total: 866767 ns
[2020-08-12T14:50:14.764+0000][6][safepoint    ] Safepoint "Cleanup", Time since last: 1000350150 ns, Reaching safepoint: 739969 ns, At safepoint: 44324 ns, Total: 784293 ns
[2020-08-12T14:50:15.765+0000][6][safepoint    ] Safepoint "Cleanup", Time since last: 1000370450 ns, Reaching safepoint: 719656 ns, At safepoint: 53237 ns, Total: 772893 ns
[2020-08-12T14:50:16.766+0000][6][safepoint    ] Safepoint "Cleanup", Time since last: 1000290176 ns, Reaching safepoint: 577457 ns, At safepoint: 22313 ns, Total: 599770 ns
[2020-08-12T14:50:18.013+0000][6][safepoint    ] Safepoint "Cleanup", Time since last: 1245722057 ns, Reaching safepoint: 858017 ns, At safepoint: 46800 ns, Total: 904817 ns
[2020-08-12T14:50:19.766+0000][6][safepoint    ] Safepoint "Cleanup", Time since last: 1752585641 ns, Reaching safepoint: 664557 ns, At safepoint: 33987 ns, Total: 698544 ns
[2020-08-12T14:50:20.767+0000][6][safepoint    ] Safepoint "Cleanup", Time since last: 1000298239 ns, Reaching safepoint: 898404 ns, At safepoint: 43025 ns, Total: 941429 ns
[2020-08-12T14:50:21.768+0000][6][safepoint    ] Safepoint "Cleanup", Time since last: 1000281476 ns, Reaching safepoint: 285760 ns, At safepoint: 10824 ns, Total: 296584 ns
[2020-08-12T14:50:22.769+0000][6][safepoint    ] Safepoint "Cleanup", Time since last: 1000226752 ns, Reaching safepoint: 844680 ns, At safepoint: 43374 ns, Total: 888054 ns
[2020-08-12T14:50:24.762+0000][6][safepoint    ] Safepoint "Cleanup", Time since last: 1992342161 ns, Reaching safepoint: 681844 ns, At safepoint: 45187 ns, Total: 727031 ns
[2020-08-12T14:50:25.763+0000][6][safepoint    ] Safepoint "Cleanup", Time since last: 1000347563 ns, Reaching safepoint: 677432 ns, At safepoint: 45774 ns, Total: 723206 ns
[2020-08-12T14:50:26.764+0000][6][safepoint    ] Safepoint "Cleanup", Time since last: 1000280488 ns, Reaching safepoint: 585308 ns, At safepoint: 25649 ns, Total: 610957 ns
[2020-08-12T14:50:28.073+0000][6][safepoint    ] Safepoint "Cleanup", Time since last: 1308316908 ns, Reaching safepoint: 905692 ns, At safepoint: 43649 ns, Total: 949341 ns
[2020-08-12T14:50:29.762+0000][6][safepoint    ] Safepoint "Cleanup", Time since last: 1687337691 ns, Reaching safepoint: 671956 ns, At safepoint: 30762 ns, Total: 702718 ns
[2020-08-12T14:50:30.763+0000][6][safepoint    ] Safepoint "Cleanup", Time since last: 1000282763 ns, Reaching safepoint: 666345 ns, At safepoint: 45237 ns, Total: 711582 ns
[2020-08-12T14:50:31.764+0000][6][safepoint    ] Safepoint "Cleanup", Time since last: 1000406824 ns, Reaching safepoint: 900817 ns, At safepoint: 137824 ns, Total: 1038641 ns
[2020-08-12T14:50:32.765+0000][6][safepoint    ] Safepoint "Cleanup", Time since last: 1000332538 ns, Reaching safepoint: 930429 ns, At safepoint: 46037 ns, Total: 976466 ns
[2020-08-12T14:50:33.767+0000][6][safepoint    ] Safepoint "Cleanup", Time since last: 1000389088 ns, Reaching safepoint: 845167 ns, At safepoint: 68750 ns, Total: 913917 ns
[2020-08-12T14:50:34.769+0000][6][safepoint    ] Safepoint "Cleanup", Time since last: 1002178596 ns, Reaching safepoint: 562970 ns, At safepoint: 46999 ns, Total: 609969 ns
[2020-08-12T14:50:35.770+0000][6][safepoint    ] Safepoint "Cleanup", Time since last: 1000339238 ns, Reaching safepoint: 700607 ns, At safepoint: 52987 ns, Total: 753594 ns
[2020-08-12T14:50:36.771+0000][6][safepoint    ] Safepoint "Cleanup", Time since last: 1000276463 ns, Reaching safepoint: 362972 ns, At safepoint: 14062 ns, Total: 377034 ns
[2020-08-12T14:50:37.864+0000][6][safepoint    ] Safepoint "Cleanup", Time since last: 1091863996 ns, Reaching safepoint: 658044 ns, At safepoint: 54450 ns, Total: 712494 ns
[2020-08-12T14:50:39.761+0000][6][safepoint    ] Safepoint "Cleanup", Time since last: 1896988661 ns, Reaching safepoint: 684869 ns, At safepoint: 44324 ns, Total: 729193 ns
[2020-08-12T14:50:40.763+0000][6][safepoint    ] Safepoint "Cleanup", Time since last: 1000377675 ns, Reaching safepoint: 835930 ns, At safepoint: 43687 ns, Total: 879617 ns
[2020-08-12T14:50:41.764+0000][6][safepoint    ] Safepoint "Cleanup", Time since last: 1001446791 ns, Reaching safepoint: 337947 ns, At safepoint: 11412 ns, Total: 349359 ns
[2020-08-12T14:50:42.765+0000][6][safepoint    ] Safepoint "Cleanup", Time since last: 1000221102 ns, Reaching safepoint: 662706 ns, At safepoint: 54275 ns, Total: 716981 ns
[2020-08-12T14:50:44.764+0000][6][safepoint    ] Safepoint "Cleanup", Time since last: 1997908674 ns, Reaching safepoint: 936041 ns, At safepoint: 44350 ns, Total: 980391 ns
[2020-08-12T14:50:45.765+0000][6][safepoint    ] Safepoint "Cleanup", Time since last: 1000345050 ns, Reaching safepoint: 716769 ns, At safepoint: 43887 ns, Total: 760656 ns
[2020-08-12T14:50:46.766+0000][6][safepoint    ] Safepoint "Cleanup", Time since last: 1000275201 ns, Reaching safepoint: 374460 ns, At safepoint: 19274 ns, Total: 393734 ns
[2020-08-12T14:50:46.850+0000][6][safepoint    ] Safepoint "BulkRevokeBias", Time since last: 81899643 ns, Reaching safepoint: 361797 ns, At safepoint: 1627086 ns, Total: 1988883 ns
[2020-08-12T14:50:47.851+0000][6][safepoint    ] Safepoint "Cleanup", Time since last: 1000327888 ns, Reaching safepoint: 832667 ns, At safepoint: 45950 ns, Total: 878617 ns
[2020-08-12T14:50:49.764+0000][6][safepoint    ] Safepoint "Cleanup", Time since last: 1912630011 ns, Reaching safepoint: 615595 ns, At safepoint: 44062 ns, Total: 659657 ns
[2020-08-12T14:50:50.766+0000][6][safepoint    ] Safepoint "Cleanup", Time since last: 1000349037 ns, Reaching safepoint: 884568 ns, At safepoint: 43912 ns, Total: 928480 ns
[2020-08-12T14:50:51.766+0000][6][safepoint    ] Safepoint "Cleanup", Time since last: 1000318525 ns, Reaching safepoint: 379459 ns, At safepoint: 12963 ns, Total: 392422 ns
[2020-08-12T14:50:52.767+0000][6][safepoint    ] Safepoint "Cleanup", Time since last: 1000225113 ns, Reaching safepoint: 731444 ns, At safepoint: 43799 ns, Total: 775243 ns
[2020-08-12T14:50:53.771+0000][6][safepoint    ] Safepoint "Cleanup", Time since last: 1002917903 ns, Reaching safepoint: 581382 ns, At safepoint: 46075 ns, Total: 627457 ns
[2020-08-12T14:50:54.772+0000][6][safepoint    ] Safepoint "Cleanup", Time since last: 1000340600 ns, Reaching safepoint: 439546 ns, At safepoint: 44025 ns, Total: 483571 ns
[2020-08-12T14:50:55.773+0000][6][safepoint    ] Safepoint "Cleanup", Time since last: 1000400187 ns, Reaching safepoint: 558657 ns, At safepoint: 44425 ns, Total: 603082 ns
[2020-08-12T14:50:56.774+0000][6][safepoint    ] Safepoint "Cleanup", Time since last: 1000374275 ns, Reaching safepoint: 488858 ns, At safepoint: 26325 ns, Total: 515183 ns
[2020-08-12T14:50:57.922+0000][6][safepoint    ] Safepoint "Cleanup", Time since last: 1148029915 ns, Reaching safepoint: 602232 ns, At safepoint: 46650 ns, Total: 648882 ns
[2020-08-12T14:50:59.772+0000][6][safepoint    ] Safepoint "Cleanup", Time since last: 1848723172 ns, Reaching safepoint: 407972 ns, At safepoint: 25587 ns, Total: 433559 ns
[2020-08-12T14:51:00.773+0000][6][safepoint    ] Safepoint "Cleanup", Time since last: 1000273425 ns, Reaching safepoint: 750156 ns, At safepoint: 45962 ns, Total: 796118 ns
[2020-08-12T14:51:01.773+0000][6][safepoint    ] Safepoint "Cleanup", Time since last: 1000262289 ns, Reaching safepoint: 399922 ns, At safepoint: 11762 ns, Total: 411684 ns
[2020-08-12T14:51:02.774+0000][6][safepoint    ] Safepoint "Cleanup", Time since last: 1000201651 ns, Reaching safepoint: 598408 ns, At safepoint: 44599 ns, Total: 643007 ns
[2020-08-12T14:51:04.764+0000][6][safepoint    ] Safepoint "Cleanup", Time since last: 1988974265 ns, Reaching safepoint: 512008 ns, At safepoint: 52962 ns, Total: 564970 ns
[2020-08-12T14:51:05.765+0000][6][safepoint    ] Safepoint "Cleanup", Time since last: 1000352501 ns, Reaching safepoint: 784818 ns, At safepoint: 43987 ns, Total: 828805 ns
[2020-08-12T14:51:06.766+0000][6][safepoint    ] Safepoint "Cleanup", Time since last: 1000403312 ns, Reaching safepoint: 520271 ns, At safepoint: 37362 ns, Total: 557633 ns
[2020-08-12T14:51:07.896+0000][6][safepoint    ] Safepoint "Cleanup", Time since last: 1129685888 ns, Reaching safepoint: 744094 ns, At safepoint: 43975 ns, Total: 788069 ns
[2020-08-12T14:51:08.897+0000][6][safepoint    ] Safepoint "Cleanup", Time since last: 1000345362 ns, Reaching safepoint: 674582 ns, At safepoint: 63062 ns, Total: 737644 ns
[2020-08-12T14:51:10.190+0000][6][safepoint    ] Safepoint "Cleanup", Time since last: 1292122349 ns, Reaching safepoint: 663045 ns, At safepoint: 52899 ns, Total: 715944 ns
[2020-08-12T14:51:11.192+0000][6][safepoint    ] Safepoint "Cleanup", Time since last: 1000942832 ns, Reaching safepoint: 576333 ns, At safepoint: 47487 ns, Total: 623820 ns
[2020-08-12T14:51:12.193+0000][6][safepoint    ] Safepoint "Cleanup", Time since last: 1000463136 ns, Reaching safepoint: 432647 ns, At safepoint: 23487 ns, Total: 456134 ns
[2020-08-12T14:51:13.194+0000][6][safepoint    ] Safepoint "Cleanup", Time since last: 1000263076 ns, Reaching safepoint: 683281 ns, At safepoint: 44500 ns, Total: 727781 ns
[2020-08-12T14:51:14.195+0000][6][safepoint    ] Safepoint "Cleanup", Time since last: 1000369050 ns, Reaching safepoint: 643382 ns, At safepoint: 74961 ns, Total: 718343 ns
[2020-08-12T14:51:15.196+0000][6][safepoint    ] Safepoint "Cleanup", Time since last: 1000408437 ns, Reaching safepoint: 841418 ns, At safepoint: 68312 ns, Total: 909730 ns
[2020-08-12T14:51:16.197+0000][6][safepoint    ] Safepoint "Cleanup", Time since last: 1000333537 ns, Reaching safepoint: 663482 ns, At safepoint: 52075 ns, Total: 715557 ns
[2020-08-12T14:51:18.026+0000][6][safepoint    ] Safepoint "Cleanup", Time since last: 1828511287 ns, Reaching safepoint: 725706 ns, At safepoint: 43900 ns, Total: 769606 ns
[2020-08-12T14:51:18.770+0000][6][safepoint    ] Safepoint "BulkRevokeBias", Time since last: 740054912 ns, Reaching safepoint: 818043 ns, At safepoint: 2362154 ns, Total: 3180197 ns
[2020-08-12T14:51:19.772+0000][6][safepoint    ] Safepoint "Cleanup", Time since last: 1001605801 ns, Reaching safepoint: 509208 ns, At safepoint: 70825 ns, Total: 580033 ns
[2020-08-12T14:51:20.773+0000][6][safepoint    ] Safepoint "Cleanup", Time since last: 1000411012 ns, Reaching safepoint: 600432 ns, At safepoint: 108211 ns, Total: 708643 ns
[2020-08-12T14:51:21.774+0000][6][safepoint    ] Safepoint "Cleanup", Time since last: 1000271076 ns, Reaching safepoint: 408609 ns, At safepoint: 13587 ns, Total: 422196 ns
[2020-08-12T14:51:22.775+0000][6][safepoint    ] Safepoint "Cleanup", Time since last: 1000216839 ns, Reaching safepoint: 805256 ns, At safepoint: 43737 ns, Total: 848993 ns
[2020-08-12T14:51:24.768+0000][6][safepoint    ] Safepoint "Cleanup", Time since last: 1992687445 ns, Reaching safepoint: 912780 ns, At safepoint: 43899 ns, Total: 956679 ns
[2020-08-12T14:51:25.770+0000][6][safepoint    ] Safepoint "Cleanup", Time since last: 1000334688 ns, Reaching safepoint: 901867 ns, At safepoint: 43762 ns, Total: 945629 ns
[2020-08-12T14:51:26.770+0000][6][safepoint    ] Safepoint "Cleanup", Time since last: 1000270463 ns, Reaching safepoint: 547721 ns, At safepoint: 23687 ns, Total: 571408 ns
[2020-08-12T14:51:27.936+0000][6][safepoint    ] Safepoint "Cleanup", Time since last: 1164751856 ns, Reaching safepoint: 875392 ns, At safepoint: 43525 ns, Total: 918917 ns
[2020-08-12T14:51:28.501+0000][6][safepoint    ] Safepoint "BulkRevokeBias", Time since last: 563123053 ns, Reaching safepoint: 350134 ns, At safepoint: 1004867 ns, Total: 1355001 ns
[2020-08-12T14:51:28.510+0000][6][safepoint    ] Safepoint "BulkRevokeBias", Time since last: 7948367 ns, Reaching safepoint: 408434 ns, At safepoint: 788568 ns, Total: 1197002 ns
[2020-08-12T14:51:29.767+0000][6][safepoint    ] Safepoint "Cleanup", Time since last: 1255816706 ns, Reaching safepoint: 921129 ns, At safepoint: 44500 ns, Total: 965629 ns
[2020-08-12T14:51:30.768+0000][6][safepoint    ] Safepoint "Cleanup", Time since last: 1000397062 ns, Reaching safepoint: 783131 ns, At safepoint: 44012 ns, Total: 827143 ns
[2020-08-12T14:51:31.769+0000][6][safepoint    ] Safepoint "Cleanup", Time since last: 1000459399 ns, Reaching safepoint: 932492 ns, At safepoint: 55174 ns, Total: 987666 ns
[2020-08-12T14:51:32.770+0000][6][safepoint    ] Safepoint "Cleanup", Time since last: 1000317738 ns, Reaching safepoint: 443996 ns, At safepoint: 21975 ns, Total: 465971 ns
[2020-08-12T14:51:33.771+0000][6][safepoint    ] Safepoint "Cleanup", Time since last: 1000235726 ns, Reaching safepoint: 276348 ns, At safepoint: 18937 ns, Total: 295285 ns
[2020-08-12T14:51:34.771+0000][6][safepoint    ] Safepoint "Cleanup", Time since last: 1000171677 ns, Reaching safepoint: 330709 ns, At safepoint: 50362 ns, Total: 381071 ns
[2020-08-12T14:51:35.772+0000][6][safepoint    ] Safepoint "Cleanup", Time since last: 1000271389 ns, Reaching safepoint: 283572 ns, At safepoint: 12175 ns, Total: 295747 ns
[2020-08-12T14:51:36.772+0000][6][safepoint    ] Safepoint "Cleanup", Time since last: 1000179126 ns, Reaching safepoint: 592558 ns, At safepoint: 28637 ns, Total: 621195 ns
[2020-08-12T14:51:37.991+0000][6][safepoint    ] Safepoint "Cleanup", Time since last: 1217863927 ns, Reaching safepoint: 465758 ns, At safepoint: 48225 ns, Total: 513983 ns
[2020-08-12T14:51:39.304+0000][6][safepoint    ] Safepoint "Cleanup", Time since last: 1312482470 ns, Reaching safepoint: 362560 ns, At safepoint: 10937 ns, Total: 373497 ns
[2020-08-12T14:51:40.310+0000][6][safepoint    ] Safepoint "Cleanup", Time since last: 1005779153 ns, Reaching safepoint: 829492 ns, At safepoint: 43737 ns, Total: 873229 ns
[2020-08-12T14:51:41.311+0000][6][safepoint    ] Safepoint "Cleanup", Time since last: 1000311001 ns, Reaching safepoint: 507458 ns, At safepoint: 27599 ns, Total: 535057 ns
[2020-08-12T14:51:42.312+0000][6][safepoint    ] Safepoint "Cleanup", Time since last: 1000241401 ns, Reaching safepoint: 565033 ns, At safepoint: 57812 ns, Total: 622845 ns
[2020-08-12T14:51:43.313+0000][6][safepoint    ] Safepoint "Cleanup", Time since last: 1000348150 ns, Reaching safepoint: 662719 ns, At safepoint: 45475 ns, Total: 708194 ns
[2020-08-12T14:51:44.770+0000][6][safepoint    ] Safepoint "Cleanup", Time since last: 1455961798 ns, Reaching safepoint: 540757 ns, At safepoint: 53425 ns, Total: 594182 ns
[2020-08-12T14:51:45.771+0000][6][safepoint    ] Safepoint "Cleanup", Time since last: 1000343937 ns, Reaching safepoint: 631482 ns, At safepoint: 35263 ns, Total: 666745 ns
[2020-08-12T14:51:46.771+0000][6][safepoint    ] Safepoint "Cleanup", Time since last: 1000214651 ns, Reaching safepoint: 431821 ns, At safepoint: 15100 ns, Total: 446921 ns
[2020-08-12T14:51:47.898+0000][6][safepoint    ] Safepoint "Cleanup", Time since last: 1126328256 ns, Reaching safepoint: 652269 ns, At safepoint: 44262 ns, Total: 696531 ns
[2020-08-12T14:51:49.771+0000][6][safepoint    ] Safepoint "Cleanup", Time since last: 1871868457 ns, Reaching safepoint: 567182 ns, At safepoint: 46150 ns, Total: 613332 ns
[2020-08-12T14:51:50.772+0000][6][safepoint    ] Safepoint "Cleanup", Time since last: 1000396637 ns, Reaching safepoint: 593445 ns, At safepoint: 163886 ns, Total: 757331 ns
[2020-08-12T14:51:51.774+0000][6][safepoint    ] Safepoint "Cleanup", Time since last: 1000335113 ns, Reaching safepoint: 1936483 ns, At safepoint: 59412 ns, Total: 1995895 ns
[2020-08-12T14:51:52.776+0000][6][safepoint    ] Safepoint "Cleanup", Time since last: 1000349362 ns, Reaching safepoint: 899905 ns, At safepoint: 43549 ns, Total: 943454 ns
[2020-08-12T14:51:53.777+0000][6][safepoint    ] Safepoint "Cleanup", Time since last: 1000404250 ns, Reaching safepoint: 674932 ns, At safepoint: 38499 ns, Total: 713431 ns
[2020-08-12T14:51:54.778+0000][6][safepoint    ] Safepoint "Cleanup", Time since last: 1000422499 ns, Reaching safepoint: 851143 ns, At safepoint: 69162 ns, Total: 920305 ns
[2020-08-12T14:51:55.779+0000][6][safepoint    ] Safepoint "Cleanup", Time since last: 1000377137 ns, Reaching safepoint: 803481 ns, At safepoint: 44262 ns, Total: 847743 ns
[2020-08-12T14:51:56.780+0000][6][safepoint    ] Safepoint "Cleanup", Time since last: 1000289900 ns, Reaching safepoint: 697457 ns, At safepoint: 44137 ns, Total: 741594 ns
[2020-08-12T14:51:57.934+0000][6][safepoint    ] Safepoint "Cleanup", Time since last: 1152677037 ns, Reaching safepoint: 626182 ns, At safepoint: 44537 ns, Total: 670719 ns
[2020-08-12T14:51:59.770+0000][6][safepoint    ] Safepoint "Cleanup", Time since last: 1834836532 ns, Reaching safepoint: 906017 ns, At safepoint: 84524 ns, Total: 990541 ns
[2020-08-12T14:52:00.771+0000][6][safepoint    ] Safepoint "Cleanup", Time since last: 1000342788 ns, Reaching safepoint: 819293 ns, At safepoint: 43599 ns, Total: 862892 ns
[2020-08-12T14:52:01.772+0000][6][safepoint    ] Safepoint "Cleanup", Time since last: 1000390113 ns, Reaching safepoint: 929704 ns, At safepoint: 65299 ns, Total: 995003 ns
[2020-08-12T14:52:02.773+0000][6][safepoint    ] Safepoint "Cleanup", Time since last: 1000343738 ns, Reaching safepoint: 842555 ns, At safepoint: 88037 ns, Total: 930592 ns
[2020-08-12T14:52:04.773+0000][6][safepoint    ] Safepoint "Cleanup", Time since last: 1998915640 ns, Reaching safepoint: 514633 ns, At safepoint: 25125 ns, Total: 539758 ns
[2020-08-12T14:52:05.774+0000][6][safepoint    ] Safepoint "Cleanup", Time since last: 1000379862 ns, Reaching safepoint: 852255 ns, At safepoint: 67550 ns, Total: 919805 ns
[2020-08-12T14:52:06.775+0000][6][safepoint    ] Safepoint "Cleanup", Time since last: 1000283800 ns, Reaching safepoint: 535896 ns, At safepoint: 20862 ns, Total: 556758 ns
[2020-08-12T14:52:07.964+0000][6][safepoint    ] Safepoint "Cleanup", Time since last: 1188674183 ns, Reaching safepoint: 667269 ns, At safepoint: 44200 ns, Total: 711469 ns
[2020-08-12T14:52:09.773+0000][6][safepoint    ] Safepoint "Cleanup", Time since last: 1807937206 ns, Reaching safepoint: 485546 ns, At safepoint: 35124 ns, Total: 520670 ns
[2020-08-12T14:52:10.774+0000][6][safepoint    ] Safepoint "Cleanup", Time since last: 1000355225 ns, Reaching safepoint: 651520 ns, At safepoint: 146598 ns, Total: 798118 ns
[2020-08-12T14:52:11.775+0000][6][safepoint    ] Safepoint "Cleanup", Time since last: 1000352300 ns, Reaching safepoint: 453571 ns, At safepoint: 19350 ns, Total: 472921 ns
[2020-08-12T14:52:12.776+0000][6][safepoint    ] Safepoint "Cleanup", Time since last: 1000269838 ns, Reaching safepoint: 583707 ns, At safepoint: 52600 ns, Total: 636307 ns
[2020-08-12T14:52:13.777+0000][6][safepoint    ] Safepoint "Cleanup", Time since last: 1000453649 ns, Reaching safepoint: 970017 ns, At safepoint: 55462 ns, Total: 1025479 ns
[2020-08-12T14:52:14.778+0000][6][safepoint    ] Safepoint "Cleanup", Time since last: 1000299062 ns, Reaching safepoint: 375122 ns, At safepoint: 93174 ns, Total: 468296 ns
[2020-08-12T14:52:15.779+0000][6][safepoint    ] Safepoint "Cleanup", Time since last: 1000233602 ns, Reaching safepoint: 583270 ns, At safepoint: 32912 ns, Total: 616182 ns
[2020-08-12T14:52:16.780+0000][6][safepoint    ] Safepoint "Cleanup", Time since last: 1000359962 ns, Reaching safepoint: 672007 ns, At safepoint: 25162 ns, Total: 697169 ns
[2020-08-12T14:52:17.919+0000][6][safepoint    ] Safepoint "Cleanup", Time since last: 1138033516 ns, Reaching safepoint: 618294 ns, At safepoint: 21275 ns, Total: 639569 ns
[2020-08-12T14:52:19.774+0000][6][safepoint    ] Safepoint "Cleanup", Time since last: 1854839656 ns, Reaching safepoint: 403259 ns, At safepoint: 20388 ns, Total: 423647 ns
[2020-08-12T14:52:20.775+0000][6][safepoint    ] Safepoint "Cleanup", Time since last: 1000289288 ns, Reaching safepoint: 589595 ns, At safepoint: 33424 ns, Total: 623019 ns
[2020-08-12T14:52:21.775+0000][6][safepoint    ] Safepoint "Cleanup", Time since last: 1000182839 ns, Reaching safepoint: 358235 ns, At safepoint: 12887 ns, Total: 371122 ns
[2020-08-12T14:52:22.776+0000][6][safepoint    ] Safepoint "Cleanup", Time since last: 1000186464 ns, Reaching safepoint: 501621 ns, At safepoint: 25512 ns, Total: 527133 ns
[2020-08-12T14:52:24.777+0000][6][safepoint    ] Safepoint "Cleanup", Time since last: 2000021106 ns, Reaching safepoint: 744206 ns, At safepoint: 43562 ns, Total: 787768 ns
[2020-08-12T14:52:25.778+0000][6][safepoint    ] Safepoint "Cleanup", Time since last: 1000388737 ns, Reaching safepoint: 984167 ns, At safepoint: 43974 ns, Total: 1028141 ns
[2020-08-12T14:52:26.779+0000][6][safepoint    ] Safepoint "Cleanup", Time since last: 1000285213 ns, Reaching safepoint: 601295 ns, At safepoint: 25575 ns, Total: 626870 ns
[2020-08-12T14:52:27.940+0000][6][safepoint    ] Safepoint "Cleanup", Time since last: 1159829099 ns, Reaching safepoint: 812268 ns, At safepoint: 43112 ns, Total: 855380 ns
[2020-08-12T14:52:29.772+0000][6][safepoint    ] Safepoint "Cleanup", Time since last: 1831518149 ns, Reaching safepoint: 494533 ns, At safepoint: 44337 ns, Total: 538870 ns
[2020-08-12T14:52:30.773+0000][6][safepoint    ] Safepoint "Cleanup", Time since last: 1000407587 ns, Reaching safepoint: 816555 ns, At safepoint: 45262 ns, Total: 861817 ns
[2020-08-12T14:52:31.775+0000][6][safepoint    ] Safepoint "Cleanup", Time since last: 1000344026 ns, Reaching safepoint: 1063590 ns, At safepoint: 62975 ns, Total: 1126565 ns
[2020-08-12T14:52:32.776+0000][6][safepoint    ] Safepoint "Cleanup", Time since last: 1000342937 ns, Reaching safepoint: 753468 ns, At safepoint: 43950 ns, Total: 797418 ns
[2020-08-12T14:52:33.779+0000][6][safepoint    ] Safepoint "Cleanup", Time since last: 1000440674 ns, Reaching safepoint: 3056598 ns, At safepoint: 68237 ns, Total: 3124835 ns
[2020-08-12T14:52:34.780+0000][6][safepoint    ] Safepoint "Cleanup", Time since last: 1000370525 ns, Reaching safepoint: 585933 ns, At safepoint: 39162 ns, Total: 625095 ns
[2020-08-12T14:52:35.781+0000][6][safepoint    ] Safepoint "Cleanup", Time since last: 1000293738 ns, Reaching safepoint: 710181 ns, At safepoint: 43650 ns, Total: 753831 ns
[2020-08-12T14:52:36.782+0000][6][safepoint    ] Safepoint "Cleanup", Time since last: 1000286625 ns, Reaching safepoint: 567570 ns, At safepoint: 23800 ns, Total: 591370 ns
[2020-08-12T14:52:37.929+0000][6][safepoint    ] Safepoint "Cleanup", Time since last: 1145510250 ns, Reaching safepoint: 698931 ns, At safepoint: 54675 ns, Total: 753606 ns
[2020-08-12T14:52:39.775+0000][6][safepoint    ] Safepoint "Cleanup", Time since last: 1846328793 ns, Reaching safepoint: 321748 ns, At safepoint: 12125 ns, Total: 333873 ns
[2020-08-12T14:52:40.776+0000][6][safepoint    ] Safepoint "Cleanup", Time since last: 1000215851 ns, Reaching safepoint: 635807 ns, At safepoint: 53687 ns, Total: 689494 ns
[2020-08-12T14:52:41.777+0000][6][safepoint    ] Safepoint "Cleanup", Time since last: 1000343500 ns, Reaching safepoint: 609819 ns, At safepoint: 320473 ns, Total: 930292 ns
[2020-08-12T14:52:42.778+0000][6][safepoint    ] Safepoint "Cleanup", Time since last: 1000343687 ns, Reaching safepoint: 637707 ns, At safepoint: 73812 ns, Total: 711519 ns
[2020-08-12T14:52:44.776+0000][6][safepoint    ] Safepoint "Cleanup", Time since last: 1996825522 ns, Reaching safepoint: 500008 ns, At safepoint: 26974 ns, Total: 526982 ns
[2020-08-12T14:52:45.777+0000][6][safepoint    ] Safepoint "Cleanup", Time since last: 1000355763 ns, Reaching safepoint: 924679 ns, At safepoint: 69687 ns, Total: 994366 ns
[2020-08-12T14:52:46.778+0000][6][safepoint    ] Safepoint "Cleanup", Time since last: 1000311576 ns, Reaching safepoint: 689844 ns, At safepoint: 41874 ns, Total: 731718 ns
[2020-08-12T14:52:47.997+0000][6][safepoint    ] Safepoint "Cleanup", Time since last: 1217950264 ns, Reaching safepoint: 590857 ns, At safepoint: 44299 ns, Total: 635156 ns
[2020-08-12T14:52:49.781+0000][6][safepoint    ] Safepoint "Cleanup", Time since last: 1783566483 ns, Reaching safepoint: 850392 ns, At safepoint: 43425 ns, Total: 893817 ns
[2020-08-12T14:52:50.782+0000][6][safepoint    ] Safepoint "Cleanup", Time since last: 1000352275 ns, Reaching safepoint: 740581 ns, At safepoint: 45987 ns, Total: 786568 ns
[2020-08-12T14:52:51.783+0000][6][safepoint    ] Safepoint "Cleanup", Time since last: 1000389813 ns, Reaching safepoint: 590244 ns, At safepoint: 64350 ns, Total: 654594 ns
[2020-08-12T14:52:52.784+0000][6][safepoint    ] Safepoint "Cleanup", Time since last: 1000346250 ns, Reaching safepoint: 759543 ns, At safepoint: 44299 ns, Total: 803842 ns
[2020-08-12T14:52:53.786+0000][6][safepoint    ] Safepoint "Cleanup", Time since last: 1000322076 ns, Reaching safepoint: 659144 ns, At safepoint: 38450 ns, Total: 697594 ns
[2020-08-12T14:52:54.787+0000][6][safepoint    ] Safepoint "Cleanup", Time since last: 1000314263 ns, Reaching safepoint: 857042 ns, At safepoint: 44275 ns, Total: 901317 ns
[2020-08-12T14:52:55.788+0000][6][safepoint    ] Safepoint "Cleanup", Time since last: 1000382374 ns, Reaching safepoint: 962141 ns, At safepoint: 65512 ns, Total: 1027653 ns
[2020-08-12T14:52:56.789+0000][6][safepoint    ] Safepoint "Cleanup", Time since last: 1000280089 ns, Reaching safepoint: 621220 ns, At safepoint: 25199 ns, Total: 646419 ns
[2020-08-12T14:52:58.032+0000][6][safepoint    ] Safepoint "Cleanup", Time since last: 1242517111 ns, Reaching safepoint: 688606 ns, At safepoint: 44500 ns, Total: 733106 ns
[2020-08-12T14:52:59.777+0000][6][safepoint    ] Safepoint "Cleanup", Time since last: 1744308502 ns, Reaching safepoint: 620270 ns, At safepoint: 45712 ns, Total: 665982 ns
[2020-08-12T14:53:00.778+0000][6][safepoint    ] Safepoint "Cleanup", Time since last: 1000336650 ns, Reaching safepoint: 766693 ns, At safepoint: 43987 ns, Total: 810680 ns
[2020-08-12T14:53:01.779+0000][6][safepoint    ] Safepoint "Cleanup", Time since last: 1000326088 ns, Reaching safepoint: 660357 ns, At safepoint: 56124 ns, Total: 716481 ns
[2020-08-12T14:53:02.781+0000][6][safepoint    ] Safepoint "Cleanup", Time since last: 1000334013 ns, Reaching safepoint: 806868 ns, At safepoint: 43912 ns, Total: 850780 ns
[2020-08-12T14:53:04.779+0000][6][safepoint    ] Safepoint "Cleanup", Time since last: 1997686614 ns, Reaching safepoint: 867805 ns, At safepoint: 43774 ns, Total: 911579 ns
[2020-08-12T14:53:05.780+0000][6][safepoint    ] Safepoint "Cleanup", Time since last: 1000341575 ns, Reaching safepoint: 833630 ns, At safepoint: 43275 ns, Total: 876905 ns
[2020-08-12T14:53:06.781+0000][6][safepoint    ] Safepoint "Cleanup", Time since last: 1000275789 ns, Reaching safepoint: 439371 ns, At safepoint: 19124 ns, Total: 458495 ns
[2020-08-12T14:53:08.006+0000][6][safepoint    ] Safepoint "Cleanup", Time since last: 1224273471 ns, Reaching safepoint: 755268 ns, At safepoint: 37913 ns, Total: 793181 ns
[2020-08-12T14:53:09.791+0000][6][safepoint    ] Safepoint "Cleanup", Time since last: 1783652281 ns, Reaching safepoint: 1107178 ns, At safepoint: 54550 ns, Total: 1161728 ns
[2020-08-12T14:53:10.792+0000][6][safepoint    ] Safepoint "Cleanup", Time since last: 1000341937 ns, Reaching safepoint: 755844 ns, At safepoint: 45562 ns, Total: 801406 ns
[2020-08-12T14:53:11.793+0000][6][safepoint    ] Safepoint "Cleanup", Time since last: 1000342300 ns, Reaching safepoint: 450071 ns, At safepoint: 67274 ns, Total: 517345 ns
[2020-08-12T14:53:12.794+0000][6][safepoint    ] Safepoint "Cleanup", Time since last: 1000340238 ns, Reaching safepoint: 759456 ns, At safepoint: 45662 ns, Total: 805118 ns
[2020-08-12T14:53:13.795+0000][6][safepoint    ] Safepoint "Cleanup", Time since last: 1000341437 ns, Reaching safepoint: 681957 ns, At safepoint: 44462 ns, Total: 726419 ns
[2020-08-12T14:53:14.796+0000][6][safepoint    ] Safepoint "Cleanup", Time since last: 1000342300 ns, Reaching safepoint: 627782 ns, At safepoint: 54362 ns, Total: 682144 ns
[2020-08-12T14:53:15.797+0000][6][safepoint    ] Safepoint "Cleanup", Time since last: 1000393224 ns, Reaching safepoint: 594220 ns, At safepoint: 45487 ns, Total: 639707 ns
[2020-08-12T14:53:16.798+0000][6][safepoint    ] Safepoint "Cleanup", Time since last: 1000274176 ns, Reaching safepoint: 467321 ns, At safepoint: 19800 ns, Total: 487121 ns
[2020-08-12T14:53:17.996+0000][6][safepoint    ] Safepoint "Cleanup", Time since last: 1196715437 ns, Reaching safepoint: 660595 ns, At safepoint: 53699 ns, Total: 714294 ns
[2020-08-12T14:53:19.782+0000][6][safepoint    ] Safepoint "Cleanup", Time since last: 1785339867 ns, Reaching safepoint: 757043 ns, At safepoint: 45450 ns, Total: 802493 ns
[2020-08-12T14:53:20.783+0000][6][safepoint    ] Safepoint "Cleanup", Time since last: 1000406499 ns, Reaching safepoint: 802056 ns, At safepoint: 46237 ns, Total: 848293 ns
[2020-08-12T14:53:21.785+0000][6][safepoint    ] Safepoint "Cleanup", Time since last: 1000350050 ns, Reaching safepoint: 1140640 ns, At safepoint: 63600 ns, Total: 1204240 ns
[2020-08-12T14:53:22.785+0000][6][safepoint    ] Safepoint "Cleanup", Time since last: 1000301888 ns, Reaching safepoint: 280010 ns, At safepoint: 11112 ns, Total: 291122 ns
[2020-08-12T14:53:24.779+0000][6][safepoint    ] Safepoint "Cleanup", Time since last: 1993784786 ns, Reaching safepoint: 546245 ns, At safepoint: 55712 ns, Total: 601957 ns
[2020-08-12T14:53:25.781+0000][6][safepoint    ] Safepoint "Cleanup", Time since last: 1000341200 ns, Reaching safepoint: 950217 ns, At safepoint: 43449 ns, Total: 993666 ns
[2020-08-12T14:53:26.782+0000][6][safepoint    ] Safepoint "Cleanup", Time since last: 1000319138 ns, Reaching safepoint: 582945 ns, At safepoint: 25987 ns, Total: 608932 ns
[2020-08-12T14:53:27.000+0000][6][gc,start     ] GC(23) Pause Young (Normal) (G1 Evacuation Pause)
[2020-08-12T14:53:27.000+0000][6][gc,task      ] GC(23) Using 2 workers of 2 for evacuation
[2020-08-12T14:53:27.000+0000][6][gc,age       ] GC(23) Desired survivor size 40370176 bytes, new threshold 15 (max threshold 15)
[2020-08-12T14:53:27.011+0000][6][gc,age       ] GC(23) Age table with threshold 15 (max threshold 15)
[2020-08-12T14:53:27.011+0000][6][gc,age       ] GC(23) - age   1:     248888 bytes,     248888 total
[2020-08-12T14:53:27.011+0000][6][gc,age       ] GC(23) - age   2:      73136 bytes,     322024 total
[2020-08-12T14:53:27.011+0000][6][gc,age       ] GC(23) - age   3:     365040 bytes,     687064 total
[2020-08-12T14:53:27.011+0000][6][gc,age       ] GC(23) - age   4:     206808 bytes,     893872 total
[2020-08-12T14:53:27.011+0000][6][gc,phases    ] GC(23)   Pre Evacuate Collection Set: 0.3ms
[2020-08-12T14:53:27.011+0000][6][gc,phases    ] GC(23)   Merge Heap Roots: 0.3ms
[2020-08-12T14:53:27.011+0000][6][gc,phases    ] GC(23)   Evacuate Collection Set: 6.7ms
[2020-08-12T14:53:27.011+0000][6][gc,phases    ] GC(23)   Post Evacuate Collection Set: 2.8ms
[2020-08-12T14:53:27.011+0000][6][gc,phases    ] GC(23)   Other: 0.6ms
[2020-08-12T14:53:27.011+0000][6][gc,heap      ] GC(23) Eden regions: 613->0(613)
[2020-08-12T14:53:27.011+0000][6][gc,heap      ] GC(23) Survivor regions: 1->1(77)
[2020-08-12T14:53:27.011+0000][6][gc,heap      ] GC(23) Old regions: 77->77
[2020-08-12T14:53:27.011+0000][6][gc,heap      ] GC(23) Archive regions: 2->2
[2020-08-12T14:53:27.011+0000][6][gc,heap      ] GC(23) Humongous regions: 7->7
[2020-08-12T14:53:27.011+0000][6][gc,metaspace ] GC(23) Metaspace: 95700K(103480K)->95700K(103480K) NonClass: 83173K(87864K)->83173K(87864K) Class: 12527K(15616K)->12527K(15616K)
[2020-08-12T14:53:27.011+0000][6][gc           ] GC(23) Pause Young (Normal) (G1 Evacuation Pause) 697M->84M(1024M) 11.077ms
[2020-08-12T14:53:27.011+0000][6][gc,cpu       ] GC(23) User=0.02s Sys=0.00s Real=0.01s
[2020-08-12T14:53:27.011+0000][6][safepoint    ] Safepoint "G1CollectForAllocation", Time since last: 217953898 ns, Reaching safepoint: 364222 ns, At safepoint: 11283976 ns, Total: 11648198 ns
[2020-08-12T14:53:28.024+0000][6][safepoint    ] Safepoint "Cleanup", Time since last: 1011864386 ns, Reaching safepoint: 578633 ns, At safepoint: 44199 ns, Total: 622832 ns
[2020-08-12T14:53:29.779+0000][6][safepoint    ] Safepoint "Cleanup", Time since last: 1754697886 ns, Reaching safepoint: 649157 ns, At safepoint: 44050 ns, Total: 693207 ns
[2020-08-12T14:53:30.780+0000][6][safepoint    ] Safepoint "Cleanup", Time since last: 1000345437 ns, Reaching safepoint: 630195 ns, At safepoint: 46124 ns, Total: 676319 ns
[2020-08-12T14:53:31.781+0000][6][safepoint    ] Safepoint "Cleanup", Time since last: 1000343801 ns, Reaching safepoint: 720556 ns, At safepoint: 54587 ns, Total: 775143 ns
[2020-08-12T14:53:32.782+0000][6][safepoint    ] Safepoint "Cleanup", Time since last: 1000367675 ns, Reaching safepoint: 398371 ns, At safepoint: 22300 ns, Total: 420671 ns
[2020-08-12T14:53:33.783+0000][6][safepoint    ] Safepoint "Cleanup", Time since last: 1000206839 ns, Reaching safepoint: 834730 ns, At safepoint: 16212 ns, Total: 850942 ns
[2020-08-12T14:53:34.784+0000][6][safepoint    ] Safepoint "Cleanup", Time since last: 1000207039 ns, Reaching safepoint: 563520 ns, At safepoint: 28662 ns, Total: 592182 ns
[2020-08-12T14:53:35.785+0000][6][safepoint    ] Safepoint "Cleanup", Time since last: 1000228039 ns, Reaching safepoint: 280098 ns, At safepoint: 10887 ns, Total: 290985 ns
[2020-08-12T14:53:36.785+0000][6][safepoint    ] Safepoint "Cleanup", Time since last: 1000140589 ns, Reaching safepoint: 397047 ns, At safepoint: 18162 ns, Total: 415209 ns
[2020-08-12T14:53:37.888+0000][6][safepoint    ] Safepoint "Cleanup", Time since last: 1101721472 ns, Reaching safepoint: 871292 ns, At safepoint: 43350 ns, Total: 914642 ns
[2020-08-12T14:53:38.786+0000][6][safepoint    ] Safepoint "BulkRevokeBias", Time since last: 894310057 ns, Reaching safepoint: 771843 ns, At safepoint: 2683064 ns, Total: 3454907 ns
[2020-08-12T14:53:39.786+0000][6][safepoint    ] Safepoint "Cleanup", Time since last: 1000336387 ns, Reaching safepoint: 526783 ns, At safepoint: 24987 ns, Total: 551770 ns
[2020-08-12T14:53:40.787+0000][6][safepoint    ] Safepoint "Cleanup", Time since last: 1000242139 ns, Reaching safepoint: 679182 ns, At safepoint: 26962 ns, Total: 706144 ns
[2020-08-12T14:53:41.788+0000][6][safepoint    ] Safepoint "Cleanup", Time since last: 1000218189 ns, Reaching safepoint: 557557 ns, At safepoint: 20262 ns, Total: 577819 ns
[2020-08-12T14:53:42.789+0000][6][safepoint    ] Safepoint "Cleanup", Time since last: 1000234752 ns, Reaching safepoint: 692931 ns, At safepoint: 45237 ns, Total: 738168 ns
[2020-08-12T14:53:44.783+0000][6][safepoint    ] Safepoint "Cleanup", Time since last: 1993378327 ns, Reaching safepoint: 355147 ns, At safepoint: 81724 ns, Total: 436871 ns
[2020-08-12T14:53:45.784+0000][6][safepoint    ] Safepoint "Cleanup", Time since last: 1000261013 ns, Reaching safepoint: 841955 ns, At safepoint: 46250 ns, Total: 888205 ns
[2020-08-12T14:53:46.785+0000][6][safepoint    ] Safepoint "Cleanup", Time since last: 1000304401 ns, Reaching safepoint: 654194 ns, At safepoint: 50199 ns, Total: 704393 ns
[2020-08-12T14:53:47.936+0000][6][safepoint    ] Safepoint "Cleanup", Time since last: 1149901299 ns, Reaching safepoint: 574720 ns, At safepoint: 46662 ns, Total: 621382 ns
[2020-08-12T14:53:48.785+0000][6][safepoint    ] Safepoint "BulkRevokeBias", Time since last: 845646234 ns, Reaching safepoint: 845105 ns, At safepoint: 3006473 ns, Total: 3851578 ns
[2020-08-12T14:53:49.789+0000][6][safepoint    ] Safepoint "Cleanup", Time since last: 1003159839 ns, Reaching safepoint: 578207 ns, At safepoint: 85924 ns, Total: 664131 ns
[2020-08-12T14:53:50.790+0000][6][safepoint    ] Safepoint "Cleanup", Time since last: 1000344675 ns, Reaching safepoint: 560008 ns, At safepoint: 87437 ns, Total: 647445 ns
[2020-08-12T14:53:51.791+0000][6][safepoint    ] Safepoint "Cleanup", Time since last: 1000342625 ns, Reaching safepoint: 585095 ns, At safepoint: 104024 ns, Total: 689119 ns
[2020-08-12T14:53:52.792+0000][6][safepoint    ] Safepoint "Cleanup", Time since last: 1000345650 ns, Reaching safepoint: 518320 ns, At safepoint: 43625 ns, Total: 561945 ns
[2020-08-12T14:53:53.794+0000][6][safepoint    ] Safepoint "Cleanup", Time since last: 1000671572 ns, Reaching safepoint: 1000479 ns, At safepoint: 74787 ns, Total: 1075266 ns
[2020-08-12T14:53:54.795+0000][6][safepoint    ] Safepoint "Cleanup", Time since last: 1000371037 ns, Reaching safepoint: 561770 ns, At safepoint: 43750 ns, Total: 605520 ns
[2020-08-12T14:53:55.796+0000][6][safepoint    ] Safepoint "Cleanup", Time since last: 1000351362 ns, Reaching safepoint: 560345 ns, At safepoint: 43850 ns, Total: 604195 ns
[2020-08-12T14:53:56.796+0000][6][safepoint    ] Safepoint "Cleanup", Time since last: 1000343000 ns, Reaching safepoint: 511883 ns, At safepoint: 25737 ns, Total: 537620 ns
[2020-08-12T14:53:57.930+0000][6][safepoint    ] Safepoint "Cleanup", Time since last: 1133175734 ns, Reaching safepoint: 740331 ns, At safepoint: 44437 ns, Total: 784768 ns
[2020-08-12T14:53:59.785+0000][6][safepoint    ] Safepoint "Cleanup", Time since last: 1853617466 ns, Reaching safepoint: 806705 ns, At safepoint: 43750 ns, Total: 850455 ns
[2020-08-12T14:54:00.786+0000][6][safepoint    ] Safepoint "Cleanup", Time since last: 1000379551 ns, Reaching safepoint: 601744 ns, At safepoint: 73350 ns, Total: 675094 ns
[2020-08-12T14:54:01.787+0000][6][safepoint    ] Safepoint "Cleanup", Time since last: 1000304825 ns, Reaching safepoint: 1134840 ns, At safepoint: 54912 ns, Total: 1189752 ns
[2020-08-12T14:54:02.788+0000][6][safepoint    ] Safepoint "Cleanup", Time since last: 1000338900 ns, Reaching safepoint: 659744 ns, At safepoint: 45350 ns, Total: 705094 ns
[2020-08-12T14:54:04.783+0000][6][safepoint    ] Safepoint "Cleanup", Time since last: 1993894547 ns, Reaching safepoint: 423272 ns, At safepoint: 64699 ns, Total: 487971 ns
[2020-08-12T14:54:05.784+0000][6][safepoint    ] Safepoint "Cleanup", Time since last: 1000368537 ns, Reaching safepoint: 647782 ns, At safepoint: 142124 ns, Total: 789906 ns
[2020-08-12T14:54:06.785+0000][6][safepoint    ] Safepoint "Cleanup", Time since last: 1000277389 ns, Reaching safepoint: 873055 ns, At safepoint: 31575 ns, Total: 904630 ns
[2020-08-12T14:54:07.954+0000][6][safepoint    ] Safepoint "Cleanup", Time since last: 1168006527 ns, Reaching safepoint: 592345 ns, At safepoint: 46499 ns, Total: 638844 ns
[2020-08-12T14:54:09.785+0000][6][safepoint    ] Safepoint "Cleanup", Time since last: 1830845388 ns, Reaching safepoint: 539295 ns, At safepoint: 44150 ns, Total: 583445 ns
[2020-08-12T14:54:10.786+0000][6][safepoint    ] Safepoint "Cleanup", Time since last: 1000353248 ns, Reaching safepoint: 650757 ns, At safepoint: 55412 ns, Total: 706169 ns
[2020-08-12T14:54:11.787+0000][6][safepoint    ] Safepoint "Cleanup", Time since last: 1000345498 ns, Reaching safepoint: 445846 ns, At safepoint: 44437 ns, Total: 490283 ns
[2020-08-12T14:54:12.788+0000][6][safepoint    ] Safepoint "Cleanup", Time since last: 1000339174 ns, Reaching safepoint: 876042 ns, At safepoint: 46937 ns, Total: 922979 ns
[2020-08-12T14:54:13.792+0000][6][safepoint    ] Safepoint "Cleanup", Time since last: 1000344586 ns, Reaching safepoint: 2989549 ns, At safepoint: 65374 ns, Total: 3054923 ns
[2020-08-12T14:54:14.793+0000][6][safepoint    ] Safepoint "Cleanup", Time since last: 1000392011 ns, Reaching safepoint: 579870 ns, At safepoint: 46124 ns, Total: 625994 ns
[2020-08-12T14:54:15.794+0000][6][safepoint    ] Safepoint "Cleanup", Time since last: 1000386698 ns, Reaching safepoint: 501933 ns, At safepoint: 38712 ns, Total: 540645 ns
[2020-08-12T14:54:16.798+0000][6][safepoint    ] Safepoint "Cleanup", Time since last: 1000794457 ns, Reaching safepoint: 2998486 ns, At safepoint: 41913 ns, Total: 3040399 ns
[2020-08-12T14:54:17.997+0000][6][safepoint    ] Safepoint "Cleanup", Time since last: 1198921391 ns, Reaching safepoint: 823055 ns, At safepoint: 57462 ns, Total: 880517 ns
[2020-08-12T14:54:19.787+0000][6][safepoint    ] Safepoint "Cleanup", Time since last: 1789179706 ns, Reaching safepoint: 525683 ns, At safepoint: 38437 ns, Total: 564120 ns
[2020-08-12T14:54:20.793+0000][6][safepoint    ] Safepoint "Cleanup", Time since last: 1004848546 ns, Reaching safepoint: 1183752 ns, At safepoint: 56287 ns, Total: 1240039 ns
[2020-08-12T14:54:21.796+0000][6][safepoint    ] Safepoint "Cleanup", Time since last: 1002216282 ns, Reaching safepoint: 567508 ns, At safepoint: 20037 ns, Total: 587545 ns
[2020-08-12T14:54:22.797+0000][6][safepoint    ] Safepoint "Cleanup", Time since last: 1000622659 ns, Reaching safepoint: 419396 ns, At safepoint: 19425 ns, Total: 438821 ns
[2020-08-12T14:54:24.786+0000][6][safepoint    ] Safepoint "Cleanup", Time since last: 1988867064 ns, Reaching safepoint: 475771 ns, At safepoint: 54462 ns, Total: 530233 ns
[2020-08-12T14:54:25.788+0000][6][safepoint    ] Safepoint "Cleanup", Time since last: 1000457672 ns, Reaching safepoint: 778218 ns, At safepoint: 43225 ns, Total: 821443 ns
[2020-08-12T14:54:26.790+0000][6][safepoint    ] Safepoint "Cleanup", Time since last: 1000375598 ns, Reaching safepoint: 1366825 ns, At safepoint: 50775 ns, Total: 1417600 ns
[2020-08-12T14:54:27.090+0000][6][safepoint    ] Safepoint "BulkRevokeBias", Time since last: 298955567 ns, Reaching safepoint: 444471 ns, At safepoint: 1072216 ns, Total: 1516687 ns
[2020-08-12T14:54:28.091+0000][6][safepoint    ] Safepoint "Cleanup", Time since last: 1000251149 ns, Reaching safepoint: 889655 ns, At safepoint: 55474 ns, Total: 945129 ns
[2020-08-12T14:54:29.785+0000][6][safepoint    ] Safepoint "Cleanup", Time since last: 1693634502 ns, Reaching safepoint: 610744 ns, At safepoint: 40125 ns, Total: 650869 ns
[2020-08-12T14:54:30.787+0000][6][safepoint    ] Safepoint "Cleanup", Time since last: 1000330986 ns, Reaching safepoint: 701281 ns, At safepoint: 53650 ns, Total: 754931 ns
[2020-08-12T14:54:31.788+0000][6][safepoint    ] Safepoint "Cleanup", Time since last: 1000348048 ns, Reaching safepoint: 650394 ns, At safepoint: 54850 ns, Total: 705244 ns
[2020-08-12T14:54:32.789+0000][6][safepoint    ] Safepoint "Cleanup", Time since last: 1000345898 ns, Reaching safepoint: 757731 ns, At safepoint: 44525 ns, Total: 802256 ns
[2020-08-12T14:54:33.790+0000][6][safepoint    ] Safepoint "Cleanup", Time since last: 1000400123 ns, Reaching safepoint: 983516 ns, At safepoint: 54862 ns, Total: 1038378 ns
[2020-08-12T14:54:34.791+0000][6][safepoint    ] Safepoint "Cleanup", Time since last: 1000302187 ns, Reaching safepoint: 829730 ns, At safepoint: 43637 ns, Total: 873367 ns
[2020-08-12T14:54:35.793+0000][6][safepoint    ] Safepoint "Cleanup", Time since last: 1000341236 ns, Reaching safepoint: 953854 ns, At safepoint: 43937 ns, Total: 997791 ns
[2020-08-12T14:54:36.795+0000][6][safepoint    ] Safepoint "Cleanup", Time since last: 1000340811 ns, Reaching safepoint: 1554686 ns, At safepoint: 48487 ns, Total: 1603173 ns
[2020-08-12T14:54:38.019+0000][6][safepoint    ] Safepoint "Cleanup", Time since last: 1223488374 ns, Reaching safepoint: 876305 ns, At safepoint: 44350 ns, Total: 920655 ns
[2020-08-12T14:54:39.790+0000][6][safepoint    ] Safepoint "Cleanup", Time since last: 1769904389 ns, Reaching safepoint: 721718 ns, At safepoint: 46125 ns, Total: 767843 ns
[2020-08-12T14:54:40.790+0000][6][safepoint    ] Safepoint "Cleanup", Time since last: 1000400660 ns, Reaching safepoint: 254073 ns, At safepoint: 11425 ns, Total: 265498 ns
[2020-08-12T14:54:41.791+0000][6][safepoint    ] Safepoint "Cleanup", Time since last: 1000195312 ns, Reaching safepoint: 652557 ns, At safepoint: 28025 ns, Total: 680582 ns
[2020-08-12T14:54:42.792+0000][6][safepoint    ] Safepoint "Cleanup", Time since last: 1000234412 ns, Reaching safepoint: 699156 ns, At safepoint: 34625 ns, Total: 733781 ns
[2020-08-12T14:54:44.789+0000][6][safepoint    ] Safepoint "Cleanup", Time since last: 1995707653 ns, Reaching safepoint: 651482 ns, At safepoint: 44712 ns, Total: 696194 ns
[2020-08-12T14:54:45.790+0000][6][safepoint    ] Safepoint "Cleanup", Time since last: 1000387223 ns, Reaching safepoint: 768231 ns, At safepoint: 87974 ns, Total: 856205 ns
[2020-08-12T14:54:46.791+0000][6][safepoint    ] Safepoint "Cleanup", Time since last: 1000313324 ns, Reaching safepoint: 877917 ns, At safepoint: 37387 ns, Total: 915304 ns
[2020-08-12T14:54:47.907+0000][6][safepoint    ] Safepoint "Cleanup", Time since last: 1115165695 ns, Reaching safepoint: 654057 ns, At safepoint: 46475 ns, Total: 700532 ns
[2020-08-12T14:54:49.792+0000][6][safepoint    ] Safepoint "Cleanup", Time since last: 1883961329 ns, Reaching safepoint: 565383 ns, At safepoint: 43975 ns, Total: 609358 ns
[2020-08-12T14:54:50.793+0000][6][safepoint    ] Safepoint "Cleanup", Time since last: 1000357623 ns, Reaching safepoint: 745868 ns, At safepoint: 43325 ns, Total: 789193 ns
[2020-08-12T14:54:51.794+0000][6][safepoint    ] Safepoint "Cleanup", Time since last: 1000484247 ns, Reaching safepoint: 380484 ns, At safepoint: 16700 ns, Total: 397184 ns
[2020-08-12T14:54:52.794+0000][6][safepoint    ] Safepoint "Cleanup", Time since last: 1000189300 ns, Reaching safepoint: 268373 ns, At safepoint: 11112 ns, Total: 279485 ns
[2020-08-12T14:54:53.795+0000][6][safepoint    ] Safepoint "Cleanup", Time since last: 1000207275 ns, Reaching safepoint: 664369 ns, At safepoint: 38600 ns, Total: 702969 ns
[2020-08-12T14:54:54.796+0000][6][safepoint    ] Safepoint "Cleanup", Time since last: 1000381135 ns, Reaching safepoint: 838380 ns, At safepoint: 44087 ns, Total: 882467 ns
[2020-08-12T14:54:55.798+0000][6][safepoint    ] Safepoint "Cleanup", Time since last: 1000343624 ns, Reaching safepoint: 923142 ns, At safepoint: 43437 ns, Total: 966579 ns
[2020-08-12T14:54:56.799+0000][6][safepoint    ] Safepoint "Cleanup", Time since last: 1000343636 ns, Reaching safepoint: 1098328 ns, At safepoint: 51037 ns, Total: 1149365 ns
[2020-08-12T14:54:58.084+0000][6][safepoint    ] Safepoint "Cleanup", Time since last: 1284424947 ns, Reaching safepoint: 810443 ns, At safepoint: 44549 ns, Total: 854992 ns
[2020-08-12T14:54:59.789+0000][6][safepoint    ] Safepoint "Cleanup", Time since last: 1704152909 ns, Reaching safepoint: 546845 ns, At safepoint: 44337 ns, Total: 591182 ns
[2020-08-12T14:55:00.790+0000][6][safepoint    ] Safepoint "Cleanup", Time since last: 1000339549 ns, Reaching safepoint: 770155 ns, At safepoint: 46550 ns, Total: 816705 ns
[2020-08-12T14:55:01.792+0000][6][safepoint    ] Safepoint "Cleanup", Time since last: 1000343911 ns, Reaching safepoint: 1039578 ns, At safepoint: 62425 ns, Total: 1102003 ns
[2020-08-12T14:55:02.793+0000][6][safepoint    ] Safepoint "Cleanup", Time since last: 1000400460 ns, Reaching safepoint: 747331 ns, At safepoint: 99262 ns, Total: 846593 ns
[2020-08-12T14:55:04.791+0000][6][safepoint    ] Safepoint "Cleanup", Time since last: 1997296077 ns, Reaching safepoint: 762980 ns, At safepoint: 43987 ns, Total: 806967 ns
[2020-08-12T14:55:05.792+0000][6][safepoint    ] Safepoint "Cleanup", Time since last: 1000355074 ns, Reaching safepoint: 945004 ns, At safepoint: 43737 ns, Total: 988741 ns
[2020-08-12T14:55:06.794+0000][6][safepoint    ] Safepoint "Cleanup", Time since last: 1000299449 ns, Reaching safepoint: 999091 ns, At safepoint: 49987 ns, Total: 1049078 ns
[2020-08-12T14:55:07.907+0000][6][safepoint    ] Safepoint "Cleanup", Time since last: 1112488669 ns, Reaching safepoint: 951941 ns, At safepoint: 43750 ns, Total: 995691 ns
[2020-08-12T14:55:09.792+0000][6][safepoint    ] Safepoint "Cleanup", Time since last: 1883743119 ns, Reaching safepoint: 751781 ns, At safepoint: 43200 ns, Total: 794981 ns
[2020-08-12T14:55:10.793+0000][6][safepoint    ] Safepoint "Cleanup", Time since last: 1000400848 ns, Reaching safepoint: 826830 ns, At safepoint: 44537 ns, Total: 871367 ns
[2020-08-12T14:55:11.794+0000][6][safepoint    ] Safepoint "Cleanup", Time since last: 1000350386 ns, Reaching safepoint: 722156 ns, At safepoint: 44850 ns, Total: 767006 ns
[2020-08-12T14:55:12.795+0000][6][safepoint    ] Safepoint "Cleanup", Time since last: 1000349361 ns, Reaching safepoint: 857217 ns, At safepoint: 44112 ns, Total: 901329 ns
[2020-08-12T14:55:13.800+0000][6][safepoint    ] Safepoint "Cleanup", Time since last: 1000865194 ns, Reaching safepoint: 3221796 ns, At safepoint: 64275 ns, Total: 3286071 ns
[2020-08-12T14:55:14.801+0000][6][safepoint    ] Safepoint "Cleanup", Time since last: 1000397011 ns, Reaching safepoint: 772805 ns, At safepoint: 43950 ns, Total: 816755 ns
[2020-08-12T14:55:15.802+0000][6][safepoint    ] Safepoint "Cleanup", Time since last: 1000396298 ns, Reaching safepoint: 811005 ns, At safepoint: 45025 ns, Total: 856030 ns
[2020-08-12T14:55:16.803+0000][6][safepoint    ] Safepoint "Cleanup", Time since last: 1000315961 ns, Reaching safepoint: 878592 ns, At safepoint: 44575 ns, Total: 923167 ns
[2020-08-12T14:55:17.949+0000][6][safepoint    ] Safepoint "Cleanup", Time since last: 1145347378 ns, Reaching safepoint: 716031 ns, At safepoint: 45474 ns, Total: 761505 ns
[2020-08-12T14:55:19.795+0000][6][safepoint    ] Safepoint "Cleanup", Time since last: 1844586654 ns, Reaching safepoint: 778443 ns, At safepoint: 43574 ns, Total: 822017 ns
[2020-08-12T14:55:20.796+0000][6][safepoint    ] Safepoint "Cleanup", Time since last: 1000417061 ns, Reaching safepoint: 907779 ns, At safepoint: 44187 ns, Total: 951966 ns
[2020-08-12T14:55:21.797+0000][6][safepoint    ] Safepoint "Cleanup", Time since last: 1000278849 ns, Reaching safepoint: 569120 ns, At safepoint: 21050 ns, Total: 590170 ns
[2020-08-12T14:55:22.798+0000][6][safepoint    ] Safepoint "Cleanup", Time since last: 1000250050 ns, Reaching safepoint: 497358 ns, At safepoint: 43937 ns, Total: 541295 ns
[2020-08-12T14:55:24.793+0000][6][safepoint    ] Safepoint "Cleanup", Time since last: 1994436077 ns, Reaching safepoint: 815006 ns, At safepoint: 44224 ns, Total: 859230 ns
[2020-08-12T14:55:25.794+0000][6][safepoint    ] Safepoint "Cleanup", Time since last: 1000350949 ns, Reaching safepoint: 753405 ns, At safepoint: 45788 ns, Total: 799193 ns
[2020-08-12T14:55:26.795+0000][6][safepoint    ] Safepoint "Cleanup", Time since last: 1000289298 ns, Reaching safepoint: 552008 ns, At safepoint: 27537 ns, Total: 579545 ns
[2020-08-12T14:55:27.917+0000][6][safepoint    ] Safepoint "Cleanup", Time since last: 1121145867 ns, Reaching safepoint: 559145 ns, At safepoint: 44637 ns, Total: 603782 ns
[2020-08-12T14:55:29.792+0000][6][safepoint    ] Safepoint "Cleanup", Time since last: 1874551938 ns, Reaching safepoint: 759556 ns, At safepoint: 44225 ns, Total: 803781 ns
[2020-08-12T14:55:30.793+0000][6][safepoint    ] Safepoint "Cleanup", Time since last: 1000345623 ns, Reaching safepoint: 818818 ns, At safepoint: 44137 ns, Total: 862955 ns
[2020-08-12T14:55:31.795+0000][6][safepoint    ] Safepoint "Cleanup", Time since last: 1000341374 ns, Reaching safepoint: 1050790 ns, At safepoint: 99299 ns, Total: 1150089 ns
[2020-08-12T14:55:32.796+0000][6][safepoint    ] Safepoint "Cleanup", Time since last: 1000331924 ns, Reaching safepoint: 491583 ns, At safepoint: 27262 ns, Total: 518845 ns
[2020-08-12T14:55:33.796+0000][6][safepoint    ] Safepoint "Cleanup", Time since last: 1000269300 ns, Reaching safepoint: 416683 ns, At safepoint: 21863 ns, Total: 438546 ns
[2020-08-12T14:55:34.797+0000][6][safepoint    ] Safepoint "Cleanup", Time since last: 1000211612 ns, Reaching safepoint: 348972 ns, At safepoint: 16550 ns, Total: 365522 ns
[2020-08-12T14:55:35.798+0000][6][safepoint    ] Safepoint "Cleanup", Time since last: 1000239174 ns, Reaching safepoint: 815218 ns, At safepoint: 44412 ns, Total: 859630 ns
[2020-08-12T14:55:36.799+0000][6][safepoint    ] Safepoint "Cleanup", Time since last: 1000277849 ns, Reaching safepoint: 535545 ns, At safepoint: 26938 ns, Total: 562483 ns
[2020-08-12T14:55:38.026+0000][6][safepoint    ] Safepoint "Cleanup", Time since last: 1226002714 ns, Reaching safepoint: 813330 ns, At safepoint: 43612 ns, Total: 856942 ns
[2020-08-12T14:55:39.804+0000][6][safepoint    ] Safepoint "Cleanup", Time since last: 1777171963 ns, Reaching safepoint: 520333 ns, At safepoint: 27049 ns, Total: 547382 ns
[2020-08-12T14:55:40.805+0000][6][safepoint    ] Safepoint "Cleanup", Time since last: 1000283237 ns, Reaching safepoint: 831642 ns, At safepoint: 43512 ns, Total: 875154 ns
[2020-08-12T14:55:41.806+0000][6][safepoint    ] Safepoint "Cleanup", Time since last: 1000347724 ns, Reaching safepoint: 662681 ns, At safepoint: 39900 ns, Total: 702581 ns
[2020-08-12T14:55:42.882+0000][6][safepoint    ] Safepoint "Cleanup", Time since last: 1075284573 ns, Reaching safepoint: 727719 ns, At safepoint: 44712 ns, Total: 772431 ns
[2020-08-12T14:55:44.805+0000][6][safepoint    ] Safepoint "Cleanup", Time since last: 1922829486 ns, Reaching safepoint: 600682 ns, At safepoint: 38237 ns, Total: 638919 ns
[2020-08-12T14:55:45.806+0000][6][safepoint    ] Safepoint "Cleanup", Time since last: 1000292799 ns, Reaching safepoint: 644194 ns, At safepoint: 46212 ns, Total: 690406 ns
[2020-08-12T14:55:46.807+0000][6][safepoint    ] Safepoint "Cleanup", Time since last: 1000335849 ns, Reaching safepoint: 594057 ns, At safepoint: 35037 ns, Total: 629094 ns
[2020-08-12T14:55:47.998+0000][6][safepoint    ] Safepoint "Cleanup", Time since last: 1190126494 ns, Reaching safepoint: 852180 ns, At safepoint: 44175 ns, Total: 896355 ns
[2020-08-12T14:55:48.810+0000][6][safepoint    ] Safepoint "BulkRevokeBias", Time since last: 808269636 ns, Reaching safepoint: 848630 ns, At safepoint: 2347304 ns, Total: 3195934 ns
[2020-08-12T14:55:49.811+0000][6][safepoint    ] Safepoint "Cleanup", Time since last: 1000461547 ns, Reaching safepoint: 715244 ns, At safepoint: 39662 ns, Total: 754906 ns
[2020-08-12T14:55:50.812+0000][6][safepoint    ] Safepoint "Cleanup", Time since last: 1000334336 ns, Reaching safepoint: 869017 ns, At safepoint: 46475 ns, Total: 915492 ns
[2020-08-12T14:55:51.813+0000][6][safepoint    ] Safepoint "Cleanup", Time since last: 1000333386 ns, Reaching safepoint: 636394 ns, At safepoint: 56687 ns, Total: 693081 ns
[2020-08-12T14:55:52.814+0000][6][safepoint    ] Safepoint "Cleanup", Time since last: 1000347499 ns, Reaching safepoint: 773668 ns, At safepoint: 44537 ns, Total: 818205 ns
[2020-08-12T14:55:53.819+0000][6][safepoint    ] Safepoint "Cleanup", Time since last: 1000334424 ns, Reaching safepoint: 866205 ns, At safepoint: 3633080 ns, Total: 4499285 ns
[2020-08-12T14:55:54.820+0000][6][safepoint    ] Safepoint "Cleanup", Time since last: 1000379048 ns, Reaching safepoint: 698156 ns, At safepoint: 54400 ns, Total: 752556 ns
[2020-08-12T14:55:55.822+0000][6][safepoint    ] Safepoint "Cleanup", Time since last: 1000377873 ns, Reaching safepoint: 900930 ns, At safepoint: 44112 ns, Total: 945042 ns
[2020-08-12T14:55:56.823+0000][6][safepoint    ] Safepoint "Cleanup", Time since last: 1000323936 ns, Reaching safepoint: 582970 ns, At safepoint: 27062 ns, Total: 610032 ns
[2020-08-12T14:55:57.988+0000][6][safepoint    ] Safepoint "Cleanup", Time since last: 1165022729 ns, Reaching safepoint: 702781 ns, At safepoint: 44575 ns, Total: 747356 ns
[2020-08-12T14:55:59.812+0000][6][safepoint    ] Safepoint "Cleanup", Time since last: 1822718672 ns, Reaching safepoint: 561032 ns, At safepoint: 43987 ns, Total: 605019 ns
[2020-08-12T14:56:00.813+0000][6][safepoint    ] Safepoint "Cleanup", Time since last: 1000400523 ns, Reaching safepoint: 586995 ns, At safepoint: 45162 ns, Total: 632157 ns
[2020-08-12T14:56:01.814+0000][6][safepoint    ] Safepoint "Cleanup", Time since last: 1000345848 ns, Reaching safepoint: 867455 ns, At safepoint: 27425 ns, Total: 894880 ns
[2020-08-12T14:56:02.815+0000][6][safepoint    ] Safepoint "Cleanup", Time since last: 1000257099 ns, Reaching safepoint: 783881 ns, At safepoint: 43800 ns, Total: 827681 ns
[2020-08-12T14:56:04.809+0000][6][safepoint    ] Safepoint "Cleanup", Time since last: 1992747892 ns, Reaching safepoint: 882830 ns, At safepoint: 43962 ns, Total: 926792 ns
[2020-08-12T14:56:05.810+0000][6][safepoint    ] Safepoint "Cleanup", Time since last: 1000389885 ns, Reaching safepoint: 777019 ns, At safepoint: 46374 ns, Total: 823393 ns
[2020-08-12T14:56:06.811+0000][6][safepoint    ] Safepoint "Cleanup", Time since last: 1000288036 ns, Reaching safepoint: 588520 ns, At safepoint: 50337 ns, Total: 638857 ns
[2020-08-12T14:56:08.016+0000][6][safepoint    ] Safepoint "Cleanup", Time since last: 1204634479 ns, Reaching safepoint: 654081 ns, At safepoint: 44950 ns, Total: 699031 ns
[2020-08-12T14:56:09.809+0000][6][safepoint    ] Safepoint "Cleanup", Time since last: 1791975344 ns, Reaching safepoint: 534545 ns, At safepoint: 43450 ns, Total: 577995 ns
[2020-08-12T14:56:10.810+0000][6][safepoint    ] Safepoint "Cleanup", Time since last: 1000398372 ns, Reaching safepoint: 872605 ns, At safepoint: 44312 ns, Total: 916917 ns
[2020-08-12T14:56:11.811+0000][6][safepoint    ] Safepoint "Cleanup", Time since last: 1000297512 ns, Reaching safepoint: 683381 ns, At safepoint: 31812 ns, Total: 715193 ns
[2020-08-12T14:56:13.054+0000][6][safepoint    ] Safepoint "Cleanup", Time since last: 1242170547 ns, Reaching safepoint: 716294 ns, At safepoint: 53724 ns, Total: 770018 ns
[2020-08-12T14:56:14.055+0000][6][safepoint    ] Safepoint "Cleanup", Time since last: 1000348423 ns, Reaching safepoint: 528221 ns, At safepoint: 51512 ns, Total: 579733 ns
[2020-08-12T14:56:15.056+0000][6][safepoint    ] Safepoint "Cleanup", Time since last: 1000358973 ns, Reaching safepoint: 638144 ns, At safepoint: 53212 ns, Total: 691356 ns
[2020-08-12T14:56:16.057+0000][6][safepoint    ] Safepoint "Cleanup", Time since last: 1000342399 ns, Reaching safepoint: 646694 ns, At safepoint: 53950 ns, Total: 700644 ns
[2020-08-12T14:56:18.047+0000][6][safepoint    ] Safepoint "Cleanup", Time since last: 1988924338 ns, Reaching safepoint: 798668 ns, At safepoint: 44025 ns, Total: 842693 ns
[2020-08-12T14:56:19.814+0000][6][safepoint    ] Safepoint "Cleanup", Time since last: 1767244913 ns, Reaching safepoint: 399871 ns, At safepoint: 25125 ns, Total: 424996 ns
[2020-08-12T14:56:20.816+0000][6][safepoint    ] Safepoint "Cleanup", Time since last: 1000271724 ns, Reaching safepoint: 1211689 ns, At safepoint: 57387 ns, Total: 1269076 ns
[2020-08-12T14:56:21.818+0000][6][safepoint    ] Safepoint "Cleanup", Time since last: 1000348661 ns, Reaching safepoint: 1107053 ns, At safepoint: 53887 ns, Total: 1160940 ns
[2020-08-12T14:56:22.819+0000][6][safepoint    ] Safepoint "Cleanup", Time since last: 1000378035 ns, Reaching safepoint: 746144 ns, At safepoint: 43762 ns, Total: 789906 ns
[2020-08-12T14:56:23.810+0000][6][safepoint    ] Safepoint "BulkRevokeBias", Time since last: 987608799 ns, Reaching safepoint: 858455 ns, At safepoint: 2380828 ns, Total: 3239283 ns
[2020-08-12T14:56:24.812+0000][6][safepoint    ] Safepoint "Cleanup", Time since last: 1001610525 ns, Reaching safepoint: 771368 ns, At safepoint: 42813 ns, Total: 814181 ns
[2020-08-12T14:56:25.813+0000][6][safepoint    ] Safepoint "Cleanup", Time since last: 1000262011 ns, Reaching safepoint: 668669 ns, At safepoint: 56212 ns, Total: 724881 ns
[2020-08-12T14:56:26.814+0000][6][safepoint    ] Safepoint "Cleanup", Time since last: 1000313374 ns, Reaching safepoint: 652232 ns, At safepoint: 47049 ns, Total: 699281 ns
[2020-08-12T14:56:27.950+0000][6][safepoint    ] Safepoint "Cleanup", Time since last: 1135585240 ns, Reaching safepoint: 713818 ns, At safepoint: 46050 ns, Total: 759868 ns
[2020-08-12T14:56:29.807+0000][6][safepoint    ] Safepoint "Cleanup", Time since last: 1855986477 ns, Reaching safepoint: 660519 ns, At safepoint: 56775 ns, Total: 717294 ns
[2020-08-12T14:56:30.808+0000][6][safepoint    ] Safepoint "Cleanup", Time since last: 1000355211 ns, Reaching safepoint: 803918 ns, At safepoint: 51612 ns, Total: 855530 ns
[2020-08-12T14:56:31.809+0000][6][safepoint    ] Safepoint "Cleanup", Time since last: 1000329411 ns, Reaching safepoint: 662769 ns, At safepoint: 50662 ns, Total: 713431 ns
[2020-08-12T14:56:32.810+0000][6][safepoint    ] Safepoint "Cleanup", Time since last: 1000340311 ns, Reaching safepoint: 632382 ns, At safepoint: 45800 ns, Total: 678182 ns
[2020-08-12T14:56:33.812+0000][6][safepoint    ] Safepoint "Cleanup", Time since last: 1000361073 ns, Reaching safepoint: 1039653 ns, At safepoint: 55912 ns, Total: 1095565 ns
[2020-08-12T14:56:34.813+0000][6][safepoint    ] Safepoint "Cleanup", Time since last: 1000369600 ns, Reaching safepoint: 383909 ns, At safepoint: 20412 ns, Total: 404321 ns
[2020-08-12T14:56:35.814+0000][6][safepoint    ] Safepoint "Cleanup", Time since last: 1000259301 ns, Reaching safepoint: 882080 ns, At safepoint: 43887 ns, Total: 925967 ns
[2020-08-12T14:56:36.815+0000][6][safepoint    ] Safepoint "Cleanup", Time since last: 1000345363 ns, Reaching safepoint: 1039903 ns, At safepoint: 30687 ns, Total: 1070590 ns
[2020-08-12T14:56:38.050+0000][6][safepoint    ] Safepoint "Cleanup", Time since last: 1234248693 ns, Reaching safepoint: 787768 ns, At safepoint: 56012 ns, Total: 843780 ns
[2020-08-12T14:56:39.811+0000][6][safepoint    ] Safepoint "Cleanup", Time since last: 1759750432 ns, Reaching safepoint: 579720 ns, At safepoint: 43987 ns, Total: 623707 ns
[2020-08-12T14:56:40.812+0000][6][safepoint    ] Safepoint "Cleanup", Time since last: 1000505724 ns, Reaching safepoint: 661706 ns, At safepoint: 51862 ns, Total: 713568 ns
[2020-08-12T14:56:41.813+0000][6][safepoint    ] Safepoint "Cleanup", Time since last: 1000366725 ns, Reaching safepoint: 811093 ns, At safepoint: 34300 ns, Total: 845393 ns
[2020-08-12T14:56:42.814+0000][6][safepoint    ] Safepoint "Cleanup", Time since last: 1000292375 ns, Reaching safepoint: 878742 ns, At safepoint: 43538 ns, Total: 922280 ns
[2020-08-12T14:56:44.811+0000][6][safepoint    ] Safepoint "Cleanup", Time since last: 1995545683 ns, Reaching safepoint: 784893 ns, At safepoint: 43037 ns, Total: 827930 ns
[2020-08-12T14:56:45.812+0000][6][safepoint    ] Safepoint "Cleanup", Time since last: 1000346863 ns, Reaching safepoint: 766780 ns, At safepoint: 43037 ns, Total: 809817 ns
[2020-08-12T14:56:46.813+0000][6][safepoint    ] Safepoint "Cleanup", Time since last: 1000367413 ns, Reaching safepoint: 876542 ns, At safepoint: 37687 ns, Total: 914229 ns
[2020-08-12T14:56:48.035+0000][6][safepoint    ] Safepoint "Cleanup", Time since last: 1220744238 ns, Reaching safepoint: 828092 ns, At safepoint: 43263 ns, Total: 871355 ns
[2020-08-12T14:56:49.815+0000][6][safepoint    ] Safepoint "Cleanup", Time since last: 1779281109 ns, Reaching safepoint: 767368 ns, At safepoint: 43299 ns, Total: 810667 ns
[2020-08-12T14:56:50.816+0000][6][safepoint    ] Safepoint "Cleanup", Time since last: 1000439700 ns, Reaching safepoint: 790668 ns, At safepoint: 70611 ns, Total: 861279 ns
[2020-08-12T14:56:51.817+0000][6][safepoint    ] Safepoint "Cleanup", Time since last: 1000294413 ns, Reaching safepoint: 663020 ns, At safepoint: 24962 ns, Total: 687982 ns
[2020-08-12T14:56:52.818+0000][6][safepoint    ] Safepoint "Cleanup", Time since last: 1000227439 ns, Reaching safepoint: 428108 ns, At safepoint: 28813 ns, Total: 456921 ns
[2020-08-12T14:56:53.819+0000][6][safepoint    ] Safepoint "Cleanup", Time since last: 1000344199 ns, Reaching safepoint: 603333 ns, At safepoint: 44549 ns, Total: 647882 ns
[2020-08-12T14:56:54.820+0000][6][safepoint    ] Safepoint "Cleanup", Time since last: 1000366613 ns, Reaching safepoint: 418671 ns, At safepoint: 20262 ns, Total: 438933 ns
[2020-08-12T14:56:55.821+0000][6][safepoint    ] Safepoint "Cleanup", Time since last: 1000262651 ns, Reaching safepoint: 846143 ns, At safepoint: 44124 ns, Total: 890267 ns
[2020-08-12T14:56:56.822+0000][6][safepoint    ] Safepoint "Cleanup", Time since last: 1000329913 ns, Reaching safepoint: 594170 ns, At safepoint: 28174 ns, Total: 622344 ns
[2020-08-12T14:56:57.998+0000][6][safepoint    ] Safepoint "Cleanup", Time since last: 1175952859 ns, Reaching safepoint: 719969 ns, At safepoint: 46700 ns, Total: 766669 ns
[2020-08-12T14:56:59.811+0000][6][safepoint    ] Safepoint "Cleanup", Time since last: 1812090206 ns, Reaching safepoint: 669432 ns, At safepoint: 33574 ns, Total: 703006 ns
[2020-08-12T14:57:00.812+0000][6][safepoint    ] Safepoint "Cleanup", Time since last: 1000313138 ns, Reaching safepoint: 778493 ns, At safepoint: 56474 ns, Total: 834967 ns
[2020-08-12T14:57:01.813+0000][6][safepoint    ] Safepoint "Cleanup", Time since last: 1000320676 ns, Reaching safepoint: 775693 ns, At safepoint: 38575 ns, Total: 814268 ns
[2020-08-12T14:57:02.815+0000][6][safepoint    ] Safepoint "Cleanup", Time since last: 1000288300 ns, Reaching safepoint: 839855 ns, At safepoint: 44925 ns, Total: 884780 ns
[2020-08-12T14:57:04.813+0000][6][safepoint    ] Safepoint "Cleanup", Time since last: 1998093623 ns, Reaching safepoint: 432471 ns, At safepoint: 15575 ns, Total: 448046 ns
[2020-08-12T14:57:05.814+0000][6][safepoint    ] Safepoint "Cleanup", Time since last: 1000187364 ns, Reaching safepoint: 431234 ns, At safepoint: 23237 ns, Total: 454471 ns
[2020-08-12T14:57:06.815+0000][6][safepoint    ] Safepoint "Cleanup", Time since last: 1000271538 ns, Reaching safepoint: 1276539 ns, At safepoint: 48712 ns, Total: 1325251 ns
[2020-08-12T14:57:07.968+0000][6][safepoint    ] Safepoint "Cleanup", Time since last: 1151590699 ns, Reaching safepoint: 778606 ns, At safepoint: 43875 ns, Total: 822481 ns
[2020-08-12T14:57:09.815+0000][6][safepoint    ] Safepoint "Cleanup", Time since last: 1846841498 ns, Reaching safepoint: 429947 ns, At safepoint: 20799 ns, Total: 450746 ns
[2020-08-12T14:57:10.816+0000][6][safepoint    ] Safepoint "Cleanup", Time since last: 1000264914 ns, Reaching safepoint: 703081 ns, At safepoint: 44074 ns, Total: 747155 ns
[2020-08-12T14:57:11.817+0000][6][safepoint    ] Safepoint "Cleanup", Time since last: 1000376275 ns, Reaching safepoint: 775531 ns, At safepoint: 51899 ns, Total: 827430 ns
[2020-08-12T14:57:12.818+0000][6][safepoint    ] Safepoint "Cleanup", Time since last: 1000267714 ns, Reaching safepoint: 334122 ns, At safepoint: 16712 ns, Total: 350834 ns
[2020-08-12T14:57:13.819+0000][6][safepoint    ] Safepoint "Cleanup", Time since last: 1000253751 ns, Reaching safepoint: 1245201 ns, At safepoint: 43013 ns, Total: 1288214 ns
[2020-08-12T14:57:14.825+0000][6][safepoint    ] Safepoint "Cleanup", Time since last: 1004250440 ns, Reaching safepoint: 872692 ns, At safepoint: 43412 ns, Total: 916104 ns
[2020-08-12T14:57:15.826+0000][6][safepoint    ] Safepoint "Cleanup", Time since last: 1000315688 ns, Reaching safepoint: 653120 ns, At safepoint: 33724 ns, Total: 686844 ns
[2020-08-12T14:57:16.827+0000][6][safepoint    ] Safepoint "Cleanup", Time since last: 1000252126 ns, Reaching safepoint: 635645 ns, At safepoint: 36787 ns, Total: 672432 ns
[2020-08-12T14:57:18.036+0000][6][safepoint    ] Safepoint "Cleanup", Time since last: 1208183098 ns, Reaching safepoint: 710882 ns, At safepoint: 44437 ns, Total: 755319 ns
[2020-08-12T14:57:19.814+0000][6][safepoint    ] Safepoint "Cleanup", Time since last: 1778231456 ns, Reaching safepoint: 615532 ns, At safepoint: 31899 ns, Total: 647431 ns
[2020-08-12T14:57:20.815+0000][6][safepoint    ] Safepoint "Cleanup", Time since last: 1000277838 ns, Reaching safepoint: 628970 ns, At safepoint: 43474 ns, Total: 672444 ns
[2020-08-12T14:57:21.816+0000][6][safepoint    ] Safepoint "Cleanup", Time since last: 1000305813 ns, Reaching safepoint: 650682 ns, At safepoint: 35312 ns, Total: 685994 ns
[2020-08-12T14:57:22.817+0000][6][safepoint    ] Safepoint "Cleanup", Time since last: 1000284776 ns, Reaching safepoint: 645307 ns, At safepoint: 92736 ns, Total: 738043 ns
[2020-08-12T14:57:23.818+0000][6][safepoint    ] Safepoint "Cleanup", Time since last: 1000338313 ns, Reaching safepoint: 607170 ns, At safepoint: 44449 ns, Total: 651619 ns
[2020-08-12T14:57:24.856+0000][6][safepoint    ] Safepoint "Cleanup", Time since last: 1036998639 ns, Reaching safepoint: 848392 ns, At safepoint: 43912 ns, Total: 892304 ns
[2020-08-12T14:57:25.857+0000][6][safepoint    ] Safepoint "Cleanup", Time since last: 1000348800 ns, Reaching safepoint: 681944 ns, At safepoint: 45587 ns, Total: 727531 ns
[2020-08-12T14:57:26.858+0000][6][safepoint    ] Safepoint "Cleanup", Time since last: 1000288613 ns, Reaching safepoint: 547858 ns, At safepoint: 27712 ns, Total: 575570 ns
[2020-08-12T14:57:28.017+0000][6][safepoint    ] Safepoint "Cleanup", Time since last: 1157601722 ns, Reaching safepoint: 693918 ns, At safepoint: 44175 ns, Total: 738093 ns
[2020-08-12T14:57:29.816+0000][6][safepoint    ] Safepoint "Cleanup", Time since last: 1799143896 ns, Reaching safepoint: 688906 ns, At safepoint: 53825 ns, Total: 742731 ns
[2020-08-12T14:57:30.818+0000][6][safepoint    ] Safepoint "Cleanup", Time since last: 1000349987 ns, Reaching safepoint: 872668 ns, At safepoint: 43449 ns, Total: 916117 ns
[2020-08-12T14:57:31.819+0000][6][safepoint    ] Safepoint "Cleanup", Time since last: 1000382387 ns, Reaching safepoint: 926517 ns, At safepoint: 49037 ns, Total: 975554 ns
[2020-08-12T14:57:32.820+0000][6][safepoint    ] Safepoint "Cleanup", Time since last: 1000297663 ns, Reaching safepoint: 377672 ns, At safepoint: 19450 ns, Total: 397122 ns
[2020-08-12T14:57:33.821+0000][6][safepoint    ] Safepoint "Cleanup", Time since last: 1000291188 ns, Reaching safepoint: 773493 ns, At safepoint: 43825 ns, Total: 817318 ns
[2020-08-12T14:57:34.821+0000][6][safepoint    ] Safepoint "Cleanup", Time since last: 1000411474 ns, Reaching safepoint: 248660 ns, At safepoint: 11225 ns, Total: 259885 ns
[2020-08-12T14:57:35.822+0000][6][safepoint    ] Safepoint "Cleanup", Time since last: 1000225614 ns, Reaching safepoint: 559807 ns, At safepoint: 44813 ns, Total: 604620 ns
[2020-08-12T14:57:36.823+0000][6][safepoint    ] Safepoint "Cleanup", Time since last: 1000297062 ns, Reaching safepoint: 584520 ns, At safepoint: 34600 ns, Total: 619120 ns
[2020-08-12T14:57:38.012+0000][6][safepoint    ] Safepoint "Cleanup", Time since last: 1188151664 ns, Reaching safepoint: 719493 ns, At safepoint: 57000 ns, Total: 776493 ns
[2020-08-12T14:57:39.817+0000][6][safepoint    ] Safepoint "Cleanup", Time since last: 1804189351 ns, Reaching safepoint: 552370 ns, At safepoint: 47262 ns, Total: 599632 ns
[2020-08-12T14:57:40.818+0000][6][safepoint    ] Safepoint "Cleanup", Time since last: 1000352112 ns, Reaching safepoint: 613970 ns, At safepoint: 45800 ns, Total: 659770 ns
[2020-08-12T14:57:41.820+0000][6][safepoint    ] Safepoint "Cleanup", Time since last: 1000446349 ns, Reaching safepoint: 1034791 ns, At safepoint: 63261 ns, Total: 1098052 ns
[2020-08-12T14:57:42.821+0000][6][safepoint    ] Safepoint "Cleanup", Time since last: 1000388388 ns, Reaching safepoint: 860967 ns, At safepoint: 64649 ns, Total: 925616 ns
[2020-08-12T14:57:44.817+0000][6][safepoint    ] Safepoint "Cleanup", Time since last: 1995547896 ns, Reaching safepoint: 448259 ns, At safepoint: 93249 ns, Total: 541508 ns
[2020-08-12T14:57:45.818+0000][6][safepoint    ] Safepoint "Cleanup", Time since last: 1000345262 ns, Reaching safepoint: 889293 ns, At safepoint: 43899 ns, Total: 933192 ns
[2020-08-12T14:57:46.819+0000][6][safepoint    ] Safepoint "Cleanup", Time since last: 1000279513 ns, Reaching safepoint: 704519 ns, At safepoint: 32412 ns, Total: 736931 ns
[2020-08-12T14:57:47.993+0000][6][safepoint    ] Safepoint "Cleanup", Time since last: 1172707475 ns, Reaching safepoint: 798781 ns, At safepoint: 43625 ns, Total: 842406 ns
[2020-08-12T14:57:49.816+0000][6][safepoint    ] Safepoint "Cleanup", Time since last: 1822487414 ns, Reaching safepoint: 853555 ns, At safepoint: 43887 ns, Total: 897442 ns
[2020-08-12T14:57:50.817+0000][6][safepoint    ] Safepoint "Cleanup", Time since last: 1000350137 ns, Reaching safepoint: 814730 ns, At safepoint: 43338 ns, Total: 858068 ns
[2020-08-12T14:57:51.818+0000][6][safepoint    ] Safepoint "Cleanup", Time since last: 1000300400 ns, Reaching safepoint: 611557 ns, At safepoint: 24887 ns, Total: 636444 ns
[2020-08-12T14:57:52.819+0000][6][safepoint    ] Safepoint "Cleanup", Time since last: 1000252839 ns, Reaching safepoint: 715044 ns, At safepoint: 54487 ns, Total: 769531 ns
[2020-08-12T14:57:53.821+0000][6][safepoint    ] Safepoint "Cleanup", Time since last: 1000376249 ns, Reaching safepoint: 784606 ns, At safepoint: 63549 ns, Total: 848155 ns
[2020-08-12T14:57:54.822+0000][6][safepoint    ] Safepoint "Cleanup", Time since last: 1000403925 ns, Reaching safepoint: 777468 ns, At safepoint: 43825 ns, Total: 821293 ns
[2020-08-12T14:57:55.823+0000][6][safepoint    ] Safepoint "Cleanup", Time since last: 1000397312 ns, Reaching safepoint: 820580 ns, At safepoint: 66150 ns, Total: 886730 ns
[2020-08-12T14:57:56.824+0000][6][safepoint    ] Safepoint "Cleanup", Time since last: 1000290887 ns, Reaching safepoint: 627570 ns, At safepoint: 31987 ns, Total: 659557 ns
[2020-08-12T14:57:58.033+0000][6][safepoint    ] Safepoint "Cleanup", Time since last: 1207852077 ns, Reaching safepoint: 661807 ns, At safepoint: 52999 ns, Total: 714806 ns
[2020-08-12T14:57:58.820+0000][6][safepoint    ] Safepoint "BulkRevokeBias", Time since last: 784906119 ns, Reaching safepoint: 507383 ns, At safepoint: 2361804 ns, Total: 2869187 ns
[2020-08-12T14:57:59.822+0000][6][safepoint    ] Safepoint "Cleanup", Time since last: 1000713284 ns, Reaching safepoint: 547108 ns, At safepoint: 30362 ns, Total: 577470 ns
[2020-08-12T14:58:00.823+0000][6][safepoint    ] Safepoint "Cleanup", Time since last: 1000332038 ns, Reaching safepoint: 1017278 ns, At safepoint: 55650 ns, Total: 1072928 ns
[2020-08-12T14:58:01.824+0000][6][safepoint    ] Safepoint "Cleanup", Time since last: 1000293288 ns, Reaching safepoint: 761255 ns, At safepoint: 75587 ns, Total: 836842 ns
[2020-08-12T14:58:02.825+0000][6][safepoint    ] Safepoint "Cleanup", Time since last: 1000354500 ns, Reaching safepoint: 900330 ns, At safepoint: 44062 ns, Total: 944392 ns
[2020-08-12T14:58:04.820+0000][6][safepoint    ] Safepoint "Cleanup", Time since last: 1993612463 ns, Reaching safepoint: 767593 ns, At safepoint: 89762 ns, Total: 857355 ns
[2020-08-12T14:58:05.822+0000][6][safepoint    ] Safepoint "Cleanup", Time since last: 1001062881 ns, Reaching safepoint: 948004 ns, At safepoint: 45049 ns, Total: 993053 ns
[2020-08-12T14:58:06.824+0000][6][safepoint    ] Safepoint "Cleanup", Time since last: 1000715747 ns, Reaching safepoint: 659794 ns, At safepoint: 158536 ns, Total: 818330 ns
[2020-08-12T14:58:07.059+0000][6][safepoint    ] Safepoint "BulkRevokeBias", Time since last: 234496363 ns, Reaching safepoint: 254023 ns, At safepoint: 820168 ns, Total: 1074191 ns
[2020-08-12T14:58:08.060+0000][6][safepoint    ] Safepoint "Cleanup", Time since last: 1000251288 ns, Reaching safepoint: 885843 ns, At safepoint: 44187 ns, Total: 930030 ns
[2020-08-12T14:58:09.820+0000][6][safepoint    ] Safepoint "Cleanup", Time since last: 1759510883 ns, Reaching safepoint: 469259 ns, At safepoint: 21300 ns, Total: 490559 ns
[2020-08-12T14:58:10.821+0000][6][safepoint    ] Safepoint "Cleanup", Time since last: 1000268888 ns, Reaching safepoint: 815730 ns, At safepoint: 43600 ns, Total: 859330 ns
[2020-08-12T14:58:11.822+0000][6][safepoint    ] Safepoint "Cleanup", Time since last: 1000292675 ns, Reaching safepoint: 645182 ns, At safepoint: 24887 ns, Total: 670069 ns
[2020-08-12T14:58:12.823+0000][6][safepoint    ] Safepoint "Cleanup", Time since last: 1000251551 ns, Reaching safepoint: 703669 ns, At safepoint: 45787 ns, Total: 749456 ns
[2020-08-12T14:58:13.825+0000][6][safepoint    ] Safepoint "Cleanup", Time since last: 1000454974 ns, Reaching safepoint: 1320751 ns, At safepoint: 39737 ns, Total: 1360488 ns
[2020-08-12T14:58:14.826+0000][6][safepoint    ] Safepoint "Cleanup", Time since last: 1000275888 ns, Reaching safepoint: 364435 ns, At safepoint: 18437 ns, Total: 382872 ns
[2020-08-12T14:58:15.827+0000][6][safepoint    ] Safepoint "Cleanup", Time since last: 1000268913 ns, Reaching safepoint: 411509 ns, At safepoint: 21887 ns, Total: 433396 ns
[2020-08-12T14:58:16.827+0000][6][safepoint    ] Safepoint "Cleanup", Time since last: 1000209964 ns, Reaching safepoint: 585857 ns, At safepoint: 29175 ns, Total: 615032 ns
[2020-08-12T14:58:17.997+0000][6][safepoint    ] Safepoint "Cleanup", Time since last: 1169201306 ns, Reaching safepoint: 820693 ns, At safepoint: 43775 ns, Total: 864468 ns
[2020-08-12T14:58:19.822+0000][6][safepoint    ] Safepoint "Cleanup", Time since last: 1823764465 ns, Reaching safepoint: 406384 ns, At safepoint: 20162 ns, Total: 426546 ns
[2020-08-12T14:58:20.823+0000][6][safepoint    ] Safepoint "Cleanup", Time since last: 1000308188 ns, Reaching safepoint: 773431 ns, At safepoint: 43912 ns, Total: 817343 ns
[2020-08-12T14:58:21.824+0000][6][safepoint    ] Safepoint "Cleanup", Time since last: 1000344700 ns, Reaching safepoint: 618695 ns, At safepoint: 25762 ns, Total: 644457 ns
[2020-08-12T14:58:22.825+0000][6][safepoint    ] Safepoint "Cleanup", Time since last: 1000327875 ns, Reaching safepoint: 771206 ns, At safepoint: 155774 ns, Total: 926980 ns
[2020-08-12T14:58:24.824+0000][6][safepoint    ] Safepoint "Cleanup", Time since last: 1997648539 ns, Reaching safepoint: 847467 ns, At safepoint: 44163 ns, Total: 891630 ns
[2020-08-12T14:58:25.825+0000][6][safepoint    ] Safepoint "Cleanup", Time since last: 1000441662 ns, Reaching safepoint: 741068 ns, At safepoint: 43450 ns, Total: 784518 ns
[2020-08-12T14:58:26.826+0000][6][safepoint    ] Safepoint "Cleanup", Time since last: 1000336874 ns, Reaching safepoint: 625507 ns, At safepoint: 32838 ns, Total: 658345 ns
[2020-08-12T14:58:27.997+0000][6][safepoint    ] Safepoint "Cleanup", Time since last: 1170778629 ns, Reaching safepoint: 388297 ns, At safepoint: 19575 ns, Total: 407872 ns
[2020-08-12T14:58:29.820+0000][6][safepoint    ] Safepoint "Cleanup", Time since last: 1822368577 ns, Reaching safepoint: 652120 ns, At safepoint: 46587 ns, Total: 698707 ns
[2020-08-12T14:58:30.821+0000][6][safepoint    ] Safepoint "Cleanup", Time since last: 1000376062 ns, Reaching safepoint: 724619 ns, At safepoint: 52837 ns, Total: 777456 ns
[2020-08-12T14:58:31.822+0000][6][safepoint    ] Safepoint "Cleanup", Time since last: 1000309875 ns, Reaching safepoint: 681532 ns, At safepoint: 28062 ns, Total: 709594 ns
[2020-08-12T14:58:32.823+0000][6][safepoint    ] Safepoint "Cleanup", Time since last: 1000269438 ns, Reaching safepoint: 624607 ns, At safepoint: 44000 ns, Total: 668607 ns
[2020-08-12T14:58:33.825+0000][6][safepoint    ] Safepoint "Cleanup", Time since last: 1000359912 ns, Reaching safepoint: 1357675 ns, At safepoint: 111687 ns, Total: 1469362 ns
[2020-08-12T14:58:34.826+0000][6][safepoint    ] Safepoint "Cleanup", Time since last: 1000349113 ns, Reaching safepoint: 859979 ns, At safepoint: 60412 ns, Total: 920391 ns
[2020-08-12T14:58:35.827+0000][6][safepoint    ] Safepoint "Cleanup", Time since last: 1000347950 ns, Reaching safepoint: 659545 ns, At safepoint: 44137 ns, Total: 703682 ns
[2020-08-12T14:58:36.828+0000][6][safepoint    ] Safepoint "Cleanup", Time since last: 1000294525 ns, Reaching safepoint: 585670 ns, At safepoint: 32487 ns, Total: 618157 ns
[2020-08-12T14:58:38.047+0000][6][safepoint    ] Safepoint "Cleanup", Time since last: 1218298072 ns, Reaching safepoint: 678707 ns, At safepoint: 44962 ns, Total: 723669 ns
[2020-08-12T14:58:39.823+0000][6][safepoint    ] Safepoint "Cleanup", Time since last: 1775698328 ns, Reaching safepoint: 472721 ns, At safepoint: 25074 ns, Total: 497795 ns
[2020-08-12T14:58:40.824+0000][6][safepoint    ] Safepoint "Cleanup", Time since last: 1000257739 ns, Reaching safepoint: 548882 ns, At safepoint: 31738 ns, Total: 580620 ns
[2020-08-12T14:58:41.825+0000][6][safepoint    ] Safepoint "Cleanup", Time since last: 1000237688 ns, Reaching safepoint: 607620 ns, At safepoint: 26437 ns, Total: 634057 ns
[2020-08-12T14:58:42.826+0000][6][safepoint    ] Safepoint "Cleanup", Time since last: 1000222426 ns, Reaching safepoint: 470709 ns, At safepoint: 27737 ns, Total: 498446 ns
[2020-08-12T14:58:43.826+0000][6][safepoint    ] Safepoint "Cleanup", Time since last: 1000097240 ns, Reaching safepoint: 319884 ns, At safepoint: 10700 ns, Total: 330584 ns
[2020-08-12T14:58:44.827+0000][6][safepoint    ] Safepoint "Cleanup", Time since last: 1000283063 ns, Reaching safepoint: 505408 ns, At safepoint: 24500 ns, Total: 529908 ns
[2020-08-12T14:58:45.828+0000][6][safepoint    ] Safepoint "Cleanup", Time since last: 1000252326 ns, Reaching safepoint: 490483 ns, At safepoint: 137187 ns, Total: 627670 ns
[2020-08-12T14:58:46.830+0000][6][safepoint    ] Safepoint "Cleanup", Time since last: 1001113318 ns, Reaching safepoint: 533045 ns, At safepoint: 28262 ns, Total: 561307 ns
[2020-08-12T14:58:48.012+0000][6][safepoint    ] Safepoint "Cleanup", Time since last: 1181661734 ns, Reaching safepoint: 871579 ns, At safepoint: 61012 ns, Total: 932591 ns
[2020-08-12T14:58:49.826+0000][6][safepoint    ] Safepoint "Cleanup", Time since last: 1812621689 ns, Reaching safepoint: 631707 ns, At safepoint: 43450 ns, Total: 675157 ns
[2020-08-12T14:58:50.827+0000][6][safepoint    ] Safepoint "Cleanup", Time since last: 1000443636 ns, Reaching safepoint: 584108 ns, At safepoint: 52024 ns, Total: 636132 ns
[2020-08-12T14:58:51.828+0000][6][safepoint    ] Safepoint "Cleanup", Time since last: 1000292201 ns, Reaching safepoint: 1158277 ns, At safepoint: 28025 ns, Total: 1186302 ns
[2020-08-12T14:58:52.829+0000][6][safepoint    ] Safepoint "Cleanup", Time since last: 1000254463 ns, Reaching safepoint: 642420 ns, At safepoint: 54549 ns, Total: 696969 ns
[2020-08-12T14:58:53.830+0000][6][safepoint    ] Safepoint "Cleanup", Time since last: 1000384575 ns, Reaching safepoint: 569170 ns, At safepoint: 44737 ns, Total: 613907 ns
[2020-08-12T14:58:54.831+0000][6][safepoint    ] Safepoint "Cleanup", Time since last: 1000348375 ns, Reaching safepoint: 714644 ns, At safepoint: 44362 ns, Total: 759006 ns
[2020-08-12T14:58:55.832+0000][6][safepoint    ] Safepoint "Cleanup", Time since last: 1000345125 ns, Reaching safepoint: 819130 ns, At safepoint: 43775 ns, Total: 862905 ns
[2020-08-12T14:58:56.834+0000][6][safepoint    ] Safepoint "Cleanup", Time since last: 1000309675 ns, Reaching safepoint: 849705 ns, At safepoint: 42325 ns, Total: 892030 ns
[2020-08-12T14:58:58.007+0000][6][safepoint    ] Safepoint "Cleanup", Time since last: 1172110905 ns, Reaching safepoint: 896317 ns, At safepoint: 43787 ns, Total: 940104 ns
[2020-08-12T14:58:58.823+0000][6][safepoint    ] Safepoint "BulkRevokeBias", Time since last: 814644231 ns, Reaching safepoint: 347247 ns, At safepoint: 1080740 ns, Total: 1427987 ns
[2020-08-12T14:58:59.824+0000][6][safepoint    ] Safepoint "Cleanup", Time since last: 1000849621 ns, Reaching safepoint: 567032 ns, At safepoint: 57212 ns, Total: 624244 ns
[2020-08-12T14:59:00.825+0000][6][safepoint    ] Safepoint "Cleanup", Time since last: 1000336451 ns, Reaching safepoint: 605507 ns, At safepoint: 37762 ns, Total: 643269 ns
[2020-08-12T14:59:01.826+0000][6][safepoint    ] Safepoint "Cleanup", Time since last: 1000322337 ns, Reaching safepoint: 802743 ns, At safepoint: 63662 ns, Total: 866405 ns
[2020-08-12T14:59:02.827+0000][6][safepoint    ] Safepoint "Cleanup", Time since last: 1000330813 ns, Reaching safepoint: 691532 ns, At safepoint: 54187 ns, Total: 745719 ns
[2020-08-12T14:59:04.827+0000][6][safepoint    ] Safepoint "Cleanup", Time since last: 1998957290 ns, Reaching safepoint: 603595 ns, At safepoint: 47399 ns, Total: 650994 ns
[2020-08-12T14:59:05.828+0000][6][safepoint    ] Safepoint "Cleanup", Time since last: 1000359750 ns, Reaching safepoint: 633207 ns, At safepoint: 45250 ns, Total: 678457 ns
[2020-08-12T14:59:06.829+0000][6][safepoint    ] Safepoint "Cleanup", Time since last: 1000293963 ns, Reaching safepoint: 623082 ns, At safepoint: 33949 ns, Total: 657031 ns
[2020-08-12T14:59:07.992+0000][6][safepoint    ] Safepoint "Cleanup", Time since last: 1162345992 ns, Reaching safepoint: 654994 ns, At safepoint: 47062 ns, Total: 702056 ns
[2020-08-12T14:59:09.829+0000][6][safepoint    ] Safepoint "Cleanup", Time since last: 1836141381 ns, Reaching safepoint: 582033 ns, At safepoint: 45799 ns, Total: 627832 ns
[2020-08-12T14:59:10.830+0000][6][safepoint    ] Safepoint "Cleanup", Time since last: 1000398925 ns, Reaching safepoint: 764193 ns, At safepoint: 44900 ns, Total: 809093 ns
[2020-08-12T14:59:11.831+0000][6][safepoint    ] Safepoint "Cleanup", Time since last: 1000344562 ns, Reaching safepoint: 708819 ns, At safepoint: 58162 ns, Total: 766981 ns
[2020-08-12T14:59:12.832+0000][6][safepoint    ] Safepoint "Cleanup", Time since last: 1000349225 ns, Reaching safepoint: 652594 ns, At safepoint: 45875 ns, Total: 698469 ns
[2020-08-12T14:59:13.834+0000][6][safepoint    ] Safepoint "Cleanup", Time since last: 1000563485 ns, Reaching safepoint: 1087953 ns, At safepoint: 89924 ns, Total: 1177877 ns
[2020-08-12T14:59:15.351+0000][6][safepoint    ] Safepoint "Cleanup", Time since last: 1516524934 ns, Reaching safepoint: 630769 ns, At safepoint: 43863 ns, Total: 674632 ns
[2020-08-12T14:59:16.352+0000][6][safepoint    ] Safepoint "Cleanup", Time since last: 1000333787 ns, Reaching safepoint: 564158 ns, At safepoint: 54487 ns, Total: 618645 ns
[2020-08-12T14:59:18.020+0000][6][safepoint    ] Safepoint "Cleanup", Time since last: 1666897190 ns, Reaching safepoint: 586320 ns, At safepoint: 46275 ns, Total: 632595 ns
[2020-08-12T14:59:19.827+0000][6][safepoint    ] Safepoint "Cleanup", Time since last: 1807424685 ns, Reaching safepoint: 388871 ns, At safepoint: 19138 ns, Total: 408009 ns
[2020-08-12T14:59:20.828+0000][6][safepoint    ] Safepoint "Cleanup", Time since last: 1000258125 ns, Reaching safepoint: 678282 ns, At safepoint: 45025 ns, Total: 723307 ns
[2020-08-12T14:59:21.829+0000][6][safepoint    ] Safepoint "Cleanup", Time since last: 1000342900 ns, Reaching safepoint: 572982 ns, At safepoint: 25675 ns, Total: 598657 ns
[2020-08-12T14:59:22.830+0000][6][safepoint    ] Safepoint "Cleanup", Time since last: 1000261226 ns, Reaching safepoint: 700581 ns, At safepoint: 93812 ns, Total: 794393 ns
[2020-08-12T14:59:24.829+0000][6][safepoint    ] Safepoint "Cleanup", Time since last: 1997572003 ns, Reaching safepoint: 602119 ns, At safepoint: 44787 ns, Total: 646906 ns
[2020-08-12T14:59:25.830+0000][6][safepoint    ] Safepoint "Cleanup", Time since last: 1000357388 ns, Reaching safepoint: 557307 ns, At safepoint: 43812 ns, Total: 601119 ns
[2020-08-12T14:59:26.831+0000][6][safepoint    ] Safepoint "Cleanup", Time since last: 1000413575 ns, Reaching safepoint: 605019 ns, At safepoint: 42550 ns, Total: 647569 ns
[2020-08-12T14:59:27.178+0000][6][gc,start     ] GC(24) Pause Young (Normal) (G1 Evacuation Pause)
[2020-08-12T14:59:27.178+0000][6][gc,task      ] GC(24) Using 2 workers of 2 for evacuation
[2020-08-12T14:59:27.178+0000][6][gc,age       ] GC(24) Desired survivor size 40370176 bytes, new threshold 15 (max threshold 15)
[2020-08-12T14:59:27.190+0000][6][gc,age       ] GC(24) Age table with threshold 15 (max threshold 15)
[2020-08-12T14:59:27.190+0000][6][gc,age       ] GC(24) - age   1:     301192 bytes,     301192 total
[2020-08-12T14:59:27.190+0000][6][gc,age       ] GC(24) - age   2:      61016 bytes,     362208 total
[2020-08-12T14:59:27.190+0000][6][gc,age       ] GC(24) - age   3:      65024 bytes,     427232 total
[2020-08-12T14:59:27.190+0000][6][gc,age       ] GC(24) - age   4:     362336 bytes,     789568 total
[2020-08-12T14:59:27.190+0000][6][gc,age       ] GC(24) - age   5:     205648 bytes,     995216 total
[2020-08-12T14:59:27.190+0000][6][gc,phases    ] GC(24)   Pre Evacuate Collection Set: 0.3ms
[2020-08-12T14:59:27.190+0000][6][gc,phases    ] GC(24)   Merge Heap Roots: 0.3ms
[2020-08-12T14:59:27.190+0000][6][gc,phases    ] GC(24)   Evacuate Collection Set: 7.5ms
[2020-08-12T14:59:27.190+0000][6][gc,phases    ] GC(24)   Post Evacuate Collection Set: 3.4ms
[2020-08-12T14:59:27.190+0000][6][gc,phases    ] GC(24)   Other: 0.9ms
[2020-08-12T14:59:27.190+0000][6][gc,heap      ] GC(24) Eden regions: 613->0(612)
[2020-08-12T14:59:27.190+0000][6][gc,heap      ] GC(24) Survivor regions: 1->2(77)
[2020-08-12T14:59:27.190+0000][6][gc,heap      ] GC(24) Old regions: 77->77
[2020-08-12T14:59:27.191+0000][6][gc,heap      ] GC(24) Archive regions: 2->2
[2020-08-12T14:59:27.191+0000][6][gc,heap      ] GC(24) Humongous regions: 7->7
[2020-08-12T14:59:27.191+0000][6][gc,metaspace ] GC(24) Metaspace: 95973K(103480K)->95973K(103480K) NonClass: 83446K(87864K)->83446K(87864K) Class: 12527K(15616K)->12527K(15616K)
[2020-08-12T14:59:27.191+0000][6][gc           ] GC(24) Pause Young (Normal) (G1 Evacuation Pause) 697M->85M(1024M) 12.809ms
[2020-08-12T14:59:27.191+0000][6][gc,cpu       ] GC(24) User=0.02s Sys=0.00s Real=0.01s
[2020-08-12T14:59:27.191+0000][6][safepoint    ] Safepoint "G1CollectForAllocation", Time since last: 346771707 ns, Reaching safepoint: 354272 ns, At safepoint: 13232933 ns, Total: 13587205 ns
[2020-08-12T14:59:28.192+0000][6][safepoint    ] Safepoint "Cleanup", Time since last: 1000227089 ns, Reaching safepoint: 888904 ns, At safepoint: 56550 ns, Total: 945454 ns
[2020-08-12T14:59:29.827+0000][6][safepoint    ] Safepoint "Cleanup", Time since last: 1634103743 ns, Reaching safepoint: 528745 ns, At safepoint: 117487 ns, Total: 646232 ns
[2020-08-12T14:59:30.828+0000][6][safepoint    ] Safepoint "Cleanup", Time since last: 1000358762 ns, Reaching safepoint: 561620 ns, At safepoint: 116374 ns, Total: 677994 ns
[2020-08-12T14:59:31.829+0000][6][safepoint    ] Safepoint "Cleanup", Time since last: 1000340150 ns, Reaching safepoint: 749281 ns, At safepoint: 67312 ns, Total: 816593 ns
[2020-08-12T14:59:32.830+0000][6][safepoint    ] Safepoint "Cleanup", Time since last: 1000323938 ns, Reaching safepoint: 544933 ns, At safepoint: 43637 ns, Total: 588570 ns
[2020-08-12T14:59:33.831+0000][6][safepoint    ] Safepoint "Cleanup", Time since last: 1000407537 ns, Reaching safepoint: 712068 ns, At safepoint: 61487 ns, Total: 773555 ns
[2020-08-12T14:59:34.832+0000][6][safepoint    ] Safepoint "Cleanup", Time since last: 1000299951 ns, Reaching safepoint: 379746 ns, At safepoint: 18663 ns, Total: 398409 ns
[2020-08-12T14:59:35.832+0000][6][safepoint    ] Safepoint "Cleanup", Time since last: 1000199488 ns, Reaching safepoint: 339047 ns, At safepoint: 17138 ns, Total: 356185 ns
[2020-08-12T14:59:36.834+0000][6][safepoint    ] Safepoint "Cleanup", Time since last: 1000226489 ns, Reaching safepoint: 825030 ns, At safepoint: 40812 ns, Total: 865842 ns
[2020-08-12T14:59:38.058+0000][6][safepoint    ] Safepoint "Cleanup", Time since last: 1223907322 ns, Reaching safepoint: 625632 ns, At safepoint: 43825 ns, Total: 669457 ns
[2020-08-12T14:59:39.829+0000][6][safepoint    ] Safepoint "Cleanup", Time since last: 1770399225 ns, Reaching safepoint: 644856 ns, At safepoint: 46162 ns, Total: 691018 ns
[2020-08-12T14:59:40.830+0000][6][safepoint    ] Safepoint "Cleanup", Time since last: 1000350963 ns, Reaching safepoint: 678407 ns, At safepoint: 53637 ns, Total: 732044 ns
[2020-08-12T14:59:41.831+0000][6][safepoint    ] Safepoint "Cleanup", Time since last: 1000295225 ns, Reaching safepoint: 628132 ns, At safepoint: 30350 ns, Total: 658482 ns
[2020-08-12T14:59:42.832+0000][6][safepoint    ] Safepoint "Cleanup", Time since last: 1000235138 ns, Reaching safepoint: 638807 ns, At safepoint: 57700 ns, Total: 696507 ns
[2020-08-12T14:59:44.546+0000][6][safepoint    ] Safepoint "BulkRevokeBias", Time since last: 1710004571 ns, Reaching safepoint: 436609 ns, At safepoint: 2877250 ns, Total: 3313859 ns
[2020-08-12T14:59:45.560+0000][6][safepoint    ] Safepoint "Cleanup", Time since last: 1013425334 ns, Reaching safepoint: 793031 ns, At safepoint: 46287 ns, Total: 839318 ns
[2020-08-12T14:59:46.561+0000][6][safepoint    ] Safepoint "Cleanup", Time since last: 1000402174 ns, Reaching safepoint: 877392 ns, At safepoint: 299398 ns, Total: 1176790 ns
[2020-08-12T14:59:48.011+0000][6][safepoint    ] Safepoint "Cleanup", Time since last: 1448580172 ns, Reaching safepoint: 786255 ns, At safepoint: 43600 ns, Total: 829855 ns
[2020-08-12T14:59:49.829+0000][6][safepoint    ] Safepoint "Cleanup", Time since last: 1818161440 ns, Reaching safepoint: 424596 ns, At safepoint: 22075 ns, Total: 446671 ns
[2020-08-12T14:59:50.831+0000][6][safepoint    ] Safepoint "Cleanup", Time since last: 1000271238 ns, Reaching safepoint: 867455 ns, At safepoint: 43812 ns, Total: 911267 ns
[2020-08-12T14:59:51.832+0000][6][safepoint    ] Safepoint "Cleanup", Time since last: 1000320875 ns, Reaching safepoint: 684857 ns, At safepoint: 28675 ns, Total: 713532 ns
[2020-08-12T14:59:52.833+0000][6][safepoint    ] Safepoint "Cleanup", Time since last: 1000318587 ns, Reaching safepoint: 771431 ns, At safepoint: 44112 ns, Total: 815543 ns
[2020-08-12T14:59:53.837+0000][6][safepoint    ] Safepoint "Cleanup", Time since last: 1000438599 ns, Reaching safepoint: 3359971 ns, At safepoint: 138236 ns, Total: 3498207 ns
[2020-08-12T14:59:54.838+0000][6][safepoint    ] Safepoint "Cleanup", Time since last: 1000968607 ns, Reaching safepoint: 517271 ns, At safepoint: 28899 ns, Total: 546170 ns
[2020-08-12T14:59:55.839+0000][6][safepoint    ] Safepoint "Cleanup", Time since last: 1000278076 ns, Reaching safepoint: 632844 ns, At safepoint: 44000 ns, Total: 676844 ns
[2020-08-12T14:59:56.840+0000][6][safepoint    ] Safepoint "Cleanup", Time since last: 1000299125 ns, Reaching safepoint: 651832 ns, At safepoint: 37175 ns, Total: 689007 ns
[2020-08-12T14:59:57.070+0000][6][safepoint    ] Safepoint "BulkRevokeBias", Time since last: 227281826 ns, Reaching safepoint: 1282989 ns, At safepoint: 1228602 ns, Total: 2511591 ns
[2020-08-12T14:59:58.071+0000][6][safepoint    ] Safepoint "Cleanup", Time since last: 1000258363 ns, Reaching safepoint: 755768 ns, At safepoint: 46362 ns, Total: 802130 ns
[2020-08-12T14:59:59.831+0000][6][safepoint    ] Safepoint "Cleanup", Time since last: 1759018939 ns, Reaching safepoint: 687119 ns, At safepoint: 56462 ns, Total: 743581 ns
[2020-08-12T15:00:00.832+0000][6][safepoint    ] Safepoint "Cleanup", Time since last: 1000404449 ns, Reaching safepoint: 840905 ns, At safepoint: 66162 ns, Total: 907067 ns
[2020-08-12T15:00:01.833+0000][6][safepoint    ] Safepoint "Cleanup", Time since last: 1000343738 ns, Reaching safepoint: 757293 ns, At safepoint: 57212 ns, Total: 814505 ns
[2020-08-12T15:00:02.834+0000][6][safepoint    ] Safepoint "Cleanup", Time since last: 1000325863 ns, Reaching safepoint: 657294 ns, At safepoint: 44050 ns, Total: 701344 ns
[2020-08-12T15:00:03.838+0000][6][safepoint    ] Safepoint "Cleanup", Time since last: 1001478440 ns, Reaching safepoint: 1698897 ns, At safepoint: 860242 ns, Total: 2559139 ns
[2020-08-12T15:00:04.840+0000][6][safepoint    ] Safepoint "Cleanup", Time since last: 1000929533 ns, Reaching safepoint: 833268 ns, At safepoint: 43974 ns, Total: 877242 ns
[2020-08-12T15:00:05.841+0000][6][safepoint    ] Safepoint "Cleanup", Time since last: 1000347688 ns, Reaching safepoint: 765530 ns, At safepoint: 45362 ns, Total: 810892 ns
[2020-08-12T15:00:06.842+0000][6][safepoint    ] Safepoint "Cleanup", Time since last: 1000313526 ns, Reaching safepoint: 700356 ns, At safepoint: 50200 ns, Total: 750556 ns
[2020-08-12T15:00:08.034+0000][6][safepoint    ] Safepoint "Cleanup", Time since last: 1190688641 ns, Reaching safepoint: 782843 ns, At safepoint: 43737 ns, Total: 826580 ns
[2020-08-12T15:00:09.834+0000][6][safepoint    ] Safepoint "Cleanup", Time since last: 1799015709 ns, Reaching safepoint: 795106 ns, At safepoint: 72924 ns, Total: 868030 ns
[2020-08-12T15:00:10.835+0000][6][safepoint    ] Safepoint "Cleanup", Time since last: 1000418812 ns, Reaching safepoint: 870267 ns, At safepoint: 70812 ns, Total: 941079 ns
[2020-08-12T15:00:11.836+0000][6][safepoint    ] Safepoint "Cleanup", Time since last: 1000328000 ns, Reaching safepoint: 621770 ns, At safepoint: 44737 ns, Total: 666507 ns
[2020-08-12T15:00:12.837+0000][6][safepoint    ] Safepoint "Cleanup", Time since last: 1000305338 ns, Reaching safepoint: 853167 ns, At safepoint: 43575 ns, Total: 896742 ns
[2020-08-12T15:00:13.839+0000][6][safepoint    ] Safepoint "Cleanup", Time since last: 1000436124 ns, Reaching safepoint: 1117778 ns, At safepoint: 140149 ns, Total: 1257927 ns
[2020-08-12T15:00:15.613+0000][6][safepoint    ] Safepoint "Cleanup", Time since last: 1772790566 ns, Reaching safepoint: 850455 ns, At safepoint: 43887 ns, Total: 894342 ns
[2020-08-12T15:00:16.614+0000][6][safepoint    ] Safepoint "Cleanup", Time since last: 1000346425 ns, Reaching safepoint: 743981 ns, At safepoint: 44162 ns, Total: 788143 ns
[2020-08-12T15:00:18.023+0000][6][safepoint    ] Safepoint "Cleanup", Time since last: 1408601038 ns, Reaching safepoint: 826168 ns, At safepoint: 65437 ns, Total: 891605 ns
[2020-08-12T15:00:19.835+0000][6][safepoint    ] Safepoint "Cleanup", Time since last: 1810971754 ns, Reaching safepoint: 345759 ns, At safepoint: 19588 ns, Total: 365347 ns
[2020-08-12T15:00:20.836+0000][6][safepoint    ] Safepoint "Cleanup", Time since last: 1000319000 ns, Reaching safepoint: 559957 ns, At safepoint: 43687 ns, Total: 603644 ns
[2020-08-12T15:00:21.837+0000][6][safepoint    ] Safepoint "Cleanup", Time since last: 1000440187 ns, Reaching safepoint: 1038203 ns, At safepoint: 65262 ns, Total: 1103465 ns
[2020-08-12T15:00:22.838+0000][6][safepoint    ] Safepoint "Cleanup", Time since last: 1000337313 ns, Reaching safepoint: 621557 ns, At safepoint: 33325 ns, Total: 654882 ns
[2020-08-12T15:00:24.836+0000][6][safepoint    ] Safepoint "Cleanup", Time since last: 1997701201 ns, Reaching safepoint: 603595 ns, At safepoint: 25837 ns, Total: 629432 ns
[2020-08-12T15:00:25.837+0000][6][safepoint    ] Safepoint "Cleanup", Time since last: 1000248251 ns, Reaching safepoint: 713056 ns, At safepoint: 44562 ns, Total: 757618 ns
[2020-08-12T15:00:26.839+0000][6][safepoint    ] Safepoint "Cleanup", Time since last: 1000301151 ns, Reaching safepoint: 828792 ns, At safepoint: 38450 ns, Total: 867242 ns
[2020-08-12T15:00:28.082+0000][6][safepoint    ] Safepoint "Cleanup", Time since last: 1242401646 ns, Reaching safepoint: 570708 ns, At safepoint: 44587 ns, Total: 615295 ns
[2020-08-12T15:00:29.833+0000][6][safepoint    ] Safepoint "Cleanup", Time since last: 1750686299 ns, Reaching safepoint: 444246 ns, At safepoint: 44300 ns, Total: 488546 ns
[2020-08-12T15:00:30.834+0000][6][safepoint    ] Safepoint "Cleanup", Time since last: 1000408837 ns, Reaching safepoint: 562157 ns, At safepoint: 45263 ns, Total: 607420 ns
[2020-08-12T15:00:31.835+0000][6][safepoint    ] Safepoint "Cleanup", Time since last: 1000396911 ns, Reaching safepoint: 876168 ns, At safepoint: 63399 ns, Total: 939567 ns
[2020-08-12T15:00:32.836+0000][6][safepoint    ] Safepoint "Cleanup", Time since last: 1000328901 ns, Reaching safepoint: 624407 ns, At safepoint: 44687 ns, Total: 669094 ns
[2020-08-12T15:00:33.838+0000][6][safepoint    ] Safepoint "Cleanup", Time since last: 1000417599 ns, Reaching safepoint: 1284039 ns, At safepoint: 110461 ns, Total: 1394500 ns
[2020-08-12T15:00:34.839+0000][6][safepoint    ] Safepoint "Cleanup", Time since last: 1000316388 ns, Reaching safepoint: 511933 ns, At safepoint: 27475 ns, Total: 539408 ns
[2020-08-12T15:00:35.840+0000][6][safepoint    ] Safepoint "Cleanup", Time since last: 1000311025 ns, Reaching safepoint: 747331 ns, At safepoint: 86699 ns, Total: 834030 ns
[2020-08-12T15:00:36.841+0000][6][safepoint    ] Safepoint "Cleanup", Time since last: 1000307313 ns, Reaching safepoint: 850330 ns, At safepoint: 41362 ns, Total: 891692 ns
[2020-08-12T15:00:38.082+0000][6][safepoint    ] Safepoint "Cleanup", Time since last: 1240523176 ns, Reaching safepoint: 726218 ns, At safepoint: 54187 ns, Total: 780405 ns
[2020-08-12T15:00:39.836+0000][6][safepoint    ] Safepoint "Cleanup", Time since last: 1753552074 ns, Reaching safepoint: 446596 ns, At safepoint: 43600 ns, Total: 490196 ns
[2020-08-12T15:00:40.838+0000][6][safepoint    ] Safepoint "Cleanup", Time since last: 1000350999 ns, Reaching safepoint: 811431 ns, At safepoint: 43137 ns, Total: 854568 ns
[2020-08-12T15:00:41.839+0000][6][safepoint    ] Safepoint "Cleanup", Time since last: 1000355300 ns, Reaching safepoint: 660157 ns, At safepoint: 39962 ns, Total: 700119 ns
[2020-08-12T15:00:42.840+0000][6][safepoint    ] Safepoint "Cleanup", Time since last: 1000314513 ns, Reaching safepoint: 748206 ns, At safepoint: 43537 ns, Total: 791743 ns
[2020-08-12T15:00:44.666+0000][6][safepoint    ] Safepoint "Cleanup", Time since last: 1825369726 ns, Reaching safepoint: 559532 ns, At safepoint: 27163 ns, Total: 586695 ns
[2020-08-12T15:00:45.670+0000][6][safepoint    ] Safepoint "Cleanup", Time since last: 1003688283 ns, Reaching safepoint: 495708 ns, At safepoint: 25137 ns, Total: 520845 ns
[2020-08-12T15:00:46.671+0000][6][safepoint    ] Safepoint "Cleanup", Time since last: 1000275363 ns, Reaching safepoint: 842743 ns, At safepoint: 65362 ns, Total: 908105 ns
[2020-08-12T15:00:48.038+0000][6][safepoint    ] Safepoint "Cleanup", Time since last: 1366033777 ns, Reaching safepoint: 949942 ns, At safepoint: 44212 ns, Total: 994154 ns
[2020-08-12T15:00:49.839+0000][6][safepoint    ] Safepoint "Cleanup", Time since last: 1800717856 ns, Reaching safepoint: 379147 ns, At safepoint: 55412 ns, Total: 434559 ns
[2020-08-12T15:00:50.840+0000][6][safepoint    ] Safepoint "Cleanup", Time since last: 1000373300 ns, Reaching safepoint: 589345 ns, At safepoint: 51274 ns, Total: 640619 ns
[2020-08-12T15:00:51.841+0000][6][safepoint    ] Safepoint "Cleanup", Time since last: 1000309451 ns, Reaching safepoint: 692706 ns, At safepoint: 31762 ns, Total: 724468 ns
[2020-08-12T15:00:52.842+0000][6][safepoint    ] Safepoint "Cleanup", Time since last: 1000250364 ns, Reaching safepoint: 705669 ns, At safepoint: 35937 ns, Total: 741606 ns
[2020-08-12T15:00:53.845+0000][6][safepoint    ] Safepoint "Cleanup", Time since last: 1001980335 ns, Reaching safepoint: 707631 ns, At safepoint: 66787 ns, Total: 774418 ns
[2020-08-12T15:00:54.846+0000][6][safepoint    ] Safepoint "Cleanup", Time since last: 1000328563 ns, Reaching safepoint: 480708 ns, At safepoint: 58275 ns, Total: 538983 ns
[2020-08-12T15:00:55.847+0000][6][safepoint    ] Safepoint "Cleanup", Time since last: 1000350262 ns, Reaching safepoint: 613370 ns, At safepoint: 46237 ns, Total: 659607 ns
[2020-08-12T15:00:56.848+0000][6][safepoint    ] Safepoint "Cleanup", Time since last: 1000305875 ns, Reaching safepoint: 737519 ns, At safepoint: 40050 ns, Total: 777569 ns
[2020-08-12T15:00:58.099+0000][6][safepoint    ] Safepoint "Cleanup", Time since last: 1250308851 ns, Reaching safepoint: 903629 ns, At safepoint: 43850 ns, Total: 947479 ns
[2020-08-12T15:00:59.836+0000][6][safepoint    ] Safepoint "Cleanup", Time since last: 1736460288 ns, Reaching safepoint: 391021 ns, At safepoint: 17388 ns, Total: 408409 ns
[2020-08-12T15:01:00.837+0000][6][safepoint    ] Safepoint "Cleanup", Time since last: 1000242813 ns, Reaching safepoint: 771118 ns, At safepoint: 45875 ns, Total: 816993 ns
[2020-08-12T15:01:01.847+0000][6][safepoint    ] Safepoint "Cleanup", Time since last: 1008170255 ns, Reaching safepoint: 1338714 ns, At safepoint: 30612 ns, Total: 1369326 ns
[2020-08-12T15:01:02.848+0000][6][safepoint    ] Safepoint "Cleanup", Time since last: 1000278738 ns, Reaching safepoint: 520720 ns, At safepoint: 27725 ns, Total: 548445 ns
[2020-08-12T15:01:04.841+0000][6][safepoint    ] Safepoint "Cleanup", Time since last: 1992977319 ns, Reaching safepoint: 431383 ns, At safepoint: 58500 ns, Total: 489883 ns
[2020-08-12T15:01:05.842+0000][6][safepoint    ] Safepoint "Cleanup", Time since last: 1000261688 ns, Reaching safepoint: 906192 ns, At safepoint: 44800 ns, Total: 950992 ns
[2020-08-12T15:01:06.844+0000][6][safepoint    ] Safepoint "Cleanup", Time since last: 1000306875 ns, Reaching safepoint: 994191 ns, At safepoint: 39712 ns, Total: 1033903 ns
[2020-08-12T15:01:08.101+0000][6][safepoint    ] Safepoint "Cleanup", Time since last: 1256764307 ns, Reaching safepoint: 925092 ns, At safepoint: 43812 ns, Total: 968904 ns
[2020-08-12T15:01:09.841+0000][6][safepoint    ] Safepoint "Cleanup", Time since last: 1738741280 ns, Reaching safepoint: 578657 ns, At safepoint: 30075 ns, Total: 608732 ns
[2020-08-12T15:01:10.842+0000][6][safepoint    ] Safepoint "Cleanup", Time since last: 1000335113 ns, Reaching safepoint: 743881 ns, At safepoint: 149773 ns, Total: 893654 ns
[2020-08-12T15:01:11.843+0000][6][safepoint    ] Safepoint "Cleanup", Time since last: 1000318163 ns, Reaching safepoint: 717194 ns, At safepoint: 34449 ns, Total: 751643 ns
[2020-08-12T15:01:12.844+0000][6][safepoint    ] Safepoint "Cleanup", Time since last: 1000220939 ns, Reaching safepoint: 535008 ns, At safepoint: 19575 ns, Total: 554583 ns
[2020-08-12T15:01:13.845+0000][6][safepoint    ] Safepoint "Cleanup", Time since last: 1000290313 ns, Reaching safepoint: 1054453 ns, At safepoint: 49975 ns, Total: 1104428 ns
[2020-08-12T15:01:14.846+0000][6][safepoint    ] Safepoint "Cleanup", Time since last: 1000281775 ns, Reaching safepoint: 724581 ns, At safepoint: 27850 ns, Total: 752431 ns
[2020-08-12T15:01:15.848+0000][6][safepoint    ] Safepoint "Cleanup", Time since last: 1000727034 ns, Reaching safepoint: 592445 ns, At safepoint: 44124 ns, Total: 636569 ns
[2020-08-12T15:01:16.849+0000][6][safepoint    ] Safepoint "Cleanup", Time since last: 1000272401 ns, Reaching safepoint: 925367 ns, At safepoint: 73524 ns, Total: 998891 ns
[2020-08-12T15:01:18.057+0000][6][safepoint    ] Safepoint "Cleanup", Time since last: 1207362319 ns, Reaching safepoint: 700269 ns, At safepoint: 55312 ns, Total: 755581 ns
[2020-08-12T15:01:19.840+0000][6][safepoint    ] Safepoint "Cleanup", Time since last: 1781947010 ns, Reaching safepoint: 581320 ns, At safepoint: 52500 ns, Total: 633820 ns
[2020-08-12T15:01:20.841+0000][6][safepoint    ] Safepoint "Cleanup", Time since last: 1000346137 ns, Reaching safepoint: 744543 ns, At safepoint: 43550 ns, Total: 788093 ns
[2020-08-12T15:01:21.842+0000][6][safepoint    ] Safepoint "Cleanup", Time since last: 1000353125 ns, Reaching safepoint: 838505 ns, At safepoint: 39287 ns, Total: 877792 ns
[2020-08-12T15:01:22.843+0000][6][safepoint    ] Safepoint "Cleanup", Time since last: 1000320001 ns, Reaching safepoint: 552532 ns, At safepoint: 94637 ns, Total: 647169 ns
[2020-08-12T15:01:24.842+0000][6][safepoint    ] Safepoint "Cleanup", Time since last: 1998491632 ns, Reaching safepoint: 466033 ns, At safepoint: 29238 ns, Total: 495271 ns
[2020-08-12T15:01:25.843+0000][6][safepoint    ] Safepoint "Cleanup", Time since last: 1000281250 ns, Reaching safepoint: 579745 ns, At safepoint: 53325 ns, Total: 633070 ns
[2020-08-12T15:01:26.844+0000][6][safepoint    ] Safepoint "Cleanup", Time since last: 1000375449 ns, Reaching safepoint: 822443 ns, At safepoint: 45737 ns, Total: 868180 ns
[2020-08-12T15:01:28.106+0000][6][safepoint    ] Safepoint "Cleanup", Time since last: 1261050319 ns, Reaching safepoint: 384122 ns, At safepoint: 18962 ns, Total: 403084 ns
[2020-08-12T15:01:28.843+0000][6][safepoint    ] Safepoint "BulkRevokeBias", Time since last: 734384390 ns, Reaching safepoint: 649520 ns, At safepoint: 2029744 ns, Total: 2679264 ns
[2020-08-12T15:01:29.845+0000][6][safepoint    ] Safepoint "Cleanup", Time since last: 1001548440 ns, Reaching safepoint: 381884 ns, At safepoint: 19962 ns, Total: 401846 ns
[2020-08-12T15:01:30.846+0000][6][safepoint    ] Safepoint "Cleanup", Time since last: 1000248714 ns, Reaching safepoint: 993441 ns, At safepoint: 55824 ns, Total: 1049265 ns
[2020-08-12T15:01:31.847+0000][6][safepoint    ] Safepoint "Cleanup", Time since last: 1000347050 ns, Reaching safepoint: 748544 ns, At safepoint: 31149 ns, Total: 779693 ns
[2020-08-12T15:01:32.848+0000][6][safepoint    ] Safepoint "Cleanup", Time since last: 1000293001 ns, Reaching safepoint: 327797 ns, At safepoint: 16425 ns, Total: 344222 ns
[2020-08-12T15:01:33.849+0000][6][safepoint    ] Safepoint "Cleanup", Time since last: 1000215876 ns, Reaching safepoint: 796893 ns, At safepoint: 58374 ns, Total: 855267 ns
[2020-08-12T15:01:34.850+0000][6][safepoint    ] Safepoint "Cleanup", Time since last: 1000376100 ns, Reaching safepoint: 521896 ns, At safepoint: 27124 ns, Total: 549020 ns
[2020-08-12T15:01:35.851+0000][6][safepoint    ] Safepoint "Cleanup", Time since last: 1000325413 ns, Reaching safepoint: 745806 ns, At safepoint: 43375 ns, Total: 789181 ns
[2020-08-12T15:01:36.852+0000][6][safepoint    ] Safepoint "Cleanup", Time since last: 1000343712 ns, Reaching safepoint: 773343 ns, At safepoint: 69250 ns, Total: 842593 ns
[2020-08-12T15:01:38.091+0000][6][safepoint    ] Safepoint "Cleanup", Time since last: 1238392456 ns, Reaching safepoint: 829480 ns, At safepoint: 43938 ns, Total: 873418 ns
[2020-08-12T15:01:39.846+0000][6][safepoint    ] Safepoint "Cleanup", Time since last: 1754574752 ns, Reaching safepoint: 512683 ns, At safepoint: 45575 ns, Total: 558258 ns
[2020-08-12T15:01:40.848+0000][6][safepoint    ] Safepoint "Cleanup", Time since last: 1000371562 ns, Reaching safepoint: 798005 ns, At safepoint: 44862 ns, Total: 842867 ns
[2020-08-12T15:01:41.849+0000][6][safepoint    ] Safepoint "Cleanup", Time since last: 1000370163 ns, Reaching safepoint: 881054 ns, At safepoint: 52238 ns, Total: 933292 ns
[2020-08-12T15:01:42.851+0000][6][safepoint    ] Safepoint "Cleanup", Time since last: 1000374349 ns, Reaching safepoint: 1808984 ns, At safepoint: 76500 ns, Total: 1885484 ns
[2020-08-12T15:01:43.851+0000][6][safepoint    ] Safepoint "BulkRevokeBias", Time since last: 996071300 ns, Reaching safepoint: 558145 ns, At safepoint: 3276309 ns, Total: 3834454 ns
[2020-08-12T15:01:44.852+0000][6][safepoint    ] Safepoint "Cleanup", Time since last: 1000375612 ns, Reaching safepoint: 357897 ns, At safepoint: 28625 ns, Total: 386522 ns
[2020-08-12T15:01:45.853+0000][6][safepoint    ] Safepoint "Cleanup", Time since last: 1000315462 ns, Reaching safepoint: 581720 ns, At safepoint: 45737 ns, Total: 627457 ns
[2020-08-12T15:01:46.861+0000][6][safepoint    ] Safepoint "Cleanup", Time since last: 1000343263 ns, Reaching safepoint: 8159553 ns, At safepoint: 28074 ns, Total: 8187627 ns
[2020-08-12T15:01:47.045+0000][6][safepoint    ] Safepoint "BulkRevokeBias", Time since last: 182571773 ns, Reaching safepoint: 367296 ns, At safepoint: 854405 ns, Total: 1221701 ns
[2020-08-12T15:01:48.046+0000][6][safepoint    ] Safepoint "Cleanup", Time since last: 1000258151 ns, Reaching safepoint: 611895 ns, At safepoint: 46887 ns, Total: 658782 ns
[2020-08-12T15:01:49.848+0000][6][safepoint    ] Safepoint "Cleanup", Time since last: 1800738419 ns, Reaching safepoint: 852980 ns, At safepoint: 47262 ns, Total: 900242 ns
[2020-08-12T15:01:50.849+0000][6][safepoint    ] Safepoint "Cleanup", Time since last: 1000418975 ns, Reaching safepoint: 609807 ns, At safepoint: 52124 ns, Total: 661931 ns
[2020-08-12T15:01:51.850+0000][6][safepoint    ] Safepoint "Cleanup", Time since last: 1000560323 ns, Reaching safepoint: 978317 ns, At safepoint: 43949 ns, Total: 1022266 ns
[2020-08-12T15:01:52.851+0000][6][safepoint    ] Safepoint "Cleanup", Time since last: 1000344463 ns, Reaching safepoint: 770506 ns, At safepoint: 66274 ns, Total: 836780 ns
[2020-08-12T15:01:53.853+0000][6][safepoint    ] Safepoint "Cleanup", Time since last: 1000363450 ns, Reaching safepoint: 1595361 ns, At safepoint: 78337 ns, Total: 1673698 ns
[2020-08-12T15:01:54.854+0000][6][safepoint    ] Safepoint "Cleanup", Time since last: 1000309250 ns, Reaching safepoint: 404609 ns, At safepoint: 22112 ns, Total: 426721 ns
[2020-08-12T15:01:55.855+0000][6][safepoint    ] Safepoint "Cleanup", Time since last: 1000266339 ns, Reaching safepoint: 766830 ns, At safepoint: 48037 ns, Total: 814867 ns
[2020-08-12T15:01:56.856+0000][6][safepoint    ] Safepoint "Cleanup", Time since last: 1000310888 ns, Reaching safepoint: 816718 ns, At safepoint: 40224 ns, Total: 856942 ns
[2020-08-12T15:01:58.139+0000][6][safepoint    ] Safepoint "Cleanup", Time since last: 1282077821 ns, Reaching safepoint: 778280 ns, At safepoint: 44438 ns, Total: 822718 ns
[2020-08-12T15:01:59.848+0000][6][safepoint    ] Safepoint "Cleanup", Time since last: 1707735204 ns, Reaching safepoint: 461283 ns, At safepoint: 29087 ns, Total: 490370 ns
[2020-08-12T15:02:00.849+0000][6][safepoint    ] Safepoint "Cleanup", Time since last: 1000428175 ns, Reaching safepoint: 825468 ns, At safepoint: 89574 ns, Total: 915042 ns
[2020-08-12T15:02:01.850+0000][6][safepoint    ] Safepoint "Cleanup", Time since last: 1000311750 ns, Reaching safepoint: 1106490 ns, At safepoint: 39312 ns, Total: 1145802 ns
[2020-08-12T15:02:02.851+0000][6][safepoint    ] Safepoint "Cleanup", Time since last: 1000331588 ns, Reaching safepoint: 737906 ns, At safepoint: 47050 ns, Total: 784956 ns
[2020-08-12T15:02:04.850+0000][6][safepoint    ] Safepoint "Cleanup", Time since last: 1997888175 ns, Reaching safepoint: 474345 ns, At safepoint: 145849 ns, Total: 620194 ns
[2020-08-12T15:02:05.851+0000][6][safepoint    ] Safepoint "Cleanup", Time since last: 1000345238 ns, Reaching safepoint: 630994 ns, At safepoint: 46350 ns, Total: 677344 ns
[2020-08-12T15:02:06.852+0000][6][safepoint    ] Safepoint "Cleanup", Time since last: 1000309075 ns, Reaching safepoint: 768668 ns, At safepoint: 42450 ns, Total: 811118 ns
[2020-08-12T15:02:08.072+0000][6][safepoint    ] Safepoint "Cleanup", Time since last: 1219240701 ns, Reaching safepoint: 447621 ns, At safepoint: 58837 ns, Total: 506458 ns
[2020-08-12T15:02:09.863+0000][6][safepoint    ] Safepoint "Cleanup", Time since last: 1790742682 ns, Reaching safepoint: 523633 ns, At safepoint: 25400 ns, Total: 549033 ns
[2020-08-12T15:02:10.864+0000][6][safepoint    ] Safepoint "Cleanup", Time since last: 1000281226 ns, Reaching safepoint: 679069 ns, At safepoint: 44462 ns, Total: 723531 ns
[2020-08-12T15:02:11.865+0000][6][safepoint    ] Safepoint "Cleanup", Time since last: 1000296325 ns, Reaching safepoint: 627470 ns, At safepoint: 23749 ns, Total: 651219 ns
[2020-08-12T15:02:12.866+0000][6][safepoint    ] Safepoint "Cleanup", Time since last: 1000253051 ns, Reaching safepoint: 941829 ns, At safepoint: 43438 ns, Total: 985267 ns
[2020-08-12T15:02:13.868+0000][6][safepoint    ] Safepoint "Cleanup", Time since last: 1000361412 ns, Reaching safepoint: 886342 ns, At safepoint: 43037 ns, Total: 929379 ns
[2020-08-12T15:02:14.868+0000][6][safepoint    ] Safepoint "Cleanup", Time since last: 1000411212 ns, Reaching safepoint: 376772 ns, At safepoint: 19012 ns, Total: 395784 ns
[2020-08-12T15:02:15.870+0000][6][safepoint    ] Safepoint "Cleanup", Time since last: 1000243201 ns, Reaching safepoint: 798856 ns, At safepoint: 43874 ns, Total: 842730 ns
[2020-08-12T15:02:16.871+0000][6][safepoint    ] Safepoint "Cleanup", Time since last: 1000322813 ns, Reaching safepoint: 703044 ns, At safepoint: 34899 ns, Total: 737943 ns
[2020-08-12T15:02:18.021+0000][6][safepoint    ] Safepoint "Cleanup", Time since last: 1149300920 ns, Reaching safepoint: 563858 ns, At safepoint: 29874 ns, Total: 593732 ns
[2020-08-12T15:02:19.853+0000][6][safepoint    ] Safepoint "Cleanup", Time since last: 1832503789 ns, Reaching safepoint: 364059 ns, At safepoint: 18262 ns, Total: 382321 ns
[2020-08-12T15:02:20.854+0000][6][safepoint    ] Safepoint "Cleanup", Time since last: 1000252064 ns, Reaching safepoint: 708131 ns, At safepoint: 42987 ns, Total: 751118 ns
[2020-08-12T15:02:21.856+0000][6][safepoint    ] Safepoint "Cleanup", Time since last: 1000344000 ns, Reaching safepoint: 809968 ns, At safepoint: 37387 ns, Total: 847355 ns
[2020-08-12T15:02:22.857+0000][6][safepoint    ] Safepoint "Cleanup", Time since last: 1000385250 ns, Reaching safepoint: 578770 ns, At safepoint: 43637 ns, Total: 622407 ns
[2020-08-12T15:02:24.854+0000][6][safepoint    ] Safepoint "Cleanup", Time since last: 1996461925 ns, Reaching safepoint: 456558 ns, At safepoint: 44250 ns, Total: 500808 ns
[2020-08-12T15:02:25.855+0000][6][safepoint    ] Safepoint "Cleanup", Time since last: 1000393624 ns, Reaching safepoint: 583733 ns, At safepoint: 44224 ns, Total: 627957 ns
[2020-08-12T15:02:26.856+0000][6][safepoint    ] Safepoint "Cleanup", Time since last: 1000326438 ns, Reaching safepoint: 720994 ns, At safepoint: 42262 ns, Total: 763256 ns
[2020-08-12T15:02:28.127+0000][6][safepoint    ] Safepoint "Cleanup", Time since last: 1270527797 ns, Reaching safepoint: 927492 ns, At safepoint: 43737 ns, Total: 971229 ns
[2020-08-12T15:02:29.855+0000][6][safepoint    ] Safepoint "Cleanup", Time since last: 1727400755 ns, Reaching safepoint: 844655 ns, At safepoint: 43288 ns, Total: 887943 ns
[2020-08-12T15:02:30.857+0000][6][safepoint    ] Safepoint "Cleanup", Time since last: 1000356675 ns, Reaching safepoint: 862929 ns, At safepoint: 43713 ns, Total: 906642 ns
[2020-08-12T15:02:31.858+0000][6][safepoint    ] Safepoint "Cleanup", Time since last: 1000351262 ns, Reaching safepoint: 866392 ns, At safepoint: 39862 ns, Total: 906254 ns
[2020-08-12T15:02:32.859+0000][6][safepoint    ] Safepoint "Cleanup", Time since last: 1000295001 ns, Reaching safepoint: 868205 ns, At safepoint: 57587 ns, Total: 925792 ns
[2020-08-12T15:02:33.861+0000][6][safepoint    ] Safepoint "Cleanup", Time since last: 1001270342 ns, Reaching safepoint: 787368 ns, At safepoint: 45399 ns, Total: 832767 ns
[2020-08-12T15:02:34.862+0000][6][safepoint    ] Safepoint "Cleanup", Time since last: 1000333988 ns, Reaching safepoint: 622520 ns, At safepoint: 44287 ns, Total: 666807 ns
[2020-08-12T15:02:35.863+0000][6][safepoint    ] Safepoint "Cleanup", Time since last: 1000347162 ns, Reaching safepoint: 640920 ns, At safepoint: 44187 ns, Total: 685107 ns
[2020-08-12T15:02:36.864+0000][6][safepoint    ] Safepoint "Cleanup", Time since last: 1000310562 ns, Reaching safepoint: 775069 ns, At safepoint: 38374 ns, Total: 813443 ns
[2020-08-12T15:02:38.053+0000][6][safepoint    ] Safepoint "Cleanup", Time since last: 1187665893 ns, Reaching safepoint: 627645 ns, At safepoint: 44374 ns, Total: 672019 ns
[2020-08-12T15:02:39.855+0000][6][safepoint    ] Safepoint "Cleanup", Time since last: 1801525375 ns, Reaching safepoint: 462571 ns, At safepoint: 44587 ns, Total: 507158 ns
[2020-08-12T15:02:40.856+0000][6][safepoint    ] Safepoint "Cleanup", Time since last: 1000414499 ns, Reaching safepoint: 839518 ns, At safepoint: 46350 ns, Total: 885868 ns
[2020-08-12T15:02:41.857+0000][6][safepoint    ] Safepoint "Cleanup", Time since last: 1000358162 ns, Reaching safepoint: 878080 ns, At safepoint: 42124 ns, Total: 920204 ns
[2020-08-12T15:02:42.858+0000][6][safepoint    ] Safepoint "Cleanup", Time since last: 1000281538 ns, Reaching safepoint: 623557 ns, At safepoint: 29225 ns, Total: 652782 ns
[2020-08-12T15:02:44.857+0000][6][safepoint    ] Safepoint "Cleanup", Time since last: 1998352733 ns, Reaching safepoint: 532596 ns, At safepoint: 44899 ns, Total: 577495 ns
[2020-08-12T15:02:45.858+0000][6][safepoint    ] Safepoint "Cleanup", Time since last: 1000286176 ns, Reaching safepoint: 857655 ns, At safepoint: 50712 ns, Total: 908367 ns
[2020-08-12T15:02:46.860+0000][6][safepoint    ] Safepoint "Cleanup", Time since last: 1000309550 ns, Reaching safepoint: 961829 ns, At safepoint: 51125 ns, Total: 1012954 ns
[2020-08-12T15:02:48.103+0000][6][safepoint    ] Safepoint "Cleanup", Time since last: 1242626906 ns, Reaching safepoint: 745881 ns, At safepoint: 44675 ns, Total: 790556 ns
[2020-08-12T15:02:49.856+0000][6][safepoint    ] Safepoint "Cleanup", Time since last: 1752358072 ns, Reaching safepoint: 574395 ns, At safepoint: 39175 ns, Total: 613570 ns
[2020-08-12T15:02:50.857+0000][6][safepoint    ] Safepoint "Cleanup", Time since last: 1000266150 ns, Reaching safepoint: 848205 ns, At safepoint: 46213 ns, Total: 894418 ns
[2020-08-12T15:02:51.859+0000][6][safepoint    ] Safepoint "Cleanup", Time since last: 1000323650 ns, Reaching safepoint: 1028066 ns, At safepoint: 43987 ns, Total: 1072053 ns
[2020-08-12T15:02:52.860+0000][6][safepoint    ] Safepoint "Cleanup", Time since last: 1000605772 ns, Reaching safepoint: 683594 ns, At safepoint: 45537 ns, Total: 729131 ns
[2020-08-12T15:02:53.863+0000][6][safepoint    ] Safepoint "Cleanup", Time since last: 1001767263 ns, Reaching safepoint: 796130 ns, At safepoint: 44075 ns, Total: 840205 ns
[2020-08-12T15:02:54.864+0000][6][safepoint    ] Safepoint "Cleanup", Time since last: 1000423362 ns, Reaching safepoint: 553195 ns, At safepoint: 44200 ns, Total: 597395 ns
[2020-08-12T15:02:55.865+0000][6][safepoint    ] Safepoint "Cleanup", Time since last: 1000454849 ns, Reaching safepoint: 596832 ns, At safepoint: 53087 ns, Total: 649919 ns
[2020-08-12T15:02:56.866+0000][6][safepoint    ] Safepoint "Cleanup", Time since last: 1000384550 ns, Reaching safepoint: 835867 ns, At safepoint: 47525 ns, Total: 883392 ns
[2020-08-12T15:02:58.178+0000][6][safepoint    ] Safepoint "Cleanup", Time since last: 1311064114 ns, Reaching safepoint: 611794 ns, At safepoint: 44875 ns, Total: 656669 ns
[2020-08-12T15:02:59.858+0000][6][safepoint    ] Safepoint "Cleanup", Time since last: 1680025512 ns, Reaching safepoint: 506496 ns, At safepoint: 54724 ns, Total: 561220 ns
[2020-08-12T15:03:00.859+0000][6][safepoint    ] Safepoint "Cleanup", Time since last: 1000349400 ns, Reaching safepoint: 599057 ns, At safepoint: 43650 ns, Total: 642707 ns
[2020-08-12T15:03:01.861+0000][6][safepoint    ] Safepoint "Cleanup", Time since last: 1000319300 ns, Reaching safepoint: 949904 ns, At safepoint: 53050 ns, Total: 1002954 ns
[2020-08-12T15:03:02.862+0000][6][safepoint    ] Safepoint "Cleanup", Time since last: 1000405587 ns, Reaching safepoint: 620557 ns, At safepoint: 53862 ns, Total: 674419 ns
[2020-08-12T15:03:04.858+0000][6][safepoint    ] Safepoint "Cleanup", Time since last: 1995479334 ns, Reaching safepoint: 409071 ns, At safepoint: 55575 ns, Total: 464646 ns
[2020-08-12T15:03:05.859+0000][6][safepoint    ] Safepoint "Cleanup", Time since last: 1000400886 ns, Reaching safepoint: 572470 ns, At safepoint: 44062 ns, Total: 616532 ns
[2020-08-12T15:03:06.860+0000][6][safepoint    ] Safepoint "Cleanup", Time since last: 1000335363 ns, Reaching safepoint: 570082 ns, At safepoint: 33700 ns, Total: 603782 ns
[2020-08-12T15:03:08.021+0000][6][safepoint    ] Safepoint "Cleanup", Time since last: 1160452434 ns, Reaching safepoint: 616357 ns, At safepoint: 53537 ns, Total: 669894 ns
[2020-08-12T15:03:09.861+0000][6][safepoint    ] Safepoint "Cleanup", Time since last: 1839371427 ns, Reaching safepoint: 416884 ns, At safepoint: 20350 ns, Total: 437234 ns
[2020-08-12T15:03:10.862+0000][6][safepoint    ] Safepoint "Cleanup", Time since last: 1000334287 ns, Reaching safepoint: 776306 ns, At safepoint: 43200 ns, Total: 819506 ns
[2020-08-12T15:03:11.863+0000][6][safepoint    ] Safepoint "Cleanup", Time since last: 1000362987 ns, Reaching safepoint: 956704 ns, At safepoint: 42362 ns, Total: 999066 ns
[2020-08-12T15:03:12.864+0000][6][safepoint    ] Safepoint "Cleanup", Time since last: 1000299638 ns, Reaching safepoint: 671094 ns, At safepoint: 43862 ns, Total: 714956 ns
[2020-08-12T15:03:13.866+0000][6][safepoint    ] Safepoint "Cleanup", Time since last: 1000351300 ns, Reaching safepoint: 1425950 ns, At safepoint: 59375 ns, Total: 1485325 ns
[2020-08-12T15:03:14.867+0000][6][safepoint    ] Safepoint "Cleanup", Time since last: 1000300388 ns, Reaching safepoint: 403534 ns, At safepoint: 20074 ns, Total: 423608 ns
[2020-08-12T15:03:15.868+0000][6][safepoint    ] Safepoint "Cleanup", Time since last: 1000233252 ns, Reaching safepoint: 740718 ns, At safepoint: 39300 ns, Total: 780018 ns
[2020-08-12T15:03:16.869+0000][6][safepoint    ] Safepoint "Cleanup", Time since last: 1000326912 ns, Reaching safepoint: 874593 ns, At safepoint: 47849 ns, Total: 922442 ns
[2020-08-12T15:03:18.074+0000][6][safepoint    ] Safepoint "Cleanup", Time since last: 1204293684 ns, Reaching safepoint: 917767 ns, At safepoint: 57262 ns, Total: 975029 ns
[2020-08-12T15:03:19.862+0000][6][safepoint    ] Safepoint "Cleanup", Time since last: 1787416424 ns, Reaching safepoint: 543632 ns, At safepoint: 44250 ns, Total: 587882 ns
[2020-08-12T15:03:20.863+0000][6][safepoint    ] Safepoint "Cleanup", Time since last: 1000349263 ns, Reaching safepoint: 709944 ns, At safepoint: 45874 ns, Total: 755818 ns
[2020-08-12T15:03:21.865+0000][6][safepoint    ] Safepoint "Cleanup", Time since last: 1000329938 ns, Reaching safepoint: 926029 ns, At safepoint: 42200 ns, Total: 968229 ns
[2020-08-12T15:03:22.866+0000][6][safepoint    ] Safepoint "Cleanup", Time since last: 1000309687 ns, Reaching safepoint: 640570 ns, At safepoint: 79999 ns, Total: 720569 ns
[2020-08-12T15:03:24.862+0000][6][safepoint    ] Safepoint "Cleanup", Time since last: 1995804756 ns, Reaching safepoint: 495008 ns, At safepoint: 25237 ns, Total: 520245 ns
[2020-08-12T15:03:25.863+0000][6][safepoint    ] Safepoint "Cleanup", Time since last: 1000323813 ns, Reaching safepoint: 835418 ns, At safepoint: 57774 ns, Total: 893192 ns
[2020-08-12T15:03:26.864+0000][6][safepoint    ] Safepoint "Cleanup", Time since last: 1000310963 ns, Reaching safepoint: 843043 ns, At safepoint: 43249 ns, Total: 886292 ns
[2020-08-12T15:03:28.157+0000][6][safepoint    ] Safepoint "Cleanup", Time since last: 1291862409 ns, Reaching safepoint: 642107 ns, At safepoint: 46437 ns, Total: 688544 ns
[2020-08-12T15:03:28.865+0000][6][safepoint    ] Safepoint "BulkRevokeBias", Time since last: 704743803 ns, Reaching safepoint: 663431 ns, At safepoint: 2656889 ns, Total: 3320320 ns
[2020-08-12T15:03:29.866+0000][6][safepoint    ] Safepoint "Cleanup", Time since last: 1000418462 ns, Reaching safepoint: 506008 ns, At safepoint: 40087 ns, Total: 546095 ns
[2020-08-12T15:03:30.867+0000][6][safepoint    ] Safepoint "Cleanup", Time since last: 1000311088 ns, Reaching safepoint: 888117 ns, At safepoint: 59625 ns, Total: 947742 ns
[2020-08-12T15:03:31.869+0000][6][safepoint    ] Safepoint "Cleanup", Time since last: 1000350487 ns, Reaching safepoint: 1139202 ns, At safepoint: 57500 ns, Total: 1196702 ns
[2020-08-12T15:03:32.870+0000][6][safepoint    ] Safepoint "Cleanup", Time since last: 1000402325 ns, Reaching safepoint: 857892 ns, At safepoint: 44475 ns, Total: 902367 ns
[2020-08-12T15:03:33.871+0000][6][safepoint    ] Safepoint "Cleanup", Time since last: 1000323612 ns, Reaching safepoint: 470684 ns, At safepoint: 21162 ns, Total: 491846 ns
[2020-08-12T15:03:34.871+0000][6][safepoint    ] Safepoint "Cleanup", Time since last: 1000240351 ns, Reaching safepoint: 271223 ns, At safepoint: 11099 ns, Total: 282322 ns
[2020-08-12T15:03:35.872+0000][6][safepoint    ] Safepoint "Cleanup", Time since last: 1000220102 ns, Reaching safepoint: 526858 ns, At safepoint: 55362 ns, Total: 582220 ns
[2020-08-12T15:03:36.873+0000][6][safepoint    ] Safepoint "Cleanup", Time since last: 1000298050 ns, Reaching safepoint: 758381 ns, At safepoint: 37274 ns, Total: 795655 ns
[2020-08-12T15:03:38.107+0000][6][safepoint    ] Safepoint "Cleanup", Time since last: 1232366710 ns, Reaching safepoint: 921167 ns, At safepoint: 43287 ns, Total: 964454 ns
[2020-08-12T15:03:39.864+0000][6][safepoint    ] Safepoint "Cleanup", Time since last: 1756513411 ns, Reaching safepoint: 483358 ns, At safepoint: 25075 ns, Total: 508433 ns
[2020-08-12T15:03:40.865+0000][6][safepoint    ] Safepoint "Cleanup", Time since last: 1000393449 ns, Reaching safepoint: 735606 ns, At safepoint: 38487 ns, Total: 774093 ns
[2020-08-12T15:03:41.866+0000][6][safepoint    ] Safepoint "Cleanup", Time since last: 1000361075 ns, Reaching safepoint: 1002041 ns, At safepoint: 48175 ns, Total: 1050216 ns
[2020-08-12T15:03:42.867+0000][6][safepoint    ] Safepoint "Cleanup", Time since last: 1000328625 ns, Reaching safepoint: 712207 ns, At safepoint: 65474 ns, Total: 777681 ns
[2020-08-12T15:03:44.867+0000][6][safepoint    ] Safepoint "Cleanup", Time since last: 1998826904 ns, Reaching safepoint: 438796 ns, At safepoint: 21363 ns, Total: 460159 ns
[2020-08-12T15:03:45.868+0000][6][safepoint    ] Safepoint "Cleanup", Time since last: 1000269525 ns, Reaching safepoint: 717894 ns, At safepoint: 44537 ns, Total: 762431 ns
[2020-08-12T15:03:46.873+0000][6][safepoint    ] Safepoint "Cleanup", Time since last: 1004252340 ns, Reaching safepoint: 780506 ns, At safepoint: 40137 ns, Total: 820643 ns
[2020-08-12T15:03:48.153+0000][6][safepoint    ] Safepoint "Cleanup", Time since last: 1279183733 ns, Reaching safepoint: 670944 ns, At safepoint: 56512 ns, Total: 727456 ns
[2020-08-12T15:03:49.866+0000][6][safepoint    ] Safepoint "Cleanup", Time since last: 1712581049 ns, Reaching safepoint: 348185 ns, At safepoint: 16550 ns, Total: 364735 ns
[2020-08-12T15:03:50.867+0000][6][safepoint    ] Safepoint "Cleanup", Time since last: 1000303925 ns, Reaching safepoint: 588470 ns, At safepoint: 44187 ns, Total: 632657 ns
[2020-08-12T15:03:51.868+0000][6][safepoint    ] Safepoint "Cleanup", Time since last: 1000346975 ns, Reaching safepoint: 838230 ns, At safepoint: 41962 ns, Total: 880192 ns
[2020-08-12T15:03:52.868+0000][6][safepoint    ] Safepoint "Cleanup", Time since last: 1000300401 ns, Reaching safepoint: 259785 ns, At safepoint: 29612 ns, Total: 289397 ns
[2020-08-12T15:03:53.871+0000][6][safepoint    ] Safepoint "Cleanup", Time since last: 1000418125 ns, Reaching safepoint: 1838583 ns, At safepoint: 56875 ns, Total: 1895458 ns
[2020-08-12T15:03:54.872+0000][6][safepoint    ] Safepoint "Cleanup", Time since last: 1000439387 ns, Reaching safepoint: 606394 ns, At safepoint: 43825 ns, Total: 650219 ns
[2020-08-12T15:03:55.873+0000][6][safepoint    ] Safepoint "Cleanup", Time since last: 1000406574 ns, Reaching safepoint: 530896 ns, At safepoint: 43599 ns, Total: 574495 ns
[2020-08-12T15:03:56.874+0000][6][safepoint    ] Safepoint "Cleanup", Time since last: 1000381175 ns, Reaching safepoint: 974516 ns, At safepoint: 56787 ns, Total: 1031303 ns
[2020-08-12T15:03:58.169+0000][6][safepoint    ] Safepoint "Cleanup", Time since last: 1294223563 ns, Reaching safepoint: 919579 ns, At safepoint: 43975 ns, Total: 963554 ns
[2020-08-12T15:03:59.866+0000][6][safepoint    ] Safepoint "Cleanup", Time since last: 1695800310 ns, Reaching safepoint: 354022 ns, At safepoint: 21850 ns, Total: 375872 ns
[2020-08-12T15:04:00.867+0000][6][safepoint    ] Safepoint "Cleanup", Time since last: 1000289288 ns, Reaching safepoint: 878179 ns, At safepoint: 43250 ns, Total: 921429 ns
[2020-08-12T15:04:01.868+0000][6][safepoint    ] Safepoint "Cleanup", Time since last: 1000362650 ns, Reaching safepoint: 1156577 ns, At safepoint: 75912 ns, Total: 1232489 ns
[2020-08-12T15:04:02.869+0000][6][safepoint    ] Safepoint "Cleanup", Time since last: 1000304900 ns, Reaching safepoint: 609557 ns, At safepoint: 25163 ns, Total: 634720 ns
[2020-08-12T15:04:03.868+0000][6][safepoint    ] Safepoint "BulkRevokeBias", Time since last: 995448143 ns, Reaching safepoint: 694669 ns, At safepoint: 2531915 ns, Total: 3226584 ns
[2020-08-12T15:04:04.873+0000][6][safepoint    ] Safepoint "Cleanup", Time since last: 1005113558 ns, Reaching safepoint: 387922 ns, At safepoint: 33937 ns, Total: 421859 ns
[2020-08-12T15:04:05.875+0000][6][safepoint    ] Safepoint "Cleanup", Time since last: 1000315525 ns, Reaching safepoint: 810130 ns, At safepoint: 43900 ns, Total: 854030 ns
[2020-08-12T15:04:06.876+0000][6][safepoint    ] Safepoint "Cleanup", Time since last: 1000366712 ns, Reaching safepoint: 812468 ns, At safepoint: 72762 ns, Total: 885230 ns
[2020-08-12T15:04:08.115+0000][6][safepoint    ] Safepoint "Cleanup", Time since last: 1238073610 ns, Reaching safepoint: 781518 ns, At safepoint: 43999 ns, Total: 825517 ns
[2020-08-12T15:04:09.868+0000][6][safepoint    ] Safepoint "Cleanup", Time since last: 1751982426 ns, Reaching safepoint: 890504 ns, At safepoint: 43587 ns, Total: 934091 ns
[2020-08-12T15:04:10.869+0000][6][safepoint    ] Safepoint "Cleanup", Time since last: 1000382013 ns, Reaching safepoint: 864829 ns, At safepoint: 44475 ns, Total: 909304 ns
[2020-08-12T15:04:11.871+0000][6][safepoint    ] Safepoint "Cleanup", Time since last: 1000348138 ns, Reaching safepoint: 1232739 ns, At safepoint: 85386 ns, Total: 1318125 ns
[2020-08-12T15:04:12.871+0000][6][safepoint    ] Safepoint "Cleanup", Time since last: 1000348751 ns, Reaching safepoint: 441371 ns, At safepoint: 21812 ns, Total: 463183 ns
[2020-08-12T15:04:13.876+0000][6][safepoint    ] Safepoint "Cleanup", Time since last: 1000818108 ns, Reaching safepoint: 3186297 ns, At safepoint: 58812 ns, Total: 3245109 ns
[2020-08-12T15:04:14.876+0000][6][safepoint    ] Safepoint "Cleanup", Time since last: 1000291551 ns, Reaching safepoint: 460346 ns, At safepoint: 56274 ns, Total: 516620 ns
[2020-08-12T15:04:15.877+0000][6][safepoint    ] Safepoint "Cleanup", Time since last: 1000346375 ns, Reaching safepoint: 620245 ns, At safepoint: 51749 ns, Total: 671994 ns
[2020-08-12T15:04:16.878+0000][6][safepoint    ] Safepoint "Cleanup", Time since last: 1000288363 ns, Reaching safepoint: 524746 ns, At safepoint: 48474 ns, Total: 573220 ns
[2020-08-12T15:04:18.035+0000][6][safepoint    ] Safepoint "Cleanup", Time since last: 1156599143 ns, Reaching safepoint: 422034 ns, At safepoint: 43387 ns, Total: 465421 ns
[2020-08-12T15:04:19.868+0000][6][safepoint    ] Safepoint "Cleanup", Time since last: 1832411889 ns, Reaching safepoint: 547145 ns, At safepoint: 23749 ns, Total: 570894 ns
[2020-08-12T15:04:20.869+0000][6][safepoint    ] Safepoint "Cleanup", Time since last: 1000268464 ns, Reaching safepoint: 854267 ns, At safepoint: 43775 ns, Total: 898042 ns
[2020-08-12T15:04:21.871+0000][6][safepoint    ] Safepoint "Cleanup", Time since last: 1000334175 ns, Reaching safepoint: 1190464 ns, At safepoint: 89837 ns, Total: 1280301 ns
[2020-08-12T15:04:22.872+0000][6][safepoint    ] Safepoint "Cleanup", Time since last: 1000352863 ns, Reaching safepoint: 707093 ns, At safepoint: 53225 ns, Total: 760318 ns
[2020-08-12T15:04:24.869+0000][6][safepoint    ] Safepoint "Cleanup", Time since last: 1996121991 ns, Reaching safepoint: 543720 ns, At safepoint: 107561 ns, Total: 651281 ns
[2020-08-12T15:04:25.870+0000][6][safepoint    ] Safepoint "Cleanup", Time since last: 1000323925 ns, Reaching safepoint: 481371 ns, At safepoint: 44075 ns, Total: 525446 ns
[2020-08-12T15:04:26.871+0000][6][safepoint    ] Safepoint "Cleanup", Time since last: 1000389387 ns, Reaching safepoint: 975854 ns, At safepoint: 59437 ns, Total: 1035291 ns
[2020-08-12T15:04:27.176+0000][6][safepoint    ] Safepoint "BulkRevokeBias", Time since last: 302661735 ns, Reaching safepoint: 320947 ns, At safepoint: 1930745 ns, Total: 2251692 ns
[2020-08-12T15:04:28.188+0000][6][safepoint    ] Safepoint "Cleanup", Time since last: 1011278704 ns, Reaching safepoint: 932104 ns, At safepoint: 43875 ns, Total: 975979 ns
[2020-08-12T15:04:29.869+0000][6][safepoint    ] Safepoint "Cleanup", Time since last: 1680350384 ns, Reaching safepoint: 591757 ns, At safepoint: 45912 ns, Total: 637669 ns
[2020-08-12T15:04:30.870+0000][6][safepoint    ] Safepoint "Cleanup", Time since last: 1000346675 ns, Reaching safepoint: 672719 ns, At safepoint: 53050 ns, Total: 725769 ns
[2020-08-12T15:04:31.872+0000][6][safepoint    ] Safepoint "Cleanup", Time since last: 1000343750 ns, Reaching safepoint: 1105640 ns, At safepoint: 65487 ns, Total: 1171127 ns
[2020-08-12T15:04:32.873+0000][6][safepoint    ] Safepoint "Cleanup", Time since last: 1000343838 ns, Reaching safepoint: 815080 ns, At safepoint: 45612 ns, Total: 860692 ns
[2020-08-12T15:04:33.876+0000][6][safepoint    ] Safepoint "Cleanup", Time since last: 1000767171 ns, Reaching safepoint: 2389542 ns, At safepoint: 76949 ns, Total: 2466491 ns
[2020-08-12T15:04:34.878+0000][6][safepoint    ] Safepoint "Cleanup", Time since last: 1000341150 ns, Reaching safepoint: 735243 ns, At safepoint: 45738 ns, Total: 780981 ns
[2020-08-12T15:04:35.879+0000][6][safepoint    ] Safepoint "Cleanup", Time since last: 1000398375 ns, Reaching safepoint: 819842 ns, At safepoint: 69625 ns, Total: 889467 ns
[2020-08-12T15:04:36.881+0000][6][safepoint    ] Safepoint "Cleanup", Time since last: 1000384211 ns, Reaching safepoint: 1622636 ns, At safepoint: 106087 ns, Total: 1728723 ns
[2020-08-12T15:04:38.061+0000][6][safepoint    ] Safepoint "Cleanup", Time since last: 1179113781 ns, Reaching safepoint: 782080 ns, At safepoint: 85000 ns, Total: 867080 ns
[2020-08-12T15:04:39.873+0000][6][safepoint    ] Safepoint "Cleanup", Time since last: 1811130314 ns, Reaching safepoint: 439209 ns, At safepoint: 21912 ns, Total: 461121 ns
[2020-08-12T15:04:40.874+0000][6][safepoint    ] Safepoint "Cleanup", Time since last: 1000298313 ns, Reaching safepoint: 874855 ns, At safepoint: 44312 ns, Total: 919167 ns
[2020-08-12T15:04:41.875+0000][6][safepoint    ] Safepoint "Cleanup", Time since last: 1000408137 ns, Reaching safepoint: 1176440 ns, At safepoint: 56462 ns, Total: 1232902 ns
[2020-08-12T15:04:42.876+0000][6][safepoint    ] Safepoint "Cleanup", Time since last: 1000359250 ns, Reaching safepoint: 600007 ns, At safepoint: 43599 ns, Total: 643606 ns
[2020-08-12T15:04:44.870+0000][6][safepoint    ] Safepoint "Cleanup", Time since last: 1993587376 ns, Reaching safepoint: 488633 ns, At safepoint: 43925 ns, Total: 532558 ns
[2020-08-12T15:04:45.872+0000][6][safepoint    ] Safepoint "Cleanup", Time since last: 1000340000 ns, Reaching safepoint: 831630 ns, At safepoint: 44099 ns, Total: 875729 ns
[2020-08-12T15:04:46.873+0000][6][safepoint    ] Safepoint "Cleanup", Time since last: 1000389363 ns, Reaching safepoint: 1152789 ns, At safepoint: 64762 ns, Total: 1217551 ns
[2020-08-12T15:04:48.163+0000][6][safepoint    ] Safepoint "Cleanup", Time since last: 1289397081 ns, Reaching safepoint: 506108 ns, At safepoint: 32074 ns, Total: 538182 ns
[2020-08-12T15:04:49.870+0000][6][safepoint    ] Safepoint "Cleanup", Time since last: 1706450754 ns, Reaching safepoint: 529857 ns, At safepoint: 43763 ns, Total: 573620 ns
[2020-08-12T15:04:50.872+0000][6][safepoint    ] Safepoint "Cleanup", Time since last: 1000352450 ns, Reaching safepoint: 947666 ns, At safepoint: 44175 ns, Total: 991841 ns
[2020-08-12T15:04:51.873+0000][6][safepoint    ] Safepoint "Cleanup", Time since last: 1000335675 ns, Reaching safepoint: 858692 ns, At safepoint: 38025 ns, Total: 896717 ns
[2020-08-12T15:04:52.874+0000][6][safepoint    ] Safepoint "Cleanup", Time since last: 1000362950 ns, Reaching safepoint: 873730 ns, At safepoint: 43974 ns, Total: 917704 ns
[2020-08-12T15:04:53.878+0000][6][safepoint    ] Safepoint "Cleanup", Time since last: 1000346375 ns, Reaching safepoint: 3073973 ns, At safepoint: 51125 ns, Total: 3125098 ns
[2020-08-12T15:04:54.879+0000][6][safepoint    ] Safepoint "Cleanup", Time since last: 1000341975 ns, Reaching safepoint: 780930 ns, At safepoint: 43725 ns, Total: 824655 ns
[2020-08-12T15:04:55.880+0000][6][safepoint    ] Safepoint "Cleanup", Time since last: 1000396187 ns, Reaching safepoint: 659057 ns, At safepoint: 92886 ns, Total: 751943 ns
[2020-08-12T15:04:56.881+0000][6][safepoint    ] Safepoint "Cleanup", Time since last: 1000360113 ns, Reaching safepoint: 829030 ns, At safepoint: 50875 ns, Total: 879905 ns
[2020-08-12T15:04:58.178+0000][6][safepoint    ] Safepoint "Cleanup", Time since last: 1296220070 ns, Reaching safepoint: 677231 ns, At safepoint: 45350 ns, Total: 722581 ns
[2020-08-12T15:04:59.870+0000][6][safepoint    ] Safepoint "Cleanup", Time since last: 1691993756 ns, Reaching safepoint: 360484 ns, At safepoint: 36337 ns, Total: 396821 ns
[2020-08-12T15:05:00.872+0000][6][safepoint    ] Safepoint "Cleanup", Time since last: 1000779197 ns, Reaching safepoint: 851567 ns, At safepoint: 56512 ns, Total: 908079 ns
[2020-08-12T15:05:01.874+0000][6][safepoint    ] Safepoint "Cleanup", Time since last: 1000349863 ns, Reaching safepoint: 1141089 ns, At safepoint: 77425 ns, Total: 1218514 ns
[2020-08-12T15:05:02.875+0000][6][safepoint    ] Safepoint "Cleanup", Time since last: 1000404587 ns, Reaching safepoint: 583670 ns, At safepoint: 45687 ns, Total: 629357 ns
[2020-08-12T15:05:04.872+0000][6][safepoint    ] Safepoint "Cleanup", Time since last: 1997136394 ns, Reaching safepoint: 332947 ns, At safepoint: 17162 ns, Total: 350109 ns
[2020-08-12T15:05:05.873+0000][6][safepoint    ] Safepoint "Cleanup", Time since last: 1000248876 ns, Reaching safepoint: 653644 ns, At safepoint: 45875 ns, Total: 699519 ns
[2020-08-12T15:05:06.874+0000][6][safepoint    ] Safepoint "Cleanup", Time since last: 1000308482 ns, Reaching safepoint: 748544 ns, At safepoint: 38150 ns, Total: 786694 ns
[2020-08-12T15:05:08.129+0000][6][safepoint    ] Safepoint "Cleanup", Time since last: 1254036169 ns, Reaching safepoint: 691468 ns, At safepoint: 44263 ns, Total: 735731 ns
[2020-08-12T15:05:08.876+0000][6][safepoint    ] Safepoint "BulkRevokeBias", Time since last: 743477413 ns, Reaching safepoint: 872267 ns, At safepoint: 2410879 ns, Total: 3283146 ns
[2020-08-12T15:05:09.877+0000][6][safepoint    ] Safepoint "Cleanup", Time since last: 1000434919 ns, Reaching safepoint: 402122 ns, At safepoint: 20437 ns, Total: 422559 ns
[2020-08-12T15:05:10.878+0000][6][safepoint    ] Safepoint "Cleanup", Time since last: 1000257434 ns, Reaching safepoint: 805118 ns, At safepoint: 43750 ns, Total: 848868 ns
[2020-08-12T15:05:11.879+0000][6][safepoint    ] Safepoint "Cleanup", Time since last: 1000400558 ns, Reaching safepoint: 1134939 ns, At safepoint: 66150 ns, Total: 1201089 ns
[2020-08-12T15:05:12.881+0000][6][safepoint    ] Safepoint "Cleanup", Time since last: 1000350908 ns, Reaching safepoint: 870180 ns, At safepoint: 44249 ns, Total: 914429 ns
[2020-08-12T15:05:13.884+0000][6][safepoint    ] Safepoint "Cleanup", Time since last: 1000412671 ns, Reaching safepoint: 2974636 ns, At safepoint: 50687 ns, Total: 3025323 ns
[2020-08-12T15:05:14.885+0000][6][safepoint    ] Safepoint "Cleanup", Time since last: 1000281271 ns, Reaching safepoint: 320197 ns, At safepoint: 19600 ns, Total: 339797 ns
[2020-08-12T15:05:15.886+0000][6][safepoint    ] Safepoint "Cleanup", Time since last: 1000168272 ns, Reaching safepoint: 648182 ns, At safepoint: 25275 ns, Total: 673457 ns
[2020-08-12T15:05:16.887+0000][6][safepoint    ] Safepoint "Cleanup", Time since last: 1000208497 ns, Reaching safepoint: 1005929 ns, At safepoint: 43924 ns, Total: 1049853 ns
[2020-08-12T15:05:18.223+0000][6][safepoint    ] Safepoint "Cleanup", Time since last: 1335861072 ns, Reaching safepoint: 605320 ns, At safepoint: 33912 ns, Total: 639232 ns
[2020-08-12T15:05:19.874+0000][6][safepoint    ] Safepoint "Cleanup", Time since last: 1650274859 ns, Reaching safepoint: 390722 ns, At safepoint: 17562 ns, Total: 408284 ns
[2020-08-12T15:05:20.875+0000][6][safepoint    ] Safepoint "Cleanup", Time since last: 1000213197 ns, Reaching safepoint: 422109 ns, At safepoint: 38975 ns, Total: 461084 ns
[2020-08-12T15:05:21.876+0000][6][safepoint    ] Safepoint "Cleanup", Time since last: 1000300483 ns, Reaching safepoint: 798955 ns, At safepoint: 43938 ns, Total: 842893 ns
[2020-08-12T15:05:22.877+0000][6][safepoint    ] Safepoint "Cleanup", Time since last: 1000500531 ns, Reaching safepoint: 883693 ns, At safepoint: 46499 ns, Total: 930192 ns
[2020-08-12T15:05:23.876+0000][6][gc,start     ] GC(25) Pause Young (Normal) (G1 Evacuation Pause)
[2020-08-12T15:05:23.877+0000][6][gc,task      ] GC(25) Using 2 workers of 2 for evacuation
[2020-08-12T15:05:23.877+0000][6][gc,age       ] GC(25) Desired survivor size 40370176 bytes, new threshold 15 (max threshold 15)
[2020-08-12T15:05:23.916+0000][6][gc,age       ] GC(25) Age table with threshold 15 (max threshold 15)
[2020-08-12T15:05:23.916+0000][6][gc,age       ] GC(25) - age   1:     304608 bytes,     304608 total
[2020-08-12T15:05:23.916+0000][6][gc,age       ] GC(25) - age   2:      96784 bytes,     401392 total
[2020-08-12T15:05:23.916+0000][6][gc,age       ] GC(25) - age   3:      52296 bytes,     453688 total
[2020-08-12T15:05:23.916+0000][6][gc,age       ] GC(25) - age   4:      65024 bytes,     518712 total
[2020-08-12T15:05:23.916+0000][6][gc,age       ] GC(25) - age   5:     362336 bytes,     881048 total
[2020-08-12T15:05:23.916+0000][6][gc,age       ] GC(25) - age   6:     205648 bytes,    1086696 total
[2020-08-12T15:05:23.916+0000][6][gc,phases    ] GC(25)   Pre Evacuate Collection Set: 0.8ms
[2020-08-12T15:05:23.917+0000][6][gc,phases    ] GC(25)   Merge Heap Roots: 0.7ms
[2020-08-12T15:05:23.917+0000][6][gc,phases    ] GC(25)   Evacuate Collection Set: 30.3ms
[2020-08-12T15:05:23.917+0000][6][gc,phases    ] GC(25)   Post Evacuate Collection Set: 6.3ms
[2020-08-12T15:05:23.917+0000][6][gc,phases    ] GC(25)   Other: 2.1ms
[2020-08-12T15:05:23.917+0000][6][gc,heap      ] GC(25) Eden regions: 612->0(612)
[2020-08-12T15:05:23.917+0000][6][gc,heap      ] GC(25) Survivor regions: 2->2(77)
[2020-08-12T15:05:23.917+0000][6][gc,heap      ] GC(25) Old regions: 77->77
[2020-08-12T15:05:23.917+0000][6][gc,heap      ] GC(25) Archive regions: 2->2
[2020-08-12T15:05:23.917+0000][6][gc,heap      ] GC(25) Humongous regions: 7->7
[2020-08-12T15:05:23.917+0000][6][gc,metaspace ] GC(25) Metaspace: 96210K(103736K)->96210K(103736K) NonClass: 83682K(88120K)->83682K(88120K) Class: 12527K(15616K)->12527K(15616K)
[2020-08-12T15:05:23.918+0000][6][gc           ] GC(25) Pause Young (Normal) (G1 Evacuation Pause) 696M->85M(1024M) 41.194ms
[2020-08-12T15:05:23.918+0000][6][gc,cpu       ] GC(25) User=0.05s Sys=0.00s Real=0.04s
[2020-08-12T15:05:23.918+0000][6][safepoint    ] Safepoint "G1CollectForAllocation", Time since last: 998256639 ns, Reaching safepoint: 729831 ns, At safepoint: 42005505 ns, Total: 42735336 ns
[2020-08-12T15:05:24.921+0000][6][safepoint    ] Safepoint "Cleanup", Time since last: 1002089642 ns, Reaching safepoint: 590745 ns, At safepoint: 47450 ns, Total: 638195 ns
[2020-08-12T15:05:25.922+0000][6][safepoint    ] Safepoint "Cleanup", Time since last: 1000355396 ns, Reaching safepoint: 603957 ns, At safepoint: 47062 ns, Total: 651019 ns
[2020-08-12T15:05:26.923+0000][6][safepoint    ] Safepoint "Cleanup", Time since last: 1000303846 ns, Reaching safepoint: 688456 ns, At safepoint: 38625 ns, Total: 727081 ns
[2020-08-12T15:05:27.095+0000][6][safepoint    ] Safepoint "BulkRevokeBias", Time since last: 170320422 ns, Reaching safepoint: 803368 ns, At safepoint: 1356838 ns, Total: 2160206 ns
[2020-08-12T15:05:28.241+0000][6][safepoint    ] Safepoint "Cleanup", Time since last: 1144831220 ns, Reaching safepoint: 802080 ns, At safepoint: 63425 ns, Total: 865505 ns
[2020-08-12T15:05:29.875+0000][6][safepoint    ] Safepoint "Cleanup", Time since last: 1633305371 ns, Reaching safepoint: 338772 ns, At safepoint: 116049 ns, Total: 454821 ns
[2020-08-12T15:05:30.876+0000][6][safepoint    ] Safepoint "Cleanup", Time since last: 1000356309 ns, Reaching safepoint: 700756 ns, At safepoint: 52437 ns, Total: 753193 ns
[2020-08-12T15:05:31.877+0000][6][safepoint    ] Safepoint "Cleanup", Time since last: 1000348046 ns, Reaching safepoint: 604919 ns, At safepoint: 39125 ns, Total: 644044 ns
[2020-08-12T15:05:32.878+0000][6][safepoint    ] Safepoint "Cleanup", Time since last: 1000356471 ns, Reaching safepoint: 560432 ns, At safepoint: 46575 ns, Total: 607007 ns
[2020-08-12T15:05:33.879+0000][6][safepoint    ] Safepoint "Cleanup", Time since last: 1000410770 ns, Reaching safepoint: 521308 ns, At safepoint: 46649 ns, Total: 567957 ns
[2020-08-12T15:05:34.880+0000][6][safepoint    ] Safepoint "Cleanup", Time since last: 1000328534 ns, Reaching safepoint: 280397 ns, At safepoint: 32287 ns, Total: 312684 ns
[2020-08-12T15:05:35.881+0000][6][safepoint    ] Safepoint "Cleanup", Time since last: 1000297847 ns, Reaching safepoint: 789730 ns, At safepoint: 43900 ns, Total: 833630 ns
[2020-08-12T15:05:36.884+0000][6][safepoint    ] Safepoint "Cleanup", Time since last: 1001972169 ns, Reaching safepoint: 986016 ns, At safepoint: 38512 ns, Total: 1024528 ns
[2020-08-12T15:05:38.105+0000][6][safepoint    ] Safepoint "Cleanup", Time since last: 1219780596 ns, Reaching safepoint: 1090516 ns, At safepoint: 56562 ns, Total: 1147078 ns
[2020-08-12T15:05:39.876+0000][6][safepoint    ] Safepoint "Cleanup", Time since last: 1770477511 ns, Reaching safepoint: 407096 ns, At safepoint: 19062 ns, Total: 426158 ns
[2020-08-12T15:05:40.877+0000][6][safepoint    ] Safepoint "Cleanup", Time since last: 1000307959 ns, Reaching safepoint: 822393 ns, At safepoint: 43812 ns, Total: 866205 ns
[2020-08-12T15:05:41.878+0000][6][safepoint    ] Safepoint "Cleanup", Time since last: 1000396220 ns, Reaching safepoint: 892717 ns, At safepoint: 43775 ns, Total: 936492 ns
[2020-08-12T15:05:42.879+0000][6][safepoint    ] Safepoint "Cleanup", Time since last: 1000343520 ns, Reaching safepoint: 810618 ns, At safepoint: 59962 ns, Total: 870580 ns
[2020-08-12T15:05:44.876+0000][6][safepoint    ] Safepoint "Cleanup", Time since last: 1996418192 ns, Reaching safepoint: 388621 ns, At safepoint: 18075 ns, Total: 406696 ns
[2020-08-12T15:05:45.877+0000][6][safepoint    ] Safepoint "Cleanup", Time since last: 1000253522 ns, Reaching safepoint: 714544 ns, At safepoint: 52124 ns, Total: 766668 ns
[2020-08-12T15:05:46.878+0000][6][safepoint    ] Safepoint "Cleanup", Time since last: 1000345396 ns, Reaching safepoint: 685006 ns, At safepoint: 56012 ns, Total: 741018 ns
[2020-08-12T15:05:48.128+0000][6][safepoint    ] Safepoint "Cleanup", Time since last: 1249145888 ns, Reaching safepoint: 710143 ns, At safepoint: 53487 ns, Total: 763630 ns
[2020-08-12T15:05:49.880+0000][6][safepoint    ] Safepoint "Cleanup", Time since last: 1751185606 ns, Reaching safepoint: 463159 ns, At safepoint: 94724 ns, Total: 557883 ns
[2020-08-12T15:05:50.881+0000][6][safepoint    ] Safepoint "Cleanup", Time since last: 1000346521 ns, Reaching safepoint: 687206 ns, At safepoint: 46587 ns, Total: 733793 ns
[2020-08-12T15:05:51.882+0000][6][safepoint    ] Safepoint "Cleanup", Time since last: 1000349583 ns, Reaching safepoint: 649444 ns, At safepoint: 45038 ns, Total: 694482 ns
[2020-08-12T15:05:52.883+0000][6][safepoint    ] Safepoint "Cleanup", Time since last: 1000343983 ns, Reaching safepoint: 664557 ns, At safepoint: 52687 ns, Total: 717244 ns
[2020-08-12T15:05:53.884+0000][6][safepoint    ] Safepoint "Cleanup", Time since last: 1000342595 ns, Reaching safepoint: 830018 ns, At safepoint: 40350 ns, Total: 870368 ns
[2020-08-12T15:05:54.885+0000][6][safepoint    ] Safepoint "Cleanup", Time since last: 1000279658 ns, Reaching safepoint: 392372 ns, At safepoint: 22650 ns, Total: 415022 ns
[2020-08-12T15:05:55.886+0000][6][safepoint    ] Safepoint "Cleanup", Time since last: 1000237184 ns, Reaching safepoint: 884555 ns, At safepoint: 46149 ns, Total: 930704 ns
[2020-08-12T15:05:56.887+0000][6][safepoint    ] Safepoint "Cleanup", Time since last: 1000299496 ns, Reaching safepoint: 678182 ns, At safepoint: 34187 ns, Total: 712369 ns
[2020-08-12T15:05:58.218+0000][6][safepoint    ] Safepoint "Cleanup", Time since last: 1329300567 ns, Reaching safepoint: 1131340 ns, At safepoint: 63175 ns, Total: 1194515 ns
[2020-08-12T15:05:59.887+0000][6][safepoint    ] Safepoint "Cleanup", Time since last: 1668486361 ns, Reaching safepoint: 407934 ns, At safepoint: 44662 ns, Total: 452596 ns
[2020-08-12T15:06:00.888+0000][6][safepoint    ] Safepoint "Cleanup", Time since last: 1000347033 ns, Reaching safepoint: 602233 ns, At safepoint: 51762 ns, Total: 653995 ns
[2020-08-12T15:06:01.889+0000][6][safepoint    ] Safepoint "Cleanup", Time since last: 1000339783 ns, Reaching safepoint: 814768 ns, At safepoint: 43037 ns, Total: 857805 ns
[2020-08-12T15:06:02.890+0000][6][safepoint    ] Safepoint "Cleanup", Time since last: 1000460669 ns, Reaching safepoint: 905830 ns, At safepoint: 43949 ns, Total: 949779 ns
[2020-08-12T15:06:03.953+0000][6][safepoint    ] Safepoint "Cleanup", Time since last: 1061428807 ns, Reaching safepoint: 795330 ns, At safepoint: 52812 ns, Total: 848142 ns
[2020-08-12T15:06:04.960+0000][6][safepoint    ] Safepoint "Cleanup", Time since last: 1006783089 ns, Reaching safepoint: 318498 ns, At safepoint: 11037 ns, Total: 329535 ns
[2020-08-12T15:06:05.961+0000][6][safepoint    ] Safepoint "Cleanup", Time since last: 1000220672 ns, Reaching safepoint: 823930 ns, At safepoint: 43587 ns, Total: 867517 ns
[2020-08-12T15:06:06.962+0000][6][safepoint    ] Safepoint "Cleanup", Time since last: 1000337033 ns, Reaching safepoint: 680232 ns, At safepoint: 29025 ns, Total: 709257 ns
[2020-08-12T15:06:08.050+0000][6][safepoint    ] Safepoint "Cleanup", Time since last: 1087316028 ns, Reaching safepoint: 847442 ns, At safepoint: 46050 ns, Total: 893492 ns
[2020-08-12T15:06:09.879+0000][6][safepoint    ] Safepoint "Cleanup", Time since last: 1827853579 ns, Reaching safepoint: 853405 ns, At safepoint: 44075 ns, Total: 897480 ns
[2020-08-12T15:06:10.880+0000][6][safepoint    ] Safepoint "Cleanup", Time since last: 1000392683 ns, Reaching safepoint: 879342 ns, At safepoint: 67599 ns, Total: 946941 ns
[2020-08-12T15:06:11.881+0000][6][safepoint    ] Safepoint "Cleanup", Time since last: 1000348971 ns, Reaching safepoint: 942229 ns, At safepoint: 44200 ns, Total: 986429 ns
[2020-08-12T15:06:12.882+0000][6][safepoint    ] Safepoint "Cleanup", Time since last: 1000333246 ns, Reaching safepoint: 692768 ns, At safepoint: 43375 ns, Total: 736143 ns
[2020-08-12T15:06:13.884+0000][6][safepoint    ] Safepoint "Cleanup", Time since last: 1000523394 ns, Reaching safepoint: 874830 ns, At safepoint: 198786 ns, Total: 1073616 ns
[2020-08-12T15:06:14.885+0000][6][safepoint    ] Safepoint "Cleanup", Time since last: 1000278346 ns, Reaching safepoint: 449946 ns, At safepoint: 20112 ns, Total: 470058 ns
[2020-08-12T15:06:15.886+0000][6][safepoint    ] Safepoint "Cleanup", Time since last: 1000320409 ns, Reaching safepoint: 613295 ns, At safepoint: 44399 ns, Total: 657694 ns
[2020-08-12T15:06:16.887+0000][6][safepoint    ] Safepoint "Cleanup", Time since last: 1000447132 ns, Reaching safepoint: 746881 ns, At safepoint: 59150 ns, Total: 806031 ns
[2020-08-12T15:06:18.116+0000][6][safepoint    ] Safepoint "Cleanup", Time since last: 1228098073 ns, Reaching safepoint: 615219 ns, At safepoint: 45512 ns, Total: 660731 ns
[2020-08-12T15:06:19.882+0000][6][safepoint    ] Safepoint "Cleanup", Time since last: 1765330532 ns, Reaching safepoint: 461671 ns, At safepoint: 44337 ns, Total: 506008 ns
[2020-08-12T15:06:20.883+0000][6][safepoint    ] Safepoint "Cleanup", Time since last: 1000343733 ns, Reaching safepoint: 607832 ns, At safepoint: 53700 ns, Total: 661532 ns
[2020-08-12T15:06:21.884+0000][6][safepoint    ] Safepoint "Cleanup", Time since last: 1000356095 ns, Reaching safepoint: 692632 ns, At safepoint: 53012 ns, Total: 745644 ns
[2020-08-12T15:06:22.885+0000][6][safepoint    ] Safepoint "Cleanup", Time since last: 1000467407 ns, Reaching safepoint: 583495 ns, At safepoint: 43849 ns, Total: 627344 ns
[2020-08-12T15:06:24.881+0000][6][safepoint    ] Safepoint "Cleanup", Time since last: 1995583074 ns, Reaching safepoint: 393509 ns, At safepoint: 30488 ns, Total: 423997 ns
[2020-08-12T15:06:25.882+0000][6][safepoint    ] Safepoint "Cleanup", Time since last: 1000385345 ns, Reaching safepoint: 586082 ns, At safepoint: 45737 ns, Total: 631819 ns
[2020-08-12T15:06:26.883+0000][6][safepoint    ] Safepoint "Cleanup", Time since last: 1000441320 ns, Reaching safepoint: 1020291 ns, At safepoint: 53625 ns, Total: 1073916 ns
[2020-08-12T15:06:28.223+0000][6][safepoint    ] Safepoint "Cleanup", Time since last: 1338309163 ns, Reaching safepoint: 917816 ns, At safepoint: 70200 ns, Total: 988016 ns
[2020-08-12T15:06:29.878+0000][6][safepoint    ] Safepoint "Cleanup", Time since last: 1654866006 ns, Reaching safepoint: 414471 ns, At safepoint: 25900 ns, Total: 440371 ns
[2020-08-12T15:06:30.879+0000][6][safepoint    ] Safepoint "Cleanup", Time since last: 1000255222 ns, Reaching safepoint: 924679 ns, At safepoint: 44662 ns, Total: 969341 ns
[2020-08-12T15:06:31.881+0000][6][safepoint    ] Safepoint "Cleanup", Time since last: 1000355708 ns, Reaching safepoint: 939767 ns, At safepoint: 43625 ns, Total: 983392 ns
[2020-08-12T15:06:32.882+0000][6][safepoint    ] Safepoint "Cleanup", Time since last: 1000380920 ns, Reaching safepoint: 785268 ns, At safepoint: 43437 ns, Total: 828705 ns
[2020-08-12T15:06:33.883+0000][6][safepoint    ] Safepoint "Cleanup", Time since last: 1000398795 ns, Reaching safepoint: 1161553 ns, At safepoint: 57812 ns, Total: 1219365 ns
[2020-08-12T15:06:34.884+0000][6][safepoint    ] Safepoint "Cleanup", Time since last: 1000299358 ns, Reaching safepoint: 504433 ns, At safepoint: 18913 ns, Total: 523346 ns
[2020-08-12T15:06:35.885+0000][6][safepoint    ] Safepoint "Cleanup", Time since last: 1000235559 ns, Reaching safepoint: 814630 ns, At safepoint: 59312 ns, Total: 873942 ns
[2020-08-12T15:06:36.886+0000][6][safepoint    ] Safepoint "Cleanup", Time since last: 1000318271 ns, Reaching safepoint: 604995 ns, At safepoint: 38199 ns, Total: 643194 ns
[2020-08-12T15:06:38.147+0000][6][safepoint    ] Safepoint "Cleanup", Time since last: 1259790919 ns, Reaching safepoint: 637594 ns, At safepoint: 53987 ns, Total: 691581 ns
[2020-08-12T15:06:38.882+0000][6][safepoint    ] Safepoint "BulkRevokeBias", Time since last: 732594322 ns, Reaching safepoint: 598307 ns, At safepoint: 1740747 ns, Total: 2339054 ns
[2020-08-12T15:06:39.884+0000][6][safepoint    ] Safepoint "Cleanup", Time since last: 1002406652 ns, Reaching safepoint: 405309 ns, At safepoint: 20625 ns, Total: 425934 ns
[2020-08-12T15:06:40.886+0000][6][safepoint    ] Safepoint "Cleanup", Time since last: 1000257834 ns, Reaching safepoint: 916180 ns, At safepoint: 43799 ns, Total: 959979 ns
[2020-08-12T15:06:41.887+0000][6][safepoint    ] Safepoint "Cleanup", Time since last: 1000391283 ns, Reaching safepoint: 869930 ns, At safepoint: 66249 ns, Total: 936179 ns
[2020-08-12T15:06:42.888+0000][6][safepoint    ] Safepoint "Cleanup", Time since last: 1000337659 ns, Reaching safepoint: 736743 ns, At safepoint: 54237 ns, Total: 790980 ns
[2020-08-12T15:06:44.882+0000][6][safepoint    ] Safepoint "Cleanup", Time since last: 1993780190 ns, Reaching safepoint: 439496 ns, At safepoint: 44250 ns, Total: 483746 ns
[2020-08-12T15:06:45.884+0000][6][safepoint    ] Safepoint "Cleanup", Time since last: 1000344333 ns, Reaching safepoint: 847692 ns, At safepoint: 44075 ns, Total: 891767 ns
[2020-08-12T15:06:46.885+0000][6][safepoint    ] Safepoint "Cleanup", Time since last: 1000402883 ns, Reaching safepoint: 697819 ns, At safepoint: 31387 ns, Total: 729206 ns
[2020-08-12T15:06:48.141+0000][6][safepoint    ] Safepoint "Cleanup", Time since last: 1255926752 ns, Reaching safepoint: 605445 ns, At safepoint: 42187 ns, Total: 647632 ns
[2020-08-12T15:06:49.895+0000][6][safepoint    ] Safepoint "Cleanup", Time since last: 1753338587 ns, Reaching safepoint: 664532 ns, At safepoint: 56099 ns, Total: 720631 ns
[2020-08-12T15:06:50.897+0000][6][safepoint    ] Safepoint "Cleanup", Time since last: 1000352233 ns, Reaching safepoint: 762531 ns, At safepoint: 56500 ns, Total: 819031 ns
[2020-08-12T15:06:51.898+0000][6][safepoint    ] Safepoint "Cleanup", Time since last: 1000373020 ns, Reaching safepoint: 790031 ns, At safepoint: 43399 ns, Total: 833430 ns
[2020-08-12T15:06:52.899+0000][6][safepoint    ] Safepoint "Cleanup", Time since last: 1000391945 ns, Reaching safepoint: 996504 ns, At safepoint: 43475 ns, Total: 1039979 ns
[2020-08-12T15:06:53.900+0000][6][safepoint    ] Safepoint "Cleanup", Time since last: 1000363995 ns, Reaching safepoint: 667070 ns, At safepoint: 38574 ns, Total: 705644 ns
[2020-08-12T15:06:54.901+0000][6][safepoint    ] Safepoint "Cleanup", Time since last: 1000323534 ns, Reaching safepoint: 419446 ns, At safepoint: 55762 ns, Total: 475208 ns
[2020-08-12T15:06:55.902+0000][6][safepoint    ] Safepoint "Cleanup", Time since last: 1000343271 ns, Reaching safepoint: 649881 ns, At safepoint: 43663 ns, Total: 693544 ns
[2020-08-12T15:06:56.903+0000][6][safepoint    ] Safepoint "Cleanup", Time since last: 1000332270 ns, Reaching safepoint: 941392 ns, At safepoint: 42975 ns, Total: 984367 ns
[2020-08-12T15:06:58.244+0000][6][safepoint    ] Safepoint "Cleanup", Time since last: 1339149093 ns, Reaching safepoint: 820392 ns, At safepoint: 65550 ns, Total: 885942 ns
[2020-08-12T15:06:59.884+0000][6][safepoint    ] Safepoint "Cleanup", Time since last: 1639580966 ns, Reaching safepoint: 480033 ns, At safepoint: 44137 ns, Total: 524170 ns
[2020-08-12T15:07:00.885+0000][6][safepoint    ] Safepoint "Cleanup", Time since last: 1000350046 ns, Reaching safepoint: 585045 ns, At safepoint: 43587 ns, Total: 628632 ns
[2020-08-12T15:07:01.886+0000][6][safepoint    ] Safepoint "Cleanup", Time since last: 1000348671 ns, Reaching safepoint: 819230 ns, At safepoint: 43937 ns, Total: 863167 ns
[2020-08-12T15:07:02.887+0000][6][safepoint    ] Safepoint "Cleanup", Time since last: 1000419257 ns, Reaching safepoint: 1003829 ns, At safepoint: 43950 ns, Total: 1047779 ns
[2020-08-12T15:07:03.890+0000][6][safepoint    ] Safepoint "BulkRevokeBias", Time since last: 999040970 ns, Reaching safepoint: 627194 ns, At safepoint: 2602202 ns, Total: 3229396 ns
[2020-08-12T15:07:04.894+0000][6][safepoint    ] Safepoint "Cleanup", Time since last: 1004057538 ns, Reaching safepoint: 364747 ns, At safepoint: 16075 ns, Total: 380822 ns
[2020-08-12T15:07:05.895+0000][6][safepoint    ] Safepoint "Cleanup", Time since last: 1000228034 ns, Reaching safepoint: 722831 ns, At safepoint: 58274 ns, Total: 781105 ns
[2020-08-12T15:07:06.896+0000][6][safepoint    ] Safepoint "Cleanup", Time since last: 1000326109 ns, Reaching safepoint: 920004 ns, At safepoint: 48700 ns, Total: 968704 ns
[2020-08-12T15:07:08.184+0000][6][safepoint    ] Safepoint "Cleanup", Time since last: 1286875991 ns, Reaching safepoint: 588695 ns, At safepoint: 43850 ns, Total: 632545 ns
[2020-08-12T15:07:09.885+0000][6][safepoint    ] Safepoint "Cleanup", Time since last: 1700687752 ns, Reaching safepoint: 431246 ns, At safepoint: 18875 ns, Total: 450121 ns
[2020-08-12T15:07:10.886+0000][6][safepoint    ] Safepoint "Cleanup", Time since last: 1000253996 ns, Reaching safepoint: 967492 ns, At safepoint: 43837 ns, Total: 1011329 ns
[2020-08-12T15:07:11.887+0000][6][safepoint    ] Safepoint "Cleanup", Time since last: 1000350758 ns, Reaching safepoint: 880217 ns, At safepoint: 45762 ns, Total: 925979 ns
[2020-08-12T15:07:12.888+0000][6][safepoint    ] Safepoint "Cleanup", Time since last: 1000314797 ns, Reaching safepoint: 549132 ns, At safepoint: 54087 ns, Total: 603219 ns
[2020-08-12T15:07:13.889+0000][6][safepoint    ] Safepoint "Cleanup", Time since last: 1000341708 ns, Reaching safepoint: 530933 ns, At safepoint: 45887 ns, Total: 576820 ns
[2020-08-12T15:07:14.890+0000][6][safepoint    ] Safepoint "Cleanup", Time since last: 1000341708 ns, Reaching safepoint: 532508 ns, At safepoint: 44275 ns, Total: 576783 ns
[2020-08-12T15:07:15.891+0000][6][safepoint    ] Safepoint "Cleanup", Time since last: 1000344233 ns, Reaching safepoint: 714231 ns, At safepoint: 45750 ns, Total: 759981 ns
[2020-08-12T15:07:16.892+0000][6][safepoint    ] Safepoint "Cleanup", Time since last: 1000300771 ns, Reaching safepoint: 632669 ns, At safepoint: 33550 ns, Total: 666219 ns
[2020-08-12T15:07:18.111+0000][6][safepoint    ] Safepoint "Cleanup", Time since last: 1217266944 ns, Reaching safepoint: 888717 ns, At safepoint: 54712 ns, Total: 943429 ns
[2020-08-12T15:07:19.888+0000][6][safepoint    ] Safepoint "Cleanup", Time since last: 1776870204 ns, Reaching safepoint: 420322 ns, At safepoint: 19075 ns, Total: 439397 ns
[2020-08-12T15:07:20.889+0000][6][safepoint    ] Safepoint "Cleanup", Time since last: 1000321671 ns, Reaching safepoint: 622369 ns, At safepoint: 55050 ns, Total: 677419 ns
[2020-08-12T15:07:21.890+0000][6][safepoint    ] Safepoint "Cleanup", Time since last: 1000475694 ns, Reaching safepoint: 665932 ns, At safepoint: 52837 ns, Total: 718769 ns
[2020-08-12T15:07:22.891+0000][6][safepoint    ] Safepoint "Cleanup", Time since last: 1000343846 ns, Reaching safepoint: 818593 ns, At safepoint: 46299 ns, Total: 864892 ns
[2020-08-12T15:07:24.888+0000][6][safepoint    ] Safepoint "Cleanup", Time since last: 1996048207 ns, Reaching safepoint: 407159 ns, At safepoint: 17300 ns, Total: 424459 ns
[2020-08-12T15:07:25.889+0000][6][safepoint    ] Safepoint "Cleanup", Time since last: 1000290446 ns, Reaching safepoint: 616295 ns, At safepoint: 54999 ns, Total: 671294 ns
[2020-08-12T15:07:26.890+0000][6][safepoint    ] Safepoint "Cleanup", Time since last: 1000368721 ns, Reaching safepoint: 705856 ns, At safepoint: 31237 ns, Total: 737093 ns
[2020-08-12T15:07:28.295+0000][6][safepoint    ] Safepoint "Cleanup", Time since last: 1404505141 ns, Reaching safepoint: 994041 ns, At safepoint: 46250 ns, Total: 1040291 ns
[2020-08-12T15:07:29.887+0000][6][safepoint    ] Safepoint "Cleanup", Time since last: 1591651527 ns, Reaching safepoint: 444171 ns, At safepoint: 43849 ns, Total: 488020 ns
[2020-08-12T15:07:30.889+0000][6][safepoint    ] Safepoint "Cleanup", Time since last: 1000350796 ns, Reaching safepoint: 672244 ns, At safepoint: 51925 ns, Total: 724169 ns
[2020-08-12T15:07:31.890+0000][6][safepoint    ] Safepoint "Cleanup", Time since last: 1000378133 ns, Reaching safepoint: 778368 ns, At safepoint: 43199 ns, Total: 821567 ns
[2020-08-12T15:07:32.891+0000][6][safepoint    ] Safepoint "Cleanup", Time since last: 1000385796 ns, Reaching safepoint: 541570 ns, At safepoint: 27350 ns, Total: 568920 ns
[2020-08-12T15:07:33.891+0000][6][safepoint    ] Safepoint "Cleanup", Time since last: 1000232946 ns, Reaching safepoint: 343922 ns, At safepoint: 15825 ns, Total: 359747 ns
[2020-08-12T15:07:34.892+0000][6][safepoint    ] Safepoint "Cleanup", Time since last: 1000212185 ns, Reaching safepoint: 268010 ns, At safepoint: 10887 ns, Total: 278897 ns
[2020-08-12T15:07:35.893+0000][6][safepoint    ] Safepoint "Cleanup", Time since last: 1000221984 ns, Reaching safepoint: 818393 ns, At safepoint: 44062 ns, Total: 862455 ns
[2020-08-12T15:07:36.894+0000][6][safepoint    ] Safepoint "Cleanup", Time since last: 1000363608 ns, Reaching safepoint: 599070 ns, At safepoint: 29725 ns, Total: 628795 ns
[2020-08-12T15:07:38.105+0000][6][safepoint    ] Safepoint "Cleanup", Time since last: 1210231056 ns, Reaching safepoint: 519095 ns, At safepoint: 54262 ns, Total: 573357 ns
[2020-08-12T15:07:39.892+0000][6][safepoint    ] Safepoint "Cleanup", Time since last: 1787208263 ns, Reaching safepoint: 543770 ns, At safepoint: 20925 ns, Total: 564695 ns
[2020-08-12T15:07:40.893+0000][6][safepoint    ] Safepoint "Cleanup", Time since last: 1000251209 ns, Reaching safepoint: 648657 ns, At safepoint: 53425 ns, Total: 702082 ns
[2020-08-12T15:07:41.894+0000][6][safepoint    ] Safepoint "Cleanup", Time since last: 1000352720 ns, Reaching safepoint: 669194 ns, At safepoint: 52325 ns, Total: 721519 ns
[2020-08-12T15:07:42.896+0000][6][safepoint    ] Safepoint "Cleanup", Time since last: 1000351271 ns, Reaching safepoint: 846292 ns, At safepoint: 44050 ns, Total: 890342 ns
[2020-08-12T15:07:44.891+0000][6][safepoint    ] Safepoint "Cleanup", Time since last: 1995145577 ns, Reaching safepoint: 572233 ns, At safepoint: 20612 ns, Total: 592845 ns
[2020-08-12T15:07:45.892+0000][6][safepoint    ] Safepoint "Cleanup", Time since last: 1000246834 ns, Reaching safepoint: 672982 ns, At safepoint: 43712 ns, Total: 716694 ns
[2020-08-12T15:07:46.893+0000][6][safepoint    ] Safepoint "Cleanup", Time since last: 1000297884 ns, Reaching safepoint: 687344 ns, At safepoint: 32224 ns, Total: 719568 ns
[2020-08-12T15:07:48.150+0000][6][safepoint    ] Safepoint "Cleanup", Time since last: 1255577343 ns, Reaching safepoint: 608182 ns, At safepoint: 45800 ns, Total: 653982 ns
[2020-08-12T15:07:49.890+0000][6][safepoint    ] Safepoint "Cleanup", Time since last: 1740466263 ns, Reaching safepoint: 365910 ns, At safepoint: 19337 ns, Total: 385247 ns
[2020-08-12T15:07:50.892+0000][6][safepoint    ] Safepoint "Cleanup", Time since last: 1000239784 ns, Reaching safepoint: 830418 ns, At safepoint: 43474 ns, Total: 873892 ns
[2020-08-12T15:07:51.893+0000][6][safepoint    ] Safepoint "Cleanup", Time since last: 1000338884 ns, Reaching safepoint: 815905 ns, At safepoint: 44024 ns, Total: 859929 ns
[2020-08-12T15:07:52.894+0000][6][safepoint    ] Safepoint "Cleanup", Time since last: 1000440708 ns, Reaching safepoint: 889217 ns, At safepoint: 43637 ns, Total: 932854 ns
[2020-08-12T15:07:53.897+0000][6][safepoint    ] Safepoint "Cleanup", Time since last: 1000345533 ns, Reaching safepoint: 1965783 ns, At safepoint: 59412 ns, Total: 2025195 ns
[2020-08-12T15:07:54.897+0000][6][safepoint    ] Safepoint "Cleanup", Time since last: 1000290584 ns, Reaching safepoint: 561432 ns, At safepoint: 18988 ns, Total: 580420 ns
[2020-08-12T15:07:55.898+0000][6][safepoint    ] Safepoint "Cleanup", Time since last: 1000228496 ns, Reaching safepoint: 639132 ns, At safepoint: 39912 ns, Total: 679044 ns
[2020-08-12T15:07:56.900+0000][6][safepoint    ] Safepoint "Cleanup", Time since last: 1000479332 ns, Reaching safepoint: 1102291 ns, At safepoint: 59362 ns, Total: 1161653 ns
[2020-08-12T15:07:58.280+0000][6][safepoint    ] Safepoint "Cleanup", Time since last: 1379052978 ns, Reaching safepoint: 802730 ns, At safepoint: 99787 ns, Total: 902517 ns
[2020-08-12T15:07:59.888+0000][6][safepoint    ] Safepoint "Cleanup", Time since last: 1608174068 ns, Reaching safepoint: 371822 ns, At safepoint: 17312 ns, Total: 389134 ns
[2020-08-12T15:08:00.890+0000][6][safepoint    ] Safepoint "Cleanup", Time since last: 1000246272 ns, Reaching safepoint: 828730 ns, At safepoint: 44112 ns, Total: 872842 ns
[2020-08-12T15:08:01.891+0000][6][safepoint    ] Safepoint "Cleanup", Time since last: 1000350096 ns, Reaching safepoint: 853317 ns, At safepoint: 43762 ns, Total: 897079 ns
[2020-08-12T15:08:02.892+0000][6][safepoint    ] Safepoint "Cleanup", Time since last: 1000394696 ns, Reaching safepoint: 969266 ns, At safepoint: 43762 ns, Total: 1013028 ns
[2020-08-12T15:08:03.893+0000][6][safepoint    ] Safepoint "Cleanup", Time since last: 1000293634 ns, Reaching safepoint: 721156 ns, At safepoint: 53487 ns, Total: 774643 ns
[2020-08-12T15:08:04.895+0000][6][safepoint    ] Safepoint "Cleanup", Time since last: 1000518044 ns, Reaching safepoint: 637020 ns, At safepoint: 43474 ns, Total: 680494 ns
[2020-08-12T15:08:05.897+0000][6][safepoint    ] Safepoint "Cleanup", Time since last: 1001470361 ns, Reaching safepoint: 1120353 ns, At safepoint: 56649 ns, Total: 1177002 ns
[2020-08-12T15:08:06.898+0000][6][safepoint    ] Safepoint "Cleanup", Time since last: 1000323784 ns, Reaching safepoint: 459908 ns, At safepoint: 35287 ns, Total: 495195 ns
[2020-08-12T15:08:07.982+0000][6][safepoint    ] Safepoint "Cleanup", Time since last: 1083101440 ns, Reaching safepoint: 606483 ns, At safepoint: 43799 ns, Total: 650282 ns
[2020-08-12T15:08:09.892+0000][6][safepoint    ] Safepoint "Cleanup", Time since last: 1910030967 ns, Reaching safepoint: 309335 ns, At safepoint: 16599 ns, Total: 325934 ns
[2020-08-12T15:08:10.893+0000][6][safepoint    ] Safepoint "Cleanup", Time since last: 1000231447 ns, Reaching safepoint: 659519 ns, At safepoint: 44162 ns, Total: 703681 ns
[2020-08-12T15:08:11.894+0000][6][safepoint    ] Safepoint "Cleanup", Time since last: 1000344071 ns, Reaching safepoint: 642520 ns, At safepoint: 44137 ns, Total: 686657 ns
[2020-08-12T15:08:12.895+0000][6][safepoint    ] Safepoint "Cleanup", Time since last: 1000338208 ns, Reaching safepoint: 640994 ns, At safepoint: 45862 ns, Total: 686856 ns
[2020-08-12T15:08:13.897+0000][6][safepoint    ] Safepoint "Cleanup", Time since last: 1000397983 ns, Reaching safepoint: 1071341 ns, At safepoint: 44087 ns, Total: 1115428 ns
[2020-08-12T15:08:14.898+0000][6][safepoint    ] Safepoint "Cleanup", Time since last: 1000347008 ns, Reaching safepoint: 815793 ns, At safepoint: 44212 ns, Total: 860005 ns
[2020-08-12T15:08:15.899+0000][6][safepoint    ] Safepoint "Cleanup", Time since last: 1000390708 ns, Reaching safepoint: 844917 ns, At safepoint: 42912 ns, Total: 887829 ns
[2020-08-12T15:08:16.900+0000][6][safepoint    ] Safepoint "Cleanup", Time since last: 1000299859 ns, Reaching safepoint: 805493 ns, At safepoint: 31350 ns, Total: 836843 ns
[2020-08-12T15:08:18.080+0000][6][safepoint    ] Safepoint "Cleanup", Time since last: 1179713624 ns, Reaching safepoint: 369822 ns, At safepoint: 18138 ns, Total: 387960 ns
[2020-08-12T15:08:20.071+0000][6][safepoint    ] Safepoint "Cleanup", Time since last: 1990797341 ns, Reaching safepoint: 333997 ns, At safepoint: 16975 ns, Total: 350972 ns
[2020-08-12T15:08:21.072+0000][6][safepoint    ] Safepoint "Cleanup", Time since last: 1000239071 ns, Reaching safepoint: 690632 ns, At safepoint: 43824 ns, Total: 734456 ns
[2020-08-12T15:08:22.074+0000][6][safepoint    ] Safepoint "Cleanup", Time since last: 1000302072 ns, Reaching safepoint: 727256 ns, At safepoint: 73399 ns, Total: 800655 ns
[2020-08-12T15:08:23.075+0000][6][safepoint    ] Safepoint "Cleanup", Time since last: 1000375108 ns, Reaching safepoint: 864580 ns, At safepoint: 43437 ns, Total: 908017 ns
[2020-08-12T15:08:24.895+0000][6][safepoint    ] Safepoint "Cleanup", Time since last: 1819310980 ns, Reaching safepoint: 583695 ns, At safepoint: 21412 ns, Total: 605107 ns
[2020-08-12T15:08:25.896+0000][6][safepoint    ] Safepoint "Cleanup", Time since last: 1000275509 ns, Reaching safepoint: 811743 ns, At safepoint: 99886 ns, Total: 911629 ns
[2020-08-12T15:08:26.897+0000][6][safepoint    ] Safepoint "Cleanup", Time since last: 1000319484 ns, Reaching safepoint: 755256 ns, At safepoint: 43962 ns, Total: 799218 ns
[2020-08-12T15:08:28.277+0000][6][safepoint    ] Safepoint "Cleanup", Time since last: 1379048228 ns, Reaching safepoint: 885217 ns, At safepoint: 44862 ns, Total: 930079 ns
[2020-08-12T15:08:29.897+0000][6][safepoint    ] Safepoint "Cleanup", Time since last: 1619231921 ns, Reaching safepoint: 365259 ns, At safepoint: 19388 ns, Total: 384647 ns
[2020-08-12T15:08:30.898+0000][6][safepoint    ] Safepoint "Cleanup", Time since last: 1000277133 ns, Reaching safepoint: 589108 ns, At safepoint: 46037 ns, Total: 635145 ns
[2020-08-12T15:08:31.899+0000][6][safepoint    ] Safepoint "Cleanup", Time since last: 1000428770 ns, Reaching safepoint: 783605 ns, At safepoint: 44200 ns, Total: 827805 ns
[2020-08-12T15:08:32.900+0000][6][safepoint    ] Safepoint "Cleanup", Time since last: 1000388383 ns, Reaching safepoint: 946279 ns, At safepoint: 43337 ns, Total: 989616 ns
[2020-08-12T15:08:33.902+0000][6][safepoint    ] Safepoint "Cleanup", Time since last: 1000469470 ns, Reaching safepoint: 993928 ns, At safepoint: 43550 ns, Total: 1037478 ns
[2020-08-12T15:08:34.902+0000][6][safepoint    ] Safepoint "Cleanup", Time since last: 1000379058 ns, Reaching safepoint: 328747 ns, At safepoint: 14787 ns, Total: 343534 ns
[2020-08-12T15:08:35.903+0000][6][safepoint    ] Safepoint "Cleanup", Time since last: 1000242672 ns, Reaching safepoint: 640244 ns, At safepoint: 43237 ns, Total: 683481 ns
[2020-08-12T15:08:36.904+0000][6][safepoint    ] Safepoint "Cleanup", Time since last: 1000348359 ns, Reaching safepoint: 657181 ns, At safepoint: 83112 ns, Total: 740293 ns
[2020-08-12T15:08:38.104+0000][6][safepoint    ] Safepoint "Cleanup", Time since last: 1199085504 ns, Reaching safepoint: 691919 ns, At safepoint: 53350 ns, Total: 745269 ns
[2020-08-12T15:08:39.893+0000][6][safepoint    ] Safepoint "Cleanup", Time since last: 1788458014 ns, Reaching safepoint: 380772 ns, At safepoint: 17100 ns, Total: 397872 ns
[2020-08-12T15:08:40.894+0000][6][safepoint    ] Safepoint "Cleanup", Time since last: 1000246309 ns, Reaching safepoint: 797355 ns, At safepoint: 45750 ns, Total: 843105 ns
[2020-08-12T15:08:41.895+0000][6][safepoint    ] Safepoint "Cleanup", Time since last: 1000385045 ns, Reaching safepoint: 713119 ns, At safepoint: 54549 ns, Total: 767668 ns
[2020-08-12T15:08:42.896+0000][6][safepoint    ] Safepoint "Cleanup", Time since last: 1000351034 ns, Reaching safepoint: 646844 ns, At safepoint: 44037 ns, Total: 690881 ns
[2020-08-12T15:08:44.897+0000][6][safepoint    ] Safepoint "Cleanup", Time since last: 1999758625 ns, Reaching safepoint: 603319 ns, At safepoint: 22200 ns, Total: 625519 ns
[2020-08-12T15:08:45.898+0000][6][safepoint    ] Safepoint "Cleanup", Time since last: 1000271284 ns, Reaching safepoint: 850968 ns, At safepoint: 47462 ns, Total: 898430 ns
[2020-08-12T15:08:46.899+0000][6][safepoint    ] Safepoint "Cleanup", Time since last: 1000339445 ns, Reaching safepoint: 998804 ns, At safepoint: 55125 ns, Total: 1053929 ns
[2020-08-12T15:08:48.111+0000][6][safepoint    ] Safepoint "Cleanup", Time since last: 1211243771 ns, Reaching safepoint: 780531 ns, At safepoint: 46000 ns, Total: 826531 ns
[2020-08-12T15:08:49.899+0000][6][safepoint    ] Safepoint "Cleanup", Time since last: 1786305421 ns, Reaching safepoint: 892892 ns, At safepoint: 43412 ns, Total: 936304 ns
[2020-08-12T15:08:50.900+0000][6][safepoint    ] Safepoint "Cleanup", Time since last: 1000393020 ns, Reaching safepoint: 860305 ns, At safepoint: 44787 ns, Total: 905092 ns
[2020-08-12T15:08:51.901+0000][6][safepoint    ] Safepoint "Cleanup", Time since last: 1000366396 ns, Reaching safepoint: 865505 ns, At safepoint: 43549 ns, Total: 909054 ns
[2020-08-12T15:08:52.902+0000][6][safepoint    ] Safepoint "Cleanup", Time since last: 1000349196 ns, Reaching safepoint: 706419 ns, At safepoint: 44199 ns, Total: 750618 ns
[2020-08-12T15:08:53.904+0000][6][safepoint    ] Safepoint "Cleanup", Time since last: 1000661943 ns, Reaching safepoint: 1062903 ns, At safepoint: 45400 ns, Total: 1108303 ns
[2020-08-12T15:08:54.905+0000][6][safepoint    ] Safepoint "Cleanup", Time since last: 1000312384 ns, Reaching safepoint: 410046 ns, At safepoint: 126736 ns, Total: 536782 ns
[2020-08-12T15:08:55.906+0000][6][safepoint    ] Safepoint "Cleanup", Time since last: 1000339559 ns, Reaching safepoint: 965566 ns, At safepoint: 51012 ns, Total: 1016578 ns
[2020-08-12T15:08:56.907+0000][6][safepoint    ] Safepoint "Cleanup", Time since last: 1000342171 ns, Reaching safepoint: 732143 ns, At safepoint: 54462 ns, Total: 786605 ns
[2020-08-12T15:08:58.232+0000][6][safepoint    ] Safepoint "Cleanup", Time since last: 1323271858 ns, Reaching safepoint: 884330 ns, At safepoint: 58537 ns, Total: 942867 ns
[2020-08-12T15:08:59.900+0000][6][safepoint    ] Safepoint "Cleanup", Time since last: 1668075690 ns, Reaching safepoint: 484220 ns, At safepoint: 43963 ns, Total: 528183 ns
[2020-08-12T15:09:00.902+0000][6][safepoint    ] Safepoint "Cleanup", Time since last: 1000341445 ns, Reaching safepoint: 929130 ns, At safepoint: 73786 ns, Total: 1002916 ns
[2020-08-12T15:09:01.903+0000][6][safepoint    ] Safepoint "Cleanup", Time since last: 1000330221 ns, Reaching safepoint: 701494 ns, At safepoint: 44112 ns, Total: 745606 ns
[2020-08-12T15:09:02.904+0000][6][safepoint    ] Safepoint "Cleanup", Time since last: 1000357483 ns, Reaching safepoint: 961217 ns, At safepoint: 44862 ns, Total: 1006079 ns
[2020-08-12T15:09:03.903+0000][6][safepoint    ] Safepoint "BulkRevokeBias", Time since last: 995169154 ns, Reaching safepoint: 821530 ns, At safepoint: 2458653 ns, Total: 3280183 ns
[2020-08-12T15:09:04.906+0000][6][safepoint    ] Safepoint "Cleanup", Time since last: 1002573664 ns, Reaching safepoint: 477796 ns, At safepoint: 22975 ns, Total: 500771 ns
[2020-08-12T15:09:05.906+0000][6][safepoint    ] Safepoint "Cleanup", Time since last: 1000183547 ns, Reaching safepoint: 435709 ns, At safepoint: 16312 ns, Total: 452021 ns
[2020-08-12T15:09:06.907+0000][6][safepoint    ] Safepoint "Cleanup", Time since last: 1000199759 ns, Reaching safepoint: 496758 ns, At safepoint: 32087 ns, Total: 528845 ns
[2020-08-12T15:09:07.144+0000][6][safepoint    ] Safepoint "BulkRevokeBias", Time since last: 235028376 ns, Reaching safepoint: 411209 ns, At safepoint: 1391163 ns, Total: 1802372 ns
[2020-08-12T15:09:08.145+0000][6][safepoint    ] Safepoint "Cleanup", Time since last: 1000369583 ns, Reaching safepoint: 616094 ns, At safepoint: 45175 ns, Total: 661269 ns
[2020-08-12T15:09:08.902+0000][6][safepoint    ] Safepoint "BulkRevokeBias", Time since last: 753228114 ns, Reaching safepoint: 661382 ns, At safepoint: 3406020 ns, Total: 4067402 ns
[2020-08-12T15:09:09.904+0000][6][safepoint    ] Safepoint "Cleanup", Time since last: 1001501210 ns, Reaching safepoint: 490858 ns, At safepoint: 43850 ns, Total: 534708 ns
[2020-08-12T15:09:10.905+0000][6][safepoint    ] Safepoint "Cleanup", Time since last: 1000347258 ns, Reaching safepoint: 596533 ns, At safepoint: 43549 ns, Total: 640082 ns
[2020-08-12T15:09:11.906+0000][6][safepoint    ] Safepoint "Cleanup", Time since last: 1000346171 ns, Reaching safepoint: 674619 ns, At safepoint: 43775 ns, Total: 718394 ns
[2020-08-12T15:09:12.908+0000][6][safepoint    ] Safepoint "Cleanup", Time since last: 1000353032 ns, Reaching safepoint: 950992 ns, At safepoint: 43562 ns, Total: 994554 ns
[2020-08-12T15:09:13.909+0000][6][safepoint    ] Safepoint "Cleanup", Time since last: 1000389458 ns, Reaching safepoint: 799981 ns, At safepoint: 43674 ns, Total: 843655 ns
[2020-08-12T15:09:14.909+0000][6][safepoint    ] Safepoint "Cleanup", Time since last: 1000353834 ns, Reaching safepoint: 342859 ns, At safepoint: 15700 ns, Total: 358559 ns
[2020-08-12T15:09:15.910+0000][6][safepoint    ] Safepoint "Cleanup", Time since last: 1000247609 ns, Reaching safepoint: 644357 ns, At safepoint: 43812 ns, Total: 688169 ns
[2020-08-12T15:09:16.911+0000][6][safepoint    ] Safepoint "Cleanup", Time since last: 1000301283 ns, Reaching safepoint: 580508 ns, At safepoint: 29224 ns, Total: 609732 ns
[2020-08-12T15:09:18.089+0000][6][safepoint    ] Safepoint "Cleanup", Time since last: 1176878425 ns, Reaching safepoint: 574495 ns, At safepoint: 45625 ns, Total: 620120 ns
[2020-08-12T15:09:19.751+0000][6][safepoint    ] Safepoint "BulkRevokeBias", Time since last: 1658370350 ns, Reaching safepoint: 1007192 ns, At safepoint: 2949936 ns, Total: 3957128 ns
[2020-08-12T15:09:20.760+0000][6][safepoint    ] Safepoint "Cleanup", Time since last: 1008254463 ns, Reaching safepoint: 824143 ns, At safepoint: 44400 ns, Total: 868543 ns
[2020-08-12T15:09:21.761+0000][6][safepoint    ] Safepoint "Cleanup", Time since last: 1000347370 ns, Reaching safepoint: 692094 ns, At safepoint: 45637 ns, Total: 737731 ns
[2020-08-12T15:09:22.763+0000][6][safepoint    ] Safepoint "Cleanup", Time since last: 1000402708 ns, Reaching safepoint: 809931 ns, At safepoint: 43612 ns, Total: 853543 ns
[2020-08-12T15:09:23.764+0000][6][safepoint    ] Safepoint "Cleanup", Time since last: 1000355820 ns, Reaching safepoint: 788618 ns, At safepoint: 43812 ns, Total: 832430 ns
[2020-08-12T15:09:24.900+0000][6][safepoint    ] Safepoint "Cleanup", Time since last: 1135910987 ns, Reaching safepoint: 364297 ns, At safepoint: 16050 ns, Total: 380347 ns
[2020-08-12T15:09:25.901+0000][6][safepoint    ] Safepoint "Cleanup", Time since last: 1000226621 ns, Reaching safepoint: 811818 ns, At safepoint: 45612 ns, Total: 857430 ns
[2020-08-12T15:09:26.902+0000][6][safepoint    ] Safepoint "Cleanup", Time since last: 1000312234 ns, Reaching safepoint: 804030 ns, At safepoint: 40025 ns, Total: 844055 ns
[2020-08-12T15:09:28.335+0000][6][safepoint    ] Safepoint "Cleanup", Time since last: 1431959136 ns, Reaching safepoint: 851043 ns, At safepoint: 56537 ns, Total: 907580 ns
[2020-08-12T15:09:29.902+0000][6][safepoint    ] Safepoint "Cleanup", Time since last: 1566078665 ns, Reaching safepoint: 273035 ns, At safepoint: 12437 ns, Total: 285472 ns
[2020-08-12T15:09:30.903+0000][6][safepoint    ] Safepoint "Cleanup", Time since last: 1000233659 ns, Reaching safepoint: 831131 ns, At safepoint: 43437 ns, Total: 874568 ns
[2020-08-12T15:09:31.904+0000][6][safepoint    ] Safepoint "Cleanup", Time since last: 1000397895 ns, Reaching safepoint: 771905 ns, At safepoint: 112712 ns, Total: 884617 ns
[2020-08-12T15:09:32.905+0000][6][safepoint    ] Safepoint "Cleanup", Time since last: 1000391645 ns, Reaching safepoint: 633945 ns, At safepoint: 27674 ns, Total: 661619 ns
[2020-08-12T15:09:33.908+0000][6][safepoint    ] Safepoint "Cleanup", Time since last: 1001959557 ns, Reaching safepoint: 881255 ns, At safepoint: 127686 ns, Total: 1008941 ns
[2020-08-12T15:09:34.909+0000][6][safepoint    ] Safepoint "Cleanup", Time since last: 1000298821 ns, Reaching safepoint: 285623 ns, At safepoint: 19499 ns, Total: 305122 ns
[2020-08-12T15:09:35.909+0000][6][safepoint    ] Safepoint "Cleanup", Time since last: 1000238360 ns, Reaching safepoint: 373809 ns, At safepoint: 58174 ns, Total: 431983 ns
[2020-08-12T15:09:36.910+0000][6][safepoint    ] Safepoint "Cleanup", Time since last: 1000371683 ns, Reaching safepoint: 620920 ns, At safepoint: 56312 ns, Total: 677232 ns
[2020-08-12T15:09:38.084+0000][6][safepoint    ] Safepoint "Cleanup", Time since last: 1173053709 ns, Reaching safepoint: 701481 ns, At safepoint: 54187 ns, Total: 755668 ns
[2020-08-12T15:09:39.901+0000][6][safepoint    ] Safepoint "Cleanup", Time since last: 1816784114 ns, Reaching safepoint: 492446 ns, At safepoint: 44112 ns, Total: 536558 ns
[2020-08-12T15:09:40.903+0000][6][safepoint    ] Safepoint "Cleanup", Time since last: 1000343134 ns, Reaching safepoint: 826842 ns, At safepoint: 44038 ns, Total: 870880 ns
[2020-08-12T15:09:41.904+0000][6][safepoint    ] Safepoint "Cleanup", Time since last: 1000343845 ns, Reaching safepoint: 764031 ns, At safepoint: 43137 ns, Total: 807168 ns
[2020-08-12T15:09:42.905+0000][6][safepoint    ] Safepoint "Cleanup", Time since last: 1000772242 ns, Reaching safepoint: 661932 ns, At safepoint: 33862 ns, Total: 695794 ns
[2020-08-12T15:09:44.905+0000][6][safepoint    ] Safepoint "Cleanup", Time since last: 1999491864 ns, Reaching safepoint: 433022 ns, At safepoint: 13249 ns, Total: 446271 ns
[2020-08-12T15:09:45.906+0000][6][safepoint    ] Safepoint "Cleanup", Time since last: 1000208035 ns, Reaching safepoint: 724068 ns, At safepoint: 46038 ns, Total: 770106 ns
[2020-08-12T15:09:46.907+0000][6][safepoint    ] Safepoint "Cleanup", Time since last: 1000306758 ns, Reaching safepoint: 692356 ns, At safepoint: 37288 ns, Total: 729644 ns
[2020-08-12T15:09:48.126+0000][6][safepoint    ] Safepoint "Cleanup", Time since last: 1218786967 ns, Reaching safepoint: 265910 ns, At safepoint: 11963 ns, Total: 277873 ns
[2020-08-12T15:09:49.856+0000][6][safepoint    ] Safepoint "Cleanup", Time since last: 1729359824 ns, Reaching safepoint: 476020 ns, At safepoint: 11638 ns, Total: 487658 ns
[2020-08-12T15:09:50.868+0000][6][safepoint    ] Safepoint "Cleanup", Time since last: 1011356286 ns, Reaching safepoint: 628269 ns, At safepoint: 38737 ns, Total: 667006 ns
[2020-08-12T15:09:51.869+0000][6][safepoint    ] Safepoint "Cleanup", Time since last: 1000329559 ns, Reaching safepoint: 863830 ns, At safepoint: 43637 ns, Total: 907467 ns
[2020-08-12T15:09:52.870+0000][6][safepoint    ] Safepoint "Cleanup", Time since last: 1000306708 ns, Reaching safepoint: 501058 ns, At safepoint: 24913 ns, Total: 525971 ns
[2020-08-12T15:09:53.872+0000][6][safepoint    ] Safepoint "Cleanup", Time since last: 1000286183 ns, Reaching safepoint: 946530 ns, At safepoint: 67074 ns, Total: 1013604 ns
[2020-08-12T15:09:54.873+0000][6][safepoint    ] Safepoint "Cleanup", Time since last: 1000402270 ns, Reaching safepoint: 807668 ns, At safepoint: 43750 ns, Total: 851418 ns
[2020-08-12T15:09:55.874+0000][6][safepoint    ] Safepoint "Cleanup", Time since last: 1000406345 ns, Reaching safepoint: 807630 ns, At safepoint: 68650 ns, Total: 876280 ns
[2020-08-12T15:09:56.875+0000][6][safepoint    ] Safepoint "Cleanup", Time since last: 1000317446 ns, Reaching safepoint: 624832 ns, At safepoint: 38437 ns, Total: 663269 ns
[2020-08-12T15:09:58.357+0000][6][safepoint    ] Safepoint "Cleanup", Time since last: 1481120515 ns, Reaching safepoint: 746493 ns, At safepoint: 31525 ns, Total: 778018 ns
[2020-08-12T15:09:59.903+0000][6][safepoint    ] Safepoint "Cleanup", Time since last: 1545386635 ns, Reaching safepoint: 802118 ns, At safepoint: 73599 ns, Total: 875717 ns
[2020-08-12T15:10:00.904+0000][6][safepoint    ] Safepoint "Cleanup", Time since last: 1000352558 ns, Reaching safepoint: 753019 ns, At safepoint: 43612 ns, Total: 796631 ns
[2020-08-12T15:10:01.906+0000][6][safepoint    ] Safepoint "Cleanup", Time since last: 1000345920 ns, Reaching safepoint: 794281 ns, At safepoint: 43937 ns, Total: 838218 ns
[2020-08-12T15:10:02.907+0000][6][safepoint    ] Safepoint "Cleanup", Time since last: 1000435407 ns, Reaching safepoint: 845493 ns, At safepoint: 85824 ns, Total: 931317 ns
[2020-08-12T15:10:04.907+0000][6][safepoint    ] Safepoint "Cleanup", Time since last: 1999385403 ns, Reaching safepoint: 625695 ns, At safepoint: 25149 ns, Total: 650844 ns
[2020-08-12T15:10:05.908+0000][6][safepoint    ] Safepoint "Cleanup", Time since last: 1000258434 ns, Reaching safepoint: 809718 ns, At safepoint: 44837 ns, Total: 854555 ns
[2020-08-12T15:10:06.909+0000][6][safepoint    ] Safepoint "Cleanup", Time since last: 1000305134 ns, Reaching safepoint: 664407 ns, At safepoint: 33362 ns, Total: 697769 ns
[2020-08-12T15:10:08.119+0000][6][safepoint    ] Safepoint "Cleanup", Time since last: 1209315776 ns, Reaching safepoint: 709194 ns, At safepoint: 52862 ns, Total: 762056 ns
[2020-08-12T15:10:09.906+0000][6][safepoint    ] Safepoint "Cleanup", Time since last: 1785964749 ns, Reaching safepoint: 688381 ns, At safepoint: 39013 ns, Total: 727394 ns
[2020-08-12T15:10:10.907+0000][6][safepoint    ] Safepoint "Cleanup", Time since last: 1000386357 ns, Reaching safepoint: 866817 ns, At safepoint: 44113 ns, Total: 910930 ns
[2020-08-12T15:10:11.908+0000][6][safepoint    ] Safepoint "Cleanup", Time since last: 1000345483 ns, Reaching safepoint: 678144 ns, At safepoint: 44637 ns, Total: 722781 ns
[2020-08-12T15:10:12.909+0000][6][safepoint    ] Safepoint "Cleanup", Time since last: 1000297821 ns, Reaching safepoint: 445209 ns, At safepoint: 24562 ns, Total: 469771 ns
[2020-08-12T15:10:13.910+0000][6][safepoint    ] Safepoint "Cleanup", Time since last: 1000271059 ns, Reaching safepoint: 702606 ns, At safepoint: 77512 ns, Total: 780118 ns
[2020-08-12T15:10:14.911+0000][6][safepoint    ] Safepoint "Cleanup", Time since last: 1000295321 ns, Reaching safepoint: 327597 ns, At safepoint: 16063 ns, Total: 343660 ns
[2020-08-12T15:10:15.912+0000][6][safepoint    ] Safepoint "Cleanup", Time since last: 1000287534 ns, Reaching safepoint: 591044 ns, At safepoint: 45925 ns, Total: 636969 ns
[2020-08-12T15:10:16.913+0000][6][safepoint    ] Safepoint "Cleanup", Time since last: 1000331521 ns, Reaching safepoint: 741431 ns, At safepoint: 34449 ns, Total: 775880 ns
[2020-08-12T15:10:18.133+0000][6][safepoint    ] Safepoint "Cleanup", Time since last: 1219477824 ns, Reaching safepoint: 847456 ns, At safepoint: 44287 ns, Total: 891743 ns
[2020-08-12T15:10:19.905+0000][6][safepoint    ] Safepoint "Cleanup", Time since last: 1771361040 ns, Reaching safepoint: 762706 ns, At safepoint: 38387 ns, Total: 801093 ns
[2020-08-12T15:10:20.906+0000][6][safepoint    ] Safepoint "Cleanup", Time since last: 1000339758 ns, Reaching safepoint: 699807 ns, At safepoint: 43937 ns, Total: 743744 ns
[2020-08-12T15:10:21.907+0000][6][safepoint    ] Safepoint "Cleanup", Time since last: 1000354458 ns, Reaching safepoint: 651057 ns, At safepoint: 43612 ns, Total: 694669 ns
[2020-08-12T15:10:22.908+0000][6][safepoint    ] Safepoint "Cleanup", Time since last: 1000350395 ns, Reaching safepoint: 643970 ns, At safepoint: 53487 ns, Total: 697457 ns
[2020-08-12T15:10:24.909+0000][6][safepoint    ] Safepoint "Cleanup", Time since last: 1999800999 ns, Reaching safepoint: 427171 ns, At safepoint: 44750 ns, Total: 471921 ns
[2020-08-12T15:10:25.910+0000][6][safepoint    ] Safepoint "Cleanup", Time since last: 1000455707 ns, Reaching safepoint: 599520 ns, At safepoint: 52012 ns, Total: 651532 ns
[2020-08-12T15:10:26.911+0000][6][safepoint    ] Safepoint "Cleanup", Time since last: 1000391195 ns, Reaching safepoint: 869143 ns, At safepoint: 62324 ns, Total: 931467 ns
[2020-08-12T15:10:28.318+0000][6][safepoint    ] Safepoint "Cleanup", Time since last: 1406449811 ns, Reaching safepoint: 740081 ns, At safepoint: 38375 ns, Total: 778456 ns
[2020-08-12T15:10:29.907+0000][6][safepoint    ] Safepoint "Cleanup", Time since last: 1588312481 ns, Reaching safepoint: 778481 ns, At safepoint: 38274 ns, Total: 816755 ns
[2020-08-12T15:10:30.909+0000][6][safepoint    ] Safepoint "Cleanup", Time since last: 1000326309 ns, Reaching safepoint: 699494 ns, At safepoint: 43899 ns, Total: 743393 ns
[2020-08-12T15:10:31.910+0000][6][safepoint    ] Safepoint "Cleanup", Time since last: 1000381121 ns, Reaching safepoint: 768955 ns, At safepoint: 43587 ns, Total: 812542 ns
[2020-08-12T15:10:32.911+0000][6][safepoint    ] Safepoint "Cleanup", Time since last: 1000386046 ns, Reaching safepoint: 1171052 ns, At safepoint: 57874 ns, Total: 1228926 ns
[2020-08-12T15:10:33.914+0000][6][safepoint    ] Safepoint "Cleanup", Time since last: 1001766834 ns, Reaching safepoint: 726331 ns, At safepoint: 88737 ns, Total: 815068 ns
[2020-08-12T15:10:34.915+0000][6][safepoint    ] Safepoint "Cleanup", Time since last: 1000405020 ns, Reaching safepoint: 665594 ns, At safepoint: 55637 ns, Total: 721231 ns
[2020-08-12T15:10:35.916+0000][6][safepoint    ] Safepoint "Cleanup", Time since last: 1000347421 ns, Reaching safepoint: 678206 ns, At safepoint: 53400 ns, Total: 731606 ns
[2020-08-12T15:10:36.917+0000][6][safepoint    ] Safepoint "Cleanup", Time since last: 1000326345 ns, Reaching safepoint: 851293 ns, At safepoint: 50824 ns, Total: 902117 ns
[2020-08-12T15:10:38.184+0000][6][safepoint    ] Safepoint "Cleanup", Time since last: 1266227699 ns, Reaching safepoint: 784069 ns, At safepoint: 44112 ns, Total: 828181 ns
[2020-08-12T15:10:39.909+0000][6][safepoint    ] Safepoint "Cleanup", Time since last: 1724358068 ns, Reaching safepoint: 523132 ns, At safepoint: 20938 ns, Total: 544070 ns
[2020-08-12T15:10:40.910+0000][6][safepoint    ] Safepoint "Cleanup", Time since last: 1000255471 ns, Reaching safepoint: 627970 ns, At safepoint: 43799 ns, Total: 671769 ns
[2020-08-12T15:10:41.911+0000][6][safepoint    ] Safepoint "Cleanup", Time since last: 1000342109 ns, Reaching safepoint: 701856 ns, At safepoint: 43887 ns, Total: 745743 ns
[2020-08-12T15:10:42.912+0000][6][safepoint    ] Safepoint "Cleanup", Time since last: 1000348358 ns, Reaching safepoint: 715619 ns, At safepoint: 54262 ns, Total: 769881 ns
[2020-08-12T15:10:44.909+0000][6][safepoint    ] Safepoint "Cleanup", Time since last: 1995695248 ns, Reaching safepoint: 991616 ns, At safepoint: 66775 ns, Total: 1058391 ns
[2020-08-12T15:10:45.910+0000][6][safepoint    ] Safepoint "Cleanup", Time since last: 1000348558 ns, Reaching safepoint: 711131 ns, At safepoint: 43837 ns, Total: 754968 ns
[2020-08-12T15:10:46.911+0000][6][safepoint    ] Safepoint "Cleanup", Time since last: 1000303571 ns, Reaching safepoint: 631707 ns, At safepoint: 34162 ns, Total: 665869 ns
[2020-08-12T15:10:48.092+0000][6][safepoint    ] Safepoint "Cleanup", Time since last: 1180152384 ns, Reaching safepoint: 853417 ns, At safepoint: 43463 ns, Total: 896880 ns
[2020-08-12T15:10:49.910+0000][6][safepoint    ] Safepoint "Cleanup", Time since last: 1817078012 ns, Reaching safepoint: 730431 ns, At safepoint: 76687 ns, Total: 807118 ns
[2020-08-12T15:10:50.912+0000][6][safepoint    ] Safepoint "Cleanup", Time since last: 1000358408 ns, Reaching safepoint: 897692 ns, At safepoint: 43212 ns, Total: 940904 ns
[2020-08-12T15:10:51.913+0000][6][safepoint    ] Safepoint "Cleanup", Time since last: 1000349345 ns, Reaching safepoint: 887905 ns, At safepoint: 43600 ns, Total: 931505 ns
[2020-08-12T15:10:52.914+0000][6][safepoint    ] Safepoint "Cleanup", Time since last: 1000413120 ns, Reaching safepoint: 877705 ns, At safepoint: 44337 ns, Total: 922042 ns
[2020-08-12T15:10:53.915+0000][6][safepoint    ] Safepoint "Cleanup", Time since last: 1000350045 ns, Reaching safepoint: 728231 ns, At safepoint: 45325 ns, Total: 773556 ns
[2020-08-12T15:10:54.916+0000][6][safepoint    ] Safepoint "Cleanup", Time since last: 1000332608 ns, Reaching safepoint: 543446 ns, At safepoint: 21899 ns, Total: 565345 ns
[2020-08-12T15:10:55.917+0000][6][safepoint    ] Safepoint "Cleanup", Time since last: 1000203285 ns, Reaching safepoint: 945317 ns, At safepoint: 48762 ns, Total: 994079 ns
[2020-08-12T15:10:56.918+0000][6][safepoint    ] Safepoint "Cleanup", Time since last: 1000287996 ns, Reaching safepoint: 667256 ns, At safepoint: 37025 ns, Total: 704281 ns
[2020-08-12T15:10:58.220+0000][6][safepoint    ] Safepoint "Cleanup", Time since last: 1300920980 ns, Reaching safepoint: 596720 ns, At safepoint: 93637 ns, Total: 690357 ns
[2020-08-12T15:10:58.677+0000][6][safepoint    ] Safepoint "BulkRevokeBias", Time since last: 453134413 ns, Reaching safepoint: 1824371 ns, At safepoint: 1902571 ns, Total: 3726942 ns
[2020-08-12T15:10:59.910+0000][6][safepoint    ] Safepoint "Cleanup", Time since last: 1232465084 ns, Reaching safepoint: 802068 ns, At safepoint: 44112 ns, Total: 846180 ns
[2020-08-12T15:11:00.911+0000][6][safepoint    ] Safepoint "Cleanup", Time since last: 1000344684 ns, Reaching safepoint: 786868 ns, At safepoint: 44687 ns, Total: 831555 ns
[2020-08-12T15:11:01.912+0000][6][safepoint    ] Safepoint "Cleanup", Time since last: 1000354658 ns, Reaching safepoint: 669407 ns, At safepoint: 46049 ns, Total: 715456 ns
[2020-08-12T15:11:02.914+0000][6][safepoint    ] Safepoint "Cleanup", Time since last: 1000346546 ns, Reaching safepoint: 967604 ns, At safepoint: 46399 ns, Total: 1014003 ns
[2020-08-12T15:11:04.913+0000][6][safepoint    ] Safepoint "Cleanup", Time since last: 1997792080 ns, Reaching safepoint: 1675810 ns, At safepoint: 22237 ns, Total: 1698047 ns
[2020-08-12T15:11:05.914+0000][6][safepoint    ] Safepoint "Cleanup", Time since last: 1000189697 ns, Reaching safepoint: 430284 ns, At safepoint: 102324 ns, Total: 532608 ns
[2020-08-12T15:11:06.915+0000][6][safepoint    ] Safepoint "Cleanup", Time since last: 1000352683 ns, Reaching safepoint: 731232 ns, At safepoint: 54899 ns, Total: 786131 ns
[2020-08-12T15:11:08.105+0000][6][safepoint    ] Safepoint "Cleanup", Time since last: 1189218041 ns, Reaching safepoint: 671082 ns, At safepoint: 47149 ns, Total: 718231 ns
[2020-08-12T15:11:09.912+0000][6][safepoint    ] Safepoint "Cleanup", Time since last: 1806297833 ns, Reaching safepoint: 868079 ns, At safepoint: 61975 ns, Total: 930054 ns
[2020-08-12T15:11:10.914+0000][6][safepoint    ] Safepoint "Cleanup", Time since last: 1000341883 ns, Reaching safepoint: 1835509 ns, At safepoint: 47012 ns, Total: 1882521 ns
[2020-08-12T15:11:11.915+0000][6][safepoint    ] Safepoint "Cleanup", Time since last: 1000328971 ns, Reaching safepoint: 656194 ns, At safepoint: 52400 ns, Total: 708594 ns
[2020-08-12T15:11:12.917+0000][6][safepoint    ] Safepoint "Cleanup", Time since last: 1000422382 ns, Reaching safepoint: 574858 ns, At safepoint: 45237 ns, Total: 620095 ns
[2020-08-12T15:11:13.918+0000][6][safepoint    ] Safepoint "Cleanup", Time since last: 1000497057 ns, Reaching safepoint: 1158902 ns, At safepoint: 44887 ns, Total: 1203789 ns
[2020-08-12T15:11:14.919+0000][6][safepoint    ] Safepoint "Cleanup", Time since last: 1000452870 ns, Reaching safepoint: 270347 ns, At safepoint: 11438 ns, Total: 281785 ns
[2020-08-12T15:11:15.920+0000][6][safepoint    ] Safepoint "Cleanup", Time since last: 1000217347 ns, Reaching safepoint: 865779 ns, At safepoint: 43050 ns, Total: 908829 ns
[2020-08-12T15:11:16.921+0000][6][safepoint    ] Safepoint "Cleanup", Time since last: 1000379995 ns, Reaching safepoint: 855380 ns, At safepoint: 65075 ns, Total: 920455 ns
[2020-08-12T15:11:18.062+0000][6][safepoint    ] Safepoint "Cleanup", Time since last: 1139958526 ns, Reaching safepoint: 787143 ns, At safepoint: 38049 ns, Total: 825192 ns
[2020-08-12T15:11:19.914+0000][6][safepoint    ] Safepoint "Cleanup", Time since last: 1851207961 ns, Reaching safepoint: 411709 ns, At safepoint: 13625 ns, Total: 425334 ns
[2020-08-12T15:11:20.915+0000][6][safepoint    ] Safepoint "Cleanup", Time since last: 1000243909 ns, Reaching safepoint: 784481 ns, At safepoint: 149511 ns, Total: 933992 ns
[2020-08-12T15:11:21.916+0000][6][safepoint    ] Safepoint "Cleanup", Time since last: 1000388933 ns, Reaching safepoint: 839217 ns, At safepoint: 59212 ns, Total: 898429 ns
[2020-08-12T15:11:22.918+0000][6][safepoint    ] Safepoint "Cleanup", Time since last: 1000344646 ns, Reaching safepoint: 829893 ns, At safepoint: 44574 ns, Total: 874467 ns
[2020-08-12T15:11:24.913+0000][6][safepoint    ] Safepoint "Cleanup", Time since last: 1994703007 ns, Reaching safepoint: 955279 ns, At safepoint: 55575 ns, Total: 1010854 ns
[2020-08-12T15:11:25.914+0000][6][safepoint    ] Safepoint "Cleanup", Time since last: 1000350620 ns, Reaching safepoint: 640820 ns, At safepoint: 43424 ns, Total: 684244 ns
[2020-08-12T15:11:26.915+0000][6][safepoint    ] Safepoint "Cleanup", Time since last: 1000338421 ns, Reaching safepoint: 624757 ns, At safepoint: 53412 ns, Total: 678169 ns
[2020-08-12T15:11:27.166+0000][6][gc,start     ] GC(26) Pause Young (Normal) (G1 Evacuation Pause)
[2020-08-12T15:11:27.166+0000][6][gc,task      ] GC(26) Using 2 workers of 2 for evacuation
[2020-08-12T15:11:27.167+0000][6][gc,age       ] GC(26) Desired survivor size 40370176 bytes, new threshold 15 (max threshold 15)
[2020-08-12T15:11:27.181+0000][6][gc,age       ] GC(26) Age table with threshold 15 (max threshold 15)
[2020-08-12T15:11:27.181+0000][6][gc,age       ] GC(26) - age   1:     375008 bytes,     375008 total
[2020-08-12T15:11:27.181+0000][6][gc,age       ] GC(26) - age   2:      79648 bytes,     454656 total
[2020-08-12T15:11:27.181+0000][6][gc,age       ] GC(26) - age   3:      96784 bytes,     551440 total
[2020-08-12T15:11:27.181+0000][6][gc,age       ] GC(26) - age   4:      51624 bytes,     603064 total
[2020-08-12T15:11:27.181+0000][6][gc,age       ] GC(26) - age   5:      65024 bytes,     668088 total
[2020-08-12T15:11:27.181+0000][6][gc,age       ] GC(26) - age   6:     362336 bytes,    1030424 total
[2020-08-12T15:11:27.181+0000][6][gc,age       ] GC(26) - age   7:     205648 bytes,    1236072 total
[2020-08-12T15:11:27.181+0000][6][gc,phases    ] GC(26)   Pre Evacuate Collection Set: 0.4ms
[2020-08-12T15:11:27.181+0000][6][gc,phases    ] GC(26)   Merge Heap Roots: 0.3ms
[2020-08-12T15:11:27.181+0000][6][gc,phases    ] GC(26)   Evacuate Collection Set: 10.1ms
[2020-08-12T15:11:27.181+0000][6][gc,phases    ] GC(26)   Post Evacuate Collection Set: 3.0ms
[2020-08-12T15:11:27.181+0000][6][gc,phases    ] GC(26)   Other: 1.0ms
[2020-08-12T15:11:27.181+0000][6][gc,heap      ] GC(26) Eden regions: 612->0(612)
[2020-08-12T15:11:27.181+0000][6][gc,heap      ] GC(26) Survivor regions: 2->2(77)
[2020-08-12T15:11:27.181+0000][6][gc,heap      ] GC(26) Old regions: 77->77
[2020-08-12T15:11:27.181+0000][6][gc,heap      ] GC(26) Archive regions: 2->2
[2020-08-12T15:11:27.182+0000][6][gc,heap      ] GC(26) Humongous regions: 7->7
[2020-08-12T15:11:27.182+0000][6][gc,metaspace ] GC(26) Metaspace: 96328K(103992K)->96328K(103992K) NonClass: 83800K(88376K)->83800K(88376K) Class: 12527K(15616K)->12527K(15616K)
[2020-08-12T15:11:27.182+0000][6][gc           ] GC(26) Pause Young (Normal) (G1 Evacuation Pause) 697M->85M(1024M) 15.234ms
[2020-08-12T15:11:27.182+0000][6][gc,cpu       ] GC(26) User=0.02s Sys=0.00s Real=0.01s
[2020-08-12T15:11:27.182+0000][6][safepoint    ] Safepoint "G1CollectForAllocation", Time since last: 250649413 ns, Reaching safepoint: 407984 ns, At safepoint: 15500625 ns, Total: 15908609 ns
[2020-08-12T15:11:28.204+0000][6][safepoint    ] Safepoint "Cleanup", Time since last: 1021887856 ns, Reaching safepoint: 655969 ns, At safepoint: 52637 ns, Total: 708606 ns
[2020-08-12T15:11:29.916+0000][6][safepoint    ] Safepoint "Cleanup", Time since last: 1710562577 ns, Reaching safepoint: 601745 ns, At safepoint: 56300 ns, Total: 658045 ns
[2020-08-12T15:11:30.917+0000][6][safepoint    ] Safepoint "Cleanup", Time since last: 1000334483 ns, Reaching safepoint: 583895 ns, At safepoint: 38162 ns, Total: 622057 ns
[2020-08-12T15:11:31.918+0000][6][safepoint    ] Safepoint "Cleanup", Time since last: 1000328183 ns, Reaching safepoint: 769518 ns, At safepoint: 43875 ns, Total: 813393 ns
[2020-08-12T15:11:32.919+0000][6][safepoint    ] Safepoint "Cleanup", Time since last: 1000448670 ns, Reaching safepoint: 546458 ns, At safepoint: 24787 ns, Total: 571245 ns
[2020-08-12T15:11:33.923+0000][6][safepoint    ] Safepoint "Cleanup", Time since last: 1003183283 ns, Reaching safepoint: 1014104 ns, At safepoint: 47499 ns, Total: 1061603 ns
[2020-08-12T15:11:34.924+0000][6][safepoint    ] Safepoint "Cleanup", Time since last: 1000284321 ns, Reaching safepoint: 374647 ns, At safepoint: 12600 ns, Total: 387247 ns
[2020-08-12T15:11:35.925+0000][6][safepoint    ] Safepoint "Cleanup", Time since last: 1000296196 ns, Reaching safepoint: 789306 ns, At safepoint: 43224 ns, Total: 832530 ns
[2020-08-12T15:11:36.926+0000][6][safepoint    ] Safepoint "Cleanup", Time since last: 1000342346 ns, Reaching safepoint: 601282 ns, At safepoint: 26625 ns, Total: 627907 ns
[2020-08-12T15:11:38.108+0000][6][safepoint    ] Safepoint "Cleanup", Time since last: 1181477659 ns, Reaching safepoint: 588758 ns, At safepoint: 170161 ns, Total: 758919 ns
[2020-08-12T15:11:39.915+0000][6][safepoint    ] Safepoint "Cleanup", Time since last: 1806256545 ns, Reaching safepoint: 971191 ns, At safepoint: 63737 ns, Total: 1034928 ns
[2020-08-12T15:11:40.916+0000][6][safepoint    ] Safepoint "Cleanup", Time since last: 1000322696 ns, Reaching safepoint: 465159 ns, At safepoint: 56524 ns, Total: 521683 ns
[2020-08-12T15:11:41.917+0000][6][safepoint    ] Safepoint "Cleanup", Time since last: 1000344608 ns, Reaching safepoint: 639795 ns, At safepoint: 45849 ns, Total: 685644 ns
[2020-08-12T15:11:42.918+0000][6][safepoint    ] Safepoint "Cleanup", Time since last: 1000341658 ns, Reaching safepoint: 676607 ns, At safepoint: 53637 ns, Total: 730244 ns
[2020-08-12T15:11:43.918+0000][6][safepoint    ] Safepoint "BulkRevokeBias", Time since last: 996211607 ns, Reaching safepoint: 793306 ns, At safepoint: 2780525 ns, Total: 3573831 ns
[2020-08-12T15:11:44.922+0000][6][safepoint    ] Safepoint "Cleanup", Time since last: 1003049222 ns, Reaching safepoint: 590032 ns, At safepoint: 27388 ns, Total: 617420 ns
[2020-08-12T15:11:45.923+0000][6][safepoint    ] Safepoint "Cleanup", Time since last: 1000255509 ns, Reaching safepoint: 761480 ns, At safepoint: 43262 ns, Total: 804742 ns
[2020-08-12T15:11:46.924+0000][6][safepoint    ] Safepoint "Cleanup", Time since last: 1000365234 ns, Reaching safepoint: 601444 ns, At safepoint: 30700 ns, Total: 632144 ns
[2020-08-12T15:11:48.156+0000][6][safepoint    ] Safepoint "Cleanup", Time since last: 1231909252 ns, Reaching safepoint: 729068 ns, At safepoint: 44262 ns, Total: 773330 ns
[2020-08-12T15:11:49.918+0000][6][safepoint    ] Safepoint "Cleanup", Time since last: 1760500174 ns, Reaching safepoint: 840993 ns, At safepoint: 30725 ns, Total: 871718 ns
[2020-08-12T15:11:50.919+0000][6][safepoint    ] Safepoint "Cleanup", Time since last: 1000236296 ns, Reaching safepoint: 626757 ns, At safepoint: 54025 ns, Total: 680782 ns
[2020-08-12T15:11:51.920+0000][6][safepoint    ] Safepoint "Cleanup", Time since last: 1000381795 ns, Reaching safepoint: 439021 ns, At safepoint: 44500 ns, Total: 483521 ns
[2020-08-12T15:11:52.921+0000][6][safepoint    ] Safepoint "Cleanup", Time since last: 1000336883 ns, Reaching safepoint: 594783 ns, At safepoint: 44537 ns, Total: 639320 ns
[2020-08-12T15:11:53.923+0000][6][safepoint    ] Safepoint "Cleanup", Time since last: 1000540956 ns, Reaching safepoint: 1510699 ns, At safepoint: 57100 ns, Total: 1567799 ns
[2020-08-12T15:11:54.923+0000][6][safepoint    ] Safepoint "Cleanup", Time since last: 1000370170 ns, Reaching safepoint: 362797 ns, At safepoint: 13162 ns, Total: 375959 ns
[2020-08-12T15:11:55.925+0000][6][safepoint    ] Safepoint "Cleanup", Time since last: 1000227272 ns, Reaching safepoint: 1109815 ns, At safepoint: 58712 ns, Total: 1168527 ns
[2020-08-12T15:11:56.926+0000][6][safepoint    ] Safepoint "Cleanup", Time since last: 1000354734 ns, Reaching safepoint: 574207 ns, At safepoint: 30937 ns, Total: 605144 ns
[2020-08-12T15:11:58.267+0000][6][safepoint    ] Safepoint "Cleanup", Time since last: 1340567881 ns, Reaching safepoint: 792843 ns, At safepoint: 67374 ns, Total: 860217 ns
[2020-08-12T15:11:59.919+0000][6][safepoint    ] Safepoint "Cleanup", Time since last: 1651620322 ns, Reaching safepoint: 517321 ns, At safepoint: 54249 ns, Total: 571570 ns
[2020-08-12T15:12:00.921+0000][6][safepoint    ] Safepoint "Cleanup", Time since last: 1000605944 ns, Reaching safepoint: 729868 ns, At safepoint: 44625 ns, Total: 774493 ns
[2020-08-12T15:12:01.922+0000][6][safepoint    ] Safepoint "Cleanup", Time since last: 1000350096 ns, Reaching safepoint: 376446 ns, At safepoint: 12513 ns, Total: 388959 ns
[2020-08-12T15:12:02.922+0000][6][safepoint    ] Safepoint "Cleanup", Time since last: 1000204071 ns, Reaching safepoint: 538271 ns, At safepoint: 31250 ns, Total: 569521 ns
[2020-08-12T15:12:04.921+0000][6][safepoint    ] Safepoint "Cleanup", Time since last: 1998513135 ns, Reaching safepoint: 424009 ns, At safepoint: 14825 ns, Total: 438834 ns
[2020-08-12T15:12:05.922+0000][6][safepoint    ] Safepoint "Cleanup", Time since last: 1000191584 ns, Reaching safepoint: 343997 ns, At safepoint: 18950 ns, Total: 362947 ns
[2020-08-12T15:12:06.923+0000][6][safepoint    ] Safepoint "Cleanup", Time since last: 1000255834 ns, Reaching safepoint: 848293 ns, At safepoint: 52499 ns, Total: 900792 ns
[2020-08-12T15:12:08.214+0000][6][safepoint    ] Safepoint "Cleanup", Time since last: 1290225425 ns, Reaching safepoint: 811430 ns, At safepoint: 70850 ns, Total: 882280 ns
[2020-08-12T15:12:09.924+0000][6][safepoint    ] Safepoint "Cleanup", Time since last: 1709127439 ns, Reaching safepoint: 1049479 ns, At safepoint: 54312 ns, Total: 1103791 ns
[2020-08-12T15:12:10.926+0000][6][safepoint    ] Safepoint "Cleanup", Time since last: 1000349345 ns, Reaching safepoint: 895705 ns, At safepoint: 43537 ns, Total: 939242 ns
[2020-08-12T15:12:11.927+0000][6][safepoint    ] Safepoint "Cleanup", Time since last: 1000352034 ns, Reaching safepoint: 793355 ns, At safepoint: 44487 ns, Total: 837842 ns
[2020-08-12T15:12:12.928+0000][6][safepoint    ] Safepoint "Cleanup", Time since last: 1000422445 ns, Reaching safepoint: 834480 ns, At safepoint: 44350 ns, Total: 878830 ns
[2020-08-12T15:12:13.929+0000][6][safepoint    ] Safepoint "Cleanup", Time since last: 1000345508 ns, Reaching safepoint: 645407 ns, At safepoint: 45724 ns, Total: 691131 ns
[2020-08-12T15:12:14.931+0000][6][safepoint    ] Safepoint "Cleanup", Time since last: 1000343246 ns, Reaching safepoint: 990479 ns, At safepoint: 64424 ns, Total: 1054903 ns
[2020-08-12T15:12:15.932+0000][6][safepoint    ] Safepoint "Cleanup", Time since last: 1000384108 ns, Reaching safepoint: 791668 ns, At safepoint: 43937 ns, Total: 835605 ns
[2020-08-12T15:12:16.933+0000][6][safepoint    ] Safepoint "Cleanup", Time since last: 1000416420 ns, Reaching safepoint: 1026841 ns, At safepoint: 64750 ns, Total: 1091591 ns
[2020-08-12T15:12:18.182+0000][6][safepoint    ] Safepoint "Cleanup", Time since last: 1248137858 ns, Reaching safepoint: 756231 ns, At safepoint: 33537 ns, Total: 789768 ns
[2020-08-12T15:12:19.923+0000][6][safepoint    ] Safepoint "Cleanup", Time since last: 1740376102 ns, Reaching safepoint: 610844 ns, At safepoint: 75537 ns, Total: 686381 ns
[2020-08-12T15:12:20.924+0000][6][safepoint    ] Safepoint "Cleanup", Time since last: 1000349346 ns, Reaching safepoint: 709644 ns, At safepoint: 51474 ns, Total: 761118 ns
[2020-08-12T15:12:21.925+0000][6][safepoint    ] Safepoint "Cleanup", Time since last: 1000348184 ns, Reaching safepoint: 643256 ns, At safepoint: 45950 ns, Total: 689206 ns
[2020-08-12T15:12:22.926+0000][6][safepoint    ] Safepoint "Cleanup", Time since last: 1000351771 ns, Reaching safepoint: 610107 ns, At safepoint: 44287 ns, Total: 654394 ns
[2020-08-12T15:12:24.926+0000][6][safepoint    ] Safepoint "Cleanup", Time since last: 1998459823 ns, Reaching safepoint: 999204 ns, At safepoint: 111337 ns, Total: 1110541 ns
[2020-08-12T15:12:25.927+0000][6][safepoint    ] Safepoint "Cleanup", Time since last: 1000349158 ns, Reaching safepoint: 840293 ns, At safepoint: 56299 ns, Total: 896592 ns
[2020-08-12T15:12:26.928+0000][6][safepoint    ] Safepoint "Cleanup", Time since last: 1000383883 ns, Reaching safepoint: 681544 ns, At safepoint: 57437 ns, Total: 738981 ns
[2020-08-12T15:12:28.304+0000][6][safepoint    ] Safepoint "Cleanup", Time since last: 1374389957 ns, Reaching safepoint: 811317 ns, At safepoint: 47062 ns, Total: 858379 ns
[2020-08-12T15:12:29.925+0000][6][safepoint    ] Safepoint "Cleanup", Time since last: 1619812179 ns, Reaching safepoint: 1171014 ns, At safepoint: 66987 ns, Total: 1238001 ns
[2020-08-12T15:12:30.926+0000][6][safepoint    ] Safepoint "Cleanup", Time since last: 1000360533 ns, Reaching safepoint: 801131 ns, At safepoint: 43712 ns, Total: 844843 ns
[2020-08-12T15:12:31.927+0000][6][safepoint    ] Safepoint "Cleanup", Time since last: 1000422695 ns, Reaching safepoint: 851030 ns, At safepoint: 55499 ns, Total: 906529 ns
[2020-08-12T15:12:32.928+0000][6][safepoint    ] Safepoint "Cleanup", Time since last: 1000292946 ns, Reaching safepoint: 384510 ns, At safepoint: 19162 ns, Total: 403672 ns
[2020-08-12T15:12:33.929+0000][6][safepoint    ] Safepoint "Cleanup", Time since last: 1000268871 ns, Reaching safepoint: 720144 ns, At safepoint: 173673 ns, Total: 893817 ns
[2020-08-12T15:12:34.930+0000][6][safepoint    ] Safepoint "Cleanup", Time since last: 1000293884 ns, Reaching safepoint: 224673 ns, At safepoint: 11275 ns, Total: 235948 ns
[2020-08-12T15:12:35.930+0000][6][safepoint    ] Safepoint "Cleanup", Time since last: 1000197522 ns, Reaching safepoint: 576658 ns, At safepoint: 30099 ns, Total: 606757 ns
[2020-08-12T15:12:36.932+0000][6][safepoint    ] Safepoint "Cleanup", Time since last: 1000281846 ns, Reaching safepoint: 899243 ns, At safepoint: 47574 ns, Total: 946817 ns
[2020-08-12T15:12:38.137+0000][6][safepoint    ] Safepoint "Cleanup", Time since last: 1204955040 ns, Reaching safepoint: 691069 ns, At safepoint: 45724 ns, Total: 736793 ns
[2020-08-12T15:12:39.925+0000][6][safepoint    ] Safepoint "Cleanup", Time since last: 1786984203 ns, Reaching safepoint: 1052878 ns, At safepoint: 63500 ns, Total: 1116378 ns
[2020-08-12T15:12:40.927+0000][6][safepoint    ] Safepoint "Cleanup", Time since last: 1000352245 ns, Reaching safepoint: 955442 ns, At safepoint: 63224 ns, Total: 1018666 ns
[2020-08-12T15:12:41.928+0000][6][safepoint    ] Safepoint "Cleanup", Time since last: 1000445308 ns, Reaching safepoint: 882179 ns, At safepoint: 64712 ns, Total: 946891 ns
[2020-08-12T15:12:42.929+0000][6][safepoint    ] Safepoint "Cleanup", Time since last: 1000315146 ns, Reaching safepoint: 689682 ns, At safepoint: 33487 ns, Total: 723169 ns
[2020-08-12T15:12:44.926+0000][6][safepoint    ] Safepoint "Cleanup", Time since last: 1996143407 ns, Reaching safepoint: 521132 ns, At safepoint: 18950 ns, Total: 540082 ns
[2020-08-12T15:12:45.927+0000][6][safepoint    ] Safepoint "Cleanup", Time since last: 1000224247 ns, Reaching safepoint: 483321 ns, At safepoint: 24925 ns, Total: 508246 ns
[2020-08-12T15:12:46.928+0000][6][safepoint    ] Safepoint "Cleanup", Time since last: 1000236571 ns, Reaching safepoint: 683719 ns, At safepoint: 35150 ns, Total: 718869 ns
[2020-08-12T15:12:47.180+0000][6][safepoint    ] Safepoint "BulkRevokeBias", Time since last: 248968615 ns, Reaching safepoint: 926204 ns, At safepoint: 2601477 ns, Total: 3527681 ns
[2020-08-12T15:12:48.181+0000][6][safepoint    ] Safepoint "Cleanup", Time since last: 1000374958 ns, Reaching safepoint: 730669 ns, At safepoint: 33750 ns, Total: 764419 ns
[2020-08-12T15:12:48.926+0000][6][safepoint    ] Safepoint "BulkRevokeBias", Time since last: 743976470 ns, Reaching safepoint: 320385 ns, At safepoint: 805168 ns, Total: 1125553 ns
[2020-08-12T15:12:49.928+0000][6][safepoint    ] Safepoint "Cleanup", Time since last: 1000260522 ns, Reaching safepoint: 1162602 ns, At safepoint: 64687 ns, Total: 1227289 ns
[2020-08-12T15:12:50.929+0000][6][safepoint    ] Safepoint "Cleanup", Time since last: 1000378970 ns, Reaching safepoint: 695807 ns, At safepoint: 183335 ns, Total: 879142 ns
[2020-08-12T15:12:51.931+0000][6][safepoint    ] Safepoint "Cleanup", Time since last: 1000340321 ns, Reaching safepoint: 1282614 ns, At safepoint: 35837 ns, Total: 1318451 ns
[2020-08-12T15:12:52.932+0000][6][safepoint    ] Safepoint "Cleanup", Time since last: 1000256321 ns, Reaching safepoint: 569420 ns, At safepoint: 55637 ns, Total: 625057 ns
[2020-08-12T15:12:53.933+0000][6][safepoint    ] Safepoint "Cleanup", Time since last: 1000400171 ns, Reaching safepoint: 663894 ns, At safepoint: 44599 ns, Total: 708493 ns
[2020-08-12T15:12:54.934+0000][6][safepoint    ] Safepoint "Cleanup", Time since last: 1000383908 ns, Reaching safepoint: 486734 ns, At safepoint: 18949 ns, Total: 505683 ns
[2020-08-12T15:12:55.934+0000][6][safepoint    ] Safepoint "Cleanup", Time since last: 1000245985 ns, Reaching safepoint: 586682 ns, At safepoint: 43199 ns, Total: 629881 ns
[2020-08-12T15:12:56.935+0000][6][safepoint    ] Safepoint "Cleanup", Time since last: 1000303334 ns, Reaching safepoint: 599670 ns, At safepoint: 32387 ns, Total: 632057 ns
[2020-08-12T15:12:58.414+0000][6][safepoint    ] Safepoint "Cleanup", Time since last: 1478336064 ns, Reaching safepoint: 613870 ns, At safepoint: 25987 ns, Total: 639857 ns
[2020-08-12T15:12:59.927+0000][6][safepoint    ] Safepoint "Cleanup", Time since last: 1512537300 ns, Reaching safepoint: 518121 ns, At safepoint: 18274 ns, Total: 536395 ns
[2020-08-12T15:13:00.928+0000][6][safepoint    ] Safepoint "Cleanup", Time since last: 1000247809 ns, Reaching safepoint: 635220 ns, At safepoint: 55224 ns, Total: 690444 ns
[2020-08-12T15:13:01.929+0000][6][safepoint    ] Safepoint "Cleanup", Time since last: 1000313709 ns, Reaching safepoint: 575932 ns, At safepoint: 53487 ns, Total: 629419 ns
[2020-08-12T15:13:02.930+0000][6][safepoint    ] Safepoint "Cleanup", Time since last: 1000341496 ns, Reaching safepoint: 529283 ns, At safepoint: 44487 ns, Total: 573770 ns
[2020-08-12T15:13:04.928+0000][6][safepoint    ] Safepoint "Cleanup", Time since last: 1996904862 ns, Reaching safepoint: 512933 ns, At safepoint: 19325 ns, Total: 532258 ns
[2020-08-12T15:13:05.929+0000][6][safepoint    ] Safepoint "Cleanup", Time since last: 1000330421 ns, Reaching safepoint: 771368 ns, At safepoint: 44037 ns, Total: 815405 ns
[2020-08-12T15:13:06.930+0000][6][safepoint    ] Safepoint "Cleanup", Time since last: 1000473532 ns, Reaching safepoint: 970492 ns, At safepoint: 54337 ns, Total: 1024829 ns
[2020-08-12T15:13:08.100+0000][6][safepoint    ] Safepoint "Cleanup", Time since last: 1168541973 ns, Reaching safepoint: 875493 ns, At safepoint: 43362 ns, Total: 918855 ns
[2020-08-12T15:13:09.929+0000][6][safepoint    ] Safepoint "Cleanup", Time since last: 1827547470 ns, Reaching safepoint: 1182039 ns, At safepoint: 67150 ns, Total: 1249189 ns
[2020-08-12T15:13:10.930+0000][6][safepoint    ] Safepoint "Cleanup", Time since last: 1000469032 ns, Reaching safepoint: 817755 ns, At safepoint: 97612 ns, Total: 915367 ns
[2020-08-12T15:13:11.931+0000][6][safepoint    ] Safepoint "Cleanup", Time since last: 1000347958 ns, Reaching safepoint: 854967 ns, At safepoint: 43350 ns, Total: 898317 ns
[2020-08-12T15:13:12.932+0000][6][safepoint    ] Safepoint "Cleanup", Time since last: 1000303608 ns, Reaching safepoint: 507258 ns, At safepoint: 25300 ns, Total: 532558 ns
[2020-08-12T15:13:13.933+0000][6][safepoint    ] Safepoint "Cleanup", Time since last: 1000268847 ns, Reaching safepoint: 990953 ns, At safepoint: 54837 ns, Total: 1045790 ns
[2020-08-12T15:13:14.937+0000][6][safepoint    ] Safepoint "Cleanup", Time since last: 1002559464 ns, Reaching safepoint: 1100353 ns, At safepoint: 55712 ns, Total: 1156065 ns
[2020-08-12T15:13:15.938+0000][6][safepoint    ] Safepoint "Cleanup", Time since last: 1000360483 ns, Reaching safepoint: 832293 ns, At safepoint: 43562 ns, Total: 875855 ns
[2020-08-12T15:13:16.939+0000][6][safepoint    ] Safepoint "Cleanup", Time since last: 1000301133 ns, Reaching safepoint: 707869 ns, At safepoint: 32712 ns, Total: 740581 ns
[2020-08-12T15:13:18.194+0000][6][safepoint    ] Safepoint "Cleanup", Time since last: 1253605148 ns, Reaching safepoint: 754731 ns, At safepoint: 37962 ns, Total: 792693 ns
[2020-08-12T15:13:19.929+0000][6][safepoint    ] Safepoint "Cleanup", Time since last: 1734540716 ns, Reaching safepoint: 534982 ns, At safepoint: 19338 ns, Total: 554320 ns
[2020-08-12T15:13:20.930+0000][6][safepoint    ] Safepoint "Cleanup", Time since last: 1000283121 ns, Reaching safepoint: 797768 ns, At safepoint: 45975 ns, Total: 843743 ns
[2020-08-12T15:13:21.931+0000][6][safepoint    ] Safepoint "Cleanup", Time since last: 1000347645 ns, Reaching safepoint: 953404 ns, At safepoint: 43938 ns, Total: 997342 ns
[2020-08-12T15:13:23.290+0000][6][safepoint    ] Safepoint "Cleanup", Time since last: 1358192762 ns, Reaching safepoint: 680906 ns, At safepoint: 43950 ns, Total: 724856 ns
[2020-08-12T15:13:24.933+0000][6][safepoint    ] Safepoint "Cleanup", Time since last: 1641858833 ns, Reaching safepoint: 1078716 ns, At safepoint: 62724 ns, Total: 1141440 ns
[2020-08-12T15:13:25.934+0000][6][safepoint    ] Safepoint "Cleanup", Time since last: 1000357283 ns, Reaching safepoint: 711157 ns, At safepoint: 46374 ns, Total: 757531 ns
[2020-08-12T15:13:26.935+0000][6][safepoint    ] Safepoint "Cleanup", Time since last: 1000299421 ns, Reaching safepoint: 656195 ns, At safepoint: 36387 ns, Total: 692582 ns
[2020-08-12T15:13:28.311+0000][6][safepoint    ] Safepoint "Cleanup", Time since last: 1373230454 ns, Reaching safepoint: 1886296 ns, At safepoint: 57712 ns, Total: 1944008 ns
[2020-08-12T15:13:29.954+0000][6][safepoint    ] Safepoint "Cleanup", Time since last: 1642733451 ns, Reaching safepoint: 1135052 ns, At safepoint: 68300 ns, Total: 1203352 ns
[2020-08-12T15:13:30.956+0000][6][safepoint    ] Safepoint "Cleanup", Time since last: 1000349021 ns, Reaching safepoint: 871030 ns, At safepoint: 43699 ns, Total: 914729 ns
[2020-08-12T15:13:31.957+0000][6][safepoint    ] Safepoint "Cleanup", Time since last: 1000395745 ns, Reaching safepoint: 912430 ns, At safepoint: 45724 ns, Total: 958154 ns
[2020-08-12T15:13:32.958+0000][6][safepoint    ] Safepoint "Cleanup", Time since last: 1000300721 ns, Reaching safepoint: 380760 ns, At safepoint: 23587 ns, Total: 404347 ns
[2020-08-12T15:13:33.961+0000][6][safepoint    ] Safepoint "Cleanup", Time since last: 1002431852 ns, Reaching safepoint: 415972 ns, At safepoint: 44449 ns, Total: 460421 ns
[2020-08-12T15:13:34.961+0000][6][safepoint    ] Safepoint "Cleanup", Time since last: 1000381183 ns, Reaching safepoint: 245910 ns, At safepoint: 11713 ns, Total: 257623 ns
[2020-08-12T15:13:35.962+0000][6][safepoint    ] Safepoint "Cleanup", Time since last: 1000226609 ns, Reaching safepoint: 646294 ns, At safepoint: 43412 ns, Total: 689706 ns
[2020-08-12T15:13:36.963+0000][6][safepoint    ] Safepoint "Cleanup", Time since last: 1000293672 ns, Reaching safepoint: 663569 ns, At safepoint: 28850 ns, Total: 692419 ns
[2020-08-12T15:13:38.119+0000][6][safepoint    ] Safepoint "Cleanup", Time since last: 1154818219 ns, Reaching safepoint: 583708 ns, At safepoint: 44274 ns, Total: 627982 ns
[2020-08-12T15:13:39.933+0000][6][safepoint    ] Safepoint "Cleanup", Time since last: 1813348945 ns, Reaching safepoint: 1119090 ns, At safepoint: 62100 ns, Total: 1181190 ns
[2020-08-12T15:13:40.934+0000][6][safepoint    ] Safepoint "Cleanup", Time since last: 1000357158 ns, Reaching safepoint: 681456 ns, At safepoint: 44525 ns, Total: 725981 ns
[2020-08-12T15:13:41.935+0000][6][safepoint    ] Safepoint "Cleanup", Time since last: 1000345433 ns, Reaching safepoint: 705794 ns, At safepoint: 43850 ns, Total: 749644 ns
[2020-08-12T15:13:42.936+0000][6][safepoint    ] Safepoint "Cleanup", Time since last: 1000350995 ns, Reaching safepoint: 507296 ns, At safepoint: 43674 ns, Total: 550970 ns
[2020-08-12T15:13:44.935+0000][6][safepoint    ] Safepoint "Cleanup", Time since last: 1997987591 ns, Reaching safepoint: 702706 ns, At safepoint: 68074 ns, Total: 770780 ns
[2020-08-12T15:13:45.936+0000][6][safepoint    ] Safepoint "Cleanup", Time since last: 1000352246 ns, Reaching safepoint: 612332 ns, At safepoint: 47175 ns, Total: 659507 ns
[2020-08-12T15:13:46.937+0000][6][safepoint    ] Safepoint "Cleanup", Time since last: 1000344345 ns, Reaching safepoint: 652795 ns, At safepoint: 45112 ns, Total: 697907 ns
[2020-08-12T15:13:48.149+0000][6][safepoint    ] Safepoint "Cleanup", Time since last: 1211057823 ns, Reaching safepoint: 583458 ns, At safepoint: 54337 ns, Total: 637795 ns
[2020-08-12T15:13:49.932+0000][6][safepoint    ] Safepoint "Cleanup", Time since last: 1782131887 ns, Reaching safepoint: 653245 ns, At safepoint: 75674 ns, Total: 728919 ns
[2020-08-12T15:13:50.933+0000][6][safepoint    ] Safepoint "Cleanup", Time since last: 1000356684 ns, Reaching safepoint: 772456 ns, At safepoint: 43475 ns, Total: 815931 ns
[2020-08-12T15:13:51.934+0000][6][safepoint    ] Safepoint "Cleanup", Time since last: 1000433695 ns, Reaching safepoint: 880718 ns, At safepoint: 59112 ns, Total: 939830 ns
[2020-08-12T15:13:53.606+0000][6][safepoint    ] Safepoint "Cleanup", Time since last: 1671399854 ns, Reaching safepoint: 696407 ns, At safepoint: 52962 ns, Total: 749369 ns
[2020-08-12T15:13:54.607+0000][6][safepoint    ] Safepoint "Cleanup", Time since last: 1000344984 ns, Reaching safepoint: 641394 ns, At safepoint: 46000 ns, Total: 687394 ns
[2020-08-12T15:13:55.608+0000][6][safepoint    ] Safepoint "Cleanup", Time since last: 1000307059 ns, Reaching safepoint: 486434 ns, At safepoint: 25599 ns, Total: 512033 ns
[2020-08-12T15:13:56.609+0000][6][safepoint    ] Safepoint "Cleanup", Time since last: 1000269610 ns, Reaching safepoint: 654482 ns, At safepoint: 45725 ns, Total: 700207 ns
[2020-08-12T15:13:57.267+0000][6][safepoint    ] Safepoint "BulkRevokeBias", Time since last: 656559283 ns, Reaching safepoint: 347572 ns, At safepoint: 1315776 ns, Total: 1663348 ns
[2020-08-12T15:13:58.271+0000][6][safepoint    ] Safepoint "Cleanup", Time since last: 1002988461 ns, Reaching safepoint: 784093 ns, At safepoint: 55225 ns, Total: 839318 ns
[2020-08-12T15:13:59.931+0000][6][safepoint    ] Safepoint "Cleanup", Time since last: 1659463820 ns, Reaching safepoint: 473583 ns, At safepoint: 44875 ns, Total: 518458 ns
[2020-08-12T15:14:00.932+0000][6][safepoint    ] Safepoint "Cleanup", Time since last: 1000342134 ns, Reaching safepoint: 732781 ns, At safepoint: 46112 ns, Total: 778893 ns
[2020-08-12T15:14:01.933+0000][6][safepoint    ] Safepoint "Cleanup", Time since last: 1000346847 ns, Reaching safepoint: 650507 ns, At safepoint: 44687 ns, Total: 695194 ns
[2020-08-12T15:14:02.934+0000][6][safepoint    ] Safepoint "Cleanup", Time since last: 1000342246 ns, Reaching safepoint: 721332 ns, At safepoint: 44062 ns, Total: 765394 ns
[2020-08-12T15:14:04.934+0000][6][safepoint    ] Safepoint "Cleanup", Time since last: 1998650698 ns, Reaching safepoint: 510008 ns, At safepoint: 21588 ns, Total: 531596 ns
[2020-08-12T15:14:05.935+0000][6][safepoint    ] Safepoint "Cleanup", Time since last: 1000287622 ns, Reaching safepoint: 789005 ns, At safepoint: 44125 ns, Total: 833130 ns
[2020-08-12T15:14:06.936+0000][6][safepoint    ] Safepoint "Cleanup", Time since last: 1000353809 ns, Reaching safepoint: 619857 ns, At safepoint: 35650 ns, Total: 655507 ns
[2020-08-12T15:14:08.193+0000][6][safepoint    ] Safepoint "Cleanup", Time since last: 1256043985 ns, Reaching safepoint: 807918 ns, At safepoint: 42824 ns, Total: 850742 ns
[2020-08-12T15:14:09.948+0000][6][safepoint    ] Safepoint "Cleanup", Time since last: 1753927178 ns, Reaching safepoint: 1085191 ns, At safepoint: 64274 ns, Total: 1149465 ns
[2020-08-12T15:14:10.949+0000][6][safepoint    ] Safepoint "Cleanup", Time since last: 1000393909 ns, Reaching safepoint: 879892 ns, At safepoint: 70637 ns, Total: 950529 ns
[2020-08-12T15:14:11.950+0000][6][safepoint    ] Safepoint "Cleanup", Time since last: 1000334809 ns, Reaching safepoint: 923842 ns, At safepoint: 43862 ns, Total: 967704 ns
[2020-08-12T15:14:12.952+0000][6][safepoint    ] Safepoint "Cleanup", Time since last: 1000347822 ns, Reaching safepoint: 878855 ns, At safepoint: 43587 ns, Total: 922442 ns
[2020-08-12T15:14:13.953+0000][6][safepoint    ] Safepoint "Cleanup", Time since last: 1000426421 ns, Reaching safepoint: 1193615 ns, At safepoint: 56687 ns, Total: 1250302 ns
[2020-08-12T15:14:14.954+0000][6][safepoint    ] Safepoint "Cleanup", Time since last: 1000348246 ns, Reaching safepoint: 637732 ns, At safepoint: 53775 ns, Total: 691507 ns
[2020-08-12T15:14:15.955+0000][6][safepoint    ] Safepoint "Cleanup", Time since last: 1000349571 ns, Reaching safepoint: 679545 ns, At safepoint: 43187 ns, Total: 722732 ns
[2020-08-12T15:14:16.956+0000][6][safepoint    ] Safepoint "Cleanup", Time since last: 1000306484 ns, Reaching safepoint: 623695 ns, At safepoint: 33674 ns, Total: 657369 ns
[2020-08-12T15:14:18.184+0000][6][safepoint    ] Safepoint "Cleanup", Time since last: 1227386996 ns, Reaching safepoint: 574320 ns, At safepoint: 44287 ns, Total: 618607 ns
[2020-08-12T15:14:18.938+0000][6][safepoint    ] Safepoint "BulkRevokeBias", Time since last: 750210010 ns, Reaching safepoint: 631782 ns, At safepoint: 2490279 ns, Total: 3122061 ns
[2020-08-12T15:14:19.941+0000][6][safepoint    ] Safepoint "Cleanup", Time since last: 1001505411 ns, Reaching safepoint: 1223440 ns, At safepoint: 62562 ns, Total: 1286002 ns
[2020-08-12T15:14:20.942+0000][6][safepoint    ] Safepoint "Cleanup", Time since last: 1000382746 ns, Reaching safepoint: 787593 ns, At safepoint: 46225 ns, Total: 833818 ns
[2020-08-12T15:14:21.943+0000][6][safepoint    ] Safepoint "Cleanup", Time since last: 1000397058 ns, Reaching safepoint: 590170 ns, At safepoint: 44237 ns, Total: 634407 ns
[2020-08-12T15:14:22.944+0000][6][safepoint    ] Safepoint "Cleanup", Time since last: 1000345197 ns, Reaching safepoint: 422259 ns, At safepoint: 55012 ns, Total: 477271 ns
[2020-08-12T15:14:24.941+0000][6][safepoint    ] Safepoint "Cleanup", Time since last: 1996530379 ns, Reaching safepoint: 559158 ns, At safepoint: 40799 ns, Total: 599957 ns
[2020-08-12T15:14:25.942+0000][6][safepoint    ] Safepoint "Cleanup", Time since last: 1000241036 ns, Reaching safepoint: 593007 ns, At safepoint: 52137 ns, Total: 645144 ns
[2020-08-12T15:14:26.943+0000][6][safepoint    ] Safepoint "Cleanup", Time since last: 1000348446 ns, Reaching safepoint: 685332 ns, At safepoint: 67212 ns, Total: 752544 ns
[2020-08-12T15:14:28.301+0000][6][safepoint    ] Safepoint "Cleanup", Time since last: 1357087123 ns, Reaching safepoint: 944542 ns, At safepoint: 42175 ns, Total: 986717 ns
[2020-08-12T15:14:28.947+0000][6][safepoint    ] Safepoint "BulkRevokeBias", Time since last: 642865776 ns, Reaching safepoint: 867555 ns, At safepoint: 2116244 ns, Total: 2983799 ns
[2020-08-12T15:14:29.949+0000][6][safepoint    ] Safepoint "Cleanup", Time since last: 1001430063 ns, Reaching safepoint: 510720 ns, At safepoint: 43337 ns, Total: 554057 ns
[2020-08-12T15:14:30.950+0000][6][safepoint    ] Safepoint "Cleanup", Time since last: 1000332909 ns, Reaching safepoint: 739669 ns, At safepoint: 43300 ns, Total: 782969 ns
[2020-08-12T15:14:31.951+0000][6][safepoint    ] Safepoint "Cleanup", Time since last: 1000386758 ns, Reaching safepoint: 734119 ns, At safepoint: 101862 ns, Total: 835981 ns
[2020-08-12T15:14:32.952+0000][6][safepoint    ] Safepoint "Cleanup", Time since last: 1000303960 ns, Reaching safepoint: 453908 ns, At safepoint: 20675 ns, Total: 474583 ns
[2020-08-12T15:14:33.953+0000][6][safepoint    ] Safepoint "Cleanup", Time since last: 1000238610 ns, Reaching safepoint: 762356 ns, At safepoint: 43199 ns, Total: 805555 ns
[2020-08-12T15:14:34.954+0000][6][safepoint    ] Safepoint "Cleanup", Time since last: 1000391934 ns, Reaching safepoint: 639669 ns, At safepoint: 37388 ns, Total: 677057 ns
[2020-08-12T15:14:35.955+0000][6][safepoint    ] Safepoint "Cleanup", Time since last: 1000402833 ns, Reaching safepoint: 972955 ns, At safepoint: 43812 ns, Total: 1016767 ns
[2020-08-12T15:14:36.956+0000][6][safepoint    ] Safepoint "Cleanup", Time since last: 1000301246 ns, Reaching safepoint: 676782 ns, At safepoint: 75337 ns, Total: 752119 ns
[2020-08-12T15:14:38.171+0000][6][safepoint    ] Safepoint "Cleanup", Time since last: 1213842925 ns, Reaching safepoint: 560982 ns, At safepoint: 46500 ns, Total: 607482 ns
[2020-08-12T15:14:39.939+0000][6][safepoint    ] Safepoint "Cleanup", Time since last: 1767641034 ns, Reaching safepoint: 728969 ns, At safepoint: 54887 ns, Total: 783856 ns
[2020-08-12T15:14:40.940+0000][6][safepoint    ] Safepoint "Cleanup", Time since last: 1000354884 ns, Reaching safepoint: 685857 ns, At safepoint: 45987 ns, Total: 731844 ns
[2020-08-12T15:14:41.941+0000][6][safepoint    ] Safepoint "Cleanup", Time since last: 1000348034 ns, Reaching safepoint: 678194 ns, At safepoint: 46212 ns, Total: 724406 ns
[2020-08-12T15:14:42.942+0000][6][safepoint    ] Safepoint "Cleanup", Time since last: 1000353509 ns, Reaching safepoint: 529145 ns, At safepoint: 43862 ns, Total: 573007 ns
[2020-08-12T15:14:44.938+0000][6][safepoint    ] Safepoint "Cleanup", Time since last: 1995524176 ns, Reaching safepoint: 448996 ns, At safepoint: 13237 ns, Total: 462233 ns
[2020-08-12T15:14:45.939+0000][6][safepoint    ] Safepoint "Cleanup", Time since last: 1000216636 ns, Reaching safepoint: 739606 ns, At safepoint: 45937 ns, Total: 785543 ns
[2020-08-12T15:14:46.940+0000][6][safepoint    ] Safepoint "Cleanup", Time since last: 1000305959 ns, Reaching safepoint: 710694 ns, At safepoint: 34112 ns, Total: 744806 ns
[2020-08-12T15:14:48.133+0000][6][safepoint    ] Safepoint "Cleanup", Time since last: 1192161250 ns, Reaching safepoint: 833818 ns, At safepoint: 44300 ns, Total: 878118 ns
[2020-08-12T15:14:49.940+0000][6][safepoint    ] Safepoint "Cleanup", Time since last: 1805271508 ns, Reaching safepoint: 1042454 ns, At safepoint: 56587 ns, Total: 1099041 ns
[2020-08-12T15:14:50.941+0000][6][safepoint    ] Safepoint "Cleanup", Time since last: 1000391859 ns, Reaching safepoint: 840155 ns, At safepoint: 44237 ns, Total: 884392 ns
[2020-08-12T15:14:51.942+0000][6][safepoint    ] Safepoint "Cleanup", Time since last: 1000353884 ns, Reaching safepoint: 804543 ns, At safepoint: 46362 ns, Total: 850905 ns
[2020-08-12T15:14:52.943+0000][6][safepoint    ] Safepoint "Cleanup", Time since last: 1000343897 ns, Reaching safepoint: 483621 ns, At safepoint: 54799 ns, Total: 538420 ns
[2020-08-12T15:14:53.947+0000][6][safepoint    ] Safepoint "Cleanup", Time since last: 1002537115 ns, Reaching safepoint: 1776910 ns, At safepoint: 58099 ns, Total: 1835009 ns
[2020-08-12T15:14:54.949+0000][6][safepoint    ] Safepoint "Cleanup", Time since last: 1000343460 ns, Reaching safepoint: 937341 ns, At safepoint: 63750 ns, Total: 1001091 ns
[2020-08-12T15:14:55.950+0000][6][safepoint    ] Safepoint "Cleanup", Time since last: 1000402484 ns, Reaching safepoint: 853442 ns, At safepoint: 46562 ns, Total: 900004 ns
[2020-08-12T15:14:56.951+0000][6][safepoint    ] Safepoint "Cleanup", Time since last: 1000663882 ns, Reaching safepoint: 535745 ns, At safepoint: 54925 ns, Total: 590670 ns
[2020-08-12T15:14:58.406+0000][6][safepoint    ] Safepoint "Cleanup", Time since last: 1454145958 ns, Reaching safepoint: 504246 ns, At safepoint: 35912 ns, Total: 540158 ns
[2020-08-12T15:14:59.941+0000][6][safepoint    ] Safepoint "Cleanup", Time since last: 1533302486 ns, Reaching safepoint: 1106041 ns, At safepoint: 53924 ns, Total: 1159965 ns
[2020-08-12T15:15:00.942+0000][6][safepoint    ] Safepoint "Cleanup", Time since last: 1000392334 ns, Reaching safepoint: 786406 ns, At safepoint: 46049 ns, Total: 832455 ns
[2020-08-12T15:15:01.943+0000][6][safepoint    ] Safepoint "Cleanup", Time since last: 1000403184 ns, Reaching safepoint: 633057 ns, At safepoint: 55275 ns, Total: 688332 ns
[2020-08-12T15:15:02.944+0000][6][safepoint    ] Safepoint "Cleanup", Time since last: 1000405333 ns, Reaching safepoint: 779931 ns, At safepoint: 46937 ns, Total: 826868 ns
[2020-08-12T15:15:04.941+0000][6][safepoint    ] Safepoint "Cleanup", Time since last: 1996701265 ns, Reaching safepoint: 564720 ns, At safepoint: 34712 ns, Total: 599432 ns
[2020-08-12T15:15:05.943+0000][6][safepoint    ] Safepoint "Cleanup", Time since last: 1000629345 ns, Reaching safepoint: 837330 ns, At safepoint: 89949 ns, Total: 927279 ns
[2020-08-12T15:15:06.945+0000][6][safepoint    ] Safepoint "Cleanup", Time since last: 1000383959 ns, Reaching safepoint: 1234177 ns, At safepoint: 57674 ns, Total: 1291851 ns
[2020-08-12T15:15:08.111+0000][6][safepoint    ] Safepoint "Cleanup", Time since last: 1165749966 ns, Reaching safepoint: 818218 ns, At safepoint: 45525 ns, Total: 863743 ns
[2020-08-12T15:15:09.942+0000][6][safepoint    ] Safepoint "Cleanup", Time since last: 1829698459 ns, Reaching safepoint: 644932 ns, At safepoint: 31288 ns, Total: 676220 ns
[2020-08-12T15:15:10.943+0000][6][safepoint    ] Safepoint "Cleanup", Time since last: 1000374009 ns, Reaching safepoint: 629169 ns, At safepoint: 45012 ns, Total: 674181 ns
[2020-08-12T15:15:11.944+0000][6][safepoint    ] Safepoint "Cleanup", Time since last: 1000351647 ns, Reaching safepoint: 600745 ns, At safepoint: 54312 ns, Total: 655057 ns
[2020-08-12T15:15:12.945+0000][6][safepoint    ] Safepoint "Cleanup", Time since last: 1000346984 ns, Reaching safepoint: 735643 ns, At safepoint: 53337 ns, Total: 788980 ns
[2020-08-12T15:15:13.946+0000][6][safepoint    ] Safepoint "Cleanup", Time since last: 1000444684 ns, Reaching safepoint: 1117352 ns, At safepoint: 64387 ns, Total: 1181739 ns
[2020-08-12T15:15:14.947+0000][6][safepoint    ] Safepoint "Cleanup", Time since last: 1000383859 ns, Reaching safepoint: 533758 ns, At safepoint: 22125 ns, Total: 555883 ns
[2020-08-12T15:15:15.948+0000][6][safepoint    ] Safepoint "Cleanup", Time since last: 1000252935 ns, Reaching safepoint: 722031 ns, At safepoint: 44800 ns, Total: 766831 ns
[2020-08-12T15:15:16.949+0000][6][safepoint    ] Safepoint "Cleanup", Time since last: 1000402321 ns, Reaching safepoint: 621794 ns, At safepoint: 29025 ns, Total: 650819 ns
[2020-08-12T15:15:18.137+0000][6][safepoint    ] Safepoint "Cleanup", Time since last: 1186501687 ns, Reaching safepoint: 799130 ns, At safepoint: 43950 ns, Total: 843080 ns
[2020-08-12T15:15:19.947+0000][6][safepoint    ] Safepoint "Cleanup", Time since last: 1809386723 ns, Reaching safepoint: 589020 ns, At safepoint: 21550 ns, Total: 610570 ns
[2020-08-12T15:15:20.947+0000][6][safepoint    ] Safepoint "Cleanup", Time since last: 1000221485 ns, Reaching safepoint: 324722 ns, At safepoint: 15025 ns, Total: 339747 ns
[2020-08-12T15:15:21.948+0000][6][safepoint    ] Safepoint "Cleanup", Time since last: 1000228047 ns, Reaching safepoint: 705507 ns, At safepoint: 43712 ns, Total: 749219 ns
[2020-08-12T15:15:22.949+0000][6][safepoint    ] Safepoint "Cleanup", Time since last: 1000345497 ns, Reaching safepoint: 553733 ns, At safepoint: 44437 ns, Total: 598170 ns
[2020-08-12T15:15:24.944+0000][6][safepoint    ] Safepoint "Cleanup", Time since last: 1994015338 ns, Reaching safepoint: 562495 ns, At safepoint: 127974 ns, Total: 690469 ns
[2020-08-12T15:15:25.945+0000][6][safepoint    ] Safepoint "Cleanup", Time since last: 1000306259 ns, Reaching safepoint: 575933 ns, At safepoint: 139661 ns, Total: 715594 ns
[2020-08-12T15:15:26.946+0000][6][safepoint    ] Safepoint "Cleanup", Time since last: 1000306647 ns, Reaching safepoint: 566495 ns, At safepoint: 70725 ns, Total: 637220 ns
[2020-08-12T15:15:28.305+0000][6][safepoint    ] Safepoint "Cleanup", Time since last: 1358275250 ns, Reaching safepoint: 1051841 ns, At safepoint: 53737 ns, Total: 1105578 ns
[2020-08-12T15:15:29.941+0000][6][safepoint    ] Safepoint "Cleanup", Time since last: 1635125406 ns, Reaching safepoint: 630619 ns, At safepoint: 22512 ns, Total: 653131 ns
[2020-08-12T15:15:30.942+0000][6][safepoint    ] Safepoint "Cleanup", Time since last: 1000258085 ns, Reaching safepoint: 824668 ns, At safepoint: 43550 ns, Total: 868218 ns
[2020-08-12T15:15:31.944+0000][6][safepoint    ] Safepoint "Cleanup", Time since last: 1000870329 ns, Reaching safepoint: 703244 ns, At safepoint: 54900 ns, Total: 758144 ns
[2020-08-12T15:15:32.945+0000][6][safepoint    ] Safepoint "Cleanup", Time since last: 1000408696 ns, Reaching safepoint: 358622 ns, At safepoint: 15937 ns, Total: 374559 ns
[2020-08-12T15:15:33.945+0000][6][safepoint    ] Safepoint "Cleanup", Time since last: 1000171611 ns, Reaching safepoint: 286110 ns, At safepoint: 16300 ns, Total: 302410 ns
[2020-08-12T15:15:34.946+0000][6][safepoint    ] Safepoint "Cleanup", Time since last: 1000214247 ns, Reaching safepoint: 279098 ns, At safepoint: 33712 ns, Total: 312810 ns
[2020-08-12T15:15:35.947+0000][6][safepoint    ] Safepoint "Cleanup", Time since last: 1000353709 ns, Reaching safepoint: 770644 ns, At safepoint: 43312 ns, Total: 813956 ns
[2020-08-12T15:15:36.948+0000][6][safepoint    ] Safepoint "Cleanup", Time since last: 1000342796 ns, Reaching safepoint: 604120 ns, At safepoint: 25000 ns, Total: 629120 ns
[2020-08-12T15:15:38.160+0000][6][safepoint    ] Safepoint "Cleanup", Time since last: 1211466295 ns, Reaching safepoint: 857743 ns, At safepoint: 43562 ns, Total: 901305 ns
[2020-08-12T15:15:39.945+0000][6][safepoint    ] Safepoint "Cleanup", Time since last: 1783112200 ns, Reaching safepoint: 1253127 ns, At safepoint: 67449 ns, Total: 1320576 ns
[2020-08-12T15:15:40.946+0000][6][safepoint    ] Safepoint "Cleanup", Time since last: 1000405847 ns, Reaching safepoint: 824505 ns, At safepoint: 44550 ns, Total: 869055 ns
[2020-08-12T15:15:41.947+0000][6][safepoint    ] Safepoint "Cleanup", Time since last: 1000399008 ns, Reaching safepoint: 867193 ns, At safepoint: 45762 ns, Total: 912955 ns
[2020-08-12T15:15:42.948+0000][6][safepoint    ] Safepoint "Cleanup", Time since last: 1000351696 ns, Reaching safepoint: 548308 ns, At safepoint: 44750 ns, Total: 593058 ns
[2020-08-12T15:15:44.947+0000][6][safepoint    ] Safepoint "Cleanup", Time since last: 1998050691 ns, Reaching safepoint: 654207 ns, At safepoint: 55812 ns, Total: 710019 ns
[2020-08-12T15:15:45.948+0000][6][safepoint    ] Safepoint "Cleanup", Time since last: 1000450158 ns, Reaching safepoint: 664545 ns, At safepoint: 46624 ns, Total: 711169 ns
[2020-08-12T15:15:46.950+0000][6][safepoint    ] Safepoint "Cleanup", Time since last: 1000333559 ns, Reaching safepoint: 1216064 ns, At safepoint: 55563 ns, Total: 1271627 ns
[2020-08-12T15:15:48.066+0000][6][safepoint    ] Safepoint "Cleanup", Time since last: 1115385389 ns, Reaching safepoint: 824267 ns, At safepoint: 229798 ns, Total: 1054065 ns
[2020-08-12T15:15:49.943+0000][6][safepoint    ] Safepoint "Cleanup", Time since last: 1876794778 ns, Reaching safepoint: 271323 ns, At safepoint: 11675 ns, Total: 282998 ns
[2020-08-12T15:15:50.944+0000][6][safepoint    ] Safepoint "Cleanup", Time since last: 1000193197 ns, Reaching safepoint: 460471 ns, At safepoint: 23450 ns, Total: 483921 ns
[2020-08-12T15:15:51.945+0000][6][safepoint    ] Safepoint "Cleanup", Time since last: 1000353009 ns, Reaching safepoint: 878593 ns, At safepoint: 44324 ns, Total: 922917 ns
[2020-08-12T15:15:52.946+0000][6][safepoint    ] Safepoint "Cleanup", Time since last: 1000349597 ns, Reaching safepoint: 659482 ns, At safepoint: 44062 ns, Total: 703544 ns
[2020-08-12T15:15:53.947+0000][6][safepoint    ] Safepoint "Cleanup", Time since last: 1000328584 ns, Reaching safepoint: 470021 ns, At safepoint: 45387 ns, Total: 515408 ns
[2020-08-12T15:15:54.948+0000][6][safepoint    ] Safepoint "Cleanup", Time since last: 1000287822 ns, Reaching safepoint: 534608 ns, At safepoint: 22400 ns, Total: 557008 ns
[2020-08-12T15:15:55.949+0000][6][safepoint    ] Safepoint "Cleanup", Time since last: 1000270435 ns, Reaching safepoint: 590457 ns, At safepoint: 52987 ns, Total: 643444 ns
[2020-08-12T15:15:56.950+0000][6][safepoint    ] Safepoint "Cleanup", Time since last: 1000396046 ns, Reaching safepoint: 592070 ns, At safepoint: 29500 ns, Total: 621570 ns
[2020-08-12T15:15:58.375+0000][6][safepoint    ] Safepoint "Cleanup", Time since last: 1424738100 ns, Reaching safepoint: 613795 ns, At safepoint: 39512 ns, Total: 653307 ns
[2020-08-12T15:15:59.952+0000][6][safepoint    ] Safepoint "Cleanup", Time since last: 1574219983 ns, Reaching safepoint: 2106231 ns, At safepoint: 64450 ns, Total: 2170681 ns
[2020-08-12T15:16:00.953+0000][6][safepoint    ] Safepoint "Cleanup", Time since last: 1000457646 ns, Reaching safepoint: 797130 ns, At safepoint: 58562 ns, Total: 855692 ns
[2020-08-12T15:16:01.954+0000][6][safepoint    ] Safepoint "Cleanup", Time since last: 1000455008 ns, Reaching safepoint: 823781 ns, At safepoint: 46474 ns, Total: 870255 ns
[2020-08-12T15:16:02.955+0000][6][safepoint    ] Safepoint "Cleanup", Time since last: 1000352972 ns, Reaching safepoint: 778806 ns, At safepoint: 46599 ns, Total: 825405 ns
[2020-08-12T15:16:04.947+0000][6][safepoint    ] Safepoint "Cleanup", Time since last: 1990791417 ns, Reaching safepoint: 561932 ns, At safepoint: 25488 ns, Total: 587420 ns
[2020-08-12T15:16:05.948+0000][6][safepoint    ] Safepoint "Cleanup", Time since last: 1000266334 ns, Reaching safepoint: 608970 ns, At safepoint: 53300 ns, Total: 662270 ns
[2020-08-12T15:16:06.949+0000][6][safepoint    ] Safepoint "Cleanup", Time since last: 1000406333 ns, Reaching safepoint: 569370 ns, At safepoint: 27250 ns, Total: 596620 ns
[2020-08-12T15:16:08.162+0000][6][safepoint    ] Safepoint "Cleanup", Time since last: 1212746372 ns, Reaching safepoint: 548458 ns, At safepoint: 27624 ns, Total: 576082 ns
[2020-08-12T15:16:09.946+0000][6][safepoint    ] Safepoint "Cleanup", Time since last: 1782998839 ns, Reaching safepoint: 745506 ns, At safepoint: 58112 ns, Total: 803618 ns
[2020-08-12T15:16:10.947+0000][6][safepoint    ] Safepoint "Cleanup", Time since last: 1000360847 ns, Reaching safepoint: 480021 ns, At safepoint: 55887 ns, Total: 535908 ns
[2020-08-12T15:16:11.948+0000][6][safepoint    ] Safepoint "Cleanup", Time since last: 1000430271 ns, Reaching safepoint: 909767 ns, At safepoint: 44612 ns, Total: 954379 ns
[2020-08-12T15:16:12.949+0000][6][safepoint    ] Safepoint "Cleanup", Time since last: 1000345271 ns, Reaching safepoint: 864193 ns, At safepoint: 43800 ns, Total: 907993 ns
[2020-08-12T15:16:13.952+0000][6][safepoint    ] Safepoint "Cleanup", Time since last: 1000577644 ns, Reaching safepoint: 2191244 ns, At safepoint: 70249 ns, Total: 2261493 ns
[2020-08-12T15:16:14.953+0000][6][safepoint    ] Safepoint "Cleanup", Time since last: 1000300747 ns, Reaching safepoint: 607945 ns, At safepoint: 24437 ns, Total: 632382 ns
[2020-08-12T15:16:15.954+0000][6][safepoint    ] Safepoint "Cleanup", Time since last: 1000252723 ns, Reaching safepoint: 751731 ns, At safepoint: 47737 ns, Total: 799468 ns
[2020-08-12T15:16:16.955+0000][6][safepoint    ] Safepoint "Cleanup", Time since last: 1000343971 ns, Reaching safepoint: 556745 ns, At safepoint: 55887 ns, Total: 612632 ns
[2020-08-12T15:16:18.045+0000][6][safepoint    ] Safepoint "Cleanup", Time since last: 1089097342 ns, Reaching safepoint: 818218 ns, At safepoint: 35487 ns, Total: 853705 ns
[2020-08-12T15:16:19.950+0000][6][safepoint    ] Safepoint "Cleanup", Time since last: 1904086004 ns, Reaching safepoint: 695056 ns, At safepoint: 107774 ns, Total: 802830 ns
[2020-08-12T15:16:20.951+0000][6][safepoint    ] Safepoint "Cleanup", Time since last: 1000343772 ns, Reaching safepoint: 456996 ns, At safepoint: 44237 ns, Total: 501233 ns
[2020-08-12T15:16:21.952+0000][6][safepoint    ] Safepoint "Cleanup", Time since last: 1000403259 ns, Reaching safepoint: 795856 ns, At safepoint: 44699 ns, Total: 840555 ns
[2020-08-12T15:16:22.953+0000][6][safepoint    ] Safepoint "Cleanup", Time since last: 1000344309 ns, Reaching safepoint: 866955 ns, At safepoint: 43725 ns, Total: 910680 ns
[2020-08-12T15:16:23.955+0000][6][safepoint    ] Safepoint "Cleanup", Time since last: 1000328597 ns, Reaching safepoint: 1327351 ns, At safepoint: 46312 ns, Total: 1373663 ns
[2020-08-12T15:16:24.079+0000][6][safepoint    ] Safepoint "BulkRevokeBias", Time since last: 122585252 ns, Reaching safepoint: 432084 ns, At safepoint: 1335713 ns, Total: 1767797 ns
[2020-08-12T15:16:25.080+0000][6][safepoint    ] Safepoint "Cleanup", Time since last: 1000242898 ns, Reaching safepoint: 380909 ns, At safepoint: 57199 ns, Total: 438108 ns
[2020-08-12T15:16:26.081+0000][6][safepoint    ] Safepoint "Cleanup", Time since last: 1000343359 ns, Reaching safepoint: 622258 ns, At safepoint: 46937 ns, Total: 669195 ns
[2020-08-12T15:16:27.082+0000][6][safepoint    ] Safepoint "Cleanup", Time since last: 1000323609 ns, Reaching safepoint: 812905 ns, At safepoint: 57600 ns, Total: 870505 ns
[2020-08-12T15:16:27.213+0000][6][safepoint    ] Safepoint "BulkRevokeBias", Time since last: 125138680 ns, Reaching safepoint: 486858 ns, At safepoint: 5441628 ns, Total: 5928486 ns
[2020-08-12T15:16:28.370+0000][6][safepoint    ] Safepoint "Cleanup", Time since last: 1155880476 ns, Reaching safepoint: 994929 ns, At safepoint: 46437 ns, Total: 1041366 ns
[2020-08-12T15:16:29.950+0000][6][safepoint    ] Safepoint "Cleanup", Time since last: 1578943042 ns, Reaching safepoint: 645857 ns, At safepoint: 25962 ns, Total: 671819 ns
[2020-08-12T15:16:30.951+0000][6][safepoint    ] Safepoint "Cleanup", Time since last: 1000286422 ns, Reaching safepoint: 868380 ns, At safepoint: 66775 ns, Total: 935155 ns
[2020-08-12T15:16:31.952+0000][6][safepoint    ] Safepoint "Cleanup", Time since last: 1000327184 ns, Reaching safepoint: 631182 ns, At safepoint: 47187 ns, Total: 678369 ns
[2020-08-12T15:16:32.953+0000][6][safepoint    ] Safepoint "Cleanup", Time since last: 1000282047 ns, Reaching safepoint: 347435 ns, At safepoint: 56674 ns, Total: 404109 ns
[2020-08-12T15:16:33.954+0000][6][safepoint    ] Safepoint "Cleanup", Time since last: 1000400596 ns, Reaching safepoint: 839881 ns, At safepoint: 70049 ns, Total: 909930 ns
[2020-08-12T15:16:34.955+0000][6][safepoint    ] Safepoint "Cleanup", Time since last: 1000344572 ns, Reaching safepoint: 717356 ns, At safepoint: 57412 ns, Total: 774768 ns
[2020-08-12T15:16:35.956+0000][6][safepoint    ] Safepoint "Cleanup", Time since last: 1000343784 ns, Reaching safepoint: 665219 ns, At safepoint: 44325 ns, Total: 709544 ns
[2020-08-12T15:16:36.957+0000][6][safepoint    ] Safepoint "Cleanup", Time since last: 1000315722 ns, Reaching safepoint: 656032 ns, At safepoint: 37362 ns, Total: 693394 ns
[2020-08-12T15:16:38.223+0000][6][safepoint    ] Safepoint "Cleanup", Time since last: 1265107919 ns, Reaching safepoint: 379796 ns, At safepoint: 18113 ns, Total: 397909 ns
[2020-08-12T15:16:39.950+0000][6][safepoint    ] Safepoint "Cleanup", Time since last: 1726702238 ns, Reaching safepoint: 602995 ns, At safepoint: 31200 ns, Total: 634195 ns
[2020-08-12T15:16:40.951+0000][6][safepoint    ] Safepoint "Cleanup", Time since last: 1000212560 ns, Reaching safepoint: 358422 ns, At safepoint: 17225 ns, Total: 375647 ns
[2020-08-12T15:16:41.952+0000][6][safepoint    ] Safepoint "Cleanup", Time since last: 1000341997 ns, Reaching safepoint: 763493 ns, At safepoint: 43712 ns, Total: 807205 ns
[2020-08-12T15:16:42.953+0000][6][safepoint    ] Safepoint "Cleanup", Time since last: 1000347921 ns, Reaching safepoint: 358947 ns, At safepoint: 18475 ns, Total: 377422 ns
[2020-08-12T15:16:44.952+0000][6][safepoint    ] Safepoint "Cleanup", Time since last: 1998439963 ns, Reaching safepoint: 1111353 ns, At safepoint: 54912 ns, Total: 1166265 ns
[2020-08-12T15:16:45.953+0000][6][safepoint    ] Safepoint "Cleanup", Time since last: 1000343259 ns, Reaching safepoint: 788943 ns, At safepoint: 77012 ns, Total: 865955 ns
[2020-08-12T15:16:46.954+0000][6][safepoint    ] Safepoint "Cleanup", Time since last: 1000297909 ns, Reaching safepoint: 595283 ns, At safepoint: 31537 ns, Total: 626820 ns
[2020-08-12T15:16:48.105+0000][6][safepoint    ] Safepoint "Cleanup", Time since last: 1149711830 ns, Reaching safepoint: 613707 ns, At safepoint: 46912 ns, Total: 660619 ns
[2020-08-12T15:16:48.953+0000][6][safepoint    ] Safepoint "BulkRevokeBias", Time since last: 844981778 ns, Reaching safepoint: 670569 ns, At safepoint: 2437817 ns, Total: 3108386 ns
[2020-08-12T15:16:49.956+0000][6][safepoint    ] Safepoint "Cleanup", Time since last: 1002369054 ns, Reaching safepoint: 806280 ns, At safepoint: 53737 ns, Total: 860017 ns
[2020-08-12T15:16:50.957+0000][6][safepoint    ] Safepoint "Cleanup", Time since last: 1000316610 ns, Reaching safepoint: 910017 ns, At safepoint: 43600 ns, Total: 953617 ns
[2020-08-12T15:16:51.958+0000][6][safepoint    ] Safepoint "Cleanup", Time since last: 1000347808 ns, Reaching safepoint: 837706 ns, At safepoint: 43762 ns, Total: 881468 ns
[2020-08-12T15:16:52.960+0000][6][safepoint    ] Safepoint "Cleanup", Time since last: 1000430483 ns, Reaching safepoint: 775331 ns, At safepoint: 43787 ns, Total: 819118 ns
[2020-08-12T15:16:53.961+0000][6][safepoint    ] Safepoint "Cleanup", Time since last: 1000388521 ns, Reaching safepoint: 908180 ns, At safepoint: 45662 ns, Total: 953842 ns
[2020-08-12T15:16:54.962+0000][6][safepoint    ] Safepoint "Cleanup", Time since last: 1000345634 ns, Reaching safepoint: 656507 ns, At safepoint: 67425 ns, Total: 723932 ns
[2020-08-12T15:16:55.963+0000][6][safepoint    ] Safepoint "Cleanup", Time since last: 1000372921 ns, Reaching safepoint: 674194 ns, At safepoint: 47662 ns, Total: 721856 ns
[2020-08-12T15:16:56.964+0000][6][safepoint    ] Safepoint "Cleanup", Time since last: 1000296510 ns, Reaching safepoint: 636982 ns, At safepoint: 29762 ns, Total: 666744 ns
[2020-08-12T15:16:58.384+0000][6][safepoint    ] Safepoint "Cleanup", Time since last: 1419203498 ns, Reaching safepoint: 912130 ns, At safepoint: 32287 ns, Total: 944417 ns
[2020-08-12T15:16:59.955+0000][6][safepoint    ] Safepoint "Cleanup", Time since last: 1569404099 ns, Reaching safepoint: 920330 ns, At safepoint: 38824 ns, Total: 959154 ns
[2020-08-12T15:17:00.956+0000][6][safepoint    ] Safepoint "Cleanup", Time since last: 1000335997 ns, Reaching safepoint: 765056 ns, At safepoint: 108061 ns, Total: 873117 ns
[2020-08-12T15:17:01.957+0000][6][safepoint    ] Safepoint "Cleanup", Time since last: 1000351922 ns, Reaching safepoint: 646432 ns, At safepoint: 56187 ns, Total: 702619 ns
[2020-08-12T15:17:02.958+0000][6][safepoint    ] Safepoint "Cleanup", Time since last: 1000328184 ns, Reaching safepoint: 737794 ns, At safepoint: 33525 ns, Total: 771319 ns
[2020-08-12T15:17:04.953+0000][6][safepoint    ] Safepoint "Cleanup", Time since last: 1994420535 ns, Reaching safepoint: 654094 ns, At safepoint: 28037 ns, Total: 682131 ns
[2020-08-12T15:17:05.954+0000][6][safepoint    ] Safepoint "Cleanup", Time since last: 1000395346 ns, Reaching safepoint: 561821 ns, At safepoint: 45012 ns, Total: 606833 ns
[2020-08-12T15:17:07.089+0000][6][safepoint    ] Safepoint "Cleanup", Time since last: 1133733655 ns, Reaching safepoint: 640894 ns, At safepoint: 27625 ns, Total: 668519 ns
[2020-08-12T15:17:08.258+0000][6][safepoint    ] Safepoint "Cleanup", Time since last: 1168856402 ns, Reaching safepoint: 661044 ns, At safepoint: 41012 ns, Total: 702056 ns
[2020-08-12T15:17:09.259+0000][6][safepoint    ] Safepoint "Cleanup", Time since last: 1000278697 ns, Reaching safepoint: 465796 ns, At safepoint: 24662 ns, Total: 490458 ns
[2020-08-12T15:17:10.260+0000][6][safepoint    ] Safepoint "Cleanup", Time since last: 1000268623 ns, Reaching safepoint: 778131 ns, At safepoint: 36437 ns, Total: 814568 ns
[2020-08-12T15:17:11.261+0000][6][safepoint    ] Safepoint "Cleanup", Time since last: 1000227435 ns, Reaching safepoint: 593370 ns, At safepoint: 100037 ns, Total: 693407 ns
[2020-08-12T15:17:12.262+0000][6][safepoint    ] Safepoint "Cleanup", Time since last: 1000336721 ns, Reaching safepoint: 489933 ns, At safepoint: 35288 ns, Total: 525221 ns
[2020-08-12T15:17:13.263+0000][6][safepoint    ] Safepoint "Cleanup", Time since last: 1000346759 ns, Reaching safepoint: 855380 ns, At safepoint: 58412 ns, Total: 913792 ns
[2020-08-12T15:17:14.955+0000][6][safepoint    ] Safepoint "Cleanup", Time since last: 1690760912 ns, Reaching safepoint: 944304 ns, At safepoint: 66974 ns, Total: 1011278 ns
[2020-08-12T15:17:15.956+0000][6][safepoint    ] Safepoint "Cleanup", Time since last: 1000416934 ns, Reaching safepoint: 567495 ns, At safepoint: 43962 ns, Total: 611457 ns
[2020-08-12T15:17:16.964+0000][6][safepoint    ] Safepoint "Cleanup", Time since last: 1005159867 ns, Reaching safepoint: 2686952 ns, At safepoint: 57137 ns, Total: 2744089 ns
[2020-08-12T15:17:18.136+0000][6][safepoint    ] Safepoint "Cleanup", Time since last: 1170880834 ns, Reaching safepoint: 877655 ns, At safepoint: 44650 ns, Total: 922305 ns
[2020-08-12T15:17:19.956+0000][6][safepoint    ] Safepoint "Cleanup", Time since last: 1819393799 ns, Reaching safepoint: 1147115 ns, At safepoint: 54637 ns, Total: 1201752 ns
[2020-08-12T15:17:20.958+0000][6][safepoint    ] Safepoint "Cleanup", Time since last: 1000854155 ns, Reaching safepoint: 580970 ns, At safepoint: 44337 ns, Total: 625307 ns
[2020-08-12T15:17:21.959+0000][6][safepoint    ] Safepoint "Cleanup", Time since last: 1000347734 ns, Reaching safepoint: 570695 ns, At safepoint: 44437 ns, Total: 615132 ns
[2020-08-12T15:17:22.503+0000][6][gc,start     ] GC(27) Pause Young (Normal) (G1 Evacuation Pause)
[2020-08-12T15:17:22.503+0000][6][gc,task      ] GC(27) Using 2 workers of 2 for evacuation
[2020-08-12T15:17:22.505+0000][6][gc,age       ] GC(27) Desired survivor size 40370176 bytes, new threshold 15 (max threshold 15)
[2020-08-12T15:17:22.531+0000][6][gc,age       ] GC(27) Age table with threshold 15 (max threshold 15)
[2020-08-12T15:17:22.531+0000][6][gc,age       ] GC(27) - age   1:     381184 bytes,     381184 total
[2020-08-12T15:17:22.531+0000][6][gc,age       ] GC(27) - age   2:      60256 bytes,     441440 total
[2020-08-12T15:17:22.531+0000][6][gc,age       ] GC(27) - age   3:      61064 bytes,     502504 total
[2020-08-12T15:17:22.531+0000][6][gc,age       ] GC(27) - age   4:      81920 bytes,     584424 total
[2020-08-12T15:17:22.531+0000][6][gc,age       ] GC(27) - age   5:      50472 bytes,     634896 total
[2020-08-12T15:17:22.531+0000][6][gc,age       ] GC(27) - age   6:      63360 bytes,     698256 total
[2020-08-12T15:17:22.531+0000][6][gc,age       ] GC(27) - age   7:     360896 bytes,    1059152 total
[2020-08-12T15:17:22.531+0000][6][gc,age       ] GC(27) - age   8:     205520 bytes,    1264672 total
[2020-08-12T15:17:22.531+0000][6][gc,phases    ] GC(27)   Pre Evacuate Collection Set: 0.5ms
[2020-08-12T15:17:22.532+0000][6][gc,phases    ] GC(27)   Merge Heap Roots: 0.5ms
[2020-08-12T15:17:22.532+0000][6][gc,phases    ] GC(27)   Evacuate Collection Set: 19.7ms
[2020-08-12T15:17:22.532+0000][6][gc,phases    ] GC(27)   Post Evacuate Collection Set: 4.6ms
[2020-08-12T15:17:22.532+0000][6][gc,phases    ] GC(27)   Other: 3.0ms
[2020-08-12T15:17:22.532+0000][6][gc,heap      ] GC(27) Eden regions: 612->0(612)
[2020-08-12T15:17:22.532+0000][6][gc,heap      ] GC(27) Survivor regions: 2->2(77)
[2020-08-12T15:17:22.532+0000][6][gc,heap      ] GC(27) Old regions: 77->77
[2020-08-12T15:17:22.532+0000][6][gc,heap      ] GC(27) Archive regions: 2->2
[2020-08-12T15:17:22.532+0000][6][gc,heap      ] GC(27) Humongous regions: 7->7
[2020-08-12T15:17:22.532+0000][6][gc,metaspace ] GC(27) Metaspace: 96680K(104504K)->96680K(104504K) NonClass: 84152K(88888K)->84152K(88888K) Class: 12527K(15616K)->12527K(15616K)
[2020-08-12T15:17:22.533+0000][6][gc           ] GC(27) Pause Young (Normal) (G1 Evacuation Pause) 697M->85M(1024M) 29.317ms
[2020-08-12T15:17:22.533+0000][6][gc,cpu       ] GC(27) User=0.05s Sys=0.00s Real=0.03s
[2020-08-12T15:17:22.533+0000][6][safepoint    ] Safepoint "G1CollectForAllocation", Time since last: 543533898 ns, Reaching safepoint: 1033779 ns, At safepoint: 30110402 ns, Total: 31144181 ns
[2020-08-12T15:17:23.545+0000][6][safepoint    ] Safepoint "Cleanup", Time since last: 1010759632 ns, Reaching safepoint: 619232 ns, At safepoint: 52187 ns, Total: 671419 ns
[2020-08-12T15:17:24.961+0000][6][safepoint    ] Safepoint "Cleanup", Time since last: 1415056434 ns, Reaching safepoint: 920629 ns, At safepoint: 60700 ns, Total: 981329 ns
[2020-08-12T15:17:25.962+0000][6][safepoint    ] Safepoint "Cleanup", Time since last: 1000388596 ns, Reaching safepoint: 821143 ns, At safepoint: 45950 ns, Total: 867093 ns
[2020-08-12T15:17:26.963+0000][6][safepoint    ] Safepoint "Cleanup", Time since last: 1000291597 ns, Reaching safepoint: 888279 ns, At safepoint: 37700 ns, Total: 925979 ns
[2020-08-12T15:17:28.232+0000][6][safepoint    ] Safepoint "Cleanup", Time since last: 1267726834 ns, Reaching safepoint: 776943 ns, At safepoint: 43575 ns, Total: 820518 ns
[2020-08-12T15:17:29.683+0000][6][safepoint    ] Safepoint "Cleanup", Time since last: 1450759575 ns, Reaching safepoint: 754306 ns, At safepoint: 46275 ns, Total: 800581 ns
[2020-08-12T15:17:30.684+0000][6][safepoint    ] Safepoint "Cleanup", Time since last: 1000395459 ns, Reaching safepoint: 671569 ns, At safepoint: 51499 ns, Total: 723068 ns
[2020-08-12T15:17:31.686+0000][6][safepoint    ] Safepoint "Cleanup", Time since last: 1000580882 ns, Reaching safepoint: 619232 ns, At safepoint: 53400 ns, Total: 672632 ns
[2020-08-12T15:17:32.686+0000][6][safepoint    ] Safepoint "Cleanup", Time since last: 1000374471 ns, Reaching safepoint: 303435 ns, At safepoint: 25100 ns, Total: 328535 ns
[2020-08-12T15:17:33.688+0000][6][safepoint    ] Safepoint "Cleanup", Time since last: 1000226735 ns, Reaching safepoint: 956579 ns, At safepoint: 50112 ns, Total: 1006691 ns
[2020-08-12T15:17:34.959+0000][6][safepoint    ] Safepoint "Cleanup", Time since last: 1271135604 ns, Reaching safepoint: 387560 ns, At safepoint: 12624 ns, Total: 400184 ns
[2020-08-12T15:17:35.960+0000][6][safepoint    ] Safepoint "Cleanup", Time since last: 1000229936 ns, Reaching safepoint: 854092 ns, At safepoint: 43400 ns, Total: 897492 ns
[2020-08-12T15:17:36.962+0000][6][safepoint    ] Safepoint "Cleanup", Time since last: 1000340222 ns, Reaching safepoint: 1006216 ns, At safepoint: 54662 ns, Total: 1060878 ns
[2020-08-12T15:17:38.152+0000][6][safepoint    ] Safepoint "Cleanup", Time since last: 1189020652 ns, Reaching safepoint: 1569049 ns, At safepoint: 47524 ns, Total: 1616573 ns
[2020-08-12T15:17:39.955+0000][6][safepoint    ] Safepoint "Cleanup", Time since last: 1801878476 ns, Reaching safepoint: 832480 ns, At safepoint: 57400 ns, Total: 889880 ns
[2020-08-12T15:17:40.956+0000][6][safepoint    ] Safepoint "Cleanup", Time since last: 1000315872 ns, Reaching safepoint: 875617 ns, At safepoint: 43937 ns, Total: 919554 ns
[2020-08-12T15:17:41.957+0000][6][safepoint    ] Safepoint "Cleanup", Time since last: 1000343997 ns, Reaching safepoint: 665382 ns, At safepoint: 45962 ns, Total: 711344 ns
[2020-08-12T15:17:42.958+0000][6][safepoint    ] Safepoint "Cleanup", Time since last: 1000337234 ns, Reaching safepoint: 592282 ns, At safepoint: 40187 ns, Total: 632469 ns
[2020-08-12T15:17:44.958+0000][6][safepoint    ] Safepoint "Cleanup", Time since last: 1998842835 ns, Reaching safepoint: 599469 ns, At safepoint: 27275 ns, Total: 626744 ns
[2020-08-12T15:17:45.959+0000][6][safepoint    ] Safepoint "Cleanup", Time since last: 1000295297 ns, Reaching safepoint: 596670 ns, At safepoint: 52512 ns, Total: 649182 ns
[2020-08-12T15:17:46.960+0000][6][safepoint    ] Safepoint "Cleanup", Time since last: 1000371247 ns, Reaching safepoint: 768380 ns, At safepoint: 36875 ns, Total: 805255 ns
[2020-08-12T15:17:48.136+0000][6][safepoint    ] Safepoint "Cleanup", Time since last: 1175053098 ns, Reaching safepoint: 676544 ns, At safepoint: 37700 ns, Total: 714244 ns
[2020-08-12T15:17:49.137+0000][6][safepoint    ] Safepoint "Cleanup", Time since last: 1000371596 ns, Reaching safepoint: 772456 ns, At safepoint: 147849 ns, Total: 920305 ns
[2020-08-12T15:17:50.138+0000][6][safepoint    ] Safepoint "Cleanup", Time since last: 1000282484 ns, Reaching safepoint: 372110 ns, At safepoint: 13250 ns, Total: 385360 ns
[2020-08-12T15:17:51.139+0000][6][safepoint    ] Safepoint "Cleanup", Time since last: 1000285035 ns, Reaching safepoint: 601194 ns, At safepoint: 33550 ns, Total: 634744 ns
[2020-08-12T15:17:52.140+0000][6][safepoint    ] Safepoint "Cleanup", Time since last: 1000394196 ns, Reaching safepoint: 789968 ns, At safepoint: 43225 ns, Total: 833193 ns
[2020-08-12T15:17:53.141+0000][6][safepoint    ] Safepoint "Cleanup", Time since last: 1000367271 ns, Reaching safepoint: 569595 ns, At safepoint: 34962 ns, Total: 604557 ns
[2020-08-12T15:17:54.959+0000][6][safepoint    ] Safepoint "Cleanup", Time since last: 1817409917 ns, Reaching safepoint: 662644 ns, At safepoint: 113211 ns, Total: 775855 ns
[2020-08-12T15:17:56.156+0000][6][safepoint    ] Safepoint "Cleanup", Time since last: 1195829181 ns, Reaching safepoint: 831255 ns, At safepoint: 44000 ns, Total: 875255 ns
[2020-08-12T15:17:57.157+0000][6][safepoint    ] Safepoint "Cleanup", Time since last: 1000346097 ns, Reaching safepoint: 499933 ns, At safepoint: 26412 ns, Total: 526345 ns
[2020-08-12T15:17:58.390+0000][6][safepoint    ] Safepoint "Cleanup", Time since last: 1233152820 ns, Reaching safepoint: 693944 ns, At safepoint: 52450 ns, Total: 746394 ns
[2020-08-12T15:17:59.957+0000][6][safepoint    ] Safepoint "Cleanup", Time since last: 1566231739 ns, Reaching safepoint: 757081 ns, At safepoint: 29025 ns, Total: 786106 ns
[2020-08-12T15:18:00.958+0000][6][safepoint    ] Safepoint "Cleanup", Time since last: 1000234572 ns, Reaching safepoint: 520808 ns, At safepoint: 21937 ns, Total: 542745 ns
[2020-08-12T15:18:01.959+0000][6][safepoint    ] Safepoint "Cleanup", Time since last: 1000262198 ns, Reaching safepoint: 677319 ns, At safepoint: 53612 ns, Total: 730931 ns
[2020-08-12T15:18:02.960+0000][6][safepoint    ] Safepoint "Cleanup", Time since last: 1000340672 ns, Reaching safepoint: 621494 ns, At safepoint: 45087 ns, Total: 666581 ns
[2020-08-12T15:18:03.961+0000][6][safepoint    ] Safepoint "Cleanup", Time since last: 1000309622 ns, Reaching safepoint: 684569 ns, At safepoint: 44113 ns, Total: 728682 ns
[2020-08-12T15:18:04.963+0000][6][safepoint    ] Safepoint "Cleanup", Time since last: 1000494320 ns, Reaching safepoint: 1147115 ns, At safepoint: 65374 ns, Total: 1212489 ns
[2020-08-12T15:18:05.964+0000][6][safepoint    ] Safepoint "Cleanup", Time since last: 1000353622 ns, Reaching safepoint: 965929 ns, At safepoint: 43987 ns, Total: 1009916 ns
[2020-08-12T15:18:06.965+0000][6][safepoint    ] Safepoint "Cleanup", Time since last: 1000304235 ns, Reaching safepoint: 679144 ns, At safepoint: 30999 ns, Total: 710143 ns
[2020-08-12T15:18:08.157+0000][6][safepoint    ] Safepoint "Cleanup", Time since last: 1190464315 ns, Reaching safepoint: 854555 ns, At safepoint: 42925 ns, Total: 897480 ns
[2020-08-12T15:18:09.158+0000][6][safepoint    ] Safepoint "Cleanup", Time since last: 1000397133 ns, Reaching safepoint: 832468 ns, At safepoint: 45150 ns, Total: 877618 ns
[2020-08-12T15:18:10.159+0000][6][safepoint    ] Safepoint "Cleanup", Time since last: 1000284222 ns, Reaching safepoint: 372122 ns, At safepoint: 13000 ns, Total: 385122 ns
[2020-08-12T15:18:11.160+0000][6][safepoint    ] Safepoint "Cleanup", Time since last: 1000270672 ns, Reaching safepoint: 770644 ns, At safepoint: 43649 ns, Total: 814293 ns
[2020-08-12T15:18:12.161+0000][6][safepoint    ] Safepoint "Cleanup", Time since last: 1000393596 ns, Reaching safepoint: 819006 ns, At safepoint: 37124 ns, Total: 856130 ns
[2020-08-12T15:18:13.162+0000][6][safepoint    ] Safepoint "Cleanup", Time since last: 1000260160 ns, Reaching safepoint: 852843 ns, At safepoint: 46324 ns, Total: 899167 ns
[2020-08-12T15:18:14.964+0000][6][safepoint    ] Safepoint "Cleanup", Time since last: 1799997755 ns, Reaching safepoint: 1623723 ns, At safepoint: 65737 ns, Total: 1689460 ns
[2020-08-12T15:18:15.965+0000][6][safepoint    ] Safepoint "Cleanup", Time since last: 1000403246 ns, Reaching safepoint: 449522 ns, At safepoint: 55912 ns, Total: 505434 ns
[2020-08-12T15:18:16.967+0000][6][safepoint    ] Safepoint "Cleanup", Time since last: 1000432445 ns, Reaching safepoint: 1286714 ns, At safepoint: 55900 ns, Total: 1342614 ns
[2020-08-12T15:18:18.146+0000][6][safepoint    ] Safepoint "Cleanup", Time since last: 1178552067 ns, Reaching safepoint: 765618 ns, At safepoint: 142562 ns, Total: 908180 ns
[2020-08-12T15:18:18.964+0000][6][safepoint    ] Safepoint "BulkRevokeBias", Time since last: 814814389 ns, Reaching safepoint: 839480 ns, At safepoint: 2556678 ns, Total: 3396158 ns
[2020-08-12T15:18:19.966+0000][6][safepoint    ] Safepoint "Cleanup", Time since last: 1000413071 ns, Reaching safepoint: 1099990 ns, At safepoint: 55000 ns, Total: 1154990 ns
[2020-08-12T15:18:20.967+0000][6][safepoint    ] Safepoint "Cleanup", Time since last: 1000402421 ns, Reaching safepoint: 831293 ns, At safepoint: 50699 ns, Total: 881992 ns
[2020-08-12T15:18:21.968+0000][6][safepoint    ] Safepoint "Cleanup", Time since last: 1000301160 ns, Reaching safepoint: 705956 ns, At safepoint: 44837 ns, Total: 750793 ns
[2020-08-12T15:18:22.969+0000][6][safepoint    ] Safepoint "Cleanup", Time since last: 1000320985 ns, Reaching safepoint: 272123 ns, At safepoint: 12249 ns, Total: 284372 ns
[2020-08-12T15:18:24.963+0000][6][safepoint    ] Safepoint "Cleanup", Time since last: 1992884311 ns, Reaching safepoint: 1104728 ns, At safepoint: 63012 ns, Total: 1167740 ns
[2020-08-12T15:18:26.277+0000][6][safepoint    ] Safepoint "Cleanup", Time since last: 1313874997 ns, Reaching safepoint: 677244 ns, At safepoint: 44425 ns, Total: 721669 ns
[2020-08-12T15:18:28.229+0000][6][safepoint    ] Safepoint "Cleanup", Time since last: 1951571405 ns, Reaching safepoint: 381922 ns, At safepoint: 19462 ns, Total: 401384 ns
[2020-08-12T15:18:29.471+0000][6][safepoint    ] Safepoint "Cleanup", Time since last: 1240311796 ns, Reaching safepoint: 819368 ns, At safepoint: 43412 ns, Total: 862780 ns
[2020-08-12T15:18:30.472+0000][6][safepoint    ] Safepoint "Cleanup", Time since last: 1000394109 ns, Reaching safepoint: 819218 ns, At safepoint: 43562 ns, Total: 862780 ns
[2020-08-12T15:18:31.473+0000][6][safepoint    ] Safepoint "Cleanup", Time since last: 1000409184 ns, Reaching safepoint: 806430 ns, At safepoint: 37625 ns, Total: 844055 ns
[2020-08-12T15:18:32.474+0000][6][safepoint    ] Safepoint "Cleanup", Time since last: 1000214473 ns, Reaching safepoint: 447521 ns, At safepoint: 22550 ns, Total: 470071 ns
[2020-08-12T15:18:33.475+0000][6][safepoint    ] Safepoint "Cleanup", Time since last: 1000250434 ns, Reaching safepoint: 597845 ns, At safepoint: 71800 ns, Total: 669645 ns
[2020-08-12T15:18:34.964+0000][6][safepoint    ] Safepoint "Cleanup", Time since last: 1489272004 ns, Reaching safepoint: 401222 ns, At safepoint: 13500 ns, Total: 414722 ns
[2020-08-12T15:18:35.965+0000][6][safepoint    ] Safepoint "Cleanup", Time since last: 1000222885 ns, Reaching safepoint: 742356 ns, At safepoint: 33562 ns, Total: 775918 ns
[2020-08-12T15:18:36.967+0000][6][safepoint    ] Safepoint "Cleanup", Time since last: 1000307435 ns, Reaching safepoint: 1038128 ns, At safepoint: 55000 ns, Total: 1093128 ns
[2020-08-12T15:18:38.175+0000][6][safepoint    ] Safepoint "Cleanup", Time since last: 1207392193 ns, Reaching safepoint: 845843 ns, At safepoint: 70124 ns, Total: 915967 ns
[2020-08-12T15:18:39.965+0000][6][safepoint    ] Safepoint "Cleanup", Time since last: 1788935087 ns, Reaching safepoint: 771069 ns, At safepoint: 54787 ns, Total: 825856 ns
[2020-08-12T15:18:40.966+0000][6][safepoint    ] Safepoint "Cleanup", Time since last: 1000464358 ns, Reaching safepoint: 590182 ns, At safepoint: 174024 ns, Total: 764206 ns
[2020-08-12T15:18:41.967+0000][6][safepoint    ] Safepoint "Cleanup", Time since last: 1000342546 ns, Reaching safepoint: 640082 ns, At safepoint: 46837 ns, Total: 686919 ns
[2020-08-12T15:18:43.466+0000][6][safepoint    ] Safepoint "Cleanup", Time since last: 1498032429 ns, Reaching safepoint: 543421 ns, At safepoint: 33424 ns, Total: 576845 ns
[2020-08-12T15:18:44.965+0000][6][safepoint    ] Safepoint "Cleanup", Time since last: 1498291215 ns, Reaching safepoint: 611294 ns, At safepoint: 28975 ns, Total: 640269 ns
[2020-08-12T15:18:45.965+0000][6][safepoint    ] Safepoint "Cleanup", Time since last: 1000239011 ns, Reaching safepoint: 572482 ns, At safepoint: 24612 ns, Total: 597094 ns
[2020-08-12T15:18:46.967+0000][6][safepoint    ] Safepoint "Cleanup", Time since last: 1000268935 ns, Reaching safepoint: 892442 ns, At safepoint: 49000 ns, Total: 941442 ns
[2020-08-12T15:18:48.109+0000][6][safepoint    ] Safepoint "Cleanup", Time since last: 1141111041 ns, Reaching safepoint: 833430 ns, At safepoint: 49387 ns, Total: 882817 ns
[2020-08-12T15:18:49.110+0000][6][safepoint    ] Safepoint "Cleanup", Time since last: 1000311372 ns, Reaching safepoint: 760994 ns, At safepoint: 43774 ns, Total: 804768 ns
[2020-08-12T15:18:50.111+0000][6][safepoint    ] Safepoint "Cleanup", Time since last: 1000391284 ns, Reaching safepoint: 565320 ns, At safepoint: 21138 ns, Total: 586458 ns
[2020-08-12T15:18:51.112+0000][6][safepoint    ] Safepoint "Cleanup", Time since last: 1000282622 ns, Reaching safepoint: 767343 ns, At safepoint: 43587 ns, Total: 810930 ns
[2020-08-12T15:18:52.113+0000][6][safepoint    ] Safepoint "Cleanup", Time since last: 1000428846 ns, Reaching safepoint: 876968 ns, At safepoint: 46062 ns, Total: 923030 ns
[2020-08-12T15:18:53.114+0000][6][safepoint    ] Safepoint "Cleanup", Time since last: 1000289472 ns, Reaching safepoint: 328834 ns, At safepoint: 17575 ns, Total: 346409 ns
[2020-08-12T15:18:54.967+0000][6][safepoint    ] Safepoint "Cleanup", Time since last: 1852705786 ns, Reaching safepoint: 658444 ns, At safepoint: 38450 ns, Total: 696894 ns
[2020-08-12T15:18:55.968+0000][6][safepoint    ] Safepoint "Cleanup", Time since last: 1000258747 ns, Reaching safepoint: 385597 ns, At safepoint: 71700 ns, Total: 457297 ns
[2020-08-12T15:18:56.969+0000][6][safepoint    ] Safepoint "Cleanup", Time since last: 1000204472 ns, Reaching safepoint: 718319 ns, At safepoint: 60525 ns, Total: 778844 ns
[2020-08-12T15:18:58.175+0000][6][safepoint    ] Safepoint "Cleanup", Time since last: 1205859869 ns, Reaching safepoint: 574907 ns, At safepoint: 56350 ns, Total: 631257 ns
[2020-08-12T15:18:59.965+0000][6][safepoint    ] Safepoint "Cleanup", Time since last: 1789205797 ns, Reaching safepoint: 653457 ns, At safepoint: 34475 ns, Total: 687932 ns
[2020-08-12T15:19:00.966+0000][6][safepoint    ] Safepoint "Cleanup", Time since last: 1000247760 ns, Reaching safepoint: 474796 ns, At safepoint: 27299 ns, Total: 502095 ns
[2020-08-12T15:19:01.967+0000][6][safepoint    ] Safepoint "Cleanup", Time since last: 1000286548 ns, Reaching safepoint: 661356 ns, At safepoint: 46350 ns, Total: 707706 ns
[2020-08-12T15:19:02.968+0000][6][safepoint    ] Safepoint "Cleanup", Time since last: 1000342722 ns, Reaching safepoint: 981341 ns, At safepoint: 56662 ns, Total: 1038003 ns
[2020-08-12T15:19:04.968+0000][6][safepoint    ] Safepoint "Cleanup", Time since last: 1998499125 ns, Reaching safepoint: 841518 ns, At safepoint: 37187 ns, Total: 878705 ns
[2020-08-12T15:19:05.969+0000][6][safepoint    ] Safepoint "Cleanup", Time since last: 1000339109 ns, Reaching safepoint: 635682 ns, At safepoint: 69524 ns, Total: 705206 ns
[2020-08-12T15:19:06.970+0000][6][safepoint    ] Safepoint "Cleanup", Time since last: 1000388934 ns, Reaching safepoint: 605820 ns, At safepoint: 104924 ns, Total: 710744 ns
[2020-08-12T15:19:08.266+0000][6][safepoint    ] Safepoint "Cleanup", Time since last: 1295147821 ns, Reaching safepoint: 512583 ns, At safepoint: 46813 ns, Total: 559396 ns
[2020-08-12T15:19:09.266+0000][6][safepoint    ] Safepoint "Cleanup", Time since last: 1000310347 ns, Reaching safepoint: 398596 ns, At safepoint: 32613 ns, Total: 431209 ns
[2020-08-12T15:19:10.267+0000][6][safepoint    ] Safepoint "Cleanup", Time since last: 1000212747 ns, Reaching safepoint: 311885 ns, At safepoint: 17262 ns, Total: 329147 ns
[2020-08-12T15:19:11.268+0000][6][safepoint    ] Safepoint "Cleanup", Time since last: 1000233998 ns, Reaching safepoint: 588357 ns, At safepoint: 45987 ns, Total: 634344 ns
[2020-08-12T15:19:12.269+0000][6][safepoint    ] Safepoint "Cleanup", Time since last: 1000378734 ns, Reaching safepoint: 604645 ns, At safepoint: 33062 ns, Total: 637707 ns
[2020-08-12T15:19:13.270+0000][6][safepoint    ] Safepoint "Cleanup", Time since last: 1000449558 ns, Reaching safepoint: 857930 ns, At safepoint: 43288 ns, Total: 901218 ns
[2020-08-12T15:19:14.970+0000][6][safepoint    ] Safepoint "Cleanup", Time since last: 1699032640 ns, Reaching safepoint: 1133902 ns, At safepoint: 48200 ns, Total: 1182102 ns
[2020-08-12T15:19:15.971+0000][6][safepoint    ] Safepoint "Cleanup", Time since last: 1000284147 ns, Reaching safepoint: 555945 ns, At safepoint: 25200 ns, Total: 581145 ns
[2020-08-12T15:19:16.972+0000][6][safepoint    ] Safepoint "Cleanup", Time since last: 1000226160 ns, Reaching safepoint: 625632 ns, At safepoint: 27438 ns, Total: 653070 ns
[2020-08-12T15:19:18.113+0000][6][safepoint    ] Safepoint "Cleanup", Time since last: 1140189887 ns, Reaching safepoint: 391196 ns, At safepoint: 22675 ns, Total: 413871 ns
[2020-08-12T15:19:18.970+0000][6][safepoint    ] Safepoint "BulkRevokeBias", Time since last: 854437484 ns, Reaching safepoint: 585870 ns, At safepoint: 2582552 ns, Total: 3168422 ns
[2020-08-12T15:19:19.972+0000][6][safepoint    ] Safepoint "Cleanup", Time since last: 1001348551 ns, Reaching safepoint: 746793 ns, At safepoint: 34750 ns, Total: 781543 ns
[2020-08-12T15:19:20.973+0000][6][safepoint    ] Safepoint "Cleanup", Time since last: 1000288535 ns, Reaching safepoint: 610069 ns, At safepoint: 51713 ns, Total: 661782 ns
[2020-08-12T15:19:21.974+0000][6][safepoint    ] Safepoint "Cleanup", Time since last: 1000372284 ns, Reaching safepoint: 631007 ns, At safepoint: 44199 ns, Total: 675206 ns
[2020-08-12T15:19:22.976+0000][6][safepoint    ] Safepoint "Cleanup", Time since last: 1000348297 ns, Reaching safepoint: 876767 ns, At safepoint: 43675 ns, Total: 920442 ns
[2020-08-12T15:19:24.970+0000][6][safepoint    ] Safepoint "Cleanup", Time since last: 1993832640 ns, Reaching safepoint: 814468 ns, At safepoint: 64462 ns, Total: 878930 ns
[2020-08-12T15:19:25.971+0000][6][safepoint    ] Safepoint "Cleanup", Time since last: 1000379483 ns, Reaching safepoint: 553396 ns, At safepoint: 56124 ns, Total: 609520 ns
[2020-08-12T15:19:26.972+0000][6][safepoint    ] Safepoint "Cleanup", Time since last: 1000296460 ns, Reaching safepoint: 649744 ns, At safepoint: 26737 ns, Total: 676481 ns
[2020-08-12T15:19:28.145+0000][6][safepoint    ] Safepoint "Cleanup", Time since last: 1171748627 ns, Reaching safepoint: 824705 ns, At safepoint: 37662 ns, Total: 862367 ns
[2020-08-12T15:19:28.686+0000][6][safepoint    ] Safepoint "BulkRevokeBias", Time since last: 539103562 ns, Reaching safepoint: 536520 ns, At safepoint: 1166878 ns, Total: 1703398 ns
[2020-08-12T15:19:29.698+0000][6][safepoint    ] Safepoint "Cleanup", Time since last: 1011703273 ns, Reaching safepoint: 649344 ns, At safepoint: 45200 ns, Total: 694544 ns
[2020-08-12T15:19:30.699+0000][6][safepoint    ] Safepoint "Cleanup", Time since last: 1000341397 ns, Reaching safepoint: 627882 ns, At safepoint: 44837 ns, Total: 672719 ns
[2020-08-12T15:19:31.700+0000][6][safepoint    ] Safepoint "Cleanup", Time since last: 1000356634 ns, Reaching safepoint: 654044 ns, At safepoint: 52975 ns, Total: 707019 ns
[2020-08-12T15:19:32.701+0000][6][safepoint    ] Safepoint "Cleanup", Time since last: 1000281884 ns, Reaching safepoint: 471509 ns, At safepoint: 13987 ns, Total: 485496 ns
[2020-08-12T15:19:33.702+0000][6][safepoint    ] Safepoint "Cleanup", Time since last: 1000191811 ns, Reaching safepoint: 340747 ns, At safepoint: 12625 ns, Total: 353372 ns
[2020-08-12T15:19:34.967+0000][6][safepoint    ] Safepoint "Cleanup", Time since last: 1265396841 ns, Reaching safepoint: 379922 ns, At safepoint: 12900 ns, Total: 392822 ns
[2020-08-12T15:19:35.968+0000][6][safepoint    ] Safepoint "Cleanup", Time since last: 1000167048 ns, Reaching safepoint: 252648 ns, At safepoint: 10950 ns, Total: 263598 ns
[2020-08-12T15:19:36.969+0000][6][safepoint    ] Safepoint "Cleanup", Time since last: 1000238372 ns, Reaching safepoint: 627307 ns, At safepoint: 27075 ns, Total: 654382 ns
[2020-08-12T15:19:38.152+0000][6][safepoint    ] Safepoint "Cleanup", Time since last: 1183207890 ns, Reaching safepoint: 351297 ns, At safepoint: 16749 ns, Total: 368046 ns
[2020-08-12T15:19:39.974+0000][6][safepoint    ] Safepoint "Cleanup", Time since last: 1820900212 ns, Reaching safepoint: 987154 ns, At safepoint: 41812 ns, Total: 1028966 ns
[2020-08-12T15:19:40.975+0000][6][safepoint    ] Safepoint "Cleanup", Time since last: 1000280147 ns, Reaching safepoint: 595470 ns, At safepoint: 57149 ns, Total: 652619 ns
[2020-08-12T15:19:41.976+0000][6][safepoint    ] Safepoint "Cleanup", Time since last: 1000348047 ns, Reaching safepoint: 650769 ns, At safepoint: 44475 ns, Total: 695244 ns
[2020-08-12T15:19:42.977+0000][6][safepoint    ] Safepoint "Cleanup", Time since last: 1000337396 ns, Reaching safepoint: 630182 ns, At safepoint: 43938 ns, Total: 674120 ns
[2020-08-12T15:19:44.976+0000][6][safepoint    ] Safepoint "Cleanup", Time since last: 1998039491 ns, Reaching safepoint: 806880 ns, At safepoint: 41037 ns, Total: 847917 ns
[2020-08-12T15:19:45.977+0000][6][safepoint    ] Safepoint "Cleanup", Time since last: 1000297810 ns, Reaching safepoint: 643557 ns, At safepoint: 43137 ns, Total: 686694 ns
[2020-08-12T15:19:46.978+0000][6][safepoint    ] Safepoint "Cleanup", Time since last: 1000297010 ns, Reaching safepoint: 630044 ns, At safepoint: 31075 ns, Total: 661119 ns
[2020-08-12T15:19:48.112+0000][6][safepoint    ] Safepoint "Cleanup", Time since last: 1132733264 ns, Reaching safepoint: 840393 ns, At safepoint: 43212 ns, Total: 883605 ns
[2020-08-12T15:19:49.113+0000][6][safepoint    ] Safepoint "Cleanup", Time since last: 1000340621 ns, Reaching safepoint: 796756 ns, At safepoint: 43425 ns, Total: 840181 ns
[2020-08-12T15:19:50.114+0000][6][safepoint    ] Safepoint "Cleanup", Time since last: 1000399321 ns, Reaching safepoint: 1114040 ns, At safepoint: 55087 ns, Total: 1169127 ns
[2020-08-12T15:19:51.116+0000][6][safepoint    ] Safepoint "Cleanup", Time since last: 1000351059 ns, Reaching safepoint: 837556 ns, At safepoint: 43224 ns, Total: 880780 ns
[2020-08-12T15:19:52.117+0000][6][safepoint    ] Safepoint "Cleanup", Time since last: 1000349959 ns, Reaching safepoint: 795643 ns, At safepoint: 43262 ns, Total: 838905 ns
[2020-08-12T15:19:53.118+0000][6][safepoint    ] Safepoint "Cleanup", Time since last: 1000408922 ns, Reaching safepoint: 873029 ns, At safepoint: 43700 ns, Total: 916729 ns
[2020-08-12T15:19:54.976+0000][6][safepoint    ] Safepoint "Cleanup", Time since last: 1856498228 ns, Reaching safepoint: 938042 ns, At safepoint: 38012 ns, Total: 976054 ns
[2020-08-12T15:19:55.977+0000][6][safepoint    ] Safepoint "Cleanup", Time since last: 1000322885 ns, Reaching safepoint: 790218 ns, At safepoint: 43462 ns, Total: 833680 ns
[2020-08-12T15:19:56.978+0000][6][safepoint    ] Safepoint "Cleanup", Time since last: 1000347071 ns, Reaching safepoint: 661432 ns, At safepoint: 28812 ns, Total: 690244 ns
[2020-08-12T15:19:58.125+0000][6][safepoint    ] Safepoint "Cleanup", Time since last: 1146272247 ns, Reaching safepoint: 943217 ns, At safepoint: 67712 ns, Total: 1010929 ns
[2020-08-12T15:19:59.975+0000][6][safepoint    ] Safepoint "Cleanup", Time since last: 1849173516 ns, Reaching safepoint: 1122803 ns, At safepoint: 62337 ns, Total: 1185140 ns
[2020-08-12T15:20:00.977+0000][6][safepoint    ] Safepoint "Cleanup", Time since last: 1000347272 ns, Reaching safepoint: 846930 ns, At safepoint: 43350 ns, Total: 890280 ns
[2020-08-12T15:20:01.978+0000][6][safepoint    ] Safepoint "Cleanup", Time since last: 1000386071 ns, Reaching safepoint: 764781 ns, At safepoint: 98024 ns, Total: 862805 ns
[2020-08-12T15:20:02.979+0000][6][safepoint    ] Safepoint "Cleanup", Time since last: 1000335234 ns, Reaching safepoint: 873518 ns, At safepoint: 44174 ns, Total: 917692 ns
[2020-08-12T15:20:04.979+0000][6][safepoint    ] Safepoint "Cleanup", Time since last: 1998916459 ns, Reaching safepoint: 1161377 ns, At safepoint: 65662 ns, Total: 1227039 ns
[2020-08-12T15:20:05.980+0000][6][safepoint    ] Safepoint "Cleanup", Time since last: 1000335284 ns, Reaching safepoint: 708582 ns, At safepoint: 44749 ns, Total: 753331 ns
[2020-08-12T15:20:06.981+0000][6][safepoint    ] Safepoint "Cleanup", Time since last: 1000347785 ns, Reaching safepoint: 541870 ns, At safepoint: 53324 ns, Total: 595194 ns
[2020-08-12T15:20:07.150+0000][6][safepoint    ] Safepoint "BulkRevokeBias", Time since last: 165284821 ns, Reaching safepoint: 497733 ns, At safepoint: 2405066 ns, Total: 2902799 ns
[2020-08-12T15:20:08.151+0000][6][safepoint    ] Safepoint "Cleanup", Time since last: 1000429796 ns, Reaching safepoint: 582695 ns, At safepoint: 44337 ns, Total: 627032 ns
[2020-08-12T15:20:09.151+0000][6][safepoint    ] Safepoint "Cleanup", Time since last: 1000343085 ns, Reaching safepoint: 473221 ns, At safepoint: 54987 ns, Total: 528208 ns
[2020-08-12T15:20:10.152+0000][6][safepoint    ] Safepoint "Cleanup", Time since last: 1000304559 ns, Reaching safepoint: 616820 ns, At safepoint: 23287 ns, Total: 640107 ns
[2020-08-12T15:20:11.153+0000][6][safepoint    ] Safepoint "Cleanup", Time since last: 1000273910 ns, Reaching safepoint: 646657 ns, At safepoint: 44349 ns, Total: 691006 ns
[2020-08-12T15:20:12.155+0000][6][safepoint    ] Safepoint "Cleanup", Time since last: 1000344309 ns, Reaching safepoint: 844968 ns, At safepoint: 43525 ns, Total: 888493 ns
[2020-08-12T15:20:13.156+0000][6][safepoint    ] Safepoint "Cleanup", Time since last: 1000352721 ns, Reaching safepoint: 799443 ns, At safepoint: 43612 ns, Total: 843055 ns
[2020-08-12T15:20:14.980+0000][6][safepoint    ] Safepoint "Cleanup", Time since last: 1822940044 ns, Reaching safepoint: 985991 ns, At safepoint: 41600 ns, Total: 1027591 ns
[2020-08-12T15:20:15.981+0000][6][safepoint    ] Safepoint "Cleanup", Time since last: 1000342684 ns, Reaching safepoint: 829868 ns, At safepoint: 44350 ns, Total: 874218 ns
[2020-08-12T15:20:16.982+0000][6][safepoint    ] Safepoint "Cleanup", Time since last: 1000353009 ns, Reaching safepoint: 996316 ns, At safepoint: 63837 ns, Total: 1060153 ns
[2020-08-12T15:20:18.223+0000][6][safepoint    ] Safepoint "Cleanup", Time since last: 1239797055 ns, Reaching safepoint: 628545 ns, At safepoint: 76136 ns, Total: 704681 ns
[2020-08-12T15:20:19.979+0000][6][safepoint    ] Safepoint "Cleanup", Time since last: 1754837256 ns, Reaching safepoint: 1148003 ns, At safepoint: 47224 ns, Total: 1195227 ns
[2020-08-12T15:20:20.980+0000][6][safepoint    ] Safepoint "Cleanup", Time since last: 1000308781 ns, Reaching safepoint: 803555 ns, At safepoint: 67399 ns, Total: 870954 ns
[2020-08-12T15:20:21.981+0000][6][safepoint    ] Safepoint "Cleanup", Time since last: 1000565141 ns, Reaching safepoint: 607082 ns, At safepoint: 44725 ns, Total: 651807 ns
[2020-08-12T15:20:22.982+0000][6][safepoint    ] Safepoint "Cleanup", Time since last: 1000280605 ns, Reaching safepoint: 340647 ns, At safepoint: 16513 ns, Total: 357160 ns
[2020-08-12T15:20:24.979+0000][6][safepoint    ] Safepoint "Cleanup", Time since last: 1995758941 ns, Reaching safepoint: 921104 ns, At safepoint: 72712 ns, Total: 993816 ns
[2020-08-12T15:20:25.980+0000][6][safepoint    ] Safepoint "Cleanup", Time since last: 1000392468 ns, Reaching safepoint: 768093 ns, At safepoint: 46987 ns, Total: 815080 ns
[2020-08-12T15:20:26.980+0000][6][safepoint    ] Safepoint "Cleanup", Time since last: 1000107707 ns, Reaching safepoint: 332460 ns, At safepoint: 11549 ns, Total: 344009 ns
[2020-08-12T15:20:27.981+0000][6][safepoint    ] Safepoint "Cleanup", Time since last: 1000254519 ns, Reaching safepoint: 556020 ns, At safepoint: 34000 ns, Total: 590020 ns
[2020-08-12T15:20:28.809+0000][6][safepoint    ] Safepoint "BulkRevokeBias", Time since last: 814329297 ns, Reaching safepoint: 1180965 ns, At safepoint: 11994369 ns, Total: 13175334 ns
[2020-08-12T15:20:29.810+0000][6][safepoint    ] Safepoint "Cleanup", Time since last: 1000332980 ns, Reaching safepoint: 593157 ns, At safepoint: 44462 ns, Total: 637619 ns
[2020-08-12T15:20:30.811+0000][6][safepoint    ] Safepoint "Cleanup", Time since last: 1000402330 ns, Reaching safepoint: 809893 ns, At safepoint: 45037 ns, Total: 854930 ns
[2020-08-12T15:20:31.812+0000][6][safepoint    ] Safepoint "Cleanup", Time since last: 1000349392 ns, Reaching safepoint: 801343 ns, At safepoint: 45900 ns, Total: 847243 ns
[2020-08-12T15:20:32.813+0000][6][safepoint    ] Safepoint "Cleanup", Time since last: 1000279818 ns, Reaching safepoint: 643095 ns, At safepoint: 14674 ns, Total: 657769 ns
[2020-08-12T15:20:33.814+0000][6][safepoint    ] Safepoint "Cleanup", Time since last: 1000232044 ns, Reaching safepoint: 455421 ns, At safepoint: 43850 ns, Total: 499271 ns
[2020-08-12T15:20:34.978+0000][6][safepoint    ] Safepoint "Cleanup", Time since last: 1162881220 ns, Reaching safepoint: 985391 ns, At safepoint: 71124 ns, Total: 1056515 ns
[2020-08-12T15:20:35.979+0000][6][safepoint    ] Safepoint "Cleanup", Time since last: 1000427355 ns, Reaching safepoint: 872242 ns, At safepoint: 43700 ns, Total: 915942 ns
[2020-08-12T15:20:36.981+0000][6][safepoint    ] Safepoint "Cleanup", Time since last: 1000358905 ns, Reaching safepoint: 1504599 ns, At safepoint: 56812 ns, Total: 1561411 ns
[2020-08-12T15:20:38.211+0000][6][safepoint    ] Safepoint "Cleanup", Time since last: 1229203834 ns, Reaching safepoint: 864968 ns, At safepoint: 43662 ns, Total: 908630 ns
[2020-08-12T15:20:39.981+0000][6][safepoint    ] Safepoint "Cleanup", Time since last: 1768408786 ns, Reaching safepoint: 1273101 ns, At safepoint: 86887 ns, Total: 1359988 ns
[2020-08-12T15:20:40.982+0000][6][safepoint    ] Safepoint "Cleanup", Time since last: 1000326542 ns, Reaching safepoint: 836268 ns, At safepoint: 46587 ns, Total: 882855 ns
[2020-08-12T15:20:41.983+0000][6][safepoint    ] Safepoint "Cleanup", Time since last: 1000354980 ns, Reaching safepoint: 549745 ns, At safepoint: 43725 ns, Total: 593470 ns
[2020-08-12T15:20:42.984+0000][6][safepoint    ] Safepoint "Cleanup", Time since last: 1000354068 ns, Reaching safepoint: 715256 ns, At safepoint: 44524 ns, Total: 759780 ns
[2020-08-12T15:20:44.982+0000][6][safepoint    ] Safepoint "Cleanup", Time since last: 1996060376 ns, Reaching safepoint: 1343439 ns, At safepoint: 68324 ns, Total: 1411763 ns
[2020-08-12T15:20:45.983+0000][6][safepoint    ] Safepoint "Cleanup", Time since last: 1000408642 ns, Reaching safepoint: 1039366 ns, At safepoint: 45249 ns, Total: 1084615 ns
[2020-08-12T15:20:46.984+0000][6][safepoint    ] Safepoint "Cleanup", Time since last: 1000301243 ns, Reaching safepoint: 691432 ns, At safepoint: 29362 ns, Total: 720794 ns
[2020-08-12T15:20:48.161+0000][6][safepoint    ] Safepoint "Cleanup", Time since last: 1176731310 ns, Reaching safepoint: 444634 ns, At safepoint: 44112 ns, Total: 488746 ns
[2020-08-12T15:20:49.162+0000][6][safepoint    ] Safepoint "Cleanup", Time since last: 1000336618 ns, Reaching safepoint: 595194 ns, At safepoint: 45275 ns, Total: 640469 ns
[2020-08-12T15:20:50.164+0000][6][safepoint    ] Safepoint "Cleanup", Time since last: 1000344843 ns, Reaching safepoint: 1124690 ns, At safepoint: 150336 ns, Total: 1275026 ns
[2020-08-12T15:20:51.165+0000][6][safepoint    ] Safepoint "Cleanup", Time since last: 1000352917 ns, Reaching safepoint: 914692 ns, At safepoint: 43525 ns, Total: 958217 ns
[2020-08-12T15:20:52.166+0000][6][safepoint    ] Safepoint "Cleanup", Time since last: 1000343793 ns, Reaching safepoint: 725356 ns, At safepoint: 43749 ns, Total: 769105 ns
[2020-08-12T15:20:53.167+0000][6][safepoint    ] Safepoint "Cleanup", Time since last: 1000341918 ns, Reaching safepoint: 522645 ns, At safepoint: 43612 ns, Total: 566257 ns
[2020-08-12T15:20:54.982+0000][6][safepoint    ] Safepoint "Cleanup", Time since last: 1813423914 ns, Reaching safepoint: 1082915 ns, At safepoint: 118587 ns, Total: 1201502 ns
[2020-08-12T15:20:55.983+0000][6][safepoint    ] Safepoint "Cleanup", Time since last: 1000346043 ns, Reaching safepoint: 930729 ns, At safepoint: 43824 ns, Total: 974553 ns
[2020-08-12T15:20:56.984+0000][6][safepoint    ] Safepoint "Cleanup", Time since last: 1000299156 ns, Reaching safepoint: 669882 ns, At safepoint: 29637 ns, Total: 699519 ns
[2020-08-12T15:20:58.087+0000][6][safepoint    ] Safepoint "Cleanup", Time since last: 1101518449 ns, Reaching safepoint: 867092 ns, At safepoint: 43525 ns, Total: 910617 ns
[2020-08-12T15:20:59.982+0000][6][safepoint    ] Safepoint "Cleanup", Time since last: 1893880716 ns, Reaching safepoint: 1155227 ns, At safepoint: 60812 ns, Total: 1216039 ns
[2020-08-12T15:21:00.983+0000][6][safepoint    ] Safepoint "Cleanup", Time since last: 1000410317 ns, Reaching safepoint: 800293 ns, At safepoint: 44025 ns, Total: 844318 ns
[2020-08-12T15:21:01.984+0000][6][safepoint    ] Safepoint "Cleanup", Time since last: 1000352692 ns, Reaching safepoint: 703532 ns, At safepoint: 45649 ns, Total: 749181 ns
[2020-08-12T15:21:02.985+0000][6][safepoint    ] Safepoint "Cleanup", Time since last: 1000352630 ns, Reaching safepoint: 890842 ns, At safepoint: 43550 ns, Total: 934392 ns
[2020-08-12T15:21:04.982+0000][6][safepoint    ] Safepoint "Cleanup", Time since last: 1995945064 ns, Reaching safepoint: 950205 ns, At safepoint: 50162 ns, Total: 1000367 ns
[2020-08-12T15:21:05.983+0000][6][safepoint    ] Safepoint "Cleanup", Time since last: 1000370679 ns, Reaching safepoint: 614483 ns, At safepoint: 44674 ns, Total: 659157 ns
[2020-08-12T15:21:06.984+0000][6][safepoint    ] Safepoint "Cleanup", Time since last: 1000302968 ns, Reaching safepoint: 617495 ns, At safepoint: 29187 ns, Total: 646682 ns
[2020-08-12T15:21:08.202+0000][6][safepoint    ] Safepoint "Cleanup", Time since last: 1217024842 ns, Reaching safepoint: 656344 ns, At safepoint: 52850 ns, Total: 709194 ns
[2020-08-12T15:21:09.203+0000][6][safepoint    ] Safepoint "Cleanup", Time since last: 1000338230 ns, Reaching safepoint: 567095 ns, At safepoint: 44199 ns, Total: 611294 ns
[2020-08-12T15:21:10.204+0000][6][safepoint    ] Safepoint "Cleanup", Time since last: 1000346231 ns, Reaching safepoint: 665656 ns, At safepoint: 54962 ns, Total: 720618 ns
[2020-08-12T15:21:11.205+0000][6][safepoint    ] Safepoint "Cleanup", Time since last: 1000364905 ns, Reaching safepoint: 674107 ns, At safepoint: 43787 ns, Total: 717894 ns
[2020-08-12T15:21:12.206+0000][6][safepoint    ] Safepoint "Cleanup", Time since last: 1000374917 ns, Reaching safepoint: 600432 ns, At safepoint: 41025 ns, Total: 641457 ns
[2020-08-12T15:21:13.207+0000][6][safepoint    ] Safepoint "Cleanup", Time since last: 1000325355 ns, Reaching safepoint: 647719 ns, At safepoint: 44688 ns, Total: 692407 ns
[2020-08-12T15:21:14.983+0000][6][safepoint    ] Safepoint "Cleanup", Time since last: 1774870516 ns, Reaching safepoint: 875042 ns, At safepoint: 67662 ns, Total: 942704 ns
[2020-08-12T15:21:15.984+0000][6][safepoint    ] Safepoint "Cleanup", Time since last: 1000306756 ns, Reaching safepoint: 441158 ns, At safepoint: 23225 ns, Total: 464383 ns
[2020-08-12T15:21:16.985+0000][6][safepoint    ] Safepoint "Cleanup", Time since last: 1000364655 ns, Reaching safepoint: 1076403 ns, At safepoint: 54062 ns, Total: 1130465 ns
[2020-08-12T15:21:18.166+0000][6][safepoint    ] Safepoint "Cleanup", Time since last: 1179916932 ns, Reaching safepoint: 516433 ns, At safepoint: 27025 ns, Total: 543458 ns
[2020-08-12T15:21:19.985+0000][6][safepoint    ] Safepoint "Cleanup", Time since last: 1818012948 ns, Reaching safepoint: 1369038 ns, At safepoint: 54512 ns, Total: 1423550 ns
[2020-08-12T15:21:20.986+0000][6][safepoint    ] Safepoint "Cleanup", Time since last: 1000319118 ns, Reaching safepoint: 612307 ns, At safepoint: 55762 ns, Total: 668069 ns
[2020-08-12T15:21:21.987+0000][6][safepoint    ] Safepoint "Cleanup", Time since last: 1000350743 ns, Reaching safepoint: 758668 ns, At safepoint: 44350 ns, Total: 803018 ns
[2020-08-12T15:21:22.988+0000][6][safepoint    ] Safepoint "Cleanup", Time since last: 1000300280 ns, Reaching safepoint: 463221 ns, At safepoint: 23450 ns, Total: 486671 ns
[2020-08-12T15:21:24.984+0000][6][safepoint    ] Safepoint "Cleanup", Time since last: 1995218296 ns, Reaching safepoint: 904717 ns, At safepoint: 43074 ns, Total: 947791 ns
[2020-08-12T15:21:25.985+0000][6][safepoint    ] Safepoint "Cleanup", Time since last: 1000304406 ns, Reaching safepoint: 692256 ns, At safepoint: 54725 ns, Total: 746981 ns
[2020-08-12T15:21:26.986+0000][6][safepoint    ] Safepoint "Cleanup", Time since last: 1000299255 ns, Reaching safepoint: 634707 ns, At safepoint: 27675 ns, Total: 662382 ns
[2020-08-12T15:21:28.293+0000][6][safepoint    ] Safepoint "Cleanup", Time since last: 1306081218 ns, Reaching safepoint: 621919 ns, At safepoint: 28288 ns, Total: 650207 ns
[2020-08-12T15:21:29.525+0000][6][safepoint    ] Safepoint "Cleanup", Time since last: 1230793082 ns, Reaching safepoint: 987679 ns, At safepoint: 89075 ns, Total: 1076754 ns
[2020-08-12T15:21:30.526+0000][6][safepoint    ] Safepoint "Cleanup", Time since last: 1000277505 ns, Reaching safepoint: 331697 ns, At safepoint: 16638 ns, Total: 348335 ns
[2020-08-12T15:21:31.527+0000][6][safepoint    ] Safepoint "Cleanup", Time since last: 1000246293 ns, Reaching safepoint: 881855 ns, At safepoint: 43824 ns, Total: 925679 ns
[2020-08-12T15:21:32.528+0000][6][safepoint    ] Safepoint "Cleanup", Time since last: 1000430880 ns, Reaching safepoint: 1152752 ns, At safepoint: 64612 ns, Total: 1217364 ns
[2020-08-12T15:21:33.529+0000][6][safepoint    ] Safepoint "Cleanup", Time since last: 1000388742 ns, Reaching safepoint: 290223 ns, At safepoint: 11475 ns, Total: 301698 ns
[2020-08-12T15:21:34.985+0000][6][safepoint    ] Safepoint "Cleanup", Time since last: 1454954253 ns, Reaching safepoint: 769206 ns, At safepoint: 43387 ns, Total: 812593 ns
[2020-08-12T15:21:35.986+0000][6][safepoint    ] Safepoint "Cleanup", Time since last: 1000380192 ns, Reaching safepoint: 847155 ns, At safepoint: 45138 ns, Total: 892293 ns
[2020-08-12T15:21:36.987+0000][6][safepoint    ] Safepoint "Cleanup", Time since last: 1000306305 ns, Reaching safepoint: 694469 ns, At safepoint: 31537 ns, Total: 726006 ns
[2020-08-12T15:21:38.147+0000][6][safepoint    ] Safepoint "Cleanup", Time since last: 1159593362 ns, Reaching safepoint: 685081 ns, At safepoint: 52450 ns, Total: 737531 ns
[2020-08-12T15:21:39.990+0000][6][safepoint    ] Safepoint "Cleanup", Time since last: 1837932797 ns, Reaching safepoint: 4523272 ns, At safepoint: 67150 ns, Total: 4590422 ns
[2020-08-12T15:21:40.991+0000][6][safepoint    ] Safepoint "Cleanup", Time since last: 1000324318 ns, Reaching safepoint: 489720 ns, At safepoint: 25038 ns, Total: 514758 ns
[2020-08-12T15:21:41.992+0000][6][safepoint    ] Safepoint "Cleanup", Time since last: 1000312555 ns, Reaching safepoint: 621932 ns, At safepoint: 43687 ns, Total: 665619 ns
[2020-08-12T15:21:42.993+0000][6][safepoint    ] Safepoint "Cleanup", Time since last: 1000398655 ns, Reaching safepoint: 374659 ns, At safepoint: 55637 ns, Total: 430296 ns
[2020-08-12T15:21:44.986+0000][6][safepoint    ] Safepoint "Cleanup", Time since last: 1992719218 ns, Reaching safepoint: 648494 ns, At safepoint: 45912 ns, Total: 694406 ns
[2020-08-12T15:21:45.987+0000][6][safepoint    ] Safepoint "Cleanup", Time since last: 1000346706 ns, Reaching safepoint: 664344 ns, At safepoint: 44037 ns, Total: 708381 ns
[2020-08-12T15:21:46.988+0000][6][safepoint    ] Safepoint "Cleanup", Time since last: 1000342942 ns, Reaching safepoint: 757369 ns, At safepoint: 77511 ns, Total: 834880 ns
[2020-08-12T15:21:48.111+0000][6][safepoint    ] Safepoint "Cleanup", Time since last: 1122540627 ns, Reaching safepoint: 641932 ns, At safepoint: 33249 ns, Total: 675181 ns
[2020-08-12T15:21:49.113+0000][6][safepoint    ] Safepoint "Cleanup", Time since last: 1000302781 ns, Reaching safepoint: 820767 ns, At safepoint: 43600 ns, Total: 864367 ns
[2020-08-12T15:21:50.114+0000][6][safepoint    ] Safepoint "Cleanup", Time since last: 1000340818 ns, Reaching safepoint: 722581 ns, At safepoint: 31350 ns, Total: 753931 ns
[2020-08-12T15:21:51.115+0000][6][safepoint    ] Safepoint "Cleanup", Time since last: 1000307618 ns, Reaching safepoint: 782705 ns, At safepoint: 98324 ns, Total: 881029 ns
[2020-08-12T15:21:52.116+0000][6][safepoint    ] Safepoint "Cleanup", Time since last: 1000344855 ns, Reaching safepoint: 833155 ns, At safepoint: 43663 ns, Total: 876818 ns
[2020-08-12T15:21:53.117+0000][6][safepoint    ] Safepoint "Cleanup", Time since last: 1000331067 ns, Reaching safepoint: 424409 ns, At safepoint: 22637 ns, Total: 447046 ns
[2020-08-12T15:21:53.989+0000][6][safepoint    ] Safepoint "BulkRevokeBias", Time since last: 868997240 ns, Reaching safepoint: 686669 ns, At safepoint: 2197931 ns, Total: 2884600 ns
[2020-08-12T15:21:54.995+0000][6][safepoint    ] Safepoint "Cleanup", Time since last: 1004900552 ns, Reaching safepoint: 757156 ns, At safepoint: 43662 ns, Total: 800818 ns
[2020-08-12T15:21:55.996+0000][6][safepoint    ] Safepoint "Cleanup", Time since last: 1000392867 ns, Reaching safepoint: 746906 ns, At safepoint: 44650 ns, Total: 791556 ns
[2020-08-12T15:21:56.997+0000][6][safepoint    ] Safepoint "Cleanup", Time since last: 1000342305 ns, Reaching safepoint: 555845 ns, At safepoint: 29000 ns, Total: 584845 ns
[2020-08-12T15:21:58.578+0000][6][safepoint    ] Safepoint "Cleanup", Time since last: 1579992049 ns, Reaching safepoint: 1000554 ns, At safepoint: 17037 ns, Total: 1017591 ns
[2020-08-12T15:21:59.988+0000][6][safepoint    ] Safepoint "Cleanup", Time since last: 1409309032 ns, Reaching safepoint: 578745 ns, At safepoint: 44000 ns, Total: 622745 ns
[2020-08-12T15:22:00.989+0000][6][safepoint    ] Safepoint "Cleanup", Time since last: 1000411104 ns, Reaching safepoint: 563758 ns, At safepoint: 44349 ns, Total: 608107 ns
[2020-08-12T15:22:01.990+0000][6][safepoint    ] Safepoint "Cleanup", Time since last: 1000342731 ns, Reaching safepoint: 758268 ns, At safepoint: 45749 ns, Total: 804017 ns
[2020-08-12T15:22:02.991+0000][6][safepoint    ] Safepoint "Cleanup", Time since last: 1000395642 ns, Reaching safepoint: 462959 ns, At safepoint: 43474 ns, Total: 506433 ns
[2020-08-12T15:22:04.989+0000][6][safepoint    ] Safepoint "Cleanup", Time since last: 1997986835 ns, Reaching safepoint: 694406 ns, At safepoint: 52299 ns, Total: 746705 ns
[2020-08-12T15:22:05.991+0000][6][safepoint    ] Safepoint "Cleanup", Time since last: 1000349043 ns, Reaching safepoint: 813155 ns, At safepoint: 44212 ns, Total: 857367 ns
[2020-08-12T15:22:06.992+0000][6][safepoint    ] Safepoint "Cleanup", Time since last: 1000313168 ns, Reaching safepoint: 715469 ns, At safepoint: 74299 ns, Total: 789768 ns
[2020-08-12T15:22:08.165+0000][6][safepoint    ] Safepoint "Cleanup", Time since last: 1172667284 ns, Reaching safepoint: 809756 ns, At safepoint: 44774 ns, Total: 854530 ns
[2020-08-12T15:22:09.166+0000][6][safepoint    ] Safepoint "Cleanup", Time since last: 1000347955 ns, Reaching safepoint: 494808 ns, At safepoint: 29712 ns, Total: 524520 ns
[2020-08-12T15:22:10.168+0000][6][safepoint    ] Safepoint "Cleanup", Time since last: 1000284669 ns, Reaching safepoint: 1158114 ns, At safepoint: 63250 ns, Total: 1221364 ns
[2020-08-12T15:22:11.169+0000][6][safepoint    ] Safepoint "Cleanup", Time since last: 1000401842 ns, Reaching safepoint: 787005 ns, At safepoint: 43663 ns, Total: 830668 ns
[2020-08-12T15:22:12.170+0000][6][safepoint    ] Safepoint "Cleanup", Time since last: 1000429854 ns, Reaching safepoint: 805330 ns, At safepoint: 64150 ns, Total: 869480 ns
[2020-08-12T15:22:13.171+0000][6][safepoint    ] Safepoint "Cleanup", Time since last: 1000307530 ns, Reaching safepoint: 517646 ns, At safepoint: 56412 ns, Total: 574058 ns
[2020-08-12T15:22:14.991+0000][6][safepoint    ] Safepoint "Cleanup", Time since last: 1818929790 ns, Reaching safepoint: 605257 ns, At safepoint: 53024 ns, Total: 658281 ns
[2020-08-12T15:22:15.992+0000][6][safepoint    ] Safepoint "Cleanup", Time since last: 1000347155 ns, Reaching safepoint: 687644 ns, At safepoint: 56300 ns, Total: 743944 ns
[2020-08-12T15:22:16.993+0000][6][safepoint    ] Safepoint "Cleanup", Time since last: 1000366542 ns, Reaching safepoint: 768218 ns, At safepoint: 89887 ns, Total: 858105 ns
[2020-08-12T15:22:18.263+0000][6][safepoint    ] Safepoint "Cleanup", Time since last: 1269292568 ns, Reaching safepoint: 783168 ns, At safepoint: 35750 ns, Total: 818918 ns
[2020-08-12T15:22:18.989+0000][6][safepoint    ] Safepoint "BulkRevokeBias", Time since last: 724527490 ns, Reaching safepoint: 466096 ns, At safepoint: 1454625 ns, Total: 1920721 ns
[2020-08-12T15:22:19.991+0000][6][safepoint    ] Safepoint "Cleanup", Time since last: 1000322255 ns, Reaching safepoint: 825580 ns, At safepoint: 43987 ns, Total: 869567 ns
[2020-08-12T15:22:20.992+0000][6][safepoint    ] Safepoint "Cleanup", Time since last: 1000400443 ns, Reaching safepoint: 658731 ns, At safepoint: 53575 ns, Total: 712306 ns
[2020-08-12T15:22:21.993+0000][6][safepoint    ] Safepoint "Cleanup", Time since last: 1000413942 ns, Reaching safepoint: 825417 ns, At safepoint: 43950 ns, Total: 869367 ns
[2020-08-12T15:22:22.994+0000][6][safepoint    ] Safepoint "Cleanup", Time since last: 1000295618 ns, Reaching safepoint: 365847 ns, At safepoint: 20487 ns, Total: 386334 ns
[2020-08-12T15:22:24.991+0000][6][safepoint    ] Safepoint "Cleanup", Time since last: 1996817757 ns, Reaching safepoint: 886567 ns, At safepoint: 44587 ns, Total: 931154 ns
[2020-08-12T15:22:25.993+0000][6][safepoint    ] Safepoint "Cleanup", Time since last: 1000432930 ns, Reaching safepoint: 751793 ns, At safepoint: 47225 ns, Total: 799018 ns
[2020-08-12T15:22:26.994+0000][6][safepoint    ] Safepoint "Cleanup", Time since last: 1000394079 ns, Reaching safepoint: 624095 ns, At safepoint: 56124 ns, Total: 680219 ns
[2020-08-12T15:22:28.511+0000][6][safepoint    ] Safepoint "Cleanup", Time since last: 1517035431 ns, Reaching safepoint: 527183 ns, At safepoint: 44237 ns, Total: 571420 ns
[2020-08-12T15:22:29.524+0000][6][safepoint    ] Safepoint "Cleanup", Time since last: 1012084076 ns, Reaching safepoint: 491984 ns, At safepoint: 25349 ns, Total: 517333 ns
[2020-08-12T15:22:30.525+0000][6][safepoint    ] Safepoint "Cleanup", Time since last: 1000283931 ns, Reaching safepoint: 838967 ns, At safepoint: 43075 ns, Total: 882042 ns
[2020-08-12T15:22:31.526+0000][6][safepoint    ] Safepoint "Cleanup", Time since last: 1000343693 ns, Reaching safepoint: 810830 ns, At safepoint: 43262 ns, Total: 854092 ns
[2020-08-12T15:22:32.528+0000][6][safepoint    ] Safepoint "Cleanup", Time since last: 1000340443 ns, Reaching safepoint: 1073703 ns, At safepoint: 64499 ns, Total: 1138202 ns
[2020-08-12T15:22:33.529+0000][6][safepoint    ] Safepoint "Cleanup", Time since last: 1000397455 ns, Reaching safepoint: 932842 ns, At safepoint: 43549 ns, Total: 976391 ns
[2020-08-12T15:22:34.993+0000][6][safepoint    ] Safepoint "Cleanup", Time since last: 1462869834 ns, Reaching safepoint: 642532 ns, At safepoint: 44424 ns, Total: 686956 ns
[2020-08-12T15:22:35.994+0000][6][safepoint    ] Safepoint "Cleanup", Time since last: 1000406768 ns, Reaching safepoint: 453696 ns, At safepoint: 44437 ns, Total: 498133 ns
[2020-08-12T15:22:36.995+0000][6][safepoint    ] Safepoint "Cleanup", Time since last: 1000363667 ns, Reaching safepoint: 481346 ns, At safepoint: 34725 ns, Total: 516071 ns
[2020-08-12T15:22:38.179+0000][6][safepoint    ] Safepoint "Cleanup", Time since last: 1184336205 ns, Reaching safepoint: 446284 ns, At safepoint: 45724 ns, Total: 492008 ns
[2020-08-12T15:22:39.992+0000][6][safepoint    ] Safepoint "Cleanup", Time since last: 1811679842 ns, Reaching safepoint: 620782 ns, At safepoint: 44287 ns, Total: 665069 ns
[2020-08-12T15:22:40.993+0000][6][safepoint    ] Safepoint "Cleanup", Time since last: 1000400817 ns, Reaching safepoint: 855243 ns, At safepoint: 69311 ns, Total: 924554 ns
[2020-08-12T15:22:41.994+0000][6][safepoint    ] Safepoint "Cleanup", Time since last: 1000346156 ns, Reaching safepoint: 679944 ns, At safepoint: 53312 ns, Total: 733256 ns
[2020-08-12T15:22:42.995+0000][6][safepoint    ] Safepoint "Cleanup", Time since last: 1000297080 ns, Reaching safepoint: 415384 ns, At safepoint: 44950 ns, Total: 460334 ns
[2020-08-12T15:22:44.993+0000][6][safepoint    ] Safepoint "Cleanup", Time since last: 1996860706 ns, Reaching safepoint: 804718 ns, At safepoint: 44112 ns, Total: 848830 ns
[2020-08-12T15:22:45.994+0000][6][safepoint    ] Safepoint "Cleanup", Time since last: 1000349818 ns, Reaching safepoint: 760993 ns, At safepoint: 43312 ns, Total: 804305 ns
[2020-08-12T15:22:46.995+0000][6][safepoint    ] Safepoint "Cleanup", Time since last: 1000354043 ns, Reaching safepoint: 632457 ns, At safepoint: 20149 ns, Total: 652606 ns
[2020-08-12T15:22:48.024+0000][6][safepoint    ] Safepoint "Cleanup", Time since last: 1028808579 ns, Reaching safepoint: 499183 ns, At safepoint: 44500 ns, Total: 543683 ns
[2020-08-12T15:22:49.025+0000][6][safepoint    ] Safepoint "Cleanup", Time since last: 1000339017 ns, Reaching safepoint: 705269 ns, At safepoint: 44437 ns, Total: 749706 ns
[2020-08-12T15:22:50.026+0000][6][safepoint    ] Safepoint "Cleanup", Time since last: 1000353230 ns, Reaching safepoint: 667120 ns, At safepoint: 53099 ns, Total: 720219 ns
[2020-08-12T15:22:51.027+0000][6][safepoint    ] Safepoint "Cleanup", Time since last: 1000350043 ns, Reaching safepoint: 730418 ns, At safepoint: 44525 ns, Total: 774943 ns
[2020-08-12T15:22:52.030+0000][6][safepoint    ] Safepoint "Cleanup", Time since last: 1001870679 ns, Reaching safepoint: 625032 ns, At safepoint: 55849 ns, Total: 680881 ns
[2020-08-12T15:22:53.032+0000][6][safepoint    ] Safepoint "Cleanup", Time since last: 1001035199 ns, Reaching safepoint: 808781 ns, At safepoint: 43599 ns, Total: 852380 ns
[2020-08-12T15:22:54.994+0000][6][safepoint    ] Safepoint "Cleanup", Time since last: 1961353420 ns, Reaching safepoint: 836693 ns, At safepoint: 44187 ns, Total: 880880 ns
[2020-08-12T15:22:55.995+0000][6][safepoint    ] Safepoint "Cleanup", Time since last: 1000344705 ns, Reaching safepoint: 652944 ns, At safepoint: 44613 ns, Total: 697557 ns
[2020-08-12T15:22:56.996+0000][6][safepoint    ] Safepoint "Cleanup", Time since last: 1000298693 ns, Reaching safepoint: 600357 ns, At safepoint: 27487 ns, Total: 627844 ns
[2020-08-12T15:22:58.620+0000][6][safepoint    ] Safepoint "Cleanup", Time since last: 1623483978 ns, Reaching safepoint: 404909 ns, At safepoint: 11038 ns, Total: 415947 ns
[2020-08-12T15:22:59.992+0000][6][safepoint    ] Safepoint "Cleanup", Time since last: 1370445762 ns, Reaching safepoint: 1059066 ns, At safepoint: 44724 ns, Total: 1103790 ns
[2020-08-12T15:23:00.993+0000][6][safepoint    ] Safepoint "Cleanup", Time since last: 1000331080 ns, Reaching safepoint: 870793 ns, At safepoint: 43074 ns, Total: 913867 ns
[2020-08-12T15:23:01.994+0000][6][safepoint    ] Safepoint "Cleanup", Time since last: 1000389667 ns, Reaching safepoint: 897155 ns, At safepoint: 46475 ns, Total: 943630 ns
[2020-08-12T15:23:02.995+0000][6][safepoint    ] Safepoint "Cleanup", Time since last: 1000346805 ns, Reaching safepoint: 541332 ns, At safepoint: 48163 ns, Total: 589495 ns
[2020-08-12T15:23:04.995+0000][6][safepoint    ] Safepoint "Cleanup", Time since last: 1998703677 ns, Reaching safepoint: 771981 ns, At safepoint: 43762 ns, Total: 815743 ns
[2020-08-12T15:23:05.996+0000][6][safepoint    ] Safepoint "Cleanup", Time since last: 1000431104 ns, Reaching safepoint: 583470 ns, At safepoint: 44512 ns, Total: 627982 ns
[2020-08-12T15:23:06.997+0000][6][safepoint    ] Safepoint "Cleanup", Time since last: 1000321106 ns, Reaching safepoint: 603369 ns, At safepoint: 31363 ns, Total: 634732 ns
[2020-08-12T15:23:08.153+0000][6][safepoint    ] Safepoint "Cleanup", Time since last: 1156351640 ns, Reaching safepoint: 411159 ns, At safepoint: 20287 ns, Total: 431446 ns
[2020-08-12T15:23:09.154+0000][6][safepoint    ] Safepoint "Cleanup", Time since last: 1000273393 ns, Reaching safepoint: 564995 ns, At safepoint: 31037 ns, Total: 596032 ns
[2020-08-12T15:23:10.155+0000][6][safepoint    ] Safepoint "Cleanup", Time since last: 1000256294 ns, Reaching safepoint: 854555 ns, At safepoint: 73049 ns, Total: 927604 ns
[2020-08-12T15:23:11.157+0000][6][safepoint    ] Safepoint "Cleanup", Time since last: 1000378143 ns, Reaching safepoint: 850555 ns, At safepoint: 43312 ns, Total: 893867 ns
[2020-08-12T15:23:12.158+0000][6][safepoint    ] Safepoint "Cleanup", Time since last: 1000390292 ns, Reaching safepoint: 758406 ns, At safepoint: 43899 ns, Total: 802305 ns
[2020-08-12T15:23:13.159+0000][6][safepoint    ] Safepoint "Cleanup", Time since last: 1000398705 ns, Reaching safepoint: 787693 ns, At safepoint: 45487 ns, Total: 833180 ns
[2020-08-12T15:23:14.995+0000][6][safepoint    ] Safepoint "Cleanup", Time since last: 1835458119 ns, Reaching safepoint: 720019 ns, At safepoint: 45524 ns, Total: 765543 ns
[2020-08-12T15:23:15.996+0000][6][safepoint    ] Safepoint "Cleanup", Time since last: 1000354468 ns, Reaching safepoint: 655382 ns, At safepoint: 44074 ns, Total: 699456 ns
[2020-08-12T15:23:16.923+0000][6][gc,start     ] GC(28) Pause Young (Normal) (G1 Evacuation Pause)
[2020-08-12T15:23:16.923+0000][6][gc,task      ] GC(28) Using 2 workers of 2 for evacuation
[2020-08-12T15:23:16.923+0000][6][gc,age       ] GC(28) Desired survivor size 40370176 bytes, new threshold 15 (max threshold 15)
[2020-08-12T15:23:16.952+0000][6][gc,age       ] GC(28) Age table with threshold 15 (max threshold 15)
[2020-08-12T15:23:16.952+0000][6][gc,age       ] GC(28) - age   1:     422824 bytes,     422824 total
[2020-08-12T15:23:16.952+0000][6][gc,age       ] GC(28) - age   2:     102880 bytes,     525704 total
[2020-08-12T15:23:16.952+0000][6][gc,age       ] GC(28) - age   3:      38768 bytes,     564472 total
[2020-08-12T15:23:16.953+0000][6][gc,age       ] GC(28) - age   4:      60864 bytes,     625336 total
[2020-08-12T15:23:16.953+0000][6][gc,age       ] GC(28) - age   5:      81920 bytes,     707256 total
[2020-08-12T15:23:16.953+0000][6][gc,age       ] GC(28) - age   6:      50088 bytes,     757344 total
[2020-08-12T15:23:16.953+0000][6][gc,age       ] GC(28) - age   7:      63360 bytes,     820704 total
[2020-08-12T15:23:16.953+0000][6][gc,age       ] GC(28) - age   8:     360896 bytes,    1181600 total
[2020-08-12T15:23:16.953+0000][6][gc,age       ] GC(28) - age   9:     205520 bytes,    1387120 total
[2020-08-12T15:23:16.953+0000][6][gc,phases    ] GC(28)   Pre Evacuate Collection Set: 1.1ms
[2020-08-12T15:23:16.953+0000][6][gc,phases    ] GC(28)   Merge Heap Roots: 1.2ms
[2020-08-12T15:23:16.953+0000][6][gc,phases    ] GC(28)   Evacuate Collection Set: 20.7ms
[2020-08-12T15:23:16.953+0000][6][gc,phases    ] GC(28)   Post Evacuate Collection Set: 5.3ms
[2020-08-12T15:23:16.953+0000][6][gc,phases    ] GC(28)   Other: 2.1ms
[2020-08-12T15:23:16.953+0000][6][gc,heap      ] GC(28) Eden regions: 612->0(612)
[2020-08-12T15:23:16.953+0000][6][gc,heap      ] GC(28) Survivor regions: 2->2(77)
[2020-08-12T15:23:16.953+0000][6][gc,heap      ] GC(28) Old regions: 77->77
[2020-08-12T15:23:16.954+0000][6][gc,heap      ] GC(28) Archive regions: 2->2
[2020-08-12T15:23:16.954+0000][6][gc,heap      ] GC(28) Humongous regions: 7->7
[2020-08-12T15:23:16.954+0000][6][gc,metaspace ] GC(28) Metaspace: 96778K(104504K)->96778K(104504K) NonClass: 84250K(88888K)->84250K(88888K) Class: 12528K(15616K)->12528K(15616K)
[2020-08-12T15:23:16.954+0000][6][gc           ] GC(28) Pause Young (Normal) (G1 Evacuation Pause) 697M->85M(1024M) 31.008ms
[2020-08-12T15:23:16.954+0000][6][gc,cpu       ] GC(28) User=0.05s Sys=0.00s Real=0.04s
[2020-08-12T15:23:16.954+0000][6][safepoint    ] Safepoint "G1CollectForAllocation", Time since last: 925722364 ns, Reaching safepoint: 513121 ns, At safepoint: 31481597 ns, Total: 31994718 ns
[2020-08-12T15:23:18.134+0000][6][safepoint    ] Safepoint "Cleanup", Time since last: 1179765596 ns, Reaching safepoint: 543682 ns, At safepoint: 32863 ns, Total: 576545 ns
[2020-08-12T15:23:19.997+0000][6][safepoint    ] Safepoint "Cleanup", Time since last: 1862076734 ns, Reaching safepoint: 645944 ns, At safepoint: 45924 ns, Total: 691868 ns
[2020-08-12T15:23:20.998+0000][6][safepoint    ] Safepoint "Cleanup", Time since last: 1000353893 ns, Reaching safepoint: 549795 ns, At safepoint: 45125 ns, Total: 594920 ns
[2020-08-12T15:23:21.999+0000][6][safepoint    ] Safepoint "Cleanup", Time since last: 1000353292 ns, Reaching safepoint: 567058 ns, At safepoint: 46349 ns, Total: 613407 ns
[2020-08-12T15:23:23.000+0000][6][safepoint    ] Safepoint "Cleanup", Time since last: 1000345718 ns, Reaching safepoint: 663807 ns, At safepoint: 44937 ns, Total: 708744 ns
[2020-08-12T15:23:24.997+0000][6][safepoint    ] Safepoint "Cleanup", Time since last: 1995947789 ns, Reaching safepoint: 583582 ns, At safepoint: 52888 ns, Total: 636470 ns
[2020-08-12T15:23:25.998+0000][6][safepoint    ] Safepoint "Cleanup", Time since last: 1000389367 ns, Reaching safepoint: 518958 ns, At safepoint: 39474 ns, Total: 558432 ns
[2020-08-12T15:23:26.999+0000][6][safepoint    ] Safepoint "Cleanup", Time since last: 1000377255 ns, Reaching safepoint: 683119 ns, At safepoint: 54737 ns, Total: 737856 ns
[2020-08-12T15:23:28.147+0000][6][safepoint    ] Safepoint "Cleanup", Time since last: 1147407907 ns, Reaching safepoint: 634094 ns, At safepoint: 106174 ns, Total: 740268 ns
[2020-08-12T15:23:29.448+0000][6][safepoint    ] Safepoint "Cleanup", Time since last: 1300407531 ns, Reaching safepoint: 1031154 ns, At safepoint: 45574 ns, Total: 1076728 ns
[2020-08-12T15:23:30.449+0000][6][safepoint    ] Safepoint "Cleanup", Time since last: 1000294506 ns, Reaching safepoint: 544507 ns, At safepoint: 21450 ns, Total: 565957 ns
[2020-08-12T15:23:31.450+0000][6][safepoint    ] Safepoint "Cleanup", Time since last: 1000272819 ns, Reaching safepoint: 644844 ns, At safepoint: 44424 ns, Total: 689268 ns
[2020-08-12T15:23:32.451+0000][6][safepoint    ] Safepoint "Cleanup", Time since last: 1000334580 ns, Reaching safepoint: 539183 ns, At safepoint: 35387 ns, Total: 574570 ns
[2020-08-12T15:23:33.452+0000][6][safepoint    ] Safepoint "Cleanup", Time since last: 1000239369 ns, Reaching safepoint: 251360 ns, At safepoint: 11163 ns, Total: 262523 ns
[2020-08-12T15:23:34.995+0000][6][safepoint    ] Safepoint "Cleanup", Time since last: 1542722366 ns, Reaching safepoint: 291772 ns, At safepoint: 11163 ns, Total: 302935 ns
[2020-08-12T15:23:35.996+0000][6][safepoint    ] Safepoint "Cleanup", Time since last: 1000264131 ns, Reaching safepoint: 687081 ns, At safepoint: 37550 ns, Total: 724631 ns
[2020-08-12T15:23:36.997+0000][6][safepoint    ] Safepoint "Cleanup", Time since last: 1000314430 ns, Reaching safepoint: 604507 ns, At safepoint: 27325 ns, Total: 631832 ns
[2020-08-12T15:23:38.147+0000][6][safepoint    ] Safepoint "Cleanup", Time since last: 1149656412 ns, Reaching safepoint: 401884 ns, At safepoint: 20187 ns, Total: 422071 ns
[2020-08-12T15:23:39.998+0000][6][safepoint    ] Safepoint "Cleanup", Time since last: 1851000807 ns, Reaching safepoint: 665407 ns, At safepoint: 43612 ns, Total: 709019 ns
[2020-08-12T15:23:40.999+0000][6][safepoint    ] Safepoint "Cleanup", Time since last: 1000349267 ns, Reaching safepoint: 623482 ns, At safepoint: 43750 ns, Total: 667232 ns
[2020-08-12T15:23:42.001+0000][6][safepoint    ] Safepoint "Cleanup", Time since last: 1000344330 ns, Reaching safepoint: 749381 ns, At safepoint: 52349 ns, Total: 801730 ns
[2020-08-12T15:23:43.002+0000][6][safepoint    ] Safepoint "Cleanup", Time since last: 1000324393 ns, Reaching safepoint: 620907 ns, At safepoint: 37812 ns, Total: 658719 ns
[2020-08-12T15:23:45.000+0000][6][safepoint    ] Safepoint "Cleanup", Time since last: 1997781724 ns, Reaching safepoint: 353597 ns, At safepoint: 16912 ns, Total: 370509 ns
[2020-08-12T15:23:46.001+0000][6][safepoint    ] Safepoint "Cleanup", Time since last: 1000250431 ns, Reaching safepoint: 787930 ns, At safepoint: 43400 ns, Total: 831330 ns
[2020-08-12T15:23:47.002+0000][6][safepoint    ] Safepoint "Cleanup", Time since last: 1000461754 ns, Reaching safepoint: 1014266 ns, At safepoint: 54625 ns, Total: 1068891 ns
[2020-08-12T15:23:47.192+0000][6][safepoint    ] Safepoint "BulkRevokeBias", Time since last: 186989349 ns, Reaching safepoint: 663344 ns, At safepoint: 1741784 ns, Total: 2405128 ns
[2020-08-12T15:23:48.192+0000][6][safepoint    ] Safepoint "Cleanup", Time since last: 1000344356 ns, Reaching safepoint: 343884 ns, At safepoint: 16550 ns, Total: 360434 ns
[2020-08-12T15:23:49.193+0000][6][safepoint    ] Safepoint "Cleanup", Time since last: 1000223244 ns, Reaching safepoint: 613882 ns, At safepoint: 30099 ns, Total: 643981 ns
[2020-08-12T15:23:50.195+0000][6][safepoint    ] Safepoint "Cleanup", Time since last: 1000282231 ns, Reaching safepoint: 1067966 ns, At safepoint: 65337 ns, Total: 1133303 ns
[2020-08-12T15:23:51.196+0000][6][safepoint    ] Safepoint "Cleanup", Time since last: 1000366479 ns, Reaching safepoint: 559295 ns, At safepoint: 49675 ns, Total: 608970 ns
[2020-08-12T15:23:52.196+0000][6][safepoint    ] Safepoint "Cleanup", Time since last: 1000253594 ns, Reaching safepoint: 513558 ns, At safepoint: 26862 ns, Total: 540420 ns
[2020-08-12T15:23:53.197+0000][6][safepoint    ] Safepoint "Cleanup", Time since last: 1000267931 ns, Reaching safepoint: 410521 ns, At safepoint: 19763 ns, Total: 430284 ns
[2020-08-12T15:23:54.999+0000][6][safepoint    ] Safepoint "Cleanup", Time since last: 1800638151 ns, Reaching safepoint: 851892 ns, At safepoint: 44262 ns, Total: 896154 ns
[2020-08-12T15:23:56.000+0000][6][safepoint    ] Safepoint "Cleanup", Time since last: 1000431730 ns, Reaching safepoint: 863242 ns, At safepoint: 44875 ns, Total: 908117 ns
[2020-08-12T15:23:57.001+0000][6][safepoint    ] Safepoint "Cleanup", Time since last: 1000345055 ns, Reaching safepoint: 425608 ns, At safepoint: 32575 ns, Total: 458183 ns
[2020-08-12T15:23:58.130+0000][6][safepoint    ] Safepoint "Cleanup", Time since last: 1128842446 ns, Reaching safepoint: 367934 ns, At safepoint: 37500 ns, Total: 405434 ns
[2020-08-12T15:24:00.000+0000][6][safepoint    ] Safepoint "Cleanup", Time since last: 1868980773 ns, Reaching safepoint: 841330 ns, At safepoint: 46399 ns, Total: 887729 ns
[2020-08-12T15:24:01.001+0000][6][safepoint    ] Safepoint "Cleanup", Time since last: 1000348381 ns, Reaching safepoint: 804580 ns, At safepoint: 45100 ns, Total: 849680 ns
[2020-08-12T15:24:02.002+0000][6][safepoint    ] Safepoint "Cleanup", Time since last: 1000348917 ns, Reaching safepoint: 657707 ns, At safepoint: 45337 ns, Total: 703044 ns
[2020-08-12T15:24:03.003+0000][6][safepoint    ] Safepoint "Cleanup", Time since last: 1000340843 ns, Reaching safepoint: 576995 ns, At safepoint: 43549 ns, Total: 620544 ns
[2020-08-12T15:24:05.001+0000][6][safepoint    ] Safepoint "Cleanup", Time since last: 1997127142 ns, Reaching safepoint: 763880 ns, At safepoint: 49388 ns, Total: 813268 ns
[2020-08-12T15:24:06.002+0000][6][safepoint    ] Safepoint "Cleanup", Time since last: 1000326505 ns, Reaching safepoint: 653457 ns, At safepoint: 46462 ns, Total: 699919 ns
[2020-08-12T15:24:07.003+0000][6][safepoint    ] Safepoint "Cleanup", Time since last: 1000313530 ns, Reaching safepoint: 815505 ns, At safepoint: 40187 ns, Total: 855692 ns
[2020-08-12T15:24:08.194+0000][6][safepoint    ] Safepoint "Cleanup", Time since last: 1189849107 ns, Reaching safepoint: 744931 ns, At safepoint: 40987 ns, Total: 785918 ns
[2020-08-12T15:24:09.195+0000][6][safepoint    ] Safepoint "Cleanup", Time since last: 1000298556 ns, Reaching safepoint: 546970 ns, At safepoint: 29712 ns, Total: 576682 ns
[2020-08-12T15:24:10.197+0000][6][safepoint    ] Safepoint "Cleanup", Time since last: 1000375005 ns, Reaching safepoint: 1708035 ns, At safepoint: 59850 ns, Total: 1767885 ns
[2020-08-12T15:24:11.198+0000][6][safepoint    ] Safepoint "Cleanup", Time since last: 1000352654 ns, Reaching safepoint: 863330 ns, At safepoint: 57512 ns, Total: 920842 ns
[2020-08-12T15:24:12.199+0000][6][safepoint    ] Safepoint "Cleanup", Time since last: 1000319131 ns, Reaching safepoint: 457608 ns, At safepoint: 28675 ns, Total: 486283 ns
[2020-08-12T15:24:13.200+0000][6][safepoint    ] Safepoint "Cleanup", Time since last: 1000266381 ns, Reaching safepoint: 641744 ns, At safepoint: 33687 ns, Total: 675431 ns
[2020-08-12T15:24:15.004+0000][6][safepoint    ] Safepoint "Cleanup", Time since last: 1803056768 ns, Reaching safepoint: 786531 ns, At safepoint: 148998 ns, Total: 935529 ns
[2020-08-12T15:24:16.005+0000][6][safepoint    ] Safepoint "Cleanup", Time since last: 1000464829 ns, Reaching safepoint: 736806 ns, At safepoint: 45275 ns, Total: 782081 ns
[2020-08-12T15:24:17.006+0000][6][safepoint    ] Safepoint "Cleanup", Time since last: 1000583740 ns, Reaching safepoint: 593745 ns, At safepoint: 30512 ns, Total: 624257 ns
[2020-08-12T15:24:18.229+0000][6][safepoint    ] Safepoint "Cleanup", Time since last: 1221932112 ns, Reaching safepoint: 714506 ns, At safepoint: 33874 ns, Total: 748380 ns
[2020-08-12T15:24:19.006+0000][6][safepoint    ] Safepoint "BulkRevokeBias", Time since last: 773106149 ns, Reaching safepoint: 837431 ns, At safepoint: 2460528 ns, Total: 3297959 ns
[2020-08-12T15:24:20.008+0000][6][safepoint    ] Safepoint "Cleanup", Time since last: 1001605406 ns, Reaching safepoint: 586845 ns, At safepoint: 44537 ns, Total: 631382 ns
[2020-08-12T15:24:21.009+0000][6][safepoint    ] Safepoint "Cleanup", Time since last: 1000420367 ns, Reaching safepoint: 422571 ns, At safepoint: 27575 ns, Total: 450146 ns
[2020-08-12T15:24:22.010+0000][6][safepoint    ] Safepoint "Cleanup", Time since last: 1000357793 ns, Reaching safepoint: 594957 ns, At safepoint: 45774 ns, Total: 640731 ns
[2020-08-12T15:24:23.010+0000][6][safepoint    ] Safepoint "Cleanup", Time since last: 1000291456 ns, Reaching safepoint: 404059 ns, At safepoint: 55812 ns, Total: 459871 ns
[2020-08-12T15:24:24.005+0000][6][safepoint    ] Safepoint "BulkRevokeBias", Time since last: 991179924 ns, Reaching safepoint: 651619 ns, At safepoint: 2618764 ns, Total: 3270383 ns
[2020-08-12T15:24:25.007+0000][6][safepoint    ] Safepoint "Cleanup", Time since last: 1001385309 ns, Reaching safepoint: 760706 ns, At safepoint: 58312 ns, Total: 819018 ns
[2020-08-12T15:24:26.008+0000][6][safepoint    ] Safepoint "Cleanup", Time since last: 1000352392 ns, Reaching safepoint: 691356 ns, At safepoint: 54662 ns, Total: 746018 ns
[2020-08-12T15:24:27.011+0000][6][safepoint    ] Safepoint "Cleanup", Time since last: 1000919913 ns, Reaching safepoint: 1724410 ns, At safepoint: 57262 ns, Total: 1781672 ns
[2020-08-12T15:24:28.147+0000][6][safepoint    ] Safepoint "Cleanup", Time since last: 1135476387 ns, Reaching safepoint: 493820 ns, At safepoint: 14725 ns, Total: 508545 ns
[2020-08-12T15:24:29.431+0000][6][safepoint    ] Safepoint "Cleanup", Time since last: 1283456655 ns, Reaching safepoint: 333948 ns, At safepoint: 21912 ns, Total: 355860 ns
[2020-08-12T15:24:30.431+0000][6][safepoint    ] Safepoint "Cleanup", Time since last: 1000198194 ns, Reaching safepoint: 366084 ns, At safepoint: 13200 ns, Total: 379284 ns
[2020-08-12T15:24:31.432+0000][6][safepoint    ] Safepoint "Cleanup", Time since last: 1000199581 ns, Reaching safepoint: 558495 ns, At safepoint: 54625 ns, Total: 613120 ns
[2020-08-12T15:24:32.433+0000][6][safepoint    ] Safepoint "Cleanup", Time since last: 1000343293 ns, Reaching safepoint: 808730 ns, At safepoint: 59449 ns, Total: 868179 ns
[2020-08-12T15:24:33.434+0000][6][safepoint    ] Safepoint "Cleanup", Time since last: 1000308868 ns, Reaching safepoint: 242373 ns, At safepoint: 19688 ns, Total: 262061 ns
[2020-08-12T15:24:35.003+0000][6][safepoint    ] Safepoint "Cleanup", Time since last: 1569089958 ns, Reaching safepoint: 541608 ns, At safepoint: 33499 ns, Total: 575107 ns
[2020-08-12T15:24:36.004+0000][6][safepoint    ] Safepoint "Cleanup", Time since last: 1000285056 ns, Reaching safepoint: 623107 ns, At safepoint: 44075 ns, Total: 667182 ns
[2020-08-12T15:24:37.006+0000][6][safepoint    ] Safepoint "Cleanup", Time since last: 1000367617 ns, Reaching safepoint: 666532 ns, At safepoint: 71486 ns, Total: 738018 ns
[2020-08-12T15:24:38.143+0000][6][safepoint    ] Safepoint "Cleanup", Time since last: 1136683189 ns, Reaching safepoint: 356560 ns, At safepoint: 44662 ns, Total: 401222 ns
[2020-08-12T15:24:40.005+0000][6][safepoint    ] Safepoint "Cleanup", Time since last: 1861191129 ns, Reaching safepoint: 657694 ns, At safepoint: 54350 ns, Total: 712044 ns
[2020-08-12T15:24:41.005+0000][6][safepoint    ] Safepoint "Cleanup", Time since last: 1000307630 ns, Reaching safepoint: 424822 ns, At safepoint: 21512 ns, Total: 446334 ns
[2020-08-12T15:24:42.006+0000][6][safepoint    ] Safepoint "Cleanup", Time since last: 1000262606 ns, Reaching safepoint: 644869 ns, At safepoint: 46650 ns, Total: 691519 ns
[2020-08-12T15:24:43.007+0000][6][safepoint    ] Safepoint "Cleanup", Time since last: 1000284743 ns, Reaching safepoint: 570907 ns, At safepoint: 24912 ns, Total: 595819 ns
[2020-08-12T15:24:44.008+0000][6][safepoint    ] Safepoint "Cleanup", Time since last: 1000221519 ns, Reaching safepoint: 656907 ns, At safepoint: 42587 ns, Total: 699494 ns
[2020-08-12T15:24:45.011+0000][6][safepoint    ] Safepoint "Cleanup", Time since last: 1002145077 ns, Reaching safepoint: 795843 ns, At safepoint: 75036 ns, Total: 870879 ns
[2020-08-12T15:24:46.012+0000][6][safepoint    ] Safepoint "Cleanup", Time since last: 1000322381 ns, Reaching safepoint: 820680 ns, At safepoint: 43712 ns, Total: 864392 ns
[2020-08-12T15:24:47.013+0000][6][safepoint    ] Safepoint "Cleanup", Time since last: 1000298856 ns, Reaching safepoint: 629982 ns, At safepoint: 31599 ns, Total: 661581 ns
[2020-08-12T15:24:48.190+0000][6][safepoint    ] Safepoint "Cleanup", Time since last: 1176181928 ns, Reaching safepoint: 405096 ns, At safepoint: 34000 ns, Total: 439096 ns
[2020-08-12T15:24:49.191+0000][6][safepoint    ] Safepoint "Cleanup", Time since last: 1000401580 ns, Reaching safepoint: 492733 ns, At safepoint: 38662 ns, Total: 531395 ns
[2020-08-12T15:24:50.192+0000][6][safepoint    ] Safepoint "Cleanup", Time since last: 1000356617 ns, Reaching safepoint: 870180 ns, At safepoint: 42150 ns, Total: 912330 ns
[2020-08-12T15:24:51.193+0000][6][safepoint    ] Safepoint "Cleanup", Time since last: 1000308518 ns, Reaching safepoint: 789255 ns, At safepoint: 45487 ns, Total: 834742 ns
[2020-08-12T15:24:52.194+0000][6][safepoint    ] Safepoint "Cleanup", Time since last: 1000347905 ns, Reaching safepoint: 653620 ns, At safepoint: 43287 ns, Total: 696907 ns
[2020-08-12T15:24:53.196+0000][6][safepoint    ] Safepoint "Cleanup", Time since last: 1000345605 ns, Reaching safepoint: 1026203 ns, At safepoint: 32725 ns, Total: 1058928 ns
[2020-08-12T15:24:55.009+0000][6][safepoint    ] Safepoint "Cleanup", Time since last: 1812502709 ns, Reaching safepoint: 742044 ns, At safepoint: 91224 ns, Total: 833268 ns
[2020-08-12T15:24:56.010+0000][6][safepoint    ] Safepoint "Cleanup", Time since last: 1000347180 ns, Reaching safepoint: 771693 ns, At safepoint: 232623 ns, Total: 1004316 ns
[2020-08-12T15:24:57.011+0000][6][safepoint    ] Safepoint "Cleanup", Time since last: 1000299368 ns, Reaching safepoint: 689594 ns, At safepoint: 29687 ns, Total: 719281 ns
[2020-08-12T15:24:58.229+0000][6][safepoint    ] Safepoint "Cleanup", Time since last: 1216641883 ns, Reaching safepoint: 761931 ns, At safepoint: 43875 ns, Total: 805806 ns
[2020-08-12T15:25:00.006+0000][6][safepoint    ] Safepoint "Cleanup", Time since last: 1776062093 ns, Reaching safepoint: 863330 ns, At safepoint: 43487 ns, Total: 906817 ns
[2020-08-12T15:25:01.007+0000][6][safepoint    ] Safepoint "Cleanup", Time since last: 1000387655 ns, Reaching safepoint: 855405 ns, At safepoint: 46487 ns, Total: 901892 ns
[2020-08-12T15:25:02.008+0000][6][safepoint    ] Safepoint "Cleanup", Time since last: 1000345642 ns, Reaching safepoint: 819906 ns, At safepoint: 59849 ns, Total: 879755 ns
[2020-08-12T15:25:03.009+0000][6][safepoint    ] Safepoint "Cleanup", Time since last: 1000291706 ns, Reaching safepoint: 521645 ns, At safepoint: 22125 ns, Total: 543770 ns
[2020-08-12T15:25:05.004+0000][6][safepoint    ] Safepoint "Cleanup", Time since last: 1994718876 ns, Reaching safepoint: 666319 ns, At safepoint: 34037 ns, Total: 700356 ns
[2020-08-12T15:25:06.006+0000][6][safepoint    ] Safepoint "Cleanup", Time since last: 1000290080 ns, Reaching safepoint: 660395 ns, At safepoint: 51037 ns, Total: 711432 ns
[2020-08-12T15:25:07.006+0000][6][safepoint    ] Safepoint "Cleanup", Time since last: 1000338142 ns, Reaching safepoint: 568383 ns, At safepoint: 54012 ns, Total: 622395 ns
[2020-08-12T15:25:08.146+0000][6][safepoint    ] Safepoint "Cleanup", Time since last: 1138845845 ns, Reaching safepoint: 777580 ns, At safepoint: 44275 ns, Total: 821855 ns
[2020-08-12T15:25:09.147+0000][6][safepoint    ] Safepoint "Cleanup", Time since last: 1000340130 ns, Reaching safepoint: 601857 ns, At safepoint: 44650 ns, Total: 646507 ns
[2020-08-12T15:25:10.148+0000][6][safepoint    ] Safepoint "Cleanup", Time since last: 1000331605 ns, Reaching safepoint: 957216 ns, At safepoint: 58137 ns, Total: 1015353 ns
[2020-08-12T15:25:11.150+0000][6][safepoint    ] Safepoint "Cleanup", Time since last: 1000344518 ns, Reaching safepoint: 778493 ns, At safepoint: 39225 ns, Total: 817718 ns
[2020-08-12T15:25:12.151+0000][6][safepoint    ] Safepoint "Cleanup", Time since last: 1000305468 ns, Reaching safepoint: 794768 ns, At safepoint: 44212 ns, Total: 838980 ns
[2020-08-12T15:25:13.151+0000][6][safepoint    ] Safepoint "Cleanup", Time since last: 1000337080 ns, Reaching safepoint: 354284 ns, At safepoint: 17588 ns, Total: 371872 ns
[2020-08-12T15:25:15.012+0000][6][safepoint    ] Safepoint "Cleanup", Time since last: 1859294971 ns, Reaching safepoint: 710406 ns, At safepoint: 44225 ns, Total: 754631 ns
[2020-08-12T15:25:16.013+0000][6][safepoint    ] Safepoint "Cleanup", Time since last: 1000394529 ns, Reaching safepoint: 780806 ns, At safepoint: 43950 ns, Total: 824756 ns
[2020-08-12T15:25:17.014+0000][6][safepoint    ] Safepoint "Cleanup", Time since last: 1000392142 ns, Reaching safepoint: 657181 ns, At safepoint: 33713 ns, Total: 690894 ns
[2020-08-12T15:25:18.136+0000][6][safepoint    ] Safepoint "Cleanup", Time since last: 1121496073 ns, Reaching safepoint: 372471 ns, At safepoint: 19238 ns, Total: 391709 ns
[2020-08-12T15:25:20.009+0000][6][safepoint    ] Safepoint "Cleanup", Time since last: 1872099833 ns, Reaching safepoint: 876917 ns, At safepoint: 43887 ns, Total: 920804 ns
[2020-08-12T15:25:21.010+0000][6][safepoint    ] Safepoint "Cleanup", Time since last: 1000384555 ns, Reaching safepoint: 716119 ns, At safepoint: 92611 ns, Total: 808730 ns
[2020-08-12T15:25:22.011+0000][6][safepoint    ] Safepoint "Cleanup", Time since last: 1000351355 ns, Reaching safepoint: 690832 ns, At safepoint: 55237 ns, Total: 746069 ns
[2020-08-12T15:25:23.012+0000][6][safepoint    ] Safepoint "Cleanup", Time since last: 1000288843 ns, Reaching safepoint: 332397 ns, At safepoint: 17137 ns, Total: 349534 ns
[2020-08-12T15:25:25.011+0000][6][safepoint    ] Safepoint "Cleanup", Time since last: 1998315107 ns, Reaching safepoint: 759980 ns, At safepoint: 43612 ns, Total: 803592 ns
[2020-08-12T15:25:26.012+0000][6][safepoint    ] Safepoint "Cleanup", Time since last: 1000375193 ns, Reaching safepoint: 591645 ns, At safepoint: 33249 ns, Total: 624894 ns
[2020-08-12T15:25:27.013+0000][6][safepoint    ] Safepoint "Cleanup", Time since last: 1000373118 ns, Reaching safepoint: 618707 ns, At safepoint: 39724 ns, Total: 658431 ns
[2020-08-12T15:25:28.175+0000][6][safepoint    ] Safepoint "Cleanup", Time since last: 1160968800 ns, Reaching safepoint: 751443 ns, At safepoint: 38437 ns, Total: 789880 ns
[2020-08-12T15:25:29.600+0000][6][safepoint    ] Safepoint "Cleanup", Time since last: 1424669959 ns, Reaching safepoint: 419121 ns, At safepoint: 23125 ns, Total: 442246 ns
[2020-08-12T15:25:30.600+0000][6][safepoint    ] Safepoint "Cleanup", Time since last: 1000216256 ns, Reaching safepoint: 247048 ns, At safepoint: 11100 ns, Total: 258148 ns
[2020-08-12T15:25:31.601+0000][6][safepoint    ] Safepoint "Cleanup", Time since last: 1000211606 ns, Reaching safepoint: 623057 ns, At safepoint: 34737 ns, Total: 657794 ns
[2020-08-12T15:25:32.602+0000][6][safepoint    ] Safepoint "Cleanup", Time since last: 1000297806 ns, Reaching safepoint: 641044 ns, At safepoint: 44975 ns, Total: 686019 ns
[2020-08-12T15:25:33.603+0000][6][safepoint    ] Safepoint "Cleanup", Time since last: 1000354942 ns, Reaching safepoint: 861718 ns, At safepoint: 44062 ns, Total: 905780 ns
[2020-08-12T15:25:35.009+0000][6][safepoint    ] Safepoint "Cleanup", Time since last: 1404497974 ns, Reaching safepoint: 971704 ns, At safepoint: 43724 ns, Total: 1015428 ns
[2020-08-12T15:25:36.010+0000][6][safepoint    ] Safepoint "Cleanup", Time since last: 1000367443 ns, Reaching safepoint: 810905 ns, At safepoint: 38050 ns, Total: 848955 ns
[2020-08-12T15:25:37.011+0000][6][safepoint    ] Safepoint "Cleanup", Time since last: 1000205806 ns, Reaching safepoint: 538195 ns, At safepoint: 31213 ns, Total: 569408 ns
[2020-08-12T15:25:38.183+0000][6][safepoint    ] Safepoint "Cleanup", Time since last: 1172018264 ns, Reaching safepoint: 351097 ns, At safepoint: 15962 ns, Total: 367059 ns
[2020-08-12T15:25:40.011+0000][6][safepoint    ] Safepoint "Cleanup", Time since last: 1827141906 ns, Reaching safepoint: 689318 ns, At safepoint: 55850 ns, Total: 745168 ns
[2020-08-12T15:25:41.012+0000][6][safepoint    ] Safepoint "Cleanup", Time since last: 1000347230 ns, Reaching safepoint: 652932 ns, At safepoint: 44574 ns, Total: 697506 ns
[2020-08-12T15:25:42.013+0000][6][safepoint    ] Safepoint "Cleanup", Time since last: 1000337405 ns, Reaching safepoint: 796418 ns, At safepoint: 55212 ns, Total: 851630 ns
[2020-08-12T15:25:43.014+0000][6][safepoint    ] Safepoint "Cleanup", Time since last: 1000340481 ns, Reaching safepoint: 460983 ns, At safepoint: 44237 ns, Total: 505220 ns
[2020-08-12T15:25:45.011+0000][6][safepoint    ] Safepoint "Cleanup", Time since last: 1996219050 ns, Reaching safepoint: 827205 ns, At safepoint: 44524 ns, Total: 871729 ns
[2020-08-12T15:25:46.012+0000][6][safepoint    ] Safepoint "Cleanup", Time since last: 1000343631 ns, Reaching safepoint: 829692 ns, At safepoint: 43912 ns, Total: 873604 ns
[2020-08-12T15:25:47.014+0000][6][safepoint    ] Safepoint "Cleanup", Time since last: 1000312943 ns, Reaching safepoint: 897867 ns, At safepoint: 41050 ns, Total: 938917 ns
[2020-08-12T15:25:48.171+0000][6][safepoint    ] Safepoint "Cleanup", Time since last: 1156261541 ns, Reaching safepoint: 602807 ns, At safepoint: 33312 ns, Total: 636119 ns
[2020-08-12T15:25:49.171+0000][6][safepoint    ] Safepoint "Cleanup", Time since last: 1000306906 ns, Reaching safepoint: 441171 ns, At safepoint: 23337 ns, Total: 464508 ns
[2020-08-12T15:25:50.173+0000][6][safepoint    ] Safepoint "Cleanup", Time since last: 1000563491 ns, Reaching safepoint: 779205 ns, At safepoint: 56137 ns, Total: 835342 ns
[2020-08-12T15:25:51.174+0000][6][safepoint    ] Safepoint "Cleanup", Time since last: 1000425130 ns, Reaching safepoint: 816305 ns, At safepoint: 44387 ns, Total: 860692 ns
[2020-08-12T15:25:52.175+0000][6][safepoint    ] Safepoint "Cleanup", Time since last: 1000382318 ns, Reaching safepoint: 901617 ns, At safepoint: 46437 ns, Total: 948054 ns
[2020-08-12T15:25:53.176+0000][6][safepoint    ] Safepoint "Cleanup", Time since last: 1000339105 ns, Reaching safepoint: 479633 ns, At safepoint: 25412 ns, Total: 505045 ns
[2020-08-12T15:25:55.013+0000][6][safepoint    ] Safepoint "Cleanup", Time since last: 1835945753 ns, Reaching safepoint: 641707 ns, At safepoint: 112611 ns, Total: 754318 ns
[2020-08-12T15:25:56.014+0000][6][safepoint    ] Safepoint "Cleanup", Time since last: 1000363455 ns, Reaching safepoint: 656194 ns, At safepoint: 54500 ns, Total: 710694 ns
[2020-08-12T15:25:57.015+0000][6][safepoint    ] Safepoint "Cleanup", Time since last: 1000352517 ns, Reaching safepoint: 899530 ns, At safepoint: 58424 ns, Total: 957954 ns
[2020-08-12T15:25:58.173+0000][6][safepoint    ] Safepoint "Cleanup", Time since last: 1157752803 ns, Reaching safepoint: 415921 ns, At safepoint: 26563 ns, Total: 442484 ns
[2020-08-12T15:26:00.012+0000][6][safepoint    ] Safepoint "Cleanup", Time since last: 1837515601 ns, Reaching safepoint: 706718 ns, At safepoint: 40063 ns, Total: 746781 ns
[2020-08-12T15:26:01.327+0000][6][safepoint    ] Safepoint "Cleanup", Time since last: 1314509493 ns, Reaching safepoint: 820843 ns, At safepoint: 43912 ns, Total: 864755 ns
[2020-08-12T15:26:02.328+0000][6][safepoint    ] Safepoint "Cleanup", Time since last: 1000302331 ns, Reaching safepoint: 498383 ns, At safepoint: 57124 ns, Total: 555507 ns
[2020-08-12T15:26:03.329+0000][6][safepoint    ] Safepoint "Cleanup", Time since last: 1000303656 ns, Reaching safepoint: 463446 ns, At safepoint: 43262 ns, Total: 506708 ns
[2020-08-12T15:26:05.013+0000][6][safepoint    ] Safepoint "Cleanup", Time since last: 1683555122 ns, Reaching safepoint: 736319 ns, At safepoint: 43825 ns, Total: 780144 ns
[2020-08-12T15:26:06.014+0000][6][safepoint    ] Safepoint "Cleanup", Time since last: 1000330567 ns, Reaching safepoint: 750456 ns, At safepoint: 43937 ns, Total: 794393 ns
[2020-08-12T15:26:07.015+0000][6][safepoint    ] Safepoint "Cleanup", Time since last: 1000299606 ns, Reaching safepoint: 611757 ns, At safepoint: 32112 ns, Total: 643869 ns
[2020-08-12T15:26:08.187+0000][6][safepoint    ] Safepoint "Cleanup", Time since last: 1171259984 ns, Reaching safepoint: 529470 ns, At safepoint: 56262 ns, Total: 585732 ns
[2020-08-12T15:26:09.188+0000][6][safepoint    ] Safepoint "Cleanup", Time since last: 1000342143 ns, Reaching safepoint: 846605 ns, At safepoint: 43762 ns, Total: 890367 ns
[2020-08-12T15:26:10.190+0000][6][safepoint    ] Safepoint "Cleanup", Time since last: 1000551366 ns, Reaching safepoint: 1145677 ns, At safepoint: 48712 ns, Total: 1194389 ns
[2020-08-12T15:26:11.191+0000][6][safepoint    ] Safepoint "Cleanup", Time since last: 1000321693 ns, Reaching safepoint: 769906 ns, At safepoint: 45587 ns, Total: 815493 ns
[2020-08-12T15:26:12.192+0000][6][safepoint    ] Safepoint "Cleanup", Time since last: 1000431904 ns, Reaching safepoint: 690181 ns, At safepoint: 53137 ns, Total: 743318 ns
[2020-08-12T15:26:13.193+0000][6][safepoint    ] Safepoint "Cleanup", Time since last: 1000300406 ns, Reaching safepoint: 418984 ns, At safepoint: 19062 ns, Total: 438046 ns
[2020-08-12T15:26:15.016+0000][6][safepoint    ] Safepoint "Cleanup", Time since last: 1822637295 ns, Reaching safepoint: 696756 ns, At safepoint: 69750 ns, Total: 766506 ns
[2020-08-12T15:26:16.018+0000][6][safepoint    ] Safepoint "Cleanup", Time since last: 1000348692 ns, Reaching safepoint: 913205 ns, At safepoint: 43687 ns, Total: 956892 ns
[2020-08-12T15:26:17.019+0000][6][safepoint    ] Safepoint "Cleanup", Time since last: 1000348005 ns, Reaching safepoint: 634732 ns, At safepoint: 29299 ns, Total: 664031 ns
[2020-08-12T15:26:18.163+0000][6][safepoint    ] Safepoint "Cleanup", Time since last: 1143509304 ns, Reaching safepoint: 314947 ns, At safepoint: 15663 ns, Total: 330610 ns
[2020-08-12T15:26:20.015+0000][6][safepoint    ] Safepoint "Cleanup", Time since last: 1851641713 ns, Reaching safepoint: 863168 ns, At safepoint: 43787 ns, Total: 906955 ns
[2020-08-12T15:26:21.016+0000][6][safepoint    ] Safepoint "Cleanup", Time since last: 1000352392 ns, Reaching safepoint: 762406 ns, At safepoint: 44100 ns, Total: 806506 ns
[2020-08-12T15:26:22.017+0000][6][safepoint    ] Safepoint "Cleanup", Time since last: 1000398967 ns, Reaching safepoint: 650232 ns, At safepoint: 52037 ns, Total: 702269 ns
[2020-08-12T15:26:23.019+0000][6][safepoint    ] Safepoint "Cleanup", Time since last: 1000348530 ns, Reaching safepoint: 865192 ns, At safepoint: 43575 ns, Total: 908767 ns
[2020-08-12T15:26:24.018+0000][6][safepoint    ] Safepoint "BulkRevokeBias", Time since last: 995519210 ns, Reaching safepoint: 816218 ns, At safepoint: 3222571 ns, Total: 4038789 ns
[2020-08-12T15:26:25.019+0000][6][safepoint    ] Safepoint "Cleanup", Time since last: 1000413067 ns, Reaching safepoint: 656357 ns, At safepoint: 44862 ns, Total: 701219 ns
[2020-08-12T15:26:26.021+0000][6][safepoint    ] Safepoint "Cleanup", Time since last: 1000348530 ns, Reaching safepoint: 723531 ns, At safepoint: 79350 ns, Total: 802881 ns
[2020-08-12T15:26:27.022+0000][6][safepoint    ] Safepoint "Cleanup", Time since last: 1000374342 ns, Reaching safepoint: 694869 ns, At safepoint: 54899 ns, Total: 749768 ns
[2020-08-12T15:26:28.234+0000][6][safepoint    ] Safepoint "Cleanup", Time since last: 1211451929 ns, Reaching safepoint: 462808 ns, At safepoint: 35062 ns, Total: 497870 ns
[2020-08-12T15:26:29.594+0000][6][safepoint    ] Safepoint "Cleanup", Time since last: 1359755582 ns, Reaching safepoint: 436847 ns, At safepoint: 43487 ns, Total: 480334 ns
[2020-08-12T15:26:30.487+0000][6][safepoint    ] Safepoint "BulkRevokeBias", Time since last: 888752127 ns, Reaching safepoint: 456559 ns, At safepoint: 3864341 ns, Total: 4320900 ns
[2020-08-12T15:26:31.496+0000][6][safepoint    ] Safepoint "Cleanup", Time since last: 1008797993 ns, Reaching safepoint: 662131 ns, At safepoint: 43625 ns, Total: 705756 ns
[2020-08-12T15:26:32.498+0000][6][safepoint    ] Safepoint "Cleanup", Time since last: 1000338868 ns, Reaching safepoint: 718443 ns, At safepoint: 43587 ns, Total: 762030 ns
[2020-08-12T15:26:33.499+0000][6][safepoint    ] Safepoint "Cleanup", Time since last: 1000390905 ns, Reaching safepoint: 762231 ns, At safepoint: 43712 ns, Total: 805943 ns
[2020-08-12T15:26:35.021+0000][6][safepoint    ] Safepoint "Cleanup", Time since last: 1521550128 ns, Reaching safepoint: 643670 ns, At safepoint: 46674 ns, Total: 690344 ns
[2020-08-12T15:26:36.022+0000][6][safepoint    ] Safepoint "Cleanup", Time since last: 1000350755 ns, Reaching safepoint: 846393 ns, At safepoint: 58087 ns, Total: 904480 ns
[2020-08-12T15:26:37.023+0000][6][safepoint    ] Safepoint "Cleanup", Time since last: 1000298718 ns, Reaching safepoint: 680069 ns, At safepoint: 29612 ns, Total: 709681 ns
[2020-08-12T15:26:38.186+0000][6][safepoint    ] Safepoint "Cleanup", Time since last: 1162447849 ns, Reaching safepoint: 412259 ns, At safepoint: 17874 ns, Total: 430133 ns
[2020-08-12T15:26:40.018+0000][6][safepoint    ] Safepoint "Cleanup", Time since last: 1831496030 ns, Reaching safepoint: 720618 ns, At safepoint: 53012 ns, Total: 773630 ns
[2020-08-12T15:26:41.020+0000][6][safepoint    ] Safepoint "Cleanup", Time since last: 1000342655 ns, Reaching safepoint: 817431 ns, At safepoint: 43812 ns, Total: 861243 ns
[2020-08-12T15:26:42.021+0000][6][safepoint    ] Safepoint "Cleanup", Time since last: 1000344805 ns, Reaching safepoint: 566407 ns, At safepoint: 30225 ns, Total: 596632 ns
[2020-08-12T15:26:43.022+0000][6][safepoint    ] Safepoint "Cleanup", Time since last: 1000287131 ns, Reaching safepoint: 954204 ns, At safepoint: 63387 ns, Total: 1017591 ns
[2020-08-12T15:26:45.018+0000][6][safepoint    ] Safepoint "Cleanup", Time since last: 1994807824 ns, Reaching safepoint: 855455 ns, At safepoint: 59750 ns, Total: 915205 ns
[2020-08-12T15:26:46.019+0000][6][safepoint    ] Safepoint "Cleanup", Time since last: 1000404742 ns, Reaching safepoint: 634044 ns, At safepoint: 45912 ns, Total: 679956 ns
[2020-08-12T15:26:47.020+0000][6][safepoint    ] Safepoint "Cleanup", Time since last: 1000282243 ns, Reaching safepoint: 586933 ns, At safepoint: 30912 ns, Total: 617845 ns
[2020-08-12T15:26:48.144+0000][6][safepoint    ] Safepoint "Cleanup", Time since last: 1124015813 ns, Reaching safepoint: 438321 ns, At safepoint: 19463 ns, Total: 457784 ns
[2020-08-12T15:26:49.145+0000][6][safepoint    ] Safepoint "Cleanup", Time since last: 1000272693 ns, Reaching safepoint: 512170 ns, At safepoint: 38250 ns, Total: 550420 ns
[2020-08-12T15:26:50.146+0000][6][safepoint    ] Safepoint "Cleanup", Time since last: 1000374667 ns, Reaching safepoint: 571845 ns, At safepoint: 45562 ns, Total: 617407 ns
[2020-08-12T15:26:51.148+0000][6][safepoint    ] Safepoint "Cleanup", Time since last: 1000453180 ns, Reaching safepoint: 1464037 ns, At safepoint: 53212 ns, Total: 1517249 ns
[2020-08-12T15:26:52.149+0000][6][safepoint    ] Safepoint "Cleanup", Time since last: 1000420454 ns, Reaching safepoint: 644594 ns, At safepoint: 113437 ns, Total: 758031 ns
[2020-08-12T15:26:53.150+0000][6][safepoint    ] Safepoint "Cleanup", Time since last: 1000340780 ns, Reaching safepoint: 407334 ns, At safepoint: 37975 ns, Total: 445309 ns
[2020-08-12T15:26:55.019+0000][6][safepoint    ] Safepoint "Cleanup", Time since last: 1868532077 ns, Reaching safepoint: 677744 ns, At safepoint: 48387 ns, Total: 726131 ns
[2020-08-12T15:26:56.020+0000][6][safepoint    ] Safepoint "Cleanup", Time since last: 1000354955 ns, Reaching safepoint: 692894 ns, At safepoint: 44424 ns, Total: 737318 ns
[2020-08-12T15:26:57.021+0000][6][safepoint    ] Safepoint "Cleanup", Time since last: 1000294568 ns, Reaching safepoint: 602045 ns, At safepoint: 28525 ns, Total: 630570 ns
[2020-08-12T15:26:58.258+0000][6][safepoint    ] Safepoint "Cleanup", Time since last: 1236340759 ns, Reaching safepoint: 752581 ns, At safepoint: 74349 ns, Total: 826930 ns
[2020-08-12T15:26:59.021+0000][6][safepoint    ] Safepoint "BulkRevokeBias", Time since last: 759399370 ns, Reaching safepoint: 668319 ns, At safepoint: 2493453 ns, Total: 3161772 ns
[2020-08-12T15:27:00.023+0000][6][safepoint    ] Safepoint "Cleanup", Time since last: 1001466358 ns, Reaching safepoint: 892429 ns, At safepoint: 44112 ns, Total: 936541 ns
[2020-08-12T15:27:01.028+0000][6][safepoint    ] Safepoint "Cleanup", Time since last: 1003824125 ns, Reaching safepoint: 745731 ns, At safepoint: 23112 ns, Total: 768843 ns
[2020-08-12T15:27:02.029+0000][6][safepoint    ] Safepoint "Cleanup", Time since last: 1000366705 ns, Reaching safepoint: 700281 ns, At safepoint: 73362 ns, Total: 773643 ns
[2020-08-12T15:27:03.034+0000][6][safepoint    ] Safepoint "Cleanup", Time since last: 1000303168 ns, Reaching safepoint: 4817570 ns, At safepoint: 21500 ns, Total: 4839070 ns
[2020-08-12T15:27:05.020+0000][6][safepoint    ] Safepoint "Cleanup", Time since last: 1984687301 ns, Reaching safepoint: 813581 ns, At safepoint: 44099 ns, Total: 857680 ns
[2020-08-12T15:27:06.021+0000][6][safepoint    ] Safepoint "Cleanup", Time since last: 1000403655 ns, Reaching safepoint: 719319 ns, At safepoint: 47512 ns, Total: 766831 ns
[2020-08-12T15:27:07.022+0000][6][safepoint    ] Safepoint "Cleanup", Time since last: 1000400654 ns, Reaching safepoint: 622532 ns, At safepoint: 54825 ns, Total: 677357 ns
[2020-08-12T15:27:08.113+0000][6][safepoint    ] Safepoint "Cleanup", Time since last: 1090239436 ns, Reaching safepoint: 546308 ns, At safepoint: 70312 ns, Total: 616620 ns
[2020-08-12T15:27:09.122+0000][6][safepoint    ] Safepoint "Cleanup", Time since last: 1008367534 ns, Reaching safepoint: 905404 ns, At safepoint: 46738 ns, Total: 952142 ns
[2020-08-12T15:27:10.123+0000][6][safepoint    ] Safepoint "Cleanup", Time since last: 1000347955 ns, Reaching safepoint: 800018 ns, At safepoint: 43899 ns, Total: 843917 ns
[2020-08-12T15:27:11.124+0000][6][safepoint    ] Safepoint "Cleanup", Time since last: 1000341455 ns, Reaching safepoint: 714182 ns, At safepoint: 43987 ns, Total: 758169 ns
[2020-08-12T15:27:12.126+0000][6][safepoint    ] Safepoint "Cleanup", Time since last: 1000690839 ns, Reaching safepoint: 695969 ns, At safepoint: 37662 ns, Total: 733631 ns
[2020-08-12T15:27:13.127+0000][6][safepoint    ] Safepoint "Cleanup", Time since last: 1000403092 ns, Reaching safepoint: 826518 ns, At safepoint: 36450 ns, Total: 862968 ns
[2020-08-12T15:27:15.021+0000][6][safepoint    ] Safepoint "Cleanup", Time since last: 1893422057 ns, Reaching safepoint: 793693 ns, At safepoint: 46137 ns, Total: 839830 ns
[2020-08-12T15:27:16.022+0000][6][safepoint    ] Safepoint "Cleanup", Time since last: 1000337830 ns, Reaching safepoint: 593833 ns, At safepoint: 43574 ns, Total: 637407 ns
[2020-08-12T15:27:17.023+0000][6][safepoint    ] Safepoint "Cleanup", Time since last: 1000335543 ns, Reaching safepoint: 661144 ns, At safepoint: 57075 ns, Total: 718219 ns
[2020-08-12T15:27:18.168+0000][6][safepoint    ] Safepoint "Cleanup", Time since last: 1143859000 ns, Reaching safepoint: 368809 ns, At safepoint: 33687 ns, Total: 402496 ns
[2020-08-12T15:27:20.022+0000][6][safepoint    ] Safepoint "Cleanup", Time since last: 1853410861 ns, Reaching safepoint: 801655 ns, At safepoint: 43150 ns, Total: 844805 ns
[2020-08-12T15:27:21.023+0000][6][safepoint    ] Safepoint "Cleanup", Time since last: 1000415080 ns, Reaching safepoint: 832730 ns, At safepoint: 44337 ns, Total: 877067 ns
[2020-08-12T15:27:22.024+0000][6][safepoint    ] Safepoint "Cleanup", Time since last: 1000352780 ns, Reaching safepoint: 662082 ns, At safepoint: 53487 ns, Total: 715569 ns
[2020-08-12T15:27:23.025+0000][6][safepoint    ] Safepoint "Cleanup", Time since last: 1000278593 ns, Reaching safepoint: 275185 ns, At safepoint: 11812 ns, Total: 286997 ns
[2020-08-12T15:27:25.022+0000][6][safepoint    ] Safepoint "Cleanup", Time since last: 1996437923 ns, Reaching safepoint: 638019 ns, At safepoint: 53825 ns, Total: 691844 ns
[2020-08-12T15:27:26.023+0000][6][safepoint    ] Safepoint "Cleanup", Time since last: 1000417992 ns, Reaching safepoint: 681031 ns, At safepoint: 34200 ns, Total: 715231 ns
[2020-08-12T15:27:27.024+0000][6][safepoint    ] Safepoint "Cleanup", Time since last: 1000397680 ns, Reaching safepoint: 863017 ns, At safepoint: 49762 ns, Total: 912779 ns
[2020-08-12T15:27:27.238+0000][6][safepoint    ] Safepoint "BulkRevokeBias", Time since last: 206646326 ns, Reaching safepoint: 506595 ns, At safepoint: 6448568 ns, Total: 6955163 ns
[2020-08-12T15:27:28.239+0000][6][safepoint    ] Safepoint "Cleanup", Time since last: 1000277268 ns, Reaching safepoint: 901430 ns, At safepoint: 44199 ns, Total: 945629 ns
[2020-08-12T15:27:29.580+0000][6][safepoint    ] Safepoint "Cleanup", Time since last: 1339707322 ns, Reaching safepoint: 919617 ns, At safepoint: 42549 ns, Total: 962166 ns
[2020-08-12T15:27:30.581+0000][6][safepoint    ] Safepoint "Cleanup", Time since last: 1000661140 ns, Reaching safepoint: 594545 ns, At safepoint: 21675 ns, Total: 616220 ns
[2020-08-12T15:27:31.582+0000][6][safepoint    ] Safepoint "Cleanup", Time since last: 1000270006 ns, Reaching safepoint: 812830 ns, At safepoint: 60124 ns, Total: 872954 ns
[2020-08-12T15:27:32.583+0000][6][safepoint    ] Safepoint "Cleanup", Time since last: 1000348130 ns, Reaching safepoint: 648295 ns, At safepoint: 44499 ns, Total: 692794 ns
[2020-08-12T15:27:33.584+0000][6][safepoint    ] Safepoint "Cleanup", Time since last: 1000319530 ns, Reaching safepoint: 516771 ns, At safepoint: 13075 ns, Total: 529846 ns
[2020-08-12T15:27:35.024+0000][6][safepoint    ] Safepoint "Cleanup", Time since last: 1439013919 ns, Reaching safepoint: 397572 ns, At safepoint: 13137 ns, Total: 410709 ns
[2020-08-12T15:27:36.025+0000][6][safepoint    ] Safepoint "Cleanup", Time since last: 1000228094 ns, Reaching safepoint: 1505699 ns, At safepoint: 51112 ns, Total: 1556811 ns
[2020-08-12T15:27:37.026+0000][6][safepoint    ] Safepoint "Cleanup", Time since last: 1000300930 ns, Reaching safepoint: 639607 ns, At safepoint: 74900 ns, Total: 714507 ns
[2020-08-12T15:27:38.253+0000][6][safepoint    ] Safepoint "Cleanup", Time since last: 1225918601 ns, Reaching safepoint: 426458 ns, At safepoint: 14225 ns, Total: 440683 ns
[2020-08-12T15:27:40.023+0000][6][safepoint    ] Safepoint "Cleanup", Time since last: 1769458990 ns, Reaching safepoint: 576644 ns, At safepoint: 44050 ns, Total: 620694 ns
[2020-08-12T15:27:41.024+0000][6][safepoint    ] Safepoint "Cleanup", Time since last: 1000407530 ns, Reaching safepoint: 553320 ns, At safepoint: 43574 ns, Total: 596894 ns
[2020-08-12T15:27:42.025+0000][6][safepoint    ] Safepoint "Cleanup", Time since last: 1000404467 ns, Reaching safepoint: 583783 ns, At safepoint: 43224 ns, Total: 627007 ns
[2020-08-12T15:27:43.026+0000][6][safepoint    ] Safepoint "Cleanup", Time since last: 1000410967 ns, Reaching safepoint: 502283 ns, At safepoint: 56650 ns, Total: 558933 ns
[2020-08-12T15:27:45.026+0000][6][safepoint    ] Safepoint "Cleanup", Time since last: 1999509958 ns, Reaching safepoint: 793081 ns, At safepoint: 44812 ns, Total: 837893 ns
[2020-08-12T15:27:46.027+0000][6][safepoint    ] Safepoint "Cleanup", Time since last: 1000329105 ns, Reaching safepoint: 612257 ns, At safepoint: 43637 ns, Total: 655894 ns
[2020-08-12T15:27:47.029+0000][6][safepoint    ] Safepoint "Cleanup", Time since last: 1000306406 ns, Reaching safepoint: 1152239 ns, At safepoint: 23563 ns, Total: 1175802 ns
[2020-08-12T15:27:48.233+0000][6][safepoint    ] Safepoint "Cleanup", Time since last: 1203611485 ns, Reaching safepoint: 351747 ns, At safepoint: 19475 ns, Total: 371222 ns
[2020-08-12T15:27:49.233+0000][6][safepoint    ] Safepoint "Cleanup", Time since last: 1000257281 ns, Reaching safepoint: 591670 ns, At safepoint: 44287 ns, Total: 635957 ns
[2020-08-12T15:27:50.235+0000][6][safepoint    ] Safepoint "Cleanup", Time since last: 1000333067 ns, Reaching safepoint: 963829 ns, At safepoint: 54025 ns, Total: 1017854 ns
[2020-08-12T15:27:51.236+0000][6][safepoint    ] Safepoint "Cleanup", Time since last: 1000375230 ns, Reaching safepoint: 825218 ns, At safepoint: 43699 ns, Total: 868917 ns
[2020-08-12T15:27:52.237+0000][6][safepoint    ] Safepoint "Cleanup", Time since last: 1000504641 ns, Reaching safepoint: 708581 ns, At safepoint: 44150 ns, Total: 752731 ns
[2020-08-12T15:27:53.238+0000][6][safepoint    ] Safepoint "Cleanup", Time since last: 1000297931 ns, Reaching safepoint: 437921 ns, At safepoint: 22974 ns, Total: 460895 ns
[2020-08-12T15:27:55.025+0000][6][safepoint    ] Safepoint "Cleanup", Time since last: 1785750246 ns, Reaching safepoint: 692331 ns, At safepoint: 43875 ns, Total: 736206 ns
[2020-08-12T15:27:56.026+0000][6][safepoint    ] Safepoint "Cleanup", Time since last: 1000440579 ns, Reaching safepoint: 770581 ns, At safepoint: 43912 ns, Total: 814493 ns
[2020-08-12T15:27:57.027+0000][6][safepoint    ] Safepoint "Cleanup", Time since last: 1000343618 ns, Reaching safepoint: 459133 ns, At safepoint: 25062 ns, Total: 484195 ns
[2020-08-12T15:27:58.137+0000][6][safepoint    ] Safepoint "Cleanup", Time since last: 1109471517 ns, Reaching safepoint: 391696 ns, At safepoint: 19425 ns, Total: 411121 ns
[2020-08-12T15:28:00.025+0000][6][safepoint    ] Safepoint "Cleanup", Time since last: 1887761620 ns, Reaching safepoint: 676769 ns, At safepoint: 46887 ns, Total: 723656 ns
[2020-08-12T15:28:01.026+0000][6][safepoint    ] Safepoint "Cleanup", Time since last: 1000302781 ns, Reaching safepoint: 713756 ns, At safepoint: 27925 ns, Total: 741681 ns
[2020-08-12T15:28:02.027+0000][6][safepoint    ] Safepoint "Cleanup", Time since last: 1000261868 ns, Reaching safepoint: 667281 ns, At safepoint: 55400 ns, Total: 722681 ns
[2020-08-12T15:28:03.028+0000][6][safepoint    ] Safepoint "Cleanup", Time since last: 1000341505 ns, Reaching safepoint: 1044879 ns, At safepoint: 62511 ns, Total: 1107390 ns
[2020-08-12T15:28:05.026+0000][6][safepoint    ] Safepoint "Cleanup", Time since last: 1996941319 ns, Reaching safepoint: 997666 ns, At safepoint: 44025 ns, Total: 1041691 ns
[2020-08-12T15:28:06.028+0000][6][safepoint    ] Safepoint "Cleanup", Time since last: 1000327892 ns, Reaching safepoint: 1021029 ns, At safepoint: 93437 ns, Total: 1114466 ns
[2020-08-12T15:28:07.029+0000][6][safepoint    ] Safepoint "Cleanup", Time since last: 1000296093 ns, Reaching safepoint: 590444 ns, At safepoint: 25125 ns, Total: 615569 ns
[2020-08-12T15:28:08.146+0000][6][safepoint    ] Safepoint "Cleanup", Time since last: 1116633916 ns, Reaching safepoint: 452833 ns, At safepoint: 26700 ns, Total: 479533 ns
[2020-08-12T15:28:09.147+0000][6][safepoint    ] Safepoint "Cleanup", Time since last: 1000256756 ns, Reaching safepoint: 853343 ns, At safepoint: 44199 ns, Total: 897542 ns
[2020-08-12T15:28:10.148+0000][6][safepoint    ] Safepoint "Cleanup", Time since last: 1000336868 ns, Reaching safepoint: 774905 ns, At safepoint: 46100 ns, Total: 821005 ns
[2020-08-12T15:28:11.150+0000][6][safepoint    ] Safepoint "Cleanup", Time since last: 1000510666 ns, Reaching safepoint: 894755 ns, At safepoint: 67462 ns, Total: 962217 ns
[2020-08-12T15:28:12.151+0000][6][safepoint    ] Safepoint "Cleanup", Time since last: 1000410942 ns, Reaching safepoint: 835842 ns, At safepoint: 44888 ns, Total: 880730 ns
[2020-08-12T15:28:13.152+0000][6][safepoint    ] Safepoint "Cleanup", Time since last: 1000291467 ns, Reaching safepoint: 345060 ns, At safepoint: 17012 ns, Total: 362072 ns
[2020-08-12T15:28:15.028+0000][6][safepoint    ] Safepoint "Cleanup", Time since last: 1875527516 ns, Reaching safepoint: 771980 ns, At safepoint: 47413 ns, Total: 819393 ns
[2020-08-12T15:28:16.029+0000][6][safepoint    ] Safepoint "Cleanup", Time since last: 1000309005 ns, Reaching safepoint: 641707 ns, At safepoint: 46712 ns, Total: 688419 ns
[2020-08-12T15:28:17.030+0000][6][safepoint    ] Safepoint "Cleanup", Time since last: 1000296943 ns, Reaching safepoint: 700631 ns, At safepoint: 28912 ns, Total: 729543 ns
[2020-08-12T15:28:18.193+0000][6][safepoint    ] Safepoint "Cleanup", Time since last: 1162326938 ns, Reaching safepoint: 383059 ns, At safepoint: 18262 ns, Total: 401321 ns
[2020-08-12T15:28:20.030+0000][6][safepoint    ] Safepoint "Cleanup", Time since last: 1836335499 ns, Reaching safepoint: 863967 ns, At safepoint: 47938 ns, Total: 911905 ns
[2020-08-12T15:28:21.031+0000][6][safepoint    ] Safepoint "Cleanup", Time since last: 1000384342 ns, Reaching safepoint: 912829 ns, At safepoint: 44487 ns, Total: 957316 ns
[2020-08-12T15:28:22.033+0000][6][safepoint    ] Safepoint "Cleanup", Time since last: 1000343056 ns, Reaching safepoint: 816742 ns, At safepoint: 44125 ns, Total: 860867 ns
[2020-08-12T15:28:23.033+0000][6][safepoint    ] Safepoint "Cleanup", Time since last: 1000274318 ns, Reaching safepoint: 383734 ns, At safepoint: 12800 ns, Total: 396534 ns
[2020-08-12T15:28:24.034+0000][6][safepoint    ] Safepoint "Cleanup", Time since last: 1000182344 ns, Reaching safepoint: 737506 ns, At safepoint: 31925 ns, Total: 769431 ns
[2020-08-12T15:28:25.373+0000][6][safepoint    ] Safepoint "Cleanup", Time since last: 1337726664 ns, Reaching safepoint: 685356 ns, At safepoint: 28387 ns, Total: 713743 ns
[2020-08-12T15:28:26.374+0000][6][safepoint    ] Safepoint "Cleanup", Time since last: 1000348143 ns, Reaching safepoint: 569320 ns, At safepoint: 43887 ns, Total: 613207 ns
[2020-08-12T15:28:28.154+0000][6][safepoint    ] Safepoint "Cleanup", Time since last: 1780541866 ns, Reaching safepoint: 344960 ns, At safepoint: 18475 ns, Total: 363435 ns
[2020-08-12T15:28:29.597+0000][6][safepoint    ] Safepoint "Cleanup", Time since last: 1441522472 ns, Reaching safepoint: 682231 ns, At safepoint: 38125 ns, Total: 720356 ns
[2020-08-12T15:28:30.598+0000][6][safepoint    ] Safepoint "Cleanup", Time since last: 1000360005 ns, Reaching safepoint: 721081 ns, At safepoint: 38625 ns, Total: 759706 ns
[2020-08-12T15:28:31.599+0000][6][safepoint    ] Safepoint "Cleanup", Time since last: 1000354318 ns, Reaching safepoint: 766380 ns, At safepoint: 44212 ns, Total: 810592 ns
[2020-08-12T15:28:32.600+0000][6][safepoint    ] Safepoint "Cleanup", Time since last: 1000327006 ns, Reaching safepoint: 855280 ns, At safepoint: 43537 ns, Total: 898817 ns
[2020-08-12T15:28:33.601+0000][6][safepoint    ] Safepoint "Cleanup", Time since last: 1000332155 ns, Reaching safepoint: 866542 ns, At safepoint: 43837 ns, Total: 910379 ns
[2020-08-12T15:28:34.031+0000][6][safepoint    ] Safepoint "BulkRevokeBias", Time since last: 426732320 ns, Reaching safepoint: 697056 ns, At safepoint: 2473179 ns, Total: 3170235 ns
[2020-08-12T15:28:35.033+0000][6][safepoint    ] Safepoint "Cleanup", Time since last: 1000398167 ns, Reaching safepoint: 788255 ns, At safepoint: 43812 ns, Total: 832067 ns
[2020-08-12T15:28:36.034+0000][6][safepoint    ] Safepoint "Cleanup", Time since last: 1000344280 ns, Reaching safepoint: 723019 ns, At safepoint: 43262 ns, Total: 766281 ns
[2020-08-12T15:28:37.035+0000][6][safepoint    ] Safepoint "Cleanup", Time since last: 1000367255 ns, Reaching safepoint: 667294 ns, At safepoint: 39275 ns, Total: 706569 ns
[2020-08-12T15:28:38.244+0000][6][safepoint    ] Safepoint "Cleanup", Time since last: 1208191070 ns, Reaching safepoint: 799055 ns, At safepoint: 43812 ns, Total: 842867 ns
[2020-08-12T15:28:40.029+0000][6][safepoint    ] Safepoint "Cleanup", Time since last: 1784754267 ns, Reaching safepoint: 855980 ns, At safepoint: 43862 ns, Total: 899842 ns
[2020-08-12T15:28:41.031+0000][6][safepoint    ] Safepoint "Cleanup", Time since last: 1000354930 ns, Reaching safepoint: 835030 ns, At safepoint: 44000 ns, Total: 879030 ns
[2020-08-12T15:28:42.032+0000][6][safepoint    ] Safepoint "Cleanup", Time since last: 1000384730 ns, Reaching safepoint: 814868 ns, At safepoint: 46349 ns, Total: 861217 ns
[2020-08-12T15:28:43.038+0000][6][safepoint    ] Safepoint "Cleanup", Time since last: 1005025639 ns, Reaching safepoint: 653969 ns, At safepoint: 27550 ns, Total: 681519 ns
[2020-08-12T15:28:45.031+0000][6][safepoint    ] Safepoint "Cleanup", Time since last: 1992444858 ns, Reaching safepoint: 682082 ns, At safepoint: 98424 ns, Total: 780506 ns
[2020-08-12T15:28:46.032+0000][6][safepoint    ] Safepoint "Cleanup", Time since last: 1000341130 ns, Reaching safepoint: 827180 ns, At safepoint: 43837 ns, Total: 871017 ns
[2020-08-12T15:28:47.033+0000][6][safepoint    ] Safepoint "Cleanup", Time since last: 1000290843 ns, Reaching safepoint: 504508 ns, At safepoint: 25787 ns, Total: 530295 ns
[2020-08-12T15:28:48.154+0000][6][safepoint    ] Safepoint "Cleanup", Time since last: 1120501332 ns, Reaching safepoint: 351547 ns, At safepoint: 18550 ns, Total: 370097 ns
[2020-08-12T15:28:49.155+0000][6][safepoint    ] Safepoint "Cleanup", Time since last: 1000263881 ns, Reaching safepoint: 763793 ns, At safepoint: 80212 ns, Total: 844005 ns
[2020-08-12T15:28:50.156+0000][6][safepoint    ] Safepoint "Cleanup", Time since last: 1000385354 ns, Reaching safepoint: 810218 ns, At safepoint: 45662 ns, Total: 855880 ns
[2020-08-12T15:28:51.157+0000][6][safepoint    ] Safepoint "Cleanup", Time since last: 1000337768 ns, Reaching safepoint: 570895 ns, At safepoint: 37937 ns, Total: 608832 ns
[2020-08-12T15:28:52.159+0000][6][safepoint    ] Safepoint "Cleanup", Time since last: 1000816951 ns, Reaching safepoint: 746931 ns, At safepoint: 44437 ns, Total: 791368 ns
[2020-08-12T15:28:53.159+0000][6][safepoint    ] Safepoint "Cleanup", Time since last: 1000362443 ns, Reaching safepoint: 312659 ns, At safepoint: 16400 ns, Total: 329059 ns
[2020-08-12T15:28:55.031+0000][6][safepoint    ] Safepoint "Cleanup", Time since last: 1871357540 ns, Reaching safepoint: 649494 ns, At safepoint: 44662 ns, Total: 694156 ns
[2020-08-12T15:28:56.032+0000][6][safepoint    ] Safepoint "Cleanup", Time since last: 1000309081 ns, Reaching safepoint: 571545 ns, At safepoint: 44637 ns, Total: 616182 ns
[2020-08-12T15:28:57.034+0000][6][safepoint    ] Safepoint "Cleanup", Time since last: 1000361105 ns, Reaching safepoint: 883054 ns, At safepoint: 57412 ns, Total: 940466 ns
[2020-08-12T15:28:58.051+0000][6][safepoint    ] Safepoint "Cleanup", Time since last: 1017154707 ns, Reaching safepoint: 600157 ns, At safepoint: 44462 ns, Total: 644619 ns
[2020-08-12T15:29:00.033+0000][6][safepoint    ] Safepoint "Cleanup", Time since last: 1981068384 ns, Reaching safepoint: 885142 ns, At safepoint: 44812 ns, Total: 929954 ns
[2020-08-12T15:29:01.035+0000][6][safepoint    ] Safepoint "Cleanup", Time since last: 1000347855 ns, Reaching safepoint: 806480 ns, At safepoint: 43513 ns, Total: 849993 ns
[2020-08-12T15:29:02.035+0000][6][safepoint    ] Safepoint "Cleanup", Time since last: 1000325843 ns, Reaching safepoint: 311134 ns, At safepoint: 15425 ns, Total: 326559 ns
[2020-08-12T15:29:03.036+0000][6][safepoint    ] Safepoint "Cleanup", Time since last: 1000181169 ns, Reaching safepoint: 625257 ns, At safepoint: 24562 ns, Total: 649819 ns
[2020-08-12T15:29:05.033+0000][6][safepoint    ] Safepoint "Cleanup", Time since last: 1995892478 ns, Reaching safepoint: 764743 ns, At safepoint: 96374 ns, Total: 861117 ns
[2020-08-12T15:29:06.034+0000][6][safepoint    ] Safepoint "Cleanup", Time since last: 1000345980 ns, Reaching safepoint: 819081 ns, At safepoint: 46037 ns, Total: 865118 ns
[2020-08-12T15:29:07.035+0000][6][safepoint    ] Safepoint "Cleanup", Time since last: 1000310218 ns, Reaching safepoint: 695581 ns, At safepoint: 48000 ns, Total: 743581 ns
[2020-08-12T15:29:08.261+0000][6][safepoint    ] Safepoint "Cleanup", Time since last: 1225390005 ns, Reaching safepoint: 413709 ns, At safepoint: 54887 ns, Total: 468596 ns
[2020-08-12T15:29:09.262+0000][6][safepoint    ] Safepoint "Cleanup", Time since last: 1000330130 ns, Reaching safepoint: 390972 ns, At safepoint: 23437 ns, Total: 414409 ns
[2020-08-12T15:29:10.263+0000][6][safepoint    ] Safepoint "Cleanup", Time since last: 1000292868 ns, Reaching safepoint: 950467 ns, At safepoint: 48874 ns, Total: 999341 ns
[2020-08-12T15:29:11.265+0000][6][safepoint    ] Safepoint "Cleanup", Time since last: 1000981575 ns, Reaching safepoint: 1200214 ns, At safepoint: 59350 ns, Total: 1259564 ns
[2020-08-12T15:29:12.266+0000][6][safepoint    ] Safepoint "Cleanup", Time since last: 1000309493 ns, Reaching safepoint: 623244 ns, At safepoint: 53637 ns, Total: 676881 ns
[2020-08-12T15:29:13.267+0000][6][safepoint    ] Safepoint "Cleanup", Time since last: 1000290818 ns, Reaching safepoint: 488121 ns, At safepoint: 56262 ns, Total: 544383 ns
[2020-08-12T15:29:15.035+0000][6][safepoint    ] Safepoint "Cleanup", Time since last: 1766646439 ns, Reaching safepoint: 904530 ns, At safepoint: 43724 ns, Total: 948254 ns
[2020-08-12T15:29:16.036+0000][6][safepoint    ] Safepoint "Cleanup", Time since last: 1000383068 ns, Reaching safepoint: 829305 ns, At safepoint: 45837 ns, Total: 875142 ns
[2020-08-12T15:29:16.288+0000][6][gc,start     ] GC(29) Pause Young (Normal) (G1 Evacuation Pause)
[2020-08-12T15:29:16.288+0000][6][gc,task      ] GC(29) Using 2 workers of 2 for evacuation
[2020-08-12T15:29:16.288+0000][6][gc,age       ] GC(29) Desired survivor size 40370176 bytes, new threshold 15 (max threshold 15)
[2020-08-12T15:29:16.320+0000][6][gc,age       ] GC(29) Age table with threshold 15 (max threshold 15)
[2020-08-12T15:29:16.320+0000][6][gc,age       ] GC(29) - age   1:     413392 bytes,     413392 total
[2020-08-12T15:29:16.320+0000][6][gc,age       ] GC(29) - age   2:      83544 bytes,     496936 total
[2020-08-12T15:29:16.320+0000][6][gc,age       ] GC(29) - age   3:      91952 bytes,     588888 total
[2020-08-12T15:29:16.320+0000][6][gc,age       ] GC(29) - age   4:      38768 bytes,     627656 total
[2020-08-12T15:29:16.321+0000][6][gc,age       ] GC(29) - age   5:      60864 bytes,     688520 total
[2020-08-12T15:29:16.321+0000][6][gc,age       ] GC(29) - age   6:      81920 bytes,     770440 total
[2020-08-12T15:29:16.321+0000][6][gc,age       ] GC(29) - age   7:      50088 bytes,     820528 total
[2020-08-12T15:29:16.321+0000][6][gc,age       ] GC(29) - age   8:      63360 bytes,     883888 total
[2020-08-12T15:29:16.321+0000][6][gc,age       ] GC(29) - age   9:     360896 bytes,    1244784 total
[2020-08-12T15:29:16.321+0000][6][gc,age       ] GC(29) - age  10:     205520 bytes,    1450304 total
[2020-08-12T15:29:16.321+0000][6][gc,phases    ] GC(29)   Pre Evacuate Collection Set: 0.9ms
[2020-08-12T15:29:16.321+0000][6][gc,phases    ] GC(29)   Merge Heap Roots: 0.7ms
[2020-08-12T15:29:16.321+0000][6][gc,phases    ] GC(29)   Evacuate Collection Set: 23.0ms
[2020-08-12T15:29:16.321+0000][6][gc,phases    ] GC(29)   Post Evacuate Collection Set: 6.5ms
[2020-08-12T15:29:16.322+0000][6][gc,phases    ] GC(29)   Other: 2.1ms
[2020-08-12T15:29:16.322+0000][6][gc,heap      ] GC(29) Eden regions: 612->0(612)
[2020-08-12T15:29:16.322+0000][6][gc,heap      ] GC(29) Survivor regions: 2->2(77)
[2020-08-12T15:29:16.322+0000][6][gc,heap      ] GC(29) Old regions: 77->77
[2020-08-12T15:29:16.322+0000][6][gc,heap      ] GC(29) Archive regions: 2->2
[2020-08-12T15:29:16.322+0000][6][gc,heap      ] GC(29) Humongous regions: 7->7
[2020-08-12T15:29:16.322+0000][6][gc,metaspace ] GC(29) Metaspace: 96798K(104504K)->96798K(104504K) NonClass: 84269K(88888K)->84269K(88888K) Class: 12528K(15616K)->12528K(15616K)
[2020-08-12T15:29:16.322+0000][6][gc           ] GC(29) Pause Young (Normal) (G1 Evacuation Pause) 697M->85M(1024M) 34.254ms
[2020-08-12T15:29:16.322+0000][6][gc,cpu       ] GC(29) User=0.05s Sys=0.00s Real=0.03s
[2020-08-12T15:29:16.323+0000][6][safepoint    ] Safepoint "G1CollectForAllocation", Time since last: 251159670 ns, Reaching safepoint: 701981 ns, At safepoint: 34801493 ns, Total: 35503474 ns
[2020-08-12T15:29:18.223+0000][6][safepoint    ] Safepoint "Cleanup", Time since last: 1900437833 ns, Reaching safepoint: 304334 ns, At safepoint: 11725 ns, Total: 316059 ns
[2020-08-12T15:29:20.034+0000][6][safepoint    ] Safepoint "Cleanup", Time since last: 1810217167 ns, Reaching safepoint: 638357 ns, At safepoint: 44225 ns, Total: 682582 ns
[2020-08-12T15:29:21.035+0000][6][safepoint    ] Safepoint "Cleanup", Time since last: 1000340305 ns, Reaching safepoint: 716956 ns, At safepoint: 47075 ns, Total: 764031 ns
[2020-08-12T15:29:22.036+0000][6][safepoint    ] Safepoint "Cleanup", Time since last: 1000345667 ns, Reaching safepoint: 686982 ns, At safepoint: 45399 ns, Total: 732381 ns
[2020-08-12T15:29:23.038+0000][6][safepoint    ] Safepoint "Cleanup", Time since last: 1000401942 ns, Reaching safepoint: 833968 ns, At safepoint: 50112 ns, Total: 884080 ns
[2020-08-12T15:29:25.035+0000][6][safepoint    ] Safepoint "Cleanup", Time since last: 1996366886 ns, Reaching safepoint: 636532 ns, At safepoint: 55037 ns, Total: 691569 ns
[2020-08-12T15:29:26.036+0000][6][safepoint    ] Safepoint "Cleanup", Time since last: 1000348292 ns, Reaching safepoint: 869518 ns, At safepoint: 50637 ns, Total: 920155 ns
[2020-08-12T15:29:27.038+0000][6][safepoint    ] Safepoint "Cleanup", Time since last: 1000338255 ns, Reaching safepoint: 1320126 ns, At safepoint: 55999 ns, Total: 1376125 ns
[2020-08-12T15:29:28.208+0000][6][safepoint    ] Safepoint "Cleanup", Time since last: 1169324926 ns, Reaching safepoint: 1106553 ns, At safepoint: 21112 ns, Total: 1127665 ns
[2020-08-12T15:29:29.541+0000][6][safepoint    ] Safepoint "Cleanup", Time since last: 1332338011 ns, Reaching safepoint: 808918 ns, At safepoint: 44250 ns, Total: 853168 ns
[2020-08-12T15:29:30.542+0000][6][safepoint    ] Safepoint "Cleanup", Time since last: 1000419454 ns, Reaching safepoint: 577408 ns, At safepoint: 22862 ns, Total: 600270 ns
[2020-08-12T15:29:31.543+0000][6][safepoint    ] Safepoint "Cleanup", Time since last: 1000245593 ns, Reaching safepoint: 653045 ns, At safepoint: 55312 ns, Total: 708357 ns
[2020-08-12T15:29:32.544+0000][6][safepoint    ] Safepoint "Cleanup", Time since last: 1000308405 ns, Reaching safepoint: 461034 ns, At safepoint: 24799 ns, Total: 485833 ns
[2020-08-12T15:29:33.545+0000][6][safepoint    ] Safepoint "Cleanup", Time since last: 1000229869 ns, Reaching safepoint: 502095 ns, At safepoint: 12538 ns, Total: 514633 ns
[2020-08-12T15:29:34.033+0000][6][safepoint    ] Safepoint "BulkRevokeBias", Time since last: 486827389 ns, Reaching safepoint: 381459 ns, At safepoint: 1037216 ns, Total: 1418675 ns
[2020-08-12T15:29:35.035+0000][6][safepoint    ] Safepoint "Cleanup", Time since last: 1000725039 ns, Reaching safepoint: 761569 ns, At safepoint: 43837 ns, Total: 805406 ns
[2020-08-12T15:29:36.036+0000][6][safepoint    ] Safepoint "Cleanup", Time since last: 1000337655 ns, Reaching safepoint: 468221 ns, At safepoint: 25287 ns, Total: 493508 ns
[2020-08-12T15:29:37.037+0000][6][safepoint    ] Safepoint "Cleanup", Time since last: 1000273331 ns, Reaching safepoint: 1057115 ns, At safepoint: 57387 ns, Total: 1114502 ns
[2020-08-12T15:29:38.166+0000][6][safepoint    ] Safepoint "Cleanup", Time since last: 1128815209 ns, Reaching safepoint: 382959 ns, At safepoint: 15987 ns, Total: 398946 ns
[2020-08-12T15:29:40.037+0000][6][safepoint    ] Safepoint "Cleanup", Time since last: 1869558768 ns, Reaching safepoint: 870567 ns, At safepoint: 44238 ns, Total: 914805 ns
[2020-08-12T15:29:41.038+0000][6][safepoint    ] Safepoint "Cleanup", Time since last: 1000397292 ns, Reaching safepoint: 516508 ns, At safepoint: 75449 ns, Total: 591957 ns
[2020-08-12T15:29:42.039+0000][6][safepoint    ] Safepoint "Cleanup", Time since last: 1000325406 ns, Reaching safepoint: 569807 ns, At safepoint: 43575 ns, Total: 613382 ns
[2020-08-12T15:29:43.043+0000][6][safepoint    ] Safepoint "Cleanup", Time since last: 1001422795 ns, Reaching safepoint: 2891612 ns, At safepoint: 27537 ns, Total: 2919149 ns
[2020-08-12T15:29:45.038+0000][6][safepoint    ] Safepoint "Cleanup", Time since last: 1994264404 ns, Reaching safepoint: 773231 ns, At safepoint: 53737 ns, Total: 826968 ns
[2020-08-12T15:29:46.039+0000][6][safepoint    ] Safepoint "Cleanup", Time since last: 1000345756 ns, Reaching safepoint: 758980 ns, At safepoint: 44425 ns, Total: 803405 ns
[2020-08-12T15:29:47.040+0000][6][safepoint    ] Safepoint "Cleanup", Time since last: 1000294968 ns, Reaching safepoint: 634407 ns, At safepoint: 30612 ns, Total: 665019 ns
[2020-08-12T15:29:48.190+0000][6][safepoint    ] Safepoint "Cleanup", Time since last: 1149396589 ns, Reaching safepoint: 541108 ns, At safepoint: 44199 ns, Total: 585307 ns
[2020-08-12T15:29:49.191+0000][6][safepoint    ] Safepoint "Cleanup", Time since last: 1000358368 ns, Reaching safepoint: 543733 ns, At safepoint: 44512 ns, Total: 588245 ns
[2020-08-12T15:29:50.192+0000][6][safepoint    ] Safepoint "Cleanup", Time since last: 1000343030 ns, Reaching safepoint: 687419 ns, At safepoint: 45937 ns, Total: 733356 ns
[2020-08-12T15:29:51.193+0000][6][safepoint    ] Safepoint "Cleanup", Time since last: 1000387055 ns, Reaching safepoint: 859105 ns, At safepoint: 58237 ns, Total: 917342 ns
[2020-08-12T15:29:52.195+0000][6][safepoint    ] Safepoint "Cleanup", Time since last: 1000340630 ns, Reaching safepoint: 833767 ns, At safepoint: 44162 ns, Total: 877929 ns
[2020-08-12T15:29:53.196+0000][6][safepoint    ] Safepoint "Cleanup", Time since last: 1000390755 ns, Reaching safepoint: 586532 ns, At safepoint: 56875 ns, Total: 643407 ns
[2020-08-12T15:29:55.039+0000][6][safepoint    ] Safepoint "Cleanup", Time since last: 1842784554 ns, Reaching safepoint: 725906 ns, At safepoint: 44788 ns, Total: 770694 ns
[2020-08-12T15:29:56.040+0000][6][safepoint    ] Safepoint "Cleanup", Time since last: 1000343805 ns, Reaching safepoint: 701243 ns, At safepoint: 46000 ns, Total: 747243 ns
[2020-08-12T15:29:57.041+0000][6][safepoint    ] Safepoint "Cleanup", Time since last: 1000336255 ns, Reaching safepoint: 617557 ns, At safepoint: 31587 ns, Total: 649144 ns
[2020-08-12T15:29:58.190+0000][6][safepoint    ] Safepoint "Cleanup", Time since last: 1148710496 ns, Reaching safepoint: 371584 ns, At safepoint: 17487 ns, Total: 389071 ns
[2020-08-12T15:30:00.038+0000][6][safepoint    ] Safepoint "Cleanup", Time since last: 1846581321 ns, Reaching safepoint: 604932 ns, At safepoint: 45888 ns, Total: 650820 ns
[2020-08-12T15:30:01.039+0000][6][safepoint    ] Safepoint "Cleanup", Time since last: 1000416129 ns, Reaching safepoint: 606619 ns, At safepoint: 53837 ns, Total: 660456 ns
[2020-08-12T15:30:02.040+0000][6][safepoint    ] Safepoint "Cleanup", Time since last: 1000382830 ns, Reaching safepoint: 516746 ns, At safepoint: 43624 ns, Total: 560370 ns
[2020-08-12T15:30:03.041+0000][6][safepoint    ] Safepoint "Cleanup", Time since last: 1000401667 ns, Reaching safepoint: 422472 ns, At safepoint: 21087 ns, Total: 443559 ns
[2020-08-12T15:30:05.039+0000][6][safepoint    ] Safepoint "Cleanup", Time since last: 1997957372 ns, Reaching safepoint: 782805 ns, At safepoint: 47187 ns, Total: 829992 ns
[2020-08-12T15:30:06.040+0000][6][safepoint    ] Safepoint "Cleanup", Time since last: 1000373380 ns, Reaching safepoint: 633907 ns, At safepoint: 45012 ns, Total: 678919 ns
[2020-08-12T15:30:07.041+0000][6][safepoint    ] Safepoint "Cleanup", Time since last: 1000312206 ns, Reaching safepoint: 511358 ns, At safepoint: 33224 ns, Total: 544582 ns
[2020-08-12T15:30:08.173+0000][6][safepoint    ] Safepoint "Cleanup", Time since last: 1131229112 ns, Reaching safepoint: 833568 ns, At safepoint: 44000 ns, Total: 877568 ns
[2020-08-12T15:30:09.175+0000][6][safepoint    ] Safepoint "Cleanup", Time since last: 1000337067 ns, Reaching safepoint: 839055 ns, At safepoint: 88037 ns, Total: 927092 ns
[2020-08-12T15:30:10.176+0000][6][safepoint    ] Safepoint "Cleanup", Time since last: 1000338955 ns, Reaching safepoint: 766806 ns, At safepoint: 43862 ns, Total: 810668 ns
[2020-08-12T15:30:11.177+0000][6][safepoint    ] Safepoint "Cleanup", Time since last: 1000392205 ns, Reaching safepoint: 808018 ns, At safepoint: 46249 ns, Total: 854267 ns
[2020-08-12T15:30:12.178+0000][6][safepoint    ] Safepoint "Cleanup", Time since last: 1000336030 ns, Reaching safepoint: 858755 ns, At safepoint: 43712 ns, Total: 902467 ns
[2020-08-12T15:30:13.179+0000][6][safepoint    ] Safepoint "Cleanup", Time since last: 1000286656 ns, Reaching safepoint: 341935 ns, At safepoint: 31887 ns, Total: 373822 ns
[2020-08-12T15:30:15.041+0000][6][safepoint    ] Safepoint "Cleanup", Time since last: 1860871857 ns, Reaching safepoint: 897592 ns, At safepoint: 43750 ns, Total: 941342 ns
[2020-08-12T15:30:16.042+0000][6][safepoint    ] Safepoint "Cleanup", Time since last: 1000366617 ns, Reaching safepoint: 764444 ns, At safepoint: 93111 ns, Total: 857555 ns
[2020-08-12T15:30:17.043+0000][6][safepoint    ] Safepoint "Cleanup", Time since last: 1000314305 ns, Reaching safepoint: 664120 ns, At safepoint: 42624 ns, Total: 706744 ns
[2020-08-12T15:30:18.218+0000][6][safepoint    ] Safepoint "Cleanup", Time since last: 1174739741 ns, Reaching safepoint: 410658 ns, At safepoint: 42425 ns, Total: 453083 ns
[2020-08-12T15:30:20.042+0000][6][safepoint    ] Safepoint "Cleanup", Time since last: 1822932780 ns, Reaching safepoint: 860580 ns, At safepoint: 47649 ns, Total: 908229 ns
[2020-08-12T15:30:21.043+0000][6][safepoint    ] Safepoint "Cleanup", Time since last: 1000289281 ns, Reaching safepoint: 261797 ns, At safepoint: 10988 ns, Total: 272785 ns
[2020-08-12T15:30:22.043+0000][6][safepoint    ] Safepoint "Cleanup", Time since last: 1000183157 ns, Reaching safepoint: 398183 ns, At safepoint: 20338 ns, Total: 418521 ns
[2020-08-12T15:30:23.045+0000][6][safepoint    ] Safepoint "Cleanup", Time since last: 1000923187 ns, Reaching safepoint: 600320 ns, At safepoint: 27500 ns, Total: 627820 ns
[2020-08-12T15:30:25.041+0000][6][safepoint    ] Safepoint "Cleanup", Time since last: 1995846440 ns, Reaching safepoint: 663769 ns, At safepoint: 52850 ns, Total: 716619 ns
[2020-08-12T15:30:26.042+0000][6][safepoint    ] Safepoint "Cleanup", Time since last: 1000314518 ns, Reaching safepoint: 552707 ns, At safepoint: 33613 ns, Total: 586320 ns
[2020-08-12T15:30:27.044+0000][6][safepoint    ] Safepoint "Cleanup", Time since last: 1001429170 ns, Reaching safepoint: 679069 ns, At safepoint: 33912 ns, Total: 712981 ns
[2020-08-12T15:30:28.189+0000][6][safepoint    ] Safepoint "Cleanup", Time since last: 1144379546 ns, Reaching safepoint: 348797 ns, At safepoint: 55100 ns, Total: 403897 ns
[2020-08-12T15:30:29.497+0000][6][safepoint    ] Safepoint "Cleanup", Time since last: 1306828149 ns, Reaching safepoint: 615769 ns, At safepoint: 55500 ns, Total: 671269 ns
[2020-08-12T15:30:30.498+0000][6][safepoint    ] Safepoint "Cleanup", Time since last: 1000353392 ns, Reaching safepoint: 577620 ns, At safepoint: 29162 ns, Total: 606782 ns
[2020-08-12T15:30:31.498+0000][6][safepoint    ] Safepoint "Cleanup", Time since last: 1000221519 ns, Reaching safepoint: 607545 ns, At safepoint: 30049 ns, Total: 637594 ns
[2020-08-12T15:30:32.500+0000][6][safepoint    ] Safepoint "Cleanup", Time since last: 1000287006 ns, Reaching safepoint: 848918 ns, At safepoint: 43474 ns, Total: 892392 ns
[2020-08-12T15:30:34.042+0000][6][safepoint    ] Safepoint "Cleanup", Time since last: 1541459028 ns, Reaching safepoint: 724168 ns, At safepoint: 45362 ns, Total: 769530 ns
[2020-08-12T15:30:35.044+0000][6][safepoint    ] Safepoint "Cleanup", Time since last: 1001374459 ns, Reaching safepoint: 900267 ns, At safepoint: 44324 ns, Total: 944591 ns
[2020-08-12T15:30:36.045+0000][6][safepoint    ] Safepoint "Cleanup", Time since last: 1000349180 ns, Reaching safepoint: 794643 ns, At safepoint: 58550 ns, Total: 853193 ns
[2020-08-12T15:30:37.046+0000][6][safepoint    ] Safepoint "Cleanup", Time since last: 1000303831 ns, Reaching safepoint: 650044 ns, At safepoint: 48312 ns, Total: 698356 ns
[2020-08-12T15:30:38.244+0000][6][safepoint    ] Safepoint "Cleanup", Time since last: 1196971969 ns, Reaching safepoint: 419684 ns, At safepoint: 20812 ns, Total: 440496 ns
[2020-08-12T15:30:39.047+0000][6][safepoint    ] Safepoint "BulkRevokeBias", Time since last: 800019761 ns, Reaching safepoint: 631982 ns, At safepoint: 2673714 ns, Total: 3305696 ns
[2020-08-12T15:30:40.052+0000][6][safepoint    ] Safepoint "Cleanup", Time since last: 1004216821 ns, Reaching safepoint: 518508 ns, At safepoint: 44125 ns, Total: 562633 ns
[2020-08-12T15:30:41.053+0000][6][safepoint    ] Safepoint "Cleanup", Time since last: 1000390142 ns, Reaching safepoint: 756593 ns, At safepoint: 58075 ns, Total: 814668 ns
[2020-08-12T15:30:42.054+0000][6][safepoint    ] Safepoint "Cleanup", Time since last: 1000341055 ns, Reaching safepoint: 654506 ns, At safepoint: 52162 ns, Total: 706668 ns
[2020-08-12T15:30:43.055+0000][6][safepoint    ] Safepoint "Cleanup", Time since last: 1000346306 ns, Reaching safepoint: 629657 ns, At safepoint: 55862 ns, Total: 685519 ns
[2020-08-12T15:30:45.058+0000][6][safepoint    ] Safepoint "Cleanup", Time since last: 1993838720 ns, Reaching safepoint: 8650824 ns, At safepoint: 52399 ns, Total: 8703223 ns
[2020-08-12T15:30:46.059+0000][6][safepoint    ] Safepoint "Cleanup", Time since last: 1000364793 ns, Reaching safepoint: 565095 ns, At safepoint: 44112 ns, Total: 609207 ns
[2020-08-12T15:30:47.059+0000][6][safepoint    ] Safepoint "Cleanup", Time since last: 1000300655 ns, Reaching safepoint: 454359 ns, At safepoint: 30387 ns, Total: 484746 ns
[2020-08-12T15:30:48.197+0000][6][safepoint    ] Safepoint "Cleanup", Time since last: 1137253259 ns, Reaching safepoint: 499496 ns, At safepoint: 34074 ns, Total: 533570 ns
[2020-08-12T15:30:49.198+0000][6][safepoint    ] Safepoint "Cleanup", Time since last: 1000310418 ns, Reaching safepoint: 487721 ns, At safepoint: 29650 ns, Total: 517371 ns
[2020-08-12T15:30:50.199+0000][6][safepoint    ] Safepoint "Cleanup", Time since last: 1000281381 ns, Reaching safepoint: 1006466 ns, At safepoint: 43512 ns, Total: 1049978 ns
[2020-08-12T15:30:51.201+0000][6][safepoint    ] Safepoint "Cleanup", Time since last: 1000371105 ns, Reaching safepoint: 813855 ns, At safepoint: 44287 ns, Total: 858142 ns
[2020-08-12T15:30:52.202+0000][6][safepoint    ] Safepoint "Cleanup", Time since last: 1000393054 ns, Reaching safepoint: 761256 ns, At safepoint: 43812 ns, Total: 805068 ns
[2020-08-12T15:30:53.202+0000][6][safepoint    ] Safepoint "Cleanup", Time since last: 1000389967 ns, Reaching safepoint: 248373 ns, At safepoint: 11513 ns, Total: 259886 ns
[2020-08-12T15:30:55.045+0000][6][safepoint    ] Safepoint "Cleanup", Time since last: 1841310405 ns, Reaching safepoint: 869342 ns, At safepoint: 43512 ns, Total: 912854 ns
[2020-08-12T15:30:56.046+0000][6][safepoint    ] Safepoint "Cleanup", Time since last: 1000431167 ns, Reaching safepoint: 591432 ns, At safepoint: 45037 ns, Total: 636469 ns
[2020-08-12T15:30:57.047+0000][6][safepoint    ] Safepoint "Cleanup", Time since last: 1000404330 ns, Reaching safepoint: 686631 ns, At safepoint: 52887 ns, Total: 739518 ns
[2020-08-12T15:30:58.175+0000][6][safepoint    ] Safepoint "Cleanup", Time since last: 1127598465 ns, Reaching safepoint: 248610 ns, At safepoint: 11513 ns, Total: 260123 ns
[2020-08-12T15:31:00.044+0000][6][safepoint    ] Safepoint "Cleanup", Time since last: 1868539723 ns, Reaching safepoint: 669358 ns, At safepoint: 57249 ns, Total: 726607 ns
[2020-08-12T15:31:01.045+0000][6][safepoint    ] Safepoint "Cleanup", Time since last: 1000361417 ns, Reaching safepoint: 1072117 ns, At safepoint: 46537 ns, Total: 1118654 ns
[2020-08-12T15:31:02.047+0000][6][safepoint    ] Safepoint "Cleanup", Time since last: 1000345879 ns, Reaching safepoint: 643195 ns, At safepoint: 45538 ns, Total: 688733 ns
[2020-08-12T15:31:03.048+0000][6][safepoint    ] Safepoint "Cleanup", Time since last: 1000371866 ns, Reaching safepoint: 1072055 ns, At safepoint: 34712 ns, Total: 1106767 ns
[2020-08-12T15:31:05.046+0000][6][safepoint    ] Safepoint "Cleanup", Time since last: 1997161681 ns, Reaching safepoint: 597434 ns, At safepoint: 46287 ns, Total: 643721 ns
[2020-08-12T15:31:06.047+0000][6][safepoint    ] Safepoint "Cleanup", Time since last: 1000499753 ns, Reaching safepoint: 925368 ns, At safepoint: 43325 ns, Total: 968693 ns
[2020-08-12T15:31:07.049+0000][6][safepoint    ] Safepoint "Cleanup", Time since last: 1000353204 ns, Reaching safepoint: 1000855 ns, At safepoint: 56400 ns, Total: 1057255 ns
[2020-08-12T15:31:07.177+0000][6][safepoint    ] Safepoint "BulkRevokeBias", Time since last: 126314162 ns, Reaching safepoint: 484459 ns, At safepoint: 1433790 ns, Total: 1918249 ns
[2020-08-12T15:31:08.178+0000][6][safepoint    ] Safepoint "Cleanup", Time since last: 1000297679 ns, Reaching safepoint: 1103868 ns, At safepoint: 55199 ns, Total: 1159067 ns
[2020-08-12T15:31:09.179+0000][6][safepoint    ] Safepoint "Cleanup", Time since last: 1000276280 ns, Reaching safepoint: 254423 ns, At safepoint: 11025 ns, Total: 265448 ns
[2020-08-12T15:31:10.180+0000][6][safepoint    ] Safepoint "Cleanup", Time since last: 1000220705 ns, Reaching safepoint: 808744 ns, At safepoint: 44350 ns, Total: 853094 ns
[2020-08-12T15:31:11.181+0000][6][safepoint    ] Safepoint "Cleanup", Time since last: 1000350228 ns, Reaching safepoint: 797145 ns, At safepoint: 56237 ns, Total: 853382 ns
[2020-08-12T15:31:12.182+0000][6][safepoint    ] Safepoint "Cleanup", Time since last: 1000298741 ns, Reaching safepoint: 448747 ns, At safepoint: 23275 ns, Total: 472022 ns
[2020-08-12T15:31:13.183+0000][6][safepoint    ] Safepoint "Cleanup", Time since last: 1000267304 ns, Reaching safepoint: 516522 ns, At safepoint: 44599 ns, Total: 561121 ns
[2020-08-12T15:31:15.044+0000][6][safepoint    ] Safepoint "Cleanup", Time since last: 1860539190 ns, Reaching safepoint: 442597 ns, At safepoint: 31300 ns, Total: 473897 ns
[2020-08-12T15:31:16.045+0000][6][safepoint    ] Safepoint "Cleanup", Time since last: 1000352991 ns, Reaching safepoint: 414310 ns, At safepoint: 18049 ns, Total: 432359 ns
[2020-08-12T15:31:17.045+0000][6][safepoint    ] Safepoint "Cleanup", Time since last: 1000226155 ns, Reaching safepoint: 516709 ns, At safepoint: 27612 ns, Total: 544321 ns
[2020-08-12T15:31:18.228+0000][6][safepoint    ] Safepoint "Cleanup", Time since last: 1182584222 ns, Reaching safepoint: 445872 ns, At safepoint: 44012 ns, Total: 489884 ns
[2020-08-12T15:31:20.046+0000][6][safepoint    ] Safepoint "Cleanup", Time since last: 1817067986 ns, Reaching safepoint: 764058 ns, At safepoint: 44412 ns, Total: 808470 ns
[2020-08-12T15:31:21.047+0000][6][safepoint    ] Safepoint "Cleanup", Time since last: 1000319816 ns, Reaching safepoint: 644858 ns, At safepoint: 43950 ns, Total: 688808 ns
[2020-08-12T15:31:22.048+0000][6][safepoint    ] Safepoint "Cleanup", Time since last: 1000341141 ns, Reaching safepoint: 567809 ns, At safepoint: 43862 ns, Total: 611671 ns
[2020-08-12T15:31:23.050+0000][6][safepoint    ] Safepoint "Cleanup", Time since last: 1000327679 ns, Reaching safepoint: 892069 ns, At safepoint: 30225 ns, Total: 922294 ns
[2020-08-12T15:31:25.047+0000][6][safepoint    ] Safepoint "Cleanup", Time since last: 1996936745 ns, Reaching safepoint: 925394 ns, At safepoint: 43749 ns, Total: 969143 ns
[2020-08-12T15:31:26.048+0000][6][safepoint    ] Safepoint "Cleanup", Time since last: 1000317342 ns, Reaching safepoint: 563008 ns, At safepoint: 55425 ns, Total: 618433 ns
[2020-08-12T15:31:27.050+0000][6][safepoint    ] Safepoint "Cleanup", Time since last: 1000343729 ns, Reaching safepoint: 1003180 ns, At safepoint: 71212 ns, Total: 1074392 ns
[2020-08-12T15:31:28.212+0000][6][safepoint    ] Safepoint "Cleanup", Time since last: 1161702977 ns, Reaching safepoint: 473946 ns, At safepoint: 44950 ns, Total: 518896 ns
[2020-08-12T15:31:29.589+0000][6][safepoint    ] Safepoint "Cleanup", Time since last: 1376640221 ns, Reaching safepoint: 615720 ns, At safepoint: 46438 ns, Total: 662158 ns
[2020-08-12T15:31:30.591+0000][6][safepoint    ] Safepoint "Cleanup", Time since last: 1000350678 ns, Reaching safepoint: 1092980 ns, At safepoint: 62012 ns, Total: 1154992 ns
[2020-08-12T15:31:31.592+0000][6][safepoint    ] Safepoint "Cleanup", Time since last: 1000400366 ns, Reaching safepoint: 807857 ns, At safepoint: 44812 ns, Total: 852669 ns
[2020-08-12T15:31:32.593+0000][6][safepoint    ] Safepoint "Cleanup", Time since last: 1000346492 ns, Reaching safepoint: 652145 ns, At safepoint: 46000 ns, Total: 698145 ns
[2020-08-12T15:31:33.594+0000][6][safepoint    ] Safepoint "Cleanup", Time since last: 1000300004 ns, Reaching safepoint: 309560 ns, At safepoint: 20800 ns, Total: 330360 ns
[2020-08-12T15:31:35.058+0000][6][safepoint    ] Safepoint "Cleanup", Time since last: 1463415578 ns, Reaching safepoint: 846756 ns, At safepoint: 48062 ns, Total: 894818 ns
[2020-08-12T15:31:36.059+0000][6][safepoint    ] Safepoint "Cleanup", Time since last: 1000321380 ns, Reaching safepoint: 592721 ns, At safepoint: 53862 ns, Total: 646583 ns
[2020-08-12T15:31:37.060+0000][6][safepoint    ] Safepoint "Cleanup", Time since last: 1000309141 ns, Reaching safepoint: 585058 ns, At safepoint: 34750 ns, Total: 619808 ns
[2020-08-12T15:31:38.286+0000][6][safepoint    ] Safepoint "Cleanup", Time since last: 1225537015 ns, Reaching safepoint: 300048 ns, At safepoint: 18738 ns, Total: 318786 ns
[2020-08-12T15:31:40.049+0000][6][safepoint    ] Safepoint "Cleanup", Time since last: 1762181261 ns, Reaching safepoint: 520959 ns, At safepoint: 52837 ns, Total: 573796 ns
[2020-08-12T15:31:41.050+0000][6][safepoint    ] Safepoint "Cleanup", Time since last: 1000380454 ns, Reaching safepoint: 807557 ns, At safepoint: 43787 ns, Total: 851344 ns
[2020-08-12T15:31:42.051+0000][6][safepoint    ] Safepoint "Cleanup", Time since last: 1000403328 ns, Reaching safepoint: 801507 ns, At safepoint: 43600 ns, Total: 845107 ns
[2020-08-12T15:31:43.052+0000][6][safepoint    ] Safepoint "Cleanup", Time since last: 1000336141 ns, Reaching safepoint: 930356 ns, At safepoint: 48438 ns, Total: 978794 ns
[2020-08-12T15:31:45.050+0000][6][safepoint    ] Safepoint "Cleanup", Time since last: 1996886095 ns, Reaching safepoint: 824270 ns, At safepoint: 44762 ns, Total: 869032 ns
[2020-08-12T15:31:46.051+0000][6][safepoint    ] Safepoint "Cleanup", Time since last: 1000393341 ns, Reaching safepoint: 810982 ns, At safepoint: 44074 ns, Total: 855056 ns
[2020-08-12T15:31:47.052+0000][6][safepoint    ] Safepoint "Cleanup", Time since last: 1000293567 ns, Reaching safepoint: 593558 ns, At safepoint: 25475 ns, Total: 619033 ns
[2020-08-12T15:31:48.201+0000][6][safepoint    ] Safepoint "Cleanup", Time since last: 1147979333 ns, Reaching safepoint: 684895 ns, At safepoint: 28337 ns, Total: 713232 ns
[2020-08-12T15:31:49.202+0000][6][safepoint    ] Safepoint "Cleanup", Time since last: 1000233093 ns, Reaching safepoint: 374597 ns, At safepoint: 30337 ns, Total: 404934 ns
[2020-08-12T15:31:50.203+0000][6][safepoint    ] Safepoint "Cleanup", Time since last: 1000337754 ns, Reaching safepoint: 888381 ns, At safepoint: 84687 ns, Total: 973068 ns
[2020-08-12T15:31:51.204+0000][6][safepoint    ] Safepoint "Cleanup", Time since last: 1000327879 ns, Reaching safepoint: 858007 ns, At safepoint: 44324 ns, Total: 902331 ns
[2020-08-12T15:31:52.205+0000][6][safepoint    ] Safepoint "Cleanup", Time since last: 1000339879 ns, Reaching safepoint: 734795 ns, At safepoint: 66300 ns, Total: 801095 ns
[2020-08-12T15:31:53.206+0000][6][safepoint    ] Safepoint "Cleanup", Time since last: 1000281154 ns, Reaching safepoint: 382010 ns, At safepoint: 46924 ns, Total: 428934 ns
[2020-08-12T15:31:55.052+0000][6][safepoint    ] Safepoint "Cleanup", Time since last: 1844922147 ns, Reaching safepoint: 611920 ns, At safepoint: 45700 ns, Total: 657620 ns
[2020-08-12T15:31:56.053+0000][6][safepoint    ] Safepoint "Cleanup", Time since last: 1000396816 ns, Reaching safepoint: 788970 ns, At safepoint: 43262 ns, Total: 832232 ns
[2020-08-12T15:31:57.054+0000][6][safepoint    ] Safepoint "Cleanup", Time since last: 1000391941 ns, Reaching safepoint: 931718 ns, At safepoint: 55887 ns, Total: 987605 ns
[2020-08-12T15:31:58.193+0000][6][safepoint    ] Safepoint "Cleanup", Time since last: 1137937902 ns, Reaching safepoint: 637545 ns, At safepoint: 22688 ns, Total: 660233 ns
[2020-08-12T15:32:00.050+0000][6][safepoint    ] Safepoint "Cleanup", Time since last: 1856555504 ns, Reaching safepoint: 639846 ns, At safepoint: 44187 ns, Total: 684033 ns
[2020-08-12T15:32:01.051+0000][6][safepoint    ] Safepoint "Cleanup", Time since last: 1000350328 ns, Reaching safepoint: 838570 ns, At safepoint: 43649 ns, Total: 882219 ns
[2020-08-12T15:32:02.052+0000][6][safepoint    ] Safepoint "Cleanup", Time since last: 1000345967 ns, Reaching safepoint: 690907 ns, At safepoint: 43325 ns, Total: 734232 ns
[2020-08-12T15:32:03.053+0000][6][safepoint    ] Safepoint "Cleanup", Time since last: 1000299104 ns, Reaching safepoint: 484684 ns, At safepoint: 25250 ns, Total: 509934 ns
[2020-08-12T15:32:04.055+0000][6][safepoint    ] Safepoint "BulkRevokeBias", Time since last: 996192520 ns, Reaching safepoint: 3382589 ns, At safepoint: 2692719 ns, Total: 6075308 ns
[2020-08-12T15:32:05.061+0000][6][safepoint    ] Safepoint "Cleanup", Time since last: 1005068284 ns, Reaching safepoint: 669920 ns, At safepoint: 44475 ns, Total: 714395 ns
[2020-08-12T15:32:06.062+0000][6][safepoint    ] Safepoint "Cleanup", Time since last: 1000309216 ns, Reaching safepoint: 585371 ns, At safepoint: 56900 ns, Total: 642271 ns
[2020-08-12T15:32:07.063+0000][6][safepoint    ] Safepoint "Cleanup", Time since last: 1000316591 ns, Reaching safepoint: 727183 ns, At safepoint: 43312 ns, Total: 770495 ns
[2020-08-12T15:32:08.284+0000][6][safepoint    ] Safepoint "Cleanup", Time since last: 1219670156 ns, Reaching safepoint: 1046142 ns, At safepoint: 45425 ns, Total: 1091567 ns
[2020-08-12T15:32:09.285+0000][6][safepoint    ] Safepoint "Cleanup", Time since last: 1000309992 ns, Reaching safepoint: 595645 ns, At safepoint: 32600 ns, Total: 628245 ns
[2020-08-12T15:32:10.286+0000][6][safepoint    ] Safepoint "Cleanup", Time since last: 1000303104 ns, Reaching safepoint: 929844 ns, At safepoint: 43962 ns, Total: 973806 ns
[2020-08-12T15:32:11.287+0000][6][safepoint    ] Safepoint "Cleanup", Time since last: 1000358404 ns, Reaching safepoint: 535308 ns, At safepoint: 30938 ns, Total: 566246 ns
[2020-08-12T15:32:12.288+0000][6][safepoint    ] Safepoint "Cleanup", Time since last: 1000282791 ns, Reaching safepoint: 584071 ns, At safepoint: 57600 ns, Total: 641671 ns
[2020-08-12T15:32:13.289+0000][6][safepoint    ] Safepoint "Cleanup", Time since last: 1000385791 ns, Reaching safepoint: 707907 ns, At safepoint: 44288 ns, Total: 752195 ns
[2020-08-12T15:32:15.053+0000][6][safepoint    ] Safepoint "Cleanup", Time since last: 1763093218 ns, Reaching safepoint: 831694 ns, At safepoint: 46187 ns, Total: 877881 ns
[2020-08-12T15:32:16.054+0000][6][safepoint    ] Safepoint "Cleanup", Time since last: 1000370004 ns, Reaching safepoint: 545984 ns, At safepoint: 43699 ns, Total: 589683 ns
[2020-08-12T15:32:17.055+0000][6][safepoint    ] Safepoint "Cleanup", Time since last: 1000296504 ns, Reaching safepoint: 619458 ns, At safepoint: 28275 ns, Total: 647733 ns
[2020-08-12T15:32:18.183+0000][6][safepoint    ] Safepoint "Cleanup", Time since last: 1126768128 ns, Reaching safepoint: 813794 ns, At safepoint: 41987 ns, Total: 855781 ns
[2020-08-12T15:32:20.056+0000][6][safepoint    ] Safepoint "Cleanup", Time since last: 1872717119 ns, Reaching safepoint: 835770 ns, At safepoint: 46812 ns, Total: 882582 ns
[2020-08-12T15:32:21.057+0000][6][safepoint    ] Safepoint "Cleanup", Time since last: 1000332854 ns, Reaching safepoint: 547433 ns, At safepoint: 43900 ns, Total: 591333 ns
[2020-08-12T15:32:22.058+0000][6][safepoint    ] Safepoint "Cleanup", Time since last: 1000345429 ns, Reaching safepoint: 653608 ns, At safepoint: 51912 ns, Total: 705520 ns
[2020-08-12T15:32:23.059+0000][6][safepoint    ] Safepoint "Cleanup", Time since last: 1000292016 ns, Reaching safepoint: 684783 ns, At safepoint: 29238 ns, Total: 714021 ns
[2020-08-12T15:32:25.054+0000][6][safepoint    ] Safepoint "Cleanup", Time since last: 1993895791 ns, Reaching safepoint: 802257 ns, At safepoint: 47387 ns, Total: 849644 ns
[2020-08-12T15:32:26.055+0000][6][safepoint    ] Safepoint "Cleanup", Time since last: 1000318291 ns, Reaching safepoint: 641283 ns, At safepoint: 33825 ns, Total: 675108 ns
[2020-08-12T15:32:27.056+0000][6][safepoint    ] Safepoint "Cleanup", Time since last: 1000257455 ns, Reaching safepoint: 691745 ns, At safepoint: 33250 ns, Total: 724995 ns
[2020-08-12T15:32:28.222+0000][6][safepoint    ] Safepoint "Cleanup", Time since last: 1165307214 ns, Reaching safepoint: 826757 ns, At safepoint: 50262 ns, Total: 877019 ns
[2020-08-12T15:32:29.431+0000][6][safepoint    ] Safepoint "Cleanup", Time since last: 1208052147 ns, Reaching safepoint: 606771 ns, At safepoint: 149061 ns, Total: 755832 ns
[2020-08-12T15:32:30.432+0000][6][safepoint    ] Safepoint "Cleanup", Time since last: 1000302717 ns, Reaching safepoint: 848331 ns, At safepoint: 75575 ns, Total: 923906 ns
[2020-08-12T15:32:31.433+0000][6][safepoint    ] Safepoint "Cleanup", Time since last: 1000344566 ns, Reaching safepoint: 681533 ns, At safepoint: 46112 ns, Total: 727645 ns
[2020-08-12T15:32:32.435+0000][6][safepoint    ] Safepoint "Cleanup", Time since last: 1000345541 ns, Reaching safepoint: 864032 ns, At safepoint: 43262 ns, Total: 907294 ns
[2020-08-12T15:32:33.436+0000][6][safepoint    ] Safepoint "Cleanup", Time since last: 1000396891 ns, Reaching safepoint: 793520 ns, At safepoint: 43512 ns, Total: 837032 ns
[2020-08-12T15:32:35.166+0000][6][safepoint    ] Safepoint "Cleanup", Time since last: 1728909401 ns, Reaching safepoint: 824220 ns, At safepoint: 44887 ns, Total: 869107 ns
[2020-08-12T15:32:36.167+0000][6][safepoint    ] Safepoint "Cleanup", Time since last: 1000418965 ns, Reaching safepoint: 835020 ns, At safepoint: 45462 ns, Total: 880482 ns
[2020-08-12T15:32:37.168+0000][6][safepoint    ] Safepoint "Cleanup", Time since last: 1000394341 ns, Reaching safepoint: 845994 ns, At safepoint: 57187 ns, Total: 903181 ns
[2020-08-12T15:32:38.206+0000][6][safepoint    ] Safepoint "Cleanup", Time since last: 1036452457 ns, Reaching safepoint: 1099218 ns, At safepoint: 57949 ns, Total: 1157167 ns
[2020-08-12T15:32:40.055+0000][6][safepoint    ] Safepoint "Cleanup", Time since last: 1848996106 ns, Reaching safepoint: 662208 ns, At safepoint: 54487 ns, Total: 716695 ns
[2020-08-12T15:32:41.056+0000][6][safepoint    ] Safepoint "Cleanup", Time since last: 1000349967 ns, Reaching safepoint: 596346 ns, At safepoint: 43487 ns, Total: 639833 ns
[2020-08-12T15:32:42.057+0000][6][safepoint    ] Safepoint "Cleanup", Time since last: 1000338691 ns, Reaching safepoint: 632883 ns, At safepoint: 43550 ns, Total: 676433 ns
[2020-08-12T15:32:43.058+0000][6][safepoint    ] Safepoint "Cleanup", Time since last: 1000329216 ns, Reaching safepoint: 501159 ns, At safepoint: 58062 ns, Total: 559221 ns
[2020-08-12T15:32:44.060+0000][6][safepoint    ] Safepoint "BulkRevokeBias", Time since last: 997935658 ns, Reaching safepoint: 919894 ns, At safepoint: 2506095 ns, Total: 3425989 ns
[2020-08-12T15:32:45.061+0000][6][safepoint    ] Safepoint "Cleanup", Time since last: 1000490765 ns, Reaching safepoint: 592434 ns, At safepoint: 96199 ns, Total: 688633 ns
[2020-08-12T15:32:46.062+0000][6][safepoint    ] Safepoint "Cleanup", Time since last: 1000302391 ns, Reaching safepoint: 436860 ns, At safepoint: 56237 ns, Total: 493097 ns
[2020-08-12T15:32:47.063+0000][6][safepoint    ] Safepoint "Cleanup", Time since last: 1000786013 ns, Reaching safepoint: 638871 ns, At safepoint: 54099 ns, Total: 692970 ns
[2020-08-12T15:32:48.199+0000][6][safepoint    ] Safepoint "Cleanup", Time since last: 1133011448 ns, Reaching safepoint: 2430346 ns, At safepoint: 43449 ns, Total: 2473795 ns
[2020-08-12T15:32:49.200+0000][6][safepoint    ] Safepoint "Cleanup", Time since last: 1000288817 ns, Reaching safepoint: 782882 ns, At safepoint: 43900 ns, Total: 826782 ns
[2020-08-12T15:32:50.201+0000][6][safepoint    ] Safepoint "Cleanup", Time since last: 1000395603 ns, Reaching safepoint: 947494 ns, At safepoint: 43612 ns, Total: 991106 ns
[2020-08-12T15:32:51.202+0000][6][safepoint    ] Safepoint "Cleanup", Time since last: 1000356441 ns, Reaching safepoint: 855982 ns, At safepoint: 43574 ns, Total: 899556 ns
[2020-08-12T15:32:52.204+0000][6][safepoint    ] Safepoint "Cleanup", Time since last: 1000340767 ns, Reaching safepoint: 840119 ns, At safepoint: 43637 ns, Total: 883756 ns
[2020-08-12T15:32:53.204+0000][6][safepoint    ] Safepoint "Cleanup", Time since last: 1000302291 ns, Reaching safepoint: 459072 ns, At safepoint: 23688 ns, Total: 482760 ns
[2020-08-12T15:32:55.058+0000][6][safepoint    ] Safepoint "Cleanup", Time since last: 1852791779 ns, Reaching safepoint: 863420 ns, At safepoint: 56374 ns, Total: 919794 ns
[2020-08-12T15:32:56.059+0000][6][safepoint    ] Safepoint "Cleanup", Time since last: 1000303617 ns, Reaching safepoint: 377172 ns, At safepoint: 22075 ns, Total: 399247 ns
[2020-08-12T15:32:57.060+0000][6][safepoint    ] Safepoint "Cleanup", Time since last: 1000254742 ns, Reaching safepoint: 684245 ns, At safepoint: 50037 ns, Total: 734282 ns
[2020-08-12T15:32:58.240+0000][6][safepoint    ] Safepoint "Cleanup", Time since last: 1180253113 ns, Reaching safepoint: 267723 ns, At safepoint: 11950 ns, Total: 279673 ns
[2020-08-12T15:33:00.060+0000][6][safepoint    ] Safepoint "Cleanup", Time since last: 1818868737 ns, Reaching safepoint: 605633 ns, At safepoint: 94999 ns, Total: 700632 ns
[2020-08-12T15:33:01.061+0000][6][safepoint    ] Safepoint "Cleanup", Time since last: 1000345391 ns, Reaching safepoint: 470672 ns, At safepoint: 44175 ns, Total: 514847 ns
[2020-08-12T15:33:02.062+0000][6][safepoint    ] Safepoint "Cleanup", Time since last: 1000389553 ns, Reaching safepoint: 581021 ns, At safepoint: 54375 ns, Total: 635396 ns
[2020-08-12T15:33:03.063+0000][6][safepoint    ] Safepoint "Cleanup", Time since last: 1000403328 ns, Reaching safepoint: 671321 ns, At safepoint: 56012 ns, Total: 727333 ns
[2020-08-12T15:33:05.058+0000][6][safepoint    ] Safepoint "Cleanup", Time since last: 1994680173 ns, Reaching safepoint: 631608 ns, At safepoint: 55337 ns, Total: 686945 ns
[2020-08-12T15:33:06.059+0000][6][safepoint    ] Safepoint "Cleanup", Time since last: 1000379004 ns, Reaching safepoint: 510209 ns, At safepoint: 44537 ns, Total: 554746 ns
[2020-08-12T15:33:07.060+0000][6][safepoint    ] Safepoint "Cleanup", Time since last: 1000296292 ns, Reaching safepoint: 540083 ns, At safepoint: 27325 ns, Total: 567408 ns
[2020-08-12T15:33:08.250+0000][6][safepoint    ] Safepoint "Cleanup", Time since last: 1189489449 ns, Reaching safepoint: 517084 ns, At safepoint: 44212 ns, Total: 561296 ns
[2020-08-12T15:33:09.251+0000][6][safepoint    ] Safepoint "Cleanup", Time since last: 1000343529 ns, Reaching safepoint: 649758 ns, At safepoint: 45937 ns, Total: 695695 ns
[2020-08-12T15:33:10.252+0000][6][safepoint    ] Safepoint "Cleanup", Time since last: 1000349104 ns, Reaching safepoint: 595033 ns, At safepoint: 43950 ns, Total: 638983 ns
[2020-08-12T15:33:11.253+0000][6][safepoint    ] Safepoint "Cleanup", Time since last: 1000347454 ns, Reaching safepoint: 664558 ns, At safepoint: 43949 ns, Total: 708507 ns
[2020-08-12T15:33:12.254+0000][6][safepoint    ] Safepoint "Cleanup", Time since last: 1000338866 ns, Reaching safepoint: 604471 ns, At safepoint: 45538 ns, Total: 650009 ns
[2020-08-12T15:33:13.255+0000][6][safepoint    ] Safepoint "Cleanup", Time since last: 1000351228 ns, Reaching safepoint: 497847 ns, At safepoint: 43225 ns, Total: 541072 ns
[2020-08-12T15:33:15.059+0000][6][safepoint    ] Safepoint "Cleanup", Time since last: 1803492192 ns, Reaching safepoint: 680070 ns, At safepoint: 45875 ns, Total: 725945 ns
[2020-08-12T15:33:16.060+0000][6][safepoint    ] Safepoint "Cleanup", Time since last: 1000351466 ns, Reaching safepoint: 702807 ns, At safepoint: 44375 ns, Total: 747182 ns
[2020-08-12T15:33:17.061+0000][6][safepoint    ] Safepoint "Cleanup", Time since last: 1000344729 ns, Reaching safepoint: 507796 ns, At safepoint: 54575 ns, Total: 562371 ns
[2020-08-12T15:33:18.122+0000][6][safepoint    ] Safepoint "Cleanup", Time since last: 1059470887 ns, Reaching safepoint: 1327741 ns, At safepoint: 43337 ns, Total: 1371078 ns
[2020-08-12T15:33:20.060+0000][6][safepoint    ] Safepoint "Cleanup", Time since last: 1936709195 ns, Reaching safepoint: 793632 ns, At safepoint: 43349 ns, Total: 836981 ns
[2020-08-12T15:33:21.061+0000][6][safepoint    ] Safepoint "Cleanup", Time since last: 1000389029 ns, Reaching safepoint: 851482 ns, At safepoint: 45824 ns, Total: 897306 ns
[2020-08-12T15:33:22.062+0000][6][safepoint    ] Safepoint "Cleanup", Time since last: 1000346704 ns, Reaching safepoint: 788982 ns, At safepoint: 46450 ns, Total: 835432 ns
[2020-08-12T15:33:23.064+0000][6][safepoint    ] Safepoint "Cleanup", Time since last: 1000332091 ns, Reaching safepoint: 977981 ns, At safepoint: 54687 ns, Total: 1032668 ns
[2020-08-12T15:33:25.060+0000][6][safepoint    ] Safepoint "Cleanup", Time since last: 1995882115 ns, Reaching safepoint: 873532 ns, At safepoint: 57499 ns, Total: 931031 ns
[2020-08-12T15:33:26.061+0000][6][safepoint    ] Safepoint "Cleanup", Time since last: 1000285554 ns, Reaching safepoint: 417972 ns, At safepoint: 16913 ns, Total: 434885 ns
[2020-08-12T15:33:27.062+0000][6][safepoint    ] Safepoint "Cleanup", Time since last: 1000272079 ns, Reaching safepoint: 824707 ns, At safepoint: 33187 ns, Total: 857894 ns
[2020-08-12T15:33:28.194+0000][6][safepoint    ] Safepoint "Cleanup", Time since last: 1131099723 ns, Reaching safepoint: 381297 ns, At safepoint: 12875 ns, Total: 394172 ns
[2020-08-12T15:33:29.287+0000][6][safepoint    ] Safepoint "Cleanup", Time since last: 1092910096 ns, Reaching safepoint: 542022 ns, At safepoint: 34062 ns, Total: 576084 ns
[2020-08-12T15:33:30.288+0000][6][safepoint    ] Safepoint "Cleanup", Time since last: 1000310042 ns, Reaching safepoint: 676682 ns, At safepoint: 44613 ns, Total: 721295 ns
[2020-08-12T15:33:31.289+0000][6][safepoint    ] Safepoint "Cleanup", Time since last: 1000346328 ns, Reaching safepoint: 678721 ns, At safepoint: 44224 ns, Total: 722945 ns
[2020-08-12T15:33:32.290+0000][6][safepoint    ] Safepoint "Cleanup", Time since last: 1000337792 ns, Reaching safepoint: 630895 ns, At safepoint: 45987 ns, Total: 676882 ns
[2020-08-12T15:33:33.291+0000][6][safepoint    ] Safepoint "Cleanup", Time since last: 1000330829 ns, Reaching safepoint: 359098 ns, At safepoint: 23950 ns, Total: 383048 ns
[2020-08-12T15:33:35.060+0000][6][safepoint    ] Safepoint "Cleanup", Time since last: 1769060589 ns, Reaching safepoint: 255061 ns, At safepoint: 10988 ns, Total: 266049 ns
[2020-08-12T15:33:36.061+0000][6][safepoint    ] Safepoint "Cleanup", Time since last: 1000229691 ns, Reaching safepoint: 823645 ns, At safepoint: 43712 ns, Total: 867357 ns
[2020-08-12T15:33:37.063+0000][6][safepoint    ] Safepoint "Cleanup", Time since last: 1000344804 ns, Reaching safepoint: 853431 ns, At safepoint: 63912 ns, Total: 917343 ns
[2020-08-12T15:33:38.274+0000][6][safepoint    ] Safepoint "Cleanup", Time since last: 1210042434 ns, Reaching safepoint: 820369 ns, At safepoint: 43825 ns, Total: 864194 ns
[2020-08-12T15:33:40.063+0000][6][safepoint    ] Safepoint "Cleanup", Time since last: 1788714643 ns, Reaching safepoint: 831057 ns, At safepoint: 43950 ns, Total: 875007 ns
[2020-08-12T15:33:41.064+0000][6][safepoint    ] Safepoint "Cleanup", Time since last: 1000344753 ns, Reaching safepoint: 708195 ns, At safepoint: 43075 ns, Total: 751270 ns
[2020-08-12T15:33:42.065+0000][6][safepoint    ] Safepoint "Cleanup", Time since last: 1000333716 ns, Reaching safepoint: 638808 ns, At safepoint: 44388 ns, Total: 683196 ns
[2020-08-12T15:33:43.067+0000][6][safepoint    ] Safepoint "Cleanup", Time since last: 1000370728 ns, Reaching safepoint: 834657 ns, At safepoint: 67850 ns, Total: 902507 ns
[2020-08-12T15:33:45.063+0000][6][safepoint    ] Safepoint "Cleanup", Time since last: 1995948252 ns, Reaching safepoint: 703107 ns, At safepoint: 44338 ns, Total: 747445 ns
[2020-08-12T15:33:46.064+0000][6][safepoint    ] Safepoint "Cleanup", Time since last: 1000297079 ns, Reaching safepoint: 472834 ns, At safepoint: 20562 ns, Total: 493396 ns
[2020-08-12T15:33:47.065+0000][6][safepoint    ] Safepoint "Cleanup", Time since last: 1000200180 ns, Reaching safepoint: 650120 ns, At safepoint: 25388 ns, Total: 675508 ns
[2020-08-12T15:33:48.135+0000][6][safepoint    ] Safepoint "Cleanup", Time since last: 1069512618 ns, Reaching safepoint: 644146 ns, At safepoint: 23437 ns, Total: 667583 ns
[2020-08-12T15:33:49.441+0000][6][safepoint    ] Safepoint "Cleanup", Time since last: 1304746049 ns, Reaching safepoint: 826720 ns, At safepoint: 43537 ns, Total: 870257 ns
[2020-08-12T15:33:50.442+0000][6][safepoint    ] Safepoint "Cleanup", Time since last: 1000374366 ns, Reaching safepoint: 1188067 ns, At safepoint: 47887 ns, Total: 1235954 ns
[2020-08-12T15:33:51.443+0000][6][safepoint    ] Safepoint "Cleanup", Time since last: 1000320491 ns, Reaching safepoint: 632546 ns, At safepoint: 43987 ns, Total: 676533 ns
[2020-08-12T15:33:52.444+0000][6][safepoint    ] Safepoint "Cleanup", Time since last: 1000346629 ns, Reaching safepoint: 670220 ns, At safepoint: 54188 ns, Total: 724408 ns
[2020-08-12T15:33:53.445+0000][6][safepoint    ] Safepoint "Cleanup", Time since last: 1000301191 ns, Reaching safepoint: 411135 ns, At safepoint: 26387 ns, Total: 437522 ns
[2020-08-12T15:33:55.066+0000][6][safepoint    ] Safepoint "Cleanup", Time since last: 1619517661 ns, Reaching safepoint: 964619 ns, At safepoint: 43237 ns, Total: 1007856 ns
[2020-08-12T15:33:56.067+0000][6][safepoint    ] Safepoint "Cleanup", Time since last: 1000374129 ns, Reaching safepoint: 865844 ns, At safepoint: 48349 ns, Total: 914193 ns
[2020-08-12T15:33:57.068+0000][6][safepoint    ] Safepoint "Cleanup", Time since last: 1000347416 ns, Reaching safepoint: 719245 ns, At safepoint: 53962 ns, Total: 773207 ns
[2020-08-12T15:33:58.260+0000][6][safepoint    ] Safepoint "Cleanup", Time since last: 1191219938 ns, Reaching safepoint: 648458 ns, At safepoint: 22150 ns, Total: 670608 ns
[2020-08-12T15:34:00.066+0000][6][safepoint    ] Safepoint "Cleanup", Time since last: 1804945094 ns, Reaching safepoint: 607721 ns, At safepoint: 52125 ns, Total: 659846 ns
[2020-08-12T15:34:01.066+0000][6][safepoint    ] Safepoint "Cleanup", Time since last: 1000435015 ns, Reaching safepoint: 339198 ns, At safepoint: 17087 ns, Total: 356285 ns
[2020-08-12T15:34:02.067+0000][6][safepoint    ] Safepoint "Cleanup", Time since last: 1000246267 ns, Reaching safepoint: 626896 ns, At safepoint: 43949 ns, Total: 670845 ns
[2020-08-12T15:34:03.068+0000][6][safepoint    ] Safepoint "Cleanup", Time since last: 1000366366 ns, Reaching safepoint: 653309 ns, At safepoint: 67237 ns, Total: 720546 ns
[2020-08-12T15:34:05.067+0000][6][safepoint    ] Safepoint "Cleanup", Time since last: 1998163262 ns, Reaching safepoint: 530784 ns, At safepoint: 55462 ns, Total: 586246 ns
[2020-08-12T15:34:06.068+0000][6][safepoint    ] Safepoint "Cleanup", Time since last: 1000307366 ns, Reaching safepoint: 517872 ns, At safepoint: 57124 ns, Total: 574996 ns
[2020-08-12T15:34:07.069+0000][6][safepoint    ] Safepoint "Cleanup", Time since last: 1000308979 ns, Reaching safepoint: 644258 ns, At safepoint: 43800 ns, Total: 688058 ns
[2020-08-12T15:34:08.266+0000][6][safepoint    ] Safepoint "Cleanup", Time since last: 1196477424 ns, Reaching safepoint: 448021 ns, At safepoint: 60749 ns, Total: 508770 ns
[2020-08-12T15:34:09.267+0000][6][safepoint    ] Safepoint "Cleanup", Time since last: 1000310628 ns, Reaching safepoint: 459308 ns, At safepoint: 23275 ns, Total: 482583 ns
[2020-08-12T15:34:10.268+0000][6][safepoint    ] Safepoint "Cleanup", Time since last: 1000317665 ns, Reaching safepoint: 836406 ns, At safepoint: 67237 ns, Total: 903643 ns
[2020-08-12T15:34:11.269+0000][6][safepoint    ] Safepoint "Cleanup", Time since last: 1000265178 ns, Reaching safepoint: 426608 ns, At safepoint: 57225 ns, Total: 483833 ns
[2020-08-12T15:34:12.270+0000][6][safepoint    ] Safepoint "Cleanup", Time since last: 1000399064 ns, Reaching safepoint: 833718 ns, At safepoint: 56425 ns, Total: 890143 ns
[2020-08-12T15:34:13.271+0000][6][safepoint    ] Safepoint "Cleanup", Time since last: 1000277003 ns, Reaching safepoint: 297197 ns, At safepoint: 21925 ns, Total: 319122 ns
[2020-08-12T15:34:15.067+0000][6][safepoint    ] Safepoint "Cleanup", Time since last: 1795626198 ns, Reaching safepoint: 674207 ns, At safepoint: 55149 ns, Total: 729356 ns
[2020-08-12T15:34:16.068+0000][6][safepoint    ] Safepoint "Cleanup", Time since last: 1000293078 ns, Reaching safepoint: 391397 ns, At safepoint: 17999 ns, Total: 409396 ns
[2020-08-12T15:34:17.069+0000][6][safepoint    ] Safepoint "Cleanup", Time since last: 1000165817 ns, Reaching safepoint: 671019 ns, At safepoint: 74274 ns, Total: 745293 ns
[2020-08-12T15:34:18.236+0000][6][safepoint    ] Safepoint "Cleanup", Time since last: 1166842224 ns, Reaching safepoint: 616232 ns, At safepoint: 44725 ns, Total: 660957 ns
[2020-08-12T15:34:20.075+0000][6][safepoint    ] Safepoint "Cleanup", Time since last: 1838412759 ns, Reaching safepoint: 870280 ns, At safepoint: 44012 ns, Total: 914292 ns
[2020-08-12T15:34:21.077+0000][6][safepoint    ] Safepoint "Cleanup", Time since last: 1000338427 ns, Reaching safepoint: 740181 ns, At safepoint: 37900 ns, Total: 778081 ns
[2020-08-12T15:34:22.078+0000][6][safepoint    ] Safepoint "Cleanup", Time since last: 1000331003 ns, Reaching safepoint: 759905 ns, At safepoint: 43625 ns, Total: 803530 ns
[2020-08-12T15:34:23.079+0000][6][safepoint    ] Safepoint "Cleanup", Time since last: 1000343202 ns, Reaching safepoint: 550133 ns, At safepoint: 19937 ns, Total: 570070 ns
[2020-08-12T15:34:25.075+0000][6][safepoint    ] Safepoint "Cleanup", Time since last: 1994889844 ns, Reaching safepoint: 936829 ns, At safepoint: 44600 ns, Total: 981429 ns
[2020-08-12T15:34:26.076+0000][6][safepoint    ] Safepoint "Cleanup", Time since last: 1000330165 ns, Reaching safepoint: 819442 ns, At safepoint: 43588 ns, Total: 863030 ns
[2020-08-12T15:34:27.077+0000][6][safepoint    ] Safepoint "Cleanup", Time since last: 1000363589 ns, Reaching safepoint: 1208352 ns, At safepoint: 56662 ns, Total: 1265014 ns
[2020-08-12T15:34:28.262+0000][6][safepoint    ] Safepoint "Cleanup", Time since last: 1183121230 ns, Reaching safepoint: 1349751 ns, At safepoint: 118561 ns, Total: 1468312 ns
[2020-08-12T15:34:29.461+0000][6][safepoint    ] Safepoint "Cleanup", Time since last: 1198297160 ns, Reaching safepoint: 871792 ns, At safepoint: 44187 ns, Total: 915979 ns
[2020-08-12T15:34:30.462+0000][6][safepoint    ] Safepoint "Cleanup", Time since last: 1000346227 ns, Reaching safepoint: 828893 ns, At safepoint: 68862 ns, Total: 897755 ns
[2020-08-12T15:34:31.463+0000][6][safepoint    ] Safepoint "Cleanup", Time since last: 1000345390 ns, Reaching safepoint: 616582 ns, At safepoint: 45649 ns, Total: 662231 ns
[2020-08-12T15:34:32.465+0000][6][safepoint    ] Safepoint "Cleanup", Time since last: 1000372315 ns, Reaching safepoint: 909830 ns, At safepoint: 59349 ns, Total: 969179 ns
[2020-08-12T15:34:33.466+0000][6][safepoint    ] Safepoint "Cleanup", Time since last: 1000349828 ns, Reaching safepoint: 394759 ns, At safepoint: 27774 ns, Total: 422533 ns
[2020-08-12T15:34:35.069+0000][6][safepoint    ] Safepoint "Cleanup", Time since last: 1602772422 ns, Reaching safepoint: 700957 ns, At safepoint: 48249 ns, Total: 749206 ns
[2020-08-12T15:34:36.549+0000][6][safepoint    ] Safepoint "Cleanup", Time since last: 1479868254 ns, Reaching safepoint: 516696 ns, At safepoint: 44474 ns, Total: 561170 ns
[2020-08-12T15:34:38.280+0000][6][safepoint    ] Safepoint "Cleanup", Time since last: 1729377207 ns, Reaching safepoint: 642495 ns, At safepoint: 65362 ns, Total: 707857 ns
[2020-08-12T15:34:39.069+0000][6][safepoint    ] Safepoint "BulkRevokeBias", Time since last: 788269782 ns, Reaching safepoint: 388109 ns, At safepoint: 1179415 ns, Total: 1567524 ns
[2020-08-12T15:34:40.071+0000][6][safepoint    ] Safepoint "Cleanup", Time since last: 1000934635 ns, Reaching safepoint: 675906 ns, At safepoint: 51250 ns, Total: 727156 ns
[2020-08-12T15:34:41.072+0000][6][safepoint    ] Safepoint "Cleanup", Time since last: 1000349127 ns, Reaching safepoint: 757531 ns, At safepoint: 45225 ns, Total: 802756 ns
[2020-08-12T15:34:42.073+0000][6][safepoint    ] Safepoint "Cleanup", Time since last: 1000340302 ns, Reaching safepoint: 660594 ns, At safepoint: 44562 ns, Total: 705156 ns
[2020-08-12T15:34:43.074+0000][6][safepoint    ] Safepoint "Cleanup", Time since last: 1000337653 ns, Reaching safepoint: 686569 ns, At safepoint: 67974 ns, Total: 754543 ns
[2020-08-12T15:34:45.071+0000][6][safepoint    ] Safepoint "Cleanup", Time since last: 1995575313 ns, Reaching safepoint: 768105 ns, At safepoint: 43525 ns, Total: 811630 ns
[2020-08-12T15:34:46.072+0000][6][safepoint    ] Safepoint "Cleanup", Time since last: 1000377377 ns, Reaching safepoint: 665044 ns, At safepoint: 36950 ns, Total: 701994 ns
[2020-08-12T15:34:47.073+0000][6][safepoint    ] Safepoint "Cleanup", Time since last: 1000366190 ns, Reaching safepoint: 665431 ns, At safepoint: 99949 ns, Total: 765380 ns
[2020-08-12T15:34:47.199+0000][6][gc,start     ] GC(30) Pause Young (Normal) (G1 Evacuation Pause)
[2020-08-12T15:34:47.199+0000][6][gc,task      ] GC(30) Using 2 workers of 2 for evacuation
[2020-08-12T15:34:47.199+0000][6][gc,age       ] GC(30) Desired survivor size 40370176 bytes, new threshold 15 (max threshold 15)
[2020-08-12T15:34:47.221+0000][6][gc,age       ] GC(30) Age table with threshold 15 (max threshold 15)
[2020-08-12T15:34:47.221+0000][6][gc,age       ] GC(30) - age   1:     602624 bytes,     602624 total
[2020-08-12T15:34:47.222+0000][6][gc,age       ] GC(30) - age   2:      59744 bytes,     662368 total
[2020-08-12T15:34:47.222+0000][6][gc,age       ] GC(30) - age   3:      83120 bytes,     745488 total
[2020-08-12T15:34:47.222+0000][6][gc,age       ] GC(30) - age   4:      91952 bytes,     837440 total
[2020-08-12T15:34:47.222+0000][6][gc,age       ] GC(30) - age   5:      38768 bytes,     876208 total
[2020-08-12T15:34:47.222+0000][6][gc,age       ] GC(30) - age   6:      44464 bytes,     920672 total
[2020-08-12T15:34:47.222+0000][6][gc,age       ] GC(30) - age   7:      81920 bytes,    1002592 total
[2020-08-12T15:34:47.222+0000][6][gc,age       ] GC(30) - age   8:      50088 bytes,    1052680 total
[2020-08-12T15:34:47.222+0000][6][gc,age       ] GC(30) - age   9:      63360 bytes,    1116040 total
[2020-08-12T15:34:47.222+0000][6][gc,age       ] GC(30) - age  10:     360896 bytes,    1476936 total
[2020-08-12T15:34:47.222+0000][6][gc,age       ] GC(30) - age  11:     205520 bytes,    1682456 total
[2020-08-12T15:34:47.222+0000][6][gc,phases    ] GC(30)   Pre Evacuate Collection Set: 0.6ms
[2020-08-12T15:34:47.222+0000][6][gc,phases    ] GC(30)   Merge Heap Roots: 0.5ms
[2020-08-12T15:34:47.222+0000][6][gc,phases    ] GC(30)   Evacuate Collection Set: 16.0ms
[2020-08-12T15:34:47.222+0000][6][gc,phases    ] GC(30)   Post Evacuate Collection Set: 4.3ms
[2020-08-12T15:34:47.222+0000][6][gc,phases    ] GC(30)   Other: 1.9ms
[2020-08-12T15:34:47.222+0000][6][gc,heap      ] GC(30) Eden regions: 612->0(612)
[2020-08-12T15:34:47.222+0000][6][gc,heap      ] GC(30) Survivor regions: 2->2(77)
[2020-08-12T15:34:47.223+0000][6][gc,heap      ] GC(30) Old regions: 77->77
[2020-08-12T15:34:47.223+0000][6][gc,heap      ] GC(30) Archive regions: 2->2
[2020-08-12T15:34:47.223+0000][6][gc,heap      ] GC(30) Humongous regions: 7->7
[2020-08-12T15:34:47.223+0000][6][gc,metaspace ] GC(30) Metaspace: 96864K(104504K)->96864K(104504K) NonClass: 84336K(88888K)->84336K(88888K) Class: 12528K(15616K)->12528K(15616K)
[2020-08-12T15:34:47.223+0000][6][gc           ] GC(30) Pause Young (Normal) (G1 Evacuation Pause) 697M->85M(1024M) 23.754ms
[2020-08-12T15:34:47.223+0000][6][gc,cpu       ] GC(30) User=0.03s Sys=0.00s Real=0.02s
[2020-08-12T15:34:47.223+0000][6][safepoint    ] Safepoint "G1CollectForAllocation", Time since last: 125353884 ns, Reaching safepoint: 559120 ns, At safepoint: 24189712 ns, Total: 24748832 ns
[2020-08-12T15:34:47.229+0000][6][safepoint    ] Safepoint "BulkRevokeBias", Time since last: 4273050 ns, Reaching safepoint: 360059 ns, At safepoint: 1828022 ns, Total: 2188081 ns
[2020-08-12T15:34:48.230+0000][6][safepoint    ] Safepoint "Cleanup", Time since last: 1000297628 ns, Reaching safepoint: 533445 ns, At safepoint: 21112 ns, Total: 554557 ns
[2020-08-12T15:34:49.231+0000][6][safepoint    ] Safepoint "Cleanup", Time since last: 1000209304 ns, Reaching safepoint: 450221 ns, At safepoint: 28037 ns, Total: 478258 ns
[2020-08-12T15:34:50.232+0000][6][safepoint    ] Safepoint "Cleanup", Time since last: 1000277178 ns, Reaching safepoint: 679519 ns, At safepoint: 52550 ns, Total: 732069 ns
[2020-08-12T15:34:51.233+0000][6][safepoint    ] Safepoint "Cleanup", Time since last: 1000360902 ns, Reaching safepoint: 627857 ns, At safepoint: 45775 ns, Total: 673632 ns
[2020-08-12T15:34:52.234+0000][6][safepoint    ] Safepoint "Cleanup", Time since last: 1000350564 ns, Reaching safepoint: 651720 ns, At safepoint: 43712 ns, Total: 695432 ns
[2020-08-12T15:34:53.235+0000][6][safepoint    ] Safepoint "Cleanup", Time since last: 1000305803 ns, Reaching safepoint: 514470 ns, At safepoint: 31400 ns, Total: 545870 ns
[2020-08-12T15:34:54.075+0000][6][safepoint    ] Safepoint "BulkRevokeBias", Time since last: 836677806 ns, Reaching safepoint: 605107 ns, At safepoint: 2817550 ns, Total: 3422657 ns
[2020-08-12T15:34:55.079+0000][6][safepoint    ] Safepoint "Cleanup", Time since last: 1003051529 ns, Reaching safepoint: 858405 ns, At safepoint: 44125 ns, Total: 902530 ns
[2020-08-12T15:34:56.080+0000][6][safepoint    ] Safepoint "Cleanup", Time since last: 1000310177 ns, Reaching safepoint: 604870 ns, At safepoint: 34075 ns, Total: 638945 ns
[2020-08-12T15:34:57.081+0000][6][safepoint    ] Safepoint "Cleanup", Time since last: 1000251065 ns, Reaching safepoint: 564971 ns, At safepoint: 30962 ns, Total: 595933 ns
[2020-08-12T15:34:58.252+0000][6][safepoint    ] Safepoint "Cleanup", Time since last: 1170541853 ns, Reaching safepoint: 550570 ns, At safepoint: 32913 ns, Total: 583483 ns
[2020-08-12T15:34:58.331+0000][6][safepoint    ] Safepoint "BulkRevokeBias", Time since last: 76396652 ns, Reaching safepoint: 609307 ns, At safepoint: 1854271 ns, Total: 2463578 ns
[2020-08-12T15:35:00.076+0000][6][safepoint    ] Safepoint "Cleanup", Time since last: 1744582411 ns, Reaching safepoint: 930766 ns, At safepoint: 44425 ns, Total: 975191 ns
[2020-08-12T15:35:01.078+0000][6][safepoint    ] Safepoint "Cleanup", Time since last: 1000385177 ns, Reaching safepoint: 774368 ns, At safepoint: 44125 ns, Total: 818493 ns
[2020-08-12T15:35:02.079+0000][6][safepoint    ] Safepoint "Cleanup", Time since last: 1000345927 ns, Reaching safepoint: 768143 ns, At safepoint: 44300 ns, Total: 812443 ns
[2020-08-12T15:35:03.080+0000][6][safepoint    ] Safepoint "Cleanup", Time since last: 1000409552 ns, Reaching safepoint: 1106890 ns, At safepoint: 64662 ns, Total: 1171552 ns
[2020-08-12T15:35:05.075+0000][6][safepoint    ] Safepoint "Cleanup", Time since last: 1994020376 ns, Reaching safepoint: 840130 ns, At safepoint: 59400 ns, Total: 899530 ns
[2020-08-12T15:35:06.782+0000][6][safepoint    ] Safepoint "Cleanup", Time since last: 1705688378 ns, Reaching safepoint: 789505 ns, At safepoint: 43488 ns, Total: 832993 ns
[2020-08-12T15:35:08.233+0000][6][safepoint    ] Safepoint "Cleanup", Time since last: 1451135744 ns, Reaching safepoint: 559608 ns, At safepoint: 19475 ns, Total: 579083 ns
[2020-08-12T15:35:09.234+0000][6][safepoint    ] Safepoint "Cleanup", Time since last: 1000207916 ns, Reaching safepoint: 498445 ns, At safepoint: 23650 ns, Total: 522095 ns
[2020-08-12T15:35:10.235+0000][6][safepoint    ] Safepoint "Cleanup", Time since last: 1000265166 ns, Reaching safepoint: 752556 ns, At safepoint: 44199 ns, Total: 796755 ns
[2020-08-12T15:35:11.236+0000][6][safepoint    ] Safepoint "Cleanup", Time since last: 1000311816 ns, Reaching safepoint: 474495 ns, At safepoint: 28550 ns, Total: 503045 ns
[2020-08-12T15:35:12.237+0000][6][safepoint    ] Safepoint "Cleanup", Time since last: 1000263603 ns, Reaching safepoint: 480709 ns, At safepoint: 69274 ns, Total: 549983 ns
[2020-08-12T15:35:13.240+0000][6][safepoint    ] Safepoint "Cleanup", Time since last: 1002340147 ns, Reaching safepoint: 694432 ns, At safepoint: 56312 ns, Total: 750744 ns
[2020-08-12T15:35:15.076+0000][6][safepoint    ] Safepoint "Cleanup", Time since last: 1834746166 ns, Reaching safepoint: 969454 ns, At safepoint: 43725 ns, Total: 1013179 ns
[2020-08-12T15:35:16.077+0000][6][safepoint    ] Safepoint "Cleanup", Time since last: 1000357539 ns, Reaching safepoint: 1100478 ns, At safepoint: 55987 ns, Total: 1156465 ns
[2020-08-12T15:35:17.079+0000][6][safepoint    ] Safepoint "Cleanup", Time since last: 1000342953 ns, Reaching safepoint: 977654 ns, At safepoint: 54312 ns, Total: 1031966 ns
[2020-08-12T15:35:18.191+0000][6][safepoint    ] Safepoint "Cleanup", Time since last: 1111616447 ns, Reaching safepoint: 388009 ns, At safepoint: 18700 ns, Total: 406709 ns
[2020-08-12T15:35:20.074+0000][6][safepoint    ] Safepoint "Cleanup", Time since last: 1883031891 ns, Reaching safepoint: 732444 ns, At safepoint: 53774 ns, Total: 786218 ns
[2020-08-12T15:35:21.075+0000][6][safepoint    ] Safepoint "Cleanup", Time since last: 1000353090 ns, Reaching safepoint: 495608 ns, At safepoint: 45937 ns, Total: 541545 ns
[2020-08-12T15:35:22.077+0000][6][safepoint    ] Safepoint "Cleanup", Time since last: 1000348553 ns, Reaching safepoint: 825817 ns, At safepoint: 43900 ns, Total: 869717 ns
[2020-08-12T15:35:23.078+0000][6][safepoint    ] Safepoint "Cleanup", Time since last: 1000348190 ns, Reaching safepoint: 1073103 ns, At safepoint: 55187 ns, Total: 1128290 ns
[2020-08-12T15:35:25.076+0000][6][safepoint    ] Safepoint "Cleanup", Time since last: 1997333060 ns, Reaching safepoint: 898742 ns, At safepoint: 43387 ns, Total: 942129 ns
[2020-08-12T15:35:26.077+0000][6][safepoint    ] Safepoint "Cleanup", Time since last: 1000317152 ns, Reaching safepoint: 523121 ns, At safepoint: 31487 ns, Total: 554608 ns
[2020-08-12T15:35:27.078+0000][6][safepoint    ] Safepoint "Cleanup", Time since last: 1000249816 ns, Reaching safepoint: 859905 ns, At safepoint: 41912 ns, Total: 901817 ns
[2020-08-12T15:35:28.218+0000][6][safepoint    ] Safepoint "Cleanup", Time since last: 1138571810 ns, Reaching safepoint: 1071603 ns, At safepoint: 55487 ns, Total: 1127090 ns
[2020-08-12T15:35:29.290+0000][6][safepoint    ] Safepoint "Cleanup", Time since last: 1070781807 ns, Reaching safepoint: 829418 ns, At safepoint: 51062 ns, Total: 880480 ns
[2020-08-12T15:35:30.291+0000][6][safepoint    ] Safepoint "Cleanup", Time since last: 1000391464 ns, Reaching safepoint: 823343 ns, At safepoint: 44250 ns, Total: 867593 ns
[2020-08-12T15:35:31.292+0000][6][safepoint    ] Safepoint "Cleanup", Time since last: 1000341652 ns, Reaching safepoint: 779918 ns, At safepoint: 43262 ns, Total: 823180 ns
[2020-08-12T15:35:32.293+0000][6][safepoint    ] Safepoint "Cleanup", Time since last: 1000341503 ns, Reaching safepoint: 776881 ns, At safepoint: 45687 ns, Total: 822568 ns
[2020-08-12T15:35:33.294+0000][6][safepoint    ] Safepoint "Cleanup", Time since last: 1000325340 ns, Reaching safepoint: 236948 ns, At safepoint: 12487 ns, Total: 249435 ns
[2020-08-12T15:35:35.080+0000][6][safepoint    ] Safepoint "Cleanup", Time since last: 1784792144 ns, Reaching safepoint: 859192 ns, At safepoint: 48525 ns, Total: 907717 ns
[2020-08-12T15:35:36.080+0000][6][safepoint    ] Safepoint "Cleanup", Time since last: 1000319265 ns, Reaching safepoint: 324897 ns, At safepoint: 16150 ns, Total: 341047 ns
[2020-08-12T15:35:37.082+0000][6][safepoint    ] Safepoint "Cleanup", Time since last: 1000239153 ns, Reaching safepoint: 1007229 ns, At safepoint: 54687 ns, Total: 1061916 ns
[2020-08-12T15:35:38.205+0000][6][safepoint    ] Safepoint "Cleanup", Time since last: 1121607697 ns, Reaching safepoint: 1363600 ns, At safepoint: 49438 ns, Total: 1413038 ns
[2020-08-12T15:35:40.079+0000][6][safepoint    ] Safepoint "Cleanup", Time since last: 1873603674 ns, Reaching safepoint: 819818 ns, At safepoint: 71236 ns, Total: 891054 ns
[2020-08-12T15:35:41.080+0000][6][safepoint    ] Safepoint "Cleanup", Time since last: 1000309841 ns, Reaching safepoint: 426596 ns, At safepoint: 23625 ns, Total: 450221 ns
[2020-08-12T15:35:42.081+0000][6][safepoint    ] Safepoint "Cleanup", Time since last: 1000303515 ns, Reaching safepoint: 844942 ns, At safepoint: 44625 ns, Total: 889567 ns
[2020-08-12T15:35:43.082+0000][6][safepoint    ] Safepoint "Cleanup", Time since last: 1000326965 ns, Reaching safepoint: 831343 ns, At safepoint: 38112 ns, Total: 869455 ns
[2020-08-12T15:35:45.077+0000][6][safepoint    ] Safepoint "Cleanup", Time since last: 1993519318 ns, Reaching safepoint: 786331 ns, At safepoint: 52274 ns, Total: 838605 ns
[2020-08-12T15:35:46.077+0000][6][safepoint    ] Safepoint "Cleanup", Time since last: 1000369540 ns, Reaching safepoint: 467108 ns, At safepoint: 44425 ns, Total: 511533 ns
[2020-08-12T15:35:47.078+0000][6][safepoint    ] Safepoint "Cleanup", Time since last: 1000331115 ns, Reaching safepoint: 532070 ns, At safepoint: 52925 ns, Total: 584995 ns
[2020-08-12T15:35:48.191+0000][6][safepoint    ] Safepoint "Cleanup", Time since last: 1111966582 ns, Reaching safepoint: 692131 ns, At safepoint: 38000 ns, Total: 730131 ns
[2020-08-12T15:35:49.192+0000][6][safepoint    ] Safepoint "Cleanup", Time since last: 1000295978 ns, Reaching safepoint: 444546 ns, At safepoint: 28199 ns, Total: 472745 ns
[2020-08-12T15:35:50.193+0000][6][safepoint    ] Safepoint "Cleanup", Time since last: 1000322953 ns, Reaching safepoint: 824505 ns, At safepoint: 43837 ns, Total: 868342 ns
[2020-08-12T15:35:51.194+0000][6][safepoint    ] Safepoint "Cleanup", Time since last: 1000337765 ns, Reaching safepoint: 711869 ns, At safepoint: 40450 ns, Total: 752319 ns
[2020-08-12T15:35:52.195+0000][6][safepoint    ] Safepoint "Cleanup", Time since last: 1000325228 ns, Reaching safepoint: 706068 ns, At safepoint: 53325 ns, Total: 759393 ns
[2020-08-12T15:35:53.196+0000][6][safepoint    ] Safepoint "Cleanup", Time since last: 1000286390 ns, Reaching safepoint: 617145 ns, At safepoint: 25662 ns, Total: 642807 ns
[2020-08-12T15:35:55.079+0000][6][safepoint    ] Safepoint "Cleanup", Time since last: 1881830827 ns, Reaching safepoint: 600294 ns, At safepoint: 53337 ns, Total: 653631 ns
[2020-08-12T15:35:56.080+0000][6][safepoint    ] Safepoint "Cleanup", Time since last: 1000350665 ns, Reaching safepoint: 797443 ns, At safepoint: 43462 ns, Total: 840905 ns
[2020-08-12T15:35:57.315+0000][6][safepoint    ] Safepoint "Cleanup", Time since last: 1194938064 ns, Reaching safepoint: 40063847 ns, At safepoint: 36562 ns, Total: 40100409 ns
[2020-08-12T15:35:58.316+0000][6][safepoint    ] Safepoint "Cleanup", Time since last: 1000340203 ns, Reaching safepoint: 994029 ns, At safepoint: 55249 ns, Total: 1049278 ns
[2020-08-12T15:36:00.084+0000][6][safepoint    ] Safepoint "Cleanup", Time since last: 1766825402 ns, Reaching safepoint: 755531 ns, At safepoint: 105649 ns, Total: 861180 ns
[2020-08-12T15:36:01.085+0000][6][safepoint    ] Safepoint "Cleanup", Time since last: 1000344128 ns, Reaching safepoint: 863505 ns, At safepoint: 44162 ns, Total: 907667 ns
[2020-08-12T15:36:02.086+0000][6][safepoint    ] Safepoint "Cleanup", Time since last: 1000341877 ns, Reaching safepoint: 871242 ns, At safepoint: 43712 ns, Total: 914954 ns
[2020-08-12T15:36:03.087+0000][6][safepoint    ] Safepoint "Cleanup", Time since last: 1000296678 ns, Reaching safepoint: 708932 ns, At safepoint: 29412 ns, Total: 738344 ns
[2020-08-12T15:36:04.089+0000][6][safepoint    ] Safepoint "Cleanup", Time since last: 1000244353 ns, Reaching safepoint: 1193890 ns, At safepoint: 52674 ns, Total: 1246564 ns
[2020-08-12T15:36:05.401+0000][6][safepoint    ] Safepoint "Cleanup", Time since last: 1310875955 ns, Reaching safepoint: 864318 ns, At safepoint: 44587 ns, Total: 908905 ns
[2020-08-12T15:36:06.402+0000][6][safepoint    ] Safepoint "Cleanup", Time since last: 1000382252 ns, Reaching safepoint: 829143 ns, At safepoint: 34199 ns, Total: 863342 ns
[2020-08-12T15:36:08.192+0000][6][safepoint    ] Safepoint "Cleanup", Time since last: 1789498965 ns, Reaching safepoint: 743719 ns, At safepoint: 66174 ns, Total: 809893 ns
[2020-08-12T15:36:09.193+0000][6][safepoint    ] Safepoint "Cleanup", Time since last: 1000315615 ns, Reaching safepoint: 655357 ns, At safepoint: 30962 ns, Total: 686319 ns
[2020-08-12T15:36:10.194+0000][6][safepoint    ] Safepoint "Cleanup", Time since last: 1000297653 ns, Reaching safepoint: 718019 ns, At safepoint: 53574 ns, Total: 771593 ns
[2020-08-12T15:36:11.196+0000][6][safepoint    ] Safepoint "Cleanup", Time since last: 1000342953 ns, Reaching safepoint: 821530 ns, At safepoint: 44649 ns, Total: 866179 ns
[2020-08-12T15:36:12.197+0000][6][safepoint    ] Safepoint "Cleanup", Time since last: 1000357265 ns, Reaching safepoint: 771794 ns, At safepoint: 43524 ns, Total: 815318 ns
[2020-08-12T15:36:13.198+0000][6][safepoint    ] Safepoint "Cleanup", Time since last: 1000400677 ns, Reaching safepoint: 1076978 ns, At safepoint: 55825 ns, Total: 1132803 ns
[2020-08-12T15:36:15.080+0000][6][safepoint    ] Safepoint "Cleanup", Time since last: 1880928734 ns, Reaching safepoint: 883742 ns, At safepoint: 57425 ns, Total: 941167 ns
[2020-08-12T15:36:16.081+0000][6][safepoint    ] Safepoint "Cleanup", Time since last: 1000290378 ns, Reaching safepoint: 366084 ns, At safepoint: 18925 ns, Total: 385009 ns
[2020-08-12T15:36:17.082+0000][6][safepoint    ] Safepoint "Cleanup", Time since last: 1000274541 ns, Reaching safepoint: 742068 ns, At safepoint: 63249 ns, Total: 805317 ns
[2020-08-12T15:36:18.232+0000][6][safepoint    ] Safepoint "Cleanup", Time since last: 1149506064 ns, Reaching safepoint: 582445 ns, At safepoint: 25200 ns, Total: 607645 ns
[2020-08-12T15:36:20.082+0000][6][safepoint    ] Safepoint "Cleanup", Time since last: 1849598073 ns, Reaching safepoint: 698756 ns, At safepoint: 46687 ns, Total: 745443 ns
[2020-08-12T15:36:21.083+0000][6][safepoint    ] Safepoint "Cleanup", Time since last: 1000291791 ns, Reaching safepoint: 441746 ns, At safepoint: 58287 ns, Total: 500033 ns
[2020-08-12T15:36:22.084+0000][6][safepoint    ] Safepoint "Cleanup", Time since last: 1000363640 ns, Reaching safepoint: 897567 ns, At safepoint: 38337 ns, Total: 935904 ns
[2020-08-12T15:36:23.086+0000][6][safepoint    ] Safepoint "Cleanup", Time since last: 1000291103 ns, Reaching safepoint: 1068565 ns, At safepoint: 82950 ns, Total: 1151515 ns
[2020-08-12T15:36:24.087+0000][6][safepoint    ] Safepoint "Cleanup", Time since last: 1000108929 ns, Reaching safepoint: 576133 ns, At safepoint: 43837 ns, Total: 619970 ns
[2020-08-12T15:36:25.088+0000][6][safepoint    ] Safepoint "Cleanup", Time since last: 1000586025 ns, Reaching safepoint: 888042 ns, At safepoint: 44137 ns, Total: 932179 ns
[2020-08-12T15:36:26.089+0000][6][safepoint    ] Safepoint "Cleanup", Time since last: 1000319615 ns, Reaching safepoint: 666045 ns, At safepoint: 33524 ns, Total: 699569 ns
[2020-08-12T15:36:27.090+0000][6][safepoint    ] Safepoint "Cleanup", Time since last: 1000245966 ns, Reaching safepoint: 671382 ns, At safepoint: 64924 ns, Total: 736306 ns
[2020-08-12T15:36:28.165+0000][6][safepoint    ] Safepoint "Cleanup", Time since last: 1074622948 ns, Reaching safepoint: 550133 ns, At safepoint: 22000 ns, Total: 572133 ns
[2020-08-12T15:36:29.279+0000][6][safepoint    ] Safepoint "Cleanup", Time since last: 1112846611 ns, Reaching safepoint: 335185 ns, At safepoint: 18300 ns, Total: 353485 ns
[2020-08-12T15:36:30.280+0000][6][safepoint    ] Safepoint "Cleanup", Time since last: 1000246153 ns, Reaching safepoint: 906830 ns, At safepoint: 44037 ns, Total: 950867 ns
[2020-08-12T15:36:31.281+0000][6][safepoint    ] Safepoint "Cleanup", Time since last: 1000329602 ns, Reaching safepoint: 381897 ns, At safepoint: 18975 ns, Total: 400872 ns
[2020-08-12T15:36:32.282+0000][6][safepoint    ] Safepoint "Cleanup", Time since last: 1000318090 ns, Reaching safepoint: 845580 ns, At safepoint: 44275 ns, Total: 889855 ns
[2020-08-12T15:36:33.283+0000][6][safepoint    ] Safepoint "Cleanup", Time since last: 1000337477 ns, Reaching safepoint: 644032 ns, At safepoint: 31250 ns, Total: 675282 ns
[2020-08-12T15:36:35.086+0000][6][safepoint    ] Safepoint "Cleanup", Time since last: 1802618649 ns, Reaching safepoint: 853368 ns, At safepoint: 46374 ns, Total: 899742 ns
[2020-08-12T15:36:36.087+0000][6][safepoint    ] Safepoint "Cleanup", Time since last: 1000295653 ns, Reaching safepoint: 444609 ns, At safepoint: 45362 ns, Total: 489971 ns
[2020-08-12T15:36:37.088+0000][6][safepoint    ] Safepoint "Cleanup", Time since last: 1000237503 ns, Reaching safepoint: 354309 ns, At safepoint: 13950 ns, Total: 368259 ns
[2020-08-12T15:36:38.126+0000][6][safepoint    ] Safepoint "Cleanup", Time since last: 1037381414 ns, Reaching safepoint: 1105603 ns, At safepoint: 64462 ns, Total: 1170065 ns
[2020-08-12T15:36:40.083+0000][6][safepoint    ] Safepoint "Cleanup", Time since last: 1956012723 ns, Reaching safepoint: 590157 ns, At safepoint: 43912 ns, Total: 634069 ns
[2020-08-12T15:36:41.084+0000][6][safepoint    ] Safepoint "Cleanup", Time since last: 1000352078 ns, Reaching safepoint: 404071 ns, At safepoint: 55625 ns, Total: 459696 ns
[2020-08-12T15:36:42.085+0000][6][safepoint    ] Safepoint "Cleanup", Time since last: 1000351402 ns, Reaching safepoint: 768756 ns, At safepoint: 43587 ns, Total: 812343 ns
[2020-08-12T15:36:43.086+0000][6][safepoint    ] Safepoint "Cleanup", Time since last: 1000405590 ns, Reaching safepoint: 781043 ns, At safepoint: 34724 ns, Total: 815767 ns
[2020-08-12T15:36:45.086+0000][6][safepoint    ] Safepoint "Cleanup", Time since last: 1999405454 ns, Reaching safepoint: 872080 ns, At safepoint: 46812 ns, Total: 918892 ns
[2020-08-12T15:36:46.087+0000][6][safepoint    ] Safepoint "Cleanup", Time since last: 1000283140 ns, Reaching safepoint: 441896 ns, At safepoint: 24913 ns, Total: 466809 ns
[2020-08-12T15:36:47.089+0000][6][safepoint    ] Safepoint "Cleanup", Time since last: 1000266215 ns, Reaching safepoint: 1113378 ns, At safepoint: 63050 ns, Total: 1176428 ns
[2020-08-12T15:36:48.286+0000][6][safepoint    ] Safepoint "Cleanup", Time since last: 1196699660 ns, Reaching safepoint: 742169 ns, At safepoint: 29787 ns, Total: 771956 ns
[2020-08-12T15:36:49.287+0000][6][safepoint    ] Safepoint "Cleanup", Time since last: 1000224191 ns, Reaching safepoint: 470483 ns, At safepoint: 25063 ns, Total: 495546 ns
[2020-08-12T15:36:50.288+0000][6][safepoint    ] Safepoint "Cleanup", Time since last: 1000280903 ns, Reaching safepoint: 793105 ns, At safepoint: 43662 ns, Total: 836767 ns
[2020-08-12T15:36:51.289+0000][6][safepoint    ] Safepoint "Cleanup", Time since last: 1000495226 ns, Reaching safepoint: 815743 ns, At safepoint: 69162 ns, Total: 884905 ns
[2020-08-12T15:36:52.290+0000][6][safepoint    ] Safepoint "Cleanup", Time since last: 1000334202 ns, Reaching safepoint: 795869 ns, At safepoint: 44149 ns, Total: 840018 ns
[2020-08-12T15:36:53.291+0000][6][safepoint    ] Safepoint "Cleanup", Time since last: 1000289778 ns, Reaching safepoint: 637357 ns, At safepoint: 27512 ns, Total: 664869 ns
[2020-08-12T15:36:55.087+0000][6][safepoint    ] Safepoint "Cleanup", Time since last: 1794840306 ns, Reaching safepoint: 454170 ns, At safepoint: 23500 ns, Total: 477670 ns
[2020-08-12T15:36:56.087+0000][6][safepoint    ] Safepoint "Cleanup", Time since last: 1000236129 ns, Reaching safepoint: 386959 ns, At safepoint: 20325 ns, Total: 407284 ns
[2020-08-12T15:36:57.089+0000][6][safepoint    ] Safepoint "Cleanup", Time since last: 1000224803 ns, Reaching safepoint: 1048653 ns, At safepoint: 50525 ns, Total: 1099178 ns
[2020-08-12T15:36:58.183+0000][6][safepoint    ] Safepoint "Cleanup", Time since last: 1093439920 ns, Reaching safepoint: 637069 ns, At safepoint: 25475 ns, Total: 662544 ns
[2020-08-12T15:36:58.384+0000][6][safepoint    ] Safepoint "BulkRevokeBias", Time since last: 196109535 ns, Reaching safepoint: 2722677 ns, At safepoint: 2807900 ns, Total: 5530577 ns
[2020-08-12T15:37:00.084+0000][6][safepoint    ] Safepoint "Cleanup", Time since last: 1699120023 ns, Reaching safepoint: 726931 ns, At safepoint: 43875 ns, Total: 770806 ns
[2020-08-12T15:37:01.085+0000][6][safepoint    ] Safepoint "Cleanup", Time since last: 1000362027 ns, Reaching safepoint: 687932 ns, At safepoint: 44262 ns, Total: 732194 ns
[2020-08-12T15:37:02.086+0000][6][safepoint    ] Safepoint "Cleanup", Time since last: 1000343165 ns, Reaching safepoint: 630869 ns, At safepoint: 44475 ns, Total: 675344 ns
[2020-08-12T15:37:03.087+0000][6][safepoint    ] Safepoint "Cleanup", Time since last: 1000325877 ns, Reaching safepoint: 643045 ns, At safepoint: 44287 ns, Total: 687332 ns
[2020-08-12T15:37:05.086+0000][6][safepoint    ] Safepoint "Cleanup", Time since last: 1998318488 ns, Reaching safepoint: 600357 ns, At safepoint: 45387 ns, Total: 645744 ns
[2020-08-12T15:37:06.087+0000][6][safepoint    ] Safepoint "Cleanup", Time since last: 1000289616 ns, Reaching safepoint: 470696 ns, At safepoint: 57087 ns, Total: 527783 ns
[2020-08-12T15:37:07.088+0000][6][safepoint    ] Safepoint "Cleanup", Time since last: 1000286090 ns, Reaching safepoint: 502121 ns, At safepoint: 26474 ns, Total: 528595 ns
[2020-08-12T15:37:08.198+0000][6][safepoint    ] Safepoint "Cleanup", Time since last: 1109784476 ns, Reaching safepoint: 653045 ns, At safepoint: 25837 ns, Total: 678882 ns
[2020-08-12T15:37:09.199+0000][6][safepoint    ] Safepoint "Cleanup", Time since last: 1000265728 ns, Reaching safepoint: 491996 ns, At safepoint: 36374 ns, Total: 528370 ns
[2020-08-12T15:37:10.200+0000][6][safepoint    ] Safepoint "Cleanup", Time since last: 1000287216 ns, Reaching safepoint: 623794 ns, At safepoint: 44062 ns, Total: 667856 ns
[2020-08-12T15:37:11.201+0000][6][safepoint    ] Safepoint "Cleanup", Time since last: 1000326665 ns, Reaching safepoint: 514071 ns, At safepoint: 44887 ns, Total: 558958 ns
[2020-08-12T15:37:12.202+0000][6][safepoint    ] Safepoint "Cleanup", Time since last: 1000392927 ns, Reaching safepoint: 664332 ns, At safepoint: 52974 ns, Total: 717306 ns
[2020-08-12T15:37:13.203+0000][6][safepoint    ] Safepoint "Cleanup", Time since last: 1000292878 ns, Reaching safepoint: 597307 ns, At safepoint: 24538 ns, Total: 621845 ns
[2020-08-12T15:37:14.091+0000][6][safepoint    ] Safepoint "BulkRevokeBias", Time since last: 885064080 ns, Reaching safepoint: 604882 ns, At safepoint: 2508353 ns, Total: 3113235 ns
[2020-08-12T15:37:15.094+0000][6][safepoint    ] Safepoint "Cleanup", Time since last: 1001842877 ns, Reaching safepoint: 674331 ns, At safepoint: 55437 ns, Total: 729768 ns
[2020-08-12T15:37:16.095+0000][6][safepoint    ] Safepoint "Cleanup", Time since last: 1000447902 ns, Reaching safepoint: 777818 ns, At safepoint: 34025 ns, Total: 811843 ns
[2020-08-12T15:37:17.096+0000][6][safepoint    ] Safepoint "Cleanup", Time since last: 1000250753 ns, Reaching safepoint: 720419 ns, At safepoint: 54412 ns, Total: 774831 ns
[2020-08-12T15:37:18.189+0000][6][safepoint    ] Safepoint "Cleanup", Time since last: 1092613552 ns, Reaching safepoint: 573983 ns, At safepoint: 25587 ns, Total: 599570 ns
[2020-08-12T15:37:20.091+0000][6][safepoint    ] Safepoint "Cleanup", Time since last: 1900511474 ns, Reaching safepoint: 709444 ns, At safepoint: 53462 ns, Total: 762906 ns
[2020-08-12T15:37:21.091+0000][6][safepoint    ] Safepoint "Cleanup", Time since last: 1000346603 ns, Reaching safepoint: 467308 ns, At safepoint: 43587 ns, Total: 510895 ns
[2020-08-12T15:37:22.093+0000][6][safepoint    ] Safepoint "Cleanup", Time since last: 1000346303 ns, Reaching safepoint: 894779 ns, At safepoint: 44275 ns, Total: 939054 ns
[2020-08-12T15:37:23.094+0000][6][safepoint    ] Safepoint "Cleanup", Time since last: 1000407152 ns, Reaching safepoint: 1076003 ns, At safepoint: 54537 ns, Total: 1130540 ns
[2020-08-12T15:37:25.092+0000][6][safepoint    ] Safepoint "Cleanup", Time since last: 1996345543 ns, Reaching safepoint: 856055 ns, At safepoint: 44112 ns, Total: 900167 ns
[2020-08-12T15:37:26.092+0000][6][safepoint    ] Safepoint "Cleanup", Time since last: 1000296465 ns, Reaching safepoint: 455759 ns, At safepoint: 20237 ns, Total: 475996 ns
[2020-08-12T15:37:27.093+0000][6][safepoint    ] Safepoint "Cleanup", Time since last: 1000207204 ns, Reaching safepoint: 736056 ns, At safepoint: 30200 ns, Total: 766256 ns
[2020-08-12T15:37:28.259+0000][6][safepoint    ] Safepoint "Cleanup", Time since last: 1164739054 ns, Reaching safepoint: 808856 ns, At safepoint: 65111 ns, Total: 873967 ns
[2020-08-12T15:37:29.501+0000][6][safepoint    ] Safepoint "Cleanup", Time since last: 1241301431 ns, Reaching safepoint: 862667 ns, At safepoint: 44962 ns, Total: 907629 ns
[2020-08-12T15:37:30.502+0000][6][safepoint    ] Safepoint "Cleanup", Time since last: 1000354790 ns, Reaching safepoint: 634332 ns, At safepoint: 45550 ns, Total: 679882 ns
[2020-08-12T15:37:31.503+0000][6][safepoint    ] Safepoint "Cleanup", Time since last: 1000346764 ns, Reaching safepoint: 658082 ns, At safepoint: 46425 ns, Total: 704507 ns
[2020-08-12T15:37:32.505+0000][6][safepoint    ] Safepoint "Cleanup", Time since last: 1000324402 ns, Reaching safepoint: 965154 ns, At safepoint: 51113 ns, Total: 1016267 ns
[2020-08-12T15:37:33.505+0000][6][safepoint    ] Safepoint "Cleanup", Time since last: 1000298027 ns, Reaching safepoint: 279435 ns, At safepoint: 10963 ns, Total: 290398 ns
[2020-08-12T15:37:35.091+0000][6][safepoint    ] Safepoint "Cleanup", Time since last: 1585816846 ns, Reaching safepoint: 510770 ns, At safepoint: 26313 ns, Total: 537083 ns
[2020-08-12T15:37:36.092+0000][6][safepoint    ] Safepoint "Cleanup", Time since last: 1000233841 ns, Reaching safepoint: 510945 ns, At safepoint: 56275 ns, Total: 567220 ns
[2020-08-12T15:37:37.093+0000][6][safepoint    ] Safepoint "Cleanup", Time since last: 1000287078 ns, Reaching safepoint: 613769 ns, At safepoint: 24875 ns, Total: 638644 ns
[2020-08-12T15:37:38.153+0000][6][safepoint    ] Safepoint "Cleanup", Time since last: 1058622827 ns, Reaching safepoint: 997166 ns, At safepoint: 97912 ns, Total: 1095078 ns
[2020-08-12T15:37:40.095+0000][6][safepoint    ] Safepoint "Cleanup", Time since last: 1941453364 ns, Reaching safepoint: 994928 ns, At safepoint: 63987 ns, Total: 1058915 ns
[2020-08-12T15:37:41.097+0000][6][safepoint    ] Safepoint "Cleanup", Time since last: 1000350952 ns, Reaching safepoint: 907992 ns, At safepoint: 43813 ns, Total: 951805 ns
[2020-08-12T15:37:42.098+0000][6][safepoint    ] Safepoint "Cleanup", Time since last: 1000505713 ns, Reaching safepoint: 973117 ns, At safepoint: 43787 ns, Total: 1016904 ns
[2020-08-12T15:37:43.100+0000][6][safepoint    ] Safepoint "Cleanup", Time since last: 1000341527 ns, Reaching safepoint: 1179240 ns, At safepoint: 64124 ns, Total: 1243364 ns
[2020-08-12T15:37:45.096+0000][6][safepoint    ] Safepoint "Cleanup", Time since last: 1995485488 ns, Reaching safepoint: 865018 ns, At safepoint: 45974 ns, Total: 910992 ns
[2020-08-12T15:37:46.097+0000][6][safepoint    ] Safepoint "Cleanup", Time since last: 1000330041 ns, Reaching safepoint: 613582 ns, At safepoint: 44874 ns, Total: 658456 ns
[2020-08-12T15:37:47.099+0000][6][safepoint    ] Safepoint "Cleanup", Time since last: 1000341703 ns, Reaching safepoint: 1023991 ns, At safepoint: 62612 ns, Total: 1086603 ns
[2020-08-12T15:37:48.245+0000][6][safepoint    ] Safepoint "Cleanup", Time since last: 1145677422 ns, Reaching safepoint: 934867 ns, At safepoint: 48987 ns, Total: 983854 ns
[2020-08-12T15:37:49.246+0000][6][safepoint    ] Safepoint "Cleanup", Time since last: 1000267203 ns, Reaching safepoint: 537845 ns, At safepoint: 23587 ns, Total: 561432 ns
[2020-08-12T15:37:50.247+0000][6][safepoint    ] Safepoint "Cleanup", Time since last: 1000275129 ns, Reaching safepoint: 822555 ns, At safepoint: 44275 ns, Total: 866830 ns
[2020-08-12T15:37:51.248+0000][6][safepoint    ] Safepoint "Cleanup", Time since last: 1000316889 ns, Reaching safepoint: 686207 ns, At safepoint: 44400 ns, Total: 730607 ns
[2020-08-12T15:37:52.249+0000][6][safepoint    ] Safepoint "Cleanup", Time since last: 1000338378 ns, Reaching safepoint: 663519 ns, At safepoint: 45787 ns, Total: 709306 ns
[2020-08-12T15:37:53.250+0000][6][safepoint    ] Safepoint "Cleanup", Time since last: 1000372202 ns, Reaching safepoint: 648094 ns, At safepoint: 55812 ns, Total: 703906 ns
[2020-08-12T15:37:55.105+0000][6][safepoint    ] Safepoint "Cleanup", Time since last: 1853687675 ns, Reaching safepoint: 524933 ns, At safepoint: 43987 ns, Total: 568920 ns
[2020-08-12T15:37:56.106+0000][6][safepoint    ] Safepoint "Cleanup", Time since last: 1000380302 ns, Reaching safepoint: 379197 ns, At safepoint: 57574 ns, Total: 436771 ns
[2020-08-12T15:37:57.106+0000][6][safepoint    ] Safepoint "Cleanup", Time since last: 1000301903 ns, Reaching safepoint: 619419 ns, At safepoint: 39000 ns, Total: 658419 ns
[2020-08-12T15:37:58.253+0000][6][safepoint    ] Safepoint "Cleanup", Time since last: 1145108040 ns, Reaching safepoint: 958529 ns, At safepoint: 64874 ns, Total: 1023403 ns
[2020-08-12T15:38:00.098+0000][6][safepoint    ] Safepoint "Cleanup", Time since last: 1844616630 ns, Reaching safepoint: 587207 ns, At safepoint: 94449 ns, Total: 681656 ns
[2020-08-12T15:38:01.099+0000][6][safepoint    ] Safepoint "Cleanup", Time since last: 1000344178 ns, Reaching safepoint: 472258 ns, At safepoint: 44637 ns, Total: 516895 ns
[2020-08-12T15:38:02.100+0000][6][safepoint    ] Safepoint "Cleanup", Time since last: 1000460302 ns, Reaching safepoint: 564995 ns, At safepoint: 98386 ns, Total: 663381 ns
[2020-08-12T15:38:03.101+0000][6][safepoint    ] Safepoint "Cleanup", Time since last: 1000314103 ns, Reaching safepoint: 580357 ns, At safepoint: 36663 ns, Total: 617020 ns
[2020-08-12T15:38:05.100+0000][6][safepoint    ] Safepoint "Cleanup", Time since last: 1997968391 ns, Reaching safepoint: 846080 ns, At safepoint: 43987 ns, Total: 890067 ns
[2020-08-12T15:38:06.101+0000][6][safepoint    ] Safepoint "Cleanup", Time since last: 1000385202 ns, Reaching safepoint: 481009 ns, At safepoint: 25349 ns, Total: 506358 ns
[2020-08-12T15:38:07.102+0000][6][safepoint    ] Safepoint "Cleanup", Time since last: 1000310166 ns, Reaching safepoint: 930916 ns, At safepoint: 111899 ns, Total: 1042815 ns
[2020-08-12T15:38:08.258+0000][6][safepoint    ] Safepoint "Cleanup", Time since last: 1156100494 ns, Reaching safepoint: 391721 ns, At safepoint: 13162 ns, Total: 404883 ns
[2020-08-12T15:38:09.259+0000][6][safepoint    ] Safepoint "Cleanup", Time since last: 1000175367 ns, Reaching safepoint: 400734 ns, At safepoint: 19762 ns, Total: 420496 ns
[2020-08-12T15:38:10.260+0000][6][safepoint    ] Safepoint "Cleanup", Time since last: 1000259841 ns, Reaching safepoint: 621819 ns, At safepoint: 46412 ns, Total: 668231 ns
[2020-08-12T15:38:11.262+0000][6][safepoint    ] Safepoint "Cleanup", Time since last: 1000373890 ns, Reaching safepoint: 1186302 ns, At safepoint: 52662 ns, Total: 1238964 ns
[2020-08-12T15:38:12.263+0000][6][safepoint    ] Safepoint "Cleanup", Time since last: 1000340165 ns, Reaching safepoint: 765156 ns, At safepoint: 43337 ns, Total: 808493 ns
[2020-08-12T15:38:13.264+0000][6][safepoint    ] Safepoint "Cleanup", Time since last: 1000367315 ns, Reaching safepoint: 698681 ns, At safepoint: 41500 ns, Total: 740181 ns
[2020-08-12T15:38:15.100+0000][6][safepoint    ] Safepoint "Cleanup", Time since last: 1835102613 ns, Reaching safepoint: 601645 ns, At safepoint: 55199 ns, Total: 656844 ns
[2020-08-12T15:38:16.100+0000][6][safepoint    ] Safepoint "Cleanup", Time since last: 1000291591 ns, Reaching safepoint: 361321 ns, At safepoint: 16263 ns, Total: 377584 ns
[2020-08-12T15:38:17.101+0000][6][safepoint    ] Safepoint "Cleanup", Time since last: 1000169316 ns, Reaching safepoint: 564595 ns, At safepoint: 22950 ns, Total: 587545 ns
[2020-08-12T15:38:18.151+0000][6][safepoint    ] Safepoint "Cleanup", Time since last: 1049491882 ns, Reaching safepoint: 530108 ns, At safepoint: 25600 ns, Total: 555708 ns
[2020-08-12T15:38:20.101+0000][6][safepoint    ] Safepoint "Cleanup", Time since last: 1949372019 ns, Reaching safepoint: 639982 ns, At safepoint: 44175 ns, Total: 684157 ns
[2020-08-12T15:38:21.102+0000][6][safepoint    ] Safepoint "Cleanup", Time since last: 1000346665 ns, Reaching safepoint: 540895 ns, At safepoint: 44462 ns, Total: 585357 ns
[2020-08-12T15:38:22.103+0000][6][safepoint    ] Safepoint "Cleanup", Time since last: 1000340390 ns, Reaching safepoint: 639757 ns, At safepoint: 44024 ns, Total: 683781 ns
[2020-08-12T15:38:23.106+0000][6][safepoint    ] Safepoint "Cleanup", Time since last: 1001876614 ns, Reaching safepoint: 1429025 ns, At safepoint: 32825 ns, Total: 1461850 ns
[2020-08-12T15:38:25.102+0000][6][safepoint    ] Safepoint "Cleanup", Time since last: 1994571234 ns, Reaching safepoint: 767905 ns, At safepoint: 44125 ns, Total: 812030 ns
[2020-08-12T15:38:26.102+0000][6][safepoint    ] Safepoint "Cleanup", Time since last: 1000331590 ns, Reaching safepoint: 247748 ns, At safepoint: 11637 ns, Total: 259385 ns
[2020-08-12T15:38:27.103+0000][6][safepoint    ] Safepoint "Cleanup", Time since last: 1000181192 ns, Reaching safepoint: 766205 ns, At safepoint: 37938 ns, Total: 804143 ns
[2020-08-12T15:38:27.248+0000][6][safepoint    ] Safepoint "BulkRevokeBias", Time since last: 142371821 ns, Reaching safepoint: 673856 ns, At safepoint: 1377313 ns, Total: 2051169 ns
[2020-08-12T15:38:28.249+0000][6][safepoint    ] Safepoint "Cleanup", Time since last: 1000264366 ns, Reaching safepoint: 1052928 ns, At safepoint: 76312 ns, Total: 1129240 ns
[2020-08-12T15:38:29.435+0000][6][safepoint    ] Safepoint "Cleanup", Time since last: 1185019601 ns, Reaching safepoint: 533233 ns, At safepoint: 55274 ns, Total: 588507 ns
[2020-08-12T15:38:30.436+0000][6][safepoint    ] Safepoint "Cleanup", Time since last: 1000411177 ns, Reaching safepoint: 592345 ns, At safepoint: 93012 ns, Total: 685357 ns
[2020-08-12T15:38:31.437+0000][6][safepoint    ] Safepoint "Cleanup", Time since last: 1000368352 ns, Reaching safepoint: 528995 ns, At safepoint: 45125 ns, Total: 574120 ns
[2020-08-12T15:38:32.438+0000][6][safepoint    ] Safepoint "Cleanup", Time since last: 1000391627 ns, Reaching safepoint: 566932 ns, At safepoint: 44112 ns, Total: 611044 ns
[2020-08-12T15:38:33.439+0000][6][safepoint    ] Safepoint "Cleanup", Time since last: 1000408152 ns, Reaching safepoint: 455809 ns, At safepoint: 44012 ns, Total: 499821 ns
[2020-08-12T15:38:35.102+0000][6][safepoint    ] Safepoint "Cleanup", Time since last: 1662207548 ns, Reaching safepoint: 767706 ns, At safepoint: 43137 ns, Total: 810843 ns
[2020-08-12T15:38:36.103+0000][6][safepoint    ] Safepoint "Cleanup", Time since last: 1000404002 ns, Reaching safepoint: 825968 ns, At safepoint: 44362 ns, Total: 870330 ns
[2020-08-12T15:38:37.106+0000][6][safepoint    ] Safepoint "Cleanup", Time since last: 1000947047 ns, Reaching safepoint: 1662535 ns, At safepoint: 77437 ns, Total: 1739972 ns
[2020-08-12T15:38:38.137+0000][6][safepoint    ] Safepoint "Cleanup", Time since last: 1030509899 ns, Reaching safepoint: 784444 ns, At safepoint: 38599 ns, Total: 823043 ns
[2020-08-12T15:38:40.101+0000][6][safepoint    ] Safepoint "Cleanup", Time since last: 1963479995 ns, Reaching safepoint: 616707 ns, At safepoint: 44675 ns, Total: 661382 ns
[2020-08-12T15:38:41.102+0000][6][safepoint    ] Safepoint "Cleanup", Time since last: 1000351365 ns, Reaching safepoint: 611157 ns, At safepoint: 44224 ns, Total: 655381 ns
[2020-08-12T15:38:42.103+0000][6][safepoint    ] Safepoint "Cleanup", Time since last: 1000346403 ns, Reaching safepoint: 699519 ns, At safepoint: 44212 ns, Total: 743731 ns
[2020-08-12T15:38:43.104+0000][6][safepoint    ] Safepoint "Cleanup", Time since last: 1000336365 ns, Reaching safepoint: 755631 ns, At safepoint: 57549 ns, Total: 813180 ns
[2020-08-12T15:38:45.104+0000][6][safepoint    ] Safepoint "Cleanup", Time since last: 1998987645 ns, Reaching safepoint: 902755 ns, At safepoint: 43949 ns, Total: 946704 ns
[2020-08-12T15:38:46.105+0000][6][safepoint    ] Safepoint "Cleanup", Time since last: 1000308091 ns, Reaching safepoint: 609819 ns, At safepoint: 25012 ns, Total: 634831 ns
[2020-08-12T15:38:47.107+0000][6][safepoint    ] Safepoint "Cleanup", Time since last: 1000261141 ns, Reaching safepoint: 1067678 ns, At safepoint: 53937 ns, Total: 1121615 ns
[2020-08-12T15:38:48.187+0000][6][safepoint    ] Safepoint "Cleanup", Time since last: 1079777566 ns, Reaching safepoint: 782668 ns, At safepoint: 35862 ns, Total: 818530 ns
[2020-08-12T15:38:49.188+0000][6][safepoint    ] Safepoint "Cleanup", Time since last: 1000306403 ns, Reaching safepoint: 595345 ns, At safepoint: 39512 ns, Total: 634857 ns
[2020-08-12T15:38:50.189+0000][6][safepoint    ] Safepoint "Cleanup", Time since last: 1000331640 ns, Reaching safepoint: 628369 ns, At safepoint: 43925 ns, Total: 672294 ns
[2020-08-12T15:38:51.190+0000][6][safepoint    ] Safepoint "Cleanup", Time since last: 1000308015 ns, Reaching safepoint: 522720 ns, At safepoint: 56425 ns, Total: 579145 ns
[2020-08-12T15:38:52.191+0000][6][safepoint    ] Safepoint "Cleanup", Time since last: 1000363327 ns, Reaching safepoint: 631132 ns, At safepoint: 43937 ns, Total: 675069 ns
[2020-08-12T15:38:53.192+0000][6][safepoint    ] Safepoint "Cleanup", Time since last: 1000299253 ns, Reaching safepoint: 686919 ns, At safepoint: 32325 ns, Total: 719244 ns
[2020-08-12T15:38:55.102+0000][6][safepoint    ] Safepoint "Cleanup", Time since last: 1909421496 ns, Reaching safepoint: 687494 ns, At safepoint: 44325 ns, Total: 731819 ns
[2020-08-12T15:38:56.103+0000][6][safepoint    ] Safepoint "Cleanup", Time since last: 1000293940 ns, Reaching safepoint: 370659 ns, At safepoint: 17775 ns, Total: 388434 ns
[2020-08-12T15:38:57.104+0000][6][safepoint    ] Safepoint "Cleanup", Time since last: 1000213779 ns, Reaching safepoint: 908379 ns, At safepoint: 44387 ns, Total: 952766 ns
[2020-08-12T15:38:58.194+0000][6][safepoint    ] Safepoint "Cleanup", Time since last: 1088730449 ns, Reaching safepoint: 1067566 ns, At safepoint: 54824 ns, Total: 1122390 ns
[2020-08-12T15:38:58.536+0000][6][safepoint    ] Safepoint "BulkRevokeBias", Time since last: 338722542 ns, Reaching safepoint: 1378626 ns, At safepoint: 2191880 ns, Total: 3570506 ns
[2020-08-12T15:39:00.106+0000][6][safepoint    ] Safepoint "Cleanup", Time since last: 1568442400 ns, Reaching safepoint: 901992 ns, At safepoint: 43724 ns, Total: 945716 ns
[2020-08-12T15:39:01.106+0000][6][safepoint    ] Safepoint "Cleanup", Time since last: 1000331078 ns, Reaching safepoint: 347084 ns, At safepoint: 16475 ns, Total: 363559 ns
[2020-08-12T15:39:02.107+0000][6][safepoint    ] Safepoint "Cleanup", Time since last: 1000265053 ns, Reaching safepoint: 653094 ns, At safepoint: 44750 ns, Total: 697844 ns
[2020-08-12T15:39:03.109+0000][6][safepoint    ] Safepoint "Cleanup", Time since last: 1000320090 ns, Reaching safepoint: 887692 ns, At safepoint: 42712 ns, Total: 930404 ns
[2020-08-12T15:39:05.104+0000][6][safepoint    ] Safepoint "Cleanup", Time since last: 1994730383 ns, Reaching safepoint: 980016 ns, At safepoint: 71700 ns, Total: 1051716 ns
[2020-08-12T15:39:06.105+0000][6][safepoint    ] Safepoint "Cleanup", Time since last: 1000309952 ns, Reaching safepoint: 510508 ns, At safepoint: 34287 ns, Total: 544795 ns
[2020-08-12T15:39:07.106+0000][6][safepoint    ] Safepoint "Cleanup", Time since last: 1000247729 ns, Reaching safepoint: 531333 ns, At safepoint: 22474 ns, Total: 553807 ns
[2020-08-12T15:39:08.146+0000][6][safepoint    ] Safepoint "Cleanup", Time since last: 1039122749 ns, Reaching safepoint: 1017953 ns, At safepoint: 44275 ns, Total: 1062228 ns
[2020-08-12T15:39:09.162+0000][6][safepoint    ] Safepoint "Cleanup", Time since last: 1014759625 ns, Reaching safepoint: 748181 ns, At safepoint: 36575 ns, Total: 784756 ns
[2020-08-12T15:39:10.163+0000][6][safepoint    ] Safepoint "Cleanup", Time since last: 1000337990 ns, Reaching safepoint: 582045 ns, At safepoint: 33562 ns, Total: 615607 ns
[2020-08-12T15:39:11.163+0000][6][safepoint    ] Safepoint "Cleanup", Time since last: 1000364740 ns, Reaching safepoint: 246235 ns, At safepoint: 11075 ns, Total: 257310 ns
[2020-08-12T15:39:12.164+0000][6][safepoint    ] Safepoint "Cleanup", Time since last: 1000205104 ns, Reaching safepoint: 668081 ns, At safepoint: 37962 ns, Total: 706043 ns
[2020-08-12T15:39:13.165+0000][6][safepoint    ] Safepoint "Cleanup", Time since last: 1000277954 ns, Reaching safepoint: 670356 ns, At safepoint: 31662 ns, Total: 702018 ns
[2020-08-12T15:39:15.108+0000][6][safepoint    ] Safepoint "Cleanup", Time since last: 1942047997 ns, Reaching safepoint: 644569 ns, At safepoint: 47250 ns, Total: 691819 ns
[2020-08-12T15:39:16.109+0000][6][safepoint    ] Safepoint "Cleanup", Time since last: 1000294528 ns, Reaching safepoint: 420408 ns, At safepoint: 19363 ns, Total: 439771 ns
[2020-08-12T15:39:17.109+0000][6][safepoint    ] Safepoint "Cleanup", Time since last: 1000252990 ns, Reaching safepoint: 381047 ns, At safepoint: 21250 ns, Total: 402297 ns
[2020-08-12T15:39:18.159+0000][6][safepoint    ] Safepoint "Cleanup", Time since last: 1048905762 ns, Reaching safepoint: 779831 ns, At safepoint: 37737 ns, Total: 817568 ns
[2020-08-12T15:39:20.107+0000][6][safepoint    ] Safepoint "Cleanup", Time since last: 1947079127 ns, Reaching safepoint: 569795 ns, At safepoint: 43800 ns, Total: 613595 ns
[2020-08-12T15:39:21.108+0000][6][safepoint    ] Safepoint "Cleanup", Time since last: 1000395801 ns, Reaching safepoint: 285635 ns, At safepoint: 12725 ns, Total: 298360 ns
[2020-08-12T15:39:22.108+0000][6][safepoint    ] Safepoint "Cleanup", Time since last: 1000221666 ns, Reaching safepoint: 672482 ns, At safepoint: 46412 ns, Total: 718894 ns
[2020-08-12T15:39:23.110+0000][6][safepoint    ] Safepoint "Cleanup", Time since last: 1000321965 ns, Reaching safepoint: 974117 ns, At safepoint: 73987 ns, Total: 1048104 ns
[2020-08-12T15:39:25.111+0000][6][safepoint    ] Safepoint "Cleanup", Time since last: 1999756988 ns, Reaching safepoint: 863530 ns, At safepoint: 43449 ns, Total: 906979 ns
[2020-08-12T15:39:26.111+0000][6][safepoint    ] Safepoint "Cleanup", Time since last: 1000298141 ns, Reaching safepoint: 428721 ns, At safepoint: 19262 ns, Total: 447983 ns
[2020-08-12T15:39:27.113+0000][6][safepoint    ] Safepoint "Cleanup", Time since last: 1000220429 ns, Reaching safepoint: 1007103 ns, At safepoint: 45612 ns, Total: 1052715 ns
[2020-08-12T15:39:28.261+0000][6][safepoint    ] Safepoint "Cleanup", Time since last: 1147646205 ns, Reaching safepoint: 1109316 ns, At safepoint: 65462 ns, Total: 1174778 ns
[2020-08-12T15:39:29.522+0000][6][safepoint    ] Safepoint "Cleanup", Time since last: 1259920453 ns, Reaching safepoint: 1016854 ns, At safepoint: 74899 ns, Total: 1091753 ns
[2020-08-12T15:39:30.523+0000][6][safepoint    ] Safepoint "Cleanup", Time since last: 1000349990 ns, Reaching safepoint: 666044 ns, At safepoint: 44350 ns, Total: 710394 ns
[2020-08-12T15:39:31.524+0000][6][safepoint    ] Safepoint "Cleanup", Time since last: 1000338078 ns, Reaching safepoint: 636444 ns, At safepoint: 43900 ns, Total: 680344 ns
[2020-08-12T15:39:32.526+0000][6][safepoint    ] Safepoint "Cleanup", Time since last: 1000391901 ns, Reaching safepoint: 843568 ns, At safepoint: 58312 ns, Total: 901880 ns
[2020-08-12T15:39:33.526+0000][6][safepoint    ] Safepoint "Cleanup", Time since last: 1000385340 ns, Reaching safepoint: 238673 ns, At safepoint: 11712 ns, Total: 250385 ns
[2020-08-12T15:39:35.106+0000][6][safepoint    ] Safepoint "Cleanup", Time since last: 1579291879 ns, Reaching safepoint: 436746 ns, At safepoint: 57174 ns, Total: 493920 ns
[2020-08-12T15:39:36.107+0000][6][safepoint    ] Safepoint "Cleanup", Time since last: 1000343228 ns, Reaching safepoint: 842417 ns, At safepoint: 43750 ns, Total: 886167 ns
[2020-08-12T15:39:37.109+0000][6][safepoint    ] Safepoint "Cleanup", Time since last: 1000333815 ns, Reaching safepoint: 842592 ns, At safepoint: 49063 ns, Total: 891655 ns
[2020-08-12T15:39:38.166+0000][6][safepoint    ] Safepoint "Cleanup", Time since last: 1056637469 ns, Reaching safepoint: 894029 ns, At safepoint: 68062 ns, Total: 962091 ns
[2020-08-12T15:39:40.110+0000][6][safepoint    ] Safepoint "Cleanup", Time since last: 1943491746 ns, Reaching safepoint: 619045 ns, At safepoint: 45662 ns, Total: 664707 ns
[2020-08-12T15:39:41.111+0000][6][safepoint    ] Safepoint "Cleanup", Time since last: 1000342603 ns, Reaching safepoint: 444746 ns, At safepoint: 44774 ns, Total: 489520 ns
[2020-08-12T15:39:42.112+0000][6][safepoint    ] Safepoint "Cleanup", Time since last: 1000309440 ns, Reaching safepoint: 595745 ns, At safepoint: 32187 ns, Total: 627932 ns
[2020-08-12T15:39:43.113+0000][6][safepoint    ] Safepoint "Cleanup", Time since last: 1000283241 ns, Reaching safepoint: 989204 ns, At safepoint: 59924 ns, Total: 1049128 ns
[2020-08-12T15:39:44.114+0000][6][safepoint    ] Safepoint "BulkRevokeBias", Time since last: 996720997 ns, Reaching safepoint: 874980 ns, At safepoint: 2471353 ns, Total: 3346333 ns
[2020-08-12T15:39:45.116+0000][6][safepoint    ] Safepoint "Cleanup", Time since last: 1001091571 ns, Reaching safepoint: 910479 ns, At safepoint: 43050 ns, Total: 953529 ns
[2020-08-12T15:39:46.116+0000][6][safepoint    ] Safepoint "Cleanup", Time since last: 1000281765 ns, Reaching safepoint: 363960 ns, At safepoint: 15150 ns, Total: 379110 ns
[2020-08-12T15:39:47.117+0000][6][safepoint    ] Safepoint "Cleanup", Time since last: 1000189391 ns, Reaching safepoint: 650057 ns, At safepoint: 27949 ns, Total: 678006 ns
[2020-08-12T15:39:48.197+0000][6][safepoint    ] Safepoint "Cleanup", Time since last: 1079301533 ns, Reaching safepoint: 715381 ns, At safepoint: 34024 ns, Total: 749405 ns
[2020-08-12T15:39:49.198+0000][6][safepoint    ] Safepoint "Cleanup", Time since last: 1000232266 ns, Reaching safepoint: 328235 ns, At safepoint: 19812 ns, Total: 348047 ns
[2020-08-12T15:39:50.199+0000][6][safepoint    ] Safepoint "Cleanup", Time since last: 1000206079 ns, Reaching safepoint: 558395 ns, At safepoint: 56662 ns, Total: 615057 ns
[2020-08-12T15:39:51.199+0000][6][safepoint    ] Safepoint "Cleanup", Time since last: 1000329253 ns, Reaching safepoint: 495020 ns, At safepoint: 23188 ns, Total: 518208 ns
[2020-08-12T15:39:52.201+0000][6][safepoint    ] Safepoint "Cleanup", Time since last: 1000248703 ns, Reaching safepoint: 840767 ns, At safepoint: 43700 ns, Total: 884467 ns
[2020-08-12T15:39:53.202+0000][6][safepoint    ] Safepoint "Cleanup", Time since last: 1000316715 ns, Reaching safepoint: 686844 ns, At safepoint: 33675 ns, Total: 720519 ns
[2020-08-12T15:39:55.114+0000][6][safepoint    ] Safepoint "Cleanup", Time since last: 1911097581 ns, Reaching safepoint: 813018 ns, At safepoint: 43112 ns, Total: 856130 ns
[2020-08-12T15:39:56.114+0000][6][safepoint    ] Safepoint "Cleanup", Time since last: 1000290353 ns, Reaching safepoint: 355259 ns, At safepoint: 16900 ns, Total: 372159 ns
[2020-08-12T15:39:57.115+0000][6][safepoint    ] Safepoint "Cleanup", Time since last: 1000198142 ns, Reaching safepoint: 1008503 ns, At safepoint: 44162 ns, Total: 1052665 ns
[2020-08-12T15:39:58.211+0000][6][safepoint    ] Safepoint "Cleanup", Time since last: 1094599448 ns, Reaching safepoint: 727631 ns, At safepoint: 30975 ns, Total: 758606 ns
[2020-08-12T15:40:00.110+0000][6][safepoint    ] Safepoint "Cleanup", Time since last: 1898587216 ns, Reaching safepoint: 790081 ns, At safepoint: 56937 ns, Total: 847018 ns
[2020-08-12T15:40:01.111+0000][6][safepoint    ] Safepoint "Cleanup", Time since last: 1000346615 ns, Reaching safepoint: 616244 ns, At safepoint: 44062 ns, Total: 660306 ns
[2020-08-12T15:40:02.112+0000][6][safepoint    ] Safepoint "Cleanup", Time since last: 1000353278 ns, Reaching safepoint: 654569 ns, At safepoint: 44274 ns, Total: 698843 ns
[2020-08-12T15:40:03.114+0000][6][safepoint    ] Safepoint "Cleanup", Time since last: 1000341715 ns, Reaching safepoint: 816106 ns, At safepoint: 57699 ns, Total: 873805 ns
[2020-08-12T15:40:05.112+0000][6][safepoint    ] Safepoint "Cleanup", Time since last: 1998177027 ns, Reaching safepoint: 654832 ns, At safepoint: 44899 ns, Total: 699731 ns
[2020-08-12T15:40:06.113+0000][6][safepoint    ] Safepoint "Cleanup", Time since last: 1000316791 ns, Reaching safepoint: 401921 ns, At safepoint: 19362 ns, Total: 421283 ns
[2020-08-12T15:40:07.114+0000][6][safepoint    ] Safepoint "Cleanup", Time since last: 1000246354 ns, Reaching safepoint: 708981 ns, At safepoint: 53525 ns, Total: 762506 ns
[2020-08-12T15:40:08.208+0000][6][safepoint    ] Safepoint "Cleanup", Time since last: 1092436179 ns, Reaching safepoint: 1026641 ns, At safepoint: 64674 ns, Total: 1091315 ns
[2020-08-12T15:40:09.209+0000][6][safepoint    ] Safepoint "Cleanup", Time since last: 1000364502 ns, Reaching safepoint: 499371 ns, At safepoint: 27125 ns, Total: 526496 ns
[2020-08-12T15:40:10.210+0000][6][safepoint    ] Safepoint "Cleanup", Time since last: 1000279502 ns, Reaching safepoint: 857993 ns, At safepoint: 43299 ns, Total: 901292 ns
[2020-08-12T15:40:11.211+0000][6][safepoint    ] Safepoint "Cleanup", Time since last: 1000423590 ns, Reaching safepoint: 406184 ns, At safepoint: 16674 ns, Total: 422858 ns
[2020-08-12T15:40:12.212+0000][6][safepoint    ] Safepoint "Cleanup", Time since last: 1000233367 ns, Reaching safepoint: 896792 ns, At safepoint: 44674 ns, Total: 941466 ns
[2020-08-12T15:40:13.213+0000][6][safepoint    ] Safepoint "Cleanup", Time since last: 1000321328 ns, Reaching safepoint: 638032 ns, At safepoint: 25087 ns, Total: 663119 ns
[2020-08-12T15:40:15.113+0000][6][safepoint    ] Safepoint "Cleanup", Time since last: 1899632708 ns, Reaching safepoint: 552970 ns, At safepoint: 28099 ns, Total: 581069 ns
[2020-08-12T15:40:16.114+0000][6][safepoint    ] Safepoint "Cleanup", Time since last: 1000230791 ns, Reaching safepoint: 478171 ns, At safepoint: 22737 ns, Total: 500908 ns
[2020-08-12T15:40:17.115+0000][6][safepoint    ] Safepoint "Cleanup", Time since last: 1000264704 ns, Reaching safepoint: 1022778 ns, At safepoint: 56612 ns, Total: 1079390 ns
[2020-08-12T15:40:18.252+0000][6][safepoint    ] Safepoint "Cleanup", Time since last: 1135765797 ns, Reaching safepoint: 699832 ns, At safepoint: 26924 ns, Total: 726756 ns
[2020-08-12T15:40:20.116+0000][6][safepoint    ] Safepoint "Cleanup", Time since last: 1863200304 ns, Reaching safepoint: 945141 ns, At safepoint: 43663 ns, Total: 988804 ns
[2020-08-12T15:40:21.117+0000][6][safepoint    ] Safepoint "Cleanup", Time since last: 1000396526 ns, Reaching safepoint: 974604 ns, At safepoint: 44387 ns, Total: 1018991 ns
[2020-08-12T15:40:22.118+0000][6][safepoint    ] Safepoint "Cleanup", Time since last: 1000340228 ns, Reaching safepoint: 810455 ns, At safepoint: 56900 ns, Total: 867355 ns
[2020-08-12T15:40:23.121+0000][6][safepoint    ] Safepoint "Cleanup", Time since last: 1001658965 ns, Reaching safepoint: 610670 ns, At safepoint: 33475 ns, Total: 644145 ns
[2020-08-12T15:40:25.117+0000][6][safepoint    ] Safepoint "Cleanup", Time since last: 1995626525 ns, Reaching safepoint: 815842 ns, At safepoint: 64225 ns, Total: 880067 ns
[2020-08-12T15:40:26.119+0000][6][safepoint    ] Safepoint "Cleanup", Time since last: 1000866273 ns, Reaching safepoint: 811555 ns, At safepoint: 93549 ns, Total: 905104 ns
[2020-08-12T15:40:27.121+0000][6][safepoint    ] Safepoint "Cleanup", Time since last: 1001260707 ns, Reaching safepoint: 564345 ns, At safepoint: 30512 ns, Total: 594857 ns
[2020-08-12T15:40:28.180+0000][6][safepoint    ] Safepoint "Cleanup", Time since last: 1058207831 ns, Reaching safepoint: 1095377 ns, At safepoint: 54087 ns, Total: 1149464 ns
[2020-08-12T15:40:29.477+0000][6][safepoint    ] Safepoint "Cleanup", Time since last: 1296250947 ns, Reaching safepoint: 824618 ns, At safepoint: 42649 ns, Total: 867267 ns
[2020-08-12T15:40:30.478+0000][6][safepoint    ] Safepoint "Cleanup", Time since last: 1000335865 ns, Reaching safepoint: 712481 ns, At safepoint: 46325 ns, Total: 758806 ns
[2020-08-12T15:40:31.479+0000][6][safepoint    ] Safepoint "Cleanup", Time since last: 1000340703 ns, Reaching safepoint: 639406 ns, At safepoint: 44150 ns, Total: 683556 ns
[2020-08-12T15:40:32.480+0000][6][safepoint    ] Safepoint "Cleanup", Time since last: 1000337140 ns, Reaching safepoint: 607257 ns, At safepoint: 44587 ns, Total: 651844 ns
[2020-08-12T15:40:33.481+0000][6][safepoint    ] Safepoint "Cleanup", Time since last: 1000287341 ns, Reaching safepoint: 384659 ns, At safepoint: 57574 ns, Total: 442233 ns
[2020-08-12T15:40:35.118+0000][6][safepoint    ] Safepoint "Cleanup", Time since last: 1635990730 ns, Reaching safepoint: 458933 ns, At safepoint: 31987 ns, Total: 490920 ns
[2020-08-12T15:40:36.991+0000][6][safepoint    ] Safepoint "Cleanup", Time since last: 1872187524 ns, Reaching safepoint: 744981 ns, At safepoint: 35000 ns, Total: 779981 ns
[2020-08-12T15:40:38.207+0000][6][safepoint    ] Safepoint "Cleanup", Time since last: 1215835930 ns, Reaching safepoint: 905892 ns, At safepoint: 42662 ns, Total: 948554 ns
[2020-08-12T15:40:39.212+0000][6][safepoint    ] Safepoint "Cleanup", Time since last: 1000438701 ns, Reaching safepoint: 4686209 ns, At safepoint: 22937 ns, Total: 4709146 ns
[2020-08-12T15:40:40.225+0000][6][safepoint    ] Safepoint "Cleanup", Time since last: 1011140445 ns, Reaching safepoint: 865430 ns, At safepoint: 43987 ns, Total: 909417 ns
[2020-08-12T15:40:41.225+0000][6][safepoint    ] Safepoint "Cleanup", Time since last: 1000447202 ns, Reaching safepoint: 410396 ns, At safepoint: 17450 ns, Total: 427846 ns
[2020-08-12T15:40:42.227+0000][6][safepoint    ] Safepoint "Cleanup", Time since last: 1000337190 ns, Reaching safepoint: 887205 ns, At safepoint: 44074 ns, Total: 931279 ns
[2020-08-12T15:40:43.228+0000][6][safepoint    ] Safepoint "Cleanup", Time since last: 1000261216 ns, Reaching safepoint: 740931 ns, At safepoint: 31200 ns, Total: 772131 ns
[2020-08-12T15:40:44.121+0000][6][safepoint    ] Safepoint "BulkRevokeBias", Time since last: 890084286 ns, Reaching safepoint: 1014728 ns, At safepoint: 2500853 ns, Total: 3515581 ns
[2020-08-12T15:40:45.122+0000][6][safepoint    ] Safepoint "Cleanup", Time since last: 1000424777 ns, Reaching safepoint: 679057 ns, At safepoint: 52987 ns, Total: 732044 ns
[2020-08-12T15:40:46.123+0000][6][safepoint    ] Safepoint "Cleanup", Time since last: 1000331252 ns, Reaching safepoint: 290873 ns, At safepoint: 22487 ns, Total: 313360 ns
[2020-08-12T15:40:46.965+0000][6][gc,start     ] GC(31) Pause Young (Normal) (G1 Evacuation Pause)
[2020-08-12T15:40:46.965+0000][6][gc,task      ] GC(31) Using 2 workers of 2 for evacuation
[2020-08-12T15:40:46.965+0000][6][gc,age       ] GC(31) Desired survivor size 40370176 bytes, new threshold 15 (max threshold 15)
[2020-08-12T15:40:46.989+0000][6][gc,age       ] GC(31) Age table with threshold 15 (max threshold 15)
[2020-08-12T15:40:46.989+0000][6][gc,age       ] GC(31) - age   1:     431344 bytes,     431344 total
[2020-08-12T15:40:46.989+0000][6][gc,age       ] GC(31) - age   2:     168968 bytes,     600312 total
[2020-08-12T15:40:46.989+0000][6][gc,age       ] GC(31) - age   3:      33744 bytes,     634056 total
[2020-08-12T15:40:46.989+0000][6][gc,age       ] GC(31) - age   4:      83120 bytes,     717176 total
[2020-08-12T15:40:46.989+0000][6][gc,age       ] GC(31) - age   5:      91952 bytes,     809128 total
[2020-08-12T15:40:46.989+0000][6][gc,age       ] GC(31) - age   6:      38768 bytes,     847896 total
[2020-08-12T15:40:46.989+0000][6][gc,age       ] GC(31) - age   7:      44464 bytes,     892360 total
[2020-08-12T15:40:46.989+0000][6][gc,age       ] GC(31) - age   8:      81920 bytes,     974280 total
[2020-08-12T15:40:46.990+0000][6][gc,age       ] GC(31) - age   9:      49984 bytes,    1024264 total
[2020-08-12T15:40:46.990+0000][6][gc,age       ] GC(31) - age  10:      63360 bytes,    1087624 total
[2020-08-12T15:40:46.990+0000][6][gc,age       ] GC(31) - age  11:     360896 bytes,    1448520 total
[2020-08-12T15:40:46.990+0000][6][gc,age       ] GC(31) - age  12:     205520 bytes,    1654040 total
[2020-08-12T15:40:46.990+0000][6][gc,phases    ] GC(31)   Pre Evacuate Collection Set: 0.5ms
[2020-08-12T15:40:46.990+0000][6][gc,phases    ] GC(31)   Merge Heap Roots: 0.4ms
[2020-08-12T15:40:46.990+0000][6][gc,phases    ] GC(31)   Evacuate Collection Set: 17.8ms
[2020-08-12T15:40:46.990+0000][6][gc,phases    ] GC(31)   Post Evacuate Collection Set: 4.5ms
[2020-08-12T15:40:46.990+0000][6][gc,phases    ] GC(31)   Other: 1.5ms
[2020-08-12T15:40:46.990+0000][6][gc,heap      ] GC(31) Eden regions: 612->0(612)
[2020-08-12T15:40:46.990+0000][6][gc,heap      ] GC(31) Survivor regions: 2->2(77)
[2020-08-12T15:40:46.990+0000][6][gc,heap      ] GC(31) Old regions: 77->77
[2020-08-12T15:40:46.990+0000][6][gc,heap      ] GC(31) Archive regions: 2->2
[2020-08-12T15:40:46.990+0000][6][gc,heap      ] GC(31) Humongous regions: 7->7
[2020-08-12T15:40:46.990+0000][6][gc,metaspace ] GC(31) Metaspace: 97042K(104760K)->97042K(104760K) NonClass: 84513K(89144K)->84513K(89144K) Class: 12529K(15616K)->12529K(15616K)
[2020-08-12T15:40:46.991+0000][6][gc           ] GC(31) Pause Young (Normal) (G1 Evacuation Pause) 697M->85M(1024M) 25.335ms
[2020-08-12T15:40:46.991+0000][6][gc,cpu       ] GC(31) User=0.05s Sys=0.00s Real=0.02s
[2020-08-12T15:40:46.991+0000][6][safepoint    ] Safepoint "G1CollectForAllocation", Time since last: 841382602 ns, Reaching safepoint: 629157 ns, At safepoint: 25673999 ns, Total: 26303156 ns
[2020-08-12T15:40:48.185+0000][6][safepoint    ] Safepoint "Cleanup", Time since last: 1193782499 ns, Reaching safepoint: 640369 ns, At safepoint: 41562 ns, Total: 681931 ns
[2020-08-12T15:40:49.186+0000][6][safepoint    ] Safepoint "Cleanup", Time since last: 1000243216 ns, Reaching safepoint: 509746 ns, At safepoint: 25787 ns, Total: 535533 ns
[2020-08-12T15:40:50.187+0000][6][safepoint    ] Safepoint "Cleanup", Time since last: 1000285578 ns, Reaching safepoint: 656232 ns, At safepoint: 49162 ns, Total: 705394 ns
[2020-08-12T15:40:51.188+0000][6][safepoint    ] Safepoint "Cleanup", Time since last: 1000293015 ns, Reaching safepoint: 369547 ns, At safepoint: 16575 ns, Total: 386122 ns
[2020-08-12T15:40:52.189+0000][6][safepoint    ] Safepoint "Cleanup", Time since last: 1000292865 ns, Reaching safepoint: 768031 ns, At safepoint: 44312 ns, Total: 812343 ns
[2020-08-12T15:40:53.190+0000][6][safepoint    ] Safepoint "Cleanup", Time since last: 1000354765 ns, Reaching safepoint: 789643 ns, At safepoint: 35500 ns, Total: 825143 ns
[2020-08-12T15:40:55.117+0000][6][safepoint    ] Safepoint "Cleanup", Time since last: 1926534458 ns, Reaching safepoint: 764868 ns, At safepoint: 53912 ns, Total: 818780 ns
[2020-08-12T15:40:56.118+0000][6][safepoint    ] Safepoint "Cleanup", Time since last: 1000290028 ns, Reaching safepoint: 433133 ns, At safepoint: 83437 ns, Total: 516570 ns
[2020-08-12T15:40:57.119+0000][6][safepoint    ] Safepoint "Cleanup", Time since last: 1000382340 ns, Reaching safepoint: 852030 ns, At safepoint: 45287 ns, Total: 897317 ns
[2020-08-12T15:40:58.265+0000][6][safepoint    ] Safepoint "Cleanup", Time since last: 1144772555 ns, Reaching safepoint: 940930 ns, At safepoint: 43399 ns, Total: 984329 ns
[2020-08-12T15:41:00.118+0000][6][safepoint    ] Safepoint "Cleanup", Time since last: 1852367949 ns, Reaching safepoint: 662644 ns, At safepoint: 46062 ns, Total: 708706 ns
[2020-08-12T15:41:01.119+0000][6][safepoint    ] Safepoint "Cleanup", Time since last: 1000383927 ns, Reaching safepoint: 528496 ns, At safepoint: 44699 ns, Total: 573195 ns
[2020-08-12T15:41:02.120+0000][6][safepoint    ] Safepoint "Cleanup", Time since last: 1000335203 ns, Reaching safepoint: 650469 ns, At safepoint: 46150 ns, Total: 696619 ns
[2020-08-12T15:41:03.121+0000][6][safepoint    ] Safepoint "Cleanup", Time since last: 1000349327 ns, Reaching safepoint: 684581 ns, At safepoint: 44825 ns, Total: 729406 ns
[2020-08-12T15:41:05.119+0000][6][safepoint    ] Safepoint "Cleanup", Time since last: 1997351484 ns, Reaching safepoint: 630395 ns, At safepoint: 45912 ns, Total: 676307 ns
[2020-08-12T15:41:06.120+0000][6][safepoint    ] Safepoint "Cleanup", Time since last: 1000294740 ns, Reaching safepoint: 541683 ns, At safepoint: 26437 ns, Total: 568120 ns
[2020-08-12T15:41:07.122+0000][6][safepoint    ] Safepoint "Cleanup", Time since last: 1000236916 ns, Reaching safepoint: 1023404 ns, At safepoint: 53774 ns, Total: 1077178 ns
[2020-08-12T15:41:08.198+0000][6][safepoint    ] Safepoint "Cleanup", Time since last: 1075728476 ns, Reaching safepoint: 1103278 ns, At safepoint: 118361 ns, Total: 1221639 ns
[2020-08-12T15:41:09.199+0000][6][safepoint    ] Safepoint "Cleanup", Time since last: 1000346353 ns, Reaching safepoint: 489808 ns, At safepoint: 29875 ns, Total: 519683 ns
[2020-08-12T15:41:10.200+0000][6][safepoint    ] Safepoint "Cleanup", Time since last: 1000280978 ns, Reaching safepoint: 632382 ns, At safepoint: 54174 ns, Total: 686556 ns
[2020-08-12T15:41:11.201+0000][6][safepoint    ] Safepoint "Cleanup", Time since last: 1000336815 ns, Reaching safepoint: 516683 ns, At safepoint: 43137 ns, Total: 559820 ns
[2020-08-12T15:41:12.202+0000][6][safepoint    ] Safepoint "Cleanup", Time since last: 1000387890 ns, Reaching safepoint: 630244 ns, At safepoint: 46837 ns, Total: 677081 ns
[2020-08-12T15:41:13.204+0000][6][safepoint    ] Safepoint "Cleanup", Time since last: 1000341103 ns, Reaching safepoint: 1056953 ns, At safepoint: 61912 ns, Total: 1118865 ns
[2020-08-12T15:41:15.120+0000][6][safepoint    ] Safepoint "Cleanup", Time since last: 1915616929 ns, Reaching safepoint: 590307 ns, At safepoint: 46325 ns, Total: 636632 ns
[2020-08-12T15:41:16.121+0000][6][safepoint    ] Safepoint "Cleanup", Time since last: 1000288890 ns, Reaching safepoint: 317535 ns, At safepoint: 15950 ns, Total: 333485 ns
[2020-08-12T15:41:17.121+0000][6][safepoint    ] Safepoint "Cleanup", Time since last: 1000236666 ns, Reaching safepoint: 533608 ns, At safepoint: 54674 ns, Total: 588282 ns
[2020-08-12T15:41:18.179+0000][6][safepoint    ] Safepoint "Cleanup", Time since last: 1056595882 ns, Reaching safepoint: 889417 ns, At safepoint: 51700 ns, Total: 941117 ns
[2020-08-12T15:41:20.121+0000][6][safepoint    ] Safepoint "Cleanup", Time since last: 1941551288 ns, Reaching safepoint: 749006 ns, At safepoint: 57525 ns, Total: 806531 ns
[2020-08-12T15:41:21.123+0000][6][safepoint    ] Safepoint "Cleanup", Time since last: 1000810885 ns, Reaching safepoint: 875955 ns, At safepoint: 45012 ns, Total: 920967 ns
[2020-08-12T15:41:22.124+0000][6][safepoint    ] Safepoint "Cleanup", Time since last: 1000333691 ns, Reaching safepoint: 879842 ns, At safepoint: 87262 ns, Total: 967104 ns
[2020-08-12T15:41:23.125+0000][6][safepoint    ] Safepoint "Cleanup", Time since last: 1000340877 ns, Reaching safepoint: 651882 ns, At safepoint: 43787 ns, Total: 695669 ns
[2020-08-12T15:41:25.122+0000][6][safepoint    ] Safepoint "Cleanup", Time since last: 1996083608 ns, Reaching safepoint: 637207 ns, At safepoint: 43837 ns, Total: 681044 ns
[2020-08-12T15:41:26.123+0000][6][safepoint    ] Safepoint "Cleanup", Time since last: 1000361564 ns, Reaching safepoint: 592895 ns, At safepoint: 44400 ns, Total: 637295 ns
[2020-08-12T15:41:27.125+0000][6][safepoint    ] Safepoint "Cleanup", Time since last: 1000300265 ns, Reaching safepoint: 1598536 ns, At safepoint: 44012 ns, Total: 1642548 ns
[2020-08-12T15:41:28.241+0000][6][safepoint    ] Safepoint "Cleanup", Time since last: 1115239778 ns, Reaching safepoint: 877593 ns, At safepoint: 41049 ns, Total: 918642 ns
[2020-08-12T15:41:29.600+0000][6][safepoint    ] Safepoint "Cleanup", Time since last: 1358171364 ns, Reaching safepoint: 660281 ns, At safepoint: 46113 ns, Total: 706394 ns
[2020-08-12T15:41:30.601+0000][6][safepoint    ] Safepoint "Cleanup", Time since last: 1000347914 ns, Reaching safepoint: 887405 ns, At safepoint: 57262 ns, Total: 944667 ns
[2020-08-12T15:41:31.602+0000][6][safepoint    ] Safepoint "Cleanup", Time since last: 1000372902 ns, Reaching safepoint: 513258 ns, At safepoint: 44362 ns, Total: 557620 ns
[2020-08-12T15:41:32.603+0000][6][safepoint    ] Safepoint "Cleanup", Time since last: 1000336890 ns, Reaching safepoint: 670469 ns, At safepoint: 45150 ns, Total: 715619 ns
[2020-08-12T15:41:33.604+0000][6][safepoint    ] Safepoint "Cleanup", Time since last: 1000359052 ns, Reaching safepoint: 703532 ns, At safepoint: 33612 ns, Total: 737144 ns
[2020-08-12T15:41:35.120+0000][6][safepoint    ] Safepoint "Cleanup", Time since last: 1515350779 ns, Reaching safepoint: 343222 ns, At safepoint: 16150 ns, Total: 359372 ns
[2020-08-12T15:41:36.121+0000][6][safepoint    ] Safepoint "Cleanup", Time since last: 1000246328 ns, Reaching safepoint: 899242 ns, At safepoint: 44500 ns, Total: 943742 ns
[2020-08-12T15:41:37.122+0000][6][safepoint    ] Safepoint "Cleanup", Time since last: 1000273453 ns, Reaching safepoint: 560920 ns, At safepoint: 22512 ns, Total: 583432 ns
[2020-08-12T15:41:38.197+0000][6][safepoint    ] Safepoint "Cleanup", Time since last: 1073994692 ns, Reaching safepoint: 1070690 ns, At safepoint: 48112 ns, Total: 1118802 ns
[2020-08-12T15:41:40.125+0000][6][safepoint    ] Safepoint "Cleanup", Time since last: 1927168290 ns, Reaching safepoint: 553396 ns, At safepoint: 31762 ns, Total: 585158 ns
[2020-08-12T15:41:41.126+0000][6][safepoint    ] Safepoint "Cleanup", Time since last: 1000256278 ns, Reaching safepoint: 343772 ns, At safepoint: 18250 ns, Total: 362022 ns
[2020-08-12T15:41:42.127+0000][6][safepoint    ] Safepoint "Cleanup", Time since last: 1000324915 ns, Reaching safepoint: 569257 ns, At safepoint: 44412 ns, Total: 613669 ns
[2020-08-12T15:41:43.128+0000][6][safepoint    ] Safepoint "Cleanup", Time since last: 1000454039 ns, Reaching safepoint: 888293 ns, At safepoint: 45187 ns, Total: 933480 ns
[2020-08-12T15:41:45.124+0000][6][safepoint    ] Safepoint "Cleanup", Time since last: 1995195503 ns, Reaching safepoint: 863467 ns, At safepoint: 46162 ns, Total: 909629 ns
[2020-08-12T15:41:46.125+0000][6][safepoint    ] Safepoint "Cleanup", Time since last: 1000744799 ns, Reaching safepoint: 247561 ns, At safepoint: 11112 ns, Total: 258673 ns
[2020-08-12T15:41:47.127+0000][6][safepoint    ] Safepoint "Cleanup", Time since last: 1000215466 ns, Reaching safepoint: 1087353 ns, At safepoint: 62499 ns, Total: 1149852 ns
[2020-08-12T15:41:48.323+0000][6][safepoint    ] Safepoint "Cleanup", Time since last: 1195142087 ns, Reaching safepoint: 1038341 ns, At safepoint: 56225 ns, Total: 1094566 ns
[2020-08-12T15:41:49.324+0000][6][safepoint    ] Safepoint "Cleanup", Time since last: 1000370902 ns, Reaching safepoint: 520383 ns, At safepoint: 27087 ns, Total: 547470 ns
[2020-08-12T15:41:50.325+0000][6][safepoint    ] Safepoint "Cleanup", Time since last: 1000282366 ns, Reaching safepoint: 778368 ns, At safepoint: 43574 ns, Total: 821942 ns
[2020-08-12T15:41:51.326+0000][6][safepoint    ] Safepoint "Cleanup", Time since last: 1000458052 ns, Reaching safepoint: 818805 ns, At safepoint: 44875 ns, Total: 863680 ns
[2020-08-12T15:41:52.327+0000][6][safepoint    ] Safepoint "Cleanup", Time since last: 1000335077 ns, Reaching safepoint: 747744 ns, At safepoint: 45524 ns, Total: 793268 ns
[2020-08-12T15:41:53.328+0000][6][safepoint    ] Safepoint "Cleanup", Time since last: 1000290541 ns, Reaching safepoint: 624469 ns, At safepoint: 25637 ns, Total: 650106 ns
[2020-08-12T15:41:55.124+0000][6][safepoint    ] Safepoint "Cleanup", Time since last: 1794634745 ns, Reaching safepoint: 638907 ns, At safepoint: 43262 ns, Total: 682169 ns
[2020-08-12T15:41:56.125+0000][6][safepoint    ] Safepoint "Cleanup", Time since last: 1000474689 ns, Reaching safepoint: 710418 ns, At safepoint: 43525 ns, Total: 753943 ns
[2020-08-12T15:41:57.126+0000][6][safepoint    ] Safepoint "Cleanup", Time since last: 1000323153 ns, Reaching safepoint: 500770 ns, At safepoint: 26538 ns, Total: 527308 ns
[2020-08-12T15:41:58.167+0000][6][safepoint    ] Safepoint "Cleanup", Time since last: 1041005881 ns, Reaching safepoint: 755469 ns, At safepoint: 53237 ns, Total: 808706 ns
[2020-08-12T15:42:00.125+0000][6][safepoint    ] Safepoint "Cleanup", Time since last: 1957306237 ns, Reaching safepoint: 568482 ns, At safepoint: 45412 ns, Total: 613894 ns
[2020-08-12T15:42:01.126+0000][6][safepoint    ] Safepoint "Cleanup", Time since last: 1000299053 ns, Reaching safepoint: 499258 ns, At safepoint: 58287 ns, Total: 557545 ns
[2020-08-12T15:42:02.127+0000][6][safepoint    ] Safepoint "Cleanup", Time since last: 1000346828 ns, Reaching safepoint: 912054 ns, At safepoint: 43425 ns, Total: 955479 ns
[2020-08-12T15:42:03.129+0000][6][safepoint    ] Safepoint "Cleanup", Time since last: 1000350840 ns, Reaching safepoint: 866480 ns, At safepoint: 43662 ns, Total: 910142 ns
[2020-08-12T15:42:05.126+0000][6][safepoint    ] Safepoint "Cleanup", Time since last: 1996437492 ns, Reaching safepoint: 850430 ns, At safepoint: 45037 ns, Total: 895467 ns
[2020-08-12T15:42:06.128+0000][6][safepoint    ] Safepoint "Cleanup", Time since last: 1000344228 ns, Reaching safepoint: 1148590 ns, At safepoint: 63174 ns, Total: 1211764 ns
[2020-08-12T15:42:07.129+0000][6][safepoint    ] Safepoint "Cleanup", Time since last: 1000316128 ns, Reaching safepoint: 590282 ns, At safepoint: 32637 ns, Total: 622919 ns
[2020-08-12T15:42:07.295+0000][6][safepoint    ] Safepoint "BulkRevokeBias", Time since last: 163959269 ns, Reaching safepoint: 722981 ns, At safepoint: 1988982 ns, Total: 2711963 ns
[2020-08-12T15:42:08.296+0000][6][safepoint    ] Safepoint "Cleanup", Time since last: 1000281503 ns, Reaching safepoint: 697582 ns, At safepoint: 32462 ns, Total: 730044 ns
[2020-08-12T15:42:09.297+0000][6][safepoint    ] Safepoint "Cleanup", Time since last: 1000271315 ns, Reaching safepoint: 608858 ns, At safepoint: 44587 ns, Total: 653445 ns
[2020-08-12T15:42:10.298+0000][6][safepoint    ] Safepoint "Cleanup", Time since last: 1000292103 ns, Reaching safepoint: 640844 ns, At safepoint: 53949 ns, Total: 694793 ns
[2020-08-12T15:42:11.300+0000][6][safepoint    ] Safepoint "Cleanup", Time since last: 1000800136 ns, Reaching safepoint: 770056 ns, At safepoint: 43662 ns, Total: 813718 ns
[2020-08-12T15:42:12.301+0000][6][safepoint    ] Safepoint "Cleanup", Time since last: 1000391502 ns, Reaching safepoint: 826618 ns, At safepoint: 70324 ns, Total: 896942 ns
[2020-08-12T15:42:13.303+0000][6][safepoint    ] Safepoint "Cleanup", Time since last: 1000299466 ns, Reaching safepoint: 1102727 ns, At safepoint: 68187 ns, Total: 1170914 ns
[2020-08-12T15:42:15.127+0000][6][safepoint    ] Safepoint "Cleanup", Time since last: 1823676077 ns, Reaching safepoint: 864430 ns, At safepoint: 68461 ns, Total: 932891 ns
[2020-08-12T15:42:16.130+0000][6][safepoint    ] Safepoint "Cleanup", Time since last: 1000467502 ns, Reaching safepoint: 2083844 ns, At safepoint: 48362 ns, Total: 2132206 ns
[2020-08-12T15:42:17.131+0000][6][safepoint    ] Safepoint "Cleanup", Time since last: 1000375652 ns, Reaching safepoint: 552283 ns, At safepoint: 25900 ns, Total: 578183 ns
[2020-08-12T15:42:18.284+0000][6][safepoint    ] Safepoint "Cleanup", Time since last: 1151810431 ns, Reaching safepoint: 1148602 ns, At safepoint: 61924 ns, Total: 1210526 ns
[2020-08-12T15:42:19.129+0000][6][safepoint    ] Safepoint "BulkRevokeBias", Time since last: 842123409 ns, Reaching safepoint: 752881 ns, At safepoint: 2186780 ns, Total: 2939661 ns
[2020-08-12T15:42:20.137+0000][6][safepoint    ] Safepoint "Cleanup", Time since last: 1007724888 ns, Reaching safepoint: 819280 ns, At safepoint: 43662 ns, Total: 862942 ns
[2020-08-12T15:42:21.138+0000][6][safepoint    ] Safepoint "Cleanup", Time since last: 1000342003 ns, Reaching safepoint: 465921 ns, At safepoint: 19125 ns, Total: 485046 ns
[2020-08-12T15:42:22.139+0000][6][safepoint    ] Safepoint "Cleanup", Time since last: 1000242803 ns, Reaching safepoint: 677381 ns, At safepoint: 46187 ns, Total: 723568 ns
[2020-08-12T15:42:23.140+0000][6][safepoint    ] Safepoint "Cleanup", Time since last: 1000337540 ns, Reaching safepoint: 727919 ns, At safepoint: 45950 ns, Total: 773869 ns
[2020-08-12T15:42:25.128+0000][6][safepoint    ] Safepoint "Cleanup", Time since last: 1986938538 ns, Reaching safepoint: 609419 ns, At safepoint: 163399 ns, Total: 772818 ns
[2020-08-12T15:42:26.129+0000][6][safepoint    ] Safepoint "Cleanup", Time since last: 1000279366 ns, Reaching safepoint: 362159 ns, At safepoint: 58087 ns, Total: 420246 ns
[2020-08-12T15:42:27.130+0000][6][safepoint    ] Safepoint "Cleanup", Time since last: 1000347740 ns, Reaching safepoint: 600445 ns, At safepoint: 39874 ns, Total: 640319 ns
[2020-08-12T15:42:28.168+0000][6][safepoint    ] Safepoint "Cleanup", Time since last: 1037890684 ns, Reaching safepoint: 658145 ns, At safepoint: 44349 ns, Total: 702494 ns
[2020-08-12T15:42:29.623+0000][6][safepoint    ] Safepoint "Cleanup", Time since last: 1454254505 ns, Reaching safepoint: 641707 ns, At safepoint: 44012 ns, Total: 685719 ns
[2020-08-12T15:42:30.624+0000][6][safepoint    ] Safepoint "Cleanup", Time since last: 1000348265 ns, Reaching safepoint: 669432 ns, At safepoint: 51924 ns, Total: 721356 ns
[2020-08-12T15:42:31.625+0000][6][safepoint    ] Safepoint "Cleanup", Time since last: 1000340465 ns, Reaching safepoint: 551621 ns, At safepoint: 43899 ns, Total: 595520 ns
[2020-08-12T15:42:32.626+0000][6][safepoint    ] Safepoint "Cleanup", Time since last: 1000340990 ns, Reaching safepoint: 748981 ns, At safepoint: 55350 ns, Total: 804331 ns
[2020-08-12T15:42:33.628+0000][6][safepoint    ] Safepoint "Cleanup", Time since last: 1000321165 ns, Reaching safepoint: 926341 ns, At safepoint: 48788 ns, Total: 975129 ns
[2020-08-12T15:42:35.130+0000][6][safepoint    ] Safepoint "Cleanup", Time since last: 1501096329 ns, Reaching safepoint: 794118 ns, At safepoint: 43675 ns, Total: 837793 ns
[2020-08-12T15:42:36.131+0000][6][safepoint    ] Safepoint "Cleanup", Time since last: 1000346115 ns, Reaching safepoint: 769743 ns, At safepoint: 44062 ns, Total: 813805 ns
[2020-08-12T15:42:37.132+0000][6][safepoint    ] Safepoint "Cleanup", Time since last: 1000355115 ns, Reaching safepoint: 668644 ns, At safepoint: 31150 ns, Total: 699794 ns
[2020-08-12T15:42:38.330+0000][6][safepoint    ] Safepoint "Cleanup", Time since last: 1197270818 ns, Reaching safepoint: 1021529 ns, At safepoint: 34449 ns, Total: 1055978 ns
[2020-08-12T15:42:39.133+0000][6][safepoint    ] Safepoint "BulkRevokeBias", Time since last: 798231658 ns, Reaching safepoint: 1889533 ns, At safepoint: 2804288 ns, Total: 4693821 ns
[2020-08-12T15:42:40.140+0000][6][safepoint    ] Safepoint "Cleanup", Time since last: 1006717959 ns, Reaching safepoint: 321334 ns, At safepoint: 18938 ns, Total: 340272 ns
[2020-08-12T15:42:41.141+0000][6][safepoint    ] Safepoint "Cleanup", Time since last: 1000204003 ns, Reaching safepoint: 416209 ns, At safepoint: 55062 ns, Total: 471271 ns
[2020-08-12T15:42:42.142+0000][6][safepoint    ] Safepoint "Cleanup", Time since last: 1000391577 ns, Reaching safepoint: 560220 ns, At safepoint: 43962 ns, Total: 604182 ns
[2020-08-12T15:42:43.143+0000][6][safepoint    ] Safepoint "Cleanup", Time since last: 1000403877 ns, Reaching safepoint: 583070 ns, At safepoint: 53525 ns, Total: 636595 ns
[2020-08-12T15:42:45.130+0000][6][safepoint    ] Safepoint "Cleanup", Time since last: 1986024884 ns, Reaching safepoint: 750943 ns, At safepoint: 37787 ns, Total: 788730 ns
[2020-08-12T15:42:46.130+0000][6][safepoint    ] Safepoint "Cleanup", Time since last: 1000270791 ns, Reaching safepoint: 428809 ns, At safepoint: 16224 ns, Total: 445033 ns
[2020-08-12T15:42:47.131+0000][6][safepoint    ] Safepoint "Cleanup", Time since last: 1000170779 ns, Reaching safepoint: 611883 ns, At safepoint: 24149 ns, Total: 636032 ns
[2020-08-12T15:42:48.274+0000][6][safepoint    ] Safepoint "Cleanup", Time since last: 1142199891 ns, Reaching safepoint: 789893 ns, At safepoint: 34237 ns, Total: 824130 ns
[2020-08-12T15:42:49.275+0000][6][safepoint    ] Safepoint "Cleanup", Time since last: 1000243179 ns, Reaching safepoint: 411721 ns, At safepoint: 60187 ns, Total: 471908 ns
[2020-08-12T15:42:50.276+0000][6][safepoint    ] Safepoint "Cleanup", Time since last: 1000284765 ns, Reaching safepoint: 592883 ns, At safepoint: 52037 ns, Total: 644920 ns
[2020-08-12T15:42:51.277+0000][6][safepoint    ] Safepoint "Cleanup", Time since last: 1000439614 ns, Reaching safepoint: 840767 ns, At safepoint: 44150 ns, Total: 884917 ns
[2020-08-12T15:42:52.278+0000][6][safepoint    ] Safepoint "Cleanup", Time since last: 1000358965 ns, Reaching safepoint: 731431 ns, At safepoint: 45987 ns, Total: 777418 ns
[2020-08-12T15:42:54.130+0000][6][safepoint    ] Safepoint "Cleanup", Time since last: 1850818262 ns, Reaching safepoint: 491146 ns, At safepoint: 30587 ns, Total: 521733 ns
[2020-08-12T15:42:55.132+0000][6][safepoint    ] Safepoint "Cleanup", Time since last: 1000896985 ns, Reaching safepoint: 922405 ns, At safepoint: 44224 ns, Total: 966629 ns
[2020-08-12T15:42:56.132+0000][6][safepoint    ] Safepoint "Cleanup", Time since last: 1000280578 ns, Reaching safepoint: 370310 ns, At safepoint: 15449 ns, Total: 385759 ns
[2020-08-12T15:42:57.133+0000][6][safepoint    ] Safepoint "Cleanup", Time since last: 1000169179 ns, Reaching safepoint: 626132 ns, At safepoint: 27575 ns, Total: 653707 ns
[2020-08-12T15:42:58.169+0000][6][safepoint    ] Safepoint "Cleanup", Time since last: 1035251058 ns, Reaching safepoint: 567195 ns, At safepoint: 43787 ns, Total: 610982 ns
[2020-08-12T15:43:00.132+0000][6][safepoint    ] Safepoint "Cleanup", Time since last: 1962865750 ns, Reaching safepoint: 644757 ns, At safepoint: 44225 ns, Total: 688982 ns
[2020-08-12T15:43:01.133+0000][6][safepoint    ] Safepoint "Cleanup", Time since last: 1000291827 ns, Reaching safepoint: 558208 ns, At safepoint: 35737 ns, Total: 593945 ns
[2020-08-12T15:43:02.134+0000][6][safepoint    ] Safepoint "Cleanup", Time since last: 1000263966 ns, Reaching safepoint: 857680 ns, At safepoint: 43900 ns, Total: 901580 ns
[2020-08-12T15:43:03.136+0000][6][safepoint    ] Safepoint "Cleanup", Time since last: 1000343364 ns, Reaching safepoint: 802931 ns, At safepoint: 43449 ns, Total: 846380 ns
[2020-08-12T15:43:05.133+0000][6][safepoint    ] Safepoint "Cleanup", Time since last: 1996354844 ns, Reaching safepoint: 768505 ns, At safepoint: 43925 ns, Total: 812430 ns
[2020-08-12T15:43:06.133+0000][6][safepoint    ] Safepoint "Cleanup", Time since last: 1000392814 ns, Reaching safepoint: 248561 ns, At safepoint: 11100 ns, Total: 259661 ns
[2020-08-12T15:43:07.135+0000][6][safepoint    ] Safepoint "Cleanup", Time since last: 1000188853 ns, Reaching safepoint: 704282 ns, At safepoint: 35962 ns, Total: 740244 ns
[2020-08-12T15:43:08.234+0000][6][safepoint    ] Safepoint "Cleanup", Time since last: 1098003480 ns, Reaching safepoint: 1245126 ns, At safepoint: 55100 ns, Total: 1300226 ns
[2020-08-12T15:43:09.234+0000][6][safepoint    ] Safepoint "Cleanup", Time since last: 1000344790 ns, Reaching safepoint: 379596 ns, At safepoint: 18163 ns, Total: 397759 ns
[2020-08-12T15:43:10.236+0000][6][safepoint    ] Safepoint "Cleanup", Time since last: 1000258165 ns, Reaching safepoint: 851668 ns, At safepoint: 43850 ns, Total: 895518 ns
[2020-08-12T15:43:12.010+0000][6][safepoint    ] Safepoint "Cleanup", Time since last: 1773866727 ns, Reaching safepoint: 678057 ns, At safepoint: 27612 ns, Total: 705669 ns
[2020-08-12T15:43:13.011+0000][6][safepoint    ] Safepoint "Cleanup", Time since last: 1000264990 ns, Reaching safepoint: 919442 ns, At safepoint: 43850 ns, Total: 963292 ns
[2020-08-12T15:43:14.012+0000][6][safepoint    ] Safepoint "Cleanup", Time since last: 1000317553 ns, Reaching safepoint: 581432 ns, At safepoint: 27400 ns, Total: 608832 ns
[2020-08-12T15:43:15.134+0000][6][safepoint    ] Safepoint "Cleanup", Time since last: 1120866103 ns, Reaching safepoint: 865605 ns, At safepoint: 44412 ns, Total: 910017 ns
[2020-08-12T15:43:16.135+0000][6][safepoint    ] Safepoint "Cleanup", Time since last: 1000296703 ns, Reaching safepoint: 340547 ns, At safepoint: 16888 ns, Total: 357435 ns
[2020-08-12T15:43:17.136+0000][6][safepoint    ] Safepoint "Cleanup", Time since last: 1000267840 ns, Reaching safepoint: 1071091 ns, At safepoint: 55512 ns, Total: 1126603 ns
[2020-08-12T15:43:18.259+0000][6][safepoint    ] Safepoint "Cleanup", Time since last: 1121504998 ns, Reaching safepoint: 961454 ns, At safepoint: 42674 ns, Total: 1004128 ns
[2020-08-12T15:43:20.133+0000][6][safepoint    ] Safepoint "Cleanup", Time since last: 1873302077 ns, Reaching safepoint: 795668 ns, At safepoint: 67937 ns, Total: 863605 ns
[2020-08-12T15:43:21.134+0000][6][safepoint    ] Safepoint "Cleanup", Time since last: 1000385415 ns, Reaching safepoint: 425258 ns, At safepoint: 16463 ns, Total: 441721 ns
[2020-08-12T15:43:22.135+0000][6][safepoint    ] Safepoint "Cleanup", Time since last: 1000190266 ns, Reaching safepoint: 788318 ns, At safepoint: 45100 ns, Total: 833418 ns
[2020-08-12T15:43:23.135+0000][6][safepoint    ] Safepoint "Cleanup", Time since last: 1000356227 ns, Reaching safepoint: 426634 ns, At safepoint: 43587 ns, Total: 470221 ns
[2020-08-12T15:43:25.136+0000][6][safepoint    ] Safepoint "Cleanup", Time since last: 1999846387 ns, Reaching safepoint: 620670 ns, At safepoint: 46449 ns, Total: 667119 ns
[2020-08-12T15:43:26.137+0000][6][safepoint    ] Safepoint "Cleanup", Time since last: 1000313753 ns, Reaching safepoint: 315097 ns, At safepoint: 16288 ns, Total: 331385 ns
[2020-08-12T15:43:27.137+0000][6][safepoint    ] Safepoint "Cleanup", Time since last: 1000175766 ns, Reaching safepoint: 569632 ns, At safepoint: 30300 ns, Total: 599932 ns
[2020-08-12T15:43:28.243+0000][6][safepoint    ] Safepoint "Cleanup", Time since last: 1104167538 ns, Reaching safepoint: 839180 ns, At safepoint: 67025 ns, Total: 906205 ns
[2020-08-12T15:43:28.345+0000][6][safepoint    ] Safepoint "BulkRevokeBias", Time since last: 98191985 ns, Reaching safepoint: 848730 ns, At safepoint: 3247771 ns, Total: 4096501 ns
[2020-08-12T15:43:29.699+0000][6][safepoint    ] Safepoint "Cleanup", Time since last: 1353248082 ns, Reaching safepoint: 789731 ns, At safepoint: 83987 ns, Total: 873718 ns
[2020-08-12T15:43:30.700+0000][6][safepoint    ] Safepoint "Cleanup", Time since last: 1000335152 ns, Reaching safepoint: 844205 ns, At safepoint: 43375 ns, Total: 887580 ns
[2020-08-12T15:43:31.701+0000][6][safepoint    ] Safepoint "Cleanup", Time since last: 1000363302 ns, Reaching safepoint: 721319 ns, At safepoint: 53587 ns, Total: 774906 ns
[2020-08-12T15:43:32.702+0000][6][safepoint    ] Safepoint "Cleanup", Time since last: 1000327665 ns, Reaching safepoint: 526595 ns, At safepoint: 53062 ns, Total: 579657 ns
[2020-08-12T15:43:33.703+0000][6][safepoint    ] Safepoint "Cleanup", Time since last: 1000291041 ns, Reaching safepoint: 275197 ns, At safepoint: 18738 ns, Total: 293935 ns
[2020-08-12T15:43:35.132+0000][6][safepoint    ] Safepoint "Cleanup", Time since last: 1428336520 ns, Reaching safepoint: 842455 ns, At safepoint: 44475 ns, Total: 886930 ns
[2020-08-12T15:43:36.133+0000][6][safepoint    ] Safepoint "Cleanup", Time since last: 1000292978 ns, Reaching safepoint: 342622 ns, At safepoint: 17000 ns, Total: 359622 ns
[2020-08-12T15:43:37.133+0000][6][safepoint    ] Safepoint "Cleanup", Time since last: 1000190028 ns, Reaching safepoint: 603358 ns, At safepoint: 24199 ns, Total: 627557 ns
[2020-08-12T15:43:38.227+0000][6][safepoint    ] Safepoint "Cleanup", Time since last: 1090881006 ns, Reaching safepoint: 2914336 ns, At safepoint: 153061 ns, Total: 3067397 ns
[2020-08-12T15:43:40.141+0000][6][safepoint    ] Safepoint "Cleanup", Time since last: 1912548344 ns, Reaching safepoint: 601382 ns, At safepoint: 54812 ns, Total: 656194 ns
[2020-08-12T15:43:41.141+0000][6][safepoint    ] Safepoint "Cleanup", Time since last: 1000313891 ns, Reaching safepoint: 469670 ns, At safepoint: 42550 ns, Total: 512220 ns
[2020-08-12T15:43:42.191+0000][6][safepoint    ] Safepoint "Cleanup", Time since last: 1049246409 ns, Reaching safepoint: 734944 ns, At safepoint: 65662 ns, Total: 800606 ns
[2020-08-12T15:43:43.193+0000][6][safepoint    ] Safepoint "Cleanup", Time since last: 1000337365 ns, Reaching safepoint: 659331 ns, At safepoint: 44463 ns, Total: 703794 ns
[2020-08-12T15:43:45.140+0000][6][safepoint    ] Safepoint "Cleanup", Time since last: 1946909191 ns, Reaching safepoint: 646794 ns, At safepoint: 47487 ns, Total: 694281 ns
[2020-08-12T15:43:46.141+0000][6][safepoint    ] Safepoint "Cleanup", Time since last: 1000354277 ns, Reaching safepoint: 600370 ns, At safepoint: 43875 ns, Total: 644245 ns
[2020-08-12T15:43:47.142+0000][6][safepoint    ] Safepoint "Cleanup", Time since last: 1000323440 ns, Reaching safepoint: 668069 ns, At safepoint: 55287 ns, Total: 723356 ns
[2020-08-12T15:43:48.199+0000][6][safepoint    ] Safepoint "Cleanup", Time since last: 1056366121 ns, Reaching safepoint: 503709 ns, At safepoint: 30987 ns, Total: 534696 ns
[2020-08-12T15:43:49.201+0000][6][safepoint    ] Safepoint "Cleanup", Time since last: 1000273228 ns, Reaching safepoint: 1545574 ns, At safepoint: 98411 ns, Total: 1643985 ns
[2020-08-12T15:43:50.202+0000][6][safepoint    ] Safepoint "Cleanup", Time since last: 1000355490 ns, Reaching safepoint: 791568 ns, At safepoint: 45975 ns, Total: 837543 ns
[2020-08-12T15:43:51.203+0000][6][safepoint    ] Safepoint "Cleanup", Time since last: 1000395827 ns, Reaching safepoint: 544758 ns, At safepoint: 44249 ns, Total: 589007 ns
[2020-08-12T15:43:52.204+0000][6][safepoint    ] Safepoint "Cleanup", Time since last: 1000343765 ns, Reaching safepoint: 664132 ns, At safepoint: 46499 ns, Total: 710631 ns
[2020-08-12T15:43:53.205+0000][6][safepoint    ] Safepoint "Cleanup", Time since last: 1000344753 ns, Reaching safepoint: 770568 ns, At safepoint: 53937 ns, Total: 824505 ns
[2020-08-12T15:43:55.143+0000][6][safepoint    ] Safepoint "Cleanup", Time since last: 1936756680 ns, Reaching safepoint: 891843 ns, At safepoint: 66074 ns, Total: 957917 ns
[2020-08-12T15:43:56.144+0000][6][safepoint    ] Safepoint "Cleanup", Time since last: 1000342577 ns, Reaching safepoint: 645395 ns, At safepoint: 57124 ns, Total: 702519 ns
[2020-08-12T15:43:57.768+0000][6][safepoint    ] Safepoint "Cleanup", Time since last: 1623177767 ns, Reaching safepoint: 717382 ns, At safepoint: 27187 ns, Total: 744569 ns
[2020-08-12T15:43:59.141+0000][6][safepoint    ] Safepoint "Cleanup", Time since last: 1371918642 ns, Reaching safepoint: 1149740 ns, At safepoint: 48412 ns, Total: 1198152 ns
[2020-08-12T15:44:00.143+0000][6][safepoint    ] Safepoint "Cleanup", Time since last: 1001232620 ns, Reaching safepoint: 771831 ns, At safepoint: 58862 ns, Total: 830693 ns
[2020-08-12T15:44:01.144+0000][6][safepoint    ] Safepoint "Cleanup", Time since last: 1000301227 ns, Reaching safepoint: 685507 ns, At safepoint: 30025 ns, Total: 715532 ns
[2020-08-12T15:44:02.145+0000][6][safepoint    ] Safepoint "Cleanup", Time since last: 1000246878 ns, Reaching safepoint: 764968 ns, At safepoint: 45950 ns, Total: 810918 ns
[2020-08-12T15:44:03.146+0000][6][safepoint    ] Safepoint "Cleanup", Time since last: 1000345327 ns, Reaching safepoint: 629694 ns, At safepoint: 44587 ns, Total: 674281 ns
[2020-08-12T15:44:05.140+0000][6][safepoint    ] Safepoint "Cleanup", Time since last: 1992831512 ns, Reaching safepoint: 597195 ns, At safepoint: 44662 ns, Total: 641857 ns
[2020-08-12T15:44:06.141+0000][6][safepoint    ] Safepoint "Cleanup", Time since last: 1000344178 ns, Reaching safepoint: 546157 ns, At safepoint: 24838 ns, Total: 570995 ns
[2020-08-12T15:44:07.213+0000][6][safepoint    ] Safepoint "Cleanup", Time since last: 1071181241 ns, Reaching safepoint: 666444 ns, At safepoint: 33749 ns, Total: 700193 ns
[2020-08-12T15:44:08.214+0000][6][safepoint    ] Safepoint "Cleanup", Time since last: 1000495389 ns, Reaching safepoint: 881217 ns, At safepoint: 46512 ns, Total: 927729 ns
[2020-08-12T15:44:09.216+0000][6][safepoint    ] Safepoint "Cleanup", Time since last: 1001088384 ns, Reaching safepoint: 455508 ns, At safepoint: 23375 ns, Total: 478883 ns
[2020-08-12T15:44:10.217+0000][6][safepoint    ] Safepoint "Cleanup", Time since last: 1000322303 ns, Reaching safepoint: 778918 ns, At safepoint: 43512 ns, Total: 822430 ns
[2020-08-12T15:44:11.217+0000][6][safepoint    ] Safepoint "Cleanup", Time since last: 1000332903 ns, Reaching safepoint: 345884 ns, At safepoint: 17000 ns, Total: 362884 ns
[2020-08-12T15:44:12.218+0000][6][safepoint    ] Safepoint "Cleanup", Time since last: 1000217741 ns, Reaching safepoint: 724231 ns, At safepoint: 30887 ns, Total: 755118 ns
[2020-08-12T15:44:13.220+0000][6][safepoint    ] Safepoint "Cleanup", Time since last: 1000292315 ns, Reaching safepoint: 830706 ns, At safepoint: 44424 ns, Total: 875130 ns
[2020-08-12T15:44:15.160+0000][6][safepoint    ] Safepoint "Cleanup", Time since last: 1939374483 ns, Reaching safepoint: 770468 ns, At safepoint: 44575 ns, Total: 815043 ns
[2020-08-12T15:44:16.161+0000][6][safepoint    ] Safepoint "Cleanup", Time since last: 1000597012 ns, Reaching safepoint: 986342 ns, At safepoint: 43799 ns, Total: 1030141 ns
[2020-08-12T15:44:17.163+0000][6][safepoint    ] Safepoint "Cleanup", Time since last: 1000292353 ns, Reaching safepoint: 1240014 ns, At safepoint: 59012 ns, Total: 1299026 ns
[2020-08-12T15:44:18.191+0000][6][safepoint    ] Safepoint "Cleanup", Time since last: 1027633837 ns, Reaching safepoint: 517521 ns, At safepoint: 34750 ns, Total: 552271 ns
[2020-08-12T15:44:20.160+0000][6][safepoint    ] Safepoint "Cleanup", Time since last: 1967416822 ns, Reaching safepoint: 879643 ns, At safepoint: 44662 ns, Total: 924305 ns
[2020-08-12T15:44:21.160+0000][6][safepoint    ] Safepoint "Cleanup", Time since last: 1000297028 ns, Reaching safepoint: 576657 ns, At safepoint: 27662 ns, Total: 604319 ns
[2020-08-12T15:44:22.162+0000][6][safepoint    ] Safepoint "Cleanup", Time since last: 1000280041 ns, Reaching safepoint: 865855 ns, At safepoint: 44274 ns, Total: 910129 ns
[2020-08-12T15:44:23.163+0000][6][safepoint    ] Safepoint "Cleanup", Time since last: 1000340427 ns, Reaching safepoint: 761156 ns, At safepoint: 58400 ns, Total: 819556 ns
[2020-08-12T15:44:25.159+0000][6][safepoint    ] Safepoint "Cleanup", Time since last: 1996011733 ns, Reaching safepoint: 626282 ns, At safepoint: 44700 ns, Total: 670982 ns
[2020-08-12T15:44:26.160+0000][6][safepoint    ] Safepoint "Cleanup", Time since last: 1000299353 ns, Reaching safepoint: 662157 ns, At safepoint: 29375 ns, Total: 691532 ns
[2020-08-12T15:44:27.161+0000][6][safepoint    ] Safepoint "Cleanup", Time since last: 1000211903 ns, Reaching safepoint: 508121 ns, At safepoint: 26462 ns, Total: 534583 ns
[2020-08-12T15:44:28.270+0000][6][safepoint    ] Safepoint "Cleanup", Time since last: 1107345135 ns, Reaching safepoint: 1192215 ns, At safepoint: 60861 ns, Total: 1253076 ns
[2020-08-12T15:44:28.641+0000][6][safepoint    ] Safepoint "BulkRevokeBias", Time since last: 370274889 ns, Reaching safepoint: 256448 ns, At safepoint: 861393 ns, Total: 1117841 ns
[2020-08-12T15:44:29.645+0000][6][safepoint    ] Safepoint "Cleanup", Time since last: 1003321151 ns, Reaching safepoint: 864142 ns, At safepoint: 44975 ns, Total: 909117 ns
[2020-08-12T15:44:30.647+0000][6][safepoint    ] Safepoint "Cleanup", Time since last: 1000347077 ns, Reaching safepoint: 787018 ns, At safepoint: 46162 ns, Total: 833180 ns
[2020-08-12T15:44:31.648+0000][6][safepoint    ] Safepoint "Cleanup", Time since last: 1000343778 ns, Reaching safepoint: 814068 ns, At safepoint: 43912 ns, Total: 857980 ns
[2020-08-12T15:44:32.649+0000][6][safepoint    ] Safepoint "Cleanup", Time since last: 1000397314 ns, Reaching safepoint: 820456 ns, At safepoint: 45162 ns, Total: 865618 ns
[2020-08-12T15:44:33.650+0000][6][safepoint    ] Safepoint "Cleanup", Time since last: 1000289003 ns, Reaching safepoint: 342009 ns, At safepoint: 16950 ns, Total: 358959 ns
[2020-08-12T15:44:35.160+0000][6][safepoint    ] Safepoint "Cleanup", Time since last: 1509739729 ns, Reaching safepoint: 757180 ns, At safepoint: 45713 ns, Total: 802893 ns
[2020-08-12T15:44:36.161+0000][6][safepoint    ] Safepoint "Cleanup", Time since last: 1000327515 ns, Reaching safepoint: 615669 ns, At safepoint: 21238 ns, Total: 636907 ns
[2020-08-12T15:44:37.163+0000][6][safepoint    ] Safepoint "Cleanup", Time since last: 1000241253 ns, Reaching safepoint: 1081028 ns, At safepoint: 56612 ns, Total: 1137640 ns
[2020-08-12T15:44:38.258+0000][6][safepoint    ] Safepoint "Cleanup", Time since last: 1094989694 ns, Reaching safepoint: 715906 ns, At safepoint: 44287 ns, Total: 760193 ns
[2020-08-12T15:44:40.162+0000][6][safepoint    ] Safepoint "Cleanup", Time since last: 1902547894 ns, Reaching safepoint: 783893 ns, At safepoint: 44175 ns, Total: 828068 ns
[2020-08-12T15:44:41.163+0000][6][safepoint    ] Safepoint "Cleanup", Time since last: 1000389677 ns, Reaching safepoint: 838555 ns, At safepoint: 45300 ns, Total: 883855 ns
[2020-08-12T15:44:42.164+0000][6][safepoint    ] Safepoint "Cleanup", Time since last: 1000340840 ns, Reaching safepoint: 924379 ns, At safepoint: 44237 ns, Total: 968616 ns
[2020-08-12T15:44:43.165+0000][6][safepoint    ] Safepoint "Cleanup", Time since last: 1000340052 ns, Reaching safepoint: 712182 ns, At safepoint: 44837 ns, Total: 757019 ns
[2020-08-12T15:44:45.162+0000][6][safepoint    ] Safepoint "Cleanup", Time since last: 1995728398 ns, Reaching safepoint: 589370 ns, At safepoint: 45725 ns, Total: 635095 ns
[2020-08-12T15:44:46.163+0000][6][safepoint    ] Safepoint "Cleanup", Time since last: 1000399340 ns, Reaching safepoint: 414796 ns, At safepoint: 44749 ns, Total: 459545 ns
[2020-08-12T15:44:47.163+0000][6][safepoint    ] Safepoint "Cleanup", Time since last: 1000273628 ns, Reaching safepoint: 518046 ns, At safepoint: 27887 ns, Total: 545933 ns
[2020-08-12T15:44:48.232+0000][6][safepoint    ] Safepoint "Cleanup", Time since last: 1068324329 ns, Reaching safepoint: 600207 ns, At safepoint: 45612 ns, Total: 645819 ns
[2020-08-12T15:44:49.233+0000][6][safepoint    ] Safepoint "Cleanup", Time since last: 1000385190 ns, Reaching safepoint: 528383 ns, At safepoint: 41762 ns, Total: 570145 ns
[2020-08-12T15:44:50.235+0000][6][safepoint    ] Safepoint "Cleanup", Time since last: 1000287490 ns, Reaching safepoint: 802006 ns, At safepoint: 38412 ns, Total: 840418 ns
[2020-08-12T15:44:51.236+0000][6][safepoint    ] Safepoint "Cleanup", Time since last: 1000309252 ns, Reaching safepoint: 802481 ns, At safepoint: 37949 ns, Total: 840430 ns
[2020-08-12T15:44:52.237+0000][6][safepoint    ] Safepoint "Cleanup", Time since last: 1000315316 ns, Reaching safepoint: 812955 ns, At safepoint: 44262 ns, Total: 857217 ns
[2020-08-12T15:44:53.238+0000][6][safepoint    ] Safepoint "Cleanup", Time since last: 1000421039 ns, Reaching safepoint: 842068 ns, At safepoint: 68987 ns, Total: 911055 ns
[2020-08-12T15:44:54.165+0000][6][safepoint    ] Safepoint "BulkRevokeBias", Time since last: 922541263 ns, Reaching safepoint: 1590836 ns, At safepoint: 2990661 ns, Total: 4581497 ns
[2020-08-12T15:44:55.169+0000][6][safepoint    ] Safepoint "Cleanup", Time since last: 1002843180 ns, Reaching safepoint: 598783 ns, At safepoint: 46012 ns, Total: 644795 ns
[2020-08-12T15:44:56.170+0000][6][safepoint    ] Safepoint "Cleanup", Time since last: 1000484601 ns, Reaching safepoint: 447746 ns, At safepoint: 44949 ns, Total: 492695 ns
[2020-08-12T15:44:57.171+0000][6][safepoint    ] Safepoint "Cleanup", Time since last: 1000431352 ns, Reaching safepoint: 518233 ns, At safepoint: 35487 ns, Total: 553720 ns
[2020-08-12T15:44:58.222+0000][6][safepoint    ] Safepoint "Cleanup", Time since last: 1050186714 ns, Reaching safepoint: 572207 ns, At safepoint: 43962 ns, Total: 616169 ns
[2020-08-12T15:45:00.165+0000][6][safepoint    ] Safepoint "Cleanup", Time since last: 1942488180 ns, Reaching safepoint: 578458 ns, At safepoint: 44824 ns, Total: 623282 ns
[2020-08-12T15:45:01.166+0000][6][safepoint    ] Safepoint "Cleanup", Time since last: 1000400977 ns, Reaching safepoint: 470634 ns, At safepoint: 18462 ns, Total: 489096 ns
[2020-08-12T15:45:02.167+0000][6][safepoint    ] Safepoint "Cleanup", Time since last: 1000235953 ns, Reaching safepoint: 684682 ns, At safepoint: 44299 ns, Total: 728981 ns
[2020-08-12T15:45:03.167+0000][6][safepoint    ] Safepoint "Cleanup", Time since last: 1000311690 ns, Reaching safepoint: 580833 ns, At safepoint: 27550 ns, Total: 608383 ns
[2020-08-12T15:45:05.164+0000][6][safepoint    ] Safepoint "Cleanup", Time since last: 1995418501 ns, Reaching safepoint: 822980 ns, At safepoint: 44300 ns, Total: 867280 ns
[2020-08-12T15:45:06.165+0000][6][safepoint    ] Safepoint "Cleanup", Time since last: 1000372290 ns, Reaching safepoint: 521070 ns, At safepoint: 18075 ns, Total: 539145 ns
[2020-08-12T15:45:07.272+0000][6][safepoint    ] Safepoint "Cleanup", Time since last: 1106640904 ns, Reaching safepoint: 332234 ns, At safepoint: 12288 ns, Total: 344522 ns
[2020-08-12T15:45:08.292+0000][6][safepoint    ] Safepoint "Cleanup", Time since last: 1019419297 ns, Reaching safepoint: 1115027 ns, At safepoint: 79712 ns, Total: 1194739 ns
[2020-08-12T15:45:09.293+0000][6][safepoint    ] Safepoint "Cleanup", Time since last: 1000326578 ns, Reaching safepoint: 630919 ns, At safepoint: 30375 ns, Total: 661294 ns
[2020-08-12T15:45:10.294+0000][6][safepoint    ] Safepoint "Cleanup", Time since last: 1000243166 ns, Reaching safepoint: 817355 ns, At safepoint: 46625 ns, Total: 863980 ns
[2020-08-12T15:45:11.295+0000][6][safepoint    ] Safepoint "Cleanup", Time since last: 1000300727 ns, Reaching safepoint: 470859 ns, At safepoint: 21687 ns, Total: 492546 ns
[2020-08-12T15:45:12.296+0000][6][safepoint    ] Safepoint "Cleanup", Time since last: 1000221054 ns, Reaching safepoint: 388396 ns, At safepoint: 34200 ns, Total: 422596 ns
[2020-08-12T15:45:13.297+0000][6][safepoint    ] Safepoint "Cleanup", Time since last: 1000269640 ns, Reaching safepoint: 536008 ns, At safepoint: 22075 ns, Total: 558083 ns
[2020-08-12T15:45:15.169+0000][6][safepoint    ] Safepoint "Cleanup", Time since last: 1871693541 ns, Reaching safepoint: 803243 ns, At safepoint: 45287 ns, Total: 848530 ns
[2020-08-12T15:45:16.170+0000][6][safepoint    ] Safepoint "Cleanup", Time since last: 1000290965 ns, Reaching safepoint: 342372 ns, At safepoint: 17113 ns, Total: 359485 ns
[2020-08-12T15:45:17.171+0000][6][safepoint    ] Safepoint "Cleanup", Time since last: 1000255053 ns, Reaching safepoint: 1049403 ns, At safepoint: 64150 ns, Total: 1113553 ns
[2020-08-12T15:45:18.254+0000][6][safepoint    ] Safepoint "Cleanup", Time since last: 1081822797 ns, Reaching safepoint: 824468 ns, At safepoint: 44349 ns, Total: 868817 ns
[2020-08-12T15:45:20.165+0000][6][safepoint    ] Safepoint "Cleanup", Time since last: 1910800572 ns, Reaching safepoint: 719206 ns, At safepoint: 52637 ns, Total: 771843 ns
[2020-08-12T15:45:21.167+0000][6][safepoint    ] Safepoint "Cleanup", Time since last: 1000346840 ns, Reaching safepoint: 1051766 ns, At safepoint: 144686 ns, Total: 1196452 ns
[2020-08-12T15:45:22.168+0000][6][safepoint    ] Safepoint "Cleanup", Time since last: 1000355015 ns, Reaching safepoint: 888367 ns, At safepoint: 46687 ns, Total: 935054 ns
[2020-08-12T15:45:23.169+0000][6][safepoint    ] Safepoint "Cleanup", Time since last: 1000344065 ns, Reaching safepoint: 707919 ns, At safepoint: 46274 ns, Total: 754193 ns
[2020-08-12T15:45:25.166+0000][6][safepoint    ] Safepoint "Cleanup", Time since last: 1996240407 ns, Reaching safepoint: 615957 ns, At safepoint: 57637 ns, Total: 673594 ns
[2020-08-12T15:45:26.167+0000][6][safepoint    ] Safepoint "Cleanup", Time since last: 1000349453 ns, Reaching safepoint: 463433 ns, At safepoint: 45425 ns, Total: 508858 ns
[2020-08-12T15:45:27.168+0000][6][safepoint    ] Safepoint "Cleanup", Time since last: 1000283978 ns, Reaching safepoint: 642806 ns, At safepoint: 27963 ns, Total: 670769 ns
[2020-08-12T15:45:28.218+0000][6][safepoint    ] Safepoint "Cleanup", Time since last: 1049337621 ns, Reaching safepoint: 753668 ns, At safepoint: 45300 ns, Total: 798968 ns
[2020-08-12T15:45:29.646+0000][6][safepoint    ] Safepoint "Cleanup", Time since last: 1427015957 ns, Reaching safepoint: 1080903 ns, At safepoint: 44912 ns, Total: 1125815 ns
[2020-08-12T15:45:30.647+0000][6][safepoint    ] Safepoint "Cleanup", Time since last: 1000381427 ns, Reaching safepoint: 651482 ns, At safepoint: 44099 ns, Total: 695581 ns
[2020-08-12T15:45:31.649+0000][6][safepoint    ] Safepoint "Cleanup", Time since last: 1000346528 ns, Reaching safepoint: 696806 ns, At safepoint: 53687 ns, Total: 750493 ns
[2020-08-12T15:45:32.650+0000][6][safepoint    ] Safepoint "Cleanup", Time since last: 1000395552 ns, Reaching safepoint: 564745 ns, At safepoint: 52625 ns, Total: 617370 ns
[2020-08-12T15:45:33.650+0000][6][safepoint    ] Safepoint "Cleanup", Time since last: 1000280778 ns, Reaching safepoint: 265535 ns, At safepoint: 12000 ns, Total: 277535 ns
[2020-08-12T15:45:35.167+0000][6][safepoint    ] Safepoint "Cleanup", Time since last: 1515853937 ns, Reaching safepoint: 618632 ns, At safepoint: 38562 ns, Total: 657194 ns
[2020-08-12T15:45:36.168+0000][6][safepoint    ] Safepoint "Cleanup", Time since last: 1000355190 ns, Reaching safepoint: 849030 ns, At safepoint: 44275 ns, Total: 893305 ns
[2020-08-12T15:45:37.169+0000][6][safepoint    ] Safepoint "Cleanup", Time since last: 1000326027 ns, Reaching safepoint: 647132 ns, At safepoint: 27500 ns, Total: 674632 ns
[2020-08-12T15:45:38.262+0000][6][safepoint    ] Safepoint "Cleanup", Time since last: 1091921908 ns, Reaching safepoint: 911905 ns, At safepoint: 43949 ns, Total: 955854 ns
[2020-08-12T15:45:40.169+0000][6][safepoint    ] Safepoint "Cleanup", Time since last: 1906529960 ns, Reaching safepoint: 948454 ns, At safepoint: 43849 ns, Total: 992303 ns
[2020-08-12T15:45:41.171+0000][6][safepoint    ] Safepoint "Cleanup", Time since last: 1000342215 ns, Reaching safepoint: 1055816 ns, At safepoint: 63924 ns, Total: 1119740 ns
[2020-08-12T15:45:42.172+0000][6][safepoint    ] Safepoint "Cleanup", Time since last: 1000388765 ns, Reaching safepoint: 1183977 ns, At safepoint: 55475 ns, Total: 1239452 ns
[2020-08-12T15:45:43.173+0000][6][safepoint    ] Safepoint "Cleanup", Time since last: 1000345165 ns, Reaching safepoint: 685231 ns, At safepoint: 52800 ns, Total: 738031 ns
[2020-08-12T15:45:45.169+0000][6][safepoint    ] Safepoint "Cleanup", Time since last: 1995161191 ns, Reaching safepoint: 667781 ns, At safepoint: 45012 ns, Total: 712793 ns
[2020-08-12T15:45:46.171+0000][6][safepoint    ] Safepoint "Cleanup", Time since last: 1000343040 ns, Reaching safepoint: 1059216 ns, At safepoint: 62224 ns, Total: 1121440 ns
[2020-08-12T15:45:47.172+0000][6][safepoint    ] Safepoint "Cleanup", Time since last: 1000380228 ns, Reaching safepoint: 1001578 ns, At safepoint: 47837 ns, Total: 1049415 ns
[2020-08-12T15:45:47.202+0000][6][safepoint    ] Safepoint "BulkRevokeBias", Time since last: 28229927 ns, Reaching safepoint: 351672 ns, At safepoint: 1194264 ns, Total: 1545936 ns
[2020-08-12T15:45:48.203+0000][6][safepoint    ] Safepoint "Cleanup", Time since last: 1000272653 ns, Reaching safepoint: 591745 ns, At safepoint: 168273 ns, Total: 760018 ns
[2020-08-12T15:45:49.204+0000][6][safepoint    ] Safepoint "Cleanup", Time since last: 1000283166 ns, Reaching safepoint: 419071 ns, At safepoint: 56437 ns, Total: 475508 ns
[2020-08-12T15:45:50.205+0000][6][safepoint    ] Safepoint "Cleanup", Time since last: 1000477764 ns, Reaching safepoint: 467796 ns, At safepoint: 34200 ns, Total: 501996 ns
[2020-08-12T15:45:51.206+0000][6][safepoint    ] Safepoint "Cleanup", Time since last: 1000409126 ns, Reaching safepoint: 680969 ns, At safepoint: 112787 ns, Total: 793756 ns
[2020-08-12T15:45:52.207+0000][6][safepoint    ] Safepoint "Cleanup", Time since last: 1000313728 ns, Reaching safepoint: 568020 ns, At safepoint: 97874 ns, Total: 665894 ns
[2020-08-12T15:45:53.208+0000][6][safepoint    ] Safepoint "Cleanup", Time since last: 1000327840 ns, Reaching safepoint: 579382 ns, At safepoint: 94887 ns, Total: 674269 ns
[2020-08-12T15:45:55.171+0000][6][safepoint    ] Safepoint "Cleanup", Time since last: 1962611178 ns, Reaching safepoint: 656819 ns, At safepoint: 46474 ns, Total: 703293 ns
[2020-08-12T15:45:56.172+0000][6][safepoint    ] Safepoint "Cleanup", Time since last: 1000361515 ns, Reaching safepoint: 629895 ns, At safepoint: 50737 ns, Total: 680632 ns
[2020-08-12T15:45:57.173+0000][6][safepoint    ] Safepoint "Cleanup", Time since last: 1000245228 ns, Reaching safepoint: 524721 ns, At safepoint: 26412 ns, Total: 551133 ns
[2020-08-12T15:45:58.222+0000][6][safepoint    ] Safepoint "Cleanup", Time since last: 1048173156 ns, Reaching safepoint: 597770 ns, At safepoint: 105361 ns, Total: 703131 ns
[2020-08-12T15:46:00.170+0000][6][safepoint    ] Safepoint "Cleanup", Time since last: 1947415562 ns, Reaching safepoint: 487420 ns, At safepoint: 106950 ns, Total: 594370 ns
[2020-08-12T15:46:01.171+0000][6][safepoint    ] Safepoint "Cleanup", Time since last: 1000263928 ns, Reaching safepoint: 313322 ns, At safepoint: 12187 ns, Total: 325509 ns
[2020-08-12T15:46:02.172+0000][6][safepoint    ] Safepoint "Cleanup", Time since last: 1000203592 ns, Reaching safepoint: 836092 ns, At safepoint: 57187 ns, Total: 893279 ns
[2020-08-12T15:46:03.173+0000][6][safepoint    ] Safepoint "Cleanup", Time since last: 1000349003 ns, Reaching safepoint: 782580 ns, At safepoint: 44137 ns, Total: 826717 ns
[2020-08-12T15:46:05.171+0000][6][safepoint    ] Safepoint "Cleanup", Time since last: 1997876867 ns, Reaching safepoint: 659595 ns, At safepoint: 44512 ns, Total: 704107 ns
[2020-08-12T15:46:06.172+0000][6][safepoint    ] Safepoint "Cleanup", Time since last: 1000289365 ns, Reaching safepoint: 512396 ns, At safepoint: 21762 ns, Total: 534158 ns
[2020-08-12T15:46:07.185+0000][6][safepoint    ] Safepoint "Cleanup", Time since last: 1012270972 ns, Reaching safepoint: 355785 ns, At safepoint: 67637 ns, Total: 423422 ns
[2020-08-12T15:46:08.186+0000][6][safepoint    ] Safepoint "Cleanup", Time since last: 1000323390 ns, Reaching safepoint: 873467 ns, At safepoint: 45937 ns, Total: 919404 ns
[2020-08-12T15:46:09.188+0000][6][safepoint    ] Safepoint "Cleanup", Time since last: 1000773349 ns, Reaching safepoint: 707694 ns, At safepoint: 39012 ns, Total: 746706 ns
[2020-08-12T15:46:10.189+0000][6][safepoint    ] Safepoint "Cleanup", Time since last: 1000383702 ns, Reaching safepoint: 912054 ns, At safepoint: 47487 ns, Total: 959541 ns
[2020-08-12T15:46:11.190+0000][6][safepoint    ] Safepoint "Cleanup", Time since last: 1000283316 ns, Reaching safepoint: 336522 ns, At safepoint: 15875 ns, Total: 352397 ns
[2020-08-12T15:46:12.191+0000][6][safepoint    ] Safepoint "Cleanup", Time since last: 1000320153 ns, Reaching safepoint: 952804 ns, At safepoint: 45724 ns, Total: 998528 ns
[2020-08-12T15:46:13.192+0000][6][safepoint    ] Safepoint "Cleanup", Time since last: 1000338003 ns, Reaching safepoint: 799518 ns, At safepoint: 40062 ns, Total: 839580 ns
[2020-08-12T15:46:15.176+0000][6][safepoint    ] Safepoint "Cleanup", Time since last: 1983281745 ns, Reaching safepoint: 631007 ns, At safepoint: 44138 ns, Total: 675145 ns
[2020-08-12T15:46:16.177+0000][6][safepoint    ] Safepoint "Cleanup", Time since last: 1000326614 ns, Reaching safepoint: 399934 ns, At safepoint: 72537 ns, Total: 472471 ns
[2020-08-12T15:46:17.178+0000][6][safepoint    ] Safepoint "Cleanup", Time since last: 1000229641 ns, Reaching safepoint: 467009 ns, At safepoint: 21775 ns, Total: 488784 ns
[2020-08-12T15:46:18.207+0000][6][safepoint    ] Safepoint "Cleanup", Time since last: 1028665515 ns, Reaching safepoint: 693331 ns, At safepoint: 46725 ns, Total: 740056 ns
[2020-08-12T15:46:19.177+0000][6][safepoint    ] Safepoint "BulkRevokeBias", Time since last: 967072971 ns, Reaching safepoint: 511395 ns, At safepoint: 2613877 ns, Total: 3125272 ns
[2020-08-12T15:46:20.179+0000][6][safepoint    ] Safepoint "Cleanup", Time since last: 1000419464 ns, Reaching safepoint: 851905 ns, At safepoint: 46062 ns, Total: 897967 ns
[2020-08-12T15:46:21.179+0000][6][safepoint    ] Safepoint "Cleanup", Time since last: 1000361290 ns, Reaching safepoint: 534970 ns, At safepoint: 29938 ns, Total: 564908 ns
[2020-08-12T15:46:22.181+0000][6][safepoint    ] Safepoint "Cleanup", Time since last: 1000295615 ns, Reaching safepoint: 871605 ns, At safepoint: 44937 ns, Total: 916542 ns
[2020-08-12T15:46:23.182+0000][6][safepoint    ] Safepoint "Cleanup", Time since last: 1000428489 ns, Reaching safepoint: 870355 ns, At safepoint: 72000 ns, Total: 942355 ns
[2020-08-12T15:46:25.176+0000][6][safepoint    ] Safepoint "Cleanup", Time since last: 1993511193 ns, Reaching safepoint: 849367 ns, At safepoint: 44462 ns, Total: 893829 ns
[2020-08-12T15:46:26.177+0000][6][safepoint    ] Safepoint "Cleanup", Time since last: 1000283866 ns, Reaching safepoint: 300634 ns, At safepoint: 12063 ns, Total: 312697 ns
[2020-08-12T15:46:27.178+0000][6][safepoint    ] Safepoint "Cleanup", Time since last: 1000165179 ns, Reaching safepoint: 720294 ns, At safepoint: 33412 ns, Total: 753706 ns
[2020-08-12T15:46:28.348+0000][6][safepoint    ] Safepoint "Cleanup", Time since last: 1168800481 ns, Reaching safepoint: 1271064 ns, At safepoint: 50587 ns, Total: 1321651 ns
[2020-08-12T15:46:30.180+0000][6][safepoint    ] Safepoint "Cleanup", Time since last: 1831362634 ns, Reaching safepoint: 834242 ns, At safepoint: 97049 ns, Total: 931291 ns
[2020-08-12T15:46:31.182+0000][6][safepoint    ] Safepoint "Cleanup", Time since last: 1000283566 ns, Reaching safepoint: 766406 ns, At safepoint: 51174 ns, Total: 817580 ns
[2020-08-12T15:46:32.183+0000][6][safepoint    ] Safepoint "Cleanup", Time since last: 1000341115 ns, Reaching safepoint: 826355 ns, At safepoint: 44787 ns, Total: 871142 ns
[2020-08-12T15:46:33.184+0000][6][safepoint    ] Safepoint "Cleanup", Time since last: 1000391390 ns, Reaching safepoint: 596645 ns, At safepoint: 43949 ns, Total: 640594 ns
[2020-08-12T15:46:35.177+0000][6][safepoint    ] Safepoint "Cleanup", Time since last: 1992592027 ns, Reaching safepoint: 606782 ns, At safepoint: 47112 ns, Total: 653894 ns
[2020-08-12T15:46:36.178+0000][6][safepoint    ] Safepoint "Cleanup", Time since last: 1000284078 ns, Reaching safepoint: 503958 ns, At safepoint: 18987 ns, Total: 522945 ns
[2020-08-12T15:46:37.179+0000][6][safepoint    ] Safepoint "Cleanup", Time since last: 1000269853 ns, Reaching safepoint: 940142 ns, At safepoint: 55637 ns, Total: 995779 ns
[2020-08-12T15:46:37.233+0000][6][gc,start     ] GC(32) Pause Young (Normal) (G1 Evacuation Pause)
[2020-08-12T15:46:37.234+0000][6][gc,task      ] GC(32) Using 2 workers of 2 for evacuation
[2020-08-12T15:46:37.234+0000][6][gc,age       ] GC(32) Desired survivor size 40370176 bytes, new threshold 15 (max threshold 15)
[2020-08-12T15:46:37.257+0000][6][gc,age       ] GC(32) Age table with threshold 15 (max threshold 15)
[2020-08-12T15:46:37.257+0000][6][gc,age       ] GC(32) - age   1:     403640 bytes,     403640 total
[2020-08-12T15:46:37.257+0000][6][gc,age       ] GC(32) - age   2:     317512 bytes,     721152 total
[2020-08-12T15:46:37.257+0000][6][gc,age       ] GC(32) - age   3:      79832 bytes,     800984 total
[2020-08-12T15:46:37.257+0000][6][gc,age       ] GC(32) - age   4:      33744 bytes,     834728 total
[2020-08-12T15:46:37.257+0000][6][gc,age       ] GC(32) - age   5:      82736 bytes,     917464 total
[2020-08-12T15:46:37.257+0000][6][gc,age       ] GC(32) - age   6:      91952 bytes,    1009416 total
[2020-08-12T15:46:37.257+0000][6][gc,age       ] GC(32) - age   7:      38768 bytes,    1048184 total
[2020-08-12T15:46:37.257+0000][6][gc,age       ] GC(32) - age   8:      44464 bytes,    1092648 total
[2020-08-12T15:46:37.257+0000][6][gc,age       ] GC(32) - age   9:      81920 bytes,    1174568 total
[2020-08-12T15:46:37.257+0000][6][gc,age       ] GC(32) - age  10:      49984 bytes,    1224552 total
[2020-08-12T15:46:37.258+0000][6][gc,age       ] GC(32) - age  11:      63360 bytes,    1287912 total
[2020-08-12T15:46:37.258+0000][6][gc,age       ] GC(32) - age  12:     360896 bytes,    1648808 total
[2020-08-12T15:46:37.258+0000][6][gc,age       ] GC(32) - age  13:     205520 bytes,    1854328 total
[2020-08-12T15:46:37.258+0000][6][gc,phases    ] GC(32)   Pre Evacuate Collection Set: 0.6ms
[2020-08-12T15:46:37.258+0000][6][gc,phases    ] GC(32)   Merge Heap Roots: 0.4ms
[2020-08-12T15:46:37.258+0000][6][gc,phases    ] GC(32)   Evacuate Collection Set: 17.6ms
[2020-08-12T15:46:37.258+0000][6][gc,phases    ] GC(32)   Post Evacuate Collection Set: 4.1ms
[2020-08-12T15:46:37.258+0000][6][gc,phases    ] GC(32)   Other: 1.7ms
[2020-08-12T15:46:37.258+0000][6][gc,heap      ] GC(32) Eden regions: 612->0(612)
[2020-08-12T15:46:37.258+0000][6][gc,heap      ] GC(32) Survivor regions: 2->2(77)
[2020-08-12T15:46:37.258+0000][6][gc,heap      ] GC(32) Old regions: 77->77
[2020-08-12T15:46:37.258+0000][6][gc,heap      ] GC(32) Archive regions: 2->2
[2020-08-12T15:46:37.258+0000][6][gc,heap      ] GC(32) Humongous regions: 7->7
[2020-08-12T15:46:37.258+0000][6][gc,metaspace ] GC(32) Metaspace: 97057K(104760K)->97057K(104760K) NonClass: 84527K(89144K)->84527K(89144K) Class: 12530K(15616K)->12530K(15616K)
[2020-08-12T15:46:37.258+0000][6][gc           ] GC(32) Pause Young (Normal) (G1 Evacuation Pause) 697M->85M(1024M) 24.860ms
[2020-08-12T15:46:37.258+0000][6][gc,cpu       ] GC(32) User=0.04s Sys=0.01s Real=0.03s
[2020-08-12T15:46:37.258+0000][6][safepoint    ] Safepoint "G1CollectForAllocation", Time since last: 53625090 ns, Reaching safepoint: 568195 ns, At safepoint: 25204553 ns, Total: 25772748 ns
[2020-08-12T15:46:38.259+0000][6][safepoint    ] Safepoint "Cleanup", Time since last: 1000199941 ns, Reaching safepoint: 640382 ns, At safepoint: 45775 ns, Total: 686157 ns
[2020-08-12T15:46:40.175+0000][6][safepoint    ] Safepoint "Cleanup", Time since last: 1914417465 ns, Reaching safepoint: 694369 ns, At safepoint: 53162 ns, Total: 747531 ns
[2020-08-12T15:46:41.175+0000][6][safepoint    ] Safepoint "Cleanup", Time since last: 1000400552 ns, Reaching safepoint: 422271 ns, At safepoint: 63599 ns, Total: 485870 ns
[2020-08-12T15:46:42.176+0000][6][safepoint    ] Safepoint "Cleanup", Time since last: 1000379777 ns, Reaching safepoint: 587245 ns, At safepoint: 46037 ns, Total: 633282 ns
[2020-08-12T15:46:43.177+0000][6][safepoint    ] Safepoint "Cleanup", Time since last: 1000347303 ns, Reaching safepoint: 670019 ns, At safepoint: 53499 ns, Total: 723518 ns
[2020-08-12T15:46:44.179+0000][6][safepoint    ] Safepoint "Cleanup", Time since last: 1000866123 ns, Reaching safepoint: 1104890 ns, At safepoint: 45675 ns, Total: 1150565 ns
[2020-08-12T15:46:45.181+0000][6][safepoint    ] Safepoint "Cleanup", Time since last: 1000576875 ns, Reaching safepoint: 578833 ns, At safepoint: 44362 ns, Total: 623195 ns
[2020-08-12T15:46:46.182+0000][6][safepoint    ] Safepoint "Cleanup", Time since last: 1000397577 ns, Reaching safepoint: 395496 ns, At safepoint: 45513 ns, Total: 441009 ns
[2020-08-12T15:46:48.095+0000][6][safepoint    ] Safepoint "Cleanup", Time since last: 1912378570 ns, Reaching safepoint: 569495 ns, At safepoint: 45787 ns, Total: 615282 ns
[2020-08-12T15:46:49.095+0000][6][safepoint    ] Safepoint "Cleanup", Time since last: 1000409314 ns, Reaching safepoint: 480746 ns, At safepoint: 44337 ns, Total: 525083 ns
[2020-08-12T15:46:50.096+0000][6][safepoint    ] Safepoint "Cleanup", Time since last: 1000287966 ns, Reaching safepoint: 417171 ns, At safepoint: 57674 ns, Total: 474845 ns
[2020-08-12T15:46:51.097+0000][6][safepoint    ] Safepoint "Cleanup", Time since last: 1000285953 ns, Reaching safepoint: 549058 ns, At safepoint: 21237 ns, Total: 570295 ns
[2020-08-12T15:46:52.098+0000][6][safepoint    ] Safepoint "Cleanup", Time since last: 1000211291 ns, Reaching safepoint: 711294 ns, At safepoint: 34300 ns, Total: 745594 ns
[2020-08-12T15:46:53.099+0000][6][safepoint    ] Safepoint "Cleanup", Time since last: 1000318140 ns, Reaching safepoint: 863805 ns, At safepoint: 44437 ns, Total: 908242 ns
[2020-08-12T15:46:54.100+0000][6][safepoint    ] Safepoint "Cleanup", Time since last: 1000301103 ns, Reaching safepoint: 514533 ns, At safepoint: 25862 ns, Total: 540395 ns
[2020-08-12T15:46:55.179+0000][6][safepoint    ] Safepoint "Cleanup", Time since last: 1078021431 ns, Reaching safepoint: 974341 ns, At safepoint: 43912 ns, Total: 1018253 ns
[2020-08-12T15:46:56.180+0000][6][safepoint    ] Safepoint "Cleanup", Time since last: 1000275816 ns, Reaching safepoint: 375384 ns, At safepoint: 12500 ns, Total: 387884 ns
[2020-08-12T15:46:57.181+0000][6][safepoint    ] Safepoint "Cleanup", Time since last: 1000203354 ns, Reaching safepoint: 689419 ns, At safepoint: 24712 ns, Total: 714131 ns
[2020-08-12T15:46:58.316+0000][6][safepoint    ] Safepoint "Cleanup", Time since last: 1134320772 ns, Reaching safepoint: 1268939 ns, At safepoint: 56062 ns, Total: 1325001 ns
[2020-08-12T15:47:00.176+0000][6][safepoint    ] Safepoint "Cleanup", Time since last: 1859312800 ns, Reaching safepoint: 635057 ns, At safepoint: 45100 ns, Total: 680157 ns
[2020-08-12T15:47:01.177+0000][6][safepoint    ] Safepoint "Cleanup", Time since last: 1000306165 ns, Reaching safepoint: 554733 ns, At safepoint: 26512 ns, Total: 581245 ns
[2020-08-12T15:47:02.178+0000][6][safepoint    ] Safepoint "Cleanup", Time since last: 1000243528 ns, Reaching safepoint: 931942 ns, At safepoint: 44250 ns, Total: 976192 ns
[2020-08-12T15:47:03.180+0000][6][safepoint    ] Safepoint "Cleanup", Time since last: 1000320639 ns, Reaching safepoint: 702982 ns, At safepoint: 33525 ns, Total: 736507 ns
[2020-08-12T15:47:05.178+0000][6][safepoint    ] Safepoint "Cleanup", Time since last: 1998189514 ns, Reaching safepoint: 710307 ns, At safepoint: 53312 ns, Total: 763619 ns
[2020-08-12T15:47:06.179+0000][6][safepoint    ] Safepoint "Cleanup", Time since last: 1000336777 ns, Reaching safepoint: 449996 ns, At safepoint: 55375 ns, Total: 505371 ns
[2020-08-12T15:47:07.181+0000][6][safepoint    ] Safepoint "Cleanup", Time since last: 1000342840 ns, Reaching safepoint: 799392 ns, At safepoint: 44463 ns, Total: 843855 ns
[2020-08-12T15:47:08.194+0000][6][safepoint    ] Safepoint "Cleanup", Time since last: 1012298159 ns, Reaching safepoint: 873567 ns, At safepoint: 44225 ns, Total: 917792 ns
[2020-08-12T15:47:09.195+0000][6][safepoint    ] Safepoint "Cleanup", Time since last: 1000388190 ns, Reaching safepoint: 899042 ns, At safepoint: 34674 ns, Total: 933716 ns
[2020-08-12T15:47:10.196+0000][6][safepoint    ] Safepoint "Cleanup", Time since last: 1000245829 ns, Reaching safepoint: 646869 ns, At safepoint: 53825 ns, Total: 700694 ns
[2020-08-12T15:47:11.197+0000][6][safepoint    ] Safepoint "Cleanup", Time since last: 1000349789 ns, Reaching safepoint: 453646 ns, At safepoint: 44675 ns, Total: 498321 ns
[2020-08-12T15:47:12.198+0000][6][safepoint    ] Safepoint "Cleanup", Time since last: 1000388740 ns, Reaching safepoint: 880067 ns, At safepoint: 45175 ns, Total: 925242 ns
[2020-08-12T15:47:13.199+0000][6][safepoint    ] Safepoint "Cleanup", Time since last: 1000334440 ns, Reaching safepoint: 775693 ns, At safepoint: 44399 ns, Total: 820092 ns
[2020-08-12T15:47:15.181+0000][6][safepoint    ] Safepoint "Cleanup", Time since last: 1980480696 ns, Reaching safepoint: 845892 ns, At safepoint: 44250 ns, Total: 890142 ns
[2020-08-12T15:47:16.182+0000][6][safepoint    ] Safepoint "Cleanup", Time since last: 1000384414 ns, Reaching safepoint: 952055 ns, At safepoint: 56037 ns, Total: 1008092 ns
[2020-08-12T15:47:18.176+0000][6][safepoint    ] Safepoint "Cleanup", Time since last: 1993220545 ns, Reaching safepoint: 809180 ns, At safepoint: 46213 ns, Total: 855393 ns
[2020-08-12T15:47:19.178+0000][6][safepoint    ] Safepoint "Cleanup", Time since last: 1001414255 ns, Reaching safepoint: 599820 ns, At safepoint: 38737 ns, Total: 638557 ns
[2020-08-12T15:47:20.181+0000][6][safepoint    ] Safepoint "Cleanup", Time since last: 1001582204 ns, Reaching safepoint: 834718 ns, At safepoint: 44299 ns, Total: 879017 ns
[2020-08-12T15:47:21.181+0000][6][safepoint    ] Safepoint "Cleanup", Time since last: 1000319666 ns, Reaching safepoint: 370059 ns, At safepoint: 12637 ns, Total: 382696 ns
[2020-08-12T15:47:22.182+0000][6][safepoint    ] Safepoint "Cleanup", Time since last: 1000228041 ns, Reaching safepoint: 740006 ns, At safepoint: 44012 ns, Total: 784018 ns
[2020-08-12T15:47:23.183+0000][6][safepoint    ] Safepoint "Cleanup", Time since last: 1000331590 ns, Reaching safepoint: 614395 ns, At safepoint: 75724 ns, Total: 690119 ns
[2020-08-12T15:47:24.182+0000][6][safepoint    ] Safepoint "BulkRevokeBias", Time since last: 996758897 ns, Reaching safepoint: 330297 ns, At safepoint: 1097565 ns, Total: 1427862 ns
[2020-08-12T15:47:25.183+0000][6][safepoint    ] Safepoint "Cleanup", Time since last: 1000598525 ns, Reaching safepoint: 832731 ns, At safepoint: 45012 ns, Total: 877743 ns
[2020-08-12T15:47:26.184+0000][6][safepoint    ] Safepoint "Cleanup", Time since last: 1000302952 ns, Reaching safepoint: 354872 ns, At safepoint: 13100 ns, Total: 367972 ns
[2020-08-12T15:47:27.185+0000][6][safepoint    ] Safepoint "Cleanup", Time since last: 1000178167 ns, Reaching safepoint: 502745 ns, At safepoint: 26862 ns, Total: 529607 ns
[2020-08-12T15:47:28.231+0000][6][safepoint    ] Safepoint "Cleanup", Time since last: 1046007488 ns, Reaching safepoint: 675232 ns, At safepoint: 44237 ns, Total: 719469 ns
[2020-08-12T15:47:29.733+0000][6][safepoint    ] Safepoint "Cleanup", Time since last: 1500771358 ns, Reaching safepoint: 840480 ns, At safepoint: 67124 ns, Total: 907604 ns
[2020-08-12T15:47:30.734+0000][6][safepoint    ] Safepoint "Cleanup", Time since last: 1000388502 ns, Reaching safepoint: 843980 ns, At safepoint: 45362 ns, Total: 889342 ns
[2020-08-12T15:47:31.735+0000][6][safepoint    ] Safepoint "Cleanup", Time since last: 1000388552 ns, Reaching safepoint: 615345 ns, At safepoint: 45025 ns, Total: 660370 ns
[2020-08-12T15:47:32.737+0000][6][safepoint    ] Safepoint "Cleanup", Time since last: 1000778873 ns, Reaching safepoint: 502571 ns, At safepoint: 45837 ns, Total: 548408 ns
[2020-08-12T15:47:33.737+0000][6][safepoint    ] Safepoint "Cleanup", Time since last: 1000311490 ns, Reaching safepoint: 284135 ns, At safepoint: 26137 ns, Total: 310272 ns
[2020-08-12T15:47:35.181+0000][6][safepoint    ] Safepoint "Cleanup", Time since last: 1443037204 ns, Reaching safepoint: 429696 ns, At safepoint: 20988 ns, Total: 450684 ns
[2020-08-12T15:47:36.182+0000][6][safepoint    ] Safepoint "Cleanup", Time since last: 1000235540 ns, Reaching safepoint: 1103903 ns, At safepoint: 45875 ns, Total: 1149778 ns
[2020-08-12T15:47:37.183+0000][6][safepoint    ] Safepoint "Cleanup", Time since last: 1000248153 ns, Reaching safepoint: 310860 ns, At safepoint: 20325 ns, Total: 331185 ns
[2020-08-12T15:47:38.186+0000][6][safepoint    ] Safepoint "Cleanup", Time since last: 1002361447 ns, Reaching safepoint: 580320 ns, At safepoint: 44837 ns, Total: 625157 ns
[2020-08-12T15:47:40.184+0000][6][safepoint    ] Safepoint "Cleanup", Time since last: 1997485770 ns, Reaching safepoint: 583433 ns, At safepoint: 44724 ns, Total: 628157 ns
[2020-08-12T15:47:41.185+0000][6][safepoint    ] Safepoint "Cleanup", Time since last: 1000381477 ns, Reaching safepoint: 546921 ns, At safepoint: 14925 ns, Total: 561846 ns
[2020-08-12T15:47:42.185+0000][6][safepoint    ] Safepoint "Cleanup", Time since last: 1000189028 ns, Reaching safepoint: 550246 ns, At safepoint: 30187 ns, Total: 580433 ns
[2020-08-12T15:47:43.186+0000][6][safepoint    ] Safepoint "Cleanup", Time since last: 1000300127 ns, Reaching safepoint: 685444 ns, At safepoint: 43813 ns, Total: 729257 ns
[2020-08-12T15:47:45.185+0000][6][safepoint    ] Safepoint "Cleanup", Time since last: 1997914691 ns, Reaching safepoint: 687319 ns, At safepoint: 45425 ns, Total: 732744 ns
[2020-08-12T15:47:46.186+0000][6][safepoint    ] Safepoint "Cleanup", Time since last: 1000290440 ns, Reaching safepoint: 644907 ns, At safepoint: 28113 ns, Total: 673020 ns
[2020-08-12T15:47:47.187+0000][6][safepoint    ] Safepoint "Cleanup", Time since last: 1000202978 ns, Reaching safepoint: 568270 ns, At safepoint: 25750 ns, Total: 594020 ns
[2020-08-12T15:47:48.277+0000][6][safepoint    ] Safepoint "Cleanup", Time since last: 1089117308 ns, Reaching safepoint: 610745 ns, At safepoint: 53799 ns, Total: 664544 ns
[2020-08-12T15:47:49.278+0000][6][safepoint    ] Safepoint "Cleanup", Time since last: 1000333740 ns, Reaching safepoint: 718719 ns, At safepoint: 38725 ns, Total: 757444 ns
[2020-08-12T15:47:50.279+0000][6][safepoint    ] Safepoint "Cleanup", Time since last: 1000371765 ns, Reaching safepoint: 777380 ns, At safepoint: 89012 ns, Total: 866392 ns
[2020-08-12T15:47:51.280+0000][6][safepoint    ] Safepoint "Cleanup", Time since last: 1000325365 ns, Reaching safepoint: 256673 ns, At safepoint: 11149 ns, Total: 267822 ns
[2020-08-12T15:47:52.281+0000][6][safepoint    ] Safepoint "Cleanup", Time since last: 1000209892 ns, Reaching safepoint: 937479 ns, At safepoint: 44212 ns, Total: 981691 ns
[2020-08-12T15:47:53.282+0000][6][safepoint    ] Safepoint "Cleanup", Time since last: 1000375790 ns, Reaching safepoint: 889067 ns, At safepoint: 67249 ns, Total: 956316 ns
[2020-08-12T15:47:55.185+0000][6][safepoint    ] Safepoint "Cleanup", Time since last: 1902266897 ns, Reaching safepoint: 644244 ns, At safepoint: 48037 ns, Total: 692281 ns
[2020-08-12T15:47:56.186+0000][6][safepoint    ] Safepoint "Cleanup", Time since last: 1000338228 ns, Reaching safepoint: 475771 ns, At safepoint: 162498 ns, Total: 638269 ns
[2020-08-12T15:47:57.187+0000][6][safepoint    ] Safepoint "Cleanup", Time since last: 1000283703 ns, Reaching safepoint: 548733 ns, At safepoint: 25800 ns, Total: 574533 ns
[2020-08-12T15:47:58.219+0000][6][safepoint    ] Safepoint "Cleanup", Time since last: 1031430928 ns, Reaching safepoint: 635544 ns, At safepoint: 47637 ns, Total: 683181 ns
[2020-08-12T15:47:58.798+0000][6][safepoint    ] Safepoint "BulkRevokeBias", Time since last: 577705563 ns, Reaching safepoint: 376746 ns, At safepoint: 1079529 ns, Total: 1456275 ns
[2020-08-12T15:48:00.184+0000][6][safepoint    ] Safepoint "Cleanup", Time since last: 1384981802 ns, Reaching safepoint: 855542 ns, At safepoint: 57312 ns, Total: 912854 ns
[2020-08-12T15:48:01.185+0000][6][safepoint    ] Safepoint "Cleanup", Time since last: 1000357978 ns, Reaching safepoint: 840780 ns, At safepoint: 44499 ns, Total: 885279 ns
[2020-08-12T15:48:02.187+0000][6][safepoint    ] Safepoint "Cleanup", Time since last: 1000296791 ns, Reaching safepoint: 941129 ns, At safepoint: 44600 ns, Total: 985729 ns
[2020-08-12T15:48:03.188+0000][6][safepoint    ] Safepoint "Cleanup", Time since last: 1000390864 ns, Reaching safepoint: 812518 ns, At safepoint: 44362 ns, Total: 856880 ns
[2020-08-12T15:48:05.187+0000][6][safepoint    ] Safepoint "Cleanup", Time since last: 1998828791 ns, Reaching safepoint: 751382 ns, At safepoint: 44499 ns, Total: 795881 ns
[2020-08-12T15:48:06.188+0000][6][safepoint    ] Safepoint "Cleanup", Time since last: 1000285236 ns, Reaching safepoint: 487021 ns, At safepoint: 18162 ns, Total: 505183 ns
[2020-08-12T15:48:07.189+0000][6][safepoint    ] Safepoint "Cleanup", Time since last: 1000197186 ns, Reaching safepoint: 686469 ns, At safepoint: 36113 ns, Total: 722582 ns
[2020-08-12T15:48:08.254+0000][6][safepoint    ] Safepoint "Cleanup", Time since last: 1064245272 ns, Reaching safepoint: 685957 ns, At safepoint: 44787 ns, Total: 730744 ns
[2020-08-12T15:48:09.255+0000][6][safepoint    ] Safepoint "Cleanup", Time since last: 1000305498 ns, Reaching safepoint: 514183 ns, At safepoint: 24237 ns, Total: 538420 ns
[2020-08-12T15:48:10.256+0000][6][safepoint    ] Safepoint "Cleanup", Time since last: 1000275136 ns, Reaching safepoint: 891092 ns, At safepoint: 44537 ns, Total: 935629 ns
[2020-08-12T15:48:11.257+0000][6][safepoint    ] Safepoint "Cleanup", Time since last: 1000302423 ns, Reaching safepoint: 695244 ns, At safepoint: 35762 ns, Total: 731006 ns
[2020-08-12T15:48:12.258+0000][6][safepoint    ] Safepoint "Cleanup", Time since last: 1000248536 ns, Reaching safepoint: 689319 ns, At safepoint: 34275 ns, Total: 723594 ns
[2020-08-12T15:48:13.259+0000][6][safepoint    ] Safepoint "Cleanup", Time since last: 1000281585 ns, Reaching safepoint: 569871 ns, At safepoint: 35237 ns, Total: 605108 ns
[2020-08-12T15:48:15.186+0000][6][safepoint    ] Safepoint "Cleanup", Time since last: 1926312255 ns, Reaching safepoint: 680544 ns, At safepoint: 52850 ns, Total: 733394 ns
[2020-08-12T15:48:16.188+0000][6][safepoint    ] Safepoint "Cleanup", Time since last: 1000322797 ns, Reaching safepoint: 1084942 ns, At safepoint: 93811 ns, Total: 1178753 ns
[2020-08-12T15:48:17.189+0000][6][safepoint    ] Safepoint "Cleanup", Time since last: 1000603395 ns, Reaching safepoint: 905055 ns, At safepoint: 54450 ns, Total: 959505 ns
[2020-08-12T15:48:18.254+0000][6][safepoint    ] Safepoint "Cleanup", Time since last: 1064161373 ns, Reaching safepoint: 805619 ns, At safepoint: 46387 ns, Total: 852006 ns
[2020-08-12T15:48:20.186+0000][6][safepoint    ] Safepoint "Cleanup", Time since last: 1931493200 ns, Reaching safepoint: 621232 ns, At safepoint: 47137 ns, Total: 668369 ns
[2020-08-12T15:48:21.187+0000][6][safepoint    ] Safepoint "Cleanup", Time since last: 1000290611 ns, Reaching safepoint: 599282 ns, At safepoint: 23675 ns, Total: 622957 ns
[2020-08-12T15:48:22.188+0000][6][safepoint    ] Safepoint "Cleanup", Time since last: 1000254573 ns, Reaching safepoint: 582645 ns, At safepoint: 37137 ns, Total: 619782 ns
[2020-08-12T15:48:23.189+0000][6][safepoint    ] Safepoint "Cleanup", Time since last: 1000395359 ns, Reaching safepoint: 680120 ns, At safepoint: 53674 ns, Total: 733794 ns
[2020-08-12T15:48:25.187+0000][6][safepoint    ] Safepoint "Cleanup", Time since last: 1996672278 ns, Reaching safepoint: 578258 ns, At safepoint: 43862 ns, Total: 622120 ns
[2020-08-12T15:48:26.187+0000][6][safepoint    ] Safepoint "Cleanup", Time since last: 1000284585 ns, Reaching safepoint: 541246 ns, At safepoint: 19337 ns, Total: 560583 ns
[2020-08-12T15:48:27.188+0000][6][safepoint    ] Safepoint "Cleanup", Time since last: 1000197474 ns, Reaching safepoint: 712044 ns, At safepoint: 33324 ns, Total: 745368 ns
[2020-08-12T15:48:28.290+0000][6][safepoint    ] Safepoint "Cleanup", Time since last: 1101210882 ns, Reaching safepoint: 717769 ns, At safepoint: 46312 ns, Total: 764081 ns
[2020-08-12T15:48:29.654+0000][6][safepoint    ] Safepoint "Cleanup", Time since last: 1362522648 ns, Reaching safepoint: 657844 ns, At safepoint: 53763 ns, Total: 711607 ns
[2020-08-12T15:48:30.655+0000][6][safepoint    ] Safepoint "Cleanup", Time since last: 1000401559 ns, Reaching safepoint: 817181 ns, At safepoint: 44137 ns, Total: 861318 ns
[2020-08-12T15:48:31.656+0000][6][safepoint    ] Safepoint "Cleanup", Time since last: 1000391097 ns, Reaching safepoint: 845355 ns, At safepoint: 46200 ns, Total: 891555 ns
[2020-08-12T15:48:32.657+0000][6][safepoint    ] Safepoint "Cleanup", Time since last: 1000347259 ns, Reaching safepoint: 662782 ns, At safepoint: 44138 ns, Total: 706920 ns
[2020-08-12T15:48:33.658+0000][6][safepoint    ] Safepoint "Cleanup", Time since last: 1000346934 ns, Reaching safepoint: 775019 ns, At safepoint: 53562 ns, Total: 828581 ns
[2020-08-12T15:48:35.191+0000][6][safepoint    ] Safepoint "Cleanup", Time since last: 1531601922 ns, Reaching safepoint: 806693 ns, At safepoint: 44350 ns, Total: 851043 ns
[2020-08-12T15:48:36.192+0000][6][safepoint    ] Safepoint "Cleanup", Time since last: 1000378297 ns, Reaching safepoint: 854180 ns, At safepoint: 28000 ns, Total: 882180 ns
[2020-08-12T15:48:38.119+0000][6][safepoint    ] Safepoint "Cleanup", Time since last: 1926437629 ns, Reaching safepoint: 823569 ns, At safepoint: 45224 ns, Total: 868793 ns
[2020-08-12T15:48:39.120+0000][6][safepoint    ] Safepoint "Cleanup", Time since last: 1000357847 ns, Reaching safepoint: 670857 ns, At safepoint: 53550 ns, Total: 724407 ns
[2020-08-12T15:48:40.190+0000][6][safepoint    ] Safepoint "Cleanup", Time since last: 1068502475 ns, Reaching safepoint: 594170 ns, At safepoint: 44437 ns, Total: 638607 ns
[2020-08-12T15:48:41.191+0000][6][safepoint    ] Safepoint "Cleanup", Time since last: 1000369872 ns, Reaching safepoint: 1117316 ns, At safepoint: 55925 ns, Total: 1173241 ns
[2020-08-12T15:48:42.192+0000][6][safepoint    ] Safepoint "Cleanup", Time since last: 1000386934 ns, Reaching safepoint: 946767 ns, At safepoint: 45000 ns, Total: 991767 ns
[2020-08-12T15:48:43.194+0000][6][safepoint    ] Safepoint "Cleanup", Time since last: 1000330347 ns, Reaching safepoint: 830931 ns, At safepoint: 44587 ns, Total: 875518 ns
[2020-08-12T15:48:44.195+0000][6][safepoint    ] Safepoint "Cleanup", Time since last: 1000348272 ns, Reaching safepoint: 808969 ns, At safepoint: 82836 ns, Total: 891805 ns
[2020-08-12T15:48:45.288+0000][6][safepoint    ] Safepoint "Cleanup", Time since last: 1092603402 ns, Reaching safepoint: 682745 ns, At safepoint: 44849 ns, Total: 727594 ns
[2020-08-12T15:48:46.289+0000][6][safepoint    ] Safepoint "Cleanup", Time since last: 1000349373 ns, Reaching safepoint: 419321 ns, At safepoint: 44925 ns, Total: 464246 ns
[2020-08-12T15:48:48.272+0000][6][safepoint    ] Safepoint "Cleanup", Time since last: 1982397957 ns, Reaching safepoint: 586807 ns, At safepoint: 46038 ns, Total: 632845 ns
[2020-08-12T15:48:49.273+0000][6][safepoint    ] Safepoint "Cleanup", Time since last: 1000348410 ns, Reaching safepoint: 554482 ns, At safepoint: 45588 ns, Total: 600070 ns
[2020-08-12T15:48:50.274+0000][6][safepoint    ] Safepoint "Cleanup", Time since last: 1000345834 ns, Reaching safepoint: 719769 ns, At safepoint: 44900 ns, Total: 764669 ns
[2020-08-12T15:48:51.275+0000][6][safepoint    ] Safepoint "Cleanup", Time since last: 1000336810 ns, Reaching safepoint: 283435 ns, At safepoint: 11925 ns, Total: 295360 ns
[2020-08-12T15:48:52.276+0000][6][safepoint    ] Safepoint "Cleanup", Time since last: 1000228248 ns, Reaching safepoint: 611120 ns, At safepoint: 44637 ns, Total: 655757 ns
[2020-08-12T15:48:53.277+0000][6][safepoint    ] Safepoint "Cleanup", Time since last: 1000399234 ns, Reaching safepoint: 603420 ns, At safepoint: 45400 ns, Total: 648820 ns
[2020-08-12T15:48:55.190+0000][6][safepoint    ] Safepoint "Cleanup", Time since last: 1912992265 ns, Reaching safepoint: 620982 ns, At safepoint: 44775 ns, Total: 665757 ns
[2020-08-12T15:48:56.191+0000][6][safepoint    ] Safepoint "Cleanup", Time since last: 1000282435 ns, Reaching safepoint: 578658 ns, At safepoint: 20850 ns, Total: 599508 ns
[2020-08-12T15:48:57.194+0000][6][safepoint    ] Safepoint "Cleanup", Time since last: 1001712061 ns, Reaching safepoint: 1308926 ns, At safepoint: 32338 ns, Total: 1341264 ns
[2020-08-12T15:48:58.352+0000][6][safepoint    ] Safepoint "Cleanup", Time since last: 1156432178 ns, Reaching safepoint: 1314726 ns, At safepoint: 55025 ns, Total: 1369751 ns
[2020-08-12T15:49:00.189+0000][6][safepoint    ] Safepoint "Cleanup", Time since last: 1836345044 ns, Reaching safepoint: 699594 ns, At safepoint: 53237 ns, Total: 752831 ns
[2020-08-12T15:49:01.190+0000][6][safepoint    ] Safepoint "Cleanup", Time since last: 1000321235 ns, Reaching safepoint: 533946 ns, At safepoint: 35975 ns, Total: 569921 ns
[2020-08-12T15:49:02.191+0000][6][safepoint    ] Safepoint "Cleanup", Time since last: 1000263122 ns, Reaching safepoint: 723407 ns, At safepoint: 34325 ns, Total: 757732 ns
[2020-08-12T15:49:03.192+0000][6][safepoint    ] Safepoint "Cleanup", Time since last: 1000303835 ns, Reaching safepoint: 844693 ns, At safepoint: 44262 ns, Total: 888955 ns
[2020-08-12T15:49:05.192+0000][6][safepoint    ] Safepoint "Cleanup", Time since last: 1998592924 ns, Reaching safepoint: 773344 ns, At safepoint: 44074 ns, Total: 817418 ns
[2020-08-12T15:49:06.193+0000][6][safepoint    ] Safepoint "Cleanup", Time since last: 1000349485 ns, Reaching safepoint: 588533 ns, At safepoint: 25087 ns, Total: 613620 ns
[2020-08-12T15:49:07.194+0000][6][safepoint    ] Safepoint "Cleanup", Time since last: 1000256073 ns, Reaching safepoint: 966180 ns, At safepoint: 39337 ns, Total: 1005517 ns
[2020-08-12T15:49:08.246+0000][6][safepoint    ] Safepoint "Cleanup", Time since last: 1051658926 ns, Reaching safepoint: 735944 ns, At safepoint: 45374 ns, Total: 781318 ns
[2020-08-12T15:49:09.247+0000][6][safepoint    ] Safepoint "Cleanup", Time since last: 1000304210 ns, Reaching safepoint: 409147 ns, At safepoint: 26362 ns, Total: 435509 ns
[2020-08-12T15:49:10.248+0000][6][safepoint    ] Safepoint "Cleanup", Time since last: 1000277073 ns, Reaching safepoint: 749944 ns, At safepoint: 56049 ns, Total: 805993 ns
[2020-08-12T15:49:11.249+0000][6][safepoint    ] Safepoint "Cleanup", Time since last: 1000307710 ns, Reaching safepoint: 655095 ns, At safepoint: 36837 ns, Total: 691932 ns
[2020-08-12T15:49:12.250+0000][6][safepoint    ] Safepoint "Cleanup", Time since last: 1000296273 ns, Reaching safepoint: 766406 ns, At safepoint: 33650 ns, Total: 800056 ns
[2020-08-12T15:49:13.252+0000][6][safepoint    ] Safepoint "Cleanup", Time since last: 1000281348 ns, Reaching safepoint: 868392 ns, At safepoint: 43463 ns, Total: 911855 ns
[2020-08-12T15:49:15.193+0000][6][safepoint    ] Safepoint "Cleanup", Time since last: 1941398031 ns, Reaching safepoint: 378672 ns, At safepoint: 18237 ns, Total: 396909 ns
[2020-08-12T15:49:16.194+0000][6][safepoint    ] Safepoint "Cleanup", Time since last: 1000194774 ns, Reaching safepoint: 655994 ns, At safepoint: 29463 ns, Total: 685457 ns
[2020-08-12T15:49:17.195+0000][6][safepoint    ] Safepoint "Cleanup", Time since last: 1000273210 ns, Reaching safepoint: 839980 ns, At safepoint: 43038 ns, Total: 883018 ns
[2020-08-12T15:49:18.214+0000][6][safepoint    ] Safepoint "Cleanup", Time since last: 1018150701 ns, Reaching safepoint: 585857 ns, At safepoint: 53700 ns, Total: 639557 ns
[2020-08-12T15:49:20.193+0000][6][safepoint    ] Safepoint "Cleanup", Time since last: 1978236041 ns, Reaching safepoint: 678932 ns, At safepoint: 45187 ns, Total: 724119 ns
[2020-08-12T15:49:21.194+0000][6][safepoint    ] Safepoint "Cleanup", Time since last: 1000305535 ns, Reaching safepoint: 591708 ns, At safepoint: 27162 ns, Total: 618870 ns
[2020-08-12T15:49:22.195+0000][6][safepoint    ] Safepoint "Cleanup", Time since last: 1000258623 ns, Reaching safepoint: 880230 ns, At safepoint: 46987 ns, Total: 927217 ns
[2020-08-12T15:49:23.196+0000][6][safepoint    ] Safepoint "Cleanup", Time since last: 1000341610 ns, Reaching safepoint: 680681 ns, At safepoint: 44288 ns, Total: 724969 ns
[2020-08-12T15:49:25.193+0000][6][safepoint    ] Safepoint "Cleanup", Time since last: 1995805860 ns, Reaching safepoint: 532183 ns, At safepoint: 53462 ns, Total: 585645 ns
[2020-08-12T15:49:26.194+0000][6][safepoint    ] Safepoint "Cleanup", Time since last: 1000346360 ns, Reaching safepoint: 606032 ns, At safepoint: 29150 ns, Total: 635182 ns
[2020-08-12T15:49:27.194+0000][6][safepoint    ] Safepoint "Cleanup", Time since last: 1000230161 ns, Reaching safepoint: 585557 ns, At safepoint: 32450 ns, Total: 618007 ns
[2020-08-12T15:49:27.261+0000][6][safepoint    ] Safepoint "BulkRevokeBias", Time since last: 64952417 ns, Reaching safepoint: 485171 ns, At safepoint: 1512525 ns, Total: 1997696 ns
[2020-08-12T15:49:28.292+0000][6][safepoint    ] Safepoint "Cleanup", Time since last: 1029360884 ns, Reaching safepoint: 992442 ns, At safepoint: 111849 ns, Total: 1104291 ns
[2020-08-12T15:49:29.654+0000][6][safepoint    ] Safepoint "Cleanup", Time since last: 1360999735 ns, Reaching safepoint: 800244 ns, At safepoint: 68774 ns, Total: 869018 ns
[2020-08-12T15:49:30.655+0000][6][safepoint    ] Safepoint "Cleanup", Time since last: 1000589933 ns, Reaching safepoint: 856180 ns, At safepoint: 60100 ns, Total: 916280 ns
[2020-08-12T15:49:31.657+0000][6][safepoint    ] Safepoint "Cleanup", Time since last: 1000348534 ns, Reaching safepoint: 840056 ns, At safepoint: 45112 ns, Total: 885168 ns
[2020-08-12T15:49:32.658+0000][6][safepoint    ] Safepoint "Cleanup", Time since last: 1000395009 ns, Reaching safepoint: 713532 ns, At safepoint: 37787 ns, Total: 751319 ns
[2020-08-12T15:49:33.658+0000][6][safepoint    ] Safepoint "Cleanup", Time since last: 1000264636 ns, Reaching safepoint: 404684 ns, At safepoint: 19525 ns, Total: 424209 ns
[2020-08-12T15:49:35.197+0000][6][safepoint    ] Safepoint "Cleanup", Time since last: 1537572760 ns, Reaching safepoint: 573508 ns, At safepoint: 30162 ns, Total: 603670 ns
[2020-08-12T15:49:36.197+0000][6][safepoint    ] Safepoint "Cleanup", Time since last: 1000237623 ns, Reaching safepoint: 541296 ns, At safepoint: 21587 ns, Total: 562883 ns
[2020-08-12T15:49:37.198+0000][6][safepoint    ] Safepoint "Cleanup", Time since last: 1000209198 ns, Reaching safepoint: 592046 ns, At safepoint: 33424 ns, Total: 625470 ns
[2020-08-12T15:49:38.328+0000][6][safepoint    ] Safepoint "Cleanup", Time since last: 1128473345 ns, Reaching safepoint: 904993 ns, At safepoint: 44187 ns, Total: 949180 ns
[2020-08-12T15:49:40.194+0000][6][safepoint    ] Safepoint "Cleanup", Time since last: 1865209269 ns, Reaching safepoint: 918893 ns, At safepoint: 44399 ns, Total: 963292 ns
[2020-08-12T15:49:41.195+0000][6][safepoint    ] Safepoint "Cleanup", Time since last: 1000341448 ns, Reaching safepoint: 577033 ns, At safepoint: 20949 ns, Total: 597982 ns
[2020-08-12T15:49:42.196+0000][6][safepoint    ] Safepoint "Cleanup", Time since last: 1000256198 ns, Reaching safepoint: 993517 ns, At safepoint: 48862 ns, Total: 1042379 ns
[2020-08-12T15:49:43.197+0000][6][safepoint    ] Safepoint "Cleanup", Time since last: 1000339172 ns, Reaching safepoint: 883506 ns, At safepoint: 43974 ns, Total: 927480 ns
[2020-08-12T15:49:44.198+0000][6][safepoint    ] Safepoint "Cleanup", Time since last: 1000033150 ns, Reaching safepoint: 824268 ns, At safepoint: 46325 ns, Total: 870593 ns
[2020-08-12T15:49:45.199+0000][6][safepoint    ] Safepoint "Cleanup", Time since last: 1000444271 ns, Reaching safepoint: 328385 ns, At safepoint: 15800 ns, Total: 344185 ns
[2020-08-12T15:49:46.200+0000][6][safepoint    ] Safepoint "Cleanup", Time since last: 1000178836 ns, Reaching safepoint: 498221 ns, At safepoint: 19163 ns, Total: 517384 ns
[2020-08-12T15:49:47.201+0000][6][safepoint    ] Safepoint "Cleanup", Time since last: 1000253573 ns, Reaching safepoint: 1052166 ns, At safepoint: 43500 ns, Total: 1095666 ns
[2020-08-12T15:49:48.202+0000][6][safepoint    ] Safepoint "Cleanup", Time since last: 1000437609 ns, Reaching safepoint: 597220 ns, At safepoint: 55812 ns, Total: 653032 ns
[2020-08-12T15:49:49.203+0000][6][safepoint    ] Safepoint "Cleanup", Time since last: 1000367722 ns, Reaching safepoint: 603145 ns, At safepoint: 45562 ns, Total: 648707 ns
[2020-08-12T15:49:50.204+0000][6][safepoint    ] Safepoint "Cleanup", Time since last: 1000353272 ns, Reaching safepoint: 702407 ns, At safepoint: 46187 ns, Total: 748594 ns
[2020-08-12T15:49:51.205+0000][6][safepoint    ] Safepoint "Cleanup", Time since last: 1000291935 ns, Reaching safepoint: 868693 ns, At safepoint: 26712 ns, Total: 895405 ns
[2020-08-12T15:49:52.206+0000][6][safepoint    ] Safepoint "Cleanup", Time since last: 1000241298 ns, Reaching safepoint: 667320 ns, At safepoint: 53449 ns, Total: 720769 ns
[2020-08-12T15:49:53.207+0000][6][safepoint    ] Safepoint "Cleanup", Time since last: 1000342148 ns, Reaching safepoint: 685419 ns, At safepoint: 54724 ns, Total: 740143 ns
[2020-08-12T15:49:54.200+0000][6][safepoint    ] Safepoint "BulkRevokeBias", Time since last: 989376513 ns, Reaching safepoint: 660582 ns, At safepoint: 2581691 ns, Total: 3242273 ns
[2020-08-12T15:49:55.204+0000][6][safepoint    ] Safepoint "Cleanup", Time since last: 1003527984 ns, Reaching safepoint: 677294 ns, At safepoint: 33525 ns, Total: 710819 ns
[2020-08-12T15:49:56.205+0000][6][safepoint    ] Safepoint "Cleanup", Time since last: 1000249761 ns, Reaching safepoint: 608157 ns, At safepoint: 23137 ns, Total: 631294 ns
[2020-08-12T15:49:57.206+0000][6][safepoint    ] Safepoint "Cleanup", Time since last: 1000195849 ns, Reaching safepoint: 604520 ns, At safepoint: 27900 ns, Total: 632420 ns
[2020-08-12T15:49:58.289+0000][6][safepoint    ] Safepoint "Cleanup", Time since last: 1081951102 ns, Reaching safepoint: 583807 ns, At safepoint: 30200 ns, Total: 614007 ns
[2020-08-12T15:49:59.198+0000][6][safepoint    ] Safepoint "BulkRevokeBias", Time since last: 906885465 ns, Reaching safepoint: 573370 ns, At safepoint: 1628987 ns, Total: 2202357 ns
[2020-08-12T15:50:00.201+0000][6][safepoint    ] Safepoint "Cleanup", Time since last: 1002442867 ns, Reaching safepoint: 827918 ns, At safepoint: 45012 ns, Total: 872930 ns
[2020-08-12T15:50:01.202+0000][6][safepoint    ] Safepoint "Cleanup", Time since last: 1000290886 ns, Reaching safepoint: 611145 ns, At safepoint: 25300 ns, Total: 636445 ns
[2020-08-12T15:50:02.203+0000][6][safepoint    ] Safepoint "Cleanup", Time since last: 1000257310 ns, Reaching safepoint: 827768 ns, At safepoint: 44750 ns, Total: 872518 ns
[2020-08-12T15:50:03.204+0000][6][safepoint    ] Safepoint "Cleanup", Time since last: 1000395509 ns, Reaching safepoint: 798944 ns, At safepoint: 47299 ns, Total: 846243 ns
[2020-08-12T15:50:05.198+0000][6][safepoint    ] Safepoint "Cleanup", Time since last: 1993305105 ns, Reaching safepoint: 684682 ns, At safepoint: 44375 ns, Total: 729057 ns
[2020-08-12T15:50:06.199+0000][6][safepoint    ] Safepoint "Cleanup", Time since last: 1000333485 ns, Reaching safepoint: 675519 ns, At safepoint: 68175 ns, Total: 743694 ns
[2020-08-12T15:50:07.201+0000][6][safepoint    ] Safepoint "Cleanup", Time since last: 1000341659 ns, Reaching safepoint: 962992 ns, At safepoint: 61775 ns, Total: 1024767 ns
[2020-08-12T15:50:08.275+0000][6][safepoint    ] Safepoint "Cleanup", Time since last: 1073566308 ns, Reaching safepoint: 741607 ns, At safepoint: 31712 ns, Total: 773319 ns
[2020-08-12T15:50:09.276+0000][6][safepoint    ] Safepoint "Cleanup", Time since last: 1000219211 ns, Reaching safepoint: 386559 ns, At safepoint: 26687 ns, Total: 413246 ns
[2020-08-12T15:50:10.277+0000][6][safepoint    ] Safepoint "Cleanup", Time since last: 1000290986 ns, Reaching safepoint: 514608 ns, At safepoint: 34749 ns, Total: 549357 ns
[2020-08-12T15:50:11.278+0000][6][safepoint    ] Safepoint "Cleanup", Time since last: 1000244486 ns, Reaching safepoint: 712432 ns, At safepoint: 24074 ns, Total: 736506 ns
[2020-08-12T15:50:12.279+0000][6][safepoint    ] Safepoint "Cleanup", Time since last: 1000224036 ns, Reaching safepoint: 946680 ns, At safepoint: 44825 ns, Total: 991505 ns
[2020-08-12T15:50:13.280+0000][6][safepoint    ] Safepoint "Cleanup", Time since last: 1000391834 ns, Reaching safepoint: 885205 ns, At safepoint: 44050 ns, Total: 929255 ns
[2020-08-12T15:50:15.199+0000][6][safepoint    ] Safepoint "Cleanup", Time since last: 1918245871 ns, Reaching safepoint: 1034079 ns, At safepoint: 58012 ns, Total: 1092091 ns
[2020-08-12T15:50:16.200+0000][6][safepoint    ] Safepoint "Cleanup", Time since last: 1000290286 ns, Reaching safepoint: 572670 ns, At safepoint: 24337 ns, Total: 597007 ns
[2020-08-12T15:50:17.201+0000][6][safepoint    ] Safepoint "Cleanup", Time since last: 1000214861 ns, Reaching safepoint: 651720 ns, At safepoint: 49124 ns, Total: 700844 ns
[2020-08-12T15:50:18.371+0000][6][safepoint    ] Safepoint "Cleanup", Time since last: 1169325797 ns, Reaching safepoint: 664407 ns, At safepoint: 44712 ns, Total: 709119 ns
[2020-08-12T15:50:20.199+0000][6][safepoint    ] Safepoint "Cleanup", Time since last: 1827082696 ns, Reaching safepoint: 624069 ns, At safepoint: 44725 ns, Total: 668794 ns
[2020-08-12T15:50:21.200+0000][6][safepoint    ] Safepoint "Cleanup", Time since last: 1000290248 ns, Reaching safepoint: 680669 ns, At safepoint: 124537 ns, Total: 805206 ns
[2020-08-12T15:50:22.201+0000][6][safepoint    ] Safepoint "Cleanup", Time since last: 1000252272 ns, Reaching safepoint: 662045 ns, At safepoint: 52175 ns, Total: 714220 ns
[2020-08-12T15:50:23.202+0000][6][safepoint    ] Safepoint "Cleanup", Time since last: 1000345822 ns, Reaching safepoint: 809118 ns, At safepoint: 47037 ns, Total: 856155 ns
[2020-08-12T15:50:25.200+0000][6][safepoint    ] Safepoint "Cleanup", Time since last: 1997487721 ns, Reaching safepoint: 671432 ns, At safepoint: 43800 ns, Total: 715232 ns
[2020-08-12T15:50:26.201+0000][6][safepoint    ] Safepoint "Cleanup", Time since last: 1000292472 ns, Reaching safepoint: 648733 ns, At safepoint: 27362 ns, Total: 676095 ns
[2020-08-12T15:50:27.202+0000][6][safepoint    ] Safepoint "Cleanup", Time since last: 1000203173 ns, Reaching safepoint: 503171 ns, At safepoint: 28100 ns, Total: 531271 ns
[2020-08-12T15:50:28.265+0000][6][safepoint    ] Safepoint "Cleanup", Time since last: 1062011453 ns, Reaching safepoint: 608170 ns, At safepoint: 46175 ns, Total: 654345 ns
[2020-08-12T15:50:29.669+0000][6][safepoint    ] Safepoint "Cleanup", Time since last: 1403121614 ns, Reaching safepoint: 814756 ns, At safepoint: 43562 ns, Total: 858318 ns
[2020-08-12T15:50:30.670+0000][6][safepoint    ] Safepoint "Cleanup", Time since last: 1000434584 ns, Reaching safepoint: 844680 ns, At safepoint: 59225 ns, Total: 903905 ns
[2020-08-12T15:50:31.671+0000][6][safepoint    ] Safepoint "Cleanup", Time since last: 1000346035 ns, Reaching safepoint: 679169 ns, At safepoint: 46212 ns, Total: 725381 ns
[2020-08-12T15:50:32.672+0000][6][safepoint    ] Safepoint "Cleanup", Time since last: 1000354260 ns, Reaching safepoint: 661845 ns, At safepoint: 46587 ns, Total: 708432 ns
[2020-08-12T15:50:33.673+0000][6][safepoint    ] Safepoint "Cleanup", Time since last: 1000290885 ns, Reaching safepoint: 610045 ns, At safepoint: 25775 ns, Total: 635820 ns
[2020-08-12T15:50:35.198+0000][6][safepoint    ] Safepoint "Cleanup", Time since last: 1523718311 ns, Reaching safepoint: 787819 ns, At safepoint: 44175 ns, Total: 831994 ns
[2020-08-12T15:50:36.199+0000][6][safepoint    ] Safepoint "Cleanup", Time since last: 1000344197 ns, Reaching safepoint: 612520 ns, At safepoint: 69062 ns, Total: 681582 ns
[2020-08-12T15:50:37.200+0000][6][safepoint    ] Safepoint "Cleanup", Time since last: 1000353234 ns, Reaching safepoint: 638220 ns, At safepoint: 26862 ns, Total: 665082 ns
[2020-08-12T15:50:38.281+0000][6][safepoint    ] Safepoint "Cleanup", Time since last: 1079982256 ns, Reaching safepoint: 648732 ns, At safepoint: 44537 ns, Total: 693269 ns
[2020-08-12T15:50:40.199+0000][6][safepoint    ] Safepoint "Cleanup", Time since last: 1917939762 ns, Reaching safepoint: 773194 ns, At safepoint: 44324 ns, Total: 817518 ns
[2020-08-12T15:50:41.200+0000][6][safepoint    ] Safepoint "Cleanup", Time since last: 1000345785 ns, Reaching safepoint: 612432 ns, At safepoint: 56375 ns, Total: 668807 ns
[2020-08-12T15:50:42.201+0000][6][safepoint    ] Safepoint "Cleanup", Time since last: 1000406209 ns, Reaching safepoint: 521233 ns, At safepoint: 44425 ns, Total: 565658 ns
[2020-08-12T15:50:43.202+0000][6][safepoint    ] Safepoint "Cleanup", Time since last: 1000355110 ns, Reaching safepoint: 707294 ns, At safepoint: 46050 ns, Total: 753344 ns
[2020-08-12T15:50:45.200+0000][6][safepoint    ] Safepoint "Cleanup", Time since last: 1997148136 ns, Reaching safepoint: 935267 ns, At safepoint: 44537 ns, Total: 979804 ns
[2020-08-12T15:50:46.208+0000][6][safepoint    ] Safepoint "Cleanup", Time since last: 1007423202 ns, Reaching safepoint: 523708 ns, At safepoint: 26825 ns, Total: 550533 ns
[2020-08-12T15:50:47.210+0000][6][safepoint    ] Safepoint "Cleanup", Time since last: 1000539945 ns, Reaching safepoint: 707420 ns, At safepoint: 21962 ns, Total: 729382 ns
[2020-08-12T15:50:48.283+0000][6][safepoint    ] Safepoint "Cleanup", Time since last: 1072044358 ns, Reaching safepoint: 844581 ns, At safepoint: 44124 ns, Total: 888705 ns
[2020-08-12T15:50:49.283+0000][6][safepoint    ] Safepoint "Cleanup", Time since last: 1000351910 ns, Reaching safepoint: 465859 ns, At safepoint: 23412 ns, Total: 489271 ns
[2020-08-12T15:50:50.285+0000][6][safepoint    ] Safepoint "Cleanup", Time since last: 1000271323 ns, Reaching safepoint: 865143 ns, At safepoint: 44812 ns, Total: 909955 ns
[2020-08-12T15:50:51.286+0000][6][safepoint    ] Safepoint "Cleanup", Time since last: 1000380072 ns, Reaching safepoint: 1172140 ns, At safepoint: 56500 ns, Total: 1228640 ns
[2020-08-12T15:50:52.287+0000][6][safepoint    ] Safepoint "Cleanup", Time since last: 1000342547 ns, Reaching safepoint: 732906 ns, At safepoint: 53987 ns, Total: 786893 ns
[2020-08-12T15:50:53.289+0000][6][safepoint    ] Safepoint "Cleanup", Time since last: 1000345485 ns, Reaching safepoint: 883068 ns, At safepoint: 44337 ns, Total: 927405 ns
[2020-08-12T15:50:55.202+0000][6][safepoint    ] Safepoint "Cleanup", Time since last: 1912118884 ns, Reaching safepoint: 933555 ns, At safepoint: 44512 ns, Total: 978067 ns
[2020-08-12T15:50:56.203+0000][6][safepoint    ] Safepoint "Cleanup", Time since last: 1000337498 ns, Reaching safepoint: 625632 ns, At safepoint: 25487 ns, Total: 651119 ns
[2020-08-12T15:50:57.204+0000][6][safepoint    ] Safepoint "Cleanup", Time since last: 1000231574 ns, Reaching safepoint: 652294 ns, At safepoint: 31975 ns, Total: 684269 ns
[2020-08-12T15:50:58.301+0000][6][safepoint    ] Safepoint "Cleanup", Time since last: 1096508657 ns, Reaching safepoint: 907231 ns, At safepoint: 43537 ns, Total: 950768 ns
[2020-08-12T15:51:00.203+0000][6][safepoint    ] Safepoint "Cleanup", Time since last: 1901242198 ns, Reaching safepoint: 817931 ns, At safepoint: 48100 ns, Total: 866031 ns
[2020-08-12T15:51:01.204+0000][6][safepoint    ] Safepoint "Cleanup", Time since last: 1000292210 ns, Reaching safepoint: 706657 ns, At safepoint: 25662 ns, Total: 732319 ns
[2020-08-12T15:51:02.205+0000][6][safepoint    ] Safepoint "Cleanup", Time since last: 1000250710 ns, Reaching safepoint: 773119 ns, At safepoint: 46112 ns, Total: 819231 ns
[2020-08-12T15:51:03.206+0000][6][safepoint    ] Safepoint "Cleanup", Time since last: 1000344572 ns, Reaching safepoint: 704457 ns, At safepoint: 44200 ns, Total: 748657 ns
[2020-08-12T15:51:05.201+0000][6][safepoint    ] Safepoint "Cleanup", Time since last: 1994101148 ns, Reaching safepoint: 674245 ns, At safepoint: 54674 ns, Total: 728919 ns
[2020-08-12T15:51:06.202+0000][6][safepoint    ] Safepoint "Cleanup", Time since last: 1000302035 ns, Reaching safepoint: 685320 ns, At safepoint: 32087 ns, Total: 717407 ns
[2020-08-12T15:51:07.203+0000][6][safepoint    ] Safepoint "Cleanup", Time since last: 1000229673 ns, Reaching safepoint: 752832 ns, At safepoint: 30937 ns, Total: 783769 ns
[2020-08-12T15:51:08.247+0000][6][safepoint    ] Safepoint "Cleanup", Time since last: 1043250870 ns, Reaching safepoint: 578995 ns, At safepoint: 38175 ns, Total: 617170 ns
[2020-08-12T15:51:09.248+0000][6][safepoint    ] Safepoint "Cleanup", Time since last: 1000752456 ns, Reaching safepoint: 464221 ns, At safepoint: 21012 ns, Total: 485233 ns
[2020-08-12T15:51:10.249+0000][6][safepoint    ] Safepoint "Cleanup", Time since last: 1000273136 ns, Reaching safepoint: 685232 ns, At safepoint: 53699 ns, Total: 738931 ns
[2020-08-12T15:51:11.250+0000][6][safepoint    ] Safepoint "Cleanup", Time since last: 1000293398 ns, Reaching safepoint: 584108 ns, At safepoint: 25387 ns, Total: 609495 ns
[2020-08-12T15:51:12.251+0000][6][safepoint    ] Safepoint "Cleanup", Time since last: 1000234410 ns, Reaching safepoint: 749294 ns, At safepoint: 35387 ns, Total: 784681 ns
[2020-08-12T15:51:13.252+0000][6][safepoint    ] Safepoint "Cleanup", Time since last: 1000288261 ns, Reaching safepoint: 815956 ns, At safepoint: 39187 ns, Total: 855143 ns
[2020-08-12T15:51:15.210+0000][6][safepoint    ] Safepoint "Cleanup", Time since last: 1956662956 ns, Reaching safepoint: 813856 ns, At safepoint: 43887 ns, Total: 857743 ns
[2020-08-12T15:51:16.211+0000][6][safepoint    ] Safepoint "Cleanup", Time since last: 1000296122 ns, Reaching safepoint: 756344 ns, At safepoint: 31937 ns, Total: 788281 ns
[2020-08-12T15:51:17.263+0000][6][safepoint    ] Safepoint "Cleanup", Time since last: 1050988607 ns, Reaching safepoint: 1020116 ns, At safepoint: 44063 ns, Total: 1064179 ns
[2020-08-12T15:51:18.264+0000][6][safepoint    ] Safepoint "Cleanup", Time since last: 1000589982 ns, Reaching safepoint: 634745 ns, At safepoint: 44437 ns, Total: 679182 ns
[2020-08-12T15:51:20.210+0000][6][safepoint    ] Safepoint "Cleanup", Time since last: 1944978227 ns, Reaching safepoint: 655732 ns, At safepoint: 44725 ns, Total: 700457 ns
[2020-08-12T15:51:21.212+0000][6][safepoint    ] Safepoint "Cleanup", Time since last: 1000326847 ns, Reaching safepoint: 1159716 ns, At safepoint: 49287 ns, Total: 1209003 ns
[2020-08-12T15:51:22.213+0000][6][safepoint    ] Safepoint "Cleanup", Time since last: 1000324260 ns, Reaching safepoint: 796881 ns, At safepoint: 43612 ns, Total: 840493 ns
[2020-08-12T15:51:23.214+0000][6][safepoint    ] Safepoint "Cleanup", Time since last: 1000389984 ns, Reaching safepoint: 805843 ns, At safepoint: 44100 ns, Total: 849943 ns
[2020-08-12T15:51:25.210+0000][6][safepoint    ] Safepoint "Cleanup", Time since last: 1994866067 ns, Reaching safepoint: 576158 ns, At safepoint: 44475 ns, Total: 620633 ns
[2020-08-12T15:51:26.211+0000][6][safepoint    ] Safepoint "Cleanup", Time since last: 1000460484 ns, Reaching safepoint: 1069078 ns, At safepoint: 54212 ns, Total: 1123290 ns
[2020-08-12T15:51:27.212+0000][6][safepoint    ] Safepoint "Cleanup", Time since last: 1000327085 ns, Reaching safepoint: 634545 ns, At safepoint: 27987 ns, Total: 662532 ns
[2020-08-12T15:51:28.283+0000][6][safepoint    ] Safepoint "Cleanup", Time since last: 1069600641 ns, Reaching safepoint: 951505 ns, At safepoint: 47249 ns, Total: 998754 ns
[2020-08-12T15:51:28.558+0000][6][safepoint    ] Safepoint "BulkRevokeBias", Time since last: 271014388 ns, Reaching safepoint: 737143 ns, At safepoint: 3601883 ns, Total: 4339026 ns
[2020-08-12T15:51:29.701+0000][6][safepoint    ] Safepoint "Cleanup", Time since last: 1142372344 ns, Reaching safepoint: 888255 ns, At safepoint: 44512 ns, Total: 932767 ns
[2020-08-12T15:51:30.703+0000][6][safepoint    ] Safepoint "Cleanup", Time since last: 1000324910 ns, Reaching safepoint: 1081504 ns, At safepoint: 35749 ns, Total: 1117253 ns
[2020-08-12T15:51:31.704+0000][6][safepoint    ] Safepoint "Cleanup", Time since last: 1000359460 ns, Reaching safepoint: 923555 ns, At safepoint: 69012 ns, Total: 992567 ns
[2020-08-12T15:51:32.705+0000][6][safepoint    ] Safepoint "Cleanup", Time since last: 1000343434 ns, Reaching safepoint: 648620 ns, At safepoint: 47625 ns, Total: 696245 ns
[2020-08-12T15:51:33.706+0000][6][safepoint    ] Safepoint "Cleanup", Time since last: 1000291510 ns, Reaching safepoint: 524758 ns, At safepoint: 27937 ns, Total: 552695 ns
[2020-08-12T15:51:35.209+0000][6][safepoint    ] Safepoint "Cleanup", Time since last: 1501881241 ns, Reaching safepoint: 666832 ns, At safepoint: 17788 ns, Total: 684620 ns
[2020-08-12T15:51:36.210+0000][6][safepoint    ] Safepoint "Cleanup", Time since last: 1000237135 ns, Reaching safepoint: 821468 ns, At safepoint: 64800 ns, Total: 886268 ns
[2020-08-12T15:51:37.211+0000][6][safepoint    ] Safepoint "Cleanup", Time since last: 1000347635 ns, Reaching safepoint: 617370 ns, At safepoint: 25824 ns, Total: 643194 ns
[2020-08-12T15:51:38.306+0000][6][safepoint    ] Safepoint "Cleanup", Time since last: 1094952808 ns, Reaching safepoint: 638670 ns, At safepoint: 44850 ns, Total: 683520 ns
[2020-08-12T15:51:39.212+0000][6][safepoint    ] Safepoint "BulkRevokeBias", Time since last: 903170482 ns, Reaching safepoint: 583958 ns, At safepoint: 1445226 ns, Total: 2029184 ns
[2020-08-12T15:51:40.213+0000][6][safepoint    ] Safepoint "Cleanup", Time since last: 1000399821 ns, Reaching safepoint: 602595 ns, At safepoint: 52687 ns, Total: 655282 ns
[2020-08-12T15:51:41.214+0000][6][safepoint    ] Safepoint "Cleanup", Time since last: 1000307461 ns, Reaching safepoint: 706344 ns, At safepoint: 33775 ns, Total: 740119 ns
[2020-08-12T15:51:42.215+0000][6][safepoint    ] Safepoint "Cleanup", Time since last: 1000322072 ns, Reaching safepoint: 698782 ns, At safepoint: 38012 ns, Total: 736794 ns
[2020-08-12T15:51:43.216+0000][6][safepoint    ] Safepoint "Cleanup", Time since last: 1000399297 ns, Reaching safepoint: 680432 ns, At safepoint: 37987 ns, Total: 718419 ns
[2020-08-12T15:51:45.213+0000][6][safepoint    ] Safepoint "Cleanup", Time since last: 1996068195 ns, Reaching safepoint: 614245 ns, At safepoint: 67037 ns, Total: 681282 ns
[2020-08-12T15:51:46.214+0000][6][safepoint    ] Safepoint "Cleanup", Time since last: 1000324422 ns, Reaching safepoint: 725019 ns, At safepoint: 36750 ns, Total: 761769 ns
[2020-08-12T15:51:47.220+0000][6][safepoint    ] Safepoint "Cleanup", Time since last: 1006080962 ns, Reaching safepoint: 334498 ns, At safepoint: 11762 ns, Total: 346260 ns
[2020-08-12T15:51:48.237+0000][6][safepoint    ] Safepoint "Cleanup", Time since last: 1016177442 ns, Reaching safepoint: 975792 ns, At safepoint: 55025 ns, Total: 1030817 ns
[2020-08-12T15:51:49.238+0000][6][safepoint    ] Safepoint "Cleanup", Time since last: 1000342085 ns, Reaching safepoint: 516408 ns, At safepoint: 65349 ns, Total: 581757 ns
[2020-08-12T15:51:50.239+0000][6][safepoint    ] Safepoint "Cleanup", Time since last: 1000421546 ns, Reaching safepoint: 666295 ns, At safepoint: 53837 ns, Total: 720132 ns
[2020-08-12T15:51:51.240+0000][6][safepoint    ] Safepoint "Cleanup", Time since last: 1000355123 ns, Reaching safepoint: 562545 ns, At safepoint: 24300 ns, Total: 586845 ns
[2020-08-12T15:51:52.241+0000][6][safepoint    ] Safepoint "Cleanup", Time since last: 1000248035 ns, Reaching safepoint: 614083 ns, At safepoint: 45749 ns, Total: 659832 ns
[2020-08-12T15:51:53.243+0000][6][safepoint    ] Safepoint "Cleanup", Time since last: 1000334523 ns, Reaching safepoint: 1004541 ns, At safepoint: 73525 ns, Total: 1078066 ns
[2020-08-12T15:51:55.211+0000][6][safepoint    ] Safepoint "Cleanup", Time since last: 1967601741 ns, Reaching safepoint: 984467 ns, At safepoint: 45162 ns, Total: 1029629 ns
[2020-08-12T15:51:56.212+0000][6][safepoint    ] Safepoint "Cleanup", Time since last: 1000309510 ns, Reaching safepoint: 839631 ns, At safepoint: 37937 ns, Total: 877568 ns
[2020-08-12T15:51:58.167+0000][6][safepoint    ] Safepoint "Cleanup", Time since last: 1953767442 ns, Reaching safepoint: 801794 ns, At safepoint: 44824 ns, Total: 846618 ns
[2020-08-12T15:51:59.211+0000][6][safepoint    ] Safepoint "Cleanup", Time since last: 1043185333 ns, Reaching safepoint: 464009 ns, At safepoint: 44387 ns, Total: 508396 ns
[2020-08-12T15:52:00.213+0000][6][safepoint    ] Safepoint "Cleanup", Time since last: 1000955267 ns, Reaching safepoint: 878393 ns, At safepoint: 44012 ns, Total: 922405 ns
[2020-08-12T15:52:01.214+0000][6][safepoint    ] Safepoint "Cleanup", Time since last: 1000267860 ns, Reaching safepoint: 675820 ns, At safepoint: 29212 ns, Total: 705032 ns
[2020-08-12T15:52:02.215+0000][6][safepoint    ] Safepoint "Cleanup", Time since last: 1000323285 ns, Reaching safepoint: 773431 ns, At safepoint: 44825 ns, Total: 818256 ns
[2020-08-12T15:52:03.216+0000][6][safepoint    ] Safepoint "Cleanup", Time since last: 1000363922 ns, Reaching safepoint: 843956 ns, At safepoint: 47324 ns, Total: 891280 ns
[2020-08-12T15:52:05.213+0000][6][safepoint    ] Safepoint "Cleanup", Time since last: 1996670028 ns, Reaching safepoint: 472346 ns, At safepoint: 50237 ns, Total: 522583 ns
[2020-08-12T15:52:06.214+0000][6][safepoint    ] Safepoint "Cleanup", Time since last: 1000271560 ns, Reaching safepoint: 760394 ns, At safepoint: 43012 ns, Total: 803406 ns
[2020-08-12T15:52:07.216+0000][6][safepoint    ] Safepoint "Cleanup", Time since last: 1000299948 ns, Reaching safepoint: 927167 ns, At safepoint: 34425 ns, Total: 961592 ns
[2020-08-12T15:52:08.275+0000][6][safepoint    ] Safepoint "Cleanup", Time since last: 1058445732 ns, Reaching safepoint: 550983 ns, At safepoint: 41500 ns, Total: 592483 ns
[2020-08-12T15:52:09.276+0000][6][safepoint    ] Safepoint "Cleanup", Time since last: 1000770931 ns, Reaching safepoint: 503609 ns, At safepoint: 64187 ns, Total: 567796 ns
[2020-08-12T15:52:10.278+0000][6][safepoint    ] Safepoint "Cleanup", Time since last: 1000894367 ns, Reaching safepoint: 681820 ns, At safepoint: 53024 ns, Total: 734844 ns
[2020-08-12T15:52:11.278+0000][6][safepoint    ] Safepoint "Cleanup", Time since last: 1000295648 ns, Reaching safepoint: 634245 ns, At safepoint: 28412 ns, Total: 662657 ns
[2020-08-12T15:52:12.280+0000][6][safepoint    ] Safepoint "Cleanup", Time since last: 1000256185 ns, Reaching safepoint: 909630 ns, At safepoint: 44800 ns, Total: 954430 ns
[2020-08-12T15:52:13.281+0000][6][safepoint    ] Safepoint "Cleanup", Time since last: 1000364259 ns, Reaching safepoint: 835556 ns, At safepoint: 46100 ns, Total: 881656 ns
[2020-08-12T15:52:15.215+0000][6][safepoint    ] Safepoint "Cleanup", Time since last: 1932976550 ns, Reaching safepoint: 614670 ns, At safepoint: 52087 ns, Total: 666757 ns
[2020-08-12T15:52:16.216+0000][6][safepoint    ] Safepoint "Cleanup", Time since last: 1000307698 ns, Reaching safepoint: 678269 ns, At safepoint: 29475 ns, Total: 707744 ns
[2020-08-12T15:52:18.216+0000][6][safepoint    ] Safepoint "Cleanup", Time since last: 2000020975 ns, Reaching safepoint: 607020 ns, At safepoint: 56737 ns, Total: 663757 ns
[2020-08-12T15:52:20.214+0000][6][safepoint    ] Safepoint "Cleanup", Time since last: 1996776476 ns, Reaching safepoint: 847081 ns, At safepoint: 46237 ns, Total: 893318 ns
[2020-08-12T15:52:21.215+0000][6][safepoint    ] Safepoint "Cleanup", Time since last: 1000393885 ns, Reaching safepoint: 1064154 ns, At safepoint: 55937 ns, Total: 1120091 ns
[2020-08-12T15:52:22.217+0000][6][safepoint    ] Safepoint "Cleanup", Time since last: 1000353434 ns, Reaching safepoint: 856181 ns, At safepoint: 44349 ns, Total: 900530 ns
[2020-08-12T15:52:23.218+0000][6][safepoint    ] Safepoint "Cleanup", Time since last: 1000378960 ns, Reaching safepoint: 872343 ns, At safepoint: 67137 ns, Total: 939480 ns
[2020-08-12T15:52:25.215+0000][6][safepoint    ] Safepoint "Cleanup", Time since last: 1996302555 ns, Reaching safepoint: 836593 ns, At safepoint: 43787 ns, Total: 880380 ns
[2020-08-12T15:52:26.217+0000][6][safepoint    ] Safepoint "Cleanup", Time since last: 1000345873 ns, Reaching safepoint: 1054203 ns, At safepoint: 65200 ns, Total: 1119403 ns
[2020-08-12T15:52:27.218+0000][6][safepoint    ] Safepoint "Cleanup", Time since last: 1000332097 ns, Reaching safepoint: 577758 ns, At safepoint: 25562 ns, Total: 603320 ns
[2020-08-12T15:52:28.256+0000][6][safepoint    ] Safepoint "Cleanup", Time since last: 1037849552 ns, Reaching safepoint: 665107 ns, At safepoint: 83324 ns, Total: 748431 ns
[2020-08-12T15:52:29.675+0000][6][safepoint    ] Safepoint "Cleanup", Time since last: 1417454160 ns, Reaching safepoint: 1098916 ns, At safepoint: 44187 ns, Total: 1143103 ns
[2020-08-12T15:52:30.676+0000][6][safepoint    ] Safepoint "Cleanup", Time since last: 1000397009 ns, Reaching safepoint: 866693 ns, At safepoint: 44812 ns, Total: 911505 ns
[2020-08-12T15:52:31.677+0000][6][safepoint    ] Safepoint "Cleanup", Time since last: 1000296685 ns, Reaching safepoint: 389597 ns, At safepoint: 19200 ns, Total: 408797 ns
[2020-08-12T15:52:32.678+0000][6][safepoint    ] Safepoint "Cleanup", Time since last: 1000278710 ns, Reaching safepoint: 888168 ns, At safepoint: 45387 ns, Total: 933555 ns
[2020-08-12T15:52:33.679+0000][6][safepoint    ] Safepoint "Cleanup", Time since last: 1000273960 ns, Reaching safepoint: 622595 ns, At safepoint: 51262 ns, Total: 673857 ns
[2020-08-12T15:52:34.219+0000][6][safepoint    ] Safepoint "BulkRevokeBias", Time since last: 536333833 ns, Reaching safepoint: 619795 ns, At safepoint: 2552079 ns, Total: 3171874 ns
[2020-08-12T15:52:35.220+0000][6][safepoint    ] Safepoint "Cleanup", Time since last: 1000862580 ns, Reaching safepoint: 602446 ns, At safepoint: 47149 ns, Total: 649595 ns
[2020-08-12T15:52:36.221+0000][6][safepoint    ] Safepoint "Cleanup", Time since last: 1000325535 ns, Reaching safepoint: 883055 ns, At safepoint: 43650 ns, Total: 926705 ns
[2020-08-12T15:52:37.222+0000][6][safepoint    ] Safepoint "Cleanup", Time since last: 1000275860 ns, Reaching safepoint: 634645 ns, At safepoint: 60862 ns, Total: 695507 ns
[2020-08-12T15:52:38.290+0000][6][safepoint    ] Safepoint "Cleanup", Time since last: 1066917938 ns, Reaching safepoint: 825406 ns, At safepoint: 71437 ns, Total: 896843 ns
[2020-08-12T15:52:38.509+0000][6][gc,start     ] GC(33) Pause Young (Normal) (G1 Evacuation Pause)
[2020-08-12T15:52:38.509+0000][6][gc,task      ] GC(33) Using 2 workers of 2 for evacuation
[2020-08-12T15:52:38.509+0000][6][gc,age       ] GC(33) Desired survivor size 40370176 bytes, new threshold 15 (max threshold 15)
[2020-08-12T15:52:38.544+0000][6][gc,age       ] GC(33) Age table with threshold 15 (max threshold 15)
[2020-08-12T15:52:38.545+0000][6][gc,age       ] GC(33) - age   1:     478536 bytes,     478536 total
[2020-08-12T15:52:38.545+0000][6][gc,age       ] GC(33) - age   2:     246968 bytes,     725504 total
[2020-08-12T15:52:38.545+0000][6][gc,age       ] GC(33) - age   3:      37520 bytes,     763024 total
[2020-08-12T15:52:38.545+0000][6][gc,age       ] GC(33) - age   4:      79632 bytes,     842656 total
[2020-08-12T15:52:38.545+0000][6][gc,age       ] GC(33) - age   5:      33744 bytes,     876400 total
[2020-08-12T15:52:38.545+0000][6][gc,age       ] GC(33) - age   6:      82736 bytes,     959136 total
[2020-08-12T15:52:38.545+0000][6][gc,age       ] GC(33) - age   7:      91952 bytes,    1051088 total
[2020-08-12T15:52:38.545+0000][6][gc,age       ] GC(33) - age   8:      38768 bytes,    1089856 total
[2020-08-12T15:52:38.545+0000][6][gc,age       ] GC(33) - age   9:      44464 bytes,    1134320 total
[2020-08-12T15:52:38.545+0000][6][gc,age       ] GC(33) - age  10:      81920 bytes,    1216240 total
[2020-08-12T15:52:38.545+0000][6][gc,age       ] GC(33) - age  11:      49984 bytes,    1266224 total
[2020-08-12T15:52:38.546+0000][6][gc,age       ] GC(33) - age  12:      63360 bytes,    1329584 total
[2020-08-12T15:52:38.546+0000][6][gc,age       ] GC(33) - age  13:     360896 bytes,    1690480 total
[2020-08-12T15:52:38.546+0000][6][gc,age       ] GC(33) - age  14:     205520 bytes,    1896000 total
[2020-08-12T15:52:38.546+0000][6][gc,phases    ] GC(33)   Pre Evacuate Collection Set: 1.1ms
[2020-08-12T15:52:38.546+0000][6][gc,phases    ] GC(33)   Merge Heap Roots: 0.8ms
[2020-08-12T15:52:38.546+0000][6][gc,phases    ] GC(33)   Evacuate Collection Set: 26.0ms
[2020-08-12T15:52:38.546+0000][6][gc,phases    ] GC(33)   Post Evacuate Collection Set: 6.8ms
[2020-08-12T15:52:38.546+0000][6][gc,phases    ] GC(33)   Other: 2.8ms
[2020-08-12T15:52:38.547+0000][6][gc,heap      ] GC(33) Eden regions: 612->0(612)
[2020-08-12T15:52:38.547+0000][6][gc,heap      ] GC(33) Survivor regions: 2->2(77)
[2020-08-12T15:52:38.547+0000][6][gc,heap      ] GC(33) Old regions: 77->77
[2020-08-12T15:52:38.547+0000][6][gc,heap      ] GC(33) Archive regions: 2->2
[2020-08-12T15:52:38.547+0000][6][gc,heap      ] GC(33) Humongous regions: 7->7
[2020-08-12T15:52:38.547+0000][6][gc,metaspace ] GC(33) Metaspace: 97079K(104760K)->97079K(104760K) NonClass: 84548K(89144K)->84548K(89144K) Class: 12530K(15616K)->12530K(15616K)
[2020-08-12T15:52:38.547+0000][6][gc           ] GC(33) Pause Young (Normal) (G1 Evacuation Pause) 697M->85M(1024M) 38.511ms
[2020-08-12T15:52:38.547+0000][6][gc,cpu       ] GC(33) User=0.07s Sys=0.01s Real=0.04s
[2020-08-12T15:52:38.547+0000][6][safepoint    ] Safepoint "G1CollectForAllocation", Time since last: 217707874 ns, Reaching safepoint: 641395 ns, At safepoint: 39015205 ns, Total: 39656600 ns
[2020-08-12T15:52:40.215+0000][6][safepoint    ] Safepoint "Cleanup", Time since last: 1667205683 ns, Reaching safepoint: 632582 ns, At safepoint: 45312 ns, Total: 677894 ns
[2020-08-12T15:52:41.216+0000][6][safepoint    ] Safepoint "Cleanup", Time since last: 1000295148 ns, Reaching safepoint: 659344 ns, At safepoint: 32075 ns, Total: 691419 ns
[2020-08-12T15:52:42.461+0000][6][safepoint    ] Safepoint "Cleanup", Time since last: 1244168595 ns, Reaching safepoint: 702382 ns, At safepoint: 53787 ns, Total: 756169 ns
[2020-08-12T15:52:43.462+0000][6][safepoint    ] Safepoint "Cleanup", Time since last: 1000346034 ns, Reaching safepoint: 633082 ns, At safepoint: 44325 ns, Total: 677407 ns
[2020-08-12T15:52:45.217+0000][6][safepoint    ] Safepoint "Cleanup", Time since last: 1754018646 ns, Reaching safepoint: 676682 ns, At safepoint: 46862 ns, Total: 723544 ns
[2020-08-12T15:52:46.218+0000][6][safepoint    ] Safepoint "Cleanup", Time since last: 1000346635 ns, Reaching safepoint: 745281 ns, At safepoint: 65024 ns, Total: 810305 ns
[2020-08-12T15:52:48.127+0000][6][safepoint    ] Safepoint "Cleanup", Time since last: 1907915094 ns, Reaching safepoint: 672432 ns, At safepoint: 44737 ns, Total: 717169 ns
[2020-08-12T15:52:49.128+0000][6][safepoint    ] Safepoint "Cleanup", Time since last: 1000456984 ns, Reaching safepoint: 498834 ns, At safepoint: 38312 ns, Total: 537146 ns
[2020-08-12T15:52:50.129+0000][6][safepoint    ] Safepoint "Cleanup", Time since last: 1000375634 ns, Reaching safepoint: 590058 ns, At safepoint: 54999 ns, Total: 645057 ns
[2020-08-12T15:52:51.130+0000][6][safepoint    ] Safepoint "Cleanup", Time since last: 1000401160 ns, Reaching safepoint: 992966 ns, At safepoint: 49300 ns, Total: 1042266 ns
[2020-08-12T15:52:52.131+0000][6][safepoint    ] Safepoint "Cleanup", Time since last: 1000323172 ns, Reaching safepoint: 641695 ns, At safepoint: 78724 ns, Total: 720419 ns
[2020-08-12T15:52:53.132+0000][6][safepoint    ] Safepoint "Cleanup", Time since last: 1000408822 ns, Reaching safepoint: 639283 ns, At safepoint: 54249 ns, Total: 693532 ns
[2020-08-12T15:52:54.133+0000][6][safepoint    ] Safepoint "Cleanup", Time since last: 1000284085 ns, Reaching safepoint: 397947 ns, At safepoint: 13037 ns, Total: 410984 ns
[2020-08-12T15:52:55.217+0000][6][safepoint    ] Safepoint "Cleanup", Time since last: 1083295279 ns, Reaching safepoint: 455521 ns, At safepoint: 103099 ns, Total: 558620 ns
[2020-08-12T15:52:56.218+0000][6][safepoint    ] Safepoint "Cleanup", Time since last: 1000300386 ns, Reaching safepoint: 701519 ns, At safepoint: 35299 ns, Total: 736818 ns
[2020-08-12T15:52:57.219+0000][6][safepoint    ] Safepoint "Cleanup", Time since last: 1000222974 ns, Reaching safepoint: 513320 ns, At safepoint: 25688 ns, Total: 539008 ns
[2020-08-12T15:52:58.282+0000][6][safepoint    ] Safepoint "Cleanup", Time since last: 1062623223 ns, Reaching safepoint: 685807 ns, At safepoint: 46687 ns, Total: 732494 ns
[2020-08-12T15:53:00.218+0000][6][safepoint    ] Safepoint "Cleanup", Time since last: 1935520430 ns, Reaching safepoint: 688069 ns, At safepoint: 45050 ns, Total: 733119 ns
[2020-08-12T15:53:01.220+0000][6][safepoint    ] Safepoint "Cleanup", Time since last: 1000306797 ns, Reaching safepoint: 847268 ns, At safepoint: 34050 ns, Total: 881318 ns
[2020-08-12T15:53:02.221+0000][6][safepoint    ] Safepoint "Cleanup", Time since last: 1000283460 ns, Reaching safepoint: 883517 ns, At safepoint: 44463 ns, Total: 927980 ns
[2020-08-12T15:53:03.222+0000][6][safepoint    ] Safepoint "Cleanup", Time since last: 1000378772 ns, Reaching safepoint: 872805 ns, At safepoint: 69550 ns, Total: 942355 ns
[2020-08-12T15:53:05.219+0000][6][safepoint    ] Safepoint "Cleanup", Time since last: 1996085982 ns, Reaching safepoint: 619057 ns, At safepoint: 53375 ns, Total: 672432 ns
[2020-08-12T15:53:06.220+0000][6][safepoint    ] Safepoint "Cleanup", Time since last: 1000419909 ns, Reaching safepoint: 1081929 ns, At safepoint: 54324 ns, Total: 1136253 ns
[2020-08-12T15:53:07.221+0000][6][safepoint    ] Safepoint "Cleanup", Time since last: 1000302748 ns, Reaching safepoint: 549045 ns, At safepoint: 26625 ns, Total: 575670 ns
[2020-08-12T15:53:07.256+0000][6][safepoint    ] Safepoint "BulkRevokeBias", Time since last: 32919842 ns, Reaching safepoint: 420684 ns, At safepoint: 1139803 ns, Total: 1560487 ns
[2020-08-12T15:53:08.257+0000][6][safepoint    ] Safepoint "Cleanup", Time since last: 1000325323 ns, Reaching safepoint: 865293 ns, At safepoint: 46849 ns, Total: 912142 ns
[2020-08-12T15:53:09.258+0000][6][safepoint    ] Safepoint "Cleanup", Time since last: 1000298560 ns, Reaching safepoint: 460247 ns, At safepoint: 23500 ns, Total: 483747 ns
[2020-08-12T15:53:10.259+0000][6][safepoint    ] Safepoint "Cleanup", Time since last: 1000300335 ns, Reaching safepoint: 765568 ns, At safepoint: 87637 ns, Total: 853205 ns
[2020-08-12T15:53:11.260+0000][6][safepoint    ] Safepoint "Cleanup", Time since last: 1000299648 ns, Reaching safepoint: 706006 ns, At safepoint: 30850 ns, Total: 736856 ns
[2020-08-12T15:53:12.261+0000][6][safepoint    ] Safepoint "Cleanup", Time since last: 1000260585 ns, Reaching safepoint: 767794 ns, At safepoint: 57612 ns, Total: 825406 ns
[2020-08-12T15:53:13.262+0000][6][safepoint    ] Safepoint "Cleanup", Time since last: 1000309698 ns, Reaching safepoint: 644045 ns, At safepoint: 44837 ns, Total: 688882 ns
[2020-08-12T15:53:15.221+0000][6][safepoint    ] Safepoint "Cleanup", Time since last: 1957918033 ns, Reaching safepoint: 793868 ns, At safepoint: 43913 ns, Total: 837781 ns
[2020-08-12T15:53:16.222+0000][6][safepoint    ] Safepoint "Cleanup", Time since last: 1000546358 ns, Reaching safepoint: 778668 ns, At safepoint: 35112 ns, Total: 813780 ns
[2020-08-12T15:53:17.223+0000][6][safepoint    ] Safepoint "Cleanup", Time since last: 1000224411 ns, Reaching safepoint: 547846 ns, At safepoint: 37299 ns, Total: 585145 ns
[2020-08-12T15:53:18.282+0000][6][safepoint    ] Safepoint "Cleanup", Time since last: 1057973324 ns, Reaching safepoint: 557996 ns, At safepoint: 46812 ns, Total: 604808 ns
[2020-08-12T15:53:20.219+0000][6][safepoint    ] Safepoint "Cleanup", Time since last: 1937081842 ns, Reaching safepoint: 629220 ns, At safepoint: 46349 ns, Total: 675569 ns
[2020-08-12T15:53:21.220+0000][6][safepoint    ] Safepoint "Cleanup", Time since last: 1000299273 ns, Reaching safepoint: 824480 ns, At safepoint: 38238 ns, Total: 862718 ns
[2020-08-12T15:53:22.222+0000][6][safepoint    ] Safepoint "Cleanup", Time since last: 1000287810 ns, Reaching safepoint: 785193 ns, At safepoint: 44250 ns, Total: 829443 ns
[2020-08-12T15:53:23.223+0000][6][safepoint    ] Safepoint "Cleanup", Time since last: 1000395384 ns, Reaching safepoint: 675245 ns, At safepoint: 34574 ns, Total: 709819 ns
[2020-08-12T15:53:25.222+0000][6][safepoint    ] Safepoint "Cleanup", Time since last: 1998267352 ns, Reaching safepoint: 585996 ns, At safepoint: 53424 ns, Total: 639420 ns
[2020-08-12T15:53:26.223+0000][6][safepoint    ] Safepoint "Cleanup", Time since last: 1000325098 ns, Reaching safepoint: 749606 ns, At safepoint: 41425 ns, Total: 791031 ns
[2020-08-12T15:53:27.225+0000][6][safepoint    ] Safepoint "Cleanup", Time since last: 1001261127 ns, Reaching safepoint: 1035804 ns, At safepoint: 51399 ns, Total: 1087203 ns
[2020-08-12T15:53:28.250+0000][6][safepoint    ] Safepoint "Cleanup", Time since last: 1024352375 ns, Reaching safepoint: 671420 ns, At safepoint: 45649 ns, Total: 717069 ns
[2020-08-12T15:53:29.681+0000][6][safepoint    ] Safepoint "Cleanup", Time since last: 1429868183 ns, Reaching safepoint: 597882 ns, At safepoint: 53387 ns, Total: 651269 ns
[2020-08-12T15:53:30.682+0000][6][safepoint    ] Safepoint "Cleanup", Time since last: 1000329598 ns, Reaching safepoint: 612420 ns, At safepoint: 54837 ns, Total: 667257 ns
[2020-08-12T15:53:31.683+0000][6][safepoint    ] Safepoint "Cleanup", Time since last: 1000304435 ns, Reaching safepoint: 894743 ns, At safepoint: 19337 ns, Total: 914080 ns
[2020-08-12T15:53:32.684+0000][6][safepoint    ] Safepoint "Cleanup", Time since last: 1000283548 ns, Reaching safepoint: 625794 ns, At safepoint: 44100 ns, Total: 669894 ns
[2020-08-12T15:53:33.685+0000][6][safepoint    ] Safepoint "Cleanup", Time since last: 1000428397 ns, Reaching safepoint: 701656 ns, At safepoint: 45550 ns, Total: 747206 ns
[2020-08-12T15:53:34.224+0000][6][safepoint    ] Safepoint "BulkRevokeBias", Time since last: 536595818 ns, Reaching safepoint: 398272 ns, At safepoint: 1768185 ns, Total: 2166457 ns
[2020-08-12T15:53:35.225+0000][6][safepoint    ] Safepoint "Cleanup", Time since last: 1000396547 ns, Reaching safepoint: 405772 ns, At safepoint: 46787 ns, Total: 452559 ns
[2020-08-12T15:53:36.227+0000][6][safepoint    ] Safepoint "Cleanup", Time since last: 1001226940 ns, Reaching safepoint: 1001117 ns, At safepoint: 71137 ns, Total: 1072254 ns
[2020-08-12T15:53:37.228+0000][6][safepoint    ] Safepoint "Cleanup", Time since last: 1000231198 ns, Reaching safepoint: 541246 ns, At safepoint: 27662 ns, Total: 568908 ns
[2020-08-12T15:53:38.340+0000][6][safepoint    ] Safepoint "Cleanup", Time since last: 1111849544 ns, Reaching safepoint: 417859 ns, At safepoint: 56774 ns, Total: 474633 ns
[2020-08-12T15:53:40.222+0000][6][safepoint    ] Safepoint "Cleanup", Time since last: 1882104194 ns, Reaching safepoint: 258160 ns, At safepoint: 11163 ns, Total: 269323 ns
[2020-08-12T15:53:41.223+0000][6][safepoint    ] Safepoint "Cleanup", Time since last: 1000188948 ns, Reaching safepoint: 405197 ns, At safepoint: 17050 ns, Total: 422247 ns
[2020-08-12T15:53:42.224+0000][6][safepoint    ] Safepoint "Cleanup", Time since last: 1000228610 ns, Reaching safepoint: 924805 ns, At safepoint: 45175 ns, Total: 969980 ns
[2020-08-12T15:53:43.226+0000][6][safepoint    ] Safepoint "Cleanup", Time since last: 1000800531 ns, Reaching safepoint: 957117 ns, At safepoint: 59112 ns, Total: 1016229 ns
[2020-08-12T15:53:45.222+0000][6][safepoint    ] Safepoint "Cleanup", Time since last: 1995077290 ns, Reaching safepoint: 609833 ns, At safepoint: 52737 ns, Total: 662570 ns
[2020-08-12T15:53:46.223+0000][6][safepoint    ] Safepoint "Cleanup", Time since last: 1000396022 ns, Reaching safepoint: 940767 ns, At safepoint: 45912 ns, Total: 986679 ns
[2020-08-12T15:53:47.224+0000][6][safepoint    ] Safepoint "Cleanup", Time since last: 1000263648 ns, Reaching safepoint: 526958 ns, At safepoint: 23775 ns, Total: 550733 ns
[2020-08-12T15:53:48.269+0000][6][safepoint    ] Safepoint "Cleanup", Time since last: 1044474122 ns, Reaching safepoint: 547921 ns, At safepoint: 44775 ns, Total: 592696 ns
[2020-08-12T15:53:49.270+0000][6][safepoint    ] Safepoint "Cleanup", Time since last: 1000291859 ns, Reaching safepoint: 295723 ns, At safepoint: 18162 ns, Total: 313885 ns
[2020-08-12T15:53:50.271+0000][6][safepoint    ] Safepoint "Cleanup", Time since last: 1000289561 ns, Reaching safepoint: 798381 ns, At safepoint: 44112 ns, Total: 842493 ns
[2020-08-12T15:53:51.272+0000][6][safepoint    ] Safepoint "Cleanup", Time since last: 1000362597 ns, Reaching safepoint: 695757 ns, At safepoint: 36387 ns, Total: 732144 ns
[2020-08-12T15:53:52.273+0000][6][safepoint    ] Safepoint "Cleanup", Time since last: 1000283872 ns, Reaching safepoint: 485596 ns, At safepoint: 25125 ns, Total: 510721 ns
[2020-08-12T15:53:53.274+0000][6][safepoint    ] Safepoint "Cleanup", Time since last: 1000281911 ns, Reaching safepoint: 837630 ns, At safepoint: 43900 ns, Total: 881530 ns
[2020-08-12T15:53:55.222+0000][6][safepoint    ] Safepoint "Cleanup", Time since last: 1947795829 ns, Reaching safepoint: 718256 ns, At safepoint: 54662 ns, Total: 772918 ns
[2020-08-12T15:53:56.224+0000][6][safepoint    ] Safepoint "Cleanup", Time since last: 1000307261 ns, Reaching safepoint: 809005 ns, At safepoint: 74600 ns, Total: 883605 ns
[2020-08-12T15:53:57.226+0000][6][safepoint    ] Safepoint "Cleanup", Time since last: 1000775756 ns, Reaching safepoint: 1256790 ns, At safepoint: 39987 ns, Total: 1296777 ns
[2020-08-12T15:53:58.248+0000][6][safepoint    ] Safepoint "Cleanup", Time since last: 1021316250 ns, Reaching safepoint: 631045 ns, At safepoint: 53974 ns, Total: 685019 ns
[2020-08-12T15:54:00.223+0000][6][safepoint    ] Safepoint "Cleanup", Time since last: 1974908694 ns, Reaching safepoint: 630382 ns, At safepoint: 44075 ns, Total: 674457 ns
[2020-08-12T15:54:01.224+0000][6][safepoint    ] Safepoint "Cleanup", Time since last: 1000339710 ns, Reaching safepoint: 734031 ns, At safepoint: 39400 ns, Total: 773431 ns
[2020-08-12T15:54:02.226+0000][6][safepoint    ] Safepoint "Cleanup", Time since last: 1000334034 ns, Reaching safepoint: 833681 ns, At safepoint: 86612 ns, Total: 920293 ns
[2020-08-12T15:54:03.227+0000][6][safepoint    ] Safepoint "Cleanup", Time since last: 1000809918 ns, Reaching safepoint: 867831 ns, At safepoint: 53737 ns, Total: 921568 ns
[2020-08-12T15:54:05.224+0000][6][safepoint    ] Safepoint "Cleanup", Time since last: 1995420600 ns, Reaching safepoint: 813056 ns, At safepoint: 44862 ns, Total: 857918 ns
[2020-08-12T15:54:06.225+0000][6][safepoint    ] Safepoint "Cleanup", Time since last: 1000347322 ns, Reaching safepoint: 1248953 ns, At safepoint: 65937 ns, Total: 1314890 ns
[2020-08-12T15:54:07.228+0000][6][safepoint    ] Safepoint "Cleanup", Time since last: 1001777510 ns, Reaching safepoint: 908855 ns, At safepoint: 68812 ns, Total: 977667 ns
[2020-08-12T15:54:08.288+0000][6][safepoint    ] Safepoint "Cleanup", Time since last: 1059472099 ns, Reaching safepoint: 954355 ns, At safepoint: 44312 ns, Total: 998667 ns
[2020-08-12T15:54:09.290+0000][6][safepoint    ] Safepoint "Cleanup", Time since last: 1000331959 ns, Reaching safepoint: 661332 ns, At safepoint: 33550 ns, Total: 694882 ns
[2020-08-12T15:54:10.291+0000][6][safepoint    ] Safepoint "Cleanup", Time since last: 1000311148 ns, Reaching safepoint: 844743 ns, At safepoint: 43687 ns, Total: 888430 ns
[2020-08-12T15:54:11.291+0000][6][safepoint    ] Safepoint "Cleanup", Time since last: 1000317423 ns, Reaching safepoint: 365759 ns, At safepoint: 12750 ns, Total: 378509 ns
[2020-08-12T15:54:12.292+0000][6][safepoint    ] Safepoint "Cleanup", Time since last: 1000251448 ns, Reaching safepoint: 690182 ns, At safepoint: 47287 ns, Total: 737469 ns
[2020-08-12T15:54:13.293+0000][6][safepoint    ] Safepoint "Cleanup", Time since last: 1000311748 ns, Reaching safepoint: 649232 ns, At safepoint: 44574 ns, Total: 693806 ns
[2020-08-12T15:54:15.228+0000][6][safepoint    ] Safepoint "Cleanup", Time since last: 1933423760 ns, Reaching safepoint: 637695 ns, At safepoint: 45249 ns, Total: 682944 ns
[2020-08-12T15:54:16.233+0000][6][safepoint    ] Safepoint "Cleanup", Time since last: 1000404322 ns, Reaching safepoint: 5222694 ns, At safepoint: 54575 ns, Total: 5277269 ns
[2020-08-12T15:54:17.234+0000][6][safepoint    ] Safepoint "Cleanup", Time since last: 1000303185 ns, Reaching safepoint: 539758 ns, At safepoint: 51250 ns, Total: 591008 ns
[2020-08-12T15:54:18.280+0000][6][safepoint    ] Safepoint "Cleanup", Time since last: 1045091230 ns, Reaching safepoint: 946142 ns, At safepoint: 54862 ns, Total: 1001004 ns
[2020-08-12T15:54:20.224+0000][6][safepoint    ] Safepoint "Cleanup", Time since last: 1943161917 ns, Reaching safepoint: 661444 ns, At safepoint: 44937 ns, Total: 706381 ns
[2020-08-12T15:54:21.226+0000][6][safepoint    ] Safepoint "Cleanup", Time since last: 1000663537 ns, Reaching safepoint: 848730 ns, At safepoint: 54375 ns, Total: 903105 ns
[2020-08-12T15:54:22.227+0000][6][safepoint    ] Safepoint "Cleanup", Time since last: 1000623027 ns, Reaching safepoint: 887017 ns, At safepoint: 44087 ns, Total: 931104 ns
[2020-08-12T15:54:23.228+0000][6][safepoint    ] Safepoint "Cleanup", Time since last: 1000343592 ns, Reaching safepoint: 724894 ns, At safepoint: 46612 ns, Total: 771506 ns
[2020-08-12T15:54:24.229+0000][6][safepoint    ] Safepoint "Cleanup", Time since last: 1000066832 ns, Reaching safepoint: 420433 ns, At safepoint: 17888 ns, Total: 438321 ns
[2020-08-12T15:54:25.230+0000][6][safepoint    ] Safepoint "Cleanup", Time since last: 1000347179 ns, Reaching safepoint: 575782 ns, At safepoint: 46150 ns, Total: 621932 ns
[2020-08-12T15:54:26.231+0000][6][safepoint    ] Safepoint "Cleanup", Time since last: 1000387779 ns, Reaching safepoint: 682419 ns, At safepoint: 90824 ns, Total: 773243 ns
[2020-08-12T15:54:28.192+0000][6][safepoint    ] Safepoint "Cleanup", Time since last: 1960752195 ns, Reaching safepoint: 650381 ns, At safepoint: 44975 ns, Total: 695356 ns
[2020-08-12T15:54:29.667+0000][6][safepoint    ] Safepoint "Cleanup", Time since last: 1473868439 ns, Reaching safepoint: 712631 ns, At safepoint: 48887 ns, Total: 761518 ns
[2020-08-12T15:54:30.668+0000][6][safepoint    ] Safepoint "Cleanup", Time since last: 1000370717 ns, Reaching safepoint: 733681 ns, At safepoint: 54537 ns, Total: 788218 ns
[2020-08-12T15:54:31.669+0000][6][safepoint    ] Safepoint "Cleanup", Time since last: 1000345804 ns, Reaching safepoint: 564645 ns, At safepoint: 45212 ns, Total: 609857 ns
[2020-08-12T15:54:32.670+0000][6][safepoint    ] Safepoint "Cleanup", Time since last: 1000343067 ns, Reaching safepoint: 715719 ns, At safepoint: 46299 ns, Total: 762018 ns
[2020-08-12T15:54:33.671+0000][6][safepoint    ] Safepoint "Cleanup", Time since last: 1000331280 ns, Reaching safepoint: 686294 ns, At safepoint: 52224 ns, Total: 738518 ns
[2020-08-12T15:54:35.225+0000][6][safepoint    ] Safepoint "Cleanup", Time since last: 1553433996 ns, Reaching safepoint: 611582 ns, At safepoint: 45187 ns, Total: 656769 ns
[2020-08-12T15:54:36.227+0000][6][safepoint    ] Safepoint "Cleanup", Time since last: 1000578477 ns, Reaching safepoint: 1149190 ns, At safepoint: 44825 ns, Total: 1194015 ns
[2020-08-12T15:54:37.254+0000][6][safepoint    ] Safepoint "Cleanup", Time since last: 1000246092 ns, Reaching safepoint: 26210597 ns, At safepoint: 48187 ns, Total: 26258784 ns
[2020-08-12T15:54:38.298+0000][6][safepoint    ] Safepoint "Cleanup", Time since last: 1043292854 ns, Reaching safepoint: 800294 ns, At safepoint: 44699 ns, Total: 844993 ns
[2020-08-12T15:54:40.228+0000][6][safepoint    ] Safepoint "Cleanup", Time since last: 1929221470 ns, Reaching safepoint: 1426087 ns, At safepoint: 46637 ns, Total: 1472724 ns
[2020-08-12T15:54:41.230+0000][6][safepoint    ] Safepoint "Cleanup", Time since last: 1000580190 ns, Reaching safepoint: 1296339 ns, At safepoint: 57524 ns, Total: 1353863 ns
[2020-08-12T15:54:42.231+0000][6][safepoint    ] Safepoint "Cleanup", Time since last: 1000340817 ns, Reaching safepoint: 633719 ns, At safepoint: 33463 ns, Total: 667182 ns
[2020-08-12T15:54:43.233+0000][6][safepoint    ] Safepoint "Cleanup", Time since last: 1000305054 ns, Reaching safepoint: 842355 ns, At safepoint: 44212 ns, Total: 886567 ns
[2020-08-12T15:54:45.227+0000][6][safepoint    ] Safepoint "Cleanup", Time since last: 1994107379 ns, Reaching safepoint: 706194 ns, At safepoint: 44987 ns, Total: 751181 ns
[2020-08-12T15:54:46.229+0000][6][safepoint    ] Safepoint "Cleanup", Time since last: 1000336542 ns, Reaching safepoint: 904930 ns, At safepoint: 58286 ns, Total: 963216 ns
[2020-08-12T15:54:47.230+0000][6][safepoint    ] Safepoint "Cleanup", Time since last: 1000351342 ns, Reaching safepoint: 604370 ns, At safepoint: 34475 ns, Total: 638845 ns
[2020-08-12T15:54:48.287+0000][6][safepoint    ] Safepoint "Cleanup", Time since last: 1057156159 ns, Reaching safepoint: 397321 ns, At safepoint: 18463 ns, Total: 415784 ns
[2020-08-12T15:54:49.288+0000][6][safepoint    ] Safepoint "Cleanup", Time since last: 1000220292 ns, Reaching safepoint: 407997 ns, At safepoint: 25962 ns, Total: 433959 ns
[2020-08-12T15:54:50.289+0000][6][safepoint    ] Safepoint "Cleanup", Time since last: 1000267793 ns, Reaching safepoint: 799018 ns, At safepoint: 46199 ns, Total: 845217 ns
[2020-08-12T15:54:51.290+0000][6][safepoint    ] Safepoint "Cleanup", Time since last: 1000309717 ns, Reaching safepoint: 857880 ns, At safepoint: 73537 ns, Total: 931417 ns
[2020-08-12T15:54:52.291+0000][6][safepoint    ] Safepoint "Cleanup", Time since last: 1000311255 ns, Reaching safepoint: 563220 ns, At safepoint: 56274 ns, Total: 619494 ns
[2020-08-12T15:54:53.292+0000][6][safepoint    ] Safepoint "Cleanup", Time since last: 1000326405 ns, Reaching safepoint: 806480 ns, At safepoint: 38863 ns, Total: 845343 ns
[2020-08-12T15:54:55.227+0000][6][safepoint    ] Safepoint "Cleanup", Time since last: 1934582497 ns, Reaching safepoint: 254760 ns, At safepoint: 11013 ns, Total: 265773 ns
[2020-08-12T15:54:56.228+0000][6][safepoint    ] Safepoint "Cleanup", Time since last: 1000227055 ns, Reaching safepoint: 697594 ns, At safepoint: 40362 ns, Total: 737956 ns
[2020-08-12T15:54:57.229+0000][6][safepoint    ] Safepoint "Cleanup", Time since last: 1000295830 ns, Reaching safepoint: 446496 ns, At safepoint: 16637 ns, Total: 463133 ns
[2020-08-12T15:54:58.251+0000][6][safepoint    ] Safepoint "Cleanup", Time since last: 1021354046 ns, Reaching safepoint: 693507 ns, At safepoint: 44962 ns, Total: 738469 ns
[2020-08-12T15:55:00.229+0000][6][safepoint    ] Safepoint "Cleanup", Time since last: 1977220213 ns, Reaching safepoint: 489308 ns, At safepoint: 73700 ns, Total: 563008 ns
[2020-08-12T15:55:01.231+0000][6][safepoint    ] Safepoint "Cleanup", Time since last: 1000692351 ns, Reaching safepoint: 1697135 ns, At safepoint: 56650 ns, Total: 1753785 ns
[2020-08-12T15:55:02.232+0000][6][safepoint    ] Safepoint "Cleanup", Time since last: 1000350954 ns, Reaching safepoint: 677744 ns, At safepoint: 54187 ns, Total: 731931 ns
[2020-08-12T15:55:03.234+0000][6][safepoint    ] Safepoint "Cleanup", Time since last: 1000349842 ns, Reaching safepoint: 868842 ns, At safepoint: 43662 ns, Total: 912504 ns
[2020-08-12T15:55:04.230+0000][6][safepoint    ] Safepoint "BulkRevokeBias", Time since last: 993016881 ns, Reaching safepoint: 861568 ns, At safepoint: 2712526 ns, Total: 3574094 ns
[2020-08-12T15:55:05.232+0000][6][safepoint    ] Safepoint "Cleanup", Time since last: 1000895874 ns, Reaching safepoint: 906980 ns, At safepoint: 56162 ns, Total: 963142 ns
[2020-08-12T15:55:06.233+0000][6][safepoint    ] Safepoint "Cleanup", Time since last: 1000340917 ns, Reaching safepoint: 778231 ns, At safepoint: 56737 ns, Total: 834968 ns
[2020-08-12T15:55:07.235+0000][6][safepoint    ] Safepoint "Cleanup", Time since last: 1000377466 ns, Reaching safepoint: 1046566 ns, At safepoint: 40262 ns, Total: 1086828 ns
[2020-08-12T15:55:08.258+0000][6][safepoint    ] Safepoint "Cleanup", Time since last: 1022968470 ns, Reaching safepoint: 582357 ns, At safepoint: 54850 ns, Total: 637207 ns
[2020-08-12T15:55:09.259+0000][6][safepoint    ] Safepoint "Cleanup", Time since last: 1000310354 ns, Reaching safepoint: 374784 ns, At safepoint: 23338 ns, Total: 398122 ns
[2020-08-12T15:55:10.260+0000][6][safepoint    ] Safepoint "Cleanup", Time since last: 1000262680 ns, Reaching safepoint: 610269 ns, At safepoint: 45225 ns, Total: 655494 ns
[2020-08-12T15:55:11.261+0000][6][safepoint    ] Safepoint "Cleanup", Time since last: 1000345967 ns, Reaching safepoint: 396246 ns, At safepoint: 54850 ns, Total: 451096 ns
[2020-08-12T15:55:12.262+0000][6][safepoint    ] Safepoint "Cleanup", Time since last: 1000382141 ns, Reaching safepoint: 608683 ns, At safepoint: 33987 ns, Total: 642670 ns
[2020-08-12T15:55:13.263+0000][6][safepoint    ] Safepoint "Cleanup", Time since last: 1000350842 ns, Reaching safepoint: 820392 ns, At safepoint: 45013 ns, Total: 865405 ns
[2020-08-12T15:55:15.229+0000][6][safepoint    ] Safepoint "Cleanup", Time since last: 1965412803 ns, Reaching safepoint: 856730 ns, At safepoint: 44887 ns, Total: 901617 ns
[2020-08-12T15:55:16.231+0000][6][safepoint    ] Safepoint "Cleanup", Time since last: 1000347230 ns, Reaching safepoint: 1373513 ns, At safepoint: 57712 ns, Total: 1431225 ns
[2020-08-12T15:55:18.228+0000][6][safepoint    ] Safepoint "Cleanup", Time since last: 1996550082 ns, Reaching safepoint: 632719 ns, At safepoint: 46450 ns, Total: 679169 ns
[2020-08-12T15:55:19.229+0000][6][safepoint    ] Safepoint "Cleanup", Time since last: 1000170343 ns, Reaching safepoint: 529546 ns, At safepoint: 33087 ns, Total: 562633 ns
[2020-08-12T15:55:20.231+0000][6][safepoint    ] Safepoint "Cleanup", Time since last: 1000736413 ns, Reaching safepoint: 812356 ns, At safepoint: 44349 ns, Total: 856705 ns
[2020-08-12T15:55:21.232+0000][6][safepoint    ] Safepoint "Cleanup", Time since last: 1000392504 ns, Reaching safepoint: 841780 ns, At safepoint: 46212 ns, Total: 887992 ns
[2020-08-12T15:55:22.233+0000][6][safepoint    ] Safepoint "Cleanup", Time since last: 1000354042 ns, Reaching safepoint: 860317 ns, At safepoint: 43975 ns, Total: 904292 ns
[2020-08-12T15:55:23.235+0000][6][safepoint    ] Safepoint "Cleanup", Time since last: 1000348992 ns, Reaching safepoint: 910554 ns, At safepoint: 44125 ns, Total: 954679 ns
[2020-08-12T15:55:25.234+0000][6][safepoint    ] Safepoint "Cleanup", Time since last: 1998415903 ns, Reaching safepoint: 768906 ns, At safepoint: 44187 ns, Total: 813093 ns
[2020-08-12T15:55:26.235+0000][6][safepoint    ] Safepoint "Cleanup", Time since last: 1000387342 ns, Reaching safepoint: 931017 ns, At safepoint: 71112 ns, Total: 1002129 ns
[2020-08-12T15:55:27.236+0000][6][safepoint    ] Safepoint "Cleanup", Time since last: 1000560065 ns, Reaching safepoint: 461483 ns, At safepoint: 26487 ns, Total: 487970 ns
[2020-08-12T15:55:28.301+0000][6][safepoint    ] Safepoint "Cleanup", Time since last: 1063891725 ns, Reaching safepoint: 639657 ns, At safepoint: 53887 ns, Total: 693544 ns
[2020-08-12T15:55:29.666+0000][6][safepoint    ] Safepoint "Cleanup", Time since last: 1364425756 ns, Reaching safepoint: 450071 ns, At safepoint: 46062 ns, Total: 496133 ns
[2020-08-12T15:55:30.667+0000][6][safepoint    ] Safepoint "Cleanup", Time since last: 1000404241 ns, Reaching safepoint: 602270 ns, At safepoint: 54912 ns, Total: 657182 ns
[2020-08-12T15:55:31.668+0000][6][safepoint    ] Safepoint "Cleanup", Time since last: 1000419591 ns, Reaching safepoint: 423309 ns, At safepoint: 44937 ns, Total: 468246 ns
[2020-08-12T15:55:32.669+0000][6][safepoint    ] Safepoint "Cleanup", Time since last: 1000439666 ns, Reaching safepoint: 505233 ns, At safepoint: 53900 ns, Total: 559133 ns
[2020-08-12T15:55:33.670+0000][6][safepoint    ] Safepoint "Cleanup", Time since last: 1000394254 ns, Reaching safepoint: 880179 ns, At safepoint: 44713 ns, Total: 924892 ns
[2020-08-12T15:55:35.230+0000][6][safepoint    ] Safepoint "Cleanup", Time since last: 1558805873 ns, Reaching safepoint: 844855 ns, At safepoint: 44412 ns, Total: 889267 ns
[2020-08-12T15:55:36.235+0000][6][safepoint    ] Safepoint "Cleanup", Time since last: 1004270708 ns, Reaching safepoint: 1297276 ns, At safepoint: 55599 ns, Total: 1352875 ns
[2020-08-12T15:55:38.206+0000][6][safepoint    ] Safepoint "Cleanup", Time since last: 1970225350 ns, Reaching safepoint: 700331 ns, At safepoint: 53162 ns, Total: 753493 ns
[2020-08-12T15:55:39.207+0000][6][safepoint    ] Safepoint "Cleanup", Time since last: 1000288742 ns, Reaching safepoint: 363797 ns, At safepoint: 20862 ns, Total: 384659 ns
[2020-08-12T15:55:40.232+0000][6][safepoint    ] Safepoint "Cleanup", Time since last: 1024715005 ns, Reaching safepoint: 614045 ns, At safepoint: 44462 ns, Total: 658507 ns
[2020-08-12T15:55:41.234+0000][6][safepoint    ] Safepoint "Cleanup", Time since last: 1000361966 ns, Reaching safepoint: 990817 ns, At safepoint: 91911 ns, Total: 1082728 ns
[2020-08-12T15:55:42.235+0000][6][safepoint    ] Safepoint "Cleanup", Time since last: 1000397967 ns, Reaching safepoint: 625982 ns, At safepoint: 34237 ns, Total: 660219 ns
[2020-08-12T15:55:43.236+0000][6][safepoint    ] Safepoint "Cleanup", Time since last: 1000360279 ns, Reaching safepoint: 600707 ns, At safepoint: 54000 ns, Total: 654707 ns
[2020-08-12T15:55:44.233+0000][6][safepoint    ] Safepoint "BulkRevokeBias", Time since last: 994361094 ns, Reaching safepoint: 398184 ns, At safepoint: 2703089 ns, Total: 3101273 ns
[2020-08-12T15:55:45.234+0000][6][safepoint    ] Safepoint "Cleanup", Time since last: 1000415466 ns, Reaching safepoint: 453946 ns, At safepoint: 44725 ns, Total: 498671 ns
[2020-08-12T15:55:46.235+0000][6][safepoint    ] Safepoint "Cleanup", Time since last: 1000351129 ns, Reaching safepoint: 806105 ns, At safepoint: 44912 ns, Total: 851017 ns
[2020-08-12T15:55:48.176+0000][6][safepoint    ] Safepoint "Cleanup", Time since last: 1939705053 ns, Reaching safepoint: 501083 ns, At safepoint: 35763 ns, Total: 536846 ns
[2020-08-12T15:55:50.034+0000][6][safepoint    ] Safepoint "Cleanup", Time since last: 1857445132 ns, Reaching safepoint: 885780 ns, At safepoint: 67924 ns, Total: 953704 ns
[2020-08-12T15:55:51.035+0000][6][safepoint    ] Safepoint "Cleanup", Time since last: 1000355192 ns, Reaching safepoint: 682631 ns, At safepoint: 44237 ns, Total: 726868 ns
[2020-08-12T15:55:52.036+0000][6][safepoint    ] Safepoint "Cleanup", Time since last: 1000342892 ns, Reaching safepoint: 658269 ns, At safepoint: 45150 ns, Total: 703419 ns
[2020-08-12T15:55:53.037+0000][6][safepoint    ] Safepoint "Cleanup", Time since last: 1000388454 ns, Reaching safepoint: 722994 ns, At safepoint: 45112 ns, Total: 768106 ns
[2020-08-12T15:55:54.039+0000][6][safepoint    ] Safepoint "Cleanup", Time since last: 1000322417 ns, Reaching safepoint: 1026053 ns, At safepoint: 61612 ns, Total: 1087665 ns
[2020-08-12T15:55:55.233+0000][6][safepoint    ] Safepoint "Cleanup", Time since last: 1193345972 ns, Reaching safepoint: 814518 ns, At safepoint: 46625 ns, Total: 861143 ns
[2020-08-12T15:55:56.234+0000][6][safepoint    ] Safepoint "Cleanup", Time since last: 1000345829 ns, Reaching safepoint: 840355 ns, At safepoint: 87124 ns, Total: 927479 ns
[2020-08-12T15:55:57.235+0000][6][safepoint    ] Safepoint "Cleanup", Time since last: 1000287705 ns, Reaching safepoint: 552358 ns, At safepoint: 40674 ns, Total: 593032 ns
[2020-08-12T15:55:58.302+0000][6][safepoint    ] Safepoint "Cleanup", Time since last: 1066616452 ns, Reaching safepoint: 686982 ns, At safepoint: 46249 ns, Total: 733231 ns
[2020-08-12T15:56:00.233+0000][6][safepoint    ] Safepoint "Cleanup", Time since last: 1930124724 ns, Reaching safepoint: 699469 ns, At safepoint: 45824 ns, Total: 745293 ns
[2020-08-12T15:56:01.234+0000][6][safepoint    ] Safepoint "Cleanup", Time since last: 1000350880 ns, Reaching safepoint: 667656 ns, At safepoint: 53975 ns, Total: 721631 ns
[2020-08-12T15:56:02.236+0000][6][safepoint    ] Safepoint "Cleanup", Time since last: 1000395679 ns, Reaching safepoint: 830742 ns, At safepoint: 44287 ns, Total: 875029 ns
[2020-08-12T15:56:03.237+0000][6][safepoint    ] Safepoint "Cleanup", Time since last: 1000392117 ns, Reaching safepoint: 940604 ns, At safepoint: 47187 ns, Total: 987791 ns
[2020-08-12T15:56:05.231+0000][6][safepoint    ] Safepoint "Cleanup", Time since last: 1993388347 ns, Reaching safepoint: 860031 ns, At safepoint: 44099 ns, Total: 904130 ns
[2020-08-12T15:56:06.232+0000][6][safepoint    ] Safepoint "Cleanup", Time since last: 1000321792 ns, Reaching safepoint: 600057 ns, At safepoint: 57662 ns, Total: 657719 ns
[2020-08-12T15:56:07.293+0000][6][safepoint    ] Safepoint "Cleanup", Time since last: 1060392406 ns, Reaching safepoint: 318397 ns, At safepoint: 16550 ns, Total: 334947 ns
[2020-08-12T15:56:08.294+0000][6][safepoint    ] Safepoint "Cleanup", Time since last: 1000314730 ns, Reaching safepoint: 644882 ns, At safepoint: 44287 ns, Total: 689169 ns
[2020-08-12T15:56:09.295+0000][6][safepoint    ] Safepoint "Cleanup", Time since last: 1000351142 ns, Reaching safepoint: 486495 ns, At safepoint: 43713 ns, Total: 530208 ns
[2020-08-12T15:56:10.300+0000][6][safepoint    ] Safepoint "Cleanup", Time since last: 1000254055 ns, Reaching safepoint: 4584922 ns, At safepoint: 33850 ns, Total: 4618772 ns
[2020-08-12T15:56:11.301+0000][6][safepoint    ] Safepoint "Cleanup", Time since last: 1000276030 ns, Reaching safepoint: 1074703 ns, At safepoint: 57012 ns, Total: 1131715 ns
[2020-08-12T15:56:12.302+0000][6][safepoint    ] Safepoint "Cleanup", Time since last: 1000352442 ns, Reaching safepoint: 812618 ns, At safepoint: 48037 ns, Total: 860655 ns
[2020-08-12T15:56:13.304+0000][6][safepoint    ] Safepoint "Cleanup", Time since last: 1000346604 ns, Reaching safepoint: 857155 ns, At safepoint: 44612 ns, Total: 901767 ns
[2020-08-12T15:56:15.232+0000][6][safepoint    ] Safepoint "Cleanup", Time since last: 1928022379 ns, Reaching safepoint: 644132 ns, At safepoint: 45925 ns, Total: 690057 ns
[2020-08-12T15:56:16.234+0000][6][safepoint    ] Safepoint "Cleanup", Time since last: 1000345167 ns, Reaching safepoint: 847555 ns, At safepoint: 44287 ns, Total: 891842 ns
[2020-08-12T15:56:17.235+0000][6][safepoint    ] Safepoint "Cleanup", Time since last: 1000284130 ns, Reaching safepoint: 613645 ns, At safepoint: 26774 ns, Total: 640419 ns
[2020-08-12T15:56:18.254+0000][6][safepoint    ] Safepoint "Cleanup", Time since last: 1018396435 ns, Reaching safepoint: 792993 ns, At safepoint: 44199 ns, Total: 837192 ns
[2020-08-12T15:56:20.233+0000][6][safepoint    ] Safepoint "Cleanup", Time since last: 1977907595 ns, Reaching safepoint: 853068 ns, At safepoint: 44474 ns, Total: 897542 ns
[2020-08-12T15:56:21.234+0000][6][safepoint    ] Safepoint "Cleanup", Time since last: 1000341880 ns, Reaching safepoint: 785018 ns, At safepoint: 43974 ns, Total: 828992 ns
[2020-08-12T15:56:22.235+0000][6][safepoint    ] Safepoint "Cleanup", Time since last: 1000409342 ns, Reaching safepoint: 853242 ns, At safepoint: 44500 ns, Total: 897742 ns
[2020-08-12T15:56:23.236+0000][6][safepoint    ] Safepoint "Cleanup", Time since last: 1000495853 ns, Reaching safepoint: 825280 ns, At safepoint: 38075 ns, Total: 863355 ns
[2020-08-12T15:56:25.234+0000][6][safepoint    ] Safepoint "Cleanup", Time since last: 1996509670 ns, Reaching safepoint: 804668 ns, At safepoint: 43537 ns, Total: 848205 ns
[2020-08-12T15:56:26.235+0000][6][safepoint    ] Safepoint "Cleanup", Time since last: 1000401791 ns, Reaching safepoint: 795481 ns, At safepoint: 45449 ns, Total: 840930 ns
[2020-08-12T15:56:27.236+0000][6][safepoint    ] Safepoint "Cleanup", Time since last: 1000286093 ns, Reaching safepoint: 477183 ns, At safepoint: 24675 ns, Total: 501858 ns
[2020-08-12T15:56:28.263+0000][6][safepoint    ] Safepoint "Cleanup", Time since last: 1026615700 ns, Reaching safepoint: 631632 ns, At safepoint: 44550 ns, Total: 676182 ns
[2020-08-12T15:56:29.695+0000][6][safepoint    ] Safepoint "Cleanup", Time since last: 1431048737 ns, Reaching safepoint: 388259 ns, At safepoint: 19287 ns, Total: 407546 ns
[2020-08-12T15:56:30.696+0000][6][safepoint    ] Safepoint "Cleanup", Time since last: 1000276393 ns, Reaching safepoint: 866780 ns, At safepoint: 43724 ns, Total: 910504 ns
[2020-08-12T15:56:31.696+0000][6][safepoint    ] Safepoint "Cleanup", Time since last: 1000336217 ns, Reaching safepoint: 309722 ns, At safepoint: 15350 ns, Total: 325072 ns
[2020-08-12T15:56:32.697+0000][6][safepoint    ] Safepoint "Cleanup", Time since last: 1000234731 ns, Reaching safepoint: 732368 ns, At safepoint: 45037 ns, Total: 777405 ns
[2020-08-12T15:56:33.698+0000][6][safepoint    ] Safepoint "Cleanup", Time since last: 1000305492 ns, Reaching safepoint: 615708 ns, At safepoint: 52212 ns, Total: 667920 ns
[2020-08-12T15:56:35.238+0000][6][safepoint    ] Safepoint "Cleanup", Time since last: 1538343214 ns, Reaching safepoint: 847855 ns, At safepoint: 44462 ns, Total: 892317 ns
[2020-08-12T15:56:36.239+0000][6][safepoint    ] Safepoint "Cleanup", Time since last: 1000339029 ns, Reaching safepoint: 768631 ns, At safepoint: 43812 ns, Total: 812443 ns
[2020-08-12T15:56:37.240+0000][6][safepoint    ] Safepoint "Cleanup", Time since last: 1000389617 ns, Reaching safepoint: 884067 ns, At safepoint: 63787 ns, Total: 947854 ns
[2020-08-12T15:56:38.353+0000][6][safepoint    ] Safepoint "Cleanup", Time since last: 1111690882 ns, Reaching safepoint: 821668 ns, At safepoint: 44362 ns, Total: 866030 ns
[2020-08-12T15:56:40.237+0000][6][safepoint    ] Safepoint "Cleanup", Time since last: 1883403982 ns, Reaching safepoint: 888318 ns, At safepoint: 70324 ns, Total: 958642 ns
[2020-08-12T15:56:41.238+0000][6][safepoint    ] Safepoint "Cleanup", Time since last: 1000355727 ns, Reaching safepoint: 789681 ns, At safepoint: 46350 ns, Total: 836031 ns
[2020-08-12T15:56:42.239+0000][6][safepoint    ] Safepoint "Cleanup", Time since last: 1000302477 ns, Reaching safepoint: 759543 ns, At safepoint: 24013 ns, Total: 783556 ns
[2020-08-12T15:56:43.240+0000][6][safepoint    ] Safepoint "Cleanup", Time since last: 1000255102 ns, Reaching safepoint: 662270 ns, At safepoint: 53962 ns, Total: 716232 ns
[2020-08-12T15:56:45.239+0000][6][safepoint    ] Safepoint "Cleanup", Time since last: 1998004827 ns, Reaching safepoint: 855105 ns, At safepoint: 46000 ns, Total: 901105 ns
[2020-08-12T15:56:46.240+0000][6][safepoint    ] Safepoint "Cleanup", Time since last: 1000333464 ns, Reaching safepoint: 715356 ns, At safepoint: 46488 ns, Total: 761844 ns
[2020-08-12T15:56:47.242+0000][6][safepoint    ] Safepoint "Cleanup", Time since last: 1001108645 ns, Reaching safepoint: 770206 ns, At safepoint: 43400 ns, Total: 813606 ns
[2020-08-12T15:56:47.269+0000][6][safepoint    ] Safepoint "BulkRevokeBias", Time since last: 23810949 ns, Reaching safepoint: 697381 ns, At safepoint: 2060070 ns, Total: 2757451 ns
[2020-08-12T15:56:48.270+0000][6][safepoint    ] Safepoint "Cleanup", Time since last: 1000449027 ns, Reaching safepoint: 686019 ns, At safepoint: 56249 ns, Total: 742268 ns
[2020-08-12T15:56:49.271+0000][6][safepoint    ] Safepoint "Cleanup", Time since last: 1000275828 ns, Reaching safepoint: 365297 ns, At safepoint: 13275 ns, Total: 378572 ns
[2020-08-12T15:56:50.272+0000][6][safepoint    ] Safepoint "Cleanup", Time since last: 1000253802 ns, Reaching safepoint: 797018 ns, At safepoint: 43813 ns, Total: 840831 ns
[2020-08-12T15:56:51.273+0000][6][safepoint    ] Safepoint "Cleanup", Time since last: 1000415189 ns, Reaching safepoint: 909779 ns, At safepoint: 47050 ns, Total: 956829 ns
[2020-08-12T15:56:52.274+0000][6][safepoint    ] Safepoint "Cleanup", Time since last: 1000339802 ns, Reaching safepoint: 821356 ns, At safepoint: 44287 ns, Total: 865643 ns
[2020-08-12T15:56:53.275+0000][6][safepoint    ] Safepoint "Cleanup", Time since last: 1000349277 ns, Reaching safepoint: 666532 ns, At safepoint: 44312 ns, Total: 710844 ns
[2020-08-12T15:56:55.238+0000][6][safepoint    ] Safepoint "Cleanup", Time since last: 1962404703 ns, Reaching safepoint: 634269 ns, At safepoint: 44087 ns, Total: 678356 ns
[2020-08-12T15:56:56.240+0000][6][safepoint    ] Safepoint "Cleanup", Time since last: 1000388951 ns, Reaching safepoint: 809256 ns, At safepoint: 43850 ns, Total: 853106 ns
[2020-08-12T15:56:57.241+0000][6][safepoint    ] Safepoint "Cleanup", Time since last: 1000329689 ns, Reaching safepoint: 658782 ns, At safepoint: 30813 ns, Total: 689595 ns
[2020-08-12T15:56:58.272+0000][6][safepoint    ] Safepoint "Cleanup", Time since last: 1029918402 ns, Reaching safepoint: 833930 ns, At safepoint: 43825 ns, Total: 877755 ns
[2020-08-12T15:57:00.238+0000][6][safepoint    ] Safepoint "Cleanup", Time since last: 1965607025 ns, Reaching safepoint: 806518 ns, At safepoint: 19500 ns, Total: 826018 ns
[2020-08-12T15:57:01.239+0000][6][safepoint    ] Safepoint "Cleanup", Time since last: 1000244953 ns, Reaching safepoint: 605007 ns, At safepoint: 43950 ns, Total: 648957 ns
[2020-08-12T15:57:02.240+0000][6][safepoint    ] Safepoint "Cleanup", Time since last: 1000410001 ns, Reaching safepoint: 940405 ns, At safepoint: 44412 ns, Total: 984817 ns
[2020-08-12T15:57:03.242+0000][6][safepoint    ] Safepoint "Cleanup", Time since last: 1000339752 ns, Reaching safepoint: 897330 ns, At safepoint: 44237 ns, Total: 941567 ns
[2020-08-12T15:57:05.239+0000][6][safepoint    ] Safepoint "Cleanup", Time since last: 1996678963 ns, Reaching safepoint: 592770 ns, At safepoint: 44262 ns, Total: 637032 ns
[2020-08-12T15:57:06.240+0000][6][safepoint    ] Safepoint "Cleanup", Time since last: 1000389164 ns, Reaching safepoint: 913268 ns, At safepoint: 44487 ns, Total: 957755 ns
[2020-08-12T15:57:07.242+0000][6][safepoint    ] Safepoint "Cleanup", Time since last: 1000336589 ns, Reaching safepoint: 1066179 ns, At safepoint: 54912 ns, Total: 1121091 ns
[2020-08-12T15:57:08.412+0000][6][safepoint    ] Safepoint "Cleanup", Time since last: 1169521061 ns, Reaching safepoint: 682806 ns, At safepoint: 175749 ns, Total: 858555 ns
[2020-08-12T15:57:09.413+0000][6][safepoint    ] Safepoint "Cleanup", Time since last: 1000431276 ns, Reaching safepoint: 501146 ns, At safepoint: 25337 ns, Total: 526483 ns
[2020-08-12T15:57:10.414+0000][6][safepoint    ] Safepoint "Cleanup", Time since last: 1000269040 ns, Reaching safepoint: 603445 ns, At safepoint: 150599 ns, Total: 754044 ns
[2020-08-12T15:57:11.415+0000][6][safepoint    ] Safepoint "Cleanup", Time since last: 1000373652 ns, Reaching safepoint: 647644 ns, At safepoint: 37400 ns, Total: 685044 ns
[2020-08-12T15:57:12.416+0000][6][safepoint    ] Safepoint "Cleanup", Time since last: 1000272840 ns, Reaching safepoint: 783743 ns, At safepoint: 44887 ns, Total: 828630 ns
[2020-08-12T15:57:13.417+0000][6][safepoint    ] Safepoint "Cleanup", Time since last: 1000353152 ns, Reaching safepoint: 839818 ns, At safepoint: 43962 ns, Total: 883780 ns
[2020-08-12T15:57:15.239+0000][6][safepoint    ] Safepoint "Cleanup", Time since last: 1820721999 ns, Reaching safepoint: 878743 ns, At safepoint: 67362 ns, Total: 946105 ns
[2020-08-12T15:57:16.240+0000][6][safepoint    ] Safepoint "Cleanup", Time since last: 1000343377 ns, Reaching safepoint: 654757 ns, At safepoint: 44562 ns, Total: 699319 ns
[2020-08-12T15:57:17.241+0000][6][safepoint    ] Safepoint "Cleanup", Time since last: 1000291727 ns, Reaching safepoint: 427447 ns, At safepoint: 25287 ns, Total: 452734 ns
[2020-08-12T15:57:18.247+0000][6][safepoint    ] Safepoint "Cleanup", Time since last: 1005256311 ns, Reaching safepoint: 487958 ns, At safepoint: 55949 ns, Total: 543907 ns
[2020-08-12T15:57:20.239+0000][6][safepoint    ] Safepoint "Cleanup", Time since last: 1992094989 ns, Reaching safepoint: 570146 ns, At safepoint: 65999 ns, Total: 636145 ns
[2020-08-12T15:57:21.240+0000][6][safepoint    ] Safepoint "Cleanup", Time since last: 1000349990 ns, Reaching safepoint: 604632 ns, At safepoint: 46337 ns, Total: 650969 ns
[2020-08-12T15:57:22.241+0000][6][safepoint    ] Safepoint "Cleanup", Time since last: 1000350689 ns, Reaching safepoint: 676070 ns, At safepoint: 52399 ns, Total: 728469 ns
[2020-08-12T15:57:23.243+0000][6][safepoint    ] Safepoint "Cleanup", Time since last: 1000344327 ns, Reaching safepoint: 830281 ns, At safepoint: 44199 ns, Total: 874480 ns
[2020-08-12T15:57:25.239+0000][6][safepoint    ] Safepoint "Cleanup", Time since last: 1995503761 ns, Reaching safepoint: 805180 ns, At safepoint: 71675 ns, Total: 876855 ns
[2020-08-12T15:57:26.240+0000][6][safepoint    ] Safepoint "Cleanup", Time since last: 1000348114 ns, Reaching safepoint: 681332 ns, At safepoint: 53074 ns, Total: 734406 ns
[2020-08-12T15:57:28.229+0000][6][safepoint    ] Safepoint "Cleanup", Time since last: 1987939287 ns, Reaching safepoint: 749081 ns, At safepoint: 87275 ns, Total: 836356 ns
[2020-08-12T15:57:29.687+0000][6][safepoint    ] Safepoint "Cleanup", Time since last: 1457016882 ns, Reaching safepoint: 1037167 ns, At safepoint: 45499 ns, Total: 1082666 ns
[2020-08-12T15:57:30.688+0000][6][safepoint    ] Safepoint "Cleanup", Time since last: 1000332078 ns, Reaching safepoint: 845942 ns, At safepoint: 61987 ns, Total: 907929 ns
[2020-08-12T15:57:31.690+0000][6][safepoint    ] Safepoint "Cleanup", Time since last: 1000232628 ns, Reaching safepoint: 936980 ns, At safepoint: 70687 ns, Total: 1007667 ns
[2020-08-12T15:57:32.691+0000][6][safepoint    ] Safepoint "Cleanup", Time since last: 1000407489 ns, Reaching safepoint: 703931 ns, At safepoint: 38875 ns, Total: 742806 ns
[2020-08-12T15:57:33.692+0000][6][safepoint    ] Safepoint "Cleanup", Time since last: 1000302277 ns, Reaching safepoint: 632570 ns, At safepoint: 30750 ns, Total: 663320 ns
[2020-08-12T15:57:35.246+0000][6][safepoint    ] Safepoint "Cleanup", Time since last: 1553417818 ns, Reaching safepoint: 519871 ns, At safepoint: 27612 ns, Total: 547483 ns
[2020-08-12T15:57:36.247+0000][6][safepoint    ] Safepoint "Cleanup", Time since last: 1000345602 ns, Reaching safepoint: 831056 ns, At safepoint: 44462 ns, Total: 875518 ns
[2020-08-12T15:57:37.248+0000][6][safepoint    ] Safepoint "Cleanup", Time since last: 1000390264 ns, Reaching safepoint: 948367 ns, At safepoint: 55862 ns, Total: 1004229 ns
[2020-08-12T15:57:38.260+0000][6][safepoint    ] Safepoint "Cleanup", Time since last: 1011577182 ns, Reaching safepoint: 325435 ns, At safepoint: 11212 ns, Total: 336647 ns
[2020-08-12T15:57:39.241+0000][6][safepoint    ] Safepoint "BulkRevokeBias", Time since last: 979529878 ns, Reaching safepoint: 539158 ns, At safepoint: 1278489 ns, Total: 1817647 ns
[2020-08-12T15:57:40.243+0000][6][safepoint    ] Safepoint "Cleanup", Time since last: 1000536875 ns, Reaching safepoint: 767706 ns, At safepoint: 44363 ns, Total: 812069 ns
[2020-08-12T15:57:41.244+0000][6][safepoint    ] Safepoint "Cleanup", Time since last: 1000401576 ns, Reaching safepoint: 893105 ns, At safepoint: 46362 ns, Total: 939467 ns
[2020-08-12T15:57:42.245+0000][6][safepoint    ] Safepoint "Cleanup", Time since last: 1000347190 ns, Reaching safepoint: 666219 ns, At safepoint: 46575 ns, Total: 712794 ns
[2020-08-12T15:57:43.246+0000][6][safepoint    ] Safepoint "Cleanup", Time since last: 1000408401 ns, Reaching safepoint: 669307 ns, At safepoint: 43712 ns, Total: 713019 ns
[2020-08-12T15:57:45.242+0000][6][safepoint    ] Safepoint "Cleanup", Time since last: 1994481569 ns, Reaching safepoint: 694057 ns, At safepoint: 55274 ns, Total: 749331 ns
[2020-08-12T15:57:46.243+0000][6][safepoint    ] Safepoint "Cleanup", Time since last: 1000577263 ns, Reaching safepoint: 652044 ns, At safepoint: 44862 ns, Total: 696906 ns
[2020-08-12T15:57:47.244+0000][6][safepoint    ] Safepoint "Cleanup", Time since last: 1000369927 ns, Reaching safepoint: 515358 ns, At safepoint: 30250 ns, Total: 545608 ns
[2020-08-12T15:57:48.322+0000][6][safepoint    ] Safepoint "Cleanup", Time since last: 1077964621 ns, Reaching safepoint: 647907 ns, At safepoint: 51475 ns, Total: 699382 ns
[2020-08-12T15:57:49.323+0000][6][safepoint    ] Safepoint "Cleanup", Time since last: 1000335065 ns, Reaching safepoint: 466933 ns, At safepoint: 39675 ns, Total: 506608 ns
[2020-08-12T15:57:50.324+0000][6][safepoint    ] Safepoint "Cleanup", Time since last: 1000275315 ns, Reaching safepoint: 372897 ns, At safepoint: 21850 ns, Total: 394747 ns
[2020-08-12T15:57:51.325+0000][6][safepoint    ] Safepoint "Cleanup", Time since last: 1000301052 ns, Reaching safepoint: 901005 ns, At safepoint: 58087 ns, Total: 959092 ns
[2020-08-12T15:57:52.326+0000][6][safepoint    ] Safepoint "Cleanup", Time since last: 1000343739 ns, Reaching safepoint: 626708 ns, At safepoint: 46299 ns, Total: 673007 ns
[2020-08-12T15:57:53.327+0000][6][safepoint    ] Safepoint "Cleanup", Time since last: 1000342327 ns, Reaching safepoint: 655270 ns, At safepoint: 46637 ns, Total: 701907 ns
[2020-08-12T15:57:54.244+0000][6][safepoint    ] Safepoint "BulkRevokeBias", Time since last: 914051843 ns, Reaching safepoint: 442171 ns, At safepoint: 2709552 ns, Total: 3151723 ns
[2020-08-12T15:57:55.252+0000][6][safepoint    ] Safepoint "Cleanup", Time since last: 1006802423 ns, Reaching safepoint: 841518 ns, At safepoint: 44462 ns, Total: 885980 ns
[2020-08-12T15:57:56.253+0000][6][safepoint    ] Safepoint "Cleanup", Time since last: 1000358602 ns, Reaching safepoint: 871393 ns, At safepoint: 44387 ns, Total: 915780 ns
[2020-08-12T15:57:57.307+0000][6][safepoint    ] Safepoint "Cleanup", Time since last: 1053135206 ns, Reaching safepoint: 409146 ns, At safepoint: 11425 ns, Total: 420571 ns
[2020-08-12T15:57:58.314+0000][6][safepoint    ] Safepoint "Cleanup", Time since last: 1006066216 ns, Reaching safepoint: 947217 ns, At safepoint: 65750 ns, Total: 1012967 ns
[2020-08-12T15:58:00.242+0000][6][safepoint    ] Safepoint "Cleanup", Time since last: 1927467910 ns, Reaching safepoint: 678044 ns, At safepoint: 53487 ns, Total: 731531 ns
[2020-08-12T15:58:01.244+0000][6][safepoint    ] Safepoint "Cleanup", Time since last: 1000342902 ns, Reaching safepoint: 868980 ns, At safepoint: 43437 ns, Total: 912417 ns
[2020-08-12T15:58:02.245+0000][6][safepoint    ] Safepoint "Cleanup", Time since last: 1000346090 ns, Reaching safepoint: 892730 ns, At safepoint: 44337 ns, Total: 937067 ns
[2020-08-12T15:58:03.246+0000][6][safepoint    ] Safepoint "Cleanup", Time since last: 1000389102 ns, Reaching safepoint: 868767 ns, At safepoint: 44612 ns, Total: 913379 ns
[2020-08-12T15:58:05.243+0000][6][safepoint    ] Safepoint "Cleanup", Time since last: 1995730696 ns, Reaching safepoint: 853718 ns, At safepoint: 43524 ns, Total: 897242 ns
[2020-08-12T15:58:06.244+0000][6][safepoint    ] Safepoint "Cleanup", Time since last: 1000393252 ns, Reaching safepoint: 728594 ns, At safepoint: 151911 ns, Total: 880505 ns
[2020-08-12T15:58:07.245+0000][6][safepoint    ] Safepoint "Cleanup", Time since last: 1000306103 ns, Reaching safepoint: 584832 ns, At safepoint: 42162 ns, Total: 626994 ns
[2020-08-12T15:58:08.327+0000][6][safepoint    ] Safepoint "Cleanup", Time since last: 1081747627 ns, Reaching safepoint: 643345 ns, At safepoint: 46374 ns, Total: 689719 ns
[2020-08-12T15:58:09.328+0000][6][safepoint    ] Safepoint "Cleanup", Time since last: 1000299015 ns, Reaching safepoint: 457996 ns, At safepoint: 27200 ns, Total: 485196 ns
[2020-08-12T15:58:10.329+0000][6][safepoint    ] Safepoint "Cleanup", Time since last: 1000245128 ns, Reaching safepoint: 865305 ns, At safepoint: 44037 ns, Total: 909342 ns
[2020-08-12T15:58:11.330+0000][6][safepoint    ] Safepoint "Cleanup", Time since last: 1000338453 ns, Reaching safepoint: 692306 ns, At safepoint: 46550 ns, Total: 738856 ns
[2020-08-12T15:58:12.331+0000][6][safepoint    ] Safepoint "Cleanup", Time since last: 1000345314 ns, Reaching safepoint: 664207 ns, At safepoint: 46412 ns, Total: 710619 ns
[2020-08-12T15:58:13.333+0000][6][safepoint    ] Safepoint "Cleanup", Time since last: 1000343677 ns, Reaching safepoint: 939030 ns, At safepoint: 43837 ns, Total: 982867 ns
[2020-08-12T15:58:15.242+0000][6][safepoint    ] Safepoint "Cleanup", Time since last: 1908996816 ns, Reaching safepoint: 558957 ns, At safepoint: 47675 ns, Total: 606632 ns
[2020-08-12T15:58:16.244+0000][6][safepoint    ] Safepoint "Cleanup", Time since last: 1000318115 ns, Reaching safepoint: 867442 ns, At safepoint: 73437 ns, Total: 940879 ns
[2020-08-12T15:58:18.224+0000][6][safepoint    ] Safepoint "Cleanup", Time since last: 1979141036 ns, Reaching safepoint: 839318 ns, At safepoint: 44225 ns, Total: 883543 ns
[2020-08-12T15:58:19.224+0000][6][safepoint    ] Safepoint "Cleanup", Time since last: 1000327602 ns, Reaching safepoint: 476633 ns, At safepoint: 25325 ns, Total: 501958 ns
[2020-08-12T15:58:20.243+0000][6][safepoint    ] Safepoint "Cleanup", Time since last: 1017601519 ns, Reaching safepoint: 835230 ns, At safepoint: 47587 ns, Total: 882817 ns
[2020-08-12T15:58:21.244+0000][6][safepoint    ] Safepoint "Cleanup", Time since last: 1000351790 ns, Reaching safepoint: 923617 ns, At safepoint: 44250 ns, Total: 967867 ns
[2020-08-12T15:58:22.246+0000][6][safepoint    ] Safepoint "Cleanup", Time since last: 1000349352 ns, Reaching safepoint: 888580 ns, At safepoint: 43862 ns, Total: 932442 ns
[2020-08-12T15:58:23.247+0000][6][safepoint    ] Safepoint "Cleanup", Time since last: 1000434289 ns, Reaching safepoint: 762768 ns, At safepoint: 44012 ns, Total: 806780 ns
[2020-08-12T15:58:25.244+0000][6][safepoint    ] Safepoint "Cleanup", Time since last: 1996602701 ns, Reaching safepoint: 744994 ns, At safepoint: 54800 ns, Total: 799794 ns
[2020-08-12T15:58:26.246+0000][6][safepoint    ] Safepoint "Cleanup", Time since last: 1000348701 ns, Reaching safepoint: 926618 ns, At safepoint: 45012 ns, Total: 971630 ns
[2020-08-12T15:58:27.227+0000][6][gc,start     ] GC(34) Pause Young (Normal) (G1 Evacuation Pause)
[2020-08-12T15:58:27.227+0000][6][gc,task      ] GC(34) Using 2 workers of 2 for evacuation
[2020-08-12T15:58:27.227+0000][6][gc,age       ] GC(34) Desired survivor size 40370176 bytes, new threshold 15 (max threshold 15)
[2020-08-12T15:58:27.247+0000][6][gc,age       ] GC(34) Age table with threshold 15 (max threshold 15)
[2020-08-12T15:58:27.247+0000][6][gc,age       ] GC(34) - age   1:     596424 bytes,     596424 total
[2020-08-12T15:58:27.247+0000][6][gc,age       ] GC(34) - age   2:     146400 bytes,     742824 total
[2020-08-12T15:58:27.247+0000][6][gc,age       ] GC(34) - age   3:     115224 bytes,     858048 total
[2020-08-12T15:58:27.247+0000][6][gc,age       ] GC(34) - age   4:      37520 bytes,     895568 total
[2020-08-12T15:58:27.247+0000][6][gc,age       ] GC(34) - age   5:      79632 bytes,     975200 total
[2020-08-12T15:58:27.247+0000][6][gc,age       ] GC(34) - age   6:      33744 bytes,    1008944 total
[2020-08-12T15:58:27.247+0000][6][gc,age       ] GC(34) - age   7:      82736 bytes,    1091680 total
[2020-08-12T15:58:27.247+0000][6][gc,age       ] GC(34) - age   8:      91952 bytes,    1183632 total
[2020-08-12T15:58:27.247+0000][6][gc,age       ] GC(34) - age   9:      38768 bytes,    1222400 total
[2020-08-12T15:58:27.247+0000][6][gc,age       ] GC(34) - age  10:      44464 bytes,    1266864 total
[2020-08-12T15:58:27.247+0000][6][gc,age       ] GC(34) - age  11:      81920 bytes,    1348784 total
[2020-08-12T15:58:27.247+0000][6][gc,age       ] GC(34) - age  12:      49984 bytes,    1398768 total
[2020-08-12T15:58:27.247+0000][6][gc,age       ] GC(34) - age  13:      63360 bytes,    1462128 total
[2020-08-12T15:58:27.247+0000][6][gc,age       ] GC(34) - age  14:     360896 bytes,    1823024 total
[2020-08-12T15:58:27.247+0000][6][gc,age       ] GC(34) - age  15:     205520 bytes,    2028544 total
[2020-08-12T15:58:27.247+0000][6][gc,phases    ] GC(34)   Pre Evacuate Collection Set: 0.5ms
[2020-08-12T15:58:27.247+0000][6][gc,phases    ] GC(34)   Merge Heap Roots: 0.4ms
[2020-08-12T15:58:27.247+0000][6][gc,phases    ] GC(34)   Evacuate Collection Set: 15.9ms
[2020-08-12T15:58:27.247+0000][6][gc,phases    ] GC(34)   Post Evacuate Collection Set: 2.9ms
[2020-08-12T15:58:27.248+0000][6][gc,phases    ] GC(34)   Other: 1.0ms
[2020-08-12T15:58:27.248+0000][6][gc,heap      ] GC(34) Eden regions: 612->0(611)
[2020-08-12T15:58:27.248+0000][6][gc,heap      ] GC(34) Survivor regions: 2->3(77)
[2020-08-12T15:58:27.248+0000][6][gc,heap      ] GC(34) Old regions: 77->77
[2020-08-12T15:58:27.248+0000][6][gc,heap      ] GC(34) Archive regions: 2->2
[2020-08-12T15:58:27.248+0000][6][gc,heap      ] GC(34) Humongous regions: 7->7
[2020-08-12T15:58:27.248+0000][6][gc,metaspace ] GC(34) Metaspace: 97366K(105016K)->97366K(105016K) NonClass: 84835K(89400K)->84835K(89400K) Class: 12530K(15616K)->12530K(15616K)
[2020-08-12T15:58:27.248+0000][6][gc           ] GC(34) Pause Young (Normal) (G1 Evacuation Pause) 697M->85M(1024M) 20.948ms
[2020-08-12T15:58:27.248+0000][6][gc,cpu       ] GC(34) User=0.03s Sys=0.00s Real=0.02s
[2020-08-12T15:58:27.250+0000][6][safepoint    ] Safepoint "G1CollectForAllocation", Time since last: 980591644 ns, Reaching safepoint: 576057 ns, At safepoint: 23262204 ns, Total: 23838261 ns
[2020-08-12T15:58:28.358+0000][6][safepoint    ] Safepoint "Cleanup", Time since last: 1106377606 ns, Reaching safepoint: 1253065 ns, At safepoint: 58162 ns, Total: 1311227 ns
[2020-08-12T15:58:29.690+0000][6][safepoint    ] Safepoint "Cleanup", Time since last: 1331170783 ns, Reaching safepoint: 823793 ns, At safepoint: 44150 ns, Total: 867943 ns
[2020-08-12T15:58:30.691+0000][6][safepoint    ] Safepoint "Cleanup", Time since last: 1000595737 ns, Reaching safepoint: 641594 ns, At safepoint: 55800 ns, Total: 697394 ns
[2020-08-12T15:58:31.692+0000][6][safepoint    ] Safepoint "Cleanup", Time since last: 1000284790 ns, Reaching safepoint: 415359 ns, At safepoint: 49250 ns, Total: 464609 ns
[2020-08-12T15:58:32.693+0000][6][safepoint    ] Safepoint "Cleanup", Time since last: 1000351851 ns, Reaching safepoint: 929680 ns, At safepoint: 67687 ns, Total: 997367 ns
[2020-08-12T15:58:33.694+0000][6][safepoint    ] Safepoint "Cleanup", Time since last: 1000345927 ns, Reaching safepoint: 806918 ns, At safepoint: 45837 ns, Total: 852755 ns
[2020-08-12T15:58:35.246+0000][6][safepoint    ] Safepoint "Cleanup", Time since last: 1550997427 ns, Reaching safepoint: 524883 ns, At safepoint: 39538 ns, Total: 564421 ns
[2020-08-12T15:58:36.247+0000][6][safepoint    ] Safepoint "Cleanup", Time since last: 1000414538 ns, Reaching safepoint: 579308 ns, At safepoint: 145074 ns, Total: 724382 ns
[2020-08-12T15:58:37.327+0000][6][safepoint    ] Safepoint "Cleanup", Time since last: 1000334639 ns, Reaching safepoint: 75271964 ns, At safepoint: 4394676 ns, Total: 79666640 ns
[2020-08-12T15:58:38.658+0000][6][safepoint    ] Safepoint "Cleanup", Time since last: 1329764595 ns, Reaching safepoint: 715231 ns, At safepoint: 75950 ns, Total: 791181 ns
[2020-08-12T15:58:40.244+0000][6][safepoint    ] Safepoint "Cleanup", Time since last: 1585253787 ns, Reaching safepoint: 1029054 ns, At safepoint: 207948 ns, Total: 1237002 ns
[2020-08-12T15:58:41.245+0000][6][safepoint    ] Safepoint "Cleanup", Time since last: 1000350115 ns, Reaching safepoint: 683656 ns, At safepoint: 44200 ns, Total: 727856 ns
[2020-08-12T15:58:42.246+0000][6][safepoint    ] Safepoint "Cleanup", Time since last: 1000355189 ns, Reaching safepoint: 595520 ns, At safepoint: 46275 ns, Total: 641795 ns
[2020-08-12T15:58:43.247+0000][6][safepoint    ] Safepoint "Cleanup", Time since last: 1000350764 ns, Reaching safepoint: 763956 ns, At safepoint: 54275 ns, Total: 818231 ns
[2020-08-12T15:58:45.243+0000][6][safepoint    ] Safepoint "Cleanup", Time since last: 1995534922 ns, Reaching safepoint: 645107 ns, At safepoint: 46225 ns, Total: 691332 ns
[2020-08-12T15:58:46.245+0000][6][safepoint    ] Safepoint "Cleanup", Time since last: 1000345990 ns, Reaching safepoint: 863917 ns, At safepoint: 43825 ns, Total: 907742 ns
[2020-08-12T15:58:47.246+0000][6][safepoint    ] Safepoint "Cleanup", Time since last: 1000331952 ns, Reaching safepoint: 585795 ns, At safepoint: 23637 ns, Total: 609432 ns
[2020-08-12T15:58:48.292+0000][6][safepoint    ] Safepoint "Cleanup", Time since last: 1045874180 ns, Reaching safepoint: 738994 ns, At safepoint: 44812 ns, Total: 783806 ns
[2020-08-12T15:58:49.293+0000][6][safepoint    ] Safepoint "Cleanup", Time since last: 1000316515 ns, Reaching safepoint: 293135 ns, At safepoint: 19737 ns, Total: 312872 ns
[2020-08-12T15:58:50.294+0000][6][safepoint    ] Safepoint "Cleanup", Time since last: 1000261953 ns, Reaching safepoint: 1038091 ns, At safepoint: 63837 ns, Total: 1101928 ns
[2020-08-12T15:58:51.296+0000][6][safepoint    ] Safepoint "Cleanup", Time since last: 1000395339 ns, Reaching safepoint: 845731 ns, At safepoint: 43837 ns, Total: 889568 ns
[2020-08-12T15:58:52.297+0000][6][safepoint    ] Safepoint "Cleanup", Time since last: 1000353014 ns, Reaching safepoint: 793556 ns, At safepoint: 44037 ns, Total: 837593 ns
[2020-08-12T15:58:53.298+0000][6][safepoint    ] Safepoint "Cleanup", Time since last: 1000404039 ns, Reaching safepoint: 831243 ns, At safepoint: 44412 ns, Total: 875655 ns
[2020-08-12T15:58:55.244+0000][6][safepoint    ] Safepoint "Cleanup", Time since last: 1945592457 ns, Reaching safepoint: 699107 ns, At safepoint: 44374 ns, Total: 743481 ns
[2020-08-12T15:58:56.246+0000][6][safepoint    ] Safepoint "Cleanup", Time since last: 1000343940 ns, Reaching safepoint: 718569 ns, At safepoint: 55237 ns, Total: 773806 ns
[2020-08-12T15:58:57.246+0000][6][safepoint    ] Safepoint "Cleanup", Time since last: 1000363164 ns, Reaching safepoint: 329960 ns, At safepoint: 14375 ns, Total: 344335 ns
[2020-08-12T15:58:58.265+0000][6][safepoint    ] Safepoint "Cleanup", Time since last: 1017680280 ns, Reaching safepoint: 772606 ns, At safepoint: 44225 ns, Total: 816831 ns
[2020-08-12T15:59:00.245+0000][6][safepoint    ] Safepoint "Cleanup", Time since last: 1979695631 ns, Reaching safepoint: 797368 ns, At safepoint: 46950 ns, Total: 844318 ns
[2020-08-12T15:59:01.247+0000][6][safepoint    ] Safepoint "Cleanup", Time since last: 1000352377 ns, Reaching safepoint: 855280 ns, At safepoint: 48000 ns, Total: 903280 ns
[2020-08-12T15:59:02.248+0000][6][safepoint    ] Safepoint "Cleanup", Time since last: 1000448013 ns, Reaching safepoint: 1056204 ns, At safepoint: 49424 ns, Total: 1105628 ns
[2020-08-12T15:59:03.249+0000][6][safepoint    ] Safepoint "Cleanup", Time since last: 1000343578 ns, Reaching safepoint: 669056 ns, At safepoint: 53562 ns, Total: 722618 ns
[2020-08-12T15:59:04.253+0000][6][safepoint    ] Safepoint "Cleanup", Time since last: 1002804382 ns, Reaching safepoint: 565220 ns, At safepoint: 27725 ns, Total: 592945 ns
[2020-08-12T15:59:05.357+0000][6][safepoint    ] Safepoint "Cleanup", Time since last: 1103578342 ns, Reaching safepoint: 830506 ns, At safepoint: 44962 ns, Total: 875468 ns
[2020-08-12T15:59:06.358+0000][6][safepoint    ] Safepoint "Cleanup", Time since last: 1000349077 ns, Reaching safepoint: 871580 ns, At safepoint: 44800 ns, Total: 916380 ns
[2020-08-12T15:59:08.180+0000][6][safepoint    ] Safepoint "Cleanup", Time since last: 1821143895 ns, Reaching safepoint: 760018 ns, At safepoint: 46312 ns, Total: 806330 ns
[2020-08-12T15:59:09.181+0000][6][safepoint    ] Safepoint "Cleanup", Time since last: 1000284528 ns, Reaching safepoint: 516571 ns, At safepoint: 19387 ns, Total: 535958 ns
[2020-08-12T15:59:10.182+0000][6][safepoint    ] Safepoint "Cleanup", Time since last: 1000256328 ns, Reaching safepoint: 609945 ns, At safepoint: 46762 ns, Total: 656707 ns
[2020-08-12T15:59:11.183+0000][6][safepoint    ] Safepoint "Cleanup", Time since last: 1000356389 ns, Reaching safepoint: 643882 ns, At safepoint: 45087 ns, Total: 688969 ns
[2020-08-12T15:59:12.184+0000][6][safepoint    ] Safepoint "Cleanup", Time since last: 1000397977 ns, Reaching safepoint: 434546 ns, At safepoint: 112637 ns, Total: 547183 ns
[2020-08-12T15:59:13.185+0000][6][safepoint    ] Safepoint "Cleanup", Time since last: 1000355814 ns, Reaching safepoint: 895455 ns, At safepoint: 55437 ns, Total: 950892 ns
[2020-08-12T15:59:14.187+0000][6][safepoint    ] Safepoint "Cleanup", Time since last: 1000372877 ns, Reaching safepoint: 1003416 ns, At safepoint: 63475 ns, Total: 1066891 ns
[2020-08-12T15:59:15.251+0000][6][safepoint    ] Safepoint "Cleanup", Time since last: 1063128359 ns, Reaching safepoint: 1119553 ns, At safepoint: 45187 ns, Total: 1164740 ns
[2020-08-12T15:59:16.252+0000][6][safepoint    ] Safepoint "Cleanup", Time since last: 1000347627 ns, Reaching safepoint: 1002154 ns, At safepoint: 44987 ns, Total: 1047141 ns
[2020-08-12T15:59:17.254+0000][6][safepoint    ] Safepoint "Cleanup", Time since last: 1000334877 ns, Reaching safepoint: 763807 ns, At safepoint: 36974 ns, Total: 800781 ns
[2020-08-12T15:59:18.283+0000][6][safepoint    ] Safepoint "Cleanup", Time since last: 1029073097 ns, Reaching safepoint: 655482 ns, At safepoint: 46112 ns, Total: 701594 ns
[2020-08-12T15:59:20.250+0000][6][safepoint    ] Safepoint "Cleanup", Time since last: 1966088121 ns, Reaching safepoint: 672457 ns, At safepoint: 46175 ns, Total: 718632 ns
[2020-08-12T15:59:21.251+0000][6][safepoint    ] Safepoint "Cleanup", Time since last: 1000287665 ns, Reaching safepoint: 610382 ns, At safepoint: 73799 ns, Total: 684181 ns
[2020-08-12T15:59:22.331+0000][6][safepoint    ] Safepoint "Cleanup", Time since last: 1079626358 ns, Reaching safepoint: 570158 ns, At safepoint: 44962 ns, Total: 615120 ns
[2020-08-12T15:59:23.332+0000][6][safepoint    ] Safepoint "Cleanup", Time since last: 1000348964 ns, Reaching safepoint: 656970 ns, At safepoint: 55337 ns, Total: 712307 ns
[2020-08-12T15:59:25.270+0000][6][safepoint    ] Safepoint "Cleanup", Time since last: 1937215215 ns, Reaching safepoint: 683531 ns, At safepoint: 55550 ns, Total: 739081 ns
[2020-08-12T15:59:26.271+0000][6][safepoint    ] Safepoint "Cleanup", Time since last: 1000344714 ns, Reaching safepoint: 701057 ns, At safepoint: 46075 ns, Total: 747132 ns
[2020-08-12T15:59:28.187+0000][6][safepoint    ] Safepoint "Cleanup", Time since last: 1914654443 ns, Reaching safepoint: 589407 ns, At safepoint: 44700 ns, Total: 634107 ns
[2020-08-12T15:59:28.681+0000][6][safepoint    ] Safepoint "BulkRevokeBias", Time since last: 490329209 ns, Reaching safepoint: 1020229 ns, At safepoint: 2866513 ns, Total: 3886742 ns
[2020-08-12T15:59:29.691+0000][6][safepoint    ] Safepoint "Cleanup", Time since last: 1009470063 ns, Reaching safepoint: 695756 ns, At safepoint: 46425 ns, Total: 742181 ns
[2020-08-12T15:59:30.692+0000][6][safepoint    ] Safepoint "Cleanup", Time since last: 1000335389 ns, Reaching safepoint: 950055 ns, At safepoint: 47712 ns, Total: 997767 ns
[2020-08-12T15:59:31.693+0000][6][safepoint    ] Safepoint "Cleanup", Time since last: 1000332015 ns, Reaching safepoint: 577445 ns, At safepoint: 65174 ns, Total: 642619 ns
[2020-08-12T15:59:32.694+0000][6][safepoint    ] Safepoint "Cleanup", Time since last: 1000333515 ns, Reaching safepoint: 552520 ns, At safepoint: 44987 ns, Total: 597507 ns
[2020-08-12T15:59:33.695+0000][6][safepoint    ] Safepoint "Cleanup", Time since last: 1000296553 ns, Reaching safepoint: 325634 ns, At safepoint: 22863 ns, Total: 348497 ns
[2020-08-12T15:59:35.247+0000][6][safepoint    ] Safepoint "Cleanup", Time since last: 1551793895 ns, Reaching safepoint: 486933 ns, At safepoint: 23475 ns, Total: 510408 ns
[2020-08-12T15:59:36.248+0000][6][safepoint    ] Safepoint "Cleanup", Time since last: 1000227328 ns, Reaching safepoint: 544020 ns, At safepoint: 34000 ns, Total: 578020 ns
[2020-08-12T15:59:38.225+0000][6][safepoint    ] Safepoint "Cleanup", Time since last: 1976214898 ns, Reaching safepoint: 889830 ns, At safepoint: 44975 ns, Total: 934805 ns
[2020-08-12T15:59:39.226+0000][6][safepoint    ] Safepoint "Cleanup", Time since last: 1000307489 ns, Reaching safepoint: 498034 ns, At safepoint: 23950 ns, Total: 521984 ns
[2020-08-12T15:59:40.248+0000][6][safepoint    ] Safepoint "Cleanup", Time since last: 1020928478 ns, Reaching safepoint: 768206 ns, At safepoint: 96449 ns, Total: 864655 ns
[2020-08-12T15:59:41.249+0000][6][safepoint    ] Safepoint "Cleanup", Time since last: 1000337477 ns, Reaching safepoint: 850255 ns, At safepoint: 44700 ns, Total: 894955 ns
[2020-08-12T15:59:42.250+0000][6][safepoint    ] Safepoint "Cleanup", Time since last: 1000332589 ns, Reaching safepoint: 600158 ns, At safepoint: 33650 ns, Total: 633808 ns
[2020-08-12T15:59:43.251+0000][6][safepoint    ] Safepoint "Cleanup", Time since last: 1000309439 ns, Reaching safepoint: 826531 ns, At safepoint: 46725 ns, Total: 873256 ns
[2020-08-12T15:59:44.252+0000][6][safepoint    ] Safepoint "Cleanup", Time since last: 1000253727 ns, Reaching safepoint: 420834 ns, At safepoint: 17163 ns, Total: 437997 ns
[2020-08-12T15:59:45.260+0000][6][safepoint    ] Safepoint "Cleanup", Time since last: 1007805426 ns, Reaching safepoint: 639470 ns, At safepoint: 44099 ns, Total: 683569 ns
[2020-08-12T15:59:46.262+0000][6][safepoint    ] Safepoint "Cleanup", Time since last: 1000341940 ns, Reaching safepoint: 816180 ns, At safepoint: 44275 ns, Total: 860455 ns
[2020-08-12T15:59:47.263+0000][6][safepoint    ] Safepoint "Cleanup", Time since last: 1000343290 ns, Reaching safepoint: 522808 ns, At safepoint: 25787 ns, Total: 548595 ns
[2020-08-12T15:59:48.268+0000][6][safepoint    ] Safepoint "Cleanup", Time since last: 1004791289 ns, Reaching safepoint: 800469 ns, At safepoint: 46774 ns, Total: 847243 ns
[2020-08-12T15:59:49.303+0000][6][safepoint    ] Safepoint "Cleanup", Time since last: 1032878577 ns, Reaching safepoint: 1596687 ns, At safepoint: 55799 ns, Total: 1652486 ns
[2020-08-12T15:59:50.304+0000][6][safepoint    ] Safepoint "Cleanup", Time since last: 1000264003 ns, Reaching safepoint: 775406 ns, At safepoint: 44475 ns, Total: 819881 ns
[2020-08-12T15:59:51.305+0000][6][safepoint    ] Safepoint "Cleanup", Time since last: 1000437514 ns, Reaching safepoint: 847455 ns, At safepoint: 57099 ns, Total: 904554 ns
[2020-08-12T15:59:52.695+0000][6][safepoint    ] Safepoint "Cleanup", Time since last: 1389242043 ns, Reaching safepoint: 638407 ns, At safepoint: 44275 ns, Total: 682682 ns
[2020-08-12T15:59:53.696+0000][6][safepoint    ] Safepoint "Cleanup", Time since last: 1000304639 ns, Reaching safepoint: 628858 ns, At safepoint: 44712 ns, Total: 673570 ns
[2020-08-12T15:59:54.252+0000][6][safepoint    ] Safepoint "BulkRevokeBias", Time since last: 554250844 ns, Reaching safepoint: 531583 ns, At safepoint: 1646611 ns, Total: 2178194 ns
[2020-08-12T15:59:55.258+0000][6][safepoint    ] Safepoint "Cleanup", Time since last: 1004214745 ns, Reaching safepoint: 802030 ns, At safepoint: 45125 ns, Total: 847155 ns
[2020-08-12T15:59:56.259+0000][6][safepoint    ] Safepoint "Cleanup", Time since last: 1000378877 ns, Reaching safepoint: 815468 ns, At safepoint: 44037 ns, Total: 859505 ns
[2020-08-12T15:59:58.213+0000][6][safepoint    ] Safepoint "Cleanup", Time since last: 1954222209 ns, Reaching safepoint: 428459 ns, At safepoint: 21949 ns, Total: 450408 ns
[2020-08-12T15:59:59.249+0000][6][safepoint    ] Safepoint "Cleanup", Time since last: 1035057834 ns, Reaching safepoint: 627533 ns, At safepoint: 31037 ns, Total: 658570 ns
[2020-08-12T16:00:00.251+0000][6][safepoint    ] Safepoint "Cleanup", Time since last: 1000657037 ns, Reaching safepoint: 833580 ns, At safepoint: 44337 ns, Total: 877917 ns
[2020-08-12T16:00:01.252+0000][6][safepoint    ] Safepoint "Cleanup", Time since last: 1000379252 ns, Reaching safepoint: 881542 ns, At safepoint: 66712 ns, Total: 948254 ns
[2020-08-12T16:00:02.253+0000][6][safepoint    ] Safepoint "Cleanup", Time since last: 1000340777 ns, Reaching safepoint: 845468 ns, At safepoint: 58850 ns, Total: 904318 ns
[2020-08-12T16:00:03.255+0000][6][safepoint    ] Safepoint "Cleanup", Time since last: 1000348739 ns, Reaching safepoint: 941980 ns, At safepoint: 44299 ns, Total: 986279 ns
[2020-08-12T16:00:04.255+0000][6][safepoint    ] Safepoint "Cleanup", Time since last: 1000255141 ns, Reaching safepoint: 364972 ns, At safepoint: 12612 ns, Total: 377584 ns
[2020-08-12T16:00:05.260+0000][6][safepoint    ] Safepoint "Cleanup", Time since last: 1003876822 ns, Reaching safepoint: 1142353 ns, At safepoint: 45487 ns, Total: 1187840 ns
[2020-08-12T16:00:06.261+0000][6][safepoint    ] Safepoint "Cleanup", Time since last: 1000353252 ns, Reaching safepoint: 627882 ns, At safepoint: 44275 ns, Total: 672157 ns
[2020-08-12T16:00:08.218+0000][6][safepoint    ] Safepoint "Cleanup", Time since last: 1956249667 ns, Reaching safepoint: 633319 ns, At safepoint: 44600 ns, Total: 677919 ns
[2020-08-12T16:00:09.219+0000][6][safepoint    ] Safepoint "Cleanup", Time since last: 1000308002 ns, Reaching safepoint: 703332 ns, At safepoint: 32262 ns, Total: 735594 ns
[2020-08-12T16:00:10.220+0000][6][safepoint    ] Safepoint "Cleanup", Time since last: 1000275590 ns, Reaching safepoint: 693057 ns, At safepoint: 53787 ns, Total: 746844 ns
[2020-08-12T16:00:11.221+0000][6][safepoint    ] Safepoint "Cleanup", Time since last: 1000392264 ns, Reaching safepoint: 620582 ns, At safepoint: 44850 ns, Total: 665432 ns
[2020-08-12T16:00:12.222+0000][6][safepoint    ] Safepoint "Cleanup", Time since last: 1000321252 ns, Reaching safepoint: 432946 ns, At safepoint: 39012 ns, Total: 471958 ns
[2020-08-12T16:00:13.223+0000][6][safepoint    ] Safepoint "Cleanup", Time since last: 1000294428 ns, Reaching safepoint: 592695 ns, At safepoint: 44324 ns, Total: 637019 ns
[2020-08-12T16:00:14.224+0000][6][safepoint    ] Safepoint "Cleanup", Time since last: 1000283978 ns, Reaching safepoint: 728369 ns, At safepoint: 22375 ns, Total: 750744 ns
[2020-08-12T16:00:14.253+0000][6][safepoint    ] Safepoint "BulkRevokeBias", Time since last: 27303882 ns, Reaching safepoint: 538657 ns, At safepoint: 1295327 ns, Total: 1833984 ns
[2020-08-12T16:00:15.255+0000][6][safepoint    ] Safepoint "Cleanup", Time since last: 1001462243 ns, Reaching safepoint: 687294 ns, At safepoint: 44924 ns, Total: 732218 ns
[2020-08-12T16:00:16.257+0000][6][safepoint    ] Safepoint "Cleanup", Time since last: 1000347802 ns, Reaching safepoint: 810481 ns, At safepoint: 46687 ns, Total: 857168 ns
[2020-08-12T16:00:18.188+0000][6][safepoint    ] Safepoint "Cleanup", Time since last: 1930623608 ns, Reaching safepoint: 587470 ns, At safepoint: 37275 ns, Total: 624745 ns
[2020-08-12T16:00:19.194+0000][6][safepoint    ] Safepoint "Cleanup", Time since last: 1000246140 ns, Reaching safepoint: 5983775 ns, At safepoint: 19812 ns, Total: 6003587 ns
[2020-08-12T16:00:20.251+0000][6][safepoint    ] Safepoint "Cleanup", Time since last: 1055535886 ns, Reaching safepoint: 903630 ns, At safepoint: 44299 ns, Total: 947929 ns
[2020-08-12T16:00:21.252+0000][6][safepoint    ] Safepoint "Cleanup", Time since last: 1000388515 ns, Reaching safepoint: 834630 ns, At safepoint: 47050 ns, Total: 881680 ns
[2020-08-12T16:00:22.884+0000][6][safepoint    ] Safepoint "Cleanup", Time since last: 1631354448 ns, Reaching safepoint: 881567 ns, At safepoint: 44187 ns, Total: 925754 ns
[2020-08-12T16:00:23.885+0000][6][safepoint    ] Safepoint "Cleanup", Time since last: 1000347077 ns, Reaching safepoint: 721444 ns, At safepoint: 44900 ns, Total: 766344 ns
[2020-08-12T16:00:25.267+0000][6][safepoint    ] Safepoint "Cleanup", Time since last: 1380778001 ns, Reaching safepoint: 572746 ns, At safepoint: 44087 ns, Total: 616833 ns
[2020-08-12T16:00:26.269+0000][6][safepoint    ] Safepoint "Cleanup", Time since last: 1000415489 ns, Reaching safepoint: 1563362 ns, At safepoint: 94462 ns, Total: 1657824 ns
[2020-08-12T16:00:27.262+0000][6][safepoint    ] Safepoint "BulkRevokeBias", Time since last: 991854661 ns, Reaching safepoint: 425846 ns, At safepoint: 840018 ns, Total: 1265864 ns
[2020-08-12T16:00:28.263+0000][6][safepoint    ] Safepoint "Cleanup", Time since last: 1000201353 ns, Reaching safepoint: 448359 ns, At safepoint: 82187 ns, Total: 530546 ns
[2020-08-12T16:00:29.750+0000][6][safepoint    ] Safepoint "Cleanup", Time since last: 1486702944 ns, Reaching safepoint: 862218 ns, At safepoint: 44325 ns, Total: 906543 ns
[2020-08-12T16:00:30.752+0000][6][safepoint    ] Safepoint "Cleanup", Time since last: 1000355114 ns, Reaching safepoint: 873730 ns, At safepoint: 44312 ns, Total: 918042 ns
[2020-08-12T16:00:31.753+0000][6][safepoint    ] Safepoint "Cleanup", Time since last: 1000550401 ns, Reaching safepoint: 1021491 ns, At safepoint: 45687 ns, Total: 1067178 ns
[2020-08-12T16:00:32.754+0000][6][safepoint    ] Safepoint "Cleanup", Time since last: 1000347014 ns, Reaching safepoint: 684270 ns, At safepoint: 52012 ns, Total: 736282 ns
[2020-08-12T16:00:33.755+0000][6][safepoint    ] Safepoint "Cleanup", Time since last: 1000336402 ns, Reaching safepoint: 834868 ns, At safepoint: 54549 ns, Total: 889417 ns
[2020-08-12T16:00:35.252+0000][6][safepoint    ] Safepoint "Cleanup", Time since last: 1496343401 ns, Reaching safepoint: 496471 ns, At safepoint: 32687 ns, Total: 529158 ns
[2020-08-12T16:00:36.253+0000][6][safepoint    ] Safepoint "Cleanup", Time since last: 1000314640 ns, Reaching safepoint: 685794 ns, At safepoint: 52837 ns, Total: 738631 ns
[2020-08-12T16:00:38.204+0000][6][safepoint    ] Safepoint "Cleanup", Time since last: 1950158906 ns, Reaching safepoint: 678682 ns, At safepoint: 44224 ns, Total: 722906 ns
[2020-08-12T16:00:39.205+0000][6][safepoint    ] Safepoint "Cleanup", Time since last: 1000299528 ns, Reaching safepoint: 602557 ns, At safepoint: 31525 ns, Total: 634082 ns
[2020-08-12T16:00:40.253+0000][6][safepoint    ] Safepoint "Cleanup", Time since last: 1047124094 ns, Reaching safepoint: 621145 ns, At safepoint: 44925 ns, Total: 666070 ns
[2020-08-12T16:00:41.254+0000][6][safepoint    ] Safepoint "Cleanup", Time since last: 1000337577 ns, Reaching safepoint: 743318 ns, At safepoint: 43712 ns, Total: 787030 ns
[2020-08-12T16:00:42.255+0000][6][safepoint    ] Safepoint "Cleanup", Time since last: 1000337852 ns, Reaching safepoint: 596558 ns, At safepoint: 44712 ns, Total: 641270 ns
[2020-08-12T16:00:43.256+0000][6][safepoint    ] Safepoint "Cleanup", Time since last: 1000341752 ns, Reaching safepoint: 720956 ns, At safepoint: 45650 ns, Total: 766606 ns
[2020-08-12T16:00:44.257+0000][6][safepoint    ] Safepoint "Cleanup", Time since last: 1000274540 ns, Reaching safepoint: 430572 ns, At safepoint: 13212 ns, Total: 443784 ns
[2020-08-12T16:00:45.282+0000][6][safepoint    ] Safepoint "Cleanup", Time since last: 1024433961 ns, Reaching safepoint: 572008 ns, At safepoint: 28262 ns, Total: 600270 ns
[2020-08-12T16:00:46.283+0000][6][safepoint    ] Safepoint "Cleanup", Time since last: 1000304877 ns, Reaching safepoint: 840593 ns, At safepoint: 59225 ns, Total: 899818 ns
[2020-08-12T16:00:48.134+0000][6][safepoint    ] Safepoint "Cleanup", Time since last: 1849904865 ns, Reaching safepoint: 450083 ns, At safepoint: 56437 ns, Total: 506520 ns
[2020-08-12T16:00:49.136+0000][6][safepoint    ] Safepoint "Cleanup", Time since last: 1000327190 ns, Reaching safepoint: 1772060 ns, At safepoint: 47662 ns, Total: 1819722 ns
[2020-08-12T16:00:50.137+0000][6][safepoint    ] Safepoint "Cleanup", Time since last: 1000329752 ns, Reaching safepoint: 577545 ns, At safepoint: 44187 ns, Total: 621732 ns
[2020-08-12T16:00:51.138+0000][6][safepoint    ] Safepoint "Cleanup", Time since last: 1000390627 ns, Reaching safepoint: 621995 ns, At safepoint: 53149 ns, Total: 675144 ns
[2020-08-12T16:00:52.139+0000][6][safepoint    ] Safepoint "Cleanup", Time since last: 1000360177 ns, Reaching safepoint: 590645 ns, At safepoint: 31175 ns, Total: 621820 ns
[2020-08-12T16:00:53.140+0000][6][safepoint    ] Safepoint "Cleanup", Time since last: 1000298015 ns, Reaching safepoint: 790431 ns, At safepoint: 84449 ns, Total: 874880 ns
[2020-08-12T16:00:54.141+0000][6][safepoint    ] Safepoint "Cleanup", Time since last: 1000338464 ns, Reaching safepoint: 1088516 ns, At safepoint: 66525 ns, Total: 1155041 ns
[2020-08-12T16:00:55.256+0000][6][safepoint    ] Safepoint "Cleanup", Time since last: 1114332039 ns, Reaching safepoint: 625582 ns, At safepoint: 45250 ns, Total: 670832 ns
[2020-08-12T16:00:56.257+0000][6][safepoint    ] Safepoint "Cleanup", Time since last: 1000337452 ns, Reaching safepoint: 690381 ns, At safepoint: 46925 ns, Total: 737306 ns
[2020-08-12T16:00:58.227+0000][6][safepoint    ] Safepoint "Cleanup", Time since last: 1968888785 ns, Reaching safepoint: 763919 ns, At safepoint: 44862 ns, Total: 808781 ns
[2020-08-12T16:00:59.258+0000][6][safepoint    ] Safepoint "Cleanup", Time since last: 1028325866 ns, Reaching safepoint: 2695114 ns, At safepoint: 25263 ns, Total: 2720377 ns
[2020-08-12T16:01:00.260+0000][6][safepoint    ] Safepoint "Cleanup", Time since last: 1000701523 ns, Reaching safepoint: 602620 ns, At safepoint: 53425 ns, Total: 656045 ns
[2020-08-12T16:01:01.261+0000][6][safepoint    ] Safepoint "Cleanup", Time since last: 1000346589 ns, Reaching safepoint: 605633 ns, At safepoint: 165686 ns, Total: 771319 ns
[2020-08-12T16:01:02.262+0000][6][safepoint    ] Safepoint "Cleanup", Time since last: 1000476776 ns, Reaching safepoint: 451009 ns, At safepoint: 54649 ns, Total: 505658 ns
[2020-08-12T16:01:03.263+0000][6][safepoint    ] Safepoint "Cleanup", Time since last: 1000437064 ns, Reaching safepoint: 804630 ns, At safepoint: 46388 ns, Total: 851018 ns
[2020-08-12T16:01:04.264+0000][6][safepoint    ] Safepoint "Cleanup", Time since last: 1000269515 ns, Reaching safepoint: 588807 ns, At safepoint: 181874 ns, Total: 770681 ns
[2020-08-12T16:01:05.317+0000][6][safepoint    ] Safepoint "Cleanup", Time since last: 1052508774 ns, Reaching safepoint: 741769 ns, At safepoint: 44162 ns, Total: 785931 ns
[2020-08-12T16:01:06.318+0000][6][safepoint    ] Safepoint "Cleanup", Time since last: 1000342389 ns, Reaching safepoint: 695507 ns, At safepoint: 44849 ns, Total: 740356 ns
[2020-08-12T16:01:08.302+0000][6][safepoint    ] Safepoint "Cleanup", Time since last: 1982464321 ns, Reaching safepoint: 645207 ns, At safepoint: 47562 ns, Total: 692769 ns
[2020-08-12T16:01:09.302+0000][6][safepoint    ] Safepoint "Cleanup", Time since last: 1000275877 ns, Reaching safepoint: 454734 ns, At safepoint: 14425 ns, Total: 469159 ns
[2020-08-12T16:01:10.303+0000][6][safepoint    ] Safepoint "Cleanup", Time since last: 1000225478 ns, Reaching safepoint: 691119 ns, At safepoint: 53462 ns, Total: 744581 ns
[2020-08-12T16:01:11.304+0000][6][safepoint    ] Safepoint "Cleanup", Time since last: 1000352252 ns, Reaching safepoint: 683619 ns, At safepoint: 44275 ns, Total: 727894 ns
[2020-08-12T16:01:12.305+0000][6][safepoint    ] Safepoint "Cleanup", Time since last: 1000356852 ns, Reaching safepoint: 581657 ns, At safepoint: 43738 ns, Total: 625395 ns
[2020-08-12T16:01:13.306+0000][6][safepoint    ] Safepoint "Cleanup", Time since last: 1000401276 ns, Reaching safepoint: 644845 ns, At safepoint: 44974 ns, Total: 689819 ns
[2020-08-12T16:01:15.263+0000][6][safepoint    ] Safepoint "Cleanup", Time since last: 1955796034 ns, Reaching safepoint: 584345 ns, At safepoint: 53337 ns, Total: 637682 ns
[2020-08-12T16:01:16.264+0000][6][safepoint    ] Safepoint "Cleanup", Time since last: 1000401876 ns, Reaching safepoint: 598933 ns, At safepoint: 160573 ns, Total: 759506 ns
[2020-08-12T16:01:18.234+0000][6][safepoint    ] Safepoint "Cleanup", Time since last: 1969509892 ns, Reaching safepoint: 745394 ns, At safepoint: 54487 ns, Total: 799881 ns
[2020-08-12T16:01:19.235+0000][6][safepoint    ] Safepoint "Cleanup", Time since last: 1000285690 ns, Reaching safepoint: 585733 ns, At safepoint: 20474 ns, Total: 606207 ns
[2020-08-12T16:01:20.258+0000][6][safepoint    ] Safepoint "Cleanup", Time since last: 1021770884 ns, Reaching safepoint: 592695 ns, At safepoint: 53262 ns, Total: 645957 ns
[2020-08-12T16:01:21.259+0000][6][safepoint    ] Safepoint "Cleanup", Time since last: 1000344590 ns, Reaching safepoint: 569182 ns, At safepoint: 44275 ns, Total: 613457 ns
[2020-08-12T16:01:22.260+0000][6][safepoint    ] Safepoint "Cleanup", Time since last: 1000624749 ns, Reaching safepoint: 858193 ns, At safepoint: 45462 ns, Total: 903655 ns
[2020-08-12T16:01:23.261+0000][6][safepoint    ] Safepoint "Cleanup", Time since last: 1000343090 ns, Reaching safepoint: 828793 ns, At safepoint: 44312 ns, Total: 873105 ns
[2020-08-12T16:01:24.262+0000][6][safepoint    ] Safepoint "Cleanup", Time since last: 1000341677 ns, Reaching safepoint: 714619 ns, At safepoint: 30937 ns, Total: 745556 ns
[2020-08-12T16:01:25.459+0000][6][safepoint    ] Safepoint "Cleanup", Time since last: 1195354655 ns, Reaching safepoint: 774731 ns, At safepoint: 44275 ns, Total: 819006 ns
[2020-08-12T16:01:26.460+0000][6][safepoint    ] Safepoint "Cleanup", Time since last: 1000356389 ns, Reaching safepoint: 565971 ns, At safepoint: 44962 ns, Total: 610933 ns
[2020-08-12T16:01:28.198+0000][6][safepoint    ] Safepoint "Cleanup", Time since last: 1737600188 ns, Reaching safepoint: 570045 ns, At safepoint: 43950 ns, Total: 613995 ns
[2020-08-12T16:01:29.759+0000][6][safepoint    ] Safepoint "Cleanup", Time since last: 1560533321 ns, Reaching safepoint: 447909 ns, At safepoint: 54837 ns, Total: 502746 ns
[2020-08-12T16:01:30.760+0000][6][safepoint    ] Safepoint "Cleanup", Time since last: 1000438213 ns, Reaching safepoint: 590908 ns, At safepoint: 160236 ns, Total: 751144 ns
[2020-08-12T16:01:31.761+0000][6][safepoint    ] Safepoint "Cleanup", Time since last: 1000348477 ns, Reaching safepoint: 730431 ns, At safepoint: 55250 ns, Total: 785681 ns
[2020-08-12T16:01:32.762+0000][6][safepoint    ] Safepoint "Cleanup", Time since last: 1000334327 ns, Reaching safepoint: 502621 ns, At safepoint: 38787 ns, Total: 541408 ns
[2020-08-12T16:01:33.763+0000][6][safepoint    ] Safepoint "Cleanup", Time since last: 1000290952 ns, Reaching safepoint: 450184 ns, At safepoint: 12925 ns, Total: 463109 ns
[2020-08-12T16:01:35.262+0000][6][safepoint    ] Safepoint "Cleanup", Time since last: 1498680493 ns, Reaching safepoint: 821981 ns, At safepoint: 51925 ns, Total: 873906 ns
[2020-08-12T16:01:36.263+0000][6][safepoint    ] Safepoint "Cleanup", Time since last: 1000348139 ns, Reaching safepoint: 677444 ns, At safepoint: 53575 ns, Total: 731019 ns
[2020-08-12T16:01:38.240+0000][6][safepoint    ] Safepoint "Cleanup", Time since last: 1975759639 ns, Reaching safepoint: 503734 ns, At safepoint: 49524 ns, Total: 553258 ns
[2020-08-12T16:01:39.241+0000][6][safepoint    ] Safepoint "Cleanup", Time since last: 1000363852 ns, Reaching safepoint: 462684 ns, At safepoint: 28449 ns, Total: 491133 ns
[2020-08-12T16:01:40.259+0000][6][safepoint    ] Safepoint "Cleanup", Time since last: 1017540282 ns, Reaching safepoint: 573970 ns, At safepoint: 44537 ns, Total: 618507 ns
[2020-08-12T16:01:41.260+0000][6][safepoint    ] Safepoint "Cleanup", Time since last: 1000461164 ns, Reaching safepoint: 598195 ns, At safepoint: 54437 ns, Total: 652632 ns
[2020-08-12T16:01:42.261+0000][6][safepoint    ] Safepoint "Cleanup", Time since last: 1000373939 ns, Reaching safepoint: 626670 ns, At safepoint: 65337 ns, Total: 692007 ns
[2020-08-12T16:01:43.262+0000][6][safepoint    ] Safepoint "Cleanup", Time since last: 1000311077 ns, Reaching safepoint: 836605 ns, At safepoint: 44663 ns, Total: 881268 ns
[2020-08-12T16:01:44.263+0000][6][safepoint    ] Safepoint "Cleanup", Time since last: 1000331052 ns, Reaching safepoint: 900167 ns, At safepoint: 33275 ns, Total: 933442 ns
[2020-08-12T16:01:45.425+0000][6][safepoint    ] Safepoint "Cleanup", Time since last: 1160954183 ns, Reaching safepoint: 682319 ns, At safepoint: 46487 ns, Total: 728806 ns
[2020-08-12T16:01:46.426+0000][6][safepoint    ] Safepoint "Cleanup", Time since last: 1000346890 ns, Reaching safepoint: 696731 ns, At safepoint: 44688 ns, Total: 741419 ns
[2020-08-12T16:01:48.119+0000][6][safepoint    ] Safepoint "Cleanup", Time since last: 1691808775 ns, Reaching safepoint: 578195 ns, At safepoint: 43749 ns, Total: 621944 ns
[2020-08-12T16:01:49.122+0000][6][safepoint    ] Safepoint "Cleanup", Time since last: 1000375589 ns, Reaching safepoint: 3238523 ns, At safepoint: 69125 ns, Total: 3307648 ns
[2020-08-12T16:01:50.345+0000][6][safepoint    ] Safepoint "Cleanup", Time since last: 1221839431 ns, Reaching safepoint: 565783 ns, At safepoint: 45499 ns, Total: 611282 ns
[2020-08-12T16:01:51.346+0000][6][safepoint    ] Safepoint "Cleanup", Time since last: 1000445989 ns, Reaching safepoint: 571795 ns, At safepoint: 46325 ns, Total: 618120 ns
[2020-08-12T16:01:52.347+0000][6][safepoint    ] Safepoint "Cleanup", Time since last: 1000402926 ns, Reaching safepoint: 627007 ns, At safepoint: 44863 ns, Total: 671870 ns
[2020-08-12T16:01:53.348+0000][6][safepoint    ] Safepoint "Cleanup", Time since last: 1000382826 ns, Reaching safepoint: 1026166 ns, At safepoint: 46612 ns, Total: 1072778 ns
[2020-08-12T16:01:55.262+0000][6][safepoint    ] Safepoint "Cleanup", Time since last: 1912821472 ns, Reaching safepoint: 860555 ns, At safepoint: 58799 ns, Total: 919354 ns
[2020-08-12T16:01:56.263+0000][6][safepoint    ] Safepoint "Cleanup", Time since last: 1000316965 ns, Reaching safepoint: 691757 ns, At safepoint: 44799 ns, Total: 736556 ns
[2020-08-12T16:01:58.197+0000][6][safepoint    ] Safepoint "Cleanup", Time since last: 1932990351 ns, Reaching safepoint: 581045 ns, At safepoint: 44825 ns, Total: 625870 ns
[2020-08-12T16:01:58.711+0000][6][safepoint    ] Safepoint "BulkRevokeBias", Time since last: 512423747 ns, Reaching safepoint: 441309 ns, At safepoint: 1014367 ns, Total: 1455676 ns
[2020-08-12T16:02:00.260+0000][6][safepoint    ] Safepoint "Cleanup", Time since last: 1548193200 ns, Reaching safepoint: 867193 ns, At safepoint: 44099 ns, Total: 911292 ns
[2020-08-12T16:02:01.261+0000][6][safepoint    ] Safepoint "Cleanup", Time since last: 1000387314 ns, Reaching safepoint: 904505 ns, At safepoint: 48912 ns, Total: 953417 ns
[2020-08-12T16:02:02.262+0000][6][safepoint    ] Safepoint "Cleanup", Time since last: 1000321565 ns, Reaching safepoint: 639720 ns, At safepoint: 36725 ns, Total: 676445 ns
[2020-08-12T16:02:03.263+0000][6][safepoint    ] Safepoint "Cleanup", Time since last: 1000306389 ns, Reaching safepoint: 808568 ns, At safepoint: 46000 ns, Total: 854568 ns
[2020-08-12T16:02:04.264+0000][6][safepoint    ] Safepoint "Cleanup", Time since last: 1000331740 ns, Reaching safepoint: 816255 ns, At safepoint: 55162 ns, Total: 871417 ns
[2020-08-12T16:02:05.341+0000][6][safepoint    ] Safepoint "Cleanup", Time since last: 1076095362 ns, Reaching safepoint: 856431 ns, At safepoint: 46712 ns, Total: 903143 ns
[2020-08-12T16:02:06.342+0000][6][safepoint    ] Safepoint "Cleanup", Time since last: 1000345189 ns, Reaching safepoint: 675082 ns, At safepoint: 46137 ns, Total: 721219 ns
[2020-08-12T16:02:08.222+0000][6][safepoint    ] Safepoint "Cleanup", Time since last: 1879013807 ns, Reaching safepoint: 655857 ns, At safepoint: 44737 ns, Total: 700594 ns
[2020-08-12T16:02:09.223+0000][6][safepoint    ] Safepoint "Cleanup", Time since last: 1000301727 ns, Reaching safepoint: 495933 ns, At safepoint: 33975 ns, Total: 529908 ns
[2020-08-12T16:02:10.224+0000][6][safepoint    ] Safepoint "Cleanup", Time since last: 1000261403 ns, Reaching safepoint: 566483 ns, At safepoint: 141686 ns, Total: 708169 ns
[2020-08-12T16:02:11.225+0000][6][safepoint    ] Safepoint "Cleanup", Time since last: 1000348077 ns, Reaching safepoint: 681357 ns, At safepoint: 94711 ns, Total: 776068 ns
[2020-08-12T16:02:12.226+0000][6][safepoint    ] Safepoint "Cleanup", Time since last: 1000473974 ns, Reaching safepoint: 880618 ns, At safepoint: 44412 ns, Total: 925030 ns
[2020-08-12T16:02:13.228+0000][6][safepoint    ] Safepoint "Cleanup", Time since last: 1000422258 ns, Reaching safepoint: 791206 ns, At safepoint: 43999 ns, Total: 835205 ns
[2020-08-12T16:02:14.229+0000][6][safepoint    ] Safepoint "Cleanup", Time since last: 1000345059 ns, Reaching safepoint: 563420 ns, At safepoint: 26500 ns, Total: 589920 ns
[2020-08-12T16:02:15.263+0000][6][safepoint    ] Safepoint "Cleanup", Time since last: 1033678871 ns, Reaching safepoint: 689707 ns, At safepoint: 53650 ns, Total: 743357 ns
[2020-08-12T16:02:16.264+0000][6][safepoint    ] Safepoint "Cleanup", Time since last: 1000335646 ns, Reaching safepoint: 685294 ns, At safepoint: 45725 ns, Total: 731019 ns
[2020-08-12T16:02:17.265+0000][6][safepoint    ] Safepoint "Cleanup", Time since last: 1000287609 ns, Reaching safepoint: 735769 ns, At safepoint: 23024 ns, Total: 758793 ns
[2020-08-12T16:02:18.331+0000][6][safepoint    ] Safepoint "Cleanup", Time since last: 1065352248 ns, Reaching safepoint: 876905 ns, At safepoint: 50250 ns, Total: 927155 ns
[2020-08-12T16:02:20.262+0000][6][safepoint    ] Safepoint "Cleanup", Time since last: 1929580231 ns, Reaching safepoint: 767131 ns, At safepoint: 99511 ns, Total: 866642 ns
[2020-08-12T16:02:21.263+0000][6][safepoint    ] Safepoint "Cleanup", Time since last: 1000359984 ns, Reaching safepoint: 825480 ns, At safepoint: 46463 ns, Total: 871943 ns
[2020-08-12T16:02:22.264+0000][6][safepoint    ] Safepoint "Cleanup", Time since last: 1000348596 ns, Reaching safepoint: 769081 ns, At safepoint: 30812 ns, Total: 799893 ns
[2020-08-12T16:02:23.265+0000][6][safepoint    ] Safepoint "Cleanup", Time since last: 1000216097 ns, Reaching safepoint: 774006 ns, At safepoint: 32350 ns, Total: 806356 ns
[2020-08-12T16:02:24.266+0000][6][safepoint    ] Safepoint "Cleanup", Time since last: 1000227835 ns, Reaching safepoint: 640344 ns, At safepoint: 78212 ns, Total: 718556 ns
[2020-08-12T16:02:25.379+0000][6][safepoint    ] Safepoint "Cleanup", Time since last: 1112328630 ns, Reaching safepoint: 793644 ns, At safepoint: 45862 ns, Total: 839506 ns
[2020-08-12T16:02:26.381+0000][6][safepoint    ] Safepoint "Cleanup", Time since last: 1000346058 ns, Reaching safepoint: 826218 ns, At safepoint: 43737 ns, Total: 869955 ns
[2020-08-12T16:02:28.259+0000][6][safepoint    ] Safepoint "Cleanup", Time since last: 1877670854 ns, Reaching safepoint: 373547 ns, At safepoint: 19225 ns, Total: 392772 ns
[2020-08-12T16:02:29.816+0000][6][safepoint    ] Safepoint "Cleanup", Time since last: 1556877896 ns, Reaching safepoint: 782530 ns, At safepoint: 46163 ns, Total: 828693 ns
[2020-08-12T16:02:30.818+0000][6][safepoint    ] Safepoint "Cleanup", Time since last: 1000353046 ns, Reaching safepoint: 901667 ns, At safepoint: 44362 ns, Total: 946029 ns
[2020-08-12T16:02:31.819+0000][6][safepoint    ] Safepoint "Cleanup", Time since last: 1000319309 ns, Reaching safepoint: 519146 ns, At safepoint: 18200 ns, Total: 537346 ns
[2020-08-12T16:02:32.820+0000][6][safepoint    ] Safepoint "Cleanup", Time since last: 1000236384 ns, Reaching safepoint: 894580 ns, At safepoint: 44162 ns, Total: 938742 ns
[2020-08-12T16:02:33.821+0000][6][safepoint    ] Safepoint "Cleanup", Time since last: 1000382034 ns, Reaching safepoint: 955441 ns, At safepoint: 44413 ns, Total: 999854 ns
[2020-08-12T16:02:35.265+0000][6][safepoint    ] Safepoint "Cleanup", Time since last: 1442980078 ns, Reaching safepoint: 898017 ns, At safepoint: 47237 ns, Total: 945254 ns
[2020-08-12T16:02:36.266+0000][6][safepoint    ] Safepoint "Cleanup", Time since last: 1000347496 ns, Reaching safepoint: 726707 ns, At safepoint: 56074 ns, Total: 782781 ns
[2020-08-12T16:02:38.123+0000][6][safepoint    ] Safepoint "Cleanup", Time since last: 1856353750 ns, Reaching safepoint: 643595 ns, At safepoint: 53137 ns, Total: 696732 ns
[2020-08-12T16:02:39.126+0000][6][safepoint    ] Safepoint "Cleanup", Time since last: 1000338709 ns, Reaching safepoint: 2378704 ns, At safepoint: 78187 ns, Total: 2456891 ns
[2020-08-12T16:02:40.264+0000][6][safepoint    ] Safepoint "Cleanup", Time since last: 1137206478 ns, Reaching safepoint: 581108 ns, At safepoint: 163773 ns, Total: 744881 ns
[2020-08-12T16:02:41.265+0000][6][safepoint    ] Safepoint "Cleanup", Time since last: 1000291822 ns, Reaching safepoint: 368134 ns, At safepoint: 15700 ns, Total: 383834 ns
[2020-08-12T16:02:42.265+0000][6][safepoint    ] Safepoint "Cleanup", Time since last: 1000234923 ns, Reaching safepoint: 493433 ns, At safepoint: 38837 ns, Total: 532270 ns
[2020-08-12T16:02:43.267+0000][6][safepoint    ] Safepoint "Cleanup", Time since last: 1000325922 ns, Reaching safepoint: 687644 ns, At safepoint: 46637 ns, Total: 734281 ns
[2020-08-12T16:02:44.268+0000][6][safepoint    ] Safepoint "Cleanup", Time since last: 1000283321 ns, Reaching safepoint: 1052354 ns, At safepoint: 136536 ns, Total: 1188890 ns
[2020-08-12T16:02:44.486+0000][6][safepoint    ] Safepoint "BulkRevokeBias", Time since last: 215270581 ns, Reaching safepoint: 716031 ns, At safepoint: 2191856 ns, Total: 2907887 ns
[2020-08-12T16:02:45.488+0000][6][safepoint    ] Safepoint "Cleanup", Time since last: 1000804192 ns, Reaching safepoint: 793994 ns, At safepoint: 43912 ns, Total: 837906 ns
[2020-08-12T16:02:46.489+0000][6][safepoint    ] Safepoint "Cleanup", Time since last: 1000419858 ns, Reaching safepoint: 801556 ns, At safepoint: 44987 ns, Total: 846543 ns
[2020-08-12T16:02:48.216+0000][6][safepoint    ] Safepoint "Cleanup", Time since last: 1726224647 ns, Reaching safepoint: 841456 ns, At safepoint: 44162 ns, Total: 885618 ns
[2020-08-12T16:02:49.217+0000][6][safepoint    ] Safepoint "Cleanup", Time since last: 1000318321 ns, Reaching safepoint: 613132 ns, At safepoint: 25650 ns, Total: 638782 ns
[2020-08-12T16:02:50.218+0000][6][safepoint    ] Safepoint "Cleanup", Time since last: 1000283735 ns, Reaching safepoint: 648082 ns, At safepoint: 54362 ns, Total: 702444 ns
[2020-08-12T16:02:51.219+0000][6][safepoint    ] Safepoint "Cleanup", Time since last: 1000347696 ns, Reaching safepoint: 891580 ns, At safepoint: 44912 ns, Total: 936492 ns
[2020-08-12T16:02:52.220+0000][6][safepoint    ] Safepoint "Cleanup", Time since last: 1000302896 ns, Reaching safepoint: 525583 ns, At safepoint: 24013 ns, Total: 549596 ns
[2020-08-12T16:02:53.222+0000][6][safepoint    ] Safepoint "Cleanup", Time since last: 1000259034 ns, Reaching safepoint: 901905 ns, At safepoint: 44712 ns, Total: 946617 ns
[2020-08-12T16:02:54.222+0000][6][safepoint    ] Safepoint "Cleanup", Time since last: 1000335459 ns, Reaching safepoint: 256023 ns, At safepoint: 11012 ns, Total: 267035 ns
[2020-08-12T16:02:55.268+0000][6][safepoint    ] Safepoint "Cleanup", Time since last: 1045112710 ns, Reaching safepoint: 639382 ns, At safepoint: 153737 ns, Total: 793119 ns
[2020-08-12T16:02:56.269+0000][6][safepoint    ] Safepoint "Cleanup", Time since last: 1000330833 ns, Reaching safepoint: 603945 ns, At safepoint: 46400 ns, Total: 650345 ns
[2020-08-12T16:02:58.135+0000][6][safepoint    ] Safepoint "Cleanup", Time since last: 1864989926 ns, Reaching safepoint: 768493 ns, At safepoint: 44025 ns, Total: 812518 ns
[2020-08-12T16:02:59.265+0000][6][safepoint    ] Safepoint "Cleanup", Time since last: 1129730955 ns, Reaching safepoint: 601370 ns, At safepoint: 33174 ns, Total: 634544 ns
[2020-08-12T16:03:00.266+0000][6][safepoint    ] Safepoint "Cleanup", Time since last: 1000617844 ns, Reaching safepoint: 619720 ns, At safepoint: 43799 ns, Total: 663519 ns
[2020-08-12T16:03:01.267+0000][6][safepoint    ] Safepoint "Cleanup", Time since last: 1000295447 ns, Reaching safepoint: 577020 ns, At safepoint: 45637 ns, Total: 622657 ns
[2020-08-12T16:03:02.268+0000][6][safepoint    ] Safepoint "Cleanup", Time since last: 1000297460 ns, Reaching safepoint: 526533 ns, At safepoint: 24399 ns, Total: 550932 ns
[2020-08-12T16:03:03.269+0000][6][safepoint    ] Safepoint "Cleanup", Time since last: 1000262447 ns, Reaching safepoint: 912668 ns, At safepoint: 44537 ns, Total: 957205 ns
[2020-08-12T16:03:04.270+0000][6][safepoint    ] Safepoint "Cleanup", Time since last: 1000295496 ns, Reaching safepoint: 735844 ns, At safepoint: 28787 ns, Total: 764631 ns
[2020-08-12T16:03:05.466+0000][6][safepoint    ] Safepoint "Cleanup", Time since last: 1194636983 ns, Reaching safepoint: 802743 ns, At safepoint: 46837 ns, Total: 849580 ns
[2020-08-12T16:03:06.467+0000][6][safepoint    ] Safepoint "Cleanup", Time since last: 1000346309 ns, Reaching safepoint: 864130 ns, At safepoint: 46550 ns, Total: 910680 ns
[2020-08-12T16:03:08.158+0000][6][safepoint    ] Safepoint "Cleanup", Time since last: 1689629550 ns, Reaching safepoint: 846693 ns, At safepoint: 43750 ns, Total: 890443 ns
[2020-08-12T16:03:09.159+0000][6][safepoint    ] Safepoint "Cleanup", Time since last: 1000367133 ns, Reaching safepoint: 681882 ns, At safepoint: 34300 ns, Total: 716182 ns
[2020-08-12T16:03:10.160+0000][6][safepoint    ] Safepoint "Cleanup", Time since last: 1000696368 ns, Reaching safepoint: 868143 ns, At safepoint: 44424 ns, Total: 912567 ns
[2020-08-12T16:03:11.162+0000][6][safepoint    ] Safepoint "Cleanup", Time since last: 1000347221 ns, Reaching safepoint: 813131 ns, At safepoint: 44375 ns, Total: 857506 ns
[2020-08-12T16:03:12.163+0000][6][safepoint    ] Safepoint "Cleanup", Time since last: 1000319584 ns, Reaching safepoint: 596832 ns, At safepoint: 33875 ns, Total: 630707 ns
[2020-08-12T16:03:13.164+0000][6][safepoint    ] Safepoint "Cleanup", Time since last: 1000281821 ns, Reaching safepoint: 677782 ns, At safepoint: 33437 ns, Total: 711219 ns
[2020-08-12T16:03:14.165+0000][6][safepoint    ] Safepoint "Cleanup", Time since last: 1000258447 ns, Reaching safepoint: 775144 ns, At safepoint: 192923 ns, Total: 968067 ns
[2020-08-12T16:03:15.277+0000][6][safepoint    ] Safepoint "Cleanup", Time since last: 1111212228 ns, Reaching safepoint: 789968 ns, At safepoint: 44024 ns, Total: 833992 ns
[2020-08-12T16:03:16.278+0000][6][safepoint    ] Safepoint "Cleanup", Time since last: 1000425709 ns, Reaching safepoint: 891254 ns, At safepoint: 45912 ns, Total: 937166 ns
[2020-08-12T16:03:18.174+0000][6][safepoint    ] Safepoint "Cleanup", Time since last: 1895584225 ns, Reaching safepoint: 645169 ns, At safepoint: 33437 ns, Total: 678606 ns
[2020-08-12T16:03:19.175+0000][6][safepoint    ] Safepoint "Cleanup", Time since last: 1000255835 ns, Reaching safepoint: 693719 ns, At safepoint: 29650 ns, Total: 723369 ns
[2020-08-12T16:03:20.271+0000][6][safepoint    ] Safepoint "Cleanup", Time since last: 1095055404 ns, Reaching safepoint: 927880 ns, At safepoint: 44424 ns, Total: 972304 ns
[2020-08-12T16:03:21.273+0000][6][safepoint    ] Safepoint "Cleanup", Time since last: 1000357271 ns, Reaching safepoint: 825481 ns, At safepoint: 44237 ns, Total: 869718 ns
[2020-08-12T16:03:22.273+0000][6][safepoint    ] Safepoint "Cleanup", Time since last: 1000342171 ns, Reaching safepoint: 361310 ns, At safepoint: 18199 ns, Total: 379509 ns
[2020-08-12T16:03:23.274+0000][6][safepoint    ] Safepoint "Cleanup", Time since last: 1000258535 ns, Reaching safepoint: 644032 ns, At safepoint: 45150 ns, Total: 689182 ns
[2020-08-12T16:03:24.275+0000][6][safepoint    ] Safepoint "Cleanup", Time since last: 1000285121 ns, Reaching safepoint: 641745 ns, At safepoint: 23075 ns, Total: 664820 ns
[2020-08-12T16:03:25.495+0000][6][safepoint    ] Safepoint "Cleanup", Time since last: 1219203196 ns, Reaching safepoint: 648532 ns, At safepoint: 44149 ns, Total: 692681 ns
[2020-08-12T16:03:26.496+0000][6][safepoint    ] Safepoint "Cleanup", Time since last: 1000339934 ns, Reaching safepoint: 734531 ns, At safepoint: 47225 ns, Total: 781756 ns
[2020-08-12T16:03:28.144+0000][6][safepoint    ] Safepoint "Cleanup", Time since last: 1646743870 ns, Reaching safepoint: 888930 ns, At safepoint: 47125 ns, Total: 936055 ns
[2020-08-12T16:03:29.685+0000][6][safepoint    ] Safepoint "Cleanup", Time since last: 1540131528 ns, Reaching safepoint: 521920 ns, At safepoint: 27900 ns, Total: 549820 ns
[2020-08-12T16:03:30.686+0000][6][safepoint    ] Safepoint "Cleanup", Time since last: 1000236285 ns, Reaching safepoint: 798743 ns, At safepoint: 21825 ns, Total: 820568 ns
[2020-08-12T16:03:31.688+0000][6][safepoint    ] Safepoint "Cleanup", Time since last: 1000324434 ns, Reaching safepoint: 1425912 ns, At safepoint: 60312 ns, Total: 1486224 ns
[2020-08-12T16:03:32.689+0000][6][safepoint    ] Safepoint "Cleanup", Time since last: 1000354609 ns, Reaching safepoint: 572358 ns, At safepoint: 30112 ns, Total: 602470 ns
[2020-08-12T16:03:33.689+0000][6][safepoint    ] Safepoint "Cleanup", Time since last: 1000241459 ns, Reaching safepoint: 314560 ns, At safepoint: 11013 ns, Total: 325573 ns
[2020-08-12T16:03:35.296+0000][6][safepoint    ] Safepoint "Cleanup", Time since last: 1605933460 ns, Reaching safepoint: 477621 ns, At safepoint: 25062 ns, Total: 502683 ns
[2020-08-12T16:03:36.299+0000][6][safepoint    ] Safepoint "Cleanup", Time since last: 1001931783 ns, Reaching safepoint: 1564761 ns, At safepoint: 46450 ns, Total: 1611211 ns
[2020-08-12T16:03:38.290+0000][6][safepoint    ] Safepoint "Cleanup", Time since last: 1989735437 ns, Reaching safepoint: 853505 ns, At safepoint: 43787 ns, Total: 897292 ns
[2020-08-12T16:03:40.272+0000][6][safepoint    ] Safepoint "Cleanup", Time since last: 1981570595 ns, Reaching safepoint: 679519 ns, At safepoint: 54962 ns, Total: 734481 ns
[2020-08-12T16:03:41.273+0000][6][safepoint    ] Safepoint "Cleanup", Time since last: 1000353922 ns, Reaching safepoint: 797343 ns, At safepoint: 46012 ns, Total: 843355 ns
[2020-08-12T16:03:42.274+0000][6][safepoint    ] Safepoint "Cleanup", Time since last: 1000339009 ns, Reaching safepoint: 558395 ns, At safepoint: 44500 ns, Total: 602895 ns
[2020-08-12T16:03:43.275+0000][6][safepoint    ] Safepoint "Cleanup", Time since last: 1000352708 ns, Reaching safepoint: 653407 ns, At safepoint: 53125 ns, Total: 706532 ns
[2020-08-12T16:03:44.276+0000][6][safepoint    ] Safepoint "Cleanup", Time since last: 1000286897 ns, Reaching safepoint: 601569 ns, At safepoint: 22850 ns, Total: 624419 ns
[2020-08-12T16:03:45.542+0000][6][safepoint    ] Safepoint "Cleanup", Time since last: 1264731891 ns, Reaching safepoint: 644694 ns, At safepoint: 92875 ns, Total: 737569 ns
[2020-08-12T16:03:46.543+0000][6][safepoint    ] Safepoint "Cleanup", Time since last: 1000348458 ns, Reaching safepoint: 573070 ns, At safepoint: 44763 ns, Total: 617833 ns
[2020-08-12T16:03:48.128+0000][6][safepoint    ] Safepoint "Cleanup", Time since last: 1584611494 ns, Reaching safepoint: 576345 ns, At safepoint: 45237 ns, Total: 621582 ns
[2020-08-12T16:03:48.517+0000][6][gc,start     ] GC(35) Pause Young (Normal) (G1 Evacuation Pause)
[2020-08-12T16:03:48.517+0000][6][gc,task      ] GC(35) Using 2 workers of 2 for evacuation
[2020-08-12T16:03:48.518+0000][6][gc,age       ] GC(35) Desired survivor size 40370176 bytes, new threshold 15 (max threshold 15)
[2020-08-12T16:03:48.559+0000][6][gc,age       ] GC(35) Age table with threshold 15 (max threshold 15)
[2020-08-12T16:03:48.559+0000][6][gc,age       ] GC(35) - age   1:     241192 bytes,     241192 total
[2020-08-12T16:03:48.559+0000][6][gc,age       ] GC(35) - age   2:     475480 bytes,     716672 total
[2020-08-12T16:03:48.559+0000][6][gc,age       ] GC(35) - age   3:      81440 bytes,     798112 total
[2020-08-12T16:03:48.559+0000][6][gc,age       ] GC(35) - age   4:     114584 bytes,     912696 total
[2020-08-12T16:03:48.559+0000][6][gc,age       ] GC(35) - age   5:      37232 bytes,     949928 total
[2020-08-12T16:03:48.559+0000][6][gc,age       ] GC(35) - age   6:      78928 bytes,    1028856 total
[2020-08-12T16:03:48.560+0000][6][gc,age       ] GC(35) - age   7:      32912 bytes,    1061768 total
[2020-08-12T16:03:48.560+0000][6][gc,age       ] GC(35) - age   8:      81616 bytes,    1143384 total
[2020-08-12T16:03:48.560+0000][6][gc,age       ] GC(35) - age   9:      72480 bytes,    1215864 total
[2020-08-12T16:03:48.560+0000][6][gc,age       ] GC(35) - age  10:      37360 bytes,    1253224 total
[2020-08-12T16:03:48.560+0000][6][gc,age       ] GC(35) - age  11:      42832 bytes,    1296056 total
[2020-08-12T16:03:48.560+0000][6][gc,age       ] GC(35) - age  12:      79744 bytes,    1375800 total
[2020-08-12T16:03:48.560+0000][6][gc,age       ] GC(35) - age  13:      48736 bytes,    1424536 total
[2020-08-12T16:03:48.560+0000][6][gc,age       ] GC(35) - age  14:      61920 bytes,    1486456 total
[2020-08-12T16:03:48.560+0000][6][gc,age       ] GC(35) - age  15:     359936 bytes,    1846392 total
[2020-08-12T16:03:48.561+0000][6][gc,phases    ] GC(35)   Pre Evacuate Collection Set: 0.7ms
[2020-08-12T16:03:48.561+0000][6][gc,phases    ] GC(35)   Merge Heap Roots: 0.7ms
[2020-08-12T16:03:48.561+0000][6][gc,phases    ] GC(35)   Evacuate Collection Set: 32.1ms
[2020-08-12T16:03:48.561+0000][6][gc,phases    ] GC(35)   Post Evacuate Collection Set: 7.0ms
[2020-08-12T16:03:48.561+0000][6][gc,phases    ] GC(35)   Other: 3.0ms
[2020-08-12T16:03:48.561+0000][6][gc,heap      ] GC(35) Eden regions: 611->0(612)
[2020-08-12T16:03:48.561+0000][6][gc,heap      ] GC(35) Survivor regions: 3->2(77)
[2020-08-12T16:03:48.561+0000][6][gc,heap      ] GC(35) Old regions: 77->77
[2020-08-12T16:03:48.562+0000][6][gc,heap      ] GC(35) Archive regions: 2->2
[2020-08-12T16:03:48.562+0000][6][gc,heap      ] GC(35) Humongous regions: 7->7
[2020-08-12T16:03:48.562+0000][6][gc,metaspace ] GC(35) Metaspace: 97652K(105272K)->97652K(105272K) NonClass: 85122K(89656K)->85122K(89656K) Class: 12530K(15616K)->12530K(15616K)
[2020-08-12T16:03:48.562+0000][6][gc           ] GC(35) Pause Young (Normal) (G1 Evacuation Pause) 696M->86M(1024M) 44.732ms
[2020-08-12T16:03:48.562+0000][6][gc,cpu       ] GC(35) User=0.08s Sys=0.01s Real=0.04s
[2020-08-12T16:03:48.562+0000][6][safepoint    ] Safepoint "G1CollectForAllocation", Time since last: 388387125 ns, Reaching safepoint: 825417 ns, At safepoint: 45342397 ns, Total: 46167814 ns
[2020-08-12T16:03:49.565+0000][6][safepoint    ] Safepoint "Cleanup", Time since last: 1001811571 ns, Reaching safepoint: 701132 ns, At safepoint: 169161 ns, Total: 870293 ns
[2020-08-12T16:03:50.566+0000][6][safepoint    ] Safepoint "Cleanup", Time since last: 1000382871 ns, Reaching safepoint: 786380 ns, At safepoint: 46825 ns, Total: 833205 ns
[2020-08-12T16:03:51.567+0000][6][safepoint    ] Safepoint "Cleanup", Time since last: 1000349671 ns, Reaching safepoint: 673057 ns, At safepoint: 46624 ns, Total: 719681 ns
[2020-08-12T16:03:52.568+0000][6][safepoint    ] Safepoint "Cleanup", Time since last: 1000343734 ns, Reaching safepoint: 667082 ns, At safepoint: 44612 ns, Total: 711694 ns
[2020-08-12T16:03:53.570+0000][6][safepoint    ] Safepoint "Cleanup", Time since last: 1000343571 ns, Reaching safepoint: 925467 ns, At safepoint: 45113 ns, Total: 970580 ns
[2020-08-12T16:03:54.608+0000][6][safepoint    ] Safepoint "Cleanup", Time since last: 1037552287 ns, Reaching safepoint: 345685 ns, At safepoint: 23087 ns, Total: 368772 ns
[2020-08-12T16:03:55.613+0000][6][safepoint    ] Safepoint "Cleanup", Time since last: 1004984869 ns, Reaching safepoint: 636720 ns, At safepoint: 44924 ns, Total: 681644 ns
[2020-08-12T16:03:56.615+0000][6][safepoint    ] Safepoint "Cleanup", Time since last: 1000332972 ns, Reaching safepoint: 949191 ns, At safepoint: 54750 ns, Total: 1003941 ns
[2020-08-12T16:03:58.254+0000][6][safepoint    ] Safepoint "Cleanup", Time since last: 1638330218 ns, Reaching safepoint: 790068 ns, At safepoint: 43937 ns, Total: 834005 ns
[2020-08-12T16:03:58.706+0000][6][safepoint    ] Safepoint "BulkRevokeBias", Time since last: 449526873 ns, Reaching safepoint: 390022 ns, At safepoint: 1904133 ns, Total: 2294155 ns
[2020-08-12T16:04:00.273+0000][6][safepoint    ] Safepoint "Cleanup", Time since last: 1567029733 ns, Reaching safepoint: 689494 ns, At safepoint: 46075 ns, Total: 735569 ns
[2020-08-12T16:04:01.274+0000][6][safepoint    ] Safepoint "Cleanup", Time since last: 1000353496 ns, Reaching safepoint: 683294 ns, At safepoint: 52600 ns, Total: 735894 ns
[2020-08-12T16:04:02.275+0000][6][safepoint    ] Safepoint "Cleanup", Time since last: 1000301397 ns, Reaching safepoint: 538158 ns, At safepoint: 55162 ns, Total: 593320 ns
[2020-08-12T16:04:03.277+0000][6][safepoint    ] Safepoint "Cleanup", Time since last: 1000336358 ns, Reaching safepoint: 804306 ns, At safepoint: 45050 ns, Total: 849356 ns
[2020-08-12T16:04:04.278+0000][6][safepoint    ] Safepoint "Cleanup", Time since last: 1000402908 ns, Reaching safepoint: 1119790 ns, At safepoint: 57925 ns, Total: 1177715 ns
[2020-08-12T16:04:05.546+0000][6][safepoint    ] Safepoint "Cleanup", Time since last: 1267179132 ns, Reaching safepoint: 698944 ns, At safepoint: 55562 ns, Total: 754506 ns
[2020-08-12T16:04:07.103+0000][6][safepoint    ] Safepoint "BulkRevokeBias", Time since last: 1555383609 ns, Reaching safepoint: 366184 ns, At safepoint: 837705 ns, Total: 1203889 ns
[2020-08-12T16:04:08.104+0000][6][safepoint    ] Safepoint "Cleanup", Time since last: 1000367421 ns, Reaching safepoint: 579445 ns, At safepoint: 43862 ns, Total: 623307 ns
[2020-08-12T16:04:09.106+0000][6][safepoint    ] Safepoint "Cleanup", Time since last: 1000381397 ns, Reaching safepoint: 1341488 ns, At safepoint: 211861 ns, Total: 1553349 ns
[2020-08-12T16:04:10.107+0000][6][safepoint    ] Safepoint "Cleanup", Time since last: 1000459007 ns, Reaching safepoint: 582470 ns, At safepoint: 45625 ns, Total: 628095 ns
[2020-08-12T16:04:11.108+0000][6][safepoint    ] Safepoint "Cleanup", Time since last: 1000347746 ns, Reaching safepoint: 769156 ns, At safepoint: 75775 ns, Total: 844931 ns
[2020-08-12T16:04:12.109+0000][6][safepoint    ] Safepoint "Cleanup", Time since last: 1000412020 ns, Reaching safepoint: 333385 ns, At safepoint: 16562 ns, Total: 349947 ns
[2020-08-12T16:04:13.109+0000][6][safepoint    ] Safepoint "Cleanup", Time since last: 1000213373 ns, Reaching safepoint: 533958 ns, At safepoint: 27812 ns, Total: 561770 ns
[2020-08-12T16:04:14.111+0000][6][safepoint    ] Safepoint "Cleanup", Time since last: 1000271972 ns, Reaching safepoint: 1411063 ns, At safepoint: 56412 ns, Total: 1467475 ns
[2020-08-12T16:04:15.275+0000][6][safepoint    ] Safepoint "Cleanup", Time since last: 1163199016 ns, Reaching safepoint: 968392 ns, At safepoint: 56387 ns, Total: 1024779 ns
[2020-08-12T16:04:16.276+0000][6][safepoint    ] Safepoint "Cleanup", Time since last: 1000345584 ns, Reaching safepoint: 635107 ns, At safepoint: 52699 ns, Total: 687806 ns
[2020-08-12T16:04:18.253+0000][6][safepoint    ] Safepoint "Cleanup", Time since last: 1975434586 ns, Reaching safepoint: 831330 ns, At safepoint: 43950 ns, Total: 875280 ns
[2020-08-12T16:04:19.254+0000][6][safepoint    ] Safepoint "Cleanup", Time since last: 1000349496 ns, Reaching safepoint: 651369 ns, At safepoint: 38100 ns, Total: 689469 ns
[2020-08-12T16:04:20.275+0000][6][safepoint    ] Safepoint "Cleanup", Time since last: 1020227237 ns, Reaching safepoint: 790581 ns, At safepoint: 44675 ns, Total: 835256 ns
[2020-08-12T16:04:21.276+0000][6][safepoint    ] Safepoint "Cleanup", Time since last: 1000396021 ns, Reaching safepoint: 828130 ns, At safepoint: 69612 ns, Total: 897742 ns
[2020-08-12T16:04:22.278+0000][6][safepoint    ] Safepoint "Cleanup", Time since last: 1000729893 ns, Reaching safepoint: 744881 ns, At safepoint: 44449 ns, Total: 789330 ns
[2020-08-12T16:04:23.279+0000][6][safepoint    ] Safepoint "Cleanup", Time since last: 1000343747 ns, Reaching safepoint: 760793 ns, At safepoint: 44037 ns, Total: 804830 ns
[2020-08-12T16:04:24.280+0000][6][safepoint    ] Safepoint "Cleanup", Time since last: 1000496058 ns, Reaching safepoint: 1093915 ns, At safepoint: 55875 ns, Total: 1149790 ns
[2020-08-12T16:04:25.443+0000][6][safepoint    ] Safepoint "Cleanup", Time since last: 1162137163 ns, Reaching safepoint: 645920 ns, At safepoint: 44762 ns, Total: 690682 ns
[2020-08-12T16:04:26.444+0000][6][safepoint    ] Safepoint "Cleanup", Time since last: 1000350659 ns, Reaching safepoint: 744068 ns, At safepoint: 55887 ns, Total: 799955 ns
[2020-08-12T16:04:28.178+0000][6][safepoint    ] Safepoint "Cleanup", Time since last: 1732474856 ns, Reaching safepoint: 630720 ns, At safepoint: 44612 ns, Total: 675332 ns
[2020-08-12T16:04:29.709+0000][6][safepoint    ] Safepoint "Cleanup", Time since last: 1530501086 ns, Reaching safepoint: 491108 ns, At safepoint: 44412 ns, Total: 535520 ns
[2020-08-12T16:04:30.710+0000][6][safepoint    ] Safepoint "Cleanup", Time since last: 1000451308 ns, Reaching safepoint: 798318 ns, At safepoint: 44162 ns, Total: 842480 ns
[2020-08-12T16:04:31.711+0000][6][safepoint    ] Safepoint "Cleanup", Time since last: 1000389371 ns, Reaching safepoint: 795218 ns, At safepoint: 31550 ns, Total: 826768 ns
[2020-08-12T16:04:32.712+0000][6][safepoint    ] Safepoint "Cleanup", Time since last: 1000255822 ns, Reaching safepoint: 690169 ns, At safepoint: 40612 ns, Total: 730781 ns
[2020-08-12T16:04:33.713+0000][6][safepoint    ] Safepoint "Cleanup", Time since last: 1000325434 ns, Reaching safepoint: 742306 ns, At safepoint: 43987 ns, Total: 786293 ns
[2020-08-12T16:04:35.281+0000][6][safepoint    ] Safepoint "Cleanup", Time since last: 1567100896 ns, Reaching safepoint: 572182 ns, At safepoint: 152149 ns, Total: 724331 ns
[2020-08-12T16:04:36.282+0000][6][safepoint    ] Safepoint "Cleanup", Time since last: 1000297297 ns, Reaching safepoint: 432721 ns, At safepoint: 21550 ns, Total: 454271 ns
[2020-08-12T16:04:38.112+0000][6][safepoint    ] Safepoint "Cleanup", Time since last: 1830003565 ns, Reaching safepoint: 683656 ns, At safepoint: 45025 ns, Total: 728681 ns
[2020-08-12T16:04:39.114+0000][6][safepoint    ] Safepoint "Cleanup", Time since last: 1000540245 ns, Reaching safepoint: 811693 ns, At safepoint: 44537 ns, Total: 856230 ns
[2020-08-12T16:04:40.277+0000][6][safepoint    ] Safepoint "Cleanup", Time since last: 1162092513 ns, Reaching safepoint: 794256 ns, At safepoint: 44175 ns, Total: 838431 ns
[2020-08-12T16:04:41.278+0000][6][safepoint    ] Safepoint "Cleanup", Time since last: 1000418495 ns, Reaching safepoint: 921142 ns, At safepoint: 44100 ns, Total: 965242 ns
[2020-08-12T16:04:42.279+0000][6][safepoint    ] Safepoint "Cleanup", Time since last: 1000343084 ns, Reaching safepoint: 658782 ns, At safepoint: 45237 ns, Total: 704019 ns
[2020-08-12T16:04:43.280+0000][6][safepoint    ] Safepoint "Cleanup", Time since last: 1000394633 ns, Reaching safepoint: 588320 ns, At safepoint: 45175 ns, Total: 633495 ns
[2020-08-12T16:04:44.282+0000][6][safepoint    ] Safepoint "Cleanup", Time since last: 1000331421 ns, Reaching safepoint: 1000816 ns, At safepoint: 55812 ns, Total: 1056628 ns
[2020-08-12T16:04:45.542+0000][6][safepoint    ] Safepoint "Cleanup", Time since last: 1259860296 ns, Reaching safepoint: 721906 ns, At safepoint: 44362 ns, Total: 766268 ns
[2020-08-12T16:04:46.543+0000][6][safepoint    ] Safepoint "Cleanup", Time since last: 1000342721 ns, Reaching safepoint: 662445 ns, At safepoint: 53262 ns, Total: 715707 ns
[2020-08-12T16:04:48.293+0000][6][safepoint    ] Safepoint "Cleanup", Time since last: 1749129387 ns, Reaching safepoint: 321222 ns, At safepoint: 18500 ns, Total: 339722 ns
[2020-08-12T16:04:49.293+0000][6][safepoint    ] Safepoint "Cleanup", Time since last: 1000214235 ns, Reaching safepoint: 466646 ns, At safepoint: 26538 ns, Total: 493184 ns
[2020-08-12T16:04:50.295+0000][6][safepoint    ] Safepoint "Cleanup", Time since last: 1000255097 ns, Reaching safepoint: 839317 ns, At safepoint: 44125 ns, Total: 883442 ns
[2020-08-12T16:04:51.296+0000][6][safepoint    ] Safepoint "Cleanup", Time since last: 1000349446 ns, Reaching safepoint: 771356 ns, At safepoint: 44375 ns, Total: 815731 ns
[2020-08-12T16:04:52.297+0000][6][safepoint    ] Safepoint "Cleanup", Time since last: 1000408533 ns, Reaching safepoint: 824993 ns, At safepoint: 44962 ns, Total: 869955 ns
[2020-08-12T16:04:53.298+0000][6][safepoint    ] Safepoint "Cleanup", Time since last: 1000351846 ns, Reaching safepoint: 844380 ns, At safepoint: 43875 ns, Total: 888255 ns
[2020-08-12T16:04:55.283+0000][6][safepoint    ] Safepoint "Cleanup", Time since last: 1983590990 ns, Reaching safepoint: 1048891 ns, At safepoint: 56087 ns, Total: 1104978 ns
[2020-08-12T16:04:56.284+0000][6][safepoint    ] Safepoint "Cleanup", Time since last: 1000353734 ns, Reaching safepoint: 842105 ns, At safepoint: 57312 ns, Total: 899417 ns
[2020-08-12T16:04:58.241+0000][6][safepoint    ] Safepoint "Cleanup", Time since last: 1955422996 ns, Reaching safepoint: 846480 ns, At safepoint: 44687 ns, Total: 891167 ns
[2020-08-12T16:04:59.279+0000][6][safepoint    ] Safepoint "Cleanup", Time since last: 1038020609 ns, Reaching safepoint: 573682 ns, At safepoint: 20813 ns, Total: 594495 ns
[2020-08-12T16:05:00.280+0000][6][safepoint    ] Safepoint "Cleanup", Time since last: 1000565907 ns, Reaching safepoint: 638369 ns, At safepoint: 33550 ns, Total: 671919 ns
[2020-08-12T16:05:01.282+0000][6][safepoint    ] Safepoint "Cleanup", Time since last: 1000304684 ns, Reaching safepoint: 837268 ns, At safepoint: 43699 ns, Total: 880967 ns
[2020-08-12T16:05:02.283+0000][6][safepoint    ] Safepoint "Cleanup", Time since last: 1000341972 ns, Reaching safepoint: 791893 ns, At safepoint: 43887 ns, Total: 835780 ns
[2020-08-12T16:05:03.284+0000][6][safepoint    ] Safepoint "Cleanup", Time since last: 1000409983 ns, Reaching safepoint: 879418 ns, At safepoint: 70062 ns, Total: 949480 ns
[2020-08-12T16:05:04.285+0000][6][safepoint    ] Safepoint "Cleanup", Time since last: 1000295709 ns, Reaching safepoint: 753168 ns, At safepoint: 29988 ns, Total: 783156 ns
[2020-08-12T16:05:05.480+0000][6][safepoint    ] Safepoint "Cleanup", Time since last: 1194305948 ns, Reaching safepoint: 889705 ns, At safepoint: 53662 ns, Total: 943367 ns
[2020-08-12T16:05:06.481+0000][6][safepoint    ] Safepoint "Cleanup", Time since last: 1000345884 ns, Reaching safepoint: 622482 ns, At safepoint: 44124 ns, Total: 666606 ns
[2020-08-12T16:05:08.198+0000][6][safepoint    ] Safepoint "Cleanup", Time since last: 1715310692 ns, Reaching safepoint: 1185077 ns, At safepoint: 56512 ns, Total: 1241589 ns
[2020-08-12T16:05:09.199+0000][6][safepoint    ] Safepoint "Cleanup", Time since last: 1000359709 ns, Reaching safepoint: 694394 ns, At safepoint: 43087 ns, Total: 737481 ns
[2020-08-12T16:05:10.200+0000][6][safepoint    ] Safepoint "Cleanup", Time since last: 1000345221 ns, Reaching safepoint: 648982 ns, At safepoint: 46312 ns, Total: 695294 ns
[2020-08-12T16:05:11.201+0000][6][safepoint    ] Safepoint "Cleanup", Time since last: 1000348147 ns, Reaching safepoint: 636882 ns, At safepoint: 44474 ns, Total: 681356 ns
[2020-08-12T16:05:12.202+0000][6][safepoint    ] Safepoint "Cleanup", Time since last: 1000334172 ns, Reaching safepoint: 553520 ns, At safepoint: 26187 ns, Total: 579707 ns
[2020-08-12T16:05:13.203+0000][6][safepoint    ] Safepoint "Cleanup", Time since last: 1000277285 ns, Reaching safepoint: 782805 ns, At safepoint: 56762 ns, Total: 839567 ns
[2020-08-12T16:05:14.204+0000][6][safepoint    ] Safepoint "Cleanup", Time since last: 1000343447 ns, Reaching safepoint: 739556 ns, At safepoint: 55999 ns, Total: 795555 ns
[2020-08-12T16:05:15.284+0000][6][safepoint    ] Safepoint "Cleanup", Time since last: 1079316667 ns, Reaching safepoint: 718994 ns, At safepoint: 54650 ns, Total: 773644 ns
[2020-08-12T16:05:16.286+0000][6][safepoint    ] Safepoint "Cleanup", Time since last: 1000342121 ns, Reaching safepoint: 904018 ns, At safepoint: 44149 ns, Total: 948167 ns
[2020-08-12T16:05:18.262+0000][6][safepoint    ] Safepoint "Cleanup", Time since last: 1975583248 ns, Reaching safepoint: 657682 ns, At safepoint: 34062 ns, Total: 691744 ns
[2020-08-12T16:05:19.263+0000][6][safepoint    ] Safepoint "Cleanup", Time since last: 1000251210 ns, Reaching safepoint: 678181 ns, At safepoint: 27450 ns, Total: 705631 ns
[2020-08-12T16:05:19.284+0000][6][safepoint    ] Safepoint "BulkRevokeBias", Time since last: 18512903 ns, Reaching safepoint: 569707 ns, At safepoint: 1615211 ns, Total: 2184918 ns
[2020-08-12T16:05:20.285+0000][6][safepoint    ] Safepoint "Cleanup", Time since last: 1000683819 ns, Reaching safepoint: 840168 ns, At safepoint: 45149 ns, Total: 885317 ns
[2020-08-12T16:05:21.286+0000][6][safepoint    ] Safepoint "Cleanup", Time since last: 1000339497 ns, Reaching safepoint: 667482 ns, At safepoint: 44749 ns, Total: 712231 ns
[2020-08-12T16:05:22.288+0000][6][safepoint    ] Safepoint "Cleanup", Time since last: 1000327635 ns, Reaching safepoint: 1092816 ns, At safepoint: 46824 ns, Total: 1139640 ns
[2020-08-12T16:05:23.289+0000][6][safepoint    ] Safepoint "Cleanup", Time since last: 1000403908 ns, Reaching safepoint: 587795 ns, At safepoint: 44775 ns, Total: 632570 ns
[2020-08-12T16:05:24.290+0000][6][safepoint    ] Safepoint "Cleanup", Time since last: 1000363909 ns, Reaching safepoint: 1008129 ns, At safepoint: 46012 ns, Total: 1054141 ns
[2020-08-12T16:05:25.578+0000][6][safepoint    ] Safepoint "Cleanup", Time since last: 1286458771 ns, Reaching safepoint: 905155 ns, At safepoint: 30787 ns, Total: 935942 ns
[2020-08-12T16:05:26.579+0000][6][safepoint    ] Safepoint "Cleanup", Time since last: 1000217148 ns, Reaching safepoint: 718069 ns, At safepoint: 54349 ns, Total: 772418 ns
[2020-08-12T16:05:28.157+0000][6][safepoint    ] Safepoint "Cleanup", Time since last: 1577884326 ns, Reaching safepoint: 653832 ns, At safepoint: 44537 ns, Total: 698369 ns
[2020-08-12T16:05:29.702+0000][6][safepoint    ] Safepoint "Cleanup", Time since last: 1544505190 ns, Reaching safepoint: 465183 ns, At safepoint: 20462 ns, Total: 485645 ns
[2020-08-12T16:05:30.703+0000][6][safepoint    ] Safepoint "Cleanup", Time since last: 1000259723 ns, Reaching safepoint: 861830 ns, At safepoint: 44462 ns, Total: 906292 ns
[2020-08-12T16:05:31.705+0000][6][safepoint    ] Safepoint "Cleanup", Time since last: 1000336097 ns, Reaching safepoint: 1232789 ns, At safepoint: 50475 ns, Total: 1283264 ns
[2020-08-12T16:05:32.706+0000][6][safepoint    ] Safepoint "Cleanup", Time since last: 1000297572 ns, Reaching safepoint: 456483 ns, At safepoint: 23825 ns, Total: 480308 ns
[2020-08-12T16:05:33.706+0000][6][safepoint    ] Safepoint "Cleanup", Time since last: 1000252535 ns, Reaching safepoint: 261123 ns, At safepoint: 11212 ns, Total: 272335 ns
[2020-08-12T16:05:35.283+0000][6][safepoint    ] Safepoint "Cleanup", Time since last: 1576122741 ns, Reaching safepoint: 755068 ns, At safepoint: 38438 ns, Total: 793506 ns
[2020-08-12T16:05:36.284+0000][6][safepoint    ] Safepoint "Cleanup", Time since last: 1000318421 ns, Reaching safepoint: 412509 ns, At safepoint: 19925 ns, Total: 432434 ns
[2020-08-12T16:05:38.135+0000][6][safepoint    ] Safepoint "Cleanup", Time since last: 1850205558 ns, Reaching safepoint: 837405 ns, At safepoint: 73287 ns, Total: 910692 ns
[2020-08-12T16:05:39.136+0000][6][safepoint    ] Safepoint "Cleanup", Time since last: 1000339122 ns, Reaching safepoint: 690194 ns, At safepoint: 46262 ns, Total: 736456 ns
[2020-08-12T16:05:40.283+0000][6][safepoint    ] Safepoint "Cleanup", Time since last: 1146301721 ns, Reaching safepoint: 766769 ns, At safepoint: 44674 ns, Total: 811443 ns
[2020-08-12T16:05:41.284+0000][6][safepoint    ] Safepoint "Cleanup", Time since last: 1000345659 ns, Reaching safepoint: 687619 ns, At safepoint: 46850 ns, Total: 734469 ns
[2020-08-12T16:05:42.285+0000][6][safepoint    ] Safepoint "Cleanup", Time since last: 1000347309 ns, Reaching safepoint: 542470 ns, At safepoint: 45225 ns, Total: 587695 ns
[2020-08-12T16:05:43.286+0000][6][safepoint    ] Safepoint "Cleanup", Time since last: 1000354922 ns, Reaching safepoint: 692369 ns, At safepoint: 53662 ns, Total: 746031 ns
[2020-08-12T16:05:44.288+0000][6][safepoint    ] Safepoint "Cleanup", Time since last: 1000302534 ns, Reaching safepoint: 796056 ns, At safepoint: 80087 ns, Total: 876143 ns
[2020-08-12T16:05:45.593+0000][6][safepoint    ] Safepoint "Cleanup", Time since last: 1304561140 ns, Reaching safepoint: 640932 ns, At safepoint: 54199 ns, Total: 695131 ns
[2020-08-12T16:05:46.594+0000][6][safepoint    ] Safepoint "Cleanup", Time since last: 1000401771 ns, Reaching safepoint: 864893 ns, At safepoint: 43825 ns, Total: 908718 ns
[2020-08-12T16:05:48.285+0000][6][safepoint    ] Safepoint "Cleanup", Time since last: 1689857732 ns, Reaching safepoint: 790268 ns, At safepoint: 43712 ns, Total: 833980 ns
[2020-08-12T16:05:49.295+0000][6][safepoint    ] Safepoint "Cleanup", Time since last: 1009611016 ns, Reaching safepoint: 879243 ns, At safepoint: 64024 ns, Total: 943267 ns
[2020-08-12T16:05:50.297+0000][6][safepoint    ] Safepoint "Cleanup", Time since last: 1001570711 ns, Reaching safepoint: 439971 ns, At safepoint: 31225 ns, Total: 471196 ns
[2020-08-12T16:05:51.298+0000][6][safepoint    ] Safepoint "Cleanup", Time since last: 1000259185 ns, Reaching safepoint: 398559 ns, At safepoint: 18437 ns, Total: 416996 ns
[2020-08-12T16:05:52.299+0000][6][safepoint    ] Safepoint "Cleanup", Time since last: 1000221511 ns, Reaching safepoint: 484471 ns, At safepoint: 25237 ns, Total: 509708 ns
[2020-08-12T16:05:53.300+0000][6][safepoint    ] Safepoint "Cleanup", Time since last: 1000312310 ns, Reaching safepoint: 842367 ns, At safepoint: 46350 ns, Total: 888717 ns
[2020-08-12T16:05:55.288+0000][6][safepoint    ] Safepoint "Cleanup", Time since last: 1987131660 ns, Reaching safepoint: 859280 ns, At safepoint: 46112 ns, Total: 905392 ns
[2020-08-12T16:05:56.289+0000][6][safepoint    ] Safepoint "Cleanup", Time since last: 1000299610 ns, Reaching safepoint: 399796 ns, At safepoint: 23288 ns, Total: 423084 ns
[2020-08-12T16:05:58.117+0000][6][safepoint    ] Safepoint "Cleanup", Time since last: 1827328293 ns, Reaching safepoint: 611957 ns, At safepoint: 57262 ns, Total: 669219 ns
[2020-08-12T16:05:58.857+0000][6][safepoint    ] Safepoint "BulkRevokeBias", Time since last: 730832990 ns, Reaching safepoint: 878418 ns, At safepoint: 9001759 ns, Total: 9880177 ns
[2020-08-12T16:06:00.294+0000][6][safepoint    ] Safepoint "Cleanup", Time since last: 1435273060 ns, Reaching safepoint: 803668 ns, At safepoint: 43874 ns, Total: 847542 ns
[2020-08-12T16:06:01.295+0000][6][safepoint    ] Safepoint "Cleanup", Time since last: 1000338459 ns, Reaching safepoint: 788569 ns, At safepoint: 43599 ns, Total: 832168 ns
[2020-08-12T16:06:02.297+0000][6][safepoint    ] Safepoint "Cleanup", Time since last: 1001212389 ns, Reaching safepoint: 762356 ns, At safepoint: 44225 ns, Total: 806581 ns
[2020-08-12T16:06:03.300+0000][6][safepoint    ] Safepoint "Cleanup", Time since last: 1002120269 ns, Reaching safepoint: 765368 ns, At safepoint: 44262 ns, Total: 809630 ns
[2020-08-12T16:06:04.301+0000][6][safepoint    ] Safepoint "Cleanup", Time since last: 1000336435 ns, Reaching safepoint: 664031 ns, At safepoint: 28875 ns, Total: 692906 ns
[2020-08-12T16:06:05.505+0000][6][safepoint    ] Safepoint "Cleanup", Time since last: 1203070493 ns, Reaching safepoint: 753844 ns, At safepoint: 46612 ns, Total: 800456 ns
[2020-08-12T16:06:06.506+0000][6][safepoint    ] Safepoint "Cleanup", Time since last: 1000354109 ns, Reaching safepoint: 602044 ns, At safepoint: 52625 ns, Total: 654669 ns
[2020-08-12T16:06:08.138+0000][6][safepoint    ] Safepoint "Cleanup", Time since last: 1631678035 ns, Reaching safepoint: 841368 ns, At safepoint: 44150 ns, Total: 885518 ns
[2020-08-12T16:06:09.140+0000][6][safepoint    ] Safepoint "Cleanup", Time since last: 1000362071 ns, Reaching safepoint: 1030554 ns, At safepoint: 43862 ns, Total: 1074416 ns
[2020-08-12T16:06:10.140+0000][6][safepoint    ] Safepoint "Cleanup", Time since last: 1000313147 ns, Reaching safepoint: 453246 ns, At safepoint: 59437 ns, Total: 512683 ns
[2020-08-12T16:06:11.141+0000][6][safepoint    ] Safepoint "Cleanup", Time since last: 1000341822 ns, Reaching safepoint: 640844 ns, At safepoint: 52975 ns, Total: 693819 ns
[2020-08-12T16:06:12.143+0000][6][safepoint    ] Safepoint "Cleanup", Time since last: 1000345534 ns, Reaching safepoint: 821530 ns, At safepoint: 43425 ns, Total: 864955 ns
[2020-08-12T16:06:13.144+0000][6][safepoint    ] Safepoint "Cleanup", Time since last: 1000390521 ns, Reaching safepoint: 822980 ns, At safepoint: 49150 ns, Total: 872130 ns
[2020-08-12T16:06:14.145+0000][6][safepoint    ] Safepoint "Cleanup", Time since last: 1000355672 ns, Reaching safepoint: 822480 ns, At safepoint: 55237 ns, Total: 877717 ns
[2020-08-12T16:06:15.288+0000][6][safepoint    ] Safepoint "Cleanup", Time since last: 1142418180 ns, Reaching safepoint: 699319 ns, At safepoint: 55400 ns, Total: 754719 ns
[2020-08-12T16:06:16.289+0000][6][safepoint    ] Safepoint "Cleanup", Time since last: 1000338221 ns, Reaching safepoint: 617695 ns, At safepoint: 52162 ns, Total: 669857 ns
[2020-08-12T16:06:18.120+0000][6][safepoint    ] Safepoint "Cleanup", Time since last: 1830098844 ns, Reaching safepoint: 630457 ns, At safepoint: 44187 ns, Total: 674644 ns
[2020-08-12T16:06:19.121+0000][6][safepoint    ] Safepoint "Cleanup", Time since last: 1000398284 ns, Reaching safepoint: 651794 ns, At safepoint: 52812 ns, Total: 704606 ns
[2020-08-12T16:06:20.287+0000][6][safepoint    ] Safepoint "Cleanup", Time since last: 1164777812 ns, Reaching safepoint: 573832 ns, At safepoint: 43625 ns, Total: 617457 ns
[2020-08-12T16:06:21.288+0000][6][safepoint    ] Safepoint "Cleanup", Time since last: 1000349584 ns, Reaching safepoint: 596195 ns, At safepoint: 52650 ns, Total: 648845 ns
[2020-08-12T16:06:22.288+0000][6][safepoint    ] Safepoint "Cleanup", Time since last: 1000291447 ns, Reaching safepoint: 343485 ns, At safepoint: 24012 ns, Total: 367497 ns
[2020-08-12T16:06:23.289+0000][6][safepoint    ] Safepoint "Cleanup", Time since last: 1000263797 ns, Reaching safepoint: 662319 ns, At safepoint: 44550 ns, Total: 706869 ns
[2020-08-12T16:06:24.290+0000][6][safepoint    ] Safepoint "Cleanup", Time since last: 1000342909 ns, Reaching safepoint: 726544 ns, At safepoint: 56587 ns, Total: 783131 ns
[2020-08-12T16:06:25.527+0000][6][safepoint    ] Safepoint "Cleanup", Time since last: 1235732560 ns, Reaching safepoint: 873493 ns, At safepoint: 44974 ns, Total: 918467 ns
[2020-08-12T16:06:26.528+0000][6][safepoint    ] Safepoint "Cleanup", Time since last: 1000302335 ns, Reaching safepoint: 696619 ns, At safepoint: 31674 ns, Total: 728293 ns
[2020-08-12T16:06:28.252+0000][6][safepoint    ] Safepoint "Cleanup", Time since last: 1722848735 ns, Reaching safepoint: 581170 ns, At safepoint: 45112 ns, Total: 626282 ns
[2020-08-12T16:06:28.700+0000][6][safepoint    ] Safepoint "BulkRevokeBias", Time since last: 446657961 ns, Reaching safepoint: 353822 ns, At safepoint: 953567 ns, Total: 1307389 ns
[2020-08-12T16:06:29.709+0000][6][safepoint    ] Safepoint "Cleanup", Time since last: 1008318415 ns, Reaching safepoint: 907592 ns, At safepoint: 45037 ns, Total: 952629 ns
[2020-08-12T16:06:30.710+0000][6][safepoint    ] Safepoint "Cleanup", Time since last: 1000390146 ns, Reaching safepoint: 758481 ns, At safepoint: 40975 ns, Total: 799456 ns
[2020-08-12T16:06:31.711+0000][6][safepoint    ] Safepoint "Cleanup", Time since last: 1000305784 ns, Reaching safepoint: 1051004 ns, At safepoint: 55387 ns, Total: 1106391 ns
[2020-08-12T16:06:32.713+0000][6][safepoint    ] Safepoint "Cleanup", Time since last: 1000351946 ns, Reaching safepoint: 849381 ns, At safepoint: 44637 ns, Total: 894018 ns
[2020-08-12T16:06:33.714+0000][6][safepoint    ] Safepoint "Cleanup", Time since last: 1000345559 ns, Reaching safepoint: 827393 ns, At safepoint: 98986 ns, Total: 926379 ns
[2020-08-12T16:06:35.289+0000][6][safepoint    ] Safepoint "Cleanup", Time since last: 1574274570 ns, Reaching safepoint: 876142 ns, At safepoint: 43912 ns, Total: 920054 ns
[2020-08-12T16:06:36.290+0000][6][safepoint    ] Safepoint "Cleanup", Time since last: 1000339772 ns, Reaching safepoint: 875968 ns, At safepoint: 44712 ns, Total: 920680 ns
[2020-08-12T16:06:38.251+0000][6][safepoint    ] Safepoint "Cleanup", Time since last: 1959615061 ns, Reaching safepoint: 770818 ns, At safepoint: 43875 ns, Total: 814693 ns
[2020-08-12T16:06:39.252+0000][6][safepoint    ] Safepoint "Cleanup", Time since last: 1000421108 ns, Reaching safepoint: 1024754 ns, At safepoint: 44449 ns, Total: 1069203 ns
[2020-08-12T16:06:40.297+0000][6][safepoint    ] Safepoint "Cleanup", Time since last: 1044048431 ns, Reaching safepoint: 650907 ns, At safepoint: 53550 ns, Total: 704457 ns
[2020-08-12T16:06:41.298+0000][6][safepoint    ] Safepoint "Cleanup", Time since last: 1000371284 ns, Reaching safepoint: 838692 ns, At safepoint: 45050 ns, Total: 883742 ns
[2020-08-12T16:06:42.299+0000][6][safepoint    ] Safepoint "Cleanup", Time since last: 1000493983 ns, Reaching safepoint: 509708 ns, At safepoint: 44487 ns, Total: 554195 ns
[2020-08-12T16:06:43.300+0000][6][safepoint    ] Safepoint "Cleanup", Time since last: 1000346997 ns, Reaching safepoint: 638319 ns, At safepoint: 54175 ns, Total: 692494 ns
[2020-08-12T16:06:44.301+0000][6][safepoint    ] Safepoint "Cleanup", Time since last: 1000303547 ns, Reaching safepoint: 773656 ns, At safepoint: 38524 ns, Total: 812180 ns
[2020-08-12T16:06:45.546+0000][6][safepoint    ] Safepoint "Cleanup", Time since last: 1243926890 ns, Reaching safepoint: 528833 ns, At safepoint: 42274 ns, Total: 571107 ns
[2020-08-12T16:06:46.547+0000][6][safepoint    ] Safepoint "Cleanup", Time since last: 1000310847 ns, Reaching safepoint: 638407 ns, At safepoint: 46812 ns, Total: 685219 ns
[2020-08-12T16:06:48.121+0000][6][safepoint    ] Safepoint "Cleanup", Time since last: 1573564139 ns, Reaching safepoint: 689056 ns, At safepoint: 44512 ns, Total: 733568 ns
[2020-08-12T16:06:49.122+0000][6][safepoint    ] Safepoint "Cleanup", Time since last: 1000333147 ns, Reaching safepoint: 657182 ns, At safepoint: 44512 ns, Total: 701694 ns
[2020-08-12T16:06:50.123+0000][6][safepoint    ] Safepoint "Cleanup", Time since last: 1000348272 ns, Reaching safepoint: 633994 ns, At safepoint: 45187 ns, Total: 679181 ns
[2020-08-12T16:06:51.124+0000][6][safepoint    ] Safepoint "Cleanup", Time since last: 1000376196 ns, Reaching safepoint: 618383 ns, At safepoint: 53362 ns, Total: 671745 ns
[2020-08-12T16:06:52.126+0000][6][safepoint    ] Safepoint "Cleanup", Time since last: 1000288259 ns, Reaching safepoint: 922055 ns, At safepoint: 57124 ns, Total: 979179 ns
[2020-08-12T16:06:53.127+0000][6][safepoint    ] Safepoint "Cleanup", Time since last: 1000357147 ns, Reaching safepoint: 460371 ns, At safepoint: 30725 ns, Total: 491096 ns
[2020-08-12T16:06:54.128+0000][6][safepoint    ] Safepoint "Cleanup", Time since last: 1000287859 ns, Reaching safepoint: 945442 ns, At safepoint: 44262 ns, Total: 989704 ns
[2020-08-12T16:06:55.291+0000][6][safepoint    ] Safepoint "Cleanup", Time since last: 1162771317 ns, Reaching safepoint: 821518 ns, At safepoint: 44337 ns, Total: 865855 ns
[2020-08-12T16:06:56.292+0000][6][safepoint    ] Safepoint "Cleanup", Time since last: 1000288297 ns, Reaching safepoint: 580582 ns, At safepoint: 38825 ns, Total: 619407 ns
[2020-08-12T16:06:58.268+0000][6][safepoint    ] Safepoint "Cleanup", Time since last: 1974729556 ns, Reaching safepoint: 906242 ns, At safepoint: 44687 ns, Total: 950929 ns
[2020-08-12T16:06:59.289+0000][6][safepoint    ] Safepoint "Cleanup", Time since last: 1020434885 ns, Reaching safepoint: 621882 ns, At safepoint: 26250 ns, Total: 648132 ns
[2020-08-12T16:07:00.291+0000][6][safepoint    ] Safepoint "Cleanup", Time since last: 1000642319 ns, Reaching safepoint: 776656 ns, At safepoint: 44137 ns, Total: 820793 ns
[2020-08-12T16:07:01.292+0000][6][safepoint    ] Safepoint "Cleanup", Time since last: 1000367734 ns, Reaching safepoint: 795943 ns, At safepoint: 44112 ns, Total: 840055 ns
[2020-08-12T16:07:02.293+0000][6][safepoint    ] Safepoint "Cleanup", Time since last: 1000342334 ns, Reaching safepoint: 391272 ns, At safepoint: 19362 ns, Total: 410634 ns
[2020-08-12T16:07:03.294+0000][6][safepoint    ] Safepoint "Cleanup", Time since last: 1000422684 ns, Reaching safepoint: 797030 ns, At safepoint: 43737 ns, Total: 840767 ns
[2020-08-12T16:07:04.295+0000][6][safepoint    ] Safepoint "Cleanup", Time since last: 1000354434 ns, Reaching safepoint: 850943 ns, At safepoint: 38687 ns, Total: 889630 ns
[2020-08-12T16:07:05.584+0000][6][safepoint    ] Safepoint "Cleanup", Time since last: 1288186194 ns, Reaching safepoint: 610570 ns, At safepoint: 412284 ns, Total: 1022854 ns
[2020-08-12T16:07:06.585+0000][6][safepoint    ] Safepoint "Cleanup", Time since last: 1000344872 ns, Reaching safepoint: 693032 ns, At safepoint: 46499 ns, Total: 739531 ns
[2020-08-12T16:07:08.277+0000][6][safepoint    ] Safepoint "Cleanup", Time since last: 1690816674 ns, Reaching safepoint: 588407 ns, At safepoint: 45725 ns, Total: 634132 ns
[2020-08-12T16:07:09.278+0000][6][safepoint    ] Safepoint "Cleanup", Time since last: 1000366221 ns, Reaching safepoint: 590183 ns, At safepoint: 34612 ns, Total: 624795 ns
[2020-08-12T16:07:10.279+0000][6][safepoint    ] Safepoint "Cleanup", Time since last: 1000326247 ns, Reaching safepoint: 948966 ns, At safepoint: 67325 ns, Total: 1016291 ns
[2020-08-12T16:07:11.280+0000][6][safepoint    ] Safepoint "Cleanup", Time since last: 1000343459 ns, Reaching safepoint: 638132 ns, At safepoint: 44637 ns, Total: 682769 ns
[2020-08-12T16:07:12.281+0000][6][safepoint    ] Safepoint "Cleanup", Time since last: 1000322184 ns, Reaching safepoint: 682595 ns, At safepoint: 34049 ns, Total: 716644 ns
[2020-08-12T16:07:13.282+0000][6][safepoint    ] Safepoint "Cleanup", Time since last: 1000299735 ns, Reaching safepoint: 758981 ns, At safepoint: 46462 ns, Total: 805443 ns
[2020-08-12T16:07:14.284+0000][6][safepoint    ] Safepoint "Cleanup", Time since last: 1000316359 ns, Reaching safepoint: 1009454 ns, At safepoint: 47062 ns, Total: 1056516 ns
[2020-08-12T16:07:15.293+0000][6][safepoint    ] Safepoint "Cleanup", Time since last: 1008318215 ns, Reaching safepoint: 512521 ns, At safepoint: 55399 ns, Total: 567920 ns
[2020-08-12T16:07:16.294+0000][6][safepoint    ] Safepoint "Cleanup", Time since last: 1000423534 ns, Reaching safepoint: 606070 ns, At safepoint: 44999 ns, Total: 651069 ns
[2020-08-12T16:07:18.195+0000][6][safepoint    ] Safepoint "Cleanup", Time since last: 1900713496 ns, Reaching safepoint: 791130 ns, At safepoint: 45638 ns, Total: 836768 ns
[2020-08-12T16:07:19.196+0000][6][safepoint    ] Safepoint "Cleanup", Time since last: 1000338571 ns, Reaching safepoint: 578258 ns, At safepoint: 46749 ns, Total: 625007 ns
[2020-08-12T16:07:20.292+0000][6][safepoint    ] Safepoint "Cleanup", Time since last: 1094850579 ns, Reaching safepoint: 773794 ns, At safepoint: 43237 ns, Total: 817031 ns
[2020-08-12T16:07:21.293+0000][6][safepoint    ] Safepoint "Cleanup", Time since last: 1000388659 ns, Reaching safepoint: 857592 ns, At safepoint: 44625 ns, Total: 902217 ns
[2020-08-12T16:07:22.294+0000][6][safepoint    ] Safepoint "Cleanup", Time since last: 1000383334 ns, Reaching safepoint: 682269 ns, At safepoint: 45212 ns, Total: 727481 ns
[2020-08-12T16:07:23.295+0000][6][safepoint    ] Safepoint "Cleanup", Time since last: 1000349996 ns, Reaching safepoint: 665595 ns, At safepoint: 53649 ns, Total: 719244 ns
[2020-08-12T16:07:24.296+0000][6][safepoint    ] Safepoint "Cleanup", Time since last: 1000317535 ns, Reaching safepoint: 788780 ns, At safepoint: 42337 ns, Total: 831117 ns
[2020-08-12T16:07:25.599+0000][6][safepoint    ] Safepoint "Cleanup", Time since last: 1301620629 ns, Reaching safepoint: 771205 ns, At safepoint: 88100 ns, Total: 859305 ns
[2020-08-12T16:07:26.600+0000][6][safepoint    ] Safepoint "Cleanup", Time since last: 1000365808 ns, Reaching safepoint: 838431 ns, At safepoint: 44962 ns, Total: 883393 ns
[2020-08-12T16:07:28.229+0000][6][safepoint    ] Safepoint "Cleanup", Time since last: 1627912755 ns, Reaching safepoint: 835093 ns, At safepoint: 47337 ns, Total: 882430 ns
[2020-08-12T16:07:29.704+0000][6][safepoint    ] Safepoint "Cleanup", Time since last: 1475001478 ns, Reaching safepoint: 491634 ns, At safepoint: 44749 ns, Total: 536383 ns
[2020-08-12T16:07:30.706+0000][6][safepoint    ] Safepoint "Cleanup", Time since last: 1000347059 ns, Reaching safepoint: 689694 ns, At safepoint: 53400 ns, Total: 743094 ns
[2020-08-12T16:07:31.707+0000][6][safepoint    ] Safepoint "Cleanup", Time since last: 1000402134 ns, Reaching safepoint: 773430 ns, At safepoint: 43875 ns, Total: 817305 ns
[2020-08-12T16:07:32.708+0000][6][safepoint    ] Safepoint "Cleanup", Time since last: 1000371896 ns, Reaching safepoint: 502309 ns, At safepoint: 27499 ns, Total: 529808 ns
[2020-08-12T16:07:33.708+0000][6][safepoint    ] Safepoint "Cleanup", Time since last: 1000233323 ns, Reaching safepoint: 341709 ns, At safepoint: 16900 ns, Total: 358609 ns
[2020-08-12T16:07:35.294+0000][6][safepoint    ] Safepoint "Cleanup", Time since last: 1584871103 ns, Reaching safepoint: 813306 ns, At safepoint: 45199 ns, Total: 858505 ns
[2020-08-12T16:07:36.295+0000][6][safepoint    ] Safepoint "Cleanup", Time since last: 1000341409 ns, Reaching safepoint: 872168 ns, At safepoint: 44362 ns, Total: 916530 ns
[2020-08-12T16:07:38.144+0000][6][safepoint    ] Safepoint "Cleanup", Time since last: 1848043764 ns, Reaching safepoint: 864767 ns, At safepoint: 44750 ns, Total: 909517 ns
[2020-08-12T16:07:39.145+0000][6][safepoint    ] Safepoint "Cleanup", Time since last: 1000336372 ns, Reaching safepoint: 857942 ns, At safepoint: 44200 ns, Total: 902142 ns
[2020-08-12T16:07:40.297+0000][6][safepoint    ] Safepoint "Cleanup", Time since last: 1150873569 ns, Reaching safepoint: 824206 ns, At safepoint: 44224 ns, Total: 868430 ns
[2020-08-12T16:07:41.298+0000][6][safepoint    ] Safepoint "Cleanup", Time since last: 1000349272 ns, Reaching safepoint: 866567 ns, At safepoint: 44850 ns, Total: 911417 ns
[2020-08-12T16:07:42.299+0000][6][safepoint    ] Safepoint "Cleanup", Time since last: 1000300185 ns, Reaching safepoint: 500495 ns, At safepoint: 23963 ns, Total: 524458 ns
[2020-08-12T16:07:43.300+0000][6][safepoint    ] Safepoint "Cleanup", Time since last: 1000298797 ns, Reaching safepoint: 706668 ns, At safepoint: 45800 ns, Total: 752468 ns
[2020-08-12T16:07:44.302+0000][6][safepoint    ] Safepoint "Cleanup", Time since last: 1000332272 ns, Reaching safepoint: 933317 ns, At safepoint: 60312 ns, Total: 993629 ns
[2020-08-12T16:07:45.727+0000][6][safepoint    ] Safepoint "Cleanup", Time since last: 1424243592 ns, Reaching safepoint: 839068 ns, At safepoint: 61862 ns, Total: 900930 ns
[2020-08-12T16:07:46.728+0000][6][safepoint    ] Safepoint "Cleanup", Time since last: 1000402283 ns, Reaching safepoint: 856743 ns, At safepoint: 44699 ns, Total: 901442 ns
[2020-08-12T16:07:47.183+0000][6][safepoint    ] Safepoint "BulkRevokeBias", Time since last: 452904945 ns, Reaching safepoint: 317272 ns, At safepoint: 1786572 ns, Total: 2103844 ns
[2020-08-12T16:07:48.184+0000][6][safepoint    ] Safepoint "Cleanup", Time since last: 1000366459 ns, Reaching safepoint: 603458 ns, At safepoint: 43687 ns, Total: 647145 ns
[2020-08-12T16:07:49.185+0000][6][safepoint    ] Safepoint "Cleanup", Time since last: 1000339934 ns, Reaching safepoint: 907730 ns, At safepoint: 43737 ns, Total: 951467 ns
[2020-08-12T16:07:50.187+0000][6][safepoint    ] Safepoint "Cleanup", Time since last: 1000350934 ns, Reaching safepoint: 822143 ns, At safepoint: 43762 ns, Total: 865905 ns
[2020-08-12T16:07:51.188+0000][6][safepoint    ] Safepoint "Cleanup", Time since last: 1000388284 ns, Reaching safepoint: 882330 ns, At safepoint: 46674 ns, Total: 929004 ns
[2020-08-12T16:07:52.189+0000][6][safepoint    ] Safepoint "Cleanup", Time since last: 1000240010 ns, Reaching safepoint: 352872 ns, At safepoint: 16788 ns, Total: 369660 ns
[2020-08-12T16:07:53.190+0000][6][safepoint    ] Safepoint "Cleanup", Time since last: 1000238322 ns, Reaching safepoint: 843643 ns, At safepoint: 44237 ns, Total: 887880 ns
[2020-08-12T16:07:54.191+0000][6][safepoint    ] Safepoint "Cleanup", Time since last: 1000370721 ns, Reaching safepoint: 914617 ns, At safepoint: 63650 ns, Total: 978267 ns
[2020-08-12T16:07:54.309+0000][6][safepoint    ] Safepoint "BulkRevokeBias", Time since last: 113702704 ns, Reaching safepoint: 774281 ns, At safepoint: 3003161 ns, Total: 3777442 ns
[2020-08-12T16:07:54.313+0000][6][safepoint    ] Safepoint "BulkRevokeBias", Time since last: 624320 ns, Reaching safepoint: 888579 ns, At safepoint: 2971287 ns, Total: 3859866 ns
[2020-08-12T16:07:55.320+0000][6][safepoint    ] Safepoint "Cleanup", Time since last: 1006447307 ns, Reaching safepoint: 592395 ns, At safepoint: 43337 ns, Total: 635732 ns
[2020-08-12T16:07:56.321+0000][6][safepoint    ] Safepoint "Cleanup", Time since last: 1000349346 ns, Reaching safepoint: 626395 ns, At safepoint: 44699 ns, Total: 671094 ns
[2020-08-12T16:07:58.196+0000][6][safepoint    ] Safepoint "Cleanup", Time since last: 1874128339 ns, Reaching safepoint: 841742 ns, At safepoint: 46212 ns, Total: 887954 ns
[2020-08-12T16:07:59.296+0000][6][safepoint    ] Safepoint "Cleanup", Time since last: 1098664447 ns, Reaching safepoint: 1502337 ns, At safepoint: 50474 ns, Total: 1552811 ns
[2020-08-12T16:08:00.306+0000][6][safepoint    ] Safepoint "Cleanup", Time since last: 1008426914 ns, Reaching safepoint: 680994 ns, At safepoint: 54600 ns, Total: 735594 ns
[2020-08-12T16:08:01.307+0000][6][safepoint    ] Safepoint "Cleanup", Time since last: 1000441146 ns, Reaching safepoint: 880755 ns, At safepoint: 92624 ns, Total: 973379 ns
[2020-08-12T16:08:02.308+0000][6][safepoint    ] Safepoint "Cleanup", Time since last: 1000297972 ns, Reaching safepoint: 393997 ns, At safepoint: 19175 ns, Total: 413172 ns
[2020-08-12T16:08:03.309+0000][6][safepoint    ] Safepoint "Cleanup", Time since last: 1000294996 ns, Reaching safepoint: 843943 ns, At safepoint: 47762 ns, Total: 891705 ns
[2020-08-12T16:08:04.310+0000][6][safepoint    ] Safepoint "Cleanup", Time since last: 1000372897 ns, Reaching safepoint: 1046741 ns, At safepoint: 66649 ns, Total: 1113390 ns
[2020-08-12T16:08:05.606+0000][6][safepoint    ] Safepoint "Cleanup", Time since last: 1294931161 ns, Reaching safepoint: 580082 ns, At safepoint: 411909 ns, Total: 991991 ns
[2020-08-12T16:08:06.607+0000][6][safepoint    ] Safepoint "Cleanup", Time since last: 1000348497 ns, Reaching safepoint: 703094 ns, At safepoint: 52287 ns, Total: 755381 ns
[2020-08-12T16:08:08.207+0000][6][safepoint    ] Safepoint "Cleanup", Time since last: 1598724921 ns, Reaching safepoint: 571707 ns, At safepoint: 44887 ns, Total: 616594 ns
[2020-08-12T16:08:09.208+0000][6][safepoint    ] Safepoint "Cleanup", Time since last: 1000438008 ns, Reaching safepoint: 440384 ns, At safepoint: 43012 ns, Total: 483396 ns
[2020-08-12T16:08:10.209+0000][6][safepoint    ] Safepoint "Cleanup", Time since last: 1000335422 ns, Reaching safepoint: 591832 ns, At safepoint: 52562 ns, Total: 644394 ns
[2020-08-12T16:08:11.210+0000][6][safepoint    ] Safepoint "Cleanup", Time since last: 1000383959 ns, Reaching safepoint: 773143 ns, At safepoint: 43525 ns, Total: 816668 ns
[2020-08-12T16:08:12.210+0000][6][safepoint    ] Safepoint "Cleanup", Time since last: 1000344597 ns, Reaching safepoint: 347984 ns, At safepoint: 17475 ns, Total: 365459 ns
[2020-08-12T16:08:13.211+0000][6][safepoint    ] Safepoint "Cleanup", Time since last: 1000236685 ns, Reaching safepoint: 585295 ns, At safepoint: 44487 ns, Total: 629782 ns
[2020-08-12T16:08:14.212+0000][6][safepoint    ] Safepoint "Cleanup", Time since last: 1000338947 ns, Reaching safepoint: 688956 ns, At safepoint: 55250 ns, Total: 744206 ns
[2020-08-12T16:08:15.301+0000][6][safepoint    ] Safepoint "Cleanup", Time since last: 1087302619 ns, Reaching safepoint: 807793 ns, At safepoint: 44400 ns, Total: 852193 ns
[2020-08-12T16:08:16.302+0000][6][safepoint    ] Safepoint "Cleanup", Time since last: 1000341209 ns, Reaching safepoint: 588545 ns, At safepoint: 44675 ns, Total: 633220 ns
[2020-08-12T16:08:18.288+0000][6][safepoint    ] Safepoint "Cleanup", Time since last: 1985376288 ns, Reaching safepoint: 592832 ns, At safepoint: 44525 ns, Total: 637357 ns
[2020-08-12T16:08:19.289+0000][6][safepoint    ] Safepoint "Cleanup", Time since last: 1000350172 ns, Reaching safepoint: 485158 ns, At safepoint: 94611 ns, Total: 579769 ns
[2020-08-12T16:08:20.302+0000][6][safepoint    ] Safepoint "Cleanup", Time since last: 1012130770 ns, Reaching safepoint: 803893 ns, At safepoint: 44887 ns, Total: 848780 ns
[2020-08-12T16:08:21.303+0000][6][safepoint    ] Safepoint "Cleanup", Time since last: 1000350222 ns, Reaching safepoint: 833380 ns, At safepoint: 46587 ns, Total: 879967 ns
[2020-08-12T16:08:22.304+0000][6][safepoint    ] Safepoint "Cleanup", Time since last: 1000389497 ns, Reaching safepoint: 590545 ns, At safepoint: 45562 ns, Total: 636107 ns
[2020-08-12T16:08:23.305+0000][6][safepoint    ] Safepoint "Cleanup", Time since last: 1000455358 ns, Reaching safepoint: 572745 ns, At safepoint: 44437 ns, Total: 617182 ns
[2020-08-12T16:08:24.306+0000][6][safepoint    ] Safepoint "Cleanup", Time since last: 1000436096 ns, Reaching safepoint: 1018616 ns, At safepoint: 48487 ns, Total: 1067103 ns
[2020-08-12T16:08:25.641+0000][6][safepoint    ] Safepoint "Cleanup", Time since last: 1334228484 ns, Reaching safepoint: 645806 ns, At safepoint: 44425 ns, Total: 690231 ns
[2020-08-12T16:08:26.642+0000][6][safepoint    ] Safepoint "Cleanup", Time since last: 1000342359 ns, Reaching safepoint: 627145 ns, At safepoint: 44799 ns, Total: 671944 ns
[2020-08-12T16:08:28.310+0000][6][safepoint    ] Safepoint "Cleanup", Time since last: 1666832719 ns, Reaching safepoint: 578470 ns, At safepoint: 44800 ns, Total: 623270 ns
[2020-08-12T16:08:29.726+0000][6][safepoint    ] Safepoint "Cleanup", Time since last: 1413874419 ns, Reaching safepoint: 708607 ns, At safepoint: 1799072 ns, Total: 2507679 ns
[2020-08-12T16:08:30.727+0000][6][safepoint    ] Safepoint "Cleanup", Time since last: 1000403808 ns, Reaching safepoint: 838968 ns, At safepoint: 43825 ns, Total: 882793 ns
[2020-08-12T16:08:31.729+0000][6][safepoint    ] Safepoint "Cleanup", Time since last: 1000654594 ns, Reaching safepoint: 766405 ns, At safepoint: 100387 ns, Total: 866792 ns
[2020-08-12T16:08:32.730+0000][6][safepoint    ] Safepoint "Cleanup", Time since last: 1000352172 ns, Reaching safepoint: 507008 ns, At safepoint: 44787 ns, Total: 551795 ns
[2020-08-12T16:08:33.731+0000][6][safepoint    ] Safepoint "Cleanup", Time since last: 1000402259 ns, Reaching safepoint: 614044 ns, At safepoint: 98174 ns, Total: 712218 ns
[2020-08-12T16:08:35.304+0000][6][safepoint    ] Safepoint "Cleanup", Time since last: 1571662980 ns, Reaching safepoint: 1177752 ns, At safepoint: 46387 ns, Total: 1224139 ns
[2020-08-12T16:08:36.305+0000][6][safepoint    ] Safepoint "Cleanup", Time since last: 1000557395 ns, Reaching safepoint: 657382 ns, At safepoint: 45300 ns, Total: 702682 ns
[2020-08-12T16:08:38.247+0000][6][safepoint    ] Safepoint "Cleanup", Time since last: 1940990822 ns, Reaching safepoint: 900442 ns, At safepoint: 48937 ns, Total: 949379 ns
[2020-08-12T16:08:39.248+0000][6][safepoint    ] Safepoint "Cleanup", Time since last: 1000362646 ns, Reaching safepoint: 571108 ns, At safepoint: 28387 ns, Total: 599495 ns
[2020-08-12T16:08:40.306+0000][6][safepoint    ] Safepoint "Cleanup", Time since last: 1057200055 ns, Reaching safepoint: 928142 ns, At safepoint: 46525 ns, Total: 974667 ns
[2020-08-12T16:08:41.308+0000][6][safepoint    ] Safepoint "Cleanup", Time since last: 1000470458 ns, Reaching safepoint: 1202489 ns, At safepoint: 103637 ns, Total: 1306126 ns
[2020-08-12T16:08:42.310+0000][6][safepoint    ] Safepoint "Cleanup", Time since last: 1001686010 ns, Reaching safepoint: 405572 ns, At safepoint: 28162 ns, Total: 433734 ns
[2020-08-12T16:08:43.311+0000][6][safepoint    ] Safepoint "Cleanup", Time since last: 1000270635 ns, Reaching safepoint: 941029 ns, At safepoint: 49450 ns, Total: 990479 ns
[2020-08-12T16:08:45.307+0000][6][safepoint    ] Safepoint "Cleanup", Time since last: 1994903918 ns, Reaching safepoint: 567095 ns, At safepoint: 44125 ns, Total: 611220 ns
[2020-08-12T16:08:46.308+0000][6][safepoint    ] Safepoint "Cleanup", Time since last: 1000386971 ns, Reaching safepoint: 967629 ns, At safepoint: 48287 ns, Total: 1015916 ns
[2020-08-12T16:08:48.169+0000][6][safepoint    ] Safepoint "Cleanup", Time since last: 1859946636 ns, Reaching safepoint: 475208 ns, At safepoint: 31837 ns, Total: 507045 ns
[2020-08-12T16:08:49.169+0000][6][safepoint    ] Safepoint "Cleanup", Time since last: 1000275023 ns, Reaching safepoint: 467733 ns, At safepoint: 30900 ns, Total: 498633 ns
[2020-08-12T16:08:50.170+0000][6][safepoint    ] Safepoint "Cleanup", Time since last: 1000277085 ns, Reaching safepoint: 537495 ns, At safepoint: 44950 ns, Total: 582445 ns
[2020-08-12T16:08:51.172+0000][6][safepoint    ] Safepoint "Cleanup", Time since last: 1000336709 ns, Reaching safepoint: 871917 ns, At safepoint: 44962 ns, Total: 916879 ns
[2020-08-12T16:08:52.172+0000][6][safepoint    ] Safepoint "Cleanup", Time since last: 1000281448 ns, Reaching safepoint: 362734 ns, At safepoint: 15225 ns, Total: 377959 ns
[2020-08-12T16:08:53.173+0000][6][safepoint    ] Safepoint "Cleanup", Time since last: 1000244285 ns, Reaching safepoint: 808118 ns, At safepoint: 46774 ns, Total: 854892 ns
[2020-08-12T16:08:54.174+0000][6][safepoint    ] Safepoint "Cleanup", Time since last: 1000349059 ns, Reaching safepoint: 720869 ns, At safepoint: 46350 ns, Total: 767219 ns
[2020-08-12T16:08:55.308+0000][6][safepoint    ] Safepoint "Cleanup", Time since last: 1132220156 ns, Reaching safepoint: 899455 ns, At safepoint: 44837 ns, Total: 944292 ns
[2020-08-12T16:08:56.309+0000][6][safepoint    ] Safepoint "Cleanup", Time since last: 1000344596 ns, Reaching safepoint: 766781 ns, At safepoint: 44112 ns, Total: 810893 ns
[2020-08-12T16:08:57.321+0000][6][safepoint    ] Safepoint "Cleanup", Time since last: 1012159495 ns, Reaching safepoint: 458158 ns, At safepoint: 19700 ns, Total: 477858 ns
[2020-08-12T16:08:58.332+0000][6][safepoint    ] Safepoint "Cleanup", Time since last: 1009684166 ns, Reaching safepoint: 831805 ns, At safepoint: 46775 ns, Total: 878580 ns
[2020-08-12T16:09:00.306+0000][6][safepoint    ] Safepoint "Cleanup", Time since last: 1973107394 ns, Reaching safepoint: 673120 ns, At safepoint: 44187 ns, Total: 717307 ns
[2020-08-12T16:09:01.307+0000][6][safepoint    ] Safepoint "Cleanup", Time since last: 1000455633 ns, Reaching safepoint: 570970 ns, At safepoint: 144323 ns, Total: 715293 ns
[2020-08-12T16:09:02.308+0000][6][safepoint    ] Safepoint "Cleanup", Time since last: 1000346772 ns, Reaching safepoint: 785756 ns, At safepoint: 45437 ns, Total: 831193 ns
[2020-08-12T16:09:03.309+0000][6][safepoint    ] Safepoint "Cleanup", Time since last: 1000338184 ns, Reaching safepoint: 746231 ns, At safepoint: 45062 ns, Total: 791293 ns
[2020-08-12T16:09:05.309+0000][6][safepoint    ] Safepoint "Cleanup", Time since last: 1999030433 ns, Reaching safepoint: 686457 ns, At safepoint: 55412 ns, Total: 741869 ns
[2020-08-12T16:09:06.310+0000][6][safepoint    ] Safepoint "Cleanup", Time since last: 1000382596 ns, Reaching safepoint: 918329 ns, At safepoint: 44288 ns, Total: 962617 ns
[2020-08-12T16:09:08.280+0000][6][safepoint    ] Safepoint "Cleanup", Time since last: 1969073391 ns, Reaching safepoint: 864293 ns, At safepoint: 44337 ns, Total: 908630 ns
[2020-08-12T16:09:09.281+0000][6][safepoint    ] Safepoint "Cleanup", Time since last: 1000306822 ns, Reaching safepoint: 469221 ns, At safepoint: 21775 ns, Total: 490996 ns
[2020-08-12T16:09:10.283+0000][6][safepoint    ] Safepoint "Cleanup", Time since last: 1000267497 ns, Reaching safepoint: 1722985 ns, At safepoint: 60900 ns, Total: 1783885 ns
[2020-08-12T16:09:11.285+0000][6][safepoint    ] Safepoint "Cleanup", Time since last: 1000347834 ns, Reaching safepoint: 899979 ns, At safepoint: 44363 ns, Total: 944342 ns
[2020-08-12T16:09:12.286+0000][6][safepoint    ] Safepoint "Cleanup", Time since last: 1000331771 ns, Reaching safepoint: 831268 ns, At safepoint: 44262 ns, Total: 875530 ns
[2020-08-12T16:09:13.288+0000][6][safepoint    ] Safepoint "Cleanup", Time since last: 1000349785 ns, Reaching safepoint: 1471462 ns, At safepoint: 33849 ns, Total: 1505311 ns
[2020-08-12T16:09:14.289+0000][6][safepoint    ] Safepoint "Cleanup", Time since last: 1000267335 ns, Reaching safepoint: 656007 ns, At safepoint: 45412 ns, Total: 701419 ns
[2020-08-12T16:09:15.310+0000][6][safepoint    ] Safepoint "Cleanup", Time since last: 1020455460 ns, Reaching safepoint: 622370 ns, At safepoint: 52937 ns, Total: 675307 ns
[2020-08-12T16:09:16.311+0000][6][safepoint    ] Safepoint "Cleanup", Time since last: 1000752693 ns, Reaching safepoint: 661244 ns, At safepoint: 46412 ns, Total: 707656 ns
[2020-08-12T16:09:18.136+0000][6][safepoint    ] Safepoint "Cleanup", Time since last: 1824537292 ns, Reaching safepoint: 583033 ns, At safepoint: 41250 ns, Total: 624283 ns
[2020-08-12T16:09:19.137+0000][6][safepoint    ] Safepoint "Cleanup", Time since last: 1000319071 ns, Reaching safepoint: 648932 ns, At safepoint: 47137 ns, Total: 696069 ns
[2020-08-12T16:09:20.308+0000][6][safepoint    ] Safepoint "Cleanup", Time since last: 1170160741 ns, Reaching safepoint: 720781 ns, At safepoint: 46249 ns, Total: 767030 ns
[2020-08-12T16:09:21.309+0000][6][safepoint    ] Safepoint "Cleanup", Time since last: 1000350772 ns, Reaching safepoint: 676957 ns, At safepoint: 44024 ns, Total: 720981 ns
[2020-08-12T16:09:22.310+0000][6][safepoint    ] Safepoint "Cleanup", Time since last: 1000299585 ns, Reaching safepoint: 462146 ns, At safepoint: 57349 ns, Total: 519495 ns
[2020-08-12T16:09:23.311+0000][6][safepoint    ] Safepoint "Cleanup", Time since last: 1000381547 ns, Reaching safepoint: 640457 ns, At safepoint: 46612 ns, Total: 687069 ns
[2020-08-12T16:09:25.310+0000][6][safepoint    ] Safepoint "Cleanup", Time since last: 1998121515 ns, Reaching safepoint: 776369 ns, At safepoint: 54612 ns, Total: 830981 ns
[2020-08-12T16:09:26.311+0000][6][safepoint    ] Safepoint "Cleanup", Time since last: 1000343334 ns, Reaching safepoint: 782806 ns, At safepoint: 44412 ns, Total: 827218 ns
[2020-08-12T16:09:27.043+0000][6][gc,start     ] GC(36) Pause Young (Normal) (G1 Evacuation Pause)
[2020-08-12T16:09:27.043+0000][6][gc,task      ] GC(36) Using 2 workers of 2 for evacuation
[2020-08-12T16:09:27.043+0000][6][gc,age       ] GC(36) Desired survivor size 40370176 bytes, new threshold 15 (max threshold 15)
[2020-08-12T16:09:27.070+0000][6][gc,age       ] GC(36) Age table with threshold 15 (max threshold 15)
[2020-08-12T16:09:27.070+0000][6][gc,age       ] GC(36) - age   1:     481344 bytes,     481344 total
[2020-08-12T16:09:27.070+0000][6][gc,age       ] GC(36) - age   2:     220136 bytes,     701480 total
[2020-08-12T16:09:27.070+0000][6][gc,age       ] GC(36) - age   3:     117472 bytes,     818952 total
[2020-08-12T16:09:27.070+0000][6][gc,age       ] GC(36) - age   4:      81440 bytes,     900392 total
[2020-08-12T16:09:27.070+0000][6][gc,age       ] GC(36) - age   5:     114200 bytes,    1014592 total
[2020-08-12T16:09:27.070+0000][6][gc,age       ] GC(36) - age   6:      37232 bytes,    1051824 total
[2020-08-12T16:09:27.070+0000][6][gc,age       ] GC(36) - age   7:      78928 bytes,    1130752 total
[2020-08-12T16:09:27.070+0000][6][gc,age       ] GC(36) - age   8:      32912 bytes,    1163664 total
[2020-08-12T16:09:27.070+0000][6][gc,age       ] GC(36) - age   9:      81616 bytes,    1245280 total
[2020-08-12T16:09:27.070+0000][6][gc,age       ] GC(36) - age  10:      64256 bytes,    1309536 total
[2020-08-12T16:09:27.070+0000][6][gc,age       ] GC(36) - age  11:      37360 bytes,    1346896 total
[2020-08-12T16:09:27.070+0000][6][gc,age       ] GC(36) - age  12:      42832 bytes,    1389728 total
[2020-08-12T16:09:27.071+0000][6][gc,age       ] GC(36) - age  13:      79744 bytes,    1469472 total
[2020-08-12T16:09:27.071+0000][6][gc,age       ] GC(36) - age  14:      48736 bytes,    1518208 total
[2020-08-12T16:09:27.071+0000][6][gc,age       ] GC(36) - age  15:      61920 bytes,    1580128 total
[2020-08-12T16:09:27.071+0000][6][gc,phases    ] GC(36)   Pre Evacuate Collection Set: 0.7ms
[2020-08-12T16:09:27.071+0000][6][gc,phases    ] GC(36)   Merge Heap Roots: 0.4ms
[2020-08-12T16:09:27.071+0000][6][gc,phases    ] GC(36)   Evacuate Collection Set: 21.2ms
[2020-08-12T16:09:27.071+0000][6][gc,phases    ] GC(36)   Post Evacuate Collection Set: 4.2ms
[2020-08-12T16:09:27.071+0000][6][gc,phases    ] GC(36)   Other: 1.4ms
[2020-08-12T16:09:27.071+0000][6][gc,heap      ] GC(36) Eden regions: 612->0(612)
[2020-08-12T16:09:27.071+0000][6][gc,heap      ] GC(36) Survivor regions: 2->2(77)
[2020-08-12T16:09:27.071+0000][6][gc,heap      ] GC(36) Old regions: 77->77
[2020-08-12T16:09:27.071+0000][6][gc,heap      ] GC(36) Archive regions: 2->2
[2020-08-12T16:09:27.071+0000][6][gc,heap      ] GC(36) Humongous regions: 7->7
[2020-08-12T16:09:27.071+0000][6][gc,metaspace ] GC(36) Metaspace: 97662K(105528K)->97662K(105528K) NonClass: 85131K(89912K)->85131K(89912K) Class: 12530K(15616K)->12530K(15616K)
[2020-08-12T16:09:27.071+0000][6][gc           ] GC(36) Pause Young (Normal) (G1 Evacuation Pause) 698M->86M(1024M) 28.317ms
[2020-08-12T16:09:27.071+0000][6][gc,cpu       ] GC(36) User=0.04s Sys=0.00s Real=0.03s
[2020-08-12T16:09:27.071+0000][6][safepoint    ] Safepoint "G1CollectForAllocation", Time since last: 730706466 ns, Reaching safepoint: 790443 ns, At safepoint: 28656952 ns, Total: 29447395 ns
[2020-08-12T16:09:28.264+0000][6][safepoint    ] Safepoint "Cleanup", Time since last: 1191885603 ns, Reaching safepoint: 437908 ns, At safepoint: 55850 ns, Total: 493758 ns
[2020-08-12T16:09:29.822+0000][6][safepoint    ] Safepoint "Cleanup", Time since last: 1557699975 ns, Reaching safepoint: 768744 ns, At safepoint: 20662 ns, Total: 789406 ns
[2020-08-12T16:09:30.823+0000][6][safepoint    ] Safepoint "Cleanup", Time since last: 1000258360 ns, Reaching safepoint: 698669 ns, At safepoint: 46037 ns, Total: 744706 ns
[2020-08-12T16:09:31.824+0000][6][safepoint    ] Safepoint "Cleanup", Time since last: 1000339934 ns, Reaching safepoint: 630345 ns, At safepoint: 45462 ns, Total: 675807 ns
[2020-08-12T16:09:32.825+0000][6][safepoint    ] Safepoint "Cleanup", Time since last: 1000319009 ns, Reaching safepoint: 433921 ns, At safepoint: 25600 ns, Total: 459521 ns
[2020-08-12T16:09:33.826+0000][6][safepoint    ] Safepoint "Cleanup", Time since last: 1000246423 ns, Reaching safepoint: 607144 ns, At safepoint: 33488 ns, Total: 640632 ns
[2020-08-12T16:09:35.309+0000][6][safepoint    ] Safepoint "Cleanup", Time since last: 1483206744 ns, Reaching safepoint: 255273 ns, At safepoint: 11238 ns, Total: 266511 ns
[2020-08-12T16:09:36.310+0000][6][safepoint    ] Safepoint "Cleanup", Time since last: 1000226585 ns, Reaching safepoint: 646257 ns, At safepoint: 44237 ns, Total: 690494 ns
[2020-08-12T16:09:38.283+0000][6][safepoint    ] Safepoint "Cleanup", Time since last: 1972309526 ns, Reaching safepoint: 601495 ns, At safepoint: 46399 ns, Total: 647894 ns
[2020-08-12T16:09:39.284+0000][6][safepoint    ] Safepoint "Cleanup", Time since last: 1000298735 ns, Reaching safepoint: 521883 ns, At safepoint: 57062 ns, Total: 578945 ns
[2020-08-12T16:09:40.310+0000][6][safepoint    ] Safepoint "Cleanup", Time since last: 1025076608 ns, Reaching safepoint: 810180 ns, At safepoint: 45912 ns, Total: 856092 ns
[2020-08-12T16:09:41.311+0000][6][safepoint    ] Safepoint "Cleanup", Time since last: 1000348747 ns, Reaching safepoint: 728082 ns, At safepoint: 46712 ns, Total: 774794 ns
[2020-08-12T16:09:42.312+0000][6][safepoint    ] Safepoint "Cleanup", Time since last: 1000339071 ns, Reaching safepoint: 516671 ns, At safepoint: 44362 ns, Total: 561033 ns
[2020-08-12T16:09:43.313+0000][6][safepoint    ] Safepoint "Cleanup", Time since last: 1000336084 ns, Reaching safepoint: 576782 ns, At safepoint: 57050 ns, Total: 633832 ns
[2020-08-12T16:09:44.313+0000][6][safepoint    ] Safepoint "BulkRevokeBias", Time since last: 997029450 ns, Reaching safepoint: 541245 ns, At safepoint: 2553978 ns, Total: 3095223 ns
[2020-08-12T16:09:45.317+0000][6][safepoint    ] Safepoint "Cleanup", Time since last: 1003082973 ns, Reaching safepoint: 837493 ns, At safepoint: 43362 ns, Total: 880855 ns
[2020-08-12T16:09:46.318+0000][6][safepoint    ] Safepoint "Cleanup", Time since last: 1000353409 ns, Reaching safepoint: 698419 ns, At safepoint: 46300 ns, Total: 744719 ns
[2020-08-12T16:09:48.191+0000][6][safepoint    ] Safepoint "Cleanup", Time since last: 1872015519 ns, Reaching safepoint: 797668 ns, At safepoint: 44849 ns, Total: 842517 ns
[2020-08-12T16:09:49.192+0000][6][safepoint    ] Safepoint "Cleanup", Time since last: 1000332910 ns, Reaching safepoint: 847767 ns, At safepoint: 44325 ns, Total: 892092 ns
[2020-08-12T16:09:50.194+0000][6][safepoint    ] Safepoint "Cleanup", Time since last: 1000347609 ns, Reaching safepoint: 818068 ns, At safepoint: 44612 ns, Total: 862680 ns
[2020-08-12T16:09:51.195+0000][6][safepoint    ] Safepoint "Cleanup", Time since last: 1000387434 ns, Reaching safepoint: 789281 ns, At safepoint: 87099 ns, Total: 876380 ns
[2020-08-12T16:09:52.195+0000][6][safepoint    ] Safepoint "Cleanup", Time since last: 1000284534 ns, Reaching safepoint: 255711 ns, At safepoint: 11212 ns, Total: 266923 ns
[2020-08-12T16:09:53.196+0000][6][safepoint    ] Safepoint "Cleanup", Time since last: 1000211373 ns, Reaching safepoint: 682419 ns, At safepoint: 54000 ns, Total: 736419 ns
[2020-08-12T16:09:54.198+0000][6][safepoint    ] Safepoint "Cleanup", Time since last: 1000353696 ns, Reaching safepoint: 875018 ns, At safepoint: 44212 ns, Total: 919230 ns
[2020-08-12T16:09:55.313+0000][6][safepoint    ] Safepoint "Cleanup", Time since last: 1114286461 ns, Reaching safepoint: 574433 ns, At safepoint: 44137 ns, Total: 618570 ns
[2020-08-12T16:09:56.314+0000][6][safepoint    ] Safepoint "Cleanup", Time since last: 1000336296 ns, Reaching safepoint: 802043 ns, At safepoint: 44075 ns, Total: 846118 ns
[2020-08-12T16:09:58.304+0000][6][safepoint    ] Safepoint "Cleanup", Time since last: 1989588226 ns, Reaching safepoint: 739069 ns, At safepoint: 40225 ns, Total: 779294 ns
[2020-08-12T16:09:59.312+0000][6][safepoint    ] Safepoint "Cleanup", Time since last: 1007670946 ns, Reaching safepoint: 578445 ns, At safepoint: 55199 ns, Total: 633644 ns
[2020-08-12T16:10:00.314+0000][6][safepoint    ] Safepoint "Cleanup", Time since last: 1001044341 ns, Reaching safepoint: 888855 ns, At safepoint: 44149 ns, Total: 933004 ns
[2020-08-12T16:10:01.316+0000][6][safepoint    ] Safepoint "Cleanup", Time since last: 1000358834 ns, Reaching safepoint: 919192 ns, At safepoint: 44300 ns, Total: 963492 ns
[2020-08-12T16:10:02.316+0000][6][safepoint    ] Safepoint "Cleanup", Time since last: 1000319084 ns, Reaching safepoint: 251998 ns, At safepoint: 11225 ns, Total: 263223 ns
[2020-08-12T16:10:03.317+0000][6][safepoint    ] Safepoint "Cleanup", Time since last: 1000221973 ns, Reaching safepoint: 855942 ns, At safepoint: 43850 ns, Total: 899792 ns
[2020-08-12T16:10:05.314+0000][6][safepoint    ] Safepoint "Cleanup", Time since last: 1995524026 ns, Reaching safepoint: 862267 ns, At safepoint: 99637 ns, Total: 961904 ns
[2020-08-12T16:10:06.315+0000][6][safepoint    ] Safepoint "Cleanup", Time since last: 1000336034 ns, Reaching safepoint: 832218 ns, At safepoint: 46962 ns, Total: 879180 ns
[2020-08-12T16:10:08.314+0000][6][safepoint    ] Safepoint "Cleanup", Time since last: 1997787756 ns, Reaching safepoint: 705806 ns, At safepoint: 37725 ns, Total: 743531 ns
[2020-08-12T16:10:09.318+0000][6][safepoint    ] Safepoint "Cleanup", Time since last: 1001995944 ns, Reaching safepoint: 2108057 ns, At safepoint: 48050 ns, Total: 2156107 ns
[2020-08-12T16:10:10.319+0000][6][safepoint    ] Safepoint "Cleanup", Time since last: 1000406733 ns, Reaching safepoint: 850506 ns, At safepoint: 46537 ns, Total: 897043 ns
[2020-08-12T16:10:11.320+0000][6][safepoint    ] Safepoint "Cleanup", Time since last: 1000348196 ns, Reaching safepoint: 659557 ns, At safepoint: 43962 ns, Total: 703519 ns
[2020-08-12T16:10:12.322+0000][6][safepoint    ] Safepoint "Cleanup", Time since last: 1000342309 ns, Reaching safepoint: 1175915 ns, At safepoint: 44962 ns, Total: 1220877 ns
[2020-08-12T16:10:13.323+0000][6][safepoint    ] Safepoint "Cleanup", Time since last: 1000400471 ns, Reaching safepoint: 847006 ns, At safepoint: 44587 ns, Total: 891593 ns
[2020-08-12T16:10:15.314+0000][6][safepoint    ] Safepoint "Cleanup", Time since last: 1990447457 ns, Reaching safepoint: 728818 ns, At safepoint: 44650 ns, Total: 773468 ns
[2020-08-12T16:10:16.315+0000][6][safepoint    ] Safepoint "Cleanup", Time since last: 1000344659 ns, Reaching safepoint: 634470 ns, At safepoint: 45337 ns, Total: 679807 ns
[2020-08-12T16:10:18.253+0000][6][safepoint    ] Safepoint "Cleanup", Time since last: 1937434228 ns, Reaching safepoint: 651569 ns, At safepoint: 44737 ns, Total: 696306 ns
[2020-08-12T16:10:19.254+0000][6][safepoint    ] Safepoint "Cleanup", Time since last: 1000304235 ns, Reaching safepoint: 551157 ns, At safepoint: 145499 ns, Total: 696656 ns
[2020-08-12T16:10:20.315+0000][6][safepoint    ] Safepoint "Cleanup", Time since last: 1059408798 ns, Reaching safepoint: 898405 ns, At safepoint: 44812 ns, Total: 943217 ns
[2020-08-12T16:10:21.316+0000][6][safepoint    ] Safepoint "Cleanup", Time since last: 1000401971 ns, Reaching safepoint: 861255 ns, At safepoint: 44525 ns, Total: 905780 ns
[2020-08-12T16:10:22.317+0000][6][safepoint    ] Safepoint "Cleanup", Time since last: 1000342947 ns, Reaching safepoint: 620082 ns, At safepoint: 44912 ns, Total: 664994 ns
[2020-08-12T16:10:23.318+0000][6][safepoint    ] Safepoint "Cleanup", Time since last: 1000333734 ns, Reaching safepoint: 750619 ns, At safepoint: 44124 ns, Total: 794743 ns
[2020-08-12T16:10:25.315+0000][6][safepoint    ] Safepoint "Cleanup", Time since last: 1995981097 ns, Reaching safepoint: 838980 ns, At safepoint: 47700 ns, Total: 886680 ns
[2020-08-12T16:10:26.316+0000][6][safepoint    ] Safepoint "Cleanup", Time since last: 1000344046 ns, Reaching safepoint: 926642 ns, At safepoint: 44900 ns, Total: 971542 ns
[2020-08-12T16:10:27.332+0000][6][safepoint    ] Safepoint "Cleanup", Time since last: 1014877846 ns, Reaching safepoint: 431009 ns, At safepoint: 15112 ns, Total: 446121 ns
[2020-08-12T16:10:28.333+0000][6][safepoint    ] Safepoint "Cleanup", Time since last: 1000342884 ns, Reaching safepoint: 1110566 ns, At safepoint: 55549 ns, Total: 1166115 ns
[2020-08-12T16:10:29.414+0000][6][safepoint    ] Safepoint "Cleanup", Time since last: 1079836297 ns, Reaching safepoint: 1136877 ns, At safepoint: 48562 ns, Total: 1185439 ns
[2020-08-12T16:10:30.415+0000][6][safepoint    ] Safepoint "Cleanup", Time since last: 1000329147 ns, Reaching safepoint: 737669 ns, At safepoint: 44837 ns, Total: 782506 ns
[2020-08-12T16:10:31.416+0000][6][safepoint    ] Safepoint "Cleanup", Time since last: 1000342271 ns, Reaching safepoint: 615333 ns, At safepoint: 52474 ns, Total: 667807 ns
[2020-08-12T16:10:32.417+0000][6][safepoint    ] Safepoint "Cleanup", Time since last: 1000338622 ns, Reaching safepoint: 544633 ns, At safepoint: 44587 ns, Total: 589220 ns
[2020-08-12T16:10:33.418+0000][6][safepoint    ] Safepoint "Cleanup", Time since last: 1000346946 ns, Reaching safepoint: 628008 ns, At safepoint: 44812 ns, Total: 672820 ns
[2020-08-12T16:10:34.318+0000][6][safepoint    ] Safepoint "BulkRevokeBias", Time since last: 896025924 ns, Reaching safepoint: 913754 ns, At safepoint: 2572578 ns, Total: 3486332 ns
[2020-08-12T16:10:35.424+0000][6][safepoint    ] Safepoint "Cleanup", Time since last: 1105254252 ns, Reaching safepoint: 651482 ns, At safepoint: 78261 ns, Total: 729743 ns
[2020-08-12T16:10:36.425+0000][6][safepoint    ] Safepoint "Cleanup", Time since last: 1000391722 ns, Reaching safepoint: 614819 ns, At safepoint: 87650 ns, Total: 702469 ns
[2020-08-12T16:10:38.240+0000][6][safepoint    ] Safepoint "Cleanup", Time since last: 1813863546 ns, Reaching safepoint: 938017 ns, At safepoint: 44325 ns, Total: 982342 ns
[2020-08-12T16:10:39.241+0000][6][safepoint    ] Safepoint "Cleanup", Time since last: 1000485908 ns, Reaching safepoint: 871892 ns, At safepoint: 43937 ns, Total: 915829 ns
[2020-08-12T16:10:40.316+0000][6][safepoint    ] Safepoint "Cleanup", Time since last: 1073821686 ns, Reaching safepoint: 793644 ns, At safepoint: 44237 ns, Total: 837881 ns
[2020-08-12T16:10:41.317+0000][6][safepoint    ] Safepoint "Cleanup", Time since last: 1000486470 ns, Reaching safepoint: 852843 ns, At safepoint: 56674 ns, Total: 909517 ns
[2020-08-12T16:10:42.318+0000][6][safepoint    ] Safepoint "Cleanup", Time since last: 1000316110 ns, Reaching safepoint: 747931 ns, At safepoint: 40087 ns, Total: 788018 ns
[2020-08-12T16:10:43.319+0000][6][safepoint    ] Safepoint "Cleanup", Time since last: 1000276210 ns, Reaching safepoint: 694419 ns, At safepoint: 44949 ns, Total: 739368 ns
[2020-08-12T16:10:45.319+0000][6][safepoint    ] Safepoint "Cleanup", Time since last: 1998934296 ns, Reaching safepoint: 958629 ns, At safepoint: 47637 ns, Total: 1006266 ns
[2020-08-12T16:10:46.320+0000][6][safepoint    ] Safepoint "Cleanup", Time since last: 1000343122 ns, Reaching safepoint: 653344 ns, At safepoint: 46263 ns, Total: 699607 ns
[2020-08-12T16:10:48.285+0000][6][safepoint    ] Safepoint "Cleanup", Time since last: 1963961886 ns, Reaching safepoint: 710594 ns, At safepoint: 54949 ns, Total: 765543 ns
[2020-08-12T16:10:49.286+0000][6][safepoint    ] Safepoint "Cleanup", Time since last: 1000295847 ns, Reaching safepoint: 405797 ns, At safepoint: 19474 ns, Total: 425271 ns
[2020-08-12T16:10:50.287+0000][6][safepoint    ] Safepoint "Cleanup", Time since last: 1000287410 ns, Reaching safepoint: 905992 ns, At safepoint: 47137 ns, Total: 953129 ns
[2020-08-12T16:10:51.288+0000][6][safepoint    ] Safepoint "Cleanup", Time since last: 1000345697 ns, Reaching safepoint: 744144 ns, At safepoint: 44237 ns, Total: 788381 ns
[2020-08-12T16:10:52.289+0000][6][safepoint    ] Safepoint "Cleanup", Time since last: 1000283597 ns, Reaching safepoint: 322747 ns, At safepoint: 15950 ns, Total: 338697 ns
[2020-08-12T16:10:53.290+0000][6][safepoint    ] Safepoint "Cleanup", Time since last: 1000291059 ns, Reaching safepoint: 594733 ns, At safepoint: 44462 ns, Total: 639195 ns
[2020-08-12T16:10:54.291+0000][6][safepoint    ] Safepoint "Cleanup", Time since last: 1000450508 ns, Reaching safepoint: 664407 ns, At safepoint: 114086 ns, Total: 778493 ns
[2020-08-12T16:10:55.319+0000][6][safepoint    ] Safepoint "Cleanup", Time since last: 1027020954 ns, Reaching safepoint: 579407 ns, At safepoint: 44162 ns, Total: 623569 ns
[2020-08-12T16:10:56.320+0000][6][safepoint    ] Safepoint "Cleanup", Time since last: 1000413609 ns, Reaching safepoint: 575695 ns, At safepoint: 46350 ns, Total: 622045 ns
[2020-08-12T16:10:57.369+0000][6][safepoint    ] Safepoint "Cleanup", Time since last: 1048986788 ns, Reaching safepoint: 297885 ns, At safepoint: 12425 ns, Total: 310310 ns
[2020-08-12T16:10:58.376+0000][6][safepoint    ] Safepoint "Cleanup", Time since last: 1006601030 ns, Reaching safepoint: 800305 ns, At safepoint: 57950 ns, Total: 858255 ns
[2020-08-12T16:11:00.317+0000][6][safepoint    ] Safepoint "Cleanup", Time since last: 1940417977 ns, Reaching safepoint: 410947 ns, At safepoint: 21387 ns, Total: 432334 ns
[2020-08-12T16:11:01.318+0000][6][safepoint    ] Safepoint "Cleanup", Time since last: 1000263585 ns, Reaching safepoint: 678894 ns, At safepoint: 53500 ns, Total: 732394 ns
[2020-08-12T16:11:02.319+0000][6][safepoint    ] Safepoint "Cleanup", Time since last: 1000331309 ns, Reaching safepoint: 563157 ns, At safepoint: 24513 ns, Total: 587670 ns
[2020-08-12T16:11:03.320+0000][6][safepoint    ] Safepoint "Cleanup", Time since last: 1000242835 ns, Reaching safepoint: 655544 ns, At safepoint: 46025 ns, Total: 701569 ns
[2020-08-12T16:11:05.319+0000][6][safepoint    ] Safepoint "Cleanup", Time since last: 1998682023 ns, Reaching safepoint: 508195 ns, At safepoint: 31787 ns, Total: 539982 ns
[2020-08-12T16:11:06.320+0000][6][safepoint    ] Safepoint "Cleanup", Time since last: 1000280173 ns, Reaching safepoint: 647757 ns, At safepoint: 55512 ns, Total: 703269 ns
[2020-08-12T16:11:08.232+0000][6][safepoint    ] Safepoint "Cleanup", Time since last: 1911300741 ns, Reaching safepoint: 633245 ns, At safepoint: 44699 ns, Total: 677944 ns
[2020-08-12T16:11:09.233+0000][6][safepoint    ] Safepoint "Cleanup", Time since last: 1000334122 ns, Reaching safepoint: 482871 ns, At safepoint: 29550 ns, Total: 512421 ns
[2020-08-12T16:11:10.234+0000][6][safepoint    ] Safepoint "Cleanup", Time since last: 1000240372 ns, Reaching safepoint: 395947 ns, At safepoint: 19162 ns, Total: 415109 ns
[2020-08-12T16:11:11.235+0000][6][safepoint    ] Safepoint "Cleanup", Time since last: 1000307322 ns, Reaching safepoint: 852843 ns, At safepoint: 49099 ns, Total: 901942 ns
[2020-08-12T16:11:12.236+0000][6][safepoint    ] Safepoint "Cleanup", Time since last: 1000287772 ns, Reaching safepoint: 527546 ns, At safepoint: 20262 ns, Total: 547808 ns
[2020-08-12T16:11:13.237+0000][6][safepoint    ] Safepoint "Cleanup", Time since last: 1000274160 ns, Reaching safepoint: 845130 ns, At safepoint: 47087 ns, Total: 892217 ns
[2020-08-12T16:11:14.238+0000][6][safepoint    ] Safepoint "Cleanup", Time since last: 1000377459 ns, Reaching safepoint: 808205 ns, At safepoint: 46600 ns, Total: 854805 ns
[2020-08-12T16:11:15.321+0000][6][safepoint    ] Safepoint "Cleanup", Time since last: 1082354437 ns, Reaching safepoint: 719032 ns, At safepoint: 34074 ns, Total: 753106 ns
[2020-08-12T16:11:16.322+0000][6][safepoint    ] Safepoint "Cleanup", Time since last: 1000300835 ns, Reaching safepoint: 762906 ns, At safepoint: 54874 ns, Total: 817780 ns
[2020-08-12T16:11:18.225+0000][6][safepoint    ] Safepoint "Cleanup", Time since last: 1901550676 ns, Reaching safepoint: 1068416 ns, At safepoint: 57537 ns, Total: 1125953 ns
[2020-08-12T16:11:19.226+0000][6][safepoint    ] Safepoint "Cleanup", Time since last: 1000905604 ns, Reaching safepoint: 458296 ns, At safepoint: 25675 ns, Total: 483971 ns
[2020-08-12T16:11:20.321+0000][6][safepoint    ] Safepoint "Cleanup", Time since last: 1093770814 ns, Reaching safepoint: 659844 ns, At safepoint: 55374 ns, Total: 715218 ns
[2020-08-12T16:11:21.322+0000][6][safepoint    ] Safepoint "Cleanup", Time since last: 1000356747 ns, Reaching safepoint: 827030 ns, At safepoint: 60350 ns, Total: 887380 ns
[2020-08-12T16:11:22.323+0000][6][safepoint    ] Safepoint "Cleanup", Time since last: 1000287547 ns, Reaching safepoint: 326109 ns, At safepoint: 37450 ns, Total: 363559 ns
[2020-08-12T16:11:23.324+0000][6][safepoint    ] Safepoint "Cleanup", Time since last: 1000246698 ns, Reaching safepoint: 902167 ns, At safepoint: 47025 ns, Total: 949192 ns
[2020-08-12T16:11:25.322+0000][6][safepoint    ] Safepoint "Cleanup", Time since last: 1997039349 ns, Reaching safepoint: 699169 ns, At safepoint: 105024 ns, Total: 804193 ns
[2020-08-12T16:11:26.323+0000][6][safepoint    ] Safepoint "Cleanup", Time since last: 1000349572 ns, Reaching safepoint: 841631 ns, At safepoint: 60724 ns, Total: 902355 ns
[2020-08-12T16:11:27.275+0000][6][safepoint    ] Safepoint "BulkRevokeBias", Time since last: 950219655 ns, Reaching safepoint: 381384 ns, At safepoint: 1339214 ns, Total: 1720598 ns
[2020-08-12T16:11:28.327+0000][6][safepoint    ] Safepoint "Cleanup", Time since last: 1051271893 ns, Reaching safepoint: 960392 ns, At safepoint: 45474 ns, Total: 1005866 ns
[2020-08-12T16:11:28.723+0000][6][safepoint    ] Safepoint "BulkRevokeBias", Time since last: 393679333 ns, Reaching safepoint: 718331 ns, At safepoint: 1503424 ns, Total: 2221755 ns
[2020-08-12T16:11:28.898+0000][6][safepoint    ] Safepoint "BulkRevokeBias", Time since last: 170422089 ns, Reaching safepoint: 2533428 ns, At safepoint: 1301663 ns, Total: 3835091 ns
[2020-08-12T16:11:29.899+0000][6][safepoint    ] Safepoint "Cleanup", Time since last: 1000367197 ns, Reaching safepoint: 762143 ns, At safepoint: 45413 ns, Total: 807556 ns
[2020-08-12T16:11:30.900+0000][6][safepoint    ] Safepoint "Cleanup", Time since last: 1000387958 ns, Reaching safepoint: 828630 ns, At safepoint: 76650 ns, Total: 905280 ns
[2020-08-12T16:11:31.901+0000][6][safepoint    ] Safepoint "Cleanup", Time since last: 1000345946 ns, Reaching safepoint: 829981 ns, At safepoint: 44537 ns, Total: 874518 ns
[2020-08-12T16:11:32.902+0000][6][safepoint    ] Safepoint "Cleanup", Time since last: 1000339759 ns, Reaching safepoint: 865793 ns, At safepoint: 43762 ns, Total: 909555 ns
[2020-08-12T16:11:33.904+0000][6][safepoint    ] Safepoint "Cleanup", Time since last: 1000334271 ns, Reaching safepoint: 809706 ns, At safepoint: 44625 ns, Total: 854331 ns
[2020-08-12T16:11:35.320+0000][6][safepoint    ] Safepoint "Cleanup", Time since last: 1415326419 ns, Reaching safepoint: 704294 ns, At safepoint: 49749 ns, Total: 754043 ns
[2020-08-12T16:11:36.321+0000][6][safepoint    ] Safepoint "Cleanup", Time since last: 1000389372 ns, Reaching safepoint: 820493 ns, At safepoint: 55074 ns, Total: 875567 ns
[2020-08-12T16:11:38.262+0000][6][safepoint    ] Safepoint "Cleanup", Time since last: 1940097005 ns, Reaching safepoint: 670457 ns, At safepoint: 133374 ns, Total: 803831 ns
[2020-08-12T16:11:39.263+0000][6][safepoint    ] Safepoint "Cleanup", Time since last: 1000381046 ns, Reaching safepoint: 444421 ns, At safepoint: 33137 ns, Total: 477558 ns
[2020-08-12T16:11:40.320+0000][6][safepoint    ] Safepoint "Cleanup", Time since last: 1057042957 ns, Reaching safepoint: 608807 ns, At safepoint: 43312 ns, Total: 652119 ns
[2020-08-12T16:11:41.322+0000][6][safepoint    ] Safepoint "Cleanup", Time since last: 1000345909 ns, Reaching safepoint: 688131 ns, At safepoint: 44625 ns, Total: 732756 ns
[2020-08-12T16:11:42.322+0000][6][safepoint    ] Safepoint "Cleanup", Time since last: 1000280860 ns, Reaching safepoint: 337922 ns, At safepoint: 16737 ns, Total: 354659 ns
[2020-08-12T16:11:43.323+0000][6][safepoint    ] Safepoint "Cleanup", Time since last: 1000208573 ns, Reaching safepoint: 572620 ns, At safepoint: 56125 ns, Total: 628745 ns
[2020-08-12T16:11:45.321+0000][6][safepoint    ] Safepoint "Cleanup", Time since last: 1997652869 ns, Reaching safepoint: 562995 ns, At safepoint: 44613 ns, Total: 607608 ns
[2020-08-12T16:11:46.322+0000][6][safepoint    ] Safepoint "Cleanup", Time since last: 1000339671 ns, Reaching safepoint: 677819 ns, At safepoint: 44375 ns, Total: 722194 ns
[2020-08-12T16:11:48.288+0000][6][safepoint    ] Safepoint "Cleanup", Time since last: 1963743100 ns, Reaching safepoint: 706407 ns, At safepoint: 1438000 ns, Total: 2144407 ns
[2020-08-12T16:11:49.289+0000][6][safepoint    ] Safepoint "Cleanup", Time since last: 1000334147 ns, Reaching safepoint: 685469 ns, At safepoint: 74649 ns, Total: 760118 ns
[2020-08-12T16:11:50.290+0000][6][safepoint    ] Safepoint "Cleanup", Time since last: 1000344822 ns, Reaching safepoint: 664094 ns, At safepoint: 44100 ns, Total: 708194 ns
[2020-08-12T16:11:51.291+0000][6][safepoint    ] Safepoint "Cleanup", Time since last: 1000347784 ns, Reaching safepoint: 586982 ns, At safepoint: 44987 ns, Total: 631969 ns
[2020-08-12T16:11:52.292+0000][6][safepoint    ] Safepoint "Cleanup", Time since last: 1000285997 ns, Reaching safepoint: 396134 ns, At safepoint: 57487 ns, Total: 453621 ns
[2020-08-12T16:11:53.293+0000][6][safepoint    ] Safepoint "Cleanup", Time since last: 1000327422 ns, Reaching safepoint: 650057 ns, At safepoint: 53562 ns, Total: 703619 ns
[2020-08-12T16:11:54.294+0000][6][safepoint    ] Safepoint "Cleanup", Time since last: 1000349247 ns, Reaching safepoint: 728206 ns, At safepoint: 46200 ns, Total: 774406 ns
[2020-08-12T16:11:55.324+0000][6][safepoint    ] Safepoint "Cleanup", Time since last: 1029186922 ns, Reaching safepoint: 736006 ns, At safepoint: 45137 ns, Total: 781143 ns
[2020-08-12T16:11:56.325+0000][6][safepoint    ] Safepoint "Cleanup", Time since last: 1000316497 ns, Reaching safepoint: 910104 ns, At safepoint: 44288 ns, Total: 954392 ns
[2020-08-12T16:11:58.306+0000][6][safepoint    ] Safepoint "Cleanup", Time since last: 1980080559 ns, Reaching safepoint: 733843 ns, At safepoint: 46350 ns, Total: 780193 ns
[2020-08-12T16:11:59.321+0000][6][safepoint    ] Safepoint "Cleanup", Time since last: 1014427912 ns, Reaching safepoint: 515696 ns, At safepoint: 26712 ns, Total: 542408 ns
[2020-08-12T16:12:00.332+0000][6][safepoint    ] Safepoint "Cleanup", Time since last: 1009760190 ns, Reaching safepoint: 575820 ns, At safepoint: 44912 ns, Total: 620732 ns
[2020-08-12T16:12:01.333+0000][6][safepoint    ] Safepoint "Cleanup", Time since last: 1000397397 ns, Reaching safepoint: 918754 ns, At safepoint: 72162 ns, Total: 990916 ns
[2020-08-12T16:12:02.334+0000][6][safepoint    ] Safepoint "Cleanup", Time since last: 1000293422 ns, Reaching safepoint: 886630 ns, At safepoint: 27650 ns, Total: 914280 ns
[2020-08-12T16:12:03.335+0000][6][safepoint    ] Safepoint "Cleanup", Time since last: 1000222260 ns, Reaching safepoint: 554583 ns, At safepoint: 31862 ns, Total: 586445 ns
[2020-08-12T16:12:05.325+0000][6][safepoint    ] Safepoint "Cleanup", Time since last: 1989472853 ns, Reaching safepoint: 422133 ns, At safepoint: 17513 ns, Total: 439646 ns
[2020-08-12T16:12:06.326+0000][6][safepoint    ] Safepoint "Cleanup", Time since last: 1000241572 ns, Reaching safepoint: 937555 ns, At safepoint: 47024 ns, Total: 984579 ns
[2020-08-12T16:12:07.327+0000][6][safepoint    ] Safepoint "Cleanup", Time since last: 1000301760 ns, Reaching safepoint: 369884 ns, At safepoint: 19050 ns, Total: 388934 ns
[2020-08-12T16:12:08.347+0000][6][safepoint    ] Safepoint "Cleanup", Time since last: 1019380144 ns, Reaching safepoint: 605770 ns, At safepoint: 58687 ns, Total: 664457 ns
[2020-08-12T16:12:09.348+0000][6][safepoint    ] Safepoint "Cleanup", Time since last: 1000360984 ns, Reaching safepoint: 632645 ns, At safepoint: 73899 ns, Total: 706544 ns
[2020-08-12T16:12:10.349+0000][6][safepoint    ] Safepoint "Cleanup", Time since last: 1000342659 ns, Reaching safepoint: 828931 ns, At safepoint: 46674 ns, Total: 875605 ns
[2020-08-12T16:12:11.350+0000][6][safepoint    ] Safepoint "Cleanup", Time since last: 1000349009 ns, Reaching safepoint: 669045 ns, At safepoint: 44812 ns, Total: 713857 ns
[2020-08-12T16:12:12.352+0000][6][safepoint    ] Safepoint "Cleanup", Time since last: 1000353871 ns, Reaching safepoint: 1006154 ns, At safepoint: 42625 ns, Total: 1048779 ns
[2020-08-12T16:12:13.353+0000][6][safepoint    ] Safepoint "Cleanup", Time since last: 1000351396 ns, Reaching safepoint: 822006 ns, At safepoint: 46962 ns, Total: 868968 ns
[2020-08-12T16:12:15.326+0000][6][safepoint    ] Safepoint "Cleanup", Time since last: 1972273939 ns, Reaching safepoint: 726869 ns, At safepoint: 46574 ns, Total: 773443 ns
[2020-08-12T16:12:16.327+0000][6][safepoint    ] Safepoint "Cleanup", Time since last: 1000346772 ns, Reaching safepoint: 712456 ns, At safepoint: 54312 ns, Total: 766768 ns
[2020-08-12T16:12:18.278+0000][6][safepoint    ] Safepoint "Cleanup", Time since last: 1950016345 ns, Reaching safepoint: 587644 ns, At safepoint: 43738 ns, Total: 631382 ns
[2020-08-12T16:12:19.279+0000][6][safepoint    ] Safepoint "Cleanup", Time since last: 1000440182 ns, Reaching safepoint: 438509 ns, At safepoint: 53975 ns, Total: 492484 ns
[2020-08-12T16:12:20.325+0000][6][safepoint    ] Safepoint "Cleanup", Time since last: 1045491681 ns, Reaching safepoint: 590307 ns, At safepoint: 53312 ns, Total: 643619 ns
[2020-08-12T16:12:21.326+0000][6][safepoint    ] Safepoint "Cleanup", Time since last: 1000448772 ns, Reaching safepoint: 524507 ns, At safepoint: 44350 ns, Total: 568857 ns
[2020-08-12T16:12:22.327+0000][6][safepoint    ] Safepoint "Cleanup", Time since last: 1000466983 ns, Reaching safepoint: 481471 ns, At safepoint: 44687 ns, Total: 526158 ns
[2020-08-12T16:12:23.328+0000][6][safepoint    ] Safepoint "Cleanup", Time since last: 1000444871 ns, Reaching safepoint: 685319 ns, At safepoint: 55124 ns, Total: 740443 ns
[2020-08-12T16:12:25.328+0000][6][safepoint    ] Safepoint "Cleanup", Time since last: 1998760685 ns, Reaching safepoint: 754294 ns, At safepoint: 52699 ns, Total: 806993 ns
[2020-08-12T16:12:26.329+0000][6][safepoint    ] Safepoint "Cleanup", Time since last: 1000341547 ns, Reaching safepoint: 584620 ns, At safepoint: 52987 ns, Total: 637607 ns
[2020-08-12T16:12:28.316+0000][6][safepoint    ] Safepoint "Cleanup", Time since last: 1986732151 ns, Reaching safepoint: 678294 ns, At safepoint: 46813 ns, Total: 725107 ns
[2020-08-12T16:12:29.455+0000][6][safepoint    ] Safepoint "Cleanup", Time since last: 1138562176 ns, Reaching safepoint: 365159 ns, At safepoint: 17162 ns, Total: 382321 ns
[2020-08-12T16:12:30.468+0000][6][safepoint    ] Safepoint "Cleanup", Time since last: 1011804735 ns, Reaching safepoint: 988829 ns, At safepoint: 43712 ns, Total: 1032541 ns
[2020-08-12T16:12:31.469+0000][6][safepoint    ] Safepoint "Cleanup", Time since last: 1000397634 ns, Reaching safepoint: 876105 ns, At safepoint: 44050 ns, Total: 920155 ns
[2020-08-12T16:12:32.470+0000][6][safepoint    ] Safepoint "Cleanup", Time since last: 1000300697 ns, Reaching safepoint: 459783 ns, At safepoint: 22450 ns, Total: 482233 ns
[2020-08-12T16:12:33.471+0000][6][safepoint    ] Safepoint "Cleanup", Time since last: 1000271747 ns, Reaching safepoint: 854505 ns, At safepoint: 44212 ns, Total: 898717 ns
[2020-08-12T16:12:35.327+0000][6][safepoint    ] Safepoint "Cleanup", Time since last: 1855243289 ns, Reaching safepoint: 838968 ns, At safepoint: 56950 ns, Total: 895918 ns
[2020-08-12T16:12:36.328+0000][6][safepoint    ] Safepoint "Cleanup", Time since last: 1000347434 ns, Reaching safepoint: 676532 ns, At safepoint: 46749 ns, Total: 723281 ns
[2020-08-12T16:12:38.298+0000][6][safepoint    ] Safepoint "Cleanup", Time since last: 1969263665 ns, Reaching safepoint: 682282 ns, At safepoint: 53287 ns, Total: 735569 ns
[2020-08-12T16:12:39.300+0000][6][safepoint    ] Safepoint "Cleanup", Time since last: 1000340534 ns, Reaching safepoint: 816993 ns, At safepoint: 43850 ns, Total: 860843 ns
[2020-08-12T16:12:40.327+0000][6][safepoint    ] Safepoint "Cleanup", Time since last: 1026659731 ns, Reaching safepoint: 615682 ns, At safepoint: 52862 ns, Total: 668544 ns
[2020-08-12T16:12:41.328+0000][6][safepoint    ] Safepoint "Cleanup", Time since last: 1000411821 ns, Reaching safepoint: 732781 ns, At safepoint: 57287 ns, Total: 790068 ns
[2020-08-12T16:12:42.329+0000][6][safepoint    ] Safepoint "Cleanup", Time since last: 1000276473 ns, Reaching safepoint: 370022 ns, At safepoint: 12949 ns, Total: 382971 ns
[2020-08-12T16:12:43.330+0000][6][safepoint    ] Safepoint "Cleanup", Time since last: 1000299385 ns, Reaching safepoint: 504571 ns, At safepoint: 27474 ns, Total: 532045 ns
[2020-08-12T16:12:45.328+0000][6][safepoint    ] Safepoint "Cleanup", Time since last: 1997754494 ns, Reaching safepoint: 507846 ns, At safepoint: 27399 ns, Total: 535245 ns
[2020-08-12T16:12:46.329+0000][6][safepoint    ] Safepoint "Cleanup", Time since last: 1000389409 ns, Reaching safepoint: 877443 ns, At safepoint: 44037 ns, Total: 921480 ns
[2020-08-12T16:12:48.302+0000][6][safepoint    ] Safepoint "Cleanup", Time since last: 1972256589 ns, Reaching safepoint: 638957 ns, At safepoint: 45300 ns, Total: 684257 ns
[2020-08-12T16:12:49.303+0000][6][safepoint    ] Safepoint "Cleanup", Time since last: 1000338871 ns, Reaching safepoint: 546183 ns, At safepoint: 45712 ns, Total: 591895 ns
[2020-08-12T16:12:50.304+0000][6][safepoint    ] Safepoint "Cleanup", Time since last: 1000341472 ns, Reaching safepoint: 835180 ns, At safepoint: 45937 ns, Total: 881117 ns
[2020-08-12T16:12:51.306+0000][6][safepoint    ] Safepoint "Cleanup", Time since last: 1000343060 ns, Reaching safepoint: 909717 ns, At safepoint: 74774 ns, Total: 984491 ns
[2020-08-12T16:12:52.306+0000][6][safepoint    ] Safepoint "Cleanup", Time since last: 1000352496 ns, Reaching safepoint: 248673 ns, At safepoint: 11038 ns, Total: 259711 ns
[2020-08-12T16:12:53.307+0000][6][safepoint    ] Safepoint "Cleanup", Time since last: 1000202698 ns, Reaching safepoint: 842280 ns, At safepoint: 46375 ns, Total: 888655 ns
[2020-08-12T16:12:54.308+0000][6][safepoint    ] Safepoint "Cleanup", Time since last: 1000331946 ns, Reaching safepoint: 702157 ns, At safepoint: 53387 ns, Total: 755544 ns
[2020-08-12T16:12:55.330+0000][6][safepoint    ] Safepoint "Cleanup", Time since last: 1021103154 ns, Reaching safepoint: 750331 ns, At safepoint: 46100 ns, Total: 796431 ns
[2020-08-12T16:12:56.331+0000][6][safepoint    ] Safepoint "Cleanup", Time since last: 1000322384 ns, Reaching safepoint: 726806 ns, At safepoint: 45812 ns, Total: 772618 ns
[2020-08-12T16:12:58.325+0000][6][safepoint    ] Safepoint "Cleanup", Time since last: 1993144734 ns, Reaching safepoint: 674644 ns, At safepoint: 44600 ns, Total: 719244 ns
[2020-08-12T16:12:59.329+0000][6][safepoint    ] Safepoint "Cleanup", Time since last: 1003592556 ns, Reaching safepoint: 635307 ns, At safepoint: 24825 ns, Total: 660132 ns
[2020-08-12T16:13:00.903+0000][6][safepoint    ] Safepoint "Cleanup", Time since last: 1573147029 ns, Reaching safepoint: 705881 ns, At safepoint: 46575 ns, Total: 752456 ns
[2020-08-12T16:13:01.904+0000][6][safepoint    ] Safepoint "Cleanup", Time since last: 1000344459 ns, Reaching safepoint: 584533 ns, At safepoint: 45599 ns, Total: 630132 ns
[2020-08-12T16:13:02.905+0000][6][safepoint    ] Safepoint "Cleanup", Time since last: 1000294372 ns, Reaching safepoint: 721356 ns, At safepoint: 55662 ns, Total: 777018 ns
[2020-08-12T16:13:03.906+0000][6][safepoint    ] Safepoint "Cleanup", Time since last: 1000347334 ns, Reaching safepoint: 657670 ns, At safepoint: 44712 ns, Total: 702382 ns
[2020-08-12T16:13:04.334+0000][6][safepoint    ] Safepoint "BulkRevokeBias", Time since last: 423996145 ns, Reaching safepoint: 848980 ns, At safepoint: 2517666 ns, Total: 3366646 ns
[2020-08-12T16:13:04.338+0000][6][safepoint    ] Safepoint "BulkRevokeBias", Time since last: 727481 ns, Reaching safepoint: 916529 ns, At safepoint: 2564441 ns, Total: 3480970 ns
[2020-08-12T16:13:05.753+0000][6][safepoint    ] Safepoint "Cleanup", Time since last: 1414453852 ns, Reaching safepoint: 660407 ns, At safepoint: 44799 ns, Total: 705206 ns
[2020-08-12T16:13:06.754+0000][6][safepoint    ] Safepoint "Cleanup", Time since last: 1000335622 ns, Reaching safepoint: 839505 ns, At safepoint: 44612 ns, Total: 884117 ns
[2020-08-12T16:13:08.264+0000][6][safepoint    ] Safepoint "Cleanup", Time since last: 1508891748 ns, Reaching safepoint: 914304 ns, At safepoint: 44625 ns, Total: 958929 ns
[2020-08-12T16:13:09.265+0000][6][safepoint    ] Safepoint "Cleanup", Time since last: 1000339621 ns, Reaching safepoint: 657470 ns, At safepoint: 43924 ns, Total: 701394 ns
[2020-08-12T16:13:10.266+0000][6][safepoint    ] Safepoint "Cleanup", Time since last: 1000349185 ns, Reaching safepoint: 709069 ns, At safepoint: 46237 ns, Total: 755306 ns
[2020-08-12T16:13:11.267+0000][6][safepoint    ] Safepoint "Cleanup", Time since last: 1000383671 ns, Reaching safepoint: 678644 ns, At safepoint: 46312 ns, Total: 724956 ns
[2020-08-12T16:13:12.268+0000][6][safepoint    ] Safepoint "Cleanup", Time since last: 1000288710 ns, Reaching safepoint: 519608 ns, At safepoint: 21875 ns, Total: 541483 ns
[2020-08-12T16:13:13.269+0000][6][safepoint    ] Safepoint "Cleanup", Time since last: 1000260209 ns, Reaching safepoint: 730607 ns, At safepoint: 46562 ns, Total: 777169 ns
[2020-08-12T16:13:14.271+0000][6][safepoint    ] Safepoint "Cleanup", Time since last: 1000343359 ns, Reaching safepoint: 823493 ns, At safepoint: 46349 ns, Total: 869842 ns
[2020-08-12T16:13:15.333+0000][6][safepoint    ] Safepoint "Cleanup", Time since last: 1061581568 ns, Reaching safepoint: 358797 ns, At safepoint: 17349 ns, Total: 376146 ns
[2020-08-12T16:13:16.334+0000][6][safepoint    ] Safepoint "Cleanup", Time since last: 1000272122 ns, Reaching safepoint: 893743 ns, At safepoint: 43987 ns, Total: 937730 ns
[2020-08-12T16:13:18.294+0000][6][safepoint    ] Safepoint "Cleanup", Time since last: 1959210552 ns, Reaching safepoint: 813055 ns, At safepoint: 43712 ns, Total: 856767 ns
[2020-08-12T16:13:19.295+0000][6][safepoint    ] Safepoint "Cleanup", Time since last: 1000503596 ns, Reaching safepoint: 443346 ns, At safepoint: 21762 ns, Total: 465108 ns
[2020-08-12T16:13:20.331+0000][6][safepoint    ] Safepoint "Cleanup", Time since last: 1035829252 ns, Reaching safepoint: 686269 ns, At safepoint: 33688 ns, Total: 719957 ns
[2020-08-12T16:13:21.332+0000][6][safepoint    ] Safepoint "Cleanup", Time since last: 1000301209 ns, Reaching safepoint: 675569 ns, At safepoint: 46162 ns, Total: 721731 ns
[2020-08-12T16:13:22.333+0000][6][safepoint    ] Safepoint "Cleanup", Time since last: 1000340072 ns, Reaching safepoint: 537996 ns, At safepoint: 44487 ns, Total: 582483 ns
[2020-08-12T16:13:23.334+0000][6][safepoint    ] Safepoint "Cleanup", Time since last: 1000333934 ns, Reaching safepoint: 627894 ns, At safepoint: 44287 ns, Total: 672181 ns
[2020-08-12T16:13:25.335+0000][6][safepoint    ] Safepoint "Cleanup", Time since last: 1999457154 ns, Reaching safepoint: 967430 ns, At safepoint: 44137 ns, Total: 1011567 ns
[2020-08-12T16:13:26.336+0000][6][safepoint    ] Safepoint "Cleanup", Time since last: 1000362121 ns, Reaching safepoint: 875893 ns, At safepoint: 67049 ns, Total: 942942 ns
[2020-08-12T16:13:27.357+0000][6][safepoint    ] Safepoint "Cleanup", Time since last: 1020955956 ns, Reaching safepoint: 403346 ns, At safepoint: 16963 ns, Total: 420309 ns
[2020-08-12T16:13:28.364+0000][6][safepoint    ] Safepoint "Cleanup", Time since last: 1005281866 ns, Reaching safepoint: 908717 ns, At safepoint: 43937 ns, Total: 952654 ns
[2020-08-12T16:13:29.705+0000][6][safepoint    ] Safepoint "Cleanup", Time since last: 1341214911 ns, Reaching safepoint: 520195 ns, At safepoint: 22500 ns, Total: 542695 ns
[2020-08-12T16:13:30.706+0000][6][safepoint    ] Safepoint "Cleanup", Time since last: 1000245060 ns, Reaching safepoint: 731894 ns, At safepoint: 54487 ns, Total: 786381 ns
[2020-08-12T16:13:31.708+0000][6][safepoint    ] Safepoint "Cleanup", Time since last: 1000342822 ns, Reaching safepoint: 866067 ns, At safepoint: 43787 ns, Total: 909854 ns
[2020-08-12T16:13:32.709+0000][6][safepoint    ] Safepoint "Cleanup", Time since last: 1000383659 ns, Reaching safepoint: 758743 ns, At safepoint: 85312 ns, Total: 844055 ns
[2020-08-12T16:13:33.710+0000][6][safepoint    ] Safepoint "Cleanup", Time since last: 1000336809 ns, Reaching safepoint: 844131 ns, At safepoint: 43837 ns, Total: 887968 ns
[2020-08-12T16:13:35.333+0000][6][safepoint    ] Safepoint "Cleanup", Time since last: 1622556264 ns, Reaching safepoint: 338260 ns, At safepoint: 43599 ns, Total: 381859 ns
[2020-08-12T16:13:36.334+0000][6][safepoint    ] Safepoint "Cleanup", Time since last: 1000275860 ns, Reaching safepoint: 637895 ns, At safepoint: 52887 ns, Total: 690782 ns
[2020-08-12T16:13:38.310+0000][6][safepoint    ] Safepoint "Cleanup", Time since last: 1975629447 ns, Reaching safepoint: 648582 ns, At safepoint: 44837 ns, Total: 693419 ns
[2020-08-12T16:13:39.311+0000][6][safepoint    ] Safepoint "Cleanup", Time since last: 1000342397 ns, Reaching safepoint: 561370 ns, At safepoint: 44450 ns, Total: 605820 ns
[2020-08-12T16:13:40.334+0000][6][safepoint    ] Safepoint "Cleanup", Time since last: 1021640324 ns, Reaching safepoint: 801994 ns, At safepoint: 44149 ns, Total: 846143 ns
[2020-08-12T16:13:41.335+0000][6][safepoint    ] Safepoint "Cleanup", Time since last: 1000384709 ns, Reaching safepoint: 840480 ns, At safepoint: 44512 ns, Total: 884992 ns
[2020-08-12T16:13:42.336+0000][6][safepoint    ] Safepoint "Cleanup", Time since last: 1000335797 ns, Reaching safepoint: 729219 ns, At safepoint: 55399 ns, Total: 784618 ns
[2020-08-12T16:13:43.337+0000][6][safepoint    ] Safepoint "Cleanup", Time since last: 1000387196 ns, Reaching safepoint: 786494 ns, At safepoint: 57487 ns, Total: 843981 ns
[2020-08-12T16:13:45.337+0000][6][safepoint    ] Safepoint "Cleanup", Time since last: 1999165594 ns, Reaching safepoint: 732593 ns, At safepoint: 81625 ns, Total: 814218 ns
[2020-08-12T16:13:46.338+0000][6][safepoint    ] Safepoint "Cleanup", Time since last: 1000347071 ns, Reaching safepoint: 673469 ns, At safepoint: 45525 ns, Total: 718994 ns
[2020-08-12T16:13:48.296+0000][6][safepoint    ] Safepoint "Cleanup", Time since last: 1956632075 ns, Reaching safepoint: 870192 ns, At safepoint: 67249 ns, Total: 937441 ns
[2020-08-12T16:13:49.297+0000][6][safepoint    ] Safepoint "Cleanup", Time since last: 1000307985 ns, Reaching safepoint: 437059 ns, At safepoint: 26749 ns, Total: 463808 ns
[2020-08-12T16:13:50.298+0000][6][safepoint    ] Safepoint "Cleanup", Time since last: 1000284060 ns, Reaching safepoint: 465471 ns, At safepoint: 23700 ns, Total: 489171 ns
[2020-08-12T16:13:51.299+0000][6][safepoint    ] Safepoint "Cleanup", Time since last: 1000424158 ns, Reaching safepoint: 781168 ns, At safepoint: 44625 ns, Total: 825793 ns
[2020-08-12T16:13:52.300+0000][6][safepoint    ] Safepoint "Cleanup", Time since last: 1000321002 ns, Reaching safepoint: 550395 ns, At safepoint: 21450 ns, Total: 571845 ns
[2020-08-12T16:13:53.301+0000][6][safepoint    ] Safepoint "Cleanup", Time since last: 1000248015 ns, Reaching safepoint: 764668 ns, At safepoint: 44500 ns, Total: 809168 ns
[2020-08-12T16:13:54.302+0000][6][safepoint    ] Safepoint "Cleanup", Time since last: 1000389988 ns, Reaching safepoint: 850180 ns, At safepoint: 43862 ns, Total: 894042 ns
[2020-08-12T16:13:55.337+0000][6][safepoint    ] Safepoint "Cleanup", Time since last: 1033502830 ns, Reaching safepoint: 893079 ns, At safepoint: 47588 ns, Total: 940667 ns
[2020-08-12T16:13:56.338+0000][6][safepoint    ] Safepoint "Cleanup", Time since last: 1000325551 ns, Reaching safepoint: 661169 ns, At safepoint: 54437 ns, Total: 715606 ns
[2020-08-12T16:13:57.342+0000][6][safepoint    ] Safepoint "Cleanup", Time since last: 1003733872 ns, Reaching safepoint: 581158 ns, At safepoint: 14175 ns, Total: 595333 ns
[2020-08-12T16:13:58.343+0000][6][safepoint    ] Safepoint "Cleanup", Time since last: 1000380026 ns, Reaching safepoint: 804943 ns, At safepoint: 46424 ns, Total: 851367 ns
[2020-08-12T16:14:00.336+0000][6][safepoint    ] Safepoint "Cleanup", Time since last: 1991385745 ns, Reaching safepoint: 1142491 ns, At safepoint: 67312 ns, Total: 1209803 ns
[2020-08-12T16:14:01.337+0000][6][safepoint    ] Safepoint "Cleanup", Time since last: 1000390326 ns, Reaching safepoint: 869980 ns, At safepoint: 70712 ns, Total: 940692 ns
[2020-08-12T16:14:02.338+0000][6][safepoint    ] Safepoint "Cleanup", Time since last: 1000355401 ns, Reaching safepoint: 883980 ns, At safepoint: 44249 ns, Total: 928229 ns
[2020-08-12T16:14:03.340+0000][6][safepoint    ] Safepoint "Cleanup", Time since last: 1000322902 ns, Reaching safepoint: 862243 ns, At safepoint: 44824 ns, Total: 907067 ns
[2020-08-12T16:14:05.338+0000][6][safepoint    ] Safepoint "Cleanup", Time since last: 1997418056 ns, Reaching safepoint: 819355 ns, At safepoint: 44300 ns, Total: 863655 ns
[2020-08-12T16:14:06.339+0000][6][safepoint    ] Safepoint "Cleanup", Time since last: 1000448176 ns, Reaching safepoint: 893504 ns, At safepoint: 44188 ns, Total: 937692 ns
[2020-08-12T16:14:07.355+0000][6][safepoint    ] Safepoint "Cleanup", Time since last: 1015591620 ns, Reaching safepoint: 412509 ns, At safepoint: 12887 ns, Total: 425396 ns
[2020-08-12T16:14:08.356+0000][6][safepoint    ] Safepoint "Cleanup", Time since last: 1000284039 ns, Reaching safepoint: 730819 ns, At safepoint: 44437 ns, Total: 775256 ns
[2020-08-12T16:14:09.357+0000][6][safepoint    ] Safepoint "Cleanup", Time since last: 1000328802 ns, Reaching safepoint: 548732 ns, At safepoint: 35638 ns, Total: 584370 ns
[2020-08-12T16:14:10.358+0000][6][safepoint    ] Safepoint "Cleanup", Time since last: 1000303289 ns, Reaching safepoint: 681857 ns, At safepoint: 44124 ns, Total: 725981 ns
[2020-08-12T16:14:11.359+0000][6][safepoint    ] Safepoint "Cleanup", Time since last: 1000380826 ns, Reaching safepoint: 645420 ns, At safepoint: 44912 ns, Total: 690332 ns
[2020-08-12T16:14:12.360+0000][6][safepoint    ] Safepoint "Cleanup", Time since last: 1000290477 ns, Reaching safepoint: 379184 ns, At safepoint: 13262 ns, Total: 392446 ns
[2020-08-12T16:14:13.361+0000][6][safepoint    ] Safepoint "Cleanup", Time since last: 1000202865 ns, Reaching safepoint: 622870 ns, At safepoint: 67537 ns, Total: 690407 ns
[2020-08-12T16:14:15.337+0000][6][safepoint    ] Safepoint "Cleanup", Time since last: 1976015552 ns, Reaching safepoint: 510671 ns, At safepoint: 45199 ns, Total: 555870 ns
[2020-08-12T16:14:16.339+0000][6][safepoint    ] Safepoint "Cleanup", Time since last: 1000541675 ns, Reaching safepoint: 874155 ns, At safepoint: 47925 ns, Total: 922080 ns
[2020-08-12T16:14:18.277+0000][6][safepoint    ] Safepoint "Cleanup", Time since last: 1937310359 ns, Reaching safepoint: 929179 ns, At safepoint: 45175 ns, Total: 974354 ns
[2020-08-12T16:14:19.278+0000][6][safepoint    ] Safepoint "Cleanup", Time since last: 1000310289 ns, Reaching safepoint: 549858 ns, At safepoint: 26887 ns, Total: 576745 ns
[2020-08-12T16:14:20.338+0000][6][safepoint    ] Safepoint "Cleanup", Time since last: 1059457344 ns, Reaching safepoint: 690432 ns, At safepoint: 44599 ns, Total: 735031 ns
[2020-08-12T16:14:21.339+0000][6][safepoint    ] Safepoint "Cleanup", Time since last: 1000347477 ns, Reaching safepoint: 638744 ns, At safepoint: 45700 ns, Total: 684444 ns
[2020-08-12T16:14:22.343+0000][6][safepoint    ] Safepoint "Cleanup", Time since last: 1000374488 ns, Reaching safepoint: 1100516 ns, At safepoint: 2528178 ns, Total: 3628694 ns
[2020-08-12T16:14:23.344+0000][6][safepoint    ] Safepoint "Cleanup", Time since last: 1000328077 ns, Reaching safepoint: 762556 ns, At safepoint: 45024 ns, Total: 807580 ns
[2020-08-12T16:14:25.340+0000][6][safepoint    ] Safepoint "Cleanup", Time since last: 1994845966 ns, Reaching safepoint: 380859 ns, At safepoint: 58037 ns, Total: 438896 ns
[2020-08-12T16:14:26.341+0000][6][safepoint    ] Safepoint "Cleanup", Time since last: 1000398951 ns, Reaching safepoint: 813830 ns, At safepoint: 56025 ns, Total: 869855 ns
[2020-08-12T16:14:27.363+0000][6][safepoint    ] Safepoint "Cleanup", Time since last: 1021765780 ns, Reaching safepoint: 329522 ns, At safepoint: 11587 ns, Total: 341109 ns
[2020-08-12T16:14:28.373+0000][6][safepoint    ] Safepoint "Cleanup", Time since last: 1009016365 ns, Reaching safepoint: 589545 ns, At safepoint: 52862 ns, Total: 642407 ns
[2020-08-12T16:14:29.772+0000][6][safepoint    ] Safepoint "Cleanup", Time since last: 1398675832 ns, Reaching safepoint: 689144 ns, At safepoint: 44125 ns, Total: 733269 ns
[2020-08-12T16:14:30.773+0000][6][safepoint    ] Safepoint "Cleanup", Time since last: 1000258927 ns, Reaching safepoint: 716194 ns, At safepoint: 54862 ns, Total: 771056 ns
[2020-08-12T16:14:31.774+0000][6][safepoint    ] Safepoint "Cleanup", Time since last: 1000352776 ns, Reaching safepoint: 650107 ns, At safepoint: 44462 ns, Total: 694569 ns
[2020-08-12T16:14:32.775+0000][6][safepoint    ] Safepoint "Cleanup", Time since last: 1000298002 ns, Reaching safepoint: 517283 ns, At safepoint: 58724 ns, Total: 576007 ns
[2020-08-12T16:14:33.776+0000][6][safepoint    ] Safepoint "Cleanup", Time since last: 1000349289 ns, Reaching safepoint: 665832 ns, At safepoint: 90112 ns, Total: 755944 ns
[2020-08-12T16:14:35.342+0000][6][safepoint    ] Safepoint "Cleanup", Time since last: 1564992005 ns, Reaching safepoint: 417884 ns, At safepoint: 22037 ns, Total: 439921 ns
[2020-08-12T16:14:36.343+0000][6][safepoint    ] Safepoint "Cleanup", Time since last: 1000257977 ns, Reaching safepoint: 760443 ns, At safepoint: 44388 ns, Total: 804831 ns
[2020-08-12T16:14:38.312+0000][6][safepoint    ] Safepoint "Cleanup", Time since last: 1968499528 ns, Reaching safepoint: 909780 ns, At safepoint: 57425 ns, Total: 967205 ns
[2020-08-12T16:14:39.313+0000][6][safepoint    ] Safepoint "Cleanup", Time since last: 1000346751 ns, Reaching safepoint: 545908 ns, At safepoint: 44499 ns, Total: 590407 ns
[2020-08-12T16:14:40.342+0000][6][safepoint    ] Safepoint "Cleanup", Time since last: 1027915315 ns, Reaching safepoint: 611345 ns, At safepoint: 44437 ns, Total: 655782 ns
[2020-08-12T16:14:41.343+0000][6][safepoint    ] Safepoint "Cleanup", Time since last: 1000397313 ns, Reaching safepoint: 582170 ns, At safepoint: 44538 ns, Total: 626708 ns
[2020-08-12T16:14:42.344+0000][6][safepoint    ] Safepoint "Cleanup", Time since last: 1000333239 ns, Reaching safepoint: 513158 ns, At safepoint: 56074 ns, Total: 569232 ns
[2020-08-12T16:14:43.345+0000][6][safepoint    ] Safepoint "Cleanup", Time since last: 1000307614 ns, Reaching safepoint: 807518 ns, At safepoint: 44013 ns, Total: 851531 ns
[2020-08-12T16:14:45.343+0000][6][safepoint    ] Safepoint "Cleanup", Time since last: 1997419768 ns, Reaching safepoint: 861217 ns, At safepoint: 56562 ns, Total: 917779 ns
[2020-08-12T16:14:46.344+0000][6][safepoint    ] Safepoint "Cleanup", Time since last: 1000349451 ns, Reaching safepoint: 766019 ns, At safepoint: 55312 ns, Total: 821331 ns
[2020-08-12T16:14:47.346+0000][6][safepoint    ] Safepoint "Cleanup", Time since last: 1001048170 ns, Reaching safepoint: 618282 ns, At safepoint: 21025 ns, Total: 639307 ns
[2020-08-12T16:14:48.374+0000][6][safepoint    ] Safepoint "Cleanup", Time since last: 1027406619 ns, Reaching safepoint: 641582 ns, At safepoint: 44437 ns, Total: 686019 ns
[2020-08-12T16:14:49.375+0000][6][safepoint    ] Safepoint "Cleanup", Time since last: 1000303252 ns, Reaching safepoint: 380747 ns, At safepoint: 21937 ns, Total: 402684 ns
[2020-08-12T16:14:50.376+0000][6][safepoint    ] Safepoint "Cleanup", Time since last: 1000270140 ns, Reaching safepoint: 577957 ns, At safepoint: 34100 ns, Total: 612057 ns
[2020-08-12T16:14:51.377+0000][6][safepoint    ] Safepoint "Cleanup", Time since last: 1000348376 ns, Reaching safepoint: 763469 ns, At safepoint: 44074 ns, Total: 807543 ns
[2020-08-12T16:14:52.378+0000][6][safepoint    ] Safepoint "Cleanup", Time since last: 1000383701 ns, Reaching safepoint: 325023 ns, At safepoint: 12125 ns, Total: 337148 ns
[2020-08-12T16:14:53.379+0000][6][safepoint    ] Safepoint "Cleanup", Time since last: 1000275514 ns, Reaching safepoint: 858680 ns, At safepoint: 44525 ns, Total: 903205 ns
[2020-08-12T16:14:55.345+0000][6][safepoint    ] Safepoint "Cleanup", Time since last: 1965536604 ns, Reaching safepoint: 823381 ns, At safepoint: 53374 ns, Total: 876755 ns
[2020-08-12T16:14:56.346+0000][6][safepoint    ] Safepoint "Cleanup", Time since last: 1000351089 ns, Reaching safepoint: 746444 ns, At safepoint: 44612 ns, Total: 791056 ns
[2020-08-12T16:14:57.374+0000][6][safepoint    ] Safepoint "Cleanup", Time since last: 1027162796 ns, Reaching safepoint: 272173 ns, At safepoint: 16399 ns, Total: 288572 ns
[2020-08-12T16:14:58.385+0000][6][safepoint    ] Safepoint "Cleanup", Time since last: 1010256867 ns, Reaching safepoint: 1169852 ns, At safepoint: 57062 ns, Total: 1226914 ns
[2020-08-12T16:14:59.346+0000][6][safepoint    ] Safepoint "BulkRevokeBias", Time since last: 957118497 ns, Reaching safepoint: 1010004 ns, At safepoint: 2486304 ns, Total: 3496308 ns
[2020-08-12T16:15:00.347+0000][6][safepoint    ] Safepoint "Cleanup", Time since last: 1000519912 ns, Reaching safepoint: 823793 ns, At safepoint: 46562 ns, Total: 870355 ns
[2020-08-12T16:15:01.348+0000][6][safepoint    ] Safepoint "Cleanup", Time since last: 1000280827 ns, Reaching safepoint: 807231 ns, At safepoint: 78487 ns, Total: 885718 ns
[2020-08-12T16:15:02.350+0000][6][safepoint    ] Safepoint "Cleanup", Time since last: 1000338463 ns, Reaching safepoint: 1067291 ns, At safepoint: 91912 ns, Total: 1159203 ns
[2020-08-12T16:15:03.351+0000][6][safepoint    ] Safepoint "Cleanup", Time since last: 1000344739 ns, Reaching safepoint: 999216 ns, At safepoint: 45287 ns, Total: 1044503 ns
[2020-08-12T16:15:05.344+0000][6][safepoint    ] Safepoint "Cleanup", Time since last: 1991892578 ns, Reaching safepoint: 802781 ns, At safepoint: 69924 ns, Total: 872705 ns
[2020-08-12T16:15:06.345+0000][6][safepoint    ] Safepoint "Cleanup", Time since last: 1000387564 ns, Reaching safepoint: 687669 ns, At safepoint: 44587 ns, Total: 732256 ns
[2020-08-12T16:15:07.347+0000][6][safepoint    ] Safepoint "BulkRevokeBias", Time since last: 1000528987 ns, Reaching safepoint: 358097 ns, At safepoint: 1081654 ns, Total: 1439751 ns
[2020-08-12T16:15:08.348+0000][6][safepoint    ] Safepoint "Cleanup", Time since last: 1000258489 ns, Reaching safepoint: 701432 ns, At safepoint: 53499 ns, Total: 754931 ns
[2020-08-12T16:15:09.349+0000][6][safepoint    ] Safepoint "Cleanup", Time since last: 1000312239 ns, Reaching safepoint: 522533 ns, At safepoint: 27938 ns, Total: 550471 ns
[2020-08-12T16:15:10.350+0000][6][safepoint    ] Safepoint "Cleanup", Time since last: 1000242627 ns, Reaching safepoint: 466721 ns, At safepoint: 55962 ns, Total: 522683 ns
[2020-08-12T16:15:11.351+0000][6][safepoint    ] Safepoint "Cleanup", Time since last: 1000395413 ns, Reaching safepoint: 884605 ns, At safepoint: 44487 ns, Total: 929092 ns
[2020-08-12T16:15:12.352+0000][6][safepoint    ] Safepoint "Cleanup", Time since last: 1000294915 ns, Reaching safepoint: 673694 ns, At safepoint: 74524 ns, Total: 748218 ns
[2020-08-12T16:15:13.353+0000][6][safepoint    ] Safepoint "Cleanup", Time since last: 1000337489 ns, Reaching safepoint: 684956 ns, At safepoint: 53775 ns, Total: 738731 ns
[2020-08-12T16:15:15.346+0000][6][safepoint    ] Safepoint "Cleanup", Time since last: 1991883566 ns, Reaching safepoint: 574857 ns, At safepoint: 30888 ns, Total: 605745 ns
[2020-08-12T16:15:16.347+0000][6][safepoint    ] Safepoint "Cleanup", Time since last: 1000357151 ns, Reaching safepoint: 553458 ns, At safepoint: 30324 ns, Total: 583782 ns
[2020-08-12T16:15:17.279+0000][6][gc,start     ] GC(37) Pause Young (Normal) (G1 Evacuation Pause)
[2020-08-12T16:15:17.279+0000][6][gc,task      ] GC(37) Using 2 workers of 2 for evacuation
[2020-08-12T16:15:17.279+0000][6][gc,age       ] GC(37) Desired survivor size 40370176 bytes, new threshold 15 (max threshold 15)
[2020-08-12T16:15:17.295+0000][6][gc,age       ] GC(37) Age table with threshold 15 (max threshold 15)
[2020-08-12T16:15:17.295+0000][6][gc,age       ] GC(37) - age   1:     514672 bytes,     514672 total
[2020-08-12T16:15:17.295+0000][6][gc,age       ] GC(37) - age   2:     450904 bytes,     965576 total
[2020-08-12T16:15:17.295+0000][6][gc,age       ] GC(37) - age   3:      77688 bytes,    1043264 total
[2020-08-12T16:15:17.295+0000][6][gc,age       ] GC(37) - age   4:      34792 bytes,    1078056 total
[2020-08-12T16:15:17.295+0000][6][gc,age       ] GC(37) - age   5:      81440 bytes,    1159496 total
[2020-08-12T16:15:17.295+0000][6][gc,age       ] GC(37) - age   6:     114200 bytes,    1273696 total
[2020-08-12T16:15:17.295+0000][6][gc,age       ] GC(37) - age   7:      37232 bytes,    1310928 total
[2020-08-12T16:15:17.295+0000][6][gc,age       ] GC(37) - age   8:      78928 bytes,    1389856 total
[2020-08-12T16:15:17.295+0000][6][gc,age       ] GC(37) - age   9:      32912 bytes,    1422768 total
[2020-08-12T16:15:17.295+0000][6][gc,age       ] GC(37) - age  10:      81616 bytes,    1504384 total
[2020-08-12T16:15:17.295+0000][6][gc,age       ] GC(37) - age  11:      64256 bytes,    1568640 total
[2020-08-12T16:15:17.295+0000][6][gc,age       ] GC(37) - age  12:      37360 bytes,    1606000 total
[2020-08-12T16:15:17.295+0000][6][gc,age       ] GC(37) - age  13:      42832 bytes,    1648832 total
[2020-08-12T16:15:17.295+0000][6][gc,age       ] GC(37) - age  14:      79744 bytes,    1728576 total
[2020-08-12T16:15:17.295+0000][6][gc,age       ] GC(37) - age  15:      48736 bytes,    1777312 total
[2020-08-12T16:15:17.295+0000][6][gc,phases    ] GC(37)   Pre Evacuate Collection Set: 0.5ms
[2020-08-12T16:15:17.295+0000][6][gc,phases    ] GC(37)   Merge Heap Roots: 0.4ms
[2020-08-12T16:15:17.295+0000][6][gc,phases    ] GC(37)   Evacuate Collection Set: 11.0ms
[2020-08-12T16:15:17.295+0000][6][gc,phases    ] GC(37)   Post Evacuate Collection Set: 3.3ms
[2020-08-12T16:15:17.296+0000][6][gc,phases    ] GC(37)   Other: 1.3ms
[2020-08-12T16:15:17.296+0000][6][gc,heap      ] GC(37) Eden regions: 612->0(612)
[2020-08-12T16:15:17.296+0000][6][gc,heap      ] GC(37) Survivor regions: 2->2(77)
[2020-08-12T16:15:17.296+0000][6][gc,heap      ] GC(37) Old regions: 77->77
[2020-08-12T16:15:17.296+0000][6][gc,heap      ] GC(37) Archive regions: 2->2
[2020-08-12T16:15:17.296+0000][6][gc,heap      ] GC(37) Humongous regions: 7->7
[2020-08-12T16:15:17.296+0000][6][gc,metaspace ] GC(37) Metaspace: 97664K(105528K)->97664K(105528K) NonClass: 85133K(89912K)->85133K(89912K) Class: 12530K(15616K)->12530K(15616K)
[2020-08-12T16:15:17.296+0000][6][gc           ] GC(37) Pause Young (Normal) (G1 Evacuation Pause) 698M->86M(1024M) 17.094ms
[2020-08-12T16:15:17.296+0000][6][gc,cpu       ] GC(37) User=0.03s Sys=0.00s Real=0.02s
[2020-08-12T16:15:17.296+0000][6][safepoint    ] Safepoint "G1CollectForAllocation", Time since last: 931593892 ns, Reaching safepoint: 486708 ns, At safepoint: 17366001 ns, Total: 17852709 ns
[2020-08-12T16:15:18.340+0000][6][safepoint    ] Safepoint "Cleanup", Time since last: 1043312458 ns, Reaching safepoint: 665407 ns, At safepoint: 46762 ns, Total: 712169 ns
[2020-08-12T16:15:19.341+0000][6][safepoint    ] Safepoint "Cleanup", Time since last: 1000317314 ns, Reaching safepoint: 650132 ns, At safepoint: 33924 ns, Total: 684056 ns
[2020-08-12T16:15:20.346+0000][6][safepoint    ] Safepoint "Cleanup", Time since last: 1003953733 ns, Reaching safepoint: 828968 ns, At safepoint: 16288 ns, Total: 845256 ns
[2020-08-12T16:15:21.347+0000][6][safepoint    ] Safepoint "Cleanup", Time since last: 1000218040 ns, Reaching safepoint: 518695 ns, At safepoint: 35600 ns, Total: 554295 ns
[2020-08-12T16:15:22.348+0000][6][safepoint    ] Safepoint "Cleanup", Time since last: 1000381013 ns, Reaching safepoint: 603107 ns, At safepoint: 28925 ns, Total: 632032 ns
[2020-08-12T16:15:23.349+0000][6][safepoint    ] Safepoint "Cleanup", Time since last: 1000254540 ns, Reaching safepoint: 763893 ns, At safepoint: 44012 ns, Total: 807905 ns
[2020-08-12T16:15:25.346+0000][6][safepoint    ] Safepoint "Cleanup", Time since last: 1997102709 ns, Reaching safepoint: 426434 ns, At safepoint: 19849 ns, Total: 446283 ns
[2020-08-12T16:15:26.347+0000][6][safepoint    ] Safepoint "Cleanup", Time since last: 1000241053 ns, Reaching safepoint: 826280 ns, At safepoint: 44637 ns, Total: 870917 ns
[2020-08-12T16:15:27.392+0000][6][safepoint    ] Safepoint "Cleanup", Time since last: 1043857828 ns, Reaching safepoint: 426484 ns, At safepoint: 15625 ns, Total: 442109 ns
[2020-08-12T16:15:28.398+0000][6][safepoint    ] Safepoint "Cleanup", Time since last: 1005521569 ns, Reaching safepoint: 1026242 ns, At safepoint: 65874 ns, Total: 1092116 ns
[2020-08-12T16:15:29.756+0000][6][safepoint    ] Safepoint "Cleanup", Time since last: 1356788705 ns, Reaching safepoint: 620082 ns, At safepoint: 33037 ns, Total: 653119 ns
[2020-08-12T16:15:31.212+0000][6][safepoint    ] Safepoint "Cleanup", Time since last: 1454941674 ns, Reaching safepoint: 804206 ns, At safepoint: 38174 ns, Total: 842380 ns
[2020-08-12T16:15:32.212+0000][6][safepoint    ] Safepoint "Cleanup", Time since last: 1000239065 ns, Reaching safepoint: 366234 ns, At safepoint: 13438 ns, Total: 379672 ns
[2020-08-12T16:15:33.213+0000][6][safepoint    ] Safepoint "Cleanup", Time since last: 1000185103 ns, Reaching safepoint: 258647 ns, At safepoint: 11413 ns, Total: 270060 ns
[2020-08-12T16:15:34.213+0000][6][safepoint    ] Safepoint "Cleanup", Time since last: 1000188128 ns, Reaching safepoint: 389509 ns, At safepoint: 17375 ns, Total: 406884 ns
[2020-08-12T16:15:35.343+0000][6][safepoint    ] Safepoint "Cleanup", Time since last: 1129856177 ns, Reaching safepoint: 337509 ns, At safepoint: 15850 ns, Total: 353359 ns
[2020-08-12T16:15:36.344+0000][6][safepoint    ] Safepoint "Cleanup", Time since last: 1000241978 ns, Reaching safepoint: 616294 ns, At safepoint: 45425 ns, Total: 661719 ns
[2020-08-12T16:15:38.337+0000][6][safepoint    ] Safepoint "Cleanup", Time since last: 1992186212 ns, Reaching safepoint: 722994 ns, At safepoint: 44775 ns, Total: 767769 ns
[2020-08-12T16:15:39.338+0000][6][safepoint    ] Safepoint "Cleanup", Time since last: 1000345639 ns, Reaching safepoint: 420546 ns, At safepoint: 19812 ns, Total: 440358 ns
[2020-08-12T16:15:39.347+0000][6][safepoint    ] Safepoint "BulkRevokeBias", Time since last: 5954987 ns, Reaching safepoint: 420609 ns, At safepoint: 2608652 ns, Total: 3029261 ns
[2020-08-12T16:15:40.349+0000][6][safepoint    ] Safepoint "Cleanup", Time since last: 1000890434 ns, Reaching safepoint: 592958 ns, At safepoint: 52699 ns, Total: 645657 ns
[2020-08-12T16:15:41.350+0000][6][safepoint    ] Safepoint "Cleanup", Time since last: 1000349052 ns, Reaching safepoint: 573332 ns, At safepoint: 43950 ns, Total: 617282 ns
[2020-08-12T16:15:42.350+0000][6][safepoint    ] Safepoint "Cleanup", Time since last: 1000302289 ns, Reaching safepoint: 466059 ns, At safepoint: 27524 ns, Total: 493583 ns
[2020-08-12T16:15:43.351+0000][6][safepoint    ] Safepoint "Cleanup", Time since last: 1000267477 ns, Reaching safepoint: 644270 ns, At safepoint: 46162 ns, Total: 690432 ns
[2020-08-12T16:15:45.349+0000][6][safepoint    ] Safepoint "Cleanup", Time since last: 1996226466 ns, Reaching safepoint: 1055454 ns, At safepoint: 663419 ns, Total: 1718873 ns
[2020-08-12T16:15:46.350+0000][6][safepoint    ] Safepoint "Cleanup", Time since last: 1000350951 ns, Reaching safepoint: 743981 ns, At safepoint: 47375 ns, Total: 791356 ns
[2020-08-12T16:15:48.297+0000][6][safepoint    ] Safepoint "Cleanup", Time since last: 1945915110 ns, Reaching safepoint: 639982 ns, At safepoint: 44388 ns, Total: 684370 ns
[2020-08-12T16:15:49.298+0000][6][safepoint    ] Safepoint "Cleanup", Time since last: 1000341088 ns, Reaching safepoint: 540671 ns, At safepoint: 53762 ns, Total: 594433 ns
[2020-08-12T16:15:50.299+0000][6][safepoint    ] Safepoint "Cleanup", Time since last: 1000328151 ns, Reaching safepoint: 391047 ns, At safepoint: 33950 ns, Total: 424997 ns
[2020-08-12T16:15:51.300+0000][6][safepoint    ] Safepoint "Cleanup", Time since last: 1000332151 ns, Reaching safepoint: 600758 ns, At safepoint: 44899 ns, Total: 645657 ns
[2020-08-12T16:15:52.301+0000][6][safepoint    ] Safepoint "Cleanup", Time since last: 1000379026 ns, Reaching safepoint: 646470 ns, At safepoint: 54449 ns, Total: 700919 ns
[2020-08-12T16:15:53.302+0000][6][safepoint    ] Safepoint "Cleanup", Time since last: 1000628137 ns, Reaching safepoint: 590732 ns, At safepoint: 30925 ns, Total: 621657 ns
[2020-08-12T16:15:54.303+0000][6][safepoint    ] Safepoint "Cleanup", Time since last: 1000298389 ns, Reaching safepoint: 833568 ns, At safepoint: 97674 ns, Total: 931242 ns
[2020-08-12T16:15:55.349+0000][6][safepoint    ] Safepoint "Cleanup", Time since last: 1044882907 ns, Reaching safepoint: 463146 ns, At safepoint: 55424 ns, Total: 518570 ns
[2020-08-12T16:15:56.350+0000][6][safepoint    ] Safepoint "Cleanup", Time since last: 1000383539 ns, Reaching safepoint: 797143 ns, At safepoint: 91424 ns, Total: 888567 ns
[2020-08-12T16:15:57.368+0000][6][safepoint    ] Safepoint "Cleanup", Time since last: 1017975950 ns, Reaching safepoint: 460384 ns, At safepoint: 17012 ns, Total: 477396 ns
[2020-08-12T16:15:58.375+0000][6][safepoint    ] Safepoint "Cleanup", Time since last: 1005360283 ns, Reaching safepoint: 842118 ns, At safepoint: 44250 ns, Total: 886368 ns
[2020-08-12T16:15:58.723+0000][6][safepoint    ] Safepoint "BulkRevokeBias", Time since last: 343844886 ns, Reaching safepoint: 1003391 ns, At safepoint: 3183523 ns, Total: 4186914 ns
[2020-08-12T16:16:00.349+0000][6][safepoint    ] Safepoint "Cleanup", Time since last: 1626055556 ns, Reaching safepoint: 585457 ns, At safepoint: 44937 ns, Total: 630394 ns
[2020-08-12T16:16:01.351+0000][6][safepoint    ] Safepoint "Cleanup", Time since last: 1000357977 ns, Reaching safepoint: 884755 ns, At safepoint: 47624 ns, Total: 932379 ns
[2020-08-12T16:16:03.112+0000][6][safepoint    ] Safepoint "Cleanup", Time since last: 1760897123 ns, Reaching safepoint: 701157 ns, At safepoint: 45162 ns, Total: 746319 ns
[2020-08-12T16:16:04.113+0000][6][safepoint    ] Safepoint "Cleanup", Time since last: 1000413013 ns, Reaching safepoint: 677982 ns, At safepoint: 52700 ns, Total: 730682 ns
[2020-08-12T16:16:05.350+0000][6][safepoint    ] Safepoint "Cleanup", Time since last: 1236023441 ns, Reaching safepoint: 361034 ns, At safepoint: 21975 ns, Total: 383009 ns
[2020-08-12T16:16:06.351+0000][6][safepoint    ] Safepoint "Cleanup", Time since last: 1000326101 ns, Reaching safepoint: 561546 ns, At safepoint: 43637 ns, Total: 605183 ns
[2020-08-12T16:16:07.449+0000][6][safepoint    ] Safepoint "Cleanup", Time since last: 1098353735 ns, Reaching safepoint: 240648 ns, At safepoint: 11800 ns, Total: 252448 ns
[2020-08-12T16:16:08.450+0000][6][safepoint    ] Safepoint "Cleanup", Time since last: 1000265377 ns, Reaching safepoint: 512345 ns, At safepoint: 15413 ns, Total: 527758 ns
[2020-08-12T16:16:09.451+0000][6][safepoint    ] Safepoint "Cleanup", Time since last: 1000211427 ns, Reaching safepoint: 585257 ns, At safepoint: 54550 ns, Total: 639807 ns
[2020-08-12T16:16:10.452+0000][6][safepoint    ] Safepoint "Cleanup", Time since last: 1000349551 ns, Reaching safepoint: 830268 ns, At safepoint: 44850 ns, Total: 875118 ns
[2020-08-12T16:16:11.453+0000][6][safepoint    ] Safepoint "Cleanup", Time since last: 1000332576 ns, Reaching safepoint: 707431 ns, At safepoint: 46475 ns, Total: 753906 ns
[2020-08-12T16:16:12.454+0000][6][safepoint    ] Safepoint "Cleanup", Time since last: 1000346914 ns, Reaching safepoint: 495508 ns, At safepoint: 44887 ns, Total: 540395 ns
[2020-08-12T16:16:13.455+0000][6][safepoint    ] Safepoint "Cleanup", Time since last: 1000362902 ns, Reaching safepoint: 639482 ns, At safepoint: 44712 ns, Total: 684194 ns
[2020-08-12T16:16:15.351+0000][6][safepoint    ] Safepoint "Cleanup", Time since last: 1895029122 ns, Reaching safepoint: 824930 ns, At safepoint: 46300 ns, Total: 871230 ns
[2020-08-12T16:16:16.352+0000][6][safepoint    ] Safepoint "Cleanup", Time since last: 1000355713 ns, Reaching safepoint: 656657 ns, At safepoint: 46462 ns, Total: 703119 ns
[2020-08-12T16:16:18.321+0000][6][safepoint    ] Safepoint "Cleanup", Time since last: 1967430101 ns, Reaching safepoint: 881130 ns, At safepoint: 44562 ns, Total: 925692 ns
[2020-08-12T16:16:19.322+0000][6][safepoint    ] Safepoint "Cleanup", Time since last: 1000338189 ns, Reaching safepoint: 583395 ns, At safepoint: 35625 ns, Total: 619020 ns
[2020-08-12T16:16:20.350+0000][6][safepoint    ] Safepoint "Cleanup", Time since last: 1027863877 ns, Reaching safepoint: 550458 ns, At safepoint: 32350 ns, Total: 582808 ns
[2020-08-12T16:16:21.351+0000][6][safepoint    ] Safepoint "Cleanup", Time since last: 1000275402 ns, Reaching safepoint: 960304 ns, At safepoint: 44450 ns, Total: 1004754 ns
[2020-08-12T16:16:22.352+0000][6][safepoint    ] Safepoint "Cleanup", Time since last: 1000286452 ns, Reaching safepoint: 628019 ns, At safepoint: 22738 ns, Total: 650757 ns
[2020-08-12T16:16:23.353+0000][6][safepoint    ] Safepoint "Cleanup", Time since last: 1000239214 ns, Reaching safepoint: 767831 ns, At safepoint: 46887 ns, Total: 814718 ns
[2020-08-12T16:16:25.352+0000][6][safepoint    ] Safepoint "Cleanup", Time since last: 1998211137 ns, Reaching safepoint: 746343 ns, At safepoint: 45600 ns, Total: 791943 ns
[2020-08-12T16:16:26.353+0000][6][safepoint    ] Safepoint "Cleanup", Time since last: 1000334464 ns, Reaching safepoint: 792243 ns, At safepoint: 39012 ns, Total: 831255 ns
[2020-08-12T16:16:27.403+0000][6][safepoint    ] Safepoint "Cleanup", Time since last: 1048953547 ns, Reaching safepoint: 448859 ns, At safepoint: 16225 ns, Total: 465084 ns
[2020-08-12T16:16:28.408+0000][6][safepoint    ] Safepoint "Cleanup", Time since last: 1004052006 ns, Reaching safepoint: 1318076 ns, At safepoint: 50412 ns, Total: 1368488 ns
[2020-08-12T16:16:29.723+0000][6][safepoint    ] Safepoint "Cleanup", Time since last: 1314527892 ns, Reaching safepoint: 597908 ns, At safepoint: 30087 ns, Total: 627995 ns
[2020-08-12T16:16:30.724+0000][6][safepoint    ] Safepoint "Cleanup", Time since last: 1000265702 ns, Reaching safepoint: 630595 ns, At safepoint: 45874 ns, Total: 676469 ns
[2020-08-12T16:16:31.725+0000][6][safepoint    ] Safepoint "Cleanup", Time since last: 1000557787 ns, Reaching safepoint: 442847 ns, At safepoint: 59237 ns, Total: 502084 ns
[2020-08-12T16:16:33.561+0000][6][safepoint    ] Safepoint "Cleanup", Time since last: 1834803464 ns, Reaching safepoint: 909717 ns, At safepoint: 44350 ns, Total: 954067 ns
[2020-08-12T16:16:35.352+0000][6][safepoint    ] Safepoint "Cleanup", Time since last: 1790243446 ns, Reaching safepoint: 775281 ns, At safepoint: 46300 ns, Total: 821581 ns
[2020-08-12T16:16:36.353+0000][6][safepoint    ] Safepoint "Cleanup", Time since last: 1000387826 ns, Reaching safepoint: 647044 ns, At safepoint: 46375 ns, Total: 693419 ns
[2020-08-12T16:16:37.768+0000][6][safepoint    ] Safepoint "Cleanup", Time since last: 1414108162 ns, Reaching safepoint: 370859 ns, At safepoint: 29363 ns, Total: 400222 ns
[2020-08-12T16:16:38.770+0000][6][safepoint    ] Safepoint "Cleanup", Time since last: 1001384755 ns, Reaching safepoint: 374984 ns, At safepoint: 12812 ns, Total: 387796 ns
[2020-08-12T16:16:39.351+0000][6][safepoint    ] Safepoint "BulkRevokeBias", Time since last: 579473151 ns, Reaching safepoint: 343810 ns, At safepoint: 1131003 ns, Total: 1474813 ns
[2020-08-12T16:16:40.351+0000][6][safepoint    ] Safepoint "Cleanup", Time since last: 1000258002 ns, Reaching safepoint: 552120 ns, At safepoint: 25500 ns, Total: 577620 ns
[2020-08-12T16:16:41.352+0000][6][safepoint    ] Safepoint "Cleanup", Time since last: 1000259614 ns, Reaching safepoint: 722882 ns, At safepoint: 54199 ns, Total: 777081 ns
[2020-08-12T16:16:42.353+0000][6][safepoint    ] Safepoint "Cleanup", Time since last: 1000349989 ns, Reaching safepoint: 595632 ns, At safepoint: 64137 ns, Total: 659769 ns
[2020-08-12T16:16:43.354+0000][6][safepoint    ] Safepoint "Cleanup", Time since last: 1000354089 ns, Reaching safepoint: 627145 ns, At safepoint: 46537 ns, Total: 673682 ns
[2020-08-12T16:16:45.354+0000][6][safepoint    ] Safepoint "Cleanup", Time since last: 1999093979 ns, Reaching safepoint: 673157 ns, At safepoint: 44362 ns, Total: 717519 ns
[2020-08-12T16:16:46.356+0000][6][safepoint    ] Safepoint "Cleanup", Time since last: 1000355701 ns, Reaching safepoint: 861018 ns, At safepoint: 44237 ns, Total: 905255 ns
[2020-08-12T16:16:48.303+0000][6][safepoint    ] Safepoint "Cleanup", Time since last: 1946776078 ns, Reaching safepoint: 957229 ns, At safepoint: 47475 ns, Total: 1004704 ns
[2020-08-12T16:16:49.304+0000][6][safepoint    ] Safepoint "Cleanup", Time since last: 1000314476 ns, Reaching safepoint: 663870 ns, At safepoint: 30899 ns, Total: 694769 ns
[2020-08-12T16:16:50.305+0000][6][safepoint    ] Safepoint "Cleanup", Time since last: 1000291977 ns, Reaching safepoint: 732318 ns, At safepoint: 45213 ns, Total: 777531 ns
[2020-08-12T16:16:51.307+0000][6][safepoint    ] Safepoint "Cleanup", Time since last: 1000342114 ns, Reaching safepoint: 858917 ns, At safepoint: 43637 ns, Total: 902554 ns
[2020-08-12T16:16:52.307+0000][6][safepoint    ] Safepoint "Cleanup", Time since last: 1000258390 ns, Reaching safepoint: 582432 ns, At safepoint: 22988 ns, Total: 605420 ns
[2020-08-12T16:16:53.309+0000][6][safepoint    ] Safepoint "Cleanup", Time since last: 1000256052 ns, Reaching safepoint: 851980 ns, At safepoint: 43650 ns, Total: 895630 ns
[2020-08-12T16:16:54.310+0000][6][safepoint    ] Safepoint "Cleanup", Time since last: 1000395651 ns, Reaching safepoint: 771681 ns, At safepoint: 86399 ns, Total: 858080 ns
[2020-08-12T16:16:55.355+0000][6][safepoint    ] Safepoint "Cleanup", Time since last: 1044314936 ns, Reaching safepoint: 797931 ns, At safepoint: 39537 ns, Total: 837468 ns
[2020-08-12T16:16:56.356+0000][6][safepoint    ] Safepoint "Cleanup", Time since last: 1000259090 ns, Reaching safepoint: 688056 ns, At safepoint: 45975 ns, Total: 734031 ns
[2020-08-12T16:16:57.709+0000][6][safepoint    ] Safepoint "Cleanup", Time since last: 1031782369 ns, Reaching safepoint: 320791496 ns, At safepoint: 468459 ns, Total: 321259955 ns
[2020-08-12T16:16:59.355+0000][6][safepoint    ] Safepoint "Cleanup", Time since last: 1645531888 ns, Reaching safepoint: 466359 ns, At safepoint: 20687 ns, Total: 487046 ns
[2020-08-12T16:17:00.356+0000][6][safepoint    ] Safepoint "Cleanup", Time since last: 1000624337 ns, Reaching safepoint: 613444 ns, At safepoint: 53700 ns, Total: 667144 ns
[2020-08-12T16:17:01.358+0000][6][safepoint    ] Safepoint "Cleanup", Time since last: 1000337939 ns, Reaching safepoint: 857818 ns, At safepoint: 44537 ns, Total: 902355 ns
[2020-08-12T16:17:02.359+0000][6][safepoint    ] Safepoint "Cleanup", Time since last: 1000339876 ns, Reaching safepoint: 1086916 ns, At safepoint: 54724 ns, Total: 1141640 ns
[2020-08-12T16:17:03.360+0000][6][safepoint    ] Safepoint "Cleanup", Time since last: 1000345076 ns, Reaching safepoint: 683682 ns, At safepoint: 43875 ns, Total: 727557 ns
[2020-08-12T16:17:05.357+0000][6][safepoint    ] Safepoint "Cleanup", Time since last: 1996290940 ns, Reaching safepoint: 747044 ns, At safepoint: 47137 ns, Total: 794181 ns
[2020-08-12T16:17:06.358+0000][6][safepoint    ] Safepoint "Cleanup", Time since last: 1000364226 ns, Reaching safepoint: 681144 ns, At safepoint: 47862 ns, Total: 729006 ns
[2020-08-12T16:17:08.295+0000][6][safepoint    ] Safepoint "Cleanup", Time since last: 1935472300 ns, Reaching safepoint: 898443 ns, At safepoint: 44512 ns, Total: 942955 ns
[2020-08-12T16:17:09.296+0000][6][safepoint    ] Safepoint "Cleanup", Time since last: 1000373188 ns, Reaching safepoint: 550608 ns, At safepoint: 30200 ns, Total: 580808 ns
[2020-08-12T16:17:10.297+0000][6][safepoint    ] Safepoint "Cleanup", Time since last: 1000329776 ns, Reaching safepoint: 675782 ns, At safepoint: 33499 ns, Total: 709281 ns
[2020-08-12T16:17:11.298+0000][6][safepoint    ] Safepoint "Cleanup", Time since last: 1000342502 ns, Reaching safepoint: 840230 ns, At safepoint: 44687 ns, Total: 884917 ns
[2020-08-12T16:17:12.299+0000][6][safepoint    ] Safepoint "Cleanup", Time since last: 1000296065 ns, Reaching safepoint: 625357 ns, At safepoint: 24850 ns, Total: 650207 ns
[2020-08-12T16:17:13.300+0000][6][safepoint    ] Safepoint "Cleanup", Time since last: 1000259227 ns, Reaching safepoint: 890005 ns, At safepoint: 44737 ns, Total: 934742 ns
[2020-08-12T16:17:14.301+0000][6][safepoint    ] Safepoint "Cleanup", Time since last: 1000355113 ns, Reaching safepoint: 857981 ns, At safepoint: 44274 ns, Total: 902255 ns
[2020-08-12T16:17:15.358+0000][6][safepoint    ] Safepoint "Cleanup", Time since last: 1056120223 ns, Reaching safepoint: 613932 ns, At safepoint: 44987 ns, Total: 658919 ns
[2020-08-12T16:17:16.359+0000][6][safepoint    ] Safepoint "Cleanup", Time since last: 1000341252 ns, Reaching safepoint: 642382 ns, At safepoint: 54162 ns, Total: 696544 ns
[2020-08-12T16:17:18.346+0000][6][safepoint    ] Safepoint "Cleanup", Time since last: 1985909541 ns, Reaching safepoint: 851056 ns, At safepoint: 69049 ns, Total: 920105 ns
[2020-08-12T16:17:19.347+0000][6][safepoint    ] Safepoint "Cleanup", Time since last: 1000301239 ns, Reaching safepoint: 430259 ns, At safepoint: 55550 ns, Total: 485809 ns
[2020-08-12T16:17:20.357+0000][6][safepoint    ] Safepoint "Cleanup", Time since last: 1009776533 ns, Reaching safepoint: 604894 ns, At safepoint: 36038 ns, Total: 640932 ns
[2020-08-12T16:17:21.358+0000][6][safepoint    ] Safepoint "Cleanup", Time since last: 1000310451 ns, Reaching safepoint: 670882 ns, At safepoint: 54450 ns, Total: 725332 ns
[2020-08-12T16:17:22.360+0000][6][safepoint    ] Safepoint "Cleanup", Time since last: 1000291639 ns, Reaching safepoint: 920442 ns, At safepoint: 26987 ns, Total: 947429 ns
[2020-08-12T16:17:23.360+0000][6][safepoint    ] Safepoint "Cleanup", Time since last: 1000256765 ns, Reaching safepoint: 597282 ns, At safepoint: 44187 ns, Total: 641469 ns
[2020-08-12T16:17:25.358+0000][6][safepoint    ] Safepoint "Cleanup", Time since last: 1996701762 ns, Reaching safepoint: 568795 ns, At safepoint: 44425 ns, Total: 613220 ns
[2020-08-12T16:17:26.359+0000][6][safepoint    ] Safepoint "Cleanup", Time since last: 1000401076 ns, Reaching safepoint: 843443 ns, At safepoint: 66387 ns, Total: 909830 ns
[2020-08-12T16:17:27.375+0000][6][safepoint    ] Safepoint "Cleanup", Time since last: 1016041554 ns, Reaching safepoint: 284472 ns, At safepoint: 12350 ns, Total: 296822 ns
[2020-08-12T16:17:28.379+0000][6][safepoint    ] Safepoint "Cleanup", Time since last: 1002518933 ns, Reaching safepoint: 588132 ns, At safepoint: 43938 ns, Total: 632070 ns
[2020-08-12T16:17:29.773+0000][6][safepoint    ] Safepoint "Cleanup", Time since last: 1393623513 ns, Reaching safepoint: 749943 ns, At safepoint: 32775 ns, Total: 782718 ns
[2020-08-12T16:17:30.774+0000][6][safepoint    ] Safepoint "Cleanup", Time since last: 1000279877 ns, Reaching safepoint: 836930 ns, At safepoint: 44400 ns, Total: 881330 ns
[2020-08-12T16:17:31.775+0000][6][safepoint    ] Safepoint "Cleanup", Time since last: 1000345001 ns, Reaching safepoint: 844418 ns, At safepoint: 44575 ns, Total: 888993 ns
[2020-08-12T16:17:32.776+0000][6][safepoint    ] Safepoint "Cleanup", Time since last: 1000333026 ns, Reaching safepoint: 427534 ns, At safepoint: 23037 ns, Total: 450571 ns
[2020-08-12T16:17:33.777+0000][6][safepoint    ] Safepoint "Cleanup", Time since last: 1000218203 ns, Reaching safepoint: 247122 ns, At safepoint: 11225 ns, Total: 258347 ns
[2020-08-12T16:17:35.358+0000][6][safepoint    ] Safepoint "Cleanup", Time since last: 1580789357 ns, Reaching safepoint: 300023 ns, At safepoint: 24212 ns, Total: 324235 ns
[2020-08-12T16:17:36.359+0000][6][safepoint    ] Safepoint "Cleanup", Time since last: 1000301052 ns, Reaching safepoint: 807405 ns, At safepoint: 87687 ns, Total: 895092 ns
[2020-08-12T16:17:38.324+0000][6][safepoint    ] Safepoint "Cleanup", Time since last: 1964614775 ns, Reaching safepoint: 705156 ns, At safepoint: 45050 ns, Total: 750206 ns
[2020-08-12T16:17:39.325+0000][6][safepoint    ] Safepoint "Cleanup", Time since last: 1000349238 ns, Reaching safepoint: 581308 ns, At safepoint: 45987 ns, Total: 627295 ns
[2020-08-12T16:17:40.360+0000][6][safepoint    ] Safepoint "Cleanup", Time since last: 1033725565 ns, Reaching safepoint: 907580 ns, At safepoint: 48012 ns, Total: 955592 ns
[2020-08-12T16:17:41.361+0000][6][safepoint    ] Safepoint "Cleanup", Time since last: 1000334139 ns, Reaching safepoint: 805243 ns, At safepoint: 45662 ns, Total: 850905 ns
[2020-08-12T16:17:42.362+0000][6][safepoint    ] Safepoint "Cleanup", Time since last: 1000350376 ns, Reaching safepoint: 608808 ns, At safepoint: 27549 ns, Total: 636357 ns
[2020-08-12T16:17:43.363+0000][6][safepoint    ] Safepoint "Cleanup", Time since last: 1000244615 ns, Reaching safepoint: 758606 ns, At safepoint: 45375 ns, Total: 803981 ns
[2020-08-12T16:17:45.361+0000][6][safepoint    ] Safepoint "Cleanup", Time since last: 1996992834 ns, Reaching safepoint: 850518 ns, At safepoint: 44862 ns, Total: 895380 ns
[2020-08-12T16:17:46.362+0000][6][safepoint    ] Safepoint "Cleanup", Time since last: 1000354264 ns, Reaching safepoint: 788993 ns, At safepoint: 46224 ns, Total: 835217 ns
[2020-08-12T16:17:47.363+0000][6][safepoint    ] Safepoint "Cleanup", Time since last: 1000306165 ns, Reaching safepoint: 482733 ns, At safepoint: 26175 ns, Total: 508908 ns
[2020-08-12T16:17:48.391+0000][6][safepoint    ] Safepoint "Cleanup", Time since last: 1026975298 ns, Reaching safepoint: 590482 ns, At safepoint: 44312 ns, Total: 634794 ns
[2020-08-12T16:17:49.392+0000][6][safepoint    ] Safepoint "Cleanup", Time since last: 1000385701 ns, Reaching safepoint: 525958 ns, At safepoint: 53499 ns, Total: 579457 ns
[2020-08-12T16:17:50.393+0000][6][safepoint    ] Safepoint "Cleanup", Time since last: 1000346777 ns, Reaching safepoint: 739831 ns, At safepoint: 43962 ns, Total: 783793 ns
[2020-08-12T16:17:51.394+0000][6][safepoint    ] Safepoint "Cleanup", Time since last: 1000412751 ns, Reaching safepoint: 820005 ns, At safepoint: 71112 ns, Total: 891117 ns
[2020-08-12T16:17:52.395+0000][6][safepoint    ] Safepoint "Cleanup", Time since last: 1000342539 ns, Reaching safepoint: 511896 ns, At safepoint: 56862 ns, Total: 568758 ns
[2020-08-12T16:17:53.396+0000][6][safepoint    ] Safepoint "Cleanup", Time since last: 1000385113 ns, Reaching safepoint: 643620 ns, At safepoint: 46199 ns, Total: 689819 ns
[2020-08-12T16:17:55.363+0000][6][safepoint    ] Safepoint "Cleanup", Time since last: 1966320398 ns, Reaching safepoint: 594007 ns, At safepoint: 30675 ns, Total: 624682 ns
[2020-08-12T16:17:56.364+0000][6][safepoint    ] Safepoint "Cleanup", Time since last: 1000295039 ns, Reaching safepoint: 871993 ns, At safepoint: 46075 ns, Total: 918068 ns
[2020-08-12T16:17:57.371+0000][6][safepoint    ] Safepoint "Cleanup", Time since last: 1006653972 ns, Reaching safepoint: 421759 ns, At safepoint: 11437 ns, Total: 433196 ns
[2020-08-12T16:17:58.381+0000][6][safepoint    ] Safepoint "Cleanup", Time since last: 1008504406 ns, Reaching safepoint: 688457 ns, At safepoint: 54874 ns, Total: 743331 ns
[2020-08-12T16:18:00.361+0000][6][safepoint    ] Safepoint "Cleanup", Time since last: 1980156179 ns, Reaching safepoint: 621208 ns, At safepoint: 44262 ns, Total: 665470 ns
[2020-08-12T16:18:01.362+0000][6][safepoint    ] Safepoint "Cleanup", Time since last: 1000343038 ns, Reaching safepoint: 619245 ns, At safepoint: 45174 ns, Total: 664419 ns
[2020-08-12T16:18:02.363+0000][6][safepoint    ] Safepoint "Cleanup", Time since last: 1000318590 ns, Reaching safepoint: 530120 ns, At safepoint: 29425 ns, Total: 559545 ns
[2020-08-12T16:18:03.364+0000][6][safepoint    ] Safepoint "Cleanup", Time since last: 1000213540 ns, Reaching safepoint: 305647 ns, At safepoint: 21200 ns, Total: 326847 ns
[2020-08-12T16:18:05.362+0000][6][safepoint    ] Safepoint "Cleanup", Time since last: 1998132400 ns, Reaching safepoint: 396121 ns, At safepoint: 55762 ns, Total: 451883 ns
[2020-08-12T16:18:06.363+0000][6][safepoint    ] Safepoint "Cleanup", Time since last: 1000349002 ns, Reaching safepoint: 665394 ns, At safepoint: 54037 ns, Total: 719431 ns
[2020-08-12T16:18:08.361+0000][6][safepoint    ] Safepoint "Cleanup", Time since last: 1996800599 ns, Reaching safepoint: 738256 ns, At safepoint: 57837 ns, Total: 796093 ns
[2020-08-12T16:18:09.362+0000][6][safepoint    ] Safepoint "Cleanup", Time since last: 1000275814 ns, Reaching safepoint: 443459 ns, At safepoint: 28700 ns, Total: 472159 ns
[2020-08-12T16:18:10.363+0000][6][safepoint    ] Safepoint "Cleanup", Time since last: 1000299126 ns, Reaching safepoint: 909668 ns, At safepoint: 71699 ns, Total: 981367 ns
[2020-08-12T16:18:11.364+0000][6][safepoint    ] Safepoint "Cleanup", Time since last: 1000359226 ns, Reaching safepoint: 712582 ns, At safepoint: 52962 ns, Total: 765544 ns
[2020-08-12T16:18:12.365+0000][6][safepoint    ] Safepoint "Cleanup", Time since last: 1000289627 ns, Reaching safepoint: 579507 ns, At safepoint: 22450 ns, Total: 601957 ns
[2020-08-12T16:18:13.366+0000][6][safepoint    ] Safepoint "Cleanup", Time since last: 1000256439 ns, Reaching safepoint: 658595 ns, At safepoint: 55062 ns, Total: 713657 ns
[2020-08-12T16:18:14.367+0000][6][safepoint    ] Safepoint "BulkRevokeBias", Time since last: 995300507 ns, Reaching safepoint: 3112373 ns, At safepoint: 2582816 ns, Total: 5695189 ns
[2020-08-12T16:18:15.371+0000][6][safepoint    ] Safepoint "Cleanup", Time since last: 1003177914 ns, Reaching safepoint: 556995 ns, At safepoint: 30025 ns, Total: 587020 ns
[2020-08-12T16:18:16.373+0000][6][safepoint    ] Safepoint "Cleanup", Time since last: 1000911597 ns, Reaching safepoint: 1096040 ns, At safepoint: 90924 ns, Total: 1186964 ns
[2020-08-12T16:18:18.370+0000][6][safepoint    ] Safepoint "Cleanup", Time since last: 1995769195 ns, Reaching safepoint: 824681 ns, At safepoint: 44212 ns, Total: 868893 ns
[2020-08-12T16:18:20.363+0000][6][safepoint    ] Safepoint "Cleanup", Time since last: 1993039343 ns, Reaching safepoint: 487109 ns, At safepoint: 22499 ns, Total: 509608 ns
[2020-08-12T16:18:21.364+0000][6][safepoint    ] Safepoint "Cleanup", Time since last: 1000257202 ns, Reaching safepoint: 841506 ns, At safepoint: 46949 ns, Total: 888455 ns
[2020-08-12T16:18:22.365+0000][6][safepoint    ] Safepoint "Cleanup", Time since last: 1000291827 ns, Reaching safepoint: 563382 ns, At safepoint: 21800 ns, Total: 585182 ns
[2020-08-12T16:18:23.366+0000][6][safepoint    ] Safepoint "Cleanup", Time since last: 1000253902 ns, Reaching safepoint: 728394 ns, At safepoint: 56275 ns, Total: 784669 ns
[2020-08-12T16:18:25.364+0000][6][safepoint    ] Safepoint "Cleanup", Time since last: 1997598417 ns, Reaching safepoint: 494545 ns, At safepoint: 38850 ns, Total: 533395 ns
[2020-08-12T16:18:26.365+0000][6][safepoint    ] Safepoint "Cleanup", Time since last: 1000327539 ns, Reaching safepoint: 671969 ns, At safepoint: 46087 ns, Total: 718056 ns
[2020-08-12T16:18:27.386+0000][6][safepoint    ] Safepoint "Cleanup", Time since last: 1020255931 ns, Reaching safepoint: 357272 ns, At safepoint: 11250 ns, Total: 368522 ns
[2020-08-12T16:18:28.394+0000][6][safepoint    ] Safepoint "Cleanup", Time since last: 1007309366 ns, Reaching safepoint: 791894 ns, At safepoint: 54874 ns, Total: 846768 ns
[2020-08-12T16:18:29.735+0000][6][safepoint    ] Safepoint "Cleanup", Time since last: 1340810592 ns, Reaching safepoint: 410946 ns, At safepoint: 21212 ns, Total: 432158 ns
[2020-08-12T16:18:30.737+0000][6][safepoint    ] Safepoint "Cleanup", Time since last: 1000254102 ns, Reaching safepoint: 1133591 ns, At safepoint: 49524 ns, Total: 1183115 ns
[2020-08-12T16:18:31.738+0000][6][safepoint    ] Safepoint "Cleanup", Time since last: 1000418676 ns, Reaching safepoint: 592720 ns, At safepoint: 115536 ns, Total: 708256 ns
[2020-08-12T16:18:32.739+0000][6][safepoint    ] Safepoint "Cleanup", Time since last: 1000304665 ns, Reaching safepoint: 418546 ns, At safepoint: 54612 ns, Total: 473158 ns
[2020-08-12T16:18:33.739+0000][6][safepoint    ] Safepoint "Cleanup", Time since last: 1000328577 ns, Reaching safepoint: 253272 ns, At safepoint: 11350 ns, Total: 264622 ns
[2020-08-12T16:18:34.379+0000][6][safepoint    ] Safepoint "BulkRevokeBias", Time since last: 635375109 ns, Reaching safepoint: 795656 ns, At safepoint: 3700481 ns, Total: 4496137 ns
[2020-08-12T16:18:35.380+0000][6][safepoint    ] Safepoint "Cleanup", Time since last: 1000365901 ns, Reaching safepoint: 532420 ns, At safepoint: 23475 ns, Total: 555895 ns
[2020-08-12T16:18:36.381+0000][6][safepoint    ] Safepoint "Cleanup", Time since last: 1000275714 ns, Reaching safepoint: 872355 ns, At safepoint: 44425 ns, Total: 916780 ns
[2020-08-12T16:18:38.295+0000][6][safepoint    ] Safepoint "Cleanup", Time since last: 1913437289 ns, Reaching safepoint: 705119 ns, At safepoint: 52662 ns, Total: 757781 ns
[2020-08-12T16:18:39.297+0000][6][safepoint    ] Safepoint "Cleanup", Time since last: 1000429151 ns, Reaching safepoint: 775806 ns, At safepoint: 43974 ns, Total: 819780 ns
[2020-08-12T16:18:40.366+0000][6][safepoint    ] Safepoint "Cleanup", Time since last: 1068295118 ns, Reaching safepoint: 909230 ns, At safepoint: 45900 ns, Total: 955130 ns
[2020-08-12T16:18:41.367+0000][6][safepoint    ] Safepoint "Cleanup", Time since last: 1000337151 ns, Reaching safepoint: 913179 ns, At safepoint: 44675 ns, Total: 957854 ns
[2020-08-12T16:18:42.369+0000][6][safepoint    ] Safepoint "Cleanup", Time since last: 1000295577 ns, Reaching safepoint: 1042328 ns, At safepoint: 70250 ns, Total: 1112578 ns
[2020-08-12T16:18:43.370+0000][6][safepoint    ] Safepoint "Cleanup", Time since last: 1000396701 ns, Reaching safepoint: 754743 ns, At safepoint: 156511 ns, Total: 911254 ns
[2020-08-12T16:18:45.367+0000][6][safepoint    ] Safepoint "Cleanup", Time since last: 1995569485 ns, Reaching safepoint: 960416 ns, At safepoint: 44538 ns, Total: 1004954 ns
[2020-08-12T16:18:46.369+0000][6][safepoint    ] Safepoint "Cleanup", Time since last: 1001439092 ns, Reaching safepoint: 775518 ns, At safepoint: 43975 ns, Total: 819493 ns
[2020-08-12T16:18:47.313+0000][6][safepoint    ] Safepoint "BulkRevokeBias", Time since last: 942170713 ns, Reaching safepoint: 644407 ns, At safepoint: 1679760 ns, Total: 2324167 ns
[2020-08-12T16:18:48.314+0000][6][safepoint    ] Safepoint "Cleanup", Time since last: 1000298552 ns, Reaching safepoint: 727631 ns, At safepoint: 55162 ns, Total: 782793 ns
[2020-08-12T16:18:49.315+0000][6][safepoint    ] Safepoint "Cleanup", Time since last: 1000364801 ns, Reaching safepoint: 467971 ns, At safepoint: 34400 ns, Total: 502371 ns
[2020-08-12T16:18:50.316+0000][6][safepoint    ] Safepoint "Cleanup", Time since last: 1000292927 ns, Reaching safepoint: 498796 ns, At safepoint: 34849 ns, Total: 533645 ns
[2020-08-12T16:18:51.317+0000][6][safepoint    ] Safepoint "Cleanup", Time since last: 1000316177 ns, Reaching safepoint: 584320 ns, At safepoint: 44837 ns, Total: 629157 ns
[2020-08-12T16:18:52.318+0000][6][safepoint    ] Safepoint "Cleanup", Time since last: 1000343426 ns, Reaching safepoint: 662070 ns, At safepoint: 55712 ns, Total: 717782 ns
[2020-08-12T16:18:53.319+0000][6][safepoint    ] Safepoint "Cleanup", Time since last: 1000333401 ns, Reaching safepoint: 833643 ns, At safepoint: 44162 ns, Total: 877805 ns
[2020-08-12T16:18:54.321+0000][6][safepoint    ] Safepoint "Cleanup", Time since last: 1000347876 ns, Reaching safepoint: 840931 ns, At safepoint: 44462 ns, Total: 885393 ns
[2020-08-12T16:18:55.368+0000][6][safepoint    ] Safepoint "Cleanup", Time since last: 1046680241 ns, Reaching safepoint: 424321 ns, At safepoint: 25375 ns, Total: 449696 ns
[2020-08-12T16:18:56.369+0000][6][safepoint    ] Safepoint "Cleanup", Time since last: 1000260577 ns, Reaching safepoint: 579908 ns, At safepoint: 45737 ns, Total: 625645 ns
[2020-08-12T16:18:57.388+0000][6][safepoint    ] Safepoint "Cleanup", Time since last: 1018963079 ns, Reaching safepoint: 290572 ns, At safepoint: 18500 ns, Total: 309072 ns
[2020-08-12T16:18:58.396+0000][6][safepoint    ] Safepoint "Cleanup", Time since last: 1007451465 ns, Reaching safepoint: 1124203 ns, At safepoint: 59524 ns, Total: 1183727 ns
[2020-08-12T16:19:00.367+0000][6][safepoint    ] Safepoint "Cleanup", Time since last: 1969596745 ns, Reaching safepoint: 617170 ns, At safepoint: 54074 ns, Total: 671244 ns
[2020-08-12T16:19:01.368+0000][6][safepoint    ] Safepoint "Cleanup", Time since last: 1000463313 ns, Reaching safepoint: 514546 ns, At safepoint: 37900 ns, Total: 552446 ns
[2020-08-12T16:19:02.369+0000][6][safepoint    ] Safepoint "Cleanup", Time since last: 1000331826 ns, Reaching safepoint: 737844 ns, At safepoint: 84574 ns, Total: 822418 ns
[2020-08-12T16:19:03.370+0000][6][safepoint    ] Safepoint "Cleanup", Time since last: 1000251915 ns, Reaching safepoint: 415146 ns, At safepoint: 21525 ns, Total: 436671 ns
[2020-08-12T16:19:05.368+0000][6][safepoint    ] Safepoint "Cleanup", Time since last: 1997490418 ns, Reaching safepoint: 497220 ns, At safepoint: 24888 ns, Total: 522108 ns
[2020-08-12T16:19:06.369+0000][6][safepoint    ] Safepoint "Cleanup", Time since last: 1000329239 ns, Reaching safepoint: 1077878 ns, At safepoint: 92512 ns, Total: 1170390 ns
[2020-08-12T16:19:08.318+0000][6][safepoint    ] Safepoint "Cleanup", Time since last: 1948222053 ns, Reaching safepoint: 883655 ns, At safepoint: 47974 ns, Total: 931629 ns
[2020-08-12T16:19:09.319+0000][6][safepoint    ] Safepoint "Cleanup", Time since last: 1000312214 ns, Reaching safepoint: 529333 ns, At safepoint: 31550 ns, Total: 560883 ns
[2020-08-12T16:19:10.320+0000][6][safepoint    ] Safepoint "Cleanup", Time since last: 1000301264 ns, Reaching safepoint: 820281 ns, At safepoint: 47199 ns, Total: 867480 ns
[2020-08-12T16:19:11.321+0000][6][safepoint    ] Safepoint "Cleanup", Time since last: 1000324764 ns, Reaching safepoint: 664832 ns, At safepoint: 46250 ns, Total: 711082 ns
[2020-08-12T16:19:12.322+0000][6][safepoint    ] Safepoint "Cleanup", Time since last: 1000293651 ns, Reaching safepoint: 661294 ns, At safepoint: 29287 ns, Total: 690581 ns
[2020-08-12T16:19:13.323+0000][6][safepoint    ] Safepoint "Cleanup", Time since last: 1000262815 ns, Reaching safepoint: 714606 ns, At safepoint: 54600 ns, Total: 769206 ns
[2020-08-12T16:19:14.324+0000][6][safepoint    ] Safepoint "Cleanup", Time since last: 1000356951 ns, Reaching safepoint: 565283 ns, At safepoint: 44962 ns, Total: 610245 ns
[2020-08-12T16:19:15.370+0000][6][safepoint    ] Safepoint "Cleanup", Time since last: 1045104167 ns, Reaching safepoint: 365410 ns, At safepoint: 18274 ns, Total: 383684 ns
[2020-08-12T16:19:16.371+0000][6][safepoint    ] Safepoint "Cleanup", Time since last: 1000350577 ns, Reaching safepoint: 1023554 ns, At safepoint: 44749 ns, Total: 1068303 ns
[2020-08-12T16:19:18.341+0000][6][safepoint    ] Safepoint "Cleanup", Time since last: 1968915976 ns, Reaching safepoint: 821243 ns, At safepoint: 44737 ns, Total: 865980 ns
[2020-08-12T16:19:19.342+0000][6][safepoint    ] Safepoint "Cleanup", Time since last: 1000324864 ns, Reaching safepoint: 506133 ns, At safepoint: 77537 ns, Total: 583670 ns
[2020-08-12T16:19:20.369+0000][6][safepoint    ] Safepoint "Cleanup", Time since last: 1026289903 ns, Reaching safepoint: 347685 ns, At safepoint: 17637 ns, Total: 365322 ns
[2020-08-12T16:19:21.370+0000][6][safepoint    ] Safepoint "Cleanup", Time since last: 1000247715 ns, Reaching safepoint: 850793 ns, At safepoint: 43962 ns, Total: 894755 ns
[2020-08-12T16:19:22.371+0000][6][safepoint    ] Safepoint "Cleanup", Time since last: 1000381638 ns, Reaching safepoint: 1087566 ns, At safepoint: 64887 ns, Total: 1152453 ns
[2020-08-12T16:19:23.372+0000][6][safepoint    ] Safepoint "Cleanup", Time since last: 1000349589 ns, Reaching safepoint: 752556 ns, At safepoint: 56050 ns, Total: 808606 ns
[2020-08-12T16:19:25.370+0000][6][safepoint    ] Safepoint "Cleanup", Time since last: 1997074996 ns, Reaching safepoint: 623832 ns, At safepoint: 45524 ns, Total: 669356 ns
[2020-08-12T16:19:26.371+0000][6][safepoint    ] Safepoint "Cleanup", Time since last: 1000351139 ns, Reaching safepoint: 711869 ns, At safepoint: 55050 ns, Total: 766919 ns
[2020-08-12T16:19:27.412+0000][6][safepoint    ] Safepoint "Cleanup", Time since last: 1040777641 ns, Reaching safepoint: 279748 ns, At safepoint: 17437 ns, Total: 297185 ns
[2020-08-12T16:19:28.421+0000][6][safepoint    ] Safepoint "Cleanup", Time since last: 1007401529 ns, Reaching safepoint: 1317488 ns, At safepoint: 74475 ns, Total: 1391963 ns
[2020-08-12T16:19:29.810+0000][6][safepoint    ] Safepoint "Cleanup", Time since last: 1388228372 ns, Reaching safepoint: 764806 ns, At safepoint: 58999 ns, Total: 823805 ns
[2020-08-12T16:19:30.811+0000][6][safepoint    ] Safepoint "Cleanup", Time since last: 1000349227 ns, Reaching safepoint: 870192 ns, At safepoint: 44562 ns, Total: 914754 ns
[2020-08-12T16:19:31.813+0000][6][safepoint    ] Safepoint "Cleanup", Time since last: 1000351201 ns, Reaching safepoint: 821131 ns, At safepoint: 43950 ns, Total: 865081 ns
[2020-08-12T16:19:32.814+0000][6][safepoint    ] Safepoint "Cleanup", Time since last: 1000381238 ns, Reaching safepoint: 775843 ns, At safepoint: 92462 ns, Total: 868305 ns
[2020-08-12T16:19:33.814+0000][6][safepoint    ] Safepoint "Cleanup", Time since last: 1000299102 ns, Reaching safepoint: 257723 ns, At safepoint: 11462 ns, Total: 269185 ns
[2020-08-12T16:19:35.381+0000][6][safepoint    ] Safepoint "Cleanup", Time since last: 1565982921 ns, Reaching safepoint: 246223 ns, At safepoint: 11275 ns, Total: 257498 ns
[2020-08-12T16:19:36.382+0000][6][safepoint    ] Safepoint "Cleanup", Time since last: 1000305065 ns, Reaching safepoint: 799705 ns, At safepoint: 89262 ns, Total: 888967 ns
[2020-08-12T16:19:38.353+0000][6][safepoint    ] Safepoint "Cleanup", Time since last: 1970071990 ns, Reaching safepoint: 827168 ns, At safepoint: 97174 ns, Total: 924342 ns
[2020-08-12T16:19:39.354+0000][6][safepoint    ] Safepoint "Cleanup", Time since last: 1000327114 ns, Reaching safepoint: 536096 ns, At safepoint: 54262 ns, Total: 590358 ns
[2020-08-12T16:19:40.371+0000][6][safepoint    ] Safepoint "Cleanup", Time since last: 1016680148 ns, Reaching safepoint: 793381 ns, At safepoint: 54250 ns, Total: 847631 ns
[2020-08-12T16:19:41.372+0000][6][safepoint    ] Safepoint "Cleanup", Time since last: 1000354413 ns, Reaching safepoint: 624908 ns, At safepoint: 45274 ns, Total: 670182 ns
[2020-08-12T16:19:42.373+0000][6][safepoint    ] Safepoint "Cleanup", Time since last: 1000348376 ns, Reaching safepoint: 609420 ns, At safepoint: 56562 ns, Total: 665982 ns
[2020-08-12T16:19:43.375+0000][6][safepoint    ] Safepoint "Cleanup", Time since last: 1000397014 ns, Reaching safepoint: 656957 ns, At safepoint: 46662 ns, Total: 703619 ns
[2020-08-12T16:19:45.372+0000][6][safepoint    ] Safepoint "Cleanup", Time since last: 1997054283 ns, Reaching safepoint: 527658 ns, At safepoint: 26737 ns, Total: 554395 ns
[2020-08-12T16:19:46.373+0000][6][safepoint    ] Safepoint "Cleanup", Time since last: 1000280852 ns, Reaching safepoint: 656470 ns, At safepoint: 46237 ns, Total: 702707 ns
[2020-08-12T16:19:47.374+0000][6][safepoint    ] Safepoint "Cleanup", Time since last: 1000277852 ns, Reaching safepoint: 448371 ns, At safepoint: 16675 ns, Total: 465046 ns
[2020-08-12T16:19:48.406+0000][6][safepoint    ] Safepoint "Cleanup", Time since last: 1030935889 ns, Reaching safepoint: 873005 ns, At safepoint: 58199 ns, Total: 931204 ns
[2020-08-12T16:19:49.407+0000][6][safepoint    ] Safepoint "Cleanup", Time since last: 1000626149 ns, Reaching safepoint: 393634 ns, At safepoint: 35400 ns, Total: 429034 ns
[2020-08-12T16:19:50.408+0000][6][safepoint    ] Safepoint "Cleanup", Time since last: 1000426701 ns, Reaching safepoint: 507683 ns, At safepoint: 44337 ns, Total: 552020 ns
[2020-08-12T16:19:51.409+0000][6][safepoint    ] Safepoint "Cleanup", Time since last: 1000447163 ns, Reaching safepoint: 915142 ns, At safepoint: 58662 ns, Total: 973804 ns
[2020-08-12T16:19:52.411+0000][6][safepoint    ] Safepoint "Cleanup", Time since last: 1000342639 ns, Reaching safepoint: 1043778 ns, At safepoint: 61925 ns, Total: 1105703 ns
[2020-08-12T16:19:53.412+0000][6][safepoint    ] Safepoint "Cleanup", Time since last: 1000353163 ns, Reaching safepoint: 768831 ns, At safepoint: 44225 ns, Total: 813056 ns
[2020-08-12T16:19:55.373+0000][6][safepoint    ] Safepoint "Cleanup", Time since last: 1960940456 ns, Reaching safepoint: 466259 ns, At safepoint: 55287 ns, Total: 521546 ns
[2020-08-12T16:19:56.374+0000][6][safepoint    ] Safepoint "Cleanup", Time since last: 1000349939 ns, Reaching safepoint: 653519 ns, At safepoint: 53412 ns, Total: 706931 ns
[2020-08-12T16:19:57.386+0000][6][safepoint    ] Safepoint "Cleanup", Time since last: 1011603505 ns, Reaching safepoint: 318397 ns, At safepoint: 15825 ns, Total: 334222 ns
[2020-08-12T16:19:58.395+0000][6][safepoint    ] Safepoint "Cleanup", Time since last: 1007792550 ns, Reaching safepoint: 1037291 ns, At safepoint: 58687 ns, Total: 1095978 ns
[2020-08-12T16:20:00.374+0000][6][safepoint    ] Safepoint "Cleanup", Time since last: 1978773678 ns, Reaching safepoint: 488721 ns, At safepoint: 25200 ns, Total: 513921 ns
[2020-08-12T16:20:01.375+0000][6][safepoint    ] Safepoint "Cleanup", Time since last: 1000281077 ns, Reaching safepoint: 652732 ns, At safepoint: 43837 ns, Total: 696569 ns
[2020-08-12T16:20:02.376+0000][6][safepoint    ] Safepoint "Cleanup", Time since last: 1000291952 ns, Reaching safepoint: 529520 ns, At safepoint: 24237 ns, Total: 553757 ns
[2020-08-12T16:20:03.377+0000][6][safepoint    ] Safepoint "Cleanup", Time since last: 1000270390 ns, Reaching safepoint: 826155 ns, At safepoint: 45513 ns, Total: 871668 ns
[2020-08-12T16:20:04.378+0000][6][safepoint    ] Safepoint "Cleanup", Time since last: 1000285901 ns, Reaching safepoint: 791969 ns, At safepoint: 31999 ns, Total: 823968 ns
[2020-08-12T16:20:05.616+0000][6][safepoint    ] Safepoint "Cleanup", Time since last: 1236119515 ns, Reaching safepoint: 915380 ns, At safepoint: 44062 ns, Total: 959442 ns
[2020-08-12T16:20:06.617+0000][6][safepoint    ] Safepoint "Cleanup", Time since last: 1000420551 ns, Reaching safepoint: 767031 ns, At safepoint: 43562 ns, Total: 810593 ns
[2020-08-12T16:20:08.372+0000][6][safepoint    ] Safepoint "Cleanup", Time since last: 1754325442 ns, Reaching safepoint: 868143 ns, At safepoint: 68924 ns, Total: 937067 ns
[2020-08-12T16:20:09.375+0000][6][safepoint    ] Safepoint "Cleanup", Time since last: 1001246881 ns, Reaching safepoint: 1228365 ns, At safepoint: 65537 ns, Total: 1293902 ns
[2020-08-12T16:20:10.376+0000][6][safepoint    ] Safepoint "Cleanup", Time since last: 1000359851 ns, Reaching safepoint: 775281 ns, At safepoint: 44499 ns, Total: 819780 ns
[2020-08-12T16:20:11.377+0000][6][safepoint    ] Safepoint "Cleanup", Time since last: 1000456113 ns, Reaching safepoint: 863668 ns, At safepoint: 44474 ns, Total: 908142 ns
[2020-08-12T16:20:12.379+0000][6][safepoint    ] Safepoint "Cleanup", Time since last: 1000373089 ns, Reaching safepoint: 1092653 ns, At safepoint: 56875 ns, Total: 1149528 ns
[2020-08-12T16:20:13.380+0000][6][safepoint    ] Safepoint "Cleanup", Time since last: 1000407451 ns, Reaching safepoint: 773430 ns, At safepoint: 117012 ns, Total: 890442 ns
[2020-08-12T16:20:14.445+0000][6][safepoint    ] Safepoint "Cleanup", Time since last: 1064113666 ns, Reaching safepoint: 632732 ns, At safepoint: 55400 ns, Total: 688132 ns
[2020-08-12T16:20:15.446+0000][6][safepoint    ] Safepoint "Cleanup", Time since last: 1000911772 ns, Reaching safepoint: 523945 ns, At safepoint: 56175 ns, Total: 580120 ns
[2020-08-12T16:20:16.447+0000][6][safepoint    ] Safepoint "Cleanup", Time since last: 1000353688 ns, Reaching safepoint: 667969 ns, At safepoint: 45250 ns, Total: 713219 ns
[2020-08-12T16:20:18.366+0000][6][safepoint    ] Safepoint "Cleanup", Time since last: 1918263523 ns, Reaching safepoint: 687594 ns, At safepoint: 46549 ns, Total: 734143 ns
[2020-08-12T16:20:19.367+0000][6][safepoint    ] Safepoint "Cleanup", Time since last: 1000355014 ns, Reaching safepoint: 694669 ns, At safepoint: 45275 ns, Total: 739944 ns
[2020-08-12T16:20:20.377+0000][6][safepoint    ] Safepoint "Cleanup", Time since last: 1008550218 ns, Reaching safepoint: 779619 ns, At safepoint: 43512 ns, Total: 823131 ns
[2020-08-12T16:20:21.378+0000][6][safepoint    ] Safepoint "Cleanup", Time since last: 1000435562 ns, Reaching safepoint: 849981 ns, At safepoint: 47112 ns, Total: 897093 ns
[2020-08-12T16:20:22.380+0000][6][safepoint    ] Safepoint "Cleanup", Time since last: 1000346201 ns, Reaching safepoint: 1092491 ns, At safepoint: 64199 ns, Total: 1156690 ns
[2020-08-12T16:20:23.381+0000][6][safepoint    ] Safepoint "Cleanup", Time since last: 1000344051 ns, Reaching safepoint: 796969 ns, At safepoint: 44249 ns, Total: 841218 ns
[2020-08-12T16:20:25.378+0000][6][safepoint    ] Safepoint "Cleanup", Time since last: 1996455564 ns, Reaching safepoint: 569971 ns, At safepoint: 66986 ns, Total: 636957 ns
[2020-08-12T16:20:26.379+0000][6][safepoint    ] Safepoint "Cleanup", Time since last: 1000287802 ns, Reaching safepoint: 824318 ns, At safepoint: 46125 ns, Total: 870443 ns
[2020-08-12T16:20:27.381+0000][6][safepoint    ] Safepoint "Cleanup", Time since last: 1000211852 ns, Reaching safepoint: 1757885 ns, At safepoint: 43650 ns, Total: 1801535 ns
[2020-08-12T16:20:28.382+0000][6][safepoint    ] Safepoint "Cleanup", Time since last: 1000326501 ns, Reaching safepoint: 846168 ns, At safepoint: 58287 ns, Total: 904455 ns
[2020-08-12T16:20:28.818+0000][6][safepoint    ] Safepoint "BulkRevokeBias", Time since last: 434648770 ns, Reaching safepoint: 257897 ns, At safepoint: 854031 ns, Total: 1111928 ns
[2020-08-12T16:20:29.822+0000][6][safepoint    ] Safepoint "Cleanup", Time since last: 1002529607 ns, Reaching safepoint: 1448550 ns, At safepoint: 52937 ns, Total: 1501487 ns
[2020-08-12T16:20:30.823+0000][6][safepoint    ] Safepoint "Cleanup", Time since last: 1000280602 ns, Reaching safepoint: 679782 ns, At safepoint: 44487 ns, Total: 724269 ns
[2020-08-12T16:20:31.824+0000][6][safepoint    ] Safepoint "Cleanup", Time since last: 1000342989 ns, Reaching safepoint: 700969 ns, At safepoint: 54712 ns, Total: 755681 ns
[2020-08-12T16:20:32.825+0000][6][safepoint    ] Safepoint "Cleanup", Time since last: 1000311464 ns, Reaching safepoint: 573970 ns, At safepoint: 56112 ns, Total: 630082 ns
[2020-08-12T16:20:33.826+0000][6][safepoint    ] Safepoint "Cleanup", Time since last: 1000342876 ns, Reaching safepoint: 687107 ns, At safepoint: 44499 ns, Total: 731606 ns
[2020-08-12T16:20:35.093+0000][6][safepoint    ] Safepoint "BulkRevokeBias", Time since last: 1264716120 ns, Reaching safepoint: 384359 ns, At safepoint: 1210190 ns, Total: 1594549 ns
[2020-08-12T16:20:36.099+0000][6][safepoint    ] Safepoint "Cleanup", Time since last: 1005792467 ns, Reaching safepoint: 1018029 ns, At safepoint: 44412 ns, Total: 1062441 ns
[2020-08-12T16:20:37.101+0000][6][safepoint    ] Safepoint "Cleanup", Time since last: 1000325439 ns, Reaching safepoint: 1004642 ns, At safepoint: 56862 ns, Total: 1061504 ns
[2020-08-12T16:20:38.366+0000][6][safepoint    ] Safepoint "Cleanup", Time since last: 1264553796 ns, Reaching safepoint: 865580 ns, At safepoint: 44462 ns, Total: 910042 ns
[2020-08-12T16:20:39.367+0000][6][safepoint    ] Safepoint "Cleanup", Time since last: 1000344114 ns, Reaching safepoint: 563057 ns, At safepoint: 44787 ns, Total: 607844 ns
[2020-08-12T16:20:40.377+0000][6][safepoint    ] Safepoint "Cleanup", Time since last: 1009192688 ns, Reaching safepoint: 727182 ns, At safepoint: 45462 ns, Total: 772644 ns
[2020-08-12T16:20:41.378+0000][6][safepoint    ] Safepoint "Cleanup", Time since last: 1000382926 ns, Reaching safepoint: 760368 ns, At safepoint: 44812 ns, Total: 805180 ns
[2020-08-12T16:20:42.380+0000][6][safepoint    ] Safepoint "Cleanup", Time since last: 1000295652 ns, Reaching safepoint: 874118 ns, At safepoint: 74136 ns, Total: 948254 ns
[2020-08-12T16:20:43.381+0000][6][safepoint    ] Safepoint "Cleanup", Time since last: 1000344377 ns, Reaching safepoint: 777081 ns, At safepoint: 44374 ns, Total: 821455 ns
[2020-08-12T16:20:45.380+0000][6][safepoint    ] Safepoint "Cleanup", Time since last: 1998491734 ns, Reaching safepoint: 939980 ns, At safepoint: 44524 ns, Total: 984504 ns
[2020-08-12T16:20:46.382+0000][6][safepoint    ] Safepoint "Cleanup", Time since last: 1000354739 ns, Reaching safepoint: 895205 ns, At safepoint: 44724 ns, Total: 939929 ns
[2020-08-12T16:20:48.366+0000][6][safepoint    ] Safepoint "Cleanup", Time since last: 1983711361 ns, Reaching safepoint: 803356 ns, At safepoint: 43900 ns, Total: 847256 ns
[2020-08-12T16:20:49.367+0000][6][safepoint    ] Safepoint "Cleanup", Time since last: 1000340789 ns, Reaching safepoint: 731656 ns, At safepoint: 45999 ns, Total: 777655 ns
[2020-08-12T16:20:50.368+0000][6][safepoint    ] Safepoint "Cleanup", Time since last: 1000318202 ns, Reaching safepoint: 534108 ns, At safepoint: 28300 ns, Total: 562408 ns
[2020-08-12T16:20:51.369+0000][6][safepoint    ] Safepoint "Cleanup", Time since last: 1000265364 ns, Reaching safepoint: 812118 ns, At safepoint: 59550 ns, Total: 871668 ns
[2020-08-12T16:20:52.370+0000][6][safepoint    ] Safepoint "Cleanup", Time since last: 1000313001 ns, Reaching safepoint: 735656 ns, At safepoint: 44425 ns, Total: 780081 ns
[2020-08-12T16:20:53.371+0000][6][safepoint    ] Safepoint "Cleanup", Time since last: 1000296777 ns, Reaching safepoint: 827118 ns, At safepoint: 44262 ns, Total: 871380 ns
[2020-08-12T16:20:54.373+0000][6][safepoint    ] Safepoint "Cleanup", Time since last: 1000354214 ns, Reaching safepoint: 1106515 ns, At safepoint: 48137 ns, Total: 1154652 ns
[2020-08-12T16:20:54.385+0000][6][safepoint    ] Safepoint "BulkRevokeBias", Time since last: 8255592 ns, Reaching safepoint: 693781 ns, At safepoint: 2572066 ns, Total: 3265847 ns
[2020-08-12T16:20:55.388+0000][6][safepoint    ] Safepoint "Cleanup", Time since last: 1002617082 ns, Reaching safepoint: 489708 ns, At safepoint: 45250 ns, Total: 534958 ns
[2020-08-12T16:20:56.389+0000][6][safepoint    ] Safepoint "Cleanup", Time since last: 1000458562 ns, Reaching safepoint: 594233 ns, At safepoint: 52312 ns, Total: 646545 ns
[2020-08-12T16:20:57.393+0000][6][safepoint    ] Safepoint "Cleanup", Time since last: 1003147389 ns, Reaching safepoint: 930830 ns, At safepoint: 76912 ns, Total: 1007742 ns
[2020-08-12T16:20:58.396+0000][6][safepoint    ] Safepoint "Cleanup", Time since last: 1002089161 ns, Reaching safepoint: 841118 ns, At safepoint: 85374 ns, Total: 926492 ns
[2020-08-12T16:20:58.441+0000][6][gc,start     ] GC(38) Pause Young (Normal) (G1 Evacuation Pause)
[2020-08-12T16:20:58.441+0000][6][gc,task      ] GC(38) Using 2 workers of 2 for evacuation
[2020-08-12T16:20:58.441+0000][6][gc,age       ] GC(38) Desired survivor size 40370176 bytes, new threshold 15 (max threshold 15)
[2020-08-12T16:20:58.475+0000][6][gc,age       ] GC(38) Age table with threshold 15 (max threshold 15)
[2020-08-12T16:20:58.475+0000][6][gc,age       ] GC(38) - age   1:     510656 bytes,     510656 total
[2020-08-12T16:20:58.475+0000][6][gc,age       ] GC(38) - age   2:     457808 bytes,     968464 total
[2020-08-12T16:20:58.475+0000][6][gc,age       ] GC(38) - age   3:      47680 bytes,    1016144 total
[2020-08-12T16:20:58.475+0000][6][gc,age       ] GC(38) - age   4:      77488 bytes,    1093632 total
[2020-08-12T16:20:58.475+0000][6][gc,age       ] GC(38) - age   5:      34792 bytes,    1128424 total
[2020-08-12T16:20:58.475+0000][6][gc,age       ] GC(38) - age   6:      81440 bytes,    1209864 total
[2020-08-12T16:20:58.475+0000][6][gc,age       ] GC(38) - age   7:     114200 bytes,    1324064 total
[2020-08-12T16:20:58.476+0000][6][gc,age       ] GC(38) - age   8:      37232 bytes,    1361296 total
[2020-08-12T16:20:58.476+0000][6][gc,age       ] GC(38) - age   9:      78928 bytes,    1440224 total
[2020-08-12T16:20:58.476+0000][6][gc,age       ] GC(38) - age  10:      32912 bytes,    1473136 total
[2020-08-12T16:20:58.476+0000][6][gc,age       ] GC(38) - age  11:      81616 bytes,    1554752 total
[2020-08-12T16:20:58.476+0000][6][gc,age       ] GC(38) - age  12:      64256 bytes,    1619008 total
[2020-08-12T16:20:58.476+0000][6][gc,age       ] GC(38) - age  13:      37360 bytes,    1656368 total
[2020-08-12T16:20:58.476+0000][6][gc,age       ] GC(38) - age  14:      42832 bytes,    1699200 total
[2020-08-12T16:20:58.476+0000][6][gc,age       ] GC(38) - age  15:      79744 bytes,    1778944 total
[2020-08-12T16:20:58.476+0000][6][gc,phases    ] GC(38)   Pre Evacuate Collection Set: 1.1ms
[2020-08-12T16:20:58.477+0000][6][gc,phases    ] GC(38)   Merge Heap Roots: 1.0ms
[2020-08-12T16:20:58.477+0000][6][gc,phases    ] GC(38)   Evacuate Collection Set: 24.9ms
[2020-08-12T16:20:58.477+0000][6][gc,phases    ] GC(38)   Post Evacuate Collection Set: 6.1ms
[2020-08-12T16:20:58.477+0000][6][gc,phases    ] GC(38)   Other: 3.1ms
[2020-08-12T16:20:58.477+0000][6][gc,heap      ] GC(38) Eden regions: 612->0(612)
[2020-08-12T16:20:58.477+0000][6][gc,heap      ] GC(38) Survivor regions: 2->2(77)
[2020-08-12T16:20:58.477+0000][6][gc,heap      ] GC(38) Old regions: 77->77
[2020-08-12T16:20:58.477+0000][6][gc,heap      ] GC(38) Archive regions: 2->2
[2020-08-12T16:20:58.478+0000][6][gc,heap      ] GC(38) Humongous regions: 7->7
[2020-08-12T16:20:58.478+0000][6][gc,metaspace ] GC(38) Metaspace: 97678K(105528K)->97678K(105528K) NonClass: 85148K(89912K)->85148K(89912K) Class: 12530K(15616K)->12530K(15616K)
[2020-08-12T16:20:58.478+0000][6][gc           ] GC(38) Pause Young (Normal) (G1 Evacuation Pause) 698M->86M(1024M) 37.274ms
[2020-08-12T16:20:58.478+0000][6][gc,cpu       ] GC(38) User=0.05s Sys=0.00s Real=0.04s
[2020-08-12T16:20:58.478+0000][6][safepoint    ] Safepoint "G1CollectForAllocation", Time since last: 43315453 ns, Reaching safepoint: 1077504 ns, At safepoint: 37933261 ns, Total: 39010765 ns
[2020-08-12T16:21:00.380+0000][6][safepoint    ] Safepoint "Cleanup", Time since last: 1901040696 ns, Reaching safepoint: 374559 ns, At safepoint: 28063 ns, Total: 402622 ns
[2020-08-12T16:21:01.381+0000][6][safepoint    ] Safepoint "Cleanup", Time since last: 1000297976 ns, Reaching safepoint: 784681 ns, At safepoint: 58587 ns, Total: 843268 ns
[2020-08-12T16:21:02.386+0000][6][safepoint    ] Safepoint "Cleanup", Time since last: 1003196140 ns, Reaching safepoint: 2038495 ns, At safepoint: 65674 ns, Total: 2104169 ns
[2020-08-12T16:21:03.387+0000][6][safepoint    ] Safepoint "Cleanup", Time since last: 1000346751 ns, Reaching safepoint: 661795 ns, At safepoint: 44224 ns, Total: 706019 ns
[2020-08-12T16:21:05.381+0000][6][safepoint    ] Safepoint "Cleanup", Time since last: 1993858049 ns, Reaching safepoint: 353647 ns, At safepoint: 17038 ns, Total: 370685 ns
[2020-08-12T16:21:06.382+0000][6][safepoint    ] Safepoint "Cleanup", Time since last: 1000224339 ns, Reaching safepoint: 666807 ns, At safepoint: 45750 ns, Total: 712557 ns
[2020-08-12T16:21:08.358+0000][6][safepoint    ] Safepoint "Cleanup", Time since last: 1974987048 ns, Reaching safepoint: 823431 ns, At safepoint: 58987 ns, Total: 882418 ns
[2020-08-12T16:21:09.359+0000][6][safepoint    ] Safepoint "Cleanup", Time since last: 1000300514 ns, Reaching safepoint: 356997 ns, At safepoint: 33550 ns, Total: 390547 ns
[2020-08-12T16:21:10.360+0000][6][safepoint    ] Safepoint "Cleanup", Time since last: 1000270076 ns, Reaching safepoint: 785069 ns, At safepoint: 40537 ns, Total: 825606 ns
[2020-08-12T16:21:11.361+0000][6][safepoint    ] Safepoint "Cleanup", Time since last: 1000259227 ns, Reaching safepoint: 677219 ns, At safepoint: 55787 ns, Total: 733006 ns
[2020-08-12T16:21:12.362+0000][6][safepoint    ] Safepoint "Cleanup", Time since last: 1000306639 ns, Reaching safepoint: 789806 ns, At safepoint: 75424 ns, Total: 865230 ns
[2020-08-12T16:21:13.363+0000][6][safepoint    ] Safepoint "Cleanup", Time since last: 1000312252 ns, Reaching safepoint: 519120 ns, At safepoint: 55900 ns, Total: 575020 ns
[2020-08-12T16:21:14.364+0000][6][safepoint    ] Safepoint "Cleanup", Time since last: 1000344264 ns, Reaching safepoint: 665669 ns, At safepoint: 46612 ns, Total: 712281 ns
[2020-08-12T16:21:15.382+0000][6][safepoint    ] Safepoint "Cleanup", Time since last: 1017477005 ns, Reaching safepoint: 589357 ns, At safepoint: 44837 ns, Total: 634194 ns
[2020-08-12T16:21:16.383+0000][6][safepoint    ] Safepoint "Cleanup", Time since last: 1000346977 ns, Reaching safepoint: 709793 ns, At safepoint: 46513 ns, Total: 756306 ns
[2020-08-12T16:21:17.384+0000][6][safepoint    ] Safepoint "Cleanup", Time since last: 1000311575 ns, Reaching safepoint: 576583 ns, At safepoint: 30512 ns, Total: 607095 ns
[2020-08-12T16:21:18.420+0000][6][safepoint    ] Safepoint "Cleanup", Time since last: 1035426875 ns, Reaching safepoint: 616008 ns, At safepoint: 43637 ns, Total: 659645 ns
[2020-08-12T16:21:20.384+0000][6][safepoint    ] Safepoint "Cleanup", Time since last: 1962561580 ns, Reaching safepoint: 1069578 ns, At safepoint: 57900 ns, Total: 1127478 ns
[2020-08-12T16:21:21.385+0000][6][safepoint    ] Safepoint "Cleanup", Time since last: 1000352651 ns, Reaching safepoint: 831380 ns, At safepoint: 46400 ns, Total: 877780 ns
[2020-08-12T16:21:22.386+0000][6][safepoint    ] Safepoint "Cleanup", Time since last: 1000345326 ns, Reaching safepoint: 755856 ns, At safepoint: 54837 ns, Total: 810693 ns
[2020-08-12T16:21:23.388+0000][6][safepoint    ] Safepoint "Cleanup", Time since last: 1000351527 ns, Reaching safepoint: 668594 ns, At safepoint: 53699 ns, Total: 722293 ns
[2020-08-12T16:21:25.385+0000][6][safepoint    ] Safepoint "Cleanup", Time since last: 1996603963 ns, Reaching safepoint: 468071 ns, At safepoint: 55712 ns, Total: 523783 ns
[2020-08-12T16:21:26.385+0000][6][safepoint    ] Safepoint "Cleanup", Time since last: 1000309165 ns, Reaching safepoint: 439846 ns, At safepoint: 23087 ns, Total: 462933 ns
[2020-08-12T16:21:28.381+0000][6][safepoint    ] Safepoint "Cleanup", Time since last: 1994838378 ns, Reaching safepoint: 732669 ns, At safepoint: 45549 ns, Total: 778218 ns
[2020-08-12T16:21:29.743+0000][6][safepoint    ] Safepoint "Cleanup", Time since last: 1361387853 ns, Reaching safepoint: 742644 ns, At safepoint: 38987 ns, Total: 781631 ns
[2020-08-12T16:21:30.744+0000][6][safepoint    ] Safepoint "Cleanup", Time since last: 1000250927 ns, Reaching safepoint: 350934 ns, At safepoint: 18525 ns, Total: 369459 ns
[2020-08-12T16:21:31.745+0000][6][safepoint    ] Safepoint "Cleanup", Time since last: 1000314602 ns, Reaching safepoint: 711556 ns, At safepoint: 147161 ns, Total: 858717 ns
[2020-08-12T16:21:32.746+0000][6][safepoint    ] Safepoint "Cleanup", Time since last: 1000315240 ns, Reaching safepoint: 296447 ns, At safepoint: 12262 ns, Total: 308709 ns
[2020-08-12T16:21:33.746+0000][6][safepoint    ] Safepoint "Cleanup", Time since last: 1000187266 ns, Reaching safepoint: 355422 ns, At safepoint: 57249 ns, Total: 412671 ns
[2020-08-12T16:21:35.382+0000][6][safepoint    ] Safepoint "Cleanup", Time since last: 1635414838 ns, Reaching safepoint: 518621 ns, At safepoint: 55887 ns, Total: 574508 ns
[2020-08-12T16:21:36.383+0000][6][safepoint    ] Safepoint "Cleanup", Time since last: 1000326251 ns, Reaching safepoint: 724931 ns, At safepoint: 46575 ns, Total: 771506 ns
[2020-08-12T16:21:38.365+0000][6][safepoint    ] Safepoint "Cleanup", Time since last: 1980938259 ns, Reaching safepoint: 590633 ns, At safepoint: 141661 ns, Total: 732294 ns
[2020-08-12T16:21:39.366+0000][6][safepoint    ] Safepoint "Cleanup", Time since last: 1000338889 ns, Reaching safepoint: 929092 ns, At safepoint: 44325 ns, Total: 973417 ns
[2020-08-12T16:21:40.385+0000][6][safepoint    ] Safepoint "Cleanup", Time since last: 1018114736 ns, Reaching safepoint: 773793 ns, At safepoint: 38288 ns, Total: 812081 ns
[2020-08-12T16:21:41.386+0000][6][safepoint    ] Safepoint "Cleanup", Time since last: 1000322364 ns, Reaching safepoint: 765018 ns, At safepoint: 46487 ns, Total: 811505 ns
[2020-08-12T16:21:42.388+0000][6][safepoint    ] Safepoint "Cleanup", Time since last: 1000303327 ns, Reaching safepoint: 894942 ns, At safepoint: 36325 ns, Total: 931267 ns
[2020-08-12T16:21:43.389+0000][6][safepoint    ] Safepoint "Cleanup", Time since last: 1000276364 ns, Reaching safepoint: 989154 ns, At safepoint: 66662 ns, Total: 1055816 ns
[2020-08-12T16:21:44.390+0000][6][safepoint    ] Safepoint "Cleanup", Time since last: 1000082704 ns, Reaching safepoint: 744569 ns, At safepoint: 39824 ns, Total: 784393 ns
[2020-08-12T16:21:45.391+0000][6][safepoint    ] Safepoint "Cleanup", Time since last: 1000462951 ns, Reaching safepoint: 836518 ns, At safepoint: 50112 ns, Total: 886630 ns
[2020-08-12T16:21:46.392+0000][6][safepoint    ] Safepoint "Cleanup", Time since last: 1000355726 ns, Reaching safepoint: 883055 ns, At safepoint: 43974 ns, Total: 927029 ns
[2020-08-12T16:21:48.378+0000][6][safepoint    ] Safepoint "Cleanup", Time since last: 1984641878 ns, Reaching safepoint: 797768 ns, At safepoint: 106812 ns, Total: 904580 ns
[2020-08-12T16:21:49.379+0000][6][safepoint    ] Safepoint "Cleanup", Time since last: 1000342564 ns, Reaching safepoint: 868217 ns, At safepoint: 43975 ns, Total: 912192 ns
[2020-08-12T16:21:50.382+0000][6][safepoint    ] Safepoint "Cleanup", Time since last: 1000355801 ns, Reaching safepoint: 2613928 ns, At safepoint: 57349 ns, Total: 2671277 ns
[2020-08-12T16:21:51.383+0000][6][safepoint    ] Safepoint "Cleanup", Time since last: 1000335402 ns, Reaching safepoint: 719369 ns, At safepoint: 46687 ns, Total: 766056 ns
[2020-08-12T16:21:52.385+0000][6][safepoint    ] Safepoint "Cleanup", Time since last: 1000350439 ns, Reaching safepoint: 1087015 ns, At safepoint: 63912 ns, Total: 1150927 ns
[2020-08-12T16:21:53.386+0000][6][safepoint    ] Safepoint "Cleanup", Time since last: 1000477875 ns, Reaching safepoint: 826943 ns, At safepoint: 45900 ns, Total: 872843 ns
[2020-08-12T16:21:54.388+0000][6][safepoint    ] Safepoint "Cleanup", Time since last: 1000347539 ns, Reaching safepoint: 978391 ns, At safepoint: 46300 ns, Total: 1024691 ns
[2020-08-12T16:21:55.388+0000][6][safepoint    ] Safepoint "Cleanup", Time since last: 1000616261 ns, Reaching safepoint: 304835 ns, At safepoint: 15738 ns, Total: 320573 ns
[2020-08-12T16:21:56.390+0000][6][safepoint    ] Safepoint "Cleanup", Time since last: 1000229389 ns, Reaching safepoint: 797081 ns, At safepoint: 44625 ns, Total: 841706 ns
[2020-08-12T16:21:58.387+0000][6][safepoint    ] Safepoint "Cleanup", Time since last: 1996009893 ns, Reaching safepoint: 945716 ns, At safepoint: 43550 ns, Total: 989266 ns
[2020-08-12T16:22:00.387+0000][6][safepoint    ] Safepoint "Cleanup", Time since last: 1999744561 ns, Reaching safepoint: 397097 ns, At safepoint: 23337 ns, Total: 420434 ns
[2020-08-12T16:22:01.388+0000][6][safepoint    ] Safepoint "Cleanup", Time since last: 1000259052 ns, Reaching safepoint: 774306 ns, At safepoint: 43387 ns, Total: 817693 ns
[2020-08-12T16:22:02.389+0000][6][safepoint    ] Safepoint "Cleanup", Time since last: 1000425250 ns, Reaching safepoint: 698169 ns, At safepoint: 29625 ns, Total: 727794 ns
[2020-08-12T16:22:03.390+0000][6][safepoint    ] Safepoint "Cleanup", Time since last: 1000297852 ns, Reaching safepoint: 807430 ns, At safepoint: 67562 ns, Total: 874992 ns
[2020-08-12T16:22:05.388+0000][6][safepoint    ] Safepoint "Cleanup", Time since last: 1997526293 ns, Reaching safepoint: 547308 ns, At safepoint: 44324 ns, Total: 591632 ns
[2020-08-12T16:22:06.933+0000][6][safepoint    ] Safepoint "Cleanup", Time since last: 1543790162 ns, Reaching safepoint: 662382 ns, At safepoint: 44212 ns, Total: 706594 ns
[2020-08-12T16:22:08.439+0000][6][safepoint    ] Safepoint "Cleanup", Time since last: 1505239555 ns, Reaching safepoint: 791031 ns, At safepoint: 54987 ns, Total: 846018 ns
[2020-08-12T16:22:09.441+0000][6][safepoint    ] Safepoint "Cleanup", Time since last: 1000397663 ns, Reaching safepoint: 1256765 ns, At safepoint: 48674 ns, Total: 1305439 ns
[2020-08-12T16:22:10.441+0000][6][safepoint    ] Safepoint "Cleanup", Time since last: 1000390064 ns, Reaching safepoint: 447733 ns, At safepoint: 44462 ns, Total: 492195 ns
[2020-08-12T16:22:11.442+0000][6][safepoint    ] Safepoint "Cleanup", Time since last: 1000348314 ns, Reaching safepoint: 612820 ns, At safepoint: 43762 ns, Total: 656582 ns
[2020-08-12T16:22:12.444+0000][6][safepoint    ] Safepoint "Cleanup", Time since last: 1000341351 ns, Reaching safepoint: 1326027 ns, At safepoint: 65137 ns, Total: 1391164 ns
[2020-08-12T16:22:13.445+0000][6][safepoint    ] Safepoint "Cleanup", Time since last: 1000352026 ns, Reaching safepoint: 719606 ns, At safepoint: 54475 ns, Total: 774081 ns
[2020-08-12T16:22:14.390+0000][6][safepoint    ] Safepoint "BulkRevokeBias", Time since last: 941881190 ns, Reaching safepoint: 692019 ns, At safepoint: 2525579 ns, Total: 3217598 ns
[2020-08-12T16:22:15.394+0000][6][safepoint    ] Safepoint "Cleanup", Time since last: 1003417437 ns, Reaching safepoint: 456821 ns, At safepoint: 24175 ns, Total: 480996 ns
[2020-08-12T16:22:16.395+0000][6][safepoint    ] Safepoint "Cleanup", Time since last: 1000266052 ns, Reaching safepoint: 680119 ns, At safepoint: 44812 ns, Total: 724931 ns
[2020-08-12T16:22:18.205+0000][6][safepoint    ] Safepoint "Cleanup", Time since last: 1808894824 ns, Reaching safepoint: 612357 ns, At safepoint: 166887 ns, Total: 779244 ns
[2020-08-12T16:22:19.206+0000][6][safepoint    ] Safepoint "Cleanup", Time since last: 1000666961 ns, Reaching safepoint: 807680 ns, At safepoint: 56037 ns, Total: 863717 ns
[2020-08-12T16:22:20.388+0000][6][safepoint    ] Safepoint "Cleanup", Time since last: 1181111137 ns, Reaching safepoint: 542758 ns, At safepoint: 17163 ns, Total: 559921 ns
[2020-08-12T16:22:21.389+0000][6][safepoint    ] Safepoint "Cleanup", Time since last: 1000245364 ns, Reaching safepoint: 863493 ns, At safepoint: 44325 ns, Total: 907818 ns
[2020-08-12T16:22:22.391+0000][6][safepoint    ] Safepoint "Cleanup", Time since last: 1000342626 ns, Reaching safepoint: 1127040 ns, At safepoint: 65025 ns, Total: 1192065 ns
[2020-08-12T16:22:23.392+0000][6][safepoint    ] Safepoint "Cleanup", Time since last: 1000398288 ns, Reaching safepoint: 917779 ns, At safepoint: 58725 ns, Total: 976504 ns
[2020-08-12T16:22:25.390+0000][6][safepoint    ] Safepoint "Cleanup", Time since last: 1997067659 ns, Reaching safepoint: 465358 ns, At safepoint: 23463 ns, Total: 488821 ns
[2020-08-12T16:22:26.391+0000][6][safepoint    ] Safepoint "Cleanup", Time since last: 1000293402 ns, Reaching safepoint: 776618 ns, At safepoint: 87562 ns, Total: 864180 ns
[2020-08-12T16:22:27.315+0000][6][safepoint    ] Safepoint "BulkRevokeBias", Time since last: 921578652 ns, Reaching safepoint: 607995 ns, At safepoint: 1565099 ns, Total: 2173094 ns
[2020-08-12T16:22:28.404+0000][6][safepoint    ] Safepoint "Cleanup", Time since last: 1087811798 ns, Reaching safepoint: 1115816 ns, At safepoint: 56162 ns, Total: 1171978 ns
[2020-08-12T16:22:29.805+0000][6][safepoint    ] Safepoint "Cleanup", Time since last: 1400116986 ns, Reaching safepoint: 1353325 ns, At safepoint: 66825 ns, Total: 1420150 ns
[2020-08-12T16:22:30.806+0000][6][safepoint    ] Safepoint "Cleanup", Time since last: 1000352655 ns, Reaching safepoint: 697631 ns, At safepoint: 54700 ns, Total: 752331 ns
[2020-08-12T16:22:31.807+0000][6][safepoint    ] Safepoint "Cleanup", Time since last: 1000402443 ns, Reaching safepoint: 616119 ns, At safepoint: 45562 ns, Total: 661681 ns
[2020-08-12T16:22:32.808+0000][6][safepoint    ] Safepoint "Cleanup", Time since last: 1000352793 ns, Reaching safepoint: 528958 ns, At safepoint: 55762 ns, Total: 584720 ns
[2020-08-12T16:22:33.809+0000][6][safepoint    ] Safepoint "Cleanup", Time since last: 1000336831 ns, Reaching safepoint: 690057 ns, At safepoint: 53537 ns, Total: 743594 ns
[2020-08-12T16:22:35.390+0000][6][safepoint    ] Safepoint "Cleanup", Time since last: 1580404219 ns, Reaching safepoint: 550933 ns, At safepoint: 44312 ns, Total: 595245 ns
[2020-08-12T16:22:36.391+0000][6][safepoint    ] Safepoint "Cleanup", Time since last: 1000320268 ns, Reaching safepoint: 513746 ns, At safepoint: 30699 ns, Total: 544445 ns
[2020-08-12T16:22:38.259+0000][6][safepoint    ] Safepoint "Cleanup", Time since last: 1866680566 ns, Reaching safepoint: 683369 ns, At safepoint: 52900 ns, Total: 736269 ns
[2020-08-12T16:22:39.260+0000][6][safepoint    ] Safepoint "Cleanup", Time since last: 1000324981 ns, Reaching safepoint: 665919 ns, At safepoint: 44537 ns, Total: 710456 ns
[2020-08-12T16:22:40.391+0000][6][safepoint    ] Safepoint "Cleanup", Time since last: 1130553533 ns, Reaching safepoint: 489346 ns, At safepoint: 35862 ns, Total: 525208 ns
[2020-08-12T16:22:41.392+0000][6][safepoint    ] Safepoint "Cleanup", Time since last: 1000342393 ns, Reaching safepoint: 889530 ns, At safepoint: 46300 ns, Total: 935830 ns
[2020-08-12T16:22:42.393+0000][6][safepoint    ] Safepoint "Cleanup", Time since last: 1000306031 ns, Reaching safepoint: 710919 ns, At safepoint: 32412 ns, Total: 743331 ns
[2020-08-12T16:22:43.394+0000][6][safepoint    ] Safepoint "Cleanup", Time since last: 1000281818 ns, Reaching safepoint: 708657 ns, At safepoint: 81486 ns, Total: 790143 ns
[2020-08-12T16:22:45.392+0000][6][safepoint    ] Safepoint "Cleanup", Time since last: 1997630788 ns, Reaching safepoint: 643394 ns, At safepoint: 44325 ns, Total: 687719 ns
[2020-08-12T16:22:46.394+0000][6][safepoint    ] Safepoint "Cleanup", Time since last: 1000342280 ns, Reaching safepoint: 869330 ns, At safepoint: 43725 ns, Total: 913055 ns
[2020-08-12T16:22:48.384+0000][6][safepoint    ] Safepoint "Cleanup", Time since last: 1989683431 ns, Reaching safepoint: 817543 ns, At safepoint: 54887 ns, Total: 872430 ns
[2020-08-12T16:22:49.385+0000][6][safepoint    ] Safepoint "Cleanup", Time since last: 1000343693 ns, Reaching safepoint: 647919 ns, At safepoint: 44862 ns, Total: 692781 ns
[2020-08-12T16:22:50.386+0000][6][safepoint    ] Safepoint "Cleanup", Time since last: 1000312994 ns, Reaching safepoint: 545132 ns, At safepoint: 54875 ns, Total: 600007 ns
[2020-08-12T16:22:51.387+0000][6][safepoint    ] Safepoint "Cleanup", Time since last: 1000351793 ns, Reaching safepoint: 679119 ns, At safepoint: 45500 ns, Total: 724619 ns
[2020-08-12T16:22:52.388+0000][6][safepoint    ] Safepoint "Cleanup", Time since last: 1000299455 ns, Reaching safepoint: 582808 ns, At safepoint: 41825 ns, Total: 624633 ns
[2020-08-12T16:22:53.389+0000][6][safepoint    ] Safepoint "Cleanup", Time since last: 1000275243 ns, Reaching safepoint: 890380 ns, At safepoint: 45150 ns, Total: 935530 ns
[2020-08-12T16:22:54.393+0000][6][safepoint    ] Safepoint "Cleanup", Time since last: 1002645373 ns, Reaching safepoint: 810005 ns, At safepoint: 46275 ns, Total: 856280 ns
[2020-08-12T16:22:55.395+0000][6][safepoint    ] Safepoint "Cleanup", Time since last: 1001736406 ns, Reaching safepoint: 487671 ns, At safepoint: 44524 ns, Total: 532195 ns
[2020-08-12T16:22:56.396+0000][6][safepoint    ] Safepoint "Cleanup", Time since last: 1000350468 ns, Reaching safepoint: 659144 ns, At safepoint: 44325 ns, Total: 703469 ns
[2020-08-12T16:22:57.398+0000][6][safepoint    ] Safepoint "Cleanup", Time since last: 1001486146 ns, Reaching safepoint: 270622 ns, At safepoint: 15213 ns, Total: 285835 ns
[2020-08-12T16:22:58.406+0000][6][safepoint    ] Safepoint "Cleanup", Time since last: 1007345032 ns, Reaching safepoint: 920030 ns, At safepoint: 66687 ns, Total: 986717 ns
[2020-08-12T16:23:00.391+0000][6][safepoint    ] Safepoint "Cleanup", Time since last: 1984077342 ns, Reaching safepoint: 582357 ns, At safepoint: 44487 ns, Total: 626844 ns
[2020-08-12T16:23:01.392+0000][6][safepoint    ] Safepoint "Cleanup", Time since last: 1000353718 ns, Reaching safepoint: 665144 ns, At safepoint: 54174 ns, Total: 719318 ns
[2020-08-12T16:23:02.394+0000][6][safepoint    ] Safepoint "Cleanup", Time since last: 1000343319 ns, Reaching safepoint: 1142065 ns, At safepoint: 54712 ns, Total: 1196777 ns
[2020-08-12T16:23:03.395+0000][6][safepoint    ] Safepoint "Cleanup", Time since last: 1000394230 ns, Reaching safepoint: 892305 ns, At safepoint: 72849 ns, Total: 965154 ns
[2020-08-12T16:23:05.393+0000][6][safepoint    ] Safepoint "Cleanup", Time since last: 1997297790 ns, Reaching safepoint: 481121 ns, At safepoint: 70287 ns, Total: 551408 ns
[2020-08-12T16:23:06.394+0000][6][safepoint    ] Safepoint "Cleanup", Time since last: 1000260344 ns, Reaching safepoint: 809693 ns, At safepoint: 37487 ns, Total: 847180 ns
[2020-08-12T16:23:08.379+0000][6][safepoint    ] Safepoint "Cleanup", Time since last: 1984457976 ns, Reaching safepoint: 785031 ns, At safepoint: 43924 ns, Total: 828955 ns
[2020-08-12T16:23:09.380+0000][6][safepoint    ] Safepoint "Cleanup", Time since last: 1000347381 ns, Reaching safepoint: 674069 ns, At safepoint: 44700 ns, Total: 718769 ns
[2020-08-12T16:23:10.381+0000][6][safepoint    ] Safepoint "Cleanup", Time since last: 1000322080 ns, Reaching safepoint: 394084 ns, At safepoint: 26525 ns, Total: 420609 ns
[2020-08-12T16:23:11.382+0000][6][safepoint    ] Safepoint "Cleanup", Time since last: 1000282481 ns, Reaching safepoint: 802943 ns, At safepoint: 58562 ns, Total: 861505 ns
[2020-08-12T16:23:12.383+0000][6][safepoint    ] Safepoint "Cleanup", Time since last: 1000306206 ns, Reaching safepoint: 763093 ns, At safepoint: 37900 ns, Total: 800993 ns
[2020-08-12T16:23:13.384+0000][6][safepoint    ] Safepoint "Cleanup", Time since last: 1000252181 ns, Reaching safepoint: 604570 ns, At safepoint: 30912 ns, Total: 635482 ns
[2020-08-12T16:23:14.385+0000][6][safepoint    ] Safepoint "Cleanup", Time since last: 1000300044 ns, Reaching safepoint: 792018 ns, At safepoint: 54249 ns, Total: 846267 ns
[2020-08-12T16:23:15.395+0000][6][safepoint    ] Safepoint "Cleanup", Time since last: 1008871520 ns, Reaching safepoint: 439309 ns, At safepoint: 44199 ns, Total: 483508 ns
[2020-08-12T16:23:16.396+0000][6][safepoint    ] Safepoint "Cleanup", Time since last: 1000401630 ns, Reaching safepoint: 929980 ns, At safepoint: 46112 ns, Total: 976092 ns
[2020-08-12T16:23:18.344+0000][6][safepoint    ] Safepoint "Cleanup", Time since last: 1946810538 ns, Reaching safepoint: 809543 ns, At safepoint: 44349 ns, Total: 853892 ns
[2020-08-12T16:23:19.345+0000][6][safepoint    ] Safepoint "Cleanup", Time since last: 1000459355 ns, Reaching safepoint: 886467 ns, At safepoint: 44737 ns, Total: 931204 ns
[2020-08-12T16:23:20.395+0000][6][safepoint    ] Safepoint "Cleanup", Time since last: 1049639393 ns, Reaching safepoint: 582445 ns, At safepoint: 44263 ns, Total: 626708 ns
[2020-08-12T16:23:21.396+0000][6][safepoint    ] Safepoint "Cleanup", Time since last: 1000352217 ns, Reaching safepoint: 635107 ns, At safepoint: 46013 ns, Total: 681120 ns
[2020-08-12T16:23:22.398+0000][6][safepoint    ] Safepoint "Cleanup", Time since last: 1000315105 ns, Reaching safepoint: 843493 ns, At safepoint: 40850 ns, Total: 884343 ns
[2020-08-12T16:23:23.399+0000][6][safepoint    ] Safepoint "Cleanup", Time since last: 1000293056 ns, Reaching safepoint: 604082 ns, At safepoint: 46587 ns, Total: 650669 ns
[2020-08-12T16:23:24.397+0000][6][safepoint    ] Safepoint "BulkRevokeBias", Time since last: 995188150 ns, Reaching safepoint: 1004479 ns, At safepoint: 2551165 ns, Total: 3555644 ns
[2020-08-12T16:23:25.399+0000][6][safepoint    ] Safepoint "Cleanup", Time since last: 1001077062 ns, Reaching safepoint: 301010 ns, At safepoint: 19125 ns, Total: 320135 ns
[2020-08-12T16:23:26.400+0000][6][safepoint    ] Safepoint "Cleanup", Time since last: 1000266293 ns, Reaching safepoint: 867868 ns, At safepoint: 48187 ns, Total: 916055 ns
[2020-08-12T16:23:28.388+0000][6][safepoint    ] Safepoint "Cleanup", Time since last: 1987582911 ns, Reaching safepoint: 810231 ns, At safepoint: 46637 ns, Total: 856868 ns
[2020-08-12T16:23:29.763+0000][6][safepoint    ] Safepoint "Cleanup", Time since last: 1374091397 ns, Reaching safepoint: 444909 ns, At safepoint: 22375 ns, Total: 467284 ns
[2020-08-12T16:23:30.764+0000][6][safepoint    ] Safepoint "Cleanup", Time since last: 1000210657 ns, Reaching safepoint: 812743 ns, At safepoint: 20949 ns, Total: 833692 ns
[2020-08-12T16:23:31.766+0000][6][safepoint    ] Safepoint "Cleanup", Time since last: 1000697953 ns, Reaching safepoint: 777993 ns, At safepoint: 47812 ns, Total: 825805 ns
[2020-08-12T16:23:32.766+0000][6][safepoint    ] Safepoint "Cleanup", Time since last: 1000294094 ns, Reaching safepoint: 354484 ns, At safepoint: 18350 ns, Total: 372834 ns
[2020-08-12T16:23:33.767+0000][6][safepoint    ] Safepoint "Cleanup", Time since last: 1000203769 ns, Reaching safepoint: 799593 ns, At safepoint: 14525 ns, Total: 814118 ns
[2020-08-12T16:23:35.395+0000][6][safepoint    ] Safepoint "Cleanup", Time since last: 1627343441 ns, Reaching safepoint: 358634 ns, At safepoint: 28275 ns, Total: 386909 ns
[2020-08-12T16:23:36.396+0000][6][safepoint    ] Safepoint "Cleanup", Time since last: 1000285631 ns, Reaching safepoint: 921629 ns, At safepoint: 59162 ns, Total: 980791 ns
[2020-08-12T16:23:38.344+0000][6][safepoint    ] Safepoint "Cleanup", Time since last: 1946365979 ns, Reaching safepoint: 878880 ns, At safepoint: 44762 ns, Total: 923642 ns
[2020-08-12T16:23:39.345+0000][6][safepoint    ] Safepoint "Cleanup", Time since last: 1000352743 ns, Reaching safepoint: 970404 ns, At safepoint: 90125 ns, Total: 1060529 ns
[2020-08-12T16:23:40.480+0000][6][safepoint    ] Safepoint "Cleanup", Time since last: 1134931195 ns, Reaching safepoint: 558821 ns, At safepoint: 46024 ns, Total: 604845 ns
[2020-08-12T16:23:41.482+0000][6][safepoint    ] Safepoint "Cleanup", Time since last: 1000352668 ns, Reaching safepoint: 678357 ns, At safepoint: 54412 ns, Total: 732769 ns
[2020-08-12T16:23:42.483+0000][6][safepoint    ] Safepoint "Cleanup", Time since last: 1000391080 ns, Reaching safepoint: 1087890 ns, At safepoint: 54512 ns, Total: 1142402 ns
[2020-08-12T16:23:43.484+0000][6][safepoint    ] Safepoint "Cleanup", Time since last: 1000344906 ns, Reaching safepoint: 923342 ns, At safepoint: 44187 ns, Total: 967529 ns
[2020-08-12T16:23:45.398+0000][6][safepoint    ] Safepoint "Cleanup", Time since last: 1913467875 ns, Reaching safepoint: 416346 ns, At safepoint: 19225 ns, Total: 435571 ns
[2020-08-12T16:23:46.399+0000][6][safepoint    ] Safepoint "Cleanup", Time since last: 1000254382 ns, Reaching safepoint: 724831 ns, At safepoint: 44737 ns, Total: 769568 ns
[2020-08-12T16:23:48.369+0000][6][safepoint    ] Safepoint "Cleanup", Time since last: 1968859860 ns, Reaching safepoint: 605957 ns, At safepoint: 44825 ns, Total: 650782 ns
[2020-08-12T16:23:49.370+0000][6][safepoint    ] Safepoint "Cleanup", Time since last: 1000394218 ns, Reaching safepoint: 533283 ns, At safepoint: 44674 ns, Total: 577957 ns
[2020-08-12T16:23:50.371+0000][6][safepoint    ] Safepoint "Cleanup", Time since last: 1000362218 ns, Reaching safepoint: 341859 ns, At safepoint: 22300 ns, Total: 364159 ns
[2020-08-12T16:23:51.372+0000][6][safepoint    ] Safepoint "Cleanup", Time since last: 1000273069 ns, Reaching safepoint: 855917 ns, At safepoint: 43750 ns, Total: 899667 ns
[2020-08-12T16:23:52.373+0000][6][safepoint    ] Safepoint "Cleanup", Time since last: 1000363143 ns, Reaching safepoint: 1090616 ns, At safepoint: 78311 ns, Total: 1168927 ns
[2020-08-12T16:23:53.374+0000][6][safepoint    ] Safepoint "Cleanup", Time since last: 1000347968 ns, Reaching safepoint: 653882 ns, At safepoint: 54775 ns, Total: 708657 ns
[2020-08-12T16:23:54.375+0000][6][safepoint    ] Safepoint "Cleanup", Time since last: 1000388955 ns, Reaching safepoint: 496646 ns, At safepoint: 45124 ns, Total: 541770 ns
[2020-08-12T16:23:55.396+0000][6][safepoint    ] Safepoint "Cleanup", Time since last: 1020407483 ns, Reaching safepoint: 453008 ns, At safepoint: 58512 ns, Total: 511520 ns
[2020-08-12T16:23:56.397+0000][6][safepoint    ] Safepoint "Cleanup", Time since last: 1000374356 ns, Reaching safepoint: 872730 ns, At safepoint: 44949 ns, Total: 917679 ns
[2020-08-12T16:23:57.410+0000][6][safepoint    ] Safepoint "Cleanup", Time since last: 1012382252 ns, Reaching safepoint: 410359 ns, At safepoint: 11425 ns, Total: 421784 ns
[2020-08-12T16:23:58.415+0000][6][safepoint    ] Safepoint "Cleanup", Time since last: 1004205197 ns, Reaching safepoint: 1006404 ns, At safepoint: 57599 ns, Total: 1064003 ns
[2020-08-12T16:24:00.398+0000][6][safepoint    ] Safepoint "Cleanup", Time since last: 1981699912 ns, Reaching safepoint: 896555 ns, At safepoint: 49225 ns, Total: 945780 ns
[2020-08-12T16:24:01.399+0000][6][safepoint    ] Safepoint "Cleanup", Time since last: 1000337593 ns, Reaching safepoint: 949004 ns, At safepoint: 44737 ns, Total: 993741 ns
[2020-08-12T16:24:02.401+0000][6][safepoint    ] Safepoint "Cleanup", Time since last: 1000300081 ns, Reaching safepoint: 1054091 ns, At safepoint: 79712 ns, Total: 1133803 ns
[2020-08-12T16:24:03.402+0000][6][safepoint    ] Safepoint "Cleanup", Time since last: 1000310056 ns, Reaching safepoint: 829880 ns, At safepoint: 45787 ns, Total: 875667 ns
[2020-08-12T16:24:04.402+0000][6][safepoint    ] Safepoint "BulkRevokeBias", Time since last: 996853173 ns, Reaching safepoint: 882068 ns, At safepoint: 2598040 ns, Total: 3480108 ns
[2020-08-12T16:24:05.406+0000][6][safepoint    ] Safepoint "Cleanup", Time since last: 1003698514 ns, Reaching safepoint: 331734 ns, At safepoint: 16125 ns, Total: 347859 ns
[2020-08-12T16:24:06.408+0000][6][safepoint    ] Safepoint "Cleanup", Time since last: 1000227507 ns, Reaching safepoint: 773993 ns, At safepoint: 38462 ns, Total: 812455 ns
[2020-08-12T16:24:08.390+0000][6][safepoint    ] Safepoint "Cleanup", Time since last: 1980971819 ns, Reaching safepoint: 1010966 ns, At safepoint: 44624 ns, Total: 1055590 ns
[2020-08-12T16:24:09.391+0000][6][safepoint    ] Safepoint "Cleanup", Time since last: 1000387418 ns, Reaching safepoint: 648094 ns, At safepoint: 44800 ns, Total: 692894 ns
[2020-08-12T16:24:10.391+0000][6][safepoint    ] Safepoint "Cleanup", Time since last: 1000354330 ns, Reaching safepoint: 395760 ns, At safepoint: 46462 ns, Total: 442222 ns
[2020-08-12T16:24:11.393+0000][6][safepoint    ] Safepoint "Cleanup", Time since last: 1000300343 ns, Reaching safepoint: 967792 ns, At safepoint: 49549 ns, Total: 1017341 ns
[2020-08-12T16:24:12.394+0000][6][safepoint    ] Safepoint "Cleanup", Time since last: 1000389768 ns, Reaching safepoint: 1109828 ns, At safepoint: 54762 ns, Total: 1164590 ns
[2020-08-12T16:24:13.395+0000][6][safepoint    ] Safepoint "Cleanup", Time since last: 1000349930 ns, Reaching safepoint: 735444 ns, At safepoint: 53874 ns, Total: 789318 ns
[2020-08-12T16:24:14.397+0000][6][safepoint    ] Safepoint "Cleanup", Time since last: 1000896376 ns, Reaching safepoint: 855930 ns, At safepoint: 44400 ns, Total: 900330 ns
[2020-08-12T16:24:15.402+0000][6][safepoint    ] Safepoint "Cleanup", Time since last: 1003885612 ns, Reaching safepoint: 440047 ns, At safepoint: 23474 ns, Total: 463521 ns
[2020-08-12T16:24:16.403+0000][6][safepoint    ] Safepoint "Cleanup", Time since last: 1000268932 ns, Reaching safepoint: 861030 ns, At safepoint: 43649 ns, Total: 904679 ns
[2020-08-12T16:24:18.339+0000][6][safepoint    ] Safepoint "Cleanup", Time since last: 1935513198 ns, Reaching safepoint: 258623 ns, At safepoint: 10912 ns, Total: 269535 ns
[2020-08-12T16:24:19.340+0000][6][safepoint    ] Safepoint "Cleanup", Time since last: 1000220369 ns, Reaching safepoint: 806593 ns, At safepoint: 43687 ns, Total: 850280 ns
[2020-08-12T16:24:20.401+0000][6][safepoint    ] Safepoint "Cleanup", Time since last: 1060612186 ns, Reaching safepoint: 394372 ns, At safepoint: 20325 ns, Total: 414697 ns
[2020-08-12T16:24:21.402+0000][6][safepoint    ] Safepoint "Cleanup", Time since last: 1000277718 ns, Reaching safepoint: 800281 ns, At safepoint: 43637 ns, Total: 843918 ns
[2020-08-12T16:24:22.403+0000][6][safepoint    ] Safepoint "Cleanup", Time since last: 1000361780 ns, Reaching safepoint: 1045291 ns, At safepoint: 75962 ns, Total: 1121253 ns
[2020-08-12T16:24:23.404+0000][6][safepoint    ] Safepoint "Cleanup", Time since last: 1000349743 ns, Reaching safepoint: 719844 ns, At safepoint: 44950 ns, Total: 764794 ns
[2020-08-12T16:24:25.404+0000][6][safepoint    ] Safepoint "Cleanup", Time since last: 1998578628 ns, Reaching safepoint: 536796 ns, At safepoint: 43749 ns, Total: 580545 ns
[2020-08-12T16:24:26.405+0000][6][safepoint    ] Safepoint "Cleanup", Time since last: 1000353219 ns, Reaching safepoint: 665131 ns, At safepoint: 52250 ns, Total: 717381 ns
[2020-08-12T16:24:28.386+0000][6][safepoint    ] Safepoint "Cleanup", Time since last: 1980909281 ns, Reaching safepoint: 754544 ns, At safepoint: 44887 ns, Total: 799431 ns
[2020-08-12T16:24:29.776+0000][6][safepoint    ] Safepoint "Cleanup", Time since last: 1388560098 ns, Reaching safepoint: 867005 ns, At safepoint: 43837 ns, Total: 910842 ns
[2020-08-12T16:24:30.777+0000][6][safepoint    ] Safepoint "Cleanup", Time since last: 1000399155 ns, Reaching safepoint: 898792 ns, At safepoint: 45937 ns, Total: 944729 ns
[2020-08-12T16:24:31.778+0000][6][safepoint    ] Safepoint "Cleanup", Time since last: 1000323868 ns, Reaching safepoint: 693169 ns, At safepoint: 46313 ns, Total: 739482 ns
[2020-08-12T16:24:32.779+0000][6][safepoint    ] Safepoint "Cleanup", Time since last: 1000345905 ns, Reaching safepoint: 634682 ns, At safepoint: 75787 ns, Total: 710469 ns
[2020-08-12T16:24:33.780+0000][6][safepoint    ] Safepoint "Cleanup", Time since last: 1000373680 ns, Reaching safepoint: 717981 ns, At safepoint: 54712 ns, Total: 772693 ns
[2020-08-12T16:24:34.997+0000][6][safepoint    ] Safepoint "Cleanup", Time since last: 1215768500 ns, Reaching safepoint: 669269 ns, At safepoint: 101137 ns, Total: 770406 ns
[2020-08-12T16:24:36.012+0000][6][safepoint    ] Safepoint "Cleanup", Time since last: 1014157161 ns, Reaching safepoint: 686232 ns, At safepoint: 46762 ns, Total: 732994 ns
[2020-08-12T16:24:37.013+0000][6][safepoint    ] Safepoint "Cleanup", Time since last: 1000417817 ns, Reaching safepoint: 753281 ns, At safepoint: 45212 ns, Total: 798493 ns
[2020-08-12T16:24:38.564+0000][6][safepoint    ] Safepoint "Cleanup", Time since last: 1550395629 ns, Reaching safepoint: 589382 ns, At safepoint: 56462 ns, Total: 645844 ns
[2020-08-12T16:24:40.403+0000][6][safepoint    ] Safepoint "Cleanup", Time since last: 1838195536 ns, Reaching safepoint: 562783 ns, At safepoint: 26925 ns, Total: 589708 ns
[2020-08-12T16:24:41.404+0000][6][safepoint    ] Safepoint "Cleanup", Time since last: 1000290643 ns, Reaching safepoint: 866393 ns, At safepoint: 71812 ns, Total: 938205 ns
[2020-08-12T16:24:42.405+0000][6][safepoint    ] Safepoint "Cleanup", Time since last: 1000316055 ns, Reaching safepoint: 1023579 ns, At safepoint: 77249 ns, Total: 1100828 ns
[2020-08-12T16:24:43.407+0000][6][safepoint    ] Safepoint "Cleanup", Time since last: 1000351093 ns, Reaching safepoint: 882405 ns, At safepoint: 44587 ns, Total: 926992 ns
[2020-08-12T16:24:45.406+0000][6][safepoint    ] Safepoint "Cleanup", Time since last: 1998653041 ns, Reaching safepoint: 409022 ns, At safepoint: 20624 ns, Total: 429646 ns
[2020-08-12T16:24:46.407+0000][6][safepoint    ] Safepoint "Cleanup", Time since last: 1000401056 ns, Reaching safepoint: 840817 ns, At safepoint: 45625 ns, Total: 886442 ns
[2020-08-12T16:24:48.384+0000][6][safepoint    ] Safepoint "Cleanup", Time since last: 1975604639 ns, Reaching safepoint: 1044691 ns, At safepoint: 48450 ns, Total: 1093141 ns
[2020-08-12T16:24:49.385+0000][6][safepoint    ] Safepoint "Cleanup", Time since last: 1000455392 ns, Reaching safepoint: 840168 ns, At safepoint: 44862 ns, Total: 885030 ns
[2020-08-12T16:24:50.386+0000][6][safepoint    ] Safepoint "Cleanup", Time since last: 1000313518 ns, Reaching safepoint: 401396 ns, At safepoint: 23425 ns, Total: 424821 ns
[2020-08-12T16:24:51.387+0000][6][safepoint    ] Safepoint "Cleanup", Time since last: 1000263732 ns, Reaching safepoint: 641457 ns, At safepoint: 120586 ns, Total: 762043 ns
[2020-08-12T16:24:52.388+0000][6][safepoint    ] Safepoint "Cleanup", Time since last: 1000342343 ns, Reaching safepoint: 841993 ns, At safepoint: 56224 ns, Total: 898217 ns
[2020-08-12T16:24:53.390+0000][6][safepoint    ] Safepoint "Cleanup", Time since last: 1000344043 ns, Reaching safepoint: 920442 ns, At safepoint: 43912 ns, Total: 964354 ns
[2020-08-12T16:24:54.391+0000][6][safepoint    ] Safepoint "Cleanup", Time since last: 1000476392 ns, Reaching safepoint: 798418 ns, At safepoint: 44363 ns, Total: 842781 ns
[2020-08-12T16:24:55.410+0000][6][safepoint    ] Safepoint "Cleanup", Time since last: 1018557836 ns, Reaching safepoint: 251548 ns, At safepoint: 11049 ns, Total: 262597 ns
[2020-08-12T16:24:56.410+0000][6][safepoint    ] Safepoint "Cleanup", Time since last: 1000171282 ns, Reaching safepoint: 419222 ns, At safepoint: 18062 ns, Total: 437284 ns
[2020-08-12T16:24:57.414+0000][6][safepoint    ] Safepoint "Cleanup", Time since last: 1003525353 ns, Reaching safepoint: 508146 ns, At safepoint: 16512 ns, Total: 524658 ns
[2020-08-12T16:24:58.416+0000][6][safepoint    ] Safepoint "Cleanup", Time since last: 1000318543 ns, Reaching safepoint: 1075654 ns, At safepoint: 65186 ns, Total: 1140840 ns
[2020-08-12T16:25:00.408+0000][6][safepoint    ] Safepoint "Cleanup", Time since last: 1991717576 ns, Reaching safepoint: 393134 ns, At safepoint: 76837 ns, Total: 469971 ns
[2020-08-12T16:25:01.409+0000][6][safepoint    ] Safepoint "Cleanup", Time since last: 1000263456 ns, Reaching safepoint: 990542 ns, At safepoint: 44162 ns, Total: 1034704 ns
[2020-08-12T16:25:02.411+0000][6][safepoint    ] Safepoint "Cleanup", Time since last: 1000324731 ns, Reaching safepoint: 1027828 ns, At safepoint: 54887 ns, Total: 1082715 ns
[2020-08-12T16:25:03.412+0000][6][safepoint    ] Safepoint "Cleanup", Time since last: 1000690340 ns, Reaching safepoint: 856230 ns, At safepoint: 57775 ns, Total: 914005 ns
[2020-08-12T16:25:05.408+0000][6][safepoint    ] Safepoint "Cleanup", Time since last: 1995306095 ns, Reaching safepoint: 507145 ns, At safepoint: 25038 ns, Total: 532183 ns
[2020-08-12T16:25:06.409+0000][6][safepoint    ] Safepoint "Cleanup", Time since last: 1000262606 ns, Reaching safepoint: 799018 ns, At safepoint: 59524 ns, Total: 858542 ns
[2020-08-12T16:25:07.672+0000][6][safepoint    ] Safepoint "BulkRevokeBias", Time since last: 1261489343 ns, Reaching safepoint: 369910 ns, At safepoint: 933254 ns, Total: 1303164 ns
[2020-08-12T16:25:08.682+0000][6][safepoint    ] Safepoint "Cleanup", Time since last: 1009970448 ns, Reaching safepoint: 488345 ns, At safepoint: 27963 ns, Total: 516308 ns
[2020-08-12T16:25:09.683+0000][6][safepoint    ] Safepoint "Cleanup", Time since last: 1000266568 ns, Reaching safepoint: 578033 ns, At safepoint: 52262 ns, Total: 630295 ns
[2020-08-12T16:25:10.684+0000][6][safepoint    ] Safepoint "Cleanup", Time since last: 1000350593 ns, Reaching safepoint: 517108 ns, At safepoint: 45562 ns, Total: 562670 ns
[2020-08-12T16:25:11.685+0000][6][safepoint    ] Safepoint "Cleanup", Time since last: 1000349268 ns, Reaching safepoint: 705968 ns, At safepoint: 54213 ns, Total: 760181 ns
[2020-08-12T16:25:12.686+0000][6][safepoint    ] Safepoint "Cleanup", Time since last: 1000285743 ns, Reaching safepoint: 459321 ns, At safepoint: 76225 ns, Total: 535546 ns
[2020-08-12T16:25:13.687+0000][6][safepoint    ] Safepoint "Cleanup", Time since last: 1000341805 ns, Reaching safepoint: 632370 ns, At safepoint: 46437 ns, Total: 678807 ns
[2020-08-12T16:25:15.408+0000][6][safepoint    ] Safepoint "Cleanup", Time since last: 1720682998 ns, Reaching safepoint: 412359 ns, At safepoint: 34237 ns, Total: 446596 ns
[2020-08-12T16:25:16.409+0000][6][safepoint    ] Safepoint "Cleanup", Time since last: 1000338894 ns, Reaching safepoint: 614057 ns, At safepoint: 43687 ns, Total: 657744 ns
[2020-08-12T16:25:18.403+0000][6][safepoint    ] Safepoint "Cleanup", Time since last: 1993052177 ns, Reaching safepoint: 636544 ns, At safepoint: 46475 ns, Total: 683019 ns
[2020-08-12T16:25:19.405+0000][6][safepoint    ] Safepoint "Cleanup", Time since last: 1000864901 ns, Reaching safepoint: 889680 ns, At safepoint: 64337 ns, Total: 954017 ns
[2020-08-12T16:25:20.408+0000][6][safepoint    ] Safepoint "Cleanup", Time since last: 1002251238 ns, Reaching safepoint: 814881 ns, At safepoint: 43150 ns, Total: 858031 ns
[2020-08-12T16:25:21.409+0000][6][safepoint    ] Safepoint "Cleanup", Time since last: 1000260068 ns, Reaching safepoint: 756594 ns, At safepoint: 44912 ns, Total: 801506 ns
[2020-08-12T16:25:22.412+0000][6][safepoint    ] Safepoint "Cleanup", Time since last: 1000328393 ns, Reaching safepoint: 2190619 ns, At safepoint: 55949 ns, Total: 2246568 ns
[2020-08-12T16:25:23.413+0000][6][safepoint    ] Safepoint "Cleanup", Time since last: 1000660178 ns, Reaching safepoint: 852693 ns, At safepoint: 44187 ns, Total: 896880 ns
[2020-08-12T16:25:25.410+0000][6][safepoint    ] Safepoint "Cleanup", Time since last: 1995972476 ns, Reaching safepoint: 780144 ns, At safepoint: 37174 ns, Total: 817318 ns
[2020-08-12T16:25:26.411+0000][6][safepoint    ] Safepoint "Cleanup", Time since last: 1000245894 ns, Reaching safepoint: 550970 ns, At safepoint: 39550 ns, Total: 590520 ns
[2020-08-12T16:25:28.286+0000][6][safepoint    ] Safepoint "Cleanup", Time since last: 1874279413 ns, Reaching safepoint: 978241 ns, At safepoint: 51162 ns, Total: 1029403 ns
[2020-08-12T16:25:29.762+0000][6][safepoint    ] Safepoint "Cleanup", Time since last: 1475496549 ns, Reaching safepoint: 644395 ns, At safepoint: 44762 ns, Total: 689157 ns
[2020-08-12T16:25:30.763+0000][6][safepoint    ] Safepoint "Cleanup", Time since last: 1000355742 ns, Reaching safepoint: 625670 ns, At safepoint: 44387 ns, Total: 670057 ns
[2020-08-12T16:25:31.764+0000][6][safepoint    ] Safepoint "Cleanup", Time since last: 1000355618 ns, Reaching safepoint: 732769 ns, At safepoint: 44624 ns, Total: 777393 ns
[2020-08-12T16:25:32.771+0000][6][safepoint    ] Safepoint "Cleanup", Time since last: 1003419542 ns, Reaching safepoint: 3262097 ns, At safepoint: 24712 ns, Total: 3286809 ns
[2020-08-12T16:25:33.772+0000][6][safepoint    ] Safepoint "Cleanup", Time since last: 1000215019 ns, Reaching safepoint: 288060 ns, At safepoint: 12300 ns, Total: 300360 ns
[2020-08-12T16:25:35.409+0000][6][safepoint    ] Safepoint "Cleanup", Time since last: 1637366717 ns, Reaching safepoint: 330647 ns, At safepoint: 15800 ns, Total: 346447 ns
[2020-08-12T16:25:36.410+0000][6][safepoint    ] Safepoint "Cleanup", Time since last: 1000242606 ns, Reaching safepoint: 650345 ns, At safepoint: 52049 ns, Total: 702394 ns
[2020-08-12T16:25:38.325+0000][6][safepoint    ] Safepoint "Cleanup", Time since last: 1912977817 ns, Reaching safepoint: 1273289 ns, At safepoint: 51849 ns, Total: 1325138 ns
[2020-08-12T16:25:39.326+0000][6][safepoint    ] Safepoint "Cleanup", Time since last: 1000375518 ns, Reaching safepoint: 524821 ns, At safepoint: 46312 ns, Total: 571133 ns
[2020-08-12T16:25:40.412+0000][6][safepoint    ] Safepoint "Cleanup", Time since last: 1085462372 ns, Reaching safepoint: 763056 ns, At safepoint: 97774 ns, Total: 860830 ns
[2020-08-12T16:25:41.413+0000][6][safepoint    ] Safepoint "Cleanup", Time since last: 1000346955 ns, Reaching safepoint: 846855 ns, At safepoint: 46150 ns, Total: 893005 ns
[2020-08-12T16:25:42.415+0000][6][safepoint    ] Safepoint "Cleanup", Time since last: 1000332293 ns, Reaching safepoint: 1091303 ns, At safepoint: 58162 ns, Total: 1149465 ns
[2020-08-12T16:25:43.416+0000][6][safepoint    ] Safepoint "Cleanup", Time since last: 1000386743 ns, Reaching safepoint: 585869 ns, At safepoint: 54488 ns, Total: 640357 ns
[2020-08-12T16:25:45.413+0000][6][safepoint    ] Safepoint "Cleanup", Time since last: 1996363486 ns, Reaching safepoint: 472683 ns, At safepoint: 44925 ns, Total: 517608 ns
[2020-08-12T16:25:46.414+0000][6][safepoint    ] Safepoint "Cleanup", Time since last: 1000350017 ns, Reaching safepoint: 570995 ns, At safepoint: 44213 ns, Total: 615208 ns
[2020-08-12T16:25:48.359+0000][6][safepoint    ] Safepoint "Cleanup", Time since last: 1943077307 ns, Reaching safepoint: 2358030 ns, At safepoint: 58862 ns, Total: 2416892 ns
[2020-08-12T16:25:49.360+0000][6][safepoint    ] Safepoint "Cleanup", Time since last: 1000351068 ns, Reaching safepoint: 670581 ns, At safepoint: 45163 ns, Total: 715744 ns
[2020-08-12T16:25:50.361+0000][6][safepoint    ] Safepoint "Cleanup", Time since last: 1000305105 ns, Reaching safepoint: 360760 ns, At safepoint: 19612 ns, Total: 380372 ns
[2020-08-12T16:25:51.362+0000][6][safepoint    ] Safepoint "Cleanup", Time since last: 1000282856 ns, Reaching safepoint: 617482 ns, At safepoint: 53587 ns, Total: 671069 ns
[2020-08-12T16:25:52.363+0000][6][safepoint    ] Safepoint "Cleanup", Time since last: 1000427918 ns, Reaching safepoint: 607394 ns, At safepoint: 54037 ns, Total: 661431 ns
[2020-08-12T16:25:53.364+0000][6][safepoint    ] Safepoint "Cleanup", Time since last: 1000415593 ns, Reaching safepoint: 599545 ns, At safepoint: 110274 ns, Total: 709819 ns
[2020-08-12T16:25:54.365+0000][6][safepoint    ] Safepoint "Cleanup", Time since last: 1000358905 ns, Reaching safepoint: 662057 ns, At safepoint: 47262 ns, Total: 709319 ns
[2020-08-12T16:25:55.414+0000][6][safepoint    ] Safepoint "Cleanup", Time since last: 1047817084 ns, Reaching safepoint: 833705 ns, At safepoint: 45125 ns, Total: 878830 ns
[2020-08-12T16:25:56.415+0000][6][safepoint    ] Safepoint "Cleanup", Time since last: 1000398267 ns, Reaching safepoint: 875755 ns, At safepoint: 67937 ns, Total: 943692 ns
[2020-08-12T16:25:58.325+0000][6][safepoint    ] Safepoint "Cleanup", Time since last: 1909451122 ns, Reaching safepoint: 719757 ns, At safepoint: 44687 ns, Total: 764444 ns
[2020-08-12T16:25:59.415+0000][6][safepoint    ] Safepoint "BulkRevokeBias", Time since last: 1086131803 ns, Reaching safepoint: 1114303 ns, At safepoint: 2585528 ns, Total: 3699831 ns
[2020-08-12T16:25:59.419+0000][6][safepoint    ] Safepoint "BulkRevokeBias", Time since last: 845630 ns, Reaching safepoint: 838543 ns, At safepoint: 2513041 ns, Total: 3351584 ns
[2020-08-12T16:26:00.420+0000][6][safepoint    ] Safepoint "Cleanup", Time since last: 1000412580 ns, Reaching safepoint: 544195 ns, At safepoint: 45087 ns, Total: 589282 ns
[2020-08-12T16:26:01.422+0000][6][safepoint    ] Safepoint "Cleanup", Time since last: 1000353943 ns, Reaching safepoint: 1305001 ns, At safepoint: 55587 ns, Total: 1360588 ns
[2020-08-12T16:26:02.423+0000][6][safepoint    ] Safepoint "Cleanup", Time since last: 1000342981 ns, Reaching safepoint: 1054603 ns, At safepoint: 72425 ns, Total: 1127028 ns
[2020-08-12T16:26:03.424+0000][6][safepoint    ] Safepoint "Cleanup", Time since last: 1000348943 ns, Reaching safepoint: 571570 ns, At safepoint: 44437 ns, Total: 616007 ns
[2020-08-12T16:26:04.425+0000][6][safepoint    ] Safepoint "Cleanup", Time since last: 1000352205 ns, Reaching safepoint: 584808 ns, At safepoint: 66262 ns, Total: 651070 ns
[2020-08-12T16:26:05.600+0000][6][safepoint    ] Safepoint "Cleanup", Time since last: 1174219069 ns, Reaching safepoint: 439197 ns, At safepoint: 18049 ns, Total: 457246 ns
[2020-08-12T16:26:06.601+0000][6][safepoint    ] Safepoint "Cleanup", Time since last: 1000255119 ns, Reaching safepoint: 858005 ns, At safepoint: 43362 ns, Total: 901367 ns
[2020-08-12T16:26:07.379+0000][6][safepoint    ] Safepoint "BulkRevokeBias", Time since last: 775494206 ns, Reaching safepoint: 481996 ns, At safepoint: 2094407 ns, Total: 2576403 ns
[2020-08-12T16:26:08.380+0000][6][safepoint    ] Safepoint "Cleanup", Time since last: 1000223469 ns, Reaching safepoint: 364259 ns, At safepoint: 16237 ns, Total: 380496 ns
[2020-08-12T16:26:09.381+0000][6][safepoint    ] Safepoint "Cleanup", Time since last: 1000243607 ns, Reaching safepoint: 799105 ns, At safepoint: 47200 ns, Total: 846305 ns
[2020-08-12T16:26:10.382+0000][6][safepoint    ] Safepoint "Cleanup", Time since last: 1000302393 ns, Reaching safepoint: 884618 ns, At safepoint: 44774 ns, Total: 929392 ns
[2020-08-12T16:26:11.384+0000][6][safepoint    ] Safepoint "Cleanup", Time since last: 1000395168 ns, Reaching safepoint: 1743547 ns, At safepoint: 49125 ns, Total: 1792672 ns
[2020-08-12T16:26:12.386+0000][6][safepoint    ] Safepoint "Cleanup", Time since last: 1000350280 ns, Reaching safepoint: 825668 ns, At safepoint: 44412 ns, Total: 870080 ns
[2020-08-12T16:26:13.387+0000][6][safepoint    ] Safepoint "Cleanup", Time since last: 1000347281 ns, Reaching safepoint: 442533 ns, At safepoint: 23900 ns, Total: 466433 ns
[2020-08-12T16:26:14.388+0000][6][safepoint    ] Safepoint "Cleanup", Time since last: 1000264069 ns, Reaching safepoint: 870905 ns, At safepoint: 44749 ns, Total: 915654 ns
[2020-08-12T16:26:15.415+0000][6][safepoint    ] Safepoint "Cleanup", Time since last: 1026698479 ns, Reaching safepoint: 379984 ns, At safepoint: 20587 ns, Total: 400571 ns
[2020-08-12T16:26:16.416+0000][6][safepoint    ] Safepoint "Cleanup", Time since last: 1000286044 ns, Reaching safepoint: 919504 ns, At safepoint: 71025 ns, Total: 990529 ns
[2020-08-12T16:26:18.380+0000][6][safepoint    ] Safepoint "Cleanup", Time since last: 1962737651 ns, Reaching safepoint: 678531 ns, At safepoint: 43600 ns, Total: 722131 ns
[2020-08-12T16:26:19.381+0000][6][safepoint    ] Safepoint "Cleanup", Time since last: 1000436042 ns, Reaching safepoint: 769031 ns, At safepoint: 44174 ns, Total: 813205 ns
[2020-08-12T16:26:20.417+0000][6][safepoint    ] Safepoint "Cleanup", Time since last: 1035942174 ns, Reaching safepoint: 456521 ns, At safepoint: 57650 ns, Total: 514171 ns
[2020-08-12T16:26:21.418+0000][6][safepoint    ] Safepoint "Cleanup", Time since last: 1000354405 ns, Reaching safepoint: 668469 ns, At safepoint: 44462 ns, Total: 712931 ns
[2020-08-12T16:26:22.420+0000][6][safepoint    ] Safepoint "Cleanup", Time since last: 1000352743 ns, Reaching safepoint: 947217 ns, At safepoint: 57987 ns, Total: 1005204 ns
[2020-08-12T16:26:23.421+0000][6][safepoint    ] Safepoint "Cleanup", Time since last: 1000408842 ns, Reaching safepoint: 920805 ns, At safepoint: 71624 ns, Total: 992429 ns
[2020-08-12T16:26:25.416+0000][6][safepoint    ] Safepoint "Cleanup", Time since last: 1994508365 ns, Reaching safepoint: 789730 ns, At safepoint: 15275 ns, Total: 805005 ns
[2020-08-12T16:26:26.562+0000][6][safepoint    ] Safepoint "Cleanup", Time since last: 1144996559 ns, Reaching safepoint: 868918 ns, At safepoint: 44562 ns, Total: 913480 ns
[2020-08-12T16:26:28.304+0000][6][safepoint    ] Safepoint "Cleanup", Time since last: 1741176397 ns, Reaching safepoint: 828380 ns, At safepoint: 55637 ns, Total: 884017 ns
[2020-08-12T16:26:29.890+0000][6][safepoint    ] Safepoint "Cleanup", Time since last: 1585430227 ns, Reaching safepoint: 651107 ns, At safepoint: 53337 ns, Total: 704444 ns
[2020-08-12T16:26:30.892+0000][6][safepoint    ] Safepoint "Cleanup", Time since last: 1000354155 ns, Reaching safepoint: 698094 ns, At safepoint: 54062 ns, Total: 752156 ns
[2020-08-12T16:26:31.893+0000][6][safepoint    ] Safepoint "Cleanup", Time since last: 1000381131 ns, Reaching safepoint: 601182 ns, At safepoint: 53462 ns, Total: 654644 ns
[2020-08-12T16:26:32.893+0000][6][safepoint    ] Safepoint "Cleanup", Time since last: 1000296818 ns, Reaching safepoint: 361972 ns, At safepoint: 18038 ns, Total: 380010 ns
[2020-08-12T16:26:33.894+0000][6][safepoint    ] Safepoint "Cleanup", Time since last: 1000257056 ns, Reaching safepoint: 752218 ns, At safepoint: 46537 ns, Total: 798755 ns
[2020-08-12T16:26:35.418+0000][6][safepoint    ] Safepoint "Cleanup", Time since last: 1522806791 ns, Reaching safepoint: 372072 ns, At safepoint: 20625 ns, Total: 392697 ns
[2020-08-12T16:26:36.419+0000][6][safepoint    ] Safepoint "Cleanup", Time since last: 1000358968 ns, Reaching safepoint: 600270 ns, At safepoint: 44874 ns, Total: 645144 ns
[2020-08-12T16:26:38.342+0000][6][safepoint    ] Safepoint "Cleanup", Time since last: 1922242287 ns, Reaching safepoint: 920717 ns, At safepoint: 62237 ns, Total: 982954 ns
[2020-08-12T16:26:38.650+0000][6][gc,start     ] GC(39) Pause Young (Normal) (G1 Evacuation Pause)
[2020-08-12T16:26:38.650+0000][6][gc,task      ] GC(39) Using 2 workers of 2 for evacuation
[2020-08-12T16:26:38.650+0000][6][gc,age       ] GC(39) Desired survivor size 40370176 bytes, new threshold 15 (max threshold 15)
[2020-08-12T16:26:38.671+0000][6][gc,age       ] GC(39) Age table with threshold 15 (max threshold 15)
[2020-08-12T16:26:38.672+0000][6][gc,age       ] GC(39) - age   1:     290008 bytes,     290008 total
[2020-08-12T16:26:38.672+0000][6][gc,age       ] GC(39) - age   2:     485112 bytes,     775120 total
[2020-08-12T16:26:38.672+0000][6][gc,age       ] GC(39) - age   3:     250488 bytes,    1025608 total
[2020-08-12T16:26:38.672+0000][6][gc,age       ] GC(39) - age   4:      47680 bytes,    1073288 total
[2020-08-12T16:26:38.672+0000][6][gc,age       ] GC(39) - age   5:      77488 bytes,    1150776 total
[2020-08-12T16:26:38.672+0000][6][gc,age       ] GC(39) - age   6:      34792 bytes,    1185568 total
[2020-08-12T16:26:38.672+0000][6][gc,age       ] GC(39) - age   7:      81440 bytes,    1267008 total
[2020-08-12T16:26:38.672+0000][6][gc,age       ] GC(39) - age   8:     114200 bytes,    1381208 total
[2020-08-12T16:26:38.672+0000][6][gc,age       ] GC(39) - age   9:      37232 bytes,    1418440 total
[2020-08-12T16:26:38.672+0000][6][gc,age       ] GC(39) - age  10:      78928 bytes,    1497368 total
[2020-08-12T16:26:38.672+0000][6][gc,age       ] GC(39) - age  11:      32912 bytes,    1530280 total
[2020-08-12T16:26:38.672+0000][6][gc,age       ] GC(39) - age  12:      81616 bytes,    1611896 total
[2020-08-12T16:26:38.672+0000][6][gc,age       ] GC(39) - age  13:      64256 bytes,    1676152 total
[2020-08-12T16:26:38.672+0000][6][gc,age       ] GC(39) - age  14:      37360 bytes,    1713512 total
[2020-08-12T16:26:38.672+0000][6][gc,age       ] GC(39) - age  15:      42832 bytes,    1756344 total
[2020-08-12T16:26:38.672+0000][6][gc,phases    ] GC(39)   Pre Evacuate Collection Set: 0.6ms
[2020-08-12T16:26:38.672+0000][6][gc,phases    ] GC(39)   Merge Heap Roots: 0.5ms
[2020-08-12T16:26:38.672+0000][6][gc,phases    ] GC(39)   Evacuate Collection Set: 16.4ms
[2020-08-12T16:26:38.672+0000][6][gc,phases    ] GC(39)   Post Evacuate Collection Set: 3.9ms
[2020-08-12T16:26:38.673+0000][6][gc,phases    ] GC(39)   Other: 1.5ms
[2020-08-12T16:26:38.673+0000][6][gc,heap      ] GC(39) Eden regions: 612->0(612)
[2020-08-12T16:26:38.673+0000][6][gc,heap      ] GC(39) Survivor regions: 2->2(77)
[2020-08-12T16:26:38.673+0000][6][gc,heap      ] GC(39) Old regions: 77->77
[2020-08-12T16:26:38.673+0000][6][gc,heap      ] GC(39) Archive regions: 2->2
[2020-08-12T16:26:38.673+0000][6][gc,heap      ] GC(39) Humongous regions: 7->7
[2020-08-12T16:26:38.673+0000][6][gc,metaspace ] GC(39) Metaspace: 97681K(105528K)->97681K(105528K) NonClass: 85150K(89912K)->85150K(89912K) Class: 12530K(15616K)->12530K(15616K)
[2020-08-12T16:26:38.673+0000][6][gc           ] GC(39) Pause Young (Normal) (G1 Evacuation Pause) 698M->86M(1024M) 23.384ms
[2020-08-12T16:26:38.673+0000][6][gc,cpu       ] GC(39) User=0.03s Sys=0.00s Real=0.02s
[2020-08-12T16:26:38.673+0000][6][safepoint    ] Safepoint "G1CollectForAllocation", Time since last: 307053642 ns, Reaching safepoint: 585395 ns, At safepoint: 23704333 ns, Total: 24289728 ns
[2020-08-12T16:26:40.419+0000][6][safepoint    ] Safepoint "Cleanup", Time since last: 1744754616 ns, Reaching safepoint: 804119 ns, At safepoint: 49299 ns, Total: 853418 ns
[2020-08-12T16:26:41.420+0000][6][safepoint    ] Safepoint "Cleanup", Time since last: 1000377518 ns, Reaching safepoint: 861530 ns, At safepoint: 44912 ns, Total: 906442 ns
[2020-08-12T16:26:42.421+0000][6][safepoint    ] Safepoint "Cleanup", Time since last: 1000340381 ns, Reaching safepoint: 921517 ns, At safepoint: 68199 ns, Total: 989716 ns
[2020-08-12T16:26:43.422+0000][6][safepoint    ] Safepoint "Cleanup", Time since last: 1000336580 ns, Reaching safepoint: 432172 ns, At safepoint: 19437 ns, Total: 451609 ns
[2020-08-12T16:26:45.419+0000][6][safepoint    ] Safepoint "Cleanup", Time since last: 1996323686 ns, Reaching safepoint: 860530 ns, At safepoint: 44262 ns, Total: 904792 ns
[2020-08-12T16:26:46.842+0000][6][safepoint    ] Safepoint "Cleanup", Time since last: 1421757162 ns, Reaching safepoint: 546971 ns, At safepoint: 23399 ns, Total: 570370 ns
[2020-08-12T16:26:48.371+0000][6][safepoint    ] Safepoint "Cleanup", Time since last: 1528777703 ns, Reaching safepoint: 755643 ns, At safepoint: 47787 ns, Total: 803430 ns
[2020-08-12T16:26:49.372+0000][6][safepoint    ] Safepoint "Cleanup", Time since last: 1000318331 ns, Reaching safepoint: 494396 ns, At safepoint: 43799 ns, Total: 538195 ns
[2020-08-12T16:26:50.373+0000][6][safepoint    ] Safepoint "Cleanup", Time since last: 1000318268 ns, Reaching safepoint: 393122 ns, At safepoint: 99887 ns, Total: 493009 ns
[2020-08-12T16:26:51.374+0000][6][safepoint    ] Safepoint "Cleanup", Time since last: 1000333555 ns, Reaching safepoint: 659594 ns, At safepoint: 35063 ns, Total: 694657 ns
[2020-08-12T16:26:52.375+0000][6][safepoint    ] Safepoint "Cleanup", Time since last: 1000317068 ns, Reaching safepoint: 709181 ns, At safepoint: 54850 ns, Total: 764031 ns
[2020-08-12T16:26:53.376+0000][6][safepoint    ] Safepoint "Cleanup", Time since last: 1000349668 ns, Reaching safepoint: 654019 ns, At safepoint: 52650 ns, Total: 706669 ns
[2020-08-12T16:26:54.377+0000][6][safepoint    ] Safepoint "Cleanup", Time since last: 1000345505 ns, Reaching safepoint: 594758 ns, At safepoint: 44437 ns, Total: 639195 ns
[2020-08-12T16:26:55.423+0000][6][safepoint    ] Safepoint "Cleanup", Time since last: 1045183444 ns, Reaching safepoint: 442909 ns, At safepoint: 44112 ns, Total: 487021 ns
[2020-08-12T16:26:56.424+0000][6][safepoint    ] Safepoint "Cleanup", Time since last: 1000459504 ns, Reaching safepoint: 918717 ns, At safepoint: 57200 ns, Total: 975917 ns
[2020-08-12T16:26:58.290+0000][6][safepoint    ] Safepoint "Cleanup", Time since last: 1865183191 ns, Reaching safepoint: 692781 ns, At safepoint: 45375 ns, Total: 738156 ns
[2020-08-12T16:26:59.420+0000][6][safepoint    ] Safepoint "Cleanup", Time since last: 1129038209 ns, Reaching safepoint: 603920 ns, At safepoint: 43949 ns, Total: 647869 ns
[2020-08-12T16:27:00.421+0000][6][safepoint    ] Safepoint "Cleanup", Time since last: 1001128012 ns, Reaching safepoint: 444408 ns, At safepoint: 44062 ns, Total: 488470 ns
[2020-08-12T16:27:01.422+0000][6][safepoint    ] Safepoint "Cleanup", Time since last: 1000355943 ns, Reaching safepoint: 633757 ns, At safepoint: 44137 ns, Total: 677894 ns
[2020-08-12T16:27:02.423+0000][6][safepoint    ] Safepoint "Cleanup", Time since last: 1000348031 ns, Reaching safepoint: 634757 ns, At safepoint: 46387 ns, Total: 681144 ns
[2020-08-12T16:27:03.425+0000][6][safepoint    ] Safepoint "Cleanup", Time since last: 1000350968 ns, Reaching safepoint: 703394 ns, At safepoint: 53849 ns, Total: 757243 ns
[2020-08-12T16:27:05.420+0000][6][safepoint    ] Safepoint "Cleanup", Time since last: 1995372407 ns, Reaching safepoint: 432334 ns, At safepoint: 44925 ns, Total: 477259 ns
[2020-08-12T16:27:06.422+0000][6][safepoint    ] Safepoint "Cleanup", Time since last: 1000345930 ns, Reaching safepoint: 859218 ns, At safepoint: 44674 ns, Total: 903892 ns
[2020-08-12T16:27:08.402+0000][6][safepoint    ] Safepoint "Cleanup", Time since last: 1979050710 ns, Reaching safepoint: 817843 ns, At safepoint: 44562 ns, Total: 862405 ns
[2020-08-12T16:27:09.402+0000][6][safepoint    ] Safepoint "Cleanup", Time since last: 1000298431 ns, Reaching safepoint: 379222 ns, At safepoint: 19424 ns, Total: 398646 ns
[2020-08-12T16:27:10.403+0000][6][safepoint    ] Safepoint "Cleanup", Time since last: 1000234045 ns, Reaching safepoint: 349372 ns, At safepoint: 16062 ns, Total: 365434 ns
[2020-08-12T16:27:11.404+0000][6][safepoint    ] Safepoint "Cleanup", Time since last: 1000268269 ns, Reaching safepoint: 824880 ns, At safepoint: 46487 ns, Total: 871367 ns
[2020-08-12T16:27:12.405+0000][6][safepoint    ] Safepoint "Cleanup", Time since last: 1000333718 ns, Reaching safepoint: 293973 ns, At safepoint: 16937 ns, Total: 310910 ns
[2020-08-12T16:27:13.406+0000][6][safepoint    ] Safepoint "Cleanup", Time since last: 1000237769 ns, Reaching safepoint: 822980 ns, At safepoint: 44062 ns, Total: 867042 ns
[2020-08-12T16:27:14.408+0000][6][safepoint    ] Safepoint "Cleanup", Time since last: 1000448867 ns, Reaching safepoint: 1219440 ns, At safepoint: 93274 ns, Total: 1312714 ns
[2020-08-12T16:27:15.423+0000][6][safepoint    ] Safepoint "Cleanup", Time since last: 1014391472 ns, Reaching safepoint: 814805 ns, At safepoint: 43750 ns, Total: 858555 ns
[2020-08-12T16:27:16.424+0000][6][safepoint    ] Safepoint "Cleanup", Time since last: 1000402793 ns, Reaching safepoint: 986229 ns, At safepoint: 56762 ns, Total: 1042991 ns
[2020-08-12T16:27:18.371+0000][6][safepoint    ] Safepoint "Cleanup", Time since last: 1946135356 ns, Reaching safepoint: 871992 ns, At safepoint: 43975 ns, Total: 915967 ns
[2020-08-12T16:27:19.372+0000][6][safepoint    ] Safepoint "Cleanup", Time since last: 1000310393 ns, Reaching safepoint: 554745 ns, At safepoint: 57899 ns, Total: 612644 ns
[2020-08-12T16:27:20.421+0000][6][safepoint    ] Safepoint "Cleanup", Time since last: 1048623303 ns, Reaching safepoint: 418984 ns, At safepoint: 56037 ns, Total: 475021 ns
[2020-08-12T16:27:21.422+0000][6][safepoint    ] Safepoint "Cleanup", Time since last: 1000348855 ns, Reaching safepoint: 610557 ns, At safepoint: 44338 ns, Total: 654895 ns
[2020-08-12T16:27:22.423+0000][6][safepoint    ] Safepoint "Cleanup", Time since last: 1000344542 ns, Reaching safepoint: 617033 ns, At safepoint: 44462 ns, Total: 661495 ns
[2020-08-12T16:27:23.424+0000][6][safepoint    ] Safepoint "Cleanup", Time since last: 1000345992 ns, Reaching safepoint: 663270 ns, At safepoint: 55899 ns, Total: 719169 ns
[2020-08-12T16:27:25.424+0000][6][safepoint    ] Safepoint "Cleanup", Time since last: 1998819278 ns, Reaching safepoint: 858130 ns, At safepoint: 44549 ns, Total: 902679 ns
[2020-08-12T16:27:26.425+0000][6][safepoint    ] Safepoint "Cleanup", Time since last: 1000348231 ns, Reaching safepoint: 682344 ns, At safepoint: 52437 ns, Total: 734781 ns
[2020-08-12T16:27:28.336+0000][6][safepoint    ] Safepoint "Cleanup", Time since last: 1909785432 ns, Reaching safepoint: 775480 ns, At safepoint: 44188 ns, Total: 819668 ns
[2020-08-12T16:27:29.766+0000][6][safepoint    ] Safepoint "Cleanup", Time since last: 1429570844 ns, Reaching safepoint: 740869 ns, At safepoint: 54437 ns, Total: 795306 ns
[2020-08-12T16:27:30.767+0000][6][safepoint    ] Safepoint "Cleanup", Time since last: 1000358205 ns, Reaching safepoint: 691707 ns, At safepoint: 47037 ns, Total: 738744 ns
[2020-08-12T16:27:31.769+0000][6][safepoint    ] Safepoint "Cleanup", Time since last: 1000742252 ns, Reaching safepoint: 812155 ns, At safepoint: 86300 ns, Total: 898455 ns
[2020-08-12T16:27:32.782+0000][6][safepoint    ] Safepoint "Cleanup", Time since last: 1010416181 ns, Reaching safepoint: 2329542 ns, At safepoint: 36562 ns, Total: 2366104 ns
[2020-08-12T16:27:33.783+0000][6][safepoint    ] Safepoint "Cleanup", Time since last: 1000245482 ns, Reaching safepoint: 974691 ns, At safepoint: 46525 ns, Total: 1021216 ns
[2020-08-12T16:27:35.471+0000][6][safepoint    ] Safepoint "Cleanup", Time since last: 1687692258 ns, Reaching safepoint: 622494 ns, At safepoint: 32325 ns, Total: 654819 ns
[2020-08-12T16:27:36.472+0000][6][safepoint    ] Safepoint "Cleanup", Time since last: 1000282494 ns, Reaching safepoint: 713894 ns, At safepoint: 45049 ns, Total: 758943 ns
[2020-08-12T16:27:38.456+0000][6][safepoint    ] Safepoint "Cleanup", Time since last: 1982942364 ns, Reaching safepoint: 679232 ns, At safepoint: 48524 ns, Total: 727756 ns
[2020-08-12T16:27:39.457+0000][6][safepoint    ] Safepoint "Cleanup", Time since last: 1000280344 ns, Reaching safepoint: 374072 ns, At safepoint: 40162 ns, Total: 414234 ns
[2020-08-12T16:27:40.532+0000][6][safepoint    ] Safepoint "Cleanup", Time since last: 1074800601 ns, Reaching safepoint: 473384 ns, At safepoint: 45099 ns, Total: 518483 ns
[2020-08-12T16:27:41.534+0000][6][safepoint    ] Safepoint "Cleanup", Time since last: 1000347431 ns, Reaching safepoint: 1376050 ns, At safepoint: 53975 ns, Total: 1430025 ns
[2020-08-12T16:27:42.535+0000][6][safepoint    ] Safepoint "Cleanup", Time since last: 1000383967 ns, Reaching safepoint: 862230 ns, At safepoint: 41475 ns, Total: 903705 ns
[2020-08-12T16:27:43.536+0000][6][safepoint    ] Safepoint "Cleanup", Time since last: 1000294381 ns, Reaching safepoint: 649319 ns, At safepoint: 45038 ns, Total: 694357 ns
[2020-08-12T16:27:45.425+0000][6][safepoint    ] Safepoint "Cleanup", Time since last: 1888176817 ns, Reaching safepoint: 426847 ns, At safepoint: 19537 ns, Total: 446384 ns
[2020-08-12T16:27:46.426+0000][6][safepoint    ] Safepoint "Cleanup", Time since last: 1000253531 ns, Reaching safepoint: 1009717 ns, At safepoint: 57674 ns, Total: 1067391 ns
[2020-08-12T16:27:48.372+0000][6][safepoint    ] Safepoint "Cleanup", Time since last: 1945277676 ns, Reaching safepoint: 833943 ns, At safepoint: 45950 ns, Total: 879893 ns
[2020-08-12T16:27:49.373+0000][6][safepoint    ] Safepoint "Cleanup", Time since last: 1000351568 ns, Reaching safepoint: 737581 ns, At safepoint: 45762 ns, Total: 783343 ns
[2020-08-12T16:27:50.375+0000][6][safepoint    ] Safepoint "Cleanup", Time since last: 1000355968 ns, Reaching safepoint: 806705 ns, At safepoint: 45337 ns, Total: 852042 ns
[2020-08-12T16:27:51.376+0000][6][safepoint    ] Safepoint "Cleanup", Time since last: 1000393818 ns, Reaching safepoint: 773255 ns, At safepoint: 44238 ns, Total: 817493 ns
[2020-08-12T16:27:52.377+0000][6][safepoint    ] Safepoint "Cleanup", Time since last: 1000391180 ns, Reaching safepoint: 855517 ns, At safepoint: 69562 ns, Total: 925079 ns
[2020-08-12T16:27:53.378+0000][6][safepoint    ] Safepoint "Cleanup", Time since last: 1000310656 ns, Reaching safepoint: 614007 ns, At safepoint: 60537 ns, Total: 674544 ns
[2020-08-12T16:27:54.379+0000][6][safepoint    ] Safepoint "Cleanup", Time since last: 1000340843 ns, Reaching safepoint: 764556 ns, At safepoint: 44412 ns, Total: 808968 ns
[2020-08-12T16:27:55.426+0000][6][safepoint    ] Safepoint "Cleanup", Time since last: 1046153224 ns, Reaching safepoint: 738818 ns, At safepoint: 44613 ns, Total: 783431 ns
[2020-08-12T16:27:56.427+0000][6][safepoint    ] Safepoint "Cleanup", Time since last: 1000826526 ns, Reaching safepoint: 462096 ns, At safepoint: 23487 ns, Total: 485583 ns
[2020-08-12T16:27:58.327+0000][6][safepoint    ] Safepoint "Cleanup", Time since last: 1899258910 ns, Reaching safepoint: 616357 ns, At safepoint: 45287 ns, Total: 661644 ns
[2020-08-12T16:27:59.426+0000][6][safepoint    ] Safepoint "Cleanup", Time since last: 1098124538 ns, Reaching safepoint: 608432 ns, At safepoint: 43963 ns, Total: 652395 ns
[2020-08-12T16:28:00.428+0000][6][safepoint    ] Safepoint "Cleanup", Time since last: 1001165136 ns, Reaching safepoint: 438583 ns, At safepoint: 44425 ns, Total: 483008 ns
[2020-08-12T16:28:01.429+0000][6][safepoint    ] Safepoint "Cleanup", Time since last: 1000458029 ns, Reaching safepoint: 1033066 ns, At safepoint: 44638 ns, Total: 1077704 ns
[2020-08-12T16:28:02.431+0000][6][safepoint    ] Safepoint "Cleanup", Time since last: 1000327180 ns, Reaching safepoint: 837680 ns, At safepoint: 47400 ns, Total: 885080 ns
[2020-08-12T16:28:03.432+0000][6][safepoint    ] Safepoint "Cleanup", Time since last: 1000374130 ns, Reaching safepoint: 774319 ns, At safepoint: 44162 ns, Total: 818481 ns
[2020-08-12T16:28:04.429+0000][6][safepoint    ] Safepoint "BulkRevokeBias", Time since last: 994220095 ns, Reaching safepoint: 864955 ns, At safepoint: 2548716 ns, Total: 3413671 ns
[2020-08-12T16:28:05.430+0000][6][safepoint    ] Safepoint "Cleanup", Time since last: 1000558529 ns, Reaching safepoint: 337084 ns, At safepoint: 15800 ns, Total: 352884 ns
[2020-08-12T16:28:06.432+0000][6][safepoint    ] Safepoint "Cleanup", Time since last: 1000249344 ns, Reaching safepoint: 932392 ns, At safepoint: 44237 ns, Total: 976629 ns
[2020-08-12T16:28:08.370+0000][6][safepoint    ] Safepoint "Cleanup", Time since last: 1937535543 ns, Reaching safepoint: 598582 ns, At safepoint: 44175 ns, Total: 642757 ns
[2020-08-12T16:28:09.370+0000][6][safepoint    ] Safepoint "Cleanup", Time since last: 1000343530 ns, Reaching safepoint: 388359 ns, At safepoint: 42837 ns, Total: 431196 ns
[2020-08-12T16:28:10.371+0000][6][safepoint    ] Safepoint "Cleanup", Time since last: 1000311994 ns, Reaching safepoint: 577470 ns, At safepoint: 45024 ns, Total: 622494 ns
[2020-08-12T16:28:11.373+0000][6][safepoint    ] Safepoint "Cleanup", Time since last: 1000347106 ns, Reaching safepoint: 746743 ns, At safepoint: 54612 ns, Total: 801355 ns
[2020-08-12T16:28:12.374+0000][6][safepoint    ] Safepoint "Cleanup", Time since last: 1000399805 ns, Reaching safepoint: 576495 ns, At safepoint: 44962 ns, Total: 621457 ns
[2020-08-12T16:28:13.375+0000][6][safepoint    ] Safepoint "Cleanup", Time since last: 1000386181 ns, Reaching safepoint: 591644 ns, At safepoint: 52737 ns, Total: 644381 ns
[2020-08-12T16:28:14.376+0000][6][safepoint    ] Safepoint "Cleanup", Time since last: 1000353018 ns, Reaching safepoint: 593870 ns, At safepoint: 45375 ns, Total: 639245 ns
[2020-08-12T16:28:15.429+0000][6][safepoint    ] Safepoint "Cleanup", Time since last: 1053249762 ns, Reaching safepoint: 396584 ns, At safepoint: 44650 ns, Total: 441234 ns
[2020-08-12T16:28:16.430+0000][6][safepoint    ] Safepoint "Cleanup", Time since last: 1000281506 ns, Reaching safepoint: 899092 ns, At safepoint: 44125 ns, Total: 943217 ns
[2020-08-12T16:28:18.409+0000][6][safepoint    ] Safepoint "Cleanup", Time since last: 1977911532 ns, Reaching safepoint: 890780 ns, At safepoint: 43824 ns, Total: 934604 ns
[2020-08-12T16:28:19.411+0000][6][safepoint    ] Safepoint "Cleanup", Time since last: 1000348005 ns, Reaching safepoint: 871305 ns, At safepoint: 43963 ns, Total: 915268 ns
[2020-08-12T16:28:20.428+0000][6][safepoint    ] Safepoint "Cleanup", Time since last: 1016946400 ns, Reaching safepoint: 649194 ns, At safepoint: 44987 ns, Total: 694181 ns
[2020-08-12T16:28:21.429+0000][6][safepoint    ] Safepoint "Cleanup", Time since last: 1000345118 ns, Reaching safepoint: 666345 ns, At safepoint: 46787 ns, Total: 713132 ns
[2020-08-12T16:28:22.431+0000][6][safepoint    ] Safepoint "Cleanup", Time since last: 1000340280 ns, Reaching safepoint: 847730 ns, At safepoint: 44700 ns, Total: 892430 ns
[2020-08-12T16:28:23.432+0000][6][safepoint    ] Safepoint "Cleanup", Time since last: 1000365518 ns, Reaching safepoint: 700694 ns, At safepoint: 38274 ns, Total: 738968 ns
[2020-08-12T16:28:25.429+0000][6][safepoint    ] Safepoint "Cleanup", Time since last: 1997156092 ns, Reaching safepoint: 352247 ns, At safepoint: 15675 ns, Total: 367922 ns
[2020-08-12T16:28:26.430+0000][6][safepoint    ] Safepoint "Cleanup", Time since last: 1000216806 ns, Reaching safepoint: 645207 ns, At safepoint: 33700 ns, Total: 678907 ns
[2020-08-12T16:28:28.318+0000][6][safepoint    ] Safepoint "Cleanup", Time since last: 1886711505 ns, Reaching safepoint: 902317 ns, At safepoint: 44787 ns, Total: 947104 ns
[2020-08-12T16:28:29.759+0000][6][safepoint    ] Safepoint "Cleanup", Time since last: 1440884460 ns, Reaching safepoint: 635532 ns, At safepoint: 29313 ns, Total: 664845 ns
[2020-08-12T16:28:30.760+0000][6][safepoint    ] Safepoint "Cleanup", Time since last: 1000269493 ns, Reaching safepoint: 650494 ns, At safepoint: 53550 ns, Total: 704044 ns
[2020-08-12T16:28:31.761+0000][6][safepoint    ] Safepoint "Cleanup", Time since last: 1000343118 ns, Reaching safepoint: 842743 ns, At safepoint: 45724 ns, Total: 888467 ns
[2020-08-12T16:28:32.763+0000][6][safepoint    ] Safepoint "Cleanup", Time since last: 1000340606 ns, Reaching safepoint: 958742 ns, At safepoint: 64974 ns, Total: 1023716 ns
[2020-08-12T16:28:33.764+0000][6][safepoint    ] Safepoint "Cleanup", Time since last: 1000407418 ns, Reaching safepoint: 889704 ns, At safepoint: 46962 ns, Total: 936666 ns
[2020-08-12T16:28:34.432+0000][6][safepoint    ] Safepoint "BulkRevokeBias", Time since last: 664741385 ns, Reaching safepoint: 594395 ns, At safepoint: 2583065 ns, Total: 3177460 ns
[2020-08-12T16:28:35.433+0000][6][safepoint    ] Safepoint "Cleanup", Time since last: 1000941126 ns, Reaching safepoint: 370521 ns, At safepoint: 16238 ns, Total: 386759 ns
[2020-08-12T16:28:36.434+0000][6][safepoint    ] Safepoint "Cleanup", Time since last: 1000239169 ns, Reaching safepoint: 718094 ns, At safepoint: 44799 ns, Total: 762893 ns
[2020-08-12T16:28:38.339+0000][6][safepoint    ] Safepoint "Cleanup", Time since last: 1903762646 ns, Reaching safepoint: 846668 ns, At safepoint: 44462 ns, Total: 891130 ns
[2020-08-12T16:28:39.340+0000][6][safepoint    ] Safepoint "Cleanup", Time since last: 1000325518 ns, Reaching safepoint: 758869 ns, At safepoint: 35799 ns, Total: 794668 ns
[2020-08-12T16:28:41.228+0000][6][safepoint    ] Safepoint "Cleanup", Time since last: 1887106590 ns, Reaching safepoint: 958142 ns, At safepoint: 44537 ns, Total: 1002679 ns
[2020-08-12T16:28:42.229+0000][6][safepoint    ] Safepoint "Cleanup", Time since last: 1000314206 ns, Reaching safepoint: 668031 ns, At safepoint: 34138 ns, Total: 702169 ns
[2020-08-12T16:28:43.230+0000][6][safepoint    ] Safepoint "Cleanup", Time since last: 1000280568 ns, Reaching safepoint: 551358 ns, At safepoint: 27462 ns, Total: 578820 ns
[2020-08-12T16:28:44.231+0000][6][safepoint    ] Safepoint "Cleanup", Time since last: 1000295143 ns, Reaching safepoint: 772169 ns, At safepoint: 56387 ns, Total: 828556 ns
[2020-08-12T16:28:45.431+0000][6][safepoint    ] Safepoint "Cleanup", Time since last: 1198672971 ns, Reaching safepoint: 820331 ns, At safepoint: 44987 ns, Total: 865318 ns
[2020-08-12T16:28:46.432+0000][6][safepoint    ] Safepoint "Cleanup", Time since last: 1000407642 ns, Reaching safepoint: 845493 ns, At safepoint: 44750 ns, Total: 890243 ns
[2020-08-12T16:28:48.401+0000][6][safepoint    ] Safepoint "Cleanup", Time since last: 1968432676 ns, Reaching safepoint: 652982 ns, At safepoint: 43825 ns, Total: 696807 ns
[2020-08-12T16:28:49.403+0000][6][safepoint    ] Safepoint "Cleanup", Time since last: 1000727564 ns, Reaching safepoint: 978617 ns, At safepoint: 57149 ns, Total: 1035766 ns
[2020-08-12T16:28:50.404+0000][6][safepoint    ] Safepoint "Cleanup", Time since last: 1000350968 ns, Reaching safepoint: 732319 ns, At safepoint: 45300 ns, Total: 777619 ns
[2020-08-12T16:28:51.405+0000][6][safepoint    ] Safepoint "Cleanup", Time since last: 1000345355 ns, Reaching safepoint: 751831 ns, At safepoint: 55187 ns, Total: 807018 ns
[2020-08-12T16:28:52.406+0000][6][safepoint    ] Safepoint "Cleanup", Time since last: 1000344005 ns, Reaching safepoint: 646470 ns, At safepoint: 46124 ns, Total: 692594 ns
[2020-08-12T16:28:53.407+0000][6][safepoint    ] Safepoint "Cleanup", Time since last: 1000323094 ns, Reaching safepoint: 656444 ns, At safepoint: 55712 ns, Total: 712156 ns
[2020-08-12T16:28:54.408+0000][6][safepoint    ] Safepoint "Cleanup", Time since last: 1000351781 ns, Reaching safepoint: 644682 ns, At safepoint: 46037 ns, Total: 690719 ns
[2020-08-12T16:28:55.433+0000][6][safepoint    ] Safepoint "Cleanup", Time since last: 1023763828 ns, Reaching safepoint: 844518 ns, At safepoint: 44575 ns, Total: 889093 ns
[2020-08-12T16:28:56.434+0000][6][safepoint    ] Safepoint "Cleanup", Time since last: 1000348442 ns, Reaching safepoint: 660957 ns, At safepoint: 54800 ns, Total: 715757 ns
[2020-08-12T16:28:58.385+0000][6][safepoint    ] Safepoint "Cleanup", Time since last: 1950449131 ns, Reaching safepoint: 688869 ns, At safepoint: 44112 ns, Total: 732981 ns
[2020-08-12T16:28:59.433+0000][6][safepoint    ] Safepoint "Cleanup", Time since last: 1046712894 ns, Reaching safepoint: 579745 ns, At safepoint: 34512 ns, Total: 614257 ns
[2020-08-12T16:29:00.434+0000][6][safepoint    ] Safepoint "Cleanup", Time since last: 1000873901 ns, Reaching safepoint: 823468 ns, At safepoint: 28912 ns, Total: 852380 ns
[2020-08-12T16:29:01.435+0000][6][safepoint    ] Safepoint "Cleanup", Time since last: 1000246669 ns, Reaching safepoint: 650582 ns, At safepoint: 44799 ns, Total: 695381 ns
[2020-08-12T16:29:02.436+0000][6][safepoint    ] Safepoint "Cleanup", Time since last: 1000392531 ns, Reaching safepoint: 620744 ns, At safepoint: 52187 ns, Total: 672931 ns
[2020-08-12T16:29:03.438+0000][6][safepoint    ] Safepoint "Cleanup", Time since last: 1000340643 ns, Reaching safepoint: 792931 ns, At safepoint: 43812 ns, Total: 836743 ns
[2020-08-12T16:29:05.434+0000][6][safepoint    ] Safepoint "Cleanup", Time since last: 1996317836 ns, Reaching safepoint: 555783 ns, At safepoint: 23112 ns, Total: 578895 ns
[2020-08-12T16:29:06.435+0000][6][safepoint    ] Safepoint "Cleanup", Time since last: 1000249169 ns, Reaching safepoint: 634407 ns, At safepoint: 45262 ns, Total: 679669 ns
[2020-08-12T16:29:07.437+0000][6][safepoint    ] Safepoint "Cleanup", Time since last: 1000343756 ns, Reaching safepoint: 776293 ns, At safepoint: 65649 ns, Total: 841942 ns
[2020-08-12T16:29:08.488+0000][6][safepoint    ] Safepoint "Cleanup", Time since last: 1050574173 ns, Reaching safepoint: 549720 ns, At safepoint: 44862 ns, Total: 594582 ns
[2020-08-12T16:29:09.489+0000][6][safepoint    ] Safepoint "Cleanup", Time since last: 1000454367 ns, Reaching safepoint: 865418 ns, At safepoint: 44237 ns, Total: 909655 ns
[2020-08-12T16:29:11.378+0000][6][safepoint    ] Safepoint "Cleanup", Time since last: 1888386554 ns, Reaching safepoint: 866780 ns, At safepoint: 45462 ns, Total: 912242 ns
[2020-08-12T16:29:12.380+0000][6][safepoint    ] Safepoint "Cleanup", Time since last: 1000330931 ns, Reaching safepoint: 759180 ns, At safepoint: 44400 ns, Total: 803580 ns
[2020-08-12T16:29:13.381+0000][6][safepoint    ] Safepoint "Cleanup", Time since last: 1000389155 ns, Reaching safepoint: 768919 ns, At safepoint: 44824 ns, Total: 813743 ns
[2020-08-12T16:29:14.382+0000][6][safepoint    ] Safepoint "Cleanup", Time since last: 1000335506 ns, Reaching safepoint: 683919 ns, At safepoint: 22050 ns, Total: 705969 ns
[2020-08-12T16:29:15.433+0000][6][safepoint    ] Safepoint "Cleanup", Time since last: 1050374761 ns, Reaching safepoint: 845568 ns, At safepoint: 45275 ns, Total: 890843 ns
[2020-08-12T16:29:16.434+0000][6][safepoint    ] Safepoint "Cleanup", Time since last: 1000347168 ns, Reaching safepoint: 705656 ns, At safepoint: 44087 ns, Total: 749743 ns
[2020-08-12T16:29:18.389+0000][6][safepoint    ] Safepoint "Cleanup", Time since last: 1954302098 ns, Reaching safepoint: 857793 ns, At safepoint: 44825 ns, Total: 902618 ns
[2020-08-12T16:29:19.390+0000][6][safepoint    ] Safepoint "Cleanup", Time since last: 1000327993 ns, Reaching safepoint: 583520 ns, At safepoint: 45262 ns, Total: 628782 ns
[2020-08-12T16:29:20.434+0000][6][safepoint    ] Safepoint "Cleanup", Time since last: 1043758281 ns, Reaching safepoint: 391009 ns, At safepoint: 16538 ns, Total: 407547 ns
[2020-08-12T16:29:21.435+0000][6][safepoint    ] Safepoint "Cleanup", Time since last: 1000209681 ns, Reaching safepoint: 536320 ns, At safepoint: 31413 ns, Total: 567733 ns
[2020-08-12T16:29:22.436+0000][6][safepoint    ] Safepoint "Cleanup", Time since last: 1000303806 ns, Reaching safepoint: 741694 ns, At safepoint: 54524 ns, Total: 796218 ns
[2020-08-12T16:29:23.438+0000][6][safepoint    ] Safepoint "Cleanup", Time since last: 1000345543 ns, Reaching safepoint: 833205 ns, At safepoint: 43625 ns, Total: 876830 ns
[2020-08-12T16:29:25.435+0000][6][safepoint    ] Safepoint "Cleanup", Time since last: 1996776257 ns, Reaching safepoint: 333272 ns, At safepoint: 16425 ns, Total: 349697 ns
[2020-08-12T16:29:26.436+0000][6][safepoint    ] Safepoint "Cleanup", Time since last: 1000255706 ns, Reaching safepoint: 804693 ns, At safepoint: 44225 ns, Total: 848918 ns
[2020-08-12T16:29:27.928+0000][6][safepoint    ] Safepoint "Cleanup", Time since last: 1491429974 ns, Reaching safepoint: 442346 ns, At safepoint: 48050 ns, Total: 490396 ns
[2020-08-12T16:29:29.761+0000][6][safepoint    ] Safepoint "Cleanup", Time since last: 1832187563 ns, Reaching safepoint: 653394 ns, At safepoint: 44112 ns, Total: 697506 ns
[2020-08-12T16:29:30.762+0000][6][safepoint    ] Safepoint "Cleanup", Time since last: 1000436442 ns, Reaching safepoint: 779656 ns, At safepoint: 97987 ns, Total: 877643 ns
[2020-08-12T16:29:31.763+0000][6][safepoint    ] Safepoint "Cleanup", Time since last: 1000350455 ns, Reaching safepoint: 816806 ns, At safepoint: 59174 ns, Total: 875980 ns
[2020-08-12T16:29:32.766+0000][6][safepoint    ] Safepoint "Cleanup", Time since last: 1000312556 ns, Reaching safepoint: 2438191 ns, At safepoint: 42337 ns, Total: 2480528 ns
[2020-08-12T16:29:33.767+0000][6][safepoint    ] Safepoint "Cleanup", Time since last: 1000267382 ns, Reaching safepoint: 909742 ns, At safepoint: 44887 ns, Total: 954629 ns
[2020-08-12T16:29:35.436+0000][6][safepoint    ] Safepoint "Cleanup", Time since last: 1667767592 ns, Reaching safepoint: 804893 ns, At safepoint: 43912 ns, Total: 848805 ns
[2020-08-12T16:29:36.437+0000][6][safepoint    ] Safepoint "Cleanup", Time since last: 1000404268 ns, Reaching safepoint: 931154 ns, At safepoint: 44475 ns, Total: 975629 ns
[2020-08-12T16:29:38.417+0000][6][safepoint    ] Safepoint "Cleanup", Time since last: 1979027735 ns, Reaching safepoint: 784681 ns, At safepoint: 73274 ns, Total: 857955 ns
[2020-08-12T16:29:39.418+0000][6][safepoint    ] Safepoint "Cleanup", Time since last: 1000372318 ns, Reaching safepoint: 729293 ns, At safepoint: 38550 ns, Total: 767843 ns
[2020-08-12T16:29:40.440+0000][6][safepoint    ] Safepoint "Cleanup", Time since last: 1021092302 ns, Reaching safepoint: 542570 ns, At safepoint: 430596 ns, Total: 973166 ns
[2020-08-12T16:29:41.441+0000][6][safepoint    ] Safepoint "Cleanup", Time since last: 1000304181 ns, Reaching safepoint: 550108 ns, At safepoint: 35400 ns, Total: 585508 ns
[2020-08-12T16:29:42.442+0000][6][safepoint    ] Safepoint "Cleanup", Time since last: 1000319043 ns, Reaching safepoint: 648407 ns, At safepoint: 45287 ns, Total: 693694 ns
[2020-08-12T16:29:43.443+0000][6][safepoint    ] Safepoint "Cleanup", Time since last: 1000346343 ns, Reaching safepoint: 677069 ns, At safepoint: 55725 ns, Total: 732794 ns
[2020-08-12T16:29:45.438+0000][6][safepoint    ] Safepoint "Cleanup", Time since last: 1994813824 ns, Reaching safepoint: 296897 ns, At safepoint: 18525 ns, Total: 315422 ns
[2020-08-12T16:29:46.439+0000][6][safepoint    ] Safepoint "Cleanup", Time since last: 1000219756 ns, Reaching safepoint: 586083 ns, At safepoint: 55624 ns, Total: 641707 ns
[2020-08-12T16:29:47.584+0000][6][safepoint    ] Safepoint "Cleanup", Time since last: 1000321569 ns, Reaching safepoint: 132637132 ns, At safepoint: 11809810 ns, Total: 144446942 ns
[2020-08-12T16:29:47.602+0000][6][safepoint    ] Safepoint "BulkRevokeBias", Time since last: 14064529 ns, Reaching safepoint: 575445 ns, At safepoint: 3068261 ns, Total: 3643706 ns
[2020-08-12T16:29:48.640+0000][6][safepoint    ] Safepoint "Cleanup", Time since last: 1000438843 ns, Reaching safepoint: 38215733 ns, At safepoint: 67474 ns, Total: 38283207 ns
[2020-08-12T16:29:49.642+0000][6][safepoint    ] Safepoint "Cleanup", Time since last: 1000356655 ns, Reaching safepoint: 850906 ns, At safepoint: 44512 ns, Total: 895418 ns
[2020-08-12T16:29:50.643+0000][6][safepoint    ] Safepoint "Cleanup", Time since last: 1000403417 ns, Reaching safepoint: 824093 ns, At safepoint: 46375 ns, Total: 870468 ns
[2020-08-12T16:29:51.644+0000][6][safepoint    ] Safepoint "Cleanup", Time since last: 1000355568 ns, Reaching safepoint: 843892 ns, At safepoint: 46625 ns, Total: 890517 ns
[2020-08-12T16:29:52.646+0000][6][safepoint    ] Safepoint "Cleanup", Time since last: 1000344193 ns, Reaching safepoint: 1061666 ns, At safepoint: 54687 ns, Total: 1116353 ns
[2020-08-12T16:29:53.647+0000][6][safepoint    ] Safepoint "Cleanup", Time since last: 1000392080 ns, Reaching safepoint: 911842 ns, At safepoint: 46262 ns, Total: 958104 ns
[2020-08-12T16:29:55.439+0000][6][safepoint    ] Safepoint "Cleanup", Time since last: 1791318203 ns, Reaching safepoint: 942354 ns, At safepoint: 31362 ns, Total: 973716 ns
[2020-08-12T16:29:56.441+0000][6][safepoint    ] Safepoint "Cleanup", Time since last: 1000260982 ns, Reaching safepoint: 950679 ns, At safepoint: 43912 ns, Total: 994591 ns
[2020-08-12T16:29:58.337+0000][6][safepoint    ] Safepoint "Cleanup", Time since last: 1895560967 ns, Reaching safepoint: 527195 ns, At safepoint: 27512 ns, Total: 554707 ns
[2020-08-12T16:29:59.438+0000][6][safepoint    ] Safepoint "Cleanup", Time since last: 1099955548 ns, Reaching safepoint: 1297626 ns, At safepoint: 29075 ns, Total: 1326701 ns
[2020-08-12T16:30:00.440+0000][6][safepoint    ] Safepoint "Cleanup", Time since last: 1001247810 ns, Reaching safepoint: 397134 ns, At safepoint: 44800 ns, Total: 441934 ns
[2020-08-12T16:30:01.441+0000][6][safepoint    ] Safepoint "Cleanup", Time since last: 1000373705 ns, Reaching safepoint: 611307 ns, At safepoint: 53850 ns, Total: 665157 ns
[2020-08-12T16:30:02.441+0000][6][safepoint    ] Safepoint "Cleanup", Time since last: 1000364742 ns, Reaching safepoint: 334060 ns, At safepoint: 21912 ns, Total: 355972 ns
[2020-08-12T16:30:03.442+0000][6][safepoint    ] Safepoint "Cleanup", Time since last: 1000259294 ns, Reaching safepoint: 729294 ns, At safepoint: 52387 ns, Total: 781681 ns
[2020-08-12T16:30:04.442+0000][6][safepoint    ] Safepoint "BulkRevokeBias", Time since last: 996525276 ns, Reaching safepoint: 716743 ns, At safepoint: 2548216 ns, Total: 3264959 ns
[2020-08-12T16:30:05.444+0000][6][safepoint    ] Safepoint "Cleanup", Time since last: 1000415392 ns, Reaching safepoint: 898868 ns, At safepoint: 43824 ns, Total: 942692 ns
[2020-08-12T16:30:06.445+0000][6][safepoint    ] Safepoint "Cleanup", Time since last: 1000344793 ns, Reaching safepoint: 786056 ns, At safepoint: 67037 ns, Total: 853093 ns
[2020-08-12T16:30:08.350+0000][6][safepoint    ] Safepoint "Cleanup", Time since last: 1904320891 ns, Reaching safepoint: 631195 ns, At safepoint: 44974 ns, Total: 676169 ns
[2020-08-12T16:30:09.351+0000][6][safepoint    ] Safepoint "Cleanup", Time since last: 1000395393 ns, Reaching safepoint: 634932 ns, At safepoint: 70137 ns, Total: 705069 ns
[2020-08-12T16:30:10.352+0000][6][safepoint    ] Safepoint "Cleanup", Time since last: 1000244369 ns, Reaching safepoint: 373084 ns, At safepoint: 12612 ns, Total: 385696 ns
[2020-08-12T16:30:11.353+0000][6][safepoint    ] Safepoint "Cleanup", Time since last: 1000228757 ns, Reaching safepoint: 936792 ns, At safepoint: 44687 ns, Total: 981479 ns
[2020-08-12T16:30:12.354+0000][6][safepoint    ] Safepoint "Cleanup", Time since last: 1000382593 ns, Reaching safepoint: 552382 ns, At safepoint: 30300 ns, Total: 582682 ns
[2020-08-12T16:30:13.354+0000][6][safepoint    ] Safepoint "Cleanup", Time since last: 1000283368 ns, Reaching safepoint: 366510 ns, At safepoint: 18250 ns, Total: 384760 ns
[2020-08-12T16:30:14.356+0000][6][safepoint    ] Safepoint "Cleanup", Time since last: 1000242381 ns, Reaching safepoint: 851693 ns, At safepoint: 44062 ns, Total: 895755 ns
[2020-08-12T16:30:15.441+0000][6][safepoint    ] Safepoint "Cleanup", Time since last: 1084832590 ns, Reaching safepoint: 485633 ns, At safepoint: 51800 ns, Total: 537433 ns
[2020-08-12T16:30:16.442+0000][6][safepoint    ] Safepoint "Cleanup", Time since last: 1000245056 ns, Reaching safepoint: 863368 ns, At safepoint: 44649 ns, Total: 908017 ns
[2020-08-12T16:30:18.419+0000][6][safepoint    ] Safepoint "Cleanup", Time since last: 1975905287 ns, Reaching safepoint: 801093 ns, At safepoint: 43987 ns, Total: 845080 ns
[2020-08-12T16:30:19.420+0000][6][safepoint    ] Safepoint "Cleanup", Time since last: 1000405755 ns, Reaching safepoint: 826093 ns, At safepoint: 44537 ns, Total: 870630 ns
[2020-08-12T16:30:20.441+0000][6][safepoint    ] Safepoint "Cleanup", Time since last: 1020579969 ns, Reaching safepoint: 269448 ns, At safepoint: 11200 ns, Total: 280648 ns
[2020-08-12T16:30:21.442+0000][6][safepoint    ] Safepoint "Cleanup", Time since last: 1000230219 ns, Reaching safepoint: 845205 ns, At safepoint: 69924 ns, Total: 915129 ns
[2020-08-12T16:30:22.443+0000][6][safepoint    ] Safepoint "Cleanup", Time since last: 1000356906 ns, Reaching safepoint: 822355 ns, At safepoint: 44600 ns, Total: 866955 ns
[2020-08-12T16:30:23.445+0000][6][safepoint    ] Safepoint "Cleanup", Time since last: 1000714664 ns, Reaching safepoint: 810181 ns, At safepoint: 98436 ns, Total: 908617 ns
[2020-08-12T16:30:25.442+0000][6][safepoint    ] Safepoint "Cleanup", Time since last: 1996731946 ns, Reaching safepoint: 498058 ns, At safepoint: 33562 ns, Total: 531620 ns
[2020-08-12T16:30:26.443+0000][6][safepoint    ] Safepoint "Cleanup", Time since last: 1000313231 ns, Reaching safepoint: 658457 ns, At safepoint: 53324 ns, Total: 711781 ns
[2020-08-12T16:30:28.344+0000][6][safepoint    ] Safepoint "Cleanup", Time since last: 1900411262 ns, Reaching safepoint: 706369 ns, At safepoint: 44250 ns, Total: 750619 ns
[2020-08-12T16:30:29.766+0000][6][safepoint    ] Safepoint "Cleanup", Time since last: 1420634659 ns, Reaching safepoint: 601870 ns, At safepoint: 45625 ns, Total: 647495 ns
[2020-08-12T16:30:30.767+0000][6][safepoint    ] Safepoint "Cleanup", Time since last: 1000373130 ns, Reaching safepoint: 558220 ns, At safepoint: 30325 ns, Total: 588545 ns
[2020-08-12T16:30:31.768+0000][6][safepoint    ] Safepoint "Cleanup", Time since last: 1000358542 ns, Reaching safepoint: 834081 ns, At safepoint: 44574 ns, Total: 878655 ns
[2020-08-12T16:30:32.769+0000][6][safepoint    ] Safepoint "Cleanup", Time since last: 1000412655 ns, Reaching safepoint: 1059116 ns, At safepoint: 65587 ns, Total: 1124703 ns
[2020-08-12T16:30:33.771+0000][6][safepoint    ] Safepoint "Cleanup", Time since last: 1000365181 ns, Reaching safepoint: 986154 ns, At safepoint: 49912 ns, Total: 1036066 ns
[2020-08-12T16:30:35.442+0000][6][safepoint    ] Safepoint "Cleanup", Time since last: 1670516993 ns, Reaching safepoint: 1066241 ns, At safepoint: 54762 ns, Total: 1121003 ns
[2020-08-12T16:30:36.444+0000][6][safepoint    ] Safepoint "Cleanup", Time since last: 1000341068 ns, Reaching safepoint: 965329 ns, At safepoint: 45237 ns, Total: 1010566 ns
[2020-08-12T16:30:38.357+0000][6][safepoint    ] Safepoint "Cleanup", Time since last: 1912514333 ns, Reaching safepoint: 966367 ns, At safepoint: 44225 ns, Total: 1010592 ns
[2020-08-12T16:30:39.358+0000][6][safepoint    ] Safepoint "Cleanup", Time since last: 1000313293 ns, Reaching safepoint: 594357 ns, At safepoint: 45600 ns, Total: 639957 ns
[2020-08-12T16:30:40.443+0000][6][safepoint    ] Safepoint "Cleanup", Time since last: 1084450193 ns, Reaching safepoint: 458259 ns, At safepoint: 44674 ns, Total: 502933 ns
[2020-08-12T16:30:41.444+0000][6][safepoint    ] Safepoint "Cleanup", Time since last: 1000337031 ns, Reaching safepoint: 671631 ns, At safepoint: 44063 ns, Total: 715694 ns
[2020-08-12T16:30:42.445+0000][6][safepoint    ] Safepoint "Cleanup", Time since last: 1000343118 ns, Reaching safepoint: 747031 ns, At safepoint: 44574 ns, Total: 791605 ns
[2020-08-12T16:30:43.446+0000][6][safepoint    ] Safepoint "Cleanup", Time since last: 1000341056 ns, Reaching safepoint: 600595 ns, At safepoint: 43599 ns, Total: 644194 ns
[2020-08-12T16:30:45.444+0000][6][safepoint    ] Safepoint "Cleanup", Time since last: 1997563138 ns, Reaching safepoint: 418384 ns, At safepoint: 22012 ns, Total: 440396 ns
[2020-08-12T16:30:46.445+0000][6][safepoint    ] Safepoint "Cleanup", Time since last: 1000259582 ns, Reaching safepoint: 632657 ns, At safepoint: 72674 ns, Total: 705331 ns
[2020-08-12T16:30:48.361+0000][6][safepoint    ] Safepoint "Cleanup", Time since last: 1915083524 ns, Reaching safepoint: 712456 ns, At safepoint: 52900 ns, Total: 765356 ns
[2020-08-12T16:30:49.362+0000][6][safepoint    ] Safepoint "Cleanup", Time since last: 1000322180 ns, Reaching safepoint: 473596 ns, At safepoint: 43825 ns, Total: 517421 ns
[2020-08-12T16:30:50.363+0000][6][safepoint    ] Safepoint "Cleanup", Time since last: 1000293093 ns, Reaching safepoint: 884480 ns, At safepoint: 42262 ns, Total: 926742 ns
[2020-08-12T16:30:51.365+0000][6][safepoint    ] Safepoint "Cleanup", Time since last: 1000306918 ns, Reaching safepoint: 940917 ns, At safepoint: 44388 ns, Total: 985305 ns
[2020-08-12T16:30:52.366+0000][6][safepoint    ] Safepoint "Cleanup", Time since last: 1000387130 ns, Reaching safepoint: 801455 ns, At safepoint: 44025 ns, Total: 845480 ns
[2020-08-12T16:30:53.367+0000][6][safepoint    ] Safepoint "Cleanup", Time since last: 1000498816 ns, Reaching safepoint: 932442 ns, At safepoint: 44125 ns, Total: 976567 ns
[2020-08-12T16:30:54.369+0000][6][safepoint    ] Safepoint "Cleanup", Time since last: 1000348543 ns, Reaching safepoint: 857018 ns, At safepoint: 44862 ns, Total: 901880 ns
[2020-08-12T16:30:55.447+0000][6][safepoint    ] Safepoint "Cleanup", Time since last: 1077813425 ns, Reaching safepoint: 246548 ns, At safepoint: 11162 ns, Total: 257710 ns
[2020-08-12T16:30:56.448+0000][6][safepoint    ] Safepoint "Cleanup", Time since last: 1000222407 ns, Reaching safepoint: 907855 ns, At safepoint: 44449 ns, Total: 952304 ns
[2020-08-12T16:30:58.333+0000][6][safepoint    ] Safepoint "Cleanup", Time since last: 1883881368 ns, Reaching safepoint: 1001191 ns, At safepoint: 89774 ns, Total: 1090965 ns
[2020-08-12T16:30:59.444+0000][6][safepoint    ] Safepoint "Cleanup", Time since last: 1110478794 ns, Reaching safepoint: 811581 ns, At safepoint: 45187 ns, Total: 856768 ns
[2020-08-12T16:31:00.446+0000][6][safepoint    ] Safepoint "Cleanup", Time since last: 1001057037 ns, Reaching safepoint: 469258 ns, At safepoint: 22625 ns, Total: 491883 ns
[2020-08-12T16:31:01.447+0000][6][safepoint    ] Safepoint "Cleanup", Time since last: 1000232081 ns, Reaching safepoint: 750582 ns, At safepoint: 37849 ns, Total: 788431 ns
[2020-08-12T16:31:02.448+0000][6][safepoint    ] Safepoint "Cleanup", Time since last: 1000325331 ns, Reaching safepoint: 766356 ns, At safepoint: 43549 ns, Total: 809905 ns
[2020-08-12T16:31:03.449+0000][6][safepoint    ] Safepoint "Cleanup", Time since last: 1000456692 ns, Reaching safepoint: 790681 ns, At safepoint: 29887 ns, Total: 820568 ns
[2020-08-12T16:31:04.448+0000][6][safepoint    ] Safepoint "BulkRevokeBias", Time since last: 995740683 ns, Reaching safepoint: 969429 ns, At safepoint: 2572053 ns, Total: 3541482 ns
[2020-08-12T16:31:05.450+0000][6][safepoint    ] Safepoint "Cleanup", Time since last: 1000996387 ns, Reaching safepoint: 360335 ns, At safepoint: 17324 ns, Total: 377659 ns
[2020-08-12T16:31:06.451+0000][6][safepoint    ] Safepoint "Cleanup", Time since last: 1000253975 ns, Reaching safepoint: 534271 ns, At safepoint: 27325 ns, Total: 561596 ns
[2020-08-12T16:31:08.338+0000][6][safepoint    ] Safepoint "Cleanup", Time since last: 1886720171 ns, Reaching safepoint: 362071 ns, At safepoint: 18875 ns, Total: 380946 ns
[2020-08-12T16:31:09.338+0000][6][safepoint    ] Safepoint "Cleanup", Time since last: 1000217028 ns, Reaching safepoint: 494983 ns, At safepoint: 23750 ns, Total: 518733 ns
[2020-08-12T16:31:10.339+0000][6][safepoint    ] Safepoint "Cleanup", Time since last: 1000210877 ns, Reaching safepoint: 255773 ns, At safepoint: 10975 ns, Total: 266748 ns
[2020-08-12T16:31:11.340+0000][6][safepoint    ] Safepoint "Cleanup", Time since last: 1000281776 ns, Reaching safepoint: 1157716 ns, At safepoint: 66161 ns, Total: 1223877 ns
[2020-08-12T16:31:12.341+0000][6][safepoint    ] Safepoint "Cleanup", Time since last: 1000330689 ns, Reaching safepoint: 621445 ns, At safepoint: 55574 ns, Total: 677019 ns
[2020-08-12T16:31:13.342+0000][6][safepoint    ] Safepoint "Cleanup", Time since last: 1000323977 ns, Reaching safepoint: 673869 ns, At safepoint: 35050 ns, Total: 708919 ns
[2020-08-12T16:31:14.343+0000][6][safepoint    ] Safepoint "Cleanup", Time since last: 1000329213 ns, Reaching safepoint: 636245 ns, At safepoint: 46825 ns, Total: 683070 ns
[2020-08-12T16:31:15.454+0000][6][safepoint    ] Safepoint "Cleanup", Time since last: 1109394037 ns, Reaching safepoint: 935517 ns, At safepoint: 64337 ns, Total: 999854 ns
[2020-08-12T16:31:16.455+0000][6][safepoint    ] Safepoint "Cleanup", Time since last: 1000419863 ns, Reaching safepoint: 721431 ns, At safepoint: 39400 ns, Total: 760831 ns
[2020-08-12T16:31:18.446+0000][6][safepoint    ] Safepoint "Cleanup", Time since last: 1990264930 ns, Reaching safepoint: 787605 ns, At safepoint: 28263 ns, Total: 815868 ns
[2020-08-12T16:31:19.450+0000][6][safepoint    ] Safepoint "Cleanup", Time since last: 1003109864 ns, Reaching safepoint: 1062604 ns, At safepoint: 60637 ns, Total: 1123241 ns
[2020-08-12T16:31:20.453+0000][6][safepoint    ] Safepoint "Cleanup", Time since last: 1002393808 ns, Reaching safepoint: 465259 ns, At safepoint: 44324 ns, Total: 509583 ns
[2020-08-12T16:31:21.454+0000][6][safepoint    ] Safepoint "Cleanup", Time since last: 1000353764 ns, Reaching safepoint: 663457 ns, At safepoint: 52762 ns, Total: 716219 ns
[2020-08-12T16:31:22.455+0000][6][safepoint    ] Safepoint "Cleanup", Time since last: 1000349676 ns, Reaching safepoint: 704869 ns, At safepoint: 45362 ns, Total: 750231 ns
[2020-08-12T16:31:23.456+0000][6][safepoint    ] Safepoint "Cleanup", Time since last: 1000357326 ns, Reaching safepoint: 554208 ns, At safepoint: 44725 ns, Total: 598933 ns
[2020-08-12T16:31:25.454+0000][6][safepoint    ] Safepoint "Cleanup", Time since last: 1996975259 ns, Reaching safepoint: 421246 ns, At safepoint: 16813 ns, Total: 438059 ns
[2020-08-12T16:31:26.455+0000][6][safepoint    ] Safepoint "Cleanup", Time since last: 1000246802 ns, Reaching safepoint: 779743 ns, At safepoint: 44587 ns, Total: 824330 ns
[2020-08-12T16:31:28.261+0000][6][safepoint    ] Safepoint "Cleanup", Time since last: 1804775476 ns, Reaching safepoint: 901730 ns, At safepoint: 44375 ns, Total: 946105 ns
[2020-08-12T16:31:29.843+0000][6][safepoint    ] Safepoint "Cleanup", Time since last: 1581443711 ns, Reaching safepoint: 571258 ns, At safepoint: 38424 ns, Total: 609682 ns
[2020-08-12T16:31:30.844+0000][6][safepoint    ] Safepoint "Cleanup", Time since last: 1000417401 ns, Reaching safepoint: 603420 ns, At safepoint: 54424 ns, Total: 657844 ns
[2020-08-12T16:31:31.845+0000][6][safepoint    ] Safepoint "Cleanup", Time since last: 1000354264 ns, Reaching safepoint: 580232 ns, At safepoint: 45113 ns, Total: 625345 ns
[2020-08-12T16:31:32.848+0000][6][safepoint    ] Safepoint "Cleanup", Time since last: 1000306964 ns, Reaching safepoint: 3281696 ns, At safepoint: 29312 ns, Total: 3311008 ns
[2020-08-12T16:31:33.849+0000][6][safepoint    ] Safepoint "Cleanup", Time since last: 1000241828 ns, Reaching safepoint: 365334 ns, At safepoint: 64112 ns, Total: 429446 ns
[2020-08-12T16:31:35.451+0000][6][safepoint    ] Safepoint "Cleanup", Time since last: 1602354044 ns, Reaching safepoint: 224660 ns, At safepoint: 11450 ns, Total: 236110 ns
[2020-08-12T16:31:36.452+0000][6][safepoint    ] Safepoint "Cleanup", Time since last: 1000223827 ns, Reaching safepoint: 653745 ns, At safepoint: 53012 ns, Total: 706757 ns
[2020-08-12T16:31:38.373+0000][6][safepoint    ] Safepoint "Cleanup", Time since last: 1919569463 ns, Reaching safepoint: 633082 ns, At safepoint: 45875 ns, Total: 678957 ns
[2020-08-12T16:31:39.374+0000][6][safepoint    ] Safepoint "Cleanup", Time since last: 1000388838 ns, Reaching safepoint: 495771 ns, At safepoint: 44612 ns, Total: 540383 ns
[2020-08-12T16:31:40.453+0000][6][safepoint    ] Safepoint "Cleanup", Time since last: 1079195335 ns, Reaching safepoint: 381509 ns, At safepoint: 12425 ns, Total: 393934 ns
[2020-08-12T16:31:41.454+0000][6][safepoint    ] Safepoint "Cleanup", Time since last: 1000231327 ns, Reaching safepoint: 672794 ns, At safepoint: 45800 ns, Total: 718594 ns
[2020-08-12T16:31:42.455+0000][6][safepoint    ] Safepoint "Cleanup", Time since last: 1000348789 ns, Reaching safepoint: 651681 ns, At safepoint: 44413 ns, Total: 696094 ns
[2020-08-12T16:31:43.456+0000][6][safepoint    ] Safepoint "Cleanup", Time since last: 1000344813 ns, Reaching safepoint: 840818 ns, At safepoint: 43875 ns, Total: 884693 ns
[2020-08-12T16:31:44.492+0000][6][safepoint    ] Safepoint "Cleanup", Time since last: 1034350171 ns, Reaching safepoint: 709256 ns, At safepoint: 37137 ns, Total: 746393 ns
[2020-08-12T16:31:45.493+0000][6][safepoint    ] Safepoint "Cleanup", Time since last: 1000675224 ns, Reaching safepoint: 733943 ns, At safepoint: 146524 ns, Total: 880467 ns
[2020-08-12T16:31:46.494+0000][6][safepoint    ] Safepoint "Cleanup", Time since last: 1000279064 ns, Reaching safepoint: 812031 ns, At safepoint: 46474 ns, Total: 858505 ns
[2020-08-12T16:31:48.360+0000][6][safepoint    ] Safepoint "Cleanup", Time since last: 1864992846 ns, Reaching safepoint: 497133 ns, At safepoint: 43075 ns, Total: 540208 ns
[2020-08-12T16:31:49.361+0000][6][safepoint    ] Safepoint "Cleanup", Time since last: 1000315514 ns, Reaching safepoint: 485645 ns, At safepoint: 55387 ns, Total: 541032 ns
[2020-08-12T16:31:50.362+0000][6][safepoint    ] Safepoint "Cleanup", Time since last: 1000593999 ns, Reaching safepoint: 859918 ns, At safepoint: 42825 ns, Total: 902743 ns
[2020-08-12T16:31:51.363+0000][6][safepoint    ] Safepoint "Cleanup", Time since last: 1000272864 ns, Reaching safepoint: 450446 ns, At safepoint: 23387 ns, Total: 473833 ns
[2020-08-12T16:31:52.364+0000][6][safepoint    ] Safepoint "Cleanup", Time since last: 1000304177 ns, Reaching safepoint: 957067 ns, At safepoint: 43787 ns, Total: 1000854 ns
[2020-08-12T16:31:53.365+0000][6][safepoint    ] Safepoint "Cleanup", Time since last: 1000346514 ns, Reaching safepoint: 934541 ns, At safepoint: 44700 ns, Total: 979241 ns
[2020-08-12T16:31:54.367+0000][6][safepoint    ] Safepoint "Cleanup", Time since last: 1000347876 ns, Reaching safepoint: 873593 ns, At safepoint: 44437 ns, Total: 918030 ns
[2020-08-12T16:31:55.455+0000][6][safepoint    ] Safepoint "Cleanup", Time since last: 1087910347 ns, Reaching safepoint: 589845 ns, At safepoint: 24137 ns, Total: 613982 ns
[2020-08-12T16:31:56.456+0000][6][safepoint    ] Safepoint "Cleanup", Time since last: 1000251265 ns, Reaching safepoint: 734694 ns, At safepoint: 44837 ns, Total: 779531 ns
[2020-08-12T16:31:58.306+0000][6][safepoint    ] Safepoint "Cleanup", Time since last: 1848668736 ns, Reaching safepoint: 1089265 ns, At safepoint: 69500 ns, Total: 1158765 ns
[2020-08-12T16:31:59.455+0000][6][safepoint    ] Safepoint "Cleanup", Time since last: 1148665537 ns, Reaching safepoint: 676344 ns, At safepoint: 27825 ns, Total: 704169 ns
[2020-08-12T16:32:00.457+0000][6][safepoint    ] Safepoint "Cleanup", Time since last: 1000822584 ns, Reaching safepoint: 748631 ns, At safepoint: 25112 ns, Total: 773743 ns
[2020-08-12T16:32:01.458+0000][6][safepoint    ] Safepoint "Cleanup", Time since last: 1000221253 ns, Reaching safepoint: 842555 ns, At safepoint: 46137 ns, Total: 888692 ns
[2020-08-12T16:32:02.459+0000][6][safepoint    ] Safepoint "Cleanup", Time since last: 1000341714 ns, Reaching safepoint: 728644 ns, At safepoint: 44037 ns, Total: 772681 ns
[2020-08-12T16:32:03.460+0000][6][safepoint    ] Safepoint "Cleanup", Time since last: 1000348938 ns, Reaching safepoint: 645895 ns, At safepoint: 53887 ns, Total: 699782 ns
[2020-08-12T16:32:04.461+0000][6][safepoint    ] Safepoint "Cleanup", Time since last: 1000304801 ns, Reaching safepoint: 765544 ns, At safepoint: 46437 ns, Total: 811981 ns
[2020-08-12T16:32:05.463+0000][6][safepoint    ] Safepoint "Cleanup", Time since last: 1000541374 ns, Reaching safepoint: 552683 ns, At safepoint: 41587 ns, Total: 594270 ns
[2020-08-12T16:32:06.464+0000][6][safepoint    ] Safepoint "Cleanup", Time since last: 1000341514 ns, Reaching safepoint: 531533 ns, At safepoint: 44399 ns, Total: 575932 ns
[2020-08-12T16:32:08.385+0000][6][safepoint    ] Safepoint "Cleanup", Time since last: 1921430435 ns, Reaching safepoint: 474658 ns, At safepoint: 46425 ns, Total: 521083 ns
[2020-08-12T16:32:09.387+0000][6][safepoint    ] Safepoint "Cleanup", Time since last: 1000352739 ns, Reaching safepoint: 865130 ns, At safepoint: 44524 ns, Total: 909654 ns
[2020-08-12T16:32:10.388+0000][6][safepoint    ] Safepoint "Cleanup", Time since last: 1000329639 ns, Reaching safepoint: 541721 ns, At safepoint: 19049 ns, Total: 560770 ns
[2020-08-12T16:32:11.389+0000][6][safepoint    ] Safepoint "Cleanup", Time since last: 1000308627 ns, Reaching safepoint: 814855 ns, At safepoint: 44913 ns, Total: 859768 ns
[2020-08-12T16:32:12.390+0000][6][safepoint    ] Safepoint "Cleanup", Time since last: 1000400550 ns, Reaching safepoint: 1125578 ns, At safepoint: 55400 ns, Total: 1180978 ns
[2020-08-12T16:32:13.392+0000][6][safepoint    ] Safepoint "Cleanup", Time since last: 1000388438 ns, Reaching safepoint: 811368 ns, At safepoint: 43587 ns, Total: 854955 ns
[2020-08-12T16:32:14.393+0000][6][safepoint    ] Safepoint "Cleanup", Time since last: 1000349314 ns, Reaching safepoint: 773343 ns, At safepoint: 44062 ns, Total: 817405 ns
[2020-08-12T16:32:15.459+0000][6][safepoint    ] Safepoint "Cleanup", Time since last: 1065743226 ns, Reaching safepoint: 613195 ns, At safepoint: 45374 ns, Total: 658569 ns
[2020-08-12T16:32:16.460+0000][6][safepoint    ] Safepoint "Cleanup", Time since last: 1000339139 ns, Reaching safepoint: 646982 ns, At safepoint: 43912 ns, Total: 690894 ns
[2020-08-12T16:32:18.363+0000][6][safepoint    ] Safepoint "Cleanup", Time since last: 1902050026 ns, Reaching safepoint: 532708 ns, At safepoint: 27650 ns, Total: 560358 ns
[2020-08-12T16:32:19.364+0000][6][safepoint    ] Safepoint "Cleanup", Time since last: 1000352939 ns, Reaching safepoint: 856517 ns, At safepoint: 44062 ns, Total: 900579 ns
[2020-08-12T16:32:19.461+0000][6][safepoint    ] Safepoint "BulkRevokeBias", Time since last: 93536108 ns, Reaching safepoint: 838293 ns, At safepoint: 2540003 ns, Total: 3378296 ns
[2020-08-12T16:32:20.462+0000][6][safepoint    ] Safepoint "Cleanup", Time since last: 1000363063 ns, Reaching safepoint: 469009 ns, At safepoint: 123761 ns, Total: 592770 ns
[2020-08-12T16:32:21.463+0000][6][safepoint    ] Safepoint "Cleanup", Time since last: 1000352651 ns, Reaching safepoint: 614420 ns, At safepoint: 46637 ns, Total: 661057 ns
[2020-08-12T16:32:22.464+0000][6][safepoint    ] Safepoint "Cleanup", Time since last: 1000345901 ns, Reaching safepoint: 666169 ns, At safepoint: 47212 ns, Total: 713381 ns
[2020-08-12T16:32:23.465+0000][6][safepoint    ] Safepoint "Cleanup", Time since last: 1000343202 ns, Reaching safepoint: 798593 ns, At safepoint: 46350 ns, Total: 844943 ns
[2020-08-12T16:32:25.459+0000][6][safepoint    ] Safepoint "Cleanup", Time since last: 1992669896 ns, Reaching safepoint: 1081541 ns, At safepoint: 22637 ns, Total: 1104178 ns
[2020-08-12T16:32:26.460+0000][6][safepoint    ] Safepoint "Cleanup", Time since last: 1000207490 ns, Reaching safepoint: 465608 ns, At safepoint: 54162 ns, Total: 519770 ns
[2020-08-12T16:32:28.334+0000][6][safepoint    ] Safepoint "Cleanup", Time since last: 1873743283 ns, Reaching safepoint: 685781 ns, At safepoint: 43962 ns, Total: 729743 ns
[2020-08-12T16:32:29.643+0000][6][safepoint    ] Safepoint "Cleanup", Time since last: 1308741672 ns, Reaching safepoint: 431084 ns, At safepoint: 33187 ns, Total: 464271 ns
[2020-08-12T16:32:30.644+0000][6][safepoint    ] Safepoint "Cleanup", Time since last: 1000237952 ns, Reaching safepoint: 472546 ns, At safepoint: 18025 ns, Total: 490571 ns
[2020-08-12T16:32:31.645+0000][6][safepoint    ] Safepoint "Cleanup", Time since last: 1000239690 ns, Reaching safepoint: 643244 ns, At safepoint: 45912 ns, Total: 689156 ns
[2020-08-12T16:32:32.646+0000][6][safepoint    ] Safepoint "Cleanup", Time since last: 1000325439 ns, Reaching safepoint: 1038191 ns, At safepoint: 48662 ns, Total: 1086853 ns
[2020-08-12T16:32:33.647+0000][6][safepoint    ] Safepoint "Cleanup", Time since last: 1000304977 ns, Reaching safepoint: 670169 ns, At safepoint: 46625 ns, Total: 716794 ns
[2020-08-12T16:32:35.461+0000][6][safepoint    ] Safepoint "Cleanup", Time since last: 1811938889 ns, Reaching safepoint: 1069279 ns, At safepoint: 64399 ns, Total: 1133678 ns
[2020-08-12T16:32:36.462+0000][6][safepoint    ] Safepoint "Cleanup", Time since last: 1000384613 ns, Reaching safepoint: 775031 ns, At safepoint: 43937 ns, Total: 818968 ns
[2020-08-12T16:32:37.202+0000][6][gc,start     ] GC(40) Pause Young (Normal) (G1 Evacuation Pause)
[2020-08-12T16:32:37.203+0000][6][gc,task      ] GC(40) Using 2 workers of 2 for evacuation
[2020-08-12T16:32:37.203+0000][6][gc,age       ] GC(40) Desired survivor size 40370176 bytes, new threshold 15 (max threshold 15)
[2020-08-12T16:32:37.225+0000][6][gc,age       ] GC(40) Age table with threshold 15 (max threshold 15)
[2020-08-12T16:32:37.225+0000][6][gc,age       ] GC(40) - age   1:     196592 bytes,     196592 total
[2020-08-12T16:32:37.225+0000][6][gc,age       ] GC(40) - age   2:     262344 bytes,     458936 total
[2020-08-12T16:32:37.225+0000][6][gc,age       ] GC(40) - age   3:     471704 bytes,     930640 total
[2020-08-12T16:32:37.225+0000][6][gc,age       ] GC(40) - age   4:     202432 bytes,    1133072 total
[2020-08-12T16:32:37.225+0000][6][gc,age       ] GC(40) - age   5:      47296 bytes,    1180368 total
[2020-08-12T16:32:37.225+0000][6][gc,age       ] GC(40) - age   6:      77488 bytes,    1257856 total
[2020-08-12T16:32:37.225+0000][6][gc,age       ] GC(40) - age   7:      34792 bytes,    1292648 total
[2020-08-12T16:32:37.225+0000][6][gc,age       ] GC(40) - age   8:      81440 bytes,    1374088 total
[2020-08-12T16:32:37.226+0000][6][gc,age       ] GC(40) - age   9:     114200 bytes,    1488288 total
[2020-08-12T16:32:37.226+0000][6][gc,age       ] GC(40) - age  10:      37232 bytes,    1525520 total
[2020-08-12T16:32:37.226+0000][6][gc,age       ] GC(40) - age  11:      46144 bytes,    1571664 total
[2020-08-12T16:32:37.226+0000][6][gc,age       ] GC(40) - age  12:      32912 bytes,    1604576 total
[2020-08-12T16:32:37.226+0000][6][gc,age       ] GC(40) - age  13:      81616 bytes,    1686192 total
[2020-08-12T16:32:37.226+0000][6][gc,age       ] GC(40) - age  14:      64256 bytes,    1750448 total
[2020-08-12T16:32:37.226+0000][6][gc,age       ] GC(40) - age  15:      37360 bytes,    1787808 total
[2020-08-12T16:32:37.226+0000][6][gc,phases    ] GC(40)   Pre Evacuate Collection Set: 0.7ms
[2020-08-12T16:32:37.226+0000][6][gc,phases    ] GC(40)   Merge Heap Roots: 0.5ms
[2020-08-12T16:32:37.226+0000][6][gc,phases    ] GC(40)   Evacuate Collection Set: 14.9ms
[2020-08-12T16:32:37.226+0000][6][gc,phases    ] GC(40)   Post Evacuate Collection Set: 5.2ms
[2020-08-12T16:32:37.226+0000][6][gc,phases    ] GC(40)   Other: 2.4ms
[2020-08-12T16:32:37.226+0000][6][gc,heap      ] GC(40) Eden regions: 612->0(612)
[2020-08-12T16:32:37.226+0000][6][gc,heap      ] GC(40) Survivor regions: 2->2(77)
[2020-08-12T16:32:37.226+0000][6][gc,heap      ] GC(40) Old regions: 77->77
[2020-08-12T16:32:37.227+0000][6][gc,heap      ] GC(40) Archive regions: 2->2
[2020-08-12T16:32:37.227+0000][6][gc,heap      ] GC(40) Humongous regions: 7->7
[2020-08-12T16:32:37.227+0000][6][gc,metaspace ] GC(40) Metaspace: 97693K(105528K)->97693K(105528K) NonClass: 85158K(89912K)->85158K(89912K) Class: 12534K(15616K)->12534K(15616K)
[2020-08-12T16:32:37.227+0000][6][gc           ] GC(40) Pause Young (Normal) (G1 Evacuation Pause) 698M->86M(1024M) 24.283ms
[2020-08-12T16:32:37.227+0000][6][gc,cpu       ] GC(40) User=0.04s Sys=0.00s Real=0.03s
[2020-08-12T16:32:37.227+0000][6][safepoint    ] Safepoint "G1CollectForAllocation", Time since last: 739929093 ns, Reaching safepoint: 646782 ns, At safepoint: 24688400 ns, Total: 25335182 ns
[2020-08-12T16:32:38.390+0000][6][safepoint    ] Safepoint "Cleanup", Time since last: 1162439768 ns, Reaching safepoint: 524408 ns, At safepoint: 56200 ns, Total: 580608 ns
[2020-08-12T16:32:39.391+0000][6][safepoint    ] Safepoint "Cleanup", Time since last: 1000346726 ns, Reaching safepoint: 788518 ns, At safepoint: 45475 ns, Total: 833993 ns
[2020-08-12T16:32:40.460+0000][6][safepoint    ] Safepoint "Cleanup", Time since last: 1067981669 ns, Reaching safepoint: 884755 ns, At safepoint: 62462 ns, Total: 947217 ns
[2020-08-12T16:32:41.461+0000][6][safepoint    ] Safepoint "Cleanup", Time since last: 1000321601 ns, Reaching safepoint: 585258 ns, At safepoint: 41849 ns, Total: 627107 ns
[2020-08-12T16:32:42.462+0000][6][safepoint    ] Safepoint "Cleanup", Time since last: 1000307702 ns, Reaching safepoint: 896817 ns, At safepoint: 52912 ns, Total: 949729 ns
[2020-08-12T16:32:43.825+0000][6][safepoint    ] Safepoint "Cleanup", Time since last: 1361481067 ns, Reaching safepoint: 752207 ns, At safepoint: 54249 ns, Total: 806456 ns
[2020-08-12T16:32:45.462+0000][6][safepoint    ] Safepoint "Cleanup", Time since last: 1637028333 ns, Reaching safepoint: 647869 ns, At safepoint: 76325 ns, Total: 724194 ns
[2020-08-12T16:32:46.464+0000][6][safepoint    ] Safepoint "Cleanup", Time since last: 1000399326 ns, Reaching safepoint: 866705 ns, At safepoint: 44187 ns, Total: 910892 ns
[2020-08-12T16:32:48.404+0000][6][safepoint    ] Safepoint "Cleanup", Time since last: 1939099232 ns, Reaching safepoint: 851093 ns, At safepoint: 44087 ns, Total: 895180 ns
[2020-08-12T16:32:49.405+0000][6][safepoint    ] Safepoint "Cleanup", Time since last: 1000407463 ns, Reaching safepoint: 841530 ns, At safepoint: 45637 ns, Total: 887167 ns
[2020-08-12T16:32:50.406+0000][6][safepoint    ] Safepoint "Cleanup", Time since last: 1000300890 ns, Reaching safepoint: 499070 ns, At safepoint: 24750 ns, Total: 523820 ns
[2020-08-12T16:32:51.407+0000][6][safepoint    ] Safepoint "Cleanup", Time since last: 1000294889 ns, Reaching safepoint: 847993 ns, At safepoint: 45124 ns, Total: 893117 ns
[2020-08-12T16:32:52.408+0000][6][safepoint    ] Safepoint "Cleanup", Time since last: 1000361176 ns, Reaching safepoint: 1020654 ns, At safepoint: 68525 ns, Total: 1089179 ns
[2020-08-12T16:32:53.409+0000][6][safepoint    ] Safepoint "Cleanup", Time since last: 1000338388 ns, Reaching safepoint: 572708 ns, At safepoint: 44649 ns, Total: 617357 ns
[2020-08-12T16:32:54.410+0000][6][safepoint    ] Safepoint "Cleanup", Time since last: 1000342739 ns, Reaching safepoint: 614070 ns, At safepoint: 44037 ns, Total: 658107 ns
[2020-08-12T16:32:55.462+0000][6][safepoint    ] Safepoint "Cleanup", Time since last: 1050788017 ns, Reaching safepoint: 415534 ns, At safepoint: 64749 ns, Total: 480283 ns
[2020-08-12T16:32:56.463+0000][6][safepoint    ] Safepoint "Cleanup", Time since last: 1000408851 ns, Reaching safepoint: 576220 ns, At safepoint: 44912 ns, Total: 621132 ns
[2020-08-12T16:32:58.310+0000][6][safepoint    ] Safepoint "Cleanup", Time since last: 1846432555 ns, Reaching safepoint: 598395 ns, At safepoint: 56162 ns, Total: 654557 ns
[2020-08-12T16:32:59.464+0000][6][safepoint    ] Safepoint "Cleanup", Time since last: 1150970692 ns, Reaching safepoint: 2974825 ns, At safepoint: 32724 ns, Total: 3007549 ns
[2020-08-12T16:33:00.465+0000][6][safepoint    ] Safepoint "Cleanup", Time since last: 1000759961 ns, Reaching safepoint: 609294 ns, At safepoint: 36863 ns, Total: 646157 ns
[2020-08-12T16:33:01.466+0000][6][safepoint    ] Safepoint "Cleanup", Time since last: 1000220877 ns, Reaching safepoint: 568095 ns, At safepoint: 54087 ns, Total: 622182 ns
[2020-08-12T16:33:02.467+0000][6][safepoint    ] Safepoint "Cleanup", Time since last: 1000354876 ns, Reaching safepoint: 900730 ns, At safepoint: 44387 ns, Total: 945117 ns
[2020-08-12T16:33:03.468+0000][6][safepoint    ] Safepoint "Cleanup", Time since last: 1000301452 ns, Reaching safepoint: 423808 ns, At safepoint: 17825 ns, Total: 441633 ns
[2020-08-12T16:33:05.466+0000][6][safepoint    ] Safepoint "Cleanup", Time since last: 1997383569 ns, Reaching safepoint: 624082 ns, At safepoint: 24474 ns, Total: 648556 ns
[2020-08-12T16:33:06.752+0000][6][safepoint    ] Safepoint "Cleanup", Time since last: 1284575305 ns, Reaching safepoint: 818368 ns, At safepoint: 44499 ns, Total: 862867 ns
[2020-08-12T16:33:08.382+0000][6][safepoint    ] Safepoint "Cleanup", Time since last: 1629946882 ns, Reaching safepoint: 635819 ns, At safepoint: 31612 ns, Total: 667431 ns
[2020-08-12T16:33:09.383+0000][6][safepoint    ] Safepoint "Cleanup", Time since last: 1000220490 ns, Reaching safepoint: 442259 ns, At safepoint: 111137 ns, Total: 553396 ns
[2020-08-12T16:33:10.385+0000][6][safepoint    ] Safepoint "Cleanup", Time since last: 1000333663 ns, Reaching safepoint: 1186240 ns, At safepoint: 64487 ns, Total: 1250727 ns
[2020-08-12T16:33:11.386+0000][6][safepoint    ] Safepoint "Cleanup", Time since last: 1000449838 ns, Reaching safepoint: 804618 ns, At safepoint: 44549 ns, Total: 849167 ns
[2020-08-12T16:33:12.387+0000][6][safepoint    ] Safepoint "Cleanup", Time since last: 1000394364 ns, Reaching safepoint: 886755 ns, At safepoint: 57449 ns, Total: 944204 ns
[2020-08-12T16:33:14.001+0000][6][safepoint    ] Safepoint "Cleanup", Time since last: 1613068327 ns, Reaching safepoint: 824643 ns, At safepoint: 44174 ns, Total: 868817 ns
[2020-08-12T16:33:15.467+0000][6][safepoint    ] Safepoint "Cleanup", Time since last: 1464670504 ns, Reaching safepoint: 1005229 ns, At safepoint: 62500 ns, Total: 1067729 ns
[2020-08-12T16:33:16.468+0000][6][safepoint    ] Safepoint "Cleanup", Time since last: 1000410800 ns, Reaching safepoint: 891943 ns, At safepoint: 43937 ns, Total: 935880 ns
[2020-08-12T16:33:18.453+0000][6][safepoint    ] Safepoint "Cleanup", Time since last: 1984138945 ns, Reaching safepoint: 806943 ns, At safepoint: 46149 ns, Total: 853092 ns
[2020-08-12T16:33:19.454+0000][6][safepoint    ] Safepoint "Cleanup", Time since last: 1000350614 ns, Reaching safepoint: 667082 ns, At safepoint: 44937 ns, Total: 712019 ns
[2020-08-12T16:33:20.468+0000][6][safepoint    ] Safepoint "Cleanup", Time since last: 1012943330 ns, Reaching safepoint: 631882 ns, At safepoint: 21487 ns, Total: 653369 ns
[2020-08-12T16:33:21.469+0000][6][safepoint    ] Safepoint "Cleanup", Time since last: 1000279315 ns, Reaching safepoint: 603119 ns, At safepoint: 46288 ns, Total: 649407 ns
[2020-08-12T16:33:22.470+0000][6][safepoint    ] Safepoint "Cleanup", Time since last: 1000397675 ns, Reaching safepoint: 826381 ns, At safepoint: 71237 ns, Total: 897618 ns
[2020-08-12T16:33:23.471+0000][6][safepoint    ] Safepoint "Cleanup", Time since last: 1000350488 ns, Reaching safepoint: 661307 ns, At safepoint: 46712 ns, Total: 708019 ns
[2020-08-12T16:33:25.467+0000][6][safepoint    ] Safepoint "Cleanup", Time since last: 1995470297 ns, Reaching safepoint: 521796 ns, At safepoint: 77824 ns, Total: 599620 ns
[2020-08-12T16:33:26.468+0000][6][safepoint    ] Safepoint "Cleanup", Time since last: 1000338852 ns, Reaching safepoint: 691406 ns, At safepoint: 53125 ns, Total: 744531 ns
[2020-08-12T16:33:27.324+0000][6][safepoint    ] Safepoint "BulkRevokeBias", Time since last: 854017298 ns, Reaching safepoint: 606782 ns, At safepoint: 1448500 ns, Total: 2055282 ns
[2020-08-12T16:33:28.325+0000][6][safepoint    ] Safepoint "Cleanup", Time since last: 1000244277 ns, Reaching safepoint: 642145 ns, At safepoint: 30649 ns, Total: 672794 ns
[2020-08-12T16:33:28.761+0000][6][safepoint    ] Safepoint "BulkRevokeBias", Time since last: 434438598 ns, Reaching safepoint: 366985 ns, At safepoint: 930329 ns, Total: 1297314 ns
[2020-08-12T16:33:29.765+0000][6][safepoint    ] Safepoint "Cleanup", Time since last: 1002792130 ns, Reaching safepoint: 825018 ns, At safepoint: 44275 ns, Total: 869293 ns
[2020-08-12T16:33:30.766+0000][6][safepoint    ] Safepoint "Cleanup", Time since last: 1000401513 ns, Reaching safepoint: 525595 ns, At safepoint: 43925 ns, Total: 569520 ns
[2020-08-12T16:33:31.767+0000][6][safepoint    ] Safepoint "Cleanup", Time since last: 1000348326 ns, Reaching safepoint: 604482 ns, At safepoint: 44787 ns, Total: 649269 ns
[2020-08-12T16:33:32.767+0000][6][safepoint    ] Safepoint "Cleanup", Time since last: 1000298902 ns, Reaching safepoint: 519396 ns, At safepoint: 32549 ns, Total: 551945 ns
[2020-08-12T16:33:33.769+0000][6][safepoint    ] Safepoint "Cleanup", Time since last: 1000269715 ns, Reaching safepoint: 874055 ns, At safepoint: 43124 ns, Total: 917179 ns
[2020-08-12T16:33:35.479+0000][6][safepoint    ] Safepoint "Cleanup", Time since last: 1710569638 ns, Reaching safepoint: 258210 ns, At safepoint: 11225 ns, Total: 269435 ns
[2020-08-12T16:33:36.481+0000][6][safepoint    ] Safepoint "Cleanup", Time since last: 1000234177 ns, Reaching safepoint: 774518 ns, At safepoint: 44300 ns, Total: 818818 ns
[2020-08-12T16:33:38.423+0000][6][safepoint    ] Safepoint "Cleanup", Time since last: 1941361888 ns, Reaching safepoint: 863167 ns, At safepoint: 43675 ns, Total: 906842 ns
[2020-08-12T16:33:39.424+0000][6][safepoint    ] Safepoint "Cleanup", Time since last: 1000382501 ns, Reaching safepoint: 880505 ns, At safepoint: 46275 ns, Total: 926780 ns
[2020-08-12T16:33:39.471+0000][6][safepoint    ] Safepoint "BulkRevokeBias", Time since last: 43716311 ns, Reaching safepoint: 656569 ns, At safepoint: 2534116 ns, Total: 3190685 ns
[2020-08-12T16:33:40.473+0000][6][safepoint    ] Safepoint "Cleanup", Time since last: 1001100107 ns, Reaching safepoint: 829230 ns, At safepoint: 45037 ns, Total: 874267 ns
[2020-08-12T16:33:41.474+0000][6][safepoint    ] Safepoint "Cleanup", Time since last: 1000347102 ns, Reaching safepoint: 829842 ns, At safepoint: 43663 ns, Total: 873505 ns
[2020-08-12T16:33:42.475+0000][6][safepoint    ] Safepoint "Cleanup", Time since last: 1000349726 ns, Reaching safepoint: 836368 ns, At safepoint: 44299 ns, Total: 880667 ns
[2020-08-12T16:33:44.097+0000][6][safepoint    ] Safepoint "Cleanup", Time since last: 1619948018 ns, Reaching safepoint: 1116902 ns, At safepoint: 44150 ns, Total: 1161052 ns
[2020-08-12T16:33:45.469+0000][6][safepoint    ] Safepoint "Cleanup", Time since last: 1371523406 ns, Reaching safepoint: 978292 ns, At safepoint: 65249 ns, Total: 1043541 ns
[2020-08-12T16:33:46.994+0000][6][safepoint    ] Safepoint "Cleanup", Time since last: 1523595984 ns, Reaching safepoint: 863043 ns, At safepoint: 44387 ns, Total: 907430 ns
[2020-08-12T16:33:48.399+0000][6][safepoint    ] Safepoint "Cleanup", Time since last: 1404910643 ns, Reaching safepoint: 609995 ns, At safepoint: 44575 ns, Total: 654570 ns
[2020-08-12T16:33:49.400+0000][6][safepoint    ] Safepoint "Cleanup", Time since last: 1000311751 ns, Reaching safepoint: 531633 ns, At safepoint: 42488 ns, Total: 574121 ns
[2020-08-12T16:33:50.401+0000][6][safepoint    ] Safepoint "Cleanup", Time since last: 1000252964 ns, Reaching safepoint: 720169 ns, At safepoint: 52687 ns, Total: 772856 ns
[2020-08-12T16:33:51.402+0000][6][safepoint    ] Safepoint "Cleanup", Time since last: 1000345876 ns, Reaching safepoint: 928380 ns, At safepoint: 45149 ns, Total: 973529 ns
[2020-08-12T16:33:52.404+0000][6][safepoint    ] Safepoint "Cleanup", Time since last: 1000349389 ns, Reaching safepoint: 902054 ns, At safepoint: 44662 ns, Total: 946716 ns
[2020-08-12T16:33:53.405+0000][6][safepoint    ] Safepoint "Cleanup", Time since last: 1000449176 ns, Reaching safepoint: 644869 ns, At safepoint: 157036 ns, Total: 801905 ns
[2020-08-12T16:33:54.406+0000][6][safepoint    ] Safepoint "Cleanup", Time since last: 1000349289 ns, Reaching safepoint: 673569 ns, At safepoint: 44688 ns, Total: 718257 ns
[2020-08-12T16:33:55.471+0000][6][safepoint    ] Safepoint "Cleanup", Time since last: 1064265750 ns, Reaching safepoint: 514034 ns, At safepoint: 60012 ns, Total: 574046 ns
[2020-08-12T16:33:56.472+0000][6][safepoint    ] Safepoint "Cleanup", Time since last: 1000250239 ns, Reaching safepoint: 863055 ns, At safepoint: 44387 ns, Total: 907442 ns
[2020-08-12T16:33:58.334+0000][6][safepoint    ] Safepoint "Cleanup", Time since last: 1861749799 ns, Reaching safepoint: 438808 ns, At safepoint: 20813 ns, Total: 459621 ns
[2020-08-12T16:33:59.469+0000][6][safepoint    ] Safepoint "Cleanup", Time since last: 1134006513 ns, Reaching safepoint: 456058 ns, At safepoint: 49750 ns, Total: 505808 ns
[2020-08-12T16:34:00.470+0000][6][safepoint    ] Safepoint "Cleanup", Time since last: 1000643811 ns, Reaching safepoint: 369222 ns, At safepoint: 13037 ns, Total: 382259 ns
[2020-08-12T16:34:01.470+0000][6][safepoint    ] Safepoint "Cleanup", Time since last: 1000199865 ns, Reaching safepoint: 457984 ns, At safepoint: 23549 ns, Total: 481533 ns
[2020-08-12T16:34:02.472+0000][6][safepoint    ] Safepoint "Cleanup", Time since last: 1000272402 ns, Reaching safepoint: 914692 ns, At safepoint: 44250 ns, Total: 958942 ns
[2020-08-12T16:34:03.473+0000][6][safepoint    ] Safepoint "Cleanup", Time since last: 1000380851 ns, Reaching safepoint: 897580 ns, At safepoint: 57824 ns, Total: 955404 ns
[2020-08-12T16:34:05.473+0000][6][safepoint    ] Safepoint "Cleanup", Time since last: 1998980892 ns, Reaching safepoint: 525408 ns, At safepoint: 19825 ns, Total: 545233 ns
[2020-08-12T16:34:06.474+0000][6][safepoint    ] Safepoint "Cleanup", Time since last: 1000236977 ns, Reaching safepoint: 665107 ns, At safepoint: 54237 ns, Total: 719344 ns
[2020-08-12T16:34:08.437+0000][6][safepoint    ] Safepoint "Cleanup", Time since last: 1962683467 ns, Reaching safepoint: 527108 ns, At safepoint: 28012 ns, Total: 555120 ns
[2020-08-12T16:34:09.438+0000][6][safepoint    ] Safepoint "Cleanup", Time since last: 1000369676 ns, Reaching safepoint: 691907 ns, At safepoint: 77337 ns, Total: 769244 ns
[2020-08-12T16:34:10.439+0000][6][safepoint    ] Safepoint "Cleanup", Time since last: 1000288839 ns, Reaching safepoint: 744806 ns, At safepoint: 32262 ns, Total: 777068 ns
[2020-08-12T16:34:11.440+0000][6][safepoint    ] Safepoint "Cleanup", Time since last: 1000278714 ns, Reaching safepoint: 866305 ns, At safepoint: 43600 ns, Total: 909905 ns
[2020-08-12T16:34:12.441+0000][6][safepoint    ] Safepoint "Cleanup", Time since last: 1000297689 ns, Reaching safepoint: 902305 ns, At safepoint: 43824 ns, Total: 946129 ns
[2020-08-12T16:34:14.165+0000][6][safepoint    ] Safepoint "Cleanup", Time since last: 1723061330 ns, Reaching safepoint: 757219 ns, At safepoint: 45999 ns, Total: 803218 ns
[2020-08-12T16:34:14.475+0000][6][safepoint    ] Safepoint "BulkRevokeBias", Time since last: 306094790 ns, Reaching safepoint: 662245 ns, At safepoint: 2545528 ns, Total: 3207773 ns
[2020-08-12T16:34:15.475+0000][6][safepoint    ] Safepoint "Cleanup", Time since last: 1000322414 ns, Reaching safepoint: 557807 ns, At safepoint: 37488 ns, Total: 595295 ns
[2020-08-12T16:34:16.476+0000][6][safepoint    ] Safepoint "Cleanup", Time since last: 1000240402 ns, Reaching safepoint: 490271 ns, At safepoint: 34462 ns, Total: 524733 ns
[2020-08-12T16:34:18.351+0000][6][safepoint    ] Safepoint "Cleanup", Time since last: 1874346877 ns, Reaching safepoint: 659144 ns, At safepoint: 43975 ns, Total: 703119 ns
[2020-08-12T16:34:19.352+0000][6][safepoint    ] Safepoint "Cleanup", Time since last: 1000346439 ns, Reaching safepoint: 760031 ns, At safepoint: 44437 ns, Total: 804468 ns
[2020-08-12T16:34:20.475+0000][6][safepoint    ] Safepoint "Cleanup", Time since last: 1121753218 ns, Reaching safepoint: 1109253 ns, At safepoint: 54050 ns, Total: 1163303 ns
[2020-08-12T16:34:21.476+0000][6][safepoint    ] Safepoint "Cleanup", Time since last: 1000351251 ns, Reaching safepoint: 640582 ns, At safepoint: 43737 ns, Total: 684319 ns
[2020-08-12T16:34:22.478+0000][6][safepoint    ] Safepoint "Cleanup", Time since last: 1000388363 ns, Reaching safepoint: 661845 ns, At safepoint: 78911 ns, Total: 740756 ns
[2020-08-12T16:34:23.479+0000][6][safepoint    ] Safepoint "Cleanup", Time since last: 1000396864 ns, Reaching safepoint: 629357 ns, At safepoint: 44912 ns, Total: 674269 ns
[2020-08-12T16:34:25.473+0000][6][safepoint    ] Safepoint "Cleanup", Time since last: 1993271004 ns, Reaching safepoint: 1141490 ns, At safepoint: 68999 ns, Total: 1210489 ns
[2020-08-12T16:34:26.474+0000][6][safepoint    ] Safepoint "Cleanup", Time since last: 1000350426 ns, Reaching safepoint: 881455 ns, At safepoint: 44500 ns, Total: 925955 ns
[2020-08-12T16:34:28.321+0000][6][safepoint    ] Safepoint "Cleanup", Time since last: 1845592600 ns, Reaching safepoint: 854230 ns, At safepoint: 89349 ns, Total: 943579 ns
[2020-08-12T16:34:29.765+0000][6][safepoint    ] Safepoint "Cleanup", Time since last: 1443441500 ns, Reaching safepoint: 857530 ns, At safepoint: 46849 ns, Total: 904379 ns
[2020-08-12T16:34:30.766+0000][6][safepoint    ] Safepoint "Cleanup", Time since last: 1000380489 ns, Reaching safepoint: 641132 ns, At safepoint: 44487 ns, Total: 685619 ns
[2020-08-12T16:34:31.767+0000][6][safepoint    ] Safepoint "Cleanup", Time since last: 1000354313 ns, Reaching safepoint: 683945 ns, At safepoint: 53962 ns, Total: 737907 ns
[2020-08-12T16:34:32.769+0000][6][safepoint    ] Safepoint "Cleanup", Time since last: 1000307539 ns, Reaching safepoint: 820618 ns, At safepoint: 35187 ns, Total: 855805 ns
[2020-08-12T16:34:33.770+0000][6][safepoint    ] Safepoint "Cleanup", Time since last: 1000252827 ns, Reaching safepoint: 651457 ns, At safepoint: 45949 ns, Total: 697406 ns
[2020-08-12T16:34:35.474+0000][6][safepoint    ] Safepoint "Cleanup", Time since last: 1704256567 ns, Reaching safepoint: 638557 ns, At safepoint: 24312 ns, Total: 662869 ns
[2020-08-12T16:34:36.475+0000][6][safepoint    ] Safepoint "Cleanup", Time since last: 1000230865 ns, Reaching safepoint: 417509 ns, At safepoint: 19387 ns, Total: 436896 ns
[2020-08-12T16:34:38.363+0000][6][safepoint    ] Safepoint "Cleanup", Time since last: 1887106680 ns, Reaching safepoint: 511783 ns, At safepoint: 31587 ns, Total: 543370 ns
[2020-08-12T16:34:39.363+0000][6][safepoint    ] Safepoint "Cleanup", Time since last: 1000267915 ns, Reaching safepoint: 422184 ns, At safepoint: 20475 ns, Total: 442659 ns
[2020-08-12T16:34:40.474+0000][6][safepoint    ] Safepoint "Cleanup", Time since last: 1109434899 ns, Reaching safepoint: 871130 ns, At safepoint: 64287 ns, Total: 935417 ns
[2020-08-12T16:34:41.475+0000][6][safepoint    ] Safepoint "Cleanup", Time since last: 1000409838 ns, Reaching safepoint: 848030 ns, At safepoint: 43913 ns, Total: 891943 ns
[2020-08-12T16:34:42.476+0000][6][safepoint    ] Safepoint "Cleanup", Time since last: 1000340563 ns, Reaching safepoint: 721569 ns, At safepoint: 56987 ns, Total: 778556 ns
[2020-08-12T16:34:43.477+0000][6][safepoint    ] Safepoint "Cleanup", Time since last: 1000283702 ns, Reaching safepoint: 439158 ns, At safepoint: 56350 ns, Total: 495508 ns
[2020-08-12T16:34:45.476+0000][6][safepoint    ] Safepoint "Cleanup", Time since last: 1998053813 ns, Reaching safepoint: 1072915 ns, At safepoint: 64312 ns, Total: 1137227 ns
[2020-08-12T16:34:47.010+0000][6][safepoint    ] Safepoint "Cleanup", Time since last: 1532818055 ns, Reaching safepoint: 523258 ns, At safepoint: 27513 ns, Total: 550771 ns
[2020-08-12T16:34:48.406+0000][6][safepoint    ] Safepoint "Cleanup", Time since last: 1395971483 ns, Reaching safepoint: 850030 ns, At safepoint: 44849 ns, Total: 894879 ns
[2020-08-12T16:34:49.407+0000][6][safepoint    ] Safepoint "Cleanup", Time since last: 1000327877 ns, Reaching safepoint: 646869 ns, At safepoint: 29925 ns, Total: 676794 ns
[2020-08-12T16:34:50.409+0000][6][safepoint    ] Safepoint "Cleanup", Time since last: 1000293602 ns, Reaching safepoint: 1012703 ns, At safepoint: 64862 ns, Total: 1077565 ns
[2020-08-12T16:34:51.410+0000][6][safepoint    ] Safepoint "Cleanup", Time since last: 1000391113 ns, Reaching safepoint: 924218 ns, At safepoint: 44299 ns, Total: 968517 ns
[2020-08-12T16:34:52.411+0000][6][safepoint    ] Safepoint "Cleanup", Time since last: 1000346826 ns, Reaching safepoint: 870080 ns, At safepoint: 44350 ns, Total: 914430 ns
[2020-08-12T16:34:53.412+0000][6][safepoint    ] Safepoint "Cleanup", Time since last: 1000320714 ns, Reaching safepoint: 523008 ns, At safepoint: 25462 ns, Total: 548470 ns
[2020-08-12T16:34:54.413+0000][6][safepoint    ] Safepoint "Cleanup", Time since last: 1000277664 ns, Reaching safepoint: 704619 ns, At safepoint: 54175 ns, Total: 758794 ns
[2020-08-12T16:34:55.478+0000][6][safepoint    ] Safepoint "Cleanup", Time since last: 1063730430 ns, Reaching safepoint: 852693 ns, At safepoint: 19750 ns, Total: 872443 ns
[2020-08-12T16:34:56.479+0000][6][safepoint    ] Safepoint "Cleanup", Time since last: 1000238752 ns, Reaching safepoint: 605032 ns, At safepoint: 85599 ns, Total: 690631 ns
[2020-08-12T16:34:58.336+0000][6][safepoint    ] Safepoint "Cleanup", Time since last: 1856364420 ns, Reaching safepoint: 790931 ns, At safepoint: 29200 ns, Total: 820131 ns
[2020-08-12T16:34:59.475+0000][6][safepoint    ] Safepoint "Cleanup", Time since last: 1137883842 ns, Reaching safepoint: 498758 ns, At safepoint: 47375 ns, Total: 546133 ns
[2020-08-12T16:35:00.476+0000][6][safepoint    ] Safepoint "Cleanup", Time since last: 1001115094 ns, Reaching safepoint: 485184 ns, At safepoint: 33974 ns, Total: 519158 ns
[2020-08-12T16:35:01.477+0000][6][safepoint    ] Safepoint "Cleanup", Time since last: 1000278814 ns, Reaching safepoint: 704919 ns, At safepoint: 46712 ns, Total: 751631 ns
[2020-08-12T16:35:02.478+0000][6][safepoint    ] Safepoint "Cleanup", Time since last: 1000370964 ns, Reaching safepoint: 732631 ns, At safepoint: 44312 ns, Total: 776943 ns
[2020-08-12T16:35:03.479+0000][6][safepoint    ] Safepoint "Cleanup", Time since last: 1000391426 ns, Reaching safepoint: 693832 ns, At safepoint: 44162 ns, Total: 737994 ns
[2020-08-12T16:35:05.480+0000][6][safepoint    ] Safepoint "Cleanup", Time since last: 1999655911 ns, Reaching safepoint: 523733 ns, At safepoint: 22300 ns, Total: 546033 ns
[2020-08-12T16:35:06.481+0000][6][safepoint    ] Safepoint "Cleanup", Time since last: 1000271364 ns, Reaching safepoint: 778069 ns, At safepoint: 44487 ns, Total: 822556 ns
[2020-08-12T16:35:08.405+0000][6][safepoint    ] Safepoint "Cleanup", Time since last: 1923499154 ns, Reaching safepoint: 1031966 ns, At safepoint: 45925 ns, Total: 1077891 ns
[2020-08-12T16:35:09.407+0000][6][safepoint    ] Safepoint "Cleanup", Time since last: 1000322139 ns, Reaching safepoint: 846917 ns, At safepoint: 44850 ns, Total: 891767 ns
[2020-08-12T16:35:10.407+0000][6][safepoint    ] Safepoint "Cleanup", Time since last: 1000292214 ns, Reaching safepoint: 568883 ns, At safepoint: 24262 ns, Total: 593145 ns
[2020-08-12T16:35:11.408+0000][6][safepoint    ] Safepoint "Cleanup", Time since last: 1000244427 ns, Reaching safepoint: 645594 ns, At safepoint: 44075 ns, Total: 689669 ns
[2020-08-12T16:35:12.409+0000][6][safepoint    ] Safepoint "Cleanup", Time since last: 1000346726 ns, Reaching safepoint: 616132 ns, At safepoint: 44313 ns, Total: 660445 ns
[2020-08-12T16:35:13.410+0000][6][safepoint    ] Safepoint "Cleanup", Time since last: 1000354226 ns, Reaching safepoint: 493408 ns, At safepoint: 44974 ns, Total: 538382 ns
[2020-08-12T16:35:14.411+0000][6][safepoint    ] Safepoint "Cleanup", Time since last: 1000357639 ns, Reaching safepoint: 631482 ns, At safepoint: 44650 ns, Total: 676132 ns
[2020-08-12T16:35:15.480+0000][6][safepoint    ] Safepoint "Cleanup", Time since last: 1067370324 ns, Reaching safepoint: 1040154 ns, At safepoint: 61462 ns, Total: 1101616 ns
[2020-08-12T16:35:16.481+0000][6][safepoint    ] Safepoint "Cleanup", Time since last: 1000397838 ns, Reaching safepoint: 865967 ns, At safepoint: 44825 ns, Total: 910792 ns
[2020-08-12T16:35:18.380+0000][6][safepoint    ] Safepoint "Cleanup", Time since last: 1898423208 ns, Reaching safepoint: 861242 ns, At safepoint: 44025 ns, Total: 905267 ns
[2020-08-12T16:35:19.382+0000][6][safepoint    ] Safepoint "Cleanup", Time since last: 1000354101 ns, Reaching safepoint: 801443 ns, At safepoint: 90149 ns, Total: 891592 ns
[2020-08-12T16:35:20.479+0000][6][safepoint    ] Safepoint "Cleanup", Time since last: 1096660722 ns, Reaching safepoint: 1088003 ns, At safepoint: 62400 ns, Total: 1150403 ns
[2020-08-12T16:35:21.481+0000][6][safepoint    ] Safepoint "Cleanup", Time since last: 1000367326 ns, Reaching safepoint: 871267 ns, At safepoint: 44113 ns, Total: 915380 ns
[2020-08-12T16:35:22.482+0000][6][safepoint    ] Safepoint "Cleanup", Time since last: 1000411325 ns, Reaching safepoint: 861618 ns, At safepoint: 46062 ns, Total: 907680 ns
[2020-08-12T16:35:23.483+0000][6][safepoint    ] Safepoint "Cleanup", Time since last: 1000344926 ns, Reaching safepoint: 761744 ns, At safepoint: 46562 ns, Total: 808306 ns
[2020-08-12T16:35:25.480+0000][6][safepoint    ] Safepoint "Cleanup", Time since last: 1995701732 ns, Reaching safepoint: 1060491 ns, At safepoint: 42937 ns, Total: 1103428 ns
[2020-08-12T16:35:26.481+0000][6][safepoint    ] Safepoint "Cleanup", Time since last: 1000264590 ns, Reaching safepoint: 653307 ns, At safepoint: 51949 ns, Total: 705256 ns
[2020-08-12T16:35:28.334+0000][6][safepoint    ] Safepoint "Cleanup", Time since last: 1852247830 ns, Reaching safepoint: 445034 ns, At safepoint: 46125 ns, Total: 491159 ns
[2020-08-12T16:35:29.760+0000][6][safepoint    ] Safepoint "Cleanup", Time since last: 1425755689 ns, Reaching safepoint: 890880 ns, At safepoint: 46349 ns, Total: 937229 ns
[2020-08-12T16:35:30.761+0000][6][safepoint    ] Safepoint "Cleanup", Time since last: 1000304639 ns, Reaching safepoint: 371259 ns, At safepoint: 19675 ns, Total: 390934 ns
[2020-08-12T16:35:31.762+0000][6][safepoint    ] Safepoint "Cleanup", Time since last: 1000257265 ns, Reaching safepoint: 766643 ns, At safepoint: 44012 ns, Total: 810655 ns
[2020-08-12T16:35:32.763+0000][6][safepoint    ] Safepoint "Cleanup", Time since last: 1000405526 ns, Reaching safepoint: 612895 ns, At safepoint: 50862 ns, Total: 663757 ns
[2020-08-12T16:35:33.764+0000][6][safepoint    ] Safepoint "Cleanup", Time since last: 1000325164 ns, Reaching safepoint: 480558 ns, At safepoint: 38125 ns, Total: 518683 ns
[2020-08-12T16:35:35.477+0000][6][safepoint    ] Safepoint "Cleanup", Time since last: 1713046766 ns, Reaching safepoint: 236873 ns, At safepoint: 11100 ns, Total: 247973 ns
[2020-08-12T16:35:36.478+0000][6][safepoint    ] Safepoint "Cleanup", Time since last: 1000234514 ns, Reaching safepoint: 650345 ns, At safepoint: 54537 ns, Total: 704882 ns
[2020-08-12T16:35:38.325+0000][6][safepoint    ] Safepoint "Cleanup", Time since last: 1845826410 ns, Reaching safepoint: 581170 ns, At safepoint: 44599 ns, Total: 625769 ns
[2020-08-12T16:35:39.326+0000][6][safepoint    ] Safepoint "Cleanup", Time since last: 1000405514 ns, Reaching safepoint: 450334 ns, At safepoint: 23374 ns, Total: 473708 ns
[2020-08-12T16:35:40.482+0000][6][safepoint    ] Safepoint "Cleanup", Time since last: 1154898696 ns, Reaching safepoint: 1051803 ns, At safepoint: 55275 ns, Total: 1107078 ns
[2020-08-12T16:35:41.483+0000][6][safepoint    ] Safepoint "Cleanup", Time since last: 1000391051 ns, Reaching safepoint: 854855 ns, At safepoint: 46750 ns, Total: 901605 ns
[2020-08-12T16:35:42.484+0000][6][safepoint    ] Safepoint "Cleanup", Time since last: 1000349788 ns, Reaching safepoint: 929830 ns, At safepoint: 44849 ns, Total: 974679 ns
[2020-08-12T16:35:43.486+0000][6][safepoint    ] Safepoint "Cleanup", Time since last: 1000664099 ns, Reaching safepoint: 575995 ns, At safepoint: 30250 ns, Total: 606245 ns
[2020-08-12T16:35:45.482+0000][6][safepoint    ] Safepoint "Cleanup", Time since last: 1995661858 ns, Reaching safepoint: 530658 ns, At safepoint: 20337 ns, Total: 550995 ns
[2020-08-12T16:35:46.483+0000][6][safepoint    ] Safepoint "Cleanup", Time since last: 1000266202 ns, Reaching safepoint: 686994 ns, At safepoint: 34450 ns, Total: 721444 ns
[2020-08-12T16:35:47.524+0000][6][safepoint    ] Safepoint "Cleanup", Time since last: 1040335932 ns, Reaching safepoint: 677031 ns, At safepoint: 38575 ns, Total: 715606 ns
[2020-08-12T16:35:48.525+0000][6][safepoint    ] Safepoint "Cleanup", Time since last: 1000765622 ns, Reaching safepoint: 563283 ns, At safepoint: 27650 ns, Total: 590933 ns
[2020-08-12T16:35:49.526+0000][6][safepoint    ] Safepoint "Cleanup", Time since last: 1000273914 ns, Reaching safepoint: 795781 ns, At safepoint: 61149 ns, Total: 856930 ns
[2020-08-12T16:35:50.527+0000][6][safepoint    ] Safepoint "Cleanup", Time since last: 1000349864 ns, Reaching safepoint: 549895 ns, At safepoint: 54600 ns, Total: 604495 ns
[2020-08-12T16:35:51.528+0000][6][safepoint    ] Safepoint "Cleanup", Time since last: 1000349926 ns, Reaching safepoint: 738031 ns, At safepoint: 44512 ns, Total: 782543 ns
[2020-08-12T16:35:52.530+0000][6][safepoint    ] Safepoint "Cleanup", Time since last: 1000340914 ns, Reaching safepoint: 840630 ns, At safepoint: 44650 ns, Total: 885280 ns
[2020-08-12T16:35:53.531+0000][6][safepoint    ] Safepoint "Cleanup", Time since last: 1000348101 ns, Reaching safepoint: 772343 ns, At safepoint: 44100 ns, Total: 816443 ns
[2020-08-12T16:35:55.485+0000][6][safepoint    ] Safepoint "Cleanup", Time since last: 1953402759 ns, Reaching safepoint: 530158 ns, At safepoint: 19150 ns, Total: 549308 ns
[2020-08-12T16:35:56.486+0000][6][safepoint    ] Safepoint "Cleanup", Time since last: 1000247002 ns, Reaching safepoint: 1035154 ns, At safepoint: 59424 ns, Total: 1094578 ns
[2020-08-12T16:35:58.313+0000][6][safepoint    ] Safepoint "Cleanup", Time since last: 1826399528 ns, Reaching safepoint: 493883 ns, At safepoint: 29750 ns, Total: 523633 ns
[2020-08-12T16:35:59.482+0000][6][safepoint    ] Safepoint "Cleanup", Time since last: 1168423567 ns, Reaching safepoint: 753668 ns, At safepoint: 45162 ns, Total: 798830 ns
[2020-08-12T16:36:00.485+0000][6][safepoint    ] Safepoint "Cleanup", Time since last: 1002453508 ns, Reaching safepoint: 656932 ns, At safepoint: 55687 ns, Total: 712619 ns
[2020-08-12T16:36:01.487+0000][6][safepoint    ] Safepoint "Cleanup", Time since last: 1000346601 ns, Reaching safepoint: 884580 ns, At safepoint: 44650 ns, Total: 929230 ns
[2020-08-12T16:36:02.488+0000][6][safepoint    ] Safepoint "Cleanup", Time since last: 1000395351 ns, Reaching safepoint: 860867 ns, At safepoint: 46625 ns, Total: 907492 ns
[2020-08-12T16:36:03.489+0000][6][safepoint    ] Safepoint "Cleanup", Time since last: 1000343189 ns, Reaching safepoint: 772668 ns, At safepoint: 44987 ns, Total: 817655 ns
[2020-08-12T16:36:05.484+0000][6][safepoint    ] Safepoint "Cleanup", Time since last: 1994590017 ns, Reaching safepoint: 662070 ns, At safepoint: 54349 ns, Total: 716419 ns
[2020-08-12T16:36:06.485+0000][6][safepoint    ] Safepoint "Cleanup", Time since last: 1000341601 ns, Reaching safepoint: 566308 ns, At safepoint: 44412 ns, Total: 610720 ns
[2020-08-12T16:36:08.482+0000][6][safepoint    ] Safepoint "Cleanup", Time since last: 1995543084 ns, Reaching safepoint: 685682 ns, At safepoint: 52912 ns, Total: 738594 ns
[2020-08-12T16:36:09.483+0000][6][safepoint    ] Safepoint "Cleanup", Time since last: 1000518375 ns, Reaching safepoint: 873492 ns, At safepoint: 64475 ns, Total: 937967 ns
[2020-08-12T16:36:10.484+0000][6][safepoint    ] Safepoint "Cleanup", Time since last: 1000355951 ns, Reaching safepoint: 674481 ns, At safepoint: 44575 ns, Total: 719056 ns
[2020-08-12T16:36:11.485+0000][6][safepoint    ] Safepoint "Cleanup", Time since last: 1000350114 ns, Reaching safepoint: 692019 ns, At safepoint: 53849 ns, Total: 745868 ns
[2020-08-12T16:36:12.486+0000][6][safepoint    ] Safepoint "Cleanup", Time since last: 1000350676 ns, Reaching safepoint: 708169 ns, At safepoint: 46450 ns, Total: 754619 ns
[2020-08-12T16:36:13.487+0000][6][safepoint    ] Safepoint "Cleanup", Time since last: 1000347001 ns, Reaching safepoint: 553008 ns, At safepoint: 44887 ns, Total: 597895 ns
[2020-08-12T16:36:14.485+0000][6][safepoint    ] Safepoint "BulkRevokeBias", Time since last: 994071118 ns, Reaching safepoint: 700606 ns, At safepoint: 2631627 ns, Total: 3332233 ns
[2020-08-12T16:36:15.487+0000][6][safepoint    ] Safepoint "Cleanup", Time since last: 1000707211 ns, Reaching safepoint: 1289764 ns, At safepoint: 69374 ns, Total: 1359138 ns
[2020-08-12T16:36:17.025+0000][6][safepoint    ] Safepoint "Cleanup", Time since last: 1537491140 ns, Reaching safepoint: 821968 ns, At safepoint: 57337 ns, Total: 879305 ns
[2020-08-12T16:36:18.391+0000][6][safepoint    ] Safepoint "Cleanup", Time since last: 1365234848 ns, Reaching safepoint: 395046 ns, At safepoint: 19287 ns, Total: 414333 ns
[2020-08-12T16:36:19.391+0000][6][safepoint    ] Safepoint "Cleanup", Time since last: 1000278765 ns, Reaching safepoint: 365309 ns, At safepoint: 18087 ns, Total: 383396 ns
[2020-08-12T16:36:20.485+0000][6][safepoint    ] Safepoint "Cleanup", Time since last: 1092315560 ns, Reaching safepoint: 983316 ns, At safepoint: 112050 ns, Total: 1095366 ns
[2020-08-12T16:36:21.486+0000][6][safepoint    ] Safepoint "Cleanup", Time since last: 1000347601 ns, Reaching safepoint: 879780 ns, At safepoint: 46487 ns, Total: 926267 ns
[2020-08-12T16:36:22.487+0000][6][safepoint    ] Safepoint "Cleanup", Time since last: 1000346063 ns, Reaching safepoint: 790043 ns, At safepoint: 44800 ns, Total: 834843 ns
[2020-08-12T16:36:23.488+0000][6][safepoint    ] Safepoint "Cleanup", Time since last: 1000358226 ns, Reaching safepoint: 692707 ns, At safepoint: 44724 ns, Total: 737431 ns
[2020-08-12T16:36:24.487+0000][6][safepoint    ] Safepoint "BulkRevokeBias", Time since last: 996180812 ns, Reaching safepoint: 680370 ns, At safepoint: 2158718 ns, Total: 2839088 ns
[2020-08-12T16:36:25.488+0000][6][safepoint    ] Safepoint "Cleanup", Time since last: 1000338102 ns, Reaching safepoint: 536120 ns, At safepoint: 21937 ns, Total: 558057 ns
[2020-08-12T16:36:26.489+0000][6][safepoint    ] Safepoint "Cleanup", Time since last: 1000247852 ns, Reaching safepoint: 639770 ns, At safepoint: 43987 ns, Total: 683757 ns
[2020-08-12T16:36:28.319+0000][6][safepoint    ] Safepoint "Cleanup", Time since last: 1829264428 ns, Reaching safepoint: 784243 ns, At safepoint: 33775 ns, Total: 818018 ns
[2020-08-12T16:36:29.803+0000][6][safepoint    ] Safepoint "Cleanup", Time since last: 1482749274 ns, Reaching safepoint: 849767 ns, At safepoint: 70337 ns, Total: 920104 ns
[2020-08-12T16:36:30.804+0000][6][safepoint    ] Safepoint "Cleanup", Time since last: 1000316139 ns, Reaching safepoint: 447559 ns, At safepoint: 27287 ns, Total: 474846 ns
[2020-08-12T16:36:31.805+0000][6][safepoint    ] Safepoint "Cleanup", Time since last: 1000359914 ns, Reaching safepoint: 914204 ns, At safepoint: 44700 ns, Total: 958904 ns
[2020-08-12T16:36:32.807+0000][6][safepoint    ] Safepoint "Cleanup", Time since last: 1000334426 ns, Reaching safepoint: 1091016 ns, At safepoint: 57212 ns, Total: 1148228 ns
[2020-08-12T16:36:33.808+0000][6][safepoint    ] Safepoint "Cleanup", Time since last: 1000393513 ns, Reaching safepoint: 799931 ns, At safepoint: 152861 ns, Total: 952792 ns
[2020-08-12T16:36:35.487+0000][6][safepoint    ] Safepoint "Cleanup", Time since last: 1678341964 ns, Reaching safepoint: 610958 ns, At safepoint: 23150 ns, Total: 634108 ns
[2020-08-12T16:36:36.488+0000][6][safepoint    ] Safepoint "Cleanup", Time since last: 1000255876 ns, Reaching safepoint: 919155 ns, At safepoint: 59875 ns, Total: 979030 ns
[2020-08-12T16:36:38.409+0000][6][safepoint    ] Safepoint "Cleanup", Time since last: 1920758028 ns, Reaching safepoint: 471770 ns, At safepoint: 54212 ns, Total: 525982 ns
[2020-08-12T16:36:39.410+0000][6][safepoint    ] Safepoint "Cleanup", Time since last: 1000343789 ns, Reaching safepoint: 614920 ns, At safepoint: 43775 ns, Total: 658695 ns
[2020-08-12T16:36:40.489+0000][6][safepoint    ] Safepoint "Cleanup", Time since last: 1077256564 ns, Reaching safepoint: 760768 ns, At safepoint: 74974 ns, Total: 835742 ns
[2020-08-12T16:36:41.490+0000][6][safepoint    ] Safepoint "Cleanup", Time since last: 1000346702 ns, Reaching safepoint: 577582 ns, At safepoint: 46462 ns, Total: 624044 ns
[2020-08-12T16:36:42.491+0000][6][safepoint    ] Safepoint "Cleanup", Time since last: 1000377039 ns, Reaching safepoint: 622894 ns, At safepoint: 55212 ns, Total: 678106 ns
[2020-08-12T16:36:43.491+0000][6][safepoint    ] Safepoint "Cleanup", Time since last: 1000318026 ns, Reaching safepoint: 530796 ns, At safepoint: 25125 ns, Total: 555921 ns
[2020-08-12T16:36:44.493+0000][6][safepoint    ] Safepoint "Cleanup", Time since last: 1000247777 ns, Reaching safepoint: 993091 ns, At safepoint: 76812 ns, Total: 1069903 ns
[2020-08-12T16:36:45.952+0000][6][safepoint    ] Safepoint "Cleanup", Time since last: 1458476958 ns, Reaching safepoint: 470258 ns, At safepoint: 55387 ns, Total: 525645 ns
[2020-08-12T16:36:46.953+0000][6][safepoint    ] Safepoint "Cleanup", Time since last: 1000404588 ns, Reaching safepoint: 851405 ns, At safepoint: 67400 ns, Total: 918805 ns
[2020-08-12T16:36:48.432+0000][6][safepoint    ] Safepoint "Cleanup", Time since last: 1478280774 ns, Reaching safepoint: 412059 ns, At safepoint: 109049 ns, Total: 521108 ns
[2020-08-12T16:36:49.433+0000][6][safepoint    ] Safepoint "Cleanup", Time since last: 1000353964 ns, Reaching safepoint: 845218 ns, At safepoint: 46337 ns, Total: 891555 ns
[2020-08-12T16:36:50.435+0000][6][safepoint    ] Safepoint "Cleanup", Time since last: 1000352551 ns, Reaching safepoint: 1094866 ns, At safepoint: 64149 ns, Total: 1159015 ns
[2020-08-12T16:36:51.436+0000][6][safepoint    ] Safepoint "Cleanup", Time since last: 1000396763 ns, Reaching safepoint: 869343 ns, At safepoint: 45312 ns, Total: 914655 ns
[2020-08-12T16:36:52.437+0000][6][safepoint    ] Safepoint "Cleanup", Time since last: 1000350263 ns, Reaching safepoint: 795656 ns, At safepoint: 46662 ns, Total: 842318 ns
[2020-08-12T16:36:53.438+0000][6][safepoint    ] Safepoint "Cleanup", Time since last: 1000375039 ns, Reaching safepoint: 614882 ns, At safepoint: 44874 ns, Total: 659756 ns
[2020-08-12T16:36:54.439+0000][6][safepoint    ] Safepoint "Cleanup", Time since last: 1000384401 ns, Reaching safepoint: 697169 ns, At safepoint: 44587 ns, Total: 741756 ns
[2020-08-12T16:36:55.489+0000][6][safepoint    ] Safepoint "Cleanup", Time since last: 1048872146 ns, Reaching safepoint: 765494 ns, At safepoint: 80862 ns, Total: 846356 ns
[2020-08-12T16:36:56.491+0000][6][safepoint    ] Safepoint "Cleanup", Time since last: 1000359438 ns, Reaching safepoint: 1198315 ns, At safepoint: 48949 ns, Total: 1247264 ns
[2020-08-12T16:36:58.396+0000][6][safepoint    ] Safepoint "Cleanup", Time since last: 1904983027 ns, Reaching safepoint: 493220 ns, At safepoint: 55425 ns, Total: 548645 ns
[2020-08-12T16:36:59.489+0000][6][safepoint    ] Safepoint "Cleanup", Time since last: 1091592578 ns, Reaching safepoint: 822581 ns, At safepoint: 44312 ns, Total: 866893 ns
[2020-08-12T16:37:00.491+0000][6][safepoint    ] Safepoint "Cleanup", Time since last: 1001001508 ns, Reaching safepoint: 954466 ns, At safepoint: 37575 ns, Total: 992041 ns
[2020-08-12T16:37:01.492+0000][6][safepoint    ] Safepoint "Cleanup", Time since last: 1000267764 ns, Reaching safepoint: 782106 ns, At safepoint: 43412 ns, Total: 825518 ns
[2020-08-12T16:37:02.493+0000][6][safepoint    ] Safepoint "Cleanup", Time since last: 1000354614 ns, Reaching safepoint: 419709 ns, At safepoint: 21987 ns, Total: 441696 ns
[2020-08-12T16:37:03.493+0000][6][safepoint    ] Safepoint "Cleanup", Time since last: 1000222977 ns, Reaching safepoint: 447709 ns, At safepoint: 56337 ns, Total: 504046 ns
[2020-08-12T16:37:05.492+0000][6][safepoint    ] Safepoint "Cleanup", Time since last: 1998545258 ns, Reaching safepoint: 530483 ns, At safepoint: 54287 ns, Total: 584770 ns
[2020-08-12T16:37:06.493+0000][6][safepoint    ] Safepoint "Cleanup", Time since last: 1000354201 ns, Reaching safepoint: 654457 ns, At safepoint: 53337 ns, Total: 707794 ns
[2020-08-12T16:37:07.376+0000][6][safepoint    ] Safepoint "BulkRevokeBias", Time since last: 880922817 ns, Reaching safepoint: 644407 ns, At safepoint: 1177077 ns, Total: 1821484 ns
[2020-08-12T16:37:08.377+0000][6][safepoint    ] Safepoint "Cleanup", Time since last: 1000269490 ns, Reaching safepoint: 679981 ns, At safepoint: 44588 ns, Total: 724569 ns
[2020-08-12T16:37:09.378+0000][6][safepoint    ] Safepoint "Cleanup", Time since last: 1000295126 ns, Reaching safepoint: 435546 ns, At safepoint: 19438 ns, Total: 454984 ns
[2020-08-12T16:37:10.379+0000][6][safepoint    ] Safepoint "Cleanup", Time since last: 1000255914 ns, Reaching safepoint: 1090841 ns, At safepoint: 55762 ns, Total: 1146603 ns
[2020-08-12T16:37:11.380+0000][6][safepoint    ] Safepoint "Cleanup", Time since last: 1000359163 ns, Reaching safepoint: 489259 ns, At safepoint: 45674 ns, Total: 534933 ns
[2020-08-12T16:37:12.381+0000][6][safepoint    ] Safepoint "Cleanup", Time since last: 1000356364 ns, Reaching safepoint: 615395 ns, At safepoint: 45437 ns, Total: 660832 ns
[2020-08-12T16:37:13.382+0000][6][safepoint    ] Safepoint "Cleanup", Time since last: 1000319176 ns, Reaching safepoint: 508296 ns, At safepoint: 27774 ns, Total: 536070 ns
[2020-08-12T16:37:14.383+0000][6][safepoint    ] Safepoint "Cleanup", Time since last: 1000285940 ns, Reaching safepoint: 777318 ns, At safepoint: 57287 ns, Total: 834605 ns
[2020-08-12T16:37:15.491+0000][6][safepoint    ] Safepoint "Cleanup", Time since last: 1107093482 ns, Reaching safepoint: 374460 ns, At safepoint: 12124 ns, Total: 386584 ns
[2020-08-12T16:37:17.029+0000][6][safepoint    ] Safepoint "Cleanup", Time since last: 1537462853 ns, Reaching safepoint: 879592 ns, At safepoint: 44612 ns, Total: 924204 ns
[2020-08-12T16:37:18.435+0000][6][safepoint    ] Safepoint "Cleanup", Time since last: 1405370140 ns, Reaching safepoint: 707931 ns, At safepoint: 44387 ns, Total: 752318 ns
[2020-08-12T16:37:19.436+0000][6][safepoint    ] Safepoint "Cleanup", Time since last: 1000348414 ns, Reaching safepoint: 595170 ns, At safepoint: 43737 ns, Total: 638907 ns
[2020-08-12T16:37:20.492+0000][6][safepoint    ] Safepoint "Cleanup", Time since last: 1055164867 ns, Reaching safepoint: 639569 ns, At safepoint: 24763 ns, Total: 664332 ns
[2020-08-12T16:37:21.493+0000][6][safepoint    ] Safepoint "Cleanup", Time since last: 1000281551 ns, Reaching safepoint: 607620 ns, At safepoint: 45925 ns, Total: 653545 ns
[2020-08-12T16:37:22.494+0000][6][safepoint    ] Safepoint "Cleanup", Time since last: 1000346276 ns, Reaching safepoint: 625882 ns, At safepoint: 45175 ns, Total: 671057 ns
[2020-08-12T16:37:23.495+0000][6][safepoint    ] Safepoint "Cleanup", Time since last: 1000346263 ns, Reaching safepoint: 438796 ns, At safepoint: 44600 ns, Total: 483396 ns
[2020-08-12T16:37:25.492+0000][6][safepoint    ] Safepoint "Cleanup", Time since last: 1996832361 ns, Reaching safepoint: 716681 ns, At safepoint: 23862 ns, Total: 740543 ns
[2020-08-12T16:37:26.493+0000][6][safepoint    ] Safepoint "Cleanup", Time since last: 1000257665 ns, Reaching safepoint: 623619 ns, At safepoint: 44750 ns, Total: 668369 ns
[2020-08-12T16:37:28.325+0000][6][safepoint    ] Safepoint "Cleanup", Time since last: 1831457234 ns, Reaching safepoint: 548983 ns, At safepoint: 44087 ns, Total: 593070 ns
[2020-08-12T16:37:29.762+0000][6][safepoint    ] Safepoint "Cleanup", Time since last: 1435689604 ns, Reaching safepoint: 580032 ns, At safepoint: 44675 ns, Total: 624707 ns
[2020-08-12T16:37:30.763+0000][6][safepoint    ] Safepoint "Cleanup", Time since last: 1000402501 ns, Reaching safepoint: 414146 ns, At safepoint: 19225 ns, Total: 433371 ns
[2020-08-12T16:37:31.764+0000][6][safepoint    ] Safepoint "Cleanup", Time since last: 1000254564 ns, Reaching safepoint: 632132 ns, At safepoint: 75400 ns, Total: 707532 ns
[2020-08-12T16:37:32.765+0000][6][safepoint    ] Safepoint "Cleanup", Time since last: 1000461850 ns, Reaching safepoint: 464546 ns, At safepoint: 43975 ns, Total: 508521 ns
[2020-08-12T16:37:33.765+0000][6][safepoint    ] Safepoint "Cleanup", Time since last: 1000366313 ns, Reaching safepoint: 530783 ns, At safepoint: 45037 ns, Total: 575820 ns
[2020-08-12T16:37:35.493+0000][6][safepoint    ] Safepoint "Cleanup", Time since last: 1727303493 ns, Reaching safepoint: 440522 ns, At safepoint: 45962 ns, Total: 486484 ns
[2020-08-12T16:37:36.494+0000][6][safepoint    ] Safepoint "Cleanup", Time since last: 1000353038 ns, Reaching safepoint: 656182 ns, At safepoint: 54525 ns, Total: 710707 ns
[2020-08-12T16:37:38.424+0000][6][safepoint    ] Safepoint "Cleanup", Time since last: 1928639810 ns, Reaching safepoint: 595870 ns, At safepoint: 27862 ns, Total: 623732 ns
[2020-08-12T16:37:39.424+0000][6][safepoint    ] Safepoint "Cleanup", Time since last: 1000237565 ns, Reaching safepoint: 545270 ns, At safepoint: 28000 ns, Total: 573270 ns
[2020-08-12T16:37:40.494+0000][6][safepoint    ] Safepoint "Cleanup", Time since last: 1069021285 ns, Reaching safepoint: 721093 ns, At safepoint: 60250 ns, Total: 781343 ns
[2020-08-12T16:37:41.495+0000][6][safepoint    ] Safepoint "Cleanup", Time since last: 1000287064 ns, Reaching safepoint: 849630 ns, At safepoint: 44537 ns, Total: 894167 ns
[2020-08-12T16:37:42.496+0000][6][safepoint    ] Safepoint "Cleanup", Time since last: 1000345227 ns, Reaching safepoint: 630344 ns, At safepoint: 44262 ns, Total: 674606 ns
[2020-08-12T16:37:43.497+0000][6][safepoint    ] Safepoint "Cleanup", Time since last: 1000350664 ns, Reaching safepoint: 671319 ns, At safepoint: 45312 ns, Total: 716631 ns
[2020-08-12T16:37:45.495+0000][6][safepoint    ] Safepoint "Cleanup", Time since last: 1997170120 ns, Reaching safepoint: 490346 ns, At safepoint: 64962 ns, Total: 555308 ns
[2020-08-12T16:37:46.577+0000][6][safepoint    ] Safepoint "Cleanup", Time since last: 1081227792 ns, Reaching safepoint: 634108 ns, At safepoint: 43962 ns, Total: 678070 ns
[2020-08-12T16:37:48.484+0000][6][safepoint    ] Safepoint "Cleanup", Time since last: 1906250615 ns, Reaching safepoint: 924992 ns, At safepoint: 45087 ns, Total: 970079 ns
[2020-08-12T16:37:49.485+0000][6][safepoint    ] Safepoint "Cleanup", Time since last: 1000319752 ns, Reaching safepoint: 583570 ns, At safepoint: 27687 ns, Total: 611257 ns
[2020-08-12T16:37:50.487+0000][6][safepoint    ] Safepoint "Cleanup", Time since last: 1000320714 ns, Reaching safepoint: 1096590 ns, At safepoint: 65087 ns, Total: 1161677 ns
[2020-08-12T16:37:51.488+0000][6][safepoint    ] Safepoint "Cleanup", Time since last: 1000399376 ns, Reaching safepoint: 894805 ns, At safepoint: 107636 ns, Total: 1002441 ns
[2020-08-12T16:37:52.489+0000][6][safepoint    ] Safepoint "Cleanup", Time since last: 1000345889 ns, Reaching safepoint: 835768 ns, At safepoint: 49812 ns, Total: 885580 ns
[2020-08-12T16:37:53.491+0000][6][safepoint    ] Safepoint "Cleanup", Time since last: 1000696598 ns, Reaching safepoint: 804206 ns, At safepoint: 94336 ns, Total: 898542 ns
[2020-08-12T16:37:54.492+0000][6][safepoint    ] Safepoint "Cleanup", Time since last: 1000435913 ns, Reaching safepoint: 898055 ns, At safepoint: 43687 ns, Total: 941742 ns
[2020-08-12T16:37:55.497+0000][6][safepoint    ] Safepoint "Cleanup", Time since last: 1003852121 ns, Reaching safepoint: 1244614 ns, At safepoint: 67500 ns, Total: 1312114 ns
[2020-08-12T16:37:56.499+0000][6][safepoint    ] Safepoint "Cleanup", Time since last: 1000336901 ns, Reaching safepoint: 859905 ns, At safepoint: 44125 ns, Total: 904030 ns
[2020-08-12T16:37:58.362+0000][6][safepoint    ] Safepoint "Cleanup", Time since last: 1862586803 ns, Reaching safepoint: 349910 ns, At safepoint: 16887 ns, Total: 366797 ns
[2020-08-12T16:37:59.497+0000][6][safepoint    ] Safepoint "Cleanup", Time since last: 1134005863 ns, Reaching safepoint: 1170640 ns, At safepoint: 101212 ns, Total: 1271852 ns
[2020-08-12T16:38:00.499+0000][6][safepoint    ] Safepoint "Cleanup", Time since last: 1001263143 ns, Reaching safepoint: 804068 ns, At safepoint: 34100 ns, Total: 838168 ns
[2020-08-12T16:38:01.500+0000][6][safepoint    ] Safepoint "Cleanup", Time since last: 1000280702 ns, Reaching safepoint: 775056 ns, At safepoint: 58674 ns, Total: 833730 ns
[2020-08-12T16:38:02.502+0000][6][safepoint    ] Safepoint "Cleanup", Time since last: 1000346351 ns, Reaching safepoint: 1206790 ns, At safepoint: 47112 ns, Total: 1253902 ns
[2020-08-12T16:38:03.503+0000][6][safepoint    ] Safepoint "Cleanup", Time since last: 1000405426 ns, Reaching safepoint: 495133 ns, At safepoint: 44624 ns, Total: 539757 ns
[2020-08-12T16:38:05.498+0000][6][safepoint    ] Safepoint "Cleanup", Time since last: 1994441607 ns, Reaching safepoint: 652044 ns, At safepoint: 56437 ns, Total: 708481 ns
[2020-08-12T16:38:06.499+0000][6][safepoint    ] Safepoint "Cleanup", Time since last: 1000409776 ns, Reaching safepoint: 835130 ns, At safepoint: 69562 ns, Total: 904692 ns
[2020-08-12T16:38:08.456+0000][6][safepoint    ] Safepoint "Cleanup", Time since last: 1955961362 ns, Reaching safepoint: 483309 ns, At safepoint: 56487 ns, Total: 539796 ns
[2020-08-12T16:38:09.457+0000][6][safepoint    ] Safepoint "Cleanup", Time since last: 1000418787 ns, Reaching safepoint: 857768 ns, At safepoint: 46949 ns, Total: 904717 ns
[2020-08-12T16:38:10.458+0000][6][safepoint    ] Safepoint "Cleanup", Time since last: 1000306177 ns, Reaching safepoint: 727069 ns, At safepoint: 29575 ns, Total: 756644 ns
[2020-08-12T16:38:11.459+0000][6][safepoint    ] Safepoint "Cleanup", Time since last: 1000259614 ns, Reaching safepoint: 850918 ns, At safepoint: 58774 ns, Total: 909692 ns
[2020-08-12T16:38:12.460+0000][6][safepoint    ] Safepoint "Cleanup", Time since last: 1000351564 ns, Reaching safepoint: 636195 ns, At safepoint: 46762 ns, Total: 682957 ns
[2020-08-12T16:38:13.461+0000][6][safepoint    ] Safepoint "Cleanup", Time since last: 1000350851 ns, Reaching safepoint: 648732 ns, At safepoint: 44324 ns, Total: 693056 ns
[2020-08-12T16:38:14.462+0000][6][safepoint    ] Safepoint "Cleanup", Time since last: 1000353177 ns, Reaching safepoint: 629182 ns, At safepoint: 44474 ns, Total: 673656 ns
[2020-08-12T16:38:15.498+0000][6][safepoint    ] Safepoint "Cleanup", Time since last: 1035609285 ns, Reaching safepoint: 460284 ns, At safepoint: 29325 ns, Total: 489609 ns
[2020-08-12T16:38:16.647+0000][6][safepoint    ] Safepoint "Cleanup", Time since last: 1148131354 ns, Reaching safepoint: 764968 ns, At safepoint: 46675 ns, Total: 811643 ns
[2020-08-12T16:38:18.415+0000][6][safepoint    ] Safepoint "Cleanup", Time since last: 1766862440 ns, Reaching safepoint: 406221 ns, At safepoint: 21825 ns, Total: 428046 ns
[2020-08-12T16:38:19.416+0000][6][safepoint    ] Safepoint "Cleanup", Time since last: 1000307364 ns, Reaching safepoint: 747106 ns, At safepoint: 46787 ns, Total: 793893 ns
[2020-08-12T16:38:20.499+0000][6][safepoint    ] Safepoint "Cleanup", Time since last: 1082855329 ns, Reaching safepoint: 576395 ns, At safepoint: 25037 ns, Total: 601432 ns
[2020-08-12T16:38:21.500+0000][6][safepoint    ] Safepoint "Cleanup", Time since last: 1000252077 ns, Reaching safepoint: 607070 ns, At safepoint: 40125 ns, Total: 647195 ns
[2020-08-12T16:38:22.501+0000][6][safepoint    ] Safepoint "Cleanup", Time since last: 1000323601 ns, Reaching safepoint: 546195 ns, At safepoint: 46975 ns, Total: 593170 ns
[2020-08-12T16:38:23.502+0000][6][safepoint    ] Safepoint "Cleanup", Time since last: 1000358326 ns, Reaching safepoint: 704556 ns, At safepoint: 33925 ns, Total: 738481 ns
[2020-08-12T16:38:24.502+0000][6][safepoint    ] Safepoint "BulkRevokeBias", Time since last: 996742332 ns, Reaching safepoint: 990854 ns, At safepoint: 2521503 ns, Total: 3512357 ns
[2020-08-12T16:38:25.504+0000][6][safepoint    ] Safepoint "Cleanup", Time since last: 1000412076 ns, Reaching safepoint: 959942 ns, At safepoint: 63624 ns, Total: 1023566 ns
[2020-08-12T16:38:26.505+0000][6][safepoint    ] Safepoint "Cleanup", Time since last: 1000449225 ns, Reaching safepoint: 863330 ns, At safepoint: 67562 ns, Total: 930892 ns
[2020-08-12T16:38:28.352+0000][6][safepoint    ] Safepoint "Cleanup", Time since last: 1846455956 ns, Reaching safepoint: 481545 ns, At safepoint: 45588 ns, Total: 527133 ns
[2020-08-12T16:38:29.648+0000][6][safepoint    ] Safepoint "Cleanup", Time since last: 1295076801 ns, Reaching safepoint: 580795 ns, At safepoint: 447396 ns, Total: 1028191 ns
[2020-08-12T16:38:30.650+0000][6][safepoint    ] Safepoint "Cleanup", Time since last: 1000344901 ns, Reaching safepoint: 844181 ns, At safepoint: 62087 ns, Total: 906268 ns
[2020-08-12T16:38:31.651+0000][6][safepoint    ] Safepoint "Cleanup", Time since last: 1000332176 ns, Reaching safepoint: 733081 ns, At safepoint: 37675 ns, Total: 770756 ns
[2020-08-12T16:38:32.652+0000][6][safepoint    ] Safepoint "Cleanup", Time since last: 1000318239 ns, Reaching safepoint: 772906 ns, At safepoint: 44399 ns, Total: 817305 ns
[2020-08-12T16:38:33.653+0000][6][safepoint    ] Safepoint "Cleanup", Time since last: 1000360226 ns, Reaching safepoint: 508883 ns, At safepoint: 27500 ns, Total: 536383 ns
[2020-08-12T16:38:35.500+0000][6][safepoint    ] Safepoint "Cleanup", Time since last: 1846639279 ns, Reaching safepoint: 1068465 ns, At safepoint: 69500 ns, Total: 1137965 ns
[2020-08-12T16:38:36.502+0000][6][safepoint    ] Safepoint "Cleanup", Time since last: 1000353251 ns, Reaching safepoint: 788406 ns, At safepoint: 46149 ns, Total: 834555 ns
[2020-08-12T16:38:37.103+0000][6][gc,start     ] GC(41) Pause Young (Normal) (G1 Evacuation Pause)
[2020-08-12T16:38:37.103+0000][6][gc,task      ] GC(41) Using 2 workers of 2 for evacuation
[2020-08-12T16:38:37.103+0000][6][gc,age       ] GC(41) Desired survivor size 40370176 bytes, new threshold 15 (max threshold 15)
[2020-08-12T16:38:37.133+0000][6][gc,age       ] GC(41) Age table with threshold 15 (max threshold 15)
[2020-08-12T16:38:37.133+0000][6][gc,age       ] GC(41) - age   1:     664800 bytes,     664800 total
[2020-08-12T16:38:37.133+0000][6][gc,age       ] GC(41) - age   2:     165720 bytes,     830520 total
[2020-08-12T16:38:37.133+0000][6][gc,age       ] GC(41) - age   3:     173824 bytes,    1004344 total
[2020-08-12T16:38:37.133+0000][6][gc,age       ] GC(41) - age   4:      31088 bytes,    1035432 total
[2020-08-12T16:38:37.133+0000][6][gc,age       ] GC(41) - age   5:     202432 bytes,    1237864 total
[2020-08-12T16:38:37.133+0000][6][gc,age       ] GC(41) - age   6:      47296 bytes,    1285160 total
[2020-08-12T16:38:37.133+0000][6][gc,age       ] GC(41) - age   7:      77488 bytes,    1362648 total
[2020-08-12T16:38:37.134+0000][6][gc,age       ] GC(41) - age   8:      34792 bytes,    1397440 total
[2020-08-12T16:38:37.134+0000][6][gc,age       ] GC(41) - age   9:      81440 bytes,    1478880 total
[2020-08-12T16:38:37.134+0000][6][gc,age       ] GC(41) - age  10:     114200 bytes,    1593080 total
[2020-08-12T16:38:37.134+0000][6][gc,age       ] GC(41) - age  11:      37232 bytes,    1630312 total
[2020-08-12T16:38:37.134+0000][6][gc,age       ] GC(41) - age  12:      46144 bytes,    1676456 total
[2020-08-12T16:38:37.134+0000][6][gc,age       ] GC(41) - age  13:      32912 bytes,    1709368 total
[2020-08-12T16:38:37.134+0000][6][gc,age       ] GC(41) - age  14:      81616 bytes,    1790984 total
[2020-08-12T16:38:37.134+0000][6][gc,age       ] GC(41) - age  15:      64256 bytes,    1855240 total
[2020-08-12T16:38:37.134+0000][6][gc,phases    ] GC(41)   Pre Evacuate Collection Set: 1.1ms
[2020-08-12T16:38:37.135+0000][6][gc,phases    ] GC(41)   Merge Heap Roots: 1.0ms
[2020-08-12T16:38:37.135+0000][6][gc,phases    ] GC(41)   Evacuate Collection Set: 20.1ms
[2020-08-12T16:38:37.135+0000][6][gc,phases    ] GC(41)   Post Evacuate Collection Set: 6.7ms
[2020-08-12T16:38:37.135+0000][6][gc,phases    ] GC(41)   Other: 3.1ms
[2020-08-12T16:38:37.135+0000][6][gc,heap      ] GC(41) Eden regions: 612->0(612)
[2020-08-12T16:38:37.135+0000][6][gc,heap      ] GC(41) Survivor regions: 2->2(77)
[2020-08-12T16:38:37.135+0000][6][gc,heap      ] GC(41) Old regions: 77->77
[2020-08-12T16:38:37.135+0000][6][gc,heap      ] GC(41) Archive regions: 2->2
[2020-08-12T16:38:37.135+0000][6][gc,heap      ] GC(41) Humongous regions: 7->7
[2020-08-12T16:38:37.136+0000][6][gc,metaspace ] GC(41) Metaspace: 97710K(105528K)->97710K(105528K) NonClass: 85176K(89912K)->85176K(89912K) Class: 12534K(15616K)->12534K(15616K)
[2020-08-12T16:38:37.136+0000][6][gc           ] GC(41) Pause Young (Normal) (G1 Evacuation Pause) 698M->86M(1024M) 33.129ms
[2020-08-12T16:38:37.136+0000][6][gc,cpu       ] GC(41) User=0.05s Sys=0.01s Real=0.04s
[2020-08-12T16:38:37.136+0000][6][safepoint    ] Safepoint "G1CollectForAllocation", Time since last: 599853124 ns, Reaching safepoint: 960854 ns, At safepoint: 33727960 ns, Total: 34688814 ns
[2020-08-12T16:38:38.500+0000][6][safepoint    ] Safepoint "Cleanup", Time since last: 1363224952 ns, Reaching safepoint: 670094 ns, At safepoint: 46338 ns, Total: 716432 ns
[2020-08-12T16:38:40.501+0000][6][safepoint    ] Safepoint "Cleanup", Time since last: 2000010870 ns, Reaching safepoint: 514308 ns, At safepoint: 29563 ns, Total: 543871 ns
[2020-08-12T16:38:41.502+0000][6][safepoint    ] Safepoint "Cleanup", Time since last: 1000268914 ns, Reaching safepoint: 597445 ns, At safepoint: 47362 ns, Total: 644807 ns
[2020-08-12T16:38:42.503+0000][6][safepoint    ] Safepoint "Cleanup", Time since last: 1000357189 ns, Reaching safepoint: 570145 ns, At safepoint: 55312 ns, Total: 625457 ns
[2020-08-12T16:38:43.504+0000][6][safepoint    ] Safepoint "Cleanup", Time since last: 1000378526 ns, Reaching safepoint: 810680 ns, At safepoint: 43975 ns, Total: 854655 ns
[2020-08-12T16:38:44.504+0000][6][safepoint    ] Safepoint "BulkRevokeBias", Time since last: 995527042 ns, Reaching safepoint: 929680 ns, At safepoint: 3597131 ns, Total: 4526811 ns
[2020-08-12T16:38:45.506+0000][6][safepoint    ] Safepoint "Cleanup", Time since last: 1001377305 ns, Reaching safepoint: 1083416 ns, At safepoint: 65612 ns, Total: 1149028 ns
[2020-08-12T16:38:46.700+0000][6][safepoint    ] Safepoint "Cleanup", Time since last: 1192564821 ns, Reaching safepoint: 613370 ns, At safepoint: 34399 ns, Total: 647769 ns
[2020-08-12T16:38:48.308+0000][6][safepoint    ] Safepoint "Cleanup", Time since last: 1607659499 ns, Reaching safepoint: 382434 ns, At safepoint: 16775 ns, Total: 399209 ns
[2020-08-12T16:38:49.308+0000][6][safepoint    ] Safepoint "Cleanup", Time since last: 1000207415 ns, Reaching safepoint: 448746 ns, At safepoint: 22000 ns, Total: 470746 ns
[2020-08-12T16:38:50.309+0000][6][safepoint    ] Safepoint "Cleanup", Time since last: 1000290676 ns, Reaching safepoint: 780244 ns, At safepoint: 38149 ns, Total: 818393 ns
[2020-08-12T16:38:51.310+0000][6][safepoint    ] Safepoint "Cleanup", Time since last: 1000281139 ns, Reaching safepoint: 501996 ns, At safepoint: 22062 ns, Total: 524058 ns
[2020-08-12T16:38:52.311+0000][6][safepoint    ] Safepoint "Cleanup", Time since last: 1000268915 ns, Reaching safepoint: 872805 ns, At safepoint: 43687 ns, Total: 916492 ns
[2020-08-12T16:38:53.312+0000][6][safepoint    ] Safepoint "Cleanup", Time since last: 1000291002 ns, Reaching safepoint: 381734 ns, At safepoint: 16312 ns, Total: 398046 ns
[2020-08-12T16:38:54.313+0000][6][safepoint    ] Safepoint "Cleanup", Time since last: 1000246490 ns, Reaching safepoint: 875105 ns, At safepoint: 45437 ns, Total: 920542 ns
[2020-08-12T16:38:55.504+0000][6][safepoint    ] Safepoint "Cleanup", Time since last: 1189136451 ns, Reaching safepoint: 1183077 ns, At safepoint: 67712 ns, Total: 1250789 ns
[2020-08-12T16:38:56.505+0000][6][safepoint    ] Safepoint "Cleanup", Time since last: 1000451788 ns, Reaching safepoint: 875917 ns, At safepoint: 67900 ns, Total: 943817 ns
[2020-08-12T16:38:58.386+0000][6][safepoint    ] Safepoint "Cleanup", Time since last: 1879744356 ns, Reaching safepoint: 892092 ns, At safepoint: 44187 ns, Total: 936279 ns
[2020-08-12T16:38:59.500+0000][6][safepoint    ] Safepoint "Cleanup", Time since last: 1114287708 ns, Reaching safepoint: 428596 ns, At safepoint: 22050 ns, Total: 450646 ns
[2020-08-12T16:39:00.502+0000][6][safepoint    ] Safepoint "Cleanup", Time since last: 1000648636 ns, Reaching safepoint: 968242 ns, At safepoint: 75799 ns, Total: 1044041 ns
[2020-08-12T16:39:01.503+0000][6][safepoint    ] Safepoint "Cleanup", Time since last: 1000353239 ns, Reaching safepoint: 660669 ns, At safepoint: 54800 ns, Total: 715469 ns
[2020-08-12T16:39:02.504+0000][6][safepoint    ] Safepoint "Cleanup", Time since last: 1000354476 ns, Reaching safepoint: 699194 ns, At safepoint: 44699 ns, Total: 743893 ns
[2020-08-12T16:39:03.505+0000][6][safepoint    ] Safepoint "Cleanup", Time since last: 1000359101 ns, Reaching safepoint: 538846 ns, At safepoint: 45199 ns, Total: 584045 ns
[2020-08-12T16:39:04.507+0000][6][safepoint    ] Safepoint "Cleanup", Time since last: 1000661436 ns, Reaching safepoint: 671082 ns, At safepoint: 37837 ns, Total: 708919 ns
[2020-08-12T16:39:05.508+0000][6][safepoint    ] Safepoint "Cleanup", Time since last: 1001162432 ns, Reaching safepoint: 616145 ns, At safepoint: 24450 ns, Total: 640595 ns
[2020-08-12T16:39:06.510+0000][6][safepoint    ] Safepoint "Cleanup", Time since last: 1000280264 ns, Reaching safepoint: 890942 ns, At safepoint: 44112 ns, Total: 935054 ns
[2020-08-12T16:39:08.361+0000][6][safepoint    ] Safepoint "Cleanup", Time since last: 1851075140 ns, Reaching safepoint: 380222 ns, At safepoint: 15337 ns, Total: 395559 ns
[2020-08-12T16:39:09.362+0000][6][safepoint    ] Safepoint "Cleanup", Time since last: 1000191828 ns, Reaching safepoint: 487521 ns, At safepoint: 25275 ns, Total: 512796 ns
[2020-08-12T16:39:10.363+0000][6][safepoint    ] Safepoint "Cleanup", Time since last: 1000307439 ns, Reaching safepoint: 1135540 ns, At safepoint: 59624 ns, Total: 1195164 ns
[2020-08-12T16:39:11.364+0000][6][safepoint    ] Safepoint "Cleanup", Time since last: 1000344939 ns, Reaching safepoint: 611307 ns, At safepoint: 44437 ns, Total: 655744 ns
[2020-08-12T16:39:12.365+0000][6][safepoint    ] Safepoint "Cleanup", Time since last: 1000335702 ns, Reaching safepoint: 633782 ns, At safepoint: 45162 ns, Total: 678944 ns
[2020-08-12T16:39:13.366+0000][6][safepoint    ] Safepoint "Cleanup", Time since last: 1000296489 ns, Reaching safepoint: 436584 ns, At safepoint: 57512 ns, Total: 494096 ns
[2020-08-12T16:39:14.367+0000][6][safepoint    ] Safepoint "Cleanup", Time since last: 1000353188 ns, Reaching safepoint: 929067 ns, At safepoint: 44625 ns, Total: 973692 ns
[2020-08-12T16:39:15.508+0000][6][safepoint    ] Safepoint "Cleanup", Time since last: 1139253118 ns, Reaching safepoint: 1018291 ns, At safepoint: 64375 ns, Total: 1082666 ns
[2020-08-12T16:39:16.772+0000][6][safepoint    ] Safepoint "Cleanup", Time since last: 1263386749 ns, Reaching safepoint: 856217 ns, At safepoint: 72837 ns, Total: 929054 ns
[2020-08-12T16:39:18.377+0000][6][safepoint    ] Safepoint "Cleanup", Time since last: 1604168766 ns, Reaching safepoint: 938567 ns, At safepoint: 47512 ns, Total: 986079 ns
[2020-08-12T16:39:19.378+0000][6][safepoint    ] Safepoint "Cleanup", Time since last: 1000333151 ns, Reaching safepoint: 668245 ns, At safepoint: 54762 ns, Total: 723007 ns
[2020-08-12T16:39:20.508+0000][6][safepoint    ] Safepoint "Cleanup", Time since last: 1129350028 ns, Reaching safepoint: 621307 ns, At safepoint: 26075 ns, Total: 647382 ns
[2020-08-12T16:39:21.509+0000][6][safepoint    ] Safepoint "Cleanup", Time since last: 1000259089 ns, Reaching safepoint: 534908 ns, At safepoint: 45400 ns, Total: 580308 ns
[2020-08-12T16:39:22.510+0000][6][safepoint    ] Safepoint "Cleanup", Time since last: 1000352851 ns, Reaching safepoint: 652457 ns, At safepoint: 46287 ns, Total: 698744 ns
[2020-08-12T16:39:23.511+0000][6][safepoint    ] Safepoint "Cleanup", Time since last: 1000347288 ns, Reaching safepoint: 606633 ns, At safepoint: 82349 ns, Total: 688982 ns
[2020-08-12T16:39:25.510+0000][6][safepoint    ] Safepoint "Cleanup", Time since last: 1997494930 ns, Reaching safepoint: 1060178 ns, At safepoint: 109849 ns, Total: 1170027 ns
[2020-08-12T16:39:26.511+0000][6][safepoint    ] Safepoint "Cleanup", Time since last: 1000345414 ns, Reaching safepoint: 826730 ns, At safepoint: 58312 ns, Total: 885042 ns
[2020-08-12T16:39:28.377+0000][6][safepoint    ] Safepoint "Cleanup", Time since last: 1865737290 ns, Reaching safepoint: 543070 ns, At safepoint: 29225 ns, Total: 572295 ns
[2020-08-12T16:39:29.564+0000][6][safepoint    ] Safepoint "Cleanup", Time since last: 1185468757 ns, Reaching safepoint: 786368 ns, At safepoint: 44450 ns, Total: 830818 ns
[2020-08-12T16:39:30.565+0000][6][safepoint    ] Safepoint "Cleanup", Time since last: 1000392363 ns, Reaching safepoint: 592995 ns, At safepoint: 24112 ns, Total: 617107 ns
[2020-08-12T16:39:31.566+0000][6][safepoint    ] Safepoint "Cleanup", Time since last: 1000279027 ns, Reaching safepoint: 773206 ns, At safepoint: 141724 ns, Total: 914930 ns
[2020-08-12T16:39:32.567+0000][6][safepoint    ] Safepoint "Cleanup", Time since last: 1000356726 ns, Reaching safepoint: 819693 ns, At safepoint: 60162 ns, Total: 879855 ns
[2020-08-12T16:39:33.568+0000][6][safepoint    ] Safepoint "Cleanup", Time since last: 1000304951 ns, Reaching safepoint: 510171 ns, At safepoint: 25387 ns, Total: 535558 ns
[2020-08-12T16:39:35.510+0000][6][safepoint    ] Safepoint "Cleanup", Time since last: 1941185527 ns, Reaching safepoint: 720907 ns, At safepoint: 35762 ns, Total: 756669 ns
[2020-08-12T16:39:36.511+0000][6][safepoint    ] Safepoint "Cleanup", Time since last: 1000285877 ns, Reaching safepoint: 815168 ns, At safepoint: 46362 ns, Total: 861530 ns
[2020-08-12T16:39:38.423+0000][6][safepoint    ] Safepoint "Cleanup", Time since last: 1911128498 ns, Reaching safepoint: 533945 ns, At safepoint: 45875 ns, Total: 579820 ns
[2020-08-12T16:39:39.424+0000][6][safepoint    ] Safepoint "Cleanup", Time since last: 1000406576 ns, Reaching safepoint: 876355 ns, At safepoint: 46374 ns, Total: 922729 ns
[2020-08-12T16:39:40.511+0000][6][safepoint    ] Safepoint "Cleanup", Time since last: 1086072551 ns, Reaching safepoint: 717756 ns, At safepoint: 29712 ns, Total: 747468 ns
[2020-08-12T16:39:41.512+0000][6][safepoint    ] Safepoint "Cleanup", Time since last: 1000266677 ns, Reaching safepoint: 848068 ns, At safepoint: 57700 ns, Total: 905768 ns
[2020-08-12T16:39:42.513+0000][6][safepoint    ] Safepoint "Cleanup", Time since last: 1000381800 ns, Reaching safepoint: 728419 ns, At safepoint: 46112 ns, Total: 774531 ns
[2020-08-12T16:39:43.514+0000][6][safepoint    ] Safepoint "Cleanup", Time since last: 1000351376 ns, Reaching safepoint: 590145 ns, At safepoint: 44875 ns, Total: 635020 ns
[2020-08-12T16:39:45.516+0000][6][safepoint    ] Safepoint "Cleanup", Time since last: 2000694229 ns, Reaching safepoint: 611919 ns, At safepoint: 35438 ns, Total: 647357 ns
[2020-08-12T16:39:46.516+0000][6][safepoint    ] Safepoint "Cleanup", Time since last: 1000247449 ns, Reaching safepoint: 556583 ns, At safepoint: 30412 ns, Total: 586995 ns
[2020-08-12T16:39:48.356+0000][6][safepoint    ] Safepoint "Cleanup", Time since last: 1838862800 ns, Reaching safepoint: 780906 ns, At safepoint: 44312 ns, Total: 825218 ns
[2020-08-12T16:39:49.357+0000][6][safepoint    ] Safepoint "Cleanup", Time since last: 1000337024 ns, Reaching safepoint: 729594 ns, At safepoint: 46837 ns, Total: 776431 ns
[2020-08-12T16:39:50.359+0000][6][safepoint    ] Safepoint "Cleanup", Time since last: 1000346999 ns, Reaching safepoint: 877255 ns, At safepoint: 44162 ns, Total: 921417 ns
[2020-08-12T16:39:51.360+0000][6][safepoint    ] Safepoint "Cleanup", Time since last: 1000395248 ns, Reaching safepoint: 798668 ns, At safepoint: 44200 ns, Total: 842868 ns
[2020-08-12T16:39:52.361+0000][6][safepoint    ] Safepoint "Cleanup", Time since last: 1000392374 ns, Reaching safepoint: 828593 ns, At safepoint: 44937 ns, Total: 873530 ns
[2020-08-12T16:39:53.362+0000][6][safepoint    ] Safepoint "Cleanup", Time since last: 1000292799 ns, Reaching safepoint: 311573 ns, At safepoint: 15474 ns, Total: 327047 ns
[2020-08-12T16:39:54.363+0000][6][safepoint    ] Safepoint "Cleanup", Time since last: 1000244825 ns, Reaching safepoint: 797943 ns, At safepoint: 44512 ns, Total: 842455 ns
[2020-08-12T16:39:55.515+0000][6][safepoint    ] Safepoint "Cleanup", Time since last: 1150716896 ns, Reaching safepoint: 1104865 ns, At safepoint: 65750 ns, Total: 1170615 ns
[2020-08-12T16:39:56.516+0000][6][safepoint    ] Safepoint "Cleanup", Time since last: 1000385798 ns, Reaching safepoint: 774519 ns, At safepoint: 93386 ns, Total: 867905 ns
[2020-08-12T16:39:58.387+0000][6][safepoint    ] Safepoint "Cleanup", Time since last: 1869696036 ns, Reaching safepoint: 937129 ns, At safepoint: 44050 ns, Total: 981179 ns
[2020-08-12T16:39:59.513+0000][6][safepoint    ] Safepoint "Cleanup", Time since last: 1124737618 ns, Reaching safepoint: 1206765 ns, At safepoint: 44437 ns, Total: 1251202 ns
[2020-08-12T16:40:00.514+0000][6][safepoint    ] Safepoint "Cleanup", Time since last: 1001125405 ns, Reaching safepoint: 641069 ns, At safepoint: 27412 ns, Total: 668481 ns
[2020-08-12T16:40:01.515+0000][6][safepoint    ] Safepoint "Cleanup", Time since last: 1000262375 ns, Reaching safepoint: 697894 ns, At safepoint: 55675 ns, Total: 753569 ns
[2020-08-12T16:40:02.516+0000][6][safepoint    ] Safepoint "Cleanup", Time since last: 1000351861 ns, Reaching safepoint: 630919 ns, At safepoint: 44162 ns, Total: 675081 ns
[2020-08-12T16:40:03.517+0000][6][safepoint    ] Safepoint "Cleanup", Time since last: 1000320437 ns, Reaching safepoint: 523196 ns, At safepoint: 43687 ns, Total: 566883 ns
[2020-08-12T16:40:05.514+0000][6][safepoint    ] Safepoint "Cleanup", Time since last: 1996438009 ns, Reaching safepoint: 571658 ns, At safepoint: 42375 ns, Total: 614033 ns
[2020-08-12T16:40:06.515+0000][6][safepoint    ] Safepoint "Cleanup", Time since last: 1000305036 ns, Reaching safepoint: 621133 ns, At safepoint: 46149 ns, Total: 667282 ns
[2020-08-12T16:40:08.457+0000][6][safepoint    ] Safepoint "Cleanup", Time since last: 1941421120 ns, Reaching safepoint: 518333 ns, At safepoint: 21324 ns, Total: 539657 ns
[2020-08-12T16:40:09.458+0000][6][safepoint    ] Safepoint "Cleanup", Time since last: 1000252200 ns, Reaching safepoint: 665132 ns, At safepoint: 55875 ns, Total: 721007 ns
[2020-08-12T16:40:10.960+0000][6][safepoint    ] Safepoint "Cleanup", Time since last: 1501534795 ns, Reaching safepoint: 331873 ns, At safepoint: 16249 ns, Total: 348122 ns
[2020-08-12T16:40:11.961+0000][6][safepoint    ] Safepoint "Cleanup", Time since last: 1000241100 ns, Reaching safepoint: 625732 ns, At safepoint: 46362 ns, Total: 672094 ns
[2020-08-12T16:40:12.962+0000][6][safepoint    ] Safepoint "Cleanup", Time since last: 1000307575 ns, Reaching safepoint: 868655 ns, At safepoint: 44999 ns, Total: 913654 ns
[2020-08-12T16:40:13.963+0000][6][safepoint    ] Safepoint "Cleanup", Time since last: 1000306412 ns, Reaching safepoint: 647407 ns, At safepoint: 46812 ns, Total: 694219 ns
[2020-08-12T16:40:15.516+0000][6][safepoint    ] Safepoint "Cleanup", Time since last: 1551466305 ns, Reaching safepoint: 938455 ns, At safepoint: 48249 ns, Total: 986704 ns
[2020-08-12T16:40:16.516+0000][6][safepoint    ] Safepoint "Cleanup", Time since last: 1000319187 ns, Reaching safepoint: 325022 ns, At safepoint: 16362 ns, Total: 341384 ns
[2020-08-12T16:40:18.297+0000][6][safepoint    ] Safepoint "Cleanup", Time since last: 1779724833 ns, Reaching safepoint: 378746 ns, At safepoint: 16713 ns, Total: 395459 ns
[2020-08-12T16:40:19.297+0000][6][safepoint    ] Safepoint "Cleanup", Time since last: 1000185200 ns, Reaching safepoint: 457284 ns, At safepoint: 58362 ns, Total: 515646 ns
[2020-08-12T16:40:20.514+0000][6][safepoint    ] Safepoint "Cleanup", Time since last: 1215541964 ns, Reaching safepoint: 1161802 ns, At safepoint: 58225 ns, Total: 1220027 ns
[2020-08-12T16:40:21.515+0000][6][safepoint    ] Safepoint "Cleanup", Time since last: 1000386536 ns, Reaching safepoint: 788693 ns, At safepoint: 52662 ns, Total: 841355 ns
[2020-08-12T16:40:22.516+0000][6][safepoint    ] Safepoint "Cleanup", Time since last: 1000332761 ns, Reaching safepoint: 689982 ns, At safepoint: 44750 ns, Total: 734732 ns
[2020-08-12T16:40:23.517+0000][6][safepoint    ] Safepoint "Cleanup", Time since last: 1000295424 ns, Reaching safepoint: 465659 ns, At safepoint: 56312 ns, Total: 521971 ns
[2020-08-12T16:40:24.520+0000][6][safepoint    ] Safepoint "BulkRevokeBias", Time since last: 999259820 ns, Reaching safepoint: 878255 ns, At safepoint: 2531904 ns, Total: 3410159 ns
[2020-08-12T16:40:25.521+0000][6][safepoint    ] Safepoint "Cleanup", Time since last: 1000447598 ns, Reaching safepoint: 720669 ns, At safepoint: 39749 ns, Total: 760418 ns
[2020-08-12T16:40:26.522+0000][6][safepoint    ] Safepoint "Cleanup", Time since last: 1000294400 ns, Reaching safepoint: 828680 ns, At safepoint: 46425 ns, Total: 875105 ns
[2020-08-12T16:40:28.352+0000][6][safepoint    ] Safepoint "Cleanup", Time since last: 1829011984 ns, Reaching safepoint: 353222 ns, At safepoint: 19750 ns, Total: 372972 ns
[2020-08-12T16:40:29.790+0000][6][safepoint    ] Safepoint "Cleanup", Time since last: 1437644832 ns, Reaching safepoint: 873380 ns, At safepoint: 44099 ns, Total: 917479 ns
[2020-08-12T16:40:30.791+0000][6][safepoint    ] Safepoint "Cleanup", Time since last: 1000348887 ns, Reaching safepoint: 695869 ns, At safepoint: 44875 ns, Total: 740744 ns
[2020-08-12T16:40:31.792+0000][6][safepoint    ] Safepoint "Cleanup", Time since last: 1000348286 ns, Reaching safepoint: 749306 ns, At safepoint: 43987 ns, Total: 793293 ns
[2020-08-12T16:40:32.794+0000][6][safepoint    ] Safepoint "Cleanup", Time since last: 1000355799 ns, Reaching safepoint: 861755 ns, At safepoint: 43137 ns, Total: 904892 ns
[2020-08-12T16:40:33.795+0000][6][safepoint    ] Safepoint "Cleanup", Time since last: 1000351599 ns, Reaching safepoint: 772844 ns, At safepoint: 44237 ns, Total: 817081 ns
[2020-08-12T16:40:35.517+0000][6][safepoint    ] Safepoint "Cleanup", Time since last: 1721506207 ns, Reaching safepoint: 1136690 ns, At safepoint: 56000 ns, Total: 1192690 ns
[2020-08-12T16:40:36.519+0000][6][safepoint    ] Safepoint "Cleanup", Time since last: 1000346486 ns, Reaching safepoint: 861755 ns, At safepoint: 44238 ns, Total: 905993 ns
[2020-08-12T16:40:38.429+0000][6][safepoint    ] Safepoint "Cleanup", Time since last: 1909587992 ns, Reaching safepoint: 384922 ns, At safepoint: 19450 ns, Total: 404372 ns
[2020-08-12T16:40:39.430+0000][6][safepoint    ] Safepoint "Cleanup", Time since last: 1000256262 ns, Reaching safepoint: 769768 ns, At safepoint: 44200 ns, Total: 813968 ns
[2020-08-12T16:40:40.519+0000][6][safepoint    ] Safepoint "Cleanup", Time since last: 1088020483 ns, Reaching safepoint: 714857 ns, At safepoint: 29174 ns, Total: 744031 ns
[2020-08-12T16:40:41.520+0000][6][safepoint    ] Safepoint "Cleanup", Time since last: 1000301712 ns, Reaching safepoint: 650007 ns, At safepoint: 46375 ns, Total: 696382 ns
[2020-08-12T16:40:42.521+0000][6][safepoint    ] Safepoint "Cleanup", Time since last: 1000390524 ns, Reaching safepoint: 618194 ns, At safepoint: 52962 ns, Total: 671156 ns
[2020-08-12T16:40:43.522+0000][6][safepoint    ] Safepoint "Cleanup", Time since last: 1000382824 ns, Reaching safepoint: 555533 ns, At safepoint: 43662 ns, Total: 599195 ns
[2020-08-12T16:40:45.518+0000][6][safepoint    ] Safepoint "Cleanup", Time since last: 1995619204 ns, Reaching safepoint: 582082 ns, At safepoint: 27475 ns, Total: 609557 ns
[2020-08-12T16:40:46.518+0000][6][safepoint    ] Safepoint "Cleanup", Time since last: 1000237050 ns, Reaching safepoint: 352284 ns, At safepoint: 11550 ns, Total: 363834 ns
[2020-08-12T16:40:47.299+0000][6][safepoint    ] Safepoint "BulkRevokeBias", Time since last: 778938350 ns, Reaching safepoint: 364185 ns, At safepoint: 874242 ns, Total: 1238427 ns
[2020-08-12T16:40:48.300+0000][6][safepoint    ] Safepoint "Cleanup", Time since last: 1000207500 ns, Reaching safepoint: 825805 ns, At safepoint: 50125 ns, Total: 875930 ns
[2020-08-12T16:40:49.301+0000][6][safepoint    ] Safepoint "Cleanup", Time since last: 1000397573 ns, Reaching safepoint: 772556 ns, At safepoint: 94512 ns, Total: 867068 ns
[2020-08-12T16:40:50.302+0000][6][safepoint    ] Safepoint "Cleanup", Time since last: 1000365262 ns, Reaching safepoint: 839780 ns, At safepoint: 46299 ns, Total: 886079 ns
[2020-08-12T16:40:51.303+0000][6][safepoint    ] Safepoint "Cleanup", Time since last: 1000358012 ns, Reaching safepoint: 670319 ns, At safepoint: 44362 ns, Total: 714681 ns
[2020-08-12T16:40:52.304+0000][6][safepoint    ] Safepoint "Cleanup", Time since last: 1000351736 ns, Reaching safepoint: 750531 ns, At safepoint: 46887 ns, Total: 797418 ns
[2020-08-12T16:40:53.305+0000][6][safepoint    ] Safepoint "Cleanup", Time since last: 1000292488 ns, Reaching safepoint: 403246 ns, At safepoint: 12250 ns, Total: 415496 ns
[2020-08-12T16:40:54.306+0000][6][safepoint    ] Safepoint "Cleanup", Time since last: 1000227075 ns, Reaching safepoint: 640657 ns, At safepoint: 47125 ns, Total: 687782 ns
[2020-08-12T16:40:55.519+0000][6][safepoint    ] Safepoint "Cleanup", Time since last: 1212827237 ns, Reaching safepoint: 621257 ns, At safepoint: 29312 ns, Total: 650569 ns
[2020-08-12T16:40:56.520+0000][6][safepoint    ] Safepoint "Cleanup", Time since last: 1000276512 ns, Reaching safepoint: 626507 ns, At safepoint: 44250 ns, Total: 670757 ns
[2020-08-12T16:40:58.367+0000][6][safepoint    ] Safepoint "Cleanup", Time since last: 1845895764 ns, Reaching safepoint: 947492 ns, At safepoint: 44500 ns, Total: 991992 ns
[2020-08-12T16:40:58.631+0000][6][safepoint    ] Safepoint "BulkRevokeBias", Time since last: 260011105 ns, Reaching safepoint: 1013604 ns, At safepoint: 2930937 ns, Total: 3944541 ns
[2020-08-12T16:41:00.520+0000][6][safepoint    ] Safepoint "Cleanup", Time since last: 1887533295 ns, Reaching safepoint: 911154 ns, At safepoint: 64100 ns, Total: 975254 ns
[2020-08-12T16:41:01.521+0000][6][safepoint    ] Safepoint "Cleanup", Time since last: 1000405510 ns, Reaching safepoint: 840593 ns, At safepoint: 45175 ns, Total: 885768 ns
[2020-08-12T16:41:02.522+0000][6][safepoint    ] Safepoint "Cleanup", Time since last: 1000407336 ns, Reaching safepoint: 644807 ns, At safepoint: 45024 ns, Total: 689831 ns
[2020-08-12T16:41:03.523+0000][6][safepoint    ] Safepoint "Cleanup", Time since last: 1000314775 ns, Reaching safepoint: 534295 ns, At safepoint: 26625 ns, Total: 560920 ns
[2020-08-12T16:41:05.521+0000][6][safepoint    ] Safepoint "Cleanup", Time since last: 1996716894 ns, Reaching safepoint: 741594 ns, At safepoint: 34237 ns, Total: 775831 ns
[2020-08-12T16:41:06.522+0000][6][safepoint    ] Safepoint "Cleanup", Time since last: 1000274237 ns, Reaching safepoint: 853481 ns, At safepoint: 43949 ns, Total: 897430 ns
[2020-08-12T16:41:08.426+0000][6][safepoint    ] Safepoint "Cleanup", Time since last: 1903337996 ns, Reaching safepoint: 697782 ns, At safepoint: 17162 ns, Total: 714944 ns
[2020-08-12T16:41:09.426+0000][6][safepoint    ] Safepoint "Cleanup", Time since last: 1000274500 ns, Reaching safepoint: 422083 ns, At safepoint: 20038 ns, Total: 442121 ns
[2020-08-12T16:41:10.428+0000][6][safepoint    ] Safepoint "Cleanup", Time since last: 1000233213 ns, Reaching safepoint: 1048253 ns, At safepoint: 51987 ns, Total: 1100240 ns
[2020-08-12T16:41:11.429+0000][6][safepoint    ] Safepoint "Cleanup", Time since last: 1000332061 ns, Reaching safepoint: 436159 ns, At safepoint: 22137 ns, Total: 458296 ns
[2020-08-12T16:41:12.430+0000][6][safepoint    ] Safepoint "Cleanup", Time since last: 1000319237 ns, Reaching safepoint: 788443 ns, At safepoint: 45100 ns, Total: 833543 ns
[2020-08-12T16:41:13.431+0000][6][safepoint    ] Safepoint "Cleanup", Time since last: 1000410336 ns, Reaching safepoint: 941767 ns, At safepoint: 44499 ns, Total: 986266 ns
[2020-08-12T16:41:14.432+0000][6][safepoint    ] Safepoint "Cleanup", Time since last: 1000334350 ns, Reaching safepoint: 745118 ns, At safepoint: 43687 ns, Total: 788805 ns
[2020-08-12T16:41:15.522+0000][6][safepoint    ] Safepoint "Cleanup", Time since last: 1089007788 ns, Reaching safepoint: 1092303 ns, At safepoint: 62775 ns, Total: 1155078 ns
[2020-08-12T16:41:16.524+0000][6][safepoint    ] Safepoint "Cleanup", Time since last: 1000353574 ns, Reaching safepoint: 833143 ns, At safepoint: 44762 ns, Total: 877905 ns
[2020-08-12T16:41:18.290+0000][6][safepoint    ] Safepoint "Cleanup", Time since last: 1765976638 ns, Reaching safepoint: 534370 ns, At safepoint: 25350 ns, Total: 559720 ns
[2020-08-12T16:41:19.291+0000][6][safepoint    ] Safepoint "Cleanup", Time since last: 1000216637 ns, Reaching safepoint: 479871 ns, At safepoint: 24713 ns, Total: 504584 ns
[2020-08-12T16:41:19.524+0000][6][safepoint    ] Safepoint "BulkRevokeBias", Time since last: 229530479 ns, Reaching safepoint: 1278089 ns, At safepoint: 2653764 ns, Total: 3931853 ns
[2020-08-12T16:41:20.527+0000][6][safepoint    ] Safepoint "Cleanup", Time since last: 1001635076 ns, Reaching safepoint: 633770 ns, At safepoint: 67662 ns, Total: 701432 ns
[2020-08-12T16:41:21.528+0000][6][safepoint    ] Safepoint "Cleanup", Time since last: 1000446310 ns, Reaching safepoint: 964942 ns, At safepoint: 58199 ns, Total: 1023141 ns
[2020-08-12T16:41:22.529+0000][6][safepoint    ] Safepoint "Cleanup", Time since last: 1000350899 ns, Reaching safepoint: 647507 ns, At safepoint: 45425 ns, Total: 692932 ns
[2020-08-12T16:41:23.530+0000][6][safepoint    ] Safepoint "Cleanup", Time since last: 1000335024 ns, Reaching safepoint: 609370 ns, At safepoint: 38524 ns, Total: 647894 ns
[2020-08-12T16:41:25.523+0000][6][safepoint    ] Safepoint "Cleanup", Time since last: 1991777200 ns, Reaching safepoint: 636357 ns, At safepoint: 36349 ns, Total: 672706 ns
[2020-08-12T16:41:26.524+0000][6][safepoint    ] Safepoint "Cleanup", Time since last: 1000281200 ns, Reaching safepoint: 957604 ns, At safepoint: 49175 ns, Total: 1006779 ns
[2020-08-12T16:41:28.377+0000][6][safepoint    ] Safepoint "Cleanup", Time since last: 1852246785 ns, Reaching safepoint: 294272 ns, At safepoint: 21137 ns, Total: 315409 ns
[2020-08-12T16:41:29.711+0000][6][safepoint    ] Safepoint "Cleanup", Time since last: 1333564513 ns, Reaching safepoint: 840043 ns, At safepoint: 46862 ns, Total: 886905 ns
[2020-08-12T16:41:30.712+0000][6][safepoint    ] Safepoint "Cleanup", Time since last: 1000354862 ns, Reaching safepoint: 988616 ns, At safepoint: 64800 ns, Total: 1053416 ns
[2020-08-12T16:41:31.714+0000][6][safepoint    ] Safepoint "Cleanup", Time since last: 1000353410 ns, Reaching safepoint: 852531 ns, At safepoint: 44399 ns, Total: 896930 ns
[2020-08-12T16:41:32.714+0000][6][safepoint    ] Safepoint "Cleanup", Time since last: 1000298238 ns, Reaching safepoint: 512121 ns, At safepoint: 27299 ns, Total: 539420 ns
[2020-08-12T16:41:33.716+0000][6][safepoint    ] Safepoint "Cleanup", Time since last: 1000280612 ns, Reaching safepoint: 813381 ns, At safepoint: 44362 ns, Total: 857743 ns
[2020-08-12T16:41:35.521+0000][6][safepoint    ] Safepoint "Cleanup", Time since last: 1805497849 ns, Reaching safepoint: 357697 ns, At safepoint: 12612 ns, Total: 370309 ns
[2020-08-12T16:41:36.522+0000][6][safepoint    ] Safepoint "Cleanup", Time since last: 1000227975 ns, Reaching safepoint: 597032 ns, At safepoint: 44200 ns, Total: 641232 ns
[2020-08-12T16:41:38.490+0000][6][safepoint    ] Safepoint "Cleanup", Time since last: 1966765877 ns, Reaching safepoint: 433146 ns, At safepoint: 26925 ns, Total: 460071 ns
[2020-08-12T16:41:39.491+0000][6][safepoint    ] Safepoint "Cleanup", Time since last: 1000317911 ns, Reaching safepoint: 587208 ns, At safepoint: 43799 ns, Total: 631007 ns
[2020-08-12T16:41:40.526+0000][6][safepoint    ] Safepoint "Cleanup", Time since last: 1034448732 ns, Reaching safepoint: 1131952 ns, At safepoint: 62875 ns, Total: 1194827 ns
[2020-08-12T16:41:41.527+0000][6][safepoint    ] Safepoint "Cleanup", Time since last: 1000346236 ns, Reaching safepoint: 781968 ns, At safepoint: 57587 ns, Total: 839555 ns
[2020-08-12T16:41:42.529+0000][6][safepoint    ] Safepoint "Cleanup", Time since last: 1000355024 ns, Reaching safepoint: 766456 ns, At safepoint: 54987 ns, Total: 821443 ns
[2020-08-12T16:41:43.529+0000][6][safepoint    ] Safepoint "Cleanup", Time since last: 1000295762 ns, Reaching safepoint: 469884 ns, At safepoint: 20900 ns, Total: 490784 ns
[2020-08-12T16:41:45.525+0000][6][safepoint    ] Safepoint "Cleanup", Time since last: 1995122520 ns, Reaching safepoint: 740069 ns, At safepoint: 34775 ns, Total: 774844 ns
[2020-08-12T16:41:46.526+0000][6][safepoint    ] Safepoint "Cleanup", Time since last: 1000268062 ns, Reaching safepoint: 788593 ns, At safepoint: 57612 ns, Total: 846205 ns
[2020-08-12T16:41:48.309+0000][6][safepoint    ] Safepoint "Cleanup", Time since last: 1782334510 ns, Reaching safepoint: 458709 ns, At safepoint: 20700 ns, Total: 479409 ns
[2020-08-12T16:41:49.310+0000][6][safepoint    ] Safepoint "Cleanup", Time since last: 1000225737 ns, Reaching safepoint: 662432 ns, At safepoint: 34012 ns, Total: 696444 ns
[2020-08-12T16:41:50.311+0000][6][safepoint    ] Safepoint "Cleanup", Time since last: 1000307437 ns, Reaching safepoint: 601070 ns, At safepoint: 43949 ns, Total: 645019 ns
[2020-08-12T16:41:51.312+0000][6][safepoint    ] Safepoint "Cleanup", Time since last: 1000350612 ns, Reaching safepoint: 609469 ns, At safepoint: 44500 ns, Total: 653969 ns
[2020-08-12T16:41:52.313+0000][6][safepoint    ] Safepoint "Cleanup", Time since last: 1000347174 ns, Reaching safepoint: 621707 ns, At safepoint: 44112 ns, Total: 665819 ns
[2020-08-12T16:41:53.314+0000][6][safepoint    ] Safepoint "Cleanup", Time since last: 1000290875 ns, Reaching safepoint: 483796 ns, At safepoint: 22762 ns, Total: 506558 ns
[2020-08-12T16:41:54.315+0000][6][safepoint    ] Safepoint "Cleanup", Time since last: 1000271074 ns, Reaching safepoint: 566920 ns, At safepoint: 44462 ns, Total: 611382 ns
[2020-08-12T16:41:55.527+0000][6][safepoint    ] Safepoint "Cleanup", Time since last: 1211106115 ns, Reaching safepoint: 670657 ns, At safepoint: 34950 ns, Total: 705607 ns
[2020-08-12T16:41:56.528+0000][6][safepoint    ] Safepoint "Cleanup", Time since last: 1000283299 ns, Reaching safepoint: 892805 ns, At safepoint: 44100 ns, Total: 936905 ns
[2020-08-12T16:41:58.389+0000][6][safepoint    ] Safepoint "Cleanup", Time since last: 1860410627 ns, Reaching safepoint: 471471 ns, At safepoint: 34625 ns, Total: 506096 ns
[2020-08-12T16:41:59.526+0000][6][safepoint    ] Safepoint "Cleanup", Time since last: 1136137583 ns, Reaching safepoint: 926304 ns, At safepoint: 44650 ns, Total: 970954 ns
[2020-08-12T16:42:00.528+0000][6][safepoint    ] Safepoint "Cleanup", Time since last: 1001121905 ns, Reaching safepoint: 736493 ns, At safepoint: 32150 ns, Total: 768643 ns
[2020-08-12T16:42:01.529+0000][6][safepoint    ] Safepoint "Cleanup", Time since last: 1000328174 ns, Reaching safepoint: 790881 ns, At safepoint: 43849 ns, Total: 834730 ns
[2020-08-12T16:42:02.531+0000][6][safepoint    ] Safepoint "Cleanup", Time since last: 1000406961 ns, Reaching safepoint: 837693 ns, At safepoint: 748281 ns, Total: 1585974 ns
[2020-08-12T16:42:03.532+0000][6][safepoint    ] Safepoint "Cleanup", Time since last: 1000479973 ns, Reaching safepoint: 440984 ns, At safepoint: 21900 ns, Total: 462884 ns
[2020-08-12T16:42:05.527+0000][6][safepoint    ] Safepoint "Cleanup", Time since last: 1994335852 ns, Reaching safepoint: 739719 ns, At safepoint: 60899 ns, Total: 800618 ns
[2020-08-12T16:42:06.528+0000][6][safepoint    ] Safepoint "Cleanup", Time since last: 1000281950 ns, Reaching safepoint: 862130 ns, At safepoint: 44387 ns, Total: 906517 ns
[2020-08-12T16:42:08.355+0000][6][safepoint    ] Safepoint "Cleanup", Time since last: 1826111171 ns, Reaching safepoint: 353310 ns, At safepoint: 23212 ns, Total: 376522 ns
[2020-08-12T16:42:09.356+0000][6][safepoint    ] Safepoint "Cleanup", Time since last: 1000227638 ns, Reaching safepoint: 698144 ns, At safepoint: 34087 ns, Total: 732231 ns
[2020-08-12T16:42:10.356+0000][6][safepoint    ] Safepoint "Cleanup", Time since last: 1000276400 ns, Reaching safepoint: 490058 ns, At safepoint: 23500 ns, Total: 513558 ns
[2020-08-12T16:42:11.357+0000][6][safepoint    ] Safepoint "Cleanup", Time since last: 1000261587 ns, Reaching safepoint: 736843 ns, At safepoint: 55100 ns, Total: 791943 ns
[2020-08-12T16:42:12.358+0000][6][safepoint    ] Safepoint "Cleanup", Time since last: 1000345412 ns, Reaching safepoint: 593232 ns, At safepoint: 45762 ns, Total: 638994 ns
[2020-08-12T16:42:13.359+0000][6][safepoint    ] Safepoint "Cleanup", Time since last: 1000290862 ns, Reaching safepoint: 478958 ns, At safepoint: 58950 ns, Total: 537908 ns
[2020-08-12T16:42:14.360+0000][6][safepoint    ] Safepoint "Cleanup", Time since last: 1000351061 ns, Reaching safepoint: 812856 ns, At safepoint: 44037 ns, Total: 856893 ns
[2020-08-12T16:42:15.530+0000][6][safepoint    ] Safepoint "Cleanup", Time since last: 1168312844 ns, Reaching safepoint: 779944 ns, At safepoint: 34637 ns, Total: 814581 ns
[2020-08-12T16:42:16.531+0000][6][safepoint    ] Safepoint "Cleanup", Time since last: 1000485673 ns, Reaching safepoint: 786668 ns, At safepoint: 43837 ns, Total: 830505 ns
[2020-08-12T16:42:18.443+0000][6][safepoint    ] Safepoint "Cleanup", Time since last: 1911846673 ns, Reaching safepoint: 516071 ns, At safepoint: 46337 ns, Total: 562408 ns
[2020-08-12T16:42:19.444+0000][6][safepoint    ] Safepoint "Cleanup", Time since last: 1000350799 ns, Reaching safepoint: 677619 ns, At safepoint: 46374 ns, Total: 723993 ns
[2020-08-12T16:42:20.529+0000][6][safepoint    ] Safepoint "Cleanup", Time since last: 1083958382 ns, Reaching safepoint: 838705 ns, At safepoint: 65024 ns, Total: 903729 ns
[2020-08-12T16:42:21.530+0000][6][safepoint    ] Safepoint "Cleanup", Time since last: 1000354312 ns, Reaching safepoint: 669206 ns, At safepoint: 51938 ns, Total: 721144 ns
[2020-08-12T16:42:22.531+0000][6][safepoint    ] Safepoint "Cleanup", Time since last: 1000354123 ns, Reaching safepoint: 649782 ns, At safepoint: 44237 ns, Total: 694019 ns
[2020-08-12T16:42:23.532+0000][6][safepoint    ] Safepoint "Cleanup", Time since last: 1000304712 ns, Reaching safepoint: 588682 ns, At safepoint: 23312 ns, Total: 611994 ns
[2020-08-12T16:42:25.531+0000][6][safepoint    ] Safepoint "Cleanup", Time since last: 1997527901 ns, Reaching safepoint: 799443 ns, At safepoint: 37687 ns, Total: 837130 ns
[2020-08-12T16:42:26.532+0000][6][safepoint    ] Safepoint "Cleanup", Time since last: 1000327775 ns, Reaching safepoint: 973229 ns, At safepoint: 47749 ns, Total: 1020978 ns
[2020-08-12T16:42:28.392+0000][6][safepoint    ] Safepoint "Cleanup", Time since last: 1859431061 ns, Reaching safepoint: 383834 ns, At safepoint: 23050 ns, Total: 406884 ns
[2020-08-12T16:42:29.772+0000][6][safepoint    ] Safepoint "Cleanup", Time since last: 1379189871 ns, Reaching safepoint: 852343 ns, At safepoint: 117349 ns, Total: 969692 ns
[2020-08-12T16:42:30.773+0000][6][safepoint    ] Safepoint "Cleanup", Time since last: 1000296899 ns, Reaching safepoint: 526683 ns, At safepoint: 20850 ns, Total: 547533 ns
[2020-08-12T16:42:31.773+0000][6][safepoint    ] Safepoint "Cleanup", Time since last: 1000241100 ns, Reaching safepoint: 402484 ns, At safepoint: 19587 ns, Total: 422071 ns
[2020-08-12T16:42:32.775+0000][6][safepoint    ] Safepoint "Cleanup", Time since last: 1000290487 ns, Reaching safepoint: 828243 ns, At safepoint: 44287 ns, Total: 872530 ns
[2020-08-12T16:42:33.776+0000][6][safepoint    ] Safepoint "Cleanup", Time since last: 1000353524 ns, Reaching safepoint: 779293 ns, At safepoint: 43850 ns, Total: 823143 ns
[2020-08-12T16:42:34.535+0000][6][safepoint    ] Safepoint "BulkRevokeBias", Time since last: 755745612 ns, Reaching safepoint: 826855 ns, At safepoint: 2437992 ns, Total: 3264847 ns
[2020-08-12T16:42:35.536+0000][6][safepoint    ] Safepoint "Cleanup", Time since last: 1000424935 ns, Reaching safepoint: 753131 ns, At safepoint: 31675 ns, Total: 784806 ns
[2020-08-12T16:42:36.537+0000][6][safepoint    ] Safepoint "Cleanup", Time since last: 1000256550 ns, Reaching safepoint: 722556 ns, At safepoint: 40212 ns, Total: 762768 ns
[2020-08-12T16:42:38.409+0000][6][safepoint    ] Safepoint "Cleanup", Time since last: 1871228872 ns, Reaching safepoint: 252098 ns, At safepoint: 11250 ns, Total: 263348 ns
[2020-08-12T16:42:39.409+0000][6][safepoint    ] Safepoint "Cleanup", Time since last: 1000185538 ns, Reaching safepoint: 466158 ns, At safepoint: 22287 ns, Total: 488445 ns
[2020-08-12T16:42:40.531+0000][6][safepoint    ] Safepoint "Cleanup", Time since last: 1121175337 ns, Reaching safepoint: 768956 ns, At safepoint: 34987 ns, Total: 803943 ns
[2020-08-12T16:42:41.532+0000][6][safepoint    ] Safepoint "Cleanup", Time since last: 1000248850 ns, Reaching safepoint: 551908 ns, At safepoint: 28312 ns, Total: 580220 ns
[2020-08-12T16:42:42.533+0000][6][safepoint    ] Safepoint "Cleanup", Time since last: 1000283887 ns, Reaching safepoint: 888442 ns, At safepoint: 47050 ns, Total: 935492 ns
[2020-08-12T16:42:43.534+0000][6][safepoint    ] Safepoint "Cleanup", Time since last: 1000297612 ns, Reaching safepoint: 359384 ns, At safepoint: 19450 ns, Total: 378834 ns
[2020-08-12T16:42:45.532+0000][6][safepoint    ] Safepoint "Cleanup", Time since last: 1996866643 ns, Reaching safepoint: 783631 ns, At safepoint: 37150 ns, Total: 820781 ns
[2020-08-12T16:42:46.533+0000][6][safepoint    ] Safepoint "Cleanup", Time since last: 1000250199 ns, Reaching safepoint: 632795 ns, At safepoint: 29737 ns, Total: 662532 ns
[2020-08-12T16:42:48.412+0000][6][safepoint    ] Safepoint "Cleanup", Time since last: 1879491501 ns, Reaching safepoint: 348985 ns, At safepoint: 16662 ns, Total: 365647 ns
[2020-08-12T16:42:49.413+0000][6][safepoint    ] Safepoint "Cleanup", Time since last: 1000191801 ns, Reaching safepoint: 405884 ns, At safepoint: 18512 ns, Total: 424396 ns
[2020-08-12T16:42:50.414+0000][6][safepoint    ] Safepoint "Cleanup", Time since last: 1000251800 ns, Reaching safepoint: 620494 ns, At safepoint: 110374 ns, Total: 730868 ns
[2020-08-12T16:42:51.415+0000][6][safepoint    ] Safepoint "Cleanup", Time since last: 1000350311 ns, Reaching safepoint: 884380 ns, At safepoint: 44200 ns, Total: 928580 ns
[2020-08-12T16:42:52.416+0000][6][safepoint    ] Safepoint "Cleanup", Time since last: 1000349574 ns, Reaching safepoint: 717269 ns, At safepoint: 45475 ns, Total: 762744 ns
[2020-08-12T16:42:53.417+0000][6][safepoint    ] Safepoint "Cleanup", Time since last: 1000287549 ns, Reaching safepoint: 450384 ns, At safepoint: 15837 ns, Total: 466221 ns
[2020-08-12T16:42:54.418+0000][6][safepoint    ] Safepoint "Cleanup", Time since last: 1000224875 ns, Reaching safepoint: 870843 ns, At safepoint: 44437 ns, Total: 915280 ns
[2020-08-12T16:42:55.533+0000][6][safepoint    ] Safepoint "Cleanup", Time since last: 1113911449 ns, Reaching safepoint: 793005 ns, At safepoint: 67137 ns, Total: 860142 ns
[2020-08-12T16:42:56.534+0000][6][safepoint    ] Safepoint "Cleanup", Time since last: 1000339262 ns, Reaching safepoint: 621444 ns, At safepoint: 47062 ns, Total: 668506 ns
[2020-08-12T16:42:58.352+0000][6][safepoint    ] Safepoint "Cleanup", Time since last: 1816620554 ns, Reaching safepoint: 855893 ns, At safepoint: 44737 ns, Total: 900630 ns
[2020-08-12T16:42:59.533+0000][6][safepoint    ] Safepoint "Cleanup", Time since last: 1180900273 ns, Reaching safepoint: 881993 ns, At safepoint: 43799 ns, Total: 925792 ns
[2020-08-12T16:43:00.536+0000][6][safepoint    ] Safepoint "Cleanup", Time since last: 1001805987 ns, Reaching safepoint: 1064416 ns, At safepoint: 65937 ns, Total: 1130353 ns
[2020-08-12T16:43:01.538+0000][6][safepoint    ] Safepoint "Cleanup", Time since last: 1000345773 ns, Reaching safepoint: 829131 ns, At safepoint: 44662 ns, Total: 873793 ns
[2020-08-12T16:43:02.539+0000][6][safepoint    ] Safepoint "Cleanup", Time since last: 1000398923 ns, Reaching safepoint: 802456 ns, At safepoint: 45012 ns, Total: 847468 ns
[2020-08-12T16:43:03.540+0000][6][safepoint    ] Safepoint "Cleanup", Time since last: 1000349687 ns, Reaching safepoint: 431508 ns, At safepoint: 22550 ns, Total: 454058 ns
[2020-08-12T16:43:05.533+0000][6][safepoint    ] Safepoint "Cleanup", Time since last: 1992749267 ns, Reaching safepoint: 1030741 ns, At safepoint: 88011 ns, Total: 1118752 ns
[2020-08-12T16:43:06.535+0000][6][safepoint    ] Safepoint "Cleanup", Time since last: 1000354587 ns, Reaching safepoint: 839492 ns, At safepoint: 44538 ns, Total: 884030 ns
[2020-08-12T16:43:08.401+0000][6][safepoint    ] Safepoint "Cleanup", Time since last: 1865733631 ns, Reaching safepoint: 671882 ns, At safepoint: 32912 ns, Total: 704794 ns
[2020-08-12T16:43:09.402+0000][6][safepoint    ] Safepoint "Cleanup", Time since last: 1000317824 ns, Reaching safepoint: 684794 ns, At safepoint: 44812 ns, Total: 729606 ns
[2020-08-12T16:43:10.403+0000][6][safepoint    ] Safepoint "Cleanup", Time since last: 1000356487 ns, Reaching safepoint: 735081 ns, At safepoint: 46662 ns, Total: 781743 ns
[2020-08-12T16:43:11.404+0000][6][safepoint    ] Safepoint "Cleanup", Time since last: 1000357149 ns, Reaching safepoint: 651757 ns, At safepoint: 47087 ns, Total: 698844 ns
[2020-08-12T16:43:12.405+0000][6][safepoint    ] Safepoint "Cleanup", Time since last: 1000320974 ns, Reaching safepoint: 695294 ns, At safepoint: 44487 ns, Total: 739781 ns
[2020-08-12T16:43:13.406+0000][6][safepoint    ] Safepoint "Cleanup", Time since last: 1000313237 ns, Reaching safepoint: 460371 ns, At safepoint: 30350 ns, Total: 490721 ns
[2020-08-12T16:43:14.407+0000][6][safepoint    ] Safepoint "Cleanup", Time since last: 1000292399 ns, Reaching safepoint: 683295 ns, At safepoint: 43962 ns, Total: 727257 ns
[2020-08-12T16:43:15.535+0000][6][safepoint    ] Safepoint "Cleanup", Time since last: 1126931349 ns, Reaching safepoint: 901030 ns, At safepoint: 57887 ns, Total: 958917 ns
[2020-08-12T16:43:16.536+0000][6][safepoint    ] Safepoint "Cleanup", Time since last: 1000306712 ns, Reaching safepoint: 643594 ns, At safepoint: 44337 ns, Total: 687931 ns
[2020-08-12T16:43:18.007+0000][6][safepoint    ] Safepoint "Cleanup", Time since last: 1470111666 ns, Reaching safepoint: 303385 ns, At safepoint: 20787 ns, Total: 324172 ns
[2020-08-12T16:43:19.537+0000][6][safepoint    ] Safepoint "Cleanup", Time since last: 1528262017 ns, Reaching safepoint: 1624211 ns, At safepoint: 56374 ns, Total: 1680585 ns
[2020-08-12T16:43:20.539+0000][6][safepoint    ] Safepoint "Cleanup", Time since last: 1001266567 ns, Reaching safepoint: 1021516 ns, At safepoint: 43237 ns, Total: 1064753 ns
[2020-08-12T16:43:21.540+0000][6][safepoint    ] Safepoint "Cleanup", Time since last: 1000302024 ns, Reaching safepoint: 682831 ns, At safepoint: 91337 ns, Total: 774168 ns
[2020-08-12T16:43:22.541+0000][6][safepoint    ] Safepoint "Cleanup", Time since last: 1000342300 ns, Reaching safepoint: 661694 ns, At safepoint: 55412 ns, Total: 717106 ns
[2020-08-12T16:43:23.542+0000][6][safepoint    ] Safepoint "Cleanup", Time since last: 1000296049 ns, Reaching safepoint: 451671 ns, At safepoint: 55950 ns, Total: 507621 ns
[2020-08-12T16:43:25.537+0000][6][safepoint    ] Safepoint "Cleanup", Time since last: 1994410314 ns, Reaching safepoint: 897430 ns, At safepoint: 42987 ns, Total: 940417 ns
[2020-08-12T16:43:26.538+0000][6][safepoint    ] Safepoint "Cleanup", Time since last: 1000339161 ns, Reaching safepoint: 668757 ns, At safepoint: 46200 ns, Total: 714957 ns
[2020-08-12T16:43:28.292+0000][6][safepoint    ] Safepoint "Cleanup", Time since last: 1753090074 ns, Reaching safepoint: 574832 ns, At safepoint: 112524 ns, Total: 687356 ns
[2020-08-12T16:43:29.620+0000][6][safepoint    ] Safepoint "Cleanup", Time since last: 1326886958 ns, Reaching safepoint: 823018 ns, At safepoint: 44362 ns, Total: 867380 ns
[2020-08-12T16:43:30.621+0000][6][safepoint    ] Safepoint "Cleanup", Time since last: 1000384024 ns, Reaching safepoint: 689632 ns, At safepoint: 56812 ns, Total: 746444 ns
[2020-08-12T16:43:31.622+0000][6][safepoint    ] Safepoint "Cleanup", Time since last: 1000382848 ns, Reaching safepoint: 870218 ns, At safepoint: 47387 ns, Total: 917605 ns
[2020-08-12T16:43:32.623+0000][6][safepoint    ] Safepoint "Cleanup", Time since last: 1000348386 ns, Reaching safepoint: 653932 ns, At safepoint: 44937 ns, Total: 698869 ns
[2020-08-12T16:43:33.624+0000][6][safepoint    ] Safepoint "Cleanup", Time since last: 1000351749 ns, Reaching safepoint: 412872 ns, At safepoint: 31499 ns, Total: 444371 ns
[2020-08-12T16:43:35.535+0000][6][safepoint    ] Safepoint "Cleanup", Time since last: 1910308762 ns, Reaching safepoint: 347559 ns, At safepoint: 13313 ns, Total: 360872 ns
[2020-08-12T16:43:36.536+0000][6][safepoint    ] Safepoint "Cleanup", Time since last: 1000277699 ns, Reaching safepoint: 573483 ns, At safepoint: 44474 ns, Total: 617957 ns
[2020-08-12T16:43:38.469+0000][6][safepoint    ] Safepoint "Cleanup", Time since last: 1933283414 ns, Reaching safepoint: 438697 ns, At safepoint: 19799 ns, Total: 458496 ns
[2020-08-12T16:43:39.470+0000][6][safepoint    ] Safepoint "Cleanup", Time since last: 1000244175 ns, Reaching safepoint: 638145 ns, At safepoint: 44775 ns, Total: 682920 ns
[2020-08-12T16:43:40.536+0000][6][safepoint    ] Safepoint "Cleanup", Time since last: 1064755695 ns, Reaching safepoint: 708269 ns, At safepoint: 55387 ns, Total: 763656 ns
[2020-08-12T16:43:41.537+0000][6][safepoint    ] Safepoint "Cleanup", Time since last: 1000396924 ns, Reaching safepoint: 842730 ns, At safepoint: 61337 ns, Total: 904067 ns
[2020-08-12T16:43:42.538+0000][6][safepoint    ] Safepoint "Cleanup", Time since last: 1000326887 ns, Reaching safepoint: 670957 ns, At safepoint: 44662 ns, Total: 715619 ns
[2020-08-12T16:43:43.539+0000][6][safepoint    ] Safepoint "Cleanup", Time since last: 1000295824 ns, Reaching safepoint: 906192 ns, At safepoint: 49662 ns, Total: 955854 ns
[2020-08-12T16:43:45.539+0000][6][safepoint    ] Safepoint "Cleanup", Time since last: 1998427768 ns, Reaching safepoint: 955241 ns, At safepoint: 43738 ns, Total: 998979 ns
[2020-08-12T16:43:47.143+0000][6][safepoint    ] Safepoint "Cleanup", Time since last: 1603591994 ns, Reaching safepoint: 972542 ns, At safepoint: 55012 ns, Total: 1027554 ns
[2020-08-12T16:43:48.353+0000][6][safepoint    ] Safepoint "Cleanup", Time since last: 1209415916 ns, Reaching safepoint: 354285 ns, At safepoint: 11250 ns, Total: 365535 ns
[2020-08-12T16:43:49.358+0000][6][safepoint    ] Safepoint "Cleanup", Time since last: 1004203178 ns, Reaching safepoint: 749144 ns, At safepoint: 45987 ns, Total: 795131 ns
[2020-08-12T16:43:50.359+0000][6][safepoint    ] Safepoint "Cleanup", Time since last: 1000353873 ns, Reaching safepoint: 620470 ns, At safepoint: 40125 ns, Total: 660595 ns
[2020-08-12T16:43:51.360+0000][6][safepoint    ] Safepoint "Cleanup", Time since last: 1000325974 ns, Reaching safepoint: 739094 ns, At safepoint: 74899 ns, Total: 813993 ns
[2020-08-12T16:43:52.362+0000][6][safepoint    ] Safepoint "Cleanup", Time since last: 1000332324 ns, Reaching safepoint: 839655 ns, At safepoint: 44875 ns, Total: 884530 ns
[2020-08-12T16:43:53.362+0000][6][safepoint    ] Safepoint "Cleanup", Time since last: 1000289399 ns, Reaching safepoint: 270898 ns, At safepoint: 12687 ns, Total: 283585 ns
[2020-08-12T16:43:54.364+0000][6][safepoint    ] Safepoint "Cleanup", Time since last: 1000561273 ns, Reaching safepoint: 857180 ns, At safepoint: 46199 ns, Total: 903379 ns
[2020-08-12T16:43:54.541+0000][6][safepoint    ] Safepoint "BulkRevokeBias", Time since last: 173261100 ns, Reaching safepoint: 693007 ns, At safepoint: 3098361 ns, Total: 3791368 ns
[2020-08-12T16:43:55.548+0000][6][safepoint    ] Safepoint "Cleanup", Time since last: 1005936638 ns, Reaching safepoint: 1400613 ns, At safepoint: 51225 ns, Total: 1451838 ns
[2020-08-12T16:43:56.549+0000][6][safepoint    ] Safepoint "Cleanup", Time since last: 1000285112 ns, Reaching safepoint: 636344 ns, At safepoint: 44925 ns, Total: 681269 ns
[2020-08-12T16:43:58.361+0000][6][safepoint    ] Safepoint "Cleanup", Time since last: 1811743508 ns, Reaching safepoint: 346484 ns, At safepoint: 16338 ns, Total: 362822 ns
[2020-08-12T16:43:59.539+0000][6][safepoint    ] Safepoint "Cleanup", Time since last: 1176533311 ns, Reaching safepoint: 1019666 ns, At safepoint: 44562 ns, Total: 1064228 ns
[2020-08-12T16:44:00.542+0000][6][safepoint    ] Safepoint "Cleanup", Time since last: 1001053818 ns, Reaching safepoint: 2431404 ns, At safepoint: 26075 ns, Total: 2457479 ns
[2020-08-12T16:44:01.545+0000][6][safepoint    ] Safepoint "Cleanup", Time since last: 1000220600 ns, Reaching safepoint: 2404742 ns, At safepoint: 91612 ns, Total: 2496354 ns
[2020-08-12T16:44:02.546+0000][6][safepoint    ] Safepoint "Cleanup", Time since last: 1000267774 ns, Reaching safepoint: 924992 ns, At safepoint: 43950 ns, Total: 968942 ns
[2020-08-12T16:44:03.547+0000][6][safepoint    ] Safepoint "Cleanup", Time since last: 1000316487 ns, Reaching safepoint: 502983 ns, At safepoint: 25625 ns, Total: 528608 ns
[2020-08-12T16:44:05.541+0000][6][safepoint    ] Safepoint "Cleanup", Time since last: 1993427710 ns, Reaching safepoint: 896017 ns, At safepoint: 87462 ns, Total: 983479 ns
[2020-08-12T16:44:06.542+0000][6][safepoint    ] Safepoint "Cleanup", Time since last: 1000330061 ns, Reaching safepoint: 657820 ns, At safepoint: 52924 ns, Total: 710744 ns
[2020-08-12T16:44:08.375+0000][6][safepoint    ] Safepoint "Cleanup", Time since last: 1831557925 ns, Reaching safepoint: 916830 ns, At safepoint: 17100 ns, Total: 933930 ns
[2020-08-12T16:44:09.376+0000][6][safepoint    ] Safepoint "Cleanup", Time since last: 1000222912 ns, Reaching safepoint: 523371 ns, At safepoint: 46174 ns, Total: 569545 ns
[2020-08-12T16:44:10.377+0000][6][safepoint    ] Safepoint "Cleanup", Time since last: 1000396862 ns, Reaching safepoint: 834367 ns, At safepoint: 44425 ns, Total: 878792 ns
[2020-08-12T16:44:11.378+0000][6][safepoint    ] Safepoint "Cleanup", Time since last: 1000345374 ns, Reaching safepoint: 840393 ns, At safepoint: 44799 ns, Total: 885192 ns
[2020-08-12T16:44:12.379+0000][6][safepoint    ] Safepoint "Cleanup", Time since last: 1000342699 ns, Reaching safepoint: 750331 ns, At safepoint: 46662 ns, Total: 796993 ns
[2020-08-12T16:44:13.380+0000][6][safepoint    ] Safepoint "Cleanup", Time since last: 1000352149 ns, Reaching safepoint: 430572 ns, At safepoint: 44662 ns, Total: 475234 ns
[2020-08-12T16:44:14.381+0000][6][safepoint    ] Safepoint "Cleanup", Time since last: 1000357036 ns, Reaching safepoint: 810093 ns, At safepoint: 44087 ns, Total: 854180 ns
[2020-08-12T16:44:15.540+0000][6][safepoint    ] Safepoint "Cleanup", Time since last: 1157916484 ns, Reaching safepoint: 961479 ns, At safepoint: 48525 ns, Total: 1010004 ns
[2020-08-12T16:44:16.542+0000][6][safepoint    ] Safepoint "Cleanup", Time since last: 1000328274 ns, Reaching safepoint: 836755 ns, At safepoint: 44525 ns, Total: 881280 ns
[2020-08-12T16:44:18.491+0000][6][safepoint    ] Safepoint "Cleanup", Time since last: 1949508487 ns, Reaching safepoint: 362922 ns, At safepoint: 13087 ns, Total: 376009 ns
[2020-08-12T16:44:19.493+0000][6][safepoint    ] Safepoint "Cleanup", Time since last: 1000251075 ns, Reaching safepoint: 867318 ns, At safepoint: 45499 ns, Total: 912817 ns
[2020-08-12T16:44:20.548+0000][6][safepoint    ] Safepoint "Cleanup", Time since last: 1053636691 ns, Reaching safepoint: 1193903 ns, At safepoint: 64574 ns, Total: 1258477 ns
[2020-08-12T16:44:21.549+0000][6][safepoint    ] Safepoint "Cleanup", Time since last: 1000586147 ns, Reaching safepoint: 447697 ns, At safepoint: 22124 ns, Total: 469821 ns
[2020-08-12T16:44:22.550+0000][6][safepoint    ] Safepoint "Cleanup", Time since last: 1000251675 ns, Reaching safepoint: 738644 ns, At safepoint: 38474 ns, Total: 777118 ns
[2020-08-12T16:44:23.551+0000][6][safepoint    ] Safepoint "Cleanup", Time since last: 1000337562 ns, Reaching safepoint: 699756 ns, At safepoint: 38462 ns, Total: 738218 ns
[2020-08-12T16:44:25.543+0000][6][safepoint    ] Safepoint "Cleanup", Time since last: 1991434265 ns, Reaching safepoint: 1171278 ns, At safepoint: 60974 ns, Total: 1232252 ns
[2020-08-12T16:44:26.544+0000][6][safepoint    ] Safepoint "Cleanup", Time since last: 1000353449 ns, Reaching safepoint: 603007 ns, At safepoint: 44775 ns, Total: 647782 ns
[2020-08-12T16:44:27.308+0000][6][gc,start     ] GC(42) Pause Young (Normal) (G1 Evacuation Pause)
[2020-08-12T16:44:27.309+0000][6][gc,task      ] GC(42) Using 2 workers of 2 for evacuation
[2020-08-12T16:44:27.309+0000][6][gc,age       ] GC(42) Desired survivor size 40370176 bytes, new threshold 15 (max threshold 15)
[2020-08-12T16:44:27.320+0000][6][gc,age       ] GC(42) Age table with threshold 15 (max threshold 15)
[2020-08-12T16:44:27.320+0000][6][gc,age       ] GC(42) - age   1:     437792 bytes,     437792 total
[2020-08-12T16:44:27.320+0000][6][gc,age       ] GC(42) - age   2:     633632 bytes,    1071424 total
[2020-08-12T16:44:27.320+0000][6][gc,age       ] GC(42) - age   3:     111088 bytes,    1182512 total
[2020-08-12T16:44:27.321+0000][6][gc,age       ] GC(42) - age   4:      28680 bytes,    1211192 total
[2020-08-12T16:44:27.321+0000][6][gc,age       ] GC(42) - age   5:      31088 bytes,    1242280 total
[2020-08-12T16:44:27.321+0000][6][gc,age       ] GC(42) - age   6:     202432 bytes,    1444712 total
[2020-08-12T16:44:27.321+0000][6][gc,age       ] GC(42) - age   7:      47296 bytes,    1492008 total
[2020-08-12T16:44:27.321+0000][6][gc,age       ] GC(42) - age   8:      77488 bytes,    1569496 total
[2020-08-12T16:44:27.321+0000][6][gc,age       ] GC(42) - age   9:      34792 bytes,    1604288 total
[2020-08-12T16:44:27.321+0000][6][gc,age       ] GC(42) - age  10:      81440 bytes,    1685728 total
[2020-08-12T16:44:27.321+0000][6][gc,age       ] GC(42) - age  11:     114200 bytes,    1799928 total
[2020-08-12T16:44:27.321+0000][6][gc,age       ] GC(42) - age  12:      37232 bytes,    1837160 total
[2020-08-12T16:44:27.321+0000][6][gc,age       ] GC(42) - age  13:      46144 bytes,    1883304 total
[2020-08-12T16:44:27.321+0000][6][gc,age       ] GC(42) - age  14:      32912 bytes,    1916216 total
[2020-08-12T16:44:27.321+0000][6][gc,age       ] GC(42) - age  15:      81616 bytes,    1997832 total
[2020-08-12T16:44:27.321+0000][6][gc,phases    ] GC(42)   Pre Evacuate Collection Set: 0.4ms
[2020-08-12T16:44:27.321+0000][6][gc,phases    ] GC(42)   Merge Heap Roots: 0.3ms
[2020-08-12T16:44:27.321+0000][6][gc,phases    ] GC(42)   Evacuate Collection Set: 7.6ms
[2020-08-12T16:44:27.321+0000][6][gc,phases    ] GC(42)   Post Evacuate Collection Set: 3.1ms
[2020-08-12T16:44:27.321+0000][6][gc,phases    ] GC(42)   Other: 1.2ms
[2020-08-12T16:44:27.321+0000][6][gc,heap      ] GC(42) Eden regions: 612->0(612)
[2020-08-12T16:44:27.321+0000][6][gc,heap      ] GC(42) Survivor regions: 2->2(77)
[2020-08-12T16:44:27.321+0000][6][gc,heap      ] GC(42) Old regions: 77->78
[2020-08-12T16:44:27.321+0000][6][gc,heap      ] GC(42) Archive regions: 2->2
[2020-08-12T16:44:27.321+0000][6][gc,heap      ] GC(42) Humongous regions: 7->7
[2020-08-12T16:44:27.321+0000][6][gc,metaspace ] GC(42) Metaspace: 97739K(105528K)->97739K(105528K) NonClass: 85205K(89912K)->85205K(89912K) Class: 12534K(15616K)->12534K(15616K)
[2020-08-12T16:44:27.322+0000][6][gc           ] GC(42) Pause Young (Normal) (G1 Evacuation Pause) 698M->86M(1024M) 13.087ms
[2020-08-12T16:44:27.322+0000][6][gc,cpu       ] GC(42) User=0.02s Sys=0.00s Real=0.01s
[2020-08-12T16:44:27.322+0000][6][safepoint    ] Safepoint "G1CollectForAllocation", Time since last: 763552320 ns, Reaching safepoint: 463958 ns, At safepoint: 13354173 ns, Total: 13818131 ns
[2020-08-12T16:44:27.331+0000][6][safepoint    ] Safepoint "BulkRevokeBias", Time since last: 7212588 ns, Reaching safepoint: 357622 ns, At safepoint: 1319639 ns, Total: 1677261 ns
[2020-08-12T16:44:28.331+0000][6][safepoint    ] Safepoint "Cleanup", Time since last: 1000260249 ns, Reaching safepoint: 601983 ns, At safepoint: 45149 ns, Total: 647132 ns
[2020-08-12T16:44:29.603+0000][6][safepoint    ] Safepoint "Cleanup", Time since last: 1270431580 ns, Reaching safepoint: 627545 ns, At safepoint: 53074 ns, Total: 680619 ns
[2020-08-12T16:44:30.604+0000][6][safepoint    ] Safepoint "Cleanup", Time since last: 1000312975 ns, Reaching safepoint: 739643 ns, At safepoint: 40788 ns, Total: 780431 ns
[2020-08-12T16:44:31.605+0000][6][safepoint    ] Safepoint "Cleanup", Time since last: 1000296037 ns, Reaching safepoint: 616907 ns, At safepoint: 54387 ns, Total: 671294 ns
[2020-08-12T16:44:32.606+0000][6][safepoint    ] Safepoint "Cleanup", Time since last: 1000418223 ns, Reaching safepoint: 594082 ns, At safepoint: 53287 ns, Total: 647369 ns
[2020-08-12T16:44:33.607+0000][6][safepoint    ] Safepoint "Cleanup", Time since last: 1000407574 ns, Reaching safepoint: 410234 ns, At safepoint: 24912 ns, Total: 435146 ns
[2020-08-12T16:44:34.546+0000][6][safepoint    ] Safepoint "BulkRevokeBias", Time since last: 936440373 ns, Reaching safepoint: 790393 ns, At safepoint: 2402830 ns, Total: 3193223 ns
[2020-08-12T16:44:35.551+0000][6][safepoint    ] Safepoint "Cleanup", Time since last: 1004008742 ns, Reaching safepoint: 870680 ns, At safepoint: 68187 ns, Total: 938867 ns
[2020-08-12T16:44:36.552+0000][6][safepoint    ] Safepoint "Cleanup", Time since last: 1000375636 ns, Reaching safepoint: 865093 ns, At safepoint: 43487 ns, Total: 908580 ns
[2020-08-12T16:44:38.455+0000][6][safepoint    ] Safepoint "Cleanup", Time since last: 1902610064 ns, Reaching safepoint: 419134 ns, At safepoint: 17275 ns, Total: 436409 ns
[2020-08-12T16:44:39.456+0000][6][safepoint    ] Safepoint "Cleanup", Time since last: 1000226475 ns, Reaching safepoint: 570921 ns, At safepoint: 44987 ns, Total: 615908 ns
[2020-08-12T16:44:40.546+0000][6][safepoint    ] Safepoint "Cleanup", Time since last: 1088831901 ns, Reaching safepoint: 1243352 ns, At safepoint: 73562 ns, Total: 1316914 ns
[2020-08-12T16:44:41.548+0000][6][safepoint    ] Safepoint "Cleanup", Time since last: 1000348699 ns, Reaching safepoint: 652632 ns, At safepoint: 44725 ns, Total: 697357 ns
[2020-08-12T16:44:42.549+0000][6][safepoint    ] Safepoint "Cleanup", Time since last: 1000398473 ns, Reaching safepoint: 791218 ns, At safepoint: 44387 ns, Total: 835605 ns
[2020-08-12T16:44:43.550+0000][6][safepoint    ] Safepoint "Cleanup", Time since last: 1000355862 ns, Reaching safepoint: 546183 ns, At safepoint: 27899 ns, Total: 574082 ns
[2020-08-12T16:44:45.546+0000][6][safepoint    ] Safepoint "Cleanup", Time since last: 1995548667 ns, Reaching safepoint: 1037042 ns, At safepoint: 49187 ns, Total: 1086229 ns
[2020-08-12T16:44:46.547+0000][6][safepoint    ] Safepoint "Cleanup", Time since last: 1000475447 ns, Reaching safepoint: 646482 ns, At safepoint: 44375 ns, Total: 690857 ns
[2020-08-12T16:44:48.467+0000][6][safepoint    ] Safepoint "Cleanup", Time since last: 1918702164 ns, Reaching safepoint: 515333 ns, At safepoint: 38962 ns, Total: 554295 ns
[2020-08-12T16:44:49.468+0000][6][safepoint    ] Safepoint "Cleanup", Time since last: 1000440699 ns, Reaching safepoint: 860167 ns, At safepoint: 43887 ns, Total: 904054 ns
[2020-08-12T16:44:50.469+0000][6][safepoint    ] Safepoint "Cleanup", Time since last: 1000341149 ns, Reaching safepoint: 692295 ns, At safepoint: 53262 ns, Total: 745557 ns
[2020-08-12T16:44:51.470+0000][6][safepoint    ] Safepoint "Cleanup", Time since last: 1000346586 ns, Reaching safepoint: 871055 ns, At safepoint: 44475 ns, Total: 915530 ns
[2020-08-12T16:44:52.472+0000][6][safepoint    ] Safepoint "Cleanup", Time since last: 1000348411 ns, Reaching safepoint: 848455 ns, At safepoint: 44100 ns, Total: 892555 ns
[2020-08-12T16:44:53.472+0000][6][safepoint    ] Safepoint "Cleanup", Time since last: 1000368611 ns, Reaching safepoint: 374247 ns, At safepoint: 13262 ns, Total: 387509 ns
[2020-08-12T16:44:54.473+0000][6][safepoint    ] Safepoint "Cleanup", Time since last: 1000229175 ns, Reaching safepoint: 676619 ns, At safepoint: 46425 ns, Total: 723044 ns
[2020-08-12T16:44:55.546+0000][6][safepoint    ] Safepoint "Cleanup", Time since last: 1071399576 ns, Reaching safepoint: 1059229 ns, At safepoint: 110824 ns, Total: 1170053 ns
[2020-08-12T16:44:56.547+0000][6][safepoint    ] Safepoint "Cleanup", Time since last: 1000351749 ns, Reaching safepoint: 678157 ns, At safepoint: 54474 ns, Total: 732631 ns
[2020-08-12T16:44:58.368+0000][6][safepoint    ] Safepoint "Cleanup", Time since last: 1819927950 ns, Reaching safepoint: 584782 ns, At safepoint: 22150 ns, Total: 606932 ns
[2020-08-12T16:44:59.448+0000][6][safepoint    ] Safepoint "Cleanup", Time since last: 1079168785 ns, Reaching safepoint: 825168 ns, At safepoint: 43887 ns, Total: 869055 ns
[2020-08-12T16:45:00.551+0000][6][safepoint    ] Safepoint "Cleanup", Time since last: 1102466972 ns, Reaching safepoint: 1137440 ns, At safepoint: 48050 ns, Total: 1185490 ns
[2020-08-12T16:45:01.553+0000][6][safepoint    ] Safepoint "Cleanup", Time since last: 1000329924 ns, Reaching safepoint: 914180 ns, At safepoint: 44137 ns, Total: 958317 ns
[2020-08-12T16:45:02.554+0000][6][safepoint    ] Safepoint "Cleanup", Time since last: 1000401461 ns, Reaching safepoint: 807218 ns, At safepoint: 44000 ns, Total: 851218 ns
[2020-08-12T16:45:03.555+0000][6][safepoint    ] Safepoint "Cleanup", Time since last: 1000347023 ns, Reaching safepoint: 337622 ns, At safepoint: 16450 ns, Total: 354072 ns
[2020-08-12T16:45:05.549+0000][6][safepoint    ] Safepoint "Cleanup", Time since last: 1993326449 ns, Reaching safepoint: 1389701 ns, At safepoint: 63474 ns, Total: 1453175 ns
[2020-08-12T16:45:06.551+0000][6][safepoint    ] Safepoint "Cleanup", Time since last: 1000347462 ns, Reaching safepoint: 889154 ns, At safepoint: 43913 ns, Total: 933067 ns
[2020-08-12T16:45:08.497+0000][6][safepoint    ] Safepoint "Cleanup", Time since last: 1945590621 ns, Reaching safepoint: 682906 ns, At safepoint: 56737 ns, Total: 739643 ns
[2020-08-12T16:45:09.498+0000][6][safepoint    ] Safepoint "Cleanup", Time since last: 1000234637 ns, Reaching safepoint: 504796 ns, At safepoint: 27450 ns, Total: 532246 ns
[2020-08-12T16:45:10.498+0000][6][safepoint    ] Safepoint "Cleanup", Time since last: 1000251137 ns, Reaching safepoint: 527446 ns, At safepoint: 27387 ns, Total: 554833 ns
[2020-08-12T16:45:11.500+0000][6][safepoint    ] Safepoint "Cleanup", Time since last: 1000295987 ns, Reaching safepoint: 859642 ns, At safepoint: 43937 ns, Total: 903579 ns
[2020-08-12T16:45:12.501+0000][6][safepoint    ] Safepoint "Cleanup", Time since last: 1000390599 ns, Reaching safepoint: 857943 ns, At safepoint: 46387 ns, Total: 904330 ns
[2020-08-12T16:45:13.502+0000][6][safepoint    ] Safepoint "Cleanup", Time since last: 1000314111 ns, Reaching safepoint: 373035 ns, At safepoint: 16087 ns, Total: 389122 ns
[2020-08-12T16:45:14.503+0000][6][safepoint    ] Safepoint "Cleanup", Time since last: 1000266975 ns, Reaching safepoint: 709168 ns, At safepoint: 38025 ns, Total: 747193 ns
[2020-08-12T16:45:15.548+0000][6][safepoint    ] Safepoint "Cleanup", Time since last: 1044219773 ns, Reaching safepoint: 692144 ns, At safepoint: 28987 ns, Total: 721131 ns
[2020-08-12T16:45:16.549+0000][6][safepoint    ] Safepoint "Cleanup", Time since last: 1000463123 ns, Reaching safepoint: 832105 ns, At safepoint: 47425 ns, Total: 879530 ns
[2020-08-12T16:45:18.470+0000][6][safepoint    ] Safepoint "Cleanup", Time since last: 1919611607 ns, Reaching safepoint: 1403450 ns, At safepoint: 44700 ns, Total: 1448150 ns
[2020-08-12T16:45:19.546+0000][6][safepoint    ] Safepoint "Cleanup", Time since last: 1075522566 ns, Reaching safepoint: 637669 ns, At safepoint: 69349 ns, Total: 707018 ns
[2020-08-12T16:45:20.549+0000][6][safepoint    ] Safepoint "Cleanup", Time since last: 1001346928 ns, Reaching safepoint: 1119066 ns, At safepoint: 56074 ns, Total: 1175140 ns
[2020-08-12T16:45:21.550+0000][6][safepoint    ] Safepoint "Cleanup", Time since last: 1000411286 ns, Reaching safepoint: 576370 ns, At safepoint: 44437 ns, Total: 620807 ns
[2020-08-12T16:45:22.551+0000][6][safepoint    ] Safepoint "Cleanup", Time since last: 1000397986 ns, Reaching safepoint: 576033 ns, At safepoint: 44262 ns, Total: 620295 ns
[2020-08-12T16:45:23.552+0000][6][safepoint    ] Safepoint "Cleanup", Time since last: 1000353611 ns, Reaching safepoint: 394122 ns, At safepoint: 23225 ns, Total: 417347 ns
[2020-08-12T16:45:25.550+0000][6][safepoint    ] Safepoint "Cleanup", Time since last: 1997753823 ns, Reaching safepoint: 1024954 ns, At safepoint: 61699 ns, Total: 1086653 ns
[2020-08-12T16:45:26.552+0000][6][safepoint    ] Safepoint "Cleanup", Time since last: 1000349299 ns, Reaching safepoint: 735294 ns, At safepoint: 55112 ns, Total: 790406 ns
[2020-08-12T16:45:28.352+0000][6][safepoint    ] Safepoint "Cleanup", Time since last: 1799510862 ns, Reaching safepoint: 863518 ns, At safepoint: 50675 ns, Total: 914193 ns
[2020-08-12T16:45:29.526+0000][6][safepoint    ] Safepoint "Cleanup", Time since last: 1173164302 ns, Reaching safepoint: 851018 ns, At safepoint: 44824 ns, Total: 895842 ns
[2020-08-12T16:45:30.527+0000][6][safepoint    ] Safepoint "Cleanup", Time since last: 1000348237 ns, Reaching safepoint: 820680 ns, At safepoint: 58862 ns, Total: 879542 ns
[2020-08-12T16:45:31.528+0000][6][safepoint    ] Safepoint "Cleanup", Time since last: 1000351674 ns, Reaching safepoint: 679770 ns, At safepoint: 53124 ns, Total: 732894 ns
[2020-08-12T16:45:32.530+0000][6][safepoint    ] Safepoint "Cleanup", Time since last: 1000340774 ns, Reaching safepoint: 883767 ns, At safepoint: 43512 ns, Total: 927279 ns
[2020-08-12T16:45:33.530+0000][6][safepoint    ] Safepoint "Cleanup", Time since last: 1000257500 ns, Reaching safepoint: 253948 ns, At safepoint: 10900 ns, Total: 264848 ns
[2020-08-12T16:45:34.531+0000][6][safepoint    ] Safepoint "Cleanup", Time since last: 1000185088 ns, Reaching safepoint: 260748 ns, At safepoint: 11137 ns, Total: 271885 ns
[2020-08-12T16:45:35.546+0000][6][safepoint    ] Safepoint "Cleanup", Time since last: 1015151759 ns, Reaching safepoint: 361510 ns, At safepoint: 32025 ns, Total: 393535 ns
[2020-08-12T16:45:36.547+0000][6][safepoint    ] Safepoint "Cleanup", Time since last: 1000276499 ns, Reaching safepoint: 772543 ns, At safepoint: 45225 ns, Total: 817768 ns
[2020-08-12T16:45:38.490+0000][6][safepoint    ] Safepoint "Cleanup", Time since last: 1942197000 ns, Reaching safepoint: 379184 ns, At safepoint: 112287 ns, Total: 491471 ns
[2020-08-12T16:45:39.491+0000][6][safepoint    ] Safepoint "Cleanup", Time since last: 1000295912 ns, Reaching safepoint: 572870 ns, At safepoint: 144124 ns, Total: 716994 ns
[2020-08-12T16:45:40.551+0000][6][safepoint    ] Safepoint "Cleanup", Time since last: 1059455829 ns, Reaching safepoint: 517995 ns, At safepoint: 32275 ns, Total: 550270 ns
[2020-08-12T16:45:41.552+0000][6][safepoint    ] Safepoint "Cleanup", Time since last: 1000277212 ns, Reaching safepoint: 902292 ns, At safepoint: 47187 ns, Total: 949479 ns
[2020-08-12T16:45:42.553+0000][6][safepoint    ] Safepoint "Cleanup", Time since last: 1000344337 ns, Reaching safepoint: 794505 ns, At safepoint: 58162 ns, Total: 852667 ns
[2020-08-12T16:45:43.554+0000][6][safepoint    ] Safepoint "Cleanup", Time since last: 1000306300 ns, Reaching safepoint: 515683 ns, At safepoint: 55962 ns, Total: 571645 ns
[2020-08-12T16:45:45.551+0000][6][safepoint    ] Safepoint "Cleanup", Time since last: 1996092187 ns, Reaching safepoint: 848205 ns, At safepoint: 44538 ns, Total: 892743 ns
[2020-08-12T16:45:46.552+0000][6][safepoint    ] Safepoint "Cleanup", Time since last: 1000355573 ns, Reaching safepoint: 728669 ns, At safepoint: 52212 ns, Total: 780881 ns
[2020-08-12T16:45:48.501+0000][6][safepoint    ] Safepoint "Cleanup", Time since last: 1948177499 ns, Reaching safepoint: 363472 ns, At safepoint: 18662 ns, Total: 382134 ns
[2020-08-12T16:45:49.503+0000][6][safepoint    ] Safepoint "Cleanup", Time since last: 1000259712 ns, Reaching safepoint: 1393638 ns, At safepoint: 36350 ns, Total: 1429988 ns
[2020-08-12T16:45:50.504+0000][6][safepoint    ] Safepoint "Cleanup", Time since last: 1000357587 ns, Reaching safepoint: 810368 ns, At safepoint: 186360 ns, Total: 996728 ns
[2020-08-12T16:45:51.505+0000][6][safepoint    ] Safepoint "Cleanup", Time since last: 1000302237 ns, Reaching safepoint: 529746 ns, At safepoint: 71699 ns, Total: 601445 ns
[2020-08-12T16:45:52.506+0000][6][safepoint    ] Safepoint "Cleanup", Time since last: 1000291712 ns, Reaching safepoint: 857242 ns, At safepoint: 44963 ns, Total: 902205 ns
[2020-08-12T16:45:53.507+0000][6][safepoint    ] Safepoint "Cleanup", Time since last: 1000299012 ns, Reaching safepoint: 355046 ns, At safepoint: 17538 ns, Total: 372584 ns
[2020-08-12T16:45:54.508+0000][6][safepoint    ] Safepoint "Cleanup", Time since last: 1000331874 ns, Reaching safepoint: 975816 ns, At safepoint: 47250 ns, Total: 1023066 ns
[2020-08-12T16:45:55.553+0000][6][safepoint    ] Safepoint "Cleanup", Time since last: 1043832413 ns, Reaching safepoint: 768694 ns, At safepoint: 44624 ns, Total: 813318 ns
[2020-08-12T16:45:56.554+0000][6][safepoint    ] Safepoint "Cleanup", Time since last: 1000481685 ns, Reaching safepoint: 818681 ns, At safepoint: 69462 ns, Total: 888143 ns
[2020-08-12T16:45:58.356+0000][6][safepoint    ] Safepoint "Cleanup", Time since last: 1800495017 ns, Reaching safepoint: 975879 ns, At safepoint: 62062 ns, Total: 1037941 ns
[2020-08-12T16:45:59.524+0000][6][safepoint    ] Safepoint "Cleanup", Time since last: 1167003068 ns, Reaching safepoint: 850480 ns, At safepoint: 44237 ns, Total: 894717 ns
[2020-08-12T16:46:00.553+0000][6][safepoint    ] Safepoint "Cleanup", Time since last: 1028061624 ns, Reaching safepoint: 827143 ns, At safepoint: 47012 ns, Total: 874155 ns
[2020-08-12T16:46:01.554+0000][6][safepoint    ] Safepoint "Cleanup", Time since last: 1000343336 ns, Reaching safepoint: 654357 ns, At safepoint: 54162 ns, Total: 708519 ns
[2020-08-12T16:46:02.555+0000][6][safepoint    ] Safepoint "Cleanup", Time since last: 1000401511 ns, Reaching safepoint: 956392 ns, At safepoint: 46662 ns, Total: 1003054 ns
[2020-08-12T16:46:03.556+0000][6][safepoint    ] Safepoint "Cleanup", Time since last: 1000342111 ns, Reaching safepoint: 534745 ns, At safepoint: 130824 ns, Total: 665569 ns
[2020-08-12T16:46:05.554+0000][6][safepoint    ] Safepoint "Cleanup", Time since last: 1997500276 ns, Reaching safepoint: 613720 ns, At safepoint: 46349 ns, Total: 660069 ns
[2020-08-12T16:46:06.555+0000][6][safepoint    ] Safepoint "Cleanup", Time since last: 1000319837 ns, Reaching safepoint: 642282 ns, At safepoint: 46075 ns, Total: 688357 ns
[2020-08-12T16:46:08.496+0000][6][safepoint    ] Safepoint "Cleanup", Time since last: 1940100268 ns, Reaching safepoint: 386696 ns, At safepoint: 19550 ns, Total: 406246 ns
[2020-08-12T16:46:09.497+0000][6][safepoint    ] Safepoint "Cleanup", Time since last: 1000282750 ns, Reaching safepoint: 866930 ns, At safepoint: 107174 ns, Total: 974104 ns
[2020-08-12T16:46:10.498+0000][6][safepoint    ] Safepoint "Cleanup", Time since last: 1000340699 ns, Reaching safepoint: 1018279 ns, At safepoint: 57762 ns, Total: 1076041 ns
[2020-08-12T16:46:11.500+0000][6][safepoint    ] Safepoint "Cleanup", Time since last: 1000377048 ns, Reaching safepoint: 778106 ns, At safepoint: 67412 ns, Total: 845518 ns
[2020-08-12T16:46:12.501+0000][6][safepoint    ] Safepoint "Cleanup", Time since last: 1000437623 ns, Reaching safepoint: 918755 ns, At safepoint: 84024 ns, Total: 1002779 ns
[2020-08-12T16:46:13.502+0000][6][safepoint    ] Safepoint "Cleanup", Time since last: 1000413149 ns, Reaching safepoint: 542107 ns, At safepoint: 24088 ns, Total: 566195 ns
[2020-08-12T16:46:14.503+0000][6][safepoint    ] Safepoint "Cleanup", Time since last: 1000251887 ns, Reaching safepoint: 777956 ns, At safepoint: 54099 ns, Total: 832055 ns
[2020-08-12T16:46:15.558+0000][6][safepoint    ] Safepoint "Cleanup", Time since last: 1053736353 ns, Reaching safepoint: 827506 ns, At safepoint: 44762 ns, Total: 872268 ns
[2020-08-12T16:46:16.559+0000][6][safepoint    ] Safepoint "Cleanup", Time since last: 1000396211 ns, Reaching safepoint: 620582 ns, At safepoint: 55124 ns, Total: 675706 ns
[2020-08-12T16:46:18.443+0000][6][safepoint    ] Safepoint "Cleanup", Time since last: 1883992075 ns, Reaching safepoint: 329023 ns, At safepoint: 15749 ns, Total: 344772 ns
[2020-08-12T16:46:19.444+0000][6][safepoint    ] Safepoint "Cleanup", Time since last: 1000233675 ns, Reaching safepoint: 759031 ns, At safepoint: 44700 ns, Total: 803731 ns
[2020-08-12T16:46:20.988+0000][6][safepoint    ] Safepoint "Cleanup", Time since last: 1542515619 ns, Reaching safepoint: 927830 ns, At safepoint: 50162 ns, Total: 977992 ns
[2020-08-12T16:46:21.989+0000][6][safepoint    ] Safepoint "Cleanup", Time since last: 1000352749 ns, Reaching safepoint: 1069640 ns, At safepoint: 57212 ns, Total: 1126852 ns
[2020-08-12T16:46:22.990+0000][6][safepoint    ] Safepoint "Cleanup", Time since last: 1000341624 ns, Reaching safepoint: 926292 ns, At safepoint: 44338 ns, Total: 970630 ns
[2020-08-12T16:46:23.992+0000][6][safepoint    ] Safepoint "Cleanup", Time since last: 1000354786 ns, Reaching safepoint: 1197902 ns, At safepoint: 46187 ns, Total: 1244089 ns
[2020-08-12T16:46:24.562+0000][6][safepoint    ] Safepoint "BulkRevokeBias", Time since last: 562736794 ns, Reaching safepoint: 892217 ns, At safepoint: 6077073 ns, Total: 6969290 ns
[2020-08-12T16:46:25.564+0000][6][safepoint    ] Safepoint "Cleanup", Time since last: 1001071255 ns, Reaching safepoint: 837743 ns, At safepoint: 44587 ns, Total: 882330 ns
[2020-08-12T16:46:26.565+0000][6][safepoint    ] Safepoint "Cleanup", Time since last: 1000323737 ns, Reaching safepoint: 780381 ns, At safepoint: 89849 ns, Total: 870230 ns
[2020-08-12T16:46:28.347+0000][6][safepoint    ] Safepoint "Cleanup", Time since last: 1780886947 ns, Reaching safepoint: 969217 ns, At safepoint: 55725 ns, Total: 1024942 ns
[2020-08-12T16:46:29.762+0000][6][safepoint    ] Safepoint "Cleanup", Time since last: 1414924852 ns, Reaching safepoint: 735231 ns, At safepoint: 34137 ns, Total: 769368 ns
[2020-08-12T16:46:30.764+0000][6][safepoint    ] Safepoint "Cleanup", Time since last: 1000311074 ns, Reaching safepoint: 1222902 ns, At safepoint: 53725 ns, Total: 1276627 ns
[2020-08-12T16:46:31.765+0000][6][safepoint    ] Safepoint "Cleanup", Time since last: 1000331811 ns, Reaching safepoint: 836668 ns, At safepoint: 60937 ns, Total: 897605 ns
[2020-08-12T16:46:32.766+0000][6][safepoint    ] Safepoint "Cleanup", Time since last: 1000354749 ns, Reaching safepoint: 723656 ns, At safepoint: 54400 ns, Total: 778056 ns
[2020-08-12T16:46:33.767+0000][6][safepoint    ] Safepoint "Cleanup", Time since last: 1000306224 ns, Reaching safepoint: 563533 ns, At safepoint: 23512 ns, Total: 587045 ns
[2020-08-12T16:46:34.560+0000][6][safepoint    ] Safepoint "BulkRevokeBias", Time since last: 789216199 ns, Reaching safepoint: 908667 ns, At safepoint: 2940650 ns, Total: 3849317 ns
[2020-08-12T16:46:35.565+0000][6][safepoint    ] Safepoint "Cleanup", Time since last: 1003616496 ns, Reaching safepoint: 619970 ns, At safepoint: 85374 ns, Total: 705344 ns
[2020-08-12T16:46:36.566+0000][6][safepoint    ] Safepoint "Cleanup", Time since last: 1000442323 ns, Reaching safepoint: 873880 ns, At safepoint: 71200 ns, Total: 945080 ns
[2020-08-12T16:46:38.433+0000][6][safepoint    ] Safepoint "Cleanup", Time since last: 1866255589 ns, Reaching safepoint: 445109 ns, At safepoint: 40462 ns, Total: 485571 ns
[2020-08-12T16:46:39.434+0000][6][safepoint    ] Safepoint "Cleanup", Time since last: 1000381924 ns, Reaching safepoint: 512733 ns, At safepoint: 35199 ns, Total: 547932 ns
[2020-08-12T16:46:40.557+0000][6][safepoint    ] Safepoint "Cleanup", Time since last: 1122722649 ns, Reaching safepoint: 682244 ns, At safepoint: 54362 ns, Total: 736606 ns
[2020-08-12T16:46:41.558+0000][6][safepoint    ] Safepoint "Cleanup", Time since last: 1000355461 ns, Reaching safepoint: 721231 ns, At safepoint: 46338 ns, Total: 767569 ns
[2020-08-12T16:46:42.560+0000][6][safepoint    ] Safepoint "Cleanup", Time since last: 1000385698 ns, Reaching safepoint: 792419 ns, At safepoint: 46437 ns, Total: 838856 ns
[2020-08-12T16:46:43.560+0000][6][safepoint    ] Safepoint "Cleanup", Time since last: 1000303561 ns, Reaching safepoint: 380010 ns, At safepoint: 19387 ns, Total: 399397 ns
[2020-08-12T16:46:45.559+0000][6][safepoint    ] Safepoint "Cleanup", Time since last: 1998238706 ns, Reaching safepoint: 661107 ns, At safepoint: 44525 ns, Total: 705632 ns
[2020-08-12T16:46:46.560+0000][6][safepoint    ] Safepoint "Cleanup", Time since last: 1000351124 ns, Reaching safepoint: 672794 ns, At safepoint: 54250 ns, Total: 727044 ns
[2020-08-12T16:46:48.422+0000][6][safepoint    ] Safepoint "Cleanup", Time since last: 1860903198 ns, Reaching safepoint: 908554 ns, At safepoint: 57037 ns, Total: 965591 ns
[2020-08-12T16:46:49.423+0000][6][safepoint    ] Safepoint "Cleanup", Time since last: 1000346512 ns, Reaching safepoint: 709731 ns, At safepoint: 44575 ns, Total: 754306 ns
[2020-08-12T16:46:50.424+0000][6][safepoint    ] Safepoint "Cleanup", Time since last: 1000299962 ns, Reaching safepoint: 408546 ns, At safepoint: 19650 ns, Total: 428196 ns
[2020-08-12T16:46:51.425+0000][6][safepoint    ] Safepoint "Cleanup", Time since last: 1000218588 ns, Reaching safepoint: 554970 ns, At safepoint: 55474 ns, Total: 610444 ns
[2020-08-12T16:46:52.426+0000][6][safepoint    ] Safepoint "Cleanup", Time since last: 1000430786 ns, Reaching safepoint: 531920 ns, At safepoint: 40425 ns, Total: 572345 ns
[2020-08-12T16:46:53.427+0000][6][safepoint    ] Safepoint "Cleanup", Time since last: 1000369324 ns, Reaching safepoint: 971304 ns, At safepoint: 55587 ns, Total: 1026891 ns
[2020-08-12T16:46:54.432+0000][6][safepoint    ] Safepoint "Cleanup", Time since last: 1004323252 ns, Reaching safepoint: 405422 ns, At safepoint: 19212 ns, Total: 424634 ns
[2020-08-12T16:46:55.561+0000][6][safepoint    ] Safepoint "Cleanup", Time since last: 1127867767 ns, Reaching safepoint: 943942 ns, At safepoint: 44499 ns, Total: 988441 ns
[2020-08-12T16:46:56.562+0000][6][safepoint    ] Safepoint "Cleanup", Time since last: 1000394536 ns, Reaching safepoint: 818968 ns, At safepoint: 69412 ns, Total: 888380 ns
[2020-08-12T16:46:58.326+0000][6][safepoint    ] Safepoint "Cleanup", Time since last: 1763298374 ns, Reaching safepoint: 404409 ns, At safepoint: 133474 ns, Total: 537883 ns
[2020-08-12T16:46:59.560+0000][6][safepoint    ] Safepoint "Cleanup", Time since last: 1233172950 ns, Reaching safepoint: 1128978 ns, At safepoint: 67986 ns, Total: 1196964 ns
[2020-08-12T16:47:00.562+0000][6][safepoint    ] Safepoint "Cleanup", Time since last: 1001225529 ns, Reaching safepoint: 765893 ns, At safepoint: 45125 ns, Total: 811018 ns
[2020-08-12T16:47:01.563+0000][6][safepoint    ] Safepoint "Cleanup", Time since last: 1000350849 ns, Reaching safepoint: 669807 ns, At safepoint: 52312 ns, Total: 722119 ns
[2020-08-12T16:47:02.564+0000][6][safepoint    ] Safepoint "Cleanup", Time since last: 1000351049 ns, Reaching safepoint: 671532 ns, At safepoint: 52249 ns, Total: 723781 ns
[2020-08-12T16:47:03.565+0000][6][safepoint    ] Safepoint "Cleanup", Time since last: 1000321324 ns, Reaching safepoint: 447347 ns, At safepoint: 18387 ns, Total: 465734 ns
[2020-08-12T16:47:05.561+0000][6][safepoint    ] Safepoint "Cleanup", Time since last: 1994816461 ns, Reaching safepoint: 413009 ns, At safepoint: 54737 ns, Total: 467746 ns
[2020-08-12T16:47:06.562+0000][6][safepoint    ] Safepoint "Cleanup", Time since last: 1000378173 ns, Reaching safepoint: 574658 ns, At safepoint: 44574 ns, Total: 619232 ns
[2020-08-12T16:47:08.369+0000][6][safepoint    ] Safepoint "Cleanup", Time since last: 1806950599 ns, Reaching safepoint: 491434 ns, At safepoint: 23287 ns, Total: 514721 ns
[2020-08-12T16:47:09.370+0000][6][safepoint    ] Safepoint "Cleanup", Time since last: 1000254512 ns, Reaching safepoint: 810930 ns, At safepoint: 66012 ns, Total: 876942 ns
[2020-08-12T16:47:10.371+0000][6][safepoint    ] Safepoint "Cleanup", Time since last: 1000399024 ns, Reaching safepoint: 674357 ns, At safepoint: 44362 ns, Total: 718719 ns
[2020-08-12T16:47:11.372+0000][6][safepoint    ] Safepoint "Cleanup", Time since last: 1000347861 ns, Reaching safepoint: 736957 ns, At safepoint: 46474 ns, Total: 783431 ns
[2020-08-12T16:47:12.373+0000][6][safepoint    ] Safepoint "Cleanup", Time since last: 1000343799 ns, Reaching safepoint: 701319 ns, At safepoint: 52475 ns, Total: 753794 ns
[2020-08-12T16:47:13.375+0000][6][safepoint    ] Safepoint "Cleanup", Time since last: 1000350761 ns, Reaching safepoint: 938267 ns, At safepoint: 62100 ns, Total: 1000367 ns
[2020-08-12T16:47:14.376+0000][6][safepoint    ] Safepoint "Cleanup", Time since last: 1000402773 ns, Reaching safepoint: 850193 ns, At safepoint: 43924 ns, Total: 894117 ns
[2020-08-12T16:47:15.562+0000][6][safepoint    ] Safepoint "Cleanup", Time since last: 1185343448 ns, Reaching safepoint: 853906 ns, At safepoint: 44824 ns, Total: 898730 ns
[2020-08-12T16:47:16.564+0000][6][safepoint    ] Safepoint "Cleanup", Time since last: 1000345524 ns, Reaching safepoint: 1125665 ns, At safepoint: 143499 ns, Total: 1269164 ns
[2020-08-12T16:47:18.435+0000][6][safepoint    ] Safepoint "Cleanup", Time since last: 1870350680 ns, Reaching safepoint: 800230 ns, At safepoint: 44550 ns, Total: 844780 ns
[2020-08-12T16:47:19.436+0000][6][safepoint    ] Safepoint "Cleanup", Time since last: 1000335299 ns, Reaching safepoint: 724469 ns, At safepoint: 79737 ns, Total: 804206 ns
[2020-08-12T16:47:20.564+0000][6][safepoint    ] Safepoint "Cleanup", Time since last: 1127142785 ns, Reaching safepoint: 673769 ns, At safepoint: 74300 ns, Total: 748069 ns
[2020-08-12T16:47:21.747+0000][6][safepoint    ] Safepoint "Cleanup", Time since last: 1181586067 ns, Reaching safepoint: 1230827 ns, At safepoint: 46250 ns, Total: 1277077 ns
[2020-08-12T16:47:22.748+0000][6][safepoint    ] Safepoint "Cleanup", Time since last: 1000348161 ns, Reaching safepoint: 736844 ns, At safepoint: 53025 ns, Total: 789869 ns
[2020-08-12T16:47:23.749+0000][6][safepoint    ] Safepoint "Cleanup", Time since last: 1000299999 ns, Reaching safepoint: 451696 ns, At safepoint: 25487 ns, Total: 477183 ns
[2020-08-12T16:47:25.565+0000][6][safepoint    ] Safepoint "Cleanup", Time since last: 1815399239 ns, Reaching safepoint: 689269 ns, At safepoint: 46562 ns, Total: 735831 ns
[2020-08-12T16:47:26.566+0000][6][safepoint    ] Safepoint "Cleanup", Time since last: 1000317199 ns, Reaching safepoint: 616295 ns, At safepoint: 55225 ns, Total: 671520 ns
[2020-08-12T16:47:28.328+0000][6][safepoint    ] Safepoint "Cleanup", Time since last: 1761079617 ns, Reaching safepoint: 650820 ns, At safepoint: 174323 ns, Total: 825143 ns
[2020-08-12T16:47:29.582+0000][6][safepoint    ] Safepoint "Cleanup", Time since last: 1253646187 ns, Reaching safepoint: 647832 ns, At safepoint: 53887 ns, Total: 701719 ns
[2020-08-12T16:47:30.584+0000][6][safepoint    ] Safepoint "Cleanup", Time since last: 1000346799 ns, Reaching safepoint: 825180 ns, At safepoint: 44150 ns, Total: 869330 ns
[2020-08-12T16:47:31.585+0000][6][safepoint    ] Safepoint "Cleanup", Time since last: 1000346786 ns, Reaching safepoint: 769531 ns, At safepoint: 44237 ns, Total: 813768 ns
[2020-08-12T16:47:32.586+0000][6][safepoint    ] Safepoint "Cleanup", Time since last: 1000432336 ns, Reaching safepoint: 962466 ns, At safepoint: 71975 ns, Total: 1034441 ns
[2020-08-12T16:47:33.587+0000][6][safepoint    ] Safepoint "Cleanup", Time since last: 1000302775 ns, Reaching safepoint: 591482 ns, At safepoint: 18625 ns, Total: 610107 ns
[2020-08-12T16:47:35.562+0000][6][safepoint    ] Safepoint "Cleanup", Time since last: 1974076301 ns, Reaching safepoint: 405772 ns, At safepoint: 20537 ns, Total: 426309 ns
[2020-08-12T16:47:36.562+0000][6][safepoint    ] Safepoint "Cleanup", Time since last: 1000268375 ns, Reaching safepoint: 558770 ns, At safepoint: 30650 ns, Total: 589420 ns
[2020-08-12T16:47:38.445+0000][6][safepoint    ] Safepoint "Cleanup", Time since last: 1882100766 ns, Reaching safepoint: 250248 ns, At safepoint: 11162 ns, Total: 261410 ns
[2020-08-12T16:47:39.446+0000][6][safepoint    ] Safepoint "Cleanup", Time since last: 1000268487 ns, Reaching safepoint: 535921 ns, At safepoint: 25487 ns, Total: 561408 ns
[2020-08-12T16:47:40.565+0000][6][safepoint    ] Safepoint "Cleanup", Time since last: 1118806969 ns, Reaching safepoint: 748819 ns, At safepoint: 46737 ns, Total: 795556 ns
[2020-08-12T16:47:41.566+0000][6][safepoint    ] Safepoint "Cleanup", Time since last: 1000307537 ns, Reaching safepoint: 618894 ns, At safepoint: 55762 ns, Total: 674656 ns
[2020-08-12T16:47:42.567+0000][6][safepoint    ] Safepoint "Cleanup", Time since last: 1000339637 ns, Reaching safepoint: 623257 ns, At safepoint: 44562 ns, Total: 667819 ns
[2020-08-12T16:47:43.568+0000][6][safepoint    ] Safepoint "Cleanup", Time since last: 1000331962 ns, Reaching safepoint: 474433 ns, At safepoint: 45175 ns, Total: 519608 ns
[2020-08-12T16:47:45.565+0000][6][safepoint    ] Safepoint "Cleanup", Time since last: 1995673941 ns, Reaching safepoint: 664982 ns, At safepoint: 45574 ns, Total: 710556 ns
[2020-08-12T16:47:46.566+0000][6][safepoint    ] Safepoint "Cleanup", Time since last: 1000338512 ns, Reaching safepoint: 878255 ns, At safepoint: 44374 ns, Total: 922629 ns
[2020-08-12T16:47:48.480+0000][6][safepoint    ] Safepoint "Cleanup", Time since last: 1913401948 ns, Reaching safepoint: 532633 ns, At safepoint: 19124 ns, Total: 551757 ns
[2020-08-12T16:47:49.481+0000][6][safepoint    ] Safepoint "Cleanup", Time since last: 1000246838 ns, Reaching safepoint: 776893 ns, At safepoint: 44300 ns, Total: 821193 ns
[2020-08-12T16:47:50.482+0000][6][safepoint    ] Safepoint "Cleanup", Time since last: 1000399210 ns, Reaching safepoint: 932217 ns, At safepoint: 44537 ns, Total: 976754 ns
[2020-08-12T16:47:52.093+0000][6][safepoint    ] Safepoint "Cleanup", Time since last: 1610078652 ns, Reaching safepoint: 570258 ns, At safepoint: 97224 ns, Total: 667482 ns
[2020-08-12T16:47:53.094+0000][6][safepoint    ] Safepoint "Cleanup", Time since last: 1000338999 ns, Reaching safepoint: 719519 ns, At safepoint: 47174 ns, Total: 766693 ns
[2020-08-12T16:47:54.095+0000][6][safepoint    ] Safepoint "Cleanup", Time since last: 1000342624 ns, Reaching safepoint: 819243 ns, At safepoint: 58400 ns, Total: 877643 ns
[2020-08-12T16:47:55.567+0000][6][safepoint    ] Safepoint "Cleanup", Time since last: 1471539566 ns, Reaching safepoint: 552245 ns, At safepoint: 54462 ns, Total: 606707 ns
[2020-08-12T16:47:56.569+0000][6][safepoint    ] Safepoint "Cleanup", Time since last: 1000303737 ns, Reaching safepoint: 792731 ns, At safepoint: 42662 ns, Total: 835393 ns
[2020-08-12T16:47:58.342+0000][6][safepoint    ] Safepoint "Cleanup", Time since last: 1772567431 ns, Reaching safepoint: 1081004 ns, At safepoint: 55674 ns, Total: 1136678 ns
[2020-08-12T16:47:59.467+0000][6][safepoint    ] Safepoint "Cleanup", Time since last: 1124256923 ns, Reaching safepoint: 518808 ns, At safepoint: 25524 ns, Total: 544332 ns
[2020-08-12T16:48:00.567+0000][6][safepoint    ] Safepoint "Cleanup", Time since last: 1098963603 ns, Reaching safepoint: 603020 ns, At safepoint: 54249 ns, Total: 657269 ns
[2020-08-12T16:48:01.568+0000][6][safepoint    ] Safepoint "Cleanup", Time since last: 1000343949 ns, Reaching safepoint: 535508 ns, At safepoint: 43937 ns, Total: 579445 ns
[2020-08-12T16:48:02.569+0000][6][safepoint    ] Safepoint "Cleanup", Time since last: 1000409211 ns, Reaching safepoint: 597670 ns, At safepoint: 52699 ns, Total: 650369 ns
[2020-08-12T16:48:03.569+0000][6][safepoint    ] Safepoint "Cleanup", Time since last: 1000292375 ns, Reaching safepoint: 401884 ns, At safepoint: 16537 ns, Total: 418421 ns
[2020-08-12T16:48:05.568+0000][6][safepoint    ] Safepoint "Cleanup", Time since last: 1997926122 ns, Reaching safepoint: 691181 ns, At safepoint: 48075 ns, Total: 739256 ns
[2020-08-12T16:48:06.569+0000][6][safepoint    ] Safepoint "Cleanup", Time since last: 1000333987 ns, Reaching safepoint: 641482 ns, At safepoint: 53887 ns, Total: 695369 ns
[2020-08-12T16:48:07.429+0000][6][safepoint    ] Safepoint "BulkRevokeBias", Time since last: 858317518 ns, Reaching safepoint: 329060 ns, At safepoint: 1049341 ns, Total: 1378401 ns
[2020-08-12T16:48:08.437+0000][6][safepoint    ] Safepoint "Cleanup", Time since last: 1006955742 ns, Reaching safepoint: 1298651 ns, At safepoint: 63850 ns, Total: 1362501 ns
[2020-08-12T16:48:09.438+0000][6][safepoint    ] Safepoint "Cleanup", Time since last: 1000336361 ns, Reaching safepoint: 796218 ns, At safepoint: 45575 ns, Total: 841793 ns
[2020-08-12T16:48:10.439+0000][6][safepoint    ] Safepoint "Cleanup", Time since last: 1000318336 ns, Reaching safepoint: 692870 ns, At safepoint: 44149 ns, Total: 737019 ns
[2020-08-12T16:48:11.440+0000][6][safepoint    ] Safepoint "Cleanup", Time since last: 1000344324 ns, Reaching safepoint: 699269 ns, At safepoint: 45512 ns, Total: 744781 ns
[2020-08-12T16:48:12.442+0000][6][safepoint    ] Safepoint "Cleanup", Time since last: 1000342549 ns, Reaching safepoint: 912017 ns, At safepoint: 44175 ns, Total: 956192 ns
[2020-08-12T16:48:13.443+0000][6][safepoint    ] Safepoint "Cleanup", Time since last: 1000335774 ns, Reaching safepoint: 530308 ns, At safepoint: 18375 ns, Total: 548683 ns
[2020-08-12T16:48:14.444+0000][6][safepoint    ] Safepoint "Cleanup", Time since last: 1000242925 ns, Reaching safepoint: 855430 ns, At safepoint: 44149 ns, Total: 899579 ns
[2020-08-12T16:48:15.568+0000][6][safepoint    ] Safepoint "Cleanup", Time since last: 1123912801 ns, Reaching safepoint: 731544 ns, At safepoint: 53449 ns, Total: 784993 ns
[2020-08-12T16:48:16.571+0000][6][safepoint    ] Safepoint "Cleanup", Time since last: 1001576776 ns, Reaching safepoint: 828593 ns, At safepoint: 43962 ns, Total: 872555 ns
[2020-08-12T16:48:18.443+0000][6][safepoint    ] Safepoint "Cleanup", Time since last: 1871145798 ns, Reaching safepoint: 1024854 ns, At safepoint: 57637 ns, Total: 1082491 ns
[2020-08-12T16:48:19.444+0000][6][safepoint    ] Safepoint "Cleanup", Time since last: 1000305149 ns, Reaching safepoint: 466796 ns, At safepoint: 86324 ns, Total: 553120 ns
[2020-08-12T16:48:20.567+0000][6][safepoint    ] Safepoint "Cleanup", Time since last: 1122417588 ns, Reaching safepoint: 872018 ns, At safepoint: 58849 ns, Total: 930867 ns
[2020-08-12T16:48:21.568+0000][6][safepoint    ] Safepoint "Cleanup", Time since last: 1000534148 ns, Reaching safepoint: 538645 ns, At safepoint: 45287 ns, Total: 583932 ns
[2020-08-12T16:48:22.569+0000][6][safepoint    ] Safepoint "Cleanup", Time since last: 1000322462 ns, Reaching safepoint: 513383 ns, At safepoint: 44050 ns, Total: 557433 ns
[2020-08-12T16:48:23.570+0000][6][safepoint    ] Safepoint "Cleanup", Time since last: 1000316312 ns, Reaching safepoint: 498170 ns, At safepoint: 40137 ns, Total: 538307 ns
[2020-08-12T16:48:25.570+0000][6][safepoint    ] Safepoint "Cleanup", Time since last: 1999019399 ns, Reaching safepoint: 593769 ns, At safepoint: 44038 ns, Total: 637807 ns
[2020-08-12T16:48:26.571+0000][6][safepoint    ] Safepoint "Cleanup", Time since last: 1000388883 ns, Reaching safepoint: 828917 ns, At safepoint: 44063 ns, Total: 872980 ns
[2020-08-12T16:48:28.335+0000][6][safepoint    ] Safepoint "Cleanup", Time since last: 1763165341 ns, Reaching safepoint: 860117 ns, At safepoint: 55962 ns, Total: 916079 ns
[2020-08-12T16:48:28.609+0000][6][safepoint    ] Safepoint "BulkRevokeBias", Time since last: 268910432 ns, Reaching safepoint: 4117377 ns, At safepoint: 1074978 ns, Total: 5192355 ns
[2020-08-12T16:48:29.610+0000][6][safepoint    ] Safepoint "Cleanup", Time since last: 1000256547 ns, Reaching safepoint: 936379 ns, At safepoint: 43912 ns, Total: 980291 ns
[2020-08-12T16:48:30.612+0000][6][safepoint    ] Safepoint "Cleanup", Time since last: 1000349321 ns, Reaching safepoint: 829718 ns, At safepoint: 44450 ns, Total: 874168 ns
[2020-08-12T16:48:31.613+0000][6][safepoint    ] Safepoint "Cleanup", Time since last: 1000388845 ns, Reaching safepoint: 819218 ns, At safepoint: 48775 ns, Total: 867993 ns
[2020-08-12T16:48:32.614+0000][6][safepoint    ] Safepoint "Cleanup", Time since last: 1000350683 ns, Reaching safepoint: 853880 ns, At safepoint: 58737 ns, Total: 912617 ns
[2020-08-12T16:48:33.615+0000][6][safepoint    ] Safepoint "Cleanup", Time since last: 1000334558 ns, Reaching safepoint: 411822 ns, At safepoint: 17887 ns, Total: 429709 ns
[2020-08-12T16:48:35.570+0000][6][safepoint    ] Safepoint "Cleanup", Time since last: 1954739749 ns, Reaching safepoint: 615719 ns, At safepoint: 46562 ns, Total: 662281 ns
[2020-08-12T16:48:36.572+0000][6][safepoint    ] Safepoint "Cleanup", Time since last: 1000388821 ns, Reaching safepoint: 675781 ns, At safepoint: 53113 ns, Total: 728894 ns
[2020-08-12T16:48:38.416+0000][6][safepoint    ] Safepoint "Cleanup", Time since last: 1842979769 ns, Reaching safepoint: 1011766 ns, At safepoint: 53587 ns, Total: 1065353 ns
[2020-08-12T16:48:39.417+0000][6][safepoint    ] Safepoint "Cleanup", Time since last: 1000422695 ns, Reaching safepoint: 871406 ns, At safepoint: 93511 ns, Total: 964917 ns
[2020-08-12T16:48:40.571+0000][6][safepoint    ] Safepoint "Cleanup", Time since last: 1153327622 ns, Reaching safepoint: 705906 ns, At safepoint: 48375 ns, Total: 754281 ns
[2020-08-12T16:48:41.572+0000][6][safepoint    ] Safepoint "Cleanup", Time since last: 1000341733 ns, Reaching safepoint: 641432 ns, At safepoint: 46187 ns, Total: 687619 ns
[2020-08-12T16:48:42.573+0000][6][safepoint    ] Safepoint "Cleanup", Time since last: 1000344796 ns, Reaching safepoint: 674144 ns, At safepoint: 44599 ns, Total: 718743 ns
[2020-08-12T16:48:43.574+0000][6][safepoint    ] Safepoint "Cleanup", Time since last: 1000286372 ns, Reaching safepoint: 325609 ns, At safepoint: 16375 ns, Total: 341984 ns
[2020-08-12T16:48:44.575+0000][6][safepoint    ] Safepoint "Cleanup", Time since last: 1000183185 ns, Reaching safepoint: 663319 ns, At safepoint: 37975 ns, Total: 701294 ns
[2020-08-12T16:48:45.800+0000][6][safepoint    ] Safepoint "Cleanup", Time since last: 1224941695 ns, Reaching safepoint: 760181 ns, At safepoint: 40149 ns, Total: 800330 ns
[2020-08-12T16:48:46.802+0000][6][safepoint    ] Safepoint "Cleanup", Time since last: 1000282372 ns, Reaching safepoint: 830818 ns, At safepoint: 44312 ns, Total: 875130 ns
[2020-08-12T16:48:48.488+0000][6][safepoint    ] Safepoint "Cleanup", Time since last: 1685509644 ns, Reaching safepoint: 938167 ns, At safepoint: 62900 ns, Total: 1001067 ns
[2020-08-12T16:48:49.489+0000][6][safepoint    ] Safepoint "Cleanup", Time since last: 1000305733 ns, Reaching safepoint: 471521 ns, At safepoint: 24750 ns, Total: 496271 ns
[2020-08-12T16:48:50.490+0000][6][safepoint    ] Safepoint "Cleanup", Time since last: 1000335471 ns, Reaching safepoint: 871718 ns, At safepoint: 44687 ns, Total: 916405 ns
[2020-08-12T16:48:51.491+0000][6][safepoint    ] Safepoint "Cleanup", Time since last: 1000350195 ns, Reaching safepoint: 870968 ns, At safepoint: 43475 ns, Total: 914443 ns
[2020-08-12T16:48:52.493+0000][6][safepoint    ] Safepoint "Cleanup", Time since last: 1000355445 ns, Reaching safepoint: 809156 ns, At safepoint: 44587 ns, Total: 853743 ns
[2020-08-12T16:48:53.493+0000][6][safepoint    ] Safepoint "Cleanup", Time since last: 1000279146 ns, Reaching safepoint: 375047 ns, At safepoint: 13025 ns, Total: 388072 ns
[2020-08-12T16:48:54.494+0000][6][safepoint    ] Safepoint "Cleanup", Time since last: 1000217809 ns, Reaching safepoint: 797781 ns, At safepoint: 45825 ns, Total: 843606 ns
[2020-08-12T16:48:55.573+0000][6][safepoint    ] Safepoint "Cleanup", Time since last: 1078086341 ns, Reaching safepoint: 775319 ns, At safepoint: 61399 ns, Total: 836718 ns
[2020-08-12T16:48:56.574+0000][6][safepoint    ] Safepoint "Cleanup", Time since last: 1000335721 ns, Reaching safepoint: 552408 ns, At safepoint: 60774 ns, Total: 613182 ns
[2020-08-12T16:48:58.425+0000][6][safepoint    ] Safepoint "Cleanup", Time since last: 1850194820 ns, Reaching safepoint: 856180 ns, At safepoint: 44575 ns, Total: 900755 ns
[2020-08-12T16:48:58.609+0000][6][safepoint    ] Safepoint "BulkRevokeBias", Time since last: 178726605 ns, Reaching safepoint: 991129 ns, At safepoint: 3956803 ns, Total: 4947932 ns
[2020-08-12T16:48:59.575+0000][6][safepoint    ] Safepoint "BulkRevokeBias", Time since last: 962379372 ns, Reaching safepoint: 840505 ns, At safepoint: 2479041 ns, Total: 3319546 ns
[2020-08-12T16:49:00.576+0000][6][safepoint    ] Safepoint "Cleanup", Time since last: 1000975516 ns, Reaching safepoint: 833680 ns, At safepoint: 44262 ns, Total: 877942 ns
[2020-08-12T16:49:01.578+0000][6][safepoint    ] Safepoint "Cleanup", Time since last: 1000351846 ns, Reaching safepoint: 855680 ns, At safepoint: 43863 ns, Total: 899543 ns
[2020-08-12T16:49:02.579+0000][6][safepoint    ] Safepoint "Cleanup", Time since last: 1000389532 ns, Reaching safepoint: 882518 ns, At safepoint: 46487 ns, Total: 929005 ns
[2020-08-12T16:49:03.581+0000][6][safepoint    ] Safepoint "Cleanup", Time since last: 1000944203 ns, Reaching safepoint: 793380 ns, At safepoint: 45062 ns, Total: 838442 ns
[2020-08-12T16:49:05.575+0000][6][safepoint    ] Safepoint "Cleanup", Time since last: 1992966708 ns, Reaching safepoint: 829968 ns, At safepoint: 43925 ns, Total: 873893 ns
[2020-08-12T16:49:06.576+0000][6][safepoint    ] Safepoint "Cleanup", Time since last: 1000383058 ns, Reaching safepoint: 926204 ns, At safepoint: 47450 ns, Total: 973654 ns
[2020-08-12T16:49:08.524+0000][6][safepoint    ] Safepoint "Cleanup", Time since last: 1946800954 ns, Reaching safepoint: 1146690 ns, At safepoint: 67862 ns, Total: 1214552 ns
[2020-08-12T16:49:09.525+0000][6][safepoint    ] Safepoint "Cleanup", Time since last: 1000313396 ns, Reaching safepoint: 634370 ns, At safepoint: 28112 ns, Total: 662482 ns
[2020-08-12T16:49:10.526+0000][6][safepoint    ] Safepoint "Cleanup", Time since last: 1000269946 ns, Reaching safepoint: 717144 ns, At safepoint: 54862 ns, Total: 772006 ns
[2020-08-12T16:49:12.006+0000][6][safepoint    ] Safepoint "Cleanup", Time since last: 1479282426 ns, Reaching safepoint: 637782 ns, At safepoint: 53825 ns, Total: 691607 ns
[2020-08-12T16:49:13.007+0000][6][safepoint    ] Safepoint "Cleanup", Time since last: 1000349845 ns, Reaching safepoint: 680082 ns, At safepoint: 44275 ns, Total: 724357 ns
[2020-08-12T16:49:14.008+0000][6][safepoint    ] Safepoint "Cleanup", Time since last: 1000345546 ns, Reaching safepoint: 666869 ns, At safepoint: 44450 ns, Total: 711319 ns
[2020-08-12T16:49:15.576+0000][6][safepoint    ] Safepoint "Cleanup", Time since last: 1566791538 ns, Reaching safepoint: 632769 ns, At safepoint: 34100 ns, Total: 666869 ns
[2020-08-12T16:49:16.577+0000][6][safepoint    ] Safepoint "Cleanup", Time since last: 1000304758 ns, Reaching safepoint: 772394 ns, At safepoint: 43599 ns, Total: 815993 ns
[2020-08-12T16:49:18.370+0000][6][safepoint    ] Safepoint "Cleanup", Time since last: 1792488440 ns, Reaching safepoint: 855380 ns, At safepoint: 22975 ns, Total: 878355 ns
[2020-08-12T16:49:19.371+0000][6][safepoint    ] Safepoint "Cleanup", Time since last: 1000202447 ns, Reaching safepoint: 457721 ns, At safepoint: 23825 ns, Total: 481546 ns
[2020-08-12T16:49:20.575+0000][6][safepoint    ] Safepoint "Cleanup", Time since last: 1204028924 ns, Reaching safepoint: 429921 ns, At safepoint: 19412 ns, Total: 449333 ns
[2020-08-12T16:49:21.576+0000][6][safepoint    ] Safepoint "Cleanup", Time since last: 1000207622 ns, Reaching safepoint: 496996 ns, At safepoint: 23875 ns, Total: 520871 ns
[2020-08-12T16:49:22.577+0000][6][safepoint    ] Safepoint "Cleanup", Time since last: 1000265522 ns, Reaching safepoint: 678494 ns, At safepoint: 56387 ns, Total: 734881 ns
[2020-08-12T16:49:23.578+0000][6][safepoint    ] Safepoint "Cleanup", Time since last: 1000284033 ns, Reaching safepoint: 251398 ns, At safepoint: 11225 ns, Total: 262623 ns
[2020-08-12T16:49:25.577+0000][6][safepoint    ] Safepoint "Cleanup", Time since last: 1998769821 ns, Reaching safepoint: 914392 ns, At safepoint: 44424 ns, Total: 958816 ns
[2020-08-12T16:49:26.578+0000][6][safepoint    ] Safepoint "Cleanup", Time since last: 1000354659 ns, Reaching safepoint: 641832 ns, At safepoint: 44150 ns, Total: 685982 ns
[2020-08-12T16:49:28.341+0000][6][safepoint    ] Safepoint "Cleanup", Time since last: 1761854527 ns, Reaching safepoint: 946467 ns, At safepoint: 55987 ns, Total: 1002454 ns
[2020-08-12T16:49:29.652+0000][6][safepoint    ] Safepoint "Cleanup", Time since last: 1309808242 ns, Reaching safepoint: 985741 ns, At safepoint: 58050 ns, Total: 1043791 ns
[2020-08-12T16:49:30.653+0000][6][safepoint    ] Safepoint "Cleanup", Time since last: 1000349346 ns, Reaching safepoint: 885179 ns, At safepoint: 78425 ns, Total: 963604 ns
[2020-08-12T16:49:31.654+0000][6][safepoint    ] Safepoint "Cleanup", Time since last: 1000338383 ns, Reaching safepoint: 676819 ns, At safepoint: 44150 ns, Total: 720969 ns
[2020-08-12T16:49:32.655+0000][6][safepoint    ] Safepoint "Cleanup", Time since last: 1000350683 ns, Reaching safepoint: 593132 ns, At safepoint: 39613 ns, Total: 632745 ns
[2020-08-12T16:49:33.656+0000][6][safepoint    ] Safepoint "Cleanup", Time since last: 1000277171 ns, Reaching safepoint: 341485 ns, At safepoint: 20399 ns, Total: 361884 ns
[2020-08-12T16:49:35.578+0000][6][safepoint    ] Safepoint "Cleanup", Time since last: 1920875652 ns, Reaching safepoint: 658119 ns, At safepoint: 43725 ns, Total: 701844 ns
[2020-08-12T16:49:36.579+0000][6][safepoint    ] Safepoint "Cleanup", Time since last: 1000364958 ns, Reaching safepoint: 813055 ns, At safepoint: 44562 ns, Total: 857617 ns
[2020-08-12T16:49:38.428+0000][6][safepoint    ] Safepoint "Cleanup", Time since last: 1848665708 ns, Reaching safepoint: 664919 ns, At safepoint: 22575 ns, Total: 687494 ns
[2020-08-12T16:49:39.429+0000][6][safepoint    ] Safepoint "Cleanup", Time since last: 1000244272 ns, Reaching safepoint: 888130 ns, At safepoint: 57349 ns, Total: 945479 ns
[2020-08-12T16:49:40.578+0000][6][safepoint    ] Safepoint "Cleanup", Time since last: 1148076754 ns, Reaching safepoint: 648845 ns, At safepoint: 44299 ns, Total: 693144 ns
[2020-08-12T16:49:41.579+0000][6][safepoint    ] Safepoint "Cleanup", Time since last: 1000299222 ns, Reaching safepoint: 401934 ns, At safepoint: 100474 ns, Total: 502408 ns
[2020-08-12T16:49:42.580+0000][6][safepoint    ] Safepoint "Cleanup", Time since last: 1000273721 ns, Reaching safepoint: 594220 ns, At safepoint: 43775 ns, Total: 637995 ns
[2020-08-12T16:49:43.581+0000][6][safepoint    ] Safepoint "Cleanup", Time since last: 1000373933 ns, Reaching safepoint: 446683 ns, At safepoint: 14700 ns, Total: 461383 ns
[2020-08-12T16:49:45.578+0000][6][safepoint    ] Safepoint "Cleanup", Time since last: 1996847675 ns, Reaching safepoint: 669469 ns, At safepoint: 44925 ns, Total: 714394 ns
[2020-08-12T16:49:46.579+0000][6][safepoint    ] Safepoint "Cleanup", Time since last: 1000341646 ns, Reaching safepoint: 634094 ns, At safepoint: 44512 ns, Total: 678606 ns
[2020-08-12T16:49:48.416+0000][6][safepoint    ] Safepoint "Cleanup", Time since last: 1836447400 ns, Reaching safepoint: 654520 ns, At safepoint: 31537 ns, Total: 686057 ns
[2020-08-12T16:49:49.417+0000][6][safepoint    ] Safepoint "Cleanup", Time since last: 1000279522 ns, Reaching safepoint: 665206 ns, At safepoint: 44687 ns, Total: 709893 ns
[2020-08-12T16:49:50.418+0000][6][safepoint    ] Safepoint "Cleanup", Time since last: 1000353409 ns, Reaching safepoint: 629119 ns, At safepoint: 44450 ns, Total: 673569 ns
[2020-08-12T16:49:51.419+0000][6][safepoint    ] Safepoint "Cleanup", Time since last: 1000333946 ns, Reaching safepoint: 570895 ns, At safepoint: 38087 ns, Total: 608982 ns
[2020-08-12T16:49:52.420+0000][6][safepoint    ] Safepoint "Cleanup", Time since last: 1000323971 ns, Reaching safepoint: 477558 ns, At safepoint: 62712 ns, Total: 540270 ns
[2020-08-12T16:49:53.422+0000][6][safepoint    ] Safepoint "Cleanup", Time since last: 1000288197 ns, Reaching safepoint: 1143065 ns, At safepoint: 67462 ns, Total: 1210527 ns
[2020-08-12T16:49:54.423+0000][6][safepoint    ] Safepoint "Cleanup", Time since last: 1000405195 ns, Reaching safepoint: 861155 ns, At safepoint: 69250 ns, Total: 930405 ns
[2020-08-12T16:49:55.578+0000][6][safepoint    ] Safepoint "Cleanup", Time since last: 1154625810 ns, Reaching safepoint: 610732 ns, At safepoint: 55687 ns, Total: 666419 ns
[2020-08-12T16:49:56.579+0000][6][safepoint    ] Safepoint "Cleanup", Time since last: 1000415370 ns, Reaching safepoint: 656582 ns, At safepoint: 53612 ns, Total: 710194 ns
[2020-08-12T16:49:58.382+0000][6][safepoint    ] Safepoint "Cleanup", Time since last: 1802015158 ns, Reaching safepoint: 732144 ns, At safepoint: 76624 ns, Total: 808768 ns
[2020-08-12T16:49:59.568+0000][6][safepoint    ] Safepoint "Cleanup", Time since last: 1184630066 ns, Reaching safepoint: 855517 ns, At safepoint: 44363 ns, Total: 899880 ns
[2020-08-12T16:50:00.581+0000][6][safepoint    ] Safepoint "Cleanup", Time since last: 1012398154 ns, Reaching safepoint: 786894 ns, At safepoint: 44499 ns, Total: 831393 ns
[2020-08-12T16:50:01.582+0000][6][safepoint    ] Safepoint "Cleanup", Time since last: 1000346196 ns, Reaching safepoint: 781831 ns, At safepoint: 59375 ns, Total: 841206 ns
[2020-08-12T16:50:02.583+0000][6][safepoint    ] Safepoint "Cleanup", Time since last: 1000335183 ns, Reaching safepoint: 740556 ns, At safepoint: 38112 ns, Total: 778668 ns
[2020-08-12T16:50:03.585+0000][6][safepoint    ] Safepoint "Cleanup", Time since last: 1000311859 ns, Reaching safepoint: 1096790 ns, At safepoint: 64137 ns, Total: 1160927 ns
[2020-08-12T16:50:05.579+0000][6][safepoint    ] Safepoint "Cleanup", Time since last: 1993532416 ns, Reaching safepoint: 803543 ns, At safepoint: 46300 ns, Total: 849843 ns
[2020-08-12T16:50:06.580+0000][6][safepoint    ] Safepoint "Cleanup", Time since last: 1000351345 ns, Reaching safepoint: 536996 ns, At safepoint: 44624 ns, Total: 581620 ns
[2020-08-12T16:50:08.489+0000][6][safepoint    ] Safepoint "Cleanup", Time since last: 1905953779 ns, Reaching safepoint: 3207823 ns, At safepoint: 27437 ns, Total: 3235260 ns
[2020-08-12T16:50:09.490+0000][6][safepoint    ] Safepoint "Cleanup", Time since last: 1000198472 ns, Reaching safepoint: 507396 ns, At safepoint: 18212 ns, Total: 525608 ns
[2020-08-12T16:50:10.491+0000][6][safepoint    ] Safepoint "Cleanup", Time since last: 1000198835 ns, Reaching safepoint: 407534 ns, At safepoint: 19263 ns, Total: 426797 ns
[2020-08-12T16:50:11.492+0000][6][safepoint    ] Safepoint "Cleanup", Time since last: 1000194546 ns, Reaching safepoint: 638482 ns, At safepoint: 26200 ns, Total: 664682 ns
[2020-08-12T16:50:12.493+0000][6][safepoint    ] Safepoint "Cleanup", Time since last: 1000256947 ns, Reaching safepoint: 901704 ns, At safepoint: 43362 ns, Total: 945066 ns
[2020-08-12T16:50:13.494+0000][6][safepoint    ] Safepoint "Cleanup", Time since last: 1000400271 ns, Reaching safepoint: 917579 ns, At safepoint: 35875 ns, Total: 953454 ns
[2020-08-12T16:50:14.495+0000][6][safepoint    ] Safepoint "Cleanup", Time since last: 1000259972 ns, Reaching safepoint: 459771 ns, At safepoint: 102636 ns, Total: 562407 ns
[2020-08-12T16:50:15.581+0000][6][safepoint    ] Safepoint "Cleanup", Time since last: 1085620190 ns, Reaching safepoint: 692956 ns, At safepoint: 55312 ns, Total: 748268 ns
[2020-08-12T16:50:17.202+0000][6][safepoint    ] Safepoint "Cleanup", Time since last: 1620117131 ns, Reaching safepoint: 924617 ns, At safepoint: 42962 ns, Total: 967579 ns
[2020-08-12T16:50:18.417+0000][6][safepoint    ] Safepoint "Cleanup", Time since last: 1213750678 ns, Reaching safepoint: 486109 ns, At safepoint: 18774 ns, Total: 504883 ns
[2020-08-12T16:50:18.649+0000][6][gc,start     ] GC(43) Pause Young (Normal) (G1 Evacuation Pause)
[2020-08-12T16:50:18.649+0000][6][gc,task      ] GC(43) Using 2 workers of 2 for evacuation
[2020-08-12T16:50:18.649+0000][6][gc,age       ] GC(43) Desired survivor size 40370176 bytes, new threshold 15 (max threshold 15)
[2020-08-12T16:50:18.667+0000][6][gc,age       ] GC(43) Age table with threshold 15 (max threshold 15)
[2020-08-12T16:50:18.667+0000][6][gc,age       ] GC(43) - age   1:     619992 bytes,     619992 total
[2020-08-12T16:50:18.667+0000][6][gc,age       ] GC(43) - age   2:     295768 bytes,     915760 total
[2020-08-12T16:50:18.668+0000][6][gc,age       ] GC(43) - age   3:     145376 bytes,    1061136 total
[2020-08-12T16:50:18.668+0000][6][gc,age       ] GC(43) - age   4:      96000 bytes,    1157136 total
[2020-08-12T16:50:18.668+0000][6][gc,age       ] GC(43) - age   5:      28680 bytes,    1185816 total
[2020-08-12T16:50:18.668+0000][6][gc,age       ] GC(43) - age   6:      31088 bytes,    1216904 total
[2020-08-12T16:50:18.668+0000][6][gc,age       ] GC(43) - age   7:     202432 bytes,    1419336 total
[2020-08-12T16:50:18.668+0000][6][gc,age       ] GC(43) - age   8:      47296 bytes,    1466632 total
[2020-08-12T16:50:18.668+0000][6][gc,age       ] GC(43) - age   9:      77488 bytes,    1544120 total
[2020-08-12T16:50:18.668+0000][6][gc,age       ] GC(43) - age  10:      34792 bytes,    1578912 total
[2020-08-12T16:50:18.668+0000][6][gc,age       ] GC(43) - age  11:      81440 bytes,    1660352 total
[2020-08-12T16:50:18.668+0000][6][gc,age       ] GC(43) - age  12:     114200 bytes,    1774552 total
[2020-08-12T16:50:18.668+0000][6][gc,age       ] GC(43) - age  13:      37232 bytes,    1811784 total
[2020-08-12T16:50:18.668+0000][6][gc,age       ] GC(43) - age  14:      46144 bytes,    1857928 total
[2020-08-12T16:50:18.668+0000][6][gc,age       ] GC(43) - age  15:      32912 bytes,    1890840 total
[2020-08-12T16:50:18.668+0000][6][gc,phases    ] GC(43)   Pre Evacuate Collection Set: 0.5ms
[2020-08-12T16:50:18.668+0000][6][gc,phases    ] GC(43)   Merge Heap Roots: 0.4ms
[2020-08-12T16:50:18.668+0000][6][gc,phases    ] GC(43)   Evacuate Collection Set: 11.9ms
[2020-08-12T16:50:18.668+0000][6][gc,phases    ] GC(43)   Post Evacuate Collection Set: 4.8ms
[2020-08-12T16:50:18.668+0000][6][gc,phases    ] GC(43)   Other: 1.5ms
[2020-08-12T16:50:18.669+0000][6][gc,heap      ] GC(43) Eden regions: 612->0(612)
[2020-08-12T16:50:18.669+0000][6][gc,heap      ] GC(43) Survivor regions: 2->2(77)
[2020-08-12T16:50:18.669+0000][6][gc,heap      ] GC(43) Old regions: 78->78
[2020-08-12T16:50:18.669+0000][6][gc,heap      ] GC(43) Archive regions: 2->2
[2020-08-12T16:50:18.669+0000][6][gc,heap      ] GC(43) Humongous regions: 7->7
[2020-08-12T16:50:18.669+0000][6][gc,metaspace ] GC(43) Metaspace: 97740K(105528K)->97740K(105528K) NonClass: 85206K(89912K)->85206K(89912K) Class: 12534K(15616K)->12534K(15616K)
[2020-08-12T16:50:18.669+0000][6][gc           ] GC(43) Pause Young (Normal) (G1 Evacuation Pause) 698M->86M(1024M) 19.610ms
[2020-08-12T16:50:18.669+0000][6][gc,cpu       ] GC(43) User=0.03s Sys=0.00s Real=0.02s
[2020-08-12T16:50:18.669+0000][6][safepoint    ] Safepoint "G1CollectForAllocation", Time since last: 232014011 ns, Reaching safepoint: 464771 ns, At safepoint: 19942954 ns, Total: 20407725 ns
[2020-08-12T16:50:20.582+0000][6][safepoint    ] Safepoint "Cleanup", Time since last: 1912542747 ns, Reaching safepoint: 712807 ns, At safepoint: 44262 ns, Total: 757069 ns
[2020-08-12T16:50:21.583+0000][6][safepoint    ] Safepoint "Cleanup", Time since last: 1000301208 ns, Reaching safepoint: 451159 ns, At safepoint: 25775 ns, Total: 476934 ns
[2020-08-12T16:50:22.584+0000][6][safepoint    ] Safepoint "Cleanup", Time since last: 1000269209 ns, Reaching safepoint: 781468 ns, At safepoint: 55000 ns, Total: 836468 ns
[2020-08-12T16:50:23.585+0000][6][safepoint    ] Safepoint "Cleanup", Time since last: 1000283646 ns, Reaching safepoint: 368172 ns, At safepoint: 12550 ns, Total: 380722 ns
[2020-08-12T16:50:24.585+0000][6][safepoint    ] Safepoint "BulkRevokeBias", Time since last: 996253918 ns, Reaching safepoint: 956429 ns, At safepoint: 2607916 ns, Total: 3564345 ns
[2020-08-12T16:50:25.586+0000][6][safepoint    ] Safepoint "Cleanup", Time since last: 1000465119 ns, Reaching safepoint: 612545 ns, At safepoint: 44475 ns, Total: 657020 ns
[2020-08-12T16:50:26.587+0000][6][safepoint    ] Safepoint "Cleanup", Time since last: 1000449182 ns, Reaching safepoint: 554433 ns, At safepoint: 141424 ns, Total: 695857 ns
[2020-08-12T16:50:28.385+0000][6][safepoint    ] Safepoint "Cleanup", Time since last: 1797256848 ns, Reaching safepoint: 720307 ns, At safepoint: 57624 ns, Total: 777931 ns
[2020-08-12T16:50:29.689+0000][6][safepoint    ] Safepoint "Cleanup", Time since last: 1302817952 ns, Reaching safepoint: 812406 ns, At safepoint: 57724 ns, Total: 870130 ns
[2020-08-12T16:50:30.690+0000][6][safepoint    ] Safepoint "Cleanup", Time since last: 1000431845 ns, Reaching safepoint: 599407 ns, At safepoint: 45013 ns, Total: 644420 ns
[2020-08-12T16:50:31.691+0000][6][safepoint    ] Safepoint "Cleanup", Time since last: 1000394370 ns, Reaching safepoint: 571233 ns, At safepoint: 43637 ns, Total: 614870 ns
[2020-08-12T16:50:32.692+0000][6][safepoint    ] Safepoint "Cleanup", Time since last: 1000385808 ns, Reaching safepoint: 577457 ns, At safepoint: 43962 ns, Total: 621419 ns
[2020-08-12T16:50:33.693+0000][6][safepoint    ] Safepoint "Cleanup", Time since last: 1000370283 ns, Reaching safepoint: 780294 ns, At safepoint: 19300 ns, Total: 799594 ns
[2020-08-12T16:50:35.584+0000][6][safepoint    ] Safepoint "Cleanup", Time since last: 1889637482 ns, Reaching safepoint: 827505 ns, At safepoint: 55999 ns, Total: 883504 ns
[2020-08-12T16:50:36.584+0000][6][safepoint    ] Safepoint "Cleanup", Time since last: 1000298522 ns, Reaching safepoint: 514195 ns, At safepoint: 22313 ns, Total: 536508 ns
[2020-08-12T16:50:38.388+0000][6][safepoint    ] Safepoint "Cleanup", Time since last: 1803409395 ns, Reaching safepoint: 637882 ns, At safepoint: 25550 ns, Total: 663432 ns
[2020-08-12T16:50:39.389+0000][6][safepoint    ] Safepoint "Cleanup", Time since last: 1000217085 ns, Reaching safepoint: 501470 ns, At safepoint: 23425 ns, Total: 524895 ns
[2020-08-12T16:50:40.584+0000][6][safepoint    ] Safepoint "Cleanup", Time since last: 1194574218 ns, Reaching safepoint: 626494 ns, At safepoint: 45100 ns, Total: 671594 ns
[2020-08-12T16:50:41.586+0000][6][safepoint    ] Safepoint "Cleanup", Time since last: 1000344296 ns, Reaching safepoint: 970354 ns, At safepoint: 44662 ns, Total: 1015016 ns
[2020-08-12T16:50:42.587+0000][6][safepoint    ] Safepoint "Cleanup", Time since last: 1000403520 ns, Reaching safepoint: 868980 ns, At safepoint: 73525 ns, Total: 942505 ns
[2020-08-12T16:50:43.588+0000][6][safepoint    ] Safepoint "Cleanup", Time since last: 1000341058 ns, Reaching safepoint: 658644 ns, At safepoint: 45000 ns, Total: 703644 ns
[2020-08-12T16:50:45.582+0000][6][safepoint    ] Safepoint "Cleanup", Time since last: 1993154931 ns, Reaching safepoint: 684582 ns, At safepoint: 55012 ns, Total: 739594 ns
[2020-08-12T16:50:46.583+0000][6][safepoint    ] Safepoint "Cleanup", Time since last: 1000328458 ns, Reaching safepoint: 770556 ns, At safepoint: 60600 ns, Total: 831156 ns
[2020-08-12T16:50:48.410+0000][6][safepoint    ] Safepoint "Cleanup", Time since last: 1825588893 ns, Reaching safepoint: 712644 ns, At safepoint: 47050 ns, Total: 759694 ns
[2020-08-12T16:50:49.697+0000][6][safepoint    ] Safepoint "Cleanup", Time since last: 1286391842 ns, Reaching safepoint: 671482 ns, At safepoint: 44450 ns, Total: 715932 ns
[2020-08-12T16:50:50.698+0000][6][safepoint    ] Safepoint "Cleanup", Time since last: 1000334633 ns, Reaching safepoint: 781831 ns, At safepoint: 44199 ns, Total: 826030 ns
[2020-08-12T16:50:51.699+0000][6][safepoint    ] Safepoint "Cleanup", Time since last: 1000415821 ns, Reaching safepoint: 833192 ns, At safepoint: 66575 ns, Total: 899767 ns
[2020-08-12T16:50:52.700+0000][6][safepoint    ] Safepoint "Cleanup", Time since last: 1000350183 ns, Reaching safepoint: 697457 ns, At safepoint: 54612 ns, Total: 752069 ns
[2020-08-12T16:50:54.412+0000][6][safepoint    ] Safepoint "Cleanup", Time since last: 1710996738 ns, Reaching safepoint: 616820 ns, At safepoint: 105574 ns, Total: 722394 ns
[2020-08-12T16:50:55.587+0000][6][safepoint    ] Safepoint "Cleanup", Time since last: 1173847733 ns, Reaching safepoint: 662632 ns, At safepoint: 45124 ns, Total: 707756 ns
[2020-08-12T16:50:56.588+0000][6][safepoint    ] Safepoint "Cleanup", Time since last: 1000414321 ns, Reaching safepoint: 608532 ns, At safepoint: 52637 ns, Total: 661169 ns
[2020-08-12T16:50:58.378+0000][6][safepoint    ] Safepoint "Cleanup", Time since last: 1790137910 ns, Reaching safepoint: 632307 ns, At safepoint: 30050 ns, Total: 662357 ns
[2020-08-12T16:50:59.586+0000][6][safepoint    ] Safepoint "Cleanup", Time since last: 1206288942 ns, Reaching safepoint: 971679 ns, At safepoint: 42974 ns, Total: 1014653 ns
[2020-08-12T16:51:00.592+0000][6][safepoint    ] Safepoint "Cleanup", Time since last: 1005633651 ns, Reaching safepoint: 821968 ns, At safepoint: 44212 ns, Total: 866180 ns
[2020-08-12T16:51:01.593+0000][6][safepoint    ] Safepoint "Cleanup", Time since last: 1000348346 ns, Reaching safepoint: 812206 ns, At safepoint: 43574 ns, Total: 855780 ns
[2020-08-12T16:51:02.595+0000][6][safepoint    ] Safepoint "Cleanup", Time since last: 1000349208 ns, Reaching safepoint: 839655 ns, At safepoint: 44750 ns, Total: 884405 ns
[2020-08-12T16:51:03.596+0000][6][safepoint    ] Safepoint "Cleanup", Time since last: 1000353346 ns, Reaching safepoint: 746106 ns, At safepoint: 44037 ns, Total: 790143 ns
[2020-08-12T16:51:05.586+0000][6][safepoint    ] Safepoint "Cleanup", Time since last: 1989945896 ns, Reaching safepoint: 626695 ns, At safepoint: 44262 ns, Total: 670957 ns
[2020-08-12T16:51:06.587+0000][6][safepoint    ] Safepoint "Cleanup", Time since last: 1000343783 ns, Reaching safepoint: 639357 ns, At safepoint: 44625 ns, Total: 683982 ns
[2020-08-12T16:51:08.473+0000][6][safepoint    ] Safepoint "Cleanup", Time since last: 1885258182 ns, Reaching safepoint: 502008 ns, At safepoint: 19400 ns, Total: 521408 ns
[2020-08-12T16:51:09.474+0000][6][safepoint    ] Safepoint "Cleanup", Time since last: 1000224159 ns, Reaching safepoint: 509321 ns, At safepoint: 31624 ns, Total: 540945 ns
[2020-08-12T16:51:10.475+0000][6][safepoint    ] Safepoint "Cleanup", Time since last: 1000299122 ns, Reaching safepoint: 852892 ns, At safepoint: 46225 ns, Total: 899117 ns
[2020-08-12T16:51:11.476+0000][6][safepoint    ] Safepoint "Cleanup", Time since last: 1000317209 ns, Reaching safepoint: 701544 ns, At safepoint: 58862 ns, Total: 760406 ns
[2020-08-12T16:51:12.477+0000][6][safepoint    ] Safepoint "Cleanup", Time since last: 1000313646 ns, Reaching safepoint: 405884 ns, At safepoint: 31312 ns, Total: 437196 ns
[2020-08-12T16:51:13.478+0000][6][safepoint    ] Safepoint "Cleanup", Time since last: 1000296909 ns, Reaching safepoint: 926917 ns, At safepoint: 44599 ns, Total: 971516 ns
[2020-08-12T16:51:14.480+0000][6][safepoint    ] Safepoint "Cleanup", Time since last: 1000340371 ns, Reaching safepoint: 860418 ns, At safepoint: 44387 ns, Total: 904805 ns
[2020-08-12T16:51:15.587+0000][6][safepoint    ] Safepoint "Cleanup", Time since last: 1106938394 ns, Reaching safepoint: 692569 ns, At safepoint: 44262 ns, Total: 736831 ns
[2020-08-12T16:51:16.588+0000][6][safepoint    ] Safepoint "Cleanup", Time since last: 1000382883 ns, Reaching safepoint: 637120 ns, At safepoint: 46349 ns, Total: 683469 ns
[2020-08-12T16:51:18.446+0000][6][safepoint    ] Safepoint "Cleanup", Time since last: 1857169110 ns, Reaching safepoint: 664407 ns, At safepoint: 57962 ns, Total: 722369 ns
[2020-08-12T16:51:19.447+0000][6][safepoint    ] Safepoint "Cleanup", Time since last: 1000269747 ns, Reaching safepoint: 666582 ns, At safepoint: 53524 ns, Total: 720106 ns
[2020-08-12T16:51:20.588+0000][6][safepoint    ] Safepoint "Cleanup", Time since last: 1140227446 ns, Reaching safepoint: 680857 ns, At safepoint: 45362 ns, Total: 726219 ns
[2020-08-12T16:51:21.589+0000][6][safepoint    ] Safepoint "Cleanup", Time since last: 1000342996 ns, Reaching safepoint: 746331 ns, At safepoint: 45024 ns, Total: 791355 ns
[2020-08-12T16:51:22.590+0000][6][safepoint    ] Safepoint "Cleanup", Time since last: 1000342821 ns, Reaching safepoint: 738244 ns, At safepoint: 47475 ns, Total: 785719 ns
[2020-08-12T16:51:24.586+0000][6][safepoint    ] Safepoint "Cleanup", Time since last: 1995324025 ns, Reaching safepoint: 597944 ns, At safepoint: 38213 ns, Total: 636157 ns
[2020-08-12T16:51:25.590+0000][6][safepoint    ] Safepoint "Cleanup", Time since last: 1003302370 ns, Reaching safepoint: 663544 ns, At safepoint: 51487 ns, Total: 715031 ns
[2020-08-12T16:51:26.592+0000][6][safepoint    ] Safepoint "Cleanup", Time since last: 1000363196 ns, Reaching safepoint: 894355 ns, At safepoint: 44912 ns, Total: 939267 ns
[2020-08-12T16:51:28.399+0000][6][safepoint    ] Safepoint "Cleanup", Time since last: 1806784805 ns, Reaching safepoint: 618419 ns, At safepoint: 28988 ns, Total: 647407 ns
[2020-08-12T16:51:29.584+0000][6][safepoint    ] Safepoint "Cleanup", Time since last: 1183869059 ns, Reaching safepoint: 812893 ns, At safepoint: 43762 ns, Total: 856655 ns
[2020-08-12T16:51:30.586+0000][6][safepoint    ] Safepoint "Cleanup", Time since last: 1001893658 ns, Reaching safepoint: 667219 ns, At safepoint: 44325 ns, Total: 711544 ns
[2020-08-12T16:51:31.587+0000][6][safepoint    ] Safepoint "Cleanup", Time since last: 1000334296 ns, Reaching safepoint: 566745 ns, At safepoint: 45737 ns, Total: 612482 ns
[2020-08-12T16:51:32.588+0000][6][safepoint    ] Safepoint "Cleanup", Time since last: 1000343458 ns, Reaching safepoint: 680132 ns, At safepoint: 45974 ns, Total: 726106 ns
[2020-08-12T16:51:33.589+0000][6][safepoint    ] Safepoint "Cleanup", Time since last: 1000284084 ns, Reaching safepoint: 306485 ns, At safepoint: 17275 ns, Total: 323760 ns
[2020-08-12T16:51:34.590+0000][6][safepoint    ] Safepoint "BulkRevokeBias", Time since last: 999827725 ns, Reaching safepoint: 274723 ns, At safepoint: 814955 ns, Total: 1089678 ns
[2020-08-12T16:51:35.592+0000][6][safepoint    ] Safepoint "Cleanup", Time since last: 1001050153 ns, Reaching safepoint: 575357 ns, At safepoint: 30637 ns, Total: 605994 ns
[2020-08-12T16:51:36.593+0000][6][safepoint    ] Safepoint "Cleanup", Time since last: 1000345909 ns, Reaching safepoint: 778456 ns, At safepoint: 43699 ns, Total: 822155 ns
[2020-08-12T16:51:38.427+0000][6][safepoint    ] Safepoint "Cleanup", Time since last: 1833487776 ns, Reaching safepoint: 591545 ns, At safepoint: 24012 ns, Total: 615557 ns
[2020-08-12T16:51:39.428+0000][6][safepoint    ] Safepoint "Cleanup", Time since last: 1000281109 ns, Reaching safepoint: 861655 ns, At safepoint: 67249 ns, Total: 928904 ns
[2020-08-12T16:51:40.592+0000][6][safepoint    ] Safepoint "Cleanup", Time since last: 1163190737 ns, Reaching safepoint: 660170 ns, At safepoint: 54974 ns, Total: 715144 ns
[2020-08-12T16:51:41.593+0000][6][safepoint    ] Safepoint "Cleanup", Time since last: 1000340233 ns, Reaching safepoint: 803744 ns, At safepoint: 45037 ns, Total: 848781 ns
[2020-08-12T16:51:42.594+0000][6][safepoint    ] Safepoint "Cleanup", Time since last: 1000352883 ns, Reaching safepoint: 783206 ns, At safepoint: 57674 ns, Total: 840880 ns
[2020-08-12T16:51:43.595+0000][6][safepoint    ] Safepoint "Cleanup", Time since last: 1000338183 ns, Reaching safepoint: 675370 ns, At safepoint: 55299 ns, Total: 730669 ns
[2020-08-12T16:51:45.591+0000][6][safepoint    ] Safepoint "Cleanup", Time since last: 1995041090 ns, Reaching safepoint: 685194 ns, At safepoint: 52850 ns, Total: 738044 ns
[2020-08-12T16:51:46.592+0000][6][safepoint    ] Safepoint "Cleanup", Time since last: 1000346808 ns, Reaching safepoint: 716044 ns, At safepoint: 46062 ns, Total: 762106 ns
[2020-08-12T16:51:47.413+0000][6][safepoint    ] Safepoint "BulkRevokeBias", Time since last: 818845553 ns, Reaching safepoint: 455783 ns, At safepoint: 1123778 ns, Total: 1579561 ns
[2020-08-12T16:51:48.414+0000][6][safepoint    ] Safepoint "Cleanup", Time since last: 1000296721 ns, Reaching safepoint: 583608 ns, At safepoint: 28487 ns, Total: 612095 ns
[2020-08-12T16:51:49.415+0000][6][safepoint    ] Safepoint "Cleanup", Time since last: 1000308159 ns, Reaching safepoint: 1002179 ns, At safepoint: 44850 ns, Total: 1047029 ns
[2020-08-12T16:51:50.416+0000][6][safepoint    ] Safepoint "Cleanup", Time since last: 1000322970 ns, Reaching safepoint: 830606 ns, At safepoint: 58962 ns, Total: 889568 ns
[2020-08-12T16:51:51.418+0000][6][safepoint    ] Safepoint "Cleanup", Time since last: 1000723917 ns, Reaching safepoint: 542620 ns, At safepoint: 45113 ns, Total: 587733 ns
[2020-08-12T16:51:52.419+0000][6][safepoint    ] Safepoint "Cleanup", Time since last: 1000405258 ns, Reaching safepoint: 570170 ns, At safepoint: 44762 ns, Total: 614932 ns
[2020-08-12T16:51:53.420+0000][6][safepoint    ] Safepoint "Cleanup", Time since last: 1000359833 ns, Reaching safepoint: 859542 ns, At safepoint: 33738 ns, Total: 893280 ns
[2020-08-12T16:51:54.590+0000][6][safepoint    ] Safepoint "Cleanup", Time since last: 1169964691 ns, Reaching safepoint: 490558 ns, At safepoint: 23050 ns, Total: 513608 ns
[2020-08-12T16:51:55.592+0000][6][safepoint    ] Safepoint "Cleanup", Time since last: 1000662743 ns, Reaching safepoint: 767768 ns, At safepoint: 43175 ns, Total: 810943 ns
[2020-08-12T16:51:56.593+0000][6][safepoint    ] Safepoint "Cleanup", Time since last: 1000425833 ns, Reaching safepoint: 627644 ns, At safepoint: 33525 ns, Total: 661169 ns
[2020-08-12T16:51:58.440+0000][6][safepoint    ] Safepoint "Cleanup", Time since last: 1845883732 ns, Reaching safepoint: 1478812 ns, At safepoint: 57137 ns, Total: 1535949 ns
[2020-08-12T16:51:59.592+0000][6][safepoint    ] Safepoint "Cleanup", Time since last: 1150575470 ns, Reaching safepoint: 891205 ns, At safepoint: 134336 ns, Total: 1025541 ns
[2020-08-12T16:51:59.596+0000][6][safepoint    ] Safepoint "BulkRevokeBias", Time since last: 1075841 ns, Reaching safepoint: 516121 ns, At safepoint: 2540528 ns, Total: 3056649 ns
[2020-08-12T16:52:00.600+0000][6][safepoint    ] Safepoint "Cleanup", Time since last: 1003943103 ns, Reaching safepoint: 512595 ns, At safepoint: 44987 ns, Total: 557582 ns
[2020-08-12T16:52:01.602+0000][6][safepoint    ] Safepoint "Cleanup", Time since last: 1000340183 ns, Reaching safepoint: 635207 ns, At safepoint: 44288 ns, Total: 679495 ns
[2020-08-12T16:52:02.603+0000][6][safepoint    ] Safepoint "Cleanup", Time since last: 1000349383 ns, Reaching safepoint: 652957 ns, At safepoint: 44624 ns, Total: 697581 ns
[2020-08-12T16:52:03.603+0000][6][safepoint    ] Safepoint "Cleanup", Time since last: 1000295922 ns, Reaching safepoint: 608382 ns, At safepoint: 31350 ns, Total: 639732 ns
[2020-08-12T16:52:05.593+0000][6][safepoint    ] Safepoint "Cleanup", Time since last: 1989181202 ns, Reaching safepoint: 658120 ns, At safepoint: 45962 ns, Total: 704082 ns
[2020-08-12T16:52:06.594+0000][6][safepoint    ] Safepoint "Cleanup", Time since last: 1000351496 ns, Reaching safepoint: 616257 ns, At safepoint: 37325 ns, Total: 653582 ns
[2020-08-12T16:52:08.411+0000][6][safepoint    ] Safepoint "Cleanup", Time since last: 1815952338 ns, Reaching safepoint: 746419 ns, At safepoint: 74811 ns, Total: 821230 ns
[2020-08-12T16:52:09.412+0000][6][safepoint    ] Safepoint "Cleanup", Time since last: 1000342996 ns, Reaching safepoint: 645945 ns, At safepoint: 44474 ns, Total: 690419 ns
[2020-08-12T16:52:10.413+0000][6][safepoint    ] Safepoint "Cleanup", Time since last: 1000379721 ns, Reaching safepoint: 657307 ns, At safepoint: 53037 ns, Total: 710344 ns
[2020-08-12T16:52:11.414+0000][6][safepoint    ] Safepoint "Cleanup", Time since last: 1000345858 ns, Reaching safepoint: 678157 ns, At safepoint: 54062 ns, Total: 732219 ns
[2020-08-12T16:52:12.416+0000][6][safepoint    ] Safepoint "Cleanup", Time since last: 1000357058 ns, Reaching safepoint: 884630 ns, At safepoint: 45000 ns, Total: 929630 ns
[2020-08-12T16:52:13.417+0000][6][safepoint    ] Safepoint "Cleanup", Time since last: 1000262496 ns, Reaching safepoint: 687507 ns, At safepoint: 29399 ns, Total: 716906 ns
[2020-08-12T16:52:14.418+0000][6][safepoint    ] Safepoint "Cleanup", Time since last: 1000314772 ns, Reaching safepoint: 809093 ns, At safepoint: 43837 ns, Total: 852930 ns
[2020-08-12T16:52:15.594+0000][6][safepoint    ] Safepoint "Cleanup", Time since last: 1175751691 ns, Reaching safepoint: 736919 ns, At safepoint: 44762 ns, Total: 781681 ns
[2020-08-12T16:52:16.595+0000][6][safepoint    ] Safepoint "Cleanup", Time since last: 1000342896 ns, Reaching safepoint: 591357 ns, At safepoint: 45263 ns, Total: 636620 ns
[2020-08-12T16:52:18.427+0000][6][safepoint    ] Safepoint "Cleanup", Time since last: 1830679024 ns, Reaching safepoint: 675094 ns, At safepoint: 55037 ns, Total: 730131 ns
[2020-08-12T16:52:19.428+0000][6][safepoint    ] Safepoint "Cleanup", Time since last: 1000386683 ns, Reaching safepoint: 987404 ns, At safepoint: 44975 ns, Total: 1032379 ns
[2020-08-12T16:52:20.594+0000][6][safepoint    ] Safepoint "Cleanup", Time since last: 1165096533 ns, Reaching safepoint: 577807 ns, At safepoint: 44100 ns, Total: 621907 ns
[2020-08-12T16:52:21.595+0000][6][safepoint    ] Safepoint "Cleanup", Time since last: 1000404470 ns, Reaching safepoint: 531571 ns, At safepoint: 44787 ns, Total: 576358 ns
[2020-08-12T16:52:22.596+0000][6][safepoint    ] Safepoint "Cleanup", Time since last: 1000403495 ns, Reaching safepoint: 856830 ns, At safepoint: 43575 ns, Total: 900405 ns
[2020-08-12T16:52:23.597+0000][6][safepoint    ] Safepoint "Cleanup", Time since last: 1000346908 ns, Reaching safepoint: 775306 ns, At safepoint: 45625 ns, Total: 820931 ns
[2020-08-12T16:52:25.595+0000][6][safepoint    ] Safepoint "Cleanup", Time since last: 1997284458 ns, Reaching safepoint: 811881 ns, At safepoint: 44674 ns, Total: 856555 ns
[2020-08-12T16:52:26.597+0000][6][safepoint    ] Safepoint "Cleanup", Time since last: 1000326646 ns, Reaching safepoint: 799443 ns, At safepoint: 38387 ns, Total: 837830 ns
[2020-08-12T16:52:28.389+0000][6][safepoint    ] Safepoint "Cleanup", Time since last: 1791469211 ns, Reaching safepoint: 721282 ns, At safepoint: 33299 ns, Total: 754581 ns
[2020-08-12T16:52:29.702+0000][6][safepoint    ] Safepoint "Cleanup", Time since last: 1312763929 ns, Reaching safepoint: 679120 ns, At safepoint: 47087 ns, Total: 726207 ns
[2020-08-12T16:52:30.703+0000][6][safepoint    ] Safepoint "Cleanup", Time since last: 1000353745 ns, Reaching safepoint: 621783 ns, At safepoint: 44849 ns, Total: 666632 ns
[2020-08-12T16:52:31.704+0000][6][safepoint    ] Safepoint "Cleanup", Time since last: 1000302484 ns, Reaching safepoint: 529183 ns, At safepoint: 29612 ns, Total: 558795 ns
[2020-08-12T16:52:32.705+0000][6][safepoint    ] Safepoint "Cleanup", Time since last: 1000277672 ns, Reaching safepoint: 929104 ns, At safepoint: 50525 ns, Total: 979629 ns
[2020-08-12T16:52:33.706+0000][6][safepoint    ] Safepoint "Cleanup", Time since last: 1000323771 ns, Reaching safepoint: 502720 ns, At safepoint: 19788 ns, Total: 522508 ns
[2020-08-12T16:52:35.597+0000][6][safepoint    ] Safepoint "Cleanup", Time since last: 1890403012 ns, Reaching safepoint: 653607 ns, At safepoint: 44962 ns, Total: 698569 ns
[2020-08-12T16:52:36.599+0000][6][safepoint    ] Safepoint "Cleanup", Time since last: 1000333558 ns, Reaching safepoint: 838393 ns, At safepoint: 44000 ns, Total: 882393 ns
[2020-08-12T16:52:38.432+0000][6][safepoint    ] Safepoint "Cleanup", Time since last: 1832392785 ns, Reaching safepoint: 816680 ns, At safepoint: 66112 ns, Total: 882792 ns
[2020-08-12T16:52:39.433+0000][6][safepoint    ] Safepoint "Cleanup", Time since last: 1000293009 ns, Reaching safepoint: 854580 ns, At safepoint: 44012 ns, Total: 898592 ns
[2020-08-12T16:52:40.596+0000][6][safepoint    ] Safepoint "Cleanup", Time since last: 1162487656 ns, Reaching safepoint: 682694 ns, At safepoint: 46525 ns, Total: 729219 ns
[2020-08-12T16:52:41.597+0000][6][safepoint    ] Safepoint "Cleanup", Time since last: 1000334333 ns, Reaching safepoint: 693994 ns, At safepoint: 52999 ns, Total: 746993 ns
[2020-08-12T16:52:42.598+0000][6][safepoint    ] Safepoint "Cleanup", Time since last: 1000340659 ns, Reaching safepoint: 666219 ns, At safepoint: 51862 ns, Total: 718081 ns
[2020-08-12T16:52:43.599+0000][6][safepoint    ] Safepoint "Cleanup", Time since last: 1000278959 ns, Reaching safepoint: 379222 ns, At safepoint: 57487 ns, Total: 436709 ns
[2020-08-12T16:52:45.598+0000][6][safepoint    ] Safepoint "Cleanup", Time since last: 1997653367 ns, Reaching safepoint: 837968 ns, At safepoint: 44312 ns, Total: 882280 ns
[2020-08-12T16:52:46.599+0000][6][safepoint    ] Safepoint "Cleanup", Time since last: 1000395446 ns, Reaching safepoint: 817880 ns, At safepoint: 46262 ns, Total: 864142 ns
[2020-08-12T16:52:48.529+0000][6][safepoint    ] Safepoint "Cleanup", Time since last: 1927484082 ns, Reaching safepoint: 2689415 ns, At safepoint: 60874 ns, Total: 2750289 ns
[2020-08-12T16:52:49.531+0000][6][safepoint    ] Safepoint "Cleanup", Time since last: 1000413458 ns, Reaching safepoint: 973767 ns, At safepoint: 48912 ns, Total: 1022679 ns
[2020-08-12T16:52:50.532+0000][6][safepoint    ] Safepoint "Cleanup", Time since last: 1000337096 ns, Reaching safepoint: 619782 ns, At safepoint: 53049 ns, Total: 672831 ns
[2020-08-12T16:52:51.533+0000][6][safepoint    ] Safepoint "Cleanup", Time since last: 1000344359 ns, Reaching safepoint: 774168 ns, At safepoint: 43812 ns, Total: 817980 ns
[2020-08-12T16:52:52.534+0000][6][safepoint    ] Safepoint "Cleanup", Time since last: 1000453370 ns, Reaching safepoint: 840106 ns, At safepoint: 45912 ns, Total: 886018 ns
[2020-08-12T16:52:53.538+0000][6][safepoint    ] Safepoint "Cleanup", Time since last: 1000338095 ns, Reaching safepoint: 1134140 ns, At safepoint: 62500 ns, Total: 1196640 ns
[2020-08-12T16:52:54.539+0000][6][safepoint    ] Safepoint "Cleanup", Time since last: 1002742026 ns, Reaching safepoint: 505483 ns, At safepoint: 46362 ns, Total: 551845 ns
[2020-08-12T16:52:55.597+0000][6][safepoint    ] Safepoint "Cleanup", Time since last: 1056953522 ns, Reaching safepoint: 635670 ns, At safepoint: 55337 ns, Total: 691007 ns
[2020-08-12T16:52:56.598+0000][6][safepoint    ] Safepoint "Cleanup", Time since last: 1000353146 ns, Reaching safepoint: 811231 ns, At safepoint: 44412 ns, Total: 855643 ns
[2020-08-12T16:52:58.328+0000][6][safepoint    ] Safepoint "Cleanup", Time since last: 1729436592 ns, Reaching safepoint: 1152453 ns, At safepoint: 63024 ns, Total: 1215477 ns
[2020-08-12T16:52:59.598+0000][6][safepoint    ] Safepoint "Cleanup", Time since last: 1269137191 ns, Reaching safepoint: 739844 ns, At safepoint: 45224 ns, Total: 785068 ns
[2020-08-12T16:53:00.600+0000][6][safepoint    ] Safepoint "Cleanup", Time since last: 1001111002 ns, Reaching safepoint: 745019 ns, At safepoint: 46524 ns, Total: 791543 ns
[2020-08-12T16:53:01.601+0000][6][safepoint    ] Safepoint "Cleanup", Time since last: 1000333784 ns, Reaching safepoint: 614044 ns, At safepoint: 46850 ns, Total: 660894 ns
[2020-08-12T16:53:02.602+0000][6][safepoint    ] Safepoint "Cleanup", Time since last: 1000351208 ns, Reaching safepoint: 675619 ns, At safepoint: 45975 ns, Total: 721594 ns
[2020-08-12T16:53:03.603+0000][6][safepoint    ] Safepoint "Cleanup", Time since last: 1000307846 ns, Reaching safepoint: 304260 ns, At safepoint: 12050 ns, Total: 316310 ns
[2020-08-12T16:53:05.599+0000][6][safepoint    ] Safepoint "Cleanup", Time since last: 1995110315 ns, Reaching safepoint: 481083 ns, At safepoint: 44037 ns, Total: 525120 ns
[2020-08-12T16:53:06.600+0000][6][safepoint    ] Safepoint "Cleanup", Time since last: 1000339408 ns, Reaching safepoint: 809606 ns, At safepoint: 43749 ns, Total: 853355 ns
[2020-08-12T16:53:07.601+0000][6][safepoint    ] Safepoint "Cleanup", Time since last: 1000740718 ns, Reaching safepoint: 405709 ns, At safepoint: 18262 ns, Total: 423971 ns
[2020-08-12T16:53:08.602+0000][6][safepoint    ] Safepoint "Cleanup", Time since last: 1000385721 ns, Reaching safepoint: 545370 ns, At safepoint: 19075 ns, Total: 564445 ns
[2020-08-12T16:53:09.605+0000][6][safepoint    ] Safepoint "Cleanup", Time since last: 1001157376 ns, Reaching safepoint: 2298943 ns, At safepoint: 57275 ns, Total: 2356218 ns
[2020-08-12T16:53:10.607+0000][6][safepoint    ] Safepoint "Cleanup", Time since last: 1000343920 ns, Reaching safepoint: 885705 ns, At safepoint: 44062 ns, Total: 929767 ns
[2020-08-12T16:53:11.608+0000][6][safepoint    ] Safepoint "Cleanup", Time since last: 1000364871 ns, Reaching safepoint: 579520 ns, At safepoint: 32137 ns, Total: 611657 ns
[2020-08-12T16:53:12.609+0000][6][safepoint    ] Safepoint "Cleanup", Time since last: 1000303447 ns, Reaching safepoint: 795430 ns, At safepoint: 43863 ns, Total: 839293 ns
[2020-08-12T16:53:13.610+0000][6][safepoint    ] Safepoint "Cleanup", Time since last: 1000358182 ns, Reaching safepoint: 727682 ns, At safepoint: 42112 ns, Total: 769794 ns
[2020-08-12T16:53:15.603+0000][6][safepoint    ] Safepoint "Cleanup", Time since last: 1991851592 ns, Reaching safepoint: 879618 ns, At safepoint: 44074 ns, Total: 923692 ns
[2020-08-12T16:53:16.604+0000][6][safepoint    ] Safepoint "Cleanup", Time since last: 1000463670 ns, Reaching safepoint: 944530 ns, At safepoint: 44187 ns, Total: 988717 ns
[2020-08-12T16:53:18.473+0000][6][safepoint    ] Safepoint "Cleanup", Time since last: 1867335660 ns, Reaching safepoint: 1135415 ns, At safepoint: 55575 ns, Total: 1190990 ns
[2020-08-12T16:53:19.474+0000][6][safepoint    ] Safepoint "Cleanup", Time since last: 1000352108 ns, Reaching safepoint: 536658 ns, At safepoint: 25775 ns, Total: 562433 ns
[2020-08-12T16:53:20.604+0000][6][safepoint    ] Safepoint "Cleanup", Time since last: 1129755786 ns, Reaching safepoint: 384059 ns, At safepoint: 19375 ns, Total: 403434 ns
[2020-08-12T16:53:21.605+0000][6][safepoint    ] Safepoint "Cleanup", Time since last: 1000277734 ns, Reaching safepoint: 479633 ns, At safepoint: 25325 ns, Total: 504958 ns
[2020-08-12T16:53:22.606+0000][6][safepoint    ] Safepoint "Cleanup", Time since last: 1000454195 ns, Reaching safepoint: 782431 ns, At safepoint: 87236 ns, Total: 869667 ns
[2020-08-12T16:53:23.607+0000][6][safepoint    ] Safepoint "Cleanup", Time since last: 1000282509 ns, Reaching safepoint: 543183 ns, At safepoint: 18625 ns, Total: 561808 ns
[2020-08-12T16:53:24.607+0000][6][safepoint    ] Safepoint "Cleanup", Time since last: 1000139885 ns, Reaching safepoint: 370497 ns, At safepoint: 12712 ns, Total: 383209 ns
[2020-08-12T16:53:25.717+0000][6][safepoint    ] Safepoint "Cleanup", Time since last: 1108663892 ns, Reaching safepoint: 822455 ns, At safepoint: 33225 ns, Total: 855680 ns
[2020-08-12T16:53:26.718+0000][6][safepoint    ] Safepoint "Cleanup", Time since last: 1000304759 ns, Reaching safepoint: 397921 ns, At safepoint: 20688 ns, Total: 418609 ns
[2020-08-12T16:53:28.292+0000][6][safepoint    ] Safepoint "Cleanup", Time since last: 1574419110 ns, Reaching safepoint: 352497 ns, At safepoint: 17087 ns, Total: 369584 ns
[2020-08-12T16:53:29.671+0000][6][safepoint    ] Safepoint "Cleanup", Time since last: 1377872883 ns, Reaching safepoint: 676432 ns, At safepoint: 90774 ns, Total: 767206 ns
[2020-08-12T16:53:30.672+0000][6][safepoint    ] Safepoint "Cleanup", Time since last: 1000329958 ns, Reaching safepoint: 902055 ns, At safepoint: 45425 ns, Total: 947480 ns
[2020-08-12T16:53:31.673+0000][6][safepoint    ] Safepoint "Cleanup", Time since last: 1000302883 ns, Reaching safepoint: 800581 ns, At safepoint: 26637 ns, Total: 827218 ns
[2020-08-12T16:53:32.674+0000][6][safepoint    ] Safepoint "Cleanup", Time since last: 1000260884 ns, Reaching safepoint: 556883 ns, At safepoint: 55862 ns, Total: 612745 ns
[2020-08-12T16:53:33.675+0000][6][safepoint    ] Safepoint "Cleanup", Time since last: 1000296771 ns, Reaching safepoint: 231823 ns, At safepoint: 11913 ns, Total: 243736 ns
[2020-08-12T16:53:35.601+0000][6][safepoint    ] Safepoint "Cleanup", Time since last: 1926141443 ns, Reaching safepoint: 385122 ns, At safepoint: 18575 ns, Total: 403697 ns
[2020-08-12T16:53:36.602+0000][6][safepoint    ] Safepoint "Cleanup", Time since last: 1000255421 ns, Reaching safepoint: 670420 ns, At safepoint: 44699 ns, Total: 715119 ns
[2020-08-12T16:53:38.427+0000][6][safepoint    ] Safepoint "Cleanup", Time since last: 1823710897 ns, Reaching safepoint: 709432 ns, At safepoint: 55012 ns, Total: 764444 ns
[2020-08-12T16:53:39.428+0000][6][safepoint    ] Safepoint "Cleanup", Time since last: 1000454107 ns, Reaching safepoint: 526071 ns, At safepoint: 44549 ns, Total: 570620 ns
[2020-08-12T16:53:40.604+0000][6][safepoint    ] Safepoint "Cleanup", Time since last: 1175610455 ns, Reaching safepoint: 838531 ns, At safepoint: 58224 ns, Total: 896755 ns
[2020-08-12T16:53:41.605+0000][6][safepoint    ] Safepoint "Cleanup", Time since last: 1000301146 ns, Reaching safepoint: 565670 ns, At safepoint: 57675 ns, Total: 623345 ns
[2020-08-12T16:53:42.606+0000][6][safepoint    ] Safepoint "Cleanup", Time since last: 1000346458 ns, Reaching safepoint: 784744 ns, At safepoint: 58324 ns, Total: 843068 ns
[2020-08-12T16:53:43.607+0000][6][safepoint    ] Safepoint "Cleanup", Time since last: 1000336208 ns, Reaching safepoint: 669920 ns, At safepoint: 26974 ns, Total: 696894 ns
[2020-08-12T16:53:45.605+0000][6][safepoint    ] Safepoint "Cleanup", Time since last: 1996890912 ns, Reaching safepoint: 821406 ns, At safepoint: 45887 ns, Total: 867293 ns
[2020-08-12T16:53:47.232+0000][6][safepoint    ] Safepoint "Cleanup", Time since last: 1626270752 ns, Reaching safepoint: 692532 ns, At safepoint: 37462 ns, Total: 729994 ns
[2020-08-12T16:53:48.435+0000][6][safepoint    ] Safepoint "Cleanup", Time since last: 1201594895 ns, Reaching safepoint: 809031 ns, At safepoint: 74349 ns, Total: 883380 ns
[2020-08-12T16:53:49.436+0000][6][safepoint    ] Safepoint "Cleanup", Time since last: 1000400158 ns, Reaching safepoint: 702081 ns, At safepoint: 53812 ns, Total: 755893 ns
[2020-08-12T16:53:50.437+0000][6][safepoint    ] Safepoint "Cleanup", Time since last: 1000413483 ns, Reaching safepoint: 680882 ns, At safepoint: 56787 ns, Total: 737669 ns
[2020-08-12T16:53:51.438+0000][6][safepoint    ] Safepoint "Cleanup", Time since last: 1000331021 ns, Reaching safepoint: 411596 ns, At safepoint: 31150 ns, Total: 442746 ns
[2020-08-12T16:53:52.446+0000][6][safepoint    ] Safepoint "Cleanup", Time since last: 1007174850 ns, Reaching safepoint: 566757 ns, At safepoint: 28050 ns, Total: 594807 ns
[2020-08-12T16:53:53.446+0000][6][safepoint    ] Safepoint "Cleanup", Time since last: 1000208184 ns, Reaching safepoint: 375397 ns, At safepoint: 13113 ns, Total: 388510 ns
[2020-08-12T16:53:54.447+0000][6][safepoint    ] Safepoint "Cleanup", Time since last: 1000228484 ns, Reaching safepoint: 846130 ns, At safepoint: 58087 ns, Total: 904217 ns
[2020-08-12T16:53:54.610+0000][6][safepoint    ] Safepoint "BulkRevokeBias", Time since last: 159032374 ns, Reaching safepoint: 566970 ns, At safepoint: 3171298 ns, Total: 3738268 ns
[2020-08-12T16:53:55.612+0000][6][safepoint    ] Safepoint "Cleanup", Time since last: 1001085889 ns, Reaching safepoint: 618632 ns, At safepoint: 54150 ns, Total: 672782 ns
[2020-08-12T16:53:56.613+0000][6][safepoint    ] Safepoint "Cleanup", Time since last: 1000423483 ns, Reaching safepoint: 535533 ns, At safepoint: 44174 ns, Total: 579707 ns
[2020-08-12T16:53:58.371+0000][6][safepoint    ] Safepoint "Cleanup", Time since last: 1757718863 ns, Reaching safepoint: 802706 ns, At safepoint: 55499 ns, Total: 858205 ns
[2020-08-12T16:53:59.606+0000][6][safepoint    ] Safepoint "Cleanup", Time since last: 1233848968 ns, Reaching safepoint: 895468 ns, At safepoint: 56124 ns, Total: 951592 ns
[2020-08-12T16:54:00.612+0000][6][safepoint    ] Safepoint "Cleanup", Time since last: 1005269704 ns, Reaching safepoint: 616495 ns, At safepoint: 45412 ns, Total: 661907 ns
[2020-08-12T16:54:01.613+0000][6][safepoint    ] Safepoint "Cleanup", Time since last: 1000337258 ns, Reaching safepoint: 669482 ns, At safepoint: 53724 ns, Total: 723206 ns
[2020-08-12T16:54:02.614+0000][6][safepoint    ] Safepoint "Cleanup", Time since last: 1000344121 ns, Reaching safepoint: 859930 ns, At safepoint: 44875 ns, Total: 904805 ns
[2020-08-12T16:54:03.616+0000][6][safepoint    ] Safepoint "Cleanup", Time since last: 1000344721 ns, Reaching safepoint: 972716 ns, At safepoint: 64800 ns, Total: 1037516 ns
[2020-08-12T16:54:04.608+0000][6][safepoint    ] Safepoint "BulkRevokeBias", Time since last: 988584684 ns, Reaching safepoint: 860980 ns, At safepoint: 2468216 ns, Total: 3329196 ns
[2020-08-12T16:54:05.610+0000][6][safepoint    ] Safepoint "Cleanup", Time since last: 1000956191 ns, Reaching safepoint: 824056 ns, At safepoint: 44687 ns, Total: 868743 ns
[2020-08-12T16:54:06.611+0000][6][safepoint    ] Safepoint "Cleanup", Time since last: 1000325046 ns, Reaching safepoint: 720119 ns, At safepoint: 37899 ns, Total: 758018 ns
[2020-08-12T16:54:08.498+0000][6][safepoint    ] Safepoint "Cleanup", Time since last: 1886604270 ns, Reaching safepoint: 753156 ns, At safepoint: 31987 ns, Total: 785143 ns
[2020-08-12T16:54:09.499+0000][6][safepoint    ] Safepoint "Cleanup", Time since last: 1000249860 ns, Reaching safepoint: 689794 ns, At safepoint: 55937 ns, Total: 745731 ns
[2020-08-12T16:54:10.500+0000][6][safepoint    ] Safepoint "Cleanup", Time since last: 1000391533 ns, Reaching safepoint: 791655 ns, At safepoint: 58037 ns, Total: 849692 ns
[2020-08-12T16:54:11.502+0000][6][safepoint    ] Safepoint "Cleanup", Time since last: 1000313296 ns, Reaching safepoint: 930267 ns, At safepoint: 29825 ns, Total: 960092 ns
[2020-08-12T16:54:12.503+0000][6][safepoint    ] Safepoint "Cleanup", Time since last: 1000244447 ns, Reaching safepoint: 744181 ns, At safepoint: 27150 ns, Total: 771331 ns
[2020-08-12T16:54:13.504+0000][6][safepoint    ] Safepoint "Cleanup", Time since last: 1000282396 ns, Reaching safepoint: 928817 ns, At safepoint: 64362 ns, Total: 993179 ns
[2020-08-12T16:54:14.505+0000][6][safepoint    ] Safepoint "Cleanup", Time since last: 1000454982 ns, Reaching safepoint: 900930 ns, At safepoint: 55675 ns, Total: 956605 ns
[2020-08-12T16:54:15.607+0000][6][safepoint    ] Safepoint "Cleanup", Time since last: 1101242618 ns, Reaching safepoint: 690869 ns, At safepoint: 53587 ns, Total: 744456 ns
[2020-08-12T16:54:16.608+0000][6][safepoint    ] Safepoint "Cleanup", Time since last: 1000477832 ns, Reaching safepoint: 678632 ns, At safepoint: 44212 ns, Total: 722844 ns
[2020-08-12T16:54:18.492+0000][6][safepoint    ] Safepoint "Cleanup", Time since last: 1882552792 ns, Reaching safepoint: 695507 ns, At safepoint: 63549 ns, Total: 759056 ns
[2020-08-12T16:54:19.493+0000][6][safepoint    ] Safepoint "Cleanup", Time since last: 1000368046 ns, Reaching safepoint: 496720 ns, At safepoint: 25363 ns, Total: 522083 ns
[2020-08-12T16:54:20.608+0000][6][safepoint    ] Safepoint "Cleanup", Time since last: 1114652640 ns, Reaching safepoint: 911305 ns, At safepoint: 44875 ns, Total: 956180 ns
[2020-08-12T16:54:21.609+0000][6][safepoint    ] Safepoint "Cleanup", Time since last: 1000307733 ns, Reaching safepoint: 580558 ns, At safepoint: 27950 ns, Total: 608508 ns
[2020-08-12T16:54:22.610+0000][6][safepoint    ] Safepoint "Cleanup", Time since last: 1000280696 ns, Reaching safepoint: 848730 ns, At safepoint: 44137 ns, Total: 892867 ns
[2020-08-12T16:54:23.612+0000][6][safepoint    ] Safepoint "Cleanup", Time since last: 1000342321 ns, Reaching safepoint: 1372351 ns, At safepoint: 57737 ns, Total: 1430088 ns
[2020-08-12T16:54:25.342+0000][6][safepoint    ] Safepoint "Cleanup", Time since last: 1729958251 ns, Reaching safepoint: 361934 ns, At safepoint: 11225 ns, Total: 373159 ns
[2020-08-12T16:54:26.354+0000][6][safepoint    ] Safepoint "Cleanup", Time since last: 1011245902 ns, Reaching safepoint: 625345 ns, At safepoint: 55575 ns, Total: 680920 ns
[2020-08-12T16:54:27.355+0000][6][safepoint    ] Safepoint "Cleanup", Time since last: 1000277946 ns, Reaching safepoint: 477321 ns, At safepoint: 15375 ns, Total: 492696 ns
[2020-08-12T16:54:28.414+0000][6][safepoint    ] Safepoint "Cleanup", Time since last: 1057831190 ns, Reaching safepoint: 1053753 ns, At safepoint: 56312 ns, Total: 1110065 ns
[2020-08-12T16:54:29.770+0000][6][safepoint    ] Safepoint "Cleanup", Time since last: 1355743748 ns, Reaching safepoint: 659995 ns, At safepoint: 44762 ns, Total: 704757 ns
[2020-08-12T16:54:30.772+0000][6][safepoint    ] Safepoint "Cleanup", Time since last: 1000344421 ns, Reaching safepoint: 675006 ns, At safepoint: 44900 ns, Total: 719906 ns
[2020-08-12T16:54:31.773+0000][6][safepoint    ] Safepoint "Cleanup", Time since last: 1000387783 ns, Reaching safepoint: 635857 ns, At safepoint: 33912 ns, Total: 669769 ns
[2020-08-12T16:54:32.774+0000][6][safepoint    ] Safepoint "Cleanup", Time since last: 1000338334 ns, Reaching safepoint: 1037366 ns, At safepoint: 70249 ns, Total: 1107615 ns
[2020-08-12T16:54:33.775+0000][6][safepoint    ] Safepoint "Cleanup", Time since last: 1000298934 ns, Reaching safepoint: 473083 ns, At safepoint: 26662 ns, Total: 499745 ns
[2020-08-12T16:54:35.612+0000][6][safepoint    ] Safepoint "Cleanup", Time since last: 1836072016 ns, Reaching safepoint: 623745 ns, At safepoint: 55887 ns, Total: 679632 ns
[2020-08-12T16:54:36.612+0000][6][safepoint    ] Safepoint "Cleanup", Time since last: 1000349284 ns, Reaching safepoint: 467233 ns, At safepoint: 56000 ns, Total: 523233 ns
[2020-08-12T16:54:38.115+0000][6][safepoint    ] Safepoint "Cleanup", Time since last: 1501740008 ns, Reaching safepoint: 954804 ns, At safepoint: 45074 ns, Total: 999878 ns
[2020-08-12T16:54:39.117+0000][6][safepoint    ] Safepoint "Cleanup", Time since last: 1000849817 ns, Reaching safepoint: 773881 ns, At safepoint: 92187 ns, Total: 866068 ns
[2020-08-12T16:54:40.610+0000][6][safepoint    ] Safepoint "Cleanup", Time since last: 1492477625 ns, Reaching safepoint: 908667 ns, At safepoint: 43875 ns, Total: 952542 ns
[2020-08-12T16:54:41.611+0000][6][safepoint    ] Safepoint "Cleanup", Time since last: 1000308908 ns, Reaching safepoint: 539046 ns, At safepoint: 23824 ns, Total: 562870 ns
[2020-08-12T16:54:42.612+0000][6][safepoint    ] Safepoint "Cleanup", Time since last: 1000278934 ns, Reaching safepoint: 779344 ns, At safepoint: 47224 ns, Total: 826568 ns
[2020-08-12T16:54:43.613+0000][6][safepoint    ] Safepoint "Cleanup", Time since last: 1000302659 ns, Reaching safepoint: 574882 ns, At safepoint: 23788 ns, Total: 598670 ns
[2020-08-12T16:54:45.611+0000][6][safepoint    ] Safepoint "Cleanup", Time since last: 1996703201 ns, Reaching safepoint: 778118 ns, At safepoint: 44487 ns, Total: 822605 ns
[2020-08-12T16:54:46.612+0000][6][safepoint    ] Safepoint "Cleanup", Time since last: 1000384671 ns, Reaching safepoint: 426446 ns, At safepoint: 21875 ns, Total: 448321 ns
[2020-08-12T16:54:48.524+0000][6][safepoint    ] Safepoint "Cleanup", Time since last: 1911343420 ns, Reaching safepoint: 1078566 ns, At safepoint: 56824 ns, Total: 1135390 ns
[2020-08-12T16:54:49.525+0000][6][safepoint    ] Safepoint "Cleanup", Time since last: 1000348659 ns, Reaching safepoint: 929579 ns, At safepoint: 44875 ns, Total: 974454 ns
[2020-08-12T16:54:50.527+0000][6][safepoint    ] Safepoint "Cleanup", Time since last: 1000356583 ns, Reaching safepoint: 837581 ns, At safepoint: 44662 ns, Total: 882243 ns
[2020-08-12T16:54:51.527+0000][6][safepoint    ] Safepoint "Cleanup", Time since last: 1000301146 ns, Reaching safepoint: 380922 ns, At safepoint: 19249 ns, Total: 400171 ns
[2020-08-12T16:54:52.528+0000][6][safepoint    ] Safepoint "Cleanup", Time since last: 1000255222 ns, Reaching safepoint: 799780 ns, At safepoint: 47275 ns, Total: 847055 ns
[2020-08-12T16:54:53.529+0000][6][safepoint    ] Safepoint "Cleanup", Time since last: 1000299571 ns, Reaching safepoint: 604095 ns, At safepoint: 29762 ns, Total: 633857 ns
[2020-08-12T16:54:54.530+0000][6][safepoint    ] Safepoint "Cleanup", Time since last: 1000239622 ns, Reaching safepoint: 575645 ns, At safepoint: 30538 ns, Total: 606183 ns
[2020-08-12T16:54:55.612+0000][6][safepoint    ] Safepoint "Cleanup", Time since last: 1080944316 ns, Reaching safepoint: 731432 ns, At safepoint: 29299 ns, Total: 760731 ns
[2020-08-12T16:54:56.613+0000][6][safepoint    ] Safepoint "Cleanup", Time since last: 1000256047 ns, Reaching safepoint: 829568 ns, At safepoint: 43812 ns, Total: 873380 ns
[2020-08-12T16:54:58.484+0000][6][safepoint    ] Safepoint "Cleanup", Time since last: 1870048574 ns, Reaching safepoint: 741069 ns, At safepoint: 163886 ns, Total: 904955 ns
[2020-08-12T16:54:59.613+0000][6][safepoint    ] Safepoint "Cleanup", Time since last: 1127733491 ns, Reaching safepoint: 720381 ns, At safepoint: 53212 ns, Total: 773593 ns
[2020-08-12T16:55:00.614+0000][6][safepoint    ] Safepoint "Cleanup", Time since last: 1001165652 ns, Reaching safepoint: 567095 ns, At safepoint: 37912 ns, Total: 605007 ns
[2020-08-12T16:55:01.615+0000][6][safepoint    ] Safepoint "Cleanup", Time since last: 1000318659 ns, Reaching safepoint: 656856 ns, At safepoint: 46663 ns, Total: 703519 ns
[2020-08-12T16:55:02.616+0000][6][safepoint    ] Safepoint "Cleanup", Time since last: 1000351421 ns, Reaching safepoint: 491320 ns, At safepoint: 44775 ns, Total: 536095 ns
[2020-08-12T16:55:03.618+0000][6][safepoint    ] Safepoint "Cleanup", Time since last: 1000308658 ns, Reaching safepoint: 683544 ns, At safepoint: 348910 ns, Total: 1032454 ns
[2020-08-12T16:55:05.614+0000][6][safepoint    ] Safepoint "Cleanup", Time since last: 1995264076 ns, Reaching safepoint: 675181 ns, At safepoint: 43900 ns, Total: 719081 ns
[2020-08-12T16:55:06.615+0000][6][safepoint    ] Safepoint "Cleanup", Time since last: 1000408220 ns, Reaching safepoint: 576870 ns, At safepoint: 44000 ns, Total: 620870 ns
[2020-08-12T16:55:08.467+0000][6][safepoint    ] Safepoint "Cleanup", Time since last: 1851664482 ns, Reaching safepoint: 869318 ns, At safepoint: 55037 ns, Total: 924355 ns
[2020-08-12T16:55:09.468+0000][6][safepoint    ] Safepoint "Cleanup", Time since last: 1000320533 ns, Reaching safepoint: 656807 ns, At safepoint: 44287 ns, Total: 701094 ns
[2020-08-12T16:55:10.469+0000][6][safepoint    ] Safepoint "Cleanup", Time since last: 1000364209 ns, Reaching safepoint: 649419 ns, At safepoint: 44837 ns, Total: 694256 ns
[2020-08-12T16:55:11.470+0000][6][safepoint    ] Safepoint "Cleanup", Time since last: 1000291696 ns, Reaching safepoint: 398647 ns, At safepoint: 20912 ns, Total: 419559 ns
[2020-08-12T16:55:12.471+0000][6][safepoint    ] Safepoint "Cleanup", Time since last: 1000216335 ns, Reaching safepoint: 507495 ns, At safepoint: 70900 ns, Total: 578395 ns
[2020-08-12T16:55:13.472+0000][6][safepoint    ] Safepoint "Cleanup", Time since last: 1000376095 ns, Reaching safepoint: 1031854 ns, At safepoint: 61649 ns, Total: 1093503 ns
[2020-08-12T16:55:14.473+0000][6][safepoint    ] Safepoint "Cleanup", Time since last: 1000392296 ns, Reaching safepoint: 644857 ns, At safepoint: 44412 ns, Total: 689269 ns
[2020-08-12T16:55:15.614+0000][6][safepoint    ] Safepoint "Cleanup", Time since last: 1140069622 ns, Reaching safepoint: 613695 ns, At safepoint: 44775 ns, Total: 658470 ns
[2020-08-12T16:55:16.615+0000][6][safepoint    ] Safepoint "Cleanup", Time since last: 1000352120 ns, Reaching safepoint: 555545 ns, At safepoint: 45900 ns, Total: 601445 ns
[2020-08-12T16:55:18.390+0000][6][safepoint    ] Safepoint "Cleanup", Time since last: 1773973299 ns, Reaching safepoint: 563032 ns, At safepoint: 43937 ns, Total: 606969 ns
[2020-08-12T16:55:19.390+0000][6][safepoint    ] Safepoint "Cleanup", Time since last: 1000377509 ns, Reaching safepoint: 476708 ns, At safepoint: 44262 ns, Total: 520970 ns
[2020-08-12T16:55:20.615+0000][6][safepoint    ] Safepoint "Cleanup", Time since last: 1223616018 ns, Reaching safepoint: 541358 ns, At safepoint: 47475 ns, Total: 588833 ns
[2020-08-12T16:55:21.615+0000][6][safepoint    ] Safepoint "Cleanup", Time since last: 1000264009 ns, Reaching safepoint: 367009 ns, At safepoint: 18225 ns, Total: 385234 ns
[2020-08-12T16:55:22.616+0000][6][safepoint    ] Safepoint "Cleanup", Time since last: 1000247822 ns, Reaching safepoint: 838093 ns, At safepoint: 44124 ns, Total: 882217 ns
[2020-08-12T16:55:23.618+0000][6][safepoint    ] Safepoint "Cleanup", Time since last: 1000343146 ns, Reaching safepoint: 1039954 ns, At safepoint: 109449 ns, Total: 1149403 ns
[2020-08-12T16:55:25.617+0000][6][safepoint    ] Safepoint "Cleanup", Time since last: 1998389136 ns, Reaching safepoint: 850455 ns, At safepoint: 46713 ns, Total: 897168 ns
[2020-08-12T16:55:27.167+0000][6][safepoint    ] Safepoint "Cleanup", Time since last: 1549338974 ns, Reaching safepoint: 686057 ns, At safepoint: 45275 ns, Total: 731332 ns
[2020-08-12T16:55:27.375+0000][6][safepoint    ] Safepoint "BulkRevokeBias", Time since last: 205952946 ns, Reaching safepoint: 331634 ns, At safepoint: 1080866 ns, Total: 1412500 ns
[2020-08-12T16:55:28.376+0000][6][safepoint    ] Safepoint "Cleanup", Time since last: 1000299059 ns, Reaching safepoint: 808680 ns, At safepoint: 44688 ns, Total: 853368 ns
[2020-08-12T16:55:29.761+0000][6][safepoint    ] Safepoint "Cleanup", Time since last: 1384728161 ns, Reaching safepoint: 741856 ns, At safepoint: 46025 ns, Total: 787881 ns
[2020-08-12T16:55:30.762+0000][6][safepoint    ] Safepoint "Cleanup", Time since last: 1000355633 ns, Reaching safepoint: 637070 ns, At safepoint: 45849 ns, Total: 682919 ns
[2020-08-12T16:55:31.763+0000][6][safepoint    ] Safepoint "Cleanup", Time since last: 1000386358 ns, Reaching safepoint: 581433 ns, At safepoint: 45050 ns, Total: 626483 ns
[2020-08-12T16:55:32.764+0000][6][safepoint    ] Safepoint "Cleanup", Time since last: 1000343570 ns, Reaching safepoint: 566071 ns, At safepoint: 44862 ns, Total: 610933 ns
[2020-08-12T16:55:33.765+0000][6][safepoint    ] Safepoint "Cleanup", Time since last: 1000322646 ns, Reaching safepoint: 252485 ns, At safepoint: 11975 ns, Total: 264460 ns
[2020-08-12T16:55:34.619+0000][6][safepoint    ] Safepoint "BulkRevokeBias", Time since last: 848922532 ns, Reaching safepoint: 446071 ns, At safepoint: 4815334 ns, Total: 5261405 ns
[2020-08-12T16:55:35.628+0000][6][safepoint    ] Safepoint "Cleanup", Time since last: 1008673237 ns, Reaching safepoint: 303847 ns, At safepoint: 19087 ns, Total: 322934 ns
[2020-08-12T16:55:36.629+0000][6][safepoint    ] Safepoint "Cleanup", Time since last: 1000236835 ns, Reaching safepoint: 858930 ns, At safepoint: 44837 ns, Total: 903767 ns
[2020-08-12T16:55:38.529+0000][6][safepoint    ] Safepoint "Cleanup", Time since last: 1898857815 ns, Reaching safepoint: 717006 ns, At safepoint: 43137 ns, Total: 760143 ns
[2020-08-12T16:55:39.530+0000][6][safepoint    ] Safepoint "Cleanup", Time since last: 1000329696 ns, Reaching safepoint: 797756 ns, At safepoint: 44312 ns, Total: 842068 ns
[2020-08-12T16:55:40.617+0000][6][safepoint    ] Safepoint "Cleanup", Time since last: 1086564207 ns, Reaching safepoint: 641982 ns, At safepoint: 44337 ns, Total: 686319 ns
[2020-08-12T16:55:41.618+0000][6][safepoint    ] Safepoint "Cleanup", Time since last: 1000330820 ns, Reaching safepoint: 600645 ns, At safepoint: 44662 ns, Total: 645307 ns
[2020-08-12T16:55:42.619+0000][6][safepoint    ] Safepoint "Cleanup", Time since last: 1000328634 ns, Reaching safepoint: 630307 ns, At safepoint: 53612 ns, Total: 683919 ns
[2020-08-12T16:55:43.620+0000][6][safepoint    ] Safepoint "Cleanup", Time since last: 1000336658 ns, Reaching safepoint: 621633 ns, At safepoint: 56099 ns, Total: 677732 ns
[2020-08-12T16:55:45.616+0000][6][safepoint    ] Safepoint "Cleanup", Time since last: 1995195039 ns, Reaching safepoint: 591607 ns, At safepoint: 44462 ns, Total: 636069 ns
[2020-08-12T16:55:46.617+0000][6][safepoint    ] Safepoint "Cleanup", Time since last: 1000493545 ns, Reaching safepoint: 635045 ns, At safepoint: 44749 ns, Total: 679794 ns
[2020-08-12T16:55:48.448+0000][6][safepoint    ] Safepoint "Cleanup", Time since last: 1829297862 ns, Reaching safepoint: 1041591 ns, At safepoint: 41987 ns, Total: 1083578 ns
[2020-08-12T16:55:49.448+0000][6][safepoint    ] Safepoint "Cleanup", Time since last: 1000244847 ns, Reaching safepoint: 256147 ns, At safepoint: 11275 ns, Total: 267422 ns
[2020-08-12T16:55:50.449+0000][6][safepoint    ] Safepoint "Cleanup", Time since last: 1000204972 ns, Reaching safepoint: 624020 ns, At safepoint: 30325 ns, Total: 654345 ns
[2020-08-12T16:55:51.450+0000][6][safepoint    ] Safepoint "Cleanup", Time since last: 1000291083 ns, Reaching safepoint: 931455 ns, At safepoint: 44500 ns, Total: 975955 ns
[2020-08-12T16:55:52.452+0000][6][safepoint    ] Safepoint "Cleanup", Time since last: 1000340658 ns, Reaching safepoint: 881155 ns, At safepoint: 44450 ns, Total: 925605 ns
[2020-08-12T16:55:53.453+0000][6][safepoint    ] Safepoint "Cleanup", Time since last: 1000388532 ns, Reaching safepoint: 1047204 ns, At safepoint: 66274 ns, Total: 1113478 ns
[2020-08-12T16:55:54.454+0000][6][safepoint    ] Safepoint "Cleanup", Time since last: 1000341697 ns, Reaching safepoint: 790681 ns, At safepoint: 58524 ns, Total: 849205 ns
[2020-08-12T16:55:55.620+0000][6][safepoint    ] Safepoint "Cleanup", Time since last: 1164736648 ns, Reaching safepoint: 710619 ns, At safepoint: 37925 ns, Total: 748544 ns
[2020-08-12T16:55:57.295+0000][6][safepoint    ] Safepoint "Cleanup", Time since last: 1675105446 ns, Reaching safepoint: 590295 ns, At safepoint: 24387 ns, Total: 614682 ns
[2020-08-12T16:55:58.334+0000][6][safepoint    ] Safepoint "Cleanup", Time since last: 1038122772 ns, Reaching safepoint: 735431 ns, At safepoint: 56262 ns, Total: 791693 ns
[2020-08-12T16:55:58.504+0000][6][safepoint    ] Safepoint "BulkRevokeBias", Time since last: 163870357 ns, Reaching safepoint: 792243 ns, At safepoint: 4932733 ns, Total: 5724976 ns
[2020-08-12T16:55:59.617+0000][6][safepoint    ] Safepoint "Cleanup", Time since last: 1112061100 ns, Reaching safepoint: 496421 ns, At safepoint: 25950 ns, Total: 522371 ns
[2020-08-12T16:56:00.618+0000][6][safepoint    ] Safepoint "Cleanup", Time since last: 1000925428 ns, Reaching safepoint: 851130 ns, At safepoint: 44713 ns, Total: 895843 ns
[2020-08-12T16:56:01.619+0000][6][safepoint    ] Safepoint "Cleanup", Time since last: 1000294408 ns, Reaching safepoint: 471884 ns, At safepoint: 18575 ns, Total: 490459 ns
[2020-08-12T16:56:02.620+0000][6][safepoint    ] Safepoint "Cleanup", Time since last: 1000232509 ns, Reaching safepoint: 984266 ns, At safepoint: 64925 ns, Total: 1049191 ns
[2020-08-12T16:56:03.622+0000][6][safepoint    ] Safepoint "Cleanup", Time since last: 1000376945 ns, Reaching safepoint: 705169 ns, At safepoint: 88087 ns, Total: 793256 ns
[2020-08-12T16:56:05.618+0000][6][safepoint    ] Safepoint "Cleanup", Time since last: 1995778484 ns, Reaching safepoint: 793331 ns, At safepoint: 46237 ns, Total: 839568 ns
[2020-08-12T16:56:06.619+0000][6][safepoint    ] Safepoint "Cleanup", Time since last: 1000339858 ns, Reaching safepoint: 754469 ns, At safepoint: 44812 ns, Total: 799281 ns
[2020-08-12T16:56:08.432+0000][6][safepoint    ] Safepoint "Cleanup", Time since last: 1811441802 ns, Reaching safepoint: 1016704 ns, At safepoint: 92711 ns, Total: 1109415 ns
[2020-08-12T16:56:09.433+0000][6][safepoint    ] Safepoint "Cleanup", Time since last: 1000333084 ns, Reaching safepoint: 590082 ns, At safepoint: 99537 ns, Total: 689619 ns
[2020-08-12T16:56:10.434+0000][6][safepoint    ] Safepoint "Cleanup", Time since last: 1000347971 ns, Reaching safepoint: 847368 ns, At safepoint: 43912 ns, Total: 891280 ns
[2020-08-12T16:56:11.435+0000][6][safepoint    ] Safepoint "Cleanup", Time since last: 1000336408 ns, Reaching safepoint: 652707 ns, At safepoint: 45262 ns, Total: 697969 ns
[2020-08-12T16:56:12.436+0000][6][safepoint    ] Safepoint "Cleanup", Time since last: 1000335446 ns, Reaching safepoint: 637469 ns, At safepoint: 45000 ns, Total: 682469 ns
[2020-08-12T16:56:13.438+0000][6][safepoint    ] Safepoint "Cleanup", Time since last: 1000343021 ns, Reaching safepoint: 1565162 ns, At safepoint: 66712 ns, Total: 1631874 ns
[2020-08-12T16:56:14.439+0000][6][safepoint    ] Safepoint "Cleanup", Time since last: 1000338570 ns, Reaching safepoint: 725494 ns, At safepoint: 46825 ns, Total: 772319 ns
[2020-08-12T16:56:15.620+0000][6][safepoint    ] Safepoint "Cleanup", Time since last: 1179776432 ns, Reaching safepoint: 604357 ns, At safepoint: 46700 ns, Total: 651057 ns
[2020-08-12T16:56:16.621+0000][6][safepoint    ] Safepoint "Cleanup", Time since last: 1000458657 ns, Reaching safepoint: 503995 ns, At safepoint: 45013 ns, Total: 549008 ns
[2020-08-12T16:56:17.455+0000][6][gc,start     ] GC(44) Pause Young (Normal) (G1 Evacuation Pause)
[2020-08-12T16:56:17.456+0000][6][gc,task      ] GC(44) Using 2 workers of 2 for evacuation
[2020-08-12T16:56:17.456+0000][6][gc,age       ] GC(44) Desired survivor size 40370176 bytes, new threshold 15 (max threshold 15)
[2020-08-12T16:56:17.468+0000][6][gc,age       ] GC(44) Age table with threshold 15 (max threshold 15)
[2020-08-12T16:56:17.468+0000][6][gc,age       ] GC(44) - age   1:     275424 bytes,     275424 total
[2020-08-12T16:56:17.468+0000][6][gc,age       ] GC(44) - age   2:     598080 bytes,     873504 total
[2020-08-12T16:56:17.468+0000][6][gc,age       ] GC(44) - age   3:     292224 bytes,    1165728 total
[2020-08-12T16:56:17.468+0000][6][gc,age       ] GC(44) - age   4:      38488 bytes,    1204216 total
[2020-08-12T16:56:17.468+0000][6][gc,age       ] GC(44) - age   5:      95616 bytes,    1299832 total
[2020-08-12T16:56:17.469+0000][6][gc,age       ] GC(44) - age   6:      28680 bytes,    1328512 total
[2020-08-12T16:56:17.469+0000][6][gc,age       ] GC(44) - age   7:      31088 bytes,    1359600 total
[2020-08-12T16:56:17.469+0000][6][gc,age       ] GC(44) - age   8:     202432 bytes,    1562032 total
[2020-08-12T16:56:17.469+0000][6][gc,age       ] GC(44) - age   9:      47296 bytes,    1609328 total
[2020-08-12T16:56:17.469+0000][6][gc,age       ] GC(44) - age  10:      77488 bytes,    1686816 total
[2020-08-12T16:56:17.469+0000][6][gc,age       ] GC(44) - age  11:      34792 bytes,    1721608 total
[2020-08-12T16:56:17.469+0000][6][gc,age       ] GC(44) - age  12:      81440 bytes,    1803048 total
[2020-08-12T16:56:17.469+0000][6][gc,age       ] GC(44) - age  13:     114200 bytes,    1917248 total
[2020-08-12T16:56:17.469+0000][6][gc,age       ] GC(44) - age  14:      37232 bytes,    1954480 total
[2020-08-12T16:56:17.469+0000][6][gc,age       ] GC(44) - age  15:      46144 bytes,    2000624 total
[2020-08-12T16:56:17.469+0000][6][gc,phases    ] GC(44)   Pre Evacuate Collection Set: 0.5ms
[2020-08-12T16:56:17.469+0000][6][gc,phases    ] GC(44)   Merge Heap Roots: 0.4ms
[2020-08-12T16:56:17.469+0000][6][gc,phases    ] GC(44)   Evacuate Collection Set: 8.2ms
[2020-08-12T16:56:17.469+0000][6][gc,phases    ] GC(44)   Post Evacuate Collection Set: 3.3ms
[2020-08-12T16:56:17.469+0000][6][gc,phases    ] GC(44)   Other: 1.2ms
[2020-08-12T16:56:17.469+0000][6][gc,heap      ] GC(44) Eden regions: 612->0(612)
[2020-08-12T16:56:17.469+0000][6][gc,heap      ] GC(44) Survivor regions: 2->2(77)
[2020-08-12T16:56:17.469+0000][6][gc,heap      ] GC(44) Old regions: 78->78
[2020-08-12T16:56:17.469+0000][6][gc,heap      ] GC(44) Archive regions: 2->2
[2020-08-12T16:56:17.469+0000][6][gc,heap      ] GC(44) Humongous regions: 7->7
[2020-08-12T16:56:17.469+0000][6][gc,metaspace ] GC(44) Metaspace: 97746K(105528K)->97746K(105528K) NonClass: 85212K(89912K)->85212K(89912K) Class: 12534K(15616K)->12534K(15616K)
[2020-08-12T16:56:17.469+0000][6][gc           ] GC(44) Pause Young (Normal) (G1 Evacuation Pause) 698M->86M(1024M) 13.972ms
[2020-08-12T16:56:17.469+0000][6][gc,cpu       ] GC(44) User=0.02s Sys=0.00s Real=0.01s
[2020-08-12T16:56:17.470+0000][6][safepoint    ] Safepoint "G1CollectForAllocation", Time since last: 834185508 ns, Reaching safepoint: 437159 ns, At safepoint: 14236690 ns, Total: 14673849 ns
[2020-08-12T16:56:18.501+0000][6][safepoint    ] Safepoint "Cleanup", Time since last: 1030272714 ns, Reaching safepoint: 829981 ns, At safepoint: 42787 ns, Total: 872768 ns
[2020-08-12T16:56:19.502+0000][6][safepoint    ] Safepoint "Cleanup", Time since last: 1000300196 ns, Reaching safepoint: 896255 ns, At safepoint: 27537 ns, Total: 923792 ns
[2020-08-12T16:56:20.619+0000][6][safepoint    ] Safepoint "Cleanup", Time since last: 1115971154 ns, Reaching safepoint: 617883 ns, At safepoint: 45174 ns, Total: 663057 ns
[2020-08-12T16:56:21.620+0000][6][safepoint    ] Safepoint "Cleanup", Time since last: 1000294696 ns, Reaching safepoint: 813418 ns, At safepoint: 49550 ns, Total: 862968 ns
[2020-08-12T16:56:22.621+0000][6][safepoint    ] Safepoint "Cleanup", Time since last: 1000395370 ns, Reaching safepoint: 833456 ns, At safepoint: 66962 ns, Total: 900418 ns
[2020-08-12T16:56:23.622+0000][6][safepoint    ] Safepoint "Cleanup", Time since last: 1000300521 ns, Reaching safepoint: 606720 ns, At safepoint: 27999 ns, Total: 634719 ns
[2020-08-12T16:56:25.620+0000][6][safepoint    ] Safepoint "Cleanup", Time since last: 1997469632 ns, Reaching safepoint: 695557 ns, At safepoint: 54399 ns, Total: 749956 ns
[2020-08-12T16:56:27.347+0000][6][safepoint    ] Safepoint "Cleanup", Time since last: 1726428381 ns, Reaching safepoint: 707894 ns, At safepoint: 20875 ns, Total: 728769 ns
[2020-08-12T16:56:28.399+0000][6][safepoint    ] Safepoint "Cleanup", Time since last: 1050646390 ns, Reaching safepoint: 915692 ns, At safepoint: 45487 ns, Total: 961179 ns
[2020-08-12T16:56:29.855+0000][6][safepoint    ] Safepoint "Cleanup", Time since last: 1455263382 ns, Reaching safepoint: 678756 ns, At safepoint: 53975 ns, Total: 732731 ns
[2020-08-12T16:56:30.856+0000][6][safepoint    ] Safepoint "Cleanup", Time since last: 1000389158 ns, Reaching safepoint: 641195 ns, At safepoint: 45424 ns, Total: 686619 ns
[2020-08-12T16:56:31.857+0000][6][safepoint    ] Safepoint "Cleanup", Time since last: 1000349033 ns, Reaching safepoint: 863593 ns, At safepoint: 44612 ns, Total: 908205 ns
[2020-08-12T16:56:32.858+0000][6][safepoint    ] Safepoint "Cleanup", Time since last: 1000324783 ns, Reaching safepoint: 649870 ns, At safepoint: 84137 ns, Total: 734007 ns
[2020-08-12T16:56:33.859+0000][6][safepoint    ] Safepoint "Cleanup", Time since last: 1000292821 ns, Reaching safepoint: 399509 ns, At safepoint: 17637 ns, Total: 417146 ns
[2020-08-12T16:56:35.621+0000][6][safepoint    ] Safepoint "Cleanup", Time since last: 1761467894 ns, Reaching safepoint: 667894 ns, At safepoint: 54687 ns, Total: 722581 ns
[2020-08-12T16:56:36.622+0000][6][safepoint    ] Safepoint "Cleanup", Time since last: 1000353821 ns, Reaching safepoint: 628807 ns, At safepoint: 44749 ns, Total: 673556 ns
[2020-08-12T16:56:38.478+0000][6][safepoint    ] Safepoint "Cleanup", Time since last: 1854957167 ns, Reaching safepoint: 647782 ns, At safepoint: 62849 ns, Total: 710631 ns
[2020-08-12T16:56:39.479+0000][6][safepoint    ] Safepoint "Cleanup", Time since last: 1000315984 ns, Reaching safepoint: 634919 ns, At safepoint: 46575 ns, Total: 681494 ns
[2020-08-12T16:56:39.626+0000][6][safepoint    ] Safepoint "BulkRevokeBias", Time since last: 142630727 ns, Reaching safepoint: 639769 ns, At safepoint: 3268872 ns, Total: 3908641 ns
[2020-08-12T16:56:40.629+0000][6][safepoint    ] Safepoint "Cleanup", Time since last: 1002608814 ns, Reaching safepoint: 856118 ns, At safepoint: 47387 ns, Total: 903505 ns
[2020-08-12T16:56:41.630+0000][6][safepoint    ] Safepoint "Cleanup", Time since last: 1000309196 ns, Reaching safepoint: 525446 ns, At safepoint: 108199 ns, Total: 633645 ns
[2020-08-12T16:56:42.631+0000][6][safepoint    ] Safepoint "Cleanup", Time since last: 1000293721 ns, Reaching safepoint: 917817 ns, At safepoint: 43750 ns, Total: 961567 ns
[2020-08-12T16:56:43.633+0000][6][safepoint    ] Safepoint "Cleanup", Time since last: 1000345633 ns, Reaching safepoint: 1090728 ns, At safepoint: 55575 ns, Total: 1146303 ns
[2020-08-12T16:56:45.624+0000][6][safepoint    ] Safepoint "Cleanup", Time since last: 1990245906 ns, Reaching safepoint: 843855 ns, At safepoint: 43400 ns, Total: 887255 ns
[2020-08-12T16:56:46.625+0000][6][safepoint    ] Safepoint "Cleanup", Time since last: 1000411382 ns, Reaching safepoint: 409397 ns, At safepoint: 20625 ns, Total: 430022 ns
[2020-08-12T16:56:48.433+0000][6][safepoint    ] Safepoint "Cleanup", Time since last: 1807664322 ns, Reaching safepoint: 881230 ns, At safepoint: 44137 ns, Total: 925367 ns
[2020-08-12T16:56:49.434+0000][6][safepoint    ] Safepoint "Cleanup", Time since last: 1000367120 ns, Reaching safepoint: 646757 ns, At safepoint: 44962 ns, Total: 691719 ns
[2020-08-12T16:56:50.436+0000][6][safepoint    ] Safepoint "Cleanup", Time since last: 1000677206 ns, Reaching safepoint: 788068 ns, At safepoint: 43450 ns, Total: 831518 ns
[2020-08-12T16:56:51.436+0000][6][safepoint    ] Safepoint "Cleanup", Time since last: 1000348996 ns, Reaching safepoint: 253885 ns, At safepoint: 10887 ns, Total: 264772 ns
[2020-08-12T16:56:52.438+0000][6][safepoint    ] Safepoint "Cleanup", Time since last: 1000231372 ns, Reaching safepoint: 930405 ns, At safepoint: 44287 ns, Total: 974692 ns
[2020-08-12T16:56:53.439+0000][6][safepoint    ] Safepoint "Cleanup", Time since last: 1000576344 ns, Reaching safepoint: 939529 ns, At safepoint: 44612 ns, Total: 984141 ns
[2020-08-12T16:56:54.440+0000][6][safepoint    ] Safepoint "Cleanup", Time since last: 1000300959 ns, Reaching safepoint: 523970 ns, At safepoint: 24313 ns, Total: 548283 ns
[2020-08-12T16:56:55.623+0000][6][safepoint    ] Safepoint "Cleanup", Time since last: 1181906688 ns, Reaching safepoint: 693057 ns, At safepoint: 55124 ns, Total: 748181 ns
[2020-08-12T16:56:57.404+0000][6][safepoint    ] Safepoint "Cleanup", Time since last: 1781027381 ns, Reaching safepoint: 460721 ns, At safepoint: 14525 ns, Total: 475246 ns
[2020-08-12T16:56:58.409+0000][6][safepoint    ] Safepoint "Cleanup", Time since last: 1004077585 ns, Reaching safepoint: 698694 ns, At safepoint: 54125 ns, Total: 752819 ns
[2020-08-12T16:56:59.623+0000][6][safepoint    ] Safepoint "Cleanup", Time since last: 1213210546 ns, Reaching safepoint: 827217 ns, At safepoint: 44588 ns, Total: 871805 ns
[2020-08-12T16:57:00.625+0000][6][safepoint    ] Safepoint "Cleanup", Time since last: 1001308134 ns, Reaching safepoint: 686131 ns, At safepoint: 44175 ns, Total: 730306 ns
[2020-08-12T16:57:01.626+0000][6][safepoint    ] Safepoint "Cleanup", Time since last: 1000348993 ns, Reaching safepoint: 543420 ns, At safepoint: 57549 ns, Total: 600969 ns
[2020-08-12T16:57:02.627+0000][6][safepoint    ] Safepoint "Cleanup", Time since last: 1000343243 ns, Reaching safepoint: 718644 ns, At safepoint: 77587 ns, Total: 796231 ns
[2020-08-12T16:57:03.628+0000][6][safepoint    ] Safepoint "Cleanup", Time since last: 1000297068 ns, Reaching safepoint: 828505 ns, At safepoint: 35737 ns, Total: 864242 ns
[2020-08-12T16:57:05.624+0000][6][safepoint    ] Safepoint "Cleanup", Time since last: 1995039359 ns, Reaching safepoint: 684519 ns, At safepoint: 47512 ns, Total: 732031 ns
[2020-08-12T16:57:06.625+0000][6][safepoint    ] Safepoint "Cleanup", Time since last: 1000353293 ns, Reaching safepoint: 731306 ns, At safepoint: 54262 ns, Total: 785568 ns
[2020-08-12T16:57:08.427+0000][6][safepoint    ] Safepoint "Cleanup", Time since last: 1800222588 ns, Reaching safepoint: 914129 ns, At safepoint: 43937 ns, Total: 958066 ns
[2020-08-12T16:57:09.428+0000][6][safepoint    ] Safepoint "Cleanup", Time since last: 1000435405 ns, Reaching safepoint: 770430 ns, At safepoint: 43600 ns, Total: 814030 ns
[2020-08-12T16:57:10.429+0000][6][safepoint    ] Safepoint "Cleanup", Time since last: 1000396180 ns, Reaching safepoint: 910492 ns, At safepoint: 44187 ns, Total: 954679 ns
[2020-08-12T16:57:11.430+0000][6][safepoint    ] Safepoint "Cleanup", Time since last: 1000372117 ns, Reaching safepoint: 869468 ns, At safepoint: 44462 ns, Total: 913930 ns
[2020-08-12T16:57:12.432+0000][6][safepoint    ] Safepoint "Cleanup", Time since last: 1000373117 ns, Reaching safepoint: 832256 ns, At safepoint: 43887 ns, Total: 876143 ns
[2020-08-12T16:57:13.433+0000][6][safepoint    ] Safepoint "Cleanup", Time since last: 1000410929 ns, Reaching safepoint: 878480 ns, At safepoint: 45525 ns, Total: 924005 ns
[2020-08-12T16:57:14.434+0000][6][safepoint    ] Safepoint "Cleanup", Time since last: 1000346805 ns, Reaching safepoint: 820830 ns, At safepoint: 46487 ns, Total: 867317 ns
[2020-08-12T16:57:15.627+0000][6][safepoint    ] Safepoint "Cleanup", Time since last: 1192264352 ns, Reaching safepoint: 688631 ns, At safepoint: 44287 ns, Total: 732918 ns
[2020-08-12T16:57:16.628+0000][6][safepoint    ] Safepoint "Cleanup", Time since last: 1000347680 ns, Reaching safepoint: 537796 ns, At safepoint: 44762 ns, Total: 582558 ns
[2020-08-12T16:57:18.520+0000][6][safepoint    ] Safepoint "Cleanup", Time since last: 1890478547 ns, Reaching safepoint: 1043791 ns, At safepoint: 62512 ns, Total: 1106303 ns
[2020-08-12T16:57:19.521+0000][6][safepoint    ] Safepoint "Cleanup", Time since last: 1000392155 ns, Reaching safepoint: 822155 ns, At safepoint: 45925 ns, Total: 868080 ns
[2020-08-12T16:57:20.626+0000][6][safepoint    ] Safepoint "Cleanup", Time since last: 1104315446 ns, Reaching safepoint: 868718 ns, At safepoint: 45550 ns, Total: 914268 ns
[2020-08-12T16:57:21.627+0000][6][safepoint    ] Safepoint "Cleanup", Time since last: 1000342392 ns, Reaching safepoint: 894080 ns, At safepoint: 43962 ns, Total: 938042 ns
[2020-08-12T16:57:22.628+0000][6][safepoint    ] Safepoint "Cleanup", Time since last: 1000290693 ns, Reaching safepoint: 699169 ns, At safepoint: 27125 ns, Total: 726294 ns
[2020-08-12T16:57:23.630+0000][6][safepoint    ] Safepoint "Cleanup", Time since last: 1000255106 ns, Reaching safepoint: 1018304 ns, At safepoint: 56074 ns, Total: 1074378 ns
[2020-08-12T16:57:24.629+0000][6][safepoint    ] Safepoint "BulkRevokeBias", Time since last: 996003893 ns, Reaching safepoint: 954766 ns, At safepoint: 2635828 ns, Total: 3590594 ns
[2020-08-12T16:57:25.631+0000][6][safepoint    ] Safepoint "Cleanup", Time since last: 1000411592 ns, Reaching safepoint: 861967 ns, At safepoint: 45012 ns, Total: 906979 ns
[2020-08-12T16:57:27.412+0000][6][safepoint    ] Safepoint "Cleanup", Time since last: 1781126452 ns, Reaching safepoint: 559921 ns, At safepoint: 19974 ns, Total: 579895 ns
[2020-08-12T16:57:28.414+0000][6][safepoint    ] Safepoint "Cleanup", Time since last: 1000324093 ns, Reaching safepoint: 836918 ns, At safepoint: 44699 ns, Total: 881617 ns
[2020-08-12T16:57:30.009+0000][6][safepoint    ] Safepoint "Cleanup", Time since last: 1594352000 ns, Reaching safepoint: 910142 ns, At safepoint: 46249 ns, Total: 956391 ns
[2020-08-12T16:57:31.010+0000][6][safepoint    ] Safepoint "Cleanup", Time since last: 1000348818 ns, Reaching safepoint: 1050453 ns, At safepoint: 55912 ns, Total: 1106365 ns
[2020-08-12T16:57:32.012+0000][6][safepoint    ] Safepoint "Cleanup", Time since last: 1000346468 ns, Reaching safepoint: 934667 ns, At safepoint: 43949 ns, Total: 978616 ns
[2020-08-12T16:57:33.013+0000][6][safepoint    ] Safepoint "Cleanup", Time since last: 1000372730 ns, Reaching safepoint: 926155 ns, At safepoint: 44550 ns, Total: 970705 ns
[2020-08-12T16:57:34.014+0000][6][safepoint    ] Safepoint "Cleanup", Time since last: 1000319380 ns, Reaching safepoint: 623519 ns, At safepoint: 30475 ns, Total: 653994 ns
[2020-08-12T16:57:35.628+0000][6][safepoint    ] Safepoint "Cleanup", Time since last: 1613232936 ns, Reaching safepoint: 786619 ns, At safepoint: 44587 ns, Total: 831206 ns
[2020-08-12T16:57:36.629+0000][6][safepoint    ] Safepoint "Cleanup", Time since last: 1000339342 ns, Reaching safepoint: 510271 ns, At safepoint: 45250 ns, Total: 555521 ns
[2020-08-12T16:57:38.463+0000][6][safepoint    ] Safepoint "Cleanup", Time since last: 1833101104 ns, Reaching safepoint: 576470 ns, At safepoint: 44012 ns, Total: 620482 ns
[2020-08-12T16:57:39.464+0000][6][safepoint    ] Safepoint "Cleanup", Time since last: 1000394555 ns, Reaching safepoint: 577607 ns, At safepoint: 46037 ns, Total: 623644 ns
[2020-08-12T16:57:40.629+0000][6][safepoint    ] Safepoint "Cleanup", Time since last: 1164962287 ns, Reaching safepoint: 658644 ns, At safepoint: 44525 ns, Total: 703169 ns
[2020-08-12T16:57:41.630+0000][6][safepoint    ] Safepoint "Cleanup", Time since last: 1000294643 ns, Reaching safepoint: 370672 ns, At safepoint: 17075 ns, Total: 387747 ns
[2020-08-12T16:57:42.631+0000][6][safepoint    ] Safepoint "Cleanup", Time since last: 1000244055 ns, Reaching safepoint: 791844 ns, At safepoint: 45799 ns, Total: 837643 ns
[2020-08-12T16:57:43.632+0000][6][safepoint    ] Safepoint "Cleanup", Time since last: 1000299218 ns, Reaching safepoint: 738106 ns, At safepoint: 29325 ns, Total: 767431 ns
[2020-08-12T16:57:45.630+0000][6][safepoint    ] Safepoint "Cleanup", Time since last: 1997132353 ns, Reaching safepoint: 799206 ns, At safepoint: 46362 ns, Total: 845568 ns
[2020-08-12T16:57:46.631+0000][6][safepoint    ] Safepoint "Cleanup", Time since last: 1000348630 ns, Reaching safepoint: 642257 ns, At safepoint: 44837 ns, Total: 687094 ns
[2020-08-12T16:57:48.447+0000][6][safepoint    ] Safepoint "Cleanup", Time since last: 1815132909 ns, Reaching safepoint: 801293 ns, At safepoint: 55737 ns, Total: 857030 ns
[2020-08-12T16:57:49.448+0000][6][safepoint    ] Safepoint "Cleanup", Time since last: 1000345331 ns, Reaching safepoint: 688606 ns, At safepoint: 53837 ns, Total: 742443 ns
[2020-08-12T16:57:50.449+0000][6][safepoint    ] Safepoint "Cleanup", Time since last: 1000349605 ns, Reaching safepoint: 644857 ns, At safepoint: 44950 ns, Total: 689807 ns
[2020-08-12T16:57:51.450+0000][6][safepoint    ] Safepoint "Cleanup", Time since last: 1000301218 ns, Reaching safepoint: 477633 ns, At safepoint: 20637 ns, Total: 498270 ns
[2020-08-12T16:57:52.451+0000][6][safepoint    ] Safepoint "Cleanup", Time since last: 1000257381 ns, Reaching safepoint: 922530 ns, At safepoint: 43874 ns, Total: 966404 ns
[2020-08-12T16:57:53.453+0000][6][safepoint    ] Safepoint "Cleanup", Time since last: 1000388768 ns, Reaching safepoint: 860667 ns, At safepoint: 44200 ns, Total: 904867 ns
[2020-08-12T16:57:54.454+0000][6][safepoint    ] Safepoint "Cleanup", Time since last: 1000390579 ns, Reaching safepoint: 954555 ns, At safepoint: 66574 ns, Total: 1021129 ns
[2020-08-12T16:57:55.631+0000][6][safepoint    ] Safepoint "Cleanup", Time since last: 1176239377 ns, Reaching safepoint: 869818 ns, At safepoint: 47324 ns, Total: 917142 ns
[2020-08-12T16:57:56.632+0000][6][safepoint    ] Safepoint "Cleanup", Time since last: 1000333505 ns, Reaching safepoint: 833856 ns, At safepoint: 43137 ns, Total: 876993 ns
[2020-08-12T16:57:58.405+0000][6][safepoint    ] Safepoint "Cleanup", Time since last: 1771593559 ns, Reaching safepoint: 924967 ns, At safepoint: 44975 ns, Total: 969942 ns
[2020-08-12T16:57:59.631+0000][6][safepoint    ] Safepoint "Cleanup", Time since last: 1224402487 ns, Reaching safepoint: 1089103 ns, At safepoint: 45262 ns, Total: 1134365 ns
[2020-08-12T16:58:00.632+0000][6][safepoint    ] Safepoint "Cleanup", Time since last: 1001117936 ns, Reaching safepoint: 651332 ns, At safepoint: 43837 ns, Total: 695169 ns
[2020-08-12T16:58:01.633+0000][6][safepoint    ] Safepoint "Cleanup", Time since last: 1000339130 ns, Reaching safepoint: 588082 ns, At safepoint: 43550 ns, Total: 631632 ns
[2020-08-12T16:58:02.634+0000][6][safepoint    ] Safepoint "Cleanup", Time since last: 1000320630 ns, Reaching safepoint: 580683 ns, At safepoint: 56024 ns, Total: 636707 ns
[2020-08-12T16:58:03.635+0000][6][safepoint    ] Safepoint "Cleanup", Time since last: 1000347555 ns, Reaching safepoint: 693944 ns, At safepoint: 55562 ns, Total: 749506 ns
[2020-08-12T16:58:05.632+0000][6][safepoint    ] Safepoint "Cleanup", Time since last: 1995514968 ns, Reaching safepoint: 779855 ns, At safepoint: 44188 ns, Total: 824043 ns
[2020-08-12T16:58:06.633+0000][6][safepoint    ] Safepoint "Cleanup", Time since last: 1000378454 ns, Reaching safepoint: 536758 ns, At safepoint: 30487 ns, Total: 567245 ns
[2020-08-12T16:58:08.497+0000][6][safepoint    ] Safepoint "Cleanup", Time since last: 1863437368 ns, Reaching safepoint: 657232 ns, At safepoint: 109237 ns, Total: 766469 ns
[2020-08-12T16:58:09.498+0000][6][safepoint    ] Safepoint "Cleanup", Time since last: 1000300430 ns, Reaching safepoint: 462134 ns, At safepoint: 30062 ns, Total: 492196 ns
[2020-08-12T16:58:10.499+0000][6][safepoint    ] Safepoint "Cleanup", Time since last: 1000333168 ns, Reaching safepoint: 491783 ns, At safepoint: 33962 ns, Total: 525745 ns
[2020-08-12T16:58:11.501+0000][6][safepoint    ] Safepoint "Cleanup", Time since last: 1001501433 ns, Reaching safepoint: 833230 ns, At safepoint: 70199 ns, Total: 903429 ns
[2020-08-12T16:58:12.502+0000][6][safepoint    ] Safepoint "Cleanup", Time since last: 1000357930 ns, Reaching safepoint: 849755 ns, At safepoint: 56825 ns, Total: 906580 ns
[2020-08-12T16:58:13.504+0000][6][safepoint    ] Safepoint "Cleanup", Time since last: 1000789451 ns, Reaching safepoint: 817893 ns, At safepoint: 152161 ns, Total: 970054 ns
[2020-08-12T16:58:14.505+0000][6][safepoint    ] Safepoint "Cleanup", Time since last: 1000349980 ns, Reaching safepoint: 922705 ns, At safepoint: 56474 ns, Total: 979179 ns
[2020-08-12T16:58:15.635+0000][6][safepoint    ] Safepoint "Cleanup", Time since last: 1129445918 ns, Reaching safepoint: 626620 ns, At safepoint: 44724 ns, Total: 671344 ns
[2020-08-12T16:58:16.636+0000][6][safepoint    ] Safepoint "Cleanup", Time since last: 1000345268 ns, Reaching safepoint: 509958 ns, At safepoint: 44900 ns, Total: 554858 ns
[2020-08-12T16:58:18.447+0000][6][safepoint    ] Safepoint "Cleanup", Time since last: 1810017403 ns, Reaching safepoint: 1053828 ns, At safepoint: 48700 ns, Total: 1102528 ns
[2020-08-12T16:58:19.449+0000][6][safepoint    ] Safepoint "Cleanup", Time since last: 1000459841 ns, Reaching safepoint: 542183 ns, At safepoint: 56112 ns, Total: 598295 ns
[2020-08-12T16:58:20.636+0000][6][safepoint    ] Safepoint "Cleanup", Time since last: 1186728774 ns, Reaching safepoint: 425584 ns, At safepoint: 53975 ns, Total: 479559 ns
[2020-08-12T16:58:21.637+0000][6][safepoint    ] Safepoint "Cleanup", Time since last: 1000396767 ns, Reaching safepoint: 830393 ns, At safepoint: 46099 ns, Total: 876492 ns
[2020-08-12T16:58:22.638+0000][6][safepoint    ] Safepoint "Cleanup", Time since last: 1000277968 ns, Reaching safepoint: 648520 ns, At safepoint: 47237 ns, Total: 695757 ns
[2020-08-12T16:58:23.639+0000][6][safepoint    ] Safepoint "Cleanup", Time since last: 1000297730 ns, Reaching safepoint: 749956 ns, At safepoint: 73950 ns, Total: 823906 ns
[2020-08-12T16:58:25.637+0000][6][safepoint    ] Safepoint "Cleanup", Time since last: 1997468575 ns, Reaching safepoint: 717231 ns, At safepoint: 45425 ns, Total: 762656 ns
[2020-08-12T16:58:26.638+0000][6][safepoint    ] Safepoint "Cleanup", Time since last: 1000325280 ns, Reaching safepoint: 629208 ns, At safepoint: 56612 ns, Total: 685820 ns
[2020-08-12T16:58:28.294+0000][6][safepoint    ] Safepoint "Cleanup", Time since last: 1654903114 ns, Reaching safepoint: 578595 ns, At safepoint: 111299 ns, Total: 689894 ns
[2020-08-12T16:58:29.935+0000][6][safepoint    ] Safepoint "Cleanup", Time since last: 1640484027 ns, Reaching safepoint: 640382 ns, At safepoint: 46487 ns, Total: 686869 ns
[2020-08-12T16:58:30.936+0000][6][safepoint    ] Safepoint "Cleanup", Time since last: 1000353105 ns, Reaching safepoint: 704169 ns, At safepoint: 53912 ns, Total: 758081 ns
[2020-08-12T16:58:31.937+0000][6][safepoint    ] Safepoint "Cleanup", Time since last: 1000335955 ns, Reaching safepoint: 784981 ns, At safepoint: 48274 ns, Total: 833255 ns
[2020-08-12T16:58:32.938+0000][6][safepoint    ] Safepoint "Cleanup", Time since last: 1000318318 ns, Reaching safepoint: 625645 ns, At safepoint: 45899 ns, Total: 671544 ns
[2020-08-12T16:58:33.939+0000][6][safepoint    ] Safepoint "Cleanup", Time since last: 1000290706 ns, Reaching safepoint: 553608 ns, At safepoint: 29087 ns, Total: 582695 ns
[2020-08-12T16:58:35.640+0000][6][safepoint    ] Safepoint "Cleanup", Time since last: 1700056513 ns, Reaching safepoint: 836743 ns, At safepoint: 44249 ns, Total: 880992 ns
[2020-08-12T16:58:36.641+0000][6][safepoint    ] Safepoint "Cleanup", Time since last: 1000345618 ns, Reaching safepoint: 539808 ns, At safepoint: 44149 ns, Total: 583957 ns
[2020-08-12T16:58:38.404+0000][6][safepoint    ] Safepoint "Cleanup", Time since last: 1762039630 ns, Reaching safepoint: 693469 ns, At safepoint: 140073 ns, Total: 833542 ns
[2020-08-12T16:58:39.405+0000][6][safepoint    ] Safepoint "Cleanup", Time since last: 1000357818 ns, Reaching safepoint: 507971 ns, At safepoint: 120136 ns, Total: 628107 ns
[2020-08-12T16:58:40.638+0000][6][safepoint    ] Safepoint "Cleanup", Time since last: 1232453730 ns, Reaching safepoint: 787018 ns, At safepoint: 54000 ns, Total: 841018 ns
[2020-08-12T16:58:41.639+0000][6][safepoint    ] Safepoint "Cleanup", Time since last: 1000245231 ns, Reaching safepoint: 293697 ns, At safepoint: 35925 ns, Total: 329622 ns
[2020-08-12T16:58:42.640+0000][6][safepoint    ] Safepoint "Cleanup", Time since last: 1000558453 ns, Reaching safepoint: 576270 ns, At safepoint: 55200 ns, Total: 631470 ns
[2020-08-12T16:58:43.641+0000][6][safepoint    ] Safepoint "Cleanup", Time since last: 1000347405 ns, Reaching safepoint: 678631 ns, At safepoint: 67137 ns, Total: 745768 ns
[2020-08-12T16:58:45.640+0000][6][safepoint    ] Safepoint "Cleanup", Time since last: 1997722236 ns, Reaching safepoint: 830018 ns, At safepoint: 43812 ns, Total: 873830 ns
[2020-08-12T16:58:46.641+0000][6][safepoint    ] Safepoint "Cleanup", Time since last: 1000365405 ns, Reaching safepoint: 559570 ns, At safepoint: 30012 ns, Total: 589582 ns
[2020-08-12T16:58:48.451+0000][6][safepoint    ] Safepoint "Cleanup", Time since last: 1809982154 ns, Reaching safepoint: 690231 ns, At safepoint: 44262 ns, Total: 734493 ns
[2020-08-12T16:58:49.453+0000][6][safepoint    ] Safepoint "Cleanup", Time since last: 1000348180 ns, Reaching safepoint: 845905 ns, At safepoint: 44112 ns, Total: 890017 ns
[2020-08-12T16:58:50.454+0000][6][safepoint    ] Safepoint "Cleanup", Time since last: 1000428143 ns, Reaching safepoint: 773068 ns, At safepoint: 94862 ns, Total: 867930 ns
[2020-08-12T16:58:51.455+0000][6][safepoint    ] Safepoint "Cleanup", Time since last: 1000351117 ns, Reaching safepoint: 799556 ns, At safepoint: 44849 ns, Total: 844405 ns
[2020-08-12T16:58:52.456+0000][6][safepoint    ] Safepoint "Cleanup", Time since last: 1000339681 ns, Reaching safepoint: 888179 ns, At safepoint: 44737 ns, Total: 932916 ns
[2020-08-12T16:58:53.458+0000][6][safepoint    ] Safepoint "Cleanup", Time since last: 1000344043 ns, Reaching safepoint: 825818 ns, At safepoint: 44825 ns, Total: 870643 ns
[2020-08-12T16:58:54.459+0000][6][safepoint    ] Safepoint "Cleanup", Time since last: 1000368192 ns, Reaching safepoint: 778543 ns, At safepoint: 43775 ns, Total: 822318 ns
[2020-08-12T16:58:55.640+0000][6][safepoint    ] Safepoint "Cleanup", Time since last: 1180460865 ns, Reaching safepoint: 822818 ns, At safepoint: 45550 ns, Total: 868368 ns
[2020-08-12T16:58:56.641+0000][6][safepoint    ] Safepoint "Cleanup", Time since last: 1000349217 ns, Reaching safepoint: 693082 ns, At safepoint: 44624 ns, Total: 737706 ns
[2020-08-12T16:58:58.415+0000][6][safepoint    ] Safepoint "Cleanup", Time since last: 1772813774 ns, Reaching safepoint: 583408 ns, At safepoint: 45687 ns, Total: 629095 ns
[2020-08-12T16:58:59.642+0000][6][safepoint    ] Safepoint "Cleanup", Time since last: 1224837608 ns, Reaching safepoint: 2280268 ns, At safepoint: 49725 ns, Total: 2329993 ns
[2020-08-12T16:59:00.644+0000][6][safepoint    ] Safepoint "Cleanup", Time since last: 1001283109 ns, Reaching safepoint: 888842 ns, At safepoint: 68962 ns, Total: 957804 ns
[2020-08-12T16:59:01.645+0000][6][safepoint    ] Safepoint "Cleanup", Time since last: 1000424142 ns, Reaching safepoint: 731681 ns, At safepoint: 45237 ns, Total: 776918 ns
[2020-08-12T16:59:02.646+0000][6][safepoint    ] Safepoint "Cleanup", Time since last: 1000351105 ns, Reaching safepoint: 646545 ns, At safepoint: 45112 ns, Total: 691657 ns
[2020-08-12T16:59:03.647+0000][6][safepoint    ] Safepoint "Cleanup", Time since last: 1000321668 ns, Reaching safepoint: 794280 ns, At safepoint: 43150 ns, Total: 837430 ns
[2020-08-12T16:59:05.641+0000][6][safepoint    ] Safepoint "Cleanup", Time since last: 1992972914 ns, Reaching safepoint: 536683 ns, At safepoint: 31650 ns, Total: 568333 ns
[2020-08-12T16:59:06.642+0000][6][safepoint    ] Safepoint "Cleanup", Time since last: 1000263993 ns, Reaching safepoint: 553933 ns, At safepoint: 69774 ns, Total: 623707 ns
[2020-08-12T16:59:07.457+0000][6][safepoint    ] Safepoint "BulkRevokeBias", Time since last: 812035753 ns, Reaching safepoint: 721231 ns, At safepoint: 2321193 ns, Total: 3042424 ns
[2020-08-12T16:59:08.458+0000][6][safepoint    ] Safepoint "Cleanup", Time since last: 1000378442 ns, Reaching safepoint: 845405 ns, At safepoint: 43725 ns, Total: 889130 ns
[2020-08-12T16:59:09.459+0000][6][safepoint    ] Safepoint "Cleanup", Time since last: 1000339505 ns, Reaching safepoint: 612720 ns, At safepoint: 44349 ns, Total: 657069 ns
[2020-08-12T16:59:10.460+0000][6][safepoint    ] Safepoint "Cleanup", Time since last: 1000350543 ns, Reaching safepoint: 667457 ns, At safepoint: 46787 ns, Total: 714244 ns
[2020-08-12T16:59:11.461+0000][6][safepoint    ] Safepoint "Cleanup", Time since last: 1000286355 ns, Reaching safepoint: 354210 ns, At safepoint: 18112 ns, Total: 372322 ns
[2020-08-12T16:59:12.462+0000][6][safepoint    ] Safepoint "Cleanup", Time since last: 1000235669 ns, Reaching safepoint: 595407 ns, At safepoint: 46075 ns, Total: 641482 ns
[2020-08-12T16:59:13.463+0000][6][safepoint    ] Safepoint "Cleanup", Time since last: 1000395879 ns, Reaching safepoint: 679894 ns, At safepoint: 56637 ns, Total: 736531 ns
[2020-08-12T16:59:14.464+0000][6][safepoint    ] Safepoint "Cleanup", Time since last: 1000311881 ns, Reaching safepoint: 796718 ns, At safepoint: 36174 ns, Total: 832892 ns
[2020-08-12T16:59:14.641+0000][6][safepoint    ] Safepoint "BulkRevokeBias", Time since last: 174565196 ns, Reaching safepoint: 665245 ns, At safepoint: 1751134 ns, Total: 2416379 ns
[2020-08-12T16:59:15.643+0000][6][safepoint    ] Safepoint "Cleanup", Time since last: 1000857689 ns, Reaching safepoint: 764631 ns, At safepoint: 44799 ns, Total: 809430 ns
[2020-08-12T16:59:16.644+0000][6][safepoint    ] Safepoint "Cleanup", Time since last: 1000342005 ns, Reaching safepoint: 386997 ns, At safepoint: 19475 ns, Total: 406472 ns
[2020-08-12T16:59:18.506+0000][6][safepoint    ] Safepoint "Cleanup", Time since last: 1861867531 ns, Reaching safepoint: 816818 ns, At safepoint: 59950 ns, Total: 876768 ns
[2020-08-12T16:59:19.507+0000][6][safepoint    ] Safepoint "Cleanup", Time since last: 1000353492 ns, Reaching safepoint: 738231 ns, At safepoint: 44762 ns, Total: 782993 ns
[2020-08-12T16:59:19.649+0000][6][safepoint    ] Safepoint "BulkRevokeBias", Time since last: 138084273 ns, Reaching safepoint: 652169 ns, At safepoint: 3197710 ns, Total: 3849879 ns
[2020-08-12T16:59:20.651+0000][6][safepoint    ] Safepoint "Cleanup", Time since last: 1000833739 ns, Reaching safepoint: 534207 ns, At safepoint: 45188 ns, Total: 579395 ns
[2020-08-12T16:59:21.652+0000][6][safepoint    ] Safepoint "Cleanup", Time since last: 1000387729 ns, Reaching safepoint: 460321 ns, At safepoint: 45300 ns, Total: 505621 ns
[2020-08-12T16:59:22.653+0000][6][safepoint    ] Safepoint "Cleanup", Time since last: 1000364855 ns, Reaching safepoint: 532370 ns, At safepoint: 45337 ns, Total: 577707 ns
[2020-08-12T16:59:23.654+0000][6][safepoint    ] Safepoint "Cleanup", Time since last: 1000345993 ns, Reaching safepoint: 1056241 ns, At safepoint: 56137 ns, Total: 1112378 ns
[2020-08-12T16:59:25.642+0000][6][safepoint    ] Safepoint "Cleanup", Time since last: 1987680860 ns, Reaching safepoint: 667344 ns, At safepoint: 52474 ns, Total: 719818 ns
[2020-08-12T16:59:26.643+0000][6][safepoint    ] Safepoint "Cleanup", Time since last: 1000367305 ns, Reaching safepoint: 500021 ns, At safepoint: 44012 ns, Total: 544033 ns
[2020-08-12T16:59:28.365+0000][6][safepoint    ] Safepoint "Cleanup", Time since last: 1720766610 ns, Reaching safepoint: 623382 ns, At safepoint: 44612 ns, Total: 667994 ns
[2020-08-12T16:59:29.827+0000][6][safepoint    ] Safepoint "Cleanup", Time since last: 1461672430 ns, Reaching safepoint: 845468 ns, At safepoint: 58887 ns, Total: 904355 ns
[2020-08-12T16:59:30.828+0000][6][safepoint    ] Safepoint "Cleanup", Time since last: 1000349779 ns, Reaching safepoint: 609620 ns, At safepoint: 44812 ns, Total: 654432 ns
[2020-08-12T16:59:31.830+0000][6][safepoint    ] Safepoint "Cleanup", Time since last: 1000341243 ns, Reaching safepoint: 746344 ns, At safepoint: 53287 ns, Total: 799631 ns
[2020-08-12T16:59:32.830+0000][6][safepoint    ] Safepoint "Cleanup", Time since last: 1000313893 ns, Reaching safepoint: 467483 ns, At safepoint: 58087 ns, Total: 525570 ns
[2020-08-12T16:59:33.831+0000][6][safepoint    ] Safepoint "Cleanup", Time since last: 1000350805 ns, Reaching safepoint: 346947 ns, At safepoint: 16788 ns, Total: 363735 ns
[2020-08-12T16:59:35.644+0000][6][safepoint    ] Safepoint "Cleanup", Time since last: 1812036798 ns, Reaching safepoint: 863455 ns, At safepoint: 40149 ns, Total: 903604 ns
[2020-08-12T16:59:36.645+0000][6][safepoint    ] Safepoint "Cleanup", Time since last: 1000202132 ns, Reaching safepoint: 399496 ns, At safepoint: 36250 ns, Total: 435746 ns
[2020-08-12T16:59:38.348+0000][6][safepoint    ] Safepoint "Cleanup", Time since last: 1702820389 ns, Reaching safepoint: 665895 ns, At safepoint: 52737 ns, Total: 718632 ns
[2020-08-12T16:59:39.349+0000][6][safepoint    ] Safepoint "Cleanup", Time since last: 1000321280 ns, Reaching safepoint: 703119 ns, At safepoint: 34087 ns, Total: 737206 ns
[2020-08-12T16:59:40.646+0000][6][safepoint    ] Safepoint "Cleanup", Time since last: 1296830638 ns, Reaching safepoint: 364222 ns, At safepoint: 17475 ns, Total: 381697 ns
[2020-08-12T16:59:41.647+0000][6][safepoint    ] Safepoint "Cleanup", Time since last: 1000202944 ns, Reaching safepoint: 468971 ns, At safepoint: 20562 ns, Total: 489533 ns
[2020-08-12T16:59:42.648+0000][6][safepoint    ] Safepoint "Cleanup", Time since last: 1000254168 ns, Reaching safepoint: 751806 ns, At safepoint: 37950 ns, Total: 789756 ns
[2020-08-12T16:59:43.649+0000][6][safepoint    ] Safepoint "Cleanup", Time since last: 1000273955 ns, Reaching safepoint: 748919 ns, At safepoint: 31187 ns, Total: 780106 ns
[2020-08-12T16:59:45.645+0000][6][safepoint    ] Safepoint "Cleanup", Time since last: 1994501039 ns, Reaching safepoint: 866805 ns, At safepoint: 43424 ns, Total: 910229 ns
[2020-08-12T16:59:46.645+0000][6][safepoint    ] Safepoint "Cleanup", Time since last: 1000374330 ns, Reaching safepoint: 363222 ns, At safepoint: 18250 ns, Total: 381472 ns
[2020-08-12T16:59:48.451+0000][6][safepoint    ] Safepoint "Cleanup", Time since last: 1804308752 ns, Reaching safepoint: 837631 ns, At safepoint: 44849 ns, Total: 882480 ns
[2020-08-12T16:59:49.452+0000][6][safepoint    ] Safepoint "Cleanup", Time since last: 1000346780 ns, Reaching safepoint: 752431 ns, At safepoint: 58262 ns, Total: 810693 ns
[2020-08-12T16:59:50.453+0000][6][safepoint    ] Safepoint "Cleanup", Time since last: 1000736877 ns, Reaching safepoint: 762143 ns, At safepoint: 46175 ns, Total: 808318 ns
[2020-08-12T16:59:51.454+0000][6][safepoint    ] Safepoint "Cleanup", Time since last: 1000516966 ns, Reaching safepoint: 488933 ns, At safepoint: 44325 ns, Total: 533258 ns
[2020-08-12T16:59:52.456+0000][6][safepoint    ] Safepoint "Cleanup", Time since last: 1000655752 ns, Reaching safepoint: 1077491 ns, At safepoint: 45562 ns, Total: 1123053 ns
[2020-08-12T16:59:53.457+0000][6][safepoint    ] Safepoint "Cleanup", Time since last: 1000290793 ns, Reaching safepoint: 390859 ns, At safepoint: 19100 ns, Total: 409959 ns
[2020-08-12T16:59:54.457+0000][6][safepoint    ] Safepoint "Cleanup", Time since last: 1000207731 ns, Reaching safepoint: 372422 ns, At safepoint: 12825 ns, Total: 385247 ns
[2020-08-12T16:59:55.644+0000][6][safepoint    ] Safepoint "Cleanup", Time since last: 1185634946 ns, Reaching safepoint: 896567 ns, At safepoint: 49387 ns, Total: 945954 ns
[2020-08-12T16:59:56.645+0000][6][safepoint    ] Safepoint "Cleanup", Time since last: 1000294381 ns, Reaching safepoint: 817393 ns, At safepoint: 20837 ns, Total: 838230 ns
[2020-08-12T16:59:58.380+0000][6][safepoint    ] Safepoint "Cleanup", Time since last: 1733835260 ns, Reaching safepoint: 933492 ns, At safepoint: 47799 ns, Total: 981291 ns
[2020-08-12T16:59:59.645+0000][6][safepoint    ] Safepoint "Cleanup", Time since last: 1264285031 ns, Reaching safepoint: 1158328 ns, At safepoint: 29949 ns, Total: 1188277 ns
[2020-08-12T17:00:00.647+0000][6][safepoint    ] Safepoint "Cleanup", Time since last: 1000877738 ns, Reaching safepoint: 825531 ns, At safepoint: 44337 ns, Total: 869868 ns
[2020-08-12T17:00:01.648+0000][6][safepoint    ] Safepoint "Cleanup", Time since last: 1000289505 ns, Reaching safepoint: 323323 ns, At safepoint: 15387 ns, Total: 338710 ns
[2020-08-12T17:00:02.649+0000][6][safepoint    ] Safepoint "Cleanup", Time since last: 1000293218 ns, Reaching safepoint: 889842 ns, At safepoint: 67550 ns, Total: 957392 ns
[2020-08-12T17:00:03.651+0000][6][safepoint    ] Safepoint "Cleanup", Time since last: 1000335717 ns, Reaching safepoint: 1097303 ns, At safepoint: 63825 ns, Total: 1161128 ns
[2020-08-12T17:00:05.647+0000][6][safepoint    ] Safepoint "Cleanup", Time since last: 1995519505 ns, Reaching safepoint: 917754 ns, At safepoint: 47012 ns, Total: 964766 ns
[2020-08-12T17:00:06.648+0000][6][safepoint    ] Safepoint "Cleanup", Time since last: 1000308343 ns, Reaching safepoint: 490633 ns, At safepoint: 105250 ns, Total: 595883 ns
[2020-08-12T17:00:08.493+0000][6][safepoint    ] Safepoint "Cleanup", Time since last: 1844367069 ns, Reaching safepoint: 829018 ns, At safepoint: 59600 ns, Total: 888618 ns
[2020-08-12T17:00:09.494+0000][6][safepoint    ] Safepoint "Cleanup", Time since last: 1000297330 ns, Reaching safepoint: 445558 ns, At safepoint: 20138 ns, Total: 465696 ns
[2020-08-12T17:00:10.495+0000][6][safepoint    ] Safepoint "Cleanup", Time since last: 1000290418 ns, Reaching safepoint: 906592 ns, At safepoint: 45912 ns, Total: 952504 ns
[2020-08-12T17:00:11.498+0000][6][safepoint    ] Safepoint "Cleanup", Time since last: 1000345518 ns, Reaching safepoint: 2465641 ns, At safepoint: 49200 ns, Total: 2514841 ns
[2020-08-12T17:00:12.499+0000][6][safepoint    ] Safepoint "Cleanup", Time since last: 1000533978 ns, Reaching safepoint: 641732 ns, At safepoint: 35637 ns, Total: 677369 ns
[2020-08-12T17:00:13.500+0000][6][safepoint    ] Safepoint "Cleanup", Time since last: 1000311256 ns, Reaching safepoint: 700331 ns, At safepoint: 52425 ns, Total: 752756 ns
[2020-08-12T17:00:14.501+0000][6][safepoint    ] Safepoint "Cleanup", Time since last: 1000340817 ns, Reaching safepoint: 639482 ns, At safepoint: 45500 ns, Total: 684982 ns
[2020-08-12T17:00:15.648+0000][6][safepoint    ] Safepoint "Cleanup", Time since last: 1146065324 ns, Reaching safepoint: 679919 ns, At safepoint: 43975 ns, Total: 723894 ns
[2020-08-12T17:00:16.649+0000][6][safepoint    ] Safepoint "Cleanup", Time since last: 1000342618 ns, Reaching safepoint: 637419 ns, At safepoint: 45262 ns, Total: 682681 ns
[2020-08-12T17:00:18.348+0000][6][safepoint    ] Safepoint "Cleanup", Time since last: 1697652859 ns, Reaching safepoint: 690444 ns, At safepoint: 44775 ns, Total: 735219 ns
[2020-08-12T17:00:19.348+0000][6][safepoint    ] Safepoint "Cleanup", Time since last: 1000401092 ns, Reaching safepoint: 425809 ns, At safepoint: 24475 ns, Total: 450284 ns
[2020-08-12T17:00:20.650+0000][6][safepoint    ] Safepoint "Cleanup", Time since last: 1301100326 ns, Reaching safepoint: 660532 ns, At safepoint: 44574 ns, Total: 705106 ns
[2020-08-12T17:00:21.651+0000][6][safepoint    ] Safepoint "Cleanup", Time since last: 1000302618 ns, Reaching safepoint: 383584 ns, At safepoint: 96562 ns, Total: 480146 ns
[2020-08-12T17:00:22.652+0000][6][safepoint    ] Safepoint "Cleanup", Time since last: 1000343993 ns, Reaching safepoint: 821943 ns, At safepoint: 45962 ns, Total: 867905 ns
[2020-08-12T17:00:23.654+0000][6][safepoint    ] Safepoint "Cleanup", Time since last: 1000339080 ns, Reaching safepoint: 1059940 ns, At safepoint: 63200 ns, Total: 1123140 ns
[2020-08-12T17:00:25.649+0000][6][safepoint    ] Safepoint "Cleanup", Time since last: 1994767274 ns, Reaching safepoint: 748618 ns, At safepoint: 46987 ns, Total: 795605 ns
[2020-08-12T17:00:26.650+0000][6][safepoint    ] Safepoint "Cleanup", Time since last: 1000348593 ns, Reaching safepoint: 536445 ns, At safepoint: 44612 ns, Total: 581057 ns
[2020-08-12T17:00:28.250+0000][6][safepoint    ] Safepoint "Cleanup", Time since last: 1599750178 ns, Reaching safepoint: 390509 ns, At safepoint: 32937 ns, Total: 423446 ns
[2020-08-12T17:00:29.657+0000][6][safepoint    ] Safepoint "Cleanup", Time since last: 1405602563 ns, Reaching safepoint: 795268 ns, At safepoint: 44263 ns, Total: 839531 ns
[2020-08-12T17:00:30.658+0000][6][safepoint    ] Safepoint "Cleanup", Time since last: 1000418604 ns, Reaching safepoint: 941692 ns, At safepoint: 70249 ns, Total: 1011941 ns
[2020-08-12T17:00:31.659+0000][6][safepoint    ] Safepoint "Cleanup", Time since last: 1000294568 ns, Reaching safepoint: 381597 ns, At safepoint: 20762 ns, Total: 402359 ns
[2020-08-12T17:00:32.660+0000][6][safepoint    ] Safepoint "Cleanup", Time since last: 1000259994 ns, Reaching safepoint: 619332 ns, At safepoint: 52574 ns, Total: 671906 ns
[2020-08-12T17:00:33.661+0000][6][safepoint    ] Safepoint "Cleanup", Time since last: 1000397717 ns, Reaching safepoint: 1091504 ns, At safepoint: 54912 ns, Total: 1146416 ns
[2020-08-12T17:00:35.651+0000][6][safepoint    ] Safepoint "Cleanup", Time since last: 1988604014 ns, Reaching safepoint: 612432 ns, At safepoint: 44362 ns, Total: 656794 ns
[2020-08-12T17:00:36.652+0000][6][safepoint    ] Safepoint "Cleanup", Time since last: 1000293668 ns, Reaching safepoint: 827743 ns, At safepoint: 49025 ns, Total: 876768 ns
[2020-08-12T17:00:38.447+0000][6][safepoint    ] Safepoint "Cleanup", Time since last: 1793993691 ns, Reaching safepoint: 899217 ns, At safepoint: 44525 ns, Total: 943742 ns
[2020-08-12T17:00:39.448+0000][6][safepoint    ] Safepoint "Cleanup", Time since last: 1000446267 ns, Reaching safepoint: 793293 ns, At safepoint: 44649 ns, Total: 837942 ns
[2020-08-12T17:00:40.651+0000][6][safepoint    ] Safepoint "Cleanup", Time since last: 1202076879 ns, Reaching safepoint: 610408 ns, At safepoint: 52524 ns, Total: 662932 ns
[2020-08-12T17:00:41.651+0000][6][safepoint    ] Safepoint "Cleanup", Time since last: 1000401380 ns, Reaching safepoint: 254273 ns, At safepoint: 11950 ns, Total: 266223 ns
[2020-08-12T17:00:42.652+0000][6][safepoint    ] Safepoint "Cleanup", Time since last: 1000224493 ns, Reaching safepoint: 642045 ns, At safepoint: 44512 ns, Total: 686557 ns
[2020-08-12T17:00:43.654+0000][6][safepoint    ] Safepoint "Cleanup", Time since last: 1000313943 ns, Reaching safepoint: 840005 ns, At safepoint: 43249 ns, Total: 883254 ns
[2020-08-12T17:00:45.651+0000][6][safepoint    ] Safepoint "Cleanup", Time since last: 1996982530 ns, Reaching safepoint: 656394 ns, At safepoint: 44988 ns, Total: 701382 ns
[2020-08-12T17:00:46.652+0000][6][safepoint    ] Safepoint "Cleanup", Time since last: 1000281305 ns, Reaching safepoint: 433346 ns, At safepoint: 57412 ns, Total: 490758 ns
[2020-08-12T17:00:48.413+0000][6][safepoint    ] Safepoint "Cleanup", Time since last: 1760412031 ns, Reaching safepoint: 661082 ns, At safepoint: 53662 ns, Total: 714744 ns
[2020-08-12T17:00:49.414+0000][6][safepoint    ] Safepoint "Cleanup", Time since last: 1000301843 ns, Reaching safepoint: 388584 ns, At safepoint: 19450 ns, Total: 408034 ns
[2020-08-12T17:00:50.415+0000][6][safepoint    ] Safepoint "Cleanup", Time since last: 1000287305 ns, Reaching safepoint: 840931 ns, At safepoint: 67837 ns, Total: 908768 ns
[2020-08-12T17:00:51.417+0000][6][safepoint    ] Safepoint "Cleanup", Time since last: 1000371279 ns, Reaching safepoint: 1764298 ns, At safepoint: 77287 ns, Total: 1841585 ns
[2020-08-12T17:00:52.418+0000][6][safepoint    ] Safepoint "Cleanup", Time since last: 1000343480 ns, Reaching safepoint: 729518 ns, At safepoint: 45087 ns, Total: 774605 ns
[2020-08-12T17:00:53.419+0000][6][safepoint    ] Safepoint "Cleanup", Time since last: 1000345931 ns, Reaching safepoint: 647869 ns, At safepoint: 44975 ns, Total: 692844 ns
[2020-08-12T17:00:54.421+0000][6][safepoint    ] Safepoint "Cleanup", Time since last: 1000347605 ns, Reaching safepoint: 815430 ns, At safepoint: 44912 ns, Total: 860342 ns
[2020-08-12T17:00:55.654+0000][6][safepoint    ] Safepoint "Cleanup", Time since last: 1232780952 ns, Reaching safepoint: 786994 ns, At safepoint: 58424 ns, Total: 845418 ns
[2020-08-12T17:00:56.655+0000][6][safepoint    ] Safepoint "Cleanup", Time since last: 1000295280 ns, Reaching safepoint: 474921 ns, At safepoint: 56662 ns, Total: 531583 ns
[2020-08-12T17:00:58.402+0000][6][safepoint    ] Safepoint "Cleanup", Time since last: 1746541050 ns, Reaching safepoint: 778356 ns, At safepoint: 53437 ns, Total: 831793 ns
[2020-08-12T17:00:59.652+0000][6][safepoint    ] Safepoint "Cleanup", Time since last: 1249100962 ns, Reaching safepoint: 889505 ns, At safepoint: 45000 ns, Total: 934505 ns
[2020-08-12T17:01:00.654+0000][6][safepoint    ] Safepoint "Cleanup", Time since last: 1001205572 ns, Reaching safepoint: 648644 ns, At safepoint: 46500 ns, Total: 695144 ns
[2020-08-12T17:01:01.655+0000][6][safepoint    ] Safepoint "Cleanup", Time since last: 1000308693 ns, Reaching safepoint: 509821 ns, At safepoint: 57224 ns, Total: 567045 ns
[2020-08-12T17:01:02.656+0000][6][safepoint    ] Safepoint "Cleanup", Time since last: 1000349155 ns, Reaching safepoint: 732406 ns, At safepoint: 46500 ns, Total: 778906 ns
[2020-08-12T17:01:03.658+0000][6][safepoint    ] Safepoint "Cleanup", Time since last: 1000348580 ns, Reaching safepoint: 1032729 ns, At safepoint: 62587 ns, Total: 1095316 ns
[2020-08-12T17:01:04.687+0000][6][safepoint    ] Safepoint "Cleanup", Time since last: 1000389354 ns, Reaching safepoint: 28581217 ns, At safepoint: 133261 ns, Total: 28714478 ns
[2020-08-12T17:01:05.725+0000][6][safepoint    ] Safepoint "Cleanup", Time since last: 1037774370 ns, Reaching safepoint: 730169 ns, At safepoint: 45924 ns, Total: 776093 ns
[2020-08-12T17:01:06.727+0000][6][safepoint    ] Safepoint "Cleanup", Time since last: 1000629253 ns, Reaching safepoint: 550833 ns, At safepoint: 31599 ns, Total: 582432 ns
[2020-08-12T17:01:08.491+0000][6][safepoint    ] Safepoint "Cleanup", Time since last: 1763608253 ns, Reaching safepoint: 848268 ns, At safepoint: 43837 ns, Total: 892105 ns
[2020-08-12T17:01:09.492+0000][6][safepoint    ] Safepoint "Cleanup", Time since last: 1000354730 ns, Reaching safepoint: 666082 ns, At safepoint: 45475 ns, Total: 711557 ns
[2020-08-12T17:01:10.493+0000][6][safepoint    ] Safepoint "Cleanup", Time since last: 1000360805 ns, Reaching safepoint: 690744 ns, At safepoint: 46137 ns, Total: 736881 ns
[2020-08-12T17:01:11.494+0000][6][safepoint    ] Safepoint "Cleanup", Time since last: 1000295443 ns, Reaching safepoint: 352659 ns, At safepoint: 16375 ns, Total: 369034 ns
[2020-08-12T17:01:12.495+0000][6][safepoint    ] Safepoint "Cleanup", Time since last: 1000225618 ns, Reaching safepoint: 965992 ns, At safepoint: 59100 ns, Total: 1025092 ns
[2020-08-12T17:01:13.496+0000][6][safepoint    ] Safepoint "Cleanup", Time since last: 1000339755 ns, Reaching safepoint: 810143 ns, At safepoint: 45087 ns, Total: 855230 ns
[2020-08-12T17:01:14.498+0000][6][safepoint    ] Safepoint "Cleanup", Time since last: 1000339730 ns, Reaching safepoint: 798556 ns, At safepoint: 38437 ns, Total: 836993 ns
[2020-08-12T17:01:15.656+0000][6][safepoint    ] Safepoint "Cleanup", Time since last: 1157157541 ns, Reaching safepoint: 835231 ns, At safepoint: 44749 ns, Total: 879980 ns
[2020-08-12T17:01:16.656+0000][6][safepoint    ] Safepoint "Cleanup", Time since last: 1000325868 ns, Reaching safepoint: 444484 ns, At safepoint: 23524 ns, Total: 468008 ns
[2020-08-12T17:01:18.415+0000][6][safepoint    ] Safepoint "Cleanup", Time since last: 1757648392 ns, Reaching safepoint: 784406 ns, At safepoint: 48549 ns, Total: 832955 ns
[2020-08-12T17:01:19.415+0000][6][safepoint    ] Safepoint "Cleanup", Time since last: 1000284556 ns, Reaching safepoint: 250786 ns, At safepoint: 11100 ns, Total: 261886 ns
[2020-08-12T17:01:19.655+0000][6][safepoint    ] Safepoint "BulkRevokeBias", Time since last: 238045098 ns, Reaching safepoint: 377472 ns, At safepoint: 1048754 ns, Total: 1426226 ns
[2020-08-12T17:01:20.656+0000][6][safepoint    ] Safepoint "Cleanup", Time since last: 1000273930 ns, Reaching safepoint: 843243 ns, At safepoint: 57849 ns, Total: 901092 ns
[2020-08-12T17:01:21.657+0000][6][safepoint    ] Safepoint "Cleanup", Time since last: 1000297555 ns, Reaching safepoint: 499896 ns, At safepoint: 19275 ns, Total: 519171 ns
[2020-08-12T17:01:22.658+0000][6][safepoint    ] Safepoint "Cleanup", Time since last: 1000255644 ns, Reaching safepoint: 857755 ns, At safepoint: 44612 ns, Total: 902367 ns
[2020-08-12T17:01:23.659+0000][6][safepoint    ] Safepoint "Cleanup", Time since last: 1000343193 ns, Reaching safepoint: 881405 ns, At safepoint: 57062 ns, Total: 938467 ns
[2020-08-12T17:01:25.658+0000][6][safepoint    ] Safepoint "Cleanup", Time since last: 1997780235 ns, Reaching safepoint: 621107 ns, At safepoint: 102886 ns, Total: 723993 ns
[2020-08-12T17:01:26.659+0000][6][safepoint    ] Safepoint "Cleanup", Time since last: 1000292656 ns, Reaching safepoint: 386534 ns, At safepoint: 19763 ns, Total: 406297 ns
[2020-08-12T17:01:28.353+0000][6][safepoint    ] Safepoint "Cleanup", Time since last: 1693948240 ns, Reaching safepoint: 749781 ns, At safepoint: 45987 ns, Total: 795768 ns
[2020-08-12T17:01:29.956+0000][6][safepoint    ] Safepoint "Cleanup", Time since last: 1602160395 ns, Reaching safepoint: 701981 ns, At safepoint: 84237 ns, Total: 786218 ns
[2020-08-12T17:01:30.957+0000][6][safepoint    ] Safepoint "Cleanup", Time since last: 1000355180 ns, Reaching safepoint: 662194 ns, At safepoint: 52812 ns, Total: 715006 ns
[2020-08-12T17:01:31.958+0000][6][safepoint    ] Safepoint "Cleanup", Time since last: 1000314555 ns, Reaching safepoint: 614495 ns, At safepoint: 54900 ns, Total: 669395 ns
[2020-08-12T17:01:32.960+0000][6][safepoint    ] Safepoint "Cleanup", Time since last: 1000380917 ns, Reaching safepoint: 846593 ns, At safepoint: 44962 ns, Total: 891555 ns
[2020-08-12T17:01:33.960+0000][6][safepoint    ] Safepoint "Cleanup", Time since last: 1000269418 ns, Reaching safepoint: 255323 ns, At safepoint: 11037 ns, Total: 266360 ns
[2020-08-12T17:01:35.660+0000][6][safepoint    ] Safepoint "Cleanup", Time since last: 1699750529 ns, Reaching safepoint: 402659 ns, At safepoint: 20950 ns, Total: 423609 ns
[2020-08-12T17:01:36.662+0000][6][safepoint    ] Safepoint "Cleanup", Time since last: 1000262117 ns, Reaching safepoint: 984530 ns, At safepoint: 46162 ns, Total: 1030692 ns
[2020-08-12T17:01:38.496+0000][6][safepoint    ] Safepoint "Cleanup", Time since last: 1833517463 ns, Reaching safepoint: 990892 ns, At safepoint: 44112 ns, Total: 1035004 ns
[2020-08-12T17:01:39.498+0000][6][safepoint    ] Safepoint "Cleanup", Time since last: 1000361479 ns, Reaching safepoint: 981455 ns, At safepoint: 44449 ns, Total: 1025904 ns
[2020-08-12T17:01:40.659+0000][6][safepoint    ] Safepoint "Cleanup", Time since last: 1160879122 ns, Reaching safepoint: 777893 ns, At safepoint: 46175 ns, Total: 824068 ns
[2020-08-12T17:01:41.660+0000][6][safepoint    ] Safepoint "Cleanup", Time since last: 1000305755 ns, Reaching safepoint: 441534 ns, At safepoint: 23275 ns, Total: 464809 ns
[2020-08-12T17:01:42.661+0000][6][safepoint    ] Safepoint "Cleanup", Time since last: 1000266943 ns, Reaching safepoint: 668482 ns, At safepoint: 54562 ns, Total: 723044 ns
[2020-08-12T17:01:43.662+0000][6][safepoint    ] Safepoint "Cleanup", Time since last: 1000335380 ns, Reaching safepoint: 970054 ns, At safepoint: 58262 ns, Total: 1028316 ns
[2020-08-12T17:01:44.663+0000][6][safepoint    ] Safepoint "BulkRevokeBias", Time since last: 996858535 ns, Reaching safepoint: 576945 ns, At safepoint: 3441808 ns, Total: 4018753 ns
[2020-08-12T17:01:45.669+0000][6][safepoint    ] Safepoint "Cleanup", Time since last: 1004710268 ns, Reaching safepoint: 536508 ns, At safepoint: 44574 ns, Total: 581082 ns
[2020-08-12T17:01:46.670+0000][6][safepoint    ] Safepoint "Cleanup", Time since last: 1000369292 ns, Reaching safepoint: 821768 ns, At safepoint: 43938 ns, Total: 865706 ns
[2020-08-12T17:01:48.474+0000][6][safepoint    ] Safepoint "Cleanup", Time since last: 1803676695 ns, Reaching safepoint: 906005 ns, At safepoint: 47687 ns, Total: 953692 ns
[2020-08-12T17:01:49.475+0000][6][safepoint    ] Safepoint "Cleanup", Time since last: 1000344480 ns, Reaching safepoint: 581545 ns, At safepoint: 44887 ns, Total: 626432 ns
[2020-08-12T17:01:50.476+0000][6][safepoint    ] Safepoint "Cleanup", Time since last: 1000348943 ns, Reaching safepoint: 646544 ns, At safepoint: 54475 ns, Total: 701019 ns
[2020-08-12T17:01:51.477+0000][6][safepoint    ] Safepoint "Cleanup", Time since last: 1000293742 ns, Reaching safepoint: 583733 ns, At safepoint: 25650 ns, Total: 609383 ns
[2020-08-12T17:01:52.478+0000][6][safepoint    ] Safepoint "Cleanup", Time since last: 1000254330 ns, Reaching safepoint: 696457 ns, At safepoint: 52987 ns, Total: 749444 ns
[2020-08-12T17:01:53.479+0000][6][safepoint    ] Safepoint "Cleanup", Time since last: 1000338055 ns, Reaching safepoint: 705719 ns, At safepoint: 52762 ns, Total: 758481 ns
[2020-08-12T17:01:54.480+0000][6][safepoint    ] Safepoint "Cleanup", Time since last: 1000343705 ns, Reaching safepoint: 629407 ns, At safepoint: 45062 ns, Total: 674469 ns
[2020-08-12T17:01:55.700+0000][6][safepoint    ] Safepoint "Cleanup", Time since last: 1218674649 ns, Reaching safepoint: 864668 ns, At safepoint: 46099 ns, Total: 910767 ns
[2020-08-12T17:01:56.701+0000][6][safepoint    ] Safepoint "Cleanup", Time since last: 1000309468 ns, Reaching safepoint: 479134 ns, At safepoint: 52174 ns, Total: 531308 ns
[2020-08-12T17:01:58.375+0000][6][safepoint    ] Safepoint "Cleanup", Time since last: 1673015196 ns, Reaching safepoint: 868080 ns, At safepoint: 43525 ns, Total: 911605 ns
[2020-08-12T17:01:59.659+0000][6][safepoint    ] Safepoint "Cleanup", Time since last: 1283359929 ns, Reaching safepoint: 696244 ns, At safepoint: 24800 ns, Total: 721044 ns
[2020-08-12T17:02:00.660+0000][6][safepoint    ] Safepoint "Cleanup", Time since last: 1000692927 ns, Reaching safepoint: 668669 ns, At safepoint: 46075 ns, Total: 714744 ns
[2020-08-12T17:02:01.661+0000][6][safepoint    ] Safepoint "Cleanup", Time since last: 1000302455 ns, Reaching safepoint: 518058 ns, At safepoint: 21750 ns, Total: 539808 ns
[2020-08-12T17:02:02.662+0000][6][safepoint    ] Safepoint "Cleanup", Time since last: 1000259881 ns, Reaching safepoint: 830605 ns, At safepoint: 58012 ns, Total: 888617 ns
[2020-08-12T17:02:03.664+0000][6][safepoint    ] Safepoint "Cleanup", Time since last: 1000340168 ns, Reaching safepoint: 1686185 ns, At safepoint: 65637 ns, Total: 1751822 ns
[2020-08-12T17:02:05.662+0000][6][safepoint    ] Safepoint "Cleanup", Time since last: 1997009329 ns, Reaching safepoint: 856555 ns, At safepoint: 44887 ns, Total: 901442 ns
[2020-08-12T17:02:06.663+0000][6][safepoint    ] Safepoint "Cleanup", Time since last: 1000293944 ns, Reaching safepoint: 367459 ns, At safepoint: 16900 ns, Total: 384359 ns
[2020-08-12T17:02:07.442+0000][6][gc,start     ] GC(45) Pause Young (Normal) (G1 Evacuation Pause)
[2020-08-12T17:02:07.442+0000][6][gc,task      ] GC(45) Using 2 workers of 2 for evacuation
[2020-08-12T17:02:07.442+0000][6][gc,age       ] GC(45) Desired survivor size 40370176 bytes, new threshold 15 (max threshold 15)
[2020-08-12T17:02:07.456+0000][6][gc,age       ] GC(45) Age table with threshold 15 (max threshold 15)
[2020-08-12T17:02:07.456+0000][6][gc,age       ] GC(45) - age   1:     374944 bytes,     374944 total
[2020-08-12T17:02:07.456+0000][6][gc,age       ] GC(45) - age   2:     219592 bytes,     594536 total
[2020-08-12T17:02:07.456+0000][6][gc,age       ] GC(45) - age   3:     598080 bytes,    1192616 total
[2020-08-12T17:02:07.456+0000][6][gc,age       ] GC(45) - age   4:      70064 bytes,    1262680 total
[2020-08-12T17:02:07.456+0000][6][gc,age       ] GC(45) - age   5:      38488 bytes,    1301168 total
[2020-08-12T17:02:07.456+0000][6][gc,age       ] GC(45) - age   6:      95616 bytes,    1396784 total
[2020-08-12T17:02:07.456+0000][6][gc,age       ] GC(45) - age   7:      28680 bytes,    1425464 total
[2020-08-12T17:02:07.456+0000][6][gc,age       ] GC(45) - age   8:      31088 bytes,    1456552 total
[2020-08-12T17:02:07.456+0000][6][gc,age       ] GC(45) - age   9:     202432 bytes,    1658984 total
[2020-08-12T17:02:07.456+0000][6][gc,age       ] GC(45) - age  10:      47296 bytes,    1706280 total
[2020-08-12T17:02:07.456+0000][6][gc,age       ] GC(45) - age  11:      77488 bytes,    1783768 total
[2020-08-12T17:02:07.456+0000][6][gc,age       ] GC(45) - age  12:      34792 bytes,    1818560 total
[2020-08-12T17:02:07.456+0000][6][gc,age       ] GC(45) - age  13:      81440 bytes,    1900000 total
[2020-08-12T17:02:07.457+0000][6][gc,age       ] GC(45) - age  14:     114200 bytes,    2014200 total
[2020-08-12T17:02:07.457+0000][6][gc,age       ] GC(45) - age  15:      37232 bytes,    2051432 total
[2020-08-12T17:02:07.457+0000][6][gc,phases    ] GC(45)   Pre Evacuate Collection Set: 0.4ms
[2020-08-12T17:02:07.457+0000][6][gc,phases    ] GC(45)   Merge Heap Roots: 0.6ms
[2020-08-12T17:02:07.457+0000][6][gc,phases    ] GC(45)   Evacuate Collection Set: 9.2ms
[2020-08-12T17:02:07.457+0000][6][gc,phases    ] GC(45)   Post Evacuate Collection Set: 3.3ms
[2020-08-12T17:02:07.457+0000][6][gc,phases    ] GC(45)   Other: 1.5ms
[2020-08-12T17:02:07.457+0000][6][gc,heap      ] GC(45) Eden regions: 612->0(611)
[2020-08-12T17:02:07.457+0000][6][gc,heap      ] GC(45) Survivor regions: 2->3(77)
[2020-08-12T17:02:07.457+0000][6][gc,heap      ] GC(45) Old regions: 78->78
[2020-08-12T17:02:07.457+0000][6][gc,heap      ] GC(45) Archive regions: 2->2
[2020-08-12T17:02:07.457+0000][6][gc,heap      ] GC(45) Humongous regions: 7->7
[2020-08-12T17:02:07.457+0000][6][gc,metaspace ] GC(45) Metaspace: 97746K(105528K)->97746K(105528K) NonClass: 85212K(89912K)->85212K(89912K) Class: 12534K(15616K)->12534K(15616K)
[2020-08-12T17:02:07.457+0000][6][gc           ] GC(45) Pause Young (Normal) (G1 Evacuation Pause) 698M->87M(1024M) 15.572ms
[2020-08-12T17:02:07.457+0000][6][gc,cpu       ] GC(45) User=0.02s Sys=0.00s Real=0.02s
[2020-08-12T17:02:07.458+0000][6][safepoint    ] Safepoint "G1CollectForAllocation", Time since last: 778336893 ns, Reaching safepoint: 394896 ns, At safepoint: 15885739 ns, Total: 16280635 ns
[2020-08-12T17:02:08.458+0000][6][safepoint    ] Safepoint "Cleanup", Time since last: 1000218518 ns, Reaching safepoint: 611970 ns, At safepoint: 45200 ns, Total: 657170 ns
[2020-08-12T17:02:09.459+0000][6][safepoint    ] Safepoint "Cleanup", Time since last: 1000341092 ns, Reaching safepoint: 488933 ns, At safepoint: 45725 ns, Total: 534658 ns
[2020-08-12T17:02:10.461+0000][6][safepoint    ] Safepoint "Cleanup", Time since last: 1000340068 ns, Reaching safepoint: 750318 ns, At safepoint: 47337 ns, Total: 797655 ns
[2020-08-12T17:02:11.461+0000][6][safepoint    ] Safepoint "Cleanup", Time since last: 1000276506 ns, Reaching safepoint: 384472 ns, At safepoint: 13725 ns, Total: 398197 ns
[2020-08-12T17:02:12.462+0000][6][safepoint    ] Safepoint "Cleanup", Time since last: 1000226356 ns, Reaching safepoint: 669994 ns, At safepoint: 52462 ns, Total: 722456 ns
[2020-08-12T17:02:13.463+0000][6][safepoint    ] Safepoint "Cleanup", Time since last: 1000344092 ns, Reaching safepoint: 755581 ns, At safepoint: 46425 ns, Total: 802006 ns
[2020-08-12T17:02:14.464+0000][6][safepoint    ] Safepoint "Cleanup", Time since last: 1000325943 ns, Reaching safepoint: 625169 ns, At safepoint: 38850 ns, Total: 664019 ns
[2020-08-12T17:02:15.666+0000][6][safepoint    ] Safepoint "Cleanup", Time since last: 1200907789 ns, Reaching safepoint: 880180 ns, At safepoint: 64925 ns, Total: 945105 ns
[2020-08-12T17:02:16.667+0000][6][safepoint    ] Safepoint "Cleanup", Time since last: 1000347480 ns, Reaching safepoint: 729043 ns, At safepoint: 45275 ns, Total: 774318 ns
[2020-08-12T17:02:18.429+0000][6][safepoint    ] Safepoint "Cleanup", Time since last: 1760900439 ns, Reaching safepoint: 600857 ns, At safepoint: 44625 ns, Total: 645482 ns
[2020-08-12T17:02:19.662+0000][6][safepoint    ] Safepoint "Cleanup", Time since last: 1232884251 ns, Reaching safepoint: 655132 ns, At safepoint: 46987 ns, Total: 702119 ns
[2020-08-12T17:02:20.664+0000][6][safepoint    ] Safepoint "Cleanup", Time since last: 1001137361 ns, Reaching safepoint: 665469 ns, At safepoint: 34363 ns, Total: 699832 ns
[2020-08-12T17:02:21.665+0000][6][safepoint    ] Safepoint "Cleanup", Time since last: 1000250293 ns, Reaching safepoint: 355472 ns, At safepoint: 18537 ns, Total: 374009 ns
[2020-08-12T17:02:22.666+0000][6][safepoint    ] Safepoint "Cleanup", Time since last: 1000298018 ns, Reaching safepoint: 617207 ns, At safepoint: 53425 ns, Total: 670632 ns
[2020-08-12T17:02:23.667+0000][6][safepoint    ] Safepoint "Cleanup", Time since last: 1000403767 ns, Reaching safepoint: 428721 ns, At safepoint: 56150 ns, Total: 484871 ns
[2020-08-12T17:02:25.665+0000][6][safepoint    ] Safepoint "Cleanup", Time since last: 1998274343 ns, Reaching safepoint: 466621 ns, At safepoint: 35025 ns, Total: 501646 ns
[2020-08-12T17:02:26.666+0000][6][safepoint    ] Safepoint "Cleanup", Time since last: 1000245356 ns, Reaching safepoint: 400234 ns, At safepoint: 27700 ns, Total: 427934 ns
[2020-08-12T17:02:28.450+0000][6][safepoint    ] Safepoint "Cleanup", Time since last: 1782799212 ns, Reaching safepoint: 863380 ns, At safepoint: 44200 ns, Total: 907580 ns
[2020-08-12T17:02:29.804+0000][6][safepoint    ] Safepoint "Cleanup", Time since last: 1352931017 ns, Reaching safepoint: 873367 ns, At safepoint: 44375 ns, Total: 917742 ns
[2020-08-12T17:02:30.805+0000][6][safepoint    ] Safepoint "Cleanup", Time since last: 1000772526 ns, Reaching safepoint: 393722 ns, At safepoint: 76949 ns, Total: 470671 ns
[2020-08-12T17:02:31.806+0000][6][safepoint    ] Safepoint "Cleanup", Time since last: 1000222219 ns, Reaching safepoint: 569970 ns, At safepoint: 30350 ns, Total: 600320 ns
[2020-08-12T17:02:32.807+0000][6][safepoint    ] Safepoint "Cleanup", Time since last: 1000427542 ns, Reaching safepoint: 850617 ns, At safepoint: 44713 ns, Total: 895330 ns
[2020-08-12T17:02:33.809+0000][6][safepoint    ] Safepoint "Cleanup", Time since last: 1000327980 ns, Reaching safepoint: 1086053 ns, At safepoint: 55237 ns, Total: 1141290 ns
[2020-08-12T17:02:35.664+0000][6][safepoint    ] Safepoint "Cleanup", Time since last: 1854643731 ns, Reaching safepoint: 795906 ns, At safepoint: 45937 ns, Total: 841843 ns
[2020-08-12T17:02:36.665+0000][6][safepoint    ] Safepoint "Cleanup", Time since last: 1000278293 ns, Reaching safepoint: 251535 ns, At safepoint: 11663 ns, Total: 263198 ns
[2020-08-12T17:02:38.513+0000][6][safepoint    ] Safepoint "Cleanup", Time since last: 1847358018 ns, Reaching safepoint: 605258 ns, At safepoint: 44562 ns, Total: 649820 ns
[2020-08-12T17:02:39.513+0000][6][safepoint    ] Safepoint "Cleanup", Time since last: 1000347030 ns, Reaching safepoint: 398759 ns, At safepoint: 25337 ns, Total: 424096 ns
[2020-08-12T17:02:40.666+0000][6][safepoint    ] Safepoint "Cleanup", Time since last: 1151363917 ns, Reaching safepoint: 936929 ns, At safepoint: 35762 ns, Total: 972691 ns
[2020-08-12T17:02:41.666+0000][6][safepoint    ] Safepoint "Cleanup", Time since last: 1000253644 ns, Reaching safepoint: 428458 ns, At safepoint: 43975 ns, Total: 472433 ns
[2020-08-12T17:02:42.668+0000][6][safepoint    ] Safepoint "Cleanup", Time since last: 1000338655 ns, Reaching safepoint: 841793 ns, At safepoint: 44350 ns, Total: 886143 ns
[2020-08-12T17:02:43.669+0000][6][safepoint    ] Safepoint "Cleanup", Time since last: 1000358842 ns, Reaching safepoint: 778881 ns, At safepoint: 44649 ns, Total: 823530 ns
[2020-08-12T17:02:45.666+0000][6][safepoint    ] Safepoint "Cleanup", Time since last: 1996628358 ns, Reaching safepoint: 792718 ns, At safepoint: 47237 ns, Total: 839955 ns
[2020-08-12T17:02:46.668+0000][6][safepoint    ] Safepoint "Cleanup", Time since last: 1000345180 ns, Reaching safepoint: 886568 ns, At safepoint: 43749 ns, Total: 930317 ns
[2020-08-12T17:02:47.370+0000][6][safepoint    ] Safepoint "BulkRevokeBias", Time since last: 699836357 ns, Reaching safepoint: 714232 ns, At safepoint: 2276793 ns, Total: 2991025 ns
[2020-08-12T17:02:48.372+0000][6][safepoint    ] Safepoint "Cleanup", Time since last: 1000391592 ns, Reaching safepoint: 816480 ns, At safepoint: 43812 ns, Total: 860292 ns
[2020-08-12T17:02:49.373+0000][6][safepoint    ] Safepoint "Cleanup", Time since last: 1000320556 ns, Reaching safepoint: 516708 ns, At safepoint: 27800 ns, Total: 544508 ns
[2020-08-12T17:02:50.374+0000][6][safepoint    ] Safepoint "Cleanup", Time since last: 1000288892 ns, Reaching safepoint: 847818 ns, At safepoint: 44200 ns, Total: 892018 ns
[2020-08-12T17:02:51.375+0000][6][safepoint    ] Safepoint "Cleanup", Time since last: 1000348592 ns, Reaching safepoint: 811368 ns, At safepoint: 70462 ns, Total: 881830 ns
[2020-08-12T17:02:52.376+0000][6][safepoint    ] Safepoint "Cleanup", Time since last: 1000291593 ns, Reaching safepoint: 807118 ns, At safepoint: 43687 ns, Total: 850805 ns
[2020-08-12T17:02:53.377+0000][6][safepoint    ] Safepoint "Cleanup", Time since last: 1000342768 ns, Reaching safepoint: 814643 ns, At safepoint: 46912 ns, Total: 861555 ns
[2020-08-12T17:02:54.379+0000][6][safepoint    ] Safepoint "Cleanup", Time since last: 1000337405 ns, Reaching safepoint: 854355 ns, At safepoint: 44138 ns, Total: 898493 ns
[2020-08-12T17:02:55.668+0000][6][safepoint    ] Safepoint "Cleanup", Time since last: 1289119716 ns, Reaching safepoint: 756731 ns, At safepoint: 45300 ns, Total: 802031 ns
[2020-08-12T17:02:56.669+0000][6][safepoint    ] Safepoint "Cleanup", Time since last: 1000355680 ns, Reaching safepoint: 436384 ns, At safepoint: 25537 ns, Total: 461921 ns
[2020-08-12T17:02:58.354+0000][6][safepoint    ] Safepoint "Cleanup", Time since last: 1684044701 ns, Reaching safepoint: 939154 ns, At safepoint: 43975 ns, Total: 983129 ns
[2020-08-12T17:02:59.869+0000][6][safepoint    ] Safepoint "Cleanup", Time since last: 1513283035 ns, Reaching safepoint: 960579 ns, At safepoint: 63512 ns, Total: 1024091 ns
[2020-08-12T17:03:00.959+0000][6][safepoint    ] Safepoint "Cleanup", Time since last: 1089981558 ns, Reaching safepoint: 716982 ns, At safepoint: 46024 ns, Total: 763006 ns
[2020-08-12T17:03:01.960+0000][6][safepoint    ] Safepoint "Cleanup", Time since last: 1000359792 ns, Reaching safepoint: 508821 ns, At safepoint: 46075 ns, Total: 554896 ns
[2020-08-12T17:03:02.961+0000][6][safepoint    ] Safepoint "Cleanup", Time since last: 1000354342 ns, Reaching safepoint: 692894 ns, At safepoint: 45562 ns, Total: 738456 ns
[2020-08-12T17:03:03.963+0000][6][safepoint    ] Safepoint "Cleanup", Time since last: 1000345993 ns, Reaching safepoint: 1010929 ns, At safepoint: 61987 ns, Total: 1072916 ns
[2020-08-12T17:03:05.669+0000][6][safepoint    ] Safepoint "Cleanup", Time since last: 1705090744 ns, Reaching safepoint: 869818 ns, At safepoint: 44737 ns, Total: 914555 ns
[2020-08-12T17:03:06.670+0000][6][safepoint    ] Safepoint "Cleanup", Time since last: 1000391742 ns, Reaching safepoint: 790018 ns, At safepoint: 36288 ns, Total: 826306 ns
[2020-08-12T17:03:08.453+0000][6][safepoint    ] Safepoint "Cleanup", Time since last: 1782491902 ns, Reaching safepoint: 924143 ns, At safepoint: 43912 ns, Total: 968055 ns
[2020-08-12T17:03:09.454+0000][6][safepoint    ] Safepoint "Cleanup", Time since last: 1000293980 ns, Reaching safepoint: 438746 ns, At safepoint: 19425 ns, Total: 458171 ns
[2020-08-12T17:03:10.455+0000][6][safepoint    ] Safepoint "Cleanup", Time since last: 1000262793 ns, Reaching safepoint: 898730 ns, At safepoint: 44400 ns, Total: 943130 ns
[2020-08-12T17:03:11.457+0000][6][safepoint    ] Safepoint "Cleanup", Time since last: 1000301668 ns, Reaching safepoint: 805905 ns, At safepoint: 34450 ns, Total: 840355 ns
[2020-08-12T17:03:12.458+0000][6][safepoint    ] Safepoint "Cleanup", Time since last: 1000282706 ns, Reaching safepoint: 854442 ns, At safepoint: 44287 ns, Total: 898729 ns
[2020-08-12T17:03:13.459+0000][6][safepoint    ] Safepoint "Cleanup", Time since last: 1000381117 ns, Reaching safepoint: 825581 ns, At safepoint: 46499 ns, Total: 872080 ns
[2020-08-12T17:03:14.460+0000][6][safepoint    ] Safepoint "Cleanup", Time since last: 1000315281 ns, Reaching safepoint: 504120 ns, At safepoint: 27325 ns, Total: 531445 ns
[2020-08-12T17:03:14.678+0000][6][safepoint    ] Safepoint "BulkRevokeBias", Time since last: 214446203 ns, Reaching safepoint: 1242039 ns, At safepoint: 2904650 ns, Total: 4146689 ns
[2020-08-12T17:03:15.685+0000][6][safepoint    ] Safepoint "Cleanup", Time since last: 1005828720 ns, Reaching safepoint: 872105 ns, At safepoint: 43987 ns, Total: 916092 ns
[2020-08-12T17:03:16.686+0000][6][safepoint    ] Safepoint "Cleanup", Time since last: 1000348405 ns, Reaching safepoint: 713957 ns, At safepoint: 44749 ns, Total: 758706 ns
[2020-08-12T17:03:18.437+0000][6][safepoint    ] Safepoint "Cleanup", Time since last: 1749401413 ns, Reaching safepoint: 815493 ns, At safepoint: 94262 ns, Total: 909755 ns
[2020-08-12T17:03:19.437+0000][6][safepoint    ] Safepoint "Cleanup", Time since last: 1000353218 ns, Reaching safepoint: 464946 ns, At safepoint: 56662 ns, Total: 521608 ns
[2020-08-12T17:03:20.669+0000][6][safepoint    ] Safepoint "Cleanup", Time since last: 1231086716 ns, Reaching safepoint: 723656 ns, At safepoint: 46900 ns, Total: 770556 ns
[2020-08-12T17:03:21.670+0000][6][safepoint    ] Safepoint "Cleanup", Time since last: 1000353293 ns, Reaching safepoint: 583532 ns, At safepoint: 45087 ns, Total: 628619 ns
[2020-08-12T17:03:22.671+0000][6][safepoint    ] Safepoint "Cleanup", Time since last: 1000346655 ns, Reaching safepoint: 558833 ns, At safepoint: 44450 ns, Total: 603283 ns
[2020-08-12T17:03:23.672+0000][6][safepoint    ] Safepoint "Cleanup", Time since last: 1000350330 ns, Reaching safepoint: 644631 ns, At safepoint: 46825 ns, Total: 691456 ns
[2020-08-12T17:03:25.670+0000][6][safepoint    ] Safepoint "Cleanup", Time since last: 1997028029 ns, Reaching safepoint: 672557 ns, At safepoint: 86574 ns, Total: 759131 ns
[2020-08-12T17:03:26.671+0000][6][safepoint    ] Safepoint "Cleanup", Time since last: 1000375705 ns, Reaching safepoint: 549808 ns, At safepoint: 47362 ns, Total: 597170 ns
[2020-08-12T17:03:28.445+0000][6][safepoint    ] Safepoint "Cleanup", Time since last: 1772716262 ns, Reaching safepoint: 805718 ns, At safepoint: 52887 ns, Total: 858605 ns
[2020-08-12T17:03:29.835+0000][6][safepoint    ] Safepoint "Cleanup", Time since last: 1388049639 ns, Reaching safepoint: 2178969 ns, At safepoint: 102049 ns, Total: 2281018 ns
[2020-08-12T17:03:30.836+0000][6][safepoint    ] Safepoint "Cleanup", Time since last: 1000350380 ns, Reaching safepoint: 848605 ns, At safepoint: 70162 ns, Total: 918767 ns
[2020-08-12T17:03:31.838+0000][6][safepoint    ] Safepoint "Cleanup", Time since last: 1000336693 ns, Reaching safepoint: 1072853 ns, At safepoint: 43975 ns, Total: 1116828 ns
[2020-08-12T17:03:32.839+0000][6][safepoint    ] Safepoint "Cleanup", Time since last: 1000377567 ns, Reaching safepoint: 637632 ns, At safepoint: 35550 ns, Total: 673182 ns
[2020-08-12T17:03:33.840+0000][6][safepoint    ] Safepoint "Cleanup", Time since last: 1000353580 ns, Reaching safepoint: 679994 ns, At safepoint: 35137 ns, Total: 715131 ns
[2020-08-12T17:03:35.669+0000][6][safepoint    ] Safepoint "Cleanup", Time since last: 1829140764 ns, Reaching safepoint: 266247 ns, At safepoint: 11000 ns, Total: 277247 ns
[2020-08-12T17:03:36.670+0000][6][safepoint    ] Safepoint "Cleanup", Time since last: 1000228319 ns, Reaching safepoint: 679519 ns, At safepoint: 44874 ns, Total: 724393 ns
[2020-08-12T17:03:38.505+0000][6][safepoint    ] Safepoint "Cleanup", Time since last: 1833685087 ns, Reaching safepoint: 883505 ns, At safepoint: 43875 ns, Total: 927380 ns
[2020-08-12T17:03:39.506+0000][6][safepoint    ] Safepoint "Cleanup", Time since last: 1000351667 ns, Reaching safepoint: 478796 ns, At safepoint: 25275 ns, Total: 504071 ns
[2020-08-12T17:03:40.671+0000][6][safepoint    ] Safepoint "Cleanup", Time since last: 1164871375 ns, Reaching safepoint: 481433 ns, At safepoint: 21687 ns, Total: 503120 ns
[2020-08-12T17:03:41.672+0000][6][safepoint    ] Safepoint "Cleanup", Time since last: 1000207494 ns, Reaching safepoint: 332535 ns, At safepoint: 16850 ns, Total: 349385 ns
[2020-08-12T17:03:42.673+0000][6][safepoint    ] Safepoint "Cleanup", Time since last: 1000249606 ns, Reaching safepoint: 665744 ns, At safepoint: 52049 ns, Total: 717793 ns
[2020-08-12T17:03:43.673+0000][6][safepoint    ] Safepoint "Cleanup", Time since last: 1000326593 ns, Reaching safepoint: 358422 ns, At safepoint: 57900 ns, Total: 416322 ns
[2020-08-12T17:03:45.671+0000][6][safepoint    ] Safepoint "Cleanup", Time since last: 1996804093 ns, Reaching safepoint: 576445 ns, At safepoint: 44487 ns, Total: 620932 ns
[2020-08-12T17:03:46.672+0000][6][safepoint    ] Safepoint "Cleanup", Time since last: 1000426530 ns, Reaching safepoint: 405909 ns, At safepoint: 44912 ns, Total: 450821 ns
[2020-08-12T17:03:48.548+0000][6][safepoint    ] Safepoint "Cleanup", Time since last: 1875221666 ns, Reaching safepoint: 674707 ns, At safepoint: 53449 ns, Total: 728156 ns
[2020-08-12T17:03:49.549+0000][6][safepoint    ] Safepoint "Cleanup", Time since last: 1000446729 ns, Reaching safepoint: 779481 ns, At safepoint: 43525 ns, Total: 823006 ns
[2020-08-12T17:03:50.551+0000][6][safepoint    ] Safepoint "Cleanup", Time since last: 1001393421 ns, Reaching safepoint: 989516 ns, At safepoint: 44563 ns, Total: 1034079 ns
[2020-08-12T17:03:51.552+0000][6][safepoint    ] Safepoint "Cleanup", Time since last: 1000278493 ns, Reaching safepoint: 533745 ns, At safepoint: 15000 ns, Total: 548745 ns
[2020-08-12T17:03:52.553+0000][6][safepoint    ] Safepoint "Cleanup", Time since last: 1000218619 ns, Reaching safepoint: 1106365 ns, At safepoint: 61925 ns, Total: 1168290 ns
[2020-08-12T17:03:53.555+0000][6][safepoint    ] Safepoint "Cleanup", Time since last: 1000350567 ns, Reaching safepoint: 869855 ns, At safepoint: 43562 ns, Total: 913417 ns
[2020-08-12T17:03:54.556+0000][6][safepoint    ] Safepoint "Cleanup", Time since last: 1000454479 ns, Reaching safepoint: 902593 ns, At safepoint: 45862 ns, Total: 948455 ns
[2020-08-12T17:03:55.676+0000][6][safepoint    ] Safepoint "Cleanup", Time since last: 1118835084 ns, Reaching safepoint: 614557 ns, At safepoint: 53374 ns, Total: 667931 ns
[2020-08-12T17:03:56.676+0000][6][safepoint    ] Safepoint "Cleanup", Time since last: 1000353693 ns, Reaching safepoint: 436284 ns, At safepoint: 44749 ns, Total: 481033 ns
[2020-08-12T17:03:58.430+0000][6][safepoint    ] Safepoint "Cleanup", Time since last: 1752495099 ns, Reaching safepoint: 827943 ns, At safepoint: 44075 ns, Total: 872018 ns
[2020-08-12T17:03:59.674+0000][6][safepoint    ] Safepoint "Cleanup", Time since last: 1243369836 ns, Reaching safepoint: 1042541 ns, At safepoint: 61762 ns, Total: 1104303 ns
[2020-08-12T17:04:00.677+0000][6][safepoint    ] Safepoint "Cleanup", Time since last: 1001286284 ns, Reaching safepoint: 989204 ns, At safepoint: 68799 ns, Total: 1058003 ns
[2020-08-12T17:04:01.678+0000][6][safepoint    ] Safepoint "Cleanup", Time since last: 1000351580 ns, Reaching safepoint: 530846 ns, At safepoint: 52599 ns, Total: 583445 ns
[2020-08-12T17:04:02.679+0000][6][safepoint    ] Safepoint "Cleanup", Time since last: 1000388742 ns, Reaching safepoint: 705557 ns, At safepoint: 55012 ns, Total: 760569 ns
[2020-08-12T17:04:03.680+0000][6][safepoint    ] Safepoint "Cleanup", Time since last: 1000390817 ns, Reaching safepoint: 749519 ns, At safepoint: 100974 ns, Total: 850493 ns
[2020-08-12T17:04:05.672+0000][6][safepoint    ] Safepoint "Cleanup", Time since last: 1991621926 ns, Reaching safepoint: 632569 ns, At safepoint: 27813 ns, Total: 660382 ns
[2020-08-12T17:04:06.673+0000][6][safepoint    ] Safepoint "Cleanup", Time since last: 1000221656 ns, Reaching safepoint: 254435 ns, At safepoint: 11500 ns, Total: 265935 ns
[2020-08-12T17:04:08.443+0000][6][safepoint    ] Safepoint "Cleanup", Time since last: 1769791625 ns, Reaching safepoint: 817130 ns, At safepoint: 43875 ns, Total: 861005 ns
[2020-08-12T17:04:09.444+0000][6][safepoint    ] Safepoint "Cleanup", Time since last: 1000284555 ns, Reaching safepoint: 476859 ns, At safepoint: 55499 ns, Total: 532358 ns
[2020-08-12T17:04:10.446+0000][6][safepoint    ] Safepoint "Cleanup", Time since last: 1000346206 ns, Reaching safepoint: 935016 ns, At safepoint: 43550 ns, Total: 978566 ns
[2020-08-12T17:04:11.446+0000][6][safepoint    ] Safepoint "Cleanup", Time since last: 1000288730 ns, Reaching safepoint: 648232 ns, At safepoint: 26075 ns, Total: 674307 ns
[2020-08-12T17:04:12.447+0000][6][safepoint    ] Safepoint "Cleanup", Time since last: 1000256781 ns, Reaching safepoint: 694319 ns, At safepoint: 53062 ns, Total: 747381 ns
[2020-08-12T17:04:13.448+0000][6][safepoint    ] Safepoint "Cleanup", Time since last: 1000319305 ns, Reaching safepoint: 670870 ns, At safepoint: 30349 ns, Total: 701219 ns
[2020-08-12T17:04:14.450+0000][6][safepoint    ] Safepoint "Cleanup", Time since last: 1000293218 ns, Reaching safepoint: 907830 ns, At safepoint: 43937 ns, Total: 951767 ns
[2020-08-12T17:04:15.675+0000][6][safepoint    ] Safepoint "Cleanup", Time since last: 1224723597 ns, Reaching safepoint: 859492 ns, At safepoint: 44162 ns, Total: 903654 ns
[2020-08-12T17:04:16.676+0000][6][safepoint    ] Safepoint "Cleanup", Time since last: 1000314343 ns, Reaching safepoint: 732394 ns, At safepoint: 41012 ns, Total: 773406 ns
[2020-08-12T17:04:18.467+0000][6][safepoint    ] Safepoint "Cleanup", Time since last: 1789916327 ns, Reaching safepoint: 820480 ns, At safepoint: 58899 ns, Total: 879379 ns
[2020-08-12T17:04:19.468+0000][6][safepoint    ] Safepoint "Cleanup", Time since last: 1000315693 ns, Reaching safepoint: 641695 ns, At safepoint: 55724 ns, Total: 697419 ns
[2020-08-12T17:04:19.678+0000][6][safepoint    ] Safepoint "BulkRevokeBias", Time since last: 206060787 ns, Reaching safepoint: 920417 ns, At safepoint: 2489266 ns, Total: 3409683 ns
[2020-08-12T17:04:20.680+0000][6][safepoint    ] Safepoint "Cleanup", Time since last: 1000999912 ns, Reaching safepoint: 809781 ns, At safepoint: 44137 ns, Total: 853918 ns
[2020-08-12T17:04:21.681+0000][6][safepoint    ] Safepoint "Cleanup", Time since last: 1000392005 ns, Reaching safepoint: 811430 ns, At safepoint: 44950 ns, Total: 856380 ns
[2020-08-12T17:04:22.682+0000][6][safepoint    ] Safepoint "Cleanup", Time since last: 1000398342 ns, Reaching safepoint: 838168 ns, At safepoint: 66824 ns, Total: 904992 ns
[2020-08-12T17:04:23.683+0000][6][safepoint    ] Safepoint "Cleanup", Time since last: 1000296518 ns, Reaching safepoint: 450346 ns, At safepoint: 22775 ns, Total: 473121 ns
[2020-08-12T17:04:25.677+0000][6][safepoint    ] Safepoint "Cleanup", Time since last: 1993471735 ns, Reaching safepoint: 758568 ns, At safepoint: 57162 ns, Total: 815730 ns
[2020-08-12T17:04:26.678+0000][6][safepoint    ] Safepoint "Cleanup", Time since last: 1000338493 ns, Reaching safepoint: 452783 ns, At safepoint: 44625 ns, Total: 497408 ns
[2020-08-12T17:04:28.330+0000][6][safepoint    ] Safepoint "Cleanup", Time since last: 1651548644 ns, Reaching safepoint: 715406 ns, At safepoint: 55025 ns, Total: 770431 ns
[2020-08-12T17:04:28.758+0000][6][safepoint    ] Safepoint "BulkRevokeBias", Time since last: 424168757 ns, Reaching safepoint: 829655 ns, At safepoint: 2429854 ns, Total: 3259509 ns
[2020-08-12T17:04:29.997+0000][6][safepoint    ] Safepoint "Cleanup", Time since last: 1238580603 ns, Reaching safepoint: 796168 ns, At safepoint: 46437 ns, Total: 842605 ns
[2020-08-12T17:04:30.998+0000][6][safepoint    ] Safepoint "Cleanup", Time since last: 1000286580 ns, Reaching safepoint: 558846 ns, At safepoint: 21175 ns, Total: 580021 ns
[2020-08-12T17:04:31.999+0000][6][safepoint    ] Safepoint "Cleanup", Time since last: 1000235768 ns, Reaching safepoint: 840318 ns, At safepoint: 56462 ns, Total: 896780 ns
[2020-08-12T17:04:33.001+0000][6][safepoint    ] Safepoint "Cleanup", Time since last: 1000341030 ns, Reaching safepoint: 956617 ns, At safepoint: 44037 ns, Total: 1000654 ns
[2020-08-12T17:04:34.002+0000][6][safepoint    ] Safepoint "Cleanup", Time since last: 1000363942 ns, Reaching safepoint: 1112928 ns, At safepoint: 55237 ns, Total: 1168165 ns
[2020-08-12T17:04:35.678+0000][6][safepoint    ] Safepoint "Cleanup", Time since last: 1675107553 ns, Reaching safepoint: 892805 ns, At safepoint: 45687 ns, Total: 938492 ns
[2020-08-12T17:04:36.679+0000][6][safepoint    ] Safepoint "Cleanup", Time since last: 1000388018 ns, Reaching safepoint: 617819 ns, At safepoint: 45425 ns, Total: 663244 ns
[2020-08-12T17:04:38.431+0000][6][safepoint    ] Safepoint "Cleanup", Time since last: 1750654902 ns, Reaching safepoint: 624082 ns, At safepoint: 44287 ns, Total: 668369 ns
[2020-08-12T17:04:39.431+0000][6][safepoint    ] Safepoint "Cleanup", Time since last: 1000333030 ns, Reaching safepoint: 525683 ns, At safepoint: 44587 ns, Total: 570270 ns
[2020-08-12T17:04:40.679+0000][6][safepoint    ] Safepoint "Cleanup", Time since last: 1246948980 ns, Reaching safepoint: 886043 ns, At safepoint: 43687 ns, Total: 929730 ns
[2020-08-12T17:04:41.680+0000][6][safepoint    ] Safepoint "Cleanup", Time since last: 1000323580 ns, Reaching safepoint: 619557 ns, At safepoint: 30050 ns, Total: 649607 ns
[2020-08-12T17:04:42.681+0000][6][safepoint    ] Safepoint "Cleanup", Time since last: 1000293218 ns, Reaching safepoint: 714694 ns, At safepoint: 46150 ns, Total: 760844 ns
[2020-08-12T17:04:43.682+0000][6][safepoint    ] Safepoint "Cleanup", Time since last: 1000336655 ns, Reaching safepoint: 689656 ns, At safepoint: 55187 ns, Total: 744843 ns
[2020-08-12T17:04:45.680+0000][6][safepoint    ] Safepoint "Cleanup", Time since last: 1997131429 ns, Reaching safepoint: 650994 ns, At safepoint: 53400 ns, Total: 704394 ns
[2020-08-12T17:04:46.681+0000][6][safepoint    ] Safepoint "Cleanup", Time since last: 1000300293 ns, Reaching safepoint: 428933 ns, At safepoint: 24525 ns, Total: 453458 ns
[2020-08-12T17:04:48.378+0000][6][safepoint    ] Safepoint "Cleanup", Time since last: 1696242109 ns, Reaching safepoint: 597095 ns, At safepoint: 110111 ns, Total: 707206 ns
[2020-08-12T17:04:49.379+0000][6][safepoint    ] Safepoint "Cleanup", Time since last: 1000382055 ns, Reaching safepoint: 444746 ns, At safepoint: 44550 ns, Total: 489296 ns
[2020-08-12T17:04:50.380+0000][6][safepoint    ] Safepoint "Cleanup", Time since last: 1000394492 ns, Reaching safepoint: 574057 ns, At safepoint: 44363 ns, Total: 618420 ns
[2020-08-12T17:04:51.381+0000][6][safepoint    ] Safepoint "Cleanup", Time since last: 1000386742 ns, Reaching safepoint: 1012541 ns, At safepoint: 44712 ns, Total: 1057253 ns
[2020-08-12T17:04:52.382+0000][6][safepoint    ] Safepoint "Cleanup", Time since last: 1000341093 ns, Reaching safepoint: 696556 ns, At safepoint: 45750 ns, Total: 742306 ns
[2020-08-12T17:04:53.383+0000][6][safepoint    ] Safepoint "Cleanup", Time since last: 1000342755 ns, Reaching safepoint: 619607 ns, At safepoint: 45362 ns, Total: 664969 ns
[2020-08-12T17:04:54.385+0000][6][safepoint    ] Safepoint "Cleanup", Time since last: 1000331193 ns, Reaching safepoint: 885130 ns, At safepoint: 43937 ns, Total: 929067 ns
[2020-08-12T17:04:55.678+0000][6][safepoint    ] Safepoint "Cleanup", Time since last: 1292387013 ns, Reaching safepoint: 776319 ns, At safepoint: 43899 ns, Total: 820218 ns
[2020-08-12T17:04:56.679+0000][6][safepoint    ] Safepoint "Cleanup", Time since last: 1000355580 ns, Reaching safepoint: 334648 ns, At safepoint: 16912 ns, Total: 351560 ns
[2020-08-12T17:04:58.311+0000][6][safepoint    ] Safepoint "Cleanup", Time since last: 1631934675 ns, Reaching safepoint: 750081 ns, At safepoint: 44825 ns, Total: 794906 ns
[2020-08-12T17:04:59.679+0000][6][safepoint    ] Safepoint "Cleanup", Time since last: 1366807309 ns, Reaching safepoint: 535521 ns, At safepoint: 44837 ns, Total: 580358 ns
[2020-08-12T17:05:00.681+0000][6][safepoint    ] Safepoint "Cleanup", Time since last: 1001034136 ns, Reaching safepoint: 854168 ns, At safepoint: 43862 ns, Total: 898030 ns
[2020-08-12T17:05:02.423+0000][6][safepoint    ] Safepoint "Cleanup", Time since last: 1742078577 ns, Reaching safepoint: 675369 ns, At safepoint: 44274 ns, Total: 719643 ns
[2020-08-12T17:05:03.424+0000][6][safepoint    ] Safepoint "Cleanup", Time since last: 1000345743 ns, Reaching safepoint: 567395 ns, At safepoint: 44900 ns, Total: 612295 ns
[2020-08-12T17:05:04.425+0000][6][safepoint    ] Safepoint "Cleanup", Time since last: 1000313580 ns, Reaching safepoint: 541108 ns, At safepoint: 56462 ns, Total: 597570 ns
[2020-08-12T17:05:04.683+0000][6][safepoint    ] Safepoint "BulkRevokeBias", Time since last: 254112810 ns, Reaching safepoint: 840393 ns, At safepoint: 2551628 ns, Total: 3392021 ns
[2020-08-12T17:05:05.684+0000][6][safepoint    ] Safepoint "Cleanup", Time since last: 1000467379 ns, Reaching safepoint: 578620 ns, At safepoint: 44700 ns, Total: 623320 ns
[2020-08-12T17:05:06.685+0000][6][safepoint    ] Safepoint "Cleanup", Time since last: 1000378442 ns, Reaching safepoint: 412396 ns, At safepoint: 21775 ns, Total: 434171 ns
[2020-08-12T17:05:08.439+0000][6][safepoint    ] Safepoint "Cleanup", Time since last: 1753536877 ns, Reaching safepoint: 666857 ns, At safepoint: 95262 ns, Total: 762119 ns
[2020-08-12T17:05:09.440+0000][6][safepoint    ] Safepoint "Cleanup", Time since last: 1000298430 ns, Reaching safepoint: 395034 ns, At safepoint: 19938 ns, Total: 414972 ns
[2020-08-12T17:05:10.441+0000][6][safepoint    ] Safepoint "Cleanup", Time since last: 1000264093 ns, Reaching safepoint: 575358 ns, At safepoint: 45124 ns, Total: 620482 ns
[2020-08-12T17:05:11.442+0000][6][safepoint    ] Safepoint "Cleanup", Time since last: 1000435404 ns, Reaching safepoint: 629795 ns, At safepoint: 67512 ns, Total: 697307 ns
[2020-08-12T17:05:12.443+0000][6][safepoint    ] Safepoint "Cleanup", Time since last: 1000401930 ns, Reaching safepoint: 709968 ns, At safepoint: 54088 ns, Total: 764056 ns
[2020-08-12T17:05:13.444+0000][6][safepoint    ] Safepoint "Cleanup", Time since last: 1000397904 ns, Reaching safepoint: 905955 ns, At safepoint: 45937 ns, Total: 951892 ns
[2020-08-12T17:05:14.445+0000][6][safepoint    ] Safepoint "Cleanup", Time since last: 1000309230 ns, Reaching safepoint: 548258 ns, At safepoint: 29512 ns, Total: 577770 ns
[2020-08-12T17:05:15.681+0000][6][safepoint    ] Safepoint "Cleanup", Time since last: 1235460929 ns, Reaching safepoint: 661407 ns, At safepoint: 46187 ns, Total: 707594 ns
[2020-08-12T17:05:16.682+0000][6][safepoint    ] Safepoint "Cleanup", Time since last: 1000272406 ns, Reaching safepoint: 648919 ns, At safepoint: 75300 ns, Total: 724219 ns
[2020-08-12T17:05:18.537+0000][6][safepoint    ] Safepoint "Cleanup", Time since last: 1853998174 ns, Reaching safepoint: 594307 ns, At safepoint: 111212 ns, Total: 705519 ns
[2020-08-12T17:05:19.538+0000][6][safepoint    ] Safepoint "Cleanup", Time since last: 1000368480 ns, Reaching safepoint: 810568 ns, At safepoint: 58887 ns, Total: 869455 ns
[2020-08-12T17:05:20.685+0000][6][safepoint    ] Safepoint "Cleanup", Time since last: 1146180961 ns, Reaching safepoint: 701556 ns, At safepoint: 45862 ns, Total: 747418 ns
[2020-08-12T17:05:21.686+0000][6][safepoint    ] Safepoint "Cleanup", Time since last: 1000289718 ns, Reaching safepoint: 384572 ns, At safepoint: 56162 ns, Total: 440734 ns
[2020-08-12T17:05:22.687+0000][6][safepoint    ] Safepoint "Cleanup", Time since last: 1000454217 ns, Reaching safepoint: 665131 ns, At safepoint: 46688 ns, Total: 711819 ns
[2020-08-12T17:05:23.688+0000][6][safepoint    ] Safepoint "Cleanup", Time since last: 1000329905 ns, Reaching safepoint: 393384 ns, At safepoint: 27350 ns, Total: 420734 ns
[2020-08-12T17:05:25.685+0000][6][safepoint    ] Safepoint "Cleanup", Time since last: 1996779881 ns, Reaching safepoint: 697706 ns, At safepoint: 46475 ns, Total: 744181 ns
[2020-08-12T17:05:26.686+0000][6][safepoint    ] Safepoint "Cleanup", Time since last: 1000286831 ns, Reaching safepoint: 613032 ns, At safepoint: 76412 ns, Total: 689444 ns
[2020-08-12T17:05:28.461+0000][6][safepoint    ] Safepoint "Cleanup", Time since last: 1774148274 ns, Reaching safepoint: 620608 ns, At safepoint: 44187 ns, Total: 664795 ns
[2020-08-12T17:05:29.833+0000][6][safepoint    ] Safepoint "Cleanup", Time since last: 1370975423 ns, Reaching safepoint: 636283 ns, At safepoint: 52724 ns, Total: 689007 ns
[2020-08-12T17:05:30.834+0000][6][safepoint    ] Safepoint "Cleanup", Time since last: 1000408317 ns, Reaching safepoint: 604207 ns, At safepoint: 43875 ns, Total: 648082 ns
[2020-08-12T17:05:32.736+0000][6][safepoint    ] Safepoint "Cleanup", Time since last: 1901304079 ns, Reaching safepoint: 527808 ns, At safepoint: 26737 ns, Total: 554545 ns
[2020-08-12T17:05:33.736+0000][6][safepoint    ] Safepoint "Cleanup", Time since last: 1000283206 ns, Reaching safepoint: 448184 ns, At safepoint: 45274 ns, Total: 493458 ns
[2020-08-12T17:05:35.682+0000][6][safepoint    ] Safepoint "Cleanup", Time since last: 1944856629 ns, Reaching safepoint: 911580 ns, At safepoint: 45174 ns, Total: 956754 ns
[2020-08-12T17:05:36.683+0000][6][safepoint    ] Safepoint "Cleanup", Time since last: 1000281643 ns, Reaching safepoint: 841893 ns, At safepoint: 55162 ns, Total: 897055 ns
[2020-08-12T17:05:38.509+0000][6][safepoint    ] Safepoint "Cleanup", Time since last: 1824545347 ns, Reaching safepoint: 691431 ns, At safepoint: 38425 ns, Total: 729856 ns
[2020-08-12T17:05:39.509+0000][6][safepoint    ] Safepoint "Cleanup", Time since last: 1000308555 ns, Reaching safepoint: 401447 ns, At safepoint: 57274 ns, Total: 458721 ns
[2020-08-12T17:05:40.682+0000][6][safepoint    ] Safepoint "Cleanup", Time since last: 1172011642 ns, Reaching safepoint: 849667 ns, At safepoint: 44750 ns, Total: 894417 ns
[2020-08-12T17:05:41.683+0000][6][safepoint    ] Safepoint "Cleanup", Time since last: 1000285255 ns, Reaching safepoint: 367572 ns, At safepoint: 16225 ns, Total: 383797 ns
[2020-08-12T17:05:42.684+0000][6][safepoint    ] Safepoint "Cleanup", Time since last: 1000240980 ns, Reaching safepoint: 930705 ns, At safepoint: 46524 ns, Total: 977229 ns
[2020-08-12T17:05:43.685+0000][6][safepoint    ] Safepoint "Cleanup", Time since last: 1000331818 ns, Reaching safepoint: 716506 ns, At safepoint: 44487 ns, Total: 760993 ns
[2020-08-12T17:05:45.684+0000][6][safepoint    ] Safepoint "Cleanup", Time since last: 1997706311 ns, Reaching safepoint: 896942 ns, At safepoint: 48512 ns, Total: 945454 ns
[2020-08-12T17:05:46.685+0000][6][safepoint    ] Safepoint "Cleanup", Time since last: 1000308193 ns, Reaching safepoint: 255085 ns, At safepoint: 11113 ns, Total: 266198 ns
[2020-08-12T17:05:48.424+0000][6][safepoint    ] Safepoint "Cleanup", Time since last: 1738680150 ns, Reaching safepoint: 961191 ns, At safepoint: 44712 ns, Total: 1005903 ns
[2020-08-12T17:05:49.425+0000][6][safepoint    ] Safepoint "Cleanup", Time since last: 1000297668 ns, Reaching safepoint: 370572 ns, At safepoint: 17312 ns, Total: 387884 ns
[2020-08-12T17:05:50.426+0000][6][safepoint    ] Safepoint "Cleanup", Time since last: 1000246781 ns, Reaching safepoint: 853193 ns, At safepoint: 58374 ns, Total: 911567 ns
[2020-08-12T17:05:51.427+0000][6][safepoint    ] Safepoint "Cleanup", Time since last: 1000304680 ns, Reaching safepoint: 722194 ns, At safepoint: 68487 ns, Total: 790681 ns
[2020-08-12T17:05:52.428+0000][6][safepoint    ] Safepoint "Cleanup", Time since last: 1000350792 ns, Reaching safepoint: 705906 ns, At safepoint: 53650 ns, Total: 759556 ns
[2020-08-12T17:05:53.429+0000][6][safepoint    ] Safepoint "Cleanup", Time since last: 1000332905 ns, Reaching safepoint: 679269 ns, At safepoint: 46237 ns, Total: 725506 ns
[2020-08-12T17:05:54.430+0000][6][safepoint    ] Safepoint "Cleanup", Time since last: 1000311193 ns, Reaching safepoint: 499858 ns, At safepoint: 28037 ns, Total: 527895 ns
[2020-08-12T17:05:55.685+0000][6][safepoint    ] Safepoint "Cleanup", Time since last: 1254433846 ns, Reaching safepoint: 674244 ns, At safepoint: 44975 ns, Total: 719219 ns
[2020-08-12T17:05:56.686+0000][6][safepoint    ] Safepoint "Cleanup", Time since last: 1000273130 ns, Reaching safepoint: 490646 ns, At safepoint: 19750 ns, Total: 510396 ns
[2020-08-12T17:05:58.402+0000][6][safepoint    ] Safepoint "Cleanup", Time since last: 1714697985 ns, Reaching safepoint: 642107 ns, At safepoint: 44524 ns, Total: 686631 ns
[2020-08-12T17:05:59.685+0000][6][safepoint    ] Safepoint "Cleanup", Time since last: 1282174604 ns, Reaching safepoint: 1089615 ns, At safepoint: 144724 ns, Total: 1234339 ns
[2020-08-12T17:06:00.686+0000][6][safepoint    ] Safepoint "Cleanup", Time since last: 1001019099 ns, Reaching safepoint: 470858 ns, At safepoint: 32363 ns, Total: 503221 ns
[2020-08-12T17:06:01.687+0000][6][safepoint    ] Safepoint "Cleanup", Time since last: 1000229405 ns, Reaching safepoint: 536121 ns, At safepoint: 65224 ns, Total: 601345 ns
[2020-08-12T17:06:02.793+0000][6][safepoint    ] Safepoint "Cleanup", Time since last: 1104650418 ns, Reaching safepoint: 780606 ns, At safepoint: 43487 ns, Total: 824093 ns
[2020-08-12T17:06:03.794+0000][6][safepoint    ] Safepoint "Cleanup", Time since last: 1000389329 ns, Reaching safepoint: 842906 ns, At safepoint: 44849 ns, Total: 887755 ns
[2020-08-12T17:06:05.687+0000][6][safepoint    ] Safepoint "Cleanup", Time since last: 1892503456 ns, Reaching safepoint: 630019 ns, At safepoint: 42438 ns, Total: 672457 ns
[2020-08-12T17:06:06.688+0000][6][safepoint    ] Safepoint "Cleanup", Time since last: 1000247355 ns, Reaching safepoint: 372684 ns, At safepoint: 33987 ns, Total: 406671 ns
[2020-08-12T17:06:08.487+0000][6][safepoint    ] Safepoint "Cleanup", Time since last: 1798100506 ns, Reaching safepoint: 602720 ns, At safepoint: 45800 ns, Total: 648520 ns
[2020-08-12T17:06:09.487+0000][6][safepoint    ] Safepoint "Cleanup", Time since last: 1000297880 ns, Reaching safepoint: 418484 ns, At safepoint: 56387 ns, Total: 474871 ns
[2020-08-12T17:06:10.488+0000][6][safepoint    ] Safepoint "Cleanup", Time since last: 1000345817 ns, Reaching safepoint: 640520 ns, At safepoint: 44712 ns, Total: 685232 ns
[2020-08-12T17:06:11.489+0000][6][safepoint    ] Safepoint "Cleanup", Time since last: 1000291692 ns, Reaching safepoint: 607545 ns, At safepoint: 27712 ns, Total: 635257 ns
[2020-08-12T17:06:12.491+0000][6][safepoint    ] Safepoint "Cleanup", Time since last: 1000256293 ns, Reaching safepoint: 920842 ns, At safepoint: 44575 ns, Total: 965417 ns
[2020-08-12T17:06:13.492+0000][6][safepoint    ] Safepoint "Cleanup", Time since last: 1000380417 ns, Reaching safepoint: 779293 ns, At safepoint: 43937 ns, Total: 823230 ns
[2020-08-12T17:06:14.493+0000][6][safepoint    ] Safepoint "Cleanup", Time since last: 1000382830 ns, Reaching safepoint: 554720 ns, At safepoint: 30312 ns, Total: 585032 ns
[2020-08-12T17:06:15.690+0000][6][safepoint    ] Safepoint "Cleanup", Time since last: 1196181080 ns, Reaching safepoint: 807706 ns, At safepoint: 44349 ns, Total: 852055 ns
[2020-08-12T17:06:16.690+0000][6][safepoint    ] Safepoint "Cleanup", Time since last: 1000319781 ns, Reaching safepoint: 371571 ns, At safepoint: 12938 ns, Total: 384509 ns
[2020-08-12T17:06:18.556+0000][6][safepoint    ] Safepoint "Cleanup", Time since last: 1864925496 ns, Reaching safepoint: 746219 ns, At safepoint: 45974 ns, Total: 792193 ns
[2020-08-12T17:06:19.557+0000][6][safepoint    ] Safepoint "Cleanup", Time since last: 1000350792 ns, Reaching safepoint: 776181 ns, At safepoint: 44750 ns, Total: 820931 ns
[2020-08-12T17:06:20.689+0000][6][safepoint    ] Safepoint "Cleanup", Time since last: 1131255960 ns, Reaching safepoint: 654645 ns, At safepoint: 43862 ns, Total: 698507 ns
[2020-08-12T17:06:21.690+0000][6][safepoint    ] Safepoint "Cleanup", Time since last: 1000300130 ns, Reaching safepoint: 559245 ns, At safepoint: 27487 ns, Total: 586732 ns
[2020-08-12T17:06:22.691+0000][6][safepoint    ] Safepoint "Cleanup", Time since last: 1000267218 ns, Reaching safepoint: 660895 ns, At safepoint: 44312 ns, Total: 705207 ns
[2020-08-12T17:06:23.692+0000][6][safepoint    ] Safepoint "Cleanup", Time since last: 1000353204 ns, Reaching safepoint: 674295 ns, At safepoint: 46674 ns, Total: 720969 ns
[2020-08-12T17:06:25.690+0000][6][safepoint    ] Safepoint "Cleanup", Time since last: 1996532821 ns, Reaching safepoint: 748456 ns, At safepoint: 46862 ns, Total: 795318 ns
[2020-08-12T17:06:26.690+0000][6][safepoint    ] Safepoint "Cleanup", Time since last: 1000294993 ns, Reaching safepoint: 257823 ns, At safepoint: 10987 ns, Total: 268810 ns
[2020-08-12T17:06:27.356+0000][6][safepoint    ] Safepoint "BulkRevokeBias", Time since last: 663344289 ns, Reaching safepoint: 661769 ns, At safepoint: 1573011 ns, Total: 2234780 ns
[2020-08-12T17:06:28.357+0000][6][safepoint    ] Safepoint "Cleanup", Time since last: 1000328343 ns, Reaching safepoint: 922917 ns, At safepoint: 70037 ns, Total: 992954 ns
[2020-08-12T17:06:29.965+0000][6][safepoint    ] Safepoint "Cleanup", Time since last: 1607185512 ns, Reaching safepoint: 850442 ns, At safepoint: 58450 ns, Total: 908892 ns
[2020-08-12T17:06:30.966+0000][6][safepoint    ] Safepoint "Cleanup", Time since last: 1000359567 ns, Reaching safepoint: 794405 ns, At safepoint: 46512 ns, Total: 840917 ns
[2020-08-12T17:06:31.967+0000][6][safepoint    ] Safepoint "Cleanup", Time since last: 1000344118 ns, Reaching safepoint: 493946 ns, At safepoint: 65412 ns, Total: 559358 ns
[2020-08-12T17:06:33.043+0000][6][safepoint    ] Safepoint "Cleanup", Time since last: 1074996864 ns, Reaching safepoint: 704107 ns, At safepoint: 48624 ns, Total: 752731 ns
[2020-08-12T17:06:34.044+0000][6][safepoint    ] Safepoint "Cleanup", Time since last: 1000289843 ns, Reaching safepoint: 611232 ns, At safepoint: 31150 ns, Total: 642382 ns
[2020-08-12T17:06:35.690+0000][6][safepoint    ] Safepoint "Cleanup", Time since last: 1645104193 ns, Reaching safepoint: 652069 ns, At safepoint: 60350 ns, Total: 712419 ns
[2020-08-12T17:06:36.691+0000][6][safepoint    ] Safepoint "Cleanup", Time since last: 1000398117 ns, Reaching safepoint: 481946 ns, At safepoint: 35112 ns, Total: 517058 ns
[2020-08-12T17:06:38.436+0000][6][safepoint    ] Safepoint "Cleanup", Time since last: 1744672048 ns, Reaching safepoint: 802980 ns, At safepoint: 45900 ns, Total: 848880 ns
[2020-08-12T17:06:39.437+0000][6][safepoint    ] Safepoint "Cleanup", Time since last: 1000292755 ns, Reaching safepoint: 350347 ns, At safepoint: 18513 ns, Total: 368860 ns
[2020-08-12T17:06:40.691+0000][6][safepoint    ] Safepoint "Cleanup", Time since last: 1253466416 ns, Reaching safepoint: 681969 ns, At safepoint: 53725 ns, Total: 735694 ns
[2020-08-12T17:06:41.692+0000][6][safepoint    ] Safepoint "Cleanup", Time since last: 1000284755 ns, Reaching safepoint: 251285 ns, At safepoint: 11488 ns, Total: 262773 ns
[2020-08-12T17:06:42.693+0000][6][safepoint    ] Safepoint "Cleanup", Time since last: 1000208443 ns, Reaching safepoint: 982629 ns, At safepoint: 44387 ns, Total: 1027016 ns
[2020-08-12T17:06:43.694+0000][6][safepoint    ] Safepoint "Cleanup", Time since last: 1000379805 ns, Reaching safepoint: 927092 ns, At safepoint: 59537 ns, Total: 986629 ns
[2020-08-12T17:06:45.692+0000][6][safepoint    ] Safepoint "Cleanup", Time since last: 1997262740 ns, Reaching safepoint: 689381 ns, At safepoint: 53837 ns, Total: 743218 ns
[2020-08-12T17:06:46.693+0000][6][safepoint    ] Safepoint "Cleanup", Time since last: 1000313955 ns, Reaching safepoint: 656094 ns, At safepoint: 27575 ns, Total: 683669 ns
[2020-08-12T17:06:48.536+0000][6][safepoint    ] Safepoint "Cleanup", Time since last: 1842634742 ns, Reaching safepoint: 607907 ns, At safepoint: 44462 ns, Total: 652369 ns
[2020-08-12T17:06:49.537+0000][6][safepoint    ] Safepoint "Cleanup", Time since last: 1000310618 ns, Reaching safepoint: 455371 ns, At safepoint: 25474 ns, Total: 480845 ns
[2020-08-12T17:06:50.538+0000][6][safepoint    ] Safepoint "Cleanup", Time since last: 1000256619 ns, Reaching safepoint: 786518 ns, At safepoint: 45024 ns, Total: 831542 ns
[2020-08-12T17:06:51.539+0000][6][safepoint    ] Safepoint "Cleanup", Time since last: 1000291118 ns, Reaching safepoint: 555320 ns, At safepoint: 38287 ns, Total: 593607 ns
[2020-08-12T17:06:52.540+0000][6][safepoint    ] Safepoint "Cleanup", Time since last: 1000255106 ns, Reaching safepoint: 646869 ns, At safepoint: 52137 ns, Total: 699006 ns
[2020-08-12T17:06:53.541+0000][6][safepoint    ] Safepoint "Cleanup", Time since last: 1000335080 ns, Reaching safepoint: 647745 ns, At safepoint: 45987 ns, Total: 693732 ns
[2020-08-12T17:06:54.542+0000][6][safepoint    ] Safepoint "Cleanup", Time since last: 1000343992 ns, Reaching safepoint: 663282 ns, At safepoint: 53587 ns, Total: 716869 ns
[2020-08-12T17:06:54.695+0000][6][safepoint    ] Safepoint "BulkRevokeBias", Time since last: 149485193 ns, Reaching safepoint: 841443 ns, At safepoint: 2642627 ns, Total: 3484070 ns
[2020-08-12T17:06:54.699+0000][6][safepoint    ] Safepoint "BulkRevokeBias", Time since last: 715793 ns, Reaching safepoint: 680369 ns, At safepoint: 2757189 ns, Total: 3437558 ns
[2020-08-12T17:06:55.702+0000][6][safepoint    ] Safepoint "Cleanup", Time since last: 1001755517 ns, Reaching safepoint: 800043 ns, At safepoint: 44687 ns, Total: 844730 ns
[2020-08-12T17:06:56.703+0000][6][safepoint    ] Safepoint "Cleanup", Time since last: 1000286743 ns, Reaching safepoint: 530358 ns, At safepoint: 37287 ns, Total: 567645 ns
[2020-08-12T17:06:58.381+0000][6][safepoint    ] Safepoint "Cleanup", Time since last: 1677634522 ns, Reaching safepoint: 764031 ns, At safepoint: 55037 ns, Total: 819068 ns
[2020-08-12T17:06:59.693+0000][6][safepoint    ] Safepoint "Cleanup", Time since last: 1310668679 ns, Reaching safepoint: 673557 ns, At safepoint: 44599 ns, Total: 718156 ns
[2020-08-12T17:07:00.695+0000][6][safepoint    ] Safepoint "Cleanup", Time since last: 1001076961 ns, Reaching safepoint: 837493 ns, At safepoint: 43812 ns, Total: 881305 ns
[2020-08-12T17:07:01.696+0000][6][safepoint    ] Safepoint "Cleanup", Time since last: 1000336442 ns, Reaching safepoint: 486421 ns, At safepoint: 24262 ns, Total: 510683 ns
[2020-08-12T17:07:02.696+0000][6][safepoint    ] Safepoint "Cleanup", Time since last: 1000219931 ns, Reaching safepoint: 590907 ns, At safepoint: 30750 ns, Total: 621657 ns
[2020-08-12T17:07:03.698+0000][6][safepoint    ] Safepoint "Cleanup", Time since last: 1000289931 ns, Reaching safepoint: 855630 ns, At safepoint: 44387 ns, Total: 900017 ns
[2020-08-12T17:07:05.692+0000][6][safepoint    ] Safepoint "Cleanup", Time since last: 1994139604 ns, Reaching safepoint: 710756 ns, At safepoint: 53712 ns, Total: 764468 ns
[2020-08-12T17:07:06.694+0000][6][safepoint    ] Safepoint "Cleanup", Time since last: 1000388880 ns, Reaching safepoint: 609932 ns, At safepoint: 54687 ns, Total: 664619 ns
[2020-08-12T17:07:08.454+0000][6][safepoint    ] Safepoint "Cleanup", Time since last: 1759761728 ns, Reaching safepoint: 580570 ns, At safepoint: 162924 ns, Total: 743494 ns
[2020-08-12T17:07:09.455+0000][6][safepoint    ] Safepoint "Cleanup", Time since last: 1000301555 ns, Reaching safepoint: 446746 ns, At safepoint: 23775 ns, Total: 470521 ns
[2020-08-12T17:07:10.456+0000][6][safepoint    ] Safepoint "Cleanup", Time since last: 1000303681 ns, Reaching safepoint: 895342 ns, At safepoint: 65999 ns, Total: 961341 ns
[2020-08-12T17:07:11.458+0000][6][safepoint    ] Safepoint "Cleanup", Time since last: 1000304930 ns, Reaching safepoint: 1224852 ns, At safepoint: 67312 ns, Total: 1292164 ns
[2020-08-12T17:07:12.459+0000][6][safepoint    ] Safepoint "Cleanup", Time since last: 1000389267 ns, Reaching safepoint: 773356 ns, At safepoint: 121111 ns, Total: 894467 ns
[2020-08-12T17:07:13.460+0000][6][safepoint    ] Safepoint "Cleanup", Time since last: 1000350492 ns, Reaching safepoint: 1034591 ns, At safepoint: 44700 ns, Total: 1079291 ns
[2020-08-12T17:07:14.462+0000][6][safepoint    ] Safepoint "Cleanup", Time since last: 1000327830 ns, Reaching safepoint: 834468 ns, At safepoint: 44499 ns, Total: 878967 ns
[2020-08-12T17:07:15.695+0000][6][safepoint    ] Safepoint "Cleanup", Time since last: 1232653499 ns, Reaching safepoint: 792243 ns, At safepoint: 59825 ns, Total: 852068 ns
[2020-08-12T17:07:16.696+0000][6][safepoint    ] Safepoint "Cleanup", Time since last: 1000307767 ns, Reaching safepoint: 523483 ns, At safepoint: 26313 ns, Total: 549796 ns
[2020-08-12T17:07:18.554+0000][6][safepoint    ] Safepoint "Cleanup", Time since last: 1857580523 ns, Reaching safepoint: 788406 ns, At safepoint: 46287 ns, Total: 834693 ns
[2020-08-12T17:07:19.555+0000][6][safepoint    ] Safepoint "Cleanup", Time since last: 1000362667 ns, Reaching safepoint: 570682 ns, At safepoint: 44050 ns, Total: 614732 ns
[2020-08-12T17:07:20.696+0000][6][safepoint    ] Safepoint "Cleanup", Time since last: 1140408580 ns, Reaching safepoint: 479858 ns, At safepoint: 44788 ns, Total: 524646 ns
[2020-08-12T17:07:21.698+0000][6][safepoint    ] Safepoint "Cleanup", Time since last: 1000355142 ns, Reaching safepoint: 920867 ns, At safepoint: 61962 ns, Total: 982829 ns
[2020-08-12T17:07:22.699+0000][6][safepoint    ] Safepoint "Cleanup", Time since last: 1000399817 ns, Reaching safepoint: 748318 ns, At safepoint: 44100 ns, Total: 792418 ns
[2020-08-12T17:07:23.700+0000][6][safepoint    ] Safepoint "Cleanup", Time since last: 1000429541 ns, Reaching safepoint: 789431 ns, At safepoint: 44600 ns, Total: 834031 ns
[2020-08-12T17:07:25.700+0000][6][safepoint    ] Safepoint "Cleanup", Time since last: 1999301271 ns, Reaching safepoint: 774069 ns, At safepoint: 46274 ns, Total: 820343 ns
[2020-08-12T17:07:26.701+0000][6][safepoint    ] Safepoint "Cleanup", Time since last: 1000326105 ns, Reaching safepoint: 605182 ns, At safepoint: 45725 ns, Total: 650907 ns
[2020-08-12T17:07:28.350+0000][6][safepoint    ] Safepoint "Cleanup", Time since last: 1648142492 ns, Reaching safepoint: 695531 ns, At safepoint: 56312 ns, Total: 751843 ns
[2020-08-12T17:07:29.978+0000][6][safepoint    ] Safepoint "Cleanup", Time since last: 1627277374 ns, Reaching safepoint: 848543 ns, At safepoint: 55024 ns, Total: 903567 ns
[2020-08-12T17:07:30.980+0000][6][safepoint    ] Safepoint "Cleanup", Time since last: 1000348118 ns, Reaching safepoint: 908379 ns, At safepoint: 44137 ns, Total: 952516 ns
[2020-08-12T17:07:31.980+0000][6][safepoint    ] Safepoint "Cleanup", Time since last: 1000297056 ns, Reaching safepoint: 448996 ns, At safepoint: 21325 ns, Total: 470321 ns
[2020-08-12T17:07:32.981+0000][6][safepoint    ] Safepoint "Cleanup", Time since last: 1000230918 ns, Reaching safepoint: 253098 ns, At safepoint: 11425 ns, Total: 264523 ns
[2020-08-12T17:07:33.981+0000][6][safepoint    ] Safepoint "Cleanup", Time since last: 1000191731 ns, Reaching safepoint: 372922 ns, At safepoint: 12799 ns, Total: 385721 ns
[2020-08-12T17:07:35.699+0000][6][safepoint    ] Safepoint "Cleanup", Time since last: 1716917616 ns, Reaching safepoint: 745943 ns, At safepoint: 38225 ns, Total: 784168 ns
[2020-08-12T17:07:36.700+0000][6][safepoint    ] Safepoint "Cleanup", Time since last: 1000252318 ns, Reaching safepoint: 360572 ns, At safepoint: 12837 ns, Total: 373409 ns
[2020-08-12T17:07:38.454+0000][6][safepoint    ] Safepoint "Cleanup", Time since last: 1753683944 ns, Reaching safepoint: 329898 ns, At safepoint: 16112 ns, Total: 346010 ns
[2020-08-12T17:07:39.455+0000][6][safepoint    ] Safepoint "Cleanup", Time since last: 1000242381 ns, Reaching safepoint: 720931 ns, At safepoint: 45537 ns, Total: 766468 ns
[2020-08-12T17:07:40.701+0000][6][safepoint    ] Safepoint "Cleanup", Time since last: 1245456687 ns, Reaching safepoint: 597945 ns, At safepoint: 53137 ns, Total: 651082 ns
[2020-08-12T17:07:41.702+0000][6][safepoint    ] Safepoint "Cleanup", Time since last: 1000383192 ns, Reaching safepoint: 577745 ns, At safepoint: 103511 ns, Total: 681256 ns
[2020-08-12T17:07:42.703+0000][6][safepoint    ] Safepoint "Cleanup", Time since last: 1000337143 ns, Reaching safepoint: 925879 ns, At safepoint: 45037 ns, Total: 970916 ns
[2020-08-12T17:07:43.704+0000][6][safepoint    ] Safepoint "Cleanup", Time since last: 1000332955 ns, Reaching safepoint: 885755 ns, At safepoint: 38075 ns, Total: 923830 ns
[2020-08-12T17:07:45.701+0000][6][safepoint    ] Safepoint "Cleanup", Time since last: 1995380319 ns, Reaching safepoint: 906829 ns, At safepoint: 44575 ns, Total: 951404 ns
[2020-08-12T17:07:46.702+0000][6][safepoint    ] Safepoint "Cleanup", Time since last: 1000333079 ns, Reaching safepoint: 605783 ns, At safepoint: 23574 ns, Total: 629357 ns
[2020-08-12T17:07:48.512+0000][6][safepoint    ] Safepoint "Cleanup", Time since last: 1809322471 ns, Reaching safepoint: 851242 ns, At safepoint: 45575 ns, Total: 896817 ns
[2020-08-12T17:07:49.513+0000][6][safepoint    ] Safepoint "Cleanup", Time since last: 1000346079 ns, Reaching safepoint: 921705 ns, At safepoint: 44225 ns, Total: 965930 ns
[2020-08-12T17:07:50.515+0000][6][safepoint    ] Safepoint "Cleanup", Time since last: 1000343742 ns, Reaching safepoint: 817880 ns, At safepoint: 44225 ns, Total: 862105 ns
[2020-08-12T17:07:51.516+0000][6][safepoint    ] Safepoint "Cleanup", Time since last: 1000302030 ns, Reaching safepoint: 741531 ns, At safepoint: 31262 ns, Total: 772793 ns
[2020-08-12T17:07:52.517+0000][6][safepoint    ] Safepoint "Cleanup", Time since last: 1000324618 ns, Reaching safepoint: 768268 ns, At safepoint: 44013 ns, Total: 812281 ns
[2020-08-12T17:07:53.518+0000][6][safepoint    ] Safepoint "Cleanup", Time since last: 1000387291 ns, Reaching safepoint: 889117 ns, At safepoint: 72525 ns, Total: 961642 ns
[2020-08-12T17:07:54.519+0000][6][safepoint    ] Safepoint "Cleanup", Time since last: 1000352267 ns, Reaching safepoint: 623207 ns, At safepoint: 44887 ns, Total: 668094 ns
[2020-08-12T17:07:55.703+0000][6][safepoint    ] Safepoint "Cleanup", Time since last: 1183565403 ns, Reaching safepoint: 604033 ns, At safepoint: 45662 ns, Total: 649695 ns
[2020-08-12T17:07:56.296+0000][6][gc,start     ] GC(46) Pause Young (Normal) (G1 Evacuation Pause)
[2020-08-12T17:07:56.296+0000][6][gc,task      ] GC(46) Using 2 workers of 2 for evacuation
[2020-08-12T17:07:56.296+0000][6][gc,age       ] GC(46) Desired survivor size 40370176 bytes, new threshold 15 (max threshold 15)
[2020-08-12T17:07:56.326+0000][6][gc,age       ] GC(46) Age table with threshold 15 (max threshold 15)
[2020-08-12T17:07:56.326+0000][6][gc,age       ] GC(46) - age   1:     718696 bytes,     718696 total
[2020-08-12T17:07:56.326+0000][6][gc,age       ] GC(46) - age   2:     290184 bytes,    1008880 total
[2020-08-12T17:07:56.327+0000][6][gc,age       ] GC(46) - age   3:     218968 bytes,    1227848 total
[2020-08-12T17:07:56.327+0000][6][gc,age       ] GC(46) - age   4:      31248 bytes,    1259096 total
[2020-08-12T17:07:56.327+0000][6][gc,age       ] GC(46) - age   5:      70064 bytes,    1329160 total
[2020-08-12T17:07:56.327+0000][6][gc,age       ] GC(46) - age   6:      38488 bytes,    1367648 total
[2020-08-12T17:07:56.327+0000][6][gc,age       ] GC(46) - age   7:      95616 bytes,    1463264 total
[2020-08-12T17:07:56.327+0000][6][gc,age       ] GC(46) - age   8:      28680 bytes,    1491944 total
[2020-08-12T17:07:56.327+0000][6][gc,age       ] GC(46) - age   9:      31088 bytes,    1523032 total
[2020-08-12T17:07:56.327+0000][6][gc,age       ] GC(46) - age  10:     202432 bytes,    1725464 total
[2020-08-12T17:07:56.327+0000][6][gc,age       ] GC(46) - age  11:      47296 bytes,    1772760 total
[2020-08-12T17:07:56.327+0000][6][gc,age       ] GC(46) - age  12:      77488 bytes,    1850248 total
[2020-08-12T17:07:56.327+0000][6][gc,age       ] GC(46) - age  13:      34792 bytes,    1885040 total
[2020-08-12T17:07:56.327+0000][6][gc,age       ] GC(46) - age  14:      81440 bytes,    1966480 total
[2020-08-12T17:07:56.328+0000][6][gc,age       ] GC(46) - age  15:     114200 bytes,    2080680 total
[2020-08-12T17:07:56.328+0000][6][gc,phases    ] GC(46)   Pre Evacuate Collection Set: 1.0ms
[2020-08-12T17:07:56.328+0000][6][gc,phases    ] GC(46)   Merge Heap Roots: 0.9ms
[2020-08-12T17:07:56.328+0000][6][gc,phases    ] GC(46)   Evacuate Collection Set: 19.0ms
[2020-08-12T17:07:56.328+0000][6][gc,phases    ] GC(46)   Post Evacuate Collection Set: 8.0ms
[2020-08-12T17:07:56.328+0000][6][gc,phases    ] GC(46)   Other: 2.9ms
[2020-08-12T17:07:56.328+0000][6][gc,heap      ] GC(46) Eden regions: 611->0(611)
[2020-08-12T17:07:56.328+0000][6][gc,heap      ] GC(46) Survivor regions: 3->3(77)
[2020-08-12T17:07:56.328+0000][6][gc,heap      ] GC(46) Old regions: 78->78
[2020-08-12T17:07:56.329+0000][6][gc,heap      ] GC(46) Archive regions: 2->2
[2020-08-12T17:07:56.329+0000][6][gc,heap      ] GC(46) Humongous regions: 7->7
[2020-08-12T17:07:56.329+0000][6][gc,metaspace ] GC(46) Metaspace: 97776K(105528K)->97776K(105528K) NonClass: 85241K(89912K)->85241K(89912K) Class: 12534K(15616K)->12534K(15616K)
[2020-08-12T17:07:56.329+0000][6][gc           ] GC(46) Pause Young (Normal) (G1 Evacuation Pause) 698M->87M(1024M) 32.890ms
[2020-08-12T17:07:56.329+0000][6][gc,cpu       ] GC(46) User=0.05s Sys=0.00s Real=0.03s
[2020-08-12T17:07:56.330+0000][6][safepoint    ] Safepoint "G1CollectForAllocation", Time since last: 591695290 ns, Reaching safepoint: 804168 ns, At safepoint: 33940603 ns, Total: 34744771 ns
[2020-08-12T17:07:57.332+0000][6][safepoint    ] Safepoint "Cleanup", Time since last: 1001669581 ns, Reaching safepoint: 347284 ns, At safepoint: 17537 ns, Total: 364821 ns
[2020-08-12T17:07:58.372+0000][6][safepoint    ] Safepoint "Cleanup", Time since last: 1039852560 ns, Reaching safepoint: 741981 ns, At safepoint: 54487 ns, Total: 796468 ns
[2020-08-12T17:07:59.703+0000][6][safepoint    ] Safepoint "Cleanup", Time since last: 1330556780 ns, Reaching safepoint: 448322 ns, At safepoint: 44299 ns, Total: 492621 ns
[2020-08-12T17:08:00.705+0000][6][safepoint    ] Safepoint "Cleanup", Time since last: 1000928387 ns, Reaching safepoint: 435322 ns, At safepoint: 165548 ns, Total: 600870 ns
[2020-08-12T17:08:01.707+0000][6][safepoint    ] Safepoint "Cleanup", Time since last: 1000339318 ns, Reaching safepoint: 1148515 ns, At safepoint: 54349 ns, Total: 1202864 ns
[2020-08-12T17:08:02.708+0000][6][safepoint    ] Safepoint "Cleanup", Time since last: 1000356530 ns, Reaching safepoint: 706956 ns, At safepoint: 38162 ns, Total: 745118 ns
[2020-08-12T17:08:03.708+0000][6][safepoint    ] Safepoint "Cleanup", Time since last: 1000267318 ns, Reaching safepoint: 359110 ns, At safepoint: 16587 ns, Total: 375697 ns
[2020-08-12T17:08:05.704+0000][6][safepoint    ] Safepoint "Cleanup", Time since last: 1995154858 ns, Reaching safepoint: 820131 ns, At safepoint: 58312 ns, Total: 878443 ns
[2020-08-12T17:08:06.705+0000][6][safepoint    ] Safepoint "Cleanup", Time since last: 1000341517 ns, Reaching safepoint: 488933 ns, At safepoint: 55162 ns, Total: 544095 ns
[2020-08-12T17:08:08.495+0000][6][safepoint    ] Safepoint "Cleanup", Time since last: 1789555705 ns, Reaching safepoint: 627220 ns, At safepoint: 45900 ns, Total: 673120 ns
[2020-08-12T17:08:09.496+0000][6][safepoint    ] Safepoint "Cleanup", Time since last: 1000348079 ns, Reaching safepoint: 549046 ns, At safepoint: 44574 ns, Total: 593620 ns
[2020-08-12T17:08:10.497+0000][6][safepoint    ] Safepoint "Cleanup", Time since last: 1000347130 ns, Reaching safepoint: 567633 ns, At safepoint: 44474 ns, Total: 612107 ns
[2020-08-12T17:08:11.498+0000][6][safepoint    ] Safepoint "Cleanup", Time since last: 1000284443 ns, Reaching safepoint: 413009 ns, At safepoint: 16462 ns, Total: 429471 ns
[2020-08-12T17:08:12.499+0000][6][safepoint    ] Safepoint "Cleanup", Time since last: 1000216531 ns, Reaching safepoint: 852368 ns, At safepoint: 44274 ns, Total: 896642 ns
[2020-08-12T17:08:13.500+0000][6][safepoint    ] Safepoint "Cleanup", Time since last: 1000343718 ns, Reaching safepoint: 811730 ns, At safepoint: 44637 ns, Total: 856367 ns
[2020-08-12T17:08:14.502+0000][6][safepoint    ] Safepoint "Cleanup", Time since last: 1000320280 ns, Reaching safepoint: 1009967 ns, At safepoint: 46112 ns, Total: 1056079 ns
[2020-08-12T17:08:15.707+0000][6][safepoint    ] Safepoint "Cleanup", Time since last: 1203952212 ns, Reaching safepoint: 860592 ns, At safepoint: 43875 ns, Total: 904467 ns
[2020-08-12T17:08:16.708+0000][6][safepoint    ] Safepoint "Cleanup", Time since last: 1000373930 ns, Reaching safepoint: 1134402 ns, At safepoint: 54862 ns, Total: 1189264 ns
[2020-08-12T17:08:18.515+0000][6][safepoint    ] Safepoint "Cleanup", Time since last: 1806024374 ns, Reaching safepoint: 880743 ns, At safepoint: 65386 ns, Total: 946129 ns
[2020-08-12T17:08:19.516+0000][6][safepoint    ] Safepoint "Cleanup", Time since last: 1000306943 ns, Reaching safepoint: 410397 ns, At safepoint: 53612 ns, Total: 464009 ns
[2020-08-12T17:08:20.707+0000][6][safepoint    ] Safepoint "Cleanup", Time since last: 1190450318 ns, Reaching safepoint: 627507 ns, At safepoint: 55587 ns, Total: 683094 ns
[2020-08-12T17:08:21.708+0000][6][safepoint    ] Safepoint "Cleanup", Time since last: 1000346992 ns, Reaching safepoint: 689531 ns, At safepoint: 65062 ns, Total: 754593 ns
[2020-08-12T17:08:22.709+0000][6][safepoint    ] Safepoint "Cleanup", Time since last: 1000338505 ns, Reaching safepoint: 874643 ns, At safepoint: 44587 ns, Total: 919230 ns
[2020-08-12T17:08:23.711+0000][6][safepoint    ] Safepoint "Cleanup", Time since last: 1000374029 ns, Reaching safepoint: 891642 ns, At safepoint: 68750 ns, Total: 960392 ns
[2020-08-12T17:08:25.707+0000][6][safepoint    ] Safepoint "Cleanup", Time since last: 1995633979 ns, Reaching safepoint: 725006 ns, At safepoint: 52612 ns, Total: 777618 ns
[2020-08-12T17:08:26.708+0000][6][safepoint    ] Safepoint "Cleanup", Time since last: 1000343055 ns, Reaching safepoint: 579732 ns, At safepoint: 54025 ns, Total: 633757 ns
[2020-08-12T17:08:28.366+0000][6][safepoint    ] Safepoint "Cleanup", Time since last: 1657701970 ns, Reaching safepoint: 509408 ns, At safepoint: 29175 ns, Total: 538583 ns
[2020-08-12T17:08:29.841+0000][6][safepoint    ] Safepoint "Cleanup", Time since last: 1474137875 ns, Reaching safepoint: 668245 ns, At safepoint: 46762 ns, Total: 715007 ns
[2020-08-12T17:08:30.842+0000][6][safepoint    ] Safepoint "Cleanup", Time since last: 1000339105 ns, Reaching safepoint: 674156 ns, At safepoint: 54575 ns, Total: 728731 ns
[2020-08-12T17:08:31.843+0000][6][safepoint    ] Safepoint "Cleanup", Time since last: 1000285618 ns, Reaching safepoint: 534070 ns, At safepoint: 19100 ns, Total: 553170 ns
[2020-08-12T17:08:32.844+0000][6][safepoint    ] Safepoint "Cleanup", Time since last: 1000247680 ns, Reaching safepoint: 709569 ns, At safepoint: 53687 ns, Total: 763256 ns
[2020-08-12T17:08:33.845+0000][6][safepoint    ] Safepoint "Cleanup", Time since last: 1000352430 ns, Reaching safepoint: 551533 ns, At safepoint: 45074 ns, Total: 596607 ns
[2020-08-12T17:08:35.713+0000][6][safepoint    ] Safepoint "Cleanup", Time since last: 1867093716 ns, Reaching safepoint: 481508 ns, At safepoint: 44300 ns, Total: 525808 ns
[2020-08-12T17:08:36.714+0000][6][safepoint    ] Safepoint "Cleanup", Time since last: 1000337554 ns, Reaching safepoint: 581833 ns, At safepoint: 23075 ns, Total: 604908 ns
[2020-08-12T17:08:38.495+0000][6][safepoint    ] Safepoint "Cleanup", Time since last: 1780660220 ns, Reaching safepoint: 696057 ns, At safepoint: 46249 ns, Total: 742306 ns
[2020-08-12T17:08:39.496+0000][6][safepoint    ] Safepoint "Cleanup", Time since last: 1000290568 ns, Reaching safepoint: 391159 ns, At safepoint: 56212 ns, Total: 447371 ns
[2020-08-12T17:08:40.708+0000][6][safepoint    ] Safepoint "Cleanup", Time since last: 1211519109 ns, Reaching safepoint: 718119 ns, At safepoint: 53499 ns, Total: 771618 ns
[2020-08-12T17:08:41.709+0000][6][safepoint    ] Safepoint "Cleanup", Time since last: 1000341730 ns, Reaching safepoint: 941779 ns, At safepoint: 54762 ns, Total: 996541 ns
[2020-08-12T17:08:42.711+0000][6][safepoint    ] Safepoint "Cleanup", Time since last: 1000347643 ns, Reaching safepoint: 928192 ns, At safepoint: 43887 ns, Total: 972079 ns
[2020-08-12T17:08:43.712+0000][6][safepoint    ] Safepoint "Cleanup", Time since last: 1000368492 ns, Reaching safepoint: 807130 ns, At safepoint: 46875 ns, Total: 854005 ns
[2020-08-12T17:08:45.709+0000][6][safepoint    ] Safepoint "Cleanup", Time since last: 1996690782 ns, Reaching safepoint: 671494 ns, At safepoint: 51112 ns, Total: 722606 ns
[2020-08-12T17:08:46.710+0000][6][safepoint    ] Safepoint "Cleanup", Time since last: 1000316643 ns, Reaching safepoint: 542995 ns, At safepoint: 43450 ns, Total: 586445 ns
[2020-08-12T17:08:48.500+0000][6][safepoint    ] Safepoint "Cleanup", Time since last: 1789202533 ns, Reaching safepoint: 810643 ns, At safepoint: 58462 ns, Total: 869105 ns
[2020-08-12T17:08:49.501+0000][6][safepoint    ] Safepoint "Cleanup", Time since last: 1000324405 ns, Reaching safepoint: 474058 ns, At safepoint: 20500 ns, Total: 494558 ns
[2020-08-12T17:08:50.502+0000][6][safepoint    ] Safepoint "Cleanup", Time since last: 1000257131 ns, Reaching safepoint: 966567 ns, At safepoint: 43649 ns, Total: 1010216 ns
[2020-08-12T17:08:51.504+0000][6][safepoint    ] Safepoint "Cleanup", Time since last: 1000315380 ns, Reaching safepoint: 1206690 ns, At safepoint: 50349 ns, Total: 1257039 ns
[2020-08-12T17:08:52.505+0000][6][safepoint    ] Safepoint "Cleanup", Time since last: 1000336980 ns, Reaching safepoint: 835043 ns, At safepoint: 43975 ns, Total: 879018 ns
[2020-08-12T17:08:53.506+0000][6][safepoint    ] Safepoint "Cleanup", Time since last: 1000349067 ns, Reaching safepoint: 675594 ns, At safepoint: 45012 ns, Total: 720606 ns
[2020-08-12T17:08:54.507+0000][6][safepoint    ] Safepoint "Cleanup", Time since last: 1000345167 ns, Reaching safepoint: 583170 ns, At safepoint: 46225 ns, Total: 629395 ns
[2020-08-12T17:08:55.710+0000][6][safepoint    ] Safepoint "Cleanup", Time since last: 1202499637 ns, Reaching safepoint: 549483 ns, At safepoint: 44525 ns, Total: 594008 ns
[2020-08-12T17:08:56.711+0000][6][safepoint    ] Safepoint "Cleanup", Time since last: 1000290567 ns, Reaching safepoint: 498546 ns, At safepoint: 24575 ns, Total: 523121 ns
[2020-08-12T17:08:58.315+0000][6][safepoint    ] Safepoint "Cleanup", Time since last: 1602818313 ns, Reaching safepoint: 727169 ns, At safepoint: 53462 ns, Total: 780631 ns
[2020-08-12T17:08:59.709+0000][6][safepoint    ] Safepoint "Cleanup", Time since last: 1393543692 ns, Reaching safepoint: 827830 ns, At safepoint: 148974 ns, Total: 976804 ns
[2020-08-12T17:08:59.712+0000][6][safepoint    ] Safepoint "BulkRevokeBias", Time since last: 477746 ns, Reaching safepoint: 402859 ns, At safepoint: 1480437 ns, Total: 1883296 ns
[2020-08-12T17:09:00.713+0000][6][safepoint    ] Safepoint "Cleanup", Time since last: 1000326643 ns, Reaching safepoint: 579457 ns, At safepoint: 46200 ns, Total: 625657 ns
[2020-08-12T17:09:01.713+0000][6][safepoint    ] Safepoint "Cleanup", Time since last: 1000296405 ns, Reaching safepoint: 489183 ns, At safepoint: 19812 ns, Total: 508995 ns
[2020-08-12T17:09:02.715+0000][6][safepoint    ] Safepoint "Cleanup", Time since last: 1000259243 ns, Reaching safepoint: 843680 ns, At safepoint: 44075 ns, Total: 887755 ns
[2020-08-12T17:09:03.716+0000][6][safepoint    ] Safepoint "Cleanup", Time since last: 1000390854 ns, Reaching safepoint: 798606 ns, At safepoint: 44762 ns, Total: 843368 ns
[2020-08-12T17:09:05.711+0000][6][safepoint    ] Safepoint "Cleanup", Time since last: 1993980619 ns, Reaching safepoint: 910304 ns, At safepoint: 44787 ns, Total: 955091 ns
[2020-08-12T17:09:06.712+0000][6][safepoint    ] Safepoint "Cleanup", Time since last: 1000368242 ns, Reaching safepoint: 580045 ns, At safepoint: 25650 ns, Total: 605695 ns
[2020-08-12T17:09:07.783+0000][6][safepoint    ] Safepoint "Cleanup", Time since last: 1000324980 ns, Reaching safepoint: 70920317 ns, At safepoint: 189061 ns, Total: 71109378 ns
[2020-08-12T17:09:08.972+0000][6][safepoint    ] Safepoint "Cleanup", Time since last: 1187816454 ns, Reaching safepoint: 1102765 ns, At safepoint: 62125 ns, Total: 1164890 ns
[2020-08-12T17:09:09.973+0000][6][safepoint    ] Safepoint "Cleanup", Time since last: 1000297155 ns, Reaching safepoint: 797493 ns, At safepoint: 55287 ns, Total: 852780 ns
[2020-08-12T17:09:10.974+0000][6][safepoint    ] Safepoint "Cleanup", Time since last: 1000339055 ns, Reaching safepoint: 658944 ns, At safepoint: 44075 ns, Total: 703019 ns
[2020-08-12T17:09:11.975+0000][6][safepoint    ] Safepoint "Cleanup", Time since last: 1000346079 ns, Reaching safepoint: 561571 ns, At safepoint: 43999 ns, Total: 605570 ns
[2020-08-12T17:09:12.976+0000][6][safepoint    ] Safepoint "Cleanup", Time since last: 1000341542 ns, Reaching safepoint: 727144 ns, At safepoint: 44687 ns, Total: 771831 ns
[2020-08-12T17:09:13.978+0000][6][safepoint    ] Safepoint "Cleanup", Time since last: 1000407642 ns, Reaching safepoint: 1014091 ns, At safepoint: 59750 ns, Total: 1073841 ns
[2020-08-12T17:09:15.710+0000][6][safepoint    ] Safepoint "Cleanup", Time since last: 1731566650 ns, Reaching safepoint: 793543 ns, At safepoint: 58599 ns, Total: 852142 ns
[2020-08-12T17:09:16.711+0000][6][safepoint    ] Safepoint "Cleanup", Time since last: 1000346217 ns, Reaching safepoint: 594795 ns, At safepoint: 56187 ns, Total: 650982 ns
[2020-08-12T17:09:18.488+0000][6][safepoint    ] Safepoint "Cleanup", Time since last: 1776460358 ns, Reaching safepoint: 648494 ns, At safepoint: 44475 ns, Total: 692969 ns
[2020-08-12T17:09:19.489+0000][6][safepoint    ] Safepoint "Cleanup", Time since last: 1000342717 ns, Reaching safepoint: 577445 ns, At safepoint: 44175 ns, Total: 621620 ns
[2020-08-12T17:09:20.711+0000][6][safepoint    ] Safepoint "Cleanup", Time since last: 1221096600 ns, Reaching safepoint: 660669 ns, At safepoint: 46387 ns, Total: 707056 ns
[2020-08-12T17:09:21.713+0000][6][safepoint    ] Safepoint "Cleanup", Time since last: 1000348867 ns, Reaching safepoint: 1096928 ns, At safepoint: 55000 ns, Total: 1151928 ns
[2020-08-12T17:09:22.714+0000][6][safepoint    ] Safepoint "Cleanup", Time since last: 1000401179 ns, Reaching safepoint: 824893 ns, At safepoint: 47387 ns, Total: 872280 ns
[2020-08-12T17:09:23.715+0000][6][safepoint    ] Safepoint "Cleanup", Time since last: 1000346017 ns, Reaching safepoint: 931430 ns, At safepoint: 44587 ns, Total: 976017 ns
[2020-08-12T17:09:24.714+0000][6][safepoint    ] Safepoint "BulkRevokeBias", Time since last: 994785191 ns, Reaching safepoint: 2108106 ns, At safepoint: 1767760 ns, Total: 3875866 ns
[2020-08-12T17:09:25.715+0000][6][safepoint    ] Safepoint "Cleanup", Time since last: 1000720026 ns, Reaching safepoint: 632682 ns, At safepoint: 44925 ns, Total: 677607 ns
[2020-08-12T17:09:26.716+0000][6][safepoint    ] Safepoint "Cleanup", Time since last: 1000289543 ns, Reaching safepoint: 577732 ns, At safepoint: 22687 ns, Total: 600419 ns
[2020-08-12T17:09:28.360+0000][6][safepoint    ] Safepoint "Cleanup", Time since last: 1643000262 ns, Reaching safepoint: 752206 ns, At safepoint: 46700 ns, Total: 798906 ns
[2020-08-12T17:09:29.848+0000][6][safepoint    ] Safepoint "Cleanup", Time since last: 1487108199 ns, Reaching safepoint: 584970 ns, At safepoint: 46212 ns, Total: 631182 ns
[2020-08-12T17:09:30.849+0000][6][safepoint    ] Safepoint "Cleanup", Time since last: 1000406655 ns, Reaching safepoint: 591782 ns, At safepoint: 44237 ns, Total: 636019 ns
[2020-08-12T17:09:31.850+0000][6][safepoint    ] Safepoint "Cleanup", Time since last: 1000366267 ns, Reaching safepoint: 428796 ns, At safepoint: 21938 ns, Total: 450734 ns
[2020-08-12T17:09:32.850+0000][6][safepoint    ] Safepoint "Cleanup", Time since last: 1000249768 ns, Reaching safepoint: 406309 ns, At safepoint: 58187 ns, Total: 464496 ns
[2020-08-12T17:09:33.852+0000][6][safepoint    ] Safepoint "Cleanup", Time since last: 1000341430 ns, Reaching safepoint: 849505 ns, At safepoint: 44737 ns, Total: 894242 ns
[2020-08-12T17:09:35.712+0000][6][safepoint    ] Safepoint "Cleanup", Time since last: 1860064201 ns, Reaching safepoint: 565833 ns, At safepoint: 44149 ns, Total: 609982 ns
[2020-08-12T17:09:36.714+0000][6][safepoint    ] Safepoint "Cleanup", Time since last: 1000337055 ns, Reaching safepoint: 1053979 ns, At safepoint: 63612 ns, Total: 1117591 ns
[2020-08-12T17:09:38.479+0000][6][safepoint    ] Safepoint "Cleanup", Time since last: 1764522224 ns, Reaching safepoint: 607945 ns, At safepoint: 148361 ns, Total: 756306 ns
[2020-08-12T17:09:39.480+0000][6][safepoint    ] Safepoint "Cleanup", Time since last: 1000295118 ns, Reaching safepoint: 393609 ns, At safepoint: 55262 ns, Total: 448871 ns
[2020-08-12T17:09:40.714+0000][6][safepoint    ] Safepoint "Cleanup", Time since last: 1232860947 ns, Reaching safepoint: 1114428 ns, At safepoint: 56862 ns, Total: 1171290 ns
[2020-08-12T17:09:41.715+0000][6][safepoint    ] Safepoint "Cleanup", Time since last: 1000376279 ns, Reaching safepoint: 1242802 ns, At safepoint: 43587 ns, Total: 1286389 ns
[2020-08-12T17:09:42.717+0000][6][safepoint    ] Safepoint "Cleanup", Time since last: 1000351355 ns, Reaching safepoint: 887629 ns, At safepoint: 45425 ns, Total: 933054 ns
[2020-08-12T17:09:43.718+0000][6][safepoint    ] Safepoint "Cleanup", Time since last: 1000402254 ns, Reaching safepoint: 898768 ns, At safepoint: 67861 ns, Total: 966629 ns
[2020-08-12T17:09:45.717+0000][6][safepoint    ] Safepoint "Cleanup", Time since last: 1997978234 ns, Reaching safepoint: 904967 ns, At safepoint: 53737 ns, Total: 958704 ns
[2020-08-12T17:09:46.718+0000][6][safepoint    ] Safepoint "Cleanup", Time since last: 1000284018 ns, Reaching safepoint: 576532 ns, At safepoint: 23638 ns, Total: 600170 ns
[2020-08-12T17:09:48.375+0000][6][safepoint    ] Safepoint "Cleanup", Time since last: 1656293270 ns, Reaching safepoint: 818155 ns, At safepoint: 44275 ns, Total: 862430 ns
[2020-08-12T17:09:49.376+0000][6][safepoint    ] Safepoint "Cleanup", Time since last: 1000280881 ns, Reaching safepoint: 391934 ns, At safepoint: 11900 ns, Total: 403834 ns
[2020-08-12T17:09:50.377+0000][6][safepoint    ] Safepoint "Cleanup", Time since last: 1000212068 ns, Reaching safepoint: 590132 ns, At safepoint: 44050 ns, Total: 634182 ns
[2020-08-12T17:09:51.378+0000][6][safepoint    ] Safepoint "Cleanup", Time since last: 1000336580 ns, Reaching safepoint: 585020 ns, At safepoint: 45924 ns, Total: 630944 ns
[2020-08-12T17:09:52.378+0000][6][safepoint    ] Safepoint "Cleanup", Time since last: 1000296918 ns, Reaching safepoint: 473321 ns, At safepoint: 20337 ns, Total: 493658 ns
[2020-08-12T17:09:53.380+0000][6][safepoint    ] Safepoint "Cleanup", Time since last: 1000263831 ns, Reaching safepoint: 1029341 ns, At safepoint: 44224 ns, Total: 1073565 ns
[2020-08-12T17:09:54.381+0000][6][safepoint    ] Safepoint "Cleanup", Time since last: 1000335143 ns, Reaching safepoint: 833042 ns, At safepoint: 70075 ns, Total: 903117 ns
[2020-08-12T17:09:55.714+0000][6][safepoint    ] Safepoint "Cleanup", Time since last: 1332726237 ns, Reaching safepoint: 625869 ns, At safepoint: 35362 ns, Total: 661231 ns
[2020-08-12T17:09:56.715+0000][6][safepoint    ] Safepoint "Cleanup", Time since last: 1000260206 ns, Reaching safepoint: 613582 ns, At safepoint: 29637 ns, Total: 643219 ns
[2020-08-12T17:09:58.273+0000][6][safepoint    ] Safepoint "Cleanup", Time since last: 1557255536 ns, Reaching safepoint: 660845 ns, At safepoint: 55487 ns, Total: 716332 ns
[2020-08-12T17:09:59.715+0000][6][safepoint    ] Safepoint "Cleanup", Time since last: 1440930815 ns, Reaching safepoint: 909067 ns, At safepoint: 44788 ns, Total: 953855 ns
[2020-08-12T17:10:00.717+0000][6][safepoint    ] Safepoint "Cleanup", Time since last: 1001129735 ns, Reaching safepoint: 872667 ns, At safepoint: 44625 ns, Total: 917292 ns
[2020-08-12T17:10:01.718+0000][6][safepoint    ] Safepoint "Cleanup", Time since last: 1000339480 ns, Reaching safepoint: 734406 ns, At safepoint: 67487 ns, Total: 801893 ns
[2020-08-12T17:10:02.719+0000][6][safepoint    ] Safepoint "Cleanup", Time since last: 1000341680 ns, Reaching safepoint: 682644 ns, At safepoint: 53837 ns, Total: 736481 ns
[2020-08-12T17:10:03.720+0000][6][safepoint    ] Safepoint "Cleanup", Time since last: 1000295843 ns, Reaching safepoint: 369846 ns, At safepoint: 18013 ns, Total: 387859 ns
[2020-08-12T17:10:05.714+0000][6][safepoint    ] Safepoint "Cleanup", Time since last: 1993210937 ns, Reaching safepoint: 595770 ns, At safepoint: 93462 ns, Total: 689232 ns
[2020-08-12T17:10:06.715+0000][6][safepoint    ] Safepoint "Cleanup", Time since last: 1000334805 ns, Reaching safepoint: 743481 ns, At safepoint: 24324 ns, Total: 767805 ns
[2020-08-12T17:10:07.487+0000][6][safepoint    ] Safepoint "BulkRevokeBias", Time since last: 768109673 ns, Reaching safepoint: 481246 ns, At safepoint: 2969011 ns, Total: 3450257 ns
[2020-08-12T17:10:08.488+0000][6][safepoint    ] Safepoint "Cleanup", Time since last: 1000411105 ns, Reaching safepoint: 546782 ns, At safepoint: 44425 ns, Total: 591207 ns
[2020-08-12T17:10:09.489+0000][6][safepoint    ] Safepoint "Cleanup", Time since last: 1000447904 ns, Reaching safepoint: 502795 ns, At safepoint: 44013 ns, Total: 546808 ns
[2020-08-12T17:10:10.490+0000][6][safepoint    ] Safepoint "Cleanup", Time since last: 1000344167 ns, Reaching safepoint: 567282 ns, At safepoint: 44288 ns, Total: 611570 ns
[2020-08-12T17:10:11.491+0000][6][safepoint    ] Safepoint "Cleanup", Time since last: 1000370554 ns, Reaching safepoint: 598270 ns, At safepoint: 54762 ns, Total: 653032 ns
[2020-08-12T17:10:12.492+0000][6][safepoint    ] Safepoint "Cleanup", Time since last: 1000395154 ns, Reaching safepoint: 583608 ns, At safepoint: 46199 ns, Total: 629807 ns
[2020-08-12T17:10:13.493+0000][6][safepoint    ] Safepoint "Cleanup", Time since last: 1000348055 ns, Reaching safepoint: 594920 ns, At safepoint: 44575 ns, Total: 639495 ns
[2020-08-12T17:10:14.493+0000][6][safepoint    ] Safepoint "Cleanup", Time since last: 1000373492 ns, Reaching safepoint: 464533 ns, At safepoint: 44600 ns, Total: 509133 ns
[2020-08-12T17:10:15.720+0000][6][safepoint    ] Safepoint "Cleanup", Time since last: 1225982895 ns, Reaching safepoint: 680069 ns, At safepoint: 53249 ns, Total: 733318 ns
[2020-08-12T17:10:16.722+0000][6][safepoint    ] Safepoint "Cleanup", Time since last: 1000293168 ns, Reaching safepoint: 1115065 ns, At safepoint: 70050 ns, Total: 1185115 ns
[2020-08-12T17:10:18.425+0000][6][safepoint    ] Safepoint "Cleanup", Time since last: 1702178757 ns, Reaching safepoint: 931404 ns, At safepoint: 57687 ns, Total: 989091 ns
[2020-08-12T17:10:19.426+0000][6][safepoint    ] Safepoint "Cleanup", Time since last: 1000454004 ns, Reaching safepoint: 394971 ns, At safepoint: 44087 ns, Total: 439058 ns
[2020-08-12T17:10:20.720+0000][6][safepoint    ] Safepoint "Cleanup", Time since last: 1293837239 ns, Reaching safepoint: 828943 ns, At safepoint: 44125 ns, Total: 873068 ns
[2020-08-12T17:10:21.722+0000][6][safepoint    ] Safepoint "Cleanup", Time since last: 1000315880 ns, Reaching safepoint: 953079 ns, At safepoint: 38237 ns, Total: 991316 ns
[2020-08-12T17:10:22.723+0000][6][safepoint    ] Safepoint "Cleanup", Time since last: 1000258806 ns, Reaching safepoint: 810730 ns, At safepoint: 43787 ns, Total: 854517 ns
[2020-08-12T17:10:23.724+0000][6][safepoint    ] Safepoint "Cleanup", Time since last: 1000445979 ns, Reaching safepoint: 888005 ns, At safepoint: 70412 ns, Total: 958417 ns
[2020-08-12T17:10:25.719+0000][6][safepoint    ] Safepoint "Cleanup", Time since last: 1993583984 ns, Reaching safepoint: 871455 ns, At safepoint: 44287 ns, Total: 915742 ns
[2020-08-12T17:10:26.720+0000][6][safepoint    ] Safepoint "Cleanup", Time since last: 1000352730 ns, Reaching safepoint: 751931 ns, At safepoint: 77637 ns, Total: 829568 ns
[2020-08-12T17:10:28.295+0000][6][safepoint    ] Safepoint "Cleanup", Time since last: 1574359824 ns, Reaching safepoint: 857317 ns, At safepoint: 45150 ns, Total: 902467 ns
[2020-08-12T17:10:29.892+0000][6][safepoint    ] Safepoint "Cleanup", Time since last: 1596008723 ns, Reaching safepoint: 898417 ns, At safepoint: 44024 ns, Total: 942441 ns
[2020-08-12T17:10:30.893+0000][6][safepoint    ] Safepoint "Cleanup", Time since last: 1000314393 ns, Reaching safepoint: 725981 ns, At safepoint: 56912 ns, Total: 782893 ns
[2020-08-12T17:10:31.894+0000][6][safepoint    ] Safepoint "Cleanup", Time since last: 1000284706 ns, Reaching safepoint: 280772 ns, At safepoint: 11888 ns, Total: 292660 ns
[2020-08-12T17:10:32.895+0000][6][safepoint    ] Safepoint "Cleanup", Time since last: 1000231880 ns, Reaching safepoint: 622070 ns, At safepoint: 54287 ns, Total: 676357 ns
[2020-08-12T17:10:33.896+0000][6][safepoint    ] Safepoint "Cleanup", Time since last: 1000415104 ns, Reaching safepoint: 858480 ns, At safepoint: 71299 ns, Total: 929779 ns
[2020-08-12T17:10:34.897+0000][6][safepoint    ] Safepoint "Cleanup", Time since last: 1000313506 ns, Reaching safepoint: 732031 ns, At safepoint: 40187 ns, Total: 772218 ns
[2020-08-12T17:10:36.115+0000][6][safepoint    ] Safepoint "Cleanup", Time since last: 1217269471 ns, Reaching safepoint: 803893 ns, At safepoint: 44274 ns, Total: 848167 ns
[2020-08-12T17:10:37.116+0000][6][safepoint    ] Safepoint "Cleanup", Time since last: 1000319980 ns, Reaching safepoint: 572508 ns, At safepoint: 38450 ns, Total: 610958 ns
[2020-08-12T17:10:38.469+0000][6][safepoint    ] Safepoint "Cleanup", Time since last: 1352169916 ns, Reaching safepoint: 631795 ns, At safepoint: 71887 ns, Total: 703682 ns
[2020-08-12T17:10:39.470+0000][6][safepoint    ] Safepoint "Cleanup", Time since last: 1000342292 ns, Reaching safepoint: 515858 ns, At safepoint: 45037 ns, Total: 560895 ns
[2020-08-12T17:10:40.723+0000][6][safepoint    ] Safepoint "Cleanup", Time since last: 1252609650 ns, Reaching safepoint: 696744 ns, At safepoint: 54062 ns, Total: 750806 ns
[2020-08-12T17:10:41.724+0000][6][safepoint    ] Safepoint "Cleanup", Time since last: 1000345817 ns, Reaching safepoint: 669856 ns, At safepoint: 86425 ns, Total: 756281 ns
[2020-08-12T17:10:42.726+0000][6][safepoint    ] Safepoint "Cleanup", Time since last: 1000564503 ns, Reaching safepoint: 792055 ns, At safepoint: 44637 ns, Total: 836692 ns
[2020-08-12T17:10:43.727+0000][6][safepoint    ] Safepoint "Cleanup", Time since last: 1000416405 ns, Reaching safepoint: 845417 ns, At safepoint: 43787 ns, Total: 889204 ns
[2020-08-12T17:10:45.726+0000][6][safepoint    ] Safepoint "Cleanup", Time since last: 1998011883 ns, Reaching safepoint: 840143 ns, At safepoint: 46212 ns, Total: 886355 ns
[2020-08-12T17:10:46.728+0000][6][safepoint    ] Safepoint "Cleanup", Time since last: 1000291555 ns, Reaching safepoint: 2117244 ns, At safepoint: 26013 ns, Total: 2143257 ns
[2020-08-12T17:10:48.534+0000][6][safepoint    ] Safepoint "Cleanup", Time since last: 1805100669 ns, Reaching safepoint: 753294 ns, At safepoint: 47637 ns, Total: 800931 ns
[2020-08-12T17:10:49.535+0000][6][safepoint    ] Safepoint "Cleanup", Time since last: 1000288130 ns, Reaching safepoint: 372547 ns, At safepoint: 20650 ns, Total: 393197 ns
[2020-08-12T17:10:50.536+0000][6][safepoint    ] Safepoint "Cleanup", Time since last: 1000234168 ns, Reaching safepoint: 501233 ns, At safepoint: 34762 ns, Total: 535995 ns
[2020-08-12T17:10:51.537+0000][6][safepoint    ] Safepoint "Cleanup", Time since last: 1000393955 ns, Reaching safepoint: 586845 ns, At safepoint: 96061 ns, Total: 682906 ns
[2020-08-12T17:10:52.538+0000][6][safepoint    ] Safepoint "Cleanup", Time since last: 1000398755 ns, Reaching safepoint: 811142 ns, At safepoint: 46175 ns, Total: 857317 ns
[2020-08-12T17:10:53.539+0000][6][safepoint    ] Safepoint "Cleanup", Time since last: 1000341380 ns, Reaching safepoint: 906317 ns, At safepoint: 44087 ns, Total: 950404 ns
[2020-08-12T17:10:54.541+0000][6][safepoint    ] Safepoint "Cleanup", Time since last: 1000351342 ns, Reaching safepoint: 836931 ns, At safepoint: 44212 ns, Total: 881143 ns
[2020-08-12T17:10:55.725+0000][6][safepoint    ] Safepoint "Cleanup", Time since last: 1183484604 ns, Reaching safepoint: 910454 ns, At safepoint: 45412 ns, Total: 955866 ns
[2020-08-12T17:10:56.726+0000][6][safepoint    ] Safepoint "Cleanup", Time since last: 1000349830 ns, Reaching safepoint: 694769 ns, At safepoint: 73174 ns, Total: 767943 ns
[2020-08-12T17:10:58.451+0000][6][safepoint    ] Safepoint "Cleanup", Time since last: 1724209602 ns, Reaching safepoint: 683182 ns, At safepoint: 53862 ns, Total: 737044 ns
[2020-08-12T17:10:59.727+0000][6][safepoint    ] Safepoint "Cleanup", Time since last: 1272991958 ns, Reaching safepoint: 2612440 ns, At safepoint: 53262 ns, Total: 2665702 ns
[2020-08-12T17:11:00.729+0000][6][safepoint    ] Safepoint "Cleanup", Time since last: 1001140410 ns, Reaching safepoint: 831181 ns, At safepoint: 97336 ns, Total: 928517 ns
[2020-08-12T17:11:01.730+0000][6][safepoint    ] Safepoint "Cleanup", Time since last: 1000289343 ns, Reaching safepoint: 619257 ns, At safepoint: 77537 ns, Total: 696794 ns
[2020-08-12T17:11:02.731+0000][6][safepoint    ] Safepoint "Cleanup", Time since last: 1000226681 ns, Reaching safepoint: 620632 ns, At safepoint: 33525 ns, Total: 654157 ns
[2020-08-12T17:11:03.732+0000][6][safepoint    ] Safepoint "Cleanup", Time since last: 1000389192 ns, Reaching safepoint: 864167 ns, At safepoint: 69425 ns, Total: 933592 ns
[2020-08-12T17:11:04.729+0000][6][safepoint    ] Safepoint "BulkRevokeBias", Time since last: 992931782 ns, Reaching safepoint: 1565286 ns, At safepoint: 1956333 ns, Total: 3521619 ns
[2020-08-12T17:11:05.730+0000][6][safepoint    ] Safepoint "Cleanup", Time since last: 1000368692 ns, Reaching safepoint: 779281 ns, At safepoint: 43799 ns, Total: 823080 ns
[2020-08-12T17:11:06.731+0000][6][safepoint    ] Safepoint "Cleanup", Time since last: 1000355405 ns, Reaching safepoint: 653282 ns, At safepoint: 37787 ns, Total: 691069 ns
[2020-08-12T17:11:08.448+0000][6][safepoint    ] Safepoint "Cleanup", Time since last: 1716720367 ns, Reaching safepoint: 791206 ns, At safepoint: 47112 ns, Total: 838318 ns
[2020-08-12T17:11:09.449+0000][6][safepoint    ] Safepoint "Cleanup", Time since last: 1000323405 ns, Reaching safepoint: 451559 ns, At safepoint: 33624 ns, Total: 485183 ns
[2020-08-12T17:11:10.450+0000][6][safepoint    ] Safepoint "Cleanup", Time since last: 1000303543 ns, Reaching safepoint: 546158 ns, At safepoint: 44687 ns, Total: 590845 ns
[2020-08-12T17:11:11.451+0000][6][safepoint    ] Safepoint "Cleanup", Time since last: 1000339730 ns, Reaching safepoint: 640382 ns, At safepoint: 46424 ns, Total: 686806 ns
[2020-08-12T17:11:12.452+0000][6][safepoint    ] Safepoint "Cleanup", Time since last: 1000340993 ns, Reaching safepoint: 798855 ns, At safepoint: 47500 ns, Total: 846355 ns
[2020-08-12T17:11:13.453+0000][6][safepoint    ] Safepoint "Cleanup", Time since last: 1000342204 ns, Reaching safepoint: 736619 ns, At safepoint: 44937 ns, Total: 781556 ns
[2020-08-12T17:11:14.454+0000][6][safepoint    ] Safepoint "Cleanup", Time since last: 1000288631 ns, Reaching safepoint: 419921 ns, At safepoint: 57724 ns, Total: 477645 ns
[2020-08-12T17:11:15.729+0000][6][safepoint    ] Safepoint "Cleanup", Time since last: 1274552896 ns, Reaching safepoint: 623644 ns, At safepoint: 83274 ns, Total: 706918 ns
[2020-08-12T17:11:16.730+0000][6][safepoint    ] Safepoint "Cleanup", Time since last: 1000347680 ns, Reaching safepoint: 595970 ns, At safepoint: 32600 ns, Total: 628570 ns
[2020-08-12T17:11:18.437+0000][6][safepoint    ] Safepoint "Cleanup", Time since last: 1705822450 ns, Reaching safepoint: 903829 ns, At safepoint: 46300 ns, Total: 950129 ns
[2020-08-12T17:11:19.438+0000][6][safepoint    ] Safepoint "Cleanup", Time since last: 1000269468 ns, Reaching safepoint: 321197 ns, At safepoint: 16237 ns, Total: 337434 ns
[2020-08-12T17:11:20.728+0000][6][safepoint    ] Safepoint "Cleanup", Time since last: 1289170743 ns, Reaching safepoint: 543295 ns, At safepoint: 139786 ns, Total: 683081 ns
[2020-08-12T17:11:21.729+0000][6][safepoint    ] Safepoint "Cleanup", Time since last: 1000279406 ns, Reaching safepoint: 639819 ns, At safepoint: 34587 ns, Total: 674406 ns
[2020-08-12T17:11:22.730+0000][6][safepoint    ] Safepoint "Cleanup", Time since last: 1000296756 ns, Reaching safepoint: 611957 ns, At safepoint: 33912 ns, Total: 645869 ns
[2020-08-12T17:11:23.731+0000][6][safepoint    ] Safepoint "Cleanup", Time since last: 1000256530 ns, Reaching safepoint: 701219 ns, At safepoint: 77412 ns, Total: 778631 ns
[2020-08-12T17:11:25.729+0000][6][safepoint    ] Safepoint "Cleanup", Time since last: 1997520263 ns, Reaching safepoint: 619832 ns, At safepoint: 55137 ns, Total: 674969 ns
[2020-08-12T17:11:26.730+0000][6][safepoint    ] Safepoint "Cleanup", Time since last: 1000350392 ns, Reaching safepoint: 678307 ns, At safepoint: 29074 ns, Total: 707381 ns
[2020-08-12T17:11:28.369+0000][6][safepoint    ] Safepoint "Cleanup", Time since last: 1638473089 ns, Reaching safepoint: 847355 ns, At safepoint: 44300 ns, Total: 891655 ns
[2020-08-12T17:11:29.843+0000][6][safepoint    ] Safepoint "Cleanup", Time since last: 1473354070 ns, Reaching safepoint: 726218 ns, At safepoint: 44400 ns, Total: 770618 ns
[2020-08-12T17:11:30.844+0000][6][safepoint    ] Safepoint "Cleanup", Time since last: 1000349717 ns, Reaching safepoint: 677232 ns, At safepoint: 52487 ns, Total: 729719 ns
[2020-08-12T17:11:31.845+0000][6][safepoint    ] Safepoint "Cleanup", Time since last: 1000346355 ns, Reaching safepoint: 598507 ns, At safepoint: 53512 ns, Total: 652019 ns
[2020-08-12T17:11:32.846+0000][6][safepoint    ] Safepoint "Cleanup", Time since last: 1000311692 ns, Reaching safepoint: 397647 ns, At safepoint: 18237 ns, Total: 415884 ns
[2020-08-12T17:11:33.847+0000][6][safepoint    ] Safepoint "Cleanup", Time since last: 1000226956 ns, Reaching safepoint: 763943 ns, At safepoint: 38100 ns, Total: 802043 ns
[2020-08-12T17:11:35.731+0000][6][safepoint    ] Safepoint "Cleanup", Time since last: 1883209362 ns, Reaching safepoint: 648394 ns, At safepoint: 27250 ns, Total: 675644 ns
[2020-08-12T17:11:36.732+0000][6][safepoint    ] Safepoint "Cleanup", Time since last: 1000219468 ns, Reaching safepoint: 677732 ns, At safepoint: 27737 ns, Total: 705469 ns
[2020-08-12T17:11:38.500+0000][6][safepoint    ] Safepoint "Cleanup", Time since last: 1766949378 ns, Reaching safepoint: 787494 ns, At safepoint: 43474 ns, Total: 830968 ns
[2020-08-12T17:11:39.501+0000][6][safepoint    ] Safepoint "Cleanup", Time since last: 1000409317 ns, Reaching safepoint: 580032 ns, At safepoint: 30513 ns, Total: 610545 ns
[2020-08-12T17:11:40.731+0000][6][safepoint    ] Safepoint "Cleanup", Time since last: 1229249116 ns, Reaching safepoint: 982329 ns, At safepoint: 47699 ns, Total: 1030028 ns
[2020-08-12T17:11:41.732+0000][6][safepoint    ] Safepoint "Cleanup", Time since last: 1000301030 ns, Reaching safepoint: 722619 ns, At safepoint: 30537 ns, Total: 753156 ns
[2020-08-12T17:11:42.733+0000][6][safepoint    ] Safepoint "Cleanup", Time since last: 1000221894 ns, Reaching safepoint: 354047 ns, At safepoint: 16737 ns, Total: 370784 ns
[2020-08-12T17:11:43.736+0000][6][safepoint    ] Safepoint "Cleanup", Time since last: 1000239781 ns, Reaching safepoint: 2583877 ns, At safepoint: 29087 ns, Total: 2612964 ns
[2020-08-12T17:11:45.732+0000][6][safepoint    ] Safepoint "Cleanup", Time since last: 1995260608 ns, Reaching safepoint: 834855 ns, At safepoint: 43912 ns, Total: 878767 ns
[2020-08-12T17:11:46.733+0000][6][safepoint    ] Safepoint "Cleanup", Time since last: 1000344142 ns, Reaching safepoint: 531071 ns, At safepoint: 18899 ns, Total: 549970 ns
[2020-08-12T17:11:48.426+0000][6][safepoint    ] Safepoint "Cleanup", Time since last: 1692977913 ns, Reaching safepoint: 770668 ns, At safepoint: 44775 ns, Total: 815443 ns
[2020-08-12T17:11:49.427+0000][6][safepoint    ] Safepoint "Cleanup", Time since last: 1000293892 ns, Reaching safepoint: 638995 ns, At safepoint: 36787 ns, Total: 675782 ns
[2020-08-12T17:11:50.428+0000][6][safepoint    ] Safepoint "Cleanup", Time since last: 1000272506 ns, Reaching safepoint: 675556 ns, At safepoint: 46575 ns, Total: 722131 ns
[2020-08-12T17:11:51.430+0000][6][safepoint    ] Safepoint "Cleanup", Time since last: 1000343605 ns, Reaching safepoint: 954916 ns, At safepoint: 44275 ns, Total: 999191 ns
[2020-08-12T17:11:52.431+0000][6][safepoint    ] Safepoint "Cleanup", Time since last: 1000371879 ns, Reaching safepoint: 1106441 ns, At safepoint: 75412 ns, Total: 1181853 ns
[2020-08-12T17:11:53.432+0000][6][safepoint    ] Safepoint "Cleanup", Time since last: 1000356629 ns, Reaching safepoint: 658807 ns, At safepoint: 52700 ns, Total: 711507 ns
[2020-08-12T17:11:54.433+0000][6][safepoint    ] Safepoint "Cleanup", Time since last: 1000299930 ns, Reaching safepoint: 730906 ns, At safepoint: 32137 ns, Total: 763043 ns
[2020-08-12T17:11:55.734+0000][6][safepoint    ] Safepoint "Cleanup", Time since last: 1300438694 ns, Reaching safepoint: 576633 ns, At safepoint: 44637 ns, Total: 621270 ns
[2020-08-12T17:11:56.735+0000][6][safepoint    ] Safepoint "Cleanup", Time since last: 1000315230 ns, Reaching safepoint: 587982 ns, At safepoint: 28575 ns, Total: 616557 ns
[2020-08-12T17:11:58.300+0000][6][safepoint    ] Safepoint "Cleanup", Time since last: 1563581731 ns, Reaching safepoint: 833917 ns, At safepoint: 44175 ns, Total: 878092 ns
[2020-08-12T17:11:58.911+0000][6][safepoint    ] Safepoint "BulkRevokeBias", Time since last: 606902407 ns, Reaching safepoint: 945592 ns, At safepoint: 3123522 ns, Total: 4069114 ns
[2020-08-12T17:11:59.735+0000][6][safepoint    ] Safepoint "BulkRevokeBias", Time since last: 821465382 ns, Reaching safepoint: 444746 ns, At safepoint: 2497340 ns, Total: 2942086 ns
[2020-08-12T17:12:00.737+0000][6][safepoint    ] Safepoint "Cleanup", Time since last: 1000806152 ns, Reaching safepoint: 640469 ns, At safepoint: 148524 ns, Total: 788993 ns
[2020-08-12T17:12:01.738+0000][6][safepoint    ] Safepoint "Cleanup", Time since last: 1000381041 ns, Reaching safepoint: 1068053 ns, At safepoint: 55062 ns, Total: 1123115 ns
[2020-08-12T17:12:02.739+0000][6][safepoint    ] Safepoint "Cleanup", Time since last: 1000321105 ns, Reaching safepoint: 725419 ns, At safepoint: 57475 ns, Total: 782894 ns
[2020-08-12T17:12:03.741+0000][6][safepoint    ] Safepoint "Cleanup", Time since last: 1000351642 ns, Reaching safepoint: 838730 ns, At safepoint: 56887 ns, Total: 895617 ns
[2020-08-12T17:12:05.734+0000][6][safepoint    ] Safepoint "Cleanup", Time since last: 1992873866 ns, Reaching safepoint: 683781 ns, At safepoint: 53575 ns, Total: 737356 ns
[2020-08-12T17:12:06.735+0000][6][safepoint    ] Safepoint "Cleanup", Time since last: 1000334017 ns, Reaching safepoint: 515783 ns, At safepoint: 30550 ns, Total: 546333 ns
[2020-08-12T17:12:08.515+0000][6][safepoint    ] Safepoint "Cleanup", Time since last: 1779586743 ns, Reaching safepoint: 499470 ns, At safepoint: 30063 ns, Total: 529533 ns
[2020-08-12T17:12:09.516+0000][6][safepoint    ] Safepoint "Cleanup", Time since last: 1000234830 ns, Reaching safepoint: 327610 ns, At safepoint: 16987 ns, Total: 344597 ns
[2020-08-12T17:12:10.517+0000][6][safepoint    ] Safepoint "Cleanup", Time since last: 1000216931 ns, Reaching safepoint: 451559 ns, At safepoint: 56399 ns, Total: 507958 ns
[2020-08-12T17:12:11.518+0000][6][safepoint    ] Safepoint "Cleanup", Time since last: 1000386755 ns, Reaching safepoint: 570545 ns, At safepoint: 43862 ns, Total: 614407 ns
[2020-08-12T17:12:12.519+0000][6][safepoint    ] Safepoint "Cleanup", Time since last: 1000432666 ns, Reaching safepoint: 733694 ns, At safepoint: 57474 ns, Total: 791168 ns
[2020-08-12T17:12:13.520+0000][6][safepoint    ] Safepoint "Cleanup", Time since last: 1000446167 ns, Reaching safepoint: 815843 ns, At safepoint: 44349 ns, Total: 860192 ns
[2020-08-12T17:12:14.521+0000][6][safepoint    ] Safepoint "Cleanup", Time since last: 1000298118 ns, Reaching safepoint: 313335 ns, At safepoint: 17025 ns, Total: 330360 ns
[2020-08-12T17:12:15.735+0000][6][safepoint    ] Safepoint "Cleanup", Time since last: 1213091395 ns, Reaching safepoint: 681481 ns, At safepoint: 53550 ns, Total: 735031 ns
[2020-08-12T17:12:16.736+0000][6][safepoint    ] Safepoint "Cleanup", Time since last: 1000299867 ns, Reaching safepoint: 665470 ns, At safepoint: 30624 ns, Total: 696094 ns
[2020-08-12T17:12:18.379+0000][6][safepoint    ] Safepoint "Cleanup", Time since last: 1642390755 ns, Reaching safepoint: 910230 ns, At safepoint: 98174 ns, Total: 1008404 ns
[2020-08-12T17:12:19.380+0000][6][safepoint    ] Safepoint "Cleanup", Time since last: 1000266280 ns, Reaching safepoint: 536033 ns, At safepoint: 19762 ns, Total: 555795 ns
[2020-08-12T17:12:20.735+0000][6][safepoint    ] Safepoint "Cleanup", Time since last: 1354456109 ns, Reaching safepoint: 858218 ns, At safepoint: 70874 ns, Total: 929092 ns
[2020-08-12T17:12:21.736+0000][6][safepoint    ] Safepoint "Cleanup", Time since last: 1000346418 ns, Reaching safepoint: 745131 ns, At safepoint: 55362 ns, Total: 800493 ns
[2020-08-12T17:12:22.738+0000][6][safepoint    ] Safepoint "Cleanup", Time since last: 1000340955 ns, Reaching safepoint: 902642 ns, At safepoint: 44699 ns, Total: 947341 ns
[2020-08-12T17:12:23.739+0000][6][safepoint    ] Safepoint "Cleanup", Time since last: 1000376942 ns, Reaching safepoint: 802318 ns, At safepoint: 44937 ns, Total: 847255 ns
[2020-08-12T17:12:25.735+0000][6][safepoint    ] Safepoint "Cleanup", Time since last: 1995750391 ns, Reaching safepoint: 736318 ns, At safepoint: 46462 ns, Total: 782780 ns
[2020-08-12T17:12:26.737+0000][6][safepoint    ] Safepoint "Cleanup", Time since last: 1000334568 ns, Reaching safepoint: 1105590 ns, At safepoint: 56362 ns, Total: 1161952 ns
[2020-08-12T17:12:28.317+0000][6][safepoint    ] Safepoint "Cleanup", Time since last: 1579321181 ns, Reaching safepoint: 542145 ns, At safepoint: 44775 ns, Total: 586920 ns
[2020-08-12T17:12:29.883+0000][6][safepoint    ] Safepoint "Cleanup", Time since last: 1565489164 ns, Reaching safepoint: 825268 ns, At safepoint: 44000 ns, Total: 869268 ns
[2020-08-12T17:12:30.884+0000][6][safepoint    ] Safepoint "Cleanup", Time since last: 1000350367 ns, Reaching safepoint: 832130 ns, At safepoint: 47550 ns, Total: 879680 ns
[2020-08-12T17:12:31.885+0000][6][safepoint    ] Safepoint "Cleanup", Time since last: 1000305505 ns, Reaching safepoint: 694069 ns, At safepoint: 75262 ns, Total: 769331 ns
[2020-08-12T17:12:32.886+0000][6][safepoint    ] Safepoint "Cleanup", Time since last: 1000340630 ns, Reaching safepoint: 664681 ns, At safepoint: 51875 ns, Total: 716556 ns
[2020-08-12T17:12:33.888+0000][6][safepoint    ] Safepoint "Cleanup", Time since last: 1000338117 ns, Reaching safepoint: 892455 ns, At safepoint: 58474 ns, Total: 950929 ns
[2020-08-12T17:12:35.736+0000][6][safepoint    ] Safepoint "Cleanup", Time since last: 1847183165 ns, Reaching safepoint: 787705 ns, At safepoint: 50837 ns, Total: 838542 ns
[2020-08-12T17:12:37.480+0000][6][safepoint    ] Safepoint "Cleanup", Time since last: 1743892780 ns, Reaching safepoint: 509320 ns, At safepoint: 44675 ns, Total: 553995 ns
[2020-08-12T17:12:38.481+0000][6][safepoint    ] Safepoint "Cleanup", Time since last: 1000515453 ns, Reaching safepoint: 614457 ns, At safepoint: 38250 ns, Total: 652707 ns
[2020-08-12T17:12:39.482+0000][6][safepoint    ] Safepoint "Cleanup", Time since last: 1000285168 ns, Reaching safepoint: 415347 ns, At safepoint: 16537 ns, Total: 431884 ns
[2020-08-12T17:12:40.738+0000][6][safepoint    ] Safepoint "Cleanup", Time since last: 1255514587 ns, Reaching safepoint: 704081 ns, At safepoint: 44487 ns, Total: 748568 ns
[2020-08-12T17:12:41.739+0000][6][safepoint    ] Safepoint "Cleanup", Time since last: 1000299618 ns, Reaching safepoint: 669656 ns, At safepoint: 31800 ns, Total: 701456 ns
[2020-08-12T17:12:42.740+0000][6][safepoint    ] Safepoint "Cleanup", Time since last: 1000300543 ns, Reaching safepoint: 636982 ns, At safepoint: 44499 ns, Total: 681481 ns
[2020-08-12T17:12:43.741+0000][6][safepoint    ] Safepoint "Cleanup", Time since last: 1000354742 ns, Reaching safepoint: 630695 ns, At safepoint: 53037 ns, Total: 683732 ns
[2020-08-12T17:12:45.737+0000][6][safepoint    ] Safepoint "Cleanup", Time since last: 1994874798 ns, Reaching safepoint: 588407 ns, At safepoint: 92612 ns, Total: 681019 ns
[2020-08-12T17:12:46.738+0000][6][safepoint    ] Safepoint "Cleanup", Time since last: 1000349655 ns, Reaching safepoint: 1100553 ns, At safepoint: 54787 ns, Total: 1155340 ns
[2020-08-12T17:12:48.428+0000][6][safepoint    ] Safepoint "Cleanup", Time since last: 1688162092 ns, Reaching safepoint: 920067 ns, At safepoint: 43862 ns, Total: 963929 ns
[2020-08-12T17:12:49.429+0000][6][safepoint    ] Safepoint "Cleanup", Time since last: 1000393442 ns, Reaching safepoint: 968591 ns, At safepoint: 32137 ns, Total: 1000728 ns
[2020-08-12T17:12:50.430+0000][6][safepoint    ] Safepoint "Cleanup", Time since last: 1000226194 ns, Reaching safepoint: 602619 ns, At safepoint: 44363 ns, Total: 646982 ns
[2020-08-12T17:12:51.431+0000][6][safepoint    ] Safepoint "Cleanup", Time since last: 1000444941 ns, Reaching safepoint: 571207 ns, At safepoint: 147162 ns, Total: 718369 ns
[2020-08-12T17:12:52.648+0000][6][safepoint    ] Safepoint "Cleanup", Time since last: 1216765900 ns, Reaching safepoint: 502133 ns, At safepoint: 100512 ns, Total: 602645 ns
[2020-08-12T17:12:53.650+0000][6][safepoint    ] Safepoint "Cleanup", Time since last: 1000274818 ns, Reaching safepoint: 668506 ns, At safepoint: 207636 ns, Total: 876142 ns
[2020-08-12T17:12:54.650+0000][6][safepoint    ] Safepoint "Cleanup", Time since last: 1000303455 ns, Reaching safepoint: 444221 ns, At safepoint: 25613 ns, Total: 469834 ns
[2020-08-12T17:12:55.740+0000][6][safepoint    ] Safepoint "Cleanup", Time since last: 1088864156 ns, Reaching safepoint: 580195 ns, At safepoint: 44762 ns, Total: 624957 ns
[2020-08-12T17:12:56.741+0000][6][safepoint    ] Safepoint "Cleanup", Time since last: 1000376917 ns, Reaching safepoint: 1167940 ns, At safepoint: 48612 ns, Total: 1216552 ns
[2020-08-12T17:12:58.288+0000][6][safepoint    ] Safepoint "Cleanup", Time since last: 1546009259 ns, Reaching safepoint: 931505 ns, At safepoint: 44174 ns, Total: 975679 ns
[2020-08-12T17:12:59.741+0000][6][safepoint    ] Safepoint "Cleanup", Time since last: 1450436133 ns, Reaching safepoint: 2508690 ns, At safepoint: 52862 ns, Total: 2561552 ns
[2020-08-12T17:13:00.744+0000][6][safepoint    ] Safepoint "Cleanup", Time since last: 1001683681 ns, Reaching safepoint: 794431 ns, At safepoint: 138661 ns, Total: 933092 ns
[2020-08-12T17:13:01.745+0000][6][safepoint    ] Safepoint "Cleanup", Time since last: 1000296805 ns, Reaching safepoint: 714706 ns, At safepoint: 29438 ns, Total: 744144 ns
[2020-08-12T17:13:02.746+0000][6][safepoint    ] Safepoint "Cleanup", Time since last: 1000333142 ns, Reaching safepoint: 689757 ns, At safepoint: 38337 ns, Total: 728094 ns
[2020-08-12T17:13:03.747+0000][6][safepoint    ] Safepoint "Cleanup", Time since last: 1000323642 ns, Reaching safepoint: 725069 ns, At safepoint: 45700 ns, Total: 770769 ns
[2020-08-12T17:13:04.742+0000][6][safepoint    ] Safepoint "BulkRevokeBias", Time since last: 992275400 ns, Reaching safepoint: 666669 ns, At safepoint: 1945108 ns, Total: 2611777 ns
[2020-08-12T17:13:05.743+0000][6][safepoint    ] Safepoint "Cleanup", Time since last: 1000366505 ns, Reaching safepoint: 810005 ns, At safepoint: 43787 ns, Total: 853792 ns
[2020-08-12T17:13:06.745+0000][6][safepoint    ] Safepoint "Cleanup", Time since last: 1000350343 ns, Reaching safepoint: 1063065 ns, At safepoint: 55087 ns, Total: 1118152 ns
[2020-08-12T17:13:08.500+0000][6][safepoint    ] Safepoint "Cleanup", Time since last: 1754748522 ns, Reaching safepoint: 748219 ns, At safepoint: 44087 ns, Total: 792306 ns
[2020-08-12T17:13:09.501+0000][6][safepoint    ] Safepoint "Cleanup", Time since last: 1000316843 ns, Reaching safepoint: 247848 ns, At safepoint: 24149 ns, Total: 271997 ns
[2020-08-12T17:13:10.502+0000][6][safepoint    ] Safepoint "Cleanup", Time since last: 1000250506 ns, Reaching safepoint: 643619 ns, At safepoint: 46637 ns, Total: 690256 ns
[2020-08-12T17:13:11.504+0000][6][safepoint    ] Safepoint "Cleanup", Time since last: 1000403380 ns, Reaching safepoint: 1458800 ns, At safepoint: 46762 ns, Total: 1505562 ns
[2020-08-12T17:13:12.505+0000][6][safepoint    ] Safepoint "Cleanup", Time since last: 1000456741 ns, Reaching safepoint: 897342 ns, At safepoint: 45975 ns, Total: 943317 ns
[2020-08-12T17:13:13.506+0000][6][safepoint    ] Safepoint "Cleanup", Time since last: 1000352642 ns, Reaching safepoint: 764156 ns, At safepoint: 44137 ns, Total: 808293 ns
[2020-08-12T17:13:14.507+0000][6][safepoint    ] Safepoint "Cleanup", Time since last: 1000632340 ns, Reaching safepoint: 254223 ns, At safepoint: 11412 ns, Total: 265635 ns
[2020-08-12T17:13:15.742+0000][6][safepoint    ] Safepoint "Cleanup", Time since last: 1234169624 ns, Reaching safepoint: 672531 ns, At safepoint: 44525 ns, Total: 717056 ns
[2020-08-12T17:13:16.744+0000][6][safepoint    ] Safepoint "Cleanup", Time since last: 1000372942 ns, Reaching safepoint: 1098490 ns, At safepoint: 56137 ns, Total: 1154627 ns
[2020-08-12T17:13:18.490+0000][6][safepoint    ] Safepoint "Cleanup", Time since last: 1745920124 ns, Reaching safepoint: 579033 ns, At safepoint: 45887 ns, Total: 624920 ns
[2020-08-12T17:13:19.491+0000][6][safepoint    ] Safepoint "Cleanup", Time since last: 1000306893 ns, Reaching safepoint: 308897 ns, At safepoint: 25962 ns, Total: 334859 ns
[2020-08-12T17:13:20.740+0000][6][safepoint    ] Safepoint "Cleanup", Time since last: 1248173363 ns, Reaching safepoint: 596433 ns, At safepoint: 44387 ns, Total: 640820 ns
[2020-08-12T17:13:21.741+0000][6][safepoint    ] Safepoint "Cleanup", Time since last: 1000344342 ns, Reaching safepoint: 1102141 ns, At safepoint: 59949 ns, Total: 1162090 ns
[2020-08-12T17:13:22.742+0000][6][safepoint    ] Safepoint "Cleanup", Time since last: 1000310868 ns, Reaching safepoint: 584245 ns, At safepoint: 27549 ns, Total: 611794 ns
[2020-08-12T17:13:23.743+0000][6][safepoint    ] Safepoint "Cleanup", Time since last: 1000284281 ns, Reaching safepoint: 833692 ns, At safepoint: 46400 ns, Total: 880092 ns
[2020-08-12T17:13:25.741+0000][6][safepoint    ] Safepoint "Cleanup", Time since last: 1997089529 ns, Reaching safepoint: 885817 ns, At safepoint: 44037 ns, Total: 929854 ns
[2020-08-12T17:13:26.743+0000][6][safepoint    ] Safepoint "Cleanup", Time since last: 1000312243 ns, Reaching safepoint: 1025653 ns, At safepoint: 42962 ns, Total: 1068615 ns
[2020-08-12T17:13:28.333+0000][6][safepoint    ] Safepoint "Cleanup", Time since last: 1589205070 ns, Reaching safepoint: 908817 ns, At safepoint: 43762 ns, Total: 952579 ns
[2020-08-12T17:13:29.953+0000][6][safepoint    ] Safepoint "Cleanup", Time since last: 1619824452 ns, Reaching safepoint: 479171 ns, At safepoint: 41712 ns, Total: 520883 ns
[2020-08-12T17:13:30.954+0000][6][safepoint    ] Safepoint "Cleanup", Time since last: 1000295930 ns, Reaching safepoint: 641457 ns, At safepoint: 44962 ns, Total: 686419 ns
[2020-08-12T17:13:31.955+0000][6][safepoint    ] Safepoint "Cleanup", Time since last: 1000296055 ns, Reaching safepoint: 296335 ns, At safepoint: 15963 ns, Total: 312298 ns
[2020-08-12T17:13:32.955+0000][6][safepoint    ] Safepoint "Cleanup", Time since last: 1000225593 ns, Reaching safepoint: 285210 ns, At safepoint: 12362 ns, Total: 297572 ns
[2020-08-12T17:13:33.956+0000][6][safepoint    ] Safepoint "Cleanup", Time since last: 1000225844 ns, Reaching safepoint: 959129 ns, At safepoint: 43824 ns, Total: 1002953 ns
[2020-08-12T17:13:35.741+0000][6][safepoint    ] Safepoint "Cleanup", Time since last: 1784211065 ns, Reaching safepoint: 279273 ns, At safepoint: 10975 ns, Total: 290248 ns
[2020-08-12T17:13:36.742+0000][6][safepoint    ] Safepoint "Cleanup", Time since last: 1000176293 ns, Reaching safepoint: 677682 ns, At safepoint: 27587 ns, Total: 705269 ns
[2020-08-12T17:13:37.370+0000][6][gc,start     ] GC(47) Pause Young (Normal) (G1 Evacuation Pause)
[2020-08-12T17:13:37.371+0000][6][gc,task      ] GC(47) Using 2 workers of 2 for evacuation
[2020-08-12T17:13:37.371+0000][6][gc,age       ] GC(47) Desired survivor size 40370176 bytes, new threshold 15 (max threshold 15)
[2020-08-12T17:13:37.383+0000][6][gc,age       ] GC(47) Age table with threshold 15 (max threshold 15)
[2020-08-12T17:13:37.383+0000][6][gc,age       ] GC(47) - age   1:     199328 bytes,     199328 total
[2020-08-12T17:13:37.383+0000][6][gc,age       ] GC(47) - age   2:     699584 bytes,     898912 total
[2020-08-12T17:13:37.383+0000][6][gc,age       ] GC(47) - age   3:     290184 bytes,    1189096 total
[2020-08-12T17:13:37.383+0000][6][gc,age       ] GC(47) - age   4:      95000 bytes,    1284096 total
[2020-08-12T17:13:37.383+0000][6][gc,age       ] GC(47) - age   5:      31248 bytes,    1315344 total
[2020-08-12T17:13:37.383+0000][6][gc,age       ] GC(47) - age   6:      70064 bytes,    1385408 total
[2020-08-12T17:13:37.383+0000][6][gc,age       ] GC(47) - age   7:      38488 bytes,    1423896 total
[2020-08-12T17:13:37.383+0000][6][gc,age       ] GC(47) - age   8:      95616 bytes,    1519512 total
[2020-08-12T17:13:37.383+0000][6][gc,age       ] GC(47) - age   9:      28680 bytes,    1548192 total
[2020-08-12T17:13:37.383+0000][6][gc,age       ] GC(47) - age  10:      31088 bytes,    1579280 total
[2020-08-12T17:13:37.383+0000][6][gc,age       ] GC(47) - age  11:     202432 bytes,    1781712 total
[2020-08-12T17:13:37.383+0000][6][gc,age       ] GC(47) - age  12:      47296 bytes,    1829008 total
[2020-08-12T17:13:37.383+0000][6][gc,age       ] GC(47) - age  13:      77488 bytes,    1906496 total
[2020-08-12T17:13:37.383+0000][6][gc,age       ] GC(47) - age  14:      34792 bytes,    1941288 total
[2020-08-12T17:13:37.383+0000][6][gc,age       ] GC(47) - age  15:      81440 bytes,    2022728 total
[2020-08-12T17:13:37.384+0000][6][gc,phases    ] GC(47)   Pre Evacuate Collection Set: 0.6ms
[2020-08-12T17:13:37.384+0000][6][gc,phases    ] GC(47)   Merge Heap Roots: 0.5ms
[2020-08-12T17:13:37.384+0000][6][gc,phases    ] GC(47)   Evacuate Collection Set: 7.5ms
[2020-08-12T17:13:37.384+0000][6][gc,phases    ] GC(47)   Post Evacuate Collection Set: 3.1ms
[2020-08-12T17:13:37.384+0000][6][gc,phases    ] GC(47)   Other: 1.5ms
[2020-08-12T17:13:37.384+0000][6][gc,heap      ] GC(47) Eden regions: 611->0(612)
[2020-08-12T17:13:37.384+0000][6][gc,heap      ] GC(47) Survivor regions: 3->2(77)
[2020-08-12T17:13:37.384+0000][6][gc,heap      ] GC(47) Old regions: 78->78
[2020-08-12T17:13:37.384+0000][6][gc,heap      ] GC(47) Archive regions: 2->2
[2020-08-12T17:13:37.384+0000][6][gc,heap      ] GC(47) Humongous regions: 7->7
[2020-08-12T17:13:37.384+0000][6][gc,metaspace ] GC(47) Metaspace: 97776K(105528K)->97776K(105528K) NonClass: 85241K(89912K)->85241K(89912K) Class: 12534K(15616K)->12534K(15616K)
[2020-08-12T17:13:37.384+0000][6][gc           ] GC(47) Pause Young (Normal) (G1 Evacuation Pause) 698M->87M(1024M) 13.832ms
[2020-08-12T17:13:37.384+0000][6][gc,cpu       ] GC(47) User=0.02s Sys=0.00s Real=0.02s
[2020-08-12T17:13:37.384+0000][6][safepoint    ] Safepoint "G1CollectForAllocation", Time since last: 628071709 ns, Reaching safepoint: 434459 ns, At safepoint: 14139914 ns, Total: 14574373 ns
[2020-08-12T17:13:38.435+0000][6][safepoint    ] Safepoint "Cleanup", Time since last: 1049940071 ns, Reaching safepoint: 684982 ns, At safepoint: 45062 ns, Total: 730044 ns
[2020-08-12T17:13:39.436+0000][6][safepoint    ] Safepoint "Cleanup", Time since last: 1000292580 ns, Reaching safepoint: 410009 ns, At safepoint: 29863 ns, Total: 439872 ns
[2020-08-12T17:13:40.742+0000][6][safepoint    ] Safepoint "Cleanup", Time since last: 1305383625 ns, Reaching safepoint: 588570 ns, At safepoint: 99399 ns, Total: 687969 ns
[2020-08-12T17:13:41.743+0000][6][safepoint    ] Safepoint "Cleanup", Time since last: 1000327668 ns, Reaching safepoint: 827292 ns, At safepoint: 49825 ns, Total: 877117 ns
[2020-08-12T17:13:42.744+0000][6][safepoint    ] Safepoint "Cleanup", Time since last: 1000341780 ns, Reaching safepoint: 694294 ns, At safepoint: 44787 ns, Total: 739081 ns
[2020-08-12T17:13:43.745+0000][6][safepoint    ] Safepoint "Cleanup", Time since last: 1000349230 ns, Reaching safepoint: 666331 ns, At safepoint: 44750 ns, Total: 711081 ns
[2020-08-12T17:13:45.744+0000][6][safepoint    ] Safepoint "Cleanup", Time since last: 1998251706 ns, Reaching safepoint: 721794 ns, At safepoint: 44749 ns, Total: 766543 ns
[2020-08-12T17:13:46.746+0000][6][safepoint    ] Safepoint "Cleanup", Time since last: 1000342105 ns, Reaching safepoint: 792906 ns, At safepoint: 64212 ns, Total: 857118 ns
[2020-08-12T17:13:47.495+0000][6][safepoint    ] Safepoint "BulkRevokeBias", Time since last: 747600464 ns, Reaching safepoint: 437346 ns, At safepoint: 1702948 ns, Total: 2140294 ns
[2020-08-12T17:13:48.496+0000][6][safepoint    ] Safepoint "Cleanup", Time since last: 1000320292 ns, Reaching safepoint: 634720 ns, At safepoint: 44374 ns, Total: 679094 ns
[2020-08-12T17:13:49.498+0000][6][safepoint    ] Safepoint "Cleanup", Time since last: 1000340343 ns, Reaching safepoint: 1693547 ns, At safepoint: 71662 ns, Total: 1765209 ns
[2020-08-12T17:13:50.500+0000][6][safepoint    ] Safepoint "Cleanup", Time since last: 1000344555 ns, Reaching safepoint: 909317 ns, At safepoint: 57612 ns, Total: 966929 ns
[2020-08-12T17:13:51.501+0000][6][safepoint    ] Safepoint "Cleanup", Time since last: 1000399242 ns, Reaching safepoint: 598195 ns, At safepoint: 53137 ns, Total: 651332 ns
[2020-08-12T17:13:52.502+0000][6][safepoint    ] Safepoint "Cleanup", Time since last: 1000831238 ns, Reaching safepoint: 734856 ns, At safepoint: 46362 ns, Total: 781218 ns
[2020-08-12T17:13:53.503+0000][6][safepoint    ] Safepoint "Cleanup", Time since last: 1000344643 ns, Reaching safepoint: 654006 ns, At safepoint: 52287 ns, Total: 706293 ns
[2020-08-12T17:13:54.507+0000][6][safepoint    ] Safepoint "Cleanup", Time since last: 1003006532 ns, Reaching safepoint: 980416 ns, At safepoint: 39050 ns, Total: 1019466 ns
[2020-08-12T17:13:55.745+0000][6][safepoint    ] Safepoint "Cleanup", Time since last: 1236675314 ns, Reaching safepoint: 615644 ns, At safepoint: 52612 ns, Total: 668256 ns
[2020-08-12T17:13:56.746+0000][6][safepoint    ] Safepoint "Cleanup", Time since last: 1000409805 ns, Reaching safepoint: 929604 ns, At safepoint: 59925 ns, Total: 989529 ns
[2020-08-12T17:13:58.302+0000][6][safepoint    ] Safepoint "Cleanup", Time since last: 1555856698 ns, Reaching safepoint: 416722 ns, At safepoint: 54637 ns, Total: 471359 ns
[2020-08-12T17:13:59.744+0000][6][safepoint    ] Safepoint "Cleanup", Time since last: 1441250387 ns, Reaching safepoint: 567983 ns, At safepoint: 58474 ns, Total: 626457 ns
[2020-08-12T17:14:00.746+0000][6][safepoint    ] Safepoint "Cleanup", Time since last: 1001154423 ns, Reaching safepoint: 718944 ns, At safepoint: 53587 ns, Total: 772531 ns
[2020-08-12T17:14:01.748+0000][6][safepoint    ] Safepoint "Cleanup", Time since last: 1000315480 ns, Reaching safepoint: 929029 ns, At safepoint: 72162 ns, Total: 1001191 ns
[2020-08-12T17:14:02.749+0000][6][safepoint    ] Safepoint "Cleanup", Time since last: 1000415192 ns, Reaching safepoint: 812493 ns, At safepoint: 86099 ns, Total: 898592 ns
[2020-08-12T17:14:03.750+0000][6][safepoint    ] Safepoint "Cleanup", Time since last: 1000307730 ns, Reaching safepoint: 893567 ns, At safepoint: 34950 ns, Total: 928517 ns
[2020-08-12T17:14:05.747+0000][6][safepoint    ] Safepoint "Cleanup", Time since last: 1996119800 ns, Reaching safepoint: 937479 ns, At safepoint: 45112 ns, Total: 982591 ns
[2020-08-12T17:14:06.748+0000][6][safepoint    ] Safepoint "Cleanup", Time since last: 1000306755 ns, Reaching safepoint: 847643 ns, At safepoint: 38037 ns, Total: 885680 ns
[2020-08-12T17:14:08.463+0000][6][safepoint    ] Safepoint "Cleanup", Time since last: 1713297460 ns, Reaching safepoint: 884480 ns, At safepoint: 43624 ns, Total: 928104 ns
[2020-08-12T17:14:09.464+0000][6][safepoint    ] Safepoint "Cleanup", Time since last: 1000432817 ns, Reaching safepoint: 755743 ns, At safepoint: 115524 ns, Total: 871267 ns
[2020-08-12T17:14:10.465+0000][6][safepoint    ] Safepoint "Cleanup", Time since last: 1000284080 ns, Reaching safepoint: 895305 ns, At safepoint: 47075 ns, Total: 942380 ns
[2020-08-12T17:14:11.466+0000][6][safepoint    ] Safepoint "Cleanup", Time since last: 1000331317 ns, Reaching safepoint: 860243 ns, At safepoint: 43962 ns, Total: 904205 ns
[2020-08-12T17:14:12.468+0000][6][safepoint    ] Safepoint "Cleanup", Time since last: 1000335392 ns, Reaching safepoint: 830718 ns, At safepoint: 43550 ns, Total: 874268 ns
[2020-08-12T17:14:13.469+0000][6][safepoint    ] Safepoint "Cleanup", Time since last: 1000311930 ns, Reaching safepoint: 765818 ns, At safepoint: 43687 ns, Total: 809505 ns
[2020-08-12T17:14:14.470+0000][6][safepoint    ] Safepoint "Cleanup", Time since last: 1000390105 ns, Reaching safepoint: 1054290 ns, At safepoint: 55325 ns, Total: 1109615 ns
[2020-08-12T17:14:15.746+0000][6][safepoint    ] Safepoint "Cleanup", Time since last: 1275085666 ns, Reaching safepoint: 694731 ns, At safepoint: 46250 ns, Total: 740981 ns
[2020-08-12T17:14:16.747+0000][6][safepoint    ] Safepoint "Cleanup", Time since last: 1000330692 ns, Reaching safepoint: 885580 ns, At safepoint: 75387 ns, Total: 960967 ns
[2020-08-12T17:14:18.322+0000][6][safepoint    ] Safepoint "Cleanup", Time since last: 1573777516 ns, Reaching safepoint: 595320 ns, At safepoint: 44700 ns, Total: 640020 ns
[2020-08-12T17:14:19.323+0000][6][safepoint    ] Safepoint "Cleanup", Time since last: 1000372442 ns, Reaching safepoint: 517545 ns, At safepoint: 35712 ns, Total: 553257 ns
[2020-08-12T17:14:20.747+0000][6][safepoint    ] Safepoint "Cleanup", Time since last: 1423065021 ns, Reaching safepoint: 918067 ns, At safepoint: 44187 ns, Total: 962254 ns
[2020-08-12T17:14:21.748+0000][6][safepoint    ] Safepoint "Cleanup", Time since last: 1000391273 ns, Reaching safepoint: 1060416 ns, At safepoint: 66100 ns, Total: 1126516 ns
[2020-08-12T17:14:22.749+0000][6][safepoint    ] Safepoint "Cleanup", Time since last: 1000340348 ns, Reaching safepoint: 658970 ns, At safepoint: 44499 ns, Total: 703469 ns
[2020-08-12T17:14:23.751+0000][6][safepoint    ] Safepoint "Cleanup", Time since last: 1000343974 ns, Reaching safepoint: 830968 ns, At safepoint: 44162 ns, Total: 875130 ns
[2020-08-12T17:14:25.747+0000][6][safepoint    ] Safepoint "Cleanup", Time since last: 1995487104 ns, Reaching safepoint: 686094 ns, At safepoint: 44300 ns, Total: 730394 ns
[2020-08-12T17:14:26.748+0000][6][safepoint    ] Safepoint "Cleanup", Time since last: 1000393036 ns, Reaching safepoint: 876942 ns, At safepoint: 159599 ns, Total: 1036541 ns
[2020-08-12T17:14:28.466+0000][6][safepoint    ] Safepoint "Cleanup", Time since last: 1716616881 ns, Reaching safepoint: 714644 ns, At safepoint: 46524 ns, Total: 761168 ns
[2020-08-12T17:14:29.863+0000][6][safepoint    ] Safepoint "Cleanup", Time since last: 1397015333 ns, Reaching safepoint: 604708 ns, At safepoint: 53574 ns, Total: 658282 ns
[2020-08-12T17:14:30.864+0000][6][safepoint    ] Safepoint "Cleanup", Time since last: 1000329649 ns, Reaching safepoint: 642969 ns, At safepoint: 35138 ns, Total: 678107 ns
[2020-08-12T17:14:31.865+0000][6][safepoint    ] Safepoint "Cleanup", Time since last: 1000249337 ns, Reaching safepoint: 661994 ns, At safepoint: 75737 ns, Total: 737731 ns
[2020-08-12T17:14:32.866+0000][6][safepoint    ] Safepoint "Cleanup", Time since last: 1000348136 ns, Reaching safepoint: 700494 ns, At safepoint: 46562 ns, Total: 747056 ns
[2020-08-12T17:14:33.867+0000][6][safepoint    ] Safepoint "Cleanup", Time since last: 1000352911 ns, Reaching safepoint: 667907 ns, At safepoint: 53012 ns, Total: 720919 ns
[2020-08-12T17:14:34.747+0000][6][safepoint    ] Safepoint "BulkRevokeBias", Time since last: 878054989 ns, Reaching safepoint: 389584 ns, At safepoint: 1213440 ns, Total: 1603024 ns
[2020-08-12T17:14:35.748+0000][6][safepoint    ] Safepoint "Cleanup", Time since last: 1000586071 ns, Reaching safepoint: 660132 ns, At safepoint: 46975 ns, Total: 707107 ns
[2020-08-12T17:14:36.750+0000][6][safepoint    ] Safepoint "Cleanup", Time since last: 1000380123 ns, Reaching safepoint: 929942 ns, At safepoint: 61087 ns, Total: 991029 ns
[2020-08-12T17:14:38.344+0000][6][safepoint    ] Safepoint "Cleanup", Time since last: 1593419267 ns, Reaching safepoint: 831030 ns, At safepoint: 49487 ns, Total: 880517 ns
[2020-08-12T17:14:39.345+0000][6][safepoint    ] Safepoint "Cleanup", Time since last: 1000225700 ns, Reaching safepoint: 1152965 ns, At safepoint: 21812 ns, Total: 1174777 ns
[2020-08-12T17:14:40.748+0000][6][safepoint    ] Safepoint "Cleanup", Time since last: 1401352696 ns, Reaching safepoint: 898480 ns, At safepoint: 44287 ns, Total: 942767 ns
[2020-08-12T17:14:41.749+0000][6][safepoint    ] Safepoint "Cleanup", Time since last: 1000356586 ns, Reaching safepoint: 1036503 ns, At safepoint: 47150 ns, Total: 1083653 ns
[2020-08-12T17:14:42.750+0000][6][safepoint    ] Safepoint "Cleanup", Time since last: 1000305461 ns, Reaching safepoint: 776994 ns, At safepoint: 55862 ns, Total: 832856 ns
[2020-08-12T17:14:43.751+0000][6][safepoint    ] Safepoint "Cleanup", Time since last: 1000347274 ns, Reaching safepoint: 671006 ns, At safepoint: 51875 ns, Total: 722881 ns
[2020-08-12T17:14:45.748+0000][6][safepoint    ] Safepoint "Cleanup", Time since last: 1995632216 ns, Reaching safepoint: 578070 ns, At safepoint: 43849 ns, Total: 621919 ns
[2020-08-12T17:14:46.749+0000][6][safepoint    ] Safepoint "Cleanup", Time since last: 1000315712 ns, Reaching safepoint: 1047453 ns, At safepoint: 44287 ns, Total: 1091740 ns
[2020-08-12T17:14:48.427+0000][6][safepoint    ] Safepoint "Cleanup", Time since last: 1677335232 ns, Reaching safepoint: 683807 ns, At safepoint: 44387 ns, Total: 728194 ns
[2020-08-12T17:14:49.428+0000][6][safepoint    ] Safepoint "Cleanup", Time since last: 1000320161 ns, Reaching safepoint: 922505 ns, At safepoint: 62624 ns, Total: 985129 ns
[2020-08-12T17:14:50.430+0000][6][safepoint    ] Safepoint "Cleanup", Time since last: 1000609459 ns, Reaching safepoint: 598707 ns, At safepoint: 44787 ns, Total: 643494 ns
[2020-08-12T17:14:51.431+0000][6][safepoint    ] Safepoint "Cleanup", Time since last: 1000344999 ns, Reaching safepoint: 570395 ns, At safepoint: 45425 ns, Total: 615820 ns
[2020-08-12T17:14:53.082+0000][6][safepoint    ] Safepoint "Cleanup", Time since last: 1650920659 ns, Reaching safepoint: 531870 ns, At safepoint: 26125 ns, Total: 557995 ns
[2020-08-12T17:14:54.083+0000][6][safepoint    ] Safepoint "Cleanup", Time since last: 1000282411 ns, Reaching safepoint: 887555 ns, At safepoint: 44062 ns, Total: 931617 ns
[2020-08-12T17:14:55.749+0000][6][safepoint    ] Safepoint "Cleanup", Time since last: 1664515805 ns, Reaching safepoint: 925392 ns, At safepoint: 44237 ns, Total: 969629 ns
[2020-08-12T17:14:56.750+0000][6][safepoint    ] Safepoint "Cleanup", Time since last: 1000358349 ns, Reaching safepoint: 1033579 ns, At safepoint: 77236 ns, Total: 1110815 ns
[2020-08-12T17:14:58.308+0000][6][safepoint    ] Safepoint "Cleanup", Time since last: 1557741474 ns, Reaching safepoint: 439884 ns, At safepoint: 21450 ns, Total: 461334 ns
[2020-08-12T17:14:59.749+0000][6][safepoint    ] Safepoint "Cleanup", Time since last: 1439586854 ns, Reaching safepoint: 950192 ns, At safepoint: 49037 ns, Total: 999229 ns
[2020-08-12T17:14:59.753+0000][6][safepoint    ] Safepoint "BulkRevokeBias", Time since last: 785180 ns, Reaching safepoint: 778694 ns, At safepoint: 2543990 ns, Total: 3322684 ns
[2020-08-12T17:15:00.756+0000][6][safepoint    ] Safepoint "Cleanup", Time since last: 1002351069 ns, Reaching safepoint: 678769 ns, At safepoint: 52375 ns, Total: 731144 ns
[2020-08-12T17:15:01.758+0000][6][safepoint    ] Safepoint "Cleanup", Time since last: 1000321611 ns, Reaching safepoint: 988492 ns, At safepoint: 48474 ns, Total: 1036966 ns
[2020-08-12T17:15:02.759+0000][6][safepoint    ] Safepoint "Cleanup", Time since last: 1000355986 ns, Reaching safepoint: 574045 ns, At safepoint: 44350 ns, Total: 618395 ns
[2020-08-12T17:15:03.760+0000][6][safepoint    ] Safepoint "Cleanup", Time since last: 1000386036 ns, Reaching safepoint: 618919 ns, At safepoint: 44762 ns, Total: 663681 ns
[2020-08-12T17:15:05.749+0000][6][safepoint    ] Safepoint "Cleanup", Time since last: 1988848837 ns, Reaching safepoint: 756631 ns, At safepoint: 46288 ns, Total: 802919 ns
[2020-08-12T17:15:06.751+0000][6][safepoint    ] Safepoint "Cleanup", Time since last: 1000332898 ns, Reaching safepoint: 965029 ns, At safepoint: 65450 ns, Total: 1030479 ns
[2020-08-12T17:15:08.315+0000][6][safepoint    ] Safepoint "Cleanup", Time since last: 1563542911 ns, Reaching safepoint: 632607 ns, At safepoint: 33425 ns, Total: 666032 ns
[2020-08-12T17:15:09.316+0000][6][safepoint    ] Safepoint "Cleanup", Time since last: 1000300649 ns, Reaching safepoint: 625157 ns, At safepoint: 22638 ns, Total: 647795 ns
[2020-08-12T17:15:10.318+0000][6][safepoint    ] Safepoint "Cleanup", Time since last: 1000272686 ns, Reaching safepoint: 2320743 ns, At safepoint: 95649 ns, Total: 2416392 ns
[2020-08-12T17:15:11.320+0000][6][safepoint    ] Safepoint "Cleanup", Time since last: 1000335099 ns, Reaching safepoint: 828705 ns, At safepoint: 43812 ns, Total: 872517 ns
[2020-08-12T17:15:12.321+0000][6][safepoint    ] Safepoint "Cleanup", Time since last: 1000387361 ns, Reaching safepoint: 551083 ns, At safepoint: 30074 ns, Total: 581157 ns
[2020-08-12T17:15:13.322+0000][6][safepoint    ] Safepoint "Cleanup", Time since last: 1000294624 ns, Reaching safepoint: 803056 ns, At safepoint: 44112 ns, Total: 847168 ns
[2020-08-12T17:15:14.323+0000][6][safepoint    ] Safepoint "Cleanup", Time since last: 1000371049 ns, Reaching safepoint: 670757 ns, At safepoint: 72986 ns, Total: 743743 ns
[2020-08-12T17:15:15.752+0000][6][safepoint    ] Safepoint "Cleanup", Time since last: 1428351326 ns, Reaching safepoint: 578995 ns, At safepoint: 157074 ns, Total: 736069 ns
[2020-08-12T17:15:16.753+0000][6][safepoint    ] Safepoint "Cleanup", Time since last: 1000325549 ns, Reaching safepoint: 1111540 ns, At safepoint: 49787 ns, Total: 1161327 ns
[2020-08-12T17:15:18.468+0000][6][safepoint    ] Safepoint "Cleanup", Time since last: 1713859405 ns, Reaching safepoint: 427421 ns, At safepoint: 25187 ns, Total: 452608 ns
[2020-08-12T17:15:19.469+0000][6][safepoint    ] Safepoint "Cleanup", Time since last: 1000236050 ns, Reaching safepoint: 981854 ns, At safepoint: 23625 ns, Total: 1005479 ns
[2020-08-12T17:15:20.752+0000][6][safepoint    ] Safepoint "Cleanup", Time since last: 1282209621 ns, Reaching safepoint: 967079 ns, At safepoint: 45088 ns, Total: 1012167 ns
[2020-08-12T17:15:21.754+0000][6][safepoint    ] Safepoint "Cleanup", Time since last: 1000319823 ns, Reaching safepoint: 1140078 ns, At safepoint: 49525 ns, Total: 1189603 ns
[2020-08-12T17:15:22.755+0000][6][safepoint    ] Safepoint "Cleanup", Time since last: 1000355923 ns, Reaching safepoint: 635320 ns, At safepoint: 33750 ns, Total: 669070 ns
[2020-08-12T17:15:23.756+0000][6][safepoint    ] Safepoint "Cleanup", Time since last: 1000357160 ns, Reaching safepoint: 842793 ns, At safepoint: 44750 ns, Total: 887543 ns
[2020-08-12T17:15:25.752+0000][6][safepoint    ] Safepoint "Cleanup", Time since last: 1995141757 ns, Reaching safepoint: 838468 ns, At safepoint: 46550 ns, Total: 885018 ns
[2020-08-12T17:15:26.753+0000][6][safepoint    ] Safepoint "Cleanup", Time since last: 1000342886 ns, Reaching safepoint: 792568 ns, At safepoint: 68700 ns, Total: 861268 ns
[2020-08-12T17:15:28.388+0000][6][safepoint    ] Safepoint "Cleanup", Time since last: 1633772119 ns, Reaching safepoint: 632869 ns, At safepoint: 46088 ns, Total: 678957 ns
[2020-08-12T17:15:29.901+0000][6][safepoint    ] Safepoint "Cleanup", Time since last: 1512501401 ns, Reaching safepoint: 866167 ns, At safepoint: 44987 ns, Total: 911154 ns
[2020-08-12T17:15:30.902+0000][6][safepoint    ] Safepoint "Cleanup", Time since last: 1000350499 ns, Reaching safepoint: 869380 ns, At safepoint: 44549 ns, Total: 913929 ns
[2020-08-12T17:15:31.904+0000][6][safepoint    ] Safepoint "Cleanup", Time since last: 1000337787 ns, Reaching safepoint: 1022016 ns, At safepoint: 64599 ns, Total: 1086615 ns
[2020-08-12T17:15:32.905+0000][6][safepoint    ] Safepoint "Cleanup", Time since last: 1000480398 ns, Reaching safepoint: 920304 ns, At safepoint: 44312 ns, Total: 964616 ns
[2020-08-12T17:15:33.907+0000][6][safepoint    ] Safepoint "Cleanup", Time since last: 1000337087 ns, Reaching safepoint: 916492 ns, At safepoint: 44387 ns, Total: 960879 ns
[2020-08-12T17:15:35.755+0000][6][safepoint    ] Safepoint "Cleanup", Time since last: 1847404492 ns, Reaching safepoint: 814693 ns, At safepoint: 51050 ns, Total: 865743 ns
[2020-08-12T17:15:36.756+0000][6][safepoint    ] Safepoint "Cleanup", Time since last: 1000411823 ns, Reaching safepoint: 849780 ns, At safepoint: 49962 ns, Total: 899742 ns
[2020-08-12T17:15:38.423+0000][6][safepoint    ] Safepoint "Cleanup", Time since last: 1666205477 ns, Reaching safepoint: 445297 ns, At safepoint: 23699 ns, Total: 468996 ns
[2020-08-12T17:15:39.424+0000][6][safepoint    ] Safepoint "Cleanup", Time since last: 1000246775 ns, Reaching safepoint: 667532 ns, At safepoint: 25287 ns, Total: 692819 ns
[2020-08-12T17:15:40.755+0000][6][safepoint    ] Safepoint "Cleanup", Time since last: 1329949198 ns, Reaching safepoint: 824730 ns, At safepoint: 44262 ns, Total: 868992 ns
[2020-08-12T17:15:41.756+0000][6][safepoint    ] Safepoint "Cleanup", Time since last: 1000361287 ns, Reaching safepoint: 1255214 ns, At safepoint: 44774 ns, Total: 1299988 ns
[2020-08-12T17:15:42.757+0000][6][safepoint    ] Safepoint "Cleanup", Time since last: 1000340137 ns, Reaching safepoint: 712843 ns, At safepoint: 45175 ns, Total: 758018 ns
[2020-08-12T17:15:43.759+0000][6][safepoint    ] Safepoint "Cleanup", Time since last: 1000492522 ns, Reaching safepoint: 680682 ns, At safepoint: 44762 ns, Total: 725444 ns
[2020-08-12T17:15:45.753+0000][6][safepoint    ] Safepoint "Cleanup", Time since last: 1993256474 ns, Reaching safepoint: 644482 ns, At safepoint: 53349 ns, Total: 697831 ns
[2020-08-12T17:15:46.754+0000][6][safepoint    ] Safepoint "Cleanup", Time since last: 1000342162 ns, Reaching safepoint: 1106678 ns, At safepoint: 64449 ns, Total: 1171127 ns
[2020-08-12T17:15:48.485+0000][6][safepoint    ] Safepoint "Cleanup", Time since last: 1729766805 ns, Reaching safepoint: 851880 ns, At safepoint: 44212 ns, Total: 896092 ns
[2020-08-12T17:15:49.486+0000][6][safepoint    ] Safepoint "Cleanup", Time since last: 1000343249 ns, Reaching safepoint: 562845 ns, At safepoint: 30900 ns, Total: 593745 ns
[2020-08-12T17:15:50.487+0000][6][safepoint    ] Safepoint "Cleanup", Time since last: 1000347536 ns, Reaching safepoint: 810831 ns, At safepoint: 43737 ns, Total: 854568 ns
[2020-08-12T17:15:51.488+0000][6][safepoint    ] Safepoint "Cleanup", Time since last: 1000359248 ns, Reaching safepoint: 474484 ns, At safepoint: 25137 ns, Total: 499621 ns
[2020-08-12T17:15:52.488+0000][6][safepoint    ] Safepoint "Cleanup", Time since last: 1000222350 ns, Reaching safepoint: 362647 ns, At safepoint: 18250 ns, Total: 380897 ns
[2020-08-12T17:15:53.490+0000][6][safepoint    ] Safepoint "Cleanup", Time since last: 1000245549 ns, Reaching safepoint: 924830 ns, At safepoint: 43912 ns, Total: 968742 ns
[2020-08-12T17:15:54.490+0000][6][safepoint    ] Safepoint "Cleanup", Time since last: 1000289574 ns, Reaching safepoint: 555770 ns, At safepoint: 20750 ns, Total: 576520 ns
[2020-08-12T17:15:55.754+0000][6][safepoint    ] Safepoint "Cleanup", Time since last: 1262836763 ns, Reaching safepoint: 625857 ns, At safepoint: 71912 ns, Total: 697769 ns
[2020-08-12T17:15:56.757+0000][6][safepoint    ] Safepoint "Cleanup", Time since last: 1000301324 ns, Reaching safepoint: 3054699 ns, At safepoint: 60324 ns, Total: 3115023 ns
[2020-08-12T17:15:58.357+0000][6][safepoint    ] Safepoint "Cleanup", Time since last: 1598628672 ns, Reaching safepoint: 782831 ns, At safepoint: 44562 ns, Total: 827393 ns
[2020-08-12T17:15:59.753+0000][6][safepoint    ] Safepoint "Cleanup", Time since last: 1395706619 ns, Reaching safepoint: 550746 ns, At safepoint: 33024 ns, Total: 583770 ns
[2020-08-12T17:16:00.754+0000][6][safepoint    ] Safepoint "Cleanup", Time since last: 1000686321 ns, Reaching safepoint: 645482 ns, At safepoint: 54812 ns, Total: 700294 ns
[2020-08-12T17:16:01.756+0000][6][safepoint    ] Safepoint "Cleanup", Time since last: 1000355511 ns, Reaching safepoint: 818931 ns, At safepoint: 58449 ns, Total: 877380 ns
[2020-08-12T17:16:02.757+0000][6][safepoint    ] Safepoint "Cleanup", Time since last: 1000407111 ns, Reaching safepoint: 597920 ns, At safepoint: 44912 ns, Total: 642832 ns
[2020-08-12T17:16:03.758+0000][6][safepoint    ] Safepoint "Cleanup", Time since last: 1000468397 ns, Reaching safepoint: 534696 ns, At safepoint: 46724 ns, Total: 581420 ns
[2020-08-12T17:16:05.755+0000][6][safepoint    ] Safepoint "Cleanup", Time since last: 1997022517 ns, Reaching safepoint: 591895 ns, At safepoint: 27574 ns, Total: 619469 ns
[2020-08-12T17:16:06.757+0000][6][safepoint    ] Safepoint "Cleanup", Time since last: 1000315949 ns, Reaching safepoint: 921155 ns, At safepoint: 57987 ns, Total: 979142 ns
[2020-08-12T17:16:08.450+0000][6][safepoint    ] Safepoint "Cleanup", Time since last: 1692397539 ns, Reaching safepoint: 514471 ns, At safepoint: 37987 ns, Total: 552458 ns
[2020-08-12T17:16:09.450+0000][6][safepoint    ] Safepoint "Cleanup", Time since last: 1000228325 ns, Reaching safepoint: 584545 ns, At safepoint: 22912 ns, Total: 607457 ns
[2020-08-12T17:16:10.452+0000][6][safepoint    ] Safepoint "Cleanup", Time since last: 1000239712 ns, Reaching safepoint: 857818 ns, At safepoint: 44412 ns, Total: 902230 ns
[2020-08-12T17:16:11.453+0000][6][safepoint    ] Safepoint "Cleanup", Time since last: 1000403948 ns, Reaching safepoint: 616494 ns, At safepoint: 52600 ns, Total: 669094 ns
[2020-08-12T17:16:12.454+0000][6][safepoint    ] Safepoint "Cleanup", Time since last: 1000395023 ns, Reaching safepoint: 705957 ns, At safepoint: 99524 ns, Total: 805481 ns
[2020-08-12T17:16:13.455+0000][6][safepoint    ] Safepoint "Cleanup", Time since last: 1000348724 ns, Reaching safepoint: 894154 ns, At safepoint: 44487 ns, Total: 938641 ns
[2020-08-12T17:16:14.457+0000][6][safepoint    ] Safepoint "Cleanup", Time since last: 1000344437 ns, Reaching safepoint: 1081453 ns, At safepoint: 55787 ns, Total: 1137240 ns
[2020-08-12T17:16:15.756+0000][6][safepoint    ] Safepoint "Cleanup", Time since last: 1298583268 ns, Reaching safepoint: 644269 ns, At safepoint: 46537 ns, Total: 690806 ns
[2020-08-12T17:16:16.757+0000][6][safepoint    ] Safepoint "Cleanup", Time since last: 1000367598 ns, Reaching safepoint: 640920 ns, At safepoint: 45699 ns, Total: 686619 ns
[2020-08-12T17:16:18.470+0000][6][safepoint    ] Safepoint "Cleanup", Time since last: 1711514288 ns, Reaching safepoint: 945880 ns, At safepoint: 44412 ns, Total: 990292 ns
[2020-08-12T17:16:19.471+0000][6][safepoint    ] Safepoint "Cleanup", Time since last: 1000387361 ns, Reaching safepoint: 1075628 ns, At safepoint: 56762 ns, Total: 1132390 ns
[2020-08-12T17:16:20.758+0000][6][safepoint    ] Safepoint "Cleanup", Time since last: 1286047476 ns, Reaching safepoint: 898467 ns, At safepoint: 46387 ns, Total: 944854 ns
[2020-08-12T17:16:21.759+0000][6][safepoint    ] Safepoint "Cleanup", Time since last: 1000345711 ns, Reaching safepoint: 882155 ns, At safepoint: 44287 ns, Total: 926442 ns
[2020-08-12T17:16:22.761+0000][6][safepoint    ] Safepoint "Cleanup", Time since last: 1000337087 ns, Reaching safepoint: 849642 ns, At safepoint: 45037 ns, Total: 894679 ns
[2020-08-12T17:16:23.762+0000][6][safepoint    ] Safepoint "Cleanup", Time since last: 1000382511 ns, Reaching safepoint: 804968 ns, At safepoint: 44162 ns, Total: 849130 ns
[2020-08-12T17:16:25.758+0000][6][safepoint    ] Safepoint "Cleanup", Time since last: 1994955985 ns, Reaching safepoint: 762743 ns, At safepoint: 38500 ns, Total: 801243 ns
[2020-08-12T17:16:26.759+0000][6][safepoint    ] Safepoint "Cleanup", Time since last: 1000317461 ns, Reaching safepoint: 818293 ns, At safepoint: 46187 ns, Total: 864480 ns
[2020-08-12T17:16:28.326+0000][6][safepoint    ] Safepoint "Cleanup", Time since last: 1566687860 ns, Reaching safepoint: 935704 ns, At safepoint: 53075 ns, Total: 988779 ns
[2020-08-12T17:16:29.752+0000][6][safepoint    ] Safepoint "Cleanup", Time since last: 1425139878 ns, Reaching safepoint: 445758 ns, At safepoint: 20900 ns, Total: 466658 ns
[2020-08-12T17:16:30.753+0000][6][safepoint    ] Safepoint "Cleanup", Time since last: 1000266412 ns, Reaching safepoint: 752168 ns, At safepoint: 58712 ns, Total: 810880 ns
[2020-08-12T17:16:31.754+0000][6][safepoint    ] Safepoint "Cleanup", Time since last: 1000348262 ns, Reaching safepoint: 713731 ns, At safepoint: 45375 ns, Total: 759106 ns
[2020-08-12T17:16:32.755+0000][6][safepoint    ] Safepoint "Cleanup", Time since last: 1000347686 ns, Reaching safepoint: 768556 ns, At safepoint: 54862 ns, Total: 823418 ns
[2020-08-12T17:16:33.756+0000][6][safepoint    ] Safepoint "Cleanup", Time since last: 1000334648 ns, Reaching safepoint: 712819 ns, At safepoint: 45412 ns, Total: 758231 ns
[2020-08-12T17:16:35.757+0000][6][safepoint    ] Safepoint "Cleanup", Time since last: 1999854617 ns, Reaching safepoint: 667469 ns, At safepoint: 47737 ns, Total: 715206 ns
[2020-08-12T17:16:36.758+0000][6][safepoint    ] Safepoint "Cleanup", Time since last: 1000338650 ns, Reaching safepoint: 931567 ns, At safepoint: 44049 ns, Total: 975616 ns
[2020-08-12T17:16:38.423+0000][6][safepoint    ] Safepoint "Cleanup", Time since last: 1664117671 ns, Reaching safepoint: 846192 ns, At safepoint: 44437 ns, Total: 890629 ns
[2020-08-12T17:16:39.424+0000][6][safepoint    ] Safepoint "Cleanup", Time since last: 1000288025 ns, Reaching safepoint: 479983 ns, At safepoint: 21025 ns, Total: 501008 ns
[2020-08-12T17:16:40.759+0000][6][safepoint    ] Safepoint "Cleanup", Time since last: 1333593479 ns, Reaching safepoint: 779868 ns, At safepoint: 58575 ns, Total: 838443 ns
[2020-08-12T17:16:41.760+0000][6][safepoint    ] Safepoint "Cleanup", Time since last: 1000397698 ns, Reaching safepoint: 589182 ns, At safepoint: 43437 ns, Total: 632619 ns
[2020-08-12T17:16:42.760+0000][6][safepoint    ] Safepoint "Cleanup", Time since last: 1000265325 ns, Reaching safepoint: 552057 ns, At safepoint: 38763 ns, Total: 590820 ns
[2020-08-12T17:16:43.762+0000][6][safepoint    ] Safepoint "Cleanup", Time since last: 1000288636 ns, Reaching safepoint: 966629 ns, At safepoint: 57062 ns, Total: 1023691 ns
[2020-08-12T17:16:45.760+0000][6][safepoint    ] Safepoint "Cleanup", Time since last: 1997246277 ns, Reaching safepoint: 801306 ns, At safepoint: 43737 ns, Total: 845043 ns
[2020-08-12T17:16:46.761+0000][6][safepoint    ] Safepoint "Cleanup", Time since last: 1000399436 ns, Reaching safepoint: 822818 ns, At safepoint: 69937 ns, Total: 892755 ns
[2020-08-12T17:16:48.388+0000][6][safepoint    ] Safepoint "Cleanup", Time since last: 1625825537 ns, Reaching safepoint: 806143 ns, At safepoint: 44275 ns, Total: 850418 ns
[2020-08-12T17:16:49.389+0000][6][safepoint    ] Safepoint "Cleanup", Time since last: 1000360699 ns, Reaching safepoint: 802655 ns, At safepoint: 35437 ns, Total: 838092 ns
[2020-08-12T17:16:50.390+0000][6][safepoint    ] Safepoint "Cleanup", Time since last: 1000280949 ns, Reaching safepoint: 609470 ns, At safepoint: 45975 ns, Total: 655445 ns
[2020-08-12T17:16:51.391+0000][6][safepoint    ] Safepoint "Cleanup", Time since last: 1000347573 ns, Reaching safepoint: 848756 ns, At safepoint: 58524 ns, Total: 907280 ns
[2020-08-12T17:16:52.392+0000][6][safepoint    ] Safepoint "Cleanup", Time since last: 1000295112 ns, Reaching safepoint: 456696 ns, At safepoint: 56987 ns, Total: 513683 ns
[2020-08-12T17:16:53.393+0000][6][safepoint    ] Safepoint "Cleanup", Time since last: 1000341099 ns, Reaching safepoint: 627294 ns, At safepoint: 44087 ns, Total: 671381 ns
[2020-08-12T17:16:54.394+0000][6][safepoint    ] Safepoint "Cleanup", Time since last: 1000338736 ns, Reaching safepoint: 665220 ns, At safepoint: 64549 ns, Total: 729769 ns
[2020-08-12T17:16:54.760+0000][6][safepoint    ] Safepoint "BulkRevokeBias", Time since last: 363613982 ns, Reaching safepoint: 384321 ns, At safepoint: 1918146 ns, Total: 2302467 ns
[2020-08-12T17:16:55.763+0000][6][safepoint    ] Safepoint "Cleanup", Time since last: 1001968085 ns, Reaching safepoint: 659557 ns, At safepoint: 37737 ns, Total: 697294 ns
[2020-08-12T17:16:56.764+0000][6][safepoint    ] Safepoint "Cleanup", Time since last: 1000363961 ns, Reaching safepoint: 759081 ns, At safepoint: 44187 ns, Total: 803268 ns
[2020-08-12T17:16:58.333+0000][6][safepoint    ] Safepoint "Cleanup", Time since last: 1568610368 ns, Reaching safepoint: 790131 ns, At safepoint: 57749 ns, Total: 847880 ns
[2020-08-12T17:16:58.867+0000][6][safepoint    ] Safepoint "BulkRevokeBias", Time since last: 527850280 ns, Reaching safepoint: 938817 ns, At safepoint: 4616160 ns, Total: 5554977 ns
[2020-08-12T17:17:00.763+0000][6][safepoint    ] Safepoint "Cleanup", Time since last: 1895294980 ns, Reaching safepoint: 711906 ns, At safepoint: 55887 ns, Total: 767793 ns
[2020-08-12T17:17:01.764+0000][6][safepoint    ] Safepoint "Cleanup", Time since last: 1000441023 ns, Reaching safepoint: 609457 ns, At safepoint: 153011 ns, Total: 762468 ns
[2020-08-12T17:17:02.765+0000][6][safepoint    ] Safepoint "Cleanup", Time since last: 1000358336 ns, Reaching safepoint: 643445 ns, At safepoint: 46974 ns, Total: 690419 ns
[2020-08-12T17:17:03.766+0000][6][safepoint    ] Safepoint "Cleanup", Time since last: 1000347511 ns, Reaching safepoint: 698407 ns, At safepoint: 54624 ns, Total: 753031 ns
[2020-08-12T17:17:04.763+0000][6][safepoint    ] Safepoint "BulkRevokeBias", Time since last: 993808356 ns, Reaching safepoint: 673331 ns, At safepoint: 2640503 ns, Total: 3313834 ns
[2020-08-12T17:17:05.765+0000][6][safepoint    ] Safepoint "Cleanup", Time since last: 1001080129 ns, Reaching safepoint: 701394 ns, At safepoint: 54150 ns, Total: 755544 ns
[2020-08-12T17:17:06.766+0000][6][safepoint    ] Safepoint "Cleanup", Time since last: 1000339599 ns, Reaching safepoint: 656507 ns, At safepoint: 46287 ns, Total: 702794 ns
[2020-08-12T17:17:08.325+0000][6][safepoint    ] Safepoint "Cleanup", Time since last: 1558304531 ns, Reaching safepoint: 861305 ns, At safepoint: 44012 ns, Total: 905317 ns
[2020-08-12T17:17:09.326+0000][6][safepoint    ] Safepoint "Cleanup", Time since last: 1000283512 ns, Reaching safepoint: 563858 ns, At safepoint: 19175 ns, Total: 583033 ns
[2020-08-12T17:17:10.419+0000][6][safepoint    ] Safepoint "Cleanup", Time since last: 1091773311 ns, Reaching safepoint: 775343 ns, At safepoint: 43337 ns, Total: 818680 ns
[2020-08-12T17:17:11.420+0000][6][safepoint    ] Safepoint "Cleanup", Time since last: 1000389411 ns, Reaching safepoint: 820043 ns, At safepoint: 43925 ns, Total: 863968 ns
[2020-08-12T17:17:12.421+0000][6][safepoint    ] Safepoint "Cleanup", Time since last: 1000298336 ns, Reaching safepoint: 382935 ns, At safepoint: 34174 ns, Total: 417109 ns
[2020-08-12T17:17:13.422+0000][6][safepoint    ] Safepoint "Cleanup", Time since last: 1000335324 ns, Reaching safepoint: 720631 ns, At safepoint: 38100 ns, Total: 758731 ns
[2020-08-12T17:17:14.423+0000][6][safepoint    ] Safepoint "Cleanup", Time since last: 1000309199 ns, Reaching safepoint: 511121 ns, At safepoint: 27937 ns, Total: 539058 ns
[2020-08-12T17:17:15.760+0000][6][safepoint    ] Safepoint "Cleanup", Time since last: 1336775227 ns, Reaching safepoint: 695131 ns, At safepoint: 46462 ns, Total: 741593 ns
[2020-08-12T17:17:16.761+0000][6][safepoint    ] Safepoint "Cleanup", Time since last: 1000351336 ns, Reaching safepoint: 845405 ns, At safepoint: 44738 ns, Total: 890143 ns
[2020-08-12T17:17:18.330+0000][6][safepoint    ] Safepoint "Cleanup", Time since last: 1567885561 ns, Reaching safepoint: 799943 ns, At safepoint: 59012 ns, Total: 858955 ns
[2020-08-12T17:17:19.331+0000][6][safepoint    ] Safepoint "Cleanup", Time since last: 1000339436 ns, Reaching safepoint: 792444 ns, At safepoint: 54924 ns, Total: 847368 ns
[2020-08-12T17:17:20.762+0000][6][safepoint    ] Safepoint "Cleanup", Time since last: 1429427229 ns, Reaching safepoint: 848443 ns, At safepoint: 44062 ns, Total: 892505 ns
[2020-08-12T17:17:21.763+0000][6][safepoint    ] Safepoint "Cleanup", Time since last: 1000396561 ns, Reaching safepoint: 889204 ns, At safepoint: 71762 ns, Total: 960966 ns
[2020-08-12T17:17:22.764+0000][6][safepoint    ] Safepoint "Cleanup", Time since last: 1000389749 ns, Reaching safepoint: 656281 ns, At safepoint: 44050 ns, Total: 700331 ns
[2020-08-12T17:17:23.765+0000][6][safepoint    ] Safepoint "Cleanup", Time since last: 1000348173 ns, Reaching safepoint: 793456 ns, At safepoint: 45837 ns, Total: 839293 ns
[2020-08-12T17:17:25.761+0000][6][safepoint    ] Safepoint "Cleanup", Time since last: 1994852498 ns, Reaching safepoint: 813930 ns, At safepoint: 44525 ns, Total: 858455 ns
[2020-08-12T17:17:26.762+0000][6][safepoint    ] Safepoint "Cleanup", Time since last: 1000350686 ns, Reaching safepoint: 434272 ns, At safepoint: 96036 ns, Total: 530308 ns
[2020-08-12T17:17:27.307+0000][6][safepoint    ] Safepoint "BulkRevokeBias", Time since last: 542460029 ns, Reaching safepoint: 415484 ns, At safepoint: 2223868 ns, Total: 2639352 ns
[2020-08-12T17:17:28.308+0000][6][safepoint    ] Safepoint "Cleanup", Time since last: 1000357474 ns, Reaching safepoint: 909042 ns, At safepoint: 44375 ns, Total: 953417 ns
[2020-08-12T17:17:29.767+0000][6][safepoint    ] Safepoint "Cleanup", Time since last: 1455764564 ns, Reaching safepoint: 2638090 ns, At safepoint: 64412 ns, Total: 2702502 ns
[2020-08-12T17:17:30.768+0000][6][safepoint    ] Safepoint "Cleanup", Time since last: 1000410348 ns, Reaching safepoint: 880805 ns, At safepoint: 46212 ns, Total: 927017 ns
[2020-08-12T17:17:31.769+0000][6][safepoint    ] Safepoint "Cleanup", Time since last: 1000342011 ns, Reaching safepoint: 848568 ns, At safepoint: 44575 ns, Total: 893143 ns
[2020-08-12T17:17:32.770+0000][6][safepoint    ] Safepoint "Cleanup", Time since last: 1000323311 ns, Reaching safepoint: 392297 ns, At safepoint: 24212 ns, Total: 416509 ns
[2020-08-12T17:17:33.771+0000][6][safepoint    ] Safepoint "Cleanup", Time since last: 1000191900 ns, Reaching safepoint: 330972 ns, At safepoint: 56874 ns, Total: 387846 ns
[2020-08-12T17:17:35.766+0000][6][safepoint    ] Safepoint "Cleanup", Time since last: 1994500526 ns, Reaching safepoint: 403159 ns, At safepoint: 44837 ns, Total: 447996 ns
[2020-08-12T17:17:36.767+0000][6][safepoint    ] Safepoint "Cleanup", Time since last: 1000442860 ns, Reaching safepoint: 535033 ns, At safepoint: 44762 ns, Total: 579795 ns
[2020-08-12T17:17:38.419+0000][6][safepoint    ] Safepoint "Cleanup", Time since last: 1651667490 ns, Reaching safepoint: 708732 ns, At safepoint: 55862 ns, Total: 764594 ns
[2020-08-12T17:17:39.420+0000][6][safepoint    ] Safepoint "Cleanup", Time since last: 1000347924 ns, Reaching safepoint: 780043 ns, At safepoint: 55600 ns, Total: 835643 ns
[2020-08-12T17:17:40.767+0000][6][safepoint    ] Safepoint "Cleanup", Time since last: 1345787936 ns, Reaching safepoint: 888043 ns, At safepoint: 52137 ns, Total: 940180 ns
[2020-08-12T17:17:41.768+0000][6][safepoint    ] Safepoint "Cleanup", Time since last: 1000343273 ns, Reaching safepoint: 891655 ns, At safepoint: 44537 ns, Total: 936192 ns
[2020-08-12T17:17:42.769+0000][6][safepoint    ] Safepoint "Cleanup", Time since last: 1000337711 ns, Reaching safepoint: 668582 ns, At safepoint: 45424 ns, Total: 714006 ns
[2020-08-12T17:17:43.770+0000][6][safepoint    ] Safepoint "Cleanup", Time since last: 1000340924 ns, Reaching safepoint: 679920 ns, At safepoint: 54337 ns, Total: 734257 ns
[2020-08-12T17:17:45.763+0000][6][safepoint    ] Safepoint "Cleanup", Time since last: 1992253770 ns, Reaching safepoint: 569207 ns, At safepoint: 53275 ns, Total: 622482 ns
[2020-08-12T17:17:46.765+0000][6][safepoint    ] Safepoint "Cleanup", Time since last: 1000369598 ns, Reaching safepoint: 867068 ns, At safepoint: 45049 ns, Total: 912117 ns
[2020-08-12T17:17:48.423+0000][6][safepoint    ] Safepoint "Cleanup", Time since last: 1657227480 ns, Reaching safepoint: 855955 ns, At safepoint: 44325 ns, Total: 900280 ns
[2020-08-12T17:17:49.424+0000][6][safepoint    ] Safepoint "Cleanup", Time since last: 1000362461 ns, Reaching safepoint: 901805 ns, At safepoint: 63624 ns, Total: 965429 ns
[2020-08-12T17:17:50.425+0000][6][safepoint    ] Safepoint "Cleanup", Time since last: 1000294974 ns, Reaching safepoint: 885905 ns, At safepoint: 44437 ns, Total: 930342 ns
[2020-08-12T17:17:51.426+0000][6][safepoint    ] Safepoint "Cleanup", Time since last: 1000316111 ns, Reaching safepoint: 603483 ns, At safepoint: 30275 ns, Total: 633758 ns
[2020-08-12T17:17:52.427+0000][6][safepoint    ] Safepoint "Cleanup", Time since last: 1000294874 ns, Reaching safepoint: 770305 ns, At safepoint: 46313 ns, Total: 816618 ns
[2020-08-12T17:17:53.428+0000][6][safepoint    ] Safepoint "Cleanup", Time since last: 1000363873 ns, Reaching safepoint: 679669 ns, At safepoint: 53025 ns, Total: 732694 ns
[2020-08-12T17:17:54.430+0000][6][safepoint    ] Safepoint "Cleanup", Time since last: 1000323749 ns, Reaching safepoint: 755968 ns, At safepoint: 47850 ns, Total: 803818 ns
[2020-08-12T17:17:55.765+0000][6][safepoint    ] Safepoint "Cleanup", Time since last: 1334785443 ns, Reaching safepoint: 848093 ns, At safepoint: 46562 ns, Total: 894655 ns
[2020-08-12T17:17:56.767+0000][6][safepoint    ] Safepoint "Cleanup", Time since last: 1000350886 ns, Reaching safepoint: 870718 ns, At safepoint: 44237 ns, Total: 914955 ns
[2020-08-12T17:17:58.303+0000][6][safepoint    ] Safepoint "Cleanup", Time since last: 1535861550 ns, Reaching safepoint: 824080 ns, At safepoint: 46237 ns, Total: 870317 ns
[2020-08-12T17:17:59.765+0000][6][safepoint    ] Safepoint "Cleanup", Time since last: 1461125894 ns, Reaching safepoint: 556320 ns, At safepoint: 45475 ns, Total: 601795 ns
[2020-08-12T17:18:00.767+0000][6][safepoint    ] Safepoint "Cleanup", Time since last: 1001096142 ns, Reaching safepoint: 595795 ns, At safepoint: 44587 ns, Total: 640382 ns
[2020-08-12T17:18:01.768+0000][6][safepoint    ] Safepoint "Cleanup", Time since last: 1000442072 ns, Reaching safepoint: 857231 ns, At safepoint: 72011 ns, Total: 929242 ns
[2020-08-12T17:18:02.769+0000][6][safepoint    ] Safepoint "Cleanup", Time since last: 1000346437 ns, Reaching safepoint: 683044 ns, At safepoint: 45075 ns, Total: 728119 ns
[2020-08-12T17:18:03.770+0000][6][safepoint    ] Safepoint "Cleanup", Time since last: 1000342173 ns, Reaching safepoint: 743994 ns, At safepoint: 44874 ns, Total: 788868 ns
[2020-08-12T17:18:05.765+0000][6][safepoint    ] Safepoint "Cleanup", Time since last: 1993710320 ns, Reaching safepoint: 605258 ns, At safepoint: 54362 ns, Total: 659620 ns
[2020-08-12T17:18:06.766+0000][6][safepoint    ] Safepoint "Cleanup", Time since last: 1000345036 ns, Reaching safepoint: 576432 ns, At safepoint: 45312 ns, Total: 621744 ns
[2020-08-12T17:18:08.328+0000][6][safepoint    ] Safepoint "Cleanup", Time since last: 1562014988 ns, Reaching safepoint: 726193 ns, At safepoint: 55412 ns, Total: 781605 ns
[2020-08-12T17:18:09.329+0000][6][safepoint    ] Safepoint "Cleanup", Time since last: 1000313224 ns, Reaching safepoint: 597520 ns, At safepoint: 54362 ns, Total: 651882 ns
[2020-08-12T17:18:10.331+0000][6][safepoint    ] Safepoint "Cleanup", Time since last: 1000352524 ns, Reaching safepoint: 904292 ns, At safepoint: 43675 ns, Total: 947967 ns
[2020-08-12T17:18:11.332+0000][6][safepoint    ] Safepoint "Cleanup", Time since last: 1000390635 ns, Reaching safepoint: 776119 ns, At safepoint: 93636 ns, Total: 869755 ns
[2020-08-12T17:18:12.333+0000][6][safepoint    ] Safepoint "Cleanup", Time since last: 1000350986 ns, Reaching safepoint: 862156 ns, At safepoint: 43962 ns, Total: 906118 ns
[2020-08-12T17:18:13.337+0000][6][safepoint    ] Safepoint "Cleanup", Time since last: 1003272486 ns, Reaching safepoint: 907242 ns, At safepoint: 44662 ns, Total: 951904 ns
[2020-08-12T17:18:14.338+0000][6][safepoint    ] Safepoint "Cleanup", Time since last: 1000319161 ns, Reaching safepoint: 573783 ns, At safepoint: 31225 ns, Total: 605008 ns
[2020-08-12T17:18:15.767+0000][6][safepoint    ] Safepoint "Cleanup", Time since last: 1427487920 ns, Reaching safepoint: 701207 ns, At safepoint: 44162 ns, Total: 745369 ns
[2020-08-12T17:18:16.768+0000][6][safepoint    ] Safepoint "Cleanup", Time since last: 1000371073 ns, Reaching safepoint: 795081 ns, At safepoint: 44049 ns, Total: 839130 ns
[2020-08-12T17:18:18.336+0000][6][safepoint    ] Safepoint "Cleanup", Time since last: 1567827688 ns, Reaching safepoint: 831917 ns, At safepoint: 47325 ns, Total: 879242 ns
[2020-08-12T17:18:19.337+0000][6][safepoint    ] Safepoint "Cleanup", Time since last: 1000320799 ns, Reaching safepoint: 406559 ns, At safepoint: 18437 ns, Total: 424996 ns
[2020-08-12T17:18:20.768+0000][6][safepoint    ] Safepoint "Cleanup", Time since last: 1430009524 ns, Reaching safepoint: 857955 ns, At safepoint: 45200 ns, Total: 903155 ns
[2020-08-12T17:18:21.769+0000][6][safepoint    ] Safepoint "Cleanup", Time since last: 1000286361 ns, Reaching safepoint: 730482 ns, At safepoint: 33999 ns, Total: 764481 ns
[2020-08-12T17:18:22.771+0000][6][safepoint    ] Safepoint "Cleanup", Time since last: 1000302562 ns, Reaching safepoint: 982066 ns, At safepoint: 44363 ns, Total: 1026429 ns
[2020-08-12T17:18:23.772+0000][6][safepoint    ] Safepoint "Cleanup", Time since last: 1000443485 ns, Reaching safepoint: 948504 ns, At safepoint: 47837 ns, Total: 996341 ns
[2020-08-12T17:18:24.773+0000][6][safepoint    ] Safepoint "Cleanup", Time since last: 1000539935 ns, Reaching safepoint: 790830 ns, At safepoint: 31050 ns, Total: 821880 ns
[2020-08-12T17:18:25.831+0000][6][safepoint    ] Safepoint "Cleanup", Time since last: 1056873237 ns, Reaching safepoint: 600670 ns, At safepoint: 44237 ns, Total: 644907 ns
[2020-08-12T17:18:26.832+0000][6][safepoint    ] Safepoint "Cleanup", Time since last: 1000397323 ns, Reaching safepoint: 580120 ns, At safepoint: 90799 ns, Total: 670919 ns
[2020-08-12T17:18:28.314+0000][6][safepoint    ] Safepoint "Cleanup", Time since last: 1481309970 ns, Reaching safepoint: 941354 ns, At safepoint: 44100 ns, Total: 985454 ns
[2020-08-12T17:18:29.916+0000][6][safepoint    ] Safepoint "Cleanup", Time since last: 1600979214 ns, Reaching safepoint: 427097 ns, At safepoint: 25187 ns, Total: 452284 ns
[2020-08-12T17:18:30.917+0000][6][safepoint    ] Safepoint "Cleanup", Time since last: 1000308548 ns, Reaching safepoint: 596595 ns, At safepoint: 44187 ns, Total: 640782 ns
[2020-08-12T17:18:31.918+0000][6][safepoint    ] Safepoint "Cleanup", Time since last: 1000352099 ns, Reaching safepoint: 1021692 ns, At safepoint: 58062 ns, Total: 1079754 ns
[2020-08-12T17:18:32.919+0000][6][safepoint    ] Safepoint "Cleanup", Time since last: 1000331123 ns, Reaching safepoint: 609545 ns, At safepoint: 44500 ns, Total: 654045 ns
[2020-08-12T17:18:33.920+0000][6][safepoint    ] Safepoint "Cleanup", Time since last: 1000346011 ns, Reaching safepoint: 629557 ns, At safepoint: 47387 ns, Total: 676944 ns
[2020-08-12T17:18:35.768+0000][6][safepoint    ] Safepoint "Cleanup", Time since last: 1847715614 ns, Reaching safepoint: 696344 ns, At safepoint: 44425 ns, Total: 740769 ns
[2020-08-12T17:18:36.770+0000][6][safepoint    ] Safepoint "Cleanup", Time since last: 1000349311 ns, Reaching safepoint: 892043 ns, At safepoint: 44012 ns, Total: 936055 ns
[2020-08-12T17:18:38.426+0000][6][safepoint    ] Safepoint "Cleanup", Time since last: 1654866962 ns, Reaching safepoint: 907268 ns, At safepoint: 44749 ns, Total: 952017 ns
[2020-08-12T17:18:39.427+0000][6][safepoint    ] Safepoint "Cleanup", Time since last: 1000321574 ns, Reaching safepoint: 891217 ns, At safepoint: 37463 ns, Total: 928680 ns
[2020-08-12T17:18:40.769+0000][6][safepoint    ] Safepoint "Cleanup", Time since last: 1341606309 ns, Reaching safepoint: 947405 ns, At safepoint: 44374 ns, Total: 991779 ns
[2020-08-12T17:18:41.771+0000][6][safepoint    ] Safepoint "Cleanup", Time since last: 1000353912 ns, Reaching safepoint: 891405 ns, At safepoint: 44074 ns, Total: 935479 ns
[2020-08-12T17:18:42.772+0000][6][safepoint    ] Safepoint "Cleanup", Time since last: 1000350961 ns, Reaching safepoint: 511933 ns, At safepoint: 27638 ns, Total: 539571 ns
[2020-08-12T17:18:43.773+0000][6][safepoint    ] Safepoint "Cleanup", Time since last: 1000366698 ns, Reaching safepoint: 807143 ns, At safepoint: 44950 ns, Total: 852093 ns
[2020-08-12T17:18:44.774+0000][6][safepoint    ] Safepoint "Cleanup", Time since last: 1000375036 ns, Reaching safepoint: 555595 ns, At safepoint: 20587 ns, Total: 576182 ns
[2020-08-12T17:18:44.813+0000][6][safepoint    ] Safepoint "BulkRevokeBias", Time since last: 36473824 ns, Reaching safepoint: 587957 ns, At safepoint: 1710410 ns, Total: 2298367 ns
[2020-08-12T17:18:45.814+0000][6][safepoint    ] Safepoint "Cleanup", Time since last: 1000369999 ns, Reaching safepoint: 810630 ns, At safepoint: 44900 ns, Total: 855530 ns
[2020-08-12T17:18:46.815+0000][6][safepoint    ] Safepoint "Cleanup", Time since last: 1000411110 ns, Reaching safepoint: 889405 ns, At safepoint: 46137 ns, Total: 935542 ns
[2020-08-12T17:18:48.423+0000][6][safepoint    ] Safepoint "Cleanup", Time since last: 1606909176 ns, Reaching safepoint: 644782 ns, At safepoint: 53874 ns, Total: 698656 ns
[2020-08-12T17:18:49.426+0000][6][safepoint    ] Safepoint "Cleanup", Time since last: 1002743728 ns, Reaching safepoint: 959617 ns, At safepoint: 31587 ns, Total: 991204 ns
[2020-08-12T17:18:50.428+0000][6][safepoint    ] Safepoint "Cleanup", Time since last: 1000259362 ns, Reaching safepoint: 893105 ns, At safepoint: 43837 ns, Total: 936942 ns
[2020-08-12T17:18:51.429+0000][6][safepoint    ] Safepoint "Cleanup", Time since last: 1000375673 ns, Reaching safepoint: 799618 ns, At safepoint: 91175 ns, Total: 890793 ns
[2020-08-12T17:18:52.430+0000][6][safepoint    ] Safepoint "Cleanup", Time since last: 1000290249 ns, Reaching safepoint: 358209 ns, At safepoint: 16250 ns, Total: 374459 ns
[2020-08-12T17:18:53.431+0000][6][safepoint    ] Safepoint "Cleanup", Time since last: 1000249287 ns, Reaching safepoint: 843406 ns, At safepoint: 44324 ns, Total: 887730 ns
[2020-08-12T17:18:54.432+0000][6][safepoint    ] Safepoint "Cleanup", Time since last: 1000359086 ns, Reaching safepoint: 906430 ns, At safepoint: 43100 ns, Total: 949530 ns
[2020-08-12T17:18:55.773+0000][6][safepoint    ] Safepoint "Cleanup", Time since last: 1339891587 ns, Reaching safepoint: 615207 ns, At safepoint: 53525 ns, Total: 668732 ns
[2020-08-12T17:18:56.774+0000][6][safepoint    ] Safepoint "Cleanup", Time since last: 1000345636 ns, Reaching safepoint: 744218 ns, At safepoint: 44187 ns, Total: 788405 ns
[2020-08-12T17:18:58.404+0000][6][safepoint    ] Safepoint "Cleanup", Time since last: 1629189484 ns, Reaching safepoint: 605420 ns, At safepoint: 55000 ns, Total: 660420 ns
[2020-08-12T17:18:59.769+0000][6][safepoint    ] Safepoint "Cleanup", Time since last: 1365357768 ns, Reaching safepoint: 413996 ns, At safepoint: 54875 ns, Total: 468871 ns
[2020-08-12T17:19:00.771+0000][6][safepoint    ] Safepoint "Cleanup", Time since last: 1001106667 ns, Reaching safepoint: 674194 ns, At safepoint: 46949 ns, Total: 721143 ns
[2020-08-12T17:19:01.772+0000][6][safepoint    ] Safepoint "Cleanup", Time since last: 1000342674 ns, Reaching safepoint: 689569 ns, At safepoint: 44725 ns, Total: 734294 ns
[2020-08-12T17:19:02.773+0000][6][safepoint    ] Safepoint "Cleanup", Time since last: 1000340323 ns, Reaching safepoint: 656995 ns, At safepoint: 53787 ns, Total: 710782 ns
[2020-08-12T17:19:03.774+0000][6][safepoint    ] Safepoint "Cleanup", Time since last: 1000340311 ns, Reaching safepoint: 646132 ns, At safepoint: 52900 ns, Total: 699032 ns
[2020-08-12T17:19:04.775+0000][6][safepoint    ] Safepoint "Cleanup", Time since last: 1000289361 ns, Reaching safepoint: 559833 ns, At safepoint: 24225 ns, Total: 584058 ns
[2020-08-12T17:19:05.882+0000][6][safepoint    ] Safepoint "Cleanup", Time since last: 1106425085 ns, Reaching safepoint: 679394 ns, At safepoint: 46387 ns, Total: 725781 ns
[2020-08-12T17:19:06.884+0000][6][safepoint    ] Safepoint "Cleanup", Time since last: 1000341436 ns, Reaching safepoint: 706782 ns, At safepoint: 45837 ns, Total: 752619 ns
[2020-08-12T17:19:08.457+0000][6][safepoint    ] Safepoint "Cleanup", Time since last: 1572809707 ns, Reaching safepoint: 712631 ns, At safepoint: 56787 ns, Total: 769418 ns
[2020-08-12T17:19:09.458+0000][6][safepoint    ] Safepoint "Cleanup", Time since last: 1000295162 ns, Reaching safepoint: 822230 ns, At safepoint: 85937 ns, Total: 908167 ns
[2020-08-12T17:19:10.459+0000][6][safepoint    ] Safepoint "Cleanup", Time since last: 1000385235 ns, Reaching safepoint: 700782 ns, At safepoint: 71974 ns, Total: 772756 ns
[2020-08-12T17:19:11.461+0000][6][safepoint    ] Safepoint "Cleanup", Time since last: 1000374436 ns, Reaching safepoint: 672257 ns, At safepoint: 56749 ns, Total: 729006 ns
[2020-08-12T17:19:12.462+0000][6][safepoint    ] Safepoint "Cleanup", Time since last: 1000344637 ns, Reaching safepoint: 521695 ns, At safepoint: 56000 ns, Total: 577695 ns
[2020-08-12T17:19:13.463+0000][6][safepoint    ] Safepoint "Cleanup", Time since last: 1000346036 ns, Reaching safepoint: 648357 ns, At safepoint: 62274 ns, Total: 710631 ns
[2020-08-12T17:19:14.464+0000][6][safepoint    ] Safepoint "Cleanup", Time since last: 1000355049 ns, Reaching safepoint: 863930 ns, At safepoint: 48524 ns, Total: 912454 ns
[2020-08-12T17:19:15.772+0000][6][safepoint    ] Safepoint "Cleanup", Time since last: 1307459079 ns, Reaching safepoint: 622395 ns, At safepoint: 47150 ns, Total: 669545 ns
[2020-08-12T17:19:16.773+0000][6][safepoint    ] Safepoint "Cleanup", Time since last: 1000350136 ns, Reaching safepoint: 675857 ns, At safepoint: 47099 ns, Total: 722956 ns
[2020-08-12T17:19:18.309+0000][6][safepoint    ] Safepoint "Cleanup", Time since last: 1535098419 ns, Reaching safepoint: 565408 ns, At safepoint: 45237 ns, Total: 610645 ns
[2020-08-12T17:19:19.310+0000][6][safepoint    ] Safepoint "Cleanup", Time since last: 1000360823 ns, Reaching safepoint: 741644 ns, At safepoint: 56299 ns, Total: 797943 ns
[2020-08-12T17:19:20.772+0000][6][safepoint    ] Safepoint "Cleanup", Time since last: 1461779238 ns, Reaching safepoint: 369997 ns, At safepoint: 18737 ns, Total: 388734 ns
[2020-08-12T17:19:21.773+0000][6][safepoint    ] Safepoint "Cleanup", Time since last: 1000251637 ns, Reaching safepoint: 663632 ns, At safepoint: 56562 ns, Total: 720194 ns
[2020-08-12T17:19:22.774+0000][6][safepoint    ] Safepoint "Cleanup", Time since last: 1000340986 ns, Reaching safepoint: 700557 ns, At safepoint: 45037 ns, Total: 745594 ns
[2020-08-12T17:19:23.775+0000][6][safepoint    ] Safepoint "Cleanup", Time since last: 1000340749 ns, Reaching safepoint: 675281 ns, At safepoint: 44400 ns, Total: 719681 ns
[2020-08-12T17:19:24.777+0000][6][safepoint    ] Safepoint "Cleanup", Time since last: 1000278787 ns, Reaching safepoint: 1022916 ns, At safepoint: 69287 ns, Total: 1092203 ns
[2020-08-12T17:19:25.805+0000][6][safepoint    ] Safepoint "Cleanup", Time since last: 1027815274 ns, Reaching safepoint: 928667 ns, At safepoint: 44562 ns, Total: 973229 ns
[2020-08-12T17:19:26.806+0000][6][safepoint    ] Safepoint "Cleanup", Time since last: 1000341461 ns, Reaching safepoint: 642345 ns, At safepoint: 43774 ns, Total: 686119 ns
[2020-08-12T17:19:27.237+0000][6][gc,start     ] GC(48) Pause Young (Normal) (G1 Evacuation Pause)
[2020-08-12T17:19:27.238+0000][6][gc,task      ] GC(48) Using 2 workers of 2 for evacuation
[2020-08-12T17:19:27.238+0000][6][gc,age       ] GC(48) Desired survivor size 40370176 bytes, new threshold 15 (max threshold 15)
[2020-08-12T17:19:27.251+0000][6][gc,age       ] GC(48) Age table with threshold 15 (max threshold 15)
[2020-08-12T17:19:27.251+0000][6][gc,age       ] GC(48) - age   1:     192160 bytes,     192160 total
[2020-08-12T17:19:27.251+0000][6][gc,age       ] GC(48) - age   2:     168624 bytes,     360784 total
[2020-08-12T17:19:27.251+0000][6][gc,age       ] GC(48) - age   3:     699072 bytes,    1059856 total
[2020-08-12T17:19:27.251+0000][6][gc,age       ] GC(48) - age   4:     182088 bytes,    1241944 total
[2020-08-12T17:19:27.251+0000][6][gc,age       ] GC(48) - age   5:      94616 bytes,    1336560 total
[2020-08-12T17:19:27.251+0000][6][gc,age       ] GC(48) - age   6:      31248 bytes,    1367808 total
[2020-08-12T17:19:27.251+0000][6][gc,age       ] GC(48) - age   7:      70064 bytes,    1437872 total
[2020-08-12T17:19:27.251+0000][6][gc,age       ] GC(48) - age   8:      38488 bytes,    1476360 total
[2020-08-12T17:19:27.251+0000][6][gc,age       ] GC(48) - age   9:      95616 bytes,    1571976 total
[2020-08-12T17:19:27.251+0000][6][gc,age       ] GC(48) - age  10:      28680 bytes,    1600656 total
[2020-08-12T17:19:27.251+0000][6][gc,age       ] GC(48) - age  11:      31088 bytes,    1631744 total
[2020-08-12T17:19:27.251+0000][6][gc,age       ] GC(48) - age  12:     202432 bytes,    1834176 total
[2020-08-12T17:19:27.251+0000][6][gc,age       ] GC(48) - age  13:      47296 bytes,    1881472 total
[2020-08-12T17:19:27.251+0000][6][gc,age       ] GC(48) - age  14:      77488 bytes,    1958960 total
[2020-08-12T17:19:27.251+0000][6][gc,age       ] GC(48) - age  15:      34792 bytes,    1993752 total
[2020-08-12T17:19:27.251+0000][6][gc,phases    ] GC(48)   Pre Evacuate Collection Set: 0.4ms
[2020-08-12T17:19:27.251+0000][6][gc,phases    ] GC(48)   Merge Heap Roots: 0.4ms
[2020-08-12T17:19:27.251+0000][6][gc,phases    ] GC(48)   Evacuate Collection Set: 8.6ms
[2020-08-12T17:19:27.251+0000][6][gc,phases    ] GC(48)   Post Evacuate Collection Set: 3.3ms
[2020-08-12T17:19:27.252+0000][6][gc,phases    ] GC(48)   Other: 1.3ms
[2020-08-12T17:19:27.252+0000][6][gc,heap      ] GC(48) Eden regions: 612->0(612)
[2020-08-12T17:19:27.252+0000][6][gc,heap      ] GC(48) Survivor regions: 2->2(77)
[2020-08-12T17:19:27.252+0000][6][gc,heap      ] GC(48) Old regions: 78->78
[2020-08-12T17:19:27.252+0000][6][gc,heap      ] GC(48) Archive regions: 2->2
[2020-08-12T17:19:27.252+0000][6][gc,heap      ] GC(48) Humongous regions: 7->7
[2020-08-12T17:19:27.252+0000][6][gc,metaspace ] GC(48) Metaspace: 97776K(105528K)->97776K(105528K) NonClass: 85241K(89912K)->85241K(89912K) Class: 12534K(15616K)->12534K(15616K)
[2020-08-12T17:19:27.252+0000][6][gc           ] GC(48) Pause Young (Normal) (G1 Evacuation Pause) 699M->87M(1024M) 14.443ms
[2020-08-12T17:19:27.252+0000][6][gc,cpu       ] GC(48) User=0.02s Sys=0.00s Real=0.01s
[2020-08-12T17:19:27.252+0000][6][safepoint    ] Safepoint "G1CollectForAllocation", Time since last: 430243146 ns, Reaching safepoint: 756244 ns, At safepoint: 14728248 ns, Total: 15484492 ns
[2020-08-12T17:19:28.380+0000][6][safepoint    ] Safepoint "Cleanup", Time since last: 1127496091 ns, Reaching safepoint: 661107 ns, At safepoint: 46012 ns, Total: 707119 ns
[2020-08-12T17:19:29.865+0000][6][safepoint    ] Safepoint "Cleanup", Time since last: 1483509151 ns, Reaching safepoint: 1034603 ns, At safepoint: 212023 ns, Total: 1246626 ns
[2020-08-12T17:19:30.866+0000][6][safepoint    ] Safepoint "Cleanup", Time since last: 1000356936 ns, Reaching safepoint: 796531 ns, At safepoint: 55362 ns, Total: 851893 ns
[2020-08-12T17:19:31.867+0000][6][safepoint    ] Safepoint "Cleanup", Time since last: 1000345874 ns, Reaching safepoint: 657169 ns, At safepoint: 44075 ns, Total: 701244 ns
[2020-08-12T17:19:32.868+0000][6][safepoint    ] Safepoint "Cleanup", Time since last: 1000336236 ns, Reaching safepoint: 481358 ns, At safepoint: 44487 ns, Total: 525845 ns
[2020-08-12T17:19:33.869+0000][6][safepoint    ] Safepoint "Cleanup", Time since last: 1000297862 ns, Reaching safepoint: 800205 ns, At safepoint: 51513 ns, Total: 851718 ns
[2020-08-12T17:19:35.780+0000][6][safepoint    ] Safepoint "Cleanup", Time since last: 1909882654 ns, Reaching safepoint: 868930 ns, At safepoint: 44587 ns, Total: 913517 ns
[2020-08-12T17:19:36.781+0000][6][safepoint    ] Safepoint "Cleanup", Time since last: 1000317386 ns, Reaching safepoint: 670319 ns, At safepoint: 54337 ns, Total: 724656 ns
[2020-08-12T17:19:38.375+0000][6][safepoint    ] Safepoint "Cleanup", Time since last: 1592902434 ns, Reaching safepoint: 596282 ns, At safepoint: 54775 ns, Total: 651057 ns
[2020-08-12T17:19:39.376+0000][6][safepoint    ] Safepoint "Cleanup", Time since last: 1000398336 ns, Reaching safepoint: 597307 ns, At safepoint: 45862 ns, Total: 643169 ns
[2020-08-12T17:19:39.777+0000][6][safepoint    ] Safepoint "BulkRevokeBias", Time since last: 396617048 ns, Reaching safepoint: 704369 ns, At safepoint: 3519882 ns, Total: 4224251 ns
[2020-08-12T17:19:40.778+0000][6][safepoint    ] Safepoint "Cleanup", Time since last: 1000905081 ns, Reaching safepoint: 599307 ns, At safepoint: 45100 ns, Total: 644407 ns
[2020-08-12T17:19:41.779+0000][6][safepoint    ] Safepoint "Cleanup", Time since last: 1000338049 ns, Reaching safepoint: 818443 ns, At safepoint: 34024 ns, Total: 852467 ns
[2020-08-12T17:19:42.780+0000][6][safepoint    ] Safepoint "Cleanup", Time since last: 1000231925 ns, Reaching safepoint: 700031 ns, At safepoint: 21525 ns, Total: 721556 ns
[2020-08-12T17:19:43.833+0000][6][safepoint    ] Safepoint "Cleanup", Time since last: 1051843568 ns, Reaching safepoint: 629120 ns, At safepoint: 54837 ns, Total: 683957 ns
[2020-08-12T17:19:45.779+0000][6][safepoint    ] Safepoint "Cleanup", Time since last: 1945716383 ns, Reaching safepoint: 690769 ns, At safepoint: 44874 ns, Total: 735643 ns
[2020-08-12T17:19:46.780+0000][6][safepoint    ] Safepoint "Cleanup", Time since last: 1000340611 ns, Reaching safepoint: 557608 ns, At safepoint: 44337 ns, Total: 601945 ns
[2020-08-12T17:19:48.358+0000][6][safepoint    ] Safepoint "Cleanup", Time since last: 1577034796 ns, Reaching safepoint: 939804 ns, At safepoint: 51887 ns, Total: 991691 ns
[2020-08-12T17:19:49.359+0000][6][safepoint    ] Safepoint "Cleanup", Time since last: 1000313374 ns, Reaching safepoint: 765969 ns, At safepoint: 33887 ns, Total: 799856 ns
[2020-08-12T17:19:50.360+0000][6][safepoint    ] Safepoint "Cleanup", Time since last: 1000289712 ns, Reaching safepoint: 725993 ns, At safepoint: 34287 ns, Total: 760280 ns
[2020-08-12T17:19:51.362+0000][6][safepoint    ] Safepoint "Cleanup", Time since last: 1000307662 ns, Reaching safepoint: 929729 ns, At safepoint: 43612 ns, Total: 973341 ns
[2020-08-12T17:19:52.362+0000][6][safepoint    ] Safepoint "Cleanup", Time since last: 1000291799 ns, Reaching safepoint: 248011 ns, At safepoint: 10962 ns, Total: 258973 ns
[2020-08-12T17:19:53.363+0000][6][safepoint    ] Safepoint "Cleanup", Time since last: 1000173576 ns, Reaching safepoint: 395509 ns, At safepoint: 16662 ns, Total: 412171 ns
[2020-08-12T17:19:54.364+0000][6][safepoint    ] Safepoint "Cleanup", Time since last: 1000285236 ns, Reaching safepoint: 1051129 ns, At safepoint: 44875 ns, Total: 1096004 ns
[2020-08-12T17:19:55.777+0000][6][safepoint    ] Safepoint "Cleanup", Time since last: 1412444237 ns, Reaching safepoint: 654495 ns, At safepoint: 44037 ns, Total: 698532 ns
[2020-08-12T17:19:56.778+0000][6][safepoint    ] Safepoint "Cleanup", Time since last: 1000346086 ns, Reaching safepoint: 610182 ns, At safepoint: 44187 ns, Total: 654369 ns
[2020-08-12T17:19:58.456+0000][6][safepoint    ] Safepoint "Cleanup", Time since last: 1677151158 ns, Reaching safepoint: 770181 ns, At safepoint: 44712 ns, Total: 814893 ns
[2020-08-12T17:19:59.777+0000][6][safepoint    ] Safepoint "Cleanup", Time since last: 1319921910 ns, Reaching safepoint: 1213139 ns, At safepoint: 20038 ns, Total: 1233177 ns
[2020-08-12T17:20:00.780+0000][6][safepoint    ] Safepoint "Cleanup", Time since last: 1001470626 ns, Reaching safepoint: 611457 ns, At safepoint: 44312 ns, Total: 655769 ns
[2020-08-12T17:20:01.780+0000][6][safepoint    ] Safepoint "Cleanup", Time since last: 1000301662 ns, Reaching safepoint: 383397 ns, At safepoint: 19337 ns, Total: 402734 ns
[2020-08-12T17:20:02.781+0000][6][safepoint    ] Safepoint "Cleanup", Time since last: 1000253287 ns, Reaching safepoint: 845180 ns, At safepoint: 44175 ns, Total: 889355 ns
[2020-08-12T17:20:03.783+0000][6][safepoint    ] Safepoint "Cleanup", Time since last: 1000358548 ns, Reaching safepoint: 808781 ns, At safepoint: 44587 ns, Total: 853368 ns
[2020-08-12T17:20:05.776+0000][6][safepoint    ] Safepoint "Cleanup", Time since last: 1992668629 ns, Reaching safepoint: 767156 ns, At safepoint: 52462 ns, Total: 819618 ns
[2020-08-12T17:20:06.777+0000][6][safepoint    ] Safepoint "Cleanup", Time since last: 1000351236 ns, Reaching safepoint: 766481 ns, At safepoint: 45874 ns, Total: 812355 ns
[2020-08-12T17:20:08.473+0000][6][safepoint    ] Safepoint "Cleanup", Time since last: 1695110517 ns, Reaching safepoint: 671444 ns, At safepoint: 55099 ns, Total: 726543 ns
[2020-08-12T17:20:09.474+0000][6][safepoint    ] Safepoint "Cleanup", Time since last: 1000383886 ns, Reaching safepoint: 751244 ns, At safepoint: 57987 ns, Total: 809231 ns
[2020-08-12T17:20:10.475+0000][6][safepoint    ] Safepoint "Cleanup", Time since last: 1000349686 ns, Reaching safepoint: 616882 ns, At safepoint: 44387 ns, Total: 661269 ns
[2020-08-12T17:20:11.476+0000][6][safepoint    ] Safepoint "Cleanup", Time since last: 1000291862 ns, Reaching safepoint: 537595 ns, At safepoint: 25712 ns, Total: 563307 ns
[2020-08-12T17:20:12.477+0000][6][safepoint    ] Safepoint "Cleanup", Time since last: 1000288812 ns, Reaching safepoint: 689882 ns, At safepoint: 45637 ns, Total: 735519 ns
[2020-08-12T17:20:13.478+0000][6][safepoint    ] Safepoint "Cleanup", Time since last: 1000344273 ns, Reaching safepoint: 683819 ns, At safepoint: 44463 ns, Total: 728282 ns
[2020-08-12T17:20:14.480+0000][6][safepoint    ] Safepoint "Cleanup", Time since last: 1000331448 ns, Reaching safepoint: 1068779 ns, At safepoint: 62562 ns, Total: 1131341 ns
[2020-08-12T17:20:15.777+0000][6][safepoint    ] Safepoint "Cleanup", Time since last: 1296755958 ns, Reaching safepoint: 663670 ns, At safepoint: 46199 ns, Total: 709869 ns
[2020-08-12T17:20:16.779+0000][6][safepoint    ] Safepoint "Cleanup", Time since last: 1000352036 ns, Reaching safepoint: 875168 ns, At safepoint: 47374 ns, Total: 922542 ns
[2020-08-12T17:20:18.316+0000][6][safepoint    ] Safepoint "Cleanup", Time since last: 1536858167 ns, Reaching safepoint: 695331 ns, At safepoint: 44362 ns, Total: 739693 ns
[2020-08-12T17:20:19.317+0000][6][safepoint    ] Safepoint "Cleanup", Time since last: 1000314149 ns, Reaching safepoint: 581733 ns, At safepoint: 56112 ns, Total: 637845 ns
[2020-08-12T17:20:20.777+0000][6][safepoint    ] Safepoint "Cleanup", Time since last: 1459005936 ns, Reaching safepoint: 858518 ns, At safepoint: 48012 ns, Total: 906530 ns
[2020-08-12T17:20:21.778+0000][6][safepoint    ] Safepoint "Cleanup", Time since last: 1000352436 ns, Reaching safepoint: 891318 ns, At safepoint: 45487 ns, Total: 936805 ns
[2020-08-12T17:20:22.779+0000][6][safepoint    ] Safepoint "Cleanup", Time since last: 1000341811 ns, Reaching safepoint: 657182 ns, At safepoint: 46074 ns, Total: 703256 ns
[2020-08-12T17:20:23.780+0000][6][safepoint    ] Safepoint "Cleanup", Time since last: 1000337674 ns, Reaching safepoint: 717094 ns, At safepoint: 47087 ns, Total: 764181 ns
[2020-08-12T17:20:24.781+0000][6][safepoint    ] Safepoint "Cleanup", Time since last: 1000286074 ns, Reaching safepoint: 390659 ns, At safepoint: 15150 ns, Total: 405809 ns
[2020-08-12T17:20:25.784+0000][6][safepoint    ] Safepoint "Cleanup", Time since last: 1002021972 ns, Reaching safepoint: 923729 ns, At safepoint: 76137 ns, Total: 999866 ns
[2020-08-12T17:20:26.785+0000][6][safepoint    ] Safepoint "Cleanup", Time since last: 1000349174 ns, Reaching safepoint: 795480 ns, At safepoint: 51625 ns, Total: 847105 ns
[2020-08-12T17:20:28.456+0000][6][safepoint    ] Safepoint "Cleanup", Time since last: 1670164718 ns, Reaching safepoint: 753994 ns, At safepoint: 46812 ns, Total: 800806 ns
[2020-08-12T17:20:29.887+0000][6][safepoint    ] Safepoint "Cleanup", Time since last: 1430031499 ns, Reaching safepoint: 238485 ns, At safepoint: 10775 ns, Total: 249260 ns
[2020-08-12T17:20:30.887+0000][6][safepoint    ] Safepoint "Cleanup", Time since last: 1000221937 ns, Reaching safepoint: 625170 ns, At safepoint: 43674 ns, Total: 668844 ns
[2020-08-12T17:20:31.888+0000][6][safepoint    ] Safepoint "Cleanup", Time since last: 1000334787 ns, Reaching safepoint: 629969 ns, At safepoint: 44362 ns, Total: 674331 ns
[2020-08-12T17:20:32.890+0000][6][safepoint    ] Safepoint "Cleanup", Time since last: 1000331349 ns, Reaching safepoint: 902155 ns, At safepoint: 45312 ns, Total: 947467 ns
[2020-08-12T17:20:33.891+0000][6][safepoint    ] Safepoint "Cleanup", Time since last: 1000381686 ns, Reaching safepoint: 867630 ns, At safepoint: 44937 ns, Total: 912567 ns
[2020-08-12T17:20:35.786+0000][6][safepoint    ] Safepoint "Cleanup", Time since last: 1894537586 ns, Reaching safepoint: 863543 ns, At safepoint: 44025 ns, Total: 907568 ns
[2020-08-12T17:20:36.788+0000][6][safepoint    ] Safepoint "Cleanup", Time since last: 1000328048 ns, Reaching safepoint: 699157 ns, At safepoint: 38537 ns, Total: 737694 ns
[2020-08-12T17:20:38.404+0000][6][safepoint    ] Safepoint "Cleanup", Time since last: 1615249316 ns, Reaching safepoint: 823743 ns, At safepoint: 44000 ns, Total: 867743 ns
[2020-08-12T17:20:39.405+0000][6][safepoint    ] Safepoint "Cleanup", Time since last: 1000434035 ns, Reaching safepoint: 886880 ns, At safepoint: 45000 ns, Total: 931880 ns
[2020-08-12T17:20:39.784+0000][6][safepoint    ] Safepoint "BulkRevokeBias", Time since last: 375514116 ns, Reaching safepoint: 623395 ns, At safepoint: 2442066 ns, Total: 3065461 ns
[2020-08-12T17:20:40.786+0000][6][safepoint    ] Safepoint "Cleanup", Time since last: 1001474502 ns, Reaching safepoint: 626269 ns, At safepoint: 54000 ns, Total: 680269 ns
[2020-08-12T17:20:41.787+0000][6][safepoint    ] Safepoint "Cleanup", Time since last: 1000394536 ns, Reaching safepoint: 565745 ns, At safepoint: 42024 ns, Total: 607769 ns
[2020-08-12T17:20:43.042+0000][6][safepoint    ] Safepoint "Cleanup", Time since last: 1254425874 ns, Reaching safepoint: 592157 ns, At safepoint: 127374 ns, Total: 719531 ns
[2020-08-12T17:20:44.043+0000][6][safepoint    ] Safepoint "Cleanup", Time since last: 1000342986 ns, Reaching safepoint: 862505 ns, At safepoint: 44262 ns, Total: 906767 ns
[2020-08-12T17:20:45.806+0000][6][safepoint    ] Safepoint "Cleanup", Time since last: 1761923779 ns, Reaching safepoint: 471096 ns, At safepoint: 29249 ns, Total: 500345 ns
[2020-08-12T17:20:46.807+0000][6][safepoint    ] Safepoint "Cleanup", Time since last: 1000391524 ns, Reaching safepoint: 525745 ns, At safepoint: 54687 ns, Total: 580432 ns
[2020-08-12T17:20:48.468+0000][6][safepoint    ] Safepoint "Cleanup", Time since last: 1660738099 ns, Reaching safepoint: 438922 ns, At safepoint: 23074 ns, Total: 461996 ns
[2020-08-12T17:20:49.469+0000][6][safepoint    ] Safepoint "Cleanup", Time since last: 1000312425 ns, Reaching safepoint: 695869 ns, At safepoint: 33537 ns, Total: 729406 ns
[2020-08-12T17:20:50.470+0000][6][safepoint    ] Safepoint "Cleanup", Time since last: 1000370973 ns, Reaching safepoint: 390384 ns, At safepoint: 19175 ns, Total: 409559 ns
[2020-08-12T17:20:51.471+0000][6][safepoint    ] Safepoint "Cleanup", Time since last: 1000252887 ns, Reaching safepoint: 886743 ns, At safepoint: 46574 ns, Total: 933317 ns
[2020-08-12T17:20:52.472+0000][6][safepoint    ] Safepoint "Cleanup", Time since last: 1000393111 ns, Reaching safepoint: 467571 ns, At safepoint: 44087 ns, Total: 511658 ns
[2020-08-12T17:20:53.473+0000][6][safepoint    ] Safepoint "Cleanup", Time since last: 1000445060 ns, Reaching safepoint: 578158 ns, At safepoint: 44424 ns, Total: 622582 ns
[2020-08-12T17:20:54.474+0000][6][safepoint    ] Safepoint "Cleanup", Time since last: 1000402736 ns, Reaching safepoint: 596932 ns, At safepoint: 52625 ns, Total: 649557 ns
[2020-08-12T17:20:55.783+0000][6][safepoint    ] Safepoint "Cleanup", Time since last: 1308418596 ns, Reaching safepoint: 600507 ns, At safepoint: 45375 ns, Total: 645882 ns
[2020-08-12T17:20:56.785+0000][6][safepoint    ] Safepoint "Cleanup", Time since last: 1000408635 ns, Reaching safepoint: 1544900 ns, At safepoint: 51287 ns, Total: 1596187 ns
[2020-08-12T17:20:58.384+0000][6][safepoint    ] Safepoint "Cleanup", Time since last: 1598735408 ns, Reaching safepoint: 686469 ns, At safepoint: 52425 ns, Total: 738894 ns
[2020-08-12T17:20:59.778+0000][6][safepoint    ] Safepoint "Cleanup", Time since last: 1393148878 ns, Reaching safepoint: 252936 ns, At safepoint: 11012 ns, Total: 263948 ns
[2020-08-12T17:21:00.779+0000][6][safepoint    ] Safepoint "Cleanup", Time since last: 1000490785 ns, Reaching safepoint: 845193 ns, At safepoint: 44349 ns, Total: 889542 ns
[2020-08-12T17:21:01.780+0000][6][safepoint    ] Safepoint "Cleanup", Time since last: 1000332624 ns, Reaching safepoint: 854343 ns, At safepoint: 44099 ns, Total: 898442 ns
[2020-08-12T17:21:02.781+0000][6][safepoint    ] Safepoint "Cleanup", Time since last: 1000351624 ns, Reaching safepoint: 578983 ns, At safepoint: 27474 ns, Total: 606457 ns
[2020-08-12T17:21:03.782+0000][6][safepoint    ] Safepoint "Cleanup", Time since last: 1000282924 ns, Reaching safepoint: 702132 ns, At safepoint: 45837 ns, Total: 747969 ns
[2020-08-12T17:21:04.783+0000][6][safepoint    ] Safepoint "Cleanup", Time since last: 1000303537 ns, Reaching safepoint: 551770 ns, At safepoint: 39399 ns, Total: 591169 ns
[2020-08-12T17:21:05.915+0000][6][safepoint    ] Safepoint "Cleanup", Time since last: 1130911775 ns, Reaching safepoint: 643382 ns, At safepoint: 53699 ns, Total: 697081 ns
[2020-08-12T17:21:06.916+0000][6][safepoint    ] Safepoint "Cleanup", Time since last: 1000444311 ns, Reaching safepoint: 675556 ns, At safepoint: 47450 ns, Total: 723006 ns
[2020-08-12T17:21:07.466+0000][6][safepoint    ] Safepoint "BulkRevokeBias", Time since last: 548089693 ns, Reaching safepoint: 439459 ns, At safepoint: 1078053 ns, Total: 1517512 ns
[2020-08-12T17:21:08.467+0000][6][safepoint    ] Safepoint "Cleanup", Time since last: 1000351248 ns, Reaching safepoint: 779981 ns, At safepoint: 43362 ns, Total: 823343 ns
[2020-08-12T17:21:09.468+0000][6][safepoint    ] Safepoint "Cleanup", Time since last: 1000350911 ns, Reaching safepoint: 380260 ns, At safepoint: 18599 ns, Total: 398859 ns
[2020-08-12T17:21:10.468+0000][6][safepoint    ] Safepoint "Cleanup", Time since last: 1000217350 ns, Reaching safepoint: 602545 ns, At safepoint: 27375 ns, Total: 629920 ns
[2020-08-12T17:21:11.469+0000][6][safepoint    ] Safepoint "Cleanup", Time since last: 1000271787 ns, Reaching safepoint: 752418 ns, At safepoint: 46912 ns, Total: 799330 ns
[2020-08-12T17:21:13.374+0000][6][safepoint    ] Safepoint "Cleanup", Time since last: 1903080275 ns, Reaching safepoint: 872905 ns, At safepoint: 97900 ns, Total: 970805 ns
[2020-08-12T17:21:14.375+0000][6][safepoint    ] Safepoint "Cleanup", Time since last: 1000398523 ns, Reaching safepoint: 818693 ns, At safepoint: 44462 ns, Total: 863155 ns
[2020-08-12T17:21:15.783+0000][6][safepoint    ] Safepoint "Cleanup", Time since last: 1407439618 ns, Reaching safepoint: 507258 ns, At safepoint: 45837 ns, Total: 553095 ns
[2020-08-12T17:21:16.784+0000][6][safepoint    ] Safepoint "Cleanup", Time since last: 1000383161 ns, Reaching safepoint: 624295 ns, At safepoint: 54724 ns, Total: 679019 ns
[2020-08-12T17:21:18.594+0000][6][safepoint    ] Safepoint "Cleanup", Time since last: 1809178559 ns, Reaching safepoint: 531608 ns, At safepoint: 27637 ns, Total: 559245 ns
[2020-08-12T17:21:19.595+0000][6][safepoint    ] Safepoint "Cleanup", Time since last: 1000241612 ns, Reaching safepoint: 728219 ns, At safepoint: 31950 ns, Total: 760169 ns
[2020-08-12T17:21:20.782+0000][6][safepoint    ] Safepoint "Cleanup", Time since last: 1186193898 ns, Reaching safepoint: 911142 ns, At safepoint: 44588 ns, Total: 955730 ns
[2020-08-12T17:21:21.783+0000][6][safepoint    ] Safepoint "Cleanup", Time since last: 1000374835 ns, Reaching safepoint: 896168 ns, At safepoint: 72587 ns, Total: 968755 ns
[2020-08-12T17:21:22.784+0000][6][safepoint    ] Safepoint "Cleanup", Time since last: 1000350798 ns, Reaching safepoint: 938704 ns, At safepoint: 44550 ns, Total: 983254 ns
[2020-08-12T17:21:23.785+0000][6][safepoint    ] Safepoint "Cleanup", Time since last: 1000316237 ns, Reaching safepoint: 524433 ns, At safepoint: 44962 ns, Total: 569395 ns
[2020-08-12T17:21:24.786+0000][6][safepoint    ] Safepoint "Cleanup", Time since last: 1000242399 ns, Reaching safepoint: 503233 ns, At safepoint: 14675 ns, Total: 517908 ns
[2020-08-12T17:21:25.832+0000][6][safepoint    ] Safepoint "Cleanup", Time since last: 1044920090 ns, Reaching safepoint: 777331 ns, At safepoint: 44312 ns, Total: 821643 ns
[2020-08-12T17:21:26.833+0000][6][safepoint    ] Safepoint "Cleanup", Time since last: 1000392186 ns, Reaching safepoint: 621519 ns, At safepoint: 54100 ns, Total: 675619 ns
[2020-08-12T17:21:28.424+0000][6][safepoint    ] Safepoint "Cleanup", Time since last: 1590380093 ns, Reaching safepoint: 616532 ns, At safepoint: 159436 ns, Total: 775968 ns
[2020-08-12T17:21:28.921+0000][6][safepoint    ] Safepoint "BulkRevokeBias", Time since last: 493929872 ns, Reaching safepoint: 394884 ns, At safepoint: 2895250 ns, Total: 3290134 ns
[2020-08-12T17:21:29.928+0000][6][safepoint    ] Safepoint "Cleanup", Time since last: 1006374135 ns, Reaching safepoint: 562920 ns, At safepoint: 45199 ns, Total: 608119 ns
[2020-08-12T17:21:30.929+0000][6][safepoint    ] Safepoint "Cleanup", Time since last: 1000341561 ns, Reaching safepoint: 696457 ns, At safepoint: 44974 ns, Total: 741431 ns
[2020-08-12T17:21:31.930+0000][6][safepoint    ] Safepoint "Cleanup", Time since last: 1000349712 ns, Reaching safepoint: 636182 ns, At safepoint: 44387 ns, Total: 680569 ns
[2020-08-12T17:21:32.931+0000][6][safepoint    ] Safepoint "Cleanup", Time since last: 1000303724 ns, Reaching safepoint: 297372 ns, At safepoint: 30575 ns, Total: 327947 ns
[2020-08-12T17:21:33.932+0000][6][safepoint    ] Safepoint "Cleanup", Time since last: 1000212175 ns, Reaching safepoint: 356947 ns, At safepoint: 44012 ns, Total: 400959 ns
[2020-08-12T17:21:35.781+0000][6][safepoint    ] Safepoint "Cleanup", Time since last: 1849187489 ns, Reaching safepoint: 594982 ns, At safepoint: 53775 ns, Total: 648757 ns
[2020-08-12T17:21:36.782+0000][6][safepoint    ] Safepoint "Cleanup", Time since last: 1000332061 ns, Reaching safepoint: 630945 ns, At safepoint: 44300 ns, Total: 675245 ns
[2020-08-12T17:21:38.452+0000][6][safepoint    ] Safepoint "Cleanup", Time since last: 1668314109 ns, Reaching safepoint: 762856 ns, At safepoint: 38062 ns, Total: 800918 ns
[2020-08-12T17:21:39.452+0000][6][safepoint    ] Safepoint "Cleanup", Time since last: 1000286937 ns, Reaching safepoint: 546232 ns, At safepoint: 27900 ns, Total: 574132 ns
[2020-08-12T17:21:40.789+0000][6][safepoint    ] Safepoint "Cleanup", Time since last: 1336109183 ns, Reaching safepoint: 953191 ns, At safepoint: 44487 ns, Total: 997678 ns
[2020-08-12T17:21:41.791+0000][6][safepoint    ] Safepoint "Cleanup", Time since last: 1000339337 ns, Reaching safepoint: 865142 ns, At safepoint: 44600 ns, Total: 909742 ns
[2020-08-12T17:21:42.791+0000][6][safepoint    ] Safepoint "Cleanup", Time since last: 1000335236 ns, Reaching safepoint: 364347 ns, At safepoint: 18062 ns, Total: 382409 ns
[2020-08-12T17:21:43.792+0000][6][safepoint    ] Safepoint "Cleanup", Time since last: 1000251462 ns, Reaching safepoint: 631657 ns, At safepoint: 44850 ns, Total: 676507 ns
[2020-08-12T17:21:44.793+0000][6][safepoint    ] Safepoint "Cleanup", Time since last: 1000354673 ns, Reaching safepoint: 602170 ns, At safepoint: 56375 ns, Total: 658545 ns
[2020-08-12T17:21:46.039+0000][6][safepoint    ] Safepoint "Cleanup", Time since last: 1244690132 ns, Reaching safepoint: 649057 ns, At safepoint: 53987 ns, Total: 703044 ns
[2020-08-12T17:21:47.040+0000][6][safepoint    ] Safepoint "Cleanup", Time since last: 1000387611 ns, Reaching safepoint: 1085265 ns, At safepoint: 54637 ns, Total: 1139902 ns
[2020-08-12T17:21:48.431+0000][6][safepoint    ] Safepoint "Cleanup", Time since last: 1389631034 ns, Reaching safepoint: 802256 ns, At safepoint: 44250 ns, Total: 846506 ns
[2020-08-12T17:21:49.432+0000][6][safepoint    ] Safepoint "Cleanup", Time since last: 1000392485 ns, Reaching safepoint: 807243 ns, At safepoint: 45012 ns, Total: 852255 ns
[2020-08-12T17:21:50.433+0000][6][safepoint    ] Safepoint "Cleanup", Time since last: 1000355024 ns, Reaching safepoint: 786556 ns, At safepoint: 46612 ns, Total: 833168 ns
[2020-08-12T17:21:51.434+0000][6][safepoint    ] Safepoint "Cleanup", Time since last: 1000353261 ns, Reaching safepoint: 712019 ns, At safepoint: 46874 ns, Total: 758893 ns
[2020-08-12T17:21:52.435+0000][6][safepoint    ] Safepoint "Cleanup", Time since last: 1000334749 ns, Reaching safepoint: 506796 ns, At safepoint: 44624 ns, Total: 551420 ns
[2020-08-12T17:21:53.436+0000][6][safepoint    ] Safepoint "Cleanup", Time since last: 1000346362 ns, Reaching safepoint: 874767 ns, At safepoint: 44912 ns, Total: 919679 ns
[2020-08-12T17:21:54.438+0000][6][safepoint    ] Safepoint "Cleanup", Time since last: 1000444747 ns, Reaching safepoint: 867231 ns, At safepoint: 43787 ns, Total: 911018 ns
[2020-08-12T17:21:55.793+0000][6][safepoint    ] Safepoint "Cleanup", Time since last: 1354606948 ns, Reaching safepoint: 755056 ns, At safepoint: 46325 ns, Total: 801381 ns
[2020-08-12T17:21:56.794+0000][6][safepoint    ] Safepoint "Cleanup", Time since last: 1000350324 ns, Reaching safepoint: 702856 ns, At safepoint: 46350 ns, Total: 749206 ns
[2020-08-12T17:21:58.482+0000][6][safepoint    ] Safepoint "Cleanup", Time since last: 1686604814 ns, Reaching safepoint: 1269714 ns, At safepoint: 62362 ns, Total: 1332076 ns
[2020-08-12T17:21:59.784+0000][6][safepoint    ] Safepoint "Cleanup", Time since last: 1301392131 ns, Reaching safepoint: 563258 ns, At safepoint: 13625 ns, Total: 576883 ns
[2020-08-12T17:22:00.786+0000][6][safepoint    ] Safepoint "Cleanup", Time since last: 1000473560 ns, Reaching safepoint: 870680 ns, At safepoint: 37987 ns, Total: 908667 ns
[2020-08-12T17:22:01.787+0000][6][safepoint    ] Safepoint "Cleanup", Time since last: 1000305774 ns, Reaching safepoint: 802556 ns, At safepoint: 43937 ns, Total: 846493 ns
[2020-08-12T17:22:02.788+0000][6][safepoint    ] Safepoint "Cleanup", Time since last: 1000454910 ns, Reaching safepoint: 854180 ns, At safepoint: 68412 ns, Total: 922592 ns
[2020-08-12T17:22:03.789+0000][6][safepoint    ] Safepoint "Cleanup", Time since last: 1000344236 ns, Reaching safepoint: 652532 ns, At safepoint: 48012 ns, Total: 700544 ns
[2020-08-12T17:22:04.790+0000][6][safepoint    ] Safepoint "Cleanup", Time since last: 1000336899 ns, Reaching safepoint: 709844 ns, At safepoint: 55237 ns, Total: 765081 ns
[2020-08-12T17:22:05.952+0000][6][safepoint    ] Safepoint "Cleanup", Time since last: 1161034977 ns, Reaching safepoint: 963179 ns, At safepoint: 44675 ns, Total: 1007854 ns
[2020-08-12T17:22:06.953+0000][6][safepoint    ] Safepoint "Cleanup", Time since last: 1000340799 ns, Reaching safepoint: 670919 ns, At safepoint: 44437 ns, Total: 715356 ns
[2020-08-12T17:22:08.374+0000][6][safepoint    ] Safepoint "Cleanup", Time since last: 1419866561 ns, Reaching safepoint: 636270 ns, At safepoint: 56637 ns, Total: 692907 ns
[2020-08-12T17:22:09.375+0000][6][safepoint    ] Safepoint "Cleanup", Time since last: 1000349523 ns, Reaching safepoint: 456834 ns, At safepoint: 45750 ns, Total: 502584 ns
[2020-08-12T17:22:10.376+0000][6][safepoint    ] Safepoint "Cleanup", Time since last: 1000408473 ns, Reaching safepoint: 553557 ns, At safepoint: 43963 ns, Total: 597520 ns
[2020-08-12T17:22:11.377+0000][6][safepoint    ] Safepoint "Cleanup", Time since last: 1000396135 ns, Reaching safepoint: 856530 ns, At safepoint: 44100 ns, Total: 900630 ns
[2020-08-12T17:22:12.378+0000][6][safepoint    ] Safepoint "Cleanup", Time since last: 1000341224 ns, Reaching safepoint: 669894 ns, At safepoint: 44925 ns, Total: 714819 ns
[2020-08-12T17:22:13.379+0000][6][safepoint    ] Safepoint "Cleanup", Time since last: 1000329498 ns, Reaching safepoint: 728394 ns, At safepoint: 46487 ns, Total: 774881 ns
[2020-08-12T17:22:14.380+0000][6][safepoint    ] Safepoint "Cleanup", Time since last: 1000341574 ns, Reaching safepoint: 636057 ns, At safepoint: 44075 ns, Total: 680132 ns
[2020-08-12T17:22:14.787+0000][6][safepoint    ] Safepoint "BulkRevokeBias", Time since last: 404326268 ns, Reaching safepoint: 599682 ns, At safepoint: 1418701 ns, Total: 2018383 ns
[2020-08-12T17:22:15.790+0000][6][safepoint    ] Safepoint "Cleanup", Time since last: 1002108958 ns, Reaching safepoint: 799005 ns, At safepoint: 44375 ns, Total: 843380 ns
[2020-08-12T17:22:16.791+0000][6][safepoint    ] Safepoint "Cleanup", Time since last: 1000349536 ns, Reaching safepoint: 774094 ns, At safepoint: 44112 ns, Total: 818206 ns
[2020-08-12T17:22:18.469+0000][6][safepoint    ] Safepoint "Cleanup", Time since last: 1677730328 ns, Reaching safepoint: 762306 ns, At safepoint: 55912 ns, Total: 818218 ns
[2020-08-12T17:22:19.470+0000][6][safepoint    ] Safepoint "Cleanup", Time since last: 1000388136 ns, Reaching safepoint: 615557 ns, At safepoint: 51474 ns, Total: 667031 ns
[2020-08-12T17:22:20.807+0000][6][safepoint    ] Safepoint "Cleanup", Time since last: 1335539188 ns, Reaching safepoint: 804056 ns, At safepoint: 44274 ns, Total: 848330 ns
[2020-08-12T17:22:21.808+0000][6][safepoint    ] Safepoint "Cleanup", Time since last: 1000451323 ns, Reaching safepoint: 915355 ns, At safepoint: 45774 ns, Total: 961129 ns
[2020-08-12T17:22:22.809+0000][6][safepoint    ] Safepoint "Cleanup", Time since last: 1000346586 ns, Reaching safepoint: 534971 ns, At safepoint: 45049 ns, Total: 580020 ns
[2020-08-12T17:22:23.811+0000][6][safepoint    ] Safepoint "Cleanup", Time since last: 1000368236 ns, Reaching safepoint: 972979 ns, At safepoint: 44250 ns, Total: 1017229 ns
[2020-08-12T17:22:24.812+0000][6][safepoint    ] Safepoint "Cleanup", Time since last: 1000343186 ns, Reaching safepoint: 1238239 ns, At safepoint: 66062 ns, Total: 1304301 ns
[2020-08-12T17:22:25.898+0000][6][safepoint    ] Safepoint "Cleanup", Time since last: 1084817384 ns, Reaching safepoint: 814518 ns, At safepoint: 43975 ns, Total: 858493 ns
[2020-08-12T17:22:26.899+0000][6][safepoint    ] Safepoint "Cleanup", Time since last: 1000407498 ns, Reaching safepoint: 840168 ns, At safepoint: 44987 ns, Total: 885155 ns
[2020-08-12T17:22:27.421+0000][6][safepoint    ] Safepoint "BulkRevokeBias", Time since last: 488678054 ns, Reaching safepoint: 782756 ns, At safepoint: 32881854 ns, Total: 33664610 ns
[2020-08-12T17:22:28.489+0000][6][safepoint    ] Safepoint "Cleanup", Time since last: 1066630841 ns, Reaching safepoint: 808843 ns, At safepoint: 47087 ns, Total: 855930 ns
[2020-08-12T17:22:29.881+0000][6][safepoint    ] Safepoint "Cleanup", Time since last: 1390648563 ns, Reaching safepoint: 1695735 ns, At safepoint: 38175 ns, Total: 1733910 ns
[2020-08-12T17:22:30.882+0000][6][safepoint    ] Safepoint "Cleanup", Time since last: 1000275699 ns, Reaching safepoint: 696069 ns, At safepoint: 46562 ns, Total: 742631 ns
[2020-08-12T17:22:31.883+0000][6][safepoint    ] Safepoint "Cleanup", Time since last: 1000344174 ns, Reaching safepoint: 641082 ns, At safepoint: 54549 ns, Total: 695631 ns
[2020-08-12T17:22:32.884+0000][6][safepoint    ] Safepoint "Cleanup", Time since last: 1000344974 ns, Reaching safepoint: 639182 ns, At safepoint: 52874 ns, Total: 692056 ns
[2020-08-12T17:22:33.886+0000][6][safepoint    ] Safepoint "Cleanup", Time since last: 1000385036 ns, Reaching safepoint: 699519 ns, At safepoint: 52987 ns, Total: 752506 ns
[2020-08-12T17:22:35.792+0000][6][safepoint    ] Safepoint "Cleanup", Time since last: 1906015900 ns, Reaching safepoint: 802568 ns, At safepoint: 47112 ns, Total: 849680 ns
[2020-08-12T17:22:36.794+0000][6][safepoint    ] Safepoint "Cleanup", Time since last: 1000347987 ns, Reaching safepoint: 842642 ns, At safepoint: 44162 ns, Total: 886804 ns
[2020-08-12T17:22:38.459+0000][6][safepoint    ] Safepoint "Cleanup", Time since last: 1665067200 ns, Reaching safepoint: 643482 ns, At safepoint: 44800 ns, Total: 688282 ns
[2020-08-12T17:22:39.461+0000][6][safepoint    ] Safepoint "Cleanup", Time since last: 1000347098 ns, Reaching safepoint: 683820 ns, At safepoint: 54362 ns, Total: 738182 ns
[2020-08-12T17:22:40.793+0000][6][safepoint    ] Safepoint "Cleanup", Time since last: 1331995655 ns, Reaching safepoint: 877080 ns, At safepoint: 44175 ns, Total: 921255 ns
[2020-08-12T17:22:41.795+0000][6][safepoint    ] Safepoint "Cleanup", Time since last: 1000341686 ns, Reaching safepoint: 832355 ns, At safepoint: 44125 ns, Total: 876480 ns
[2020-08-12T17:22:42.796+0000][6][safepoint    ] Safepoint "Cleanup", Time since last: 1000345636 ns, Reaching safepoint: 741931 ns, At safepoint: 43837 ns, Total: 785768 ns
[2020-08-12T17:22:43.797+0000][6][safepoint    ] Safepoint "Cleanup", Time since last: 1000400123 ns, Reaching safepoint: 620207 ns, At safepoint: 53450 ns, Total: 673657 ns
[2020-08-12T17:22:44.798+0000][6][safepoint    ] Safepoint "Cleanup", Time since last: 1000398086 ns, Reaching safepoint: 1148815 ns, At safepoint: 69124 ns, Total: 1217939 ns
[2020-08-12T17:22:45.800+0000][6][safepoint    ] Safepoint "Cleanup", Time since last: 1000382673 ns, Reaching safepoint: 842281 ns, At safepoint: 45224 ns, Total: 887505 ns
[2020-08-12T17:22:46.801+0000][6][safepoint    ] Safepoint "Cleanup", Time since last: 1000381936 ns, Reaching safepoint: 854718 ns, At safepoint: 44674 ns, Total: 899392 ns
[2020-08-12T17:22:48.437+0000][6][safepoint    ] Safepoint "Cleanup", Time since last: 1634704062 ns, Reaching safepoint: 866630 ns, At safepoint: 44162 ns, Total: 910792 ns
[2020-08-12T17:22:49.438+0000][6][safepoint    ] Safepoint "Cleanup", Time since last: 1000345099 ns, Reaching safepoint: 776218 ns, At safepoint: 43712 ns, Total: 819930 ns
[2020-08-12T17:22:50.439+0000][6][safepoint    ] Safepoint "Cleanup", Time since last: 1000414361 ns, Reaching safepoint: 810730 ns, At safepoint: 50725 ns, Total: 861455 ns
[2020-08-12T17:22:51.440+0000][6][safepoint    ] Safepoint "Cleanup", Time since last: 1000298299 ns, Reaching safepoint: 637182 ns, At safepoint: 45012 ns, Total: 682194 ns
[2020-08-12T17:22:52.441+0000][6][safepoint    ] Safepoint "Cleanup", Time since last: 1000347561 ns, Reaching safepoint: 322522 ns, At safepoint: 15900 ns, Total: 338422 ns
[2020-08-12T17:22:53.442+0000][6][safepoint    ] Safepoint "Cleanup", Time since last: 1000239486 ns, Reaching safepoint: 601732 ns, At safepoint: 53262 ns, Total: 654994 ns
[2020-08-12T17:22:54.443+0000][6][safepoint    ] Safepoint "Cleanup", Time since last: 1000375032 ns, Reaching safepoint: 658670 ns, At safepoint: 47437 ns, Total: 706107 ns
[2020-08-12T17:22:55.444+0000][6][safepoint    ] Safepoint "Cleanup", Time since last: 1000377732 ns, Reaching safepoint: 534983 ns, At safepoint: 45012 ns, Total: 579995 ns
[2020-08-12T17:22:56.445+0000][6][safepoint    ] Safepoint "Cleanup", Time since last: 1000405132 ns, Reaching safepoint: 461296 ns, At safepoint: 45237 ns, Total: 506533 ns
[2020-08-12T17:22:57.525+0000][6][safepoint    ] Safepoint "Cleanup", Time since last: 1079933633 ns, Reaching safepoint: 386222 ns, At safepoint: 15737 ns, Total: 401959 ns
[2020-08-12T17:22:58.526+0000][6][safepoint    ] Safepoint "Cleanup", Time since last: 1000312458 ns, Reaching safepoint: 591708 ns, At safepoint: 160161 ns, Total: 751869 ns
[2020-08-12T17:22:59.967+0000][6][safepoint    ] Safepoint "Cleanup", Time since last: 1440151675 ns, Reaching safepoint: 470371 ns, At safepoint: 44375 ns, Total: 514746 ns
[2020-08-12T17:23:00.968+0000][6][safepoint    ] Safepoint "Cleanup", Time since last: 1001035251 ns, Reaching safepoint: 658320 ns, At safepoint: 44537 ns, Total: 702857 ns
[2020-08-12T17:23:01.970+0000][6][safepoint    ] Safepoint "Cleanup", Time since last: 1000346007 ns, Reaching safepoint: 836068 ns, At safepoint: 44200 ns, Total: 880268 ns
[2020-08-12T17:23:02.971+0000][6][safepoint    ] Safepoint "Cleanup", Time since last: 1000326882 ns, Reaching safepoint: 631732 ns, At safepoint: 34050 ns, Total: 665782 ns
[2020-08-12T17:23:03.972+0000][6][safepoint    ] Safepoint "Cleanup", Time since last: 1000356095 ns, Reaching safepoint: 604282 ns, At safepoint: 33925 ns, Total: 638207 ns
[2020-08-12T17:23:04.972+0000][6][safepoint    ] Safepoint "Cleanup", Time since last: 1000236621 ns, Reaching safepoint: 353322 ns, At safepoint: 15162 ns, Total: 368484 ns
[2020-08-12T17:23:05.973+0000][6][safepoint    ] Safepoint "Cleanup", Time since last: 1000240946 ns, Reaching safepoint: 953417 ns, At safepoint: 69587 ns, Total: 1023004 ns
[2020-08-12T17:23:06.975+0000][6][safepoint    ] Safepoint "Cleanup", Time since last: 1000347857 ns, Reaching safepoint: 875280 ns, At safepoint: 44500 ns, Total: 919780 ns
[2020-08-12T17:23:08.506+0000][6][safepoint    ] Safepoint "Cleanup", Time since last: 1530767393 ns, Reaching safepoint: 760919 ns, At safepoint: 56937 ns, Total: 817856 ns
[2020-08-12T17:23:09.507+0000][6][safepoint    ] Safepoint "Cleanup", Time since last: 1000374120 ns, Reaching safepoint: 744918 ns, At safepoint: 56537 ns, Total: 801455 ns
[2020-08-12T17:23:10.509+0000][6][safepoint    ] Safepoint "Cleanup", Time since last: 1000458169 ns, Reaching safepoint: 485434 ns, At safepoint: 76074 ns, Total: 561508 ns
[2020-08-12T17:23:11.510+0000][6][safepoint    ] Safepoint "Cleanup", Time since last: 1000339857 ns, Reaching safepoint: 702657 ns, At safepoint: 59124 ns, Total: 761781 ns
[2020-08-12T17:23:12.511+0000][6][safepoint    ] Safepoint "Cleanup", Time since last: 1000469032 ns, Reaching safepoint: 473321 ns, At safepoint: 56499 ns, Total: 529820 ns
[2020-08-12T17:23:13.512+0000][6][safepoint    ] Safepoint "Cleanup", Time since last: 1000338083 ns, Reaching safepoint: 801480 ns, At safepoint: 48337 ns, Total: 849817 ns
[2020-08-12T17:23:14.513+0000][6][safepoint    ] Safepoint "Cleanup", Time since last: 1000348208 ns, Reaching safepoint: 493233 ns, At safepoint: 57325 ns, Total: 550558 ns
[2020-08-12T17:23:15.514+0000][6][safepoint    ] Safepoint "Cleanup", Time since last: 1000389394 ns, Reaching safepoint: 886780 ns, At safepoint: 54250 ns, Total: 941030 ns
[2020-08-12T17:23:16.515+0000][6][safepoint    ] Safepoint "Cleanup", Time since last: 1000261858 ns, Reaching safepoint: 671706 ns, At safepoint: 47825 ns, Total: 719531 ns
[2020-08-12T17:23:18.433+0000][6][safepoint    ] Safepoint "Cleanup", Time since last: 1917351422 ns, Reaching safepoint: 707831 ns, At safepoint: 45012 ns, Total: 752843 ns
[2020-08-12T17:23:19.434+0000][6][safepoint    ] Safepoint "Cleanup", Time since last: 1000302558 ns, Reaching safepoint: 436759 ns, At safepoint: 102374 ns, Total: 539133 ns
[2020-08-12T17:23:20.435+0000][6][safepoint    ] Safepoint "Cleanup", Time since last: 1000377357 ns, Reaching safepoint: 463258 ns, At safepoint: 44175 ns, Total: 507433 ns
[2020-08-12T17:23:21.436+0000][6][safepoint    ] Safepoint "Cleanup", Time since last: 1000399819 ns, Reaching safepoint: 820693 ns, At safepoint: 46687 ns, Total: 867380 ns
[2020-08-12T17:23:22.437+0000][6][safepoint    ] Safepoint "Cleanup", Time since last: 1000353045 ns, Reaching safepoint: 470346 ns, At safepoint: 46850 ns, Total: 517196 ns
[2020-08-12T17:23:23.438+0000][6][safepoint    ] Safepoint "Cleanup", Time since last: 1000347032 ns, Reaching safepoint: 644132 ns, At safepoint: 53175 ns, Total: 697307 ns
[2020-08-12T17:23:24.439+0000][6][safepoint    ] Safepoint "Cleanup", Time since last: 1000316770 ns, Reaching safepoint: 675194 ns, At safepoint: 30175 ns, Total: 705369 ns
[2020-08-12T17:23:25.440+0000][6][safepoint    ] Safepoint "Cleanup", Time since last: 1000292945 ns, Reaching safepoint: 837755 ns, At safepoint: 43975 ns, Total: 881730 ns
[2020-08-12T17:23:26.441+0000][6][safepoint    ] Safepoint "Cleanup", Time since last: 1000349433 ns, Reaching safepoint: 854167 ns, At safepoint: 70100 ns, Total: 924267 ns
[2020-08-12T17:23:27.505+0000][6][safepoint    ] Safepoint "Cleanup", Time since last: 1062680907 ns, Reaching safepoint: 359822 ns, At safepoint: 11612 ns, Total: 371434 ns
[2020-08-12T17:23:28.532+0000][6][safepoint    ] Safepoint "Cleanup", Time since last: 1026486394 ns, Reaching safepoint: 803518 ns, At safepoint: 89950 ns, Total: 893468 ns
[2020-08-12T17:23:30.058+0000][6][safepoint    ] Safepoint "Cleanup", Time since last: 1525551176 ns, Reaching safepoint: 365185 ns, At safepoint: 46412 ns, Total: 411597 ns
[2020-08-12T17:23:31.059+0000][6][safepoint    ] Safepoint "Cleanup", Time since last: 1000242795 ns, Reaching safepoint: 859743 ns, At safepoint: 45187 ns, Total: 904930 ns
[2020-08-12T17:23:32.060+0000][6][safepoint    ] Safepoint "Cleanup", Time since last: 1000381407 ns, Reaching safepoint: 680082 ns, At safepoint: 74799 ns, Total: 754881 ns
[2020-08-12T17:23:33.061+0000][6][safepoint    ] Safepoint "Cleanup", Time since last: 1000340033 ns, Reaching safepoint: 515133 ns, At safepoint: 38825 ns, Total: 553958 ns
[2020-08-12T17:23:34.062+0000][6][safepoint    ] Safepoint "Cleanup", Time since last: 1000314982 ns, Reaching safepoint: 433347 ns, At safepoint: 91186 ns, Total: 524533 ns
[2020-08-12T17:23:35.063+0000][6][safepoint    ] Safepoint "Cleanup", Time since last: 1000306496 ns, Reaching safepoint: 565945 ns, At safepoint: 23587 ns, Total: 589532 ns
[2020-08-12T17:23:36.064+0000][6][safepoint    ] Safepoint "Cleanup", Time since last: 1000438144 ns, Reaching safepoint: 1110853 ns, At safepoint: 45675 ns, Total: 1156528 ns
[2020-08-12T17:23:37.066+0000][6][safepoint    ] Safepoint "Cleanup", Time since last: 1000445256 ns, Reaching safepoint: 953142 ns, At safepoint: 107162 ns, Total: 1060304 ns
[2020-08-12T17:23:38.525+0000][6][safepoint    ] Safepoint "Cleanup", Time since last: 1457830348 ns, Reaching safepoint: 954017 ns, At safepoint: 43849 ns, Total: 997866 ns
[2020-08-12T17:23:39.526+0000][6][safepoint    ] Safepoint "Cleanup", Time since last: 1000384157 ns, Reaching safepoint: 873268 ns, At safepoint: 64937 ns, Total: 938205 ns
[2020-08-12T17:23:40.527+0000][6][safepoint    ] Safepoint "Cleanup", Time since last: 1000401982 ns, Reaching safepoint: 798768 ns, At safepoint: 31724 ns, Total: 830492 ns
[2020-08-12T17:23:41.528+0000][6][safepoint    ] Safepoint "Cleanup", Time since last: 1000324945 ns, Reaching safepoint: 627533 ns, At safepoint: 56237 ns, Total: 683770 ns
[2020-08-12T17:23:42.529+0000][6][safepoint    ] Safepoint "Cleanup", Time since last: 1000337920 ns, Reaching safepoint: 440646 ns, At safepoint: 44074 ns, Total: 484720 ns
[2020-08-12T17:23:43.530+0000][6][safepoint    ] Safepoint "Cleanup", Time since last: 1000324558 ns, Reaching safepoint: 832818 ns, At safepoint: 49025 ns, Total: 881843 ns
[2020-08-12T17:23:44.531+0000][6][safepoint    ] Safepoint "Cleanup", Time since last: 1000325395 ns, Reaching safepoint: 638782 ns, At safepoint: 46699 ns, Total: 685481 ns
[2020-08-12T17:23:45.532+0000][6][safepoint    ] Safepoint "Cleanup", Time since last: 1000327658 ns, Reaching safepoint: 662657 ns, At safepoint: 30524 ns, Total: 693181 ns
[2020-08-12T17:23:46.533+0000][6][safepoint    ] Safepoint "Cleanup", Time since last: 1000283733 ns, Reaching safepoint: 777269 ns, At safepoint: 38187 ns, Total: 815456 ns
[2020-08-12T17:23:48.488+0000][6][safepoint    ] Safepoint "Cleanup", Time since last: 1953262787 ns, Reaching safepoint: 1071990 ns, At safepoint: 55425 ns, Total: 1127415 ns
[2020-08-12T17:23:49.489+0000][6][safepoint    ] Safepoint "Cleanup", Time since last: 1000384707 ns, Reaching safepoint: 853867 ns, At safepoint: 71175 ns, Total: 925042 ns
[2020-08-12T17:23:50.490+0000][6][safepoint    ] Safepoint "Cleanup", Time since last: 1000352482 ns, Reaching safepoint: 752781 ns, At safepoint: 44787 ns, Total: 797568 ns
[2020-08-12T17:23:51.491+0000][6][safepoint    ] Safepoint "Cleanup", Time since last: 1000318120 ns, Reaching safepoint: 442072 ns, At safepoint: 29649 ns, Total: 471721 ns
[2020-08-12T17:23:52.492+0000][6][safepoint    ] Safepoint "Cleanup", Time since last: 1000224796 ns, Reaching safepoint: 331685 ns, At safepoint: 17087 ns, Total: 348772 ns
[2020-08-12T17:23:53.493+0000][6][safepoint    ] Safepoint "Cleanup", Time since last: 1000277084 ns, Reaching safepoint: 591257 ns, At safepoint: 44150 ns, Total: 635407 ns
[2020-08-12T17:23:54.494+0000][6][safepoint    ] Safepoint "Cleanup", Time since last: 1000349519 ns, Reaching safepoint: 576495 ns, At safepoint: 43950 ns, Total: 620445 ns
[2020-08-12T17:23:55.495+0000][6][safepoint    ] Safepoint "Cleanup", Time since last: 1000373182 ns, Reaching safepoint: 775644 ns, At safepoint: 38312 ns, Total: 813956 ns
[2020-08-12T17:23:56.497+0000][6][safepoint    ] Safepoint "Cleanup", Time since last: 1000631605 ns, Reaching safepoint: 1086953 ns, At safepoint: 44162 ns, Total: 1131115 ns
[2020-08-12T17:23:58.392+0000][6][safepoint    ] Safepoint "Cleanup", Time since last: 1895507297 ns, Reaching safepoint: 420747 ns, At safepoint: 20699 ns, Total: 441446 ns
[2020-08-12T17:23:59.962+0000][6][safepoint    ] Safepoint "Cleanup", Time since last: 1568942690 ns, Reaching safepoint: 551908 ns, At safepoint: 16112 ns, Total: 568020 ns
[2020-08-12T17:24:00.963+0000][6][safepoint    ] Safepoint "Cleanup", Time since last: 1000225159 ns, Reaching safepoint: 859342 ns, At safepoint: 45225 ns, Total: 904567 ns
[2020-08-12T17:24:01.964+0000][6][safepoint    ] Safepoint "Cleanup", Time since last: 1000389870 ns, Reaching safepoint: 702631 ns, At safepoint: 51249 ns, Total: 753880 ns
[2020-08-12T17:24:02.965+0000][6][safepoint    ] Safepoint "Cleanup", Time since last: 1000334745 ns, Reaching safepoint: 620620 ns, At safepoint: 46362 ns, Total: 666982 ns
[2020-08-12T17:24:03.966+0000][6][safepoint    ] Safepoint "Cleanup", Time since last: 1000318095 ns, Reaching safepoint: 751681 ns, At safepoint: 44675 ns, Total: 796356 ns
[2020-08-12T17:24:04.967+0000][6][safepoint    ] Safepoint "Cleanup", Time since last: 1000319095 ns, Reaching safepoint: 607733 ns, At safepoint: 30162 ns, Total: 637895 ns
[2020-08-12T17:24:05.968+0000][6][safepoint    ] Safepoint "Cleanup", Time since last: 1000277970 ns, Reaching safepoint: 746619 ns, At safepoint: 46737 ns, Total: 793356 ns
[2020-08-12T17:24:06.969+0000][6][safepoint    ] Safepoint "Cleanup", Time since last: 1000346232 ns, Reaching safepoint: 662345 ns, At safepoint: 44074 ns, Total: 706419 ns
[2020-08-12T17:24:08.510+0000][6][safepoint    ] Safepoint "Cleanup", Time since last: 1539599106 ns, Reaching safepoint: 594169 ns, At safepoint: 47563 ns, Total: 641732 ns
[2020-08-12T17:24:09.511+0000][6][safepoint    ] Safepoint "Cleanup", Time since last: 1000387057 ns, Reaching safepoint: 781143 ns, At safepoint: 102074 ns, Total: 883217 ns
[2020-08-12T17:24:10.512+0000][6][safepoint    ] Safepoint "Cleanup", Time since last: 1000345682 ns, Reaching safepoint: 809381 ns, At safepoint: 45924 ns, Total: 855305 ns
[2020-08-12T17:24:11.513+0000][6][safepoint    ] Safepoint "Cleanup", Time since last: 1000342971 ns, Reaching safepoint: 661031 ns, At safepoint: 46613 ns, Total: 707644 ns
[2020-08-12T17:24:12.514+0000][6][safepoint    ] Safepoint "Cleanup", Time since last: 1000385306 ns, Reaching safepoint: 251298 ns, At safepoint: 11438 ns, Total: 262736 ns
[2020-08-12T17:24:13.515+0000][6][safepoint    ] Safepoint "Cleanup", Time since last: 1000258383 ns, Reaching safepoint: 888555 ns, At safepoint: 67237 ns, Total: 955792 ns
[2020-08-12T17:24:14.516+0000][6][safepoint    ] Safepoint "Cleanup", Time since last: 1000350982 ns, Reaching safepoint: 540046 ns, At safepoint: 46074 ns, Total: 586120 ns
[2020-08-12T17:24:15.517+0000][6][safepoint    ] Safepoint "Cleanup", Time since last: 1000338058 ns, Reaching safepoint: 887767 ns, At safepoint: 44175 ns, Total: 931942 ns
[2020-08-12T17:24:16.519+0000][6][safepoint    ] Safepoint "Cleanup", Time since last: 1000342007 ns, Reaching safepoint: 855843 ns, At safepoint: 43812 ns, Total: 899655 ns
[2020-08-12T17:24:18.458+0000][6][safepoint    ] Safepoint "Cleanup", Time since last: 1938880160 ns, Reaching safepoint: 870168 ns, At safepoint: 43937 ns, Total: 914105 ns
[2020-08-12T17:24:19.459+0000][6][safepoint    ] Safepoint "Cleanup", Time since last: 1000346883 ns, Reaching safepoint: 671456 ns, At safepoint: 46262 ns, Total: 717718 ns
[2020-08-12T17:24:20.460+0000][6][safepoint    ] Safepoint "Cleanup", Time since last: 1000337183 ns, Reaching safepoint: 646857 ns, At safepoint: 44449 ns, Total: 691306 ns
[2020-08-12T17:24:21.462+0000][6][safepoint    ] Safepoint "Cleanup", Time since last: 1000348520 ns, Reaching safepoint: 854918 ns, At safepoint: 44462 ns, Total: 899380 ns
[2020-08-12T17:24:22.462+0000][6][safepoint    ] Safepoint "Cleanup", Time since last: 1000240996 ns, Reaching safepoint: 361034 ns, At safepoint: 12413 ns, Total: 373447 ns
[2020-08-12T17:24:23.463+0000][6][safepoint    ] Safepoint "Cleanup", Time since last: 1000231046 ns, Reaching safepoint: 758206 ns, At safepoint: 44962 ns, Total: 803168 ns
[2020-08-12T17:24:24.464+0000][6][safepoint    ] Safepoint "Cleanup", Time since last: 1000333182 ns, Reaching safepoint: 658620 ns, At safepoint: 55337 ns, Total: 713957 ns
[2020-08-12T17:24:25.466+0000][6][safepoint    ] Safepoint "Cleanup", Time since last: 1000351382 ns, Reaching safepoint: 805918 ns, At safepoint: 47312 ns, Total: 853230 ns
[2020-08-12T17:24:26.467+0000][6][safepoint    ] Safepoint "Cleanup", Time since last: 1000457044 ns, Reaching safepoint: 747381 ns, At safepoint: 44237 ns, Total: 791618 ns
[2020-08-12T17:24:28.467+0000][6][safepoint    ] Safepoint "Cleanup", Time since last: 1999161166 ns, Reaching safepoint: 794606 ns, At safepoint: 43999 ns, Total: 838605 ns
[2020-08-12T17:24:29.911+0000][6][safepoint    ] Safepoint "Cleanup", Time since last: 1443452722 ns, Reaching safepoint: 1058954 ns, At safepoint: 64862 ns, Total: 1123816 ns
[2020-08-12T17:24:30.912+0000][6][safepoint    ] Safepoint "Cleanup", Time since last: 1000349895 ns, Reaching safepoint: 659156 ns, At safepoint: 52062 ns, Total: 711218 ns
[2020-08-12T17:24:31.913+0000][6][safepoint    ] Safepoint "Cleanup", Time since last: 1000349995 ns, Reaching safepoint: 630595 ns, At safepoint: 44487 ns, Total: 675082 ns
[2020-08-12T17:24:32.915+0000][6][safepoint    ] Safepoint "Cleanup", Time since last: 1000347257 ns, Reaching safepoint: 865468 ns, At safepoint: 44387 ns, Total: 909855 ns
[2020-08-12T17:24:33.916+0000][6][safepoint    ] Safepoint "Cleanup", Time since last: 1000391995 ns, Reaching safepoint: 1259039 ns, At safepoint: 76474 ns, Total: 1335513 ns
[2020-08-12T17:24:34.918+0000][6][safepoint    ] Safepoint "Cleanup", Time since last: 1000576356 ns, Reaching safepoint: 594532 ns, At safepoint: 28837 ns, Total: 623369 ns
[2020-08-12T17:24:35.919+0000][6][safepoint    ] Safepoint "Cleanup", Time since last: 1000292583 ns, Reaching safepoint: 778418 ns, At safepoint: 43650 ns, Total: 822068 ns
[2020-08-12T17:24:36.920+0000][6][safepoint    ] Safepoint "Cleanup", Time since last: 1000393732 ns, Reaching safepoint: 834143 ns, At safepoint: 44962 ns, Total: 879105 ns
[2020-08-12T17:24:38.554+0000][6][safepoint    ] Safepoint "Cleanup", Time since last: 1633541583 ns, Reaching safepoint: 732531 ns, At safepoint: 55449 ns, Total: 787980 ns
[2020-08-12T17:24:39.555+0000][6][safepoint    ] Safepoint "Cleanup", Time since last: 1000346595 ns, Reaching safepoint: 657757 ns, At safepoint: 44487 ns, Total: 702244 ns
[2020-08-12T17:24:40.557+0000][6][safepoint    ] Safepoint "Cleanup", Time since last: 1000345057 ns, Reaching safepoint: 846193 ns, At safepoint: 43549 ns, Total: 889742 ns
[2020-08-12T17:24:41.558+0000][6][safepoint    ] Safepoint "Cleanup", Time since last: 1000342008 ns, Reaching safepoint: 796168 ns, At safepoint: 43975 ns, Total: 840143 ns
[2020-08-12T17:24:42.559+0000][6][safepoint    ] Safepoint "Cleanup", Time since last: 1000404407 ns, Reaching safepoint: 798980 ns, At safepoint: 44575 ns, Total: 843555 ns
[2020-08-12T17:24:43.560+0000][6][safepoint    ] Safepoint "Cleanup", Time since last: 1000345095 ns, Reaching safepoint: 788343 ns, At safepoint: 57587 ns, Total: 845930 ns
[2020-08-12T17:24:44.562+0000][6][safepoint    ] Safepoint "Cleanup", Time since last: 1000285808 ns, Reaching safepoint: 1202502 ns, At safepoint: 76925 ns, Total: 1279427 ns
[2020-08-12T17:24:45.671+0000][6][safepoint    ] Safepoint "Cleanup", Time since last: 1108504236 ns, Reaching safepoint: 720444 ns, At safepoint: 44912 ns, Total: 765356 ns
[2020-08-12T17:24:46.672+0000][6][safepoint    ] Safepoint "Cleanup", Time since last: 1000339308 ns, Reaching safepoint: 694732 ns, At safepoint: 44362 ns, Total: 739094 ns
[2020-08-12T17:24:47.450+0000][6][safepoint    ] Safepoint "BulkRevokeBias", Time since last: 775718920 ns, Reaching safepoint: 482521 ns, At safepoint: 1437100 ns, Total: 1919621 ns
[2020-08-12T17:24:48.451+0000][6][safepoint    ] Safepoint "Cleanup", Time since last: 1000321707 ns, Reaching safepoint: 609183 ns, At safepoint: 45499 ns, Total: 654682 ns
[2020-08-12T17:24:49.452+0000][6][safepoint    ] Safepoint "Cleanup", Time since last: 1000374570 ns, Reaching safepoint: 446396 ns, At safepoint: 29375 ns, Total: 475771 ns
[2020-08-12T17:24:50.453+0000][6][safepoint    ] Safepoint "Cleanup", Time since last: 1000294595 ns, Reaching safepoint: 555546 ns, At safepoint: 44399 ns, Total: 599945 ns
[2020-08-12T17:24:51.454+0000][6][safepoint    ] Safepoint "Cleanup", Time since last: 1000381445 ns, Reaching safepoint: 578832 ns, At safepoint: 44325 ns, Total: 623157 ns
[2020-08-12T17:24:52.455+0000][6][safepoint    ] Safepoint "Cleanup", Time since last: 1000369357 ns, Reaching safepoint: 670944 ns, At safepoint: 68125 ns, Total: 739069 ns
[2020-08-12T17:24:53.456+0000][6][safepoint    ] Safepoint "Cleanup", Time since last: 1000358170 ns, Reaching safepoint: 787343 ns, At safepoint: 43825 ns, Total: 831168 ns
[2020-08-12T17:24:54.457+0000][6][safepoint    ] Safepoint "Cleanup", Time since last: 1000415119 ns, Reaching safepoint: 852755 ns, At safepoint: 70549 ns, Total: 923304 ns
[2020-08-12T17:24:55.458+0000][6][safepoint    ] Safepoint "Cleanup", Time since last: 1000581418 ns, Reaching safepoint: 515521 ns, At safepoint: 55899 ns, Total: 571420 ns
[2020-08-12T17:24:56.459+0000][6][safepoint    ] Safepoint "Cleanup", Time since last: 1000346745 ns, Reaching safepoint: 677369 ns, At safepoint: 44938 ns, Total: 722307 ns
[2020-08-12T17:24:57.516+0000][6][safepoint    ] Safepoint "Cleanup", Time since last: 1056484660 ns, Reaching safepoint: 284248 ns, At safepoint: 17262 ns, Total: 301510 ns
[2020-08-12T17:24:58.520+0000][6][safepoint    ] Safepoint "Cleanup", Time since last: 1003235120 ns, Reaching safepoint: 859643 ns, At safepoint: 55124 ns, Total: 914767 ns
[2020-08-12T17:24:59.965+0000][6][safepoint    ] Safepoint "Cleanup", Time since last: 1443371086 ns, Reaching safepoint: 1361550 ns, At safepoint: 54637 ns, Total: 1416187 ns
[2020-08-12T17:25:00.966+0000][6][safepoint    ] Safepoint "Cleanup", Time since last: 1000346471 ns, Reaching safepoint: 897879 ns, At safepoint: 44237 ns, Total: 942116 ns
[2020-08-12T17:25:01.968+0000][6][safepoint    ] Safepoint "Cleanup", Time since last: 1000347833 ns, Reaching safepoint: 882205 ns, At safepoint: 43499 ns, Total: 925704 ns
[2020-08-12T17:25:02.969+0000][6][safepoint    ] Safepoint "Cleanup", Time since last: 1000388432 ns, Reaching safepoint: 777193 ns, At safepoint: 91512 ns, Total: 868705 ns
[2020-08-12T17:25:03.970+0000][6][safepoint    ] Safepoint "Cleanup", Time since last: 1000343808 ns, Reaching safepoint: 870855 ns, At safepoint: 59287 ns, Total: 930142 ns
[2020-08-12T17:25:04.972+0000][6][safepoint    ] Safepoint "Cleanup", Time since last: 1000275233 ns, Reaching safepoint: 1014941 ns, At safepoint: 70099 ns, Total: 1085040 ns
[2020-08-12T17:25:05.973+0000][6][safepoint    ] Safepoint "Cleanup", Time since last: 1000393157 ns, Reaching safepoint: 777694 ns, At safepoint: 43474 ns, Total: 821168 ns
[2020-08-12T17:25:06.974+0000][6][safepoint    ] Safepoint "Cleanup", Time since last: 1000400845 ns, Reaching safepoint: 810905 ns, At safepoint: 47075 ns, Total: 857980 ns
[2020-08-12T17:25:08.500+0000][6][safepoint    ] Safepoint "Cleanup", Time since last: 1525012256 ns, Reaching safepoint: 592832 ns, At safepoint: 43775 ns, Total: 636607 ns
[2020-08-12T17:25:09.501+0000][6][safepoint    ] Safepoint "Cleanup", Time since last: 1000385332 ns, Reaching safepoint: 608645 ns, At safepoint: 53099 ns, Total: 661744 ns
[2020-08-12T17:25:10.502+0000][6][safepoint    ] Safepoint "Cleanup", Time since last: 1000358358 ns, Reaching safepoint: 464146 ns, At safepoint: 23387 ns, Total: 487533 ns
[2020-08-12T17:25:11.503+0000][6][safepoint    ] Safepoint "Cleanup", Time since last: 1000264071 ns, Reaching safepoint: 898217 ns, At safepoint: 43125 ns, Total: 941342 ns
[2020-08-12T17:25:12.196+0000][6][gc,start     ] GC(49) Pause Young (Normal) (G1 Evacuation Pause)
[2020-08-12T17:25:12.197+0000][6][gc,task      ] GC(49) Using 2 workers of 2 for evacuation
[2020-08-12T17:25:12.197+0000][6][gc,age       ] GC(49) Desired survivor size 40370176 bytes, new threshold 15 (max threshold 15)
[2020-08-12T17:25:12.234+0000][6][gc,age       ] GC(49) Age table with threshold 15 (max threshold 15)
[2020-08-12T17:25:12.234+0000][6][gc,age       ] GC(49) - age   1:    1135616 bytes,    1135616 total
[2020-08-12T17:25:12.234+0000][6][gc,age       ] GC(49) - age   2:     152648 bytes,    1288264 total
[2020-08-12T17:25:12.234+0000][6][gc,age       ] GC(49) - age   3:     168088 bytes,    1456352 total
[2020-08-12T17:25:12.234+0000][6][gc,age       ] GC(49) - age   4:      61176 bytes,    1517528 total
[2020-08-12T17:25:12.234+0000][6][gc,age       ] GC(49) - age   5:      38328 bytes,    1555856 total
[2020-08-12T17:25:12.234+0000][6][gc,age       ] GC(49) - age   6:      94328 bytes,    1650184 total
[2020-08-12T17:25:12.234+0000][6][gc,age       ] GC(49) - age   7:      30800 bytes,    1680984 total
[2020-08-12T17:25:12.234+0000][6][gc,age       ] GC(49) - age   8:      69552 bytes,    1750536 total
[2020-08-12T17:25:12.235+0000][6][gc,age       ] GC(49) - age   9:      38008 bytes,    1788544 total
[2020-08-12T17:25:12.235+0000][6][gc,age       ] GC(49) - age  10:      94912 bytes,    1883456 total
[2020-08-12T17:25:12.235+0000][6][gc,age       ] GC(49) - age  11:      28136 bytes,    1911592 total
[2020-08-12T17:25:12.235+0000][6][gc,age       ] GC(49) - age  12:      30192 bytes,    1941784 total
[2020-08-12T17:25:12.235+0000][6][gc,age       ] GC(49) - age  13:     201696 bytes,    2143480 total
[2020-08-12T17:25:12.235+0000][6][gc,age       ] GC(49) - age  14:      46464 bytes,    2189944 total
[2020-08-12T17:25:12.235+0000][6][gc,age       ] GC(49) - age  15:      40064 bytes,    2230008 total
[2020-08-12T17:25:12.235+0000][6][gc,phases    ] GC(49)   Pre Evacuate Collection Set: 1.3ms
[2020-08-12T17:25:12.235+0000][6][gc,phases    ] GC(49)   Merge Heap Roots: 1.0ms
[2020-08-12T17:25:12.235+0000][6][gc,phases    ] GC(49)   Evacuate Collection Set: 28.4ms
[2020-08-12T17:25:12.236+0000][6][gc,phases    ] GC(49)   Post Evacuate Collection Set: 5.5ms
[2020-08-12T17:25:12.236+0000][6][gc,phases    ] GC(49)   Other: 2.9ms
[2020-08-12T17:25:12.236+0000][6][gc,heap      ] GC(49) Eden regions: 612->0(611)
[2020-08-12T17:25:12.236+0000][6][gc,heap      ] GC(49) Survivor regions: 2->3(77)
[2020-08-12T17:25:12.236+0000][6][gc,heap      ] GC(49) Old regions: 78->78
[2020-08-12T17:25:12.236+0000][6][gc,heap      ] GC(49) Archive regions: 2->2
[2020-08-12T17:25:12.236+0000][6][gc,heap      ] GC(49) Humongous regions: 7->7
[2020-08-12T17:25:12.236+0000][6][gc,metaspace ] GC(49) Metaspace: 97787K(105528K)->97787K(105528K) NonClass: 85251K(89912K)->85251K(89912K) Class: 12535K(15616K)->12535K(15616K)
[2020-08-12T17:25:12.236+0000][6][gc           ] GC(49) Pause Young (Normal) (G1 Evacuation Pause) 699M->87M(1024M) 39.997ms
[2020-08-12T17:25:12.237+0000][6][gc,cpu       ] GC(49) User=0.04s Sys=0.00s Real=0.04s
[2020-08-12T17:25:12.239+0000][6][safepoint    ] Safepoint "G1CollectForAllocation", Time since last: 692171953 ns, Reaching safepoint: 1268389 ns, At safepoint: 42733319 ns, Total: 44001708 ns
[2020-08-12T17:25:13.241+0000][6][safepoint    ] Safepoint "Cleanup", Time since last: 1001131888 ns, Reaching safepoint: 577433 ns, At safepoint: 44362 ns, Total: 621795 ns
[2020-08-12T17:25:14.242+0000][6][safepoint    ] Safepoint "Cleanup", Time since last: 1000389444 ns, Reaching safepoint: 539771 ns, At safepoint: 44237 ns, Total: 584008 ns
[2020-08-12T17:25:16.025+0000][6][safepoint    ] Safepoint "Cleanup", Time since last: 1782086801 ns, Reaching safepoint: 730256 ns, At safepoint: 20662 ns, Total: 750918 ns
[2020-08-12T17:25:17.026+0000][6][safepoint    ] Safepoint "Cleanup", Time since last: 1000217471 ns, Reaching safepoint: 791394 ns, At safepoint: 36174 ns, Total: 827568 ns
[2020-08-12T17:25:18.442+0000][6][safepoint    ] Safepoint "Cleanup", Time since last: 1415497726 ns, Reaching safepoint: 654444 ns, At safepoint: 29325 ns, Total: 683769 ns
[2020-08-12T17:25:19.442+0000][6][safepoint    ] Safepoint "Cleanup", Time since last: 1000243546 ns, Reaching safepoint: 391159 ns, At safepoint: 19812 ns, Total: 410971 ns
[2020-08-12T17:25:20.443+0000][6][safepoint    ] Safepoint "Cleanup", Time since last: 1000199072 ns, Reaching safepoint: 528133 ns, At safepoint: 59412 ns, Total: 587545 ns
[2020-08-12T17:25:21.444+0000][6][safepoint    ] Safepoint "Cleanup", Time since last: 1000353332 ns, Reaching safepoint: 875455 ns, At safepoint: 59099 ns, Total: 934554 ns
[2020-08-12T17:25:22.446+0000][6][safepoint    ] Safepoint "Cleanup", Time since last: 1000341045 ns, Reaching safepoint: 962755 ns, At safepoint: 63237 ns, Total: 1025992 ns
[2020-08-12T17:25:23.447+0000][6][safepoint    ] Safepoint "Cleanup", Time since last: 1000439919 ns, Reaching safepoint: 841130 ns, At safepoint: 58562 ns, Total: 899692 ns
[2020-08-12T17:25:24.448+0000][6][safepoint    ] Safepoint "Cleanup", Time since last: 1000334032 ns, Reaching safepoint: 650545 ns, At safepoint: 44549 ns, Total: 695094 ns
[2020-08-12T17:25:25.449+0000][6][safepoint    ] Safepoint "Cleanup", Time since last: 1000326933 ns, Reaching safepoint: 608132 ns, At safepoint: 45287 ns, Total: 653419 ns
[2020-08-12T17:25:26.450+0000][6][safepoint    ] Safepoint "Cleanup", Time since last: 1000344146 ns, Reaching safepoint: 754643 ns, At safepoint: 44637 ns, Total: 799280 ns
[2020-08-12T17:25:27.488+0000][6][safepoint    ] Safepoint "Cleanup", Time since last: 1036938254 ns, Reaching safepoint: 357335 ns, At safepoint: 26437 ns, Total: 383772 ns
[2020-08-12T17:25:28.498+0000][6][safepoint    ] Safepoint "Cleanup", Time since last: 1009322618 ns, Reaching safepoint: 597044 ns, At safepoint: 51925 ns, Total: 648969 ns
[2020-08-12T17:25:29.971+0000][6][safepoint    ] Safepoint "Cleanup", Time since last: 1473092866 ns, Reaching safepoint: 581345 ns, At safepoint: 29175 ns, Total: 610520 ns
[2020-08-12T17:25:30.972+0000][6][safepoint    ] Safepoint "Cleanup", Time since last: 1000265759 ns, Reaching safepoint: 660819 ns, At safepoint: 45924 ns, Total: 706743 ns
[2020-08-12T17:25:31.973+0000][6][safepoint    ] Safepoint "Cleanup", Time since last: 1000342258 ns, Reaching safepoint: 673606 ns, At safepoint: 46388 ns, Total: 719994 ns
[2020-08-12T17:25:32.975+0000][6][safepoint    ] Safepoint "Cleanup", Time since last: 1000342807 ns, Reaching safepoint: 883067 ns, At safepoint: 44212 ns, Total: 927279 ns
[2020-08-12T17:25:33.976+0000][6][safepoint    ] Safepoint "Cleanup", Time since last: 1000391070 ns, Reaching safepoint: 776756 ns, At safepoint: 92299 ns, Total: 869055 ns
[2020-08-12T17:25:34.977+0000][6][safepoint    ] Safepoint "Cleanup", Time since last: 1000285683 ns, Reaching safepoint: 565770 ns, At safepoint: 19862 ns, Total: 585632 ns
[2020-08-12T17:25:35.978+0000][6][safepoint    ] Safepoint "Cleanup", Time since last: 1000253159 ns, Reaching safepoint: 774443 ns, At safepoint: 44000 ns, Total: 818443 ns
[2020-08-12T17:25:36.979+0000][6][safepoint    ] Safepoint "Cleanup", Time since last: 1000406982 ns, Reaching safepoint: 833242 ns, At safepoint: 46450 ns, Total: 879692 ns
[2020-08-12T17:25:38.502+0000][6][safepoint    ] Safepoint "Cleanup", Time since last: 1521682935 ns, Reaching safepoint: 819968 ns, At safepoint: 57512 ns, Total: 877480 ns
[2020-08-12T17:25:39.503+0000][6][safepoint    ] Safepoint "Cleanup", Time since last: 1000421382 ns, Reaching safepoint: 814905 ns, At safepoint: 56375 ns, Total: 871280 ns
[2020-08-12T17:25:40.504+0000][6][safepoint    ] Safepoint "Cleanup", Time since last: 1000294607 ns, Reaching safepoint: 378410 ns, At safepoint: 69037 ns, Total: 447447 ns
[2020-08-12T17:25:41.505+0000][6][safepoint    ] Safepoint "Cleanup", Time since last: 1000407181 ns, Reaching safepoint: 600770 ns, At safepoint: 45537 ns, Total: 646307 ns
[2020-08-12T17:25:42.506+0000][6][safepoint    ] Safepoint "Cleanup", Time since last: 1000346395 ns, Reaching safepoint: 597295 ns, At safepoint: 57387 ns, Total: 654682 ns
[2020-08-12T17:25:43.507+0000][6][safepoint    ] Safepoint "Cleanup", Time since last: 1000336658 ns, Reaching safepoint: 644694 ns, At safepoint: 57700 ns, Total: 702394 ns
[2020-08-12T17:25:44.508+0000][6][safepoint    ] Safepoint "Cleanup", Time since last: 1000654167 ns, Reaching safepoint: 772918 ns, At safepoint: 55937 ns, Total: 828855 ns
[2020-08-12T17:25:46.229+0000][6][safepoint    ] Safepoint "Cleanup", Time since last: 1720011124 ns, Reaching safepoint: 846143 ns, At safepoint: 43337 ns, Total: 889480 ns
[2020-08-12T17:25:47.231+0000][6][safepoint    ] Safepoint "Cleanup", Time since last: 1000325933 ns, Reaching safepoint: 1396238 ns, At safepoint: 71649 ns, Total: 1467887 ns
[2020-08-12T17:25:48.468+0000][6][safepoint    ] Safepoint "Cleanup", Time since last: 1236399946 ns, Reaching safepoint: 802405 ns, At safepoint: 54125 ns, Total: 856530 ns
[2020-08-12T17:25:49.469+0000][6][safepoint    ] Safepoint "Cleanup", Time since last: 1000341482 ns, Reaching safepoint: 505221 ns, At safepoint: 45587 ns, Total: 550808 ns
[2020-08-12T17:25:50.470+0000][6][safepoint    ] Safepoint "Cleanup", Time since last: 1000326670 ns, Reaching safepoint: 636320 ns, At safepoint: 33850 ns, Total: 670170 ns
[2020-08-12T17:25:51.471+0000][6][safepoint    ] Safepoint "Cleanup", Time since last: 1000308332 ns, Reaching safepoint: 843493 ns, At safepoint: 43837 ns, Total: 887330 ns
[2020-08-12T17:25:52.472+0000][6][safepoint    ] Safepoint "Cleanup", Time since last: 1000285471 ns, Reaching safepoint: 534233 ns, At safepoint: 22887 ns, Total: 557120 ns
[2020-08-12T17:25:53.473+0000][6][safepoint    ] Safepoint "Cleanup", Time since last: 1000245833 ns, Reaching safepoint: 853693 ns, At safepoint: 44349 ns, Total: 898042 ns
[2020-08-12T17:25:54.474+0000][6][safepoint    ] Safepoint "Cleanup", Time since last: 1000350295 ns, Reaching safepoint: 654782 ns, At safepoint: 46025 ns, Total: 700807 ns
[2020-08-12T17:25:55.475+0000][6][safepoint    ] Safepoint "Cleanup", Time since last: 1000348595 ns, Reaching safepoint: 667256 ns, At safepoint: 51650 ns, Total: 718906 ns
[2020-08-12T17:25:56.476+0000][6][safepoint    ] Safepoint "Cleanup", Time since last: 1000326933 ns, Reaching safepoint: 507420 ns, At safepoint: 34988 ns, Total: 542408 ns
[2020-08-12T17:25:57.383+0000][6][safepoint    ] Safepoint "BulkRevokeBias", Time since last: 904284598 ns, Reaching safepoint: 850305 ns, At safepoint: 1721335 ns, Total: 2571640 ns
[2020-08-12T17:25:58.520+0000][6][safepoint    ] Safepoint "Cleanup", Time since last: 1136376709 ns, Reaching safepoint: 646307 ns, At safepoint: 46775 ns, Total: 693082 ns
[2020-08-12T17:25:59.917+0000][6][safepoint    ] Safepoint "Cleanup", Time since last: 1396144018 ns, Reaching safepoint: 741818 ns, At safepoint: 75162 ns, Total: 816980 ns
[2020-08-12T17:26:00.918+0000][6][safepoint    ] Safepoint "Cleanup", Time since last: 1000347395 ns, Reaching safepoint: 851830 ns, At safepoint: 44575 ns, Total: 896405 ns
[2020-08-12T17:26:01.920+0000][6][safepoint    ] Safepoint "Cleanup", Time since last: 1000342220 ns, Reaching safepoint: 852518 ns, At safepoint: 44187 ns, Total: 896705 ns
[2020-08-12T17:26:02.921+0000][6][safepoint    ] Safepoint "Cleanup", Time since last: 1000386519 ns, Reaching safepoint: 859980 ns, At safepoint: 36362 ns, Total: 896342 ns
[2020-08-12T17:26:03.922+0000][6][safepoint    ] Safepoint "Cleanup", Time since last: 1000231059 ns, Reaching safepoint: 605820 ns, At safepoint: 44599 ns, Total: 650419 ns
[2020-08-12T17:26:04.924+0000][6][safepoint    ] Safepoint "Cleanup", Time since last: 1000406320 ns, Reaching safepoint: 1241364 ns, At safepoint: 66962 ns, Total: 1308326 ns
[2020-08-12T17:26:05.925+0000][6][safepoint    ] Safepoint "Cleanup", Time since last: 1000407894 ns, Reaching safepoint: 802393 ns, At safepoint: 43375 ns, Total: 845768 ns
[2020-08-12T17:26:06.926+0000][6][safepoint    ] Safepoint "Cleanup", Time since last: 1000407294 ns, Reaching safepoint: 877205 ns, At safepoint: 46538 ns, Total: 923743 ns
[2020-08-12T17:26:08.499+0000][6][safepoint    ] Safepoint "Cleanup", Time since last: 1572170699 ns, Reaching safepoint: 674569 ns, At safepoint: 54125 ns, Total: 728694 ns
[2020-08-12T17:26:09.500+0000][6][safepoint    ] Safepoint "Cleanup", Time since last: 1000344682 ns, Reaching safepoint: 639107 ns, At safepoint: 44587 ns, Total: 683694 ns
[2020-08-12T17:26:10.501+0000][6][safepoint    ] Safepoint "Cleanup", Time since last: 1000389220 ns, Reaching safepoint: 640007 ns, At safepoint: 45649 ns, Total: 685656 ns
[2020-08-12T17:26:11.502+0000][6][safepoint    ] Safepoint "Cleanup", Time since last: 1000339458 ns, Reaching safepoint: 655832 ns, At safepoint: 55562 ns, Total: 711394 ns
[2020-08-12T17:26:12.503+0000][6][safepoint    ] Safepoint "Cleanup", Time since last: 1000281645 ns, Reaching safepoint: 421196 ns, At safepoint: 39713 ns, Total: 460909 ns
[2020-08-12T17:26:13.504+0000][6][safepoint    ] Safepoint "Cleanup", Time since last: 1000279233 ns, Reaching safepoint: 577845 ns, At safepoint: 44312 ns, Total: 622157 ns
[2020-08-12T17:26:14.505+0000][6][safepoint    ] Safepoint "Cleanup", Time since last: 1000453344 ns, Reaching safepoint: 814143 ns, At safepoint: 47437 ns, Total: 861580 ns
[2020-08-12T17:26:15.506+0000][6][safepoint    ] Safepoint "Cleanup", Time since last: 1000295045 ns, Reaching safepoint: 480996 ns, At safepoint: 23862 ns, Total: 504858 ns
[2020-08-12T17:26:16.507+0000][6][safepoint    ] Safepoint "Cleanup", Time since last: 1000272658 ns, Reaching safepoint: 596795 ns, At safepoint: 145661 ns, Total: 742456 ns
[2020-08-12T17:26:18.485+0000][6][safepoint    ] Safepoint "Cleanup", Time since last: 1976842746 ns, Reaching safepoint: 662094 ns, At safepoint: 44425 ns, Total: 706519 ns
[2020-08-12T17:26:19.486+0000][6][safepoint    ] Safepoint "Cleanup", Time since last: 1000404195 ns, Reaching safepoint: 578682 ns, At safepoint: 44650 ns, Total: 623332 ns
[2020-08-12T17:26:20.487+0000][6][safepoint    ] Safepoint "Cleanup", Time since last: 1000403557 ns, Reaching safepoint: 576357 ns, At safepoint: 44275 ns, Total: 620632 ns
[2020-08-12T17:26:21.488+0000][6][safepoint    ] Safepoint "Cleanup", Time since last: 1000360407 ns, Reaching safepoint: 570158 ns, At safepoint: 43775 ns, Total: 613933 ns
[2020-08-12T17:26:22.489+0000][6][safepoint    ] Safepoint "Cleanup", Time since last: 1000289820 ns, Reaching safepoint: 654619 ns, At safepoint: 75662 ns, Total: 730281 ns
[2020-08-12T17:26:23.490+0000][6][safepoint    ] Safepoint "Cleanup", Time since last: 1000357745 ns, Reaching safepoint: 810630 ns, At safepoint: 43837 ns, Total: 854467 ns
[2020-08-12T17:26:24.491+0000][6][safepoint    ] Safepoint "Cleanup", Time since last: 1000385858 ns, Reaching safepoint: 865692 ns, At safepoint: 44662 ns, Total: 910354 ns
[2020-08-12T17:26:25.492+0000][6][safepoint    ] Safepoint "Cleanup", Time since last: 1000342308 ns, Reaching safepoint: 698006 ns, At safepoint: 45362 ns, Total: 743368 ns
[2020-08-12T17:26:26.493+0000][6][safepoint    ] Safepoint "Cleanup", Time since last: 1000311545 ns, Reaching safepoint: 610383 ns, At safepoint: 55724 ns, Total: 666107 ns
[2020-08-12T17:26:28.440+0000][6][safepoint    ] Safepoint "Cleanup", Time since last: 1946066011 ns, Reaching safepoint: 599183 ns, At safepoint: 44874 ns, Total: 644057 ns
[2020-08-12T17:26:29.935+0000][6][safepoint    ] Safepoint "Cleanup", Time since last: 1494839367 ns, Reaching safepoint: 675006 ns, At safepoint: 24263 ns, Total: 699269 ns
[2020-08-12T17:26:30.936+0000][6][safepoint    ] Safepoint "Cleanup", Time since last: 1000260171 ns, Reaching safepoint: 677944 ns, At safepoint: 45912 ns, Total: 723856 ns
[2020-08-12T17:26:31.938+0000][6][safepoint    ] Safepoint "Cleanup", Time since last: 1000572705 ns, Reaching safepoint: 770356 ns, At safepoint: 44100 ns, Total: 814456 ns
[2020-08-12T17:26:32.939+0000][6][safepoint    ] Safepoint "Cleanup", Time since last: 1000394094 ns, Reaching safepoint: 594120 ns, At safepoint: 44137 ns, Total: 638257 ns
[2020-08-12T17:26:33.940+0000][6][safepoint    ] Safepoint "Cleanup", Time since last: 1000393357 ns, Reaching safepoint: 639357 ns, At safepoint: 96837 ns, Total: 736194 ns
[2020-08-12T17:26:34.941+0000][6][safepoint    ] Safepoint "Cleanup", Time since last: 1000345907 ns, Reaching safepoint: 671957 ns, At safepoint: 24112 ns, Total: 696069 ns
[2020-08-12T17:26:35.942+0000][6][safepoint    ] Safepoint "Cleanup", Time since last: 1000213409 ns, Reaching safepoint: 464646 ns, At safepoint: 56662 ns, Total: 521308 ns
[2020-08-12T17:26:36.943+0000][6][safepoint    ] Safepoint "Cleanup", Time since last: 1000378244 ns, Reaching safepoint: 831593 ns, At safepoint: 47550 ns, Total: 879143 ns
[2020-08-12T17:26:38.581+0000][6][safepoint    ] Safepoint "Cleanup", Time since last: 1637891607 ns, Reaching safepoint: 520733 ns, At safepoint: 25663 ns, Total: 546396 ns
[2020-08-12T17:26:39.582+0000][6][safepoint    ] Safepoint "Cleanup", Time since last: 1000278533 ns, Reaching safepoint: 599307 ns, At safepoint: 55112 ns, Total: 654419 ns
[2020-08-12T17:26:40.583+0000][6][safepoint    ] Safepoint "Cleanup", Time since last: 1000347832 ns, Reaching safepoint: 642407 ns, At safepoint: 45350 ns, Total: 687757 ns
[2020-08-12T17:26:41.585+0000][6][safepoint    ] Safepoint "Cleanup", Time since last: 1000401219 ns, Reaching safepoint: 724182 ns, At safepoint: 53462 ns, Total: 777644 ns
[2020-08-12T17:26:42.585+0000][6][safepoint    ] Safepoint "Cleanup", Time since last: 1000293695 ns, Reaching safepoint: 289535 ns, At safepoint: 12175 ns, Total: 301710 ns
[2020-08-12T17:26:43.586+0000][6][safepoint    ] Safepoint "Cleanup", Time since last: 1000209796 ns, Reaching safepoint: 850268 ns, At safepoint: 46237 ns, Total: 896505 ns
[2020-08-12T17:26:44.587+0000][6][safepoint    ] Safepoint "Cleanup", Time since last: 1000339470 ns, Reaching safepoint: 725769 ns, At safepoint: 54712 ns, Total: 780481 ns
[2020-08-12T17:26:45.588+0000][6][safepoint    ] Safepoint "Cleanup", Time since last: 1000347782 ns, Reaching safepoint: 702394 ns, At safepoint: 54600 ns, Total: 756994 ns
[2020-08-12T17:26:46.589+0000][6][safepoint    ] Safepoint "Cleanup", Time since last: 1000296132 ns, Reaching safepoint: 588083 ns, At safepoint: 53312 ns, Total: 641395 ns
[2020-08-12T17:26:48.458+0000][6][safepoint    ] Safepoint "Cleanup", Time since last: 1867719475 ns, Reaching safepoint: 889729 ns, At safepoint: 45875 ns, Total: 935604 ns
[2020-08-12T17:26:49.459+0000][6][safepoint    ] Safepoint "Cleanup", Time since last: 1000341470 ns, Reaching safepoint: 632244 ns, At safepoint: 44438 ns, Total: 676682 ns
[2020-08-12T17:26:50.460+0000][6][safepoint    ] Safepoint "Cleanup", Time since last: 1000350107 ns, Reaching safepoint: 880717 ns, At safepoint: 44150 ns, Total: 924867 ns
[2020-08-12T17:26:51.461+0000][6][safepoint    ] Safepoint "Cleanup", Time since last: 1000351107 ns, Reaching safepoint: 669607 ns, At safepoint: 46187 ns, Total: 715794 ns
[2020-08-12T17:26:52.462+0000][6][safepoint    ] Safepoint "Cleanup", Time since last: 1000286808 ns, Reaching safepoint: 599682 ns, At safepoint: 26238 ns, Total: 625920 ns
[2020-08-12T17:26:53.463+0000][6][safepoint    ] Safepoint "Cleanup", Time since last: 1000332657 ns, Reaching safepoint: 630957 ns, At safepoint: 44800 ns, Total: 675757 ns
[2020-08-12T17:26:54.465+0000][6][safepoint    ] Safepoint "Cleanup", Time since last: 1000336370 ns, Reaching safepoint: 821830 ns, At safepoint: 45387 ns, Total: 867217 ns
[2020-08-12T17:26:55.466+0000][6][safepoint    ] Safepoint "Cleanup", Time since last: 1000402057 ns, Reaching safepoint: 809443 ns, At safepoint: 44562 ns, Total: 854005 ns
[2020-08-12T17:26:56.467+0000][6][safepoint    ] Safepoint "Cleanup", Time since last: 1000396945 ns, Reaching safepoint: 927230 ns, At safepoint: 43875 ns, Total: 971105 ns
[2020-08-12T17:26:57.428+0000][6][safepoint    ] Safepoint "BulkRevokeBias", Time since last: 952883966 ns, Reaching safepoint: 435846 ns, At safepoint: 7890395 ns, Total: 8326241 ns
[2020-08-12T17:26:58.443+0000][6][safepoint    ] Safepoint "Cleanup", Time since last: 1014000802 ns, Reaching safepoint: 851455 ns, At safepoint: 43800 ns, Total: 895255 ns
[2020-08-12T17:26:59.891+0000][6][safepoint    ] Safepoint "Cleanup", Time since last: 1447397938 ns, Reaching safepoint: 742631 ns, At safepoint: 40712 ns, Total: 783343 ns
[2020-08-12T17:27:00.892+0000][6][safepoint    ] Safepoint "Cleanup", Time since last: 1000265333 ns, Reaching safepoint: 585395 ns, At safepoint: 55300 ns, Total: 640695 ns
[2020-08-12T17:27:01.893+0000][6][safepoint    ] Safepoint "Cleanup", Time since last: 1000345895 ns, Reaching safepoint: 621619 ns, At safepoint: 44087 ns, Total: 665706 ns
[2020-08-12T17:27:02.894+0000][6][safepoint    ] Safepoint "Cleanup", Time since last: 1000327246 ns, Reaching safepoint: 604132 ns, At safepoint: 40050 ns, Total: 644182 ns
[2020-08-12T17:27:03.895+0000][6][safepoint    ] Safepoint "Cleanup", Time since last: 1000325607 ns, Reaching safepoint: 704719 ns, At safepoint: 54862 ns, Total: 759581 ns
[2020-08-12T17:27:04.896+0000][6][safepoint    ] Safepoint "Cleanup", Time since last: 1000366332 ns, Reaching safepoint: 634045 ns, At safepoint: 36175 ns, Total: 670220 ns
[2020-08-12T17:27:05.898+0000][6][safepoint    ] Safepoint "Cleanup", Time since last: 1000274920 ns, Reaching safepoint: 936755 ns, At safepoint: 57662 ns, Total: 994417 ns
[2020-08-12T17:27:06.899+0000][6][safepoint    ] Safepoint "Cleanup", Time since last: 1000394269 ns, Reaching safepoint: 513795 ns, At safepoint: 44562 ns, Total: 558357 ns
[2020-08-12T17:27:08.581+0000][6][safepoint    ] Safepoint "Cleanup", Time since last: 1681448882 ns, Reaching safepoint: 588358 ns, At safepoint: 51149 ns, Total: 639507 ns
[2020-08-12T17:27:09.582+0000][6][safepoint    ] Safepoint "Cleanup", Time since last: 1000402495 ns, Reaching safepoint: 576920 ns, At safepoint: 43387 ns, Total: 620307 ns
[2020-08-12T17:27:10.583+0000][6][safepoint    ] Safepoint "Cleanup", Time since last: 1000353732 ns, Reaching safepoint: 349960 ns, At safepoint: 17475 ns, Total: 367435 ns
[2020-08-12T17:27:11.584+0000][6][safepoint    ] Safepoint "Cleanup", Time since last: 1000243070 ns, Reaching safepoint: 892643 ns, At safepoint: 44237 ns, Total: 936880 ns
[2020-08-12T17:27:12.585+0000][6][safepoint    ] Safepoint "Cleanup", Time since last: 1000380645 ns, Reaching safepoint: 572707 ns, At safepoint: 22187 ns, Total: 594894 ns
[2020-08-12T17:27:13.586+0000][6][safepoint    ] Safepoint "Cleanup", Time since last: 1000321333 ns, Reaching safepoint: 805318 ns, At safepoint: 44262 ns, Total: 849580 ns
[2020-08-12T17:27:14.587+0000][6][safepoint    ] Safepoint "Cleanup", Time since last: 1000385032 ns, Reaching safepoint: 769306 ns, At safepoint: 40637 ns, Total: 809943 ns
[2020-08-12T17:27:15.588+0000][6][safepoint    ] Safepoint "Cleanup", Time since last: 1000278158 ns, Reaching safepoint: 406572 ns, At safepoint: 22575 ns, Total: 429147 ns
[2020-08-12T17:27:16.588+0000][6][safepoint    ] Safepoint "Cleanup", Time since last: 1000279595 ns, Reaching safepoint: 400522 ns, At safepoint: 20475 ns, Total: 420997 ns
[2020-08-12T17:27:18.520+0000][6][safepoint    ] Safepoint "Cleanup", Time since last: 1931044503 ns, Reaching safepoint: 844243 ns, At safepoint: 43737 ns, Total: 887980 ns
[2020-08-12T17:27:19.522+0000][6][safepoint    ] Safepoint "Cleanup", Time since last: 1000347057 ns, Reaching safepoint: 794768 ns, At safepoint: 60187 ns, Total: 854955 ns
[2020-08-12T17:27:20.523+0000][6][safepoint    ] Safepoint "Cleanup", Time since last: 1000355033 ns, Reaching safepoint: 817330 ns, At safepoint: 44062 ns, Total: 861392 ns
[2020-08-12T17:27:21.524+0000][6][safepoint    ] Safepoint "Cleanup", Time since last: 1000418982 ns, Reaching safepoint: 865755 ns, At safepoint: 45412 ns, Total: 911167 ns
[2020-08-12T17:27:22.525+0000][6][safepoint    ] Safepoint "Cleanup", Time since last: 1000307008 ns, Reaching safepoint: 690669 ns, At safepoint: 53999 ns, Total: 744668 ns
[2020-08-12T17:27:23.526+0000][6][safepoint    ] Safepoint "Cleanup", Time since last: 1000345720 ns, Reaching safepoint: 673395 ns, At safepoint: 44737 ns, Total: 718132 ns
[2020-08-12T17:27:24.528+0000][6][safepoint    ] Safepoint "Cleanup", Time since last: 1000341732 ns, Reaching safepoint: 896018 ns, At safepoint: 43887 ns, Total: 939905 ns
[2020-08-12T17:27:25.528+0000][6][safepoint    ] Safepoint "Cleanup", Time since last: 1000388844 ns, Reaching safepoint: 371409 ns, At safepoint: 18075 ns, Total: 389484 ns
[2020-08-12T17:27:26.529+0000][6][safepoint    ] Safepoint "Cleanup", Time since last: 1000252571 ns, Reaching safepoint: 874905 ns, At safepoint: 43887 ns, Total: 918792 ns
[2020-08-12T17:27:28.525+0000][6][safepoint    ] Safepoint "Cleanup", Time since last: 1994528668 ns, Reaching safepoint: 810168 ns, At safepoint: 133712 ns, Total: 943880 ns
[2020-08-12T17:27:29.905+0000][6][safepoint    ] Safepoint "Cleanup", Time since last: 1379112114 ns, Reaching safepoint: 1146215 ns, At safepoint: 65075 ns, Total: 1211290 ns
[2020-08-12T17:27:30.906+0000][6][safepoint    ] Safepoint "Cleanup", Time since last: 1000392257 ns, Reaching safepoint: 715156 ns, At safepoint: 44450 ns, Total: 759606 ns
[2020-08-12T17:27:31.908+0000][6][safepoint    ] Safepoint "Cleanup", Time since last: 1000348082 ns, Reaching safepoint: 677894 ns, At safepoint: 46163 ns, Total: 724057 ns
[2020-08-12T17:27:33.338+0000][6][safepoint    ] Safepoint "Cleanup", Time since last: 1429552904 ns, Reaching safepoint: 790543 ns, At safepoint: 100300 ns, Total: 890843 ns
[2020-08-12T17:27:34.339+0000][6][safepoint    ] Safepoint "Cleanup", Time since last: 1000383182 ns, Reaching safepoint: 862455 ns, At safepoint: 44212 ns, Total: 906667 ns
[2020-08-12T17:27:35.340+0000][6][safepoint    ] Safepoint "Cleanup", Time since last: 1000299295 ns, Reaching safepoint: 522296 ns, At safepoint: 22050 ns, Total: 544346 ns
[2020-08-12T17:27:36.341+0000][6][safepoint    ] Safepoint "Cleanup", Time since last: 1000242145 ns, Reaching safepoint: 849706 ns, At safepoint: 43949 ns, Total: 893655 ns
[2020-08-12T17:27:37.342+0000][6][safepoint    ] Safepoint "Cleanup", Time since last: 1000298846 ns, Reaching safepoint: 768205 ns, At safepoint: 39863 ns, Total: 808068 ns
[2020-08-12T17:27:38.494+0000][6][safepoint    ] Safepoint "Cleanup", Time since last: 1151336479 ns, Reaching safepoint: 689007 ns, At safepoint: 54749 ns, Total: 743756 ns
[2020-08-12T17:27:39.496+0000][6][safepoint    ] Safepoint "Cleanup", Time since last: 1000350258 ns, Reaching safepoint: 829368 ns, At safepoint: 44300 ns, Total: 873668 ns
[2020-08-12T17:27:40.497+0000][6][safepoint    ] Safepoint "Cleanup", Time since last: 1000559580 ns, Reaching safepoint: 806518 ns, At safepoint: 45112 ns, Total: 851630 ns
[2020-08-12T17:27:41.498+0000][6][safepoint    ] Safepoint "Cleanup", Time since last: 1000461357 ns, Reaching safepoint: 755105 ns, At safepoint: 55525 ns, Total: 810630 ns
[2020-08-12T17:27:42.499+0000][6][safepoint    ] Safepoint "Cleanup", Time since last: 1000288771 ns, Reaching safepoint: 586207 ns, At safepoint: 21112 ns, Total: 607319 ns
[2020-08-12T17:27:43.500+0000][6][safepoint    ] Safepoint "Cleanup", Time since last: 1000236271 ns, Reaching safepoint: 655082 ns, At safepoint: 43500 ns, Total: 698582 ns
[2020-08-12T17:27:44.501+0000][6][safepoint    ] Safepoint "Cleanup", Time since last: 1000337432 ns, Reaching safepoint: 832993 ns, At safepoint: 43787 ns, Total: 876780 ns
[2020-08-12T17:27:45.502+0000][6][safepoint    ] Safepoint "Cleanup", Time since last: 1000344995 ns, Reaching safepoint: 646944 ns, At safepoint: 43600 ns, Total: 690544 ns
[2020-08-12T17:27:46.504+0000][6][safepoint    ] Safepoint "Cleanup", Time since last: 1000309208 ns, Reaching safepoint: 784668 ns, At safepoint: 54687 ns, Total: 839355 ns
[2020-08-12T17:27:47.504+0000][6][safepoint    ] Safepoint "Cleanup", Time since last: 1000239409 ns, Reaching safepoint: 563845 ns, At safepoint: 26299 ns, Total: 590144 ns
[2020-08-12T17:27:48.550+0000][6][safepoint    ] Safepoint "Cleanup", Time since last: 1044949936 ns, Reaching safepoint: 893742 ns, At safepoint: 44924 ns, Total: 938666 ns
[2020-08-12T17:27:49.552+0000][6][safepoint    ] Safepoint "Cleanup", Time since last: 1000347095 ns, Reaching safepoint: 897068 ns, At safepoint: 44262 ns, Total: 941330 ns
[2020-08-12T17:27:50.552+0000][6][safepoint    ] Safepoint "Cleanup", Time since last: 1000296633 ns, Reaching safepoint: 446971 ns, At safepoint: 19037 ns, Total: 466008 ns
[2020-08-12T17:27:51.553+0000][6][safepoint    ] Safepoint "Cleanup", Time since last: 1000232796 ns, Reaching safepoint: 657957 ns, At safepoint: 57324 ns, Total: 715281 ns
[2020-08-12T17:27:52.554+0000][6][safepoint    ] Safepoint "Cleanup", Time since last: 1000342370 ns, Reaching safepoint: 582845 ns, At safepoint: 56150 ns, Total: 638995 ns
[2020-08-12T17:27:53.555+0000][6][safepoint    ] Safepoint "Cleanup", Time since last: 1000350920 ns, Reaching safepoint: 665244 ns, At safepoint: 43962 ns, Total: 709206 ns
[2020-08-12T17:27:54.557+0000][6][safepoint    ] Safepoint "Cleanup", Time since last: 1000348420 ns, Reaching safepoint: 809056 ns, At safepoint: 44987 ns, Total: 854043 ns
[2020-08-12T17:27:55.558+0000][6][safepoint    ] Safepoint "Cleanup", Time since last: 1000426956 ns, Reaching safepoint: 773894 ns, At safepoint: 44474 ns, Total: 818368 ns
[2020-08-12T17:27:56.559+0000][6][safepoint    ] Safepoint "Cleanup", Time since last: 1000389282 ns, Reaching safepoint: 904343 ns, At safepoint: 78461 ns, Total: 982804 ns
[2020-08-12T17:27:58.489+0000][6][safepoint    ] Safepoint "Cleanup", Time since last: 1928596612 ns, Reaching safepoint: 787431 ns, At safepoint: 85474 ns, Total: 872905 ns
[2020-08-12T17:27:59.901+0000][6][safepoint    ] Safepoint "Cleanup", Time since last: 1411686809 ns, Reaching safepoint: 782743 ns, At safepoint: 57075 ns, Total: 839818 ns
[2020-08-12T17:28:00.902+0000][6][safepoint    ] Safepoint "Cleanup", Time since last: 1000352395 ns, Reaching safepoint: 655007 ns, At safepoint: 45987 ns, Total: 700994 ns
[2020-08-12T17:28:01.903+0000][6][safepoint    ] Safepoint "Cleanup", Time since last: 1000345407 ns, Reaching safepoint: 681769 ns, At safepoint: 90824 ns, Total: 772593 ns
[2020-08-12T17:28:02.904+0000][6][safepoint    ] Safepoint "Cleanup", Time since last: 1000311258 ns, Reaching safepoint: 547633 ns, At safepoint: 56099 ns, Total: 603732 ns
[2020-08-12T17:28:03.905+0000][6][safepoint    ] Safepoint "Cleanup", Time since last: 1000346145 ns, Reaching safepoint: 695657 ns, At safepoint: 44487 ns, Total: 740144 ns
[2020-08-12T17:28:04.906+0000][6][safepoint    ] Safepoint "Cleanup", Time since last: 1000336695 ns, Reaching safepoint: 772118 ns, At safepoint: 55412 ns, Total: 827530 ns
[2020-08-12T17:28:05.908+0000][6][safepoint    ] Safepoint "Cleanup", Time since last: 1000331546 ns, Reaching safepoint: 674969 ns, At safepoint: 53499 ns, Total: 728468 ns
[2020-08-12T17:28:06.909+0000][6][safepoint    ] Safepoint "Cleanup", Time since last: 1000452444 ns, Reaching safepoint: 788481 ns, At safepoint: 43974 ns, Total: 832455 ns
[2020-08-12T17:28:08.527+0000][6][safepoint    ] Safepoint "Cleanup", Time since last: 1617928980 ns, Reaching safepoint: 641182 ns, At safepoint: 43800 ns, Total: 684982 ns
[2020-08-12T17:28:09.529+0000][6][safepoint    ] Safepoint "Cleanup", Time since last: 1000353382 ns, Reaching safepoint: 725706 ns, At safepoint: 44600 ns, Total: 770306 ns
[2020-08-12T17:28:10.530+0000][6][safepoint    ] Safepoint "Cleanup", Time since last: 1000385819 ns, Reaching safepoint: 779481 ns, At safepoint: 44262 ns, Total: 823743 ns
[2020-08-12T17:28:11.531+0000][6][safepoint    ] Safepoint "Cleanup", Time since last: 1000395182 ns, Reaching safepoint: 872143 ns, At safepoint: 45874 ns, Total: 918017 ns
[2020-08-12T17:28:12.532+0000][6][safepoint    ] Safepoint "Cleanup", Time since last: 1000293596 ns, Reaching safepoint: 676094 ns, At safepoint: 28675 ns, Total: 704769 ns
[2020-08-12T17:28:13.533+0000][6][safepoint    ] Safepoint "Cleanup", Time since last: 1000265120 ns, Reaching safepoint: 899268 ns, At safepoint: 44624 ns, Total: 943892 ns
[2020-08-12T17:28:14.535+0000][6][safepoint    ] Safepoint "Cleanup", Time since last: 1000350245 ns, Reaching safepoint: 864818 ns, At safepoint: 44249 ns, Total: 909067 ns
[2020-08-12T17:28:15.536+0000][6][safepoint    ] Safepoint "Cleanup", Time since last: 1000393720 ns, Reaching safepoint: 809306 ns, At safepoint: 44524 ns, Total: 853830 ns
[2020-08-12T17:28:16.537+0000][6][safepoint    ] Safepoint "Cleanup", Time since last: 1000396470 ns, Reaching safepoint: 831442 ns, At safepoint: 44250 ns, Total: 875692 ns
[2020-08-12T17:28:18.480+0000][6][safepoint    ] Safepoint "Cleanup", Time since last: 1941720661 ns, Reaching safepoint: 815468 ns, At safepoint: 43737 ns, Total: 859205 ns
[2020-08-12T17:28:19.481+0000][6][safepoint    ] Safepoint "Cleanup", Time since last: 1000345820 ns, Reaching safepoint: 776731 ns, At safepoint: 44125 ns, Total: 820856 ns
[2020-08-12T17:28:20.482+0000][6][safepoint    ] Safepoint "Cleanup", Time since last: 1000399044 ns, Reaching safepoint: 835756 ns, At safepoint: 46037 ns, Total: 881793 ns
[2020-08-12T17:28:21.483+0000][6][safepoint    ] Safepoint "Cleanup", Time since last: 1000391394 ns, Reaching safepoint: 795581 ns, At safepoint: 45862 ns, Total: 841443 ns
[2020-08-12T17:28:22.485+0000][6][safepoint    ] Safepoint "Cleanup", Time since last: 1000343095 ns, Reaching safepoint: 1107890 ns, At safepoint: 62675 ns, Total: 1170565 ns
[2020-08-12T17:28:23.486+0000][6][safepoint    ] Safepoint "Cleanup", Time since last: 1000395931 ns, Reaching safepoint: 938567 ns, At safepoint: 43887 ns, Total: 982454 ns
[2020-08-12T17:28:24.487+0000][6][safepoint    ] Safepoint "Cleanup", Time since last: 1000382707 ns, Reaching safepoint: 700757 ns, At safepoint: 46512 ns, Total: 747269 ns
[2020-08-12T17:28:25.488+0000][6][safepoint    ] Safepoint "Cleanup", Time since last: 1000334233 ns, Reaching safepoint: 695569 ns, At safepoint: 45100 ns, Total: 740669 ns
[2020-08-12T17:28:26.489+0000][6][safepoint    ] Safepoint "Cleanup", Time since last: 1000346170 ns, Reaching safepoint: 598432 ns, At safepoint: 44487 ns, Total: 642919 ns
[2020-08-12T17:28:27.488+0000][6][safepoint    ] Safepoint "BulkRevokeBias", Time since last: 986626276 ns, Reaching safepoint: 2492591 ns, At safepoint: 9398306 ns, Total: 11890897 ns
[2020-08-12T17:28:28.565+0000][6][safepoint    ] Safepoint "Cleanup", Time since last: 1076521900 ns, Reaching safepoint: 828081 ns, At safepoint: 42774 ns, Total: 870855 ns
[2020-08-12T17:28:29.824+0000][6][safepoint    ] Safepoint "Cleanup", Time since last: 1257975460 ns, Reaching safepoint: 719107 ns, At safepoint: 57087 ns, Total: 776194 ns
[2020-08-12T17:28:30.825+0000][6][safepoint    ] Safepoint "Cleanup", Time since last: 1000346044 ns, Reaching safepoint: 898168 ns, At safepoint: 44337 ns, Total: 942505 ns
[2020-08-12T17:28:31.827+0000][6][safepoint    ] Safepoint "Cleanup", Time since last: 1000348695 ns, Reaching safepoint: 797205 ns, At safepoint: 44787 ns, Total: 841992 ns
[2020-08-12T17:28:32.828+0000][6][safepoint    ] Safepoint "Cleanup", Time since last: 1000430432 ns, Reaching safepoint: 773444 ns, At safepoint: 43899 ns, Total: 817343 ns
[2020-08-12T17:28:33.829+0000][6][safepoint    ] Safepoint "Cleanup", Time since last: 1000393970 ns, Reaching safepoint: 818918 ns, At safepoint: 44524 ns, Total: 863442 ns
[2020-08-12T17:28:34.830+0000][6][safepoint    ] Safepoint "Cleanup", Time since last: 1000355995 ns, Reaching safepoint: 778831 ns, At safepoint: 46287 ns, Total: 825118 ns
[2020-08-12T17:28:35.831+0000][6][safepoint    ] Safepoint "Cleanup", Time since last: 1000309058 ns, Reaching safepoint: 506121 ns, At safepoint: 56124 ns, Total: 562245 ns
[2020-08-12T17:28:36.832+0000][6][safepoint    ] Safepoint "Cleanup", Time since last: 1000327595 ns, Reaching safepoint: 790318 ns, At safepoint: 46375 ns, Total: 836693 ns
[2020-08-12T17:28:38.549+0000][6][safepoint    ] Safepoint "Cleanup", Time since last: 1716040220 ns, Reaching safepoint: 661345 ns, At safepoint: 53224 ns, Total: 714569 ns
[2020-08-12T17:28:39.550+0000][6][safepoint    ] Safepoint "Cleanup", Time since last: 1000348058 ns, Reaching safepoint: 812443 ns, At safepoint: 58637 ns, Total: 871080 ns
[2020-08-12T17:28:40.551+0000][6][safepoint    ] Safepoint "Cleanup", Time since last: 1000296495 ns, Reaching safepoint: 388047 ns, At safepoint: 18600 ns, Total: 406647 ns
[2020-08-12T17:28:41.552+0000][6][safepoint    ] Safepoint "Cleanup", Time since last: 1000244958 ns, Reaching safepoint: 840193 ns, At safepoint: 43874 ns, Total: 884067 ns
[2020-08-12T17:28:42.553+0000][6][safepoint    ] Safepoint "Cleanup", Time since last: 1000329070 ns, Reaching safepoint: 597008 ns, At safepoint: 31762 ns, Total: 628770 ns
[2020-08-12T17:28:43.554+0000][6][safepoint    ] Safepoint "Cleanup", Time since last: 1000258608 ns, Reaching safepoint: 898030 ns, At safepoint: 82987 ns, Total: 981017 ns
[2020-08-12T17:28:44.556+0000][6][safepoint    ] Safepoint "Cleanup", Time since last: 1000349320 ns, Reaching safepoint: 975316 ns, At safepoint: 53750 ns, Total: 1029066 ns
[2020-08-12T17:28:45.557+0000][6][safepoint    ] Safepoint "Cleanup", Time since last: 1000324495 ns, Reaching safepoint: 698169 ns, At safepoint: 32037 ns, Total: 730206 ns
[2020-08-12T17:28:46.558+0000][6][safepoint    ] Safepoint "Cleanup", Time since last: 1000416332 ns, Reaching safepoint: 852043 ns, At safepoint: 48687 ns, Total: 900730 ns
[2020-08-12T17:28:47.563+0000][6][safepoint    ] Safepoint "Cleanup", Time since last: 1004722494 ns, Reaching safepoint: 555246 ns, At safepoint: 13324 ns, Total: 568570 ns
[2020-08-12T17:28:48.564+0000][6][safepoint    ] Safepoint "Cleanup", Time since last: 1000384220 ns, Reaching safepoint: 590757 ns, At safepoint: 44850 ns, Total: 635607 ns
[2020-08-12T17:28:49.565+0000][6][safepoint    ] Safepoint "Cleanup", Time since last: 1000350257 ns, Reaching safepoint: 696757 ns, At safepoint: 45262 ns, Total: 742019 ns
[2020-08-12T17:28:50.567+0000][6][safepoint    ] Safepoint "Cleanup", Time since last: 1000445907 ns, Reaching safepoint: 708831 ns, At safepoint: 44525 ns, Total: 753356 ns
[2020-08-12T17:28:51.568+0000][6][safepoint    ] Safepoint "Cleanup", Time since last: 1000384744 ns, Reaching safepoint: 591833 ns, At safepoint: 44312 ns, Total: 636145 ns
[2020-08-12T17:28:52.569+0000][6][safepoint    ] Safepoint "Cleanup", Time since last: 1000307795 ns, Reaching safepoint: 795968 ns, At safepoint: 48425 ns, Total: 844393 ns
[2020-08-12T17:28:53.570+0000][6][safepoint    ] Safepoint "Cleanup", Time since last: 1000360182 ns, Reaching safepoint: 478784 ns, At safepoint: 54912 ns, Total: 533696 ns
[2020-08-12T17:28:54.571+0000][6][safepoint    ] Safepoint "Cleanup", Time since last: 1000384532 ns, Reaching safepoint: 567057 ns, At safepoint: 44987 ns, Total: 612044 ns
[2020-08-12T17:28:55.572+0000][6][safepoint    ] Safepoint "Cleanup", Time since last: 1000390345 ns, Reaching safepoint: 439859 ns, At safepoint: 44124 ns, Total: 483983 ns
[2020-08-12T17:28:56.573+0000][6][safepoint    ] Safepoint "Cleanup", Time since last: 1000391307 ns, Reaching safepoint: 627957 ns, At safepoint: 44550 ns, Total: 672507 ns
[2020-08-12T17:28:58.392+0000][6][safepoint    ] Safepoint "Cleanup", Time since last: 1818295551 ns, Reaching safepoint: 602457 ns, At safepoint: 53875 ns, Total: 656332 ns
[2020-08-12T17:28:59.890+0000][6][safepoint    ] Safepoint "Cleanup", Time since last: 1497631642 ns, Reaching safepoint: 1107128 ns, At safepoint: 63687 ns, Total: 1170815 ns
[2020-08-12T17:29:00.892+0000][6][safepoint    ] Safepoint "Cleanup", Time since last: 1000378032 ns, Reaching safepoint: 850543 ns, At safepoint: 43712 ns, Total: 894255 ns
[2020-08-12T17:29:01.893+0000][6][safepoint    ] Safepoint "Cleanup", Time since last: 1000350095 ns, Reaching safepoint: 775881 ns, At safepoint: 44762 ns, Total: 820643 ns
[2020-08-12T17:29:02.894+0000][6][safepoint    ] Safepoint "Cleanup", Time since last: 1000395519 ns, Reaching safepoint: 313135 ns, At safepoint: 14937 ns, Total: 328072 ns
[2020-08-12T17:29:03.895+0000][6][safepoint    ] Safepoint "Cleanup", Time since last: 1000235434 ns, Reaching safepoint: 899592 ns, At safepoint: 43850 ns, Total: 943442 ns
[2020-08-12T17:29:04.896+0000][6][safepoint    ] Safepoint "Cleanup", Time since last: 1000361882 ns, Reaching safepoint: 1147240 ns, At safepoint: 77624 ns, Total: 1224864 ns
[2020-08-12T17:29:05.897+0000][6][safepoint    ] Safepoint "Cleanup", Time since last: 1000354033 ns, Reaching safepoint: 751993 ns, At safepoint: 52637 ns, Total: 804630 ns
[2020-08-12T17:29:06.899+0000][6][safepoint    ] Safepoint "Cleanup", Time since last: 1000348158 ns, Reaching safepoint: 880692 ns, At safepoint: 43375 ns, Total: 924067 ns
[2020-08-12T17:29:08.578+0000][6][safepoint    ] Safepoint "Cleanup", Time since last: 1678052298 ns, Reaching safepoint: 823618 ns, At safepoint: 43925 ns, Total: 867543 ns
[2020-08-12T17:29:09.579+0000][6][safepoint    ] Safepoint "Cleanup", Time since last: 1000342732 ns, Reaching safepoint: 800543 ns, At safepoint: 44187 ns, Total: 844730 ns
[2020-08-12T17:29:10.580+0000][6][safepoint    ] Safepoint "Cleanup", Time since last: 1000633668 ns, Reaching safepoint: 753218 ns, At safepoint: 45175 ns, Total: 798393 ns
[2020-08-12T17:29:11.582+0000][6][safepoint    ] Safepoint "Cleanup", Time since last: 1000338307 ns, Reaching safepoint: 1119478 ns, At safepoint: 45462 ns, Total: 1164940 ns
[2020-08-12T17:29:12.583+0000][6][safepoint    ] Safepoint "Cleanup", Time since last: 1000387020 ns, Reaching safepoint: 382922 ns, At safepoint: 47112 ns, Total: 430034 ns
[2020-08-12T17:29:13.584+0000][6][safepoint    ] Safepoint "Cleanup", Time since last: 1000358620 ns, Reaching safepoint: 531758 ns, At safepoint: 44812 ns, Total: 576570 ns
[2020-08-12T17:29:14.585+0000][6][safepoint    ] Safepoint "Cleanup", Time since last: 1000438157 ns, Reaching safepoint: 594319 ns, At safepoint: 52975 ns, Total: 647294 ns
[2020-08-12T17:29:15.585+0000][6][safepoint    ] Safepoint "Cleanup", Time since last: 1000296820 ns, Reaching safepoint: 397534 ns, At safepoint: 20775 ns, Total: 418309 ns
[2020-08-12T17:29:16.586+0000][6][safepoint    ] Safepoint "Cleanup", Time since last: 1000262871 ns, Reaching safepoint: 763331 ns, At safepoint: 54587 ns, Total: 817918 ns
[2020-08-12T17:29:17.675+0000][6][safepoint    ] Safepoint "Cleanup", Time since last: 1088543321 ns, Reaching safepoint: 298935 ns, At safepoint: 19675 ns, Total: 318610 ns
[2020-08-12T17:29:18.680+0000][6][safepoint    ] Safepoint "Cleanup", Time since last: 1004040713 ns, Reaching safepoint: 870005 ns, At safepoint: 44337 ns, Total: 914342 ns
[2020-08-12T17:29:19.684+0000][6][safepoint    ] Safepoint "Cleanup", Time since last: 1002891911 ns, Reaching safepoint: 850980 ns, At safepoint: 76937 ns, Total: 927917 ns
[2020-08-12T17:29:20.685+0000][6][safepoint    ] Safepoint "Cleanup", Time since last: 1000338095 ns, Reaching safepoint: 732943 ns, At safepoint: 53112 ns, Total: 786055 ns
[2020-08-12T17:29:21.686+0000][6][safepoint    ] Safepoint "Cleanup", Time since last: 1000355508 ns, Reaching safepoint: 688256 ns, At safepoint: 46637 ns, Total: 734893 ns
[2020-08-12T17:29:22.687+0000][6][safepoint    ] Safepoint "Cleanup", Time since last: 1000291621 ns, Reaching safepoint: 645582 ns, At safepoint: 27249 ns, Total: 672831 ns
[2020-08-12T17:29:23.688+0000][6][safepoint    ] Safepoint "Cleanup", Time since last: 1000261446 ns, Reaching safepoint: 688844 ns, At safepoint: 46087 ns, Total: 734931 ns
[2020-08-12T17:29:24.689+0000][6][safepoint    ] Safepoint "Cleanup", Time since last: 1000339358 ns, Reaching safepoint: 882892 ns, At safepoint: 44200 ns, Total: 927092 ns
[2020-08-12T17:29:25.691+0000][6][safepoint    ] Safepoint "Cleanup", Time since last: 1000340007 ns, Reaching safepoint: 825993 ns, At safepoint: 44525 ns, Total: 870518 ns
[2020-08-12T17:29:26.692+0000][6][safepoint    ] Safepoint "Cleanup", Time since last: 1000395219 ns, Reaching safepoint: 853043 ns, At safepoint: 44625 ns, Total: 897668 ns
[2020-08-12T17:29:28.436+0000][6][safepoint    ] Safepoint "Cleanup", Time since last: 1742835402 ns, Reaching safepoint: 857505 ns, At safepoint: 44637 ns, Total: 902142 ns
[2020-08-12T17:29:29.904+0000][6][safepoint    ] Safepoint "Cleanup", Time since last: 1466993306 ns, Reaching safepoint: 994079 ns, At safepoint: 62962 ns, Total: 1057041 ns
[2020-08-12T17:29:30.905+0000][6][safepoint    ] Safepoint "Cleanup", Time since last: 1000703317 ns, Reaching safepoint: 814331 ns, At safepoint: 46849 ns, Total: 861180 ns
[2020-08-12T17:29:31.906+0000][6][safepoint    ] Safepoint "Cleanup", Time since last: 1000349533 ns, Reaching safepoint: 599382 ns, At safepoint: 44525 ns, Total: 643907 ns
[2020-08-12T17:29:32.907+0000][6][safepoint    ] Safepoint "Cleanup", Time since last: 1000284145 ns, Reaching safepoint: 315697 ns, At safepoint: 15950 ns, Total: 331647 ns
[2020-08-12T17:29:33.908+0000][6][safepoint    ] Safepoint "Cleanup", Time since last: 1000185897 ns, Reaching safepoint: 337584 ns, At safepoint: 58987 ns, Total: 396571 ns
[2020-08-12T17:29:34.909+0000][6][safepoint    ] Safepoint "Cleanup", Time since last: 1000310033 ns, Reaching safepoint: 691006 ns, At safepoint: 36000 ns, Total: 727006 ns
[2020-08-12T17:29:35.910+0000][6][safepoint    ] Safepoint "Cleanup", Time since last: 1000269546 ns, Reaching safepoint: 934717 ns, At safepoint: 44249 ns, Total: 978966 ns
[2020-08-12T17:29:36.911+0000][6][safepoint    ] Safepoint "Cleanup", Time since last: 1000432669 ns, Reaching safepoint: 721994 ns, At safepoint: 56737 ns, Total: 778731 ns
[2020-08-12T17:29:38.584+0000][6][safepoint    ] Safepoint "Cleanup", Time since last: 1672036950 ns, Reaching safepoint: 789219 ns, At safepoint: 313959 ns, Total: 1103178 ns
[2020-08-12T17:29:39.585+0000][6][safepoint    ] Safepoint "Cleanup", Time since last: 1000348345 ns, Reaching safepoint: 768719 ns, At safepoint: 46599 ns, Total: 815318 ns
[2020-08-12T17:29:40.586+0000][6][safepoint    ] Safepoint "Cleanup", Time since last: 1000300558 ns, Reaching safepoint: 458159 ns, At safepoint: 21725 ns, Total: 479884 ns
[2020-08-12T17:29:41.587+0000][6][safepoint    ] Safepoint "Cleanup", Time since last: 1000264745 ns, Reaching safepoint: 683931 ns, At safepoint: 43500 ns, Total: 727431 ns
[2020-08-12T17:29:42.588+0000][6][safepoint    ] Safepoint "Cleanup", Time since last: 1000285583 ns, Reaching safepoint: 558908 ns, At safepoint: 47050 ns, Total: 605958 ns
[2020-08-12T17:29:43.589+0000][6][safepoint    ] Safepoint "Cleanup", Time since last: 1000265033 ns, Reaching safepoint: 559807 ns, At safepoint: 86137 ns, Total: 645944 ns
[2020-08-12T17:29:44.590+0000][6][safepoint    ] Safepoint "Cleanup", Time since last: 1000344983 ns, Reaching safepoint: 580157 ns, At safepoint: 91762 ns, Total: 671919 ns
[2020-08-12T17:29:45.591+0000][6][safepoint    ] Safepoint "Cleanup", Time since last: 1000481031 ns, Reaching safepoint: 793768 ns, At safepoint: 46150 ns, Total: 839918 ns
[2020-08-12T17:29:46.593+0000][6][safepoint    ] Safepoint "Cleanup", Time since last: 1000342507 ns, Reaching safepoint: 872755 ns, At safepoint: 44025 ns, Total: 916780 ns
[2020-08-12T17:29:48.488+0000][6][safepoint    ] Safepoint "Cleanup", Time since last: 1894961665 ns, Reaching safepoint: 712231 ns, At safepoint: 45524 ns, Total: 757755 ns
[2020-08-12T17:29:49.489+0000][6][safepoint    ] Safepoint "Cleanup", Time since last: 1000341795 ns, Reaching safepoint: 839306 ns, At safepoint: 43912 ns, Total: 883218 ns
[2020-08-12T17:29:50.491+0000][6][safepoint    ] Safepoint "Cleanup", Time since last: 1000498556 ns, Reaching safepoint: 572782 ns, At safepoint: 18625 ns, Total: 591407 ns
[2020-08-12T17:29:51.492+0000][6][safepoint    ] Safepoint "Cleanup", Time since last: 1000219159 ns, Reaching safepoint: 1074366 ns, At safepoint: 62662 ns, Total: 1137028 ns
[2020-08-12T17:29:52.493+0000][6][safepoint    ] Safepoint "Cleanup", Time since last: 1000237645 ns, Reaching safepoint: 652157 ns, At safepoint: 29375 ns, Total: 681532 ns
[2020-08-12T17:29:53.493+0000][6][safepoint    ] Safepoint "Cleanup", Time since last: 1000253883 ns, Reaching safepoint: 387172 ns, At safepoint: 19650 ns, Total: 406822 ns
[2020-08-12T17:29:54.495+0000][6][safepoint    ] Safepoint "Cleanup", Time since last: 1000257758 ns, Reaching safepoint: 893167 ns, At safepoint: 44188 ns, Total: 937355 ns
[2020-08-12T17:29:55.496+0000][6][safepoint    ] Safepoint "Cleanup", Time since last: 1000360894 ns, Reaching safepoint: 549271 ns, At safepoint: 27999 ns, Total: 577270 ns
[2020-08-12T17:29:56.497+0000][6][safepoint    ] Safepoint "Cleanup", Time since last: 1000346270 ns, Reaching safepoint: 1037254 ns, At safepoint: 71599 ns, Total: 1108853 ns
[2020-08-12T17:29:57.500+0000][6][safepoint    ] Safepoint "Cleanup", Time since last: 1000313845 ns, Reaching safepoint: 2506791 ns, At safepoint: 49037 ns, Total: 2555828 ns
[2020-08-12T17:29:58.505+0000][6][safepoint    ] Safepoint "Cleanup", Time since last: 1004030614 ns, Reaching safepoint: 624094 ns, At safepoint: 55112 ns, Total: 679206 ns
[2020-08-12T17:29:59.961+0000][6][safepoint    ] Safepoint "Cleanup", Time since last: 1455584968 ns, Reaching safepoint: 1024341 ns, At safepoint: 57387 ns, Total: 1081728 ns
[2020-08-12T17:30:00.962+0000][6][safepoint    ] Safepoint "Cleanup", Time since last: 1000349432 ns, Reaching safepoint: 517971 ns, At safepoint: 44624 ns, Total: 562595 ns
[2020-08-12T17:30:01.964+0000][6][safepoint    ] Safepoint "Cleanup", Time since last: 1000395245 ns, Reaching safepoint: 1015704 ns, At safepoint: 49199 ns, Total: 1064903 ns
[2020-08-12T17:30:02.966+0000][6][safepoint    ] Safepoint "Cleanup", Time since last: 1001449423 ns, Reaching safepoint: 447096 ns, At safepoint: 24438 ns, Total: 471534 ns
[2020-08-12T17:30:03.967+0000][6][safepoint    ] Safepoint "Cleanup", Time since last: 1000248695 ns, Reaching safepoint: 868755 ns, At safepoint: 44500 ns, Total: 913255 ns
[2020-08-12T17:30:04.968+0000][6][safepoint    ] Safepoint "Cleanup", Time since last: 1000387620 ns, Reaching safepoint: 1139815 ns, At safepoint: 55787 ns, Total: 1195602 ns
[2020-08-12T17:30:05.970+0000][6][safepoint    ] Safepoint "Cleanup", Time since last: 1000340320 ns, Reaching safepoint: 906417 ns, At safepoint: 44175 ns, Total: 950592 ns
[2020-08-12T17:30:06.971+0000][6][safepoint    ] Safepoint "Cleanup", Time since last: 1000342520 ns, Reaching safepoint: 807093 ns, At safepoint: 43912 ns, Total: 851005 ns
[2020-08-12T17:30:08.608+0000][6][safepoint    ] Safepoint "Cleanup", Time since last: 1636548469 ns, Reaching safepoint: 932267 ns, At safepoint: 44074 ns, Total: 976341 ns
[2020-08-12T17:30:09.609+0000][6][safepoint    ] Safepoint "Cleanup", Time since last: 1000340220 ns, Reaching safepoint: 703457 ns, At safepoint: 53312 ns, Total: 756769 ns
[2020-08-12T17:30:10.611+0000][6][safepoint    ] Safepoint "Cleanup", Time since last: 1000342582 ns, Reaching safepoint: 892780 ns, At safepoint: 44237 ns, Total: 937017 ns
[2020-08-12T17:30:11.612+0000][6][safepoint    ] Safepoint "Cleanup", Time since last: 1000391582 ns, Reaching safepoint: 855580 ns, At safepoint: 68512 ns, Total: 924092 ns
[2020-08-12T17:30:12.613+0000][6][safepoint    ] Safepoint "Cleanup", Time since last: 1000293821 ns, Reaching safepoint: 570982 ns, At safepoint: 25150 ns, Total: 596132 ns
[2020-08-12T17:30:13.614+0000][6][safepoint    ] Safepoint "Cleanup", Time since last: 1000253708 ns, Reaching safepoint: 845643 ns, At safepoint: 44749 ns, Total: 890392 ns
[2020-08-12T17:30:14.615+0000][6][safepoint    ] Safepoint "Cleanup", Time since last: 1000389970 ns, Reaching safepoint: 882992 ns, At safepoint: 44413 ns, Total: 927405 ns
[2020-08-12T17:30:15.616+0000][6][safepoint    ] Safepoint "Cleanup", Time since last: 1000342669 ns, Reaching safepoint: 616145 ns, At safepoint: 52837 ns, Total: 668982 ns
[2020-08-12T17:30:16.617+0000][6][safepoint    ] Safepoint "Cleanup", Time since last: 1000323208 ns, Reaching safepoint: 549470 ns, At safepoint: 44950 ns, Total: 594420 ns
[2020-08-12T17:30:17.618+0000][6][safepoint    ] Safepoint "Cleanup", Time since last: 1000578880 ns, Reaching safepoint: 413947 ns, At safepoint: 18174 ns, Total: 432121 ns
[2020-08-12T17:30:18.632+0000][6][safepoint    ] Safepoint "Cleanup", Time since last: 1012463116 ns, Reaching safepoint: 869180 ns, At safepoint: 44562 ns, Total: 913742 ns
[2020-08-12T17:30:19.633+0000][6][safepoint    ] Safepoint "Cleanup", Time since last: 1000393332 ns, Reaching safepoint: 656657 ns, At safepoint: 44987 ns, Total: 701644 ns
[2020-08-12T17:30:20.634+0000][6][safepoint    ] Safepoint "Cleanup", Time since last: 1000403819 ns, Reaching safepoint: 434284 ns, At safepoint: 44337 ns, Total: 478621 ns
[2020-08-12T17:30:21.635+0000][6][safepoint    ] Safepoint "Cleanup", Time since last: 1000399570 ns, Reaching safepoint: 880580 ns, At safepoint: 45599 ns, Total: 926179 ns
[2020-08-12T17:30:22.637+0000][6][safepoint    ] Safepoint "Cleanup", Time since last: 1000389045 ns, Reaching safepoint: 1055978 ns, At safepoint: 65050 ns, Total: 1121028 ns
[2020-08-12T17:30:23.638+0000][6][safepoint    ] Safepoint "Cleanup", Time since last: 1000392994 ns, Reaching safepoint: 777906 ns, At safepoint: 43587 ns, Total: 821493 ns
[2020-08-12T17:30:24.639+0000][6][safepoint    ] Safepoint "Cleanup", Time since last: 1000382732 ns, Reaching safepoint: 841806 ns, At safepoint: 44874 ns, Total: 886680 ns
[2020-08-12T17:30:25.640+0000][6][safepoint    ] Safepoint "Cleanup", Time since last: 1000323645 ns, Reaching safepoint: 618233 ns, At safepoint: 34174 ns, Total: 652407 ns
[2020-08-12T17:30:26.641+0000][6][safepoint    ] Safepoint "Cleanup", Time since last: 1000335583 ns, Reaching safepoint: 620044 ns, At safepoint: 45887 ns, Total: 665931 ns
[2020-08-12T17:30:28.526+0000][6][safepoint    ] Safepoint "Cleanup", Time since last: 1884286432 ns, Reaching safepoint: 830530 ns, At safepoint: 44850 ns, Total: 875380 ns
[2020-08-12T17:30:29.850+0000][6][safepoint    ] Safepoint "Cleanup", Time since last: 1323259347 ns, Reaching safepoint: 1036678 ns, At safepoint: 44562 ns, Total: 1081240 ns
[2020-08-12T17:30:30.851+0000][6][safepoint    ] Safepoint "Cleanup", Time since last: 1000306146 ns, Reaching safepoint: 466946 ns, At safepoint: 23599 ns, Total: 490545 ns
[2020-08-12T17:30:31.852+0000][6][safepoint    ] Safepoint "Cleanup", Time since last: 1000266146 ns, Reaching safepoint: 692419 ns, At safepoint: 53500 ns, Total: 745919 ns
[2020-08-12T17:30:32.853+0000][6][safepoint    ] Safepoint "Cleanup", Time since last: 1000321082 ns, Reaching safepoint: 373747 ns, At safepoint: 27712 ns, Total: 401459 ns
[2020-08-12T17:30:33.854+0000][6][safepoint    ] Safepoint "Cleanup", Time since last: 1000293158 ns, Reaching safepoint: 658157 ns, At safepoint: 55312 ns, Total: 713469 ns
[2020-08-12T17:30:34.855+0000][6][safepoint    ] Safepoint "Cleanup", Time since last: 1000343895 ns, Reaching safepoint: 666657 ns, At safepoint: 45049 ns, Total: 711706 ns
[2020-08-12T17:30:35.856+0000][6][safepoint    ] Safepoint "Cleanup", Time since last: 1000319783 ns, Reaching safepoint: 761943 ns, At safepoint: 34713 ns, Total: 796656 ns
[2020-08-12T17:30:36.857+0000][6][safepoint    ] Safepoint "Cleanup", Time since last: 1000282908 ns, Reaching safepoint: 748493 ns, At safepoint: 44487 ns, Total: 792980 ns
[2020-08-12T17:30:38.590+0000][6][safepoint    ] Safepoint "Cleanup", Time since last: 1731395801 ns, Reaching safepoint: 942317 ns, At safepoint: 45000 ns, Total: 987317 ns
[2020-08-12T17:30:39.591+0000][6][safepoint    ] Safepoint "Cleanup", Time since last: 1000366657 ns, Reaching safepoint: 532995 ns, At safepoint: 27387 ns, Total: 560382 ns
[2020-08-12T17:30:40.592+0000][6][safepoint    ] Safepoint "Cleanup", Time since last: 1000361145 ns, Reaching safepoint: 810956 ns, At safepoint: 43624 ns, Total: 854580 ns
[2020-08-12T17:30:41.593+0000][6][safepoint    ] Safepoint "Cleanup", Time since last: 1000400057 ns, Reaching safepoint: 913380 ns, At safepoint: 43800 ns, Total: 957180 ns
[2020-08-12T17:30:42.594+0000][6][safepoint    ] Safepoint "Cleanup", Time since last: 1000292807 ns, Reaching safepoint: 685995 ns, At safepoint: 108811 ns, Total: 794806 ns
[2020-08-12T17:30:43.595+0000][6][safepoint    ] Safepoint "Cleanup", Time since last: 1000338620 ns, Reaching safepoint: 711294 ns, At safepoint: 44212 ns, Total: 755506 ns
[2020-08-12T17:30:44.597+0000][6][safepoint    ] Safepoint "Cleanup", Time since last: 1000343033 ns, Reaching safepoint: 981666 ns, At safepoint: 49425 ns, Total: 1031091 ns
[2020-08-12T17:30:45.598+0000][6][safepoint    ] Safepoint "Cleanup", Time since last: 1000334207 ns, Reaching safepoint: 451971 ns, At safepoint: 19550 ns, Total: 471521 ns
[2020-08-12T17:30:46.599+0000][6][safepoint    ] Safepoint "Cleanup", Time since last: 1000257758 ns, Reaching safepoint: 871380 ns, At safepoint: 44087 ns, Total: 915467 ns
[2020-08-12T17:30:48.587+0000][6][safepoint    ] Safepoint "Cleanup", Time since last: 1987689265 ns, Reaching safepoint: 316410 ns, At safepoint: 15250 ns, Total: 331660 ns
[2020-08-12T17:30:49.588+0000][6][safepoint    ] Safepoint "Cleanup", Time since last: 1000212571 ns, Reaching safepoint: 571820 ns, At safepoint: 29962 ns, Total: 601782 ns
[2020-08-12T17:30:50.589+0000][6][safepoint    ] Safepoint "Cleanup", Time since last: 1000303346 ns, Reaching safepoint: 884529 ns, At safepoint: 44725 ns, Total: 929254 ns
[2020-08-12T17:30:51.590+0000][6][safepoint    ] Safepoint "Cleanup", Time since last: 1000397407 ns, Reaching safepoint: 903692 ns, At safepoint: 44475 ns, Total: 948167 ns
[2020-08-12T17:30:52.592+0000][6][safepoint    ] Safepoint "Cleanup", Time since last: 1000339595 ns, Reaching safepoint: 1098028 ns, At safepoint: 65299 ns, Total: 1163327 ns
[2020-08-12T17:30:53.593+0000][6][safepoint    ] Safepoint "Cleanup", Time since last: 1000391720 ns, Reaching safepoint: 780255 ns, At safepoint: 69437 ns, Total: 849692 ns
[2020-08-12T17:30:54.594+0000][6][safepoint    ] Safepoint "Cleanup", Time since last: 1000396032 ns, Reaching safepoint: 757944 ns, At safepoint: 60862 ns, Total: 818806 ns
[2020-08-12T17:30:55.595+0000][6][safepoint    ] Safepoint "Cleanup", Time since last: 1000337845 ns, Reaching safepoint: 788093 ns, At safepoint: 55662 ns, Total: 843755 ns
[2020-08-12T17:30:56.597+0000][6][safepoint    ] Safepoint "Cleanup", Time since last: 1000381957 ns, Reaching safepoint: 975417 ns, At safepoint: 56724 ns, Total: 1032141 ns
[2020-08-12T17:30:58.497+0000][6][safepoint    ] Safepoint "Cleanup", Time since last: 1899586113 ns, Reaching safepoint: 300609 ns, At safepoint: 11413 ns, Total: 312022 ns
[2020-08-12T17:30:59.933+0000][6][safepoint    ] Safepoint "Cleanup", Time since last: 1435255543 ns, Reaching safepoint: 898317 ns, At safepoint: 44000 ns, Total: 942317 ns
[2020-08-12T17:31:00.934+0000][6][safepoint    ] Safepoint "Cleanup", Time since last: 1000402131 ns, Reaching safepoint: 828693 ns, At safepoint: 44925 ns, Total: 873618 ns
[2020-08-12T17:31:01.935+0000][6][safepoint    ] Safepoint "Cleanup", Time since last: 1000326995 ns, Reaching safepoint: 588245 ns, At safepoint: 53787 ns, Total: 642032 ns
[2020-08-12T17:31:02.936+0000][6][safepoint    ] Safepoint "Cleanup", Time since last: 1000295645 ns, Reaching safepoint: 340122 ns, At safepoint: 19500 ns, Total: 359622 ns
[2020-08-12T17:31:03.937+0000][6][safepoint    ] Safepoint "Cleanup", Time since last: 1000280821 ns, Reaching safepoint: 600982 ns, At safepoint: 51062 ns, Total: 652044 ns
[2020-08-12T17:31:04.938+0000][6][safepoint    ] Safepoint "Cleanup", Time since last: 1000343645 ns, Reaching safepoint: 562396 ns, At safepoint: 43612 ns, Total: 606008 ns
[2020-08-12T17:31:05.939+0000][6][safepoint    ] Safepoint "Cleanup", Time since last: 1000391044 ns, Reaching safepoint: 674007 ns, At safepoint: 53187 ns, Total: 727194 ns
[2020-08-12T17:31:06.940+0000][6][safepoint    ] Safepoint "Cleanup", Time since last: 1000389969 ns, Reaching safepoint: 848843 ns, At safepoint: 47050 ns, Total: 895893 ns
[2020-08-12T17:31:07.560+0000][6][gc,start     ] GC(50) Pause Young (Normal) (G1 Evacuation Pause)
[2020-08-12T17:31:07.561+0000][6][gc,task      ] GC(50) Using 2 workers of 2 for evacuation
[2020-08-12T17:31:07.561+0000][6][gc,age       ] GC(50) Desired survivor size 40370176 bytes, new threshold 15 (max threshold 15)
[2020-08-12T17:31:07.573+0000][6][gc,age       ] GC(50) Age table with threshold 15 (max threshold 15)
[2020-08-12T17:31:07.574+0000][6][gc,age       ] GC(50) - age   1:     245136 bytes,     245136 total
[2020-08-12T17:31:07.574+0000][6][gc,age       ] GC(50) - age   2:    1109936 bytes,    1355072 total
[2020-08-12T17:31:07.574+0000][6][gc,age       ] GC(50) - age   3:     152336 bytes,    1507408 total
[2020-08-12T17:31:07.574+0000][6][gc,age       ] GC(50) - age   4:      42520 bytes,    1549928 total
[2020-08-12T17:31:07.574+0000][6][gc,age       ] GC(50) - age   5:      61176 bytes,    1611104 total
[2020-08-12T17:31:07.574+0000][6][gc,age       ] GC(50) - age   6:      38328 bytes,    1649432 total
[2020-08-12T17:31:07.574+0000][6][gc,age       ] GC(50) - age   7:      94328 bytes,    1743760 total
[2020-08-12T17:31:07.574+0000][6][gc,age       ] GC(50) - age   8:      30800 bytes,    1774560 total
[2020-08-12T17:31:07.574+0000][6][gc,age       ] GC(50) - age   9:      69552 bytes,    1844112 total
[2020-08-12T17:31:07.574+0000][6][gc,age       ] GC(50) - age  10:      38008 bytes,    1882120 total
[2020-08-12T17:31:07.574+0000][6][gc,age       ] GC(50) - age  11:      94912 bytes,    1977032 total
[2020-08-12T17:31:07.574+0000][6][gc,age       ] GC(50) - age  12:      28136 bytes,    2005168 total
[2020-08-12T17:31:07.574+0000][6][gc,age       ] GC(50) - age  13:      30192 bytes,    2035360 total
[2020-08-12T17:31:07.574+0000][6][gc,age       ] GC(50) - age  14:     201696 bytes,    2237056 total
[2020-08-12T17:31:07.574+0000][6][gc,age       ] GC(50) - age  15:      46464 bytes,    2283520 total
[2020-08-12T17:31:07.574+0000][6][gc,phases    ] GC(50)   Pre Evacuate Collection Set: 0.4ms
[2020-08-12T17:31:07.574+0000][6][gc,phases    ] GC(50)   Merge Heap Roots: 0.4ms
[2020-08-12T17:31:07.575+0000][6][gc,phases    ] GC(50)   Evacuate Collection Set: 7.8ms
[2020-08-12T17:31:07.575+0000][6][gc,phases    ] GC(50)   Post Evacuate Collection Set: 3.8ms
[2020-08-12T17:31:07.575+0000][6][gc,phases    ] GC(50)   Other: 1.8ms
[2020-08-12T17:31:07.575+0000][6][gc,heap      ] GC(50) Eden regions: 611->0(611)
[2020-08-12T17:31:07.575+0000][6][gc,heap      ] GC(50) Survivor regions: 3->3(77)
[2020-08-12T17:31:07.575+0000][6][gc,heap      ] GC(50) Old regions: 78->78
[2020-08-12T17:31:07.575+0000][6][gc,heap      ] GC(50) Archive regions: 2->2
[2020-08-12T17:31:07.575+0000][6][gc,heap      ] GC(50) Humongous regions: 7->7
[2020-08-12T17:31:07.575+0000][6][gc,metaspace ] GC(50) Metaspace: 97787K(105528K)->97787K(105528K) NonClass: 85251K(89912K)->85251K(89912K) Class: 12535K(15616K)->12535K(15616K)
[2020-08-12T17:31:07.575+0000][6][gc           ] GC(50) Pause Young (Normal) (G1 Evacuation Pause) 698M->87M(1024M) 14.733ms
[2020-08-12T17:31:07.575+0000][6][gc,cpu       ] GC(50) User=0.02s Sys=0.00s Real=0.02s
[2020-08-12T17:31:07.575+0000][6][safepoint    ] Safepoint "G1CollectForAllocation", Time since last: 619690816 ns, Reaching safepoint: 655357 ns, At safepoint: 15085757 ns, Total: 15741114 ns
[2020-08-12T17:31:08.586+0000][6][safepoint    ] Safepoint "Cleanup", Time since last: 1009223756 ns, Reaching safepoint: 947179 ns, At safepoint: 44550 ns, Total: 991729 ns
[2020-08-12T17:31:09.587+0000][6][safepoint    ] Safepoint "Cleanup", Time since last: 1000352682 ns, Reaching safepoint: 778706 ns, At safepoint: 44112 ns, Total: 822818 ns
[2020-08-12T17:31:10.588+0000][6][safepoint    ] Safepoint "Cleanup", Time since last: 1000419520 ns, Reaching safepoint: 473695 ns, At safepoint: 25225 ns, Total: 498920 ns
[2020-08-12T17:31:11.590+0000][6][safepoint    ] Safepoint "Cleanup", Time since last: 1001287512 ns, Reaching safepoint: 739006 ns, At safepoint: 44662 ns, Total: 783668 ns
[2020-08-12T17:31:12.591+0000][6][safepoint    ] Safepoint "Cleanup", Time since last: 1000374458 ns, Reaching safepoint: 844767 ns, At safepoint: 42612 ns, Total: 887379 ns
[2020-08-12T17:31:13.592+0000][6][safepoint    ] Safepoint "Cleanup", Time since last: 1000261383 ns, Reaching safepoint: 408459 ns, At safepoint: 20638 ns, Total: 429097 ns
[2020-08-12T17:31:14.593+0000][6][safepoint    ] Safepoint "Cleanup", Time since last: 1000260796 ns, Reaching safepoint: 597532 ns, At safepoint: 45712 ns, Total: 643244 ns
[2020-08-12T17:31:15.593+0000][6][safepoint    ] Safepoint "Cleanup", Time since last: 1000296408 ns, Reaching safepoint: 408584 ns, At safepoint: 56762 ns, Total: 465346 ns
[2020-08-12T17:31:16.594+0000][6][safepoint    ] Safepoint "Cleanup", Time since last: 1000368995 ns, Reaching safepoint: 581382 ns, At safepoint: 44800 ns, Total: 626182 ns
[2020-08-12T17:31:18.563+0000][6][safepoint    ] Safepoint "Cleanup", Time since last: 1967667437 ns, Reaching safepoint: 682094 ns, At safepoint: 37362 ns, Total: 719456 ns
[2020-08-12T17:31:19.564+0000][6][safepoint    ] Safepoint "Cleanup", Time since last: 1000312595 ns, Reaching safepoint: 515733 ns, At safepoint: 44438 ns, Total: 560171 ns
[2020-08-12T17:31:20.564+0000][6][safepoint    ] Safepoint "Cleanup", Time since last: 1000312658 ns, Reaching safepoint: 413808 ns, At safepoint: 25538 ns, Total: 439346 ns
[2020-08-12T17:31:21.565+0000][6][safepoint    ] Safepoint "Cleanup", Time since last: 1000263283 ns, Reaching safepoint: 669307 ns, At safepoint: 44824 ns, Total: 714131 ns
[2020-08-12T17:31:22.567+0000][6][safepoint    ] Safepoint "Cleanup", Time since last: 1000299695 ns, Reaching safepoint: 856193 ns, At safepoint: 75449 ns, Total: 931642 ns
[2020-08-12T17:31:23.568+0000][6][safepoint    ] Safepoint "Cleanup", Time since last: 1000803116 ns, Reaching safepoint: 693894 ns, At safepoint: 46463 ns, Total: 740357 ns
[2020-08-12T17:31:24.569+0000][6][safepoint    ] Safepoint "Cleanup", Time since last: 1000348945 ns, Reaching safepoint: 878030 ns, At safepoint: 44512 ns, Total: 922542 ns
[2020-08-12T17:31:25.571+0000][6][safepoint    ] Safepoint "Cleanup", Time since last: 1000355429 ns, Reaching safepoint: 879580 ns, At safepoint: 43487 ns, Total: 923067 ns
[2020-08-12T17:31:26.572+0000][6][safepoint    ] Safepoint "Cleanup", Time since last: 1000432373 ns, Reaching safepoint: 902029 ns, At safepoint: 47438 ns, Total: 949467 ns
[2020-08-12T17:31:28.454+0000][6][safepoint    ] Safepoint "Cleanup", Time since last: 1881424267 ns, Reaching safepoint: 680982 ns, At safepoint: 52662 ns, Total: 733644 ns
[2020-08-12T17:31:29.047+0000][6][safepoint    ] Safepoint "BulkRevokeBias", Time since last: 590838478 ns, Reaching safepoint: 381459 ns, At safepoint: 1381801 ns, Total: 1763260 ns
[2020-08-12T17:31:30.051+0000][6][safepoint    ] Safepoint "Cleanup", Time since last: 1003670433 ns, Reaching safepoint: 677994 ns, At safepoint: 21662 ns, Total: 699656 ns
[2020-08-12T17:31:31.052+0000][6][safepoint    ] Safepoint "Cleanup", Time since last: 1000248237 ns, Reaching safepoint: 644482 ns, At safepoint: 44638 ns, Total: 689120 ns
[2020-08-12T17:31:32.053+0000][6][safepoint    ] Safepoint "Cleanup", Time since last: 1000343399 ns, Reaching safepoint: 682094 ns, At safepoint: 44900 ns, Total: 726994 ns
[2020-08-12T17:31:33.054+0000][6][safepoint    ] Safepoint "Cleanup", Time since last: 1000298124 ns, Reaching safepoint: 385184 ns, At safepoint: 23350 ns, Total: 408534 ns
[2020-08-12T17:31:34.055+0000][6][safepoint    ] Safepoint "Cleanup", Time since last: 1000225176 ns, Reaching safepoint: 371146 ns, At safepoint: 44337 ns, Total: 415483 ns
[2020-08-12T17:31:35.055+0000][6][safepoint    ] Safepoint "Cleanup", Time since last: 1000286650 ns, Reaching safepoint: 360235 ns, At safepoint: 22824 ns, Total: 383059 ns
[2020-08-12T17:31:36.056+0000][6][safepoint    ] Safepoint "Cleanup", Time since last: 1000231576 ns, Reaching safepoint: 612544 ns, At safepoint: 43725 ns, Total: 656269 ns
[2020-08-12T17:31:37.057+0000][6][safepoint    ] Safepoint "Cleanup", Time since last: 1000323812 ns, Reaching safepoint: 965367 ns, At safepoint: 44187 ns, Total: 1009554 ns
[2020-08-12T17:31:38.544+0000][6][safepoint    ] Safepoint "Cleanup", Time since last: 1485195069 ns, Reaching safepoint: 830405 ns, At safepoint: 44862 ns, Total: 875267 ns
[2020-08-12T17:31:39.545+0000][6][safepoint    ] Safepoint "Cleanup", Time since last: 1000411949 ns, Reaching safepoint: 864367 ns, At safepoint: 44162 ns, Total: 908529 ns
[2020-08-12T17:31:40.546+0000][6][safepoint    ] Safepoint "Cleanup", Time since last: 1000404911 ns, Reaching safepoint: 741807 ns, At safepoint: 45524 ns, Total: 787331 ns
[2020-08-12T17:31:41.547+0000][6][safepoint    ] Safepoint "Cleanup", Time since last: 1000350762 ns, Reaching safepoint: 808193 ns, At safepoint: 58499 ns, Total: 866692 ns
[2020-08-12T17:31:42.549+0000][6][safepoint    ] Safepoint "Cleanup", Time since last: 1000313287 ns, Reaching safepoint: 1030929 ns, At safepoint: 42425 ns, Total: 1073354 ns
[2020-08-12T17:31:43.549+0000][6][safepoint    ] Safepoint "Cleanup", Time since last: 1000259325 ns, Reaching safepoint: 409146 ns, At safepoint: 20300 ns, Total: 429446 ns
[2020-08-12T17:31:44.553+0000][6][safepoint    ] Safepoint "Cleanup", Time since last: 1002837765 ns, Reaching safepoint: 856668 ns, At safepoint: 44224 ns, Total: 900892 ns
[2020-08-12T17:31:45.554+0000][6][safepoint    ] Safepoint "Cleanup", Time since last: 1000353500 ns, Reaching safepoint: 735731 ns, At safepoint: 45412 ns, Total: 781143 ns
[2020-08-12T17:31:46.555+0000][6][safepoint    ] Safepoint "Cleanup", Time since last: 1000351087 ns, Reaching safepoint: 753231 ns, At safepoint: 54774 ns, Total: 808005 ns
[2020-08-12T17:31:48.476+0000][6][safepoint    ] Safepoint "Cleanup", Time since last: 1919705449 ns, Reaching safepoint: 593007 ns, At safepoint: 44412 ns, Total: 637419 ns
[2020-08-12T17:31:49.476+0000][6][safepoint    ] Safepoint "Cleanup", Time since last: 1000387049 ns, Reaching safepoint: 335597 ns, At safepoint: 34038 ns, Total: 369635 ns
[2020-08-12T17:31:50.477+0000][6][safepoint    ] Safepoint "Cleanup", Time since last: 1000209063 ns, Reaching safepoint: 678569 ns, At safepoint: 55012 ns, Total: 733581 ns
[2020-08-12T17:31:51.479+0000][6][safepoint    ] Safepoint "Cleanup", Time since last: 1000364224 ns, Reaching safepoint: 826893 ns, At safepoint: 44374 ns, Total: 871267 ns
[2020-08-12T17:31:52.480+0000][6][safepoint    ] Safepoint "Cleanup", Time since last: 1000352212 ns, Reaching safepoint: 806205 ns, At safepoint: 44175 ns, Total: 850380 ns
[2020-08-12T17:31:53.481+0000][6][safepoint    ] Safepoint "Cleanup", Time since last: 1000403586 ns, Reaching safepoint: 866868 ns, At safepoint: 57649 ns, Total: 924517 ns
[2020-08-12T17:31:54.482+0000][6][safepoint    ] Safepoint "Cleanup", Time since last: 1000340674 ns, Reaching safepoint: 656370 ns, At safepoint: 44187 ns, Total: 700557 ns
[2020-08-12T17:31:55.483+0000][6][safepoint    ] Safepoint "Cleanup", Time since last: 1000288037 ns, Reaching safepoint: 561733 ns, At safepoint: 25525 ns, Total: 587258 ns
[2020-08-12T17:31:56.484+0000][6][safepoint    ] Safepoint "Cleanup", Time since last: 1000260350 ns, Reaching safepoint: 847517 ns, At safepoint: 46300 ns, Total: 893817 ns
[2020-08-12T17:31:58.450+0000][6][safepoint    ] Safepoint "Cleanup", Time since last: 1965510290 ns, Reaching safepoint: 659007 ns, At safepoint: 54000 ns, Total: 713007 ns
[2020-08-12T17:31:59.903+0000][6][safepoint    ] Safepoint "Cleanup", Time since last: 1452088767 ns, Reaching safepoint: 670107 ns, At safepoint: 46675 ns, Total: 716782 ns
[2020-08-12T17:32:00.905+0000][6][safepoint    ] Safepoint "Cleanup", Time since last: 1000350399 ns, Reaching safepoint: 896305 ns, At safepoint: 44512 ns, Total: 940817 ns
[2020-08-12T17:32:01.906+0000][6][safepoint    ] Safepoint "Cleanup", Time since last: 1000437986 ns, Reaching safepoint: 778705 ns, At safepoint: 43550 ns, Total: 822255 ns
[2020-08-12T17:32:02.908+0000][6][safepoint    ] Safepoint "Cleanup", Time since last: 1000410736 ns, Reaching safepoint: 1388163 ns, At safepoint: 54487 ns, Total: 1442650 ns
[2020-08-12T17:32:03.909+0000][6][safepoint    ] Safepoint "Cleanup", Time since last: 1000278250 ns, Reaching safepoint: 772593 ns, At safepoint: 43837 ns, Total: 816430 ns
[2020-08-12T17:32:04.910+0000][6][safepoint    ] Safepoint "Cleanup", Time since last: 1000481749 ns, Reaching safepoint: 958754 ns, At safepoint: 44674 ns, Total: 1003428 ns
[2020-08-12T17:32:05.911+0000][6][safepoint    ] Safepoint "Cleanup", Time since last: 1000293288 ns, Reaching safepoint: 493520 ns, At safepoint: 18388 ns, Total: 511908 ns
[2020-08-12T17:32:06.912+0000][6][safepoint    ] Safepoint "Cleanup", Time since last: 1000239900 ns, Reaching safepoint: 891392 ns, At safepoint: 58212 ns, Total: 949604 ns
[2020-08-12T17:32:07.639+0000][6][safepoint    ] Safepoint "BulkRevokeBias", Time since last: 691211160 ns, Reaching safepoint: 33014465 ns, At safepoint: 2417979 ns, Total: 35432444 ns
[2020-08-12T17:32:08.640+0000][6][safepoint    ] Safepoint "Cleanup", Time since last: 1000273750 ns, Reaching safepoint: 819430 ns, At safepoint: 44275 ns, Total: 863705 ns
[2020-08-12T17:32:09.641+0000][6][safepoint    ] Safepoint "Cleanup", Time since last: 1000340999 ns, Reaching safepoint: 855030 ns, At safepoint: 44087 ns, Total: 899117 ns
[2020-08-12T17:32:10.642+0000][6][safepoint    ] Safepoint "Cleanup", Time since last: 1000354000 ns, Reaching safepoint: 600319 ns, At safepoint: 74687 ns, Total: 675006 ns
[2020-08-12T17:32:11.644+0000][6][safepoint    ] Safepoint "Cleanup", Time since last: 1000340249 ns, Reaching safepoint: 857643 ns, At safepoint: 44012 ns, Total: 901655 ns
[2020-08-12T17:32:12.668+0000][6][safepoint    ] Safepoint "Cleanup", Time since last: 1020929034 ns, Reaching safepoint: 3292621 ns, At safepoint: 26875 ns, Total: 3319496 ns
[2020-08-12T17:32:13.669+0000][6][safepoint    ] Safepoint "Cleanup", Time since last: 1000299212 ns, Reaching safepoint: 769744 ns, At safepoint: 103249 ns, Total: 872993 ns
[2020-08-12T17:32:14.670+0000][6][safepoint    ] Safepoint "Cleanup", Time since last: 1000387336 ns, Reaching safepoint: 837843 ns, At safepoint: 43824 ns, Total: 881667 ns
[2020-08-12T17:32:15.671+0000][6][safepoint    ] Safepoint "Cleanup", Time since last: 1000305913 ns, Reaching safepoint: 492833 ns, At safepoint: 22450 ns, Total: 515283 ns
[2020-08-12T17:32:16.672+0000][6][safepoint    ] Safepoint "Cleanup", Time since last: 1000261162 ns, Reaching safepoint: 930430 ns, At safepoint: 43649 ns, Total: 974079 ns
[2020-08-12T17:32:18.572+0000][6][safepoint    ] Safepoint "Cleanup", Time since last: 1899612660 ns, Reaching safepoint: 394609 ns, At safepoint: 19063 ns, Total: 413672 ns
[2020-08-12T17:32:19.573+0000][6][safepoint    ] Safepoint "Cleanup", Time since last: 1000207788 ns, Reaching safepoint: 689581 ns, At safepoint: 27712 ns, Total: 717293 ns
[2020-08-12T17:32:20.574+0000][6][safepoint    ] Safepoint "Cleanup", Time since last: 1000323125 ns, Reaching safepoint: 517108 ns, At safepoint: 23825 ns, Total: 540933 ns
[2020-08-12T17:32:21.575+0000][6][safepoint    ] Safepoint "Cleanup", Time since last: 1000269650 ns, Reaching safepoint: 857917 ns, At safepoint: 58075 ns, Total: 915992 ns
[2020-08-12T17:32:22.576+0000][6][safepoint    ] Safepoint "Cleanup", Time since last: 1000338574 ns, Reaching safepoint: 738831 ns, At safepoint: 56600 ns, Total: 795431 ns
[2020-08-12T17:32:23.578+0000][6][safepoint    ] Safepoint "Cleanup", Time since last: 1000349262 ns, Reaching safepoint: 830842 ns, At safepoint: 44287 ns, Total: 875129 ns
[2020-08-12T17:32:24.579+0000][6][safepoint    ] Safepoint "Cleanup", Time since last: 1000337212 ns, Reaching safepoint: 855055 ns, At safepoint: 127524 ns, Total: 982579 ns
[2020-08-12T17:32:25.580+0000][6][safepoint    ] Safepoint "Cleanup", Time since last: 1000343987 ns, Reaching safepoint: 798243 ns, At safepoint: 43712 ns, Total: 841955 ns
[2020-08-12T17:32:26.581+0000][6][safepoint    ] Safepoint "Cleanup", Time since last: 1000346149 ns, Reaching safepoint: 804343 ns, At safepoint: 43675 ns, Total: 848018 ns
[2020-08-12T17:32:28.394+0000][6][safepoint    ] Safepoint "Cleanup", Time since last: 1811428598 ns, Reaching safepoint: 826168 ns, At safepoint: 44124 ns, Total: 870292 ns
[2020-08-12T17:32:30.024+0000][6][safepoint    ] Safepoint "Cleanup", Time since last: 1629818993 ns, Reaching safepoint: 697482 ns, At safepoint: 44149 ns, Total: 741631 ns
[2020-08-12T17:32:31.025+0000][6][safepoint    ] Safepoint "Cleanup", Time since last: 1000279938 ns, Reaching safepoint: 545920 ns, At safepoint: 14912 ns, Total: 560832 ns
[2020-08-12T17:32:32.026+0000][6][safepoint    ] Safepoint "Cleanup", Time since last: 1000230476 ns, Reaching safepoint: 704169 ns, At safepoint: 56812 ns, Total: 760981 ns
[2020-08-12T17:32:33.027+0000][6][safepoint    ] Safepoint "Cleanup", Time since last: 1000336536 ns, Reaching safepoint: 369810 ns, At safepoint: 38699 ns, Total: 408509 ns
[2020-08-12T17:32:34.028+0000][6][safepoint    ] Safepoint "Cleanup", Time since last: 1000372087 ns, Reaching safepoint: 605695 ns, At safepoint: 55324 ns, Total: 661019 ns
[2020-08-12T17:32:35.029+0000][6][safepoint    ] Safepoint "Cleanup", Time since last: 1000456761 ns, Reaching safepoint: 864092 ns, At safepoint: 44100 ns, Total: 908192 ns
[2020-08-12T17:32:36.031+0000][6][safepoint    ] Safepoint "Cleanup", Time since last: 1000344299 ns, Reaching safepoint: 992642 ns, At safepoint: 44249 ns, Total: 1036891 ns
[2020-08-12T17:32:37.032+0000][6][safepoint    ] Safepoint "Cleanup", Time since last: 1000396674 ns, Reaching safepoint: 807156 ns, At safepoint: 43762 ns, Total: 850918 ns
[2020-08-12T17:32:38.636+0000][6][safepoint    ] Safepoint "Cleanup", Time since last: 1603787181 ns, Reaching safepoint: 725456 ns, At safepoint: 57374 ns, Total: 782830 ns
[2020-08-12T17:32:39.637+0000][6][safepoint    ] Safepoint "Cleanup", Time since last: 1000341725 ns, Reaching safepoint: 605632 ns, At safepoint: 44350 ns, Total: 649982 ns
[2020-08-12T17:32:40.638+0000][6][safepoint    ] Safepoint "Cleanup", Time since last: 1000333936 ns, Reaching safepoint: 420447 ns, At safepoint: 42674 ns, Total: 463121 ns
[2020-08-12T17:32:41.639+0000][6][safepoint    ] Safepoint "Cleanup", Time since last: 1000297050 ns, Reaching safepoint: 685219 ns, At safepoint: 53075 ns, Total: 738294 ns
[2020-08-12T17:32:42.641+0000][6][safepoint    ] Safepoint "Cleanup", Time since last: 1000342499 ns, Reaching safepoint: 1030154 ns, At safepoint: 63062 ns, Total: 1093216 ns
[2020-08-12T17:32:43.642+0000][6][safepoint    ] Safepoint "Cleanup", Time since last: 1000342586 ns, Reaching safepoint: 773856 ns, At safepoint: 43725 ns, Total: 817581 ns
[2020-08-12T17:32:44.643+0000][6][safepoint    ] Safepoint "Cleanup", Time since last: 1000394861 ns, Reaching safepoint: 839868 ns, At safepoint: 44012 ns, Total: 883880 ns
[2020-08-12T17:32:45.644+0000][6][safepoint    ] Safepoint "Cleanup", Time since last: 1000348399 ns, Reaching safepoint: 747531 ns, At safepoint: 45325 ns, Total: 792856 ns
[2020-08-12T17:32:46.645+0000][6][safepoint    ] Safepoint "Cleanup", Time since last: 1000348736 ns, Reaching safepoint: 691144 ns, At safepoint: 54300 ns, Total: 745444 ns
[2020-08-12T17:32:48.522+0000][6][safepoint    ] Safepoint "Cleanup", Time since last: 1875511206 ns, Reaching safepoint: 645832 ns, At safepoint: 52412 ns, Total: 698244 ns
[2020-08-12T17:32:49.523+0000][6][safepoint    ] Safepoint "Cleanup", Time since last: 1000389674 ns, Reaching safepoint: 810643 ns, At safepoint: 43712 ns, Total: 854355 ns
[2020-08-12T17:32:50.195+0000][6][safepoint    ] Safepoint "BulkRevokeBias", Time since last: 671367807 ns, Reaching safepoint: 259297 ns, At safepoint: 859018 ns, Total: 1118315 ns
[2020-08-12T17:32:51.196+0000][6][safepoint    ] Safepoint "Cleanup", Time since last: 1000252100 ns, Reaching safepoint: 706694 ns, At safepoint: 55512 ns, Total: 762206 ns
[2020-08-12T17:32:52.197+0000][6][safepoint    ] Safepoint "Cleanup", Time since last: 1000344337 ns, Reaching safepoint: 662894 ns, At safepoint: 43762 ns, Total: 706656 ns
[2020-08-12T17:32:53.198+0000][6][safepoint    ] Safepoint "Cleanup", Time since last: 1000341912 ns, Reaching safepoint: 503221 ns, At safepoint: 44137 ns, Total: 547358 ns
[2020-08-12T17:32:54.199+0000][6][safepoint    ] Safepoint "Cleanup", Time since last: 1000339711 ns, Reaching safepoint: 730944 ns, At safepoint: 46150 ns, Total: 777094 ns
[2020-08-12T17:32:55.200+0000][6][safepoint    ] Safepoint "Cleanup", Time since last: 1000317624 ns, Reaching safepoint: 753269 ns, At safepoint: 45349 ns, Total: 798618 ns
[2020-08-12T17:32:56.202+0000][6][safepoint    ] Safepoint "Cleanup", Time since last: 1000282200 ns, Reaching safepoint: 827743 ns, At safepoint: 44112 ns, Total: 871855 ns
[2020-08-12T17:32:57.203+0000][6][safepoint    ] Safepoint "Cleanup", Time since last: 1000369699 ns, Reaching safepoint: 1017191 ns, At safepoint: 49225 ns, Total: 1066416 ns
[2020-08-12T17:32:58.483+0000][6][safepoint    ] Safepoint "Cleanup", Time since last: 1279191838 ns, Reaching safepoint: 541908 ns, At safepoint: 39974 ns, Total: 581882 ns
[2020-08-12T17:32:59.942+0000][6][safepoint    ] Safepoint "Cleanup", Time since last: 1458503000 ns, Reaching safepoint: 826618 ns, At safepoint: 59149 ns, Total: 885767 ns
[2020-08-12T17:33:00.943+0000][6][safepoint    ] Safepoint "Cleanup", Time since last: 1000356524 ns, Reaching safepoint: 655557 ns, At safepoint: 44112 ns, Total: 699669 ns
[2020-08-12T17:33:01.945+0000][6][safepoint    ] Safepoint "Cleanup", Time since last: 1000348362 ns, Reaching safepoint: 895842 ns, At safepoint: 45013 ns, Total: 940855 ns
[2020-08-12T17:33:02.946+0000][6][safepoint    ] Safepoint "Cleanup", Time since last: 1000308749 ns, Reaching safepoint: 753094 ns, At safepoint: 32724 ns, Total: 785818 ns
[2020-08-12T17:33:03.947+0000][6][safepoint    ] Safepoint "Cleanup", Time since last: 1000369499 ns, Reaching safepoint: 806481 ns, At safepoint: 45149 ns, Total: 851630 ns
[2020-08-12T17:33:04.948+0000][6][safepoint    ] Safepoint "Cleanup", Time since last: 1000438874 ns, Reaching safepoint: 840193 ns, At safepoint: 59674 ns, Total: 899867 ns
[2020-08-12T17:33:05.949+0000][6][safepoint    ] Safepoint "Cleanup", Time since last: 1000339162 ns, Reaching safepoint: 754968 ns, At safepoint: 44463 ns, Total: 799431 ns
[2020-08-12T17:33:06.951+0000][6][safepoint    ] Safepoint "Cleanup", Time since last: 1000321937 ns, Reaching safepoint: 892779 ns, At safepoint: 44200 ns, Total: 936979 ns
[2020-08-12T17:33:08.554+0000][6][safepoint    ] Safepoint "Cleanup", Time since last: 1602645503 ns, Reaching safepoint: 862555 ns, At safepoint: 44137 ns, Total: 906692 ns
[2020-08-12T17:33:09.555+0000][6][safepoint    ] Safepoint "Cleanup", Time since last: 1000339875 ns, Reaching safepoint: 773605 ns, At safepoint: 57212 ns, Total: 830817 ns
[2020-08-12T17:33:10.556+0000][6][safepoint    ] Safepoint "Cleanup", Time since last: 1000294850 ns, Reaching safepoint: 378659 ns, At safepoint: 16438 ns, Total: 395097 ns
[2020-08-12T17:33:11.557+0000][6][safepoint    ] Safepoint "Cleanup", Time since last: 1000210288 ns, Reaching safepoint: 431233 ns, At safepoint: 26888 ns, Total: 458121 ns
[2020-08-12T17:33:12.557+0000][6][safepoint    ] Safepoint "Cleanup", Time since last: 1000249187 ns, Reaching safepoint: 472009 ns, At safepoint: 28762 ns, Total: 500771 ns
[2020-08-12T17:33:13.558+0000][6][safepoint    ] Safepoint "Cleanup", Time since last: 1000275875 ns, Reaching safepoint: 585907 ns, At safepoint: 38687 ns, Total: 624594 ns
[2020-08-12T17:33:14.559+0000][6][safepoint    ] Safepoint "Cleanup", Time since last: 1000322737 ns, Reaching safepoint: 632332 ns, At safepoint: 53937 ns, Total: 686269 ns
[2020-08-12T17:33:15.561+0000][6][safepoint    ] Safepoint "Cleanup", Time since last: 1000337750 ns, Reaching safepoint: 1049866 ns, At safepoint: 62812 ns, Total: 1112678 ns
[2020-08-12T17:33:16.562+0000][6][safepoint    ] Safepoint "Cleanup", Time since last: 1000351561 ns, Reaching safepoint: 522746 ns, At safepoint: 27462 ns, Total: 550208 ns
[2020-08-12T17:33:17.563+0000][6][safepoint    ] Safepoint "Cleanup", Time since last: 1000282812 ns, Reaching safepoint: 1149440 ns, At safepoint: 57250 ns, Total: 1206690 ns
[2020-08-12T17:33:18.567+0000][6][safepoint    ] Safepoint "Cleanup", Time since last: 1003196187 ns, Reaching safepoint: 894405 ns, At safepoint: 43749 ns, Total: 938154 ns
[2020-08-12T17:33:19.568+0000][6][safepoint    ] Safepoint "Cleanup", Time since last: 1000348562 ns, Reaching safepoint: 566008 ns, At safepoint: 44512 ns, Total: 610520 ns
[2020-08-12T17:33:21.408+0000][6][safepoint    ] Safepoint "Cleanup", Time since last: 1838741061 ns, Reaching safepoint: 681757 ns, At safepoint: 46437 ns, Total: 728194 ns
[2020-08-12T17:33:22.409+0000][6][safepoint    ] Safepoint "Cleanup", Time since last: 1000371536 ns, Reaching safepoint: 845218 ns, At safepoint: 45312 ns, Total: 890530 ns
[2020-08-12T17:33:23.410+0000][6][safepoint    ] Safepoint "Cleanup", Time since last: 1000349649 ns, Reaching safepoint: 746294 ns, At safepoint: 44712 ns, Total: 791006 ns
[2020-08-12T17:33:24.411+0000][6][safepoint    ] Safepoint "Cleanup", Time since last: 1000349224 ns, Reaching safepoint: 626932 ns, At safepoint: 46338 ns, Total: 673270 ns
[2020-08-12T17:33:25.413+0000][6][safepoint    ] Safepoint "Cleanup", Time since last: 1000354224 ns, Reaching safepoint: 1305626 ns, At safepoint: 106137 ns, Total: 1411763 ns
[2020-08-12T17:33:26.414+0000][6][safepoint    ] Safepoint "Cleanup", Time since last: 1000533385 ns, Reaching safepoint: 757756 ns, At safepoint: 44299 ns, Total: 802055 ns
[2020-08-12T17:33:27.415+0000][6][safepoint    ] Safepoint "Cleanup", Time since last: 1000278837 ns, Reaching safepoint: 479834 ns, At safepoint: 15462 ns, Total: 495296 ns
[2020-08-12T17:33:28.498+0000][6][safepoint    ] Safepoint "Cleanup", Time since last: 1082305153 ns, Reaching safepoint: 826868 ns, At safepoint: 58825 ns, Total: 885693 ns
[2020-08-12T17:33:30.018+0000][6][safepoint    ] Safepoint "Cleanup", Time since last: 1519233599 ns, Reaching safepoint: 761581 ns, At safepoint: 46812 ns, Total: 808393 ns
[2020-08-12T17:33:31.020+0000][6][safepoint    ] Safepoint "Cleanup", Time since last: 1000387787 ns, Reaching safepoint: 835030 ns, At safepoint: 44450 ns, Total: 879480 ns
[2020-08-12T17:33:32.021+0000][6][safepoint    ] Safepoint "Cleanup", Time since last: 1000389511 ns, Reaching safepoint: 804543 ns, At safepoint: 43887 ns, Total: 848430 ns
[2020-08-12T17:33:33.021+0000][6][safepoint    ] Safepoint "Cleanup", Time since last: 1000348874 ns, Reaching safepoint: 263460 ns, At safepoint: 11188 ns, Total: 274648 ns
[2020-08-12T17:33:34.022+0000][6][safepoint    ] Safepoint "Cleanup", Time since last: 1000189175 ns, Reaching safepoint: 331560 ns, At safepoint: 17475 ns, Total: 349035 ns
[2020-08-12T17:33:35.022+0000][6][safepoint    ] Safepoint "Cleanup", Time since last: 1000166838 ns, Reaching safepoint: 265748 ns, At safepoint: 11012 ns, Total: 276760 ns
[2020-08-12T17:33:36.023+0000][6][safepoint    ] Safepoint "Cleanup", Time since last: 1000193888 ns, Reaching safepoint: 624945 ns, At safepoint: 55024 ns, Total: 679969 ns
[2020-08-12T17:33:37.024+0000][6][safepoint    ] Safepoint "Cleanup", Time since last: 1000361212 ns, Reaching safepoint: 706844 ns, At safepoint: 52362 ns, Total: 759206 ns
[2020-08-12T17:33:38.543+0000][6][safepoint    ] Safepoint "Cleanup", Time since last: 1518150672 ns, Reaching safepoint: 419896 ns, At safepoint: 25337 ns, Total: 445233 ns
[2020-08-12T17:33:39.544+0000][6][safepoint    ] Safepoint "Cleanup", Time since last: 1000210238 ns, Reaching safepoint: 572245 ns, At safepoint: 30475 ns, Total: 602720 ns
[2020-08-12T17:33:40.545+0000][6][safepoint    ] Safepoint "Cleanup", Time since last: 1000371249 ns, Reaching safepoint: 819755 ns, At safepoint: 37913 ns, Total: 857668 ns
[2020-08-12T17:33:41.546+0000][6][safepoint    ] Safepoint "Cleanup", Time since last: 1000253287 ns, Reaching safepoint: 881205 ns, At safepoint: 46699 ns, Total: 927904 ns
[2020-08-12T17:33:42.547+0000][6][safepoint    ] Safepoint "Cleanup", Time since last: 1000345075 ns, Reaching safepoint: 773731 ns, At safepoint: 46012 ns, Total: 819743 ns
[2020-08-12T17:33:43.549+0000][6][safepoint    ] Safepoint "Cleanup", Time since last: 1000366586 ns, Reaching safepoint: 840693 ns, At safepoint: 44825 ns, Total: 885518 ns
[2020-08-12T17:33:44.550+0000][6][safepoint    ] Safepoint "Cleanup", Time since last: 1000349974 ns, Reaching safepoint: 783205 ns, At safepoint: 44938 ns, Total: 828143 ns
[2020-08-12T17:33:45.551+0000][6][safepoint    ] Safepoint "Cleanup", Time since last: 1000354811 ns, Reaching safepoint: 711469 ns, At safepoint: 63162 ns, Total: 774631 ns
[2020-08-12T17:33:46.552+0000][6][safepoint    ] Safepoint "Cleanup", Time since last: 1000276450 ns, Reaching safepoint: 634132 ns, At safepoint: 92924 ns, Total: 727056 ns
[2020-08-12T17:33:47.553+0000][6][safepoint    ] Safepoint "Cleanup", Time since last: 1000304600 ns, Reaching safepoint: 520883 ns, At safepoint: 24499 ns, Total: 545382 ns
[2020-08-12T17:33:48.569+0000][6][safepoint    ] Safepoint "Cleanup", Time since last: 1015484356 ns, Reaching safepoint: 825706 ns, At safepoint: 69849 ns, Total: 895555 ns
[2020-08-12T17:33:49.570+0000][6][safepoint    ] Safepoint "Cleanup", Time since last: 1000351025 ns, Reaching safepoint: 729206 ns, At safepoint: 44237 ns, Total: 773443 ns
[2020-08-12T17:33:50.571+0000][6][safepoint    ] Safepoint "Cleanup", Time since last: 1000288399 ns, Reaching safepoint: 417747 ns, At safepoint: 21687 ns, Total: 439434 ns
[2020-08-12T17:33:51.573+0000][6][safepoint    ] Safepoint "Cleanup", Time since last: 1000248088 ns, Reaching safepoint: 1854221 ns, At safepoint: 55937 ns, Total: 1910158 ns
[2020-08-12T17:33:52.574+0000][6][safepoint    ] Safepoint "Cleanup", Time since last: 1000316575 ns, Reaching safepoint: 739618 ns, At safepoint: 46200 ns, Total: 785818 ns
[2020-08-12T17:33:53.575+0000][6][safepoint    ] Safepoint "Cleanup", Time since last: 1000342424 ns, Reaching safepoint: 723006 ns, At safepoint: 55437 ns, Total: 778443 ns
[2020-08-12T17:33:54.577+0000][6][safepoint    ] Safepoint "Cleanup", Time since last: 1000395575 ns, Reaching safepoint: 837355 ns, At safepoint: 44187 ns, Total: 881542 ns
[2020-08-12T17:33:55.577+0000][6][safepoint    ] Safepoint "Cleanup", Time since last: 1000338436 ns, Reaching safepoint: 326247 ns, At safepoint: 15763 ns, Total: 342010 ns
[2020-08-12T17:33:56.578+0000][6][safepoint    ] Safepoint "Cleanup", Time since last: 1000241225 ns, Reaching safepoint: 721694 ns, At safepoint: 44574 ns, Total: 766268 ns
[2020-08-12T17:33:58.520+0000][6][safepoint    ] Safepoint "Cleanup", Time since last: 1940470170 ns, Reaching safepoint: 684669 ns, At safepoint: 44487 ns, Total: 729156 ns
[2020-08-12T17:33:59.915+0000][6][safepoint    ] Safepoint "Cleanup", Time since last: 1395196510 ns, Reaching safepoint: 556657 ns, At safepoint: 26938 ns, Total: 583595 ns
[2020-08-12T17:34:00.917+0000][6][safepoint    ] Safepoint "Cleanup", Time since last: 1000290362 ns, Reaching safepoint: 860892 ns, At safepoint: 44687 ns, Total: 905579 ns
[2020-08-12T17:34:01.918+0000][6][safepoint    ] Safepoint "Cleanup", Time since last: 1000464424 ns, Reaching safepoint: 740868 ns, At safepoint: 43312 ns, Total: 784180 ns
[2020-08-12T17:34:02.923+0000][6][safepoint    ] Safepoint "Cleanup", Time since last: 1002200209 ns, Reaching safepoint: 2601127 ns, At safepoint: 49862 ns, Total: 2650989 ns
[2020-08-12T17:34:03.924+0000][6][safepoint    ] Safepoint "Cleanup", Time since last: 1000334749 ns, Reaching safepoint: 602083 ns, At safepoint: 34112 ns, Total: 636195 ns
[2020-08-12T17:34:04.925+0000][6][safepoint    ] Safepoint "Cleanup", Time since last: 1000365549 ns, Reaching safepoint: 688132 ns, At safepoint: 46387 ns, Total: 734519 ns
[2020-08-12T17:34:05.926+0000][6][safepoint    ] Safepoint "Cleanup", Time since last: 1000394936 ns, Reaching safepoint: 702294 ns, At safepoint: 54525 ns, Total: 756819 ns
[2020-08-12T17:34:06.927+0000][6][safepoint    ] Safepoint "Cleanup", Time since last: 1000460348 ns, Reaching safepoint: 853280 ns, At safepoint: 46362 ns, Total: 899642 ns
[2020-08-12T17:34:08.609+0000][6][safepoint    ] Safepoint "Cleanup", Time since last: 1681307935 ns, Reaching safepoint: 779731 ns, At safepoint: 39925 ns, Total: 819656 ns
[2020-08-12T17:34:09.610+0000][6][safepoint    ] Safepoint "Cleanup", Time since last: 1000325787 ns, Reaching safepoint: 669044 ns, At safepoint: 46712 ns, Total: 715756 ns
[2020-08-12T17:34:10.611+0000][6][safepoint    ] Safepoint "Cleanup", Time since last: 1000300500 ns, Reaching safepoint: 446333 ns, At safepoint: 18175 ns, Total: 464508 ns
[2020-08-12T17:34:11.612+0000][6][safepoint    ] Safepoint "Cleanup", Time since last: 1000244725 ns, Reaching safepoint: 678382 ns, At safepoint: 46112 ns, Total: 724494 ns
[2020-08-12T17:34:12.613+0000][6][safepoint    ] Safepoint "Cleanup", Time since last: 1000350937 ns, Reaching safepoint: 746894 ns, At safepoint: 44687 ns, Total: 791581 ns
[2020-08-12T17:34:13.614+0000][6][safepoint    ] Safepoint "Cleanup", Time since last: 1000344849 ns, Reaching safepoint: 750806 ns, At safepoint: 55674 ns, Total: 806480 ns
[2020-08-12T17:34:14.616+0000][6][safepoint    ] Safepoint "Cleanup", Time since last: 1000389049 ns, Reaching safepoint: 685594 ns, At safepoint: 46225 ns, Total: 731819 ns
[2020-08-12T17:34:15.617+0000][6][safepoint    ] Safepoint "Cleanup", Time since last: 1000437686 ns, Reaching safepoint: 503908 ns, At safepoint: 44375 ns, Total: 548283 ns
[2020-08-12T17:34:16.618+0000][6][safepoint    ] Safepoint "Cleanup", Time since last: 1000445623 ns, Reaching safepoint: 783731 ns, At safepoint: 43949 ns, Total: 827680 ns
[2020-08-12T17:34:18.582+0000][6][safepoint    ] Safepoint "Cleanup", Time since last: 1963722993 ns, Reaching safepoint: 743719 ns, At safepoint: 46099 ns, Total: 789818 ns
[2020-08-12T17:34:19.583+0000][6][safepoint    ] Safepoint "Cleanup", Time since last: 1000352338 ns, Reaching safepoint: 643106 ns, At safepoint: 46525 ns, Total: 689631 ns
[2020-08-12T17:34:20.584+0000][6][safepoint    ] Safepoint "Cleanup", Time since last: 1000288087 ns, Reaching safepoint: 675894 ns, At safepoint: 55662 ns, Total: 731556 ns
[2020-08-12T17:34:21.586+0000][6][safepoint    ] Safepoint "Cleanup", Time since last: 1000393524 ns, Reaching safepoint: 905067 ns, At safepoint: 43787 ns, Total: 948854 ns
[2020-08-12T17:34:22.587+0000][6][safepoint    ] Safepoint "Cleanup", Time since last: 1000375549 ns, Reaching safepoint: 891318 ns, At safepoint: 46624 ns, Total: 937942 ns
[2020-08-12T17:34:23.588+0000][6][safepoint    ] Safepoint "Cleanup", Time since last: 1000342374 ns, Reaching safepoint: 809106 ns, At safepoint: 44150 ns, Total: 853256 ns
[2020-08-12T17:34:24.589+0000][6][safepoint    ] Safepoint "Cleanup", Time since last: 1000341611 ns, Reaching safepoint: 641195 ns, At safepoint: 44437 ns, Total: 685632 ns
[2020-08-12T17:34:25.590+0000][6][safepoint    ] Safepoint "Cleanup", Time since last: 1000295025 ns, Reaching safepoint: 351559 ns, At safepoint: 16825 ns, Total: 368384 ns
[2020-08-12T17:34:26.591+0000][6][safepoint    ] Safepoint "Cleanup", Time since last: 1000250587 ns, Reaching safepoint: 837206 ns, At safepoint: 66887 ns, Total: 904093 ns
[2020-08-12T17:34:28.476+0000][6][safepoint    ] Safepoint "Cleanup", Time since last: 1883767959 ns, Reaching safepoint: 672682 ns, At safepoint: 52362 ns, Total: 725044 ns
[2020-08-12T17:34:29.918+0000][6][safepoint    ] Safepoint "Cleanup", Time since last: 1441615596 ns, Reaching safepoint: 586370 ns, At safepoint: 54987 ns, Total: 641357 ns
[2020-08-12T17:34:30.919+0000][6][safepoint    ] Safepoint "Cleanup", Time since last: 1000643259 ns, Reaching safepoint: 375447 ns, At safepoint: 106274 ns, Total: 481721 ns
[2020-08-12T17:34:31.920+0000][6][safepoint    ] Safepoint "Cleanup", Time since last: 1000311937 ns, Reaching safepoint: 608595 ns, At safepoint: 109724 ns, Total: 718319 ns
[2020-08-12T17:34:32.921+0000][6][safepoint    ] Safepoint "Cleanup", Time since last: 1000333487 ns, Reaching safepoint: 598394 ns, At safepoint: 28975 ns, Total: 627369 ns
[2020-08-12T17:34:33.922+0000][6][safepoint    ] Safepoint "Cleanup", Time since last: 1000227675 ns, Reaching safepoint: 473059 ns, At safepoint: 25575 ns, Total: 498634 ns
[2020-08-12T17:34:34.923+0000][6][safepoint    ] Safepoint "Cleanup", Time since last: 1000333836 ns, Reaching safepoint: 774631 ns, At safepoint: 43287 ns, Total: 817918 ns
[2020-08-12T17:34:35.924+0000][6][safepoint    ] Safepoint "Cleanup", Time since last: 1000385587 ns, Reaching safepoint: 1034341 ns, At safepoint: 44299 ns, Total: 1078640 ns
[2020-08-12T17:34:36.925+0000][6][safepoint    ] Safepoint "Cleanup", Time since last: 1000325100 ns, Reaching safepoint: 769331 ns, At safepoint: 46312 ns, Total: 815643 ns
[2020-08-12T17:34:38.555+0000][6][safepoint    ] Safepoint "Cleanup", Time since last: 1628298881 ns, Reaching safepoint: 759581 ns, At safepoint: 53600 ns, Total: 813181 ns
[2020-08-12T17:34:39.556+0000][6][safepoint    ] Safepoint "Cleanup", Time since last: 1000475760 ns, Reaching safepoint: 642082 ns, At safepoint: 55112 ns, Total: 697194 ns
[2020-08-12T17:34:40.557+0000][6][safepoint    ] Safepoint "Cleanup", Time since last: 1000395612 ns, Reaching safepoint: 594432 ns, At safepoint: 54674 ns, Total: 649106 ns
[2020-08-12T17:34:41.558+0000][6][safepoint    ] Safepoint "Cleanup", Time since last: 1000392374 ns, Reaching safepoint: 537033 ns, At safepoint: 46375 ns, Total: 583408 ns
[2020-08-12T17:34:42.559+0000][6][safepoint    ] Safepoint "Cleanup", Time since last: 1000389336 ns, Reaching safepoint: 858655 ns, At safepoint: 45475 ns, Total: 904130 ns
[2020-08-12T17:34:43.560+0000][6][safepoint    ] Safepoint "Cleanup", Time since last: 1000344462 ns, Reaching safepoint: 797318 ns, At safepoint: 53787 ns, Total: 851105 ns
[2020-08-12T17:34:44.561+0000][6][safepoint    ] Safepoint "Cleanup", Time since last: 1000333337 ns, Reaching safepoint: 680331 ns, At safepoint: 46037 ns, Total: 726368 ns
[2020-08-12T17:34:45.562+0000][6][safepoint    ] Safepoint "Cleanup", Time since last: 1000287450 ns, Reaching safepoint: 533145 ns, At safepoint: 22613 ns, Total: 555758 ns
[2020-08-12T17:34:46.563+0000][6][safepoint    ] Safepoint "Cleanup", Time since last: 1000276262 ns, Reaching safepoint: 670982 ns, At safepoint: 44762 ns, Total: 715744 ns
[2020-08-12T17:34:47.564+0000][6][safepoint    ] Safepoint "Cleanup", Time since last: 1000315362 ns, Reaching safepoint: 536708 ns, At safepoint: 39587 ns, Total: 576295 ns
[2020-08-12T17:34:48.575+0000][6][safepoint    ] Safepoint "Cleanup", Time since last: 1010284363 ns, Reaching safepoint: 579333 ns, At safepoint: 90999 ns, Total: 670332 ns
[2020-08-12T17:34:49.576+0000][6][safepoint    ] Safepoint "Cleanup", Time since last: 1000347574 ns, Reaching safepoint: 640407 ns, At safepoint: 55300 ns, Total: 695707 ns
[2020-08-12T17:34:50.577+0000][6][safepoint    ] Safepoint "Cleanup", Time since last: 1000344849 ns, Reaching safepoint: 1057416 ns, At safepoint: 62012 ns, Total: 1119428 ns
[2020-08-12T17:34:51.579+0000][6][safepoint    ] Safepoint "Cleanup", Time since last: 1000296412 ns, Reaching safepoint: 814693 ns, At safepoint: 203686 ns, Total: 1018379 ns
[2020-08-12T17:34:52.580+0000][6][safepoint    ] Safepoint "Cleanup", Time since last: 1000980168 ns, Reaching safepoint: 471384 ns, At safepoint: 58024 ns, Total: 529408 ns
[2020-08-12T17:34:53.581+0000][6][safepoint    ] Safepoint "Cleanup", Time since last: 1000350449 ns, Reaching safepoint: 683545 ns, At safepoint: 46474 ns, Total: 730019 ns
[2020-08-12T17:34:54.582+0000][6][safepoint    ] Safepoint "Cleanup", Time since last: 1000350874 ns, Reaching safepoint: 674919 ns, At safepoint: 44188 ns, Total: 719107 ns
[2020-08-12T17:34:55.583+0000][6][safepoint    ] Safepoint "Cleanup", Time since last: 1000287799 ns, Reaching safepoint: 455971 ns, At safepoint: 22113 ns, Total: 478084 ns
[2020-08-12T17:34:56.584+0000][6][safepoint    ] Safepoint "Cleanup", Time since last: 1000244337 ns, Reaching safepoint: 781119 ns, At safepoint: 57812 ns, Total: 838931 ns
[2020-08-12T17:34:58.459+0000][6][safepoint    ] Safepoint "Cleanup", Time since last: 1873852195 ns, Reaching safepoint: 613582 ns, At safepoint: 45787 ns, Total: 659369 ns
[2020-08-12T17:34:59.905+0000][6][safepoint    ] Safepoint "Cleanup", Time since last: 1444956230 ns, Reaching safepoint: 799080 ns, At safepoint: 44575 ns, Total: 843655 ns
[2020-08-12T17:35:00.906+0000][6][safepoint    ] Safepoint "Cleanup", Time since last: 1000413249 ns, Reaching safepoint: 541882 ns, At safepoint: 44262 ns, Total: 586144 ns
[2020-08-12T17:35:01.907+0000][6][safepoint    ] Safepoint "Cleanup", Time since last: 1000384474 ns, Reaching safepoint: 605958 ns, At safepoint: 44862 ns, Total: 650820 ns
[2020-08-12T17:35:02.908+0000][6][safepoint    ] Safepoint "Cleanup", Time since last: 1000288599 ns, Reaching safepoint: 554158 ns, At safepoint: 50525 ns, Total: 604683 ns
[2020-08-12T17:35:04.133+0000][6][safepoint    ] Safepoint "Cleanup", Time since last: 1224794433 ns, Reaching safepoint: 553083 ns, At safepoint: 93186 ns, Total: 646269 ns
[2020-08-12T17:35:05.134+0000][6][safepoint    ] Safepoint "Cleanup", Time since last: 1000361050 ns, Reaching safepoint: 686644 ns, At safepoint: 53149 ns, Total: 739793 ns
[2020-08-12T17:35:06.135+0000][6][safepoint    ] Safepoint "Cleanup", Time since last: 1000319525 ns, Reaching safepoint: 557382 ns, At safepoint: 30950 ns, Total: 588332 ns
[2020-08-12T17:35:07.136+0000][6][safepoint    ] Safepoint "Cleanup", Time since last: 1000278800 ns, Reaching safepoint: 564720 ns, At safepoint: 44375 ns, Total: 609095 ns
[2020-08-12T17:35:08.568+0000][6][safepoint    ] Safepoint "Cleanup", Time since last: 1431650207 ns, Reaching safepoint: 695656 ns, At safepoint: 44825 ns, Total: 740481 ns
[2020-08-12T17:35:09.569+0000][6][safepoint    ] Safepoint "Cleanup", Time since last: 1000345686 ns, Reaching safepoint: 672482 ns, At safepoint: 44625 ns, Total: 717107 ns
[2020-08-12T17:35:10.570+0000][6][safepoint    ] Safepoint "Cleanup", Time since last: 1000345774 ns, Reaching safepoint: 636694 ns, At safepoint: 47988 ns, Total: 684682 ns
[2020-08-12T17:35:11.571+0000][6][safepoint    ] Safepoint "Cleanup", Time since last: 1000310612 ns, Reaching safepoint: 630819 ns, At safepoint: 43962 ns, Total: 674781 ns
[2020-08-12T17:35:12.572+0000][6][safepoint    ] Safepoint "Cleanup", Time since last: 1000381287 ns, Reaching safepoint: 667519 ns, At safepoint: 54225 ns, Total: 721744 ns
[2020-08-12T17:35:13.573+0000][6][safepoint    ] Safepoint "Cleanup", Time since last: 1000341674 ns, Reaching safepoint: 644569 ns, At safepoint: 44887 ns, Total: 689456 ns
[2020-08-12T17:35:14.575+0000][6][safepoint    ] Safepoint "Cleanup", Time since last: 1000342062 ns, Reaching safepoint: 825655 ns, At safepoint: 43950 ns, Total: 869605 ns
[2020-08-12T17:35:15.575+0000][6][safepoint    ] Safepoint "Cleanup", Time since last: 1000331700 ns, Reaching safepoint: 327534 ns, At safepoint: 16138 ns, Total: 343672 ns
[2020-08-12T17:35:16.576+0000][6][safepoint    ] Safepoint "Cleanup", Time since last: 1000240225 ns, Reaching safepoint: 710768 ns, At safepoint: 46113 ns, Total: 756881 ns
[2020-08-12T17:35:18.567+0000][6][safepoint    ] Safepoint "Cleanup", Time since last: 1990506199 ns, Reaching safepoint: 594920 ns, At safepoint: 44049 ns, Total: 638969 ns
[2020-08-12T17:35:19.569+0000][6][safepoint    ] Safepoint "Cleanup", Time since last: 1000907182 ns, Reaching safepoint: 694069 ns, At safepoint: 55174 ns, Total: 749243 ns
[2020-08-12T17:35:20.570+0000][6][safepoint    ] Safepoint "Cleanup", Time since last: 1000350762 ns, Reaching safepoint: 562933 ns, At safepoint: 44324 ns, Total: 607257 ns
[2020-08-12T17:35:21.571+0000][6][safepoint    ] Safepoint "Cleanup", Time since last: 1000303013 ns, Reaching safepoint: 714693 ns, At safepoint: 74200 ns, Total: 788893 ns
[2020-08-12T17:35:22.572+0000][6][safepoint    ] Safepoint "Cleanup", Time since last: 1000344487 ns, Reaching safepoint: 846355 ns, At safepoint: 45074 ns, Total: 891429 ns
[2020-08-12T17:35:23.574+0000][6][safepoint    ] Safepoint "Cleanup", Time since last: 1000333887 ns, Reaching safepoint: 837168 ns, At safepoint: 44112 ns, Total: 881280 ns
[2020-08-12T17:35:24.575+0000][6][safepoint    ] Safepoint "Cleanup", Time since last: 1000351674 ns, Reaching safepoint: 782569 ns, At safepoint: 44712 ns, Total: 827281 ns
[2020-08-12T17:35:25.576+0000][6][safepoint    ] Safepoint "Cleanup", Time since last: 1000363436 ns, Reaching safepoint: 360397 ns, At safepoint: 17225 ns, Total: 377622 ns
[2020-08-12T17:35:26.576+0000][6][safepoint    ] Safepoint "Cleanup", Time since last: 1000189513 ns, Reaching safepoint: 532395 ns, At safepoint: 19388 ns, Total: 551783 ns
[2020-08-12T17:35:28.407+0000][6][safepoint    ] Safepoint "Cleanup", Time since last: 1829670777 ns, Reaching safepoint: 658020 ns, At safepoint: 45487 ns, Total: 703507 ns
[2020-08-12T17:35:29.911+0000][6][safepoint    ] Safepoint "Cleanup", Time since last: 1503922744 ns, Reaching safepoint: 632445 ns, At safepoint: 44762 ns, Total: 677207 ns
[2020-08-12T17:35:30.912+0000][6][safepoint    ] Safepoint "Cleanup", Time since last: 1000306674 ns, Reaching safepoint: 568146 ns, At safepoint: 56949 ns, Total: 625095 ns
[2020-08-12T17:35:31.913+0000][6][safepoint    ] Safepoint "Cleanup", Time since last: 1000346674 ns, Reaching safepoint: 736256 ns, At safepoint: 44912 ns, Total: 781168 ns
[2020-08-12T17:35:32.914+0000][6][safepoint    ] Safepoint "Cleanup", Time since last: 1000288663 ns, Reaching safepoint: 504133 ns, At safepoint: 21275 ns, Total: 525408 ns
[2020-08-12T17:35:33.915+0000][6][safepoint    ] Safepoint "Cleanup", Time since last: 1000248787 ns, Reaching safepoint: 404372 ns, At safepoint: 29987 ns, Total: 434359 ns
[2020-08-12T17:35:34.915+0000][6][safepoint    ] Safepoint "Cleanup", Time since last: 1000310649 ns, Reaching safepoint: 289735 ns, At safepoint: 12800 ns, Total: 302535 ns
[2020-08-12T17:35:35.916+0000][6][safepoint    ] Safepoint "Cleanup", Time since last: 1000225913 ns, Reaching safepoint: 625032 ns, At safepoint: 44250 ns, Total: 669282 ns
[2020-08-12T17:35:36.917+0000][6][safepoint    ] Safepoint "Cleanup", Time since last: 1000325112 ns, Reaching safepoint: 652520 ns, At safepoint: 53699 ns, Total: 706219 ns
[2020-08-12T17:35:38.599+0000][6][safepoint    ] Safepoint "Cleanup", Time since last: 1680453193 ns, Reaching safepoint: 880292 ns, At safepoint: 44337 ns, Total: 924629 ns
[2020-08-12T17:35:39.600+0000][6][safepoint    ] Safepoint "Cleanup", Time since last: 1000350849 ns, Reaching safepoint: 461709 ns, At safepoint: 23587 ns, Total: 485296 ns
[2020-08-12T17:35:40.600+0000][6][safepoint    ] Safepoint "Cleanup", Time since last: 1000206551 ns, Reaching safepoint: 278510 ns, At safepoint: 11012 ns, Total: 289522 ns
[2020-08-12T17:35:41.601+0000][6][safepoint    ] Safepoint "Cleanup", Time since last: 1000233775 ns, Reaching safepoint: 887630 ns, At safepoint: 44025 ns, Total: 931655 ns
[2020-08-12T17:35:42.603+0000][6][safepoint    ] Safepoint "Cleanup", Time since last: 1000345649 ns, Reaching safepoint: 908942 ns, At safepoint: 73549 ns, Total: 982491 ns
[2020-08-12T17:35:43.604+0000][6][safepoint    ] Safepoint "Cleanup", Time since last: 1000406462 ns, Reaching safepoint: 571295 ns, At safepoint: 44537 ns, Total: 615832 ns
[2020-08-12T17:35:44.605+0000][6][safepoint    ] Safepoint "Cleanup", Time since last: 1000342537 ns, Reaching safepoint: 580932 ns, At safepoint: 46237 ns, Total: 627169 ns
[2020-08-12T17:35:45.605+0000][6][safepoint    ] Safepoint "Cleanup", Time since last: 1000364099 ns, Reaching safepoint: 253498 ns, At safepoint: 11000 ns, Total: 264498 ns
[2020-08-12T17:35:46.606+0000][6][safepoint    ] Safepoint "Cleanup", Time since last: 1000226875 ns, Reaching safepoint: 693419 ns, At safepoint: 53650 ns, Total: 747069 ns
[2020-08-12T17:35:47.582+0000][6][safepoint    ] Safepoint "BulkRevokeBias", Time since last: 974480773 ns, Reaching safepoint: 538995 ns, At safepoint: 1129315 ns, Total: 1668310 ns
[2020-08-12T17:35:48.584+0000][6][safepoint    ] Safepoint "Cleanup", Time since last: 1000282763 ns, Reaching safepoint: 873830 ns, At safepoint: 44049 ns, Total: 917879 ns
[2020-08-12T17:35:49.585+0000][6][safepoint    ] Safepoint "Cleanup", Time since last: 1000408124 ns, Reaching safepoint: 766443 ns, At safepoint: 55012 ns, Total: 821455 ns
[2020-08-12T17:35:50.586+0000][6][safepoint    ] Safepoint "Cleanup", Time since last: 1000417536 ns, Reaching safepoint: 535371 ns, At safepoint: 43974 ns, Total: 579345 ns
[2020-08-12T17:35:51.587+0000][6][safepoint    ] Safepoint "Cleanup", Time since last: 1000455011 ns, Reaching safepoint: 890942 ns, At safepoint: 56325 ns, Total: 947267 ns
[2020-08-12T17:35:52.588+0000][6][safepoint    ] Safepoint "Cleanup", Time since last: 1000350587 ns, Reaching safepoint: 675394 ns, At safepoint: 44287 ns, Total: 719681 ns
[2020-08-12T17:35:53.589+0000][6][safepoint    ] Safepoint "Cleanup", Time since last: 1000343274 ns, Reaching safepoint: 640557 ns, At safepoint: 44412 ns, Total: 684969 ns
[2020-08-12T17:35:54.590+0000][6][safepoint    ] Safepoint "Cleanup", Time since last: 1000349262 ns, Reaching safepoint: 667282 ns, At safepoint: 46487 ns, Total: 713769 ns
[2020-08-12T17:35:55.592+0000][6][safepoint    ] Safepoint "Cleanup", Time since last: 1000346049 ns, Reaching safepoint: 848280 ns, At safepoint: 55312 ns, Total: 903592 ns
[2020-08-12T17:35:56.592+0000][6][safepoint    ] Safepoint "Cleanup", Time since last: 1000388199 ns, Reaching safepoint: 444909 ns, At safepoint: 24150 ns, Total: 469059 ns
[2020-08-12T17:35:58.512+0000][6][safepoint    ] Safepoint "Cleanup", Time since last: 1919285065 ns, Reaching safepoint: 665844 ns, At safepoint: 52762 ns, Total: 718606 ns
[2020-08-12T17:35:59.929+0000][6][safepoint    ] Safepoint "Cleanup", Time since last: 1415790482 ns, Reaching safepoint: 923854 ns, At safepoint: 43962 ns, Total: 967816 ns
[2020-08-12T17:36:00.930+0000][6][safepoint    ] Safepoint "Cleanup", Time since last: 1000348762 ns, Reaching safepoint: 696706 ns, At safepoint: 44175 ns, Total: 740881 ns
[2020-08-12T17:36:01.931+0000][6][safepoint    ] Safepoint "Cleanup", Time since last: 1000343662 ns, Reaching safepoint: 634982 ns, At safepoint: 44387 ns, Total: 679369 ns
[2020-08-12T17:36:02.932+0000][6][safepoint    ] Safepoint "Cleanup", Time since last: 1000287375 ns, Reaching safepoint: 589569 ns, At safepoint: 23163 ns, Total: 612732 ns
[2020-08-12T17:36:03.933+0000][6][safepoint    ] Safepoint "Cleanup", Time since last: 1000275112 ns, Reaching safepoint: 744569 ns, At safepoint: 45012 ns, Total: 789581 ns
[2020-08-12T17:36:04.934+0000][6][safepoint    ] Safepoint "Cleanup", Time since last: 1000344449 ns, Reaching safepoint: 839955 ns, At safepoint: 44475 ns, Total: 884430 ns
[2020-08-12T17:36:05.936+0000][6][safepoint    ] Safepoint "Cleanup", Time since last: 1000340224 ns, Reaching safepoint: 942442 ns, At safepoint: 44312 ns, Total: 986754 ns
[2020-08-12T17:36:06.937+0000][6][safepoint    ] Safepoint "Cleanup", Time since last: 1000372899 ns, Reaching safepoint: 816043 ns, At safepoint: 67525 ns, Total: 883568 ns
[2020-08-12T17:36:08.687+0000][6][safepoint    ] Safepoint "Cleanup", Time since last: 1749120649 ns, Reaching safepoint: 524620 ns, At safepoint: 35950 ns, Total: 560570 ns
[2020-08-12T17:36:09.688+0000][6][safepoint    ] Safepoint "Cleanup", Time since last: 1000292012 ns, Reaching safepoint: 419721 ns, At safepoint: 56612 ns, Total: 476333 ns
[2020-08-12T17:36:10.688+0000][6][safepoint    ] Safepoint "Cleanup", Time since last: 1000304687 ns, Reaching safepoint: 403072 ns, At safepoint: 20525 ns, Total: 423597 ns
[2020-08-12T17:36:11.689+0000][6][safepoint    ] Safepoint "Cleanup", Time since last: 1000229175 ns, Reaching safepoint: 589645 ns, At safepoint: 48450 ns, Total: 638095 ns
[2020-08-12T17:36:12.690+0000][6][safepoint    ] Safepoint "Cleanup", Time since last: 1000316074 ns, Reaching safepoint: 905580 ns, At safepoint: 44212 ns, Total: 949792 ns
[2020-08-12T17:36:13.691+0000][6][safepoint    ] Safepoint "Cleanup", Time since last: 1000335037 ns, Reaching safepoint: 746281 ns, At safepoint: 38262 ns, Total: 784543 ns
[2020-08-12T17:36:14.693+0000][6][safepoint    ] Safepoint "Cleanup", Time since last: 1000322137 ns, Reaching safepoint: 837180 ns, At safepoint: 71837 ns, Total: 909017 ns
[2020-08-12T17:36:15.693+0000][6][safepoint    ] Safepoint "Cleanup", Time since last: 1000322924 ns, Reaching safepoint: 246073 ns, At safepoint: 10988 ns, Total: 257061 ns
[2020-08-12T17:36:16.694+0000][6][safepoint    ] Safepoint "Cleanup", Time since last: 1000212488 ns, Reaching safepoint: 907817 ns, At safepoint: 44649 ns, Total: 952466 ns
[2020-08-12T17:36:18.593+0000][6][safepoint    ] Safepoint "Cleanup", Time since last: 1897452042 ns, Reaching safepoint: 556270 ns, At safepoint: 30687 ns, Total: 586957 ns
[2020-08-12T17:36:19.593+0000][6][safepoint    ] Safepoint "Cleanup", Time since last: 1000255438 ns, Reaching safepoint: 548357 ns, At safepoint: 25663 ns, Total: 574020 ns
[2020-08-12T17:36:20.595+0000][6][safepoint    ] Safepoint "Cleanup", Time since last: 1000266150 ns, Reaching safepoint: 860442 ns, At safepoint: 61362 ns, Total: 921804 ns
[2020-08-12T17:36:21.596+0000][6][safepoint    ] Safepoint "Cleanup", Time since last: 1000463861 ns, Reaching safepoint: 796531 ns, At safepoint: 112849 ns, Total: 909380 ns
[2020-08-12T17:36:22.597+0000][6][safepoint    ] Safepoint "Cleanup", Time since last: 1000345824 ns, Reaching safepoint: 1006141 ns, At safepoint: 55762 ns, Total: 1061903 ns
[2020-08-12T17:36:23.598+0000][6][safepoint    ] Safepoint "Cleanup", Time since last: 1000348187 ns, Reaching safepoint: 674544 ns, At safepoint: 44112 ns, Total: 718656 ns
[2020-08-12T17:36:24.599+0000][6][safepoint    ] Safepoint "Cleanup", Time since last: 1000349787 ns, Reaching safepoint: 707969 ns, At safepoint: 46274 ns, Total: 754243 ns
[2020-08-12T17:36:25.601+0000][6][safepoint    ] Safepoint "Cleanup", Time since last: 1000342512 ns, Reaching safepoint: 623907 ns, At safepoint: 53762 ns, Total: 677669 ns
[2020-08-12T17:36:26.661+0000][6][safepoint    ] Safepoint "Cleanup", Time since last: 1060023583 ns, Reaching safepoint: 723281 ns, At safepoint: 33488 ns, Total: 756769 ns
[2020-08-12T17:36:28.525+0000][6][safepoint    ] Safepoint "Cleanup", Time since last: 1862723179 ns, Reaching safepoint: 813405 ns, At safepoint: 143224 ns, Total: 956629 ns
[2020-08-12T17:36:29.907+0000][6][safepoint    ] Safepoint "Cleanup", Time since last: 1381240843 ns, Reaching safepoint: 1065341 ns, At safepoint: 32612 ns, Total: 1097953 ns
[2020-08-12T17:36:30.909+0000][6][safepoint    ] Safepoint "Cleanup", Time since last: 1000293912 ns, Reaching safepoint: 942367 ns, At safepoint: 44425 ns, Total: 986792 ns
[2020-08-12T17:36:31.910+0000][6][safepoint    ] Safepoint "Cleanup", Time since last: 1000348811 ns, Reaching safepoint: 778131 ns, At safepoint: 44587 ns, Total: 822718 ns
[2020-08-12T17:36:32.911+0000][6][safepoint    ] Safepoint "Cleanup", Time since last: 1000419336 ns, Reaching safepoint: 650807 ns, At safepoint: 33212 ns, Total: 684019 ns
[2020-08-12T17:36:33.912+0000][6][safepoint    ] Safepoint "Cleanup", Time since last: 1000336987 ns, Reaching safepoint: 804081 ns, At safepoint: 46287 ns, Total: 850368 ns
[2020-08-12T17:36:34.913+0000][6][safepoint    ] Safepoint "Cleanup", Time since last: 1000351787 ns, Reaching safepoint: 665369 ns, At safepoint: 44999 ns, Total: 710368 ns
[2020-08-12T17:36:35.914+0000][6][safepoint    ] Safepoint "Cleanup", Time since last: 1000323012 ns, Reaching safepoint: 515708 ns, At safepoint: 37038 ns, Total: 552746 ns
[2020-08-12T17:36:36.915+0000][6][safepoint    ] Safepoint "Cleanup", Time since last: 1000290249 ns, Reaching safepoint: 579583 ns, At safepoint: 144649 ns, Total: 724232 ns
[2020-08-12T17:36:38.620+0000][6][safepoint    ] Safepoint "Cleanup", Time since last: 1704920043 ns, Reaching safepoint: 507058 ns, At safepoint: 35138 ns, Total: 542196 ns
[2020-08-12T17:36:39.622+0000][6][safepoint    ] Safepoint "Cleanup", Time since last: 1000286587 ns, Reaching safepoint: 769331 ns, At safepoint: 44124 ns, Total: 813455 ns
[2020-08-12T17:36:40.622+0000][6][safepoint    ] Safepoint "Cleanup", Time since last: 1000298625 ns, Reaching safepoint: 602795 ns, At safepoint: 49362 ns, Total: 652157 ns
[2020-08-12T17:36:41.623+0000][6][safepoint    ] Safepoint "Cleanup", Time since last: 1000280300 ns, Reaching safepoint: 643269 ns, At safepoint: 53062 ns, Total: 696331 ns
[2020-08-12T17:36:42.625+0000][6][safepoint    ] Safepoint "Cleanup", Time since last: 1000335712 ns, Reaching safepoint: 718282 ns, At safepoint: 44237 ns, Total: 762519 ns
[2020-08-12T17:36:43.626+0000][6][safepoint    ] Safepoint "Cleanup", Time since last: 1000368511 ns, Reaching safepoint: 798681 ns, At safepoint: 44037 ns, Total: 842718 ns
[2020-08-12T17:36:44.627+0000][6][safepoint    ] Safepoint "Cleanup", Time since last: 1000425948 ns, Reaching safepoint: 845093 ns, At safepoint: 43737 ns, Total: 888830 ns
[2020-08-12T17:36:45.628+0000][6][safepoint    ] Safepoint "Cleanup", Time since last: 1000318600 ns, Reaching safepoint: 383871 ns, At safepoint: 30375 ns, Total: 414246 ns
[2020-08-12T17:36:46.629+0000][6][safepoint    ] Safepoint "Cleanup", Time since last: 1000399811 ns, Reaching safepoint: 583645 ns, At safepoint: 111162 ns, Total: 694807 ns
[2020-08-12T17:36:48.567+0000][6][safepoint    ] Safepoint "Cleanup", Time since last: 1937436571 ns, Reaching safepoint: 668681 ns, At safepoint: 46825 ns, Total: 715506 ns
[2020-08-12T17:36:49.568+0000][6][safepoint    ] Safepoint "Cleanup", Time since last: 1000340724 ns, Reaching safepoint: 938079 ns, At safepoint: 51337 ns, Total: 989416 ns
[2020-08-12T17:36:50.570+0000][6][safepoint    ] Safepoint "Cleanup", Time since last: 1000350025 ns, Reaching safepoint: 941191 ns, At safepoint: 56725 ns, Total: 997916 ns
[2020-08-12T17:36:51.571+0000][6][safepoint    ] Safepoint "Cleanup", Time since last: 1000410086 ns, Reaching safepoint: 810306 ns, At safepoint: 67949 ns, Total: 878255 ns
[2020-08-12T17:36:52.572+0000][6][safepoint    ] Safepoint "Cleanup", Time since last: 1000339462 ns, Reaching safepoint: 681344 ns, At safepoint: 54112 ns, Total: 735456 ns
[2020-08-12T17:36:54.039+0000][6][safepoint    ] Safepoint "Cleanup", Time since last: 1466291082 ns, Reaching safepoint: 650195 ns, At safepoint: 47612 ns, Total: 697807 ns
[2020-08-12T17:36:55.040+0000][6][safepoint    ] Safepoint "Cleanup", Time since last: 1000301837 ns, Reaching safepoint: 941154 ns, At safepoint: 50025 ns, Total: 991179 ns
[2020-08-12T17:36:56.042+0000][6][safepoint    ] Safepoint "Cleanup", Time since last: 1000380311 ns, Reaching safepoint: 880155 ns, At safepoint: 44800 ns, Total: 924955 ns
[2020-08-12T17:36:57.043+0000][6][safepoint    ] Safepoint "Cleanup", Time since last: 1000403824 ns, Reaching safepoint: 1102028 ns, At safepoint: 54837 ns, Total: 1156865 ns
[2020-08-12T17:36:58.460+0000][6][safepoint    ] Safepoint "Cleanup", Time since last: 1415843881 ns, Reaching safepoint: 437583 ns, At safepoint: 22013 ns, Total: 459596 ns
[2020-08-12T17:37:00.031+0000][6][safepoint    ] Safepoint "Cleanup", Time since last: 1571067788 ns, Reaching safepoint: 563346 ns, At safepoint: 23749 ns, Total: 587095 ns
[2020-08-12T17:37:01.032+0000][6][safepoint    ] Safepoint "Cleanup", Time since last: 1000270525 ns, Reaching safepoint: 675582 ns, At safepoint: 45825 ns, Total: 721407 ns
[2020-08-12T17:37:02.034+0000][6][safepoint    ] Safepoint "Cleanup", Time since last: 1000377374 ns, Reaching safepoint: 904967 ns, At safepoint: 43924 ns, Total: 948891 ns
[2020-08-12T17:37:03.034+0000][6][safepoint    ] Safepoint "Cleanup", Time since last: 1000381349 ns, Reaching safepoint: 331197 ns, At safepoint: 15100 ns, Total: 346297 ns
[2020-08-12T17:37:04.035+0000][6][safepoint    ] Safepoint "Cleanup", Time since last: 1000239413 ns, Reaching safepoint: 740406 ns, At safepoint: 39012 ns, Total: 779418 ns
[2020-08-12T17:37:05.036+0000][6][safepoint    ] Safepoint "Cleanup", Time since last: 1000310325 ns, Reaching safepoint: 642219 ns, At safepoint: 44462 ns, Total: 686681 ns
[2020-08-12T17:37:06.037+0000][6][safepoint    ] Safepoint "Cleanup", Time since last: 1000310250 ns, Reaching safepoint: 572320 ns, At safepoint: 55987 ns, Total: 628307 ns
[2020-08-12T17:37:07.039+0000][6][safepoint    ] Safepoint "Cleanup", Time since last: 1000350637 ns, Reaching safepoint: 889879 ns, At safepoint: 43425 ns, Total: 933304 ns
[2020-08-12T17:37:07.587+0000][6][gc,start     ] GC(51) Pause Young (Normal) (G1 Evacuation Pause)
[2020-08-12T17:37:07.587+0000][6][gc,task      ] GC(51) Using 2 workers of 2 for evacuation
[2020-08-12T17:37:07.588+0000][6][gc,age       ] GC(51) Desired survivor size 40370176 bytes, new threshold 15 (max threshold 15)
[2020-08-12T17:37:07.613+0000][6][gc,age       ] GC(51) Age table with threshold 15 (max threshold 15)
[2020-08-12T17:37:07.613+0000][6][gc,age       ] GC(51) - age   1:     286568 bytes,     286568 total
[2020-08-12T17:37:07.613+0000][6][gc,age       ] GC(51) - age   2:     172112 bytes,     458680 total
[2020-08-12T17:37:07.613+0000][6][gc,age       ] GC(51) - age   3:    1109208 bytes,    1567888 total
[2020-08-12T17:37:07.613+0000][6][gc,age       ] GC(51) - age   4:      30504 bytes,    1598392 total
[2020-08-12T17:37:07.613+0000][6][gc,age       ] GC(51) - age   5:      28504 bytes,    1626896 total
[2020-08-12T17:37:07.613+0000][6][gc,age       ] GC(51) - age   6:      61176 bytes,    1688072 total
[2020-08-12T17:37:07.613+0000][6][gc,age       ] GC(51) - age   7:      38328 bytes,    1726400 total
[2020-08-12T17:37:07.613+0000][6][gc,age       ] GC(51) - age   8:      94328 bytes,    1820728 total
[2020-08-12T17:37:07.614+0000][6][gc,age       ] GC(51) - age   9:      30800 bytes,    1851528 total
[2020-08-12T17:37:07.614+0000][6][gc,age       ] GC(51) - age  10:      69552 bytes,    1921080 total
[2020-08-12T17:37:07.614+0000][6][gc,age       ] GC(51) - age  11:      38008 bytes,    1959088 total
[2020-08-12T17:37:07.614+0000][6][gc,age       ] GC(51) - age  12:      94912 bytes,    2054000 total
[2020-08-12T17:37:07.614+0000][6][gc,age       ] GC(51) - age  13:      28136 bytes,    2082136 total
[2020-08-12T17:37:07.614+0000][6][gc,age       ] GC(51) - age  14:      30192 bytes,    2112328 total
[2020-08-12T17:37:07.614+0000][6][gc,age       ] GC(51) - age  15:     201696 bytes,    2314024 total
[2020-08-12T17:37:07.614+0000][6][gc,phases    ] GC(51)   Pre Evacuate Collection Set: 1.4ms
[2020-08-12T17:37:07.614+0000][6][gc,phases    ] GC(51)   Merge Heap Roots: 1.0ms
[2020-08-12T17:37:07.614+0000][6][gc,phases    ] GC(51)   Evacuate Collection Set: 16.8ms
[2020-08-12T17:37:07.614+0000][6][gc,phases    ] GC(51)   Post Evacuate Collection Set: 5.5ms
[2020-08-12T17:37:07.614+0000][6][gc,phases    ] GC(51)   Other: 2.6ms
[2020-08-12T17:37:07.615+0000][6][gc,heap      ] GC(51) Eden regions: 611->0(611)
[2020-08-12T17:37:07.615+0000][6][gc,heap      ] GC(51) Survivor regions: 3->3(77)
[2020-08-12T17:37:07.615+0000][6][gc,heap      ] GC(51) Old regions: 78->78
[2020-08-12T17:37:07.615+0000][6][gc,heap      ] GC(51) Archive regions: 2->2
[2020-08-12T17:37:07.615+0000][6][gc,heap      ] GC(51) Humongous regions: 7->7
[2020-08-12T17:37:07.615+0000][6][gc,metaspace ] GC(51) Metaspace: 97806K(105528K)->97806K(105528K) NonClass: 85268K(89912K)->85268K(89912K) Class: 12537K(15616K)->12537K(15616K)
[2020-08-12T17:37:07.615+0000][6][gc           ] GC(51) Pause Young (Normal) (G1 Evacuation Pause) 698M->87M(1024M) 27.842ms
[2020-08-12T17:37:07.615+0000][6][gc,cpu       ] GC(51) User=0.04s Sys=0.00s Real=0.03s
[2020-08-12T17:37:07.615+0000][6][safepoint    ] Safepoint "G1CollectForAllocation", Time since last: 547631077 ns, Reaching safepoint: 658257 ns, At safepoint: 28396592 ns, Total: 29054849 ns
[2020-08-12T17:37:08.713+0000][6][safepoint    ] Safepoint "Cleanup", Time since last: 1096624954 ns, Reaching safepoint: 640094 ns, At safepoint: 43825 ns, Total: 683919 ns
[2020-08-12T17:37:09.714+0000][6][safepoint    ] Safepoint "Cleanup", Time since last: 1000340299 ns, Reaching safepoint: 836493 ns, At safepoint: 43899 ns, Total: 880392 ns
[2020-08-12T17:37:10.715+0000][6][safepoint    ] Safepoint "Cleanup", Time since last: 1000387275 ns, Reaching safepoint: 507058 ns, At safepoint: 44899 ns, Total: 551957 ns
[2020-08-12T17:37:11.716+0000][6][safepoint    ] Safepoint "Cleanup", Time since last: 1000404349 ns, Reaching safepoint: 950329 ns, At safepoint: 44325 ns, Total: 994654 ns
[2020-08-12T17:37:12.717+0000][6][safepoint    ] Safepoint "Cleanup", Time since last: 1000330712 ns, Reaching safepoint: 815455 ns, At safepoint: 44062 ns, Total: 859517 ns
[2020-08-12T17:37:13.718+0000][6][safepoint    ] Safepoint "Cleanup", Time since last: 1000349337 ns, Reaching safepoint: 821893 ns, At safepoint: 44237 ns, Total: 866130 ns
[2020-08-12T17:37:14.720+0000][6][safepoint    ] Safepoint "Cleanup", Time since last: 1000347074 ns, Reaching safepoint: 796156 ns, At safepoint: 44487 ns, Total: 840643 ns
[2020-08-12T17:37:15.721+0000][6][safepoint    ] Safepoint "Cleanup", Time since last: 1000401299 ns, Reaching safepoint: 638169 ns, At safepoint: 44662 ns, Total: 682831 ns
[2020-08-12T17:37:16.722+0000][6][safepoint    ] Safepoint "Cleanup", Time since last: 1000358587 ns, Reaching safepoint: 541395 ns, At safepoint: 56875 ns, Total: 598270 ns
[2020-08-12T17:37:18.607+0000][6][safepoint    ] Safepoint "Cleanup", Time since last: 1884670477 ns, Reaching safepoint: 678994 ns, At safepoint: 45987 ns, Total: 724981 ns
[2020-08-12T17:37:19.898+0000][6][safepoint    ] Safepoint "Cleanup", Time since last: 1290401766 ns, Reaching safepoint: 693956 ns, At safepoint: 45550 ns, Total: 739506 ns
[2020-08-12T17:37:20.900+0000][6][safepoint    ] Safepoint "Cleanup", Time since last: 1000340962 ns, Reaching safepoint: 870580 ns, At safepoint: 44462 ns, Total: 915042 ns
[2020-08-12T17:37:21.901+0000][6][safepoint    ] Safepoint "Cleanup", Time since last: 1000352186 ns, Reaching safepoint: 780619 ns, At safepoint: 45762 ns, Total: 826381 ns
[2020-08-12T17:37:22.902+0000][6][safepoint    ] Safepoint "Cleanup", Time since last: 1000351386 ns, Reaching safepoint: 705582 ns, At safepoint: 35387 ns, Total: 740969 ns
[2020-08-12T17:37:24.265+0000][6][safepoint    ] Safepoint "Cleanup", Time since last: 1362507430 ns, Reaching safepoint: 819943 ns, At safepoint: 46274 ns, Total: 866217 ns
[2020-08-12T17:37:25.266+0000][6][safepoint    ] Safepoint "Cleanup", Time since last: 1000345550 ns, Reaching safepoint: 712781 ns, At safepoint: 44050 ns, Total: 756831 ns
[2020-08-12T17:37:26.267+0000][6][safepoint    ] Safepoint "Cleanup", Time since last: 1000390611 ns, Reaching safepoint: 666907 ns, At safepoint: 58037 ns, Total: 724944 ns
[2020-08-12T17:37:27.270+0000][6][safepoint    ] Safepoint "Cleanup", Time since last: 1001585626 ns, Reaching safepoint: 729493 ns, At safepoint: 64337 ns, Total: 793830 ns
[2020-08-12T17:37:28.468+0000][6][safepoint    ] Safepoint "Cleanup", Time since last: 1197435558 ns, Reaching safepoint: 850117 ns, At safepoint: 51550 ns, Total: 901667 ns
[2020-08-12T17:37:29.927+0000][6][safepoint    ] Safepoint "Cleanup", Time since last: 1458083553 ns, Reaching safepoint: 602820 ns, At safepoint: 55150 ns, Total: 657970 ns
[2020-08-12T17:37:30.928+0000][6][safepoint    ] Safepoint "Cleanup", Time since last: 1000435648 ns, Reaching safepoint: 750156 ns, At safepoint: 48462 ns, Total: 798618 ns
[2020-08-12T17:37:31.929+0000][6][safepoint    ] Safepoint "Cleanup", Time since last: 1000323525 ns, Reaching safepoint: 623407 ns, At safepoint: 52224 ns, Total: 675631 ns
[2020-08-12T17:37:32.930+0000][6][safepoint    ] Safepoint "Cleanup", Time since last: 1000313250 ns, Reaching safepoint: 331034 ns, At safepoint: 13150 ns, Total: 344184 ns
[2020-08-12T17:37:33.930+0000][6][safepoint    ] Safepoint "Cleanup", Time since last: 1000193426 ns, Reaching safepoint: 243573 ns, At safepoint: 11725 ns, Total: 255298 ns
[2020-08-12T17:37:34.931+0000][6][safepoint    ] Safepoint "Cleanup", Time since last: 1000171775 ns, Reaching safepoint: 370272 ns, At safepoint: 16225 ns, Total: 386497 ns
[2020-08-12T17:37:35.932+0000][6][safepoint    ] Safepoint "Cleanup", Time since last: 1000258525 ns, Reaching safepoint: 577108 ns, At safepoint: 54224 ns, Total: 631332 ns
[2020-08-12T17:37:36.933+0000][6][safepoint    ] Safepoint "Cleanup", Time since last: 1000346474 ns, Reaching safepoint: 665707 ns, At safepoint: 38425 ns, Total: 704132 ns
[2020-08-12T17:37:38.606+0000][6][safepoint    ] Safepoint "Cleanup", Time since last: 1672349888 ns, Reaching safepoint: 631207 ns, At safepoint: 46162 ns, Total: 677369 ns
[2020-08-12T17:37:39.607+0000][6][safepoint    ] Safepoint "Cleanup", Time since last: 1000444286 ns, Reaching safepoint: 605645 ns, At safepoint: 46562 ns, Total: 652207 ns
[2020-08-12T17:37:40.608+0000][6][safepoint    ] Safepoint "Cleanup", Time since last: 1000452498 ns, Reaching safepoint: 1150640 ns, At safepoint: 62637 ns, Total: 1213277 ns
[2020-08-12T17:37:41.610+0000][6][safepoint    ] Safepoint "Cleanup", Time since last: 1000345074 ns, Reaching safepoint: 832230 ns, At safepoint: 44113 ns, Total: 876343 ns
[2020-08-12T17:37:42.611+0000][6][safepoint    ] Safepoint "Cleanup", Time since last: 1000389661 ns, Reaching safepoint: 849293 ns, At safepoint: 45962 ns, Total: 895255 ns
[2020-08-12T17:37:43.612+0000][6][safepoint    ] Safepoint "Cleanup", Time since last: 1000343099 ns, Reaching safepoint: 870655 ns, At safepoint: 44600 ns, Total: 915255 ns
[2020-08-12T17:37:44.613+0000][6][safepoint    ] Safepoint "Cleanup", Time since last: 1000353274 ns, Reaching safepoint: 711394 ns, At safepoint: 44874 ns, Total: 756268 ns
[2020-08-12T17:37:45.615+0000][6][safepoint    ] Safepoint "Cleanup", Time since last: 1000314712 ns, Reaching safepoint: 989342 ns, At safepoint: 42724 ns, Total: 1032066 ns
[2020-08-12T17:37:46.616+0000][6][safepoint    ] Safepoint "Cleanup", Time since last: 1000306150 ns, Reaching safepoint: 812343 ns, At safepoint: 44012 ns, Total: 856355 ns
[2020-08-12T17:37:47.617+0000][6][safepoint    ] Safepoint "Cleanup", Time since last: 1000374212 ns, Reaching safepoint: 693381 ns, At safepoint: 36200 ns, Total: 729581 ns
[2020-08-12T17:37:48.627+0000][6][safepoint    ] Safepoint "Cleanup", Time since last: 1008804651 ns, Reaching safepoint: 858117 ns, At safepoint: 43887 ns, Total: 902004 ns
[2020-08-12T17:37:50.167+0000][6][safepoint    ] Safepoint "Cleanup", Time since last: 1539158390 ns, Reaching safepoint: 875830 ns, At safepoint: 44175 ns, Total: 920005 ns
[2020-08-12T17:37:51.168+0000][6][safepoint    ] Safepoint "Cleanup", Time since last: 1000384886 ns, Reaching safepoint: 869492 ns, At safepoint: 47138 ns, Total: 916630 ns
[2020-08-12T17:37:52.169+0000][6][safepoint    ] Safepoint "Cleanup", Time since last: 1000380937 ns, Reaching safepoint: 796305 ns, At safepoint: 58712 ns, Total: 855017 ns
[2020-08-12T17:37:53.170+0000][6][safepoint    ] Safepoint "Cleanup", Time since last: 1000284725 ns, Reaching safepoint: 368996 ns, At safepoint: 57975 ns, Total: 426971 ns
[2020-08-12T17:37:54.171+0000][6][safepoint    ] Safepoint "Cleanup", Time since last: 1000328212 ns, Reaching safepoint: 791880 ns, At safepoint: 45063 ns, Total: 836943 ns
[2020-08-12T17:37:55.172+0000][6][safepoint    ] Safepoint "Cleanup", Time since last: 1000339211 ns, Reaching safepoint: 912305 ns, At safepoint: 44350 ns, Total: 956655 ns
[2020-08-12T17:37:56.174+0000][6][safepoint    ] Safepoint "Cleanup", Time since last: 1000334799 ns, Reaching safepoint: 906779 ns, At safepoint: 43350 ns, Total: 950129 ns
[2020-08-12T17:37:57.175+0000][6][safepoint    ] Safepoint "Cleanup", Time since last: 1000369137 ns, Reaching safepoint: 1086840 ns, At safepoint: 65775 ns, Total: 1152615 ns
[2020-08-12T17:37:58.492+0000][6][safepoint    ] Safepoint "Cleanup", Time since last: 1316298854 ns, Reaching safepoint: 643607 ns, At safepoint: 45075 ns, Total: 688682 ns
[2020-08-12T17:37:59.918+0000][6][safepoint    ] Safepoint "Cleanup", Time since last: 1425332536 ns, Reaching safepoint: 833581 ns, At safepoint: 42624 ns, Total: 876205 ns
[2020-08-12T17:38:00.919+0000][6][safepoint    ] Safepoint "Cleanup", Time since last: 1000278563 ns, Reaching safepoint: 519008 ns, At safepoint: 44487 ns, Total: 563495 ns
[2020-08-12T17:38:01.921+0000][6][safepoint    ] Safepoint "Cleanup", Time since last: 1000341362 ns, Reaching safepoint: 867030 ns, At safepoint: 44999 ns, Total: 912029 ns
[2020-08-12T17:38:02.922+0000][6][safepoint    ] Safepoint "Cleanup", Time since last: 1000386949 ns, Reaching safepoint: 1038941 ns, At safepoint: 56012 ns, Total: 1094953 ns
[2020-08-12T17:38:03.923+0000][6][safepoint    ] Safepoint "Cleanup", Time since last: 1000345587 ns, Reaching safepoint: 800905 ns, At safepoint: 46675 ns, Total: 847580 ns
[2020-08-12T17:38:04.924+0000][6][safepoint    ] Safepoint "Cleanup", Time since last: 1000298087 ns, Reaching safepoint: 441484 ns, At safepoint: 26700 ns, Total: 468184 ns
[2020-08-12T17:38:05.925+0000][6][safepoint    ] Safepoint "Cleanup", Time since last: 1000249900 ns, Reaching safepoint: 841280 ns, At safepoint: 45450 ns, Total: 886730 ns
[2020-08-12T17:38:06.926+0000][6][safepoint    ] Safepoint "Cleanup", Time since last: 1000352649 ns, Reaching safepoint: 817830 ns, At safepoint: 46350 ns, Total: 864180 ns
[2020-08-12T17:38:08.568+0000][6][safepoint    ] Safepoint "Cleanup", Time since last: 1640802660 ns, Reaching safepoint: 561096 ns, At safepoint: 22974 ns, Total: 584070 ns
[2020-08-12T17:38:09.569+0000][6][safepoint    ] Safepoint "Cleanup", Time since last: 1000312050 ns, Reaching safepoint: 599782 ns, At safepoint: 44725 ns, Total: 644507 ns
[2020-08-12T17:38:10.570+0000][6][safepoint    ] Safepoint "Cleanup", Time since last: 1000391474 ns, Reaching safepoint: 1045878 ns, At safepoint: 63075 ns, Total: 1108953 ns
[2020-08-12T17:38:11.571+0000][6][safepoint    ] Safepoint "Cleanup", Time since last: 1000347611 ns, Reaching safepoint: 843006 ns, At safepoint: 44149 ns, Total: 887155 ns
[2020-08-12T17:38:12.573+0000][6][safepoint    ] Safepoint "Cleanup", Time since last: 1000350500 ns, Reaching safepoint: 847292 ns, At safepoint: 44350 ns, Total: 891642 ns
[2020-08-12T17:38:13.574+0000][6][safepoint    ] Safepoint "Cleanup", Time since last: 1000350174 ns, Reaching safepoint: 808980 ns, At safepoint: 44475 ns, Total: 853455 ns
[2020-08-12T17:38:14.575+0000][6][safepoint    ] Safepoint "Cleanup", Time since last: 1000402849 ns, Reaching safepoint: 722406 ns, At safepoint: 44875 ns, Total: 767281 ns
[2020-08-12T17:38:15.576+0000][6][safepoint    ] Safepoint "Cleanup", Time since last: 1000288624 ns, Reaching safepoint: 539121 ns, At safepoint: 45087 ns, Total: 584208 ns
[2020-08-12T17:38:16.577+0000][6][safepoint    ] Safepoint "Cleanup", Time since last: 1000245075 ns, Reaching safepoint: 705094 ns, At safepoint: 92799 ns, Total: 797893 ns
[2020-08-12T17:38:17.578+0000][6][safepoint    ] Safepoint "Cleanup", Time since last: 1000390836 ns, Reaching safepoint: 940005 ns, At safepoint: 51349 ns, Total: 991354 ns
[2020-08-12T17:38:18.639+0000][6][safepoint    ] Safepoint "Cleanup", Time since last: 1059930597 ns, Reaching safepoint: 592982 ns, At safepoint: 85712 ns, Total: 678694 ns
[2020-08-12T17:38:19.640+0000][6][safepoint    ] Safepoint "Cleanup", Time since last: 1000364312 ns, Reaching safepoint: 517820 ns, At safepoint: 44212 ns, Total: 562032 ns
[2020-08-12T17:38:20.641+0000][6][safepoint    ] Safepoint "Cleanup", Time since last: 1000408636 ns, Reaching safepoint: 974467 ns, At safepoint: 54662 ns, Total: 1029129 ns
[2020-08-12T17:38:21.642+0000][6][safepoint    ] Safepoint "Cleanup", Time since last: 1000354712 ns, Reaching safepoint: 691869 ns, At safepoint: 43974 ns, Total: 735843 ns
[2020-08-12T17:38:22.643+0000][6][safepoint    ] Safepoint "Cleanup", Time since last: 1000341525 ns, Reaching safepoint: 609469 ns, At safepoint: 52162 ns, Total: 661631 ns
[2020-08-12T17:38:23.644+0000][6][safepoint    ] Safepoint "Cleanup", Time since last: 1000286513 ns, Reaching safepoint: 601769 ns, At safepoint: 75637 ns, Total: 677406 ns
[2020-08-12T17:38:24.645+0000][6][safepoint    ] Safepoint "Cleanup", Time since last: 1000355587 ns, Reaching safepoint: 616920 ns, At safepoint: 45149 ns, Total: 662069 ns
[2020-08-12T17:38:25.646+0000][6][safepoint    ] Safepoint "Cleanup", Time since last: 1000343312 ns, Reaching safepoint: 664407 ns, At safepoint: 64749 ns, Total: 729156 ns
[2020-08-12T17:38:26.647+0000][6][safepoint    ] Safepoint "Cleanup", Time since last: 1000337062 ns, Reaching safepoint: 647682 ns, At safepoint: 44100 ns, Total: 691782 ns
[2020-08-12T17:38:28.425+0000][6][safepoint    ] Safepoint "Cleanup", Time since last: 1777637190 ns, Reaching safepoint: 337697 ns, At safepoint: 22587 ns, Total: 360284 ns
[2020-08-12T17:38:29.892+0000][6][safepoint    ] Safepoint "Cleanup", Time since last: 1465931473 ns, Reaching safepoint: 639569 ns, At safepoint: 45550 ns, Total: 685119 ns
[2020-08-12T17:38:30.893+0000][6][safepoint    ] Safepoint "Cleanup", Time since last: 1000305687 ns, Reaching safepoint: 423484 ns, At safepoint: 26825 ns, Total: 450309 ns
[2020-08-12T17:38:31.894+0000][6][safepoint    ] Safepoint "Cleanup", Time since last: 1000306649 ns, Reaching safepoint: 836543 ns, At safepoint: 44937 ns, Total: 881480 ns
[2020-08-12T17:38:32.895+0000][6][safepoint    ] Safepoint "Cleanup", Time since last: 1000347324 ns, Reaching safepoint: 996367 ns, At safepoint: 75087 ns, Total: 1071454 ns
[2020-08-12T17:38:33.897+0000][6][safepoint    ] Safepoint "Cleanup", Time since last: 1000341099 ns, Reaching safepoint: 886205 ns, At safepoint: 44974 ns, Total: 931179 ns
[2020-08-12T17:38:34.898+0000][6][safepoint    ] Safepoint "Cleanup", Time since last: 1000379937 ns, Reaching safepoint: 912530 ns, At safepoint: 71699 ns, Total: 984229 ns
[2020-08-12T17:38:35.899+0000][6][safepoint    ] Safepoint "Cleanup", Time since last: 1000342461 ns, Reaching safepoint: 583520 ns, At safepoint: 44313 ns, Total: 627833 ns
[2020-08-12T17:38:36.900+0000][6][safepoint    ] Safepoint "Cleanup", Time since last: 1000345649 ns, Reaching safepoint: 635619 ns, At safepoint: 44025 ns, Total: 679644 ns
[2020-08-12T17:38:38.568+0000][6][safepoint    ] Safepoint "Cleanup", Time since last: 1667101033 ns, Reaching safepoint: 1039391 ns, At safepoint: 44737 ns, Total: 1084128 ns
[2020-08-12T17:38:39.570+0000][6][safepoint    ] Safepoint "Cleanup", Time since last: 1000325000 ns, Reaching safepoint: 1219502 ns, At safepoint: 49787 ns, Total: 1269289 ns
[2020-08-12T17:38:40.571+0000][6][safepoint    ] Safepoint "Cleanup", Time since last: 1000309812 ns, Reaching safepoint: 584957 ns, At safepoint: 22538 ns, Total: 607495 ns
[2020-08-12T17:38:41.572+0000][6][safepoint    ] Safepoint "Cleanup", Time since last: 1000274837 ns, Reaching safepoint: 856393 ns, At safepoint: 47912 ns, Total: 904305 ns
[2020-08-12T17:38:42.573+0000][6][safepoint    ] Safepoint "Cleanup", Time since last: 1000386786 ns, Reaching safepoint: 851280 ns, At safepoint: 44150 ns, Total: 895430 ns
[2020-08-12T17:38:43.574+0000][6][safepoint    ] Safepoint "Cleanup", Time since last: 1000352649 ns, Reaching safepoint: 847968 ns, At safepoint: 43712 ns, Total: 891680 ns
[2020-08-12T17:38:44.576+0000][6][safepoint    ] Safepoint "Cleanup", Time since last: 1000340949 ns, Reaching safepoint: 864693 ns, At safepoint: 44524 ns, Total: 909217 ns
[2020-08-12T17:38:45.577+0000][6][safepoint    ] Safepoint "Cleanup", Time since last: 1000329587 ns, Reaching safepoint: 581483 ns, At safepoint: 22912 ns, Total: 604395 ns
[2020-08-12T17:38:46.578+0000][6][safepoint    ] Safepoint "Cleanup", Time since last: 1000276125 ns, Reaching safepoint: 801368 ns, At safepoint: 43987 ns, Total: 845355 ns
[2020-08-12T17:38:47.681+0000][6][safepoint    ] Safepoint "Cleanup", Time since last: 1102448154 ns, Reaching safepoint: 996816 ns, At safepoint: 31600 ns, Total: 1028416 ns
[2020-08-12T17:38:48.682+0000][6][safepoint    ] Safepoint "Cleanup", Time since last: 1000398286 ns, Reaching safepoint: 631357 ns, At safepoint: 46637 ns, Total: 677994 ns
[2020-08-12T17:38:49.684+0000][6][safepoint    ] Safepoint "Cleanup", Time since last: 1000490823 ns, Reaching safepoint: 845530 ns, At safepoint: 38375 ns, Total: 883905 ns
[2020-08-12T17:38:50.686+0000][6][safepoint    ] Safepoint "Cleanup", Time since last: 1000426136 ns, Reaching safepoint: 1436663 ns, At safepoint: 58074 ns, Total: 1494737 ns
[2020-08-12T17:38:51.687+0000][6][safepoint    ] Safepoint "Cleanup", Time since last: 1000344049 ns, Reaching safepoint: 802381 ns, At safepoint: 43350 ns, Total: 845731 ns
[2020-08-12T17:38:52.688+0000][6][safepoint    ] Safepoint "Cleanup", Time since last: 1000456298 ns, Reaching safepoint: 1128590 ns, At safepoint: 58662 ns, Total: 1187252 ns
[2020-08-12T17:38:53.690+0000][6][safepoint    ] Safepoint "Cleanup", Time since last: 1000341962 ns, Reaching safepoint: 925417 ns, At safepoint: 45112 ns, Total: 970529 ns
[2020-08-12T17:38:54.691+0000][6][safepoint    ] Safepoint "Cleanup", Time since last: 1000367524 ns, Reaching safepoint: 576983 ns, At safepoint: 29899 ns, Total: 606882 ns
[2020-08-12T17:38:55.691+0000][6][safepoint    ] Safepoint "Cleanup", Time since last: 1000264400 ns, Reaching safepoint: 265698 ns, At safepoint: 11213 ns, Total: 276911 ns
[2020-08-12T17:38:56.693+0000][6][safepoint    ] Safepoint "Cleanup", Time since last: 1000232562 ns, Reaching safepoint: 929955 ns, At safepoint: 44499 ns, Total: 974454 ns
[2020-08-12T17:38:58.458+0000][6][safepoint    ] Safepoint "Cleanup", Time since last: 1764677490 ns, Reaching safepoint: 442871 ns, At safepoint: 23388 ns, Total: 466259 ns
[2020-08-12T17:38:59.855+0000][6][safepoint    ] Safepoint "Cleanup", Time since last: 1396841795 ns, Reaching safepoint: 800305 ns, At safepoint: 46562 ns, Total: 846867 ns
[2020-08-12T17:39:00.856+0000][6][safepoint    ] Safepoint "Cleanup", Time since last: 1000293375 ns, Reaching safepoint: 430121 ns, At safepoint: 57650 ns, Total: 487771 ns
[2020-08-12T17:39:01.857+0000][6][safepoint    ] Safepoint "Cleanup", Time since last: 1000342374 ns, Reaching safepoint: 783931 ns, At safepoint: 59124 ns, Total: 843055 ns
[2020-08-12T17:39:02.859+0000][6][safepoint    ] Safepoint "Cleanup", Time since last: 1000434211 ns, Reaching safepoint: 902118 ns, At safepoint: 49387 ns, Total: 951505 ns
[2020-08-12T17:39:03.860+0000][6][safepoint    ] Safepoint "Cleanup", Time since last: 1000383411 ns, Reaching safepoint: 766881 ns, At safepoint: 85274 ns, Total: 852155 ns
[2020-08-12T17:39:04.861+0000][6][safepoint    ] Safepoint "Cleanup", Time since last: 1000344399 ns, Reaching safepoint: 826581 ns, At safepoint: 45812 ns, Total: 872393 ns
[2020-08-12T17:39:05.862+0000][6][safepoint    ] Safepoint "Cleanup", Time since last: 1000287000 ns, Reaching safepoint: 497408 ns, At safepoint: 23887 ns, Total: 521295 ns
[2020-08-12T17:39:06.863+0000][6][safepoint    ] Safepoint "Cleanup", Time since last: 1000276950 ns, Reaching safepoint: 820130 ns, At safepoint: 44638 ns, Total: 864768 ns
[2020-08-12T17:39:08.763+0000][6][safepoint    ] Safepoint "Cleanup", Time since last: 1898701705 ns, Reaching safepoint: 1019654 ns, At safepoint: 44849 ns, Total: 1064503 ns
[2020-08-12T17:39:09.764+0000][6][safepoint    ] Safepoint "Cleanup", Time since last: 1000384849 ns, Reaching safepoint: 906893 ns, At safepoint: 146848 ns, Total: 1053741 ns
[2020-08-12T17:39:10.766+0000][6][safepoint    ] Safepoint "Cleanup", Time since last: 1000343099 ns, Reaching safepoint: 1375551 ns, At safepoint: 56474 ns, Total: 1432025 ns
[2020-08-12T17:39:11.767+0000][6][safepoint    ] Safepoint "Cleanup", Time since last: 1000346062 ns, Reaching safepoint: 701394 ns, At safepoint: 53050 ns, Total: 754444 ns
[2020-08-12T17:39:12.768+0000][6][safepoint    ] Safepoint "Cleanup", Time since last: 1000380149 ns, Reaching safepoint: 764143 ns, At safepoint: 47562 ns, Total: 811705 ns
[2020-08-12T17:39:13.769+0000][6][safepoint    ] Safepoint "Cleanup", Time since last: 1000333612 ns, Reaching safepoint: 598782 ns, At safepoint: 44038 ns, Total: 642820 ns
[2020-08-12T17:39:14.770+0000][6][safepoint    ] Safepoint "Cleanup", Time since last: 1000395073 ns, Reaching safepoint: 660357 ns, At safepoint: 54150 ns, Total: 714507 ns
[2020-08-12T17:39:15.771+0000][6][safepoint    ] Safepoint "Cleanup", Time since last: 1000310549 ns, Reaching safepoint: 398497 ns, At safepoint: 12650 ns, Total: 411147 ns
[2020-08-12T17:39:16.772+0000][6][safepoint    ] Safepoint "Cleanup", Time since last: 1000247412 ns, Reaching safepoint: 862118 ns, At safepoint: 45424 ns, Total: 907542 ns
[2020-08-12T17:39:18.638+0000][6][safepoint    ] Safepoint "Cleanup", Time since last: 1864757437 ns, Reaching safepoint: 516608 ns, At safepoint: 32412 ns, Total: 549020 ns
[2020-08-12T17:39:19.639+0000][6][safepoint    ] Safepoint "Cleanup", Time since last: 1000303475 ns, Reaching safepoint: 601482 ns, At safepoint: 44637 ns, Total: 646119 ns
[2020-08-12T17:39:20.639+0000][6][safepoint    ] Safepoint "Cleanup", Time since last: 1000300037 ns, Reaching safepoint: 525621 ns, At safepoint: 45187 ns, Total: 570808 ns
[2020-08-12T17:39:21.640+0000][6][safepoint    ] Safepoint "Cleanup", Time since last: 1000266450 ns, Reaching safepoint: 662532 ns, At safepoint: 53687 ns, Total: 716219 ns
[2020-08-12T17:39:22.641+0000][6][safepoint    ] Safepoint "Cleanup", Time since last: 1000344899 ns, Reaching safepoint: 657444 ns, At safepoint: 54962 ns, Total: 712406 ns
[2020-08-12T17:39:23.643+0000][6][safepoint    ] Safepoint "Cleanup", Time since last: 1000348912 ns, Reaching safepoint: 866917 ns, At safepoint: 43575 ns, Total: 910492 ns
[2020-08-12T17:39:24.643+0000][6][safepoint    ] Safepoint "Cleanup", Time since last: 1000327600 ns, Reaching safepoint: 260847 ns, At safepoint: 11413 ns, Total: 272260 ns
[2020-08-12T17:39:25.645+0000][6][safepoint    ] Safepoint "Cleanup", Time since last: 1000208888 ns, Reaching safepoint: 1093590 ns, At safepoint: 55962 ns, Total: 1149552 ns
[2020-08-12T17:39:26.646+0000][6][safepoint    ] Safepoint "Cleanup", Time since last: 1000396337 ns, Reaching safepoint: 993291 ns, At safepoint: 46275 ns, Total: 1039566 ns
[2020-08-12T17:39:27.422+0000][6][safepoint    ] Safepoint "BulkRevokeBias", Time since last: 774030618 ns, Reaching safepoint: 437809 ns, At safepoint: 1565699 ns, Total: 2003508 ns
[2020-08-12T17:39:28.423+0000][6][safepoint    ] Safepoint "Cleanup", Time since last: 1000205775 ns, Reaching safepoint: 950430 ns, At safepoint: 49437 ns, Total: 999867 ns
[2020-08-12T17:39:28.885+0000][6][safepoint    ] Safepoint "BulkRevokeBias", Time since last: 457179346 ns, Reaching safepoint: 945130 ns, At safepoint: 3281434 ns, Total: 4226564 ns
[2020-08-12T17:39:29.895+0000][6][safepoint    ] Safepoint "Cleanup", Time since last: 1009407071 ns, Reaching safepoint: 611632 ns, At safepoint: 44387 ns, Total: 656019 ns
[2020-08-12T17:39:30.896+0000][6][safepoint    ] Safepoint "Cleanup", Time since last: 1000350287 ns, Reaching safepoint: 422508 ns, At safepoint: 30288 ns, Total: 452796 ns
[2020-08-12T17:39:31.897+0000][6][safepoint    ] Safepoint "Cleanup", Time since last: 1000283537 ns, Reaching safepoint: 614770 ns, At safepoint: 53262 ns, Total: 668032 ns
[2020-08-12T17:39:32.898+0000][6][safepoint    ] Safepoint "Cleanup", Time since last: 1000399561 ns, Reaching safepoint: 516358 ns, At safepoint: 44737 ns, Total: 561095 ns
[2020-08-12T17:39:33.899+0000][6][safepoint    ] Safepoint "Cleanup", Time since last: 1000396099 ns, Reaching safepoint: 999791 ns, At safepoint: 46050 ns, Total: 1045841 ns
[2020-08-12T17:39:34.900+0000][6][safepoint    ] Safepoint "Cleanup", Time since last: 1000365961 ns, Reaching safepoint: 870168 ns, At safepoint: 44275 ns, Total: 914443 ns
[2020-08-12T17:39:35.902+0000][6][safepoint    ] Safepoint "Cleanup", Time since last: 1000337336 ns, Reaching safepoint: 866080 ns, At safepoint: 44237 ns, Total: 910317 ns
[2020-08-12T17:39:36.903+0000][6][safepoint    ] Safepoint "Cleanup", Time since last: 1000374837 ns, Reaching safepoint: 891967 ns, At safepoint: 43938 ns, Total: 935905 ns
[2020-08-12T17:39:38.577+0000][6][safepoint    ] Safepoint "Cleanup", Time since last: 1674054935 ns, Reaching safepoint: 526821 ns, At safepoint: 27424 ns, Total: 554245 ns
[2020-08-12T17:39:39.578+0000][6][safepoint    ] Safepoint "Cleanup", Time since last: 1000278850 ns, Reaching safepoint: 491933 ns, At safepoint: 44600 ns, Total: 536533 ns
[2020-08-12T17:39:40.581+0000][6][safepoint    ] Safepoint "Cleanup", Time since last: 1001701175 ns, Reaching safepoint: 540583 ns, At safepoint: 45799 ns, Total: 586382 ns
[2020-08-12T17:39:41.582+0000][6][safepoint    ] Safepoint "Cleanup", Time since last: 1000286538 ns, Reaching safepoint: 660331 ns, At safepoint: 53325 ns, Total: 713656 ns
[2020-08-12T17:39:42.583+0000][6][safepoint    ] Safepoint "Cleanup", Time since last: 1000388161 ns, Reaching safepoint: 585258 ns, At safepoint: 43849 ns, Total: 629107 ns
[2020-08-12T17:39:43.583+0000][6][safepoint    ] Safepoint "Cleanup", Time since last: 1000331375 ns, Reaching safepoint: 451308 ns, At safepoint: 54987 ns, Total: 506295 ns
[2020-08-12T17:39:44.585+0000][6][safepoint    ] Safepoint "Cleanup", Time since last: 1000348212 ns, Reaching safepoint: 904067 ns, At safepoint: 44525 ns, Total: 948592 ns
[2020-08-12T17:39:45.588+0000][6][safepoint    ] Safepoint "Cleanup", Time since last: 1002292957 ns, Reaching safepoint: 1106291 ns, At safepoint: 56199 ns, Total: 1162490 ns
[2020-08-12T17:39:46.589+0000][6][safepoint    ] Safepoint "Cleanup", Time since last: 1000337250 ns, Reaching safepoint: 845030 ns, At safepoint: 44587 ns, Total: 889617 ns
[2020-08-12T17:39:47.590+0000][6][safepoint    ] Safepoint "Cleanup", Time since last: 1000324099 ns, Reaching safepoint: 707757 ns, At safepoint: 43737 ns, Total: 751494 ns
[2020-08-12T17:39:48.610+0000][6][safepoint    ] Safepoint "Cleanup", Time since last: 1019017750 ns, Reaching safepoint: 701594 ns, At safepoint: 56962 ns, Total: 758556 ns
[2020-08-12T17:39:49.611+0000][6][safepoint    ] Safepoint "Cleanup", Time since last: 1000321775 ns, Reaching safepoint: 615282 ns, At safepoint: 30337 ns, Total: 645619 ns
[2020-08-12T17:39:50.612+0000][6][safepoint    ] Safepoint "Cleanup", Time since last: 1000247875 ns, Reaching safepoint: 751306 ns, At safepoint: 29750 ns, Total: 781056 ns
[2020-08-12T17:39:51.613+0000][6][safepoint    ] Safepoint "Cleanup", Time since last: 1000271550 ns, Reaching safepoint: 767518 ns, At safepoint: 46550 ns, Total: 814068 ns
[2020-08-12T17:39:52.614+0000][6][safepoint    ] Safepoint "Cleanup", Time since last: 1000353662 ns, Reaching safepoint: 705856 ns, At safepoint: 45624 ns, Total: 751480 ns
[2020-08-12T17:39:53.615+0000][6][safepoint    ] Safepoint "Cleanup", Time since last: 1000329437 ns, Reaching safepoint: 390497 ns, At safepoint: 17525 ns, Total: 408022 ns
[2020-08-12T17:39:54.616+0000][6][safepoint    ] Safepoint "Cleanup", Time since last: 1000209300 ns, Reaching safepoint: 444834 ns, At safepoint: 22712 ns, Total: 467546 ns
[2020-08-12T17:39:55.617+0000][6][safepoint    ] Safepoint "Cleanup", Time since last: 1000314125 ns, Reaching safepoint: 555545 ns, At safepoint: 23050 ns, Total: 578595 ns
[2020-08-12T17:39:56.618+0000][6][safepoint    ] Safepoint "Cleanup", Time since last: 1000236525 ns, Reaching safepoint: 803918 ns, At safepoint: 44137 ns, Total: 848055 ns
[2020-08-12T17:39:58.448+0000][6][safepoint    ] Safepoint "Cleanup", Time since last: 1829529204 ns, Reaching safepoint: 433233 ns, At safepoint: 22138 ns, Total: 455371 ns
[2020-08-12T17:39:59.896+0000][6][safepoint    ] Safepoint "Cleanup", Time since last: 1447602181 ns, Reaching safepoint: 797393 ns, At safepoint: 46775 ns, Total: 844168 ns
[2020-08-12T17:40:00.897+0000][6][safepoint    ] Safepoint "Cleanup", Time since last: 1000293912 ns, Reaching safepoint: 452409 ns, At safepoint: 19487 ns, Total: 471896 ns
[2020-08-12T17:40:01.898+0000][6][safepoint    ] Safepoint "Cleanup", Time since last: 1000239625 ns, Reaching safepoint: 583295 ns, At safepoint: 156237 ns, Total: 739532 ns
[2020-08-12T17:40:02.899+0000][6][safepoint    ] Safepoint "Cleanup", Time since last: 1000334636 ns, Reaching safepoint: 684132 ns, At safepoint: 45837 ns, Total: 729969 ns
[2020-08-12T17:40:03.900+0000][6][safepoint    ] Safepoint "Cleanup", Time since last: 1000348537 ns, Reaching safepoint: 871229 ns, At safepoint: 44025 ns, Total: 915254 ns
[2020-08-12T17:40:04.902+0000][6][safepoint    ] Safepoint "Cleanup", Time since last: 1000349254 ns, Reaching safepoint: 859430 ns, At safepoint: 43912 ns, Total: 903342 ns
[2020-08-12T17:40:05.903+0000][6][safepoint    ] Safepoint "Cleanup", Time since last: 1000386491 ns, Reaching safepoint: 523933 ns, At safepoint: 27863 ns, Total: 551796 ns
[2020-08-12T17:40:06.904+0000][6][safepoint    ] Safepoint "Cleanup", Time since last: 1000288805 ns, Reaching safepoint: 955679 ns, At safepoint: 43699 ns, Total: 999378 ns
[2020-08-12T17:40:08.569+0000][6][safepoint    ] Safepoint "Cleanup", Time since last: 1664556889 ns, Reaching safepoint: 364797 ns, At safepoint: 17612 ns, Total: 382409 ns
[2020-08-12T17:40:09.570+0000][6][safepoint    ] Safepoint "Cleanup", Time since last: 1000247143 ns, Reaching safepoint: 588470 ns, At safepoint: 44275 ns, Total: 632745 ns
[2020-08-12T17:40:10.571+0000][6][safepoint    ] Safepoint "Cleanup", Time since last: 1000342117 ns, Reaching safepoint: 668956 ns, At safepoint: 55125 ns, Total: 724081 ns
[2020-08-12T17:40:11.572+0000][6][safepoint    ] Safepoint "Cleanup", Time since last: 1000441978 ns, Reaching safepoint: 578458 ns, At safepoint: 44787 ns, Total: 623245 ns
[2020-08-12T17:40:12.573+0000][6][safepoint    ] Safepoint "Cleanup", Time since last: 1000463053 ns, Reaching safepoint: 598358 ns, At safepoint: 94786 ns, Total: 693144 ns
[2020-08-12T17:40:13.574+0000][6][safepoint    ] Safepoint "Cleanup", Time since last: 1000313268 ns, Reaching safepoint: 427458 ns, At safepoint: 42825 ns, Total: 470283 ns
[2020-08-12T17:40:14.575+0000][6][safepoint    ] Safepoint "Cleanup", Time since last: 1000345754 ns, Reaching safepoint: 597983 ns, At safepoint: 53887 ns, Total: 651870 ns
[2020-08-12T17:40:15.576+0000][6][safepoint    ] Safepoint "Cleanup", Time since last: 1000339917 ns, Reaching safepoint: 682319 ns, At safepoint: 31812 ns, Total: 714131 ns
[2020-08-12T17:40:16.577+0000][6][safepoint    ] Safepoint "Cleanup", Time since last: 1000296992 ns, Reaching safepoint: 616282 ns, At safepoint: 52800 ns, Total: 669082 ns
[2020-08-12T17:40:17.578+0000][6][safepoint    ] Safepoint "Cleanup", Time since last: 1000350492 ns, Reaching safepoint: 956566 ns, At safepoint: 28938 ns, Total: 985504 ns
[2020-08-12T17:40:18.620+0000][6][safepoint    ] Safepoint "Cleanup", Time since last: 1040999015 ns, Reaching safepoint: 447796 ns, At safepoint: 23125 ns, Total: 470921 ns
[2020-08-12T17:40:19.621+0000][6][safepoint    ] Safepoint "Cleanup", Time since last: 1000265180 ns, Reaching safepoint: 832356 ns, At safepoint: 43912 ns, Total: 876268 ns
[2020-08-12T17:40:20.622+0000][6][safepoint    ] Safepoint "Cleanup", Time since last: 1000338004 ns, Reaching safepoint: 756656 ns, At safepoint: 35025 ns, Total: 791681 ns
[2020-08-12T17:40:21.623+0000][6][safepoint    ] Safepoint "Cleanup", Time since last: 1000365542 ns, Reaching safepoint: 827492 ns, At safepoint: 66900 ns, Total: 894392 ns
[2020-08-12T17:40:22.624+0000][6][safepoint    ] Safepoint "Cleanup", Time since last: 1000355467 ns, Reaching safepoint: 1015166 ns, At safepoint: 49824 ns, Total: 1064990 ns
[2020-08-12T17:40:23.626+0000][6][safepoint    ] Safepoint "Cleanup", Time since last: 1000340630 ns, Reaching safepoint: 705306 ns, At safepoint: 44587 ns, Total: 749893 ns
[2020-08-12T17:40:24.627+0000][6][safepoint    ] Safepoint "Cleanup", Time since last: 1000426417 ns, Reaching safepoint: 785643 ns, At safepoint: 59349 ns, Total: 844992 ns
[2020-08-12T17:40:25.628+0000][6][safepoint    ] Safepoint "Cleanup", Time since last: 1000366804 ns, Reaching safepoint: 600245 ns, At safepoint: 33962 ns, Total: 634207 ns
[2020-08-12T17:40:26.629+0000][6][safepoint    ] Safepoint "Cleanup", Time since last: 1000351717 ns, Reaching safepoint: 826318 ns, At safepoint: 44825 ns, Total: 871143 ns
[2020-08-12T17:40:28.515+0000][6][safepoint    ] Safepoint "Cleanup", Time since last: 1885441205 ns, Reaching safepoint: 575082 ns, At safepoint: 57312 ns, Total: 632394 ns
[2020-08-12T17:40:29.874+0000][6][safepoint    ] Safepoint "Cleanup", Time since last: 1358276749 ns, Reaching safepoint: 658981 ns, At safepoint: 45325 ns, Total: 704306 ns
[2020-08-12T17:40:30.875+0000][6][safepoint    ] Safepoint "Cleanup", Time since last: 1000347404 ns, Reaching safepoint: 819856 ns, At safepoint: 57624 ns, Total: 877480 ns
[2020-08-12T17:40:31.877+0000][6][safepoint    ] Safepoint "Cleanup", Time since last: 1000352242 ns, Reaching safepoint: 771468 ns, At safepoint: 44887 ns, Total: 816355 ns
[2020-08-12T17:40:32.878+0000][6][safepoint    ] Safepoint "Cleanup", Time since last: 1000318493 ns, Reaching safepoint: 649644 ns, At safepoint: 53062 ns, Total: 702706 ns
[2020-08-12T17:40:33.879+0000][6][safepoint    ] Safepoint "Cleanup", Time since last: 1000392166 ns, Reaching safepoint: 780294 ns, At safepoint: 44224 ns, Total: 824518 ns
[2020-08-12T17:40:34.880+0000][6][safepoint    ] Safepoint "Cleanup", Time since last: 1000379779 ns, Reaching safepoint: 887755 ns, At safepoint: 44875 ns, Total: 932630 ns
[2020-08-12T17:40:35.881+0000][6][safepoint    ] Safepoint "Cleanup", Time since last: 1000341579 ns, Reaching safepoint: 736169 ns, At safepoint: 44575 ns, Total: 780744 ns
[2020-08-12T17:40:36.882+0000][6][safepoint    ] Safepoint "Cleanup", Time since last: 1000341404 ns, Reaching safepoint: 631807 ns, At safepoint: 44325 ns, Total: 676132 ns
[2020-08-12T17:40:38.609+0000][6][safepoint    ] Safepoint "Cleanup", Time since last: 1726520290 ns, Reaching safepoint: 491696 ns, At safepoint: 38425 ns, Total: 530121 ns
[2020-08-12T17:40:39.610+0000][6][safepoint    ] Safepoint "Cleanup", Time since last: 1000321492 ns, Reaching safepoint: 569408 ns, At safepoint: 44524 ns, Total: 613932 ns
[2020-08-12T17:40:40.612+0000][6][safepoint    ] Safepoint "Cleanup", Time since last: 1000346942 ns, Reaching safepoint: 969629 ns, At safepoint: 64075 ns, Total: 1033704 ns
[2020-08-12T17:40:41.613+0000][6][safepoint    ] Safepoint "Cleanup", Time since last: 1000394941 ns, Reaching safepoint: 809193 ns, At safepoint: 44812 ns, Total: 854005 ns
[2020-08-12T17:40:42.614+0000][6][safepoint    ] Safepoint "Cleanup", Time since last: 1000380629 ns, Reaching safepoint: 636270 ns, At safepoint: 69562 ns, Total: 705832 ns
[2020-08-12T17:40:43.615+0000][6][safepoint    ] Safepoint "Cleanup", Time since last: 1000280792 ns, Reaching safepoint: 577845 ns, At safepoint: 30437 ns, Total: 608282 ns
[2020-08-12T17:40:44.616+0000][6][safepoint    ] Safepoint "Cleanup", Time since last: 1000328917 ns, Reaching safepoint: 868268 ns, At safepoint: 69662 ns, Total: 937930 ns
[2020-08-12T17:40:45.617+0000][6][safepoint    ] Safepoint "Cleanup", Time since last: 1000308467 ns, Reaching safepoint: 767918 ns, At safepoint: 38987 ns, Total: 806905 ns
[2020-08-12T17:40:46.618+0000][6][safepoint    ] Safepoint "Cleanup", Time since last: 1000289018 ns, Reaching safepoint: 779218 ns, At safepoint: 46462 ns, Total: 825680 ns
[2020-08-12T17:40:48.577+0000][6][safepoint    ] Safepoint "Cleanup", Time since last: 1958207614 ns, Reaching safepoint: 615744 ns, At safepoint: 40950 ns, Total: 656694 ns
[2020-08-12T17:40:49.578+0000][6][safepoint    ] Safepoint "Cleanup", Time since last: 1000296280 ns, Reaching safepoint: 661344 ns, At safepoint: 44437 ns, Total: 705781 ns
[2020-08-12T17:40:50.579+0000][6][safepoint    ] Safepoint "Cleanup", Time since last: 1000325717 ns, Reaching safepoint: 621370 ns, At safepoint: 47212 ns, Total: 668582 ns
[2020-08-12T17:40:51.580+0000][6][safepoint    ] Safepoint "Cleanup", Time since last: 1000301467 ns, Reaching safepoint: 656720 ns, At safepoint: 44087 ns, Total: 700807 ns
[2020-08-12T17:40:52.581+0000][6][safepoint    ] Safepoint "Cleanup", Time since last: 1000342479 ns, Reaching safepoint: 743294 ns, At safepoint: 46374 ns, Total: 789668 ns
[2020-08-12T17:40:53.582+0000][6][safepoint    ] Safepoint "Cleanup", Time since last: 1000312230 ns, Reaching safepoint: 562533 ns, At safepoint: 27899 ns, Total: 590432 ns
[2020-08-12T17:40:54.694+0000][6][safepoint    ] Safepoint "Cleanup", Time since last: 1111171359 ns, Reaching safepoint: 806456 ns, At safepoint: 46399 ns, Total: 852855 ns
[2020-08-12T17:40:55.695+0000][6][safepoint    ] Safepoint "Cleanup", Time since last: 1000342455 ns, Reaching safepoint: 861030 ns, At safepoint: 62087 ns, Total: 923117 ns
[2020-08-12T17:40:55.773+0000][6][safepoint    ] Safepoint "BulkRevokeBias", Time since last: 76747024 ns, Reaching safepoint: 353085 ns, At safepoint: 875704 ns, Total: 1228789 ns
[2020-08-12T17:40:56.775+0000][6][safepoint    ] Safepoint "Cleanup", Time since last: 1000254868 ns, Reaching safepoint: 835030 ns, At safepoint: 44438 ns, Total: 879468 ns
[2020-08-12T17:40:58.409+0000][6][safepoint    ] Safepoint "Cleanup", Time since last: 1633805392 ns, Reaching safepoint: 267722 ns, At safepoint: 11213 ns, Total: 278935 ns
[2020-08-12T17:40:59.923+0000][6][safepoint    ] Safepoint "Cleanup", Time since last: 1513619893 ns, Reaching safepoint: 630957 ns, At safepoint: 46937 ns, Total: 677894 ns
[2020-08-12T17:41:00.924+0000][6][safepoint    ] Safepoint "Cleanup", Time since last: 1000346767 ns, Reaching safepoint: 815331 ns, At safepoint: 44737 ns, Total: 860068 ns
[2020-08-12T17:41:01.926+0000][6][safepoint    ] Safepoint "Cleanup", Time since last: 1000819725 ns, Reaching safepoint: 1017679 ns, At safepoint: 47212 ns, Total: 1064891 ns
[2020-08-12T17:41:02.927+0000][6][safepoint    ] Safepoint "Cleanup", Time since last: 1000340329 ns, Reaching safepoint: 828205 ns, At safepoint: 55675 ns, Total: 883880 ns
[2020-08-12T17:41:03.928+0000][6][safepoint    ] Safepoint "Cleanup", Time since last: 1000345017 ns, Reaching safepoint: 575857 ns, At safepoint: 45112 ns, Total: 620969 ns
[2020-08-12T17:41:04.929+0000][6][safepoint    ] Safepoint "Cleanup", Time since last: 1000339592 ns, Reaching safepoint: 816456 ns, At safepoint: 45037 ns, Total: 861493 ns
[2020-08-12T17:41:05.931+0000][6][safepoint    ] Safepoint "Cleanup", Time since last: 1000343179 ns, Reaching safepoint: 913630 ns, At safepoint: 65799 ns, Total: 979429 ns
[2020-08-12T17:41:06.932+0000][6][safepoint    ] Safepoint "Cleanup", Time since last: 1000400917 ns, Reaching safepoint: 837655 ns, At safepoint: 46875 ns, Total: 884530 ns
[2020-08-12T17:41:08.612+0000][6][safepoint    ] Safepoint "Cleanup", Time since last: 1679859294 ns, Reaching safepoint: 402821 ns, At safepoint: 25100 ns, Total: 427921 ns
[2020-08-12T17:41:09.613+0000][6][safepoint    ] Safepoint "Cleanup", Time since last: 1000275118 ns, Reaching safepoint: 686281 ns, At safepoint: 53900 ns, Total: 740181 ns
[2020-08-12T17:41:10.615+0000][6][safepoint    ] Safepoint "Cleanup", Time since last: 1000322354 ns, Reaching safepoint: 917255 ns, At safepoint: 47412 ns, Total: 964667 ns
[2020-08-12T17:41:11.616+0000][6][safepoint    ] Safepoint "Cleanup", Time since last: 1000369767 ns, Reaching safepoint: 771668 ns, At safepoint: 43837 ns, Total: 815505 ns
[2020-08-12T17:41:12.617+0000][6][safepoint    ] Safepoint "Cleanup", Time since last: 1000462991 ns, Reaching safepoint: 820393 ns, At safepoint: 45400 ns, Total: 865793 ns
[2020-08-12T17:41:13.618+0000][6][safepoint    ] Safepoint "Cleanup", Time since last: 1000315929 ns, Reaching safepoint: 435384 ns, At safepoint: 20950 ns, Total: 456334 ns
[2020-08-12T17:41:14.619+0000][6][safepoint    ] Safepoint "Cleanup", Time since last: 1000211693 ns, Reaching safepoint: 431558 ns, At safepoint: 21750 ns, Total: 453308 ns
[2020-08-12T17:41:15.620+0000][6][safepoint    ] Safepoint "Cleanup", Time since last: 1000258268 ns, Reaching safepoint: 1129778 ns, At safepoint: 56387 ns, Total: 1186165 ns
[2020-08-12T17:41:16.621+0000][6][safepoint    ] Safepoint "Cleanup", Time since last: 1000347204 ns, Reaching safepoint: 968504 ns, At safepoint: 44537 ns, Total: 1013041 ns
[2020-08-12T17:41:18.576+0000][6][safepoint    ] Safepoint "Cleanup", Time since last: 1954109062 ns, Reaching safepoint: 671506 ns, At safepoint: 44950 ns, Total: 716456 ns
[2020-08-12T17:41:19.577+0000][6][safepoint    ] Safepoint "Cleanup", Time since last: 1000345617 ns, Reaching safepoint: 877767 ns, At safepoint: 44150 ns, Total: 921917 ns
[2020-08-12T17:41:20.579+0000][6][safepoint    ] Safepoint "Cleanup", Time since last: 1000358304 ns, Reaching safepoint: 1094628 ns, At safepoint: 68487 ns, Total: 1163115 ns
[2020-08-12T17:41:21.580+0000][6][safepoint    ] Safepoint "Cleanup", Time since last: 1000356105 ns, Reaching safepoint: 941329 ns, At safepoint: 44225 ns, Total: 985554 ns
[2020-08-12T17:41:22.582+0000][6][safepoint    ] Safepoint "Cleanup", Time since last: 1000342591 ns, Reaching safepoint: 932280 ns, At safepoint: 49324 ns, Total: 981604 ns
[2020-08-12T17:41:23.582+0000][6][safepoint    ] Safepoint "Cleanup", Time since last: 1000332405 ns, Reaching safepoint: 394821 ns, At safepoint: 19363 ns, Total: 414184 ns
[2020-08-12T17:41:24.583+0000][6][safepoint    ] Safepoint "Cleanup", Time since last: 1000259392 ns, Reaching safepoint: 555333 ns, At safepoint: 44225 ns, Total: 599558 ns
[2020-08-12T17:41:25.584+0000][6][safepoint    ] Safepoint "Cleanup", Time since last: 1000295254 ns, Reaching safepoint: 798394 ns, At safepoint: 37137 ns, Total: 835531 ns
[2020-08-12T17:41:26.845+0000][6][safepoint    ] Safepoint "Cleanup", Time since last: 1260282532 ns, Reaching safepoint: 642382 ns, At safepoint: 45088 ns, Total: 687470 ns
[2020-08-12T17:41:28.431+0000][6][safepoint    ] Safepoint "Cleanup", Time since last: 1584938314 ns, Reaching safepoint: 396747 ns, At safepoint: 17862 ns, Total: 414609 ns
[2020-08-12T17:41:29.919+0000][6][safepoint    ] Safepoint "Cleanup", Time since last: 1487241671 ns, Reaching safepoint: 616645 ns, At safepoint: 52050 ns, Total: 668695 ns
[2020-08-12T17:41:30.920+0000][6][safepoint    ] Safepoint "Cleanup", Time since last: 1000407166 ns, Reaching safepoint: 417109 ns, At safepoint: 45099 ns, Total: 462208 ns
[2020-08-12T17:41:31.921+0000][6][safepoint    ] Safepoint "Cleanup", Time since last: 1000397454 ns, Reaching safepoint: 690757 ns, At safepoint: 52962 ns, Total: 743719 ns
[2020-08-12T17:41:32.921+0000][6][safepoint    ] Safepoint "Cleanup", Time since last: 1000324392 ns, Reaching safepoint: 336522 ns, At safepoint: 13462 ns, Total: 349984 ns
[2020-08-12T17:41:33.927+0000][6][safepoint    ] Safepoint "Cleanup", Time since last: 1005813445 ns, Reaching safepoint: 322497 ns, At safepoint: 30038 ns, Total: 352535 ns
[2020-08-12T17:41:34.928+0000][6][safepoint    ] Safepoint "Cleanup", Time since last: 1000242355 ns, Reaching safepoint: 368972 ns, At safepoint: 22149 ns, Total: 391121 ns
[2020-08-12T17:41:35.929+0000][6][safepoint    ] Safepoint "Cleanup", Time since last: 1000206981 ns, Reaching safepoint: 331597 ns, At safepoint: 32800 ns, Total: 364397 ns
[2020-08-12T17:41:36.930+0000][6][safepoint    ] Safepoint "Cleanup", Time since last: 1000269542 ns, Reaching safepoint: 542933 ns, At safepoint: 39950 ns, Total: 582883 ns
[2020-08-12T17:41:38.660+0000][6][safepoint    ] Safepoint "Cleanup", Time since last: 1729966173 ns, Reaching safepoint: 365622 ns, At safepoint: 20237 ns, Total: 385859 ns
[2020-08-12T17:41:39.662+0000][6][safepoint    ] Safepoint "Cleanup", Time since last: 1001171010 ns, Reaching safepoint: 992104 ns, At safepoint: 44600 ns, Total: 1036704 ns
[2020-08-12T17:41:40.663+0000][6][safepoint    ] Safepoint "Cleanup", Time since last: 1000300617 ns, Reaching safepoint: 813543 ns, At safepoint: 34975 ns, Total: 848518 ns
[2020-08-12T17:41:41.664+0000][6][safepoint    ] Safepoint "Cleanup", Time since last: 1000274355 ns, Reaching safepoint: 900042 ns, At safepoint: 43812 ns, Total: 943854 ns
[2020-08-12T17:41:42.666+0000][6][safepoint    ] Safepoint "Cleanup", Time since last: 1000329217 ns, Reaching safepoint: 863355 ns, At safepoint: 44200 ns, Total: 907555 ns
[2020-08-12T17:41:43.667+0000][6][safepoint    ] Safepoint "Cleanup", Time since last: 1000368379 ns, Reaching safepoint: 656919 ns, At safepoint: 57100 ns, Total: 714019 ns
[2020-08-12T17:41:44.668+0000][6][safepoint    ] Safepoint "Cleanup", Time since last: 1000429578 ns, Reaching safepoint: 580495 ns, At safepoint: 106562 ns, Total: 687057 ns
[2020-08-12T17:41:45.669+0000][6][safepoint    ] Safepoint "Cleanup", Time since last: 1000382217 ns, Reaching safepoint: 666944 ns, At safepoint: 55524 ns, Total: 722468 ns
[2020-08-12T17:41:46.670+0000][6][safepoint    ] Safepoint "Cleanup", Time since last: 1000349792 ns, Reaching safepoint: 874168 ns, At safepoint: 44112 ns, Total: 918280 ns
[2020-08-12T17:41:48.626+0000][6][safepoint    ] Safepoint "Cleanup", Time since last: 1955455224 ns, Reaching safepoint: 488534 ns, At safepoint: 55799 ns, Total: 544333 ns
[2020-08-12T17:41:49.628+0000][6][safepoint    ] Safepoint "Cleanup", Time since last: 1000346505 ns, Reaching safepoint: 886767 ns, At safepoint: 44212 ns, Total: 930979 ns
[2020-08-12T17:41:50.629+0000][6][safepoint    ] Safepoint "Cleanup", Time since last: 1000428691 ns, Reaching safepoint: 1309889 ns, At safepoint: 59024 ns, Total: 1368913 ns
[2020-08-12T17:41:51.631+0000][6][safepoint    ] Safepoint "Cleanup", Time since last: 1000336955 ns, Reaching safepoint: 829943 ns, At safepoint: 44562 ns, Total: 874505 ns
[2020-08-12T17:41:52.632+0000][6][safepoint    ] Safepoint "Cleanup", Time since last: 1000348354 ns, Reaching safepoint: 774006 ns, At safepoint: 43650 ns, Total: 817656 ns
[2020-08-12T17:41:53.633+0000][6][safepoint    ] Safepoint "Cleanup", Time since last: 1000363254 ns, Reaching safepoint: 507620 ns, At safepoint: 27350 ns, Total: 534970 ns
[2020-08-12T17:41:54.634+0000][6][safepoint    ] Safepoint "Cleanup", Time since last: 1000289243 ns, Reaching safepoint: 804643 ns, At safepoint: 44024 ns, Total: 848667 ns
[2020-08-12T17:41:55.635+0000][6][safepoint    ] Safepoint "Cleanup", Time since last: 1000397842 ns, Reaching safepoint: 1089628 ns, At safepoint: 56074 ns, Total: 1145702 ns
[2020-08-12T17:41:56.898+0000][6][safepoint    ] Safepoint "Cleanup", Time since last: 1262292991 ns, Reaching safepoint: 696844 ns, At safepoint: 43749 ns, Total: 740593 ns
[2020-08-12T17:41:58.439+0000][6][safepoint    ] Safepoint "Cleanup", Time since last: 1540097952 ns, Reaching safepoint: 471471 ns, At safepoint: 46425 ns, Total: 517896 ns
[2020-08-12T17:41:59.852+0000][6][safepoint    ] Safepoint "Cleanup", Time since last: 1411681599 ns, Reaching safepoint: 831468 ns, At safepoint: 44462 ns, Total: 875930 ns
[2020-08-12T17:42:00.852+0000][6][safepoint    ] Safepoint "Cleanup", Time since last: 1000279705 ns, Reaching safepoint: 447571 ns, At safepoint: 75675 ns, Total: 523246 ns
[2020-08-12T17:42:01.854+0000][6][safepoint    ] Safepoint "Cleanup", Time since last: 1000345154 ns, Reaching safepoint: 975842 ns, At safepoint: 44224 ns, Total: 1020066 ns
[2020-08-12T17:42:02.855+0000][6][safepoint    ] Safepoint "Cleanup", Time since last: 1000365992 ns, Reaching safepoint: 775631 ns, At safepoint: 101524 ns, Total: 877155 ns
[2020-08-12T17:42:03.856+0000][6][safepoint    ] Safepoint "Cleanup", Time since last: 1000347404 ns, Reaching safepoint: 856168 ns, At safepoint: 44524 ns, Total: 900692 ns
[2020-08-12T17:42:04.857+0000][6][safepoint    ] Safepoint "Cleanup", Time since last: 1000381917 ns, Reaching safepoint: 744118 ns, At safepoint: 44413 ns, Total: 788531 ns
[2020-08-12T17:42:05.859+0000][6][safepoint    ] Safepoint "Cleanup", Time since last: 1000343866 ns, Reaching safepoint: 1053804 ns, At safepoint: 61762 ns, Total: 1115566 ns
[2020-08-12T17:42:06.860+0000][6][safepoint    ] Safepoint "Cleanup", Time since last: 1000392929 ns, Reaching safepoint: 805155 ns, At safepoint: 58525 ns, Total: 863680 ns
[2020-08-12T17:42:08.605+0000][6][safepoint    ] Safepoint "Cleanup", Time since last: 1744207588 ns, Reaching safepoint: 343947 ns, At safepoint: 17525 ns, Total: 361472 ns
[2020-08-12T17:42:09.606+0000][6][safepoint    ] Safepoint "Cleanup", Time since last: 1000252517 ns, Reaching safepoint: 555571 ns, At safepoint: 55299 ns, Total: 610870 ns
[2020-08-12T17:42:10.607+0000][6][safepoint    ] Safepoint "Cleanup", Time since last: 1000452904 ns, Reaching safepoint: 695544 ns, At safepoint: 55774 ns, Total: 751318 ns
[2020-08-12T17:42:11.608+0000][6][safepoint    ] Safepoint "Cleanup", Time since last: 1000398279 ns, Reaching safepoint: 581220 ns, At safepoint: 45300 ns, Total: 626520 ns
[2020-08-12T17:42:12.609+0000][6][safepoint    ] Safepoint "Cleanup", Time since last: 1000460440 ns, Reaching safepoint: 605108 ns, At safepoint: 44662 ns, Total: 649770 ns
[2020-08-12T17:42:13.610+0000][6][safepoint    ] Safepoint "Cleanup", Time since last: 1000394854 ns, Reaching safepoint: 515783 ns, At safepoint: 45174 ns, Total: 560957 ns
[2020-08-12T17:42:14.611+0000][6][safepoint    ] Safepoint "Cleanup", Time since last: 1000398905 ns, Reaching safepoint: 600857 ns, At safepoint: 44249 ns, Total: 645106 ns
[2020-08-12T17:42:15.612+0000][6][safepoint    ] Safepoint "Cleanup", Time since last: 1000382667 ns, Reaching safepoint: 753706 ns, At safepoint: 54912 ns, Total: 808618 ns
[2020-08-12T17:42:16.613+0000][6][safepoint    ] Safepoint "Cleanup", Time since last: 1000332617 ns, Reaching safepoint: 531083 ns, At safepoint: 35450 ns, Total: 566533 ns
[2020-08-12T17:42:17.614+0000][6][safepoint    ] Safepoint "Cleanup", Time since last: 1000272279 ns, Reaching safepoint: 530658 ns, At safepoint: 35363 ns, Total: 566021 ns
[2020-08-12T17:42:18.654+0000][6][safepoint    ] Safepoint "Cleanup", Time since last: 1039758901 ns, Reaching safepoint: 508771 ns, At safepoint: 44024 ns, Total: 552795 ns
[2020-08-12T17:42:19.864+0000][6][safepoint    ] Safepoint "Cleanup", Time since last: 1208860140 ns, Reaching safepoint: 817755 ns, At safepoint: 43987 ns, Total: 861742 ns
[2020-08-12T17:42:20.865+0000][6][safepoint    ] Safepoint "Cleanup", Time since last: 1000387692 ns, Reaching safepoint: 369347 ns, At safepoint: 12925 ns, Total: 382272 ns
[2020-08-12T17:42:21.866+0000][6][safepoint    ] Safepoint "Cleanup", Time since last: 1000224880 ns, Reaching safepoint: 911967 ns, At safepoint: 44712 ns, Total: 956679 ns
[2020-08-12T17:42:22.867+0000][6][safepoint    ] Safepoint "Cleanup", Time since last: 1000432067 ns, Reaching safepoint: 837330 ns, At safepoint: 44912 ns, Total: 882242 ns
[2020-08-12T17:42:23.868+0000][6][safepoint    ] Safepoint "Cleanup", Time since last: 1000334679 ns, Reaching safepoint: 527108 ns, At safepoint: 25000 ns, Total: 552108 ns
[2020-08-12T17:42:24.869+0000][6][safepoint    ] Safepoint "Cleanup", Time since last: 1000224806 ns, Reaching safepoint: 513258 ns, At safepoint: 27800 ns, Total: 541058 ns
[2020-08-12T17:42:25.870+0000][6][safepoint    ] Safepoint "Cleanup", Time since last: 1000270817 ns, Reaching safepoint: 629057 ns, At safepoint: 33999 ns, Total: 663056 ns
[2020-08-12T17:42:26.871+0000][6][safepoint    ] Safepoint "Cleanup", Time since last: 1000274093 ns, Reaching safepoint: 772643 ns, At safepoint: 43425 ns, Total: 816068 ns
[2020-08-12T17:42:28.422+0000][6][safepoint    ] Safepoint "Cleanup", Time since last: 1550711173 ns, Reaching safepoint: 644169 ns, At safepoint: 43987 ns, Total: 688156 ns
[2020-08-12T17:42:29.800+0000][6][safepoint    ] Safepoint "Cleanup", Time since last: 1376906025 ns, Reaching safepoint: 570058 ns, At safepoint: 43812 ns, Total: 613870 ns
[2020-08-12T17:42:30.801+0000][6][safepoint    ] Safepoint "Cleanup", Time since last: 1000476703 ns, Reaching safepoint: 569895 ns, At safepoint: 55162 ns, Total: 625057 ns
[2020-08-12T17:42:31.802+0000][6][safepoint    ] Safepoint "Cleanup", Time since last: 1000392017 ns, Reaching safepoint: 886117 ns, At safepoint: 44400 ns, Total: 930517 ns
[2020-08-12T17:42:32.803+0000][6][safepoint    ] Safepoint "Cleanup", Time since last: 1000282305 ns, Reaching safepoint: 386346 ns, At safepoint: 19400 ns, Total: 405746 ns
[2020-08-12T17:42:33.804+0000][6][safepoint    ] Safepoint "Cleanup", Time since last: 1000267143 ns, Reaching safepoint: 779605 ns, At safepoint: 107612 ns, Total: 887217 ns
[2020-08-12T17:42:34.805+0000][6][safepoint    ] Safepoint "Cleanup", Time since last: 1000343504 ns, Reaching safepoint: 871205 ns, At safepoint: 45337 ns, Total: 916542 ns
[2020-08-12T17:42:35.806+0000][6][safepoint    ] Safepoint "Cleanup", Time since last: 1000306405 ns, Reaching safepoint: 740919 ns, At safepoint: 36937 ns, Total: 777856 ns
[2020-08-12T17:42:36.807+0000][6][safepoint    ] Safepoint "Cleanup", Time since last: 1000279930 ns, Reaching safepoint: 683119 ns, At safepoint: 44637 ns, Total: 727756 ns
[2020-08-12T17:42:38.572+0000][6][safepoint    ] Safepoint "Cleanup", Time since last: 1763695144 ns, Reaching safepoint: 489346 ns, At safepoint: 44662 ns, Total: 534008 ns
[2020-08-12T17:42:39.573+0000][6][safepoint    ] Safepoint "Cleanup", Time since last: 1000388167 ns, Reaching safepoint: 786381 ns, At safepoint: 44312 ns, Total: 830693 ns
[2020-08-12T17:42:40.574+0000][6][safepoint    ] Safepoint "Cleanup", Time since last: 1000387704 ns, Reaching safepoint: 1093703 ns, At safepoint: 55662 ns, Total: 1149365 ns
[2020-08-12T17:42:41.575+0000][6][safepoint    ] Safepoint "Cleanup", Time since last: 1000378067 ns, Reaching safepoint: 634319 ns, At safepoint: 46512 ns, Total: 680831 ns
[2020-08-12T17:42:42.577+0000][6][safepoint    ] Safepoint "Cleanup", Time since last: 1001002774 ns, Reaching safepoint: 821593 ns, At safepoint: 44512 ns, Total: 866105 ns
[2020-08-12T17:42:43.578+0000][6][safepoint    ] Safepoint "Cleanup", Time since last: 1000732301 ns, Reaching safepoint: 352284 ns, At safepoint: 16300 ns, Total: 368584 ns
[2020-08-12T17:42:44.579+0000][6][safepoint    ] Safepoint "Cleanup", Time since last: 1000242931 ns, Reaching safepoint: 813905 ns, At safepoint: 44225 ns, Total: 858130 ns
[2020-08-12T17:42:45.580+0000][6][safepoint    ] Safepoint "Cleanup", Time since last: 1000316117 ns, Reaching safepoint: 664956 ns, At safepoint: 27675 ns, Total: 692631 ns
[2020-08-12T17:42:46.582+0000][6][safepoint    ] Safepoint "Cleanup", Time since last: 1000264105 ns, Reaching safepoint: 1309389 ns, At safepoint: 59024 ns, Total: 1368413 ns
[2020-08-12T17:42:47.583+0000][6][safepoint    ] Safepoint "Cleanup", Time since last: 1000328605 ns, Reaching safepoint: 802643 ns, At safepoint: 34337 ns, Total: 836980 ns
[2020-08-12T17:42:48.792+0000][6][safepoint    ] Safepoint "Cleanup", Time since last: 1208635342 ns, Reaching safepoint: 606795 ns, At safepoint: 27349 ns, Total: 634144 ns
[2020-08-12T17:42:49.793+0000][6][safepoint    ] Safepoint "Cleanup", Time since last: 1000256131 ns, Reaching safepoint: 672231 ns, At safepoint: 44750 ns, Total: 716981 ns
[2020-08-12T17:42:50.794+0000][6][safepoint    ] Safepoint "Cleanup", Time since last: 1000285680 ns, Reaching safepoint: 610545 ns, At safepoint: 26912 ns, Total: 637457 ns
[2020-08-12T17:42:51.796+0000][6][safepoint    ] Safepoint "Cleanup", Time since last: 1000254580 ns, Reaching safepoint: 904005 ns, At safepoint: 44274 ns, Total: 948279 ns
[2020-08-12T17:42:52.797+0000][6][safepoint    ] Safepoint "Cleanup", Time since last: 1000348017 ns, Reaching safepoint: 774431 ns, At safepoint: 44337 ns, Total: 818768 ns
[2020-08-12T17:42:53.798+0000][6][safepoint    ] Safepoint "Cleanup", Time since last: 1000429454 ns, Reaching safepoint: 604657 ns, At safepoint: 33387 ns, Total: 638044 ns
[2020-08-12T17:42:54.801+0000][6][safepoint    ] Safepoint "Cleanup", Time since last: 1002191676 ns, Reaching safepoint: 810993 ns, At safepoint: 136499 ns, Total: 947492 ns
[2020-08-12T17:42:55.802+0000][6][safepoint    ] Safepoint "Cleanup", Time since last: 1000278492 ns, Reaching safepoint: 557696 ns, At safepoint: 20987 ns, Total: 578683 ns
[2020-08-12T17:42:56.803+0000][6][safepoint    ] Safepoint "Cleanup", Time since last: 1000237280 ns, Reaching safepoint: 522096 ns, At safepoint: 27149 ns, Total: 549245 ns
[2020-08-12T17:42:58.408+0000][6][safepoint    ] Safepoint "Cleanup", Time since last: 1604710282 ns, Reaching safepoint: 378471 ns, At safepoint: 13513 ns, Total: 391984 ns
[2020-08-12T17:42:59.604+0000][6][safepoint    ] Safepoint "Cleanup", Time since last: 1195642979 ns, Reaching safepoint: 636032 ns, At safepoint: 46862 ns, Total: 682894 ns
[2020-08-12T17:43:00.605+0000][6][safepoint    ] Safepoint "Cleanup", Time since last: 1000317404 ns, Reaching safepoint: 1019592 ns, At safepoint: 74899 ns, Total: 1094491 ns
[2020-08-12T17:43:01.607+0000][6][safepoint    ] Safepoint "Cleanup", Time since last: 1000350329 ns, Reaching safepoint: 764119 ns, At safepoint: 55549 ns, Total: 819668 ns
[2020-08-12T17:43:02.608+0000][6][safepoint    ] Safepoint "Cleanup", Time since last: 1000331680 ns, Reaching safepoint: 807930 ns, At safepoint: 44550 ns, Total: 852480 ns
[2020-08-12T17:43:03.609+0000][6][safepoint    ] Safepoint "Cleanup", Time since last: 1000441266 ns, Reaching safepoint: 822255 ns, At safepoint: 45412 ns, Total: 867667 ns
[2020-08-12T17:43:04.610+0000][6][safepoint    ] Safepoint "Cleanup", Time since last: 1000333630 ns, Reaching safepoint: 678094 ns, At safepoint: 53425 ns, Total: 731519 ns
[2020-08-12T17:43:05.611+0000][6][safepoint    ] Safepoint "Cleanup", Time since last: 1000323042 ns, Reaching safepoint: 933704 ns, At safepoint: 49400 ns, Total: 983104 ns
[2020-08-12T17:43:06.613+0000][6][safepoint    ] Safepoint "Cleanup", Time since last: 1000313554 ns, Reaching safepoint: 954592 ns, At safepoint: 44325 ns, Total: 998917 ns
[2020-08-12T17:43:07.407+0000][6][gc,start     ] GC(52) Pause Young (Normal) (G1 Evacuation Pause)
[2020-08-12T17:43:07.408+0000][6][gc,task      ] GC(52) Using 2 workers of 2 for evacuation
[2020-08-12T17:43:07.408+0000][6][gc,age       ] GC(52) Desired survivor size 40370176 bytes, new threshold 15 (max threshold 15)
[2020-08-12T17:43:07.434+0000][6][gc,age       ] GC(52) Age table with threshold 15 (max threshold 15)
[2020-08-12T17:43:07.434+0000][6][gc,age       ] GC(52) - age   1:      86112 bytes,      86112 total
[2020-08-12T17:43:07.434+0000][6][gc,age       ] GC(52) - age   2:     255696 bytes,     341808 total
[2020-08-12T17:43:07.434+0000][6][gc,age       ] GC(52) - age   3:     171768 bytes,     513576 total
[2020-08-12T17:43:07.434+0000][6][gc,age       ] GC(52) - age   4:    1087760 bytes,    1601336 total
[2020-08-12T17:43:07.434+0000][6][gc,age       ] GC(52) - age   5:      30504 bytes,    1631840 total
[2020-08-12T17:43:07.435+0000][6][gc,age       ] GC(52) - age   6:      28504 bytes,    1660344 total
[2020-08-12T17:43:07.435+0000][6][gc,age       ] GC(52) - age   7:      61176 bytes,    1721520 total
[2020-08-12T17:43:07.435+0000][6][gc,age       ] GC(52) - age   8:      38328 bytes,    1759848 total
[2020-08-12T17:43:07.435+0000][6][gc,age       ] GC(52) - age   9:      94328 bytes,    1854176 total
[2020-08-12T17:43:07.435+0000][6][gc,age       ] GC(52) - age  10:      30800 bytes,    1884976 total
[2020-08-12T17:43:07.435+0000][6][gc,age       ] GC(52) - age  11:      69552 bytes,    1954528 total
[2020-08-12T17:43:07.435+0000][6][gc,age       ] GC(52) - age  12:      38008 bytes,    1992536 total
[2020-08-12T17:43:07.435+0000][6][gc,age       ] GC(52) - age  13:      94912 bytes,    2087448 total
[2020-08-12T17:43:07.435+0000][6][gc,age       ] GC(52) - age  14:      28136 bytes,    2115584 total
[2020-08-12T17:43:07.435+0000][6][gc,age       ] GC(52) - age  15:      30192 bytes,    2145776 total
[2020-08-12T17:43:07.436+0000][6][gc,phases    ] GC(52)   Pre Evacuate Collection Set: 1.1ms
[2020-08-12T17:43:07.436+0000][6][gc,phases    ] GC(52)   Merge Heap Roots: 1.1ms
[2020-08-12T17:43:07.436+0000][6][gc,phases    ] GC(52)   Evacuate Collection Set: 17.3ms
[2020-08-12T17:43:07.436+0000][6][gc,phases    ] GC(52)   Post Evacuate Collection Set: 5.9ms
[2020-08-12T17:43:07.436+0000][6][gc,phases    ] GC(52)   Other: 3.1ms
[2020-08-12T17:43:07.437+0000][6][gc,heap      ] GC(52) Eden regions: 611->0(611)
[2020-08-12T17:43:07.437+0000][6][gc,heap      ] GC(52) Survivor regions: 3->3(77)
[2020-08-12T17:43:07.437+0000][6][gc,heap      ] GC(52) Old regions: 78->78
[2020-08-12T17:43:07.437+0000][6][gc,heap      ] GC(52) Archive regions: 2->2
[2020-08-12T17:43:07.437+0000][6][gc,heap      ] GC(52) Humongous regions: 7->7
[2020-08-12T17:43:07.437+0000][6][gc,metaspace ] GC(52) Metaspace: 97821K(105528K)->97821K(105528K) NonClass: 85283K(89912K)->85283K(89912K) Class: 12537K(15616K)->12537K(15616K)
[2020-08-12T17:43:07.437+0000][6][gc           ] GC(52) Pause Young (Normal) (G1 Evacuation Pause) 698M->87M(1024M) 29.856ms
[2020-08-12T17:43:07.437+0000][6][gc,cpu       ] GC(52) User=0.05s Sys=0.00s Real=0.03s
[2020-08-12T17:43:07.438+0000][6][safepoint    ] Safepoint "G1CollectForAllocation", Time since last: 793560291 ns, Reaching safepoint: 872968 ns, At safepoint: 30403962 ns, Total: 31276930 ns
[2020-08-12T17:43:07.666+0000][6][safepoint    ] Safepoint "BulkRevokeBias", Time since last: 227287336 ns, Reaching safepoint: 355446 ns, At safepoint: 1140878 ns, Total: 1496324 ns
[2020-08-12T17:43:08.667+0000][6][safepoint    ] Safepoint "Cleanup", Time since last: 1000286280 ns, Reaching safepoint: 522995 ns, At safepoint: 44962 ns, Total: 567957 ns
[2020-08-12T17:43:09.668+0000][6][safepoint    ] Safepoint "Cleanup", Time since last: 1000265806 ns, Reaching safepoint: 561483 ns, At safepoint: 54724 ns, Total: 616207 ns
[2020-08-12T17:43:10.669+0000][6][safepoint    ] Safepoint "Cleanup", Time since last: 1000335367 ns, Reaching safepoint: 764756 ns, At safepoint: 40699 ns, Total: 805455 ns
[2020-08-12T17:43:11.670+0000][6][safepoint    ] Safepoint "Cleanup", Time since last: 1000292818 ns, Reaching safepoint: 669244 ns, At safepoint: 54799 ns, Total: 724043 ns
[2020-08-12T17:43:12.671+0000][6][safepoint    ] Safepoint "Cleanup", Time since last: 1000347430 ns, Reaching safepoint: 620919 ns, At safepoint: 46537 ns, Total: 667456 ns
[2020-08-12T17:43:13.672+0000][6][safepoint    ] Safepoint "Cleanup", Time since last: 1000317618 ns, Reaching safepoint: 622732 ns, At safepoint: 54062 ns, Total: 676794 ns
[2020-08-12T17:43:14.674+0000][6][safepoint    ] Safepoint "Cleanup", Time since last: 1000342717 ns, Reaching safepoint: 902854 ns, At safepoint: 44100 ns, Total: 946954 ns
[2020-08-12T17:43:15.675+0000][6][safepoint    ] Safepoint "Cleanup", Time since last: 1000338467 ns, Reaching safepoint: 892342 ns, At safepoint: 164886 ns, Total: 1057228 ns
[2020-08-12T17:43:16.676+0000][6][safepoint    ] Safepoint "Cleanup", Time since last: 1000347092 ns, Reaching safepoint: 829556 ns, At safepoint: 60974 ns, Total: 890530 ns
[2020-08-12T17:43:18.577+0000][6][safepoint    ] Safepoint "Cleanup", Time since last: 1900216427 ns, Reaching safepoint: 389684 ns, At safepoint: 36125 ns, Total: 425809 ns
[2020-08-12T17:43:19.578+0000][6][safepoint    ] Safepoint "Cleanup", Time since last: 1000245455 ns, Reaching safepoint: 612445 ns, At safepoint: 53749 ns, Total: 666194 ns
[2020-08-12T17:43:20.579+0000][6][safepoint    ] Safepoint "Cleanup", Time since last: 1000401279 ns, Reaching safepoint: 967617 ns, At safepoint: 44412 ns, Total: 1012029 ns
[2020-08-12T17:43:21.581+0000][6][safepoint    ] Safepoint "Cleanup", Time since last: 1000346105 ns, Reaching safepoint: 923579 ns, At safepoint: 44375 ns, Total: 967954 ns
[2020-08-12T17:43:22.582+0000][6][safepoint    ] Safepoint "Cleanup", Time since last: 1000405854 ns, Reaching safepoint: 804668 ns, At safepoint: 44162 ns, Total: 848830 ns
[2020-08-12T17:43:23.583+0000][6][safepoint    ] Safepoint "Cleanup", Time since last: 1000332229 ns, Reaching safepoint: 442596 ns, At safepoint: 21100 ns, Total: 463696 ns
[2020-08-12T17:43:24.584+0000][6][safepoint    ] Safepoint "Cleanup", Time since last: 1000254668 ns, Reaching safepoint: 907817 ns, At safepoint: 43675 ns, Total: 951492 ns
[2020-08-12T17:43:25.585+0000][6][safepoint    ] Safepoint "Cleanup", Time since last: 1000455153 ns, Reaching safepoint: 855368 ns, At safepoint: 44512 ns, Total: 899880 ns
[2020-08-12T17:43:26.586+0000][6][safepoint    ] Safepoint "Cleanup", Time since last: 1000294742 ns, Reaching safepoint: 642982 ns, At safepoint: 18975 ns, Total: 661957 ns
[2020-08-12T17:43:28.543+0000][6][safepoint    ] Safepoint "Cleanup", Time since last: 1957110473 ns, Reaching safepoint: 255522 ns, At safepoint: 10975 ns, Total: 266497 ns
[2020-08-12T17:43:29.779+0000][6][safepoint    ] Safepoint "Cleanup", Time since last: 1235050776 ns, Reaching safepoint: 622182 ns, At safepoint: 30600 ns, Total: 652782 ns
[2020-08-12T17:43:30.780+0000][6][safepoint    ] Safepoint "Cleanup", Time since last: 1000262455 ns, Reaching safepoint: 769106 ns, At safepoint: 38237 ns, Total: 807343 ns
[2020-08-12T17:43:31.781+0000][6][safepoint    ] Safepoint "Cleanup", Time since last: 1000342742 ns, Reaching safepoint: 704407 ns, At safepoint: 45187 ns, Total: 749594 ns
[2020-08-12T17:43:32.782+0000][6][safepoint    ] Safepoint "Cleanup", Time since last: 1000326779 ns, Reaching safepoint: 477971 ns, At safepoint: 34475 ns, Total: 512446 ns
[2020-08-12T17:43:33.783+0000][6][safepoint    ] Safepoint "Cleanup", Time since last: 1000283280 ns, Reaching safepoint: 376821 ns, At safepoint: 55425 ns, Total: 432246 ns
[2020-08-12T17:43:34.783+0000][6][safepoint    ] Safepoint "Cleanup", Time since last: 1000226668 ns, Reaching safepoint: 267535 ns, At safepoint: 11237 ns, Total: 278772 ns
[2020-08-12T17:43:35.784+0000][6][safepoint    ] Safepoint "Cleanup", Time since last: 1000150832 ns, Reaching safepoint: 282397 ns, At safepoint: 11475 ns, Total: 293872 ns
[2020-08-12T17:43:36.785+0000][6][safepoint    ] Safepoint "Cleanup", Time since last: 1000234830 ns, Reaching safepoint: 1027304 ns, At safepoint: 81437 ns, Total: 1108741 ns
[2020-08-12T17:43:38.588+0000][6][safepoint    ] Safepoint "Cleanup", Time since last: 1801992226 ns, Reaching safepoint: 460633 ns, At safepoint: 55175 ns, Total: 515808 ns
[2020-08-12T17:43:39.589+0000][6][safepoint    ] Safepoint "Cleanup", Time since last: 1000425179 ns, Reaching safepoint: 582494 ns, At safepoint: 44138 ns, Total: 626632 ns
[2020-08-12T17:43:40.590+0000][6][safepoint    ] Safepoint "Cleanup", Time since last: 1000388966 ns, Reaching safepoint: 838568 ns, At safepoint: 44924 ns, Total: 883492 ns
[2020-08-12T17:43:41.591+0000][6][safepoint    ] Safepoint "Cleanup", Time since last: 1000338180 ns, Reaching safepoint: 839543 ns, At safepoint: 43799 ns, Total: 883342 ns
[2020-08-12T17:43:42.592+0000][6][safepoint    ] Safepoint "Cleanup", Time since last: 1000346867 ns, Reaching safepoint: 697482 ns, At safepoint: 47249 ns, Total: 744731 ns
[2020-08-12T17:43:43.594+0000][6][safepoint    ] Safepoint "Cleanup", Time since last: 1000340192 ns, Reaching safepoint: 1127165 ns, At safepoint: 62787 ns, Total: 1189952 ns
[2020-08-12T17:43:44.595+0000][6][safepoint    ] Safepoint "Cleanup", Time since last: 1000365330 ns, Reaching safepoint: 627007 ns, At safepoint: 76812 ns, Total: 703819 ns
[2020-08-12T17:43:45.596+0000][6][safepoint    ] Safepoint "Cleanup", Time since last: 1000303217 ns, Reaching safepoint: 825830 ns, At safepoint: 44662 ns, Total: 870492 ns
[2020-08-12T17:43:46.597+0000][6][safepoint    ] Safepoint "Cleanup", Time since last: 1000350867 ns, Reaching safepoint: 647069 ns, At safepoint: 44413 ns, Total: 691482 ns
[2020-08-12T17:43:47.662+0000][6][safepoint    ] Safepoint "Cleanup", Time since last: 1000320467 ns, Reaching safepoint: 64631379 ns, At safepoint: 69712 ns, Total: 64701091 ns
[2020-08-12T17:43:48.771+0000][6][safepoint    ] Safepoint "Cleanup", Time since last: 1108739830 ns, Reaching safepoint: 443846 ns, At safepoint: 44149 ns, Total: 487995 ns
[2020-08-12T17:43:49.772+0000][6][safepoint    ] Safepoint "Cleanup", Time since last: 1000383142 ns, Reaching safepoint: 630257 ns, At safepoint: 44412 ns, Total: 674669 ns
[2020-08-12T17:43:50.774+0000][6][safepoint    ] Safepoint "Cleanup", Time since last: 1000317305 ns, Reaching safepoint: 854980 ns, At safepoint: 48574 ns, Total: 903554 ns
[2020-08-12T17:43:51.774+0000][6][safepoint    ] Safepoint "Cleanup", Time since last: 1000310630 ns, Reaching safepoint: 445946 ns, At safepoint: 45487 ns, Total: 491433 ns
[2020-08-12T17:43:52.775+0000][6][safepoint    ] Safepoint "Cleanup", Time since last: 1000338492 ns, Reaching safepoint: 542408 ns, At safepoint: 45562 ns, Total: 587970 ns
[2020-08-12T17:43:53.776+0000][6][safepoint    ] Safepoint "Cleanup", Time since last: 1000337717 ns, Reaching safepoint: 508708 ns, At safepoint: 44637 ns, Total: 553345 ns
[2020-08-12T17:43:54.777+0000][6][safepoint    ] Safepoint "Cleanup", Time since last: 1000334005 ns, Reaching safepoint: 648557 ns, At safepoint: 44249 ns, Total: 692806 ns
[2020-08-12T17:43:55.779+0000][6][safepoint    ] Safepoint "Cleanup", Time since last: 1000332867 ns, Reaching safepoint: 1091478 ns, At safepoint: 62050 ns, Total: 1153528 ns
[2020-08-12T17:43:56.780+0000][6][safepoint    ] Safepoint "Cleanup", Time since last: 1000484103 ns, Reaching safepoint: 1082478 ns, At safepoint: 64850 ns, Total: 1147328 ns
[2020-08-12T17:43:58.491+0000][6][safepoint    ] Safepoint "Cleanup", Time since last: 1710101345 ns, Reaching safepoint: 723894 ns, At safepoint: 57087 ns, Total: 780981 ns
[2020-08-12T17:43:59.755+0000][6][safepoint    ] Safepoint "Cleanup", Time since last: 1262512151 ns, Reaching safepoint: 647319 ns, At safepoint: 53037 ns, Total: 700356 ns
[2020-08-12T17:44:00.756+0000][6][safepoint    ] Safepoint "Cleanup", Time since last: 1000304630 ns, Reaching safepoint: 764868 ns, At safepoint: 36000 ns, Total: 800868 ns
[2020-08-12T17:44:01.757+0000][6][safepoint    ] Safepoint "Cleanup", Time since last: 1000319342 ns, Reaching safepoint: 619307 ns, At safepoint: 54612 ns, Total: 673919 ns
[2020-08-12T17:44:02.758+0000][6][safepoint    ] Safepoint "Cleanup", Time since last: 1000349730 ns, Reaching safepoint: 582445 ns, At safepoint: 44712 ns, Total: 627157 ns
[2020-08-12T17:44:03.759+0000][6][safepoint    ] Safepoint "Cleanup", Time since last: 1000350829 ns, Reaching safepoint: 662019 ns, At safepoint: 44362 ns, Total: 706381 ns
[2020-08-12T17:44:04.760+0000][6][safepoint    ] Safepoint "Cleanup", Time since last: 1000413017 ns, Reaching safepoint: 489945 ns, At safepoint: 45013 ns, Total: 534958 ns
[2020-08-12T17:44:05.761+0000][6][safepoint    ] Safepoint "Cleanup", Time since last: 1000403266 ns, Reaching safepoint: 594882 ns, At safepoint: 54912 ns, Total: 649794 ns
[2020-08-12T17:44:06.762+0000][6][safepoint    ] Safepoint "Cleanup", Time since last: 1000386867 ns, Reaching safepoint: 973816 ns, At safepoint: 44175 ns, Total: 1017991 ns
[2020-08-12T17:44:08.578+0000][6][safepoint    ] Safepoint "Cleanup", Time since last: 1814746778 ns, Reaching safepoint: 673470 ns, At safepoint: 27474 ns, Total: 700944 ns
[2020-08-12T17:44:09.579+0000][6][safepoint    ] Safepoint "Cleanup", Time since last: 1000258543 ns, Reaching safepoint: 880430 ns, At safepoint: 44762 ns, Total: 925192 ns
[2020-08-12T17:44:10.580+0000][6][safepoint    ] Safepoint "Cleanup", Time since last: 1000551565 ns, Reaching safepoint: 991991 ns, At safepoint: 44775 ns, Total: 1036766 ns
[2020-08-12T17:44:11.581+0000][6][safepoint    ] Safepoint "Cleanup", Time since last: 1000290942 ns, Reaching safepoint: 524383 ns, At safepoint: 20588 ns, Total: 544971 ns
[2020-08-12T17:44:12.582+0000][6][safepoint    ] Safepoint "Cleanup", Time since last: 1000225268 ns, Reaching safepoint: 622507 ns, At safepoint: 89999 ns, Total: 712506 ns
[2020-08-12T17:44:13.583+0000][6][safepoint    ] Safepoint "Cleanup", Time since last: 1000322892 ns, Reaching safepoint: 663957 ns, At safepoint: 47249 ns, Total: 711206 ns
[2020-08-12T17:44:14.585+0000][6][safepoint    ] Safepoint "Cleanup", Time since last: 1000341805 ns, Reaching safepoint: 1023379 ns, At safepoint: 44999 ns, Total: 1068378 ns
[2020-08-12T17:44:15.586+0000][6][safepoint    ] Safepoint "Cleanup", Time since last: 1000439391 ns, Reaching safepoint: 618707 ns, At safepoint: 46762 ns, Total: 665469 ns
[2020-08-12T17:44:16.587+0000][6][safepoint    ] Safepoint "Cleanup", Time since last: 1000349617 ns, Reaching safepoint: 688269 ns, At safepoint: 44425 ns, Total: 732694 ns
[2020-08-12T17:44:17.588+0000][6][safepoint    ] Safepoint "Cleanup", Time since last: 1000349967 ns, Reaching safepoint: 564932 ns, At safepoint: 27938 ns, Total: 592870 ns
[2020-08-12T17:44:18.643+0000][6][safepoint    ] Safepoint "Cleanup", Time since last: 1054703372 ns, Reaching safepoint: 348259 ns, At safepoint: 23625 ns, Total: 371884 ns
[2020-08-12T17:44:19.799+0000][6][safepoint    ] Safepoint "Cleanup", Time since last: 1155543963 ns, Reaching safepoint: 844505 ns, At safepoint: 44125 ns, Total: 888630 ns
[2020-08-12T17:44:20.801+0000][6][safepoint    ] Safepoint "Cleanup", Time since last: 1000341404 ns, Reaching safepoint: 1068754 ns, At safepoint: 64112 ns, Total: 1132866 ns
[2020-08-12T17:44:21.802+0000][6][safepoint    ] Safepoint "Cleanup", Time since last: 1000347554 ns, Reaching safepoint: 800205 ns, At safepoint: 43650 ns, Total: 843855 ns
[2020-08-12T17:44:22.803+0000][6][safepoint    ] Safepoint "Cleanup", Time since last: 1000403316 ns, Reaching safepoint: 840781 ns, At safepoint: 44687 ns, Total: 885468 ns
[2020-08-12T17:44:23.804+0000][6][safepoint    ] Safepoint "Cleanup", Time since last: 1000340479 ns, Reaching safepoint: 550870 ns, At safepoint: 46050 ns, Total: 596920 ns
[2020-08-12T17:44:24.805+0000][6][safepoint    ] Safepoint "Cleanup", Time since last: 1000347442 ns, Reaching safepoint: 936379 ns, At safepoint: 44063 ns, Total: 980442 ns
[2020-08-12T17:44:25.808+0000][6][safepoint    ] Safepoint "Cleanup", Time since last: 1000307854 ns, Reaching safepoint: 2424029 ns, At safepoint: 73212 ns, Total: 2497241 ns
[2020-08-12T17:44:26.809+0000][6][safepoint    ] Safepoint "Cleanup", Time since last: 1000352530 ns, Reaching safepoint: 878717 ns, At safepoint: 44350 ns, Total: 923067 ns
[2020-08-12T17:44:28.517+0000][6][safepoint    ] Safepoint "Cleanup", Time since last: 1706704237 ns, Reaching safepoint: 527045 ns, At safepoint: 19087 ns, Total: 546132 ns
[2020-08-12T17:44:29.740+0000][6][safepoint    ] Safepoint "Cleanup", Time since last: 1222630521 ns, Reaching safepoint: 940229 ns, At safepoint: 44663 ns, Total: 984892 ns
[2020-08-12T17:44:30.742+0000][6][safepoint    ] Safepoint "Cleanup", Time since last: 1000312754 ns, Reaching safepoint: 825281 ns, At safepoint: 38024 ns, Total: 863305 ns
[2020-08-12T17:44:31.743+0000][6][safepoint    ] Safepoint "Cleanup", Time since last: 1000321492 ns, Reaching safepoint: 827768 ns, At safepoint: 44425 ns, Total: 872193 ns
[2020-08-12T17:44:32.744+0000][6][safepoint    ] Safepoint "Cleanup", Time since last: 1000382479 ns, Reaching safepoint: 943704 ns, At safepoint: 47150 ns, Total: 990854 ns
[2020-08-12T17:44:33.745+0000][6][safepoint    ] Safepoint "Cleanup", Time since last: 1000295105 ns, Reaching safepoint: 415096 ns, At safepoint: 20412 ns, Total: 435508 ns
[2020-08-12T17:44:34.746+0000][6][safepoint    ] Safepoint "Cleanup", Time since last: 1000280831 ns, Reaching safepoint: 551870 ns, At safepoint: 29974 ns, Total: 581844 ns
[2020-08-12T17:44:35.747+0000][6][safepoint    ] Safepoint "Cleanup", Time since last: 1000277168 ns, Reaching safepoint: 786180 ns, At safepoint: 49113 ns, Total: 835293 ns
[2020-08-12T17:44:36.748+0000][6][safepoint    ] Safepoint "Cleanup", Time since last: 1000406228 ns, Reaching safepoint: 893405 ns, At safepoint: 66187 ns, Total: 959592 ns
[2020-08-12T17:44:38.652+0000][6][safepoint    ] Safepoint "Cleanup", Time since last: 1903115252 ns, Reaching safepoint: 578233 ns, At safepoint: 96724 ns, Total: 674957 ns
[2020-08-12T17:44:39.653+0000][6][safepoint    ] Safepoint "Cleanup", Time since last: 1000322354 ns, Reaching safepoint: 577008 ns, At safepoint: 44799 ns, Total: 621807 ns
[2020-08-12T17:44:40.654+0000][6][safepoint    ] Safepoint "Cleanup", Time since last: 1000440429 ns, Reaching safepoint: 689332 ns, At safepoint: 56199 ns, Total: 745531 ns
[2020-08-12T17:44:41.655+0000][6][safepoint    ] Safepoint "Cleanup", Time since last: 1000345717 ns, Reaching safepoint: 839393 ns, At safepoint: 56412 ns, Total: 895805 ns
[2020-08-12T17:44:42.656+0000][6][safepoint    ] Safepoint "Cleanup", Time since last: 1000350241 ns, Reaching safepoint: 657207 ns, At safepoint: 53612 ns, Total: 710819 ns
[2020-08-12T17:44:43.657+0000][6][safepoint    ] Safepoint "Cleanup", Time since last: 1000288281 ns, Reaching safepoint: 333097 ns, At safepoint: 11962 ns, Total: 345059 ns
[2020-08-12T17:44:44.658+0000][6][safepoint    ] Safepoint "Cleanup", Time since last: 1000191156 ns, Reaching safepoint: 514733 ns, At safepoint: 27287 ns, Total: 542020 ns
[2020-08-12T17:44:45.659+0000][6][safepoint    ] Safepoint "Cleanup", Time since last: 1000281655 ns, Reaching safepoint: 807243 ns, At safepoint: 43962 ns, Total: 851205 ns
[2020-08-12T17:44:46.660+0000][6][safepoint    ] Safepoint "Cleanup", Time since last: 1000362467 ns, Reaching safepoint: 439146 ns, At safepoint: 22150 ns, Total: 461296 ns
[2020-08-12T17:44:48.589+0000][6][safepoint    ] Safepoint "Cleanup", Time since last: 1927635327 ns, Reaching safepoint: 1933834 ns, At safepoint: 35449 ns, Total: 1969283 ns
[2020-08-12T17:44:49.590+0000][6][safepoint    ] Safepoint "Cleanup", Time since last: 1000376830 ns, Reaching safepoint: 530945 ns, At safepoint: 25062 ns, Total: 556007 ns
[2020-08-12T17:44:50.591+0000][6][safepoint    ] Safepoint "Cleanup", Time since last: 1000256268 ns, Reaching safepoint: 673406 ns, At safepoint: 57600 ns, Total: 731006 ns
[2020-08-12T17:44:51.592+0000][6][safepoint    ] Safepoint "Cleanup", Time since last: 1000344642 ns, Reaching safepoint: 583995 ns, At safepoint: 44637 ns, Total: 628632 ns
[2020-08-12T17:44:52.593+0000][6][safepoint    ] Safepoint "Cleanup", Time since last: 1000338417 ns, Reaching safepoint: 761531 ns, At safepoint: 46624 ns, Total: 808155 ns
[2020-08-12T17:44:53.594+0000][6][safepoint    ] Safepoint "Cleanup", Time since last: 1000301930 ns, Reaching safepoint: 690894 ns, At safepoint: 55875 ns, Total: 746769 ns
[2020-08-12T17:44:54.595+0000][6][safepoint    ] Safepoint "Cleanup", Time since last: 1000345717 ns, Reaching safepoint: 618882 ns, At safepoint: 46062 ns, Total: 664944 ns
[2020-08-12T17:44:55.596+0000][6][safepoint    ] Safepoint "Cleanup", Time since last: 1000348592 ns, Reaching safepoint: 687331 ns, At safepoint: 44225 ns, Total: 731556 ns
[2020-08-12T17:44:56.597+0000][6][safepoint    ] Safepoint "Cleanup", Time since last: 1000312542 ns, Reaching safepoint: 544758 ns, At safepoint: 55512 ns, Total: 600270 ns
[2020-08-12T17:44:58.468+0000][6][safepoint    ] Safepoint "Cleanup", Time since last: 1869565129 ns, Reaching safepoint: 697269 ns, At safepoint: 38338 ns, Total: 735607 ns
[2020-08-12T17:44:59.759+0000][6][safepoint    ] Safepoint "Cleanup", Time since last: 1290678432 ns, Reaching safepoint: 872043 ns, At safepoint: 44187 ns, Total: 916230 ns
[2020-08-12T17:45:00.761+0000][6][safepoint    ] Safepoint "Cleanup", Time since last: 1000346792 ns, Reaching safepoint: 1237889 ns, At safepoint: 104137 ns, Total: 1342026 ns
[2020-08-12T17:45:01.762+0000][6][safepoint    ] Safepoint "Cleanup", Time since last: 1000349579 ns, Reaching safepoint: 709269 ns, At safepoint: 56199 ns, Total: 765468 ns
[2020-08-12T17:45:02.763+0000][6][safepoint    ] Safepoint "Cleanup", Time since last: 1000347430 ns, Reaching safepoint: 840855 ns, At safepoint: 58049 ns, Total: 898904 ns
[2020-08-12T17:45:03.764+0000][6][safepoint    ] Safepoint "Cleanup", Time since last: 1000303405 ns, Reaching safepoint: 459546 ns, At safepoint: 32900 ns, Total: 492446 ns
[2020-08-12T17:45:04.765+0000][6][safepoint    ] Safepoint "Cleanup", Time since last: 1000275580 ns, Reaching safepoint: 685132 ns, At safepoint: 45574 ns, Total: 730706 ns
[2020-08-12T17:45:05.767+0000][6][safepoint    ] Safepoint "Cleanup", Time since last: 1000312742 ns, Reaching safepoint: 1189315 ns, At safepoint: 44037 ns, Total: 1233352 ns
[2020-08-12T17:45:06.768+0000][6][safepoint    ] Safepoint "Cleanup", Time since last: 1000337492 ns, Reaching safepoint: 796018 ns, At safepoint: 44387 ns, Total: 840405 ns
[2020-08-12T17:45:08.574+0000][6][safepoint    ] Safepoint "Cleanup", Time since last: 1805139874 ns, Reaching safepoint: 740081 ns, At safepoint: 55062 ns, Total: 795143 ns
[2020-08-12T17:45:09.575+0000][6][safepoint    ] Safepoint "Cleanup", Time since last: 1000320217 ns, Reaching safepoint: 601895 ns, At safepoint: 44662 ns, Total: 646557 ns
[2020-08-12T17:45:10.576+0000][6][safepoint    ] Safepoint "Cleanup", Time since last: 1000406404 ns, Reaching safepoint: 853843 ns, At safepoint: 66924 ns, Total: 920767 ns
[2020-08-12T17:45:11.577+0000][6][safepoint    ] Safepoint "Cleanup", Time since last: 1000311767 ns, Reaching safepoint: 562595 ns, At safepoint: 56425 ns, Total: 619020 ns
[2020-08-12T17:45:12.578+0000][6][safepoint    ] Safepoint "Cleanup", Time since last: 1000304280 ns, Reaching safepoint: 493133 ns, At safepoint: 35775 ns, Total: 528908 ns
[2020-08-12T17:45:13.579+0000][6][safepoint    ] Safepoint "Cleanup", Time since last: 1000445528 ns, Reaching safepoint: 473371 ns, At safepoint: 44350 ns, Total: 517721 ns
[2020-08-12T17:45:14.580+0000][6][safepoint    ] Safepoint "Cleanup", Time since last: 1000476865 ns, Reaching safepoint: 887005 ns, At safepoint: 44025 ns, Total: 931030 ns
[2020-08-12T17:45:15.581+0000][6][safepoint    ] Safepoint "Cleanup", Time since last: 1000346079 ns, Reaching safepoint: 770969 ns, At safepoint: 55174 ns, Total: 826143 ns
[2020-08-12T17:45:16.582+0000][6][safepoint    ] Safepoint "Cleanup", Time since last: 1000349317 ns, Reaching safepoint: 619295 ns, At safepoint: 51362 ns, Total: 670657 ns
[2020-08-12T17:45:17.584+0000][6][safepoint    ] Safepoint "Cleanup", Time since last: 1000353466 ns, Reaching safepoint: 957067 ns, At safepoint: 56137 ns, Total: 1013204 ns
[2020-08-12T17:45:18.587+0000][6][safepoint    ] Safepoint "Cleanup", Time since last: 1002703847 ns, Reaching safepoint: 613707 ns, At safepoint: 55237 ns, Total: 668944 ns
[2020-08-12T17:45:19.588+0000][6][safepoint    ] Safepoint "Cleanup", Time since last: 1000337004 ns, Reaching safepoint: 961142 ns, At safepoint: 43912 ns, Total: 1005054 ns
[2020-08-12T17:45:20.590+0000][6][safepoint    ] Safepoint "Cleanup", Time since last: 1000338417 ns, Reaching safepoint: 869643 ns, At safepoint: 44187 ns, Total: 913830 ns
[2020-08-12T17:45:21.590+0000][6][safepoint    ] Safepoint "Cleanup", Time since last: 1000338354 ns, Reaching safepoint: 358185 ns, At safepoint: 18349 ns, Total: 376534 ns
[2020-08-12T17:45:22.591+0000][6][safepoint    ] Safepoint "Cleanup", Time since last: 1000195994 ns, Reaching safepoint: 463183 ns, At safepoint: 20563 ns, Total: 483746 ns
[2020-08-12T17:45:23.592+0000][6][safepoint    ] Safepoint "Cleanup", Time since last: 1000206905 ns, Reaching safepoint: 592382 ns, At safepoint: 23175 ns, Total: 615557 ns
[2020-08-12T17:45:24.593+0000][6][safepoint    ] Safepoint "Cleanup", Time since last: 1000302617 ns, Reaching safepoint: 586408 ns, At safepoint: 164586 ns, Total: 750994 ns
[2020-08-12T17:45:25.595+0000][6][safepoint    ] Safepoint "Cleanup", Time since last: 1000708864 ns, Reaching safepoint: 1326138 ns, At safepoint: 45325 ns, Total: 1371463 ns
[2020-08-12T17:45:26.596+0000][6][safepoint    ] Safepoint "Cleanup", Time since last: 1000267517 ns, Reaching safepoint: 243386 ns, At safepoint: 11037 ns, Total: 254423 ns
[2020-08-12T17:45:28.361+0000][6][safepoint    ] Safepoint "Cleanup", Time since last: 1764400201 ns, Reaching safepoint: 583220 ns, At safepoint: 23325 ns, Total: 606545 ns
[2020-08-12T17:45:29.906+0000][6][safepoint    ] Safepoint "Cleanup", Time since last: 1544079367 ns, Reaching safepoint: 851993 ns, At safepoint: 44612 ns, Total: 896605 ns
[2020-08-12T17:45:30.906+0000][6][safepoint    ] Safepoint "Cleanup", Time since last: 1000310605 ns, Reaching safepoint: 591732 ns, At safepoint: 23775 ns, Total: 615507 ns
[2020-08-12T17:45:31.907+0000][6][safepoint    ] Safepoint "Cleanup", Time since last: 1000227668 ns, Reaching safepoint: 435621 ns, At safepoint: 18463 ns, Total: 454084 ns
[2020-08-12T17:45:32.908+0000][6][safepoint    ] Safepoint "Cleanup", Time since last: 1000236355 ns, Reaching safepoint: 602970 ns, At safepoint: 30137 ns, Total: 633107 ns
[2020-08-12T17:45:33.909+0000][6][safepoint    ] Safepoint "Cleanup", Time since last: 1000210043 ns, Reaching safepoint: 270823 ns, At safepoint: 18099 ns, Total: 288922 ns
[2020-08-12T17:45:34.909+0000][6][safepoint    ] Safepoint "Cleanup", Time since last: 1000212206 ns, Reaching safepoint: 585082 ns, At safepoint: 27463 ns, Total: 612545 ns
[2020-08-12T17:45:35.911+0000][6][safepoint    ] Safepoint "Cleanup", Time since last: 1000278005 ns, Reaching safepoint: 1105915 ns, At safepoint: 55762 ns, Total: 1161677 ns
[2020-08-12T17:45:36.912+0000][6][safepoint    ] Safepoint "Cleanup", Time since last: 1000420279 ns, Reaching safepoint: 904055 ns, At safepoint: 57474 ns, Total: 961529 ns
[2020-08-12T17:45:38.593+0000][6][safepoint    ] Safepoint "Cleanup", Time since last: 1675811554 ns, Reaching safepoint: 4376537 ns, At safepoint: 145012 ns, Total: 4521549 ns
[2020-08-12T17:45:39.594+0000][6][safepoint    ] Safepoint "Cleanup", Time since last: 1000829862 ns, Reaching safepoint: 454659 ns, At safepoint: 33849 ns, Total: 488508 ns
[2020-08-12T17:45:40.595+0000][6][safepoint    ] Safepoint "Cleanup", Time since last: 1000352717 ns, Reaching safepoint: 571908 ns, At safepoint: 43450 ns, Total: 615358 ns
[2020-08-12T17:45:41.596+0000][6][safepoint    ] Safepoint "Cleanup", Time since last: 1000405791 ns, Reaching safepoint: 783380 ns, At safepoint: 30488 ns, Total: 813868 ns
[2020-08-12T17:45:42.597+0000][6][safepoint    ] Safepoint "Cleanup", Time since last: 1000242068 ns, Reaching safepoint: 561757 ns, At safepoint: 137287 ns, Total: 699044 ns
[2020-08-12T17:45:43.598+0000][6][safepoint    ] Safepoint "Cleanup", Time since last: 1000341279 ns, Reaching safepoint: 441759 ns, At safepoint: 54612 ns, Total: 496371 ns
[2020-08-12T17:45:44.599+0000][6][safepoint    ] Safepoint "Cleanup", Time since last: 1000451566 ns, Reaching safepoint: 570507 ns, At safepoint: 98424 ns, Total: 668931 ns
[2020-08-12T17:45:45.600+0000][6][safepoint    ] Safepoint "Cleanup", Time since last: 1000339680 ns, Reaching safepoint: 640069 ns, At safepoint: 47025 ns, Total: 687094 ns
[2020-08-12T17:45:46.601+0000][6][safepoint    ] Safepoint "Cleanup", Time since last: 1000343767 ns, Reaching safepoint: 607582 ns, At safepoint: 46112 ns, Total: 653694 ns
[2020-08-12T17:45:47.602+0000][6][safepoint    ] Safepoint "Cleanup", Time since last: 1000342255 ns, Reaching safepoint: 750918 ns, At safepoint: 35987 ns, Total: 786905 ns
[2020-08-12T17:45:48.614+0000][6][safepoint    ] Safepoint "Cleanup", Time since last: 1011690994 ns, Reaching safepoint: 658669 ns, At safepoint: 42112 ns, Total: 700781 ns
[2020-08-12T17:45:49.615+0000][6][safepoint    ] Safepoint "Cleanup", Time since last: 1000306030 ns, Reaching safepoint: 626445 ns, At safepoint: 51562 ns, Total: 678007 ns
[2020-08-12T17:45:50.616+0000][6][safepoint    ] Safepoint "Cleanup", Time since last: 1000341192 ns, Reaching safepoint: 624894 ns, At safepoint: 46950 ns, Total: 671844 ns
[2020-08-12T17:45:51.618+0000][6][safepoint    ] Safepoint "Cleanup", Time since last: 1000346579 ns, Reaching safepoint: 684294 ns, At safepoint: 44650 ns, Total: 728944 ns
[2020-08-12T17:45:52.618+0000][6][safepoint    ] Safepoint "Cleanup", Time since last: 1000288167 ns, Reaching safepoint: 443709 ns, At safepoint: 22300 ns, Total: 466009 ns
[2020-08-12T17:45:53.619+0000][6][safepoint    ] Safepoint "Cleanup", Time since last: 1000174043 ns, Reaching safepoint: 248560 ns, At safepoint: 10963 ns, Total: 259523 ns
[2020-08-12T17:45:54.620+0000][6][safepoint    ] Safepoint "Cleanup", Time since last: 1000216055 ns, Reaching safepoint: 801919 ns, At safepoint: 43849 ns, Total: 845768 ns
[2020-08-12T17:45:55.621+0000][6][safepoint    ] Safepoint "Cleanup", Time since last: 1000449954 ns, Reaching safepoint: 934529 ns, At safepoint: 44550 ns, Total: 979079 ns
[2020-08-12T17:45:56.623+0000][6][safepoint    ] Safepoint "Cleanup", Time since last: 1000390367 ns, Reaching safepoint: 882892 ns, At safepoint: 44325 ns, Total: 927217 ns
[2020-08-12T17:45:58.467+0000][6][safepoint    ] Safepoint "Cleanup", Time since last: 1843888826 ns, Reaching safepoint: 576857 ns, At safepoint: 22212 ns, Total: 599069 ns
[2020-08-12T17:45:59.758+0000][6][safepoint    ] Safepoint "Cleanup", Time since last: 1289756354 ns, Reaching safepoint: 807743 ns, At safepoint: 74836 ns, Total: 882579 ns
[2020-08-12T17:46:00.759+0000][6][safepoint    ] Safepoint "Cleanup", Time since last: 1000402842 ns, Reaching safepoint: 1059116 ns, At safepoint: 73937 ns, Total: 1133053 ns
[2020-08-12T17:46:01.760+0000][6][safepoint    ] Safepoint "Cleanup", Time since last: 1000342791 ns, Reaching safepoint: 692269 ns, At safepoint: 53500 ns, Total: 745769 ns
[2020-08-12T17:46:02.762+0000][6][safepoint    ] Safepoint "Cleanup", Time since last: 1000341854 ns, Reaching safepoint: 916418 ns, At safepoint: 45399 ns, Total: 961817 ns
[2020-08-12T17:46:03.762+0000][6][safepoint    ] Safepoint "Cleanup", Time since last: 1000297067 ns, Reaching safepoint: 570745 ns, At safepoint: 27538 ns, Total: 598283 ns
[2020-08-12T17:46:04.764+0000][6][safepoint    ] Safepoint "Cleanup", Time since last: 1000258992 ns, Reaching safepoint: 872693 ns, At safepoint: 44049 ns, Total: 916742 ns
[2020-08-12T17:46:05.765+0000][6][safepoint    ] Safepoint "Cleanup", Time since last: 1000436004 ns, Reaching safepoint: 1218190 ns, At safepoint: 47912 ns, Total: 1266102 ns
[2020-08-12T17:46:06.767+0000][6][safepoint    ] Safepoint "Cleanup", Time since last: 1000329679 ns, Reaching safepoint: 817818 ns, At safepoint: 44500 ns, Total: 862318 ns
[2020-08-12T17:46:08.644+0000][6][safepoint    ] Safepoint "Cleanup", Time since last: 1875981624 ns, Reaching safepoint: 929629 ns, At safepoint: 44375 ns, Total: 974004 ns
[2020-08-12T17:46:09.645+0000][6][safepoint    ] Safepoint "Cleanup", Time since last: 1000420704 ns, Reaching safepoint: 814443 ns, At safepoint: 44062 ns, Total: 858505 ns
[2020-08-12T17:46:10.646+0000][6][safepoint    ] Safepoint "Cleanup", Time since last: 1000400116 ns, Reaching safepoint: 916067 ns, At safepoint: 46187 ns, Total: 962254 ns
[2020-08-12T17:46:11.647+0000][6][safepoint    ] Safepoint "Cleanup", Time since last: 1000352317 ns, Reaching safepoint: 686532 ns, At safepoint: 44399 ns, Total: 730931 ns
[2020-08-12T17:46:12.648+0000][6][safepoint    ] Safepoint "Cleanup", Time since last: 1000348355 ns, Reaching safepoint: 682319 ns, At safepoint: 53499 ns, Total: 735818 ns
[2020-08-12T17:46:13.649+0000][6][safepoint    ] Safepoint "Cleanup", Time since last: 1000276618 ns, Reaching safepoint: 413034 ns, At safepoint: 14549 ns, Total: 427583 ns
[2020-08-12T17:46:14.650+0000][6][safepoint    ] Safepoint "Cleanup", Time since last: 1000176894 ns, Reaching safepoint: 932242 ns, At safepoint: 50449 ns, Total: 982691 ns
[2020-08-12T17:46:15.651+0000][6][safepoint    ] Safepoint "Cleanup", Time since last: 1000346630 ns, Reaching safepoint: 718318 ns, At safepoint: 46950 ns, Total: 765268 ns
[2020-08-12T17:46:16.653+0000][6][safepoint    ] Safepoint "Cleanup", Time since last: 1000909700 ns, Reaching safepoint: 850580 ns, At safepoint: 44099 ns, Total: 894679 ns
[2020-08-12T17:46:18.600+0000][6][safepoint    ] Safepoint "Cleanup", Time since last: 1945661747 ns, Reaching safepoint: 935092 ns, At safepoint: 55162 ns, Total: 990254 ns
[2020-08-12T17:46:19.601+0000][6][safepoint    ] Safepoint "Cleanup", Time since last: 1000398667 ns, Reaching safepoint: 852442 ns, At safepoint: 45012 ns, Total: 897454 ns
[2020-08-12T17:46:20.602+0000][6][safepoint    ] Safepoint "Cleanup", Time since last: 1000344892 ns, Reaching safepoint: 758644 ns, At safepoint: 45037 ns, Total: 803681 ns
[2020-08-12T17:46:21.603+0000][6][safepoint    ] Safepoint "Cleanup", Time since last: 1000368029 ns, Reaching safepoint: 512946 ns, At safepoint: 45037 ns, Total: 557983 ns
[2020-08-12T17:46:22.604+0000][6][safepoint    ] Safepoint "Cleanup", Time since last: 1000390266 ns, Reaching safepoint: 548283 ns, At safepoint: 44987 ns, Total: 593270 ns
[2020-08-12T17:46:23.605+0000][6][safepoint    ] Safepoint "Cleanup", Time since last: 1000277992 ns, Reaching safepoint: 523821 ns, At safepoint: 15300 ns, Total: 539121 ns
[2020-08-12T17:46:24.606+0000][6][safepoint    ] Safepoint "Cleanup", Time since last: 1000241943 ns, Reaching safepoint: 598844 ns, At safepoint: 45725 ns, Total: 644569 ns
[2020-08-12T17:46:25.607+0000][6][safepoint    ] Safepoint "Cleanup", Time since last: 1000412691 ns, Reaching safepoint: 885218 ns, At safepoint: 57924 ns, Total: 943142 ns
[2020-08-12T17:46:26.608+0000][6][safepoint    ] Safepoint "Cleanup", Time since last: 1000318855 ns, Reaching safepoint: 567045 ns, At safepoint: 54012 ns, Total: 621057 ns
[2020-08-12T17:46:28.522+0000][6][safepoint    ] Safepoint "Cleanup", Time since last: 1913926496 ns, Reaching safepoint: 380922 ns, At safepoint: 13925 ns, Total: 394847 ns
[2020-08-12T17:46:29.751+0000][6][safepoint    ] Safepoint "Cleanup", Time since last: 1227363704 ns, Reaching safepoint: 689407 ns, At safepoint: 54687 ns, Total: 744094 ns
[2020-08-12T17:46:30.752+0000][6][safepoint    ] Safepoint "Cleanup", Time since last: 1000449803 ns, Reaching safepoint: 643107 ns, At safepoint: 44137 ns, Total: 687244 ns
[2020-08-12T17:46:31.753+0000][6][safepoint    ] Safepoint "Cleanup", Time since last: 1000386292 ns, Reaching safepoint: 603920 ns, At safepoint: 53712 ns, Total: 657632 ns
[2020-08-12T17:46:32.754+0000][6][safepoint    ] Safepoint "Cleanup", Time since last: 1000398841 ns, Reaching safepoint: 862518 ns, At safepoint: 67949 ns, Total: 930467 ns
[2020-08-12T17:46:33.755+0000][6][safepoint    ] Safepoint "Cleanup", Time since last: 1000312180 ns, Reaching safepoint: 370609 ns, At safepoint: 25975 ns, Total: 396584 ns
[2020-08-12T17:46:34.756+0000][6][safepoint    ] Safepoint "Cleanup", Time since last: 1000340705 ns, Reaching safepoint: 602069 ns, At safepoint: 53937 ns, Total: 656006 ns
[2020-08-12T17:46:35.757+0000][6][safepoint    ] Safepoint "Cleanup", Time since last: 1000407579 ns, Reaching safepoint: 581995 ns, At safepoint: 44125 ns, Total: 626120 ns
[2020-08-12T17:46:36.758+0000][6][safepoint    ] Safepoint "Cleanup", Time since last: 1000405566 ns, Reaching safepoint: 581283 ns, At safepoint: 43887 ns, Total: 625170 ns
[2020-08-12T17:46:38.604+0000][6][safepoint    ] Safepoint "Cleanup", Time since last: 1846132194 ns, Reaching safepoint: 391447 ns, At safepoint: 30625 ns, Total: 422072 ns
[2020-08-12T17:46:39.605+0000][6][safepoint    ] Safepoint "Cleanup", Time since last: 1000271567 ns, Reaching safepoint: 696394 ns, At safepoint: 43837 ns, Total: 740231 ns
[2020-08-12T17:46:40.606+0000][6][safepoint    ] Safepoint "Cleanup", Time since last: 1000342280 ns, Reaching safepoint: 645319 ns, At safepoint: 44687 ns, Total: 690006 ns
[2020-08-12T17:46:41.608+0000][6][safepoint    ] Safepoint "Cleanup", Time since last: 1000347105 ns, Reaching safepoint: 905592 ns, At safepoint: 44124 ns, Total: 949716 ns
[2020-08-12T17:46:42.609+0000][6][safepoint    ] Safepoint "Cleanup", Time since last: 1000388017 ns, Reaching safepoint: 878955 ns, At safepoint: 66549 ns, Total: 945504 ns
[2020-08-12T17:46:43.610+0000][6][safepoint    ] Safepoint "Cleanup", Time since last: 1000285718 ns, Reaching safepoint: 774580 ns, At safepoint: 12663 ns, Total: 787243 ns
[2020-08-12T17:46:44.611+0000][6][safepoint    ] Safepoint "Cleanup", Time since last: 1000179981 ns, Reaching safepoint: 431646 ns, At safepoint: 54812 ns, Total: 486458 ns
[2020-08-12T17:46:45.612+0000][6][safepoint    ] Safepoint "Cleanup", Time since last: 1000393104 ns, Reaching safepoint: 881855 ns, At safepoint: 44024 ns, Total: 925879 ns
[2020-08-12T17:46:46.613+0000][6][safepoint    ] Safepoint "Cleanup", Time since last: 1000342717 ns, Reaching safepoint: 683507 ns, At safepoint: 44924 ns, Total: 728431 ns
[2020-08-12T17:46:47.614+0000][6][safepoint    ] Safepoint "Cleanup", Time since last: 1000354992 ns, Reaching safepoint: 819468 ns, At safepoint: 43237 ns, Total: 862705 ns
[2020-08-12T17:46:47.630+0000][6][safepoint    ] Safepoint "BulkRevokeBias", Time since last: 12655691 ns, Reaching safepoint: 496358 ns, At safepoint: 2671015 ns, Total: 3167373 ns
[2020-08-12T17:46:48.631+0000][6][safepoint    ] Safepoint "Cleanup", Time since last: 1000322642 ns, Reaching safepoint: 787330 ns, At safepoint: 50587 ns, Total: 837917 ns
[2020-08-12T17:46:49.632+0000][6][safepoint    ] Safepoint "Cleanup", Time since last: 1000286531 ns, Reaching safepoint: 704956 ns, At safepoint: 53949 ns, Total: 758905 ns
[2020-08-12T17:46:50.634+0000][6][safepoint    ] Safepoint "Cleanup", Time since last: 1000361217 ns, Reaching safepoint: 840843 ns, At safepoint: 44699 ns, Total: 885542 ns
[2020-08-12T17:46:51.635+0000][6][safepoint    ] Safepoint "Cleanup", Time since last: 1000396517 ns, Reaching safepoint: 870818 ns, At safepoint: 48349 ns, Total: 919167 ns
[2020-08-12T17:46:52.636+0000][6][safepoint    ] Safepoint "Cleanup", Time since last: 1000288055 ns, Reaching safepoint: 999028 ns, At safepoint: 43813 ns, Total: 1042841 ns
[2020-08-12T17:46:53.637+0000][6][safepoint    ] Safepoint "Cleanup", Time since last: 1000280117 ns, Reaching safepoint: 281273 ns, At safepoint: 11162 ns, Total: 292435 ns
[2020-08-12T17:46:54.638+0000][6][safepoint    ] Safepoint "Cleanup", Time since last: 1000222781 ns, Reaching safepoint: 876455 ns, At safepoint: 45412 ns, Total: 921867 ns
[2020-08-12T17:46:55.639+0000][6][safepoint    ] Safepoint "Cleanup", Time since last: 1000341017 ns, Reaching safepoint: 927679 ns, At safepoint: 45262 ns, Total: 972941 ns
[2020-08-12T17:46:56.641+0000][6][safepoint    ] Safepoint "Cleanup", Time since last: 1000343617 ns, Reaching safepoint: 812118 ns, At safepoint: 45300 ns, Total: 857418 ns
[2020-08-12T17:46:58.417+0000][6][safepoint    ] Safepoint "Cleanup", Time since last: 1775151783 ns, Reaching safepoint: 957104 ns, At safepoint: 33300 ns, Total: 990404 ns
[2020-08-12T17:46:58.644+0000][6][safepoint    ] Safepoint "BulkRevokeBias", Time since last: 225644337 ns, Reaching safepoint: 345184 ns, At safepoint: 936930 ns, Total: 1282114 ns
[2020-08-12T17:46:59.659+0000][6][safepoint    ] Safepoint "Cleanup", Time since last: 1014825229 ns, Reaching safepoint: 858580 ns, At safepoint: 44962 ns, Total: 903542 ns
[2020-08-12T17:47:00.661+0000][6][safepoint    ] Safepoint "Cleanup", Time since last: 1000373505 ns, Reaching safepoint: 877767 ns, At safepoint: 44087 ns, Total: 921854 ns
[2020-08-12T17:47:01.662+0000][6][safepoint    ] Safepoint "Cleanup", Time since last: 1000386079 ns, Reaching safepoint: 772018 ns, At safepoint: 142237 ns, Total: 914255 ns
[2020-08-12T17:47:02.663+0000][6][safepoint    ] Safepoint "Cleanup", Time since last: 1000345604 ns, Reaching safepoint: 843780 ns, At safepoint: 59150 ns, Total: 902930 ns
[2020-08-12T17:47:03.664+0000][6][safepoint    ] Safepoint "Cleanup", Time since last: 1000315329 ns, Reaching safepoint: 310710 ns, At safepoint: 20712 ns, Total: 331422 ns
[2020-08-12T17:47:04.665+0000][6][safepoint    ] Safepoint "Cleanup", Time since last: 1000372530 ns, Reaching safepoint: 963716 ns, At safepoint: 44700 ns, Total: 1008416 ns
[2020-08-12T17:47:05.666+0000][6][safepoint    ] Safepoint "Cleanup", Time since last: 1000348217 ns, Reaching safepoint: 682606 ns, At safepoint: 44812 ns, Total: 727418 ns
[2020-08-12T17:47:06.667+0000][6][safepoint    ] Safepoint "Cleanup", Time since last: 1000346117 ns, Reaching safepoint: 599395 ns, At safepoint: 44237 ns, Total: 643632 ns
[2020-08-12T17:47:08.633+0000][6][safepoint    ] Safepoint "Cleanup", Time since last: 1964803382 ns, Reaching safepoint: 624069 ns, At safepoint: 31687 ns, Total: 655756 ns
[2020-08-12T17:47:09.753+0000][6][safepoint    ] Safepoint "Cleanup", Time since last: 1119004292 ns, Reaching safepoint: 830105 ns, At safepoint: 44450 ns, Total: 874555 ns
[2020-08-12T17:47:10.754+0000][6][safepoint    ] Safepoint "Cleanup", Time since last: 1000350129 ns, Reaching safepoint: 709044 ns, At safepoint: 38475 ns, Total: 747519 ns
[2020-08-12T17:47:11.755+0000][6][safepoint    ] Safepoint "Cleanup", Time since last: 1000415541 ns, Reaching safepoint: 855517 ns, At safepoint: 45350 ns, Total: 900867 ns
[2020-08-12T17:47:12.756+0000][6][safepoint    ] Safepoint "Cleanup", Time since last: 1000350142 ns, Reaching safepoint: 781443 ns, At safepoint: 46600 ns, Total: 828043 ns
[2020-08-12T17:47:13.757+0000][6][safepoint    ] Safepoint "Cleanup", Time since last: 1000341854 ns, Reaching safepoint: 511333 ns, At safepoint: 45037 ns, Total: 556370 ns
[2020-08-12T17:47:14.758+0000][6][safepoint    ] Safepoint "Cleanup", Time since last: 1000324755 ns, Reaching safepoint: 621795 ns, At safepoint: 54074 ns, Total: 675869 ns
[2020-08-12T17:47:15.759+0000][6][safepoint    ] Safepoint "Cleanup", Time since last: 1000343155 ns, Reaching safepoint: 680869 ns, At safepoint: 45237 ns, Total: 726106 ns
[2020-08-12T17:47:16.760+0000][6][safepoint    ] Safepoint "Cleanup", Time since last: 1000344042 ns, Reaching safepoint: 679406 ns, At safepoint: 44050 ns, Total: 723456 ns
[2020-08-12T17:47:18.649+0000][6][safepoint    ] Safepoint "Cleanup", Time since last: 1888266955 ns, Reaching safepoint: 616620 ns, At safepoint: 30600 ns, Total: 647220 ns
[2020-08-12T17:47:19.650+0000][6][safepoint    ] Safepoint "Cleanup", Time since last: 1000275442 ns, Reaching safepoint: 830268 ns, At safepoint: 38587 ns, Total: 868855 ns
[2020-08-12T17:47:20.652+0000][6][safepoint    ] Safepoint "Cleanup", Time since last: 1000324180 ns, Reaching safepoint: 872617 ns, At safepoint: 43975 ns, Total: 916592 ns
[2020-08-12T17:47:21.653+0000][6][safepoint    ] Safepoint "Cleanup", Time since last: 1000358267 ns, Reaching safepoint: 793543 ns, At safepoint: 44699 ns, Total: 838242 ns
[2020-08-12T17:47:22.654+0000][6][safepoint    ] Safepoint "Cleanup", Time since last: 1000469491 ns, Reaching safepoint: 927105 ns, At safepoint: 59687 ns, Total: 986792 ns
[2020-08-12T17:47:23.655+0000][6][safepoint    ] Safepoint "Cleanup", Time since last: 1000348604 ns, Reaching safepoint: 606745 ns, At safepoint: 63974 ns, Total: 670719 ns
[2020-08-12T17:47:24.656+0000][6][safepoint    ] Safepoint "Cleanup", Time since last: 1000349080 ns, Reaching safepoint: 727693 ns, At safepoint: 46487 ns, Total: 774180 ns
[2020-08-12T17:47:25.658+0000][6][safepoint    ] Safepoint "Cleanup", Time since last: 1000347592 ns, Reaching safepoint: 849030 ns, At safepoint: 44075 ns, Total: 893105 ns
[2020-08-12T17:47:26.659+0000][6][safepoint    ] Safepoint "Cleanup", Time since last: 1000368267 ns, Reaching safepoint: 779768 ns, At safepoint: 43962 ns, Total: 823730 ns
[2020-08-12T17:47:28.558+0000][6][safepoint    ] Safepoint "Cleanup", Time since last: 1897694411 ns, Reaching safepoint: 985392 ns, At safepoint: 65599 ns, Total: 1050991 ns
[2020-08-12T17:47:29.712+0000][6][safepoint    ] Safepoint "Cleanup", Time since last: 1153271783 ns, Reaching safepoint: 873205 ns, At safepoint: 44300 ns, Total: 917505 ns
[2020-08-12T17:47:30.713+0000][6][safepoint    ] Safepoint "Cleanup", Time since last: 1000397866 ns, Reaching safepoint: 858030 ns, At safepoint: 69912 ns, Total: 927942 ns
[2020-08-12T17:47:31.714+0000][6][safepoint    ] Safepoint "Cleanup", Time since last: 1000351104 ns, Reaching safepoint: 854156 ns, At safepoint: 44149 ns, Total: 898305 ns
[2020-08-12T17:47:32.715+0000][6][safepoint    ] Safepoint "Cleanup", Time since last: 1000333055 ns, Reaching safepoint: 568320 ns, At safepoint: 55849 ns, Total: 624169 ns
[2020-08-12T17:47:33.716+0000][6][safepoint    ] Safepoint "Cleanup", Time since last: 1000294368 ns, Reaching safepoint: 275960 ns, At safepoint: 16287 ns, Total: 292247 ns
[2020-08-12T17:47:34.716+0000][6][safepoint    ] Safepoint "Cleanup", Time since last: 1000260930 ns, Reaching safepoint: 260510 ns, At safepoint: 12000 ns, Total: 272510 ns
[2020-08-12T17:47:35.717+0000][6][safepoint    ] Safepoint "Cleanup", Time since last: 1000179719 ns, Reaching safepoint: 464096 ns, At safepoint: 56074 ns, Total: 520170 ns
[2020-08-12T17:47:36.718+0000][6][safepoint    ] Safepoint "Cleanup", Time since last: 1000347492 ns, Reaching safepoint: 747731 ns, At safepoint: 44875 ns, Total: 792606 ns
[2020-08-12T17:47:38.610+0000][6][safepoint    ] Safepoint "Cleanup", Time since last: 1891265904 ns, Reaching safepoint: 606907 ns, At safepoint: 24300 ns, Total: 631207 ns
[2020-08-12T17:47:39.611+0000][6][safepoint    ] Safepoint "Cleanup", Time since last: 1000232655 ns, Reaching safepoint: 725719 ns, At safepoint: 51637 ns, Total: 777356 ns
[2020-08-12T17:47:40.612+0000][6][safepoint    ] Safepoint "Cleanup", Time since last: 1000342792 ns, Reaching safepoint: 814143 ns, At safepoint: 45125 ns, Total: 859268 ns
[2020-08-12T17:47:41.613+0000][6][safepoint    ] Safepoint "Cleanup", Time since last: 1000328292 ns, Reaching safepoint: 667669 ns, At safepoint: 55324 ns, Total: 722993 ns
[2020-08-12T17:47:42.614+0000][6][safepoint    ] Safepoint "Cleanup", Time since last: 1000346792 ns, Reaching safepoint: 695557 ns, At safepoint: 52937 ns, Total: 748494 ns
[2020-08-12T17:47:43.616+0000][6][safepoint    ] Safepoint "Cleanup", Time since last: 1000438579 ns, Reaching safepoint: 580720 ns, At safepoint: 56637 ns, Total: 637357 ns
[2020-08-12T17:47:44.617+0000][6][safepoint    ] Safepoint "Cleanup", Time since last: 1000455640 ns, Reaching safepoint: 817118 ns, At safepoint: 83875 ns, Total: 900993 ns
[2020-08-12T17:47:45.618+0000][6][safepoint    ] Safepoint "Cleanup", Time since last: 1000338292 ns, Reaching safepoint: 872330 ns, At safepoint: 45237 ns, Total: 917567 ns
[2020-08-12T17:47:46.619+0000][6][safepoint    ] Safepoint "Cleanup", Time since last: 1000332567 ns, Reaching safepoint: 747056 ns, At safepoint: 44549 ns, Total: 791605 ns
[2020-08-12T17:47:48.603+0000][6][safepoint    ] Safepoint "Cleanup", Time since last: 1983017424 ns, Reaching safepoint: 704157 ns, At safepoint: 55674 ns, Total: 759831 ns
[2020-08-12T17:47:49.604+0000][6][safepoint    ] Safepoint "Cleanup", Time since last: 1000351330 ns, Reaching safepoint: 893554 ns, At safepoint: 44500 ns, Total: 938054 ns
[2020-08-12T17:47:50.605+0000][6][safepoint    ] Safepoint "Cleanup", Time since last: 1000356254 ns, Reaching safepoint: 671570 ns, At safepoint: 53037 ns, Total: 724607 ns
[2020-08-12T17:47:51.607+0000][6][safepoint    ] Safepoint "Cleanup", Time since last: 1000322792 ns, Reaching safepoint: 945567 ns, At safepoint: 39224 ns, Total: 984791 ns
[2020-08-12T17:47:52.608+0000][6][safepoint    ] Safepoint "Cleanup", Time since last: 1000334867 ns, Reaching safepoint: 509108 ns, At safepoint: 35025 ns, Total: 544133 ns
[2020-08-12T17:47:53.609+0000][6][safepoint    ] Safepoint "Cleanup", Time since last: 1000274455 ns, Reaching safepoint: 631132 ns, At safepoint: 25975 ns, Total: 657107 ns
[2020-08-12T17:47:54.609+0000][6][safepoint    ] Safepoint "Cleanup", Time since last: 1000217580 ns, Reaching safepoint: 458246 ns, At safepoint: 26900 ns, Total: 485146 ns
[2020-08-12T17:47:55.610+0000][6][safepoint    ] Safepoint "Cleanup", Time since last: 1000275680 ns, Reaching safepoint: 665132 ns, At safepoint: 44087 ns, Total: 709219 ns
[2020-08-12T17:47:56.611+0000][6][safepoint    ] Safepoint "Cleanup", Time since last: 1000348879 ns, Reaching safepoint: 699069 ns, At safepoint: 53437 ns, Total: 752506 ns
[2020-08-12T17:47:58.611+0000][6][safepoint    ] Safepoint "Cleanup", Time since last: 1999129222 ns, Reaching safepoint: 962130 ns, At safepoint: 62249 ns, Total: 1024379 ns
[2020-08-12T17:47:58.724+0000][6][safepoint    ] Safepoint "BulkRevokeBias", Time since last: 106880739 ns, Reaching safepoint: 3825117 ns, At safepoint: 1563986 ns, Total: 5389103 ns
[2020-08-12T17:47:59.727+0000][6][safepoint    ] Safepoint "Cleanup", Time since last: 1002297438 ns, Reaching safepoint: 677931 ns, At safepoint: 54137 ns, Total: 732068 ns
[2020-08-12T17:48:00.728+0000][6][safepoint    ] Safepoint "Cleanup", Time since last: 1000397304 ns, Reaching safepoint: 835243 ns, At safepoint: 45025 ns, Total: 880268 ns
[2020-08-12T17:48:01.729+0000][6][safepoint    ] Safepoint "Cleanup", Time since last: 1000340242 ns, Reaching safepoint: 867067 ns, At safepoint: 44337 ns, Total: 911404 ns
[2020-08-12T17:48:02.731+0000][6][safepoint    ] Safepoint "Cleanup", Time since last: 1000643990 ns, Reaching safepoint: 922254 ns, At safepoint: 20775 ns, Total: 943029 ns
[2020-08-12T17:48:03.732+0000][6][safepoint    ] Safepoint "Cleanup", Time since last: 1000206918 ns, Reaching safepoint: 453196 ns, At safepoint: 55475 ns, Total: 508671 ns
[2020-08-12T17:48:04.733+0000][6][safepoint    ] Safepoint "Cleanup", Time since last: 1000349267 ns, Reaching safepoint: 784155 ns, At safepoint: 44025 ns, Total: 828180 ns
[2020-08-12T17:48:05.734+0000][6][safepoint    ] Safepoint "Cleanup", Time since last: 1000406529 ns, Reaching safepoint: 816730 ns, At safepoint: 43937 ns, Total: 860667 ns
[2020-08-12T17:48:06.735+0000][6][safepoint    ] Safepoint "Cleanup", Time since last: 1000351317 ns, Reaching safepoint: 587920 ns, At safepoint: 45400 ns, Total: 633320 ns
[2020-08-12T17:48:08.648+0000][6][safepoint    ] Safepoint "Cleanup", Time since last: 1911825489 ns, Reaching safepoint: 602445 ns, At safepoint: 26325 ns, Total: 628770 ns
[2020-08-12T17:48:09.649+0000][6][safepoint    ] Safepoint "Cleanup", Time since last: 1000448253 ns, Reaching safepoint: 532533 ns, At safepoint: 27500 ns, Total: 560033 ns
[2020-08-12T17:48:10.650+0000][6][safepoint    ] Safepoint "Cleanup", Time since last: 1000288042 ns, Reaching safepoint: 841080 ns, At safepoint: 44387 ns, Total: 885467 ns
[2020-08-12T17:48:11.651+0000][6][safepoint    ] Safepoint "Cleanup", Time since last: 1000390317 ns, Reaching safepoint: 882717 ns, At safepoint: 48537 ns, Total: 931254 ns
[2020-08-12T17:48:12.652+0000][6][safepoint    ] Safepoint "Cleanup", Time since last: 1000345492 ns, Reaching safepoint: 817556 ns, At safepoint: 60487 ns, Total: 878043 ns
[2020-08-12T17:48:13.653+0000][6][safepoint    ] Safepoint "Cleanup", Time since last: 1000281317 ns, Reaching safepoint: 433771 ns, At safepoint: 14550 ns, Total: 448321 ns
[2020-08-12T17:48:14.654+0000][6][safepoint    ] Safepoint "Cleanup", Time since last: 1000231131 ns, Reaching safepoint: 821455 ns, At safepoint: 44850 ns, Total: 866305 ns
[2020-08-12T17:48:15.655+0000][6][safepoint    ] Safepoint "Cleanup", Time since last: 1000391903 ns, Reaching safepoint: 657607 ns, At safepoint: 46650 ns, Total: 704257 ns
[2020-08-12T17:48:16.656+0000][6][safepoint    ] Safepoint "Cleanup", Time since last: 1000370541 ns, Reaching safepoint: 611358 ns, At safepoint: 44049 ns, Total: 655407 ns
[2020-08-12T17:48:18.626+0000][6][safepoint    ] Safepoint "Cleanup", Time since last: 1966322581 ns, Reaching safepoint: 3079824 ns, At safepoint: 30924 ns, Total: 3110748 ns
[2020-08-12T17:48:19.627+0000][6][safepoint    ] Safepoint "Cleanup", Time since last: 1000336517 ns, Reaching safepoint: 590770 ns, At safepoint: 46725 ns, Total: 637495 ns
[2020-08-12T17:48:20.628+0000][6][safepoint    ] Safepoint "Cleanup", Time since last: 1000343954 ns, Reaching safepoint: 825331 ns, At safepoint: 44574 ns, Total: 869905 ns
[2020-08-12T17:48:21.629+0000][6][safepoint    ] Safepoint "Cleanup", Time since last: 1000453441 ns, Reaching safepoint: 796481 ns, At safepoint: 46462 ns, Total: 842943 ns
[2020-08-12T17:48:22.630+0000][6][safepoint    ] Safepoint "Cleanup", Time since last: 1000346242 ns, Reaching safepoint: 794106 ns, At safepoint: 46837 ns, Total: 840943 ns
[2020-08-12T17:48:23.638+0000][6][safepoint    ] Safepoint "Cleanup", Time since last: 1005283899 ns, Reaching safepoint: 2710126 ns, At safepoint: 25637 ns, Total: 2735763 ns
[2020-08-12T17:48:24.639+0000][6][safepoint    ] Safepoint "Cleanup", Time since last: 1000272381 ns, Reaching safepoint: 489420 ns, At safepoint: 22163 ns, Total: 511583 ns
[2020-08-12T17:48:25.640+0000][6][safepoint    ] Safepoint "Cleanup", Time since last: 1000264617 ns, Reaching safepoint: 854730 ns, At safepoint: 44012 ns, Total: 898742 ns
[2020-08-12T17:48:26.641+0000][6][safepoint    ] Safepoint "Cleanup", Time since last: 1000310393 ns, Reaching safepoint: 540707 ns, At safepoint: 26000 ns, Total: 566707 ns
[2020-08-12T17:48:28.495+0000][6][safepoint    ] Safepoint "Cleanup", Time since last: 1852893861 ns, Reaching safepoint: 682294 ns, At safepoint: 27425 ns, Total: 709719 ns
[2020-08-12T17:48:29.732+0000][6][safepoint    ] Safepoint "Cleanup", Time since last: 1236585300 ns, Reaching safepoint: 1053416 ns, At safepoint: 65887 ns, Total: 1119303 ns
[2020-08-12T17:48:30.734+0000][6][safepoint    ] Safepoint "Cleanup", Time since last: 1000397117 ns, Reaching safepoint: 821292 ns, At safepoint: 44125 ns, Total: 865417 ns
[2020-08-12T17:48:31.735+0000][6][safepoint    ] Safepoint "Cleanup", Time since last: 1000357767 ns, Reaching safepoint: 476483 ns, At safepoint: 25188 ns, Total: 501671 ns
[2020-08-12T17:48:32.735+0000][6][safepoint    ] Safepoint "Cleanup", Time since last: 1000254492 ns, Reaching safepoint: 619207 ns, At safepoint: 30337 ns, Total: 649544 ns
[2020-08-12T17:48:33.736+0000][6][safepoint    ] Safepoint "Cleanup", Time since last: 1000226281 ns, Reaching safepoint: 353360 ns, At safepoint: 13949 ns, Total: 367309 ns
[2020-08-12T17:48:34.737+0000][6][safepoint    ] Safepoint "Cleanup", Time since last: 1000233944 ns, Reaching safepoint: 676956 ns, At safepoint: 46612 ns, Total: 723568 ns
[2020-08-12T17:48:35.738+0000][6][safepoint    ] Safepoint "Cleanup", Time since last: 1000350304 ns, Reaching safepoint: 664294 ns, At safepoint: 54875 ns, Total: 719169 ns
[2020-08-12T17:48:36.739+0000][6][safepoint    ] Safepoint "Cleanup", Time since last: 1000346180 ns, Reaching safepoint: 511295 ns, At safepoint: 45387 ns, Total: 556682 ns
[2020-08-12T17:48:38.657+0000][6][safepoint    ] Safepoint "Cleanup", Time since last: 1911666778 ns, Reaching safepoint: 6498644 ns, At safepoint: 44900 ns, Total: 6543544 ns
[2020-08-12T17:48:39.658+0000][6][safepoint    ] Safepoint "Cleanup", Time since last: 1000294192 ns, Reaching safepoint: 749481 ns, At safepoint: 44412 ns, Total: 793893 ns
[2020-08-12T17:48:40.659+0000][6][safepoint    ] Safepoint "Cleanup", Time since last: 1000353054 ns, Reaching safepoint: 632370 ns, At safepoint: 44987 ns, Total: 677357 ns
[2020-08-12T17:48:41.660+0000][6][safepoint    ] Safepoint "Cleanup", Time since last: 1000380854 ns, Reaching safepoint: 562745 ns, At safepoint: 55412 ns, Total: 618157 ns
[2020-08-12T17:48:42.661+0000][6][safepoint    ] Safepoint "Cleanup", Time since last: 1000343767 ns, Reaching safepoint: 693932 ns, At safepoint: 46062 ns, Total: 739994 ns
[2020-08-12T17:48:43.669+0000][6][safepoint    ] Safepoint "Cleanup", Time since last: 1004505793 ns, Reaching safepoint: 3109811 ns, At safepoint: 74337 ns, Total: 3184148 ns
[2020-08-12T17:48:44.670+0000][6][safepoint    ] Safepoint "Cleanup", Time since last: 1000344404 ns, Reaching safepoint: 846343 ns, At safepoint: 44162 ns, Total: 890505 ns
[2020-08-12T17:48:45.672+0000][6][safepoint    ] Safepoint "Cleanup", Time since last: 1000343229 ns, Reaching safepoint: 861368 ns, At safepoint: 43650 ns, Total: 905018 ns
[2020-08-12T17:48:46.673+0000][6][safepoint    ] Safepoint "Cleanup", Time since last: 1000364465 ns, Reaching safepoint: 805031 ns, At safepoint: 43849 ns, Total: 848880 ns
[2020-08-12T17:48:48.622+0000][6][safepoint    ] Safepoint "Cleanup", Time since last: 1948742531 ns, Reaching safepoint: 587907 ns, At safepoint: 22050 ns, Total: 609957 ns
[2020-08-12T17:48:49.623+0000][6][safepoint    ] Safepoint "Cleanup", Time since last: 1000250879 ns, Reaching safepoint: 787218 ns, At safepoint: 54774 ns, Total: 841992 ns
[2020-08-12T17:48:50.624+0000][6][safepoint    ] Safepoint "Cleanup", Time since last: 1000314629 ns, Reaching safepoint: 690606 ns, At safepoint: 44775 ns, Total: 735381 ns
[2020-08-12T17:48:51.625+0000][6][safepoint    ] Safepoint "Cleanup", Time since last: 1000346178 ns, Reaching safepoint: 677919 ns, At safepoint: 46812 ns, Total: 724731 ns
[2020-08-12T17:48:52.626+0000][6][safepoint    ] Safepoint "Cleanup", Time since last: 1000338104 ns, Reaching safepoint: 640369 ns, At safepoint: 53037 ns, Total: 693406 ns
[2020-08-12T17:48:53.628+0000][6][safepoint    ] Safepoint "Cleanup", Time since last: 1000504427 ns, Reaching safepoint: 626457 ns, At safepoint: 35012 ns, Total: 661469 ns
[2020-08-12T17:48:54.629+0000][6][safepoint    ] Safepoint "Cleanup", Time since last: 1000408441 ns, Reaching safepoint: 686856 ns, At safepoint: 44725 ns, Total: 731581 ns
[2020-08-12T17:48:55.630+0000][6][safepoint    ] Safepoint "Cleanup", Time since last: 1000384252 ns, Reaching safepoint: 872918 ns, At safepoint: 45812 ns, Total: 918730 ns
[2020-08-12T17:48:56.631+0000][6][safepoint    ] Safepoint "Cleanup", Time since last: 1000282616 ns, Reaching safepoint: 542883 ns, At safepoint: 20125 ns, Total: 563008 ns
[2020-08-12T17:48:58.559+0000][6][safepoint    ] Safepoint "Cleanup", Time since last: 1927765711 ns, Reaching safepoint: 728119 ns, At safepoint: 35262 ns, Total: 763381 ns
[2020-08-12T17:48:59.831+0000][6][safepoint    ] Safepoint "Cleanup", Time since last: 1270622142 ns, Reaching safepoint: 693407 ns, At safepoint: 44387 ns, Total: 737794 ns
[2020-08-12T17:49:00.833+0000][6][safepoint    ] Safepoint "Cleanup", Time since last: 1001356369 ns, Reaching safepoint: 606682 ns, At safepoint: 33550 ns, Total: 640232 ns
[2020-08-12T17:49:01.834+0000][6][safepoint    ] Safepoint "Cleanup", Time since last: 1000331803 ns, Reaching safepoint: 770544 ns, At safepoint: 133999 ns, Total: 904543 ns
[2020-08-12T17:49:02.835+0000][6][safepoint    ] Safepoint "Cleanup", Time since last: 1000347240 ns, Reaching safepoint: 840243 ns, At safepoint: 60824 ns, Total: 901067 ns
[2020-08-12T17:49:03.836+0000][6][safepoint    ] Safepoint "Cleanup", Time since last: 1000311279 ns, Reaching safepoint: 392196 ns, At safepoint: 26750 ns, Total: 418946 ns
[2020-08-12T17:49:04.837+0000][6][safepoint    ] Safepoint "Cleanup", Time since last: 1000286941 ns, Reaching safepoint: 592958 ns, At safepoint: 164248 ns, Total: 757206 ns
[2020-08-12T17:49:05.838+0000][6][safepoint    ] Safepoint "Cleanup", Time since last: 1000353766 ns, Reaching safepoint: 811980 ns, At safepoint: 45762 ns, Total: 857742 ns
[2020-08-12T17:49:06.839+0000][6][safepoint    ] Safepoint "Cleanup", Time since last: 1000305029 ns, Reaching safepoint: 502521 ns, At safepoint: 24237 ns, Total: 526758 ns
[2020-08-12T17:49:07.362+0000][6][gc,start     ] GC(53) Pause Young (Normal) (G1 Evacuation Pause)
[2020-08-12T17:49:07.362+0000][6][gc,task      ] GC(53) Using 2 workers of 2 for evacuation
[2020-08-12T17:49:07.362+0000][6][gc,age       ] GC(53) Desired survivor size 40370176 bytes, new threshold 15 (max threshold 15)
[2020-08-12T17:49:07.388+0000][6][gc,age       ] GC(53) Age table with threshold 15 (max threshold 15)
[2020-08-12T17:49:07.389+0000][6][gc,age       ] GC(53) - age   1:    1167592 bytes,    1167592 total
[2020-08-12T17:49:07.389+0000][6][gc,age       ] GC(53) - age   2:      57872 bytes,    1225464 total
[2020-08-12T17:49:07.389+0000][6][gc,age       ] GC(53) - age   3:     255088 bytes,    1480552 total
[2020-08-12T17:49:07.389+0000][6][gc,age       ] GC(53) - age   4:     171768 bytes,    1652320 total
[2020-08-12T17:49:07.389+0000][6][gc,age       ] GC(53) - age   5:     228432 bytes,    1880752 total
[2020-08-12T17:49:07.389+0000][6][gc,age       ] GC(53) - age   6:      30120 bytes,    1910872 total
[2020-08-12T17:49:07.389+0000][6][gc,age       ] GC(53) - age   7:      28504 bytes,    1939376 total
[2020-08-12T17:49:07.389+0000][6][gc,age       ] GC(53) - age   8:      61176 bytes,    2000552 total
[2020-08-12T17:49:07.389+0000][6][gc,age       ] GC(53) - age   9:      38328 bytes,    2038880 total
[2020-08-12T17:49:07.389+0000][6][gc,age       ] GC(53) - age  10:      94328 bytes,    2133208 total
[2020-08-12T17:49:07.389+0000][6][gc,age       ] GC(53) - age  11:      30800 bytes,    2164008 total
[2020-08-12T17:49:07.389+0000][6][gc,age       ] GC(53) - age  12:      69552 bytes,    2233560 total
[2020-08-12T17:49:07.389+0000][6][gc,age       ] GC(53) - age  13:      38008 bytes,    2271568 total
[2020-08-12T17:49:07.390+0000][6][gc,age       ] GC(53) - age  14:      94912 bytes,    2366480 total
[2020-08-12T17:49:07.390+0000][6][gc,age       ] GC(53) - age  15:      28136 bytes,    2394616 total
[2020-08-12T17:49:07.390+0000][6][gc,phases    ] GC(53)   Pre Evacuate Collection Set: 0.9ms
[2020-08-12T17:49:07.390+0000][6][gc,phases    ] GC(53)   Merge Heap Roots: 0.9ms
[2020-08-12T17:49:07.391+0000][6][gc,phases    ] GC(53)   Evacuate Collection Set: 18.2ms
[2020-08-12T17:49:07.391+0000][6][gc,phases    ] GC(53)   Post Evacuate Collection Set: 5.5ms
[2020-08-12T17:49:07.391+0000][6][gc,phases    ] GC(53)   Other: 2.5ms
[2020-08-12T17:49:07.391+0000][6][gc,heap      ] GC(53) Eden regions: 611->0(611)
[2020-08-12T17:49:07.391+0000][6][gc,heap      ] GC(53) Survivor regions: 3->3(77)
[2020-08-12T17:49:07.391+0000][6][gc,heap      ] GC(53) Old regions: 78->78
[2020-08-12T17:49:07.391+0000][6][gc,heap      ] GC(53) Archive regions: 2->2
[2020-08-12T17:49:07.391+0000][6][gc,heap      ] GC(53) Humongous regions: 7->7
[2020-08-12T17:49:07.391+0000][6][gc,metaspace ] GC(53) Metaspace: 97838K(105528K)->97838K(105528K) NonClass: 85300K(89912K)->85300K(89912K) Class: 12537K(15616K)->12537K(15616K)
[2020-08-12T17:49:07.392+0000][6][gc           ] GC(53) Pause Young (Normal) (G1 Evacuation Pause) 698M->87M(1024M) 29.788ms
[2020-08-12T17:49:07.392+0000][6][gc,cpu       ] GC(53) User=0.05s Sys=0.01s Real=0.03s
[2020-08-12T17:49:07.392+0000][6][safepoint    ] Safepoint "G1CollectForAllocation", Time since last: 521951376 ns, Reaching safepoint: 850667 ns, At safepoint: 30395500 ns, Total: 31246167 ns
[2020-08-12T17:49:08.599+0000][6][safepoint    ] Safepoint "Cleanup", Time since last: 1206358297 ns, Reaching safepoint: 605308 ns, At safepoint: 26087 ns, Total: 631395 ns
[2020-08-12T17:49:09.600+0000][6][safepoint    ] Safepoint "Cleanup", Time since last: 1000257854 ns, Reaching safepoint: 652269 ns, At safepoint: 44625 ns, Total: 696894 ns
[2020-08-12T17:49:10.601+0000][6][safepoint    ] Safepoint "Cleanup", Time since last: 1000352041 ns, Reaching safepoint: 635707 ns, At safepoint: 43887 ns, Total: 679594 ns
[2020-08-12T17:49:11.602+0000][6][safepoint    ] Safepoint "Cleanup", Time since last: 1000282316 ns, Reaching safepoint: 314185 ns, At safepoint: 15387 ns, Total: 329572 ns
[2020-08-12T17:49:12.603+0000][6][safepoint    ] Safepoint "Cleanup", Time since last: 1000309541 ns, Reaching safepoint: 618670 ns, At safepoint: 43224 ns, Total: 661894 ns
[2020-08-12T17:49:13.604+0000][6][safepoint    ] Safepoint "Cleanup", Time since last: 1000348328 ns, Reaching safepoint: 540633 ns, At safepoint: 24100 ns, Total: 564733 ns
[2020-08-12T17:49:14.605+0000][6][safepoint    ] Safepoint "Cleanup", Time since last: 1000249954 ns, Reaching safepoint: 573008 ns, At safepoint: 43974 ns, Total: 616982 ns
[2020-08-12T17:49:15.606+0000][6][safepoint    ] Safepoint "Cleanup", Time since last: 1000406140 ns, Reaching safepoint: 577720 ns, At safepoint: 44787 ns, Total: 622507 ns
[2020-08-12T17:49:16.607+0000][6][safepoint    ] Safepoint "Cleanup", Time since last: 1000339554 ns, Reaching safepoint: 570695 ns, At safepoint: 44224 ns, Total: 614919 ns
[2020-08-12T17:49:17.607+0000][6][safepoint    ] Safepoint "Cleanup", Time since last: 1000289604 ns, Reaching safepoint: 435396 ns, At safepoint: 29500 ns, Total: 464896 ns
[2020-08-12T17:49:18.621+0000][6][safepoint    ] Safepoint "Cleanup", Time since last: 1012585035 ns, Reaching safepoint: 620769 ns, At safepoint: 25150 ns, Total: 645919 ns
[2020-08-12T17:49:19.621+0000][6][safepoint    ] Safepoint "Cleanup", Time since last: 1000253817 ns, Reaching safepoint: 653894 ns, At safepoint: 43887 ns, Total: 697781 ns
[2020-08-12T17:49:20.623+0000][6][safepoint    ] Safepoint "Cleanup", Time since last: 1000349291 ns, Reaching safepoint: 861330 ns, At safepoint: 43899 ns, Total: 905229 ns
[2020-08-12T17:49:21.624+0000][6][safepoint    ] Safepoint "Cleanup", Time since last: 1000383528 ns, Reaching safepoint: 868418 ns, At safepoint: 67712 ns, Total: 936130 ns
[2020-08-12T17:49:22.625+0000][6][safepoint    ] Safepoint "Cleanup", Time since last: 1000338228 ns, Reaching safepoint: 622519 ns, At safepoint: 44562 ns, Total: 667081 ns
[2020-08-12T17:49:23.627+0000][6][safepoint    ] Safepoint "Cleanup", Time since last: 1000346441 ns, Reaching safepoint: 1096791 ns, At safepoint: 64712 ns, Total: 1161503 ns
[2020-08-12T17:49:24.628+0000][6][safepoint    ] Safepoint "Cleanup", Time since last: 1000389027 ns, Reaching safepoint: 815743 ns, At safepoint: 44000 ns, Total: 859743 ns
[2020-08-12T17:49:25.629+0000][6][safepoint    ] Safepoint "Cleanup", Time since last: 1000421565 ns, Reaching safepoint: 822618 ns, At safepoint: 66287 ns, Total: 888905 ns
[2020-08-12T17:49:26.630+0000][6][safepoint    ] Safepoint "Cleanup", Time since last: 1000290166 ns, Reaching safepoint: 337984 ns, At safepoint: 16238 ns, Total: 354222 ns
[2020-08-12T17:49:28.514+0000][6][safepoint    ] Safepoint "Cleanup", Time since last: 1882916562 ns, Reaching safepoint: 810455 ns, At safepoint: 31400 ns, Total: 841855 ns
[2020-08-12T17:49:29.783+0000][6][safepoint    ] Safepoint "Cleanup", Time since last: 1268680446 ns, Reaching safepoint: 854018 ns, At safepoint: 45662 ns, Total: 899680 ns
[2020-08-12T17:49:30.784+0000][6][safepoint    ] Safepoint "Cleanup", Time since last: 1000283778 ns, Reaching safepoint: 589658 ns, At safepoint: 18650 ns, Total: 608308 ns
[2020-08-12T17:49:31.785+0000][6][safepoint    ] Safepoint "Cleanup", Time since last: 1000220704 ns, Reaching safepoint: 603982 ns, At safepoint: 130249 ns, Total: 734231 ns
[2020-08-12T17:49:32.786+0000][6][safepoint    ] Safepoint "Cleanup", Time since last: 1000282066 ns, Reaching safepoint: 550370 ns, At safepoint: 25275 ns, Total: 575645 ns
[2020-08-12T17:49:33.786+0000][6][safepoint    ] Safepoint "Cleanup", Time since last: 1000287166 ns, Reaching safepoint: 329660 ns, At safepoint: 15250 ns, Total: 344910 ns
[2020-08-12T17:49:34.787+0000][6][safepoint    ] Safepoint "Cleanup", Time since last: 1000168930 ns, Reaching safepoint: 266847 ns, At safepoint: 11450 ns, Total: 278297 ns
[2020-08-12T17:49:35.787+0000][6][safepoint    ] Safepoint "Cleanup", Time since last: 1000157593 ns, Reaching safepoint: 316547 ns, At safepoint: 15137 ns, Total: 331684 ns
[2020-08-12T17:49:36.788+0000][6][safepoint    ] Safepoint "Cleanup", Time since last: 1000234392 ns, Reaching safepoint: 713619 ns, At safepoint: 55524 ns, Total: 769143 ns
[2020-08-12T17:49:38.568+0000][6][safepoint    ] Safepoint "Cleanup", Time since last: 1778667025 ns, Reaching safepoint: 634195 ns, At safepoint: 26600 ns, Total: 660795 ns
[2020-08-12T17:49:39.569+0000][6][safepoint    ] Safepoint "Cleanup", Time since last: 1000321866 ns, Reaching safepoint: 804205 ns, At safepoint: 96974 ns, Total: 901179 ns
[2020-08-12T17:49:40.570+0000][6][safepoint    ] Safepoint "Cleanup", Time since last: 1000354028 ns, Reaching safepoint: 781419 ns, At safepoint: 46237 ns, Total: 827656 ns
[2020-08-12T17:49:41.571+0000][6][safepoint    ] Safepoint "Cleanup", Time since last: 1000351240 ns, Reaching safepoint: 703219 ns, At safepoint: 45037 ns, Total: 748256 ns
[2020-08-12T17:49:42.572+0000][6][safepoint    ] Safepoint "Cleanup", Time since last: 1000340329 ns, Reaching safepoint: 653069 ns, At safepoint: 52774 ns, Total: 705843 ns
[2020-08-12T17:49:43.573+0000][6][safepoint    ] Safepoint "Cleanup", Time since last: 1000291104 ns, Reaching safepoint: 601145 ns, At safepoint: 23650 ns, Total: 624795 ns
[2020-08-12T17:49:44.574+0000][6][safepoint    ] Safepoint "Cleanup", Time since last: 1000235154 ns, Reaching safepoint: 611794 ns, At safepoint: 44725 ns, Total: 656519 ns
[2020-08-12T17:49:45.575+0000][6][safepoint    ] Safepoint "Cleanup", Time since last: 1000339578 ns, Reaching safepoint: 690444 ns, At safepoint: 52750 ns, Total: 743194 ns
[2020-08-12T17:49:46.576+0000][6][safepoint    ] Safepoint "Cleanup", Time since last: 1000401290 ns, Reaching safepoint: 525608 ns, At safepoint: 44612 ns, Total: 570220 ns
[2020-08-12T17:49:47.577+0000][6][safepoint    ] Safepoint "Cleanup", Time since last: 1000343691 ns, Reaching safepoint: 770993 ns, At safepoint: 107574 ns, Total: 878567 ns
[2020-08-12T17:49:48.628+0000][6][safepoint    ] Safepoint "Cleanup", Time since last: 1050220022 ns, Reaching safepoint: 868568 ns, At safepoint: 48587 ns, Total: 917155 ns
[2020-08-12T17:49:49.630+0000][6][safepoint    ] Safepoint "Cleanup", Time since last: 1000481127 ns, Reaching safepoint: 773143 ns, At safepoint: 43900 ns, Total: 817043 ns
[2020-08-12T17:49:50.631+0000][6][safepoint    ] Safepoint "Cleanup", Time since last: 1000432927 ns, Reaching safepoint: 847680 ns, At safepoint: 68137 ns, Total: 915817 ns
[2020-08-12T17:49:51.632+0000][6][safepoint    ] Safepoint "Cleanup", Time since last: 1000335853 ns, Reaching safepoint: 776756 ns, At safepoint: 44700 ns, Total: 821456 ns
[2020-08-12T17:49:52.633+0000][6][safepoint    ] Safepoint "Cleanup", Time since last: 1000356703 ns, Reaching safepoint: 648432 ns, At safepoint: 53899 ns, Total: 702331 ns
[2020-08-12T17:49:53.634+0000][6][safepoint    ] Safepoint "Cleanup", Time since last: 1000293266 ns, Reaching safepoint: 618670 ns, At safepoint: 24375 ns, Total: 643045 ns
[2020-08-12T17:49:54.635+0000][6][safepoint    ] Safepoint "Cleanup", Time since last: 1000255629 ns, Reaching safepoint: 850155 ns, At safepoint: 43562 ns, Total: 893717 ns
[2020-08-12T17:49:55.637+0000][6][safepoint    ] Safepoint "Cleanup", Time since last: 1000346166 ns, Reaching safepoint: 858830 ns, At safepoint: 44387 ns, Total: 903217 ns
[2020-08-12T17:49:56.638+0000][6][safepoint    ] Safepoint "Cleanup", Time since last: 1000379653 ns, Reaching safepoint: 915992 ns, At safepoint: 44924 ns, Total: 960916 ns
[2020-08-12T17:49:58.479+0000][6][safepoint    ] Safepoint "Cleanup", Time since last: 1839511900 ns, Reaching safepoint: 1098440 ns, At safepoint: 55637 ns, Total: 1154077 ns
[2020-08-12T17:49:59.974+0000][6][safepoint    ] Safepoint "Cleanup", Time since last: 1495031953 ns, Reaching safepoint: 632694 ns, At safepoint: 45287 ns, Total: 677981 ns
[2020-08-12T17:50:00.976+0000][6][safepoint    ] Safepoint "Cleanup", Time since last: 1000346916 ns, Reaching safepoint: 724806 ns, At safepoint: 54850 ns, Total: 779656 ns
[2020-08-12T17:50:02.189+0000][6][safepoint    ] Safepoint "Cleanup", Time since last: 1212439332 ns, Reaching safepoint: 805468 ns, At safepoint: 44300 ns, Total: 849768 ns
[2020-08-12T17:50:03.190+0000][6][safepoint    ] Safepoint "Cleanup", Time since last: 1000397252 ns, Reaching safepoint: 874655 ns, At safepoint: 44687 ns, Total: 919342 ns
[2020-08-12T17:50:04.191+0000][6][safepoint    ] Safepoint "Cleanup", Time since last: 1000333566 ns, Reaching safepoint: 680207 ns, At safepoint: 44087 ns, Total: 724294 ns
[2020-08-12T17:50:05.192+0000][6][safepoint    ] Safepoint "Cleanup", Time since last: 1000367778 ns, Reaching safepoint: 657569 ns, At safepoint: 54112 ns, Total: 711681 ns
[2020-08-12T17:50:06.193+0000][6][safepoint    ] Safepoint "Cleanup", Time since last: 1000346766 ns, Reaching safepoint: 658832 ns, At safepoint: 56037 ns, Total: 714869 ns
[2020-08-12T17:50:07.194+0000][6][safepoint    ] Safepoint "Cleanup", Time since last: 1000318765 ns, Reaching safepoint: 379522 ns, At safepoint: 22437 ns, Total: 401959 ns
[2020-08-12T17:50:08.555+0000][6][safepoint    ] Safepoint "Cleanup", Time since last: 1359385000 ns, Reaching safepoint: 1163340 ns, At safepoint: 68399 ns, Total: 1231739 ns
[2020-08-12T17:50:09.556+0000][6][safepoint    ] Safepoint "Cleanup", Time since last: 1000392366 ns, Reaching safepoint: 855730 ns, At safepoint: 46499 ns, Total: 902229 ns
[2020-08-12T17:50:10.557+0000][6][safepoint    ] Safepoint "Cleanup", Time since last: 1000349128 ns, Reaching safepoint: 883443 ns, At safepoint: 44262 ns, Total: 927705 ns
[2020-08-12T17:50:11.558+0000][6][safepoint    ] Safepoint "Cleanup", Time since last: 1000306891 ns, Reaching safepoint: 582108 ns, At safepoint: 27812 ns, Total: 609920 ns
[2020-08-12T17:50:12.559+0000][6][safepoint    ] Safepoint "Cleanup", Time since last: 1000278866 ns, Reaching safepoint: 843630 ns, At safepoint: 44050 ns, Total: 887680 ns
[2020-08-12T17:50:13.560+0000][6][safepoint    ] Safepoint "Cleanup", Time since last: 1000304191 ns, Reaching safepoint: 750193 ns, At safepoint: 34925 ns, Total: 785118 ns
[2020-08-12T17:50:14.561+0000][6][safepoint    ] Safepoint "Cleanup", Time since last: 1000288316 ns, Reaching safepoint: 647157 ns, At safepoint: 44112 ns, Total: 691269 ns
[2020-08-12T17:50:15.563+0000][6][safepoint    ] Safepoint "Cleanup", Time since last: 1000389928 ns, Reaching safepoint: 832693 ns, At safepoint: 44474 ns, Total: 877167 ns
[2020-08-12T17:50:16.564+0000][6][safepoint    ] Safepoint "Cleanup", Time since last: 1000395016 ns, Reaching safepoint: 1002703 ns, At safepoint: 47337 ns, Total: 1050040 ns
[2020-08-12T17:50:17.566+0000][6][safepoint    ] Safepoint "Cleanup", Time since last: 1000345954 ns, Reaching safepoint: 1083990 ns, At safepoint: 55537 ns, Total: 1139527 ns
[2020-08-12T17:50:18.597+0000][6][safepoint    ] Safepoint "Cleanup", Time since last: 1029909048 ns, Reaching safepoint: 1067353 ns, At safepoint: 63150 ns, Total: 1130503 ns
[2020-08-12T17:50:19.598+0000][6][safepoint    ] Safepoint "Cleanup", Time since last: 1000417752 ns, Reaching safepoint: 868342 ns, At safepoint: 48200 ns, Total: 916542 ns
[2020-08-12T17:50:20.599+0000][6][safepoint    ] Safepoint "Cleanup", Time since last: 1000351616 ns, Reaching safepoint: 875980 ns, At safepoint: 44237 ns, Total: 920217 ns
[2020-08-12T17:50:21.600+0000][6][safepoint    ] Safepoint "Cleanup", Time since last: 1000324878 ns, Reaching safepoint: 618045 ns, At safepoint: 57549 ns, Total: 675594 ns
[2020-08-12T17:50:22.601+0000][6][safepoint    ] Safepoint "Cleanup", Time since last: 1000345616 ns, Reaching safepoint: 636644 ns, At safepoint: 46250 ns, Total: 682894 ns
[2020-08-12T17:50:23.603+0000][6][safepoint    ] Safepoint "Cleanup", Time since last: 1000344516 ns, Reaching safepoint: 1111040 ns, At safepoint: 55025 ns, Total: 1166065 ns
[2020-08-12T17:50:24.604+0000][6][safepoint    ] Safepoint "Cleanup", Time since last: 1000343390 ns, Reaching safepoint: 372047 ns, At safepoint: 18625 ns, Total: 390672 ns
[2020-08-12T17:50:25.605+0000][6][safepoint    ] Safepoint "Cleanup", Time since last: 1000247216 ns, Reaching safepoint: 871643 ns, At safepoint: 44812 ns, Total: 916455 ns
[2020-08-12T17:50:26.605+0000][6][safepoint    ] Safepoint "Cleanup", Time since last: 1000344853 ns, Reaching safepoint: 445934 ns, At safepoint: 23275 ns, Total: 469209 ns
[2020-08-12T17:50:27.440+0000][6][safepoint    ] Safepoint "BulkRevokeBias", Time since last: 832442979 ns, Reaching safepoint: 398809 ns, At safepoint: 1548412 ns, Total: 1947221 ns
[2020-08-12T17:50:28.441+0000][6][safepoint    ] Safepoint "Cleanup", Time since last: 1000247991 ns, Reaching safepoint: 833468 ns, At safepoint: 44675 ns, Total: 878143 ns
[2020-08-12T17:50:29.936+0000][6][safepoint    ] Safepoint "Cleanup", Time since last: 1493741488 ns, Reaching safepoint: 835930 ns, At safepoint: 44137 ns, Total: 880067 ns
[2020-08-12T17:50:30.937+0000][6][safepoint    ] Safepoint "Cleanup", Time since last: 1000350229 ns, Reaching safepoint: 778743 ns, At safepoint: 43687 ns, Total: 822430 ns
[2020-08-12T17:50:32.488+0000][6][safepoint    ] Safepoint "Cleanup", Time since last: 1550331624 ns, Reaching safepoint: 993316 ns, At safepoint: 44087 ns, Total: 1037403 ns
[2020-08-12T17:50:33.490+0000][6][safepoint    ] Safepoint "Cleanup", Time since last: 1000326941 ns, Reaching safepoint: 1673848 ns, At safepoint: 59637 ns, Total: 1733485 ns
[2020-08-12T17:50:34.491+0000][6][safepoint    ] Safepoint "Cleanup", Time since last: 1000388291 ns, Reaching safepoint: 574057 ns, At safepoint: 44075 ns, Total: 618132 ns
[2020-08-12T17:50:35.492+0000][6][safepoint    ] Safepoint "Cleanup", Time since last: 1000351565 ns, Reaching safepoint: 855693 ns, At safepoint: 44550 ns, Total: 900243 ns
[2020-08-12T17:50:36.493+0000][6][safepoint    ] Safepoint "Cleanup", Time since last: 1000305078 ns, Reaching safepoint: 453359 ns, At safepoint: 21787 ns, Total: 475146 ns
[2020-08-12T17:50:37.494+0000][6][safepoint    ] Safepoint "Cleanup", Time since last: 1000211117 ns, Reaching safepoint: 607807 ns, At safepoint: 24325 ns, Total: 632132 ns
[2020-08-12T17:50:38.619+0000][6][safepoint    ] Safepoint "Cleanup", Time since last: 1123925010 ns, Reaching safepoint: 807268 ns, At safepoint: 70637 ns, Total: 877905 ns
[2020-08-12T17:50:39.620+0000][6][safepoint    ] Safepoint "Cleanup", Time since last: 1000332103 ns, Reaching safepoint: 826418 ns, At safepoint: 68849 ns, Total: 895267 ns
[2020-08-12T17:50:40.621+0000][6][safepoint    ] Safepoint "Cleanup", Time since last: 1000355878 ns, Reaching safepoint: 855468 ns, At safepoint: 44312 ns, Total: 899780 ns
[2020-08-12T17:50:41.622+0000][6][safepoint    ] Safepoint "Cleanup", Time since last: 1000307503 ns, Reaching safepoint: 543683 ns, At safepoint: 55525 ns, Total: 599208 ns
[2020-08-12T17:50:42.624+0000][6][safepoint    ] Safepoint "Cleanup", Time since last: 1000345853 ns, Reaching safepoint: 860430 ns, At safepoint: 43962 ns, Total: 904392 ns
[2020-08-12T17:50:43.625+0000][6][safepoint    ] Safepoint "Cleanup", Time since last: 1000408290 ns, Reaching safepoint: 1043566 ns, At safepoint: 55375 ns, Total: 1098941 ns
[2020-08-12T17:50:44.626+0000][6][safepoint    ] Safepoint "Cleanup", Time since last: 1000344978 ns, Reaching safepoint: 932467 ns, At safepoint: 43912 ns, Total: 976379 ns
[2020-08-12T17:50:45.627+0000][6][safepoint    ] Safepoint "Cleanup", Time since last: 1000332791 ns, Reaching safepoint: 716506 ns, At safepoint: 38175 ns, Total: 754681 ns
[2020-08-12T17:50:46.629+0000][6][safepoint    ] Safepoint "Cleanup", Time since last: 1000323091 ns, Reaching safepoint: 841980 ns, At safepoint: 44474 ns, Total: 886454 ns
[2020-08-12T17:50:48.570+0000][6][safepoint    ] Safepoint "Cleanup", Time since last: 1939970444 ns, Reaching safepoint: 745956 ns, At safepoint: 142711 ns, Total: 888667 ns
[2020-08-12T17:50:49.571+0000][6][safepoint    ] Safepoint "Cleanup", Time since last: 1000295454 ns, Reaching safepoint: 817205 ns, At safepoint: 43625 ns, Total: 860830 ns
[2020-08-12T17:50:50.572+0000][6][safepoint    ] Safepoint "Cleanup", Time since last: 1000393777 ns, Reaching safepoint: 825418 ns, At safepoint: 46112 ns, Total: 871530 ns
[2020-08-12T17:50:51.573+0000][6][safepoint    ] Safepoint "Cleanup", Time since last: 1000318866 ns, Reaching safepoint: 509433 ns, At safepoint: 27550 ns, Total: 536983 ns
[2020-08-12T17:50:52.574+0000][6][safepoint    ] Safepoint "Cleanup", Time since last: 1000325566 ns, Reaching safepoint: 618757 ns, At safepoint: 53037 ns, Total: 671794 ns
[2020-08-12T17:50:53.576+0000][6][safepoint    ] Safepoint "Cleanup", Time since last: 1000451065 ns, Reaching safepoint: 1222177 ns, At safepoint: 64587 ns, Total: 1286764 ns
[2020-08-12T17:50:54.577+0000][6][safepoint    ] Safepoint "Cleanup", Time since last: 1000389140 ns, Reaching safepoint: 781893 ns, At safepoint: 43900 ns, Total: 825793 ns
[2020-08-12T17:50:55.578+0000][6][safepoint    ] Safepoint "Cleanup", Time since last: 1000396091 ns, Reaching safepoint: 826792 ns, At safepoint: 44675 ns, Total: 871467 ns
[2020-08-12T17:50:56.579+0000][6][safepoint    ] Safepoint "Cleanup", Time since last: 1000299853 ns, Reaching safepoint: 421346 ns, At safepoint: 20638 ns, Total: 441984 ns
[2020-08-12T17:50:58.451+0000][6][safepoint    ] Safepoint "Cleanup", Time since last: 1871534860 ns, Reaching safepoint: 961554 ns, At safepoint: 44575 ns, Total: 1006129 ns
[2020-08-12T17:50:59.973+0000][6][safepoint    ] Safepoint "Cleanup", Time since last: 1520009874 ns, Reaching safepoint: 1177215 ns, At safepoint: 58824 ns, Total: 1236039 ns
[2020-08-12T17:51:00.974+0000][6][safepoint    ] Safepoint "Cleanup", Time since last: 1000386853 ns, Reaching safepoint: 873330 ns, At safepoint: 105199 ns, Total: 978529 ns
[2020-08-12T17:51:01.975+0000][6][safepoint    ] Safepoint "Cleanup", Time since last: 1000296041 ns, Reaching safepoint: 402521 ns, At safepoint: 18925 ns, Total: 421446 ns
[2020-08-12T17:51:02.976+0000][6][safepoint    ] Safepoint "Cleanup", Time since last: 1000290404 ns, Reaching safepoint: 742756 ns, At safepoint: 54600 ns, Total: 797356 ns
[2020-08-12T17:51:03.977+0000][6][safepoint    ] Safepoint "Cleanup", Time since last: 1000394502 ns, Reaching safepoint: 543045 ns, At safepoint: 44738 ns, Total: 587783 ns
[2020-08-12T17:51:04.979+0000][6][safepoint    ] Safepoint "Cleanup", Time since last: 1000619750 ns, Reaching safepoint: 1317751 ns, At safepoint: 47463 ns, Total: 1365214 ns
[2020-08-12T17:51:05.980+0000][6][safepoint    ] Safepoint "Cleanup", Time since last: 1000444439 ns, Reaching safepoint: 649420 ns, At safepoint: 92124 ns, Total: 741544 ns
[2020-08-12T17:51:06.981+0000][6][safepoint    ] Safepoint "Cleanup", Time since last: 1000351516 ns, Reaching safepoint: 677606 ns, At safepoint: 46962 ns, Total: 724568 ns
[2020-08-12T17:51:08.153+0000][6][safepoint    ] Safepoint "Cleanup", Time since last: 1171333813 ns, Reaching safepoint: 949792 ns, At safepoint: 44862 ns, Total: 994654 ns
[2020-08-12T17:51:09.155+0000][6][safepoint    ] Safepoint "Cleanup", Time since last: 1000889461 ns, Reaching safepoint: 750006 ns, At safepoint: 38612 ns, Total: 788618 ns
[2020-08-12T17:51:10.156+0000][6][safepoint    ] Safepoint "Cleanup", Time since last: 1000330553 ns, Reaching safepoint: 857693 ns, At safepoint: 43774 ns, Total: 901467 ns
[2020-08-12T17:51:11.157+0000][6][safepoint    ] Safepoint "Cleanup", Time since last: 1000303854 ns, Reaching safepoint: 799668 ns, At safepoint: 34512 ns, Total: 834180 ns
[2020-08-12T17:51:12.158+0000][6][safepoint    ] Safepoint "Cleanup", Time since last: 1000262441 ns, Reaching safepoint: 675932 ns, At safepoint: 33725 ns, Total: 709657 ns
[2020-08-12T17:51:13.159+0000][6][safepoint    ] Safepoint "Cleanup", Time since last: 1000298678 ns, Reaching safepoint: 809918 ns, At safepoint: 44113 ns, Total: 854031 ns
[2020-08-12T17:51:14.161+0000][6][safepoint    ] Safepoint "Cleanup", Time since last: 1000344140 ns, Reaching safepoint: 1262514 ns, At safepoint: 57037 ns, Total: 1319551 ns
[2020-08-12T17:51:15.162+0000][6][safepoint    ] Safepoint "Cleanup", Time since last: 1000347216 ns, Reaching safepoint: 746469 ns, At safepoint: 45087 ns, Total: 791556 ns
[2020-08-12T17:51:16.164+0000][6][safepoint    ] Safepoint "Cleanup", Time since last: 1000328253 ns, Reaching safepoint: 1389575 ns, At safepoint: 66112 ns, Total: 1455687 ns
[2020-08-12T17:51:17.165+0000][6][safepoint    ] Safepoint "Cleanup", Time since last: 1000221192 ns, Reaching safepoint: 457696 ns, At safepoint: 54562 ns, Total: 512258 ns
[2020-08-12T17:51:18.457+0000][6][safepoint    ] Safepoint "Cleanup", Time since last: 1291675598 ns, Reaching safepoint: 655194 ns, At safepoint: 44475 ns, Total: 699669 ns
[2020-08-12T17:51:19.458+0000][6][safepoint    ] Safepoint "Cleanup", Time since last: 1000357665 ns, Reaching safepoint: 651945 ns, At safepoint: 45012 ns, Total: 696957 ns
[2020-08-12T17:51:20.459+0000][6][safepoint    ] Safepoint "Cleanup", Time since last: 1000288578 ns, Reaching safepoint: 767893 ns, At safepoint: 47250 ns, Total: 815143 ns
[2020-08-12T17:51:21.460+0000][6][safepoint    ] Safepoint "Cleanup", Time since last: 1000341616 ns, Reaching safepoint: 461558 ns, At safepoint: 44225 ns, Total: 505783 ns
[2020-08-12T17:51:22.461+0000][6][safepoint    ] Safepoint "Cleanup", Time since last: 1000349803 ns, Reaching safepoint: 736644 ns, At safepoint: 46737 ns, Total: 783381 ns
[2020-08-12T17:51:23.462+0000][6][safepoint    ] Safepoint "Cleanup", Time since last: 1000350803 ns, Reaching safepoint: 601920 ns, At safepoint: 45149 ns, Total: 647069 ns
[2020-08-12T17:51:24.463+0000][6][safepoint    ] Safepoint "Cleanup", Time since last: 1000349616 ns, Reaching safepoint: 657232 ns, At safepoint: 52974 ns, Total: 710206 ns
[2020-08-12T17:51:25.464+0000][6][safepoint    ] Safepoint "Cleanup", Time since last: 1000346778 ns, Reaching safepoint: 566333 ns, At safepoint: 45087 ns, Total: 611420 ns
[2020-08-12T17:51:26.466+0000][6][safepoint    ] Safepoint "Cleanup", Time since last: 1000278341 ns, Reaching safepoint: 877343 ns, At safepoint: 51637 ns, Total: 928980 ns
[2020-08-12T17:51:27.466+0000][6][safepoint    ] Safepoint "Cleanup", Time since last: 1000289941 ns, Reaching safepoint: 626120 ns, At safepoint: 28349 ns, Total: 654469 ns
[2020-08-12T17:51:28.570+0000][6][safepoint    ] Safepoint "Cleanup", Time since last: 1102110099 ns, Reaching safepoint: 1067153 ns, At safepoint: 57362 ns, Total: 1124515 ns
[2020-08-12T17:51:29.869+0000][6][safepoint    ] Safepoint "Cleanup", Time since last: 1298646050 ns, Reaching safepoint: 660744 ns, At safepoint: 45225 ns, Total: 705969 ns
[2020-08-12T17:51:30.870+0000][6][safepoint    ] Safepoint "Cleanup", Time since last: 1000350965 ns, Reaching safepoint: 658082 ns, At safepoint: 44725 ns, Total: 702807 ns
[2020-08-12T17:51:31.871+0000][6][safepoint    ] Safepoint "Cleanup", Time since last: 1000306341 ns, Reaching safepoint: 654482 ns, At safepoint: 37412 ns, Total: 691894 ns
[2020-08-12T17:51:32.872+0000][6][safepoint    ] Safepoint "Cleanup", Time since last: 1000266628 ns, Reaching safepoint: 378935 ns, At safepoint: 22262 ns, Total: 401197 ns
[2020-08-12T17:51:33.872+0000][6][safepoint    ] Safepoint "Cleanup", Time since last: 1000238342 ns, Reaching safepoint: 261522 ns, At safepoint: 11763 ns, Total: 273285 ns
[2020-08-12T17:51:34.873+0000][6][safepoint    ] Safepoint "Cleanup", Time since last: 1000190092 ns, Reaching safepoint: 413171 ns, At safepoint: 20725 ns, Total: 433896 ns
[2020-08-12T17:51:35.873+0000][6][safepoint    ] Safepoint "Cleanup", Time since last: 1000212667 ns, Reaching safepoint: 361272 ns, At safepoint: 16462 ns, Total: 377734 ns
[2020-08-12T17:51:36.874+0000][6][safepoint    ] Safepoint "Cleanup", Time since last: 1000200942 ns, Reaching safepoint: 454733 ns, At safepoint: 24700 ns, Total: 479433 ns
[2020-08-12T17:51:38.667+0000][6][safepoint    ] Safepoint "Cleanup", Time since last: 1792185784 ns, Reaching safepoint: 639194 ns, At safepoint: 33938 ns, Total: 673132 ns
[2020-08-12T17:51:40.369+0000][6][safepoint    ] Safepoint "Cleanup", Time since last: 1701167570 ns, Reaching safepoint: 786993 ns, At safepoint: 43825 ns, Total: 830818 ns
[2020-08-12T17:51:41.370+0000][6][safepoint    ] Safepoint "Cleanup", Time since last: 1000288916 ns, Reaching safepoint: 572232 ns, At safepoint: 22113 ns, Total: 594345 ns
[2020-08-12T17:51:42.371+0000][6][safepoint    ] Safepoint "Cleanup", Time since last: 1000244079 ns, Reaching safepoint: 826743 ns, At safepoint: 44849 ns, Total: 871592 ns
[2020-08-12T17:51:43.372+0000][6][safepoint    ] Safepoint "Cleanup", Time since last: 1000345466 ns, Reaching safepoint: 778805 ns, At safepoint: 46163 ns, Total: 824968 ns
[2020-08-12T17:51:44.373+0000][6][safepoint    ] Safepoint "Cleanup", Time since last: 1000344728 ns, Reaching safepoint: 723681 ns, At safepoint: 46387 ns, Total: 770068 ns
[2020-08-12T17:51:45.374+0000][6][safepoint    ] Safepoint "Cleanup", Time since last: 1000342104 ns, Reaching safepoint: 629619 ns, At safepoint: 45200 ns, Total: 674819 ns
[2020-08-12T17:51:46.376+0000][6][safepoint    ] Safepoint "Cleanup", Time since last: 1000322715 ns, Reaching safepoint: 913092 ns, At safepoint: 53875 ns, Total: 966967 ns
[2020-08-12T17:51:47.377+0000][6][safepoint    ] Safepoint "Cleanup", Time since last: 1000287479 ns, Reaching safepoint: 868842 ns, At safepoint: 38212 ns, Total: 907054 ns
[2020-08-12T17:51:48.566+0000][6][safepoint    ] Safepoint "Cleanup", Time since last: 1187334250 ns, Reaching safepoint: 1463574 ns, At safepoint: 56500 ns, Total: 1520074 ns
[2020-08-12T17:51:49.567+0000][6][safepoint    ] Safepoint "Cleanup", Time since last: 1000429927 ns, Reaching safepoint: 922330 ns, At safepoint: 44799 ns, Total: 967129 ns
[2020-08-12T17:51:50.568+0000][6][safepoint    ] Safepoint "Cleanup", Time since last: 1000344479 ns, Reaching safepoint: 779305 ns, At safepoint: 46000 ns, Total: 825305 ns
[2020-08-12T17:51:51.569+0000][6][safepoint    ] Safepoint "Cleanup", Time since last: 1000301779 ns, Reaching safepoint: 428771 ns, At safepoint: 19775 ns, Total: 448546 ns
[2020-08-12T17:51:52.570+0000][6][safepoint    ] Safepoint "Cleanup", Time since last: 1000258616 ns, Reaching safepoint: 905280 ns, At safepoint: 44462 ns, Total: 949742 ns
[2020-08-12T17:51:53.572+0000][6][safepoint    ] Safepoint "Cleanup", Time since last: 1000319078 ns, Reaching safepoint: 1185715 ns, At safepoint: 48775 ns, Total: 1234490 ns
[2020-08-12T17:51:54.573+0000][6][safepoint    ] Safepoint "Cleanup", Time since last: 1000365965 ns, Reaching safepoint: 878830 ns, At safepoint: 45762 ns, Total: 924592 ns
[2020-08-12T17:51:55.574+0000][6][safepoint    ] Safepoint "Cleanup", Time since last: 1000382378 ns, Reaching safepoint: 682682 ns, At safepoint: 53549 ns, Total: 736231 ns
[2020-08-12T17:51:56.575+0000][6][safepoint    ] Safepoint "Cleanup", Time since last: 1000308816 ns, Reaching safepoint: 445059 ns, At safepoint: 50174 ns, Total: 495233 ns
[2020-08-12T17:51:58.572+0000][6][safepoint    ] Safepoint "Cleanup", Time since last: 1996014959 ns, Reaching safepoint: 1057566 ns, At safepoint: 63212 ns, Total: 1120778 ns
[2020-08-12T17:51:59.992+0000][6][safepoint    ] Safepoint "Cleanup", Time since last: 1418999135 ns, Reaching safepoint: 824467 ns, At safepoint: 55912 ns, Total: 880379 ns
[2020-08-12T17:52:00.993+0000][6][safepoint    ] Safepoint "Cleanup", Time since last: 1000399341 ns, Reaching safepoint: 638157 ns, At safepoint: 44999 ns, Total: 683156 ns
[2020-08-12T17:52:01.994+0000][6][safepoint    ] Safepoint "Cleanup", Time since last: 1000352003 ns, Reaching safepoint: 790231 ns, At safepoint: 58074 ns, Total: 848305 ns
[2020-08-12T17:52:02.996+0000][6][safepoint    ] Safepoint "Cleanup", Time since last: 1000349029 ns, Reaching safepoint: 884654 ns, At safepoint: 56550 ns, Total: 941204 ns
[2020-08-12T17:52:03.996+0000][6][safepoint    ] Safepoint "Cleanup", Time since last: 1000275016 ns, Reaching safepoint: 360472 ns, At safepoint: 17338 ns, Total: 377810 ns
[2020-08-12T17:52:04.997+0000][6][safepoint    ] Safepoint "Cleanup", Time since last: 1000243979 ns, Reaching safepoint: 688394 ns, At safepoint: 47099 ns, Total: 735493 ns
[2020-08-12T17:52:05.998+0000][6][safepoint    ] Safepoint "Cleanup", Time since last: 1000384790 ns, Reaching safepoint: 687494 ns, At safepoint: 53550 ns, Total: 741044 ns
[2020-08-12T17:52:07.000+0000][6][safepoint    ] Safepoint "Cleanup", Time since last: 1000364290 ns, Reaching safepoint: 765619 ns, At safepoint: 67537 ns, Total: 833156 ns
[2020-08-12T17:52:08.585+0000][6][safepoint    ] Safepoint "Cleanup", Time since last: 1583687611 ns, Reaching safepoint: 2017132 ns, At safepoint: 58475 ns, Total: 2075607 ns
[2020-08-12T17:52:09.586+0000][6][safepoint    ] Safepoint "Cleanup", Time since last: 1000341953 ns, Reaching safepoint: 613832 ns, At safepoint: 44537 ns, Total: 658369 ns
[2020-08-12T17:52:10.587+0000][6][safepoint    ] Safepoint "Cleanup", Time since last: 1000351928 ns, Reaching safepoint: 660982 ns, At safepoint: 45412 ns, Total: 706394 ns
[2020-08-12T17:52:11.588+0000][6][safepoint    ] Safepoint "Cleanup", Time since last: 1000363003 ns, Reaching safepoint: 543296 ns, At safepoint: 44574 ns, Total: 587870 ns
[2020-08-12T17:52:12.589+0000][6][safepoint    ] Safepoint "Cleanup", Time since last: 1000378140 ns, Reaching safepoint: 657720 ns, At safepoint: 53187 ns, Total: 710907 ns
[2020-08-12T17:52:13.591+0000][6][safepoint    ] Safepoint "Cleanup", Time since last: 1000302616 ns, Reaching safepoint: 940254 ns, At safepoint: 49262 ns, Total: 989516 ns
[2020-08-12T17:52:14.592+0000][6][safepoint    ] Safepoint "Cleanup", Time since last: 1000320741 ns, Reaching safepoint: 574020 ns, At safepoint: 44162 ns, Total: 618182 ns
[2020-08-12T17:52:15.593+0000][6][safepoint    ] Safepoint "Cleanup", Time since last: 1000342303 ns, Reaching safepoint: 578145 ns, At safepoint: 44613 ns, Total: 622758 ns
[2020-08-12T17:52:16.593+0000][6][safepoint    ] Safepoint "Cleanup", Time since last: 1000309341 ns, Reaching safepoint: 357447 ns, At safepoint: 18662 ns, Total: 376109 ns
[2020-08-12T17:52:17.594+0000][6][safepoint    ] Safepoint "Cleanup", Time since last: 1000197929 ns, Reaching safepoint: 578158 ns, At safepoint: 23974 ns, Total: 602132 ns
[2020-08-12T17:52:18.623+0000][6][safepoint    ] Safepoint "Cleanup", Time since last: 1028403024 ns, Reaching safepoint: 799993 ns, At safepoint: 38137 ns, Total: 838130 ns
[2020-08-12T17:52:19.624+0000][6][safepoint    ] Safepoint "Cleanup", Time since last: 1000266904 ns, Reaching safepoint: 677544 ns, At safepoint: 44187 ns, Total: 721731 ns
[2020-08-12T17:52:20.625+0000][6][safepoint    ] Safepoint "Cleanup", Time since last: 1000388828 ns, Reaching safepoint: 641569 ns, At safepoint: 44537 ns, Total: 686106 ns
[2020-08-12T17:52:21.626+0000][6][safepoint    ] Safepoint "Cleanup", Time since last: 1000391453 ns, Reaching safepoint: 613807 ns, At safepoint: 44412 ns, Total: 658219 ns
[2020-08-12T17:52:22.627+0000][6][safepoint    ] Safepoint "Cleanup", Time since last: 1000338491 ns, Reaching safepoint: 624870 ns, At safepoint: 44774 ns, Total: 669644 ns
[2020-08-12T17:52:23.629+0000][6][safepoint    ] Safepoint "Cleanup", Time since last: 1000307929 ns, Reaching safepoint: 1231127 ns, At safepoint: 76399 ns, Total: 1307526 ns
[2020-08-12T17:52:24.630+0000][6][safepoint    ] Safepoint "Cleanup", Time since last: 1000310628 ns, Reaching safepoint: 473121 ns, At safepoint: 158749 ns, Total: 631870 ns
[2020-08-12T17:52:25.631+0000][6][safepoint    ] Safepoint "Cleanup", Time since last: 1000347715 ns, Reaching safepoint: 638545 ns, At safepoint: 54350 ns, Total: 692895 ns
[2020-08-12T17:52:26.632+0000][6][safepoint    ] Safepoint "Cleanup", Time since last: 1000316091 ns, Reaching safepoint: 440383 ns, At safepoint: 29275 ns, Total: 469658 ns
[2020-08-12T17:52:28.438+0000][6][safepoint    ] Safepoint "Cleanup", Time since last: 1805149272 ns, Reaching safepoint: 615644 ns, At safepoint: 53062 ns, Total: 668706 ns
[2020-08-12T17:52:28.989+0000][6][safepoint    ] Safepoint "BulkRevokeBias", Time since last: 549861210 ns, Reaching safepoint: 237485 ns, At safepoint: 829880 ns, Total: 1067365 ns
[2020-08-12T17:52:29.990+0000][6][safepoint    ] Safepoint "Cleanup", Time since last: 1000279042 ns, Reaching safepoint: 724268 ns, At safepoint: 45825 ns, Total: 770093 ns
[2020-08-12T17:52:30.991+0000][6][safepoint    ] Safepoint "Cleanup", Time since last: 1000341153 ns, Reaching safepoint: 608270 ns, At safepoint: 44000 ns, Total: 652270 ns
[2020-08-12T17:52:31.992+0000][6][safepoint    ] Safepoint "Cleanup", Time since last: 1000342065 ns, Reaching safepoint: 1058016 ns, At safepoint: 67287 ns, Total: 1125303 ns
[2020-08-12T17:52:32.993+0000][6][safepoint    ] Safepoint "Cleanup", Time since last: 1000351703 ns, Reaching safepoint: 753506 ns, At safepoint: 43887 ns, Total: 797393 ns
[2020-08-12T17:52:33.994+0000][6][safepoint    ] Safepoint "Cleanup", Time since last: 1000285916 ns, Reaching safepoint: 263173 ns, At safepoint: 11113 ns, Total: 274286 ns
[2020-08-12T17:52:34.995+0000][6][safepoint    ] Safepoint "Cleanup", Time since last: 1000246441 ns, Reaching safepoint: 800731 ns, At safepoint: 142023 ns, Total: 942754 ns
[2020-08-12T17:52:35.996+0000][6][safepoint    ] Safepoint "Cleanup", Time since last: 1000349891 ns, Reaching safepoint: 833455 ns, At safepoint: 46025 ns, Total: 879480 ns
[2020-08-12T17:52:36.997+0000][6][safepoint    ] Safepoint "Cleanup", Time since last: 1000351390 ns, Reaching safepoint: 738019 ns, At safepoint: 46462 ns, Total: 784481 ns
[2020-08-12T17:52:38.676+0000][6][safepoint    ] Safepoint "Cleanup", Time since last: 1677339814 ns, Reaching safepoint: 786006 ns, At safepoint: 38287 ns, Total: 824293 ns
[2020-08-12T17:52:39.677+0000][6][safepoint    ] Safepoint "Cleanup", Time since last: 1000561064 ns, Reaching safepoint: 478783 ns, At safepoint: 31625 ns, Total: 510408 ns
[2020-08-12T17:52:40.677+0000][6][safepoint    ] Safepoint "Cleanup", Time since last: 1000289841 ns, Reaching safepoint: 569020 ns, At safepoint: 38712 ns, Total: 607732 ns
[2020-08-12T17:52:41.678+0000][6][safepoint    ] Safepoint "Cleanup", Time since last: 1000271129 ns, Reaching safepoint: 295335 ns, At safepoint: 30050 ns, Total: 325385 ns
[2020-08-12T17:52:42.712+0000][6][safepoint    ] Safepoint "Cleanup", Time since last: 1033023408 ns, Reaching safepoint: 868392 ns, At safepoint: 45512 ns, Total: 913904 ns
[2020-08-12T17:52:43.713+0000][6][safepoint    ] Safepoint "Cleanup", Time since last: 1000340566 ns, Reaching safepoint: 1052028 ns, At safepoint: 55062 ns, Total: 1107090 ns
[2020-08-12T17:52:44.715+0000][6][safepoint    ] Safepoint "Cleanup", Time since last: 1000348791 ns, Reaching safepoint: 883842 ns, At safepoint: 44063 ns, Total: 927905 ns
[2020-08-12T17:52:45.716+0000][6][safepoint    ] Safepoint "Cleanup", Time since last: 1000432190 ns, Reaching safepoint: 837767 ns, At safepoint: 44937 ns, Total: 882704 ns
[2020-08-12T17:52:46.717+0000][6][safepoint    ] Safepoint "Cleanup", Time since last: 1000340291 ns, Reaching safepoint: 417096 ns, At safepoint: 44563 ns, Total: 461659 ns
[2020-08-12T17:52:48.595+0000][6][safepoint    ] Safepoint "Cleanup", Time since last: 1877627645 ns, Reaching safepoint: 847880 ns, At safepoint: 68699 ns, Total: 916579 ns
[2020-08-12T17:52:49.597+0000][6][safepoint    ] Safepoint "Cleanup", Time since last: 1000347078 ns, Reaching safepoint: 862568 ns, At safepoint: 44024 ns, Total: 906592 ns
[2020-08-12T17:52:50.598+0000][6][safepoint    ] Safepoint "Cleanup", Time since last: 1000344804 ns, Reaching safepoint: 806805 ns, At safepoint: 44300 ns, Total: 851105 ns
[2020-08-12T17:52:51.598+0000][6][safepoint    ] Safepoint "Cleanup", Time since last: 1000356315 ns, Reaching safepoint: 259236 ns, At safepoint: 11187 ns, Total: 270423 ns
[2020-08-12T17:52:52.599+0000][6][safepoint    ] Safepoint "Cleanup", Time since last: 1000222517 ns, Reaching safepoint: 664694 ns, At safepoint: 43962 ns, Total: 708656 ns
[2020-08-12T17:52:53.601+0000][6][safepoint    ] Safepoint "Cleanup", Time since last: 1000352566 ns, Reaching safepoint: 1594798 ns, At safepoint: 56850 ns, Total: 1651648 ns
[2020-08-12T17:52:54.603+0000][6][safepoint    ] Safepoint "Cleanup", Time since last: 1000342366 ns, Reaching safepoint: 765580 ns, At safepoint: 48400 ns, Total: 813980 ns
[2020-08-12T17:52:55.604+0000][6][safepoint    ] Safepoint "Cleanup", Time since last: 1000403965 ns, Reaching safepoint: 591245 ns, At safepoint: 44112 ns, Total: 635357 ns
[2020-08-12T17:52:56.604+0000][6][safepoint    ] Safepoint "Cleanup", Time since last: 1000337203 ns, Reaching safepoint: 308023 ns, At safepoint: 19225 ns, Total: 327248 ns
[2020-08-12T17:52:58.450+0000][6][safepoint    ] Safepoint "Cleanup", Time since last: 1844561093 ns, Reaching safepoint: 667469 ns, At safepoint: 44362 ns, Total: 711831 ns
[2020-08-12T17:52:59.975+0000][6][safepoint    ] Safepoint "Cleanup", Time since last: 1524942194 ns, Reaching safepoint: 856868 ns, At safepoint: 43999 ns, Total: 900867 ns
[2020-08-12T17:53:00.976+0000][6][safepoint    ] Safepoint "Cleanup", Time since last: 1000349278 ns, Reaching safepoint: 576983 ns, At safepoint: 44587 ns, Total: 621570 ns
[2020-08-12T17:53:01.977+0000][6][safepoint    ] Safepoint "Cleanup", Time since last: 1000348115 ns, Reaching safepoint: 645157 ns, At safepoint: 44325 ns, Total: 689482 ns
[2020-08-12T17:53:02.978+0000][6][safepoint    ] Safepoint "Cleanup", Time since last: 1000295229 ns, Reaching safepoint: 678081 ns, At safepoint: 29937 ns, Total: 708018 ns
[2020-08-12T17:53:03.979+0000][6][safepoint    ] Safepoint "Cleanup", Time since last: 1000242029 ns, Reaching safepoint: 501096 ns, At safepoint: 35575 ns, Total: 536671 ns
[2020-08-12T17:53:04.980+0000][6][safepoint    ] Safepoint "Cleanup", Time since last: 1000282516 ns, Reaching safepoint: 768918 ns, At safepoint: 46100 ns, Total: 815018 ns
[2020-08-12T17:53:05.981+0000][6][safepoint    ] Safepoint "Cleanup", Time since last: 1000342928 ns, Reaching safepoint: 707832 ns, At safepoint: 44624 ns, Total: 752456 ns
[2020-08-12T17:53:06.983+0000][6][safepoint    ] Safepoint "Cleanup", Time since last: 1000336478 ns, Reaching safepoint: 841006 ns, At safepoint: 44299 ns, Total: 885305 ns
[2020-08-12T17:53:08.452+0000][6][safepoint    ] Safepoint "Cleanup", Time since last: 1468329596 ns, Reaching safepoint: 865692 ns, At safepoint: 44175 ns, Total: 909867 ns
[2020-08-12T17:53:09.453+0000][6][safepoint    ] Safepoint "Cleanup", Time since last: 1000382978 ns, Reaching safepoint: 819793 ns, At safepoint: 51512 ns, Total: 871305 ns
[2020-08-12T17:53:10.454+0000][6][safepoint    ] Safepoint "Cleanup", Time since last: 1000301516 ns, Reaching safepoint: 685556 ns, At safepoint: 54825 ns, Total: 740381 ns
[2020-08-12T17:53:11.455+0000][6][safepoint    ] Safepoint "Cleanup", Time since last: 1000396877 ns, Reaching safepoint: 458671 ns, At safepoint: 44738 ns, Total: 503409 ns
[2020-08-12T17:53:12.456+0000][6][safepoint    ] Safepoint "Cleanup", Time since last: 1000350228 ns, Reaching safepoint: 642344 ns, At safepoint: 53275 ns, Total: 695619 ns
[2020-08-12T17:53:13.457+0000][6][safepoint    ] Safepoint "Cleanup", Time since last: 1000346315 ns, Reaching safepoint: 816693 ns, At safepoint: 55725 ns, Total: 872418 ns
[2020-08-12T17:53:14.458+0000][6][safepoint    ] Safepoint "Cleanup", Time since last: 1000355828 ns, Reaching safepoint: 689794 ns, At safepoint: 46924 ns, Total: 736718 ns
[2020-08-12T17:53:15.460+0000][6][safepoint    ] Safepoint "Cleanup", Time since last: 1000343679 ns, Reaching safepoint: 855217 ns, At safepoint: 44312 ns, Total: 899529 ns
[2020-08-12T17:53:16.460+0000][6][safepoint    ] Safepoint "Cleanup", Time since last: 1000266104 ns, Reaching safepoint: 356010 ns, At safepoint: 29862 ns, Total: 385872 ns
[2020-08-12T17:53:17.461+0000][6][safepoint    ] Safepoint "Cleanup", Time since last: 1000206204 ns, Reaching safepoint: 695119 ns, At safepoint: 34675 ns, Total: 729794 ns
[2020-08-12T17:53:18.653+0000][6][safepoint    ] Safepoint "Cleanup", Time since last: 1190987618 ns, Reaching safepoint: 1058765 ns, At safepoint: 50212 ns, Total: 1108977 ns
[2020-08-12T17:53:19.654+0000][6][safepoint    ] Safepoint "Cleanup", Time since last: 1000310729 ns, Reaching safepoint: 737831 ns, At safepoint: 44612 ns, Total: 782443 ns
[2020-08-12T17:53:20.656+0000][6][safepoint    ] Safepoint "Cleanup", Time since last: 1000343329 ns, Reaching safepoint: 866817 ns, At safepoint: 44012 ns, Total: 910829 ns
[2020-08-12T17:53:21.656+0000][6][safepoint    ] Safepoint "Cleanup", Time since last: 1000308916 ns, Reaching safepoint: 410747 ns, At safepoint: 20524 ns, Total: 431271 ns
[2020-08-12T17:53:22.657+0000][6][safepoint    ] Safepoint "Cleanup", Time since last: 1000261005 ns, Reaching safepoint: 691044 ns, At safepoint: 54887 ns, Total: 745931 ns
[2020-08-12T17:53:23.659+0000][6][safepoint    ] Safepoint "Cleanup", Time since last: 1000345402 ns, Reaching safepoint: 972329 ns, At safepoint: 62700 ns, Total: 1035029 ns
[2020-08-12T17:53:24.660+0000][6][safepoint    ] Safepoint "Cleanup", Time since last: 1000407115 ns, Reaching safepoint: 874755 ns, At safepoint: 44175 ns, Total: 918930 ns
[2020-08-12T17:53:25.661+0000][6][safepoint    ] Safepoint "Cleanup", Time since last: 1000359678 ns, Reaching safepoint: 880642 ns, At safepoint: 44462 ns, Total: 925104 ns
[2020-08-12T17:53:26.662+0000][6][safepoint    ] Safepoint "Cleanup", Time since last: 1000348053 ns, Reaching safepoint: 550383 ns, At safepoint: 44762 ns, Total: 595145 ns
[2020-08-12T17:53:28.606+0000][6][safepoint    ] Safepoint "Cleanup", Time since last: 1943125004 ns, Reaching safepoint: 885980 ns, At safepoint: 44299 ns, Total: 930279 ns
[2020-08-12T17:53:30.013+0000][6][safepoint    ] Safepoint "Cleanup", Time since last: 1405783587 ns, Reaching safepoint: 844742 ns, At safepoint: 44487 ns, Total: 889229 ns
[2020-08-12T17:53:31.014+0000][6][safepoint    ] Safepoint "Cleanup", Time since last: 1000346366 ns, Reaching safepoint: 790406 ns, At safepoint: 58587 ns, Total: 848993 ns
[2020-08-12T17:53:32.015+0000][6][safepoint    ] Safepoint "Cleanup", Time since last: 1000344853 ns, Reaching safepoint: 698331 ns, At safepoint: 54600 ns, Total: 752931 ns
[2020-08-12T17:53:33.016+0000][6][safepoint    ] Safepoint "Cleanup", Time since last: 1000341553 ns, Reaching safepoint: 483646 ns, At safepoint: 47074 ns, Total: 530720 ns
[2020-08-12T17:53:34.017+0000][6][safepoint    ] Safepoint "Cleanup", Time since last: 1000320641 ns, Reaching safepoint: 247548 ns, At safepoint: 12137 ns, Total: 259685 ns
[2020-08-12T17:53:35.017+0000][6][safepoint    ] Safepoint "Cleanup", Time since last: 1000209980 ns, Reaching safepoint: 320834 ns, At safepoint: 12513 ns, Total: 333347 ns
[2020-08-12T17:53:36.701+0000][6][safepoint    ] Safepoint "Cleanup", Time since last: 1682729617 ns, Reaching safepoint: 511733 ns, At safepoint: 44412 ns, Total: 556145 ns
[2020-08-12T17:53:38.678+0000][6][safepoint    ] Safepoint "Cleanup", Time since last: 1976417766 ns, Reaching safepoint: 904855 ns, At safepoint: 53312 ns, Total: 958167 ns
[2020-08-12T17:53:39.679+0000][6][safepoint    ] Safepoint "Cleanup", Time since last: 1000327804 ns, Reaching safepoint: 871217 ns, At safepoint: 44362 ns, Total: 915579 ns
[2020-08-12T17:53:40.680+0000][6][safepoint    ] Safepoint "Cleanup", Time since last: 1000360340 ns, Reaching safepoint: 689682 ns, At safepoint: 46237 ns, Total: 735919 ns
[2020-08-12T17:53:41.681+0000][6][safepoint    ] Safepoint "Cleanup", Time since last: 1000285741 ns, Reaching safepoint: 333647 ns, At safepoint: 15675 ns, Total: 349322 ns
[2020-08-12T17:53:42.682+0000][6][safepoint    ] Safepoint "Cleanup", Time since last: 1000253617 ns, Reaching safepoint: 878605 ns, At safepoint: 44737 ns, Total: 923342 ns
[2020-08-12T17:53:43.684+0000][6][safepoint    ] Safepoint "Cleanup", Time since last: 1000315041 ns, Reaching safepoint: 995403 ns, At safepoint: 44013 ns, Total: 1039416 ns
