[2020-08-12T14:18:41.112+0000][6][gc,heap] Heap region size: 1M
[2020-08-12T14:18:41.112+0000][6][gc,heap,coops] Heap address: 0x00000000c0000000, size: 1024 MB, Compressed Oops mode: 32-bit
[2020-08-12T14:18:53.662+0000][6][gc           ] Using G1
[2020-08-12T14:18:53.905+0000][6][gc,cds       ] Mark closed archive regions in map: [0x00000000fff00000, 0x00000000fff7eff8]
[2020-08-12T14:18:53.905+0000][6][gc,cds       ] Mark open archive regions in map: [0x00000000ffe00000, 0x00000000ffe51ff8]
[2020-08-12T14:18:57.806+0000][6][gc           ] Periodic GC disabled
[2020-08-12T14:18:59.239+0000][6][safepoint    ] Safepoint "Cleanup", Time since last: 4051534608 ns, Reaching safepoint: 194818451 ns, At safepoint: 41150 ns, Total: 194859601 ns
[2020-08-12T14:19:00.903+0000][6][safepoint    ] Safepoint "Cleanup", Time since last: 1661295403 ns, Reaching safepoint: 2274768 ns, At safepoint: 16400 ns, Total: 2291168 ns
[2020-08-12T14:19:01.903+0000][6][safepoint    ] Safepoint "Cleanup", Time since last: 1000188289 ns, Reaching safepoint: 166473 ns, At safepoint: 10075 ns, Total: 176548 ns
[2020-08-12T14:19:03.277+0000][6][safepoint    ] Safepoint "Cleanup", Time since last: 1319608089 ns, Reaching safepoint: 54498343 ns, At safepoint: 19587 ns, Total: 54517930 ns
[2020-08-12T14:19:04.278+0000][6][safepoint    ] Safepoint "Cleanup", Time since last: 1000200664 ns, Reaching safepoint: 187749 ns, At safepoint: 8600 ns, Total: 196349 ns
[2020-08-12T14:19:05.278+0000][6][safepoint    ] Safepoint "Cleanup", Time since last: 1000305963 ns, Reaching safepoint: 224736 ns, At safepoint: 10949 ns, Total: 235685 ns
[2020-08-12T14:19:06.441+0000][6][safepoint    ] Safepoint "Cleanup", Time since last: 1162595491 ns, Reaching safepoint: 219948 ns, At safepoint: 9462 ns, Total: 229410 ns
[2020-08-12T14:19:08.093+0000][6][safepoint    ] Safepoint "Cleanup", Time since last: 1506793833 ns, Reaching safepoint: 143771853 ns, At safepoint: 1601148 ns, Total: 145373001 ns
[2020-08-12T14:19:09.102+0000][6][safepoint    ] Safepoint "Cleanup", Time since last: 1000165227 ns, Reaching safepoint: 8597174 ns, At safepoint: 11463 ns, Total: 8608637 ns
[2020-08-12T14:19:10.109+0000][6][safepoint    ] Safepoint "Cleanup", Time since last: 1000176652 ns, Reaching safepoint: 6603854 ns, At safepoint: 19424 ns, Total: 6623278 ns
[2020-08-12T14:19:11.970+0000][6][safepoint    ] Safepoint "Cleanup", Time since last: 1859045529 ns, Reaching safepoint: 2291230 ns, At safepoint: 19437 ns, Total: 2310667 ns
[2020-08-12T14:19:13.220+0000][6][gc,start     ] GC(0) Pause Young (Normal) (G1 Evacuation Pause)
[2020-08-12T14:19:13.232+0000][6][gc,task      ] GC(0) Using 2 workers of 2 for evacuation
[2020-08-12T14:19:13.233+0000][6][gc,age       ] GC(0) Desired survivor size 3670016 bytes, new threshold 15 (max threshold 15)
[2020-08-12T14:19:13.268+0000][6][gc,age       ] GC(0) Age table with threshold 15 (max threshold 15)
[2020-08-12T14:19:13.268+0000][6][gc,age       ] GC(0) - age   1:    4866592 bytes,    4866592 total
[2020-08-12T14:19:13.268+0000][6][gc,phases    ] GC(0)   Pre Evacuate Collection Set: 0.5ms
[2020-08-12T14:19:13.268+0000][6][gc,phases    ] GC(0)   Merge Heap Roots: 0.2ms
[2020-08-12T14:19:13.268+0000][6][gc,phases    ] GC(0)   Evacuate Collection Set: 31.9ms
[2020-08-12T14:19:13.268+0000][6][gc,phases    ] GC(0)   Post Evacuate Collection Set: 2.1ms
[2020-08-12T14:19:13.269+0000][6][gc,phases    ] GC(0)   Other: 21.0ms
[2020-08-12T14:19:13.269+0000][6][gc,heap      ] GC(0) Eden regions: 51->0(46)
[2020-08-12T14:19:13.269+0000][6][gc,heap      ] GC(0) Survivor regions: 0->5(7)
[2020-08-12T14:19:13.269+0000][6][gc,heap      ] GC(0) Old regions: 0->0
[2020-08-12T14:19:13.269+0000][6][gc,heap      ] GC(0) Archive regions: 2->2
[2020-08-12T14:19:13.269+0000][6][gc,heap      ] GC(0) Humongous regions: 1->1
[2020-08-12T14:19:13.269+0000][6][gc,metaspace ] GC(0) Metaspace: 11601K(12416K)->11601K(12416K) NonClass: 10177K(10752K)->10177K(10752K) Class: 1424K(1664K)->1424K(1664K)
[2020-08-12T14:19:13.269+0000][6][gc           ] GC(0) Pause Young (Normal) (G1 Evacuation Pause) 52M->6M(1024M) 49.028ms
[2020-08-12T14:19:13.269+0000][6][gc,cpu       ] GC(0) User=0.03s Sys=0.00s Real=0.05s
[2020-08-12T14:19:13.269+0000][6][safepoint    ] Safepoint "G1CollectForAllocation", Time since last: 1195982395 ns, Reaching safepoint: 2177181 ns, At safepoint: 100379175 ns, Total: 102556356 ns
[2020-08-12T14:19:14.437+0000][6][safepoint    ] Safepoint "Cleanup", Time since last: 1159758002 ns, Reaching safepoint: 8414601 ns, At safepoint: 27900 ns, Total: 8442501 ns
[2020-08-12T14:19:15.440+0000][6][safepoint    ] Safepoint "Cleanup", Time since last: 1000216039 ns, Reaching safepoint: 2350254 ns, At safepoint: 24025 ns, Total: 2374279 ns
[2020-08-12T14:19:16.440+0000][6][safepoint    ] Safepoint "Cleanup", Time since last: 1000227251 ns, Reaching safepoint: 303072 ns, At safepoint: 29313 ns, Total: 332385 ns
[2020-08-12T14:19:17.792+0000][6][safepoint    ] Safepoint "Cleanup", Time since last: 1351731229 ns, Reaching safepoint: 297610 ns, At safepoint: 19950 ns, Total: 317560 ns
[2020-08-12T14:19:18.793+0000][6][safepoint    ] Safepoint "Cleanup", Time since last: 1000306901 ns, Reaching safepoint: 207860 ns, At safepoint: 10650 ns, Total: 218510 ns
[2020-08-12T14:19:19.794+0000][6][safepoint    ] Safepoint "Cleanup", Time since last: 1000250326 ns, Reaching safepoint: 587408 ns, At safepoint: 11562 ns, Total: 598970 ns
[2020-08-12T14:19:20.794+0000][6][safepoint    ] Safepoint "Cleanup", Time since last: 1000451437 ns, Reaching safepoint: 281210 ns, At safepoint: 10500 ns, Total: 291710 ns
[2020-08-12T14:19:21.795+0000][6][safepoint    ] Safepoint "Cleanup", Time since last: 1000181590 ns, Reaching safepoint: 230072 ns, At safepoint: 16413 ns, Total: 246485 ns
[2020-08-12T14:19:22.795+0000][6][safepoint    ] Safepoint "Cleanup", Time since last: 1000209339 ns, Reaching safepoint: 167499 ns, At safepoint: 9212 ns, Total: 176711 ns
[2020-08-12T14:19:23.382+0000][6][gc,start     ] GC(1) Pause Young (Normal) (G1 Evacuation Pause)
[2020-08-12T14:19:23.382+0000][6][gc,task      ] GC(1) Using 2 workers of 2 for evacuation
[2020-08-12T14:19:23.382+0000][6][gc,age       ] GC(1) Desired survivor size 3670016 bytes, new threshold 1 (max threshold 15)
[2020-08-12T14:19:23.639+0000][6][gc,age       ] GC(1) Age table with threshold 1 (max threshold 15)
[2020-08-12T14:19:23.639+0000][6][gc,age       ] GC(1) - age   1:    2270160 bytes,    2270160 total
[2020-08-12T14:19:23.639+0000][6][gc,mmu       ] GC(1) MMU target violated: 201.0ms (200.0ms/201.0ms)
[2020-08-12T14:19:23.639+0000][6][gc,phases    ] GC(1)   Pre Evacuate Collection Set: 0.5ms
[2020-08-12T14:19:23.639+0000][6][gc,phases    ] GC(1)   Merge Heap Roots: 0.1ms
[2020-08-12T14:19:23.639+0000][6][gc,phases    ] GC(1)   Evacuate Collection Set: 219.0ms
[2020-08-12T14:19:23.639+0000][6][gc,phases    ] GC(1)   Post Evacuate Collection Set: 37.1ms
[2020-08-12T14:19:23.639+0000][6][gc,phases    ] GC(1)   Other: 0.5ms
[2020-08-12T14:19:23.639+0000][6][gc,heap      ] GC(1) Eden regions: 46->0(48)
[2020-08-12T14:19:23.639+0000][6][gc,heap      ] GC(1) Survivor regions: 5->3(7)
[2020-08-12T14:19:23.639+0000][6][gc,heap      ] GC(1) Old regions: 0->5
[2020-08-12T14:19:23.640+0000][6][gc,heap      ] GC(1) Archive regions: 2->2
[2020-08-12T14:19:23.640+0000][6][gc,heap      ] GC(1) Humongous regions: 1->1
[2020-08-12T14:19:23.640+0000][6][gc,metaspace ] GC(1) Metaspace: 14211K(14976K)->14211K(14976K) NonClass: 12524K(13056K)->12524K(13056K) Class: 1686K(1920K)->1686K(1920K)
[2020-08-12T14:19:23.741+0000][6][gc           ] GC(1) Pause Young (Normal) (G1 Evacuation Pause) 52M->9M(1024M) 358.878ms
[2020-08-12T14:19:23.741+0000][6][gc,cpu       ] GC(1) User=0.07s Sys=0.01s Real=0.36s
[2020-08-12T14:19:23.741+0000][6][safepoint    ] Safepoint "G1CollectForAllocation", Time since last: 586698547 ns, Reaching safepoint: 207986 ns, At safepoint: 359168035 ns, Total: 359376021 ns
[2020-08-12T14:19:24.361+0000][6][safepoint    ] Safepoint "BulkRevokeBias", Time since last: 5083555 ns, Reaching safepoint: 614003331 ns, At safepoint: 331147 ns, Total: 614334478 ns
[2020-08-12T14:19:25.392+0000][6][safepoint    ] Safepoint "Cleanup", Time since last: 1030667770 ns, Reaching safepoint: 209373 ns, At safepoint: 12887 ns, Total: 222260 ns
[2020-08-12T14:19:26.393+0000][6][safepoint    ] Safepoint "Cleanup", Time since last: 1000479799 ns, Reaching safepoint: 439171 ns, At safepoint: 34050 ns, Total: 473221 ns
[2020-08-12T14:19:27.406+0000][6][safepoint    ] Safepoint "Cleanup", Time since last: 1000381163 ns, Reaching safepoint: 12511289 ns, At safepoint: 45962 ns, Total: 12557251 ns
[2020-08-12T14:19:28.406+0000][6][safepoint    ] Safepoint "Cleanup", Time since last: 1000300226 ns, Reaching safepoint: 262373 ns, At safepoint: 15000 ns, Total: 277373 ns
[2020-08-12T14:19:29.407+0000][6][safepoint    ] Safepoint "Cleanup", Time since last: 1000163614 ns, Reaching safepoint: 251335 ns, At safepoint: 16288 ns, Total: 267623 ns
[2020-08-12T14:19:30.407+0000][6][safepoint    ] Safepoint "Cleanup", Time since last: 1000225489 ns, Reaching safepoint: 200836 ns, At safepoint: 9699 ns, Total: 210535 ns
[2020-08-12T14:19:31.437+0000][6][safepoint    ] Safepoint "Cleanup", Time since last: 1000196465 ns, Reaching safepoint: 29688737 ns, At safepoint: 18512 ns, Total: 29707249 ns
[2020-08-12T14:19:33.438+0000][6][safepoint    ] Safepoint "Cleanup", Time since last: 2000869600 ns, Reaching safepoint: 175623 ns, At safepoint: 9388 ns, Total: 185011 ns
[2020-08-12T14:19:34.399+0000][6][gc,start     ] GC(2) Pause Young (Normal) (G1 Evacuation Pause)
[2020-08-12T14:19:34.399+0000][6][gc,task      ] GC(2) Using 2 workers of 2 for evacuation
[2020-08-12T14:19:34.399+0000][6][gc,age       ] GC(2) Desired survivor size 3670016 bytes, new threshold 15 (max threshold 15)
[2020-08-12T14:19:34.466+0000][6][gc,age       ] GC(2) Age table with threshold 15 (max threshold 15)
[2020-08-12T14:19:34.466+0000][6][gc,age       ] GC(2) - age   1:    3137488 bytes,    3137488 total
[2020-08-12T14:19:34.466+0000][6][gc,age       ] GC(2) - age   2:    1657592 bytes,    4795080 total
[2020-08-12T14:19:34.467+0000][6][gc,phases    ] GC(2)   Pre Evacuate Collection Set: 0.4ms
[2020-08-12T14:19:34.467+0000][6][gc,phases    ] GC(2)   Merge Heap Roots: 0.2ms
[2020-08-12T14:19:34.467+0000][6][gc,phases    ] GC(2)   Evacuate Collection Set: 65.0ms
[2020-08-12T14:19:34.467+0000][6][gc,phases    ] GC(2)   Post Evacuate Collection Set: 1.4ms
[2020-08-12T14:19:34.467+0000][6][gc,phases    ] GC(2)   Other: 0.4ms
[2020-08-12T14:19:34.467+0000][6][gc,heap      ] GC(2) Eden regions: 48->0(46)
[2020-08-12T14:19:34.467+0000][6][gc,heap      ] GC(2) Survivor regions: 3->5(7)
[2020-08-12T14:19:34.467+0000][6][gc,heap      ] GC(2) Old regions: 5->5
[2020-08-12T14:19:34.467+0000][6][gc,heap      ] GC(2) Archive regions: 2->2
[2020-08-12T14:19:34.467+0000][6][gc,heap      ] GC(2) Humongous regions: 2->1
[2020-08-12T14:19:34.467+0000][6][gc,metaspace ] GC(2) Metaspace: 17100K(18048K)->17100K(18048K) NonClass: 14999K(15616K)->14999K(15616K) Class: 2100K(2432K)->2100K(2432K)
[2020-08-12T14:19:34.467+0000][6][gc           ] GC(2) Pause Young (Normal) (G1 Evacuation Pause) 58M->11M(1024M) 67.680ms
[2020-08-12T14:19:34.467+0000][6][gc,cpu       ] GC(2) User=0.04s Sys=0.00s Real=0.07s
[2020-08-12T14:19:34.467+0000][6][safepoint    ] Safepoint "G1CollectForAllocation", Time since last: 961046060 ns, Reaching safepoint: 151649 ns, At safepoint: 67866325 ns, Total: 68017974 ns
[2020-08-12T14:19:34.593+0000][6][safepoint    ] Safepoint "BulkRevokeBias", Time since last: 121688161 ns, Reaching safepoint: 3919315 ns, At safepoint: 193473 ns, Total: 4112788 ns
[2020-08-12T14:19:34.608+0000][6][safepoint    ] Safepoint "BulkRevokeBias", Time since last: 9192169 ns, Reaching safepoint: 5975247 ns, At safepoint: 172761 ns, Total: 6148008 ns
[2020-08-12T14:19:35.609+0000][6][safepoint    ] Safepoint "Cleanup", Time since last: 1000205077 ns, Reaching safepoint: 217898 ns, At safepoint: 15862 ns, Total: 233760 ns
[2020-08-12T14:19:35.761+0000][6][gc,start     ] GC(3) Pause Young (Normal) (G1 Evacuation Pause)
[2020-08-12T14:19:35.761+0000][6][gc,task      ] GC(3) Using 2 workers of 2 for evacuation
[2020-08-12T14:19:35.761+0000][6][gc,age       ] GC(3) Desired survivor size 3670016 bytes, new threshold 2 (max threshold 15)
[2020-08-12T14:19:35.789+0000][6][gc,age       ] GC(3) Age table with threshold 2 (max threshold 15)
[2020-08-12T14:19:35.789+0000][6][gc,age       ] GC(3) - age   1:    1674616 bytes,    1674616 total
[2020-08-12T14:19:35.789+0000][6][gc,age       ] GC(3) - age   2:    2604040 bytes,    4278656 total
[2020-08-12T14:19:35.789+0000][6][gc,phases    ] GC(3)   Pre Evacuate Collection Set: 0.5ms
[2020-08-12T14:19:35.789+0000][6][gc,phases    ] GC(3)   Merge Heap Roots: 0.1ms
[2020-08-12T14:19:35.789+0000][6][gc,phases    ] GC(3)   Evacuate Collection Set: 25.8ms
[2020-08-12T14:19:35.789+0000][6][gc,phases    ] GC(3)   Post Evacuate Collection Set: 1.3ms
[2020-08-12T14:19:35.789+0000][6][gc,phases    ] GC(3)   Other: 0.6ms
[2020-08-12T14:19:35.789+0000][6][gc,heap      ] GC(3) Eden regions: 46->0(51)
[2020-08-12T14:19:35.789+0000][6][gc,heap      ] GC(3) Survivor regions: 5->5(7)
[2020-08-12T14:19:35.789+0000][6][gc,heap      ] GC(3) Old regions: 5->7
[2020-08-12T14:19:35.789+0000][6][gc,heap      ] GC(3) Archive regions: 2->2
[2020-08-12T14:19:35.789+0000][6][gc,heap      ] GC(3) Humongous regions: 1->1
[2020-08-12T14:19:35.789+0000][6][gc,metaspace ] GC(3) Metaspace: 17188K(18048K)->17188K(18048K) NonClass: 15083K(15616K)->15083K(15616K) Class: 2105K(2432K)->2105K(2432K)
[2020-08-12T14:19:35.789+0000][6][gc           ] GC(3) Pause Young (Normal) (G1 Evacuation Pause) 57M->12M(1024M) 28.525ms
[2020-08-12T14:19:35.789+0000][6][gc,cpu       ] GC(3) User=0.02s Sys=0.00s Real=0.03s
[2020-08-12T14:19:35.789+0000][6][safepoint    ] Safepoint "G1CollectForAllocation", Time since last: 152018055 ns, Reaching safepoint: 133674 ns, At safepoint: 28700309 ns, Total: 28833983 ns
[2020-08-12T14:19:36.400+0000][6][gc,start     ] GC(4) Pause Young (Normal) (G1 Evacuation Pause)
[2020-08-12T14:19:36.400+0000][6][gc,task      ] GC(4) Using 2 workers of 2 for evacuation
[2020-08-12T14:19:36.400+0000][6][gc,age       ] GC(4) Desired survivor size 3670016 bytes, new threshold 2 (max threshold 15)
[2020-08-12T14:19:36.421+0000][6][gc,age       ] GC(4) Age table with threshold 2 (max threshold 15)
[2020-08-12T14:19:36.421+0000][6][gc,age       ] GC(4) - age   1:    1578008 bytes,    1578008 total
[2020-08-12T14:19:36.421+0000][6][gc,age       ] GC(4) - age   2:      69528 bytes,    1647536 total
[2020-08-12T14:19:36.422+0000][6][gc,phases    ] GC(4)   Pre Evacuate Collection Set: 0.4ms
[2020-08-12T14:19:36.422+0000][6][gc,phases    ] GC(4)   Merge Heap Roots: 0.1ms
[2020-08-12T14:19:36.422+0000][6][gc,phases    ] GC(4)   Evacuate Collection Set: 19.7ms
[2020-08-12T14:19:36.422+0000][6][gc,phases    ] GC(4)   Post Evacuate Collection Set: 1.2ms
[2020-08-12T14:19:36.422+0000][6][gc,phases    ] GC(4)   Other: 0.5ms
[2020-08-12T14:19:36.422+0000][6][gc,heap      ] GC(4) Eden regions: 51->0(88)
[2020-08-12T14:19:36.422+0000][6][gc,heap      ] GC(4) Survivor regions: 5->2(7)
[2020-08-12T14:19:36.422+0000][6][gc,heap      ] GC(4) Old regions: 7->9
[2020-08-12T14:19:36.422+0000][6][gc,heap      ] GC(4) Archive regions: 2->2
[2020-08-12T14:19:36.422+0000][6][gc,heap      ] GC(4) Humongous regions: 1->1
[2020-08-12T14:19:36.422+0000][6][gc,metaspace ] GC(4) Metaspace: 17258K(18304K)->17258K(18304K) NonClass: 15147K(15872K)->15147K(15872K) Class: 2111K(2432K)->2111K(2432K)
[2020-08-12T14:19:36.422+0000][6][gc           ] GC(4) Pause Young (Normal) (G1 Evacuation Pause) 63M->12M(1024M) 22.190ms
[2020-08-12T14:19:36.422+0000][6][gc,cpu       ] GC(4) User=0.01s Sys=0.00s Real=0.02s
[2020-08-12T14:19:36.422+0000][6][safepoint    ] Safepoint "G1CollectForAllocation", Time since last: 609976466 ns, Reaching safepoint: 272010 ns, At safepoint: 22368765 ns, Total: 22640775 ns
[2020-08-12T14:19:37.905+0000][6][gc,start     ] GC(5) Pause Young (Normal) (G1 Evacuation Pause)
[2020-08-12T14:19:37.905+0000][6][gc,task      ] GC(5) Using 2 workers of 2 for evacuation
[2020-08-12T14:19:37.905+0000][6][gc,age       ] GC(5) Desired survivor size 6291456 bytes, new threshold 15 (max threshold 15)
[2020-08-12T14:19:37.911+0000][6][gc,age       ] GC(5) Age table with threshold 15 (max threshold 15)
[2020-08-12T14:19:37.911+0000][6][gc,age       ] GC(5) - age   1:    1146008 bytes,    1146008 total
[2020-08-12T14:19:37.911+0000][6][gc,age       ] GC(5) - age   2:     293640 bytes,    1439648 total
[2020-08-12T14:19:37.911+0000][6][gc,age       ] GC(5) - age   3:      69464 bytes,    1509112 total
[2020-08-12T14:19:37.912+0000][6][gc,phases    ] GC(5)   Pre Evacuate Collection Set: 0.4ms
[2020-08-12T14:19:37.912+0000][6][gc,phases    ] GC(5)   Merge Heap Roots: 0.1ms
[2020-08-12T14:19:37.912+0000][6][gc,phases    ] GC(5)   Evacuate Collection Set: 4.5ms
[2020-08-12T14:19:37.912+0000][6][gc,phases    ] GC(5)   Post Evacuate Collection Set: 1.2ms
[2020-08-12T14:19:37.912+0000][6][gc,phases    ] GC(5)   Other: 0.5ms
[2020-08-12T14:19:37.912+0000][6][gc,heap      ] GC(5) Eden regions: 88->0(612)
[2020-08-12T14:19:37.912+0000][6][gc,heap      ] GC(5) Survivor regions: 2->2(12)
[2020-08-12T14:19:37.912+0000][6][gc,heap      ] GC(5) Old regions: 9->9
[2020-08-12T14:19:37.912+0000][6][gc,heap      ] GC(5) Archive regions: 2->2
[2020-08-12T14:19:37.912+0000][6][gc,heap      ] GC(5) Humongous regions: 1->1
[2020-08-12T14:19:37.912+0000][6][gc,metaspace ] GC(5) Metaspace: 17351K(18304K)->17351K(18304K) NonClass: 15232K(15872K)->15232K(15872K) Class: 2119K(2432K)->2119K(2432K)
[2020-08-12T14:19:37.912+0000][6][gc           ] GC(5) Pause Young (Normal) (G1 Evacuation Pause) 100M->12M(1024M) 6.955ms
[2020-08-12T14:19:37.912+0000][6][gc,cpu       ] GC(5) User=0.00s Sys=0.00s Real=0.00s
[2020-08-12T14:19:37.912+0000][6][safepoint    ] Safepoint "G1CollectForAllocation", Time since last: 1470118157 ns, Reaching safepoint: 12681325 ns, At safepoint: 7186024 ns, Total: 19867349 ns
[2020-08-12T14:19:37.920+0000][6][safepoint    ] Safepoint "BulkRevokeBias", Time since last: 8080504 ns, Reaching safepoint: 252735 ns, At safepoint: 146761 ns, Total: 399496 ns
[2020-08-12T14:19:38.984+0000][6][safepoint    ] Safepoint "Cleanup", Time since last: 1053844215 ns, Reaching safepoint: 9733564 ns, At safepoint: 19462 ns, Total: 9753026 ns
[2020-08-12T14:19:40.690+0000][6][safepoint    ] Safepoint "Cleanup", Time since last: 1706084120 ns, Reaching safepoint: 232823 ns, At safepoint: 14837 ns, Total: 247660 ns
[2020-08-12T14:19:41.282+0000][6][gc,heap,exit ] Heap
[2020-08-12T14:19:41.282+0000][6][gc,heap,exit ]  garbage-first heap   total 1048576K, used 181659K [0x00000000c0000000, 0x0000000100000000)
[2020-08-12T14:19:41.282+0000][6][gc,heap,exit ]   region size 1024K, 169 young (173056K), 2 survivors (2048K)
[2020-08-12T14:19:41.282+0000][6][gc,heap,exit ]  Metaspace       used 18150K, capacity 19033K, committed 19200K, reserved 1067008K
[2020-08-12T14:19:41.282+0000][6][gc,heap,exit ]   class space    used 2223K, capacity 2525K, committed 2560K, reserved 1048576K
