2020/07/21 21:39:56 [error] 6#0: *1 open() "/etc/nginx/html/favicon.ico" failed (2: No such file or directory), client: 192.168.2.230, server: localhost, request: "GET /favicon.ico HTTP/1.1", host: "192.168.1.2", referrer: "http://192.168.1.2/"
2020/07/21 21:41:26 [error] 6#0: *3 open() "/etc/nginx/html/index.php" failed (2: No such file or directory), client: 192.168.2.230, server: localhost, request: "GET /index.php HTTP/1.1", host: "192.168.1.2"
2020/07/21 21:41:29 [error] 6#0: *3 open() "/etc/nginx/html/index.php" failed (2: No such file or directory), client: 192.168.2.230, server: localhost, request: "GET /index.php HTTP/1.1", host: "192.168.1.2"
2020/07/21 21:41:32 [error] 6#0: *3 open() "/etc/nginx/html/index." failed (2: No such file or directory), client: 192.168.2.230, server: localhost, request: "GET /index. HTTP/1.1", host: "192.168.1.2"
2020/07/21 21:42:32 [error] 6#0: *3 open() "/etc/nginx/html/index.php" failed (2: No such file or directory), client: 192.168.2.230, server: localhost, request: "GET /index.php HTTP/1.1", host: "192.168.1.2"
2020/07/21 21:42:35 [error] 6#0: *3 open() "/etc/nginx/html/index.php" failed (2: No such file or directory), client: 192.168.2.230, server: localhost, request: "GET /index.php HTTP/1.1", host: "192.168.1.2"
2020/07/21 21:43:06 [error] 6#0: *3 open() "/etc/nginx/html/index.php" failed (2: No such file or directory), client: 192.168.2.230, server: localhost, request: "GET /index.php HTTP/1.1", host: "192.168.1.2"
2020/07/21 21:56:05 [emerg] 1#0: "server" directive is not allowed here in /etc/nginx/nginx.conf:2
2020/07/21 21:57:39 [emerg] 1#0: "server" directive is not allowed here in /etc/nginx/nginx.conf:1
2020/07/21 22:01:36 [alert] 7#0: 1024 worker_connections are not enough
2020/07/21 22:01:36 [error] 7#0: *1022 recv() failed (104: Connection reset by peer) while reading response header from upstream, client: 127.0.0.1, server: localhost, request: "GET /index.php HTTP/1.0", upstream: "http://127.0.0.1:80/index.php", host: "127.0.0.1"
2020/07/21 22:02:12 [alert] 7#0: 1024 worker_connections are not enough
2020/07/21 22:02:12 [error] 7#0: *2044 recv() failed (104: Connection reset by peer) while reading response header from upstream, client: 127.0.0.1, server: localhost, request: "GET /index.php HTTP/1.0", upstream: "http://127.0.0.1:80/index.php", host: "127.0.0.1"
2020/07/21 22:07:59 [alert] 6#0: 1024 worker_connections are not enough
2020/07/21 22:07:59 [error] 6#0: *1022 recv() failed (104: Connection reset by peer) while reading response header from upstream, client: 127.0.0.1, server: localhost, request: "GET /index.php HTTP/1.0", upstream: "http://127.0.0.1:80/index.php", host: "127.0.0.1"
2020/07/21 22:08:03 [alert] 6#0: 1024 worker_connections are not enough
2020/07/21 22:08:03 [error] 6#0: *2044 recv() failed (104: Connection reset by peer) while reading response header from upstream, client: 127.0.0.1, server: localhost, request: "GET /index.php HTTP/1.0", upstream: "http://127.0.0.1:80/index.php", host: "127.0.0.1"
2020/07/21 22:09:52 [alert] 6#0: 1024 worker_connections are not enough
2020/07/21 22:09:52 [error] 6#0: *1022 recv() failed (104: Connection reset by peer) while reading response header from upstream, client: 127.0.0.1, server: localhost, request: "GET /index.php HTTP/1.0", upstream: "http://127.0.0.1:80/index.php", host: "127.0.0.1"
2020/07/21 22:11:06 [alert] 6#0: 1024 worker_connections are not enough
2020/07/21 22:11:06 [error] 6#0: *2045 recv() failed (104: Connection reset by peer) while reading response header from upstream, client: 127.0.0.1, server: localhost, request: "GET /index.php HTTP/1.0", upstream: "http://127.0.0.1:80/index.php", host: "127.0.0.1"
2020/07/21 22:11:09 [alert] 6#0: 1024 worker_connections are not enough
2020/07/21 22:11:09 [error] 6#0: *3067 recv() failed (104: Connection reset by peer) while reading response header from upstream, client: 127.0.0.1, server: localhost, request: "GET /index.php HTTP/1.0", upstream: "http://127.0.0.1:80/index.php", host: "127.0.0.1"
2020/07/21 22:11:37 [alert] 6#0: 1024 worker_connections are not enough
2020/07/21 22:11:37 [error] 6#0: *4089 recv() failed (104: Connection reset by peer) while reading response header from upstream, client: 127.0.0.1, server: localhost, request: "GET /index.php HTTP/1.0", upstream: "http://127.0.0.1:80/index.php", host: "127.0.0.1"
2020/07/21 22:16:45 [emerg] 1#0: host not found in upstream "php" in /etc/nginx/nginx.conf:62
2020/07/21 22:37:00 [emerg] 1#0: host not found in upstream "php" in /etc/nginx/nginx.conf:62
2020/07/21 22:38:29 [emerg] 1#0: host not found in upstream "php" in /etc/nginx/nginx.conf:62
2020/07/21 22:41:07 [alert] 8#0: 1024 worker_connections are not enough
2020/07/21 22:41:07 [error] 8#0: *1022 recv() failed (104: Connection reset by peer) while reading response header from upstream, client: 127.0.0.1, server: localhost, request: "GET /index.php HTTP/1.0", upstream: "http://127.0.0.1:80/index.php", host: "127.0.0.1"
2020/07/21 22:41:08 [error] 8#0: *1 "/etc/nginx/html/index.php/index.html" is not found (2: No such file or directory), client: 192.168.2.230, server: localhost, request: "GET /index.php/ HTTP/1.1", host: "192.168.1.2"
2020/07/21 22:42:58 [alert] 7#0: 1024 worker_connections are not enough
2020/07/21 22:42:58 [error] 7#0: *1022 recv() failed (104: Connection reset by peer) while reading response header from upstream, client: 127.0.0.1, server: localhost, request: "GET /index.php HTTP/1.0", upstream: "http://127.0.0.1:80/index.php", host: "127.0.0.1"
2020/07/21 22:45:44 [alert] 7#0: 1024 worker_connections are not enough
2020/07/21 22:45:44 [error] 7#0: *2045 recv() failed (104: Connection reset by peer) while reading response header from upstream, client: 127.0.0.1, server: localhost, request: "GET /index.php HTTP/1.0", upstream: "http://127.0.0.1:80/index.php", host: "127.0.0.1"
2020/07/21 22:47:22 [error] 28#28: *1 open() "/usr/share/nginx/html/index.php" failed (2: No such file or directory), client: 192.168.2.230, server: localhost, request: "GET /index.php HTTP/1.1", host: "192.168.1.2"
2020/07/21 22:47:24 [error] 28#28: *1 open() "/usr/share/nginx/html/index.php" failed (2: No such file or directory), client: 192.168.2.230, server: localhost, request: "GET /index.php HTTP/1.1", host: "192.168.1.2"
2020/07/21 22:48:37 [emerg] 1#1: "server" directive is not allowed here in /etc/nginx/nginx.conf:3
2020/07/21 22:49:21 [emerg] 1#1: "server" directive is not allowed here in /etc/nginx/nginx.conf:3
2020/07/21 22:50:48 [emerg] 1#1: "server" directive is not allowed here in /etc/nginx/nginx.conf:1
2020/07/21 22:52:50 [emerg] 1#1: open() "/etc/nginx/mime.types" failed (2: No such file or directory) in /etc/nginx/nginx.conf:18
2020/07/21 22:54:08 [emerg] 1#1: open() "/etc/nginx/fastcgi_params" failed (2: No such file or directory) in /etc/nginx/nginx.conf:64
2020/07/21 22:55:04 [emerg] 1#1: host not found in upstream "php" in /etc/nginx/nginx.conf:61
2020/07/21 22:56:22 [emerg] 1#1: host not found in upstream "php" in /etc/nginx/nginx.conf:61
2020/07/21 22:57:40 [emerg] 1#1: host not found in upstream "php" in /etc/nginx/nginx.conf:61
2020/07/21 22:59:29 [emerg] 1#1: "server" directive is not allowed here in /etc/nginx/nginx.conf:3
2020/07/25 22:22:22 [emerg] 1#1: "server" directive is not allowed here in /etc/nginx/nginx.conf:1
2020/07/25 22:23:20 [emerg] 1#1: "server" directive is not allowed here in /etc/nginx/nginx.conf:1
2020/07/25 22:24:50 [error] 29#29: *1 open() "/usr/share/nginx/html/favicon.ico" failed (2: No such file or directory), client: 192.168.2.230, server: localhost, request: "GET /favicon.ico HTTP/1.1", host: "192.168.1.2", referrer: "http://192.168.1.2/"
2020/07/25 22:24:57 [error] 29#29: *1 open() "/usr/share/nginx/html/info.php" failed (2: No such file or directory), client: 192.168.2.230, server: localhost, request: "GET /info.php HTTP/1.1", host: "192.168.1.2"
2020/07/26 15:13:11 [error] 6#0: *1 open() "/etc/nginx/html/index.php" failed (2: No such file or directory), client: 192.168.2.230, server: localhost, request: "GET /index.php HTTP/1.1", host: "192.168.1.2"
2020/07/26 15:13:13 [error] 6#0: *1 open() "/etc/nginx/html/index.php" failed (2: No such file or directory), client: 192.168.2.230, server: localhost, request: "GET /index.php HTTP/1.1", host: "192.168.1.2"
2020/07/26 15:13:14 [error] 6#0: *1 open() "/etc/nginx/html/index.php" failed (2: No such file or directory), client: 192.168.2.230, server: localhost, request: "GET /index.php HTTP/1.1", host: "192.168.1.2"
2020/07/26 20:54:44 [emerg] 1#0: "server" directive is not allowed here in /etc/nginx/nginx.conf:1
2020/07/26 21:04:30 [error] 6#0: *1 open() "/etc/nginx/html/favicon.ico" failed (2: No such file or directory), client: 192.168.2.230, server: localhost, request: "GET /favicon.ico HTTP/1.1", host: "192.168.1.2", referrer: "http://192.168.1.2/"
2020/07/26 21:04:37 [error] 6#0: *1 open() "/etc/nginx/html/info.php" failed (2: No such file or directory), client: 192.168.2.230, server: localhost, request: "GET /info.php HTTP/1.1", host: "192.168.1.2"
2020/07/26 21:04:38 [error] 6#0: *1 open() "/etc/nginx/html/info.php" failed (2: No such file or directory), client: 192.168.2.230, server: localhost, request: "GET /info.php HTTP/1.1", host: "192.168.1.2"
2020/07/26 21:06:02 [alert] 7#0: 1024 worker_connections are not enough
2020/07/26 21:06:02 [error] 7#0: *1022 recv() failed (104: Connection reset by peer) while reading response header from upstream, client: 127.0.0.1, server: localhost, request: "GET /info.php HTTP/1.0", upstream: "http://127.0.0.1:80/info.php", host: "127.0.0.1"
2020/07/26 21:06:05 [alert] 7#0: 1024 worker_connections are not enough
2020/07/26 21:06:05 [error] 7#0: *2044 recv() failed (104: Connection reset by peer) while reading response header from upstream, client: 127.0.0.1, server: localhost, request: "GET /info.php HTTP/1.0", upstream: "http://127.0.0.1:80/info.php", host: "127.0.0.1"
2020/07/26 21:06:07 [alert] 7#0: 1024 worker_connections are not enough
2020/07/26 21:06:07 [error] 7#0: *3066 recv() failed (104: Connection reset by peer) while reading response header from upstream, client: 127.0.0.1, server: localhost, request: "GET /info.php HTTP/1.0", upstream: "http://127.0.0.1:80/info.php", host: "127.0.0.1"
2020/07/26 21:07:37 [alert] 6#0: 1024 worker_connections are not enough
2020/07/26 21:07:37 [error] 6#0: *1022 recv() failed (104: Connection reset by peer) while reading response header from upstream, client: 127.0.0.1, server: localhost, request: "GET /info.php HTTP/1.0", upstream: "http://127.0.0.1:80/info.php", host: "127.0.0.1"
2020/07/26 21:07:39 [alert] 6#0: 1024 worker_connections are not enough
2020/07/26 21:07:39 [error] 6#0: *2044 recv() failed (104: Connection reset by peer) while reading response header from upstream, client: 127.0.0.1, server: localhost, request: "GET /info.php HTTP/1.0", upstream: "http://127.0.0.1:80/info.php", host: "127.0.0.1"
2020/07/26 21:08:57 [alert] 6#0: 1024 worker_connections are not enough
2020/07/26 21:08:57 [error] 6#0: *1022 recv() failed (104: Connection reset by peer) while reading response header from upstream, client: 127.0.0.1, server: localhost, request: "GET /index.php HTTP/1.0", upstream: "http://127.0.0.1:80/index.php", host: "127.0.0.1"
2020/07/26 21:10:54 [alert] 6#0: 1024 worker_connections are not enough
2020/07/26 21:10:54 [error] 6#0: *1022 recv() failed (104: Connection reset by peer) while reading response header from upstream, client: 127.0.0.1, server: localhost, request: "GET /index.php HTTP/1.0", upstream: "http://127.0.0.1:80/index.php", host: "127.0.0.1"
2020/07/26 21:12:53 [error] 6#0: *1 directory index of "/etc/nginx/html/" is forbidden, client: 192.168.2.230, server: localhost, request: "GET / HTTP/1.1", host: "192.168.1.2"
2020/07/26 21:12:54 [error] 6#0: *1 directory index of "/etc/nginx/html/" is forbidden, client: 192.168.2.230, server: localhost, request: "GET / HTTP/1.1", host: "192.168.1.2"
2020/07/26 21:12:55 [error] 6#0: *1 directory index of "/etc/nginx/html/" is forbidden, client: 192.168.2.230, server: localhost, request: "GET / HTTP/1.1", host: "192.168.1.2"
2020/07/26 21:12:55 [error] 6#0: *1 directory index of "/etc/nginx/html/" is forbidden, client: 192.168.2.230, server: localhost, request: "GET / HTTP/1.1", host: "192.168.1.2"
2020/07/26 21:13:04 [alert] 6#0: 1024 worker_connections are not enough
2020/07/26 21:13:04 [error] 6#0: *1022 recv() failed (104: Connection reset by peer) while reading response header from upstream, client: 127.0.0.1, server: localhost, request: "GET /index.php HTTP/1.0", upstream: "http://127.0.0.1:80/index.php", host: "127.0.0.1"
2020/07/26 21:13:04 [error] 6#0: *1022 open() "/etc/nginx/html/50x.html" failed (2: No such file or directory), client: 127.0.0.1, server: localhost, request: "GET /index.php HTTP/1.0", upstream: "http://127.0.0.1:80/index.php", host: "127.0.0.1"
2020/07/26 21:16:19 [error] 6#0: *1 directory index of "/var/www/" is forbidden, client: 192.168.2.230, server: localhost, request: "GET / HTTP/1.1", host: "192.168.1.2"
2020/07/26 21:16:22 [error] 6#0: *1 directory index of "/var/www/" is forbidden, client: 192.168.2.230, server: localhost, request: "GET / HTTP/1.1", host: "192.168.1.2"
2020/07/26 21:16:27 [alert] 6#0: 1024 worker_connections are not enough
2020/07/26 21:16:27 [error] 6#0: *1022 recv() failed (104: Connection reset by peer) while reading response header from upstream, client: 127.0.0.1, server: localhost, request: "GET /index.php HTTP/1.0", upstream: "http://127.0.0.1:80/index.php", host: "127.0.0.1"
2020/07/26 21:16:27 [error] 6#0: *1022 open() "/etc/nginx/html/50x.html" failed (2: No such file or directory), client: 127.0.0.1, server: localhost, request: "GET /index.php HTTP/1.0", upstream: "http://127.0.0.1:80/index.php", host: "127.0.0.1"
2020/07/26 21:17:25 [error] 7#0: *1 directory index of "/var/www/" is forbidden, client: 192.168.2.230, server: localhost, request: "GET / HTTP/1.1", host: "192.168.1.2"
2020/07/26 21:17:26 [error] 7#0: *1 directory index of "/var/www/" is forbidden, client: 192.168.2.230, server: localhost, request: "GET / HTTP/1.1", host: "192.168.1.2"
2020/07/26 21:17:30 [alert] 7#0: 1024 worker_connections are not enough
2020/07/26 21:17:30 [error] 7#0: *1022 recv() failed (104: Connection reset by peer) while reading response header from upstream, client: 127.0.0.1, server: localhost, request: "GET /index.php HTTP/1.0", upstream: "http://127.0.0.1:80/index.php", host: "127.0.0.1"
2020/07/26 21:17:34 [alert] 7#0: 1024 worker_connections are not enough
2020/07/26 21:17:34 [error] 7#0: *2044 recv() failed (104: Connection reset by peer) while reading response header from upstream, client: 127.0.0.1, server: localhost, request: "GET /index.php HTTP/1.0", upstream: "http://127.0.0.1:80/index.php", host: "127.0.0.1"
2020/07/26 21:22:51 [emerg] 1#0: unknown directive "..." in /etc/nginx/nginx.conf:5
2020/07/26 21:23:54 [emerg] 1#0: no "events" section in configuration
2020/07/26 21:27:28 [emerg] 1#0: "server" directive is not allowed here in /etc/nginx/nginx.conf:2
2020/07/26 21:32:16 [emerg] 1#0: unknown log format "main" in /etc/nginx/nginx.conf:29
2020/07/26 21:33:45 [error] 6#0: *1 directory index of "/var/www/" is forbidden, client: 192.168.2.230, server: localhost, request: "GET / HTTP/1.1", host: "192.168.1.2"
2020/07/26 21:33:52 [error] 6#0: *1 connect() failed (111: Connection refused) while connecting to upstream, client: 192.168.2.230, server: localhost, request: "GET /index.php HTTP/1.1", upstream: "fastcgi://127.0.0.1:9000", host: "192.168.1.2"
2020/07/26 21:33:55 [error] 6#0: *1 connect() failed (111: Connection refused) while connecting to upstream, client: 192.168.2.230, server: localhost, request: "GET /index.php HTTP/1.1", upstream: "fastcgi://127.0.0.1:9000", host: "192.168.1.2"
2020/07/26 21:33:58 [error] 6#0: *1 directory index of "/var/www/" is forbidden, client: 192.168.2.230, server: localhost, request: "GET / HTTP/1.1", host: "192.168.1.2"
2020/07/26 21:37:16 [error] 7#0: *1 directory index of "/var/www/" is forbidden, client: 192.168.2.230, server: localhost, request: "GET / HTTP/1.1", host: "192.168.1.2"
2020/07/26 21:37:17 [error] 7#0: *1 directory index of "/var/www/" is forbidden, client: 192.168.2.230, server: localhost, request: "GET / HTTP/1.1", host: "192.168.1.2"
2020/07/26 21:37:19 [error] 7#0: *1 directory index of "/var/www/" is forbidden, client: 192.168.2.230, server: localhost, request: "GET / HTTP/1.1", host: "192.168.1.2"
2020/07/26 21:37:19 [error] 7#0: *1 open() "/var/www/favicon.ico" failed (2: No such file or directory), client: 192.168.2.230, server: localhost, request: "GET /favicon.ico HTTP/1.1", host: "192.168.1.2", referrer: "http://192.168.1.2/"
2020/07/26 21:37:24 [error] 7#0: *1 connect() failed (111: Connection refused) while connecting to upstream, client: 192.168.2.230, server: localhost, request: "GET /index.php HTTP/1.1", upstream: "fastcgi://127.0.0.1:9000", host: "192.168.1.2"
2020/07/26 21:37:34 [error] 7#0: *1 connect() failed (111: Connection refused) while connecting to upstream, client: 192.168.2.230, server: localhost, request: "GET /var/www/index.php HTTP/1.1", upstream: "fastcgi://127.0.0.1:9000", host: "192.168.1.2"
2020/07/26 21:37:38 [error] 7#0: *1 directory index of "/var/www/" is forbidden, client: 192.168.2.230, server: localhost, request: "GET / HTTP/1.1", host: "192.168.1.2"
2020/07/26 21:45:00 [emerg] 1#0: "server" directive is not allowed here in /etc/nginx/nginx.conf:2
2020/07/26 21:46:02 [emerg] 1#0: "server" directive is not allowed here in /etc/nginx/nginx.conf:1
2020/07/26 21:48:26 [emerg] 1#0: no "events" section in configuration
2020/07/26 21:49:44 [error] 7#0: *1 "/code/index.php" is not found (2: No such file or directory), client: 192.168.2.230, server: localhost, request: "GET / HTTP/1.1", host: "192.168.1.2"
2020/07/26 21:49:47 [error] 7#0: *1 "/code/index.php" is not found (2: No such file or directory), client: 192.168.2.230, server: localhost, request: "GET / HTTP/1.1", host: "192.168.1.2"
2020/07/26 21:51:13 [emerg] 1#0: "root" directive is duplicate in /etc/nginx/nginx.conf:12
2020/07/26 21:54:51 [error] 6#0: *1 "/code/index.php" is not found (2: No such file or directory), client: 192.168.2.230, server: localhost, request: "GET / HTTP/1.1", host: "192.168.1.2"
2020/07/26 21:54:53 [error] 6#0: *1 "/code/index.php" is not found (2: No such file or directory), client: 192.168.2.230, server: localhost, request: "GET / HTTP/1.1", host: "192.168.1.2"
2020/07/26 21:55:02 [error] 6#0: *1 "/code/index.php" is not found (2: No such file or directory), client: 192.168.2.230, server: localhost, request: "GET / HTTP/1.1", host: "192.168.1.2"
2020/07/26 21:56:32 [error] 6#0: *1 FastCGI sent in stderr: "Primary script unknown" while reading response header from upstream, client: 192.168.2.230, server: localhost, request: "GET / HTTP/1.1", upstream: "fastcgi://172.23.0.2:9000", host: "192.168.1.2"
2020/07/26 21:56:33 [error] 6#0: *1 FastCGI sent in stderr: "Primary script unknown" while reading response header from upstream, client: 192.168.2.230, server: localhost, request: "GET / HTTP/1.1", upstream: "fastcgi://172.23.0.2:9000", host: "192.168.1.2"
2020/07/26 21:56:46 [error] 6#0: *1 FastCGI sent in stderr: "Primary script unknown" while reading response header from upstream, client: 192.168.2.230, server: localhost, request: "GET / HTTP/1.1", upstream: "fastcgi://172.23.0.2:9000", host: "192.168.1.2"
2020/07/26 21:57:54 [error] 6#0: *1 FastCGI sent in stderr: "Primary script unknown" while reading response header from upstream, client: 192.168.2.230, server: localhost, request: "GET / HTTP/1.1", upstream: "fastcgi://172.23.0.2:9000", host: "192.168.1.2"
2020/07/26 21:57:56 [error] 6#0: *1 FastCGI sent in stderr: "Primary script unknown" while reading response header from upstream, client: 192.168.2.230, server: localhost, request: "GET / HTTP/1.1", upstream: "fastcgi://172.23.0.2:9000", host: "192.168.1.2"
2020/07/26 21:57:57 [error] 6#0: *1 FastCGI sent in stderr: "Primary script unknown" while reading response header from upstream, client: 192.168.2.230, server: localhost, request: "GET / HTTP/1.1", upstream: "fastcgi://172.23.0.2:9000", host: "192.168.1.2"
2020/07/26 21:57:59 [error] 6#0: *1 FastCGI sent in stderr: "Primary script unknown" while reading response header from upstream, client: 192.168.2.230, server: localhost, request: "GET / HTTP/1.1", upstream: "fastcgi://172.23.0.2:9000", host: "192.168.1.2"
2020/07/26 21:58:00 [error] 6#0: *1 open() "/code/favicon.ico" failed (2: No such file or directory), client: 192.168.2.230, server: localhost, request: "GET /favicon.ico HTTP/1.1", host: "192.168.1.2", referrer: "http://192.168.1.2/"
2020/07/26 21:58:03 [error] 6#0: *1 FastCGI sent in stderr: "Primary script unknown" while reading response header from upstream, client: 192.168.2.230, server: localhost, request: "GET / HTTP/1.1", upstream: "fastcgi://172.23.0.2:9000", host: "192.168.1.2"
2020/07/26 21:58:20 [error] 6#0: *1 FastCGI sent in stderr: "Primary script unknown" while reading response header from upstream, client: 192.168.2.230, server: localhost, request: "GET / HTTP/1.1", upstream: "fastcgi://172.23.0.2:9000", host: "192.168.1.2"
2020/07/26 22:00:14 [error] 6#0: *1 FastCGI sent in stderr: "Primary script unknown" while reading response header from upstream, client: 192.168.2.230, server: localhost, request: "GET / HTTP/1.1", upstream: "fastcgi://172.23.0.2:9000", host: "192.168.1.2"
2020/07/26 22:00:15 [error] 6#0: *1 FastCGI sent in stderr: "Primary script unknown" while reading response header from upstream, client: 192.168.2.230, server: localhost, request: "GET / HTTP/1.1", upstream: "fastcgi://172.23.0.2:9000", host: "192.168.1.2"
2020/07/26 22:00:16 [error] 6#0: *1 FastCGI sent in stderr: "Primary script unknown" while reading response header from upstream, client: 192.168.2.230, server: localhost, request: "GET / HTTP/1.1", upstream: "fastcgi://172.23.0.2:9000", host: "192.168.1.2"
2020/07/26 22:00:16 [error] 6#0: *1 FastCGI sent in stderr: "Primary script unknown" while reading response header from upstream, client: 192.168.2.230, server: localhost, request: "GET / HTTP/1.1", upstream: "fastcgi://172.23.0.2:9000", host: "192.168.1.2"
2020/07/26 22:09:03 [error] 6#0: *1 FastCGI sent in stderr: "Primary script unknown" while reading response header from upstream, client: 192.168.2.230, server: localhost, request: "GET / HTTP/1.1", upstream: "fastcgi://172.23.0.2:9000", host: "192.168.1.2"
2020/07/26 22:12:40 [error] 6#0: *1 FastCGI sent in stderr: "Primary script unknown" while reading response header from upstream, client: 192.168.2.230, server: localhost, request: "GET / HTTP/1.1", upstream: "fastcgi://172.23.0.2:9000", host: "192.168.1.2"
2020/07/26 22:12:41 [error] 6#0: *1 FastCGI sent in stderr: "Primary script unknown" while reading response header from upstream, client: 192.168.2.230, server: localhost, request: "GET / HTTP/1.1", upstream: "fastcgi://172.23.0.2:9000", host: "192.168.1.2"
2020/07/26 22:12:42 [error] 6#0: *1 FastCGI sent in stderr: "Primary script unknown" while reading response header from upstream, client: 192.168.2.230, server: localhost, request: "GET / HTTP/1.1", upstream: "fastcgi://172.23.0.2:9000", host: "192.168.1.2"
2020/07/26 22:12:45 [error] 6#0: *1 FastCGI sent in stderr: "Primary script unknown" while reading response header from upstream, client: 192.168.2.230, server: localhost, request: "GET /index.php HTTP/1.1", upstream: "fastcgi://172.23.0.2:9000", host: "192.168.1.2"
2020/07/26 22:16:05 [error] 6#0: *1 directory index of "/var/www/" is forbidden, client: 192.168.2.230, server: localhost, request: "GET / HTTP/1.1", host: "192.168.1.2"
2020/07/26 22:16:06 [error] 6#0: *1 directory index of "/var/www/" is forbidden, client: 192.168.2.230, server: localhost, request: "GET / HTTP/1.1", host: "192.168.1.2"
2020/07/26 22:16:07 [error] 6#0: *1 directory index of "/var/www/" is forbidden, client: 192.168.2.230, server: localhost, request: "GET / HTTP/1.1", host: "192.168.1.2"
2020/07/26 22:16:07 [error] 6#0: *1 directory index of "/var/www/" is forbidden, client: 192.168.2.230, server: localhost, request: "GET / HTTP/1.1", host: "192.168.1.2"
2020/07/26 22:16:48 [error] 6#0: *1 directory index of "/var/www/" is forbidden, client: 192.168.2.230, server: localhost, request: "GET / HTTP/1.1", host: "192.168.1.2"
2020/07/26 22:21:34 [error] 7#0: *1 directory index of "/var/www/" is forbidden, client: 192.168.2.230, server: 192.168.1.2, request: "GET / HTTP/1.1", host: "192.168.1.2"
2020/07/26 22:21:47 [error] 7#0: *1 directory index of "/var/www/" is forbidden, client: 192.168.2.230, server: 192.168.1.2, request: "GET / HTTP/1.1", host: "192.168.1.2"
2020/07/26 22:24:38 [error] 7#0: *1 directory index of "/var/www/" is forbidden, client: 192.168.2.230, server: 192.168.1.2, request: "GET / HTTP/1.1", host: "192.168.1.2"
2020/07/26 22:26:30 [error] 6#0: *1 "/var/www/index.php" is not found (2: No such file or directory), client: 192.168.2.230, server: 192.168.1.2, request: "GET / HTTP/1.1", host: "192.168.1.2"
2020/07/26 22:26:31 [error] 6#0: *1 "/var/www/index.php" is not found (2: No such file or directory), client: 192.168.2.230, server: 192.168.1.2, request: "GET / HTTP/1.1", host: "192.168.1.2"
2020/07/26 22:26:32 [error] 6#0: *1 "/var/www/index.php" is not found (2: No such file or directory), client: 192.168.2.230, server: 192.168.1.2, request: "GET / HTTP/1.1", host: "192.168.1.2"
2020/07/26 22:26:32 [error] 6#0: *1 "/var/www/index.php" is not found (2: No such file or directory), client: 192.168.2.230, server: 192.168.1.2, request: "GET / HTTP/1.1", host: "192.168.1.2"
2020/07/26 22:26:34 [error] 6#0: *1 "/var/www/index.php" is not found (2: No such file or directory), client: 192.168.2.230, server: 192.168.1.2, request: "GET / HTTP/1.1", host: "192.168.1.2"
2020/07/26 22:26:34 [error] 6#0: *1 "/var/www/index.php" is not found (2: No such file or directory), client: 192.168.2.230, server: 192.168.1.2, request: "GET / HTTP/1.1", host: "192.168.1.2"
2020/07/26 22:27:17 [error] 7#0: *1 "/var/www/index.php" is not found (2: No such file or directory), client: 192.168.2.230, server: 192.168.1.2, request: "GET / HTTP/1.1", host: "192.168.1.2"
2020/07/26 22:27:18 [error] 7#0: *1 "/var/www/index.php" is not found (2: No such file or directory), client: 192.168.2.230, server: 192.168.1.2, request: "GET / HTTP/1.1", host: "192.168.1.2"
2020/07/26 22:27:19 [error] 7#0: *1 "/var/www/index.php" is not found (2: No such file or directory), client: 192.168.2.230, server: 192.168.1.2, request: "GET / HTTP/1.1", host: "192.168.1.2"
2020/07/26 22:27:19 [error] 7#0: *1 "/var/www/index.php" is not found (2: No such file or directory), client: 192.168.2.230, server: 192.168.1.2, request: "GET / HTTP/1.1", host: "192.168.1.2"
2020/07/26 22:27:19 [error] 7#0: *1 "/var/www/index.php" is not found (2: No such file or directory), client: 192.168.2.230, server: 192.168.1.2, request: "GET / HTTP/1.1", host: "192.168.1.2"
2020/07/26 22:27:20 [error] 7#0: *1 "/var/www/index.php" is not found (2: No such file or directory), client: 192.168.2.230, server: 192.168.1.2, request: "GET / HTTP/1.1", host: "192.168.1.2"
2020/07/26 22:27:20 [error] 7#0: *1 "/var/www/index.php" is not found (2: No such file or directory), client: 192.168.2.230, server: 192.168.1.2, request: "GET / HTTP/1.1", host: "192.168.1.2"
2020/07/26 22:27:21 [error] 7#0: *1 "/var/www/index.php" is not found (2: No such file or directory), client: 192.168.2.230, server: 192.168.1.2, request: "GET / HTTP/1.1", host: "192.168.1.2"
2020/07/26 22:27:22 [error] 7#0: *1 "/var/www/index.php" is not found (2: No such file or directory), client: 192.168.2.230, server: 192.168.1.2, request: "GET / HTTP/1.1", host: "192.168.1.2"
2020/07/26 22:28:40 [error] 7#0: *1 "/var/www/index.php" is not found (2: No such file or directory), client: 192.168.2.230, server: localhost, request: "GET / HTTP/1.1", host: "192.168.1.2"
2020/07/26 22:28:40 [error] 7#0: *1 "/var/www/index.php" is not found (2: No such file or directory), client: 192.168.2.230, server: localhost, request: "GET / HTTP/1.1", host: "192.168.1.2"
2020/07/26 22:28:46 [error] 7#0: *1 "/var/www/index.php" is not found (2: No such file or directory), client: 192.168.2.230, server: localhost, request: "GET / HTTP/1.1", host: "192.168.1.2"
2020/07/26 22:30:08 [error] 7#0: *1 FastCGI sent in stderr: "Primary script unknown" while reading response header from upstream, client: 192.168.2.230, server: localhost, request: "GET / HTTP/1.1", upstream: "fastcgi://172.23.0.2:9000", host: "192.168.1.2"
2020/07/26 22:30:09 [error] 7#0: *1 FastCGI sent in stderr: "Primary script unknown" while reading response header from upstream, client: 192.168.2.230, server: localhost, request: "GET / HTTP/1.1", upstream: "fastcgi://172.23.0.2:9000", host: "192.168.1.2"
2020/07/26 22:30:10 [error] 7#0: *1 FastCGI sent in stderr: "Primary script unknown" while reading response header from upstream, client: 192.168.2.230, server: localhost, request: "GET / HTTP/1.1", upstream: "fastcgi://172.23.0.2:9000", host: "192.168.1.2"
